
BETA 1 ORDER 24 UPPER [ 0, 1, 2 ] LOWER [ 0, 1, 2 ]
BETA 2 ORDER 24 UPPER [ 0, 1, 2 ] LOWER [ 0, 1, 2 ]
BETA 3 ORDER 120 UPPER [ 0, 1, 2 ] LOWER [ 0, 3, 6 ]
BETA 4 ORDER 720 UPPER [ 0, 1, 2, 3, 4, 5, 6, 7, 8 ] LOWER 
[ 0, 1, 2, 3, 4, 5, 6, 7, 8 ]
BETA 5 ORDER 720 UPPER [ 0, 1, 2, 3, 4, 5, 6, 7, 8 ] LOWER 
[ 0, 1, 2, 3, 4, 5, 6, 7, 8 ]
BETA 6 ORDER 120 UPPER [ 0, 1, 2 ] LOWER [ 0, 3, 6 ]
BETA 7 ORDER 720 UPPER [ 0, 1, 2, 3, 4, 5, 6, 7, 8 ] LOWER 
[ 0, 1, 2, 3, 4, 5, 6, 7, 8 ]
BETA 8 ORDER 720 UPPER [ 0, 1, 2, 3, 4, 5, 6, 7, 8 ] LOWER 
[ 0, 1, 2, 3, 4, 5, 6, 7, 8 ]
PASS_2176_GAP cases=8 seed_order=120
Syntax warning: Unbound global variable in scripts/check_21_76.g:15
  upper2176 := Filtered([0..8],a -> [[one2176,Decode2176(a)],[zero2176,one2176\
]] in G2176);
                                                                              \
      ^^^^^
Syntax warning: Unbound global variable in scripts/check_21_76.g:16
  lower2176 := Filtered([0..8],a -> [[one2176,zero2176],[Decode2176(a),one2176\
]] in G2176);
                                                                              \
      ^^^^^
