CONTROL [ 6, 1, false ]
CONTROL [ 24, 2, false ]
CONTROL [ 24, 3, true ]
CHAIN [ [ 1296, 2889 ], 2, 16, [ 1296, 432, 48 ], 16 ]
CHAIN [ [ 1296, 2889 ], 3, 324, [ 1296 ], 324 ]
CHAIN [ [ 1296, 2890 ], 2, 16, [ 1296, 432, 48 ], 16 ]
CHAIN [ [ 1296, 2890 ], 3, 324, [ 1296 ], 324 ]
CHAIN [ [ 1296, 2891 ], 2, 16, [ 1296, 432, 48 ], 16 ]
CHAIN [ [ 1296, 2891 ], 3, 324, [ 1296 ], 324 ]
CHAIN [ [ 1296, 2892 ], 2, 16, [ 1296, 432, 144 ], 16 ]
CHAIN [ [ 1296, 2892 ], 3, 324, [ 1296 ], 324 ]
CHAIN [ [ 1296, 3081 ], 2, 16, [ 1296, 432, 144 ], 16 ]
CHAIN [ [ 1296, 3081 ], 3, 324, [ 1296 ], 324 ]
CHAIN [ [ 1296, 3082 ], 2, 16, [ 1296, 432, 144 ], 16 ]
CHAIN [ [ 1296, 3082 ], 3, 324, [ 1296 ], 324 ]
CHAIN [ [ 1296, 3083 ], 2, 16, [ 1296, 432, 144 ], 16 ]
CHAIN [ [ 1296, 3083 ], 3, 324, [ 1296 ], 324 ]
CHAIN [ [ 1296, 3084 ], 2, 16, [ 1296, 432, 144 ], 16 ]
CHAIN [ [ 1296, 3084 ], 3, 324, [ 1296 ], 324 ]
CHAIN [ [ 1296, 3085 ], 2, 16, [ 1296, 432, 144 ], 16 ]
CHAIN [ [ 1296, 3085 ], 3, 324, [ 1296 ], 324 ]
CHAIN [ [ 1296, 3086 ], 2, 16, [ 1296, 432, 144 ], 16 ]
CHAIN [ [ 1296, 3086 ], 3, 324, [ 1296 ], 324 ]
CHAIN [ [ 1944, 3453 ], 2, 8, [ 1944, 648, 216, 72 ], 8 ]
CHAIN [ [ 1944, 3453 ], 3, 486, [ 1944 ], 486 ]
CHAIN [ [ 1944, 3454 ], 2, 8, [ 1944, 648, 216, 72 ], 8 ]
CHAIN [ [ 1944, 3454 ], 3, 486, [ 1944 ], 486 ]
CHAIN [ [ 432, 734 ], 2, 16, [ 432, 144 ], 16 ]
CHAIN [ [ 432, 734 ], 3, 108, [ 432 ], 108 ]
CHAIN [ [ 648, 703 ], 2, 8, [ 648, 216, 72 ], 8 ]
CHAIN [ [ 648, 703 ], 3, 162, [ 648 ], 162 ]
CHAIN [ [ 648, 704 ], 2, 8, [ 648, 216, 72 ], 8 ]
CHAIN [ [ 648, 704 ], 3, 162, [ 648 ], 162 ]
PASS_20112_CHAINS groups=15 edges_examined=66
