GAP 4.16.1
CTBLLIB 1.3.11
NAME (2xA6).2_3
NAME 2.A10
NAME 2.A10.2
NAME Isoclinic(2.A10.2)
NAME 2.A11
NAME 2.A11.2
NAME Isoclinic(2.A11.2)
NAME 2.A12
NAME 2.A12.2
NAME Isoclinic(2.A12.2)
NAME 2.A13
NAME 2.A13.2
NAME Isoclinic(2.A13.2)
NAME 2.A14.2
NAME Isoclinic(2.A14.2)
NAME 2.A15.2
NAME 2.A16.2
NAME 2.A17.2
NAME 2.A18.2
NAME 2.A5
NAME 2.A5.2
NAME Isoclinic(2.A5.2)
NAME 2.A6
NAME 2.A6.2_1
NAME 2.A6.2_2
NAME Isoclinic(2.A6.2_2)
NAME 2.A7
NAME 2.A7.2
NAME Isoclinic(2.A7.2)
NAME 2.A8
NAME 2.A8.2
NAME Isoclinic(2.A8.2)
NAME 2.A9
NAME 2.A9.2
NAME Isoclinic(2.A9.2)
NAME 2F4(2)'M7
NAME 3.A6
NAME 3.A6.2^2
NAME 3.A6.2_1
NAME 3.A6.2_2
NAME 3.A6.2_3
NAME 3.A7
NAME 3.A7.2
NAME Isoclinic(2.A6x2)
NAME 4.A6.2_3
NAME 6.A6
NAME 6.A6.2_1
NAME 6.A6.2_2
NAME Isoclinic(6.A6.2_2)
NAME 6.A7
NAME 6.A7.2
NAME Isoclinic(6.A7.2)
NAME A10
NAME A10.2
NAME A11
NAME A11.2
NAME A12
NAME A12.2
NAME A13
NAME A13.2
NAME A14
NAME A5
NAME A6M2
NAME A5.2
NAME A6.2_1M3
NAME A6
NAME A6.2^2
NAME U4(3).2_3M10
NAME A6.2_1
NAME A6.2_2
NAME A6.2_3
NAME A7
NAME A7.2
NAME A8
NAME A8.2
NAME A9
NAME A9.2
NAME M12M4
NAME A14.2
NAME A15.2
NAME A15
NAME A16.2
NAME A16
NAME A17
NAME A17.2
NAME A18
NAME A18.2
NAME A19
NAME A19.2
NAME Isoclinic(6.A6x2)
NAME Isoclinic(3.A6.2_3x2)
NAME 12.A6.2_3
NAME 2.F4(2)
NAME 2.F4(2).2
NAME Isoclinic(2.F4(2).2)
NAME Isoclinic(2x2.F4(2).2)
NAME 2.(2xF4(2)).2
NAME 2.G2(4)
NAME 2.G2(4).2
NAME Isoclinic(2.G2(4).2)
NAME 2.Sz(8)
NAME 2^2.Sz(8)
NAME 2^2.Sz(8).3
NAME 3.G2(3)
NAME 3.G2(3).2
NAME F4(2)
NAME F4(2).2
NAME G2(3)
NAME G2(3).2
NAME G2(4)
NAME G2(4).2
NAME G2(5)
NAME G2(7)
NAME R(27)
NAME R(27).3
NAME Sz(32)
NAME Sz(32).5
NAME Sz(8)
NAME Sz(8).3
NAME 3^(1+10):U5(2):2
NAME 3^5:U4(2)
NAME 3^7:O7(3)
NAME 2^7:S6(2)
NAME 2^8:O8+(2)
NAME 2^8:S8(2)
NAME 2^(1+22).Co2
NAME 2.Co1
NAME 2.J2
NAME 2.J2.2
NAME Isoclinic(2.J2.2)
NAME 3.J3
NAME 3.J3.2
NAME Co1
NAME Co2
NAME Co3
NAME J1
NAME J2
NAME J2.2
NAME J3
NAME J3.2
NAME J4
NAME NDG(12.M22,3^2)
NAME 12.M22N3
NAME 3xIsoclinic(2x5:8)
NAME 12x7:3
NAME 12x11:5
NAME 3x2.M22N2
NAME 2x3.(A4x3):2
NAME (GL(2,3)x2F4(2)').2
NAME D8x2F4(2)'.2
NAME QD16.2
NAME (QD16x2F4(2)').2
NAME 2.(3^2:D8xU4(3).2^2).2
NAME 2xBN5
NAME (5^2:4S4x2.A5):2
NAME 2.BN7
NAME (3^2x2).U4(3).D8
NAME NDG(2.Co1,3^3)
NAME NDG(Co1,5^2)
NAME NDG(2.Co1,5^2)
NAME 2xCo1N3
NAME 2xCo1N5
NAME 2x5^(1+2):GL2(5)
NAME 2x7^2:(3x2A4)
NAME 2.HS.2N3
NAME 2.HSN2
NAME 2.HS.2N2
NAME NDG(2.HS,Q8)
NAME NDG(2.HS,Q8).2
NAME 5^(1+2):8:4
NAME 2.J2N2
NAME 2.J2N3
NAME 2.J2.2N5
NAME 2.M12N2
NAME 2xM12N3
NAME 2.RuN2
NAME 5^(1+2):(4x4):4
NAME 3.F3+N5
NAME 3.F3+.2N5
NAME 3xF3+N7
NAME 3.F3+.2N7
NAME (A4x11:5).2
NAME 3x(A4x11:5).2
NAME (3^(1+2)_+:2x13:6).2
NAME 3x17:16
NAME 3x23:11
NAME 3x29:14
NAME 3x(D10xA9).2
NAME 3x(3xA6):2_2
NAME 3.(3xM10):2
NAME 3xJ3N2
NAME 3^3.3^(1+2):8
NAME 3^3.3^(1+2):8.2
NAME 3.McL.2N5
NAME 3xMcLN2
NAME (3xMcLN2).2
NAME McL.2N3
NAME 3.McL.2N3
NAME 3xONN2
NAME ON.2N2
NAME (3xONN2).2
NAME NDG(ON,D8)
NAME NDG(3.ON,D8)
NAME NDG(ON,D8).2
NAME 3x(4x2^2).2^4.S3
NAME 3x(4^2x2).2^3.S3
NAME 3.ON.2N3
NAME 3.ON.2M4
NAME 3.ON.2N7
NAME 2.M22N2
NAME 4.M22N2
NAME 3x4.M22N2
NAME Isoclinic(2x(2.A4x3).2)
NAME Isoclinic(4x3^2:Q8)
NAME Isoclinic(2x5:8)
NAME 4x7:3
NAME 4x11:5
NAME 2x11:10
NAME 6.A6N2
NAME 2^6.2^5.S6
NAME 2^10.2^3.L3(2)
NAME 2^(5+8):(2xA6)
NAME (2x2^(1+8)_+).2.2^4.(S3xS3)
NAME 2^(5+8):(S3xS4)
NAME 2^(5+8):(S3xD8)
NAME 2^10.2^4.S5
NAME 2^(5+8):(2xS4)
NAME 2^10.2^2.2^2.S4
NAME 2^10.2^3.S4
NAME 2^(5+8):(S3x3.A6)
NAME 2^(5+8):(2x3.A6)
NAME S3x6_1.U4(3).2_2
NAME 2x3^5:U4(2):2
NAME 2x3^5.3^3.(2xS4)
NAME 2x(3^(1+6).3)a.2.S4
NAME 2x(3^(1+6).3)b.2.S4
NAME 2x3^5.3^(1+2).2.S4
NAME 2xFi22N3
NAME 2xS3x7:6
NAME 2^2x11:5
NAME 2x13:6
NAME 3.Fi22N3
NAME 3x2^6:S6(2)
NAME S3x3_1.U4(3).2_2
NAME 3.3^(1+6):2^(3+4):3^2:2
NAME 3x2^6.2^5.S6
NAME 3x2^10.2^3.L3(2)
NAME 3x2^10.2^4.S5
NAME 3x2^(5+8):(S3xS4)
NAME 3x(2x2^(1+8)_+).2.2^4.(S3xS3)
NAME 3x2^10.2^3.S4
NAME 3x2^10.2^2.2^2.S4
NAME 3x2^(5+8):(S3xD8)
NAME 3x2^(5+8):(2xS4)
NAME 3xFi22N2
NAME 3x5:4xS5
NAME 6x5:4xS5
NAME 3xFi22N5
NAME 3xS3x7:6
NAME 6xS3x7:6
NAME 6x11:5
NAME 2x6x11:5
NAME 2x3.Fi22N3
NAME 2xFi22N5
NAME 6xFi22N5
NAME 3x5^2:(4xS3)
NAME 3x2.J2.2N5
NAME D8xS6(2)
NAME NDG(He.2,3^2)
NAME NDG(HN,3^2)
NAME NDG(HN.2,3^2)
NAME HNN3
NAME HN.2N3
NAME 3^4.(3xSL(2,3)).2
NAME HNN5
NAME NDG(J4,3^2)
NAME (3^(1+2):2^2xG2(3)):2
NAME (3^2:2x13:6).2
NAME (D10xA9).2
NAME MN5
NAME (11:5xM12):2
NAME 2F4(2)'N2
NAME 2F4(2)'.2N2
NAME 2^(3+1+3).L3(2)
NAME 2^(2+2+4).(S3xS3)
NAME NRS(M24,2^(2+2+4)a)
NAME NRS(M24,2^(4+4))
NAME [2^9].S3a
NAME NRS(M24,[2^9]a)
NAME [2^9].S3b
NAME NRS(M24,[2^9]b)
NAME L3(2)xS3
NAME 3x2^(1+4)_-:A5
NAME 3x2^(2+4):(3xS3)
NAME 3x11:5
NAME 6x7:3
NAME G2(3).2N2
NAME 3^2.(3x3^(1+2)+):2^2
NAME 3^3.(3x3^(1+2)+):2^2
NAME U3(5).2N2
NAME (D10xU3(5)N2).2
NAME 5:4xU3(5).2N2
NAME 2^(1+8)_+.(2xA5)
NAME 2^(1+8)_+.(A4xA5)
NAME 2^(1+8)_+.(A4xA4).2
NAME (D8xA6).2^2
NAME (7:3xA5):2
NAME 2^(2+1+2+4+2).(3xS4)
NAME D8xU3(3).2
NAME (Q16xU3(3)).2
NAME 3x4^2:D12
NAME 3xM12N2
NAME 3x7:6
NAME 3x13:6
NAME 6x13:6
NAME S3x13:6
NAME 5:4xS7
NAME S3xA5
NAME G2(4)N2
NAME 3^(1+2):8:4
NAME S3x2.A5
NAME 2.A5.2xS3
NAME 2.D10xA5
NAME (7:3x3):4
NAME 2.M12N5
NAME 7:12
NAME NRS(M22,[2^6])
NAME 2^(2+8):(3xA5):2
NAME 2^(4+6):(A5x3):2
NAME 2.HSN3A
NAME 2^3.(2x2^3.L3(2))
NAME (7:3xL2(7)):2
NAME F4(2)N7B
NAME 3x19:9
NAME 3x17:8
NAME 3xD6xD10
NAME 3x2^3.S4v1
NAME 3xNRS(M22,[2^6])
NAME 2.2^3.2^5.S3
NAME (2^2x4).2^5.S3
NAME 2.2^4.2^4.S3
NAME (2x4^2).2^4.S3
NAME 2.2^(4+6).2.S3
NAME S3xU4(2).2
NAME 3^4.A6.D8
NAME (Q8xD14):3
NAME (Q8x13:4):3
NAME 5:4xS5x2
NAME 2^5.2^4.L4(2)
NAME (2^5.2^6)a.(S3xL3(2))
NAME (2^5.2^6)b.(L3(2)xS3)
NAME 2^5.2^6.(2xL3(2))
NAME (2^5.2^6.2^2)a.S3^2
NAME (2^5.2^6.2^2)b.S3^2
NAME 2^5.2^6.D8.S3
NAME (2^(1+8).2^3)a.L3(2)
NAME (2^(1+8).2^3)b.L3(2)
NAME 2^(1+8).2^4.S3^2
NAME 2^(1+8).2^4.2.S3
NAME 2^(1+8).2^3.2^2.S3
NAME 2^(1+8).2^(1+4).S3
NAME 2^(1+8).2^2.(3xA5).2
NAME 2^(1+8).2^2.S3^2
NAME 2^(1+8).D8.S3
NAME (D10xA6).2
NAME 5:8
NAME (2.D10xA6).2
NAME 2x3^5:(3^2:SD16)
NAME 31:6
NAME 11:5xS3
NAME (SL2(3)x7:3).2
NAME 3^5.3^3.(2xS4)
NAME (3^(1+6).3)a.2.S4
NAME (3^(1+6).3)b.2.S4
NAME 3^5.3^(1+2).2.S4
NAME (3^2:4xD10).2
NAME (3^2:D8xD10).2
NAME S4x3^2:4
NAME S4x3^(1+2):4
NAME (3^(1+2):4xD10).2
NAME 3x7^(1+2):(D8x3)
NAME 3x19:6
NAME 3x31:15
NAME 2.(S4xS5)
NAME 2.D8.S5
NAME (2^(1+4)x3).GO+(4,2)
NAME 2^(1+4).S3^2
NAME 2.(D8x2^2).S3
NAME 2.2^4.2.S3
NAME (4x2^2).2^4.S3
NAME (4^2x2).2^3.S3
NAME 2^(1+6)_-.2^4.A5
NAME 2^(4+6).2^2.(3xS3)
NAME 2^(2+8).2^2.(3xS3)
NAME (A4x7:3):2
NAME S4x3^2:Q8
NAME 11:20
NAME (SL(2,3)x7:3).2
NAME 3x(A5xD10).2
NAME (D10x3.A6).2_3
NAME 3x(A4x7:3):2
NAME 3x11:10
NAME S4x3^(1+2)_+:Q8
NAME D8x3^(1+2)_+:Q8
NAME 2.(D8x3^2:Q8)
NAME 3x2^(1+6)_-.2^4.A5
NAME 3x2^(2+8).2^2.(3xS3)
NAME 3x2^(4+6).2^2.(3xS3)
NAME 3xSuzN2
NAME (2.D10x3.A6).2_3
NAME 3x(SL(2,3)x7:3).2
NAME 3x11:20
NAME 3x(2x13).6
NAME 3x(2.A5xD10).2
NAME 2^(1+8)_+.2^5.S4(2)
NAME 2^3.(2x2^(1+3+3+3).L3(2))
NAME 2^(1+1+3+3).(2x2^(3+3).L3(2))
NAME 2^(1+1+2+4).(2x2^(2+4).S3^2)
NAME 2^10.2^3.2^3.S3
NAME 2^(1+8)_+.2^3.2^2.2^3.S3
NAME 2^(1+8)_+.2^2.2^2.2^4.S3
NAME 2^(1+8)_+.2^3.2^5.S3
NAME 3xD10
NAME 2.SuzN2
NAME 2.G2(4)N2
NAME 3.3^5:(3^2:SD16)
NAME 3x2.SuzN2
NAME 2x3.3^5:(3^2:SD16)
NAME 2.(D8x3^(1+2)_+:Q8)
NAME 2.Fi22N2
NAME 3x2.Fi22N2
NAME (2^2x11:5).2
NAME 2^5:A6
NAME 3^4:S6
NAME 3^4:3^2:D8
NAME S3x5:4
NAME 3^3:(S3x2)
NAME 3^3:S3
NAME 2^4:A4
NAME 2x7:6
NAME 5:4xS4
NAME (3x2.D10).2
NAME 2.A8N3
NAME S6(2)N2
NAME 2x3^3:S3
NAME 2.U4(2)N2
NAME 2.(S3x5:4)
NAME 2x3^3:(S3x2)
NAME 2^6:S4a
NAME 2^6:S4b
NAME 2.[2^6].(2xS3)
NAME 3x2.D10
NAME (D10x2^3.L3(2)).2
NAME 7:3xS5
NAME 31:10
NAME 23:22
NAME 11:10xS3
NAME (7:3xA7):2
NAME (13:6xA4).2
NAME 5^3:(4x(2xA5).2)
NAME (D10xJ2).2
NAME 2^4:A4b
NAME 3^4.3^2:4
NAME 2^(4+8).(2xA4)
NAME 2^9.2^4.A5a
NAME 2^9.2^4.A5b
NAME 2^(4+8):(A4xS3)
NAME S6xD8
NAME (2^4:A4xA4).2
NAME (2x2^(1+8)_+).O8+(2)
NAME 2.2^(2+12):(A8xS3)
NAME 2.(A5wr2)
NAME (D10x2.(A5xA5).2).2
NAME (11:5xD12).2
NAME 2.(13:6xA4).2
NAME (7:3x2.A7):2
NAME 2.(D10xJ2).2
NAME 2x(7:3xL2(7)):2
NAME (7:3x2.L3(4).2).2
NAME (3^(1+2):8x2.A6).2
NAME 3^6:L4(3):2_2
NAME 3^(3+6):(L3(3)x2)
NAME 2^(1+6).3^(1+2).2S4
NAME L3(3)x2
NAME (3xSL(2,3)):2
NAME S3x(3xSL(2,3)):2
NAME 2^(1+4)_+.(S3x3^2:2)
NAME A7xS3
NAME D8xS3
NAME 2.2^4.(S3x3^2:2)
NAME 2.2^(4+12).(S3x3S6)
NAME 2x3^(1+4).2U4(2).2
NAME 3^(3+4):(2.S4)^2
NAME (2.A7xL2(7)).2
NAME (2.A6xU3(3)).2
NAME (2.A4x2.G2(4)).2
NAME 2.(A4xG2(4)).2
NAME (2.A5x2.J2).2
NAME 2.(A5xJ2).2
NAME 2(S4xS4)
NAME S3x2.S4
NAME 2^6:S7
NAME S4xU3(3).2
NAME A8xS3
NAME 2x2.M12
NAME 2x2.A4xS3
NAME 2^2x3^2.2.S4
NAME 2.S4x2.S4
NAME 2x2.U4(2).2
NAME 2x2.(3^3:(S4x2))
NAME 2xS3x2.S4
NAME S3x3.S6
NAME 2x3.S6
NAME (D10xD10).2^2
NAME (3x3^3:S3):2
NAME (3x3^(1+2)+:2A4).2
NAME 2^12.(S3x3S6)
NAME 2^12.(2^2xD8)
NAME 2^(3+3+3).L3(2)
NAME NRS(O8+(2),2^(3+3+3)_a)
NAME NRS(O8+(2),2^(3+3+3)_b)
NAME O8+(2)N2
NAME 5:4xS6
NAME E6(2)
NAME F4(3)
NAME 2.Fi22
NAME 2.Fi22.2
NAME Isoclinic(2.Fi22.2)
NAME 3.Fi22
NAME 3.Fi22.2
NAME 6.Fi22
NAME 6.Fi22.2
NAME Isoclinic(6.Fi22.2)
NAME Fi22
NAME Fi22.2
NAME 3.F3+
NAME 3.F3+.2
NAME F3+
NAME F3+.2
NAME Fi23
NAME P1/G1/L1/V1/ext2
NAME P1/G1/L1/V1/ext3
NAME P1/G1/L1/V1/ext4
NAME P1/G1/L1/V1/ext5
NAME P1/G1/L1/V1/ext6
NAME P1/G1/L1/V2/ext3
NAME P1/G1/L1/V2/ext6
NAME P1/G2/L1/V1/ext2
NAME P1/G2/L1/V1/ext3
NAME P1/G2/L1/V1/ext4
NAME P1/G2/L1/V2/ext2
NAME P1/G2/L1/V2/ext4
NAME P1/G2/L2/V2/ext2
NAME P1/G2/L2/V2/ext4
NAME P1/G3/L2/V1/ext2
NAME P1/G3/L2/V1/ext3
NAME P11/G1/L1/V1/ext2
NAME P11/G1/L1/V1/ext3
NAME P11/G1/L1/V1/ext4
NAME P11/G1/L1/V2/ext2
NAME P11/G1/L1/V2/ext4
NAME P11/G1/L1/V3/ext2
NAME P11/G1/L1/V3/ext4
NAME P11/G2/L1/V1/ext2
NAME P11/G2/L1/V1/ext3
NAME P11/G2/L1/V2/ext2
NAME P11/G3/L1/V1/ext2
NAME P11/G3/L1/V1/ext3
NAME P11/G3/L1/V2/ext3
NAME P11/G3/L3/V1/ext2
NAME P11/G3/L3/V2/ext3
NAME P11/G3/L4/V2/ext2
NAME P11/G3/L4/V2/ext3
NAME P11/G3/L4/V3/ext2
NAME P11/G4/L1/V1/ext2
NAME P11/G4/L1/V1/ext3
NAME P12/G1/L2/V1/ext2
NAME P12/G1/L2/V1/ext3
NAME P13/G1/L2/V1/ext2
NAME P13/G1/L2/V1/ext3
NAME P13/G1/L6/V1/ext2
NAME P2/G1/L1/V1/ext2
NAME P2/G1/L1/V1/ext3
NAME P2/G2/L1/V1/ext2
NAME P2/G2/L1/V1/ext3
NAME P2/G2/L1/V2/ext2
NAME P21/G1/L1/V1/ext2
NAME P21/G1/L1/V1/ext3
NAME P21/G1/L1/V1/ext4
NAME P21/G1/L3/V2/ext3
NAME P21/G2/L1/V1/ext2
NAME P21/G2/L1/V2/ext2
NAME P21/G2/L1/V3/ext2
NAME P21/G2/L2/V1/ext2
NAME P21/G2/L2/V2/ext2
NAME P21/G2/L2/V3/ext2
NAME P21/G2/L5/V2/ext2
NAME P21/G3/L2/V1/ext2
NAME P21/G3/L5/V1/ext2
NAME P27/G1/L1/V1/ext2
NAME P27/G1/L1/V1/ext3
NAME P27/G1/L1/V1/ext4
NAME P31/G1/L1/V1/ext2
NAME P31/G1/L1/V1/ext3
NAME P41/G1/L1/V1/ext2
NAME P41/G1/L1/V1/ext3
NAME P41/G1/L1/V2/ext2
NAME P41/G1/L1/V3/ext3
NAME P41/G1/L1/V4/ext2
NAME P41/G1/L1/V4/ext3
NAME P41/G2/L1/V1/ext2
NAME P41/G2/L1/V1/ext3
NAME P43/G1/L1/V1/ext2
NAME P43/G2/L1/V1/ext2
NAME P43/G3/L1/V1/ext2
NAME P43/G3/L1/V2/ext2
NAME P48/G1/L1/V1/ext2
NAME P48/G1/L1/V2/ext2
NAME P49/G1/L1/V1/ext2
NAME P49/G1/L1/V1/ext3
NAME P49/G1/L1/V2/ext3
NAME P50/G1/L1/V1/ext2
NAME P50/G1/L1/V1/ext3
NAME P50/G1/L1/V1/ext4
NAME S3
NAME 2.S3
NAME Symm(4)
NAME 2.Symm(4)
NAME D8
NAME 2.D8
NAME D10
NAME 7:3
NAME 2x7:3
NAME C2
NAME C3
NAME C4
NAME C6
NAME 3^2:2
NAME 3^(1+2)_+:2
NAME 3^2:4
NAME 2^3.S3
NAME 2^3.D8
NAME 2^3.S4v1
NAME 2^3.S4v2
NAME 2xSymm(4)
NAME D8x2
NAME 2^2:S4
NAME (A4x3):2
NAME S3x2
NAME (A5x3):2
NAME 2^4:(3x3):2
NAME 2^3:7
NAME 2^3
NAME S3xS3
NAME 3^(1+2):4
NAME 4^2:3
NAME 3^2
NAME 3^(1+2)_+
NAME 2.2^4:3
NAME 2.L2(11)
NAME 2.L2(11).2
NAME Isoclinic(2.L2(11).2)
NAME 2.L2(13)
NAME 2.L2(13).2
NAME Isoclinic(2.L2(13).2)
NAME 2.L2(17)
NAME 2.L2(17).2
NAME Isoclinic(2.L2(17).2)
NAME 2.L2(19)
NAME 2.L2(19).2
NAME Isoclinic(2.L2(19).2)
NAME 2.L2(23)
NAME 2.L2(23).2
NAME Isoclinic(2.L2(23).2)
NAME 2.L2(25)
NAME 2.L2(25).2_1
NAME Isoclinic(2.L2(25).2_1)
NAME 2.L2(25).2_2
NAME Isoclinic(2.L2(25)x2)
NAME Isoclinic(L2(25).2_3x2)
NAME 4.L2(25).2_3
NAME 2.L2(27)
NAME 2.L2(27).2
NAME Isoclinic(2.L2(27).2)
NAME 2.L2(27).3
NAME 2.L2(27).6
NAME Isoclinic(2.L2(27).6)
NAME 2.L2(29)
NAME 2.L2(29).2
NAME Isoclinic(2.L2(29).2)
NAME 2.L2(31)
NAME 2.L2(31).2
NAME Isoclinic(2.L2(31).2)
NAME J3M3
NAME L2(11)
NAME L2(11).2
NAME L2(121)M3
NAME M12.2M3
NAME U3(11)M4
NAME U3(11)M5
NAME L2(13)
NAME L2(13).2
NAME L2(16)
NAME L2(16).2
NAME S4(4)M4
NAME L2(16).4
NAME S4(4).2M5
NAME L2(17)
NAME L2(17).2
NAME L2(19)
NAME L2(19).2
NAME L2(23)
NAME L2(23).2
NAME L2(25)
NAME L2(25).2^2
NAME L2(25).2_1
NAME L2(25).2_2
NAME L2(25).2_3
NAME L2(27)
NAME L2(27).2
NAME L2(27).3
NAME L2(27).6
NAME L2(29)
NAME L2(29).2
NAME L2(31)
NAME L2(31).2
NAME L2(32)
NAME L2(32).5
NAME L2(8)
NAME L2(8).3
NAME A9M5
NAME ONM8
NAME 2.L2(49)
NAME 2.L2(49).2_1
NAME Isoclinic(2.L2(49).2_1)
NAME 2.L2(49).2_2
NAME Isoclinic(2.L2(49)x2)
NAME Isoclinic(L2(49).2_3x2)
NAME 4.L2(49).2_3
NAME 2.L2(81)
NAME 2.L2(81).2_1
NAME 2.L2(81).2_2
NAME Isoclinic(2.L2(81).2_2)
NAME Isoclinic(2.L2(81)x2)
NAME Isoclinic(L2(81).2_3x2)
NAME 4.L2(81).2_3
NAME 2.L2(81).4_1
NAME 4.L2(81).4_2
NAME L2(49)
NAME L2(49).2_1
NAME L2(49).2_2
NAME L2(49).2_3
NAME L2(49).2^2
NAME L2(81)
NAME L2(81).2_1
NAME L2(81).2_2
NAME L2(81).2_3
NAME L2(81).2^2
NAME L2(81).4_1
NAME L2(81).4_2
NAME L2(81).(2x4)
NAME 12_1.L3(4)
NAME 12_1.L3(4).2_1
NAME Isoclinic(12_1.L3(4).2_1)
NAME 12_1.L3(4).2_2
NAME Isoclinic(12_1.L3(4).2_2)
NAME 12_1.L3(4).2_3
NAME 12_2.L3(4)
NAME 12_2.L3(4).2_1
NAME Isoclinic(12_2.L3(4).2_1)
NAME 12_2.L3(4).2_2
NAME 12_2.L3(4).2_3
NAME Isoclinic(12_2.L3(4).2_3)
NAME 2.L3(4)
NAME 2.L3(4).2_1
NAME Isoclinic(2.L3(4).2_1)
NAME 2.L3(4).2_2
NAME Isoclinic(2.L3(4).2_2)
NAME 2.L3(4).2_3
NAME Isoclinic(2.L3(4).2_3)
NAME 2.L3(4).(2^2)_{123}
NAME 2.L3(4).(2^2)_{1*23}
NAME 2.L3(4).(2^2)_{12*3}
NAME 2.L3(4).(2^2)_{123*}
NAME 2.L3(4).(2^2)_{1*2*3}
NAME 2.L3(4).(2^2)_{1*23*}
NAME 2.L3(4).(2^2)_{12*3*}
NAME 2.L3(4).(2^2)_{1*2*3*}
NAME 2^2.L3(4)
NAME (2x4).L3(4)
NAME 4^2.L3(4)
NAME (4^2x3).L3(4)
NAME 3.L3(4)
NAME 3.L3(4).2^2
NAME 3.L3(4).2_1
NAME 3.L3(4).2_2
NAME 3.L3(4).2_3
NAME 3.L3(4).3
NAME Isoclinic(3.L3(4).3,1)
NAME Isoclinic(3.L3(4).3,2)
NAME 3.L3(4).6
NAME Isoclinic(3.L3(4).6,1)
NAME Isoclinic(3.L3(4).6,2)
NAME 4_1.L3(4)
NAME 4_1.L3(4).2_1
NAME Isoclinic(4_1.L3(4).2_1)
NAME 4_1.L3(4).2_2
NAME Isoclinic(4_1.L3(4).2_2)
NAME 4_1.L3(4).2_3
NAME 4_1.L3(4).2_3*
NAME 4_1.L3(4).(2^2)_{123}
NAME 4_1.L3(4).(2^2)_{1*23}
NAME 4_1.L3(4).(2^2)_{12*3}
NAME 4_1.L3(4).(2^2)_{123*}
NAME 4_1.L3(4).(2^2)_{1*2*3}
NAME 4_1.L3(4).(2^2)_{1*23*}
NAME 4_1.L3(4).(2^2)_{12*3*}
NAME 4_1.L3(4).(2^2)_{1*2*3*}
NAME 4_2.L3(4)
NAME 4_2.L3(4).2_1
NAME Isoclinic(4_2.L3(4).2_1)
NAME 4_2.L3(4).2_2
NAME 4_2.L3(4).2_2*
NAME 4_2.L3(4).2_3
NAME Isoclinic(4_2.L3(4).2_3)
NAME 4_2.L3(4).(2^2)_{123}
NAME 4_2.L3(4).(2^2)_{1*23}
NAME 4_2.L3(4).(2^2)_{12*3}
NAME 4_2.L3(4).(2^2)_{123*}
NAME 4_2.L3(4).(2^2)_{1*2*3}
NAME 4_2.L3(4).(2^2)_{1*23*}
NAME 4_2.L3(4).(2^2)_{12*3*}
NAME 4_2.L3(4).(2^2)_{1*2*3*}
NAME 6.L3(4)
NAME 6.L3(4).2_1
NAME Isoclinic(6.L3(4).2_1)
NAME 6.L3(4).2_2
NAME Isoclinic(6.L3(4).2_2)
NAME 6.L3(4).2_3
NAME Isoclinic(6.L3(4).2_3)
NAME 6.L3(4).(2^2)_{123}
NAME 6.L3(4).(2^2)_{1*23}
NAME 6.L3(4).(2^2)_{12*3}
NAME 6.L3(4).(2^2)_{123*}
NAME 6.L3(4).(2^2)_{1*2*3}
NAME 6.L3(4).(2^2)_{1*23*}
NAME 6.L3(4).(2^2)_{12*3*}
NAME 6.L3(4).(2^2)_{1*2*3*}
NAME (2x12).L3(4)
NAME L3(4)
NAME L3(4).2^2
NAME U4(3).(2^2)_{133}M6
NAME L3(4).2_1
NAME L3(4).2_2
NAME L3(4).2_3
NAME L3(4).3
NAME L3(4).3.2_2
NAME L3(4).3.2_3
NAME L3(4).6
NAME L3(4).D12
NAME (2^2x3).L3(4)
NAME (2^2x3).L3(4).2_1
NAME (2^2x3).L3(4).2_2
NAME (2^2x3).L3(4).2_3
NAME (2^2x3).L3(4).3
NAME 2^2.L3(4).2_1
NAME 2^2.L3(4).2_2
NAME 2^2.L3(4).2_3
NAME 2^2.L3(4).3
NAME 2^2.L3(4).3.2_2
NAME 2^2.L3(4).3.2_3
NAME 3.L3(4).3.2_2
NAME 3.L3(4).3.2_3
NAME 2^2.L3(4).2^2
NAME 2^2.L3(4).6
NAME 2^2.L3(4).D12
NAME 2.L3(2)
NAME 2.L3(2).2
NAME Isoclinic(2.L3(2).2)
NAME 2F4(2)'M2
NAME 3.L3(7)
NAME 3.L3(7).2
NAME 3.L3(7).3
NAME Isoclinic(3.L3(7).3,1)
NAME Isoclinic(3.L3(7).3,2)
NAME 3.L3(7).S3
NAME L3(2)
NAME L3(2).2
NAME L3(3)
NAME L3(3).2
NAME G2(3)M6
NAME L3(5)
NAME L3(5).2
NAME L3(7)
NAME L3(7).2
NAME L3(7).3
NAME L3(7).S3
NAME L3(8)
NAME L3(8).2
NAME L3(8).3
NAME L3(8).6
NAME ONM2
NAME 2.L4(3)
NAME 2.L4(3).2_1
NAME Isoclinic(2.L4(3).2_1)
NAME 2.L4(3).2_2
NAME Isoclinic(2.L4(3).2_2)
NAME 2.L4(3).2_3
NAME Isoclinic(2.L4(3).2_3)
NAME L3(9)
NAME L3(9).2_1
NAME L3(9).2_2
NAME L3(9).2_3
NAME L3(9).2^2
NAME L4(3)
NAME L4(3).2_1
NAME L4(3).2_2
NAME L4(3).2_3
NAME L4(3).2^2
NAME L5(2)
NAME L5(2).2
NAME L6(2)
NAME L6(2).2
NAME L4(4)
NAME L4(4).2_1
NAME L4(4).2_2
NAME L4(4).2_3
NAME L4(4).2^2
NAME L7(2)
NAME L7(2).2
NAME L5(3)
NAME L5(3).2
NAME L2(37)
NAME L2(41)
NAME L2(43)
NAME L2(47)
NAME L2(53)
NAME L2(59)
NAME L2(61)
NAME L2(64)
NAME L2(64).6
NAME L2(67)
NAME L2(71)
NAME L2(73)
NAME L2(79)
NAME L2(83)
NAME L2(89)
NAME L2(97)
NAME L2(101)
NAME L2(103)
NAME L2(107)
NAME L2(109)
NAME L2(113)
NAME L2(121)
NAME L2(125)
NAME L4(5)
NAME 2.L4(5)
NAME 4.L4(5)
NAME L4(9)
NAME L8(2)
NAME L3(11)
NAME 12.M22
NAME 12.M22.2
NAME Isoclinic(12.M22.2)
NAME 2.M12
NAME 2.M12.2
NAME Isoclinic(2.M12.2)
NAME 2.M22
NAME 2.M22.2
NAME Isoclinic(2.M22.2)
NAME 3.M22
NAME 3.M22.2
NAME 4.M22
NAME 4.M22.2
NAME Isoclinic(4.M22.2)
NAME 6.M22
NAME 6.M22.2
NAME Isoclinic(6.M22.2)
NAME HNM12
NAME HSM9
NAME M11
NAME M12
NAME M12.2
NAME M12M2
NAME M22
NAME M22.2
NAME M23
NAME M24
NAME McLM3
NAME 3.McLM3
NAME ONM11
NAME 2.A12M8
NAME 3^7.O7(3):2
NAME 2^(3+12).(L3(2)xA6)
NAME 2^(6+8).(S3xA8)
NAME 3^2.3^4.3^8.(A5x2A4).2
NAME S3xO8+(3):S3
NAME 3^(1+10):(2xU5(2):2)
NAME 2^2.U6(2):S3x2
NAME 2^(1+12)_+.3_1.U4(3).2^2_{122}
NAME 3^3.[3^10].(L3(3)x2^2)
NAME 3^2.3^4.3^8.(S5x2S4)
NAME S4xO8+(2):S3
NAME 2^(3+12).(L3(2)xS6)
NAME 2^(7+8).(S3xA8)
NAME (S3xS3xG2(3)):2
NAME S5xS9
NAME S6xL2(8):3
NAME 7:6xS7
NAME 7^(1+2)_+:(6xS3).2
NAME 13:3
NAME 19:3
NAME 31:3
NAME 37:3
NAME 43:3
NAME 73:3
NAME 91:3
NAME 133:3
NAME 31:5
NAME 109:54
NAME 113:56
NAME D14
NAME D110
NAME D114
NAME D122
NAME D126
NAME S6x2
NAME S7x2
NAME S8x2
NAME S9x2
NAME S10x2
NAME 2.Fi22M13
NAME S11x2
NAME S5xS3
NAME S7xS3
NAME S8xS3
NAME S9xS3
NAME S10xS3
NAME S4xS4
NAME S5xS4
NAME S6xS4
NAME S7xS4
NAME S8xS4
NAME S9xS4
NAME S6xS5
NAME S7xS5
NAME S8xS5
NAME S7xS6
NAME (A10x3):2
NAME (A9xA4):2
NAME (A8xA5):2
NAME (A7xA6):2
NAME D62x2
NAME S3xL2(8)
NAME 5xA5
NAME 3xL2(8)
NAME 5xIsoclinic(2.A6.2_2)
NAME 3xU4(2)
NAME 3^(1+2)+:2A4
NAME S3x3^(1+2)+:2A4
NAME 3x2S5
NAME 7:3x3
NAME M10x2
NAME L2(8):3x2
NAME 2^2xA6
NAME 2^2.L3(4)M4
NAME 2^2.L3(4)M5
NAME 2^2xL2(7)
NAME 2^2.L3(4)M7
NAME 2^2.L3(4)M8
NAME A4x7:3
NAME 7^2:24
NAME 3^4:40
NAME 2^4:A5
NAME L3(4)M4
NAME L3(4)M5
NAME L3(4)M7
NAME L3(4)M8
NAME 2xA6
NAME 2.L3(4)M4
NAME 2.L3(4)M5
NAME 2xL3(2)
NAME 2.L3(4)M7
NAME 2.L3(4)M8
NAME Isoclinic(2x3^2:Q8)
NAME 4_1.2^4:A5
NAME 4_2.2^4:A5
NAME 3x2^4:A5
NAME 3.L3(4)M4
NAME 3.L3(4)M5
NAME 3.L3(4)M7
NAME 3.L3(4)M8
NAME 3^(1+2)_+:Q8
NAME 3x2^5.A5
NAME 6xL3(2)
NAME 6.L3(4)M7
NAME 6.L3(4)M8
NAME Isoclinic(2x3^(1+2)_+:Q8)
NAME 3x4_1.2^4:A5
NAME 3x4_2.2^4:A5
NAME 3^(1+4)_+.2S4
NAME 2(A4xA4).2^2
NAME U4(3)M3
NAME U4(3)M9
NAME U4(3)M12
NAME 2.A6M2
NAME 3^2:8
NAME 2.A6M5
NAME 3xA5
NAME 3.A6M2
NAME 3xSymm(4)
NAME 3.A6M5
NAME 3x2.A5
NAME 6.A6M2
NAME 3x2.Symm(4)
NAME 6.A6M5
NAME 2.A4x3
NAME (2.A4x3).2
NAME 3xL3(2)
NAME 3xA5.2
NAME 3.(A4x3):2
NAME 3x2.L3(2)
NAME 3xIsoclinic(2.A5.2)
NAME (2.A5x3).2
NAME 2.A6x3
NAME (2.A6x3).2_1
NAME 2.A9M5
NAME 2.(A5xA4).2
NAME (2x3^3).S4
NAME 3^2:2A4
NAME U3(8)M4
NAME U3(8)M5
NAME 2x3^2:2A4
NAME A7x3
NAME (A7x3).2
NAME 2.A7x3
NAME (2.A7x3).2
NAME (A5xA5):4
NAME 2.(A5xA5).4
NAME (A6xA4).2
NAME 2.(A6xA4).2
NAME A8x3
NAME (A8x3).2
NAME (2.A8x3).2
NAME (A7xA4):2
NAME 2.(A7xA4).2
NAME (A6xA5):2
NAME 2.(A6xA5).2
NAME A9x3
NAME (A9x3):2
NAME 2.A9x3
NAME (2.A9x3).2
NAME 7^(1+2).Sp(2,7)
NAME 3xO8+(2)
NAME (3xO8+(2)):2
NAME 3^(3+6):26
NAME 2x3^4:(2xA6)
NAME [2^30].L5(2)
NAME 2^(9+16).S8(2)
NAME [2^35].(S5xL3(2))
NAME 2^(2+10+20).(M22.2xS3)
NAME 3^(1+12):6.Suz.2
NAME 3^12.6.Suz.2
NAME 3^(1+12).2.Suz.2
NAME 3^(1+12).(2xU5(2).2)
NAME 5^(1+6):2.J2.4
NAME (7:3xHe):2
NAME (A5xA12):2
NAME 5^(3+3).(2xL3(5))
NAME (A6xA6xA6).(2xS4)
NAME (A5xU3(8):3):2
NAME 5^(2+2+4):(S3xGL2(5))
NAME (L3(2)xS4(4):2).2
NAME (5^2:[2^4]xU3(5)).S3
NAME (L2(11)xM12):2
NAME (A7x(A5xA5):2^2):2
NAME 5^4:(3x2.L2(25)).2
NAME 7^(2+1+2):GL2(7)
NAME M11xA6.2^2
NAME (S5xS5xS5):S3
NAME (L2(11)xL2(11)):4
NAME 13^2:2.L2(13).4
NAME (7^2:(3x2A4)xL2(7)).2
NAME (13:6xL3(3)).2
NAME 3^3:L3(3)
NAME L4(3)M4
NAME 3^4:2(A4xA4).2
NAME (4xA6):2
NAME (3x2S5).2
NAME O8+(2)M2
NAME O8+(2)M3
NAME O8+(2)M5
NAME O8+(2)M6
NAME O8+(2)M8
NAME O8+(2)M9
NAME (3xU4(2)):2
NAME O8+(2)M11
NAME O8+(2)M12
NAME 2^(1+8)_+:(S3xS3xS3)
NAME 3^4:2^3.S4(a)
NAME 2x2.S6(2)
NAME 2^2.O8+(2)M2
NAME 2^2.O8+(2)M3
NAME (2x2^(1+6)_+).A8
NAME 2^2.O8+(2)M5
NAME 2^2.O8+(2)M6
NAME 2x2.A9
NAME 2^2.O8+(2)M8
NAME 2^2.O8+(2)M9
NAME 2x(3x2.U4(2)):2
NAME 2^2.O8+(2)M11
NAME 2^2.O8+(2)M12
NAME 2^2.(2^(1+8)_+:(S3xS3xS3))
NAME (2^2x3^4).2^3.S4
NAME (2x2.(A5xA5)):2^2
NAME 2^2.O8+(2)M16
NAME 2^2.O8+(2)M17
NAME (4^2x2)(2xS4)
NAME (4^2x2)S4
NAME (4^2x3):S3
NAME (7:3x3):2
NAME (7xL2(7)):2
NAME (9x3).S3
NAME (A5xA5):2^2
NAME S4(4).2M7
NAME O8+(2)M16
NAME O8+(2)M17
NAME 2.O8+(2)M3
NAME 2.O8+(2)M6
NAME 2xA9
NAME 2.O8+(2)M9
NAME 2x(3xU4(2)):2
NAME (3x2.U4(2)):2
NAME 2.O8+(2)M12
NAME 2.2^(1+8)_+:(S3xS3xS3)
NAME (2x3^4:2^3).S4
NAME (A5xA5).(2x4)
NAME 2.(A5xA5).2^2
NAME 2.O8+(2)M17
NAME (A8xA4):2
NAME (A7xA5):2
NAME (S3xS3xA5):2
NAME 2^{3+6}:(L3(2)x3)
NAME 2^{1+8}_+:(S3xA5)
NAME 10^2:S3
NAME 11^(1+2)+:40
NAME 11^2:(5x2L2(11).2)
NAME 11^2:60
NAME 2(A4xA4).4.2
NAME 2(A4xA4).4.2^2
NAME 2(L2(11)x2).2
NAME 2(L2(7)x4).2
NAME 2.(2.(A4xA4).2.2)
NAME 2.(2^5:S6)
NAME 2x3^(1+2)_+:2S4
NAME 2.(3^3:(S4x2))
NAME 2.(S3xS6)
NAME 2.(S6x2)
NAME 2.2^6.L3(2)
NAME D108
NAME D112
NAME 2^(1+4)+.(S3xS3)
NAME 2^(1+8)+:L2(8)
NAME 2^(2+4):(3xD10)
NAME 2^(2+4):15
NAME 2^(3+6):21
NAME 2^2.(3^2:2A4)
NAME 2^2.(3^2:Q8)
NAME 2^2.(3^2:Q8.2)
NAME 7:3xS4
NAME D8xL3(2)
NAME 2^2.[2^6].(S3xS3)
NAME 2^2.S6
NAME 2^3.L3(2):2
NAME 2^6:(3xA5)
NAME S4(4)M2
NAME 2^6:(3xA5):2
NAME S4(4).2M3
NAME 2^6:(7xL2(8))
NAME 2^6:3^3:S4
NAME 2S5.2
NAME 3^(1+2)+.2S4
NAME 3^(1+2)+:2S4
NAME 3^(1+4)+.2^(1+4)-.S3
NAME 3^(1+4)+.4S4
NAME 3^(2+4):80
NAME 3^2.(3x3^(1+2)+):D8
NAME 3^3:S4`
NAME 3^4:(2xA6)
NAME 3^4:2^3.S4
NAME 3^4:GL2(9)
NAME 4(A4xA4).4
NAME 5^(1+2)+:24
NAME 5^(1+2)+:4A5
NAME 5^(1+2)+:8
NAME 5^2:S3
NAME 5^3:(2xA5).2
NAME 5^3:62
NAME 6^2:D12
NAME 6^2:S3
NAME 7^(1+2):48
NAME 7^2:2A4
NAME 7^2:S3
NAME 8^2:S3
NAME 2^(1+8)_+:U4(2)
NAME U6(2)M5
NAME U6(2)M6
NAME U6(2)M9
NAME U6(2)M10
NAME U6(2)M12
NAME U6(2)M13
NAME 3^(1+4).2^(1+1+2+2).S3
NAME 2.2^(1+8)_+:U4(2)
NAME 2.U6(2)M6
NAME 2.2^(4+8):(S3xA5)
NAME 2.U6(2)M9
NAME 2.U6(2)M10
NAME 2xM22
NAME 2.U6(2)M13
NAME 2xS3xU4(2)
NAME 2.(3^(1+4).[2^7.3])
NAME 3x2^(1+8)_+:U4(2)
NAME 3.U6(2)M5
NAME 3.U6(2)M6
NAME 3x2^(4+8):(S3xA5)
NAME 3xS6(2)
NAME 3.U6(2)M9
NAME 3.U6(2)M10
NAME 3.U6(2)M12
NAME 3.U6(2)M13
NAME 3xS3xU4(2)
NAME 3.(3^(1+4).[2^7.3])
NAME 3x2.2^(1+8)_+:U4(2)
NAME 6.U6(2)M6
NAME 3x2.2^(4+8):(S3xA5)
NAME 6xS6(2)
NAME 6.U6(2)M9
NAME 6.U6(2)M10
NAME 2x3.M22
NAME 6.U6(2)M13
NAME 6xS3xU4(2)
NAME 6.(3^(1+4).[2^7.3])
NAME 2^2xU5(2)
NAME 2^2.2^(1+8)_+:U4(2)
NAME 2^2.U6(2)M5
NAME 2^2.U6(2)M6
NAME 2^2.2^(4+8):(S3xA5)
NAME 2^2xS6(2)
NAME 2^2.U6(2)M9
NAME 2^2.U6(2)M10
NAME 2x2.M22
NAME 2^2.U6(2)M12
NAME 2^2.U6(2)M13
NAME 2^2xS3xU4(2)
NAME 2^2x3xU5(2)
NAME 3x2^2.2^(1+8)_+:U4(2)
NAME 2x6_1.U4(3).2_2
NAME (2^2x3).U6(2)M5
NAME (2^2x3).U6(2)M6
NAME 3x2^2.2^(4+8):(S3xA5)
NAME 2^2x3xS6(2)
NAME (2^2x3).U6(2)M9
NAME (2^2x3).U6(2)M10
NAME 2x6.M22
NAME (2^2x3).U6(2)M12
NAME (2^2x3).U6(2)M13
NAME 2^2x3xS3xU4(2)
NAME (2^2x3).(3^(1+4).[2^7.3])
NAME 3^5:U4(2):2
NAME O7(3)M5
NAME 3^(3+3):L3(3)
NAME 3^(3+3)b:L3(3)
NAME O7(3)M8
NAME O7(3)M11
NAME (2^2xU4(2)):2
NAME (A4x2(A4xA4).2).2
NAME (2x3^5).U4(2).2
NAME 2xG2(3)
NAME 2.O7(3)M5
NAME 2x3^(3+3):L3(3)
NAME 2x3^(3+3)b:L3(3)
NAME 2.O7(3)M8
NAME 2.O7(3)M9
NAME 2.O7(3)M11
NAME 2.(2^2xU4(2)).2
NAME 2^(1+6)_+:A7
NAME 2.(S6xS4)
NAME 2.(A4x2(A4xA4).2).2
NAME 3.3^5:U4(2):2
NAME 3xL4(3).2_2
NAME 3.O7(3)M5
NAME 3.(3^(3+3):L3(3))
NAME 3.O7(3)M8
NAME 3.O7(3)M9
NAME 3xS9
NAME 3.O7(3)M11
NAME 3x(2^2xU4(2)):2
NAME 2^6:3A7
NAME 3xS6xS4
NAME 3.(A4x2(A4xA4).2).2
NAME 6.(3^5:U4(2):2)
NAME 3x2.L4(3).2_2
NAME 2x3.G2(3)
NAME 6.O7(3)M5
NAME 2x3.(3^(3+3):L3(3))
NAME 3x2.S6(2)
NAME 6.O7(3)M8
NAME 6.O7(3)M9
NAME 3xIsoclinic(2.A9.2)
NAME 6.O7(3)M11
NAME 3x2.(2^2xU4(2)).2
NAME 2^(1+6)_+:3A7
NAME 3x2.(S6xS4)
NAME 6.(A4x2(A4xA4).2).2
NAME 3^6:(L4(3)x2)
NAME L4(3)x2
NAME 3^6:2U4(3).2_1
NAME 2^8:O8+(2):2
NAME 2^8:O8-(2):2
NAME 3xU3(3).2
NAME 3.G2(3)M2
NAME 3.(3^(1+2)+x3^2):2S4
NAME 3.G2(3)M4
NAME 3.G2(3)M6
NAME 3xL2(8).3
NAME 3x2^3.L3(2)
NAME 3xL2(13)
NAME 3.2^(1+4)+:3^2.2
NAME 2.2^(4+6).(A5x3)
NAME Isoclinic(2xU3(4).2)
NAME Isoclinic(2xU3(3).2)
NAME 2.A5xA5
NAME U3(5)M2
NAME U3(5)M3
NAME U3(5)M6
NAME U3(5)M7
NAME 3.U3(5)M2
NAME 3.U3(5)M3
NAME 3x5^(1+2)_+:8
NAME 3.U3(5)M6
NAME 3.U3(5)M7
NAME 2.2^(3+3):7
NAME 2x13:4
NAME 2^2.2^(3+3):7
NAME 2^2x13:4
NAME 2^2xD14
NAME L3(7)M2
NAME L3(7)M4
NAME L3(7)M5
NAME 3x7^2:2.L2(7).2
NAME 3.L3(7)M2
NAME 3xL3(2).2
NAME 3.L3(7)M4
NAME 3.L3(7)M5
NAME 3x19:3
NAME 2.(A6xA6).2^2
NAME 2.(A8xA4).2
NAME 2.(A7xA5).2
NAME 2.2^5.S6
NAME 2^(1+6)_-.3^3.S4
NAME 2.3^4.2^3.S4
NAME 2.(2^4:A5)
NAME 2x3^(1+2)+:2A4
NAME (2x3^3).S4`
NAME 2.(2.(A4xA4).2)
NAME 3xF4(2)
NAME 3.2E6(2)M4
NAME 3.2E6(2)M5
NAME 3.2E6(2)M8
NAME 3.2E6(2)M9
NAME 6xF4(2)
NAME 3x2.F4(2)
NAME 6.2E6(2)M5
NAME 6x2.F4(2)
NAME (2^2x3).2E6(2)M4
NAME (2^2x3).2E6(2)M5
NAME 2x3.Fi22
NAME 6.2E6(2)M9
NAME 2x6.Fi22
NAME (2^2x3).2E6(2)M8
NAME (2^2x3).2E6(2)M9
NAME 2.D12
NAME 2.D14
NAME D16
NAME 2.D16
NAME D18
NAME 2.D18
NAME 2.D20
NAME D22
NAME 2.D22
NAME 2.D24
NAME D26
NAME 2.D26
NAME D28
NAME 2.D28
NAME D30
NAME 2.D30
NAME D32
NAME 2.D32
NAME (2x29).14
NAME 2x31:15
NAME 3^3:13
NAME 2x3^3:13
NAME 5^2:12
NAME (2x5^2).12
NAME L2(25)M3
NAME 2.L2(25)M3
NAME 2x23:11
NAME 2x19:9
NAME (2x17).8
NAME (2x13).6
NAME 6.A6M3
NAME 6.(A4x3).2
NAME 127:7
NAME 9:6
NAME 2^2.[2^9]:(7xS3)
NAME 2^(1+8)_+:L2(8):3
NAME 2^2.[2^9]:(7:3xS3)
NAME 3^(1+2)_+.(2S4x3)
NAME 3^2:2A4x3
NAME 2x(A4x3):2
NAME (2^4:S5x3).2
NAME 2^3:L3(2)xS3
NAME (L2(11)x3).2
NAME 3^5:(M10x2)
NAME (3xL3(4).2_2).2
NAME M11xS3
NAME 3.2^(2+4):(S3xS3)
NAME 3x2(A4xA4).2^2
NAME 3xM22C2A
NAME 3xJ1
NAME 3xL2(31)
NAME 3xONM8
NAME 3xL3(7).2
NAME 3xONM2
NAME 3x4^3.L3(2)
NAME 3xD8
NAME 3x5:8
NAME (3xL2(16):2).2
NAME [2^20]:(S3xL3(2))
NAME 2.F4(2)M5
NAME F4(2)M6
NAME 2.F4(2)M6
NAME F4(2)M13
NAME (L3(2)xL3(2)):2
NAME 2^(2+11+22).(M24xS3)
NAME 2^[39].(L3(2)x3.S6)
NAME [2^20]:A6.2^2
NAME [2^22]:(S3xS3):2
NAME 2F4(2)x2
NAME (S6wr2).2
NAME F4(2).2M8
NAME (L3(2)xL3(2)).4
NAME 2^(5+10+20).(S3xL5(2))
NAME 2^4:s5
NAME 2.M22M5
NAME 2.S4
NAME 23:11
NAME 2^3:sl(3,2)
NAME 2^4:(3xA5).2
NAME 2^4:a6
NAME 2.M22M2
NAME 3.M22M2
NAME 4.M22M2
NAME 6.M22M2
NAME 12.M22M2
NAME 2^4:3.S6
NAME 2^4:a7
NAME 3.2^4:a7
NAME 3.McLM10
NAME 2xA7
NAME 2x(3.A7)
NAME 2.(2xA7)
NAME 2.(2x3.A7)
NAME 3x2^4:s5
NAME 4.M22M5
NAME 3x2.M22M5
NAME 3x4.M22M5
NAME 2x2^3:L3(2)
NAME 2x2^3:L3(2)x2
NAME (2xA6).2^2
NAME 3x2^3:L3(2)
NAME 4.M22M6
NAME 6x2^3:L3(2)
NAME 3x4.M22M6
NAME (4xA6).2_3
NAME 6.M22M7
NAME 12.M22M7
NAME 2xL2(11)
NAME 2xL2(11).2
NAME 3xL2(11)
NAME 2.(2xL2(11))
NAME 6xL2(11)
NAME 3x2.(2xL2(11))
NAME McLM10
NAME 2^4:a8
NAME 2^6:(psl(3,2)xs3)
NAME 2^6:3.s6
NAME 2xS5
NAME 3^2.2.S4
NAME 4^2:D12
NAME 4^2:D12.2
NAME A4xS3
NAME M12M7
NAME M22.2M4
NAME M8.S4
NAME S4xS3
NAME 2xM11
NAME 2.HSM9
NAME 2.M12M2
NAME 2.A11M7
NAME 2.M12M4
NAME 2x3^2.2.S4
NAME 2.M12M7
NAME 2.M12M8
NAME 2.M12M9
NAME 2.M12M10
NAME 2.A4xS3
NAME (2^2xSz(8)):3
NAME (3^2:4xa6).2
NAME (3^2:4x2.A6).2
NAME (3xG2(3)):2
NAME (D10xU3(5)).2
NAME (a4xpsl(3,4)):2
NAME 2.(A4xL3(4)).2
NAME (a6xa5).2
NAME 2.(2^2xSz(8)):3
NAME 2.2.2^4+6:S5
NAME 2xA8
NAME 2.2^3+8:L3(2)
NAME 2.2^4+6:S5
NAME 2.2^6:u3(3):2
NAME 2.RuM1
NAME 2^(1+8).(A5xA5).2
NAME 2^1+6.psl(3,2)
NAME 2^1+6.u4q2
NAME 2.SuzM4
NAME 2^1+8.a9
NAME 2^1+8.2.A9
NAME 2^2+8(a5xs3)
NAME 2.SuzM9
NAME (2xL3(3)).2
NAME 2^2.psl(3,4).s3
NAME 2^3+8:L3(2)
NAME 2^3.2^2.2^6.(3xL3(2))
NAME 2^4+6:3a6
NAME 2.SuzM7
NAME 2^4.s6
NAME U4(3).2_1M10
NAME 2^5.S6
NAME 2.2^4.S6
NAME 2^4.(S4x2)
NAME 2^5.psl(5,2)
NAME 2^6.U4(2)
NAME 2^6.U4(2).2
NAME 2^6:u3(3):2
NAME 2xa6.2^2
NAME U4(3).(2^2)_{133}M11
NAME U4(3).(2^2)_{133}M12
NAME (2xA6.2^2).2
NAME 2.HSM11
NAME 3.3^(1+4):2S5
NAME 3.3^(1+4):4S5
NAME 2^(1+3):L3(2)
NAME 2^(2+4):(3x3):2
NAME 3.2^(2+4):(3x3):2
NAME 2^(1+1+2+2):S3
NAME 2^(2+4).S3
NAME 2^(2+4).(S3x2)
NAME 3.ONM5
NAME 31:15
NAME 31:30
NAME 37:18
NAME 47:23
NAME 3^(1+4):2S5
NAME 3^(1+4):4A5
NAME 3^(1+4):4S5
NAME 3^(1+6):2^(3+4):3^2:2
NAME 3^(1+6)_+:2^(3+4):(S3xS3)
NAME 3^(2+4):2A5.D8
NAME 3^2+4:2(2^2xa4)2
NAME 3^4:2(A4xA4).4
NAME 3^4:m10
NAME 3^5:M10
NAME 3^4.3^2.Q8
NAME 3.3^4.3^2.Q8
NAME 3xL3(4).2_2
NAME 3x2.A8
NAME 3xM11
NAME 3xONM11
NAME 3x5^(1+2):3:8
NAME 3^5:2S6
NAME 3^5:M11
NAME 3^6.M11
NAME 3x2.SuzM4
NAME 2x3^6.M11
NAME 3x2.J2.2
NAME 3x2.SuzM7
NAME 3x2.SuzM9
NAME 3xIsoclinic(2.M12.2)
NAME 4.2^4.S5
NAME 2^(1+6)_+:S5
NAME 2.HSM10
NAME 4.2^4:(2xS3)
NAME 4.2^4
NAME S4x2^2
NAME 4.2^4:S4
NAME J1x2
NAME 7^(1+2)_+:(3xD16)
NAME 4^3.L3(2)
NAME (3^2:4xA6).2^2
NAME 4^3.(L3(2)x2)
NAME 4^3:psl(3,2)
NAME 4^3:(L3(2)x2)
NAME 2.4^3.L3(2)
NAME 4^3:S4
NAME 5:4xa5
NAME 5:4xS5
NAME 5:4x2.A5
NAME 5:4xA4
NAME 5:4x2^2
NAME A4xC4
NAME D8xV4
NAME 5^(1+4):2^(1+4).5.4
NAME 5^(1+4):4S6
NAME 5^2.5.5^2.4A5
NAME 5^2:4s5
NAME 2xU3(5).2
NAME L2(25).(2x4)
NAME 2x5^2:4S5
NAME 3.A6.(2x4)
NAME Isoclinic(L2(13).2x2)
NAME 5^3.psl(3,5)
NAME 67:22
NAME 7:3xpsl(3,2)
NAME 7^2:(3x2S4)
NAME 7^2:2psl(2,7)
NAME LyM6
NAME ONM5
NAME ThM7
NAME ThN3B
NAME s4xpsl(3,2)
NAME 2^(1+6)_+.L3(2).2
NAME S4xL3(2).2
NAME 7:6xL3(2)
NAME 2^(1+6)_-.U4(2).2
NAME 3^5:(M11x2)
NAME J2.2x2
NAME 2^(4+6):3S6
NAME (A4xL3(4):2_3):2
NAME 2^(2+8):(S5xS3)
NAME M12.2x2
NAME 3^(2+4):2(S4xD8)
NAME (A6:2_2xA5).2
NAME (3^2:8xA6).2
NAME 3xG2(4)
NAME 3x2.G2(4)
NAME 2xU5(2)
NAME 3xU5(2)
NAME 3x2^(1+6)_-.U4(2)
NAME 3xJ2.2
NAME 3x2^(4+6).3A6
NAME (A4x3.L3(4)).2
NAME 3x2^(2+8):(A5xS3)
NAME 3xM12.2
NAME 3.3^(2+4):2(A4x2^2).2
NAME (3.A6xA5):2
NAME (3^(1+2):4xA6).2
NAME 3xL3(3).2
NAME 3xL2(25)
NAME (3xG2(4)).2
NAME (3xU5(2)).2
NAME (3x2^(1+6)_-.U4(2)).2
NAME 3^6:(M11x2)
NAME S3xJ2.2
NAME (3x2^(4+6):3A6).2
NAME (A4x3.L3(4).2_3).2
NAME (3x2^(2+8):(A5xS3)).2
NAME S3xM12.2
NAME 3.3^(2+4):2(S4xD8)
NAME (3.A6.2_2xA5):2
NAME (3^(1+2):8xA6).2
NAME (3xL2(25)).2_2
NAME 3^4:(M10x2)
NAME 2x3^5:M11
NAME 2.SuzM11
NAME 6.SuzM8
NAME 6.SuzM11
NAME 3x(2xL3(3)).2
NAME 3x2.L2(25)
NAME (3^(1+2):4x2.A6).2
NAME (A6x2.A5).2
NAME (3.A6x2.A5).2
NAME 2xU5(2).2
NAME Isoclinic(S8x2)
NAME Isoclinic(U3(5).2x2)
NAME 2.HSM3
NAME 2^(1+8)_+.(A5xA5).2^2
NAME 5:4xU3(5):2
NAME 5^(1+4)_+:(4Y2^(1+4)_-.5.4)
NAME (S6xS6).2^2
NAME 2^3.2^2.2^6.(S3xL3(2))
NAME 5^2.5.5^2.4S5
NAME 3^4:2(S4xS4).2
NAME HN.2M13
NAME (A4xG2(4)):2
NAME (A5xJ2):2
NAME (A6xU3(3)):2
NAME (A7xL2(7)):2
NAME (D10x(A5xA5).2).2
NAME 2.2^11:M24
NAME 2^(1+8)+.O8+(2)
NAME 2^(2+12):(A8xS3)
NAME 2^(4+10)(S5xS3)
NAME 2^(4+12).(S3x3S6)
NAME 2^1+4+6.a8
NAME 2^1+8:s6f2
NAME 2^10:m22:2
NAME 2^11:M24
NAME 2^2.[2^7*3^2].S3
NAME 2^4.a8
NAME 2xm12
NAME 3^(3+4):2(S4xS4)
NAME 3^1+4:2^1+4.s5
NAME 3^1+4:4s6
NAME 3^5:(2xm11)
NAME 3^6:2M12
NAME 5^(1+2):GL2(5)
NAME 5^2:2A5
NAME 5^3:(4xS5)
NAME A9xS3
NAME a4xs5
NAME s3xpsl(2,8).3
NAME 2xCo2
NAME 2xCo3
NAME 2xU6(2).3.2
NAME 2x3^6:2.M12
NAME 2.A9xS3
NAME 2x5^2:2A5
NAME (2^2x2^(1+8)).(3xU4(2)).2
NAME (3xO8+(3):3):2
NAME (A4xO8+(2).3).2
NAME (A5xA9):2
NAME 29:14
NAME 2^(5+8):(S3xA6)
NAME 2^(1+5+8).(S3xA6)
NAME 2x2F4(2)'
NAME 2^(6+8):(A7xS3)
NAME 2x3.O7(3)
NAME 6.Fi22M3
NAME 2xO7(3)
NAME 2.Fi22M3
NAME 3^(1+8).2^(1+6).3^(1+2).2S4
NAME 7:6xA7
NAME A6xL2(8):3
NAME Fi23M8
NAME S3xO7(3)
NAME S3xU4(3).(2^2)_{122}
NAME 2xS3xU4(3).(2^2)_{122}
NAME S3x2.U4(3).2_2
NAME 2xS3x2.U4(3).2_2
NAME S3xU4(3).2_2
NAME 2xS3xU4(3).2_2
NAME S4xS6(2)
NAME O8+(2):S3x2
NAME 3xO8+(2):S3
NAME 6xO8+(2):S3
NAME 2x2.U4(3).2_2
NAME 2^2.U4(3).(2^2)_{122}
NAME 2xU4(3).(2^2)_{122}
NAME 3x2.U4(3).(2^2)_{122}
NAME (S3x2.U4(3).2_2).2
NAME (2x2^(1+8)):U4(2):2
NAME (2x2^(1+8)):(U4(2):2x2)
NAME 2.(2x2^(1+8)):U4(2):2
NAME 3x(2x2^(1+8)):U4(2):2
NAME 3xA10.2
NAME 3xM12
NAME 3.(2x2^(1+8)):(U4(2):2x2)
NAME 3x2F4(2)'
NAME Fi22.2M4
NAME 2.(3^(1+6):2^(3+4):3^2:2)
NAME 2^12.3_1.U4(3).2_2'
NAME 2^(1+12).3_1.U4(3).2_2'
NAME 2^12.3^2.U4(3).2_2'
NAME 3.2^(1+12).3U4(3).2
NAME 3^3.[3^10].GL3(3)
NAME 2^12.M24
NAME 3xFi23
NAME 2^(5+8):(S3xS6)
NAME 3^5:(2xU4(2).2)
NAME 2.[2^6]:(S3xS3)
NAME 2^5:S6
NAME 2^6:L3(2)
NAME S3xS6
NAME (2^6x2^8):S6(2)
NAME (2^(1+8)x2^6):S6(2)
NAME 2.F4(2)M1
NAME F4(2)M2
NAME 2.F4(2)M2
NAME 3^6:L3(3)
NAME 3^(3+4):2(S4xA4)
NAME A4xU4(2)
NAME 2.(A4xU4(2))
NAME 2^(2+6):3^3:S3
NAME 2xU3(3).2
NAME (2x3.A6).2
NAME (2xL3(2)).2
NAME (3xM10):2
NAME 11:10
NAME 13:6
NAME 19:18
NAME 19:6
NAME 2.J2M8
NAME 2A4xA5
NAME 2A5xD10
NAME (2.A5xD10).2
NAME 2^(1+4).S5
NAME 2^(2+4):(S3xS3)
NAME 2^1+4b:a5
NAME 2^2+4.3xs3
NAME 2^{1+4}_-:2A5
NAME 2^{3+4}:(3xS3)
NAME 2xA5
NAME 2xU3(3)
NAME 37:12
NAME 3^2.3^(1+2):8.2
NAME 3x2^4:(3xA5)
NAME 3xL2(16).2
NAME 3xL2(19)
NAME 3xL2(17)
NAME 43:14
NAME 5^2:D12
NAME 7:6
NAME D6xD10
NAME (2^2xA5):2
NAME 2^3.(S4x2)
NAME F3+M7
NAME J4M4
NAME L2(17)x2
NAME a4xa5
NAME a5xd10
NAME D10xA5
NAME c2aj4
NAME frob
NAME j3m4
NAME j3m6
NAME 2^10:L5(2)
NAME O10+(2)M4
NAME (3xO8-(2)):2
NAME (A5xU4(2)):2
NAME mx1j4
NAME (A4xA5):2
NAME (A5xD10).2
NAME (D10xA5).2
NAME O8+(2)N5C
NAME (A5xA5):2
NAME (2.A5xA5):2
NAME L3(2).2x2
NAME 3^5.U4(2)
NAME 3.3^5.U4(2)
NAME C9Y3.3^5.U4(2)
NAME 2^24.Co1
NAME 2^1+24.Co1
NAME 2^1+24.2.Co1
NAME 2xF4(2)
NAME 2^2xF4(2)
NAME 2xF4(2).2
NAME (2^2xF4(2)):2
NAME 2x2.F4(2)
NAME 2^2.2E6(2)M4
NAME 2^2.2E6(2)M5
NAME 2.2E6(2)M5
NAME 2E6(2)M4
NAME 2E6(2)M5
NAME S3xFi22.2
NAME 2xFi22
NAME 2xFi22.2
NAME 2x2.Fi22
NAME 2^2.2E6(2)M8
NAME 2^2.2E6(2)M9
NAME 2.2E6(2)M9
NAME 2E6(2)M8
NAME 2E6(2)M9
NAME (L3(2)xL3(4)).2
NAME (L3(2)xL3(4).2_2).2
NAME 2E6(2)N3C
NAME 2E6(2).2N3C
NAME 2^2.Fi22.2
NAME 3x2.Fi22.2
NAME (S3x2.Fi22).2
NAME 2xFi23
NAME 2xTh
NAME S3xTh
NAME (3^2:D8xU4(3).2^2).2
NAME 2x47:23
NAME 59:29
NAME 41:40
NAME L3(3)xD8
NAME 5:4xHS.2
NAME S4x2F4(2)'.2
NAME A5.2xM22.2
NAME 5^2:4S4xS5
NAME 3^(3+6):(L3(3)xD8)
NAME 3^6.L4(3).D8
NAME 2^2.(U3(3).2xS4)
NAME 3^(1+8).2^(1+6).U4(2).2
NAME 3^2.3^3.3^6.(S4x2S4)
NAME (S6xL3(4).2).2
NAME 5^(1+4).2^(1+4).A5.4
NAME (S6xS6).4
NAME (D10xHN).2
NAME 7^(1+4):(3x2.S7)
NAME 2^(10+16).O10+(2)
NAME 3^8.O8-(3).2_3
NAME (3^2:2xO8+(3)).S4
NAME (2xO8+(3)).S4
NAME 3^(2+5+10).(M11x2S4)
NAME 3^(3+2+6+6):(L3(3)xSD16)
NAME (3^(1+2)+x3^2):2S4
NAME G2(3)M4
NAME 2^(1+4)+:3^2.2
NAME A5xA5
NAME 2.(A5xA5).2
NAME 2^(5+5):31
NAME 41:4
NAME 25:4
NAME D62
NAME D24
NAME D20
NAME S3xU4(2)
NAME 2xU4(3).2_2
NAME 2x3_1.U4(3).2_2
NAME O8+(3)M14
NAME (A4xU4(2)):2
NAME O8+(3)M19
NAME O8+(3)M20
NAME O8+(3)M21
NAME O8+(3)M22
NAME O8+(3)M23
NAME (A6xA6):2^2
NAME O8+(3)M25
NAME O8+(3)M26
NAME (A4wr2^2):2
NAME O8+(3)M27
NAME 2^8.A9
NAME 2..11.m23
NAME 2.2^8.f20
NAME 2^10:(2^5:s5)
NAME 2^2.2^8:s3
NAME 2.[2^9]:5:4
NAME 2^2.[2^9]:S3
NAME 2^6:u3(3)
NAME 2^{1+6}:3^{1+2}:2A4
NAME 2^(4+4):(3xA5)
NAME 3^4:S5
NAME 3.s7x2
NAME 4.s4
NAME 4^2:s3
NAME A11Syl2
NAME a4
NAME 2.L2(3)
NAME a5wc2
NAME S4(4)M6
NAME affine
NAME b33141
NAME bd10
NAME bd6
NAME bd8
NAME M22C2A
NAME M24C2B
NAME c3d2
NAME D120
NAME esp43t
NAME j2nd2
NAME 2^10:m22
NAME 2.Fi22M5
NAME 3.Fi22M5
NAME 6.Fi22M5
NAME 2^6:s6f2
NAME f22s2
NAME g61
NAME g61s1
NAME g72x16
NAME ghh
NAME gl25
NAME group2
NAME group3
NAME group5
NAME group6
NAME gs4
NAME h4
NAME hed3
NAME hess
NAME hsd2
NAME m12d2
NAME mo61
NAME 2^4:(S3xS3)
NAME mo62
NAME mo62p
NAME mo81
NAME 2^6:A8
NAME 2^(1+6)_+.A8
NAME ons1
NAME S3xU4(3)
NAME P1L62
NAME 2^6:L6(2)
NAME P1L82
NAME P2L62
NAME 2^10:(L5(2)xS3)
NAME P3L62
NAME 2^12:(L4(2)xL3(2))
NAME P2L82
NAME L3(4)Syl2
NAME M23C2A
NAME U72CT
NAME pap
NAME V4
NAME Q8
NAME M24C2A
NAME s2wrs2
NAME s2wrs3
NAME s2wrs4
NAME s2wrs5
NAME s3wrs2
NAME s3wrs3
NAME s4
NAME A6M5
NAME s4wrs2
NAME s5wrs2
NAME S4wrS3
NAME S3wrS4
NAME 2^6:S6
NAME A8.2N2
NAME s61p
NAME sl25ex
NAME D8x3^2:Q8
NAME suzd2
NAME suzdx
NAME suzs2
NAME twd5a
NAME w(d4)
NAME w(d5)
NAME w(f4)
NAME 2^4:3^2:4
NAME 2^6:3^(1+2).D8
NAME 3^(1+4):4S4
NAME 2^(4+4).(S3xS3).2
NAME 2.2^(2+2).2^(1+1+2+2):S4
NAME 2^(2+1+2).2^(1+1+2).2^2.S4
NAME 2^(4+10).(S4xS3)
NAME 5^(1+4):4.3^2:D8
NAME 2^11.2^6.3^(1+2).D8
NAME 2^(4+12).(S3x3^(1+2)_+:D8)
NAME 3^(1+10)_+:2^(1+6)_-:3^(1+2)_+:2S4
NAME 3^(1+10)_+:(2x2^(1+6)_-:3^(1+2)_+:2S4)
NAME 2^12:Sz(8)
NAME 2^10:M22'
NAME 2^12:J2
NAME 2.B
NAME B
NAME M
NAME (3^2:2xG2(3)).2
NAME (3xA6).2_1
NAME (A6xA6).D8
NAME 2.(A4xA4)
NAME 2.2^(2+8).(3xA5)
NAME 2F4(8)
NAME 2^(1+6)_-3.3.3^2:2
NAME 2^(2+8):(3xA5)
NAME 2^(4+6):(A5x3)
NAME 2^(4+8):(S3xA5)
NAME 2^5:L5(2)
NAME 2^6:U4(2)
NAME 2^8:O8-(2)
NAME 2^9.L3(4)
NAME 2.U6(2)M3
NAME 3.U6(2)M3
NAME 6.U6(2)M3
NAME 2^2.U6(2)M3
NAME (2^2x3).U6(2)M3
NAME 2xS6(2)
NAME 3.ONM6
NAME 3^(1+4).2U4(2)
NAME 3^(1+4).2U4(2).2
NAME 3^3.S4
NAME 3^3:A4
NAME 3^4.2U4(2)
NAME 3^4.2U4(2).2
NAME 3^4:(2xA5)
NAME 3^4:A6
NAME 2x3^4:A6
NAME 3^4:2.A6
NAME 2.(2x3^4:A6)
NAME 4.3^(1+4)_+.2S4
NAME 3^2.(3^4:A6)
NAME 3^2.(3^(1+4)_+.2S4)
NAME 3^6:L4(3)
NAME O8+(3)M8
NAME O8+(3)M9
NAME 3^7.O7(3)
NAME 5^(1+4):GL(2,5)
NAME 6xU5(2)
NAME 7^2:2.L2(7).2
NAME (7^2)b:2.L2(7).2
NAME A6.D8
NAME D8xL4(3).2_2
NAME M22.2M3
NAME O7(3).2x2
NAME O8-(3).2_1M4
NAME S4xU4(2).2
NAME O8-(3)M8
NAME 2^6:U4(2).2
NAME (S3xS3):2xS5
NAME 2^3.L3(2)
NAME S8(2)M3
NAME 2^10.A8
NAME (S6xS6):2
NAME 2^(3+8):(S3xS6)
NAME S3xS6(2)
NAME 2xS3xS6(2)
NAME 2^(6+6):(S3xL3(2))
NAME 2^8:S6(2)
NAME 2^6:S8
NAME 2^(1+4).S3
NAME 2x3.A6
NAME 7^1+2.6
NAME M12C4
NAME 1/2(8xS3)
NAME (2^2x3).2
NAME 4.2^2
NAME (4xA6).2^2
NAME 5^1+2.2A4
NAME 13^1+2.2A4
NAME 7^1+4.2A7
NAME 7xL2(8)
NAME (7xL2(8)).3
NAME O7(3)N3A
NAME 2^6:A7
NAME 2^8:S8
NAME 2^(1+8):S8
NAME 2^6:S5
NAME L3(2)wr2
NAME O10+(3)
NAME 2.O7(3)
NAME 2.O7(3).2
NAME Isoclinic(2.O7(3).2)
NAME 3.O7(3)
NAME 3.Fi22M3
NAME 3.O7(3).2
NAME 6.O7(3)
NAME 6.O7(3).2
NAME Isoclinic(6.O7(3).2)
NAME Fi22M3
NAME O7(3)
NAME O8+(3)M2
NAME O8+(3)M3
NAME O8+(3)M4
NAME O8+(3)M5
NAME O8+(3)M6
NAME O7(3).2
NAME O8-(3)M3
NAME 2.O8+(2)
NAME 2.O8+(2).2
NAME Isoclinic(2.O8+(2).2)
NAME 2^2.O8+(2)
NAME 2^2.O8+(2).2
NAME 2^2.O8+(2).3
NAME 2^2.O8+(2).3.2
NAME O8+(2)
NAME O8+(3)M11
NAME O8+(3)M12
NAME O8+(3)M13
NAME O8+(2).2
NAME O8+(2).3
NAME O8+(2).3.2
NAME F4(2)M8
NAME O8+(3)
NAME O8+(3).2_1
NAME O8+(3).2_1'
NAME O8+(3).2_1''
NAME O8+(3).2_2
NAME O8+(3).2_2'
NAME O8+(3).3
NAME O8+(3).3.2
NAME O8+(3).4
NAME O8+(3).(2^2)_{111}
NAME O8+(3).(2^2)_{122}
NAME O8+(3).D8
NAME O8+(3).A4
NAME O8+(3).S4
NAME 2.O8+(3)
NAME 2^2.O8+(3)
NAME 2^2.O8+(3).3
NAME O10+(2)
NAME O10+(2).2
NAME O10-(2)
NAME O10-(2).2
NAME O8-(2)
NAME O8-(2).2
NAME O8-(3)
NAME 2.O8-(3)
NAME O8-(3).2_1
NAME O8-(3).2_2
NAME O8-(3).2_3
NAME O8-(3).2^2
NAME O12-(2)
NAME O12-(2).2
NAME O12+(2)
NAME O12+(2).2
NAME O7(5)
NAME O7(5).2
NAME O9(3)
NAME 2.O9(3)
NAME O10-(3)
NAME 2.O10-(3)
NAME O8+(7)
NAME 2.O8+(7)
NAME O12+(3)
NAME 2_1.O12+(3)
NAME O12-(3)
NAME 2.HS
NAME 2.HS.2
NAME Isoclinic(2.HS.2)
NAME HS.2x2
NAME Isoclinic(2.HSx2)
NAME 4.HS.2
NAME 2.Ru
NAME 2.Suz
NAME 2.Suz.2
NAME Isoclinic(2.Suz.2)
NAME 3.McL
NAME 3.McL.2
NAME 3.ON
NAME 3.ON.2
NAME 3.Suz
NAME 3.Suz.2
NAME 6.Suz
NAME 6.Suz.2
NAME Isoclinic(6.Suz.2)
NAME F3+M14
NAME HN
NAME HN.2
NAME HS
NAME HS.2
NAME He
NAME He.2
NAME Ly
NAME McL
NAME McL.2
NAME ON
NAME ON.2
NAME Ru
NAME Suz
NAME Suz.2
NAME Th
NAME (3^(1+2)x2).SD16
NAME (2x3^(1+2)_+:8):2
NAME 11+^(1+2):(5x2S4)
NAME 2.HS.2N5
NAME 2^3.7.3
NAME 2^4:D8
NAME 2x(3^2.QD16)
NAME 3^(1+2):8
NAME 3^(1+2):D8
NAME 3^(1+2):SD16
NAME 3^2.3^(1+2):8
NAME 3^2:Q8
NAME 3^2:Q8.2
NAME 3^4:(3^2:Q8)
NAME 3^4:2^(1+4)D10
NAME 3^4:2^(1+4).(5:4)
NAME 3^5:(3^2:SD16)
NAME 4^3.D8
NAME 5^(1+2):(24:2)
NAME 5^(1+2):(8.2)
NAME 5^(1+2):3:8
NAME 5^(1+2):4S4
NAME 5^1+2:(2^5)
NAME 5^2:(4xS3)
NAME 5^2:4A4
NAME 7^(1+2):(D8x3)
NAME 7^(1+2):(S3x3)
NAME 7^(1+2):(S3x6)
NAME 7^2:(3x2A4)
NAME Co1N3
NAME Co3N2
NAME Co3N3
NAME Fi22N3
NAME Fi22N5
NAME HS.2N5
NAME HSN2
NAME J2N2
NAME J3N2
NAME LyN2
NAME LyN3
NAME LyN5
NAME M11N2
NAME M12N2
NAME M12N3
NAME M24N2
NAME McLN2
NAME RuN2
NAME (2^2xD14):3
NAME (2^2x13:4):3
NAME SuzN2
NAME ThN2
NAME ThN3
NAME 2.HSN3
NAME 5:4
NAME 2x5:4
NAME 5:4x3
NAME 6x5:4
NAME 11:5
NAME 2x11:5
NAME 17:8
NAME 17:16
NAME 19:9
NAME (3xD10).2
NAME 7:3xS3
NAME S3x7:6
NAME (A4xD10).2
NAME Co2N2
NAME 3^(1+4)_+:(S3xQD16)
NAME Co2N7
NAME Co1N5
NAME F3+N5
NAME S4x5^2:4S4
NAME BN7
NAME 11^2:(5x2.A5)
NAME 13^(1+2):(3x4S4)
NAME 13:4
NAME 13:12
NAME 2^(3+3):7
NAME 2^(3+3):7:3
NAME 7:6xA5.2
NAME HNN2
NAME [7^6]:(6x6)
NAME (3x13:6).2
NAME Fi23N3
NAME 2.S4(5)
NAME 2.S4(5).2
NAME Isoclinic(2.S4(5).2)
NAME 2.S6(2)
NAME 2.S6(3)
NAME 2.S6(3).2
NAME Isoclinic(2.S6(3).2)
NAME S10(2)
NAME S4(4)
NAME S4(4).2
NAME S4(4).4
NAME S4(5)
NAME S4(5).2
NAME S6(2)
NAME S6(3)
NAME S6(3).2
NAME S8(2)
NAME F4(2)M4
NAME S4(7)
NAME S4(8)
NAME S4(8).3
NAME S4(7).2
NAME S4(9)
NAME S4(9).2_1
NAME S4(9).2_2
NAME S4(9).2_3
NAME S4(9).2^2
NAME S6(4)
NAME S6(4).2
NAME S6(5)
NAME S8(3)
NAME S12(2)
NAME 2F4(2)'
NAME 2F4(2)'.2
NAME 3D4(2)
NAME 3D4(2).3
NAME F4(2)M10
NAME 3D4(3)
NAME 3D4(4)
NAME 2.2E6(2)
NAME 2.2E6(2).2
NAME 2^2.2E6(2)
NAME 2^2.2E6(2).2
NAME 2^2.2E6(2).3
NAME 2^2.2E6(2).3.2
NAME 2E6(2)
NAME 2E6(2).2
NAME 2E6(2).3
NAME 2E6(2).3.2
NAME 3.2E6(2)
NAME 3.2E6(2).2
NAME 6.2E6(2)
NAME 6.2E6(2).2
NAME (2^2x3).2E6(2)
NAME (2^2x3).2E6(2).2
NAME 12_1.U4(3)
NAME 12_1.U4(3).2_1
NAME 12_1.U4(3).2_2
NAME Isoclinic(12_1.U4(3).2_2)
NAME 12_1.U4(3).2_2'
NAME Isoclinic(12_1.U4(3).2_2')
NAME 12_2.U4(3)
NAME 12_2.U4(3).2_1
NAME 12_2.U4(3).2_3
NAME Isoclinic(12_2.U4(3).2_3)
NAME 12_2.U4(3).2_3'
NAME Isoclinic(12_2.U4(3).2_3')
NAME 2.U4(3)
NAME 2.U4(3).2_1
NAME Isoclinic(2.U4(3).2_1)
NAME 2.U4(3).2_2
NAME Isoclinic(2.U4(3).2_2)
NAME 2.U4(3).2_2'
NAME Isoclinic(2.U4(3).2_2')
NAME 2.U4(3).2_3
NAME Isoclinic(2.U4(3).2_3)
NAME 2.U4(3).2_3'
NAME Isoclinic(2.U4(3).2_3')
NAME 2.U4(3).4
NAME 2.U4(3).(2^2)_{122}
NAME 2.U4(3).(2^2)_{1*22}
NAME 2.U4(3).(2^2)_{12*2}
NAME 2.U4(3).(2^2)_{1*2*2}
NAME 2.U4(3).(2^2)_{12*2*}
NAME 2.U4(3).(2^2)_{1*2*2*}
NAME 2.U4(3).(2^2)_{133}
NAME 2.U4(3).(2^2)_{1*33}
NAME 2.U4(3).(2^2)_{13*3}
NAME 2.U4(3).(2^2)_{1*3*3}
NAME 2.U4(3).(2^2)_{13*3*}
NAME 2.U4(3).(2^2)_{1*3*3*}
NAME 2.U4(3).D8
NAME O8+(3)M16
NAME O8+(3)M17
NAME 3^2.U4(3)
NAME 3^2.U4(3).2_3'
NAME 3^2.U4(3).(2^2)_{133}
NAME 3^2.U4(3).D8
NAME 3_1.U4(3)
NAME 3_1.U4(3).2_1
NAME 3_1.U4(3).2_2
NAME 3_1.U4(3).2_2'
NAME 3_1.U4(3).(2^2)_{122}
NAME 3_2.U4(3)
NAME 3_2.U4(3).2_1
NAME 3_2.U4(3).2_3
NAME 3_2.U4(3).2_3'
NAME 3_2.U4(3).(2^2)_{133}
NAME 4.U4(3)
NAME 4.U4(3).2_1
NAME 4.U4(3).2_2
NAME Isoclinic(4.U4(3).2_2)
NAME 4.U4(3).2_3
NAME Isoclinic(4.U4(3).2_3)
NAME 4.U4(3).4
NAME 6_1.U4(3)
NAME 6_1.U4(3).2_1
NAME Isoclinic(6_1.U4(3).2_1)
NAME 6_1.U4(3).2_2
NAME Isoclinic(6_1.U4(3).2_2)
NAME 6_1.U4(3).2_2'
NAME Isoclinic(6_1.U4(3).2_2')
NAME 6_2.U4(3)
NAME 6_2.U4(3).2_1
NAME Isoclinic(6_2.U4(3).2_1)
NAME 6_2.U4(3).2_3
NAME Isoclinic(6_2.U4(3).2_3)
NAME 6_2.U4(3).2_3'
NAME Isoclinic(6_2.U4(3).2_3')
NAME U4(3)
NAME U4(3).(2^2)_{122}
NAME U4(3).(2^2)_{133}
NAME U4(3).2_1
NAME U4(3).2_2
NAME U4(3).2_2'
NAME U4(3).2_3
NAME U4(3).2_3'
NAME U4(3).4
NAME U4(3).D8
NAME (3^2x2).U4(3)
NAME (3^2x4).U4(3)
NAME (3^2x2).U4(3).2_3'
NAME Isoclinic((3^2x2).U4(3).2_3')
NAME 3.U3(5)
NAME 3.U3(5).2
NAME 3.U3(5).3
NAME Isoclinic(3.U3(5).3,1)
NAME Isoclinic(3.U3(5).3,2)
NAME 3.U3(5).S3
NAME 3.U3(8)
NAME 3.U3(8).2
NAME 3.U3(8).3_1
NAME 3.U3(8).3_2
NAME Isoclinic(3.U3(8).3_2,1)
NAME Isoclinic(3.U3(8).3_2,2)
NAME 3.U3(8).6
NAME 3.U3(8).S3
NAME Isoclinic(3.U3(8)x3)
NAME Isoclinic(U3(8).3_3x3)
NAME 9.U3(8).3_3
NAME HSM3
NAME U3(3)
NAME U3(3).2
NAME G2(3)M2
NAME U3(4)
NAME U3(4).2
NAME U3(4).4
NAME U3(5)
NAME U3(5).2
NAME U3(5).3
NAME U3(5).3.2
NAME U3(7)
NAME U3(7).2
NAME U3(8)
NAME U3(8).2
NAME U3(8).3_1
NAME U3(8).3_2
NAME U3(8).3_3
NAME U3(8).6
NAME U3(8).S3
NAME U3(8).3^2
NAME U3(8).(S3x3)
NAME U3(9)
NAME U3(9).2
NAME U3(9).4
NAME 2.U4(2)
NAME 2.U4(2).2
NAME Isoclinic(2.U4(2).2)
NAME 3.U3(11)
NAME 3.U3(11).2
NAME 3.U3(11).3
NAME Isoclinic(3.U3(11).3,1)
NAME Isoclinic(3.U3(11).3,2)
NAME 3.U3(11).S3
NAME U3(11)
NAME U3(11).2
NAME U3(11).3
NAME U3(11).S3
NAME U4(2)
NAME U4(2).2
NAME U4(3).2_1M4
NAME U5(2)
NAME U5(2).2
NAME 2.U6(2)
NAME 2.U6(2).2
NAME Isoclinic(2.U6(2).2)
NAME 2^2.U6(2)
NAME 2^2.U6(2).2
NAME 2^2.U6(2).3
NAME 2^2.U6(2).3.2
NAME 3.U6(2)
NAME 3.U6(2).2
NAME 3.U6(2).3
NAME Isoclinic(3.U6(2).3,1)
NAME Isoclinic(3.U6(2).3,2)
NAME 6.U6(2)
NAME 6.U6(2).2
NAME Isoclinic(6.U6(2).2)
NAME U6(2)
NAME U6(2).2
NAME U6(2).3
NAME U6(2).3.2
NAME 3.U6(2).3.2
NAME (2^2x3).U6(2)
NAME (2^2x3).U6(2).2
NAME (2^2x3).U6(2).3
NAME U4(4)
NAME U4(4).4
NAME U4(5)
NAME U4(5).2_1
NAME U4(5).2_2
NAME U4(5).2_3
NAME U4(5).2^2
NAME U5(4)
NAME U5(4).2
NAME U5(3)
NAME U7(2)
NAME U6(4)
NAME Alt(2)
NAME 2.Alt(2)
NAME Sym(2)
NAME 2.Sym(2)
NAME Alt(3)
NAME 2.Alt(3)
NAME Sym(3)
NAME 2.Sym(3)
NAME Alt(4)
NAME 2.Alt(4)
NAME Sym(4)
NAME 2.Sym(4)
NAME Alt(5)
NAME 2.Alt(5)
NAME Sym(5)
NAME 2.Sym(5)
NAME Alt(6)
NAME 2.Alt(6)
NAME Sym(6)
NAME 2.Sym(6)
NAME Alt(7)
NAME 2.Alt(7)
NAME Sym(7)
NAME 2.Sym(7)
NAME Alt(8)
NAME 2.Alt(8)
NAME Sym(8)
NAME 2.Sym(8)
NAME Alt(9)
NAME 2.Alt(9)
NAME Sym(9)
NAME 2.Sym(9)
NAME Alt(10)
NAME 2.Alt(10)
NAME Sym(10)
NAME 2.Sym(10)
NAME Alt(11)
NAME 2.Alt(11)
NAME Sym(11)
NAME 2.Sym(11)
NAME Alt(12)
NAME 2.Alt(12)
NAME Sym(12)
NAME 2.Sym(12)
NAME Alt(13)
NAME 2.Alt(13)
NAME Sym(13)
NAME 2.Sym(13)
NAME Alt(14)
NAME 2.Alt(14)
NAME Sym(14)
NAME 2.Sym(14)
NAME Alt(15)
NAME 2.Alt(15)
NAME Sym(15)
NAME 2.Sym(15)
NAME Alt(16)
NAME 2.Alt(16)
NAME Sym(16)
NAME 2.Sym(16)
NAME Alt(17)
NAME 2.Alt(17)
NAME Sym(17)
NAME 2.Sym(17)
NAME Alt(18)
NAME 2.Alt(18)
NAME Sym(18)
NAME 2.Sym(18)
NAME Alt(19)
NAME 2.Alt(19)
NAME Sym(19)
NAME 2.Sym(19)
