START_REFINE143 flagged_tables=11
ELEMENT143 name=4.A6.2_3 central_index=2 odd_root_classes=[  ]
REFINED143 name=4.A6.2_3 candidates=1 surviving_elements=0
ELEMENT143 name=12.A6.2_3 central_index=4 odd_root_classes=[  ]
ELEMENT143 name=12.A6.2_3 central_index=5 odd_root_classes=[  ]
ELEMENT143 name=12.A6.2_3 central_index=6 odd_root_classes=[  ]
REFINED143 name=12.A6.2_3 candidates=3 surviving_elements=0
ELEMENT143 name=2F4(2)'.2N2 central_index=2 odd_root_classes=[  ]
REFINED143 name=2F4(2)'.2N2 candidates=1 surviving_elements=0
ELEMENT143 name=P1/G2/L1/V1/ext4 central_index=35 odd_root_classes=[  ]
REFINED143 name=P1/G2/L1/V1/ext4 candidates=1 surviving_elements=0
ELEMENT143 name=P1/G2/L1/V2/ext4 central_index=35 odd_root_classes=[  ]
REFINED143 name=P1/G2/L1/V2/ext4 candidates=1 surviving_elements=0
ELEMENT143 name=4.L2(25).2_3 central_index=3 odd_root_classes=[  ]
REFINED143 name=4.L2(25).2_3 candidates=1 surviving_elements=0
ELEMENT143 name=4.L2(49).2_3 central_index=3 odd_root_classes=[  ]
REFINED143 name=4.L2(49).2_3 candidates=1 surviving_elements=0
ELEMENT143 name=4.L2(81).2_3 central_index=3 odd_root_classes=[  ]
REFINED143 name=4.L2(81).2_3 candidates=1 surviving_elements=0
ELEMENT143 name=4.L2(81).4_2 central_index=2 odd_root_classes=[  ]
REFINED143 name=4.L2(81).4_2 candidates=1 surviving_elements=0
ELEMENT143 name=2.[2^9]:5:4 central_index=2 odd_root_classes=[  ]
REFINED143 name=2.[2^9]:5:4 candidates=1 surviving_elements=0
ELEMENT143 name=M11N2 central_index=2 odd_root_classes=[  ]
REFINED143 name=M11N2 candidates=1 surviving_elements=0
DONE_REFINE143 tables=11 candidates=13 flagged_tables=0 surviving_elements=0
