CLASSICAL_CONTROL U 2 1 3 3 3 3 3
CLASSICAL_CONTROL U 2 2 18 15 9 6 9
CLASSICAL_CONTROL U 2 3 648 546 243 168 24
CLASSICAL_CONTROL U 2 4 77760 66312 35235 32832 60
CLASSICAL_CONTROL U 3 1 4 4 4 4 4
CLASSICAL_CONTROL U 3 2 96 92 64 60 16
CLASSICAL_CONTROL U 3 3 24192 23208 15232 14472 56
CLASSICAL_CONTROL U 4 1 5 5 5 5 5
CLASSICAL_CONTROL U 4 2 300 295 225 220 25
CLASSICAL_CONTROL U 4 3 312000 306860 229125 224960 110
CLASSICAL_CONTROL U 5 1 6 6 6 6 6
CLASSICAL_CONTROL U 5 2 720 714 576 570 36
CLASSICAL_CONTROL U 7 1 8 8 8 8 8
CLASSICAL_CONTROL U 7 2 2688 2680 2304 2296 64
CLASSICAL_CONTROL Sp 2 1 6 5 3 2 3
CLASSICAL_CONTROL Sp 2 2 720 564 225 144 11
CLASSICAL_CONTROL Sp 2 3 1451520 1154880 530145 465408 30
CLASSICAL_CONTROL Sp 3 1 24 22 8 6 7
CLASSICAL_CONTROL Sp 3 2 51840 47088 18560 16848 34
CLASSICAL_CONTROL Sp 4 1 60 59 45 44 5
CLASSICAL_CONTROL Sp 4 2 979200 950928 554625 530688 27
CLASSICAL_CONTROL Sp 5 1 120 118 72 70 9
CLASSICAL_CONTROL Sp 7 1 336 334 240 238 11
CLASSICAL_CONTROLS_DONE
