
DIAGRAM S7 42 [ [ 1, 3 ], [ 13, 3 ] ]
DIAGRAM U7 36 [ [ 1, 1 ], [ 5, 1 ], [ 8, 1 ], [ 11, 2 ] ]
DIAGRAM chain1 78 [ [ 1, 2 ], [ 2, 1 ], [ 5, 1 ], [ 8, 1 ], [ 11, 1 ], 
  [ 13, 2 ], [ 24, 1 ] ]
ALTERNATING_CONTROL 78 11
DIAGRAM chain2 120 [ [ 1, 3 ], [ 2, 2 ], [ 5, 1 ], [ 8, 1 ], [ 11, 1 ], 
  [ 13, 3 ], [ 24, 1 ], [ 26, 1 ] ]
ALTERNATING_CONTROL 120 11
DIAGRAM chain3 162 [ [ 1, 4 ], [ 2, 3 ], [ 5, 1 ], [ 8, 1 ], [ 11, 1 ], 
  [ 13, 4 ], [ 24, 1 ], [ 26, 2 ] ]
ALTERNATING_CONTROL 162 11
DIAGRAM chain5 246 [ [ 1, 6 ], [ 2, 5 ], [ 5, 1 ], [ 8, 1 ], [ 11, 1 ], 
  [ 13, 6 ], [ 24, 1 ], [ 26, 4 ] ]
ALTERNATING_CONTROL 246 11
DIAGRAM chain10 456 [ [ 1, 11 ], [ 2, 10 ], [ 5, 1 ], [ 8, 1 ], [ 11, 1 ], 
  [ 13, 11 ], [ 24, 1 ], [ 26, 9 ] ]

Traceback (most recent call last):
  File "/project/scripts/verify_15_92_diagrams.py", line 148, in <module>
    main()
  File "/project/scripts/verify_15_92_diagrams.py", line 142, in main
    assert p.returncode==0 and '15_92_GAP_DIAGRAMS_DONE' in contents
           ^^^^^^^^^^^^^^^^^^^^^^^^^^^^^^^^^^^^^^^^^^^^^^^^^^^^^^^^^
AssertionError
