PASS_ABELIANIZATION relators=22 invariants=[]
PASS_FALSE_WITNESS first_relators=14 full_relators_reject=true
TARGET label=A5 order=60 classes3=1 elements3=20 elements2=15 pairs=20 cube_triples=48 square_slots=0 witnesses=0 direct_relators=0
TARGET label=A6 order=360 classes3=2 elements3=80 elements2=45 pairs=160 cube_triples=288 square_slots=144 witnesses=0 direct_relators=0
TARGET label=A7 order=2520 classes3=2 elements3=350 elements2=105 pairs=700 cube_triples=1296 square_slots=648 witnesses=0 direct_relators=0
TARGET label=A8 order=20160 classes3=2 elements3=1232 elements2=315 pairs=2464 cube_triples=7776 square_slots=1656 witnesses=0 direct_relators=0
TARGET label=PSL2_4 order=60 classes3=1 elements3=20 elements2=15 pairs=20 cube_triples=48 square_slots=0 witnesses=0 direct_relators=0
TARGET label=PSL2_5 order=60 classes3=1 elements3=20 elements2=15 pairs=20 cube_triples=48 square_slots=0 witnesses=0 direct_relators=0
TARGET label=PSL2_7 order=168 classes3=1 elements3=56 elements2=21 pairs=56 cube_triples=96 square_slots=48 witnesses=0 direct_relators=0
TARGET label=PSL2_8 order=504 classes3=1 elements3=56 elements2=63 pairs=56 cube_triples=0 square_slots=0 witnesses=0 direct_relators=0
TARGET label=PSL2_9 order=360 classes3=2 elements3=80 elements2=45 pairs=160 cube_triples=288 square_slots=144 witnesses=0 direct_relators=0
TARGET label=PSL2_11 order=660 classes3=1 elements3=110 elements2=55 pairs=110 cube_triples=288 square_slots=0 witnesses=0 direct_relators=0
TARGET label=PSL2_13 order=1092 classes3=1 elements3=182 elements2=91 pairs=182 cube_triples=288 square_slots=0 witnesses=0 direct_relators=0
TARGET label=PSL2_16 order=4080 classes3=1 elements3=272 elements2=255 pairs=272 cube_triples=960 square_slots=0 witnesses=0 direct_relators=0
TARGET label=PSL2_17 order=2448 classes3=1 elements3=272 elements2=153 pairs=272 cube_triples=576 square_slots=144 witnesses=0 direct_relators=0
TARGET label=PSL2_19 order=3420 classes3=1 elements3=380 elements2=171 pairs=380 cube_triples=720 square_slots=0 witnesses=0 direct_relators=0
TARGET label=PSL2_23 order=6072 classes3=1 elements3=506 elements2=253 pairs=506 cube_triples=1152 square_slots=192 witnesses=0 direct_relators=0
TARGET label=PSL2_25 order=7800 classes3=1 elements3=650 elements2=325 pairs=650 cube_triples=1152 square_slots=192 witnesses=0 direct_relators=0
TARGET label=PSL2_27 order=9828 classes3=2 elements3=728 elements2=351 pairs=1456 cube_triples=3024 square_slots=0 witnesses=0 direct_relators=0
TARGET label=PSL2_29 order=12180 classes3=1 elements3=812 elements2=435 pairs=812 cube_triples=1680 square_slots=0 witnesses=0 direct_relators=0
TARGET label=PSL2_31 order=14880 classes3=1 elements3=992 elements2=465 pairs=992 cube_triples=1920 square_slots=240 witnesses=0 direct_relators=0
COMPLETE targets=19 witnesses=0 cpu_ms=1064 rows=[ [ "A5", 60, 1, 20, 15, 20, 48, 0, 0, 0 ], [ "A6", 360, 2, 80, 45, 160, 288, 144, 0, 0 ], [ "A7", 2520, 2, 350, 105, 700, 1296, 648, 0, 0 ], [ "A8", 20160, 2, 1232, 315, 2464, 7776, 1656, 0, 0 ], [ "PSL2_4", 60, 1, 20, 15, 20, 48, 0, 0, 0 ], [ "PSL2_5", 60, 1, 20, 15, 20, 48, 0, 0, 0 ], [ "PSL2_7", 168, 1, 56, 21, 56, 96, 48, 0, 0 ], [ "PSL2_8", 504, 1, 56, 63, 56, 0, 0, 0, 0 ], [ "PSL2_9", 360, 2, 80, 45, 160, 288, 144, 0, 0 ], [ "PSL2_11", 660, 1, 110, 55, 110, 288, 0, 0, 0 ], [ "PSL2_13", 1092, 1, 182, 91, 182, 288, 0, 0, 0 ], [ "PSL2_16", 4080, 1, 272, 255, 272, 960, 0, 0, 0 ], [ "PSL2_17", 2448, 1, 272, 153, 272, 576, 144, 0, 0 ], [ "PSL2_19", 3420, 1, 380, 171, 380, 720, 0, 0, 0 ], [ "PSL2_23", 6072, 1, 506, 253, 506, 1152, 192, 0, 0 ], [ "PSL2_25", 7800, 1, 650, 325, 650, 1152, 192, 0, 0 ], [ "PSL2_27", 9828, 2, 728, 351, 1456, 3024, 0, 0, 0 ], [ "PSL2_29", 12180, 1, 812, 435, 812, 1680, 0, 0, 0 ], [ "PSL2_31", 14880, 1, 992, 465, 992, 1920, 240, 0, 0 ] ]
