PROGRESS_1645 order 81 completed 15 unresolved 0
PROGRESS_1645 order 125 completed 20 unresolved 0
PROGRESS_1645_EXTENSION 128 5 completed 25 unresolved 0
PROGRESS_1645_EXTENSION 128 30 completed 50 unresolved 0
PROGRESS_1645_EXTENSION 128 55 completed 75 unresolved 0
PROGRESS_1645_EXTENSION 128 80 completed 100 unresolved 0
PROGRESS_1645_EXTENSION 128 105 completed 125 unresolved 0
PROGRESS_1645_EXTENSION 128 130 completed 150 unresolved 0
PROGRESS_1645_EXTENSION 128 155 completed 175 unresolved 0
PROGRESS_1645_EXTENSION 128 180 completed 200 unresolved 0
PROGRESS_1645_EXTENSION 128 205 completed 225 unresolved 0
PROGRESS_1645_EXTENSION 128 230 completed 250 unresolved 0
PROGRESS_1645_EXTENSION 128 255 completed 275 unresolved 0
PROGRESS_1645_EXTENSION 128 280 completed 300 unresolved 0
PROGRESS_1645_EXTENSION 128 305 completed 325 unresolved 0
PROGRESS_1645_EXTENSION 128 330 completed 350 unresolved 0
PROGRESS_1645_EXTENSION 128 355 completed 375 unresolved 0
PROGRESS_1645_EXTENSION 128 380 completed 400 unresolved 0
PROGRESS_1645_EXTENSION 128 405 completed 425 unresolved 0
PROGRESS_1645_EXTENSION 128 430 completed 450 unresolved 0
PROGRESS_1645_EXTENSION 128 455 completed 475 unresolved 0
PROGRESS_1645_EXTENSION 128 480 completed 500 unresolved 0
PROGRESS_1645_EXTENSION 128 505 completed 525 unresolved 0
PROGRESS_1645_EXTENSION 128 530 completed 550 unresolved 0
PROGRESS_1645_EXTENSION 128 555 completed 575 unresolved 0
PROGRESS_1645_EXTENSION 128 580 completed 600 unresolved 0
PROGRESS_1645_EXTENSION 128 605 completed 625 unresolved 0
PROGRESS_1645_EXTENSION 128 630 completed 650 unresolved 0
PROGRESS_1645_EXTENSION 128 655 completed 675 unresolved 0
PROGRESS_1645_EXTENSION 128 680 completed 700 unresolved 0
PROGRESS_1645_EXTENSION 128 705 completed 725 unresolved 0
PROGRESS_1645_EXTENSION 128 730 completed 750 unresolved 0
PROGRESS_1645_EXTENSION 128 755 completed 775 unresolved 0
PROGRESS_1645_EXTENSION 128 780 completed 800 unresolved 0
PROGRESS_1645_EXTENSION 128 805 completed 825 unresolved 0
PROGRESS_1645_EXTENSION 128 830 completed 850 unresolved 0
PROGRESS_1645_EXTENSION 128 855 completed 875 unresolved 0
PROGRESS_1645_EXTENSION 128 880 completed 900 unresolved 0
PROGRESS_1645_EXTENSION 128 905 completed 925 unresolved 0
PROGRESS_1645_EXTENSION 128 930 completed 950 unresolved 0
PROGRESS_1645_EXTENSION 128 955 completed 975 unresolved 0
PROGRESS_1645_EXTENSION 128 980 completed 1000 unresolved 0
PROGRESS_1645_EXTENSION 128 1005 completed 1025 unresolved 0
PROGRESS_1645_EXTENSION 128 1030 completed 1050 unresolved 0
PROGRESS_1645_EXTENSION 128 1055 completed 1075 unresolved 0
PROGRESS_1645_EXTENSION 128 1080 completed 1100 unresolved 0
PROGRESS_1645_EXTENSION 128 1105 completed 1125 unresolved 0
PROGRESS_1645_EXTENSION 128 1130 completed 1150 unresolved 0
PROGRESS_1645_EXTENSION 128 1155 completed 1175 unresolved 0
PROGRESS_1645_EXTENSION 128 1180 completed 1200 unresolved 0
PROGRESS_1645_EXTENSION 128 1205 completed 1225 unresolved 0
PROGRESS_1645_EXTENSION 128 1230 completed 1250 unresolved 0
PROGRESS_1645_EXTENSION 128 1255 completed 1275 unresolved 0
PROGRESS_1645_EXTENSION 128 1280 completed 1300 unresolved 0
PROGRESS_1645_EXTENSION 128 1305 completed 1325 unresolved 0
PROGRESS_1645_EXTENSION 128 1330 completed 1350 unresolved 0
PROGRESS_1645_EXTENSION 128 1355 completed 1375 unresolved 0
PROGRESS_1645_EXTENSION 128 1380 completed 1400 unresolved 0
PROGRESS_1645_EXTENSION 128 1405 completed 1425 unresolved 0
PROGRESS_1645_EXTENSION 128 1430 completed 1450 unresolved 0
PROGRESS_1645_EXTENSION 128 1455 completed 1475 unresolved 0
PROGRESS_1645_EXTENSION 128 1480 completed 1500 unresolved 0
PROGRESS_1645_EXTENSION 128 1505 completed 1525 unresolved 0
PROGRESS_1645_EXTENSION 128 1530 completed 1550 unresolved 0
PROGRESS_1645_EXTENSION 128 1555 completed 1575 unresolved 0
PROGRESS_1645_EXTENSION 128 1580 completed 1600 unresolved 0
PROGRESS_1645_EXTENSION 128 1605 completed 1625 unresolved 0
PROGRESS_1645_EXTENSION 128 1630 completed 1650 unresolved 0
PROGRESS_1645_EXTENSION 128 1655 completed 1675 unresolved 0
PROGRESS_1645_EXTENSION 128 1680 completed 1700 unresolved 0
PROGRESS_1645_EXTENSION 128 1705 completed 1725 unresolved 0
PROGRESS_1645_EXTENSION 128 1730 completed 1750 unresolved 0
PROGRESS_1645_EXTENSION 128 1755 completed 1775 unresolved 0
PROGRESS_1645_EXTENSION 128 1780 completed 1800 unresolved 0
PROGRESS_1645_EXTENSION 128 1805 completed 1825 unresolved 0
PROGRESS_1645_EXTENSION 128 1830 completed 1850 unresolved 0
PROGRESS_1645_EXTENSION 128 1855 completed 1875 unresolved 0
PROGRESS_1645_EXTENSION 128 1880 completed 1900 unresolved 0
PROGRESS_1645_EXTENSION 128 1905 completed 1925 unresolved 0
PROGRESS_1645_EXTENSION 128 1930 completed 1950 unresolved 0
PROGRESS_1645_EXTENSION 128 1955 completed 1975 unresolved 0
PROGRESS_1645_EXTENSION 128 1980 completed 2000 unresolved 0
PROGRESS_1645_EXTENSION 128 2005 completed 2025 unresolved 0
PROGRESS_1645_EXTENSION 128 2030 completed 2050 unresolved 0
PROGRESS_1645_EXTENSION 128 2055 completed 2075 unresolved 0
PROGRESS_1645_EXTENSION 128 2080 completed 2100 unresolved 0
PROGRESS_1645_EXTENSION 128 2105 completed 2125 unresolved 0
PROGRESS_1645_EXTENSION 128 2130 completed 2150 unresolved 0
PROGRESS_1645_EXTENSION 128 2155 completed 2175 unresolved 0
PROGRESS_1645_EXTENSION 128 2180 completed 2200 unresolved 0
PROGRESS_1645_EXTENSION 128 2205 completed 2225 unresolved 0
PROGRESS_1645_EXTENSION 128 2230 completed 2250 unresolved 0
PROGRESS_1645_EXTENSION 128 2255 completed 2275 unresolved 0
PROGRESS_1645_EXTENSION 128 2280 completed 2300 unresolved 0
PROGRESS_1645_EXTENSION 128 2305 completed 2325 unresolved 0
PROGRESS_1645 order 128 completed 2348 unresolved 0
PROGRESS_1645_EXTENSION 243 2 completed 2350 unresolved 0
PROGRESS_1645_EXTENSION 243 27 completed 2375 unresolved 0
PROGRESS_1645_EXTENSION 243 52 completed 2400 unresolved 0
PROGRESS_1645 order 243 completed 2415 unresolved 0
PROGRESS_1645 order 343 completed 2420 unresolved 0
PROGRESS_1645_EXTENSION 625 5 completed 2425 unresolved 0
PROGRESS_1645 order 625 completed 2435 unresolved 0
PASS_1645_EXTENSION
