[
  {
    "p": 2,
    "n": 1,
    "size": 8,
    "nilpotency_class": 2,
    "abelian_invariants": [
      2,
      2
    ],
    "projection_pairs": 256,
    "coverage": "all semidirect pairs",
    "associativity_controls": 1000
  },
  {
    "p": 2,
    "n": 2,
    "size": 32,
    "nilpotency_class": 3,
    "abelian_invariants": [
      2,
      4
    ],
    "projection_pairs": 4096,
    "coverage": "all semidirect pairs",
    "associativity_controls": 1000
  },
  {
    "p": 2,
    "n": 3,
    "size": 128,
    "nilpotency_class": 4,
    "abelian_invariants": [
      2,
      8
    ],
    "projection_pairs": 65536,
    "coverage": "all semidirect pairs",
    "associativity_controls": 1000
  },
  {
    "p": 3,
    "n": 1,
    "size": 27,
    "nilpotency_class": 2,
    "abelian_invariants": [
      3,
      3
    ],
    "projection_pairs": 6561,
    "coverage": "all semidirect pairs",
    "associativity_controls": 1000
  },
  {
    "p": 3,
    "n": 2,
    "size": 243,
    "nilpotency_class": 3,
    "abelian_invariants": [
      3,
      9
    ],
    "projection_pairs": 4000,
    "coverage": "4000 seeded pairs",
    "associativity_controls": 1000
  },
  {
    "p": 3,
    "n": 3,
    "size": 2187,
    "nilpotency_class": 4,
    "abelian_invariants": [
      3,
      27
    ],
    "projection_pairs": 4000,
    "coverage": "4000 seeded pairs",
    "associativity_controls": 1000
  },
  {
    "p": 5,
    "n": 1,
    "size": 125,
    "nilpotency_class": 2,
    "abelian_invariants": [
      5,
      5
    ],
    "projection_pairs": 390625,
    "coverage": "all semidirect pairs",
    "associativity_controls": 1000
  },
  {
    "p": 5,
    "n": 2,
    "size": 3125,
    "nilpotency_class": 3,
    "abelian_invariants": [
      5,
      25
    ],
    "projection_pairs": 4000,
    "coverage": "4000 seeded pairs",
    "associativity_controls": 1000
  },
  {
    "p": 5,
    "n": 3,
    "size": 78125,
    "nilpotency_class": 4,
    "abelian_invariants": [
      5,
      125
    ],
    "projection_pairs": 4000,
    "coverage": "4000 seeded pairs",
    "associativity_controls": 1000
  },
  {
    "p": 7,
    "n": 1,
    "size": 343,
    "nilpotency_class": 2,
    "abelian_invariants": [
      7,
      7
    ],
    "projection_pairs": 4000,
    "coverage": "4000 seeded pairs",
    "associativity_controls": 1000
  },
  {
    "p": 7,
    "n": 2,
    "size": 16807,
    "nilpotency_class": 3,
    "abelian_invariants": [
      7,
      49
    ],
    "projection_pairs": 4000,
    "coverage": "4000 seeded pairs",
    "associativity_controls": 1000
  },
  {
    "p": 7,
    "n": 3,
    "size": 823543,
    "nilpotency_class": 4,
    "abelian_invariants": [
      7,
      343
    ],
    "projection_pairs": 4000,
    "coverage": "4000 seeded pairs",
    "associativity_controls": 1000
  },
  {
    "p": 11,
    "n": 1,
    "size": 1331,
    "nilpotency_class": 2,
    "abelian_invariants": [
      11,
      11
    ],
    "projection_pairs": 4000,
    "coverage": "4000 seeded pairs",
    "associativity_controls": 1000
  },
  {
    "p": 11,
    "n": 2,
    "size": 161051,
    "nilpotency_class": 3,
    "abelian_invariants": [
      11,
      121
    ],
    "projection_pairs": 4000,
    "coverage": "4000 seeded pairs",
    "associativity_controls": 1000
  },
  {
    "p": 11,
    "n": 3,
    "size": 19487171,
    "nilpotency_class": 4,
    "abelian_invariants": [
      11,
      1331
    ],
    "projection_pairs": 4000,
    "coverage": "4000 seeded pairs",
    "associativity_controls": 1000
  }
]
PASS_17113_COORDINATES cases=15 projection_pairs=507074 associativity=15000
