TABLE name=A10 order=1814400 odd_rows=8 odd_columns=2 non2_columns=0
TABLE name=A11 order=19958400 odd_rows=8 odd_columns=2 non2_columns=0
TABLE name=A12 order=239500800 odd_rows=16 odd_columns=4 non2_columns=0
TABLE name=A13 order=3113510400 odd_rows=16 odd_columns=4 non2_columns=0
TABLE name=A14 order=43589145600 odd_rows=32 odd_columns=4 non2_columns=0
TABLE name=A5 order=60 odd_rows=4 odd_columns=2 non2_columns=0
TABLE name=A6M2 order=60 odd_rows=4 odd_columns=2 non2_columns=0
TABLE name=A6 order=360 odd_rows=4 odd_columns=2 non2_columns=0
TABLE name=A7 order=2520 odd_rows=4 odd_columns=2 non2_columns=0
TABLE name=A8 order=20160 odd_rows=8 odd_columns=2 non2_columns=0
TABLE name=A9 order=181440 odd_rows=8 odd_columns=2 non2_columns=0
TABLE name=A15 order=653837184000 odd_rows=32 odd_columns=4 non2_columns=0
TABLE name=A16 order=10461394944000 odd_rows=16 odd_columns=2 non2_columns=0
TABLE name=A17 order=177843714048000 odd_rows=16 odd_columns=2 non2_columns=0
TABLE name=A18 order=3201186852864000 odd_rows=16 odd_columns=2 non2_columns=0
TABLE name=A19 order=60822550204416000 odd_rows=16 odd_columns=2 non2_columns=
0
TABLE name=F4(2) order=3311126603366400 odd_rows=32 odd_columns=
4 non2_columns=0
TABLE name=G2(3) order=4245696 odd_rows=8 odd_columns=2 non2_columns=0
TABLE name=G2(4) order=251596800 odd_rows=16 odd_columns=2 non2_columns=0
TABLE name=G2(5) order=5859000000 odd_rows=8 odd_columns=2 non2_columns=0
TABLE name=G2(7) order=664376138496 odd_rows=8 odd_columns=2 non2_columns=0
TABLE name=R(27) order=10073444472 odd_rows=8 odd_columns=2 non2_columns=0
TABLE name=Sz(32) order=32537600 odd_rows=32 odd_columns=2 non2_columns=0
TABLE name=Sz(8) order=29120 odd_rows=8 odd_columns=2 non2_columns=0
TABLE name=Co1 order=4157776806543360000 odd_rows=32 odd_columns=
2 non2_columns=0
TABLE name=Co2 order=42305421312000 odd_rows=32 odd_columns=2 non2_columns=0
TABLE name=Co3 order=495766656000 odd_rows=16 odd_columns=2 non2_columns=0
TABLE name=J1 order=175560 odd_rows=8 odd_columns=2 non2_columns=0
TABLE name=J2 order=604800 odd_rows=8 odd_columns=2 non2_columns=0
TABLE name=J3 order=50232960 odd_rows=8 odd_columns=2 non2_columns=0
TABLE name=J4 order=86775571046077562880 odd_rows=32 odd_columns=
2 non2_columns=0
TABLE name=E6(2) order=214841575522005575270400 odd_rows=64 odd_columns=
2 non2_columns=0
TABLE name=F4(3) order=5734420792816671844761600 odd_rows=16 odd_columns=
2 non2_columns=0
TABLE name=Fi22 order=64561751654400 odd_rows=16 odd_columns=2 non2_columns=0
TABLE name=F3+ order=1255205709190661721292800 odd_rows=32 odd_columns=
2 non2_columns=0
TABLE name=Fi23 order=4089470473293004800 odd_rows=16 odd_columns=
4 non2_columns=0
TABLE name=C2 order=2 odd_rows=2 odd_columns=2 non2_columns=0
TABLE name=C3 order=3 odd_rows=3 odd_columns=3 non2_columns=2
TABLE name=J3M3 order=3420 odd_rows=4 odd_columns=2 non2_columns=0
TABLE name=L2(11) order=660 odd_rows=4 odd_columns=2 non2_columns=0
TABLE name=L2(13) order=1092 odd_rows=4 odd_columns=2 non2_columns=0
TABLE name=L2(16) order=4080 odd_rows=16 odd_columns=2 non2_columns=0
TABLE name=L2(17) order=2448 odd_rows=4 odd_columns=2 non2_columns=0
TABLE name=L2(19) order=3420 odd_rows=4 odd_columns=2 non2_columns=0
TABLE name=L2(23) order=6072 odd_rows=4 odd_columns=2 non2_columns=0
TABLE name=L2(25) order=7800 odd_rows=4 odd_columns=2 non2_columns=0
TABLE name=L2(27) order=9828 odd_rows=4 odd_columns=2 non2_columns=0
TABLE name=L2(29) order=12180 odd_rows=4 odd_columns=2 non2_columns=0
TABLE name=L2(31) order=14880 odd_rows=4 odd_columns=2 non2_columns=0
TABLE name=L2(32) order=32736 odd_rows=32 odd_columns=2 non2_columns=0
TABLE name=L2(8) order=504 odd_rows=8 odd_columns=2 non2_columns=0
TABLE name=ONM8 order=14880 odd_rows=4 odd_columns=2 non2_columns=0
TABLE name=L2(49) order=58800 odd_rows=4 odd_columns=2 non2_columns=0
TABLE name=L2(81) order=265680 odd_rows=4 odd_columns=2 non2_columns=0
TABLE name=L3(4) order=20160 odd_rows=8 odd_columns=2 non2_columns=0
TABLE name=L3(2) order=168 odd_rows=4 odd_columns=2 non2_columns=0
TABLE name=L3(3) order=5616 odd_rows=4 odd_columns=2 non2_columns=0
TABLE name=L3(5) order=372000 odd_rows=8 odd_columns=4 non2_columns=0
TABLE name=L3(7) order=1876896 odd_rows=4 odd_columns=2 non2_columns=0
TABLE name=L3(8) order=16482816 odd_rows=64 odd_columns=2 non2_columns=0
TABLE name=L3(9) order=42456960 odd_rows=16 odd_columns=8 non2_columns=0
TABLE name=L4(3) order=6065280 odd_rows=8 odd_columns=2 non2_columns=0
TABLE name=L5(2) order=9999360 odd_rows=16 odd_columns=2 non2_columns=0
TABLE name=L6(2) order=20158709760 odd_rows=32 odd_columns=2 non2_columns=0
TABLE name=L4(4) order=987033600 odd_rows=64 odd_columns=2 non2_columns=0
TABLE name=L7(2) order=163849992929280 odd_rows=64 odd_columns=2 non2_columns=
0
TABLE name=L5(3) order=237783237120 odd_rows=8 odd_columns=2 non2_columns=0
TABLE name=L2(37) order=25308 odd_rows=4 odd_columns=2 non2_columns=0
TABLE name=L2(41) order=34440 odd_rows=4 odd_columns=2 non2_columns=0
TABLE name=L2(43) order=39732 odd_rows=4 odd_columns=2 non2_columns=0
TABLE name=L2(47) order=51888 odd_rows=4 odd_columns=2 non2_columns=0
TABLE name=L2(53) order=74412 odd_rows=4 odd_columns=2 non2_columns=0
TABLE name=L2(59) order=102660 odd_rows=4 odd_columns=2 non2_columns=0
TABLE name=L2(61) order=113460 odd_rows=4 odd_columns=2 non2_columns=0
TABLE name=L2(64) order=262080 odd_rows=64 odd_columns=2 non2_columns=0
TABLE name=L2(67) order=150348 odd_rows=4 odd_columns=2 non2_columns=0
TABLE name=L2(71) order=178920 odd_rows=4 odd_columns=2 non2_columns=0
TABLE name=L2(73) order=194472 odd_rows=4 odd_columns=2 non2_columns=0
TABLE name=L2(79) order=246480 odd_rows=4 odd_columns=2 non2_columns=0
TABLE name=L2(83) order=285852 odd_rows=4 odd_columns=2 non2_columns=0
TABLE name=L2(89) order=352440 odd_rows=4 odd_columns=2 non2_columns=0
TABLE name=L2(97) order=456288 odd_rows=4 odd_columns=2 non2_columns=0
TABLE name=L2(101) order=515100 odd_rows=4 odd_columns=2 non2_columns=0
TABLE name=L2(103) order=546312 odd_rows=4 odd_columns=2 non2_columns=0
TABLE name=L2(107) order=612468 odd_rows=4 odd_columns=2 non2_columns=0
TABLE name=L2(109) order=647460 odd_rows=4 odd_columns=2 non2_columns=0
TABLE name=L2(113) order=721392 odd_rows=4 odd_columns=2 non2_columns=0
TABLE name=L2(121) order=885720 odd_rows=4 odd_columns=2 non2_columns=0
TABLE name=L2(125) order=976500 odd_rows=4 odd_columns=2 non2_columns=0
TABLE name=L4(5) order=7254000000 odd_rows=8 odd_columns=2 non2_columns=0
TABLE name=L4(9) order=50759843097600 odd_rows=8 odd_columns=2 non2_columns=0
TABLE name=L8(2) order=5348063769211699200 odd_rows=128 odd_columns=
2 non2_columns=0
TABLE name=L3(11) order=212427600 odd_rows=20 odd_columns=10 non2_columns=8
TABLE name=HSM9 order=7920 odd_rows=4 odd_columns=2 non2_columns=0
TABLE name=M11 order=7920 odd_rows=4 odd_columns=2 non2_columns=0
TABLE name=M12 order=95040 odd_rows=8 odd_columns=2 non2_columns=0
TABLE name=M12M2 order=7920 odd_rows=4 odd_columns=2 non2_columns=0
TABLE name=M22 order=443520 odd_rows=8 odd_columns=2 non2_columns=0
TABLE name=M23 order=10200960 odd_rows=8 odd_columns=2 non2_columns=0
TABLE name=M24 order=244823040 odd_rows=16 odd_columns=2 non2_columns=0
TABLE name=McLM3 order=443520 odd_rows=8 odd_columns=2 non2_columns=0
TABLE name=ONM11 order=7920 odd_rows=4 odd_columns=2 non2_columns=0
TABLE name=L3(4)M4 order=360 odd_rows=4 odd_columns=2 non2_columns=0
TABLE name=L3(4)M5 order=360 odd_rows=4 odd_columns=2 non2_columns=0
TABLE name=L3(4)M7 order=168 odd_rows=4 odd_columns=2 non2_columns=0
TABLE name=L3(4)M8 order=168 odd_rows=4 odd_columns=2 non2_columns=0
TABLE name=U4(3)M3 order=25920 odd_rows=8 odd_columns=2 non2_columns=0
TABLE name=U4(3)M12 order=2520 odd_rows=4 odd_columns=2 non2_columns=0
TABLE name=O8+(2)M2 order=1451520 odd_rows=16 odd_columns=4 non2_columns=0
TABLE name=O8+(2)M3 order=1451520 odd_rows=16 odd_columns=4 non2_columns=0
TABLE name=O8+(2)M8 order=181440 odd_rows=8 odd_columns=2 non2_columns=0
TABLE name=O8+(2)M9 order=181440 odd_rows=8 odd_columns=2 non2_columns=0
TABLE name=U6(2)M9 order=1451520 odd_rows=16 odd_columns=4 non2_columns=0
TABLE name=U6(2)M10 order=1451520 odd_rows=16 odd_columns=4 non2_columns=0
TABLE name=U6(2)M12 order=443520 odd_rows=8 odd_columns=2 non2_columns=0
TABLE name=U6(2)M13 order=443520 odd_rows=8 odd_columns=2 non2_columns=0
TABLE name=O7(3)M5 order=4245696 odd_rows=8 odd_columns=2 non2_columns=0
TABLE name=O7(3)M8 order=1451520 odd_rows=16 odd_columns=4 non2_columns=0
TABLE name=U3(5)M2 order=2520 odd_rows=4 odd_columns=2 non2_columns=0
TABLE name=U3(5)M3 order=2520 odd_rows=4 odd_columns=2 non2_columns=0
TABLE name=2E6(2)M4 order=3311126603366400 odd_rows=32 odd_columns=
4 non2_columns=0
TABLE name=2E6(2)M5 order=3311126603366400 odd_rows=32 odd_columns=
4 non2_columns=0
TABLE name=2E6(2)M8 order=64561751654400 odd_rows=16 odd_columns=
2 non2_columns=0
TABLE name=2E6(2)M9 order=64561751654400 odd_rows=16 odd_columns=
2 non2_columns=0
TABLE name=B order=4154781481226426191177580544000000 odd_rows=64 odd_columns=
2 non2_columns=0
TABLE name=M order=808017424794512875886459904961710757005754368000000000
  odd_rows=64 odd_columns=2 non2_columns=0
TABLE name=2F4(8) order=264905352699586176614400 odd_rows=64 odd_columns=
2 non2_columns=0
TABLE name=O10+(3) order=1289512799941305139200 odd_rows=16 odd_columns=
2 non2_columns=0
TABLE name=Fi22M3 order=4585351680 odd_rows=16 odd_columns=4 non2_columns=0
TABLE name=O7(3) order=4585351680 odd_rows=16 odd_columns=4 non2_columns=0
TABLE name=O8+(3)M2 order=4585351680 odd_rows=16 odd_columns=4 non2_columns=0
TABLE name=O8+(3)M3 order=4585351680 odd_rows=16 odd_columns=4 non2_columns=0
TABLE name=O8+(3)M4 order=4585351680 odd_rows=16 odd_columns=4 non2_columns=0
TABLE name=O8+(3)M5 order=4585351680 odd_rows=16 odd_columns=4 non2_columns=0
TABLE name=O8+(3)M6 order=4585351680 odd_rows=16 odd_columns=4 non2_columns=0
TABLE name=O8+(2) order=174182400 odd_rows=16 odd_columns=2 non2_columns=0
TABLE name=O8+(3)M11 order=174182400 odd_rows=16 odd_columns=2 non2_columns=0
TABLE name=O8+(3)M12 order=174182400 odd_rows=16 odd_columns=2 non2_columns=0
TABLE name=O8+(3)M13 order=174182400 odd_rows=16 odd_columns=2 non2_columns=0
TABLE name=O8+(3) order=4952179814400 odd_rows=16 odd_columns=2 non2_columns=0
TABLE name=O10+(2) order=23499295948800 odd_rows=32 odd_columns=
2 non2_columns=0
TABLE name=O10-(2) order=25015379558400 odd_rows=32 odd_columns=
2 non2_columns=0
TABLE name=O8-(2) order=197406720 odd_rows=16 odd_columns=2 non2_columns=0
TABLE name=O8-(3) order=10151968619520 odd_rows=32 odd_columns=4 non2_columns=
0
TABLE name=O12-(2) order=51615733565620224000 odd_rows=64 odd_columns=
2 non2_columns=0
TABLE name=O12+(2) order=50027557148216524800 odd_rows=64 odd_columns=
2 non2_columns=0
TABLE name=O7(5) order=228501000000000 odd_rows=16 odd_columns=4 non2_columns=
0
TABLE name=O9(3) order=65784756654489600 odd_rows=16 odd_columns=
2 non2_columns=0
TABLE name=O10-(3) order=650084965259666227200 odd_rows=16 odd_columns=
2 non2_columns=0
TABLE name=O8+(7) order=112554991177798901760000 odd_rows=16 odd_columns=
2 non2_columns=0
TABLE name=O12+(3) order=6762844700608770238252960972800 odd_rows=
32 odd_columns=2 non2_columns=0
TABLE name=O12-(3) order=13562847888583522730562256896000 odd_rows=
64 odd_columns=4 non2_columns=0
TABLE name=HN order=273030912000000 odd_rows=16 odd_columns=2 non2_columns=0
TABLE name=HS order=44352000 odd_rows=8 odd_columns=2 non2_columns=0
TABLE name=He order=4030387200 odd_rows=16 odd_columns=2 non2_columns=0
TABLE name=Ly order=51765179004000000 odd_rows=8 odd_columns=2 non2_columns=0
TABLE name=McL order=898128000 odd_rows=8 odd_columns=2 non2_columns=0
TABLE name=ON order=460815505920 odd_rows=8 odd_columns=2 non2_columns=0
TABLE name=Ru order=145926144000 odd_rows=8 odd_columns=2 non2_columns=0
TABLE name=Suz order=448345497600 odd_rows=16 odd_columns=2 non2_columns=0
TABLE name=Th order=90745943887872000 odd_rows=16 odd_columns=2 non2_columns=0
TABLE name=S10(2) order=24815256521932800 odd_rows=64 odd_columns=
4 non2_columns=0
TABLE name=S4(4) order=979200 odd_rows=16 odd_columns=4 non2_columns=0
TABLE name=S4(5) order=4680000 odd_rows=8 odd_columns=2 non2_columns=0
TABLE name=S6(2) order=1451520 odd_rows=16 odd_columns=4 non2_columns=0
TABLE name=S6(3) order=4585351680 odd_rows=32 odd_columns=2 non2_columns=0
TABLE name=S8(2) order=47377612800 odd_rows=32 odd_columns=4 non2_columns=0
TABLE name=F4(2)M4 order=47377612800 odd_rows=32 odd_columns=4 non2_columns=0
TABLE name=S4(7) order=138297600 odd_rows=8 odd_columns=2 non2_columns=0
TABLE name=S4(8) order=1056706560 odd_rows=64 odd_columns=4 non2_columns=0
TABLE name=S4(9) order=1721606400 odd_rows=8 odd_columns=2 non2_columns=0
TABLE name=S6(4) order=4106059776000 odd_rows=64 odd_columns=4 non2_columns=0
TABLE name=S6(5) order=228501000000000 odd_rows=32 odd_columns=2 non2_columns=
0
TABLE name=S8(3) order=65784756654489600 odd_rows=16 odd_columns=
2 non2_columns=0
TABLE name=S12(2) order=208114637736580743168000 odd_rows=128 odd_columns=
4 non2_columns=0
TABLE name=2F4(2)' order=17971200 odd_rows=8 odd_columns=2 non2_columns=0
TABLE name=3D4(2) order=211341312 odd_rows=16 odd_columns=2 non2_columns=0
TABLE name=3D4(3) order=20560831566912 odd_rows=8 odd_columns=2 non2_columns=0
TABLE name=3D4(4) order=67802350642790400 odd_rows=256 odd_columns=
2 non2_columns=0
TABLE name=2E6(2) order=76532479683774853939200 odd_rows=32 odd_columns=
2 non2_columns=0
TABLE name=U4(3) order=3265920 odd_rows=8 odd_columns=2 non2_columns=0
TABLE name=U3(3) order=6048 odd_rows=8 odd_columns=4 non2_columns=0
TABLE name=U3(4) order=62400 odd_rows=16 odd_columns=2 non2_columns=0
TABLE name=U3(5) order=126000 odd_rows=4 odd_columns=2 non2_columns=0
TABLE name=U3(7) order=5663616 odd_rows=16 odd_columns=8 non2_columns=0
TABLE name=U3(8) order=5515776 odd_rows=24 odd_columns=2 non2_columns=0
TABLE name=U3(9) order=42573600 odd_rows=20 odd_columns=10 non2_columns=8
TABLE name=U3(11) order=70915680 odd_rows=8 odd_columns=4 non2_columns=0
TABLE name=U4(2) order=25920 odd_rows=8 odd_columns=2 non2_columns=0
TABLE name=U5(2) order=13685760 odd_rows=16 odd_columns=2 non2_columns=0
TABLE name=U6(2) order=9196830720 odd_rows=16 odd_columns=2 non2_columns=0
TABLE name=U4(4) order=1018368000 odd_rows=64 odd_columns=2 non2_columns=0
TABLE name=U4(5) order=14742000000 odd_rows=8 odd_columns=2 non2_columns=0
TABLE name=U5(4) order=53443952640000 odd_rows=56 odd_columns=2 non2_columns=0
TABLE name=U5(3) order=258190571520 odd_rows=16 odd_columns=4 non2_columns=0
TABLE name=U7(2) order=227787103272960 odd_rows=64 odd_columns=2 non2_columns=
0
TABLE name=U6(4) order=1120527288631296000000 odd_rows=1024 odd_columns=
2 non2_columns=0
TABLE name=2.Alt(2) order=2 odd_rows=2 odd_columns=2 non2_columns=0
TABLE name=Sym(2) order=2 odd_rows=2 odd_columns=2 non2_columns=0
TABLE name=Alt(3) order=3 odd_rows=3 odd_columns=3 non2_columns=2
TABLE name=Alt(5) order=60 odd_rows=4 odd_columns=2 non2_columns=0
TABLE name=Alt(6) order=360 odd_rows=4 odd_columns=2 non2_columns=0
TABLE name=Alt(7) order=2520 odd_rows=4 odd_columns=2 non2_columns=0
TABLE name=Alt(8) order=20160 odd_rows=8 odd_columns=2 non2_columns=0
TABLE name=Alt(9) order=181440 odd_rows=8 odd_columns=2 non2_columns=0
TABLE name=Alt(10) order=1814400 odd_rows=8 odd_columns=2 non2_columns=0
TABLE name=Alt(11) order=19958400 odd_rows=8 odd_columns=2 non2_columns=0
TABLE name=Alt(12) order=239500800 odd_rows=16 odd_columns=4 non2_columns=0
TABLE name=Alt(13) order=3113510400 odd_rows=16 odd_columns=4 non2_columns=0
TABLE name=Alt(14) order=43589145600 odd_rows=32 odd_columns=4 non2_columns=0
TABLE name=Alt(15) order=653837184000 odd_rows=32 odd_columns=4 non2_columns=0
TABLE name=Alt(16) order=10461394944000 odd_rows=16 odd_columns=
2 non2_columns=0
TABLE name=Alt(17) order=177843714048000 odd_rows=16 odd_columns=
2 non2_columns=0
TABLE name=Alt(18) order=3201186852864000 odd_rows=16 odd_columns=
2 non2_columns=0
TABLE name=Alt(19) order=60822550204416000 odd_rows=16 odd_columns=
2 non2_columns=0
DONE tables=2750 simple_tables=215 pairs=12606 non2_tables=4 non2_pairs=
332 hits=0
