     ● G  GAP 4.16.1 of 2026-08-23
  ● ●  A  https://www.gap-system.org
     ● P  Architecture: x86_64-pc-linux-gnu-default64-kv11
 Configuration:  gmp 6.3.0, GASMAN, readline
 Loading the library and packages ...
 Packages:   AClib 1.4, Alnuth 4.0.2, AtlasRep 2.1.12, AutoDoc 2026.06.30, 
             AutPGrp 1.12.0, Browse 1.8.23, CaratInterface 2.3.11, 
             CRISP 1.4.11, Cryst 4.1.32, CrystCat 1.1.13, CTblLib 1.3.11, 
             FactInt 1.7.0, FGA 1.5.0, Forms 1.3.0, GAPDoc 1.6.10, 
             genss 1.6.10, IO 4.10.0, IRREDSOL 1.4.6, LAGUNA 3.10.1, 
             orb 5.1.0, PackageManager 1.6.4, Polenta 1.3.11, Polycyclic 2.18, 
             PrimGrp 4.0.3, RadiRoot 2.10, recog 1.5.1, ResClasses 4.7.4, 
             SmallGrp 1.7.0, Sophus 1.27, SpinSym 1.5.2, StandardFF 1.0, 
             TomLib 1.2.11, TransGrp 3.6.5, utils 0.98
 Try '??help' for help. See also '?copyright', '?cite' and '?authors'
ABELIANIZATION n=2 C2_factors=3 C4_factors=2 order=128 PASS
ABELIANIZATION n=3 C2_factors=15 C4_factors=3 order=2097152 PASS
ABELIANIZATION n=4 C2_factors=50 C4_factors=4 order=288230376151711744 PASS
ABELIANIZATION n=5 C2_factors=140 C4_factors=5 order=
1427247692705959881058285969449495136382746624 PASS
FINITE_QUOTIENT order=256 id=[ 256, 26974 ] centre=64 derived=2 exponent=
4 PASS
DONE 17.33 independent presentation controls PASS
