{
  "status": "PASS",
  "incidence": [
    [
      5,
      false,
      10,
      5,
      5
    ],
    [
      6,
      false,
      15,
      6,
      30
    ],
    [
      7,
      false,
      21,
      7,
      105
    ],
    [
      8,
      false,
      28,
      8,
      280
    ],
    [
      9,
      false,
      36,
      9,
      630
    ],
    [
      6,
      true,
      15,
      6,
      30
    ]
  ],
  "finite_groups": 14,
  "table_associativity_checks": 3624,
  "main_centralizers": 14,
  "padded_centralizers": 28,
  "centralizer_rows": [
    [
      "C1",
      1,
      5,
      1
    ],
    [
      "C1",
      1,
      6,
      1
    ],
    [
      "C2",
      2,
      11,
      2
    ],
    [
      "C2",
      2,
      12,
      2
    ],
    [
      "C3",
      3,
      21,
      3
    ],
    [
      "C3",
      3,
      22,
      3
    ],
    [
      "C4",
      4,
      35,
      4
    ],
    [
      "C4",
      4,
      36,
      4
    ],
    [
      "C5",
      5,
      53,
      5
    ],
    [
      "C5",
      5,
      54,
      5
    ],
    [
      "C6",
      6,
      75,
      6
    ],
    [
      "C6",
      6,
      76,
      6
    ],
    [
      "C7",
      7,
      101,
      7
    ],
    [
      "C7",
      7,
      102,
      7
    ],
    [
      "C8",
      8,
      131,
      8
    ],
    [
      "C8",
      8,
      132,
      8
    ],
    [
      "C2xC2",
      4,
      35,
      4
    ],
    [
      "C2xC2",
      4,
      36,
      4
    ],
    [
      "C4xC2",
      8,
      131,
      8
    ],
    [
      "C4xC2",
      8,
      132,
      8
    ],
    [
      "C2xC2xC2",
      8,
      131,
      8
    ],
    [
      "C2xC2xC2",
      8,
      132,
      8
    ],
    [
      "D8",
      8,
      131,
      8
    ],
    [
      "D8",
      8,
      132,
      8
    ],
    [
      "Q8",
      8,
      131,
      8
    ],
    [
      "Q8",
      8,
      132,
      8
    ],
    [
      "S3",
      6,
      75,
      6
    ],
    [
      "S3",
      6,
      76,
      6
    ]
  ],
  "seconds": 0.09341431874781847
}
