ORDER_18120 32 groups 51 factorizations 0 flags 0
PROGRESS_18120 64 49 groups 100 factorizations 0 flags 0
PROGRESS_18120 64 149 groups 200 factorizations 0 flags 0
PROGRESS_18120 64 249 groups 300 factorizations 0 flags 0
ORDER_18120 64 groups 318 factorizations 0 flags 0
ORDER_18120 81 groups 333 factorizations 0 flags 0
ORDER_18120 125 groups 338 factorizations 0 flags 0
PROGRESS_18120 128 62 groups 400 factorizations 0 flags 0
PROGRESS_18120 128 162 groups 500 factorizations 416 flags 0
PROGRESS_18120 128 262 groups 600 factorizations 416 flags 0
PROGRESS_18120 128 362 groups 700 factorizations 416 flags 0
PROGRESS_18120 128 462 groups 800 factorizations 416 flags 0
PROGRESS_18120 128 562 groups 900 factorizations 416 flags 0
PROGRESS_18120 128 662 groups 1000 factorizations 416 flags 0
PROGRESS_18120 128 762 groups 1100 factorizations 416 flags 0
PROGRESS_18120 128 862 groups 1200 factorizations 416 flags 0
PROGRESS_18120 128 962 groups 1300 factorizations 416 flags 0
PROGRESS_18120 128 1062 groups 1400 factorizations 480 flags 0
PROGRESS_18120 128 1162 groups 1500 factorizations 480 flags 0
PROGRESS_18120 128 1262 groups 1600 factorizations 480 flags 0
PROGRESS_18120 128 1362 groups 1700 factorizations 480 flags 0
PROGRESS_18120 128 1462 groups 1800 factorizations 480 flags 0
PROGRESS_18120 128 1562 groups 1900 factorizations 480 flags 0
PROGRESS_18120 128 1662 groups 2000 factorizations 480 flags 0
PROGRESS_18120 128 1762 groups 2100 factorizations 480 flags 0
PROGRESS_18120 128 1862 groups 2200 factorizations 480 flags 0
PROGRESS_18120 128 1962 groups 2300 factorizations 480 flags 0
PROGRESS_18120 128 2062 groups 2400 factorizations 480 flags 0
PROGRESS_18120 128 2162 groups 2500 factorizations 480 flags 0
PROGRESS_18120 128 2262 groups 2600 factorizations 480 flags 0
ORDER_18120 128 groups 2666 factorizations 480 flags 0
PROGRESS_18120 243 34 groups 2700 factorizations 480 flags 0
ORDER_18120 243 groups 2733 factorizations 480 flags 0
ORDER_18120 343 groups 2738 factorizations 480 flags 0
ORDER_18120 625 groups 2753 factorizations 480 flags 0
PROGRESS_18120 729 47 groups 2800 factorizations 480 flags 0
PROGRESS_18120 729 147 groups 2900 factorizations 723 flags 0
PROGRESS_18120 729 247 groups 3000 factorizations 723 flags 0
PROGRESS_18120 729 347 groups 3100 factorizations 723 flags 0
PROGRESS_18120 729 447 groups 3200 factorizations 723 flags 0
ORDER_18120 729 groups 3257 factorizations 723 flags 0
PASS_18120_PILOT
