     ● G  GAP 4.16.1 of 2026-08-23
  ● ●  A  https://www.gap-system.org
     ● P  Architecture: x86_64-pc-linux-gnu-default64-kv11
 Configuration:  gmp 6.3.0, GASMAN, readline
 Loading the library and packages ...
 Packages:   AClib 1.4, Alnuth 4.0.2, AtlasRep 2.1.12, AutoDoc 2026.06.30, 
             AutPGrp 1.12.0, Browse 1.8.23, CaratInterface 2.3.11, 
             CRISP 1.4.11, Cryst 4.1.32, CrystCat 1.1.13, CTblLib 1.3.11, 
             FactInt 1.7.0, FGA 1.5.0, Forms 1.3.0, GAPDoc 1.6.10, 
             genss 1.6.10, IO 4.10.0, IRREDSOL 1.4.6, LAGUNA 3.10.1, 
             orb 5.1.0, PackageManager 1.6.4, Polenta 1.3.11, Polycyclic 2.18, 
             PrimGrp 4.0.3, RadiRoot 2.10, recog 1.5.1, ResClasses 4.7.4, 
             SmallGrp 1.7.0, Sophus 1.27, SpinSym 1.5.2, StandardFF 1.0, 
             TomLib 1.2.11, TransGrp 3.6.5, utils 0.98
 Try '??help' for help. See also '?copyright', '?cite' and '?authors'
BEGIN dimension=4 field=5
GROUP n=4 d=1 k=1 order=6144 cyclic=false affine_classes=190 ms=131
GROUP n=4 d=1 k=2 order=3072 cyclic=false affine_classes=140 ms=93
GROUP n=4 d=1 k=3 order=2048 cyclic=false affine_classes=230 ms=134
GROUP n=4 d=1 k=4 order=1024 cyclic=false affine_classes=220 ms=120
GROUP n=4 d=1 k=5 order=1024 cyclic=false affine_classes=190 ms=104
GROUP n=4 d=1 k=6 order=512 cyclic=false affine_classes=152 ms=132
GROUP n=4 d=1 k=7 order=512 cyclic=false affine_classes=134 ms=108
GROUP n=4 d=1 k=8 order=1536 cyclic=false affine_classes=88 ms=56
GROUP n=4 d=1 k=9 order=3072 cyclic=false affine_classes=116 ms=81
GROUP n=4 d=1 k=10 order=3072 cyclic=false affine_classes=104 ms=69
GROUP n=4 d=1 k=11 order=1024 cyclic=false affine_classes=148 ms=93
GROUP n=4 d=1 k=12 order=1024 cyclic=false affine_classes=136 ms=86
GROUP n=4 d=1 k=13 order=1024 cyclic=false affine_classes=136 ms=89
GROUP n=4 d=1 k=14 order=1024 cyclic=false affine_classes=130 ms=77
GROUP n=4 d=1 k=15 order=512 cyclic=false affine_classes=116 ms=106
GROUP n=4 d=1 k=16 order=512 cyclic=false affine_classes=110 ms=90
GROUP n=4 d=1 k=17 order=128 cyclic=false affine_classes=95 ms=72
GROUP n=4 d=1 k=18 order=128 cyclic=false affine_classes=71 ms=58
GROUP n=4 d=1 k=19 order=128 cyclic=false affine_classes=74 ms=54
GROUP n=4 d=1 k=20 order=128 cyclic=false affine_classes=56 ms=50
GROUP n=4 d=1 k=21 order=256 cyclic=false affine_classes=106 ms=87
GROUP n=4 d=1 k=22 order=256 cyclic=false affine_classes=88 ms=74
GROUP n=4 d=1 k=23 order=384 cyclic=false affine_classes=69 ms=71
GROUP n=4 d=1 k=24 order=384 cyclic=false affine_classes=56 ms=63
GROUP n=4 d=1 k=25 order=768 cyclic=false affine_classes=93 ms=58
GROUP n=4 d=1 k=26 order=768 cyclic=false affine_classes=64 ms=42
GROUP n=4 d=1 k=27 order=256 cyclic=false affine_classes=106 ms=81
GROUP n=4 d=1 k=28 order=256 cyclic=false affine_classes=94 ms=73
GROUP n=4 d=1 k=29 order=512 cyclic=false affine_classes=152 ms=106
GROUP n=4 d=1 k=30 order=512 cyclic=false affine_classes=98 ms=93
GROUP n=4 d=1 k=31 order=256 cyclic=false affine_classes=73 ms=60
GROUP n=4 d=1 k=32 order=256 cyclic=false affine_classes=64 ms=62
GROUP n=4 d=1 k=33 order=512 cyclic=false affine_classes=104 ms=93
GROUP n=4 d=1 k=34 order=512 cyclic=false affine_classes=104 ms=91
GROUP n=4 d=1 k=35 order=128 cyclic=false affine_classes=71 ms=62
GROUP n=4 d=1 k=36 order=256 cyclic=false affine_classes=94 ms=83
GROUP n=4 d=1 k=37 order=128 cyclic=false affine_classes=56 ms=46
GROUP n=4 d=1 k=38 order=256 cyclic=false affine_classes=73 ms=66
GROUP n=4 d=1 k=39 order=64 cyclic=false affine_classes=106 ms=57
GROUP n=4 d=1 k=40 order=192 cyclic=false affine_classes=78 ms=54
GROUP n=4 d=1 k=41 order=384 cyclic=false affine_classes=105 ms=76
GROUP n=4 d=1 k=42 order=384 cyclic=false affine_classes=60 ms=70
GROUP n=4 d=1 k=43 order=128 cyclic=false affine_classes=119 ms=68
GROUP n=4 d=1 k=44 order=128 cyclic=false affine_classes=74 ms=59
GROUP n=4 d=1 k=45 order=64 cyclic=false affine_classes=88 ms=56
GROUP n=4 d=1 k=46 order=256 cyclic=false affine_classes=106 ms=106
GROUP n=4 d=1 k=47 order=256 cyclic=false affine_classes=88 ms=90
GROUP n=4 d=1 k=48 order=256 cyclic=false affine_classes=88 ms=87
GROUP n=4 d=1 k=49 order=256 cyclic=false affine_classes=76 ms=85
GROUP n=4 d=1 k=50 order=64 cyclic=false affine_classes=100 ms=67
GROUP n=4 d=1 k=51 order=64 cyclic=false affine_classes=64 ms=54
GROUP n=4 d=1 k=52 order=64 cyclic=false affine_classes=64 ms=64
GROUP n=4 d=1 k=53 order=32 cyclic=false affine_classes=95 ms=54
GROUP n=4 d=1 k=54 order=32 cyclic=false affine_classes=71 ms=48
GROUP n=4 d=1 k=55 order=64 cyclic=false affine_classes=64 ms=50
GROUP n=4 d=1 k=56 order=64 cyclic=false affine_classes=52 ms=51
GROUP n=4 d=1 k=57 order=64 cyclic=false affine_classes=46 ms=47
GROUP n=4 d=1 k=58 order=64 cyclic=false affine_classes=58 ms=51
GROUP n=4 d=1 k=59 order=64 cyclic=false affine_classes=64 ms=51
GROUP n=4 d=1 k=60 order=64 cyclic=false affine_classes=52 ms=54
GROUP n=4 d=1 k=61 order=64 cyclic=false affine_classes=40 ms=40
GROUP n=4 d=1 k=62 order=64 cyclic=false affine_classes=40 ms=46
GROUP n=4 d=1 k=63 order=128 cyclic=false affine_classes=95 ms=159
GROUP n=4 d=1 k=64 order=128 cyclic=false affine_classes=80 ms=65
GROUP n=4 d=1 k=65 order=128 cyclic=false affine_classes=71 ms=70
GROUP n=4 d=1 k=66 order=128 cyclic=false affine_classes=68 ms=59
GROUP n=4 d=1 k=67 order=128 cyclic=false affine_classes=74 ms=70
GROUP n=4 d=1 k=68 order=128 cyclic=false affine_classes=59 ms=60
GROUP n=4 d=1 k=69 order=128 cyclic=false affine_classes=59 ms=53
GROUP n=4 d=1 k=70 order=128 cyclic=false affine_classes=59 ms=66
GROUP n=4 d=1 k=71 order=128 cyclic=false affine_classes=74 ms=60
GROUP n=4 d=1 k=72 order=128 cyclic=false affine_classes=56 ms=61
GROUP n=4 d=1 k=73 order=128 cyclic=false affine_classes=56 ms=61
GROUP n=4 d=1 k=74 order=128 cyclic=false affine_classes=50 ms=63
GROUP n=4 d=1 k=75 order=256 cyclic=false affine_classes=88 ms=78
GROUP n=4 d=1 k=76 order=256 cyclic=false affine_classes=85 ms=87
GROUP n=4 d=1 k=77 order=768 cyclic=false affine_classes=56 ms=38
GROUP n=4 d=1 k=78 order=192 cyclic=false affine_classes=60 ms=61
GROUP n=4 d=1 k=79 order=192 cyclic=false affine_classes=48 ms=47
GROUP n=4 d=1 k=80 order=96 cyclic=false affine_classes=69 ms=41
GROUP n=4 d=1 k=81 order=192 cyclic=false affine_classes=40 ms=53
GROUP n=4 d=1 k=82 order=1536 cyclic=false affine_classes=76 ms=52
GROUP n=4 d=1 k=83 order=1536 cyclic=false affine_classes=64 ms=58
GROUP n=4 d=1 k=84 order=384 cyclic=false affine_classes=75 ms=69
GROUP n=4 d=1 k=85 order=384 cyclic=false affine_classes=66 ms=75
GROUP n=4 d=1 k=86 order=384 cyclic=false affine_classes=60 ms=67
GROUP n=4 d=1 k=87 order=384 cyclic=false affine_classes=51 ms=70
GROUP n=4 d=1 k=88 order=192 cyclic=false affine_classes=93 ms=60
GROUP n=4 d=1 k=89 order=192 cyclic=false affine_classes=63 ms=45
GROUP n=4 d=1 k=90 order=192 cyclic=false affine_classes=51 ms=47
GROUP n=4 d=1 k=91 order=192 cyclic=false affine_classes=45 ms=52
GROUP n=4 d=1 k=92 order=512 cyclic=false affine_classes=98 ms=98
GROUP n=4 d=1 k=93 order=512 cyclic=false affine_classes=92 ms=84
GROUP n=4 d=1 k=94 order=512 cyclic=false affine_classes=80 ms=89
GROUP n=4 d=1 k=95 order=512 cyclic=false affine_classes=92 ms=95
GROUP n=4 d=1 k=96 order=512 cyclic=false affine_classes=80 ms=89
GROUP n=4 d=1 k=97 order=512 cyclic=false affine_classes=80 ms=90
GROUP n=4 d=1 k=98 order=128 cyclic=false affine_classes=59 ms=54
GROUP n=4 d=1 k=99 order=128 cyclic=false affine_classes=68 ms=63
GROUP n=4 d=1 k=100 order=64 cyclic=false affine_classes=76 ms=47
GROUP n=4 d=1 k=101 order=64 cyclic=false affine_classes=70 ms=52
GROUP n=4 d=1 k=102 order=64 cyclic=false affine_classes=46 ms=42
GROUP n=4 d=1 k=103 order=64 cyclic=false affine_classes=58 ms=44
GROUP n=4 d=1 k=104 order=64 cyclic=false affine_classes=52 ms=53
GROUP n=4 d=1 k=105 order=128 cyclic=false affine_classes=56 ms=51
GROUP n=4 d=1 k=106 order=256 cyclic=false affine_classes=88 ms=79
GROUP n=4 d=1 k=107 order=256 cyclic=false affine_classes=88 ms=83
GROUP n=4 d=1 k=108 order=256 cyclic=false affine_classes=64 ms=73
GROUP n=4 d=1 k=109 order=256 cyclic=false affine_classes=64 ms=74
GROUP n=4 d=1 k=110 order=256 cyclic=false affine_classes=70 ms=68
GROUP n=4 d=1 k=111 order=256 cyclic=false affine_classes=58 ms=71
GROUP n=4 d=1 k=112 order=512 cyclic=false affine_classes=86 ms=86
GROUP n=4 d=1 k=113 order=512 cyclic=false affine_classes=80 ms=86
GROUP n=4 d=1 k=114 order=256 cyclic=false affine_classes=73 ms=71
GROUP n=4 d=1 k=115 order=256 cyclic=false affine_classes=64 ms=69
GROUP n=4 d=1 k=116 order=256 cyclic=false affine_classes=70 ms=79
GROUP n=4 d=1 k=117 order=256 cyclic=false affine_classes=76 ms=81
GROUP n=4 d=1 k=118 order=256 cyclic=false affine_classes=64 ms=73
GROUP n=4 d=1 k=119 order=32 cyclic=false affine_classes=59 ms=39
GROUP n=4 d=1 k=120 order=256 cyclic=false affine_classes=64 ms=69
GROUP n=4 d=1 k=121 order=256 cyclic=false affine_classes=61 ms=71
GROUP n=4 d=1 k=122 order=64 cyclic=false affine_classes=40 ms=42
GROUP n=4 d=1 k=123 order=128 cyclic=false affine_classes=50 ms=51
GROUP n=4 d=1 k=124 order=128 cyclic=false affine_classes=44 ms=50
GROUP n=4 d=1 k=125 order=32 cyclic=false affine_classes=59 ms=47
GROUP n=4 d=1 k=126 order=32 cyclic=false affine_classes=35 ms=43
GROUP n=4 d=1 k=127 order=32 cyclic=false affine_classes=68 ms=46
GROUP n=4 d=1 k=128 order=32 cyclic=false affine_classes=44 ms=35
GROUP n=4 d=1 k=129 order=64 cyclic=false affine_classes=46 ms=57
GROUP n=4 d=1 k=130 order=64 cyclic=false affine_classes=52 ms=58
GROUP n=4 d=1 k=131 order=64 cyclic=false affine_classes=46 ms=50
GROUP n=4 d=1 k=132 order=96 cyclic=false affine_classes=44 ms=42
GROUP n=4 d=1 k=133 order=48 cyclic=false affine_classes=55 ms=32
GROUP n=4 d=1 k=134 order=48 cyclic=false affine_classes=37 ms=33
GROUP n=4 d=1 k=135 order=64 cyclic=false affine_classes=40 ms=49
GROUP n=4 d=1 k=136 order=64 cyclic=false affine_classes=34 ms=44
GROUP n=4 d=1 k=137 order=128 cyclic=false affine_classes=56 ms=61
GROUP n=4 d=1 k=138 order=128 cyclic=false affine_classes=44 ms=57
GROUP n=4 d=1 k=139 order=128 cyclic=false affine_classes=44 ms=55
GROUP n=4 d=1 k=140 order=128 cyclic=false affine_classes=47 ms=55
GROUP n=4 d=1 k=141 order=128 cyclic=false affine_classes=53 ms=57
GROUP n=4 d=1 k=142 order=64 cyclic=false affine_classes=37 ms=49
you can 'quit;' to quit to outer loop, or
you can 'return;' to continue
[1m[31m[0m[31m