     ● G  GAP 4.16.1 of 2026-08-23
  ● ●  A  https://www.gap-system.org
     ● P  Architecture: x86_64-pc-linux-gnu-default64-kv11
 Configuration:  gmp 6.3.0, GASMAN, readline
 Loading the library and packages ...
 Packages:   AClib 1.4, Alnuth 4.0.2, AtlasRep 2.1.12, AutoDoc 2026.06.30, 
             AutPGrp 1.12.0, Browse 1.8.23, CaratInterface 2.3.11, 
             CRISP 1.4.11, Cryst 4.1.32, CrystCat 1.1.13, CTblLib 1.3.11, 
             FactInt 1.7.0, FGA 1.5.0, Forms 1.3.0, GAPDoc 1.6.10, 
             genss 1.6.10, IO 4.10.0, IRREDSOL 1.4.6, LAGUNA 3.10.1, 
             orb 5.1.0, PackageManager 1.6.4, Polenta 1.3.11, Polycyclic 2.18, 
             PrimGrp 4.0.3, RadiRoot 2.10, recog 1.5.1, ResClasses 4.7.4, 
             SmallGrp 1.7.0, Sophus 1.27, SpinSym 1.5.2, StandardFF 1.0, 
             TomLib 1.2.11, TransGrp 3.6.5, utils 0.98
 Try '??help' for help. See also '?copyright', '?cite' and '?authors'
BEGIN dimension=1 field=5
GROUP n=1 d=1 k=1 order=1 cyclic=true affine_classes=5 ms=0
GROUP n=1 d=1 k=2 order=2 cyclic=true affine_classes=4 ms=0
GROUP n=1 d=1 k=3 order=4 cyclic=true affine_classes=5 ms=0
DONE_DIM n=1 total=3 eligible=3 equalities=2 hits=0
BEGIN dimension=2 field=5
GROUP n=2 d=1 k=1 order=32 cyclic=false affine_classes=20 ms=14
GROUP n=2 d=1 k=2 order=16 cyclic=false affine_classes=16 ms=20
GROUP n=2 d=1 k=3 order=16 cyclic=false affine_classes=13 ms=15
GROUP n=2 d=1 k=4 order=8 cyclic=false affine_classes=14 ms=17
GROUP n=2 d=1 k=5 order=8 cyclic=false affine_classes=8 ms=18
you can 'quit;' to quit to outer loop, or
you can 'return;' to continue
[1m[31m[0m[31m