BEGIN dimension=4 field=5
GROUP n=4 d=1 k=1 order=6144 cyclic=false affine_classes=190 ms=136
GROUP n=4 d=1 k=2 order=3072 cyclic=false affine_classes=140 ms=88
GROUP n=4 d=1 k=3 order=2048 cyclic=false affine_classes=230 ms=118
GROUP n=4 d=1 k=4 order=1024 cyclic=false affine_classes=220 ms=105
GROUP n=4 d=1 k=5 order=1024 cyclic=false affine_classes=190 ms=92
GROUP n=4 d=1 k=6 order=512 cyclic=false affine_classes=152 ms=119
GROUP n=4 d=1 k=7 order=512 cyclic=false affine_classes=134 ms=98
GROUP n=4 d=1 k=8 order=1536 cyclic=false affine_classes=88 ms=53
GROUP n=4 d=1 k=9 order=3072 cyclic=false affine_classes=116 ms=71
GROUP n=4 d=1 k=10 order=3072 cyclic=false affine_classes=104 ms=70
GROUP n=4 d=1 k=11 order=1024 cyclic=false affine_classes=148 ms=82
GROUP n=4 d=1 k=12 order=1024 cyclic=false affine_classes=136 ms=74
GROUP n=4 d=1 k=13 order=1024 cyclic=false affine_classes=136 ms=78
GROUP n=4 d=1 k=14 order=1024 cyclic=false affine_classes=130 ms=73
GROUP n=4 d=1 k=15 order=512 cyclic=false affine_classes=116 ms=99
GROUP n=4 d=1 k=16 order=512 cyclic=false affine_classes=110 ms=81
GROUP n=4 d=1 k=17 order=128 cyclic=false affine_classes=95 ms=161
GROUP n=4 d=1 k=18 order=128 cyclic=false affine_classes=71 ms=46
GROUP n=4 d=1 k=19 order=128 cyclic=false affine_classes=74 ms=50
GROUP n=4 d=1 k=20 order=128 cyclic=false affine_classes=56 ms=52
GROUP n=4 d=1 k=21 order=256 cyclic=false affine_classes=106 ms=74
GROUP n=4 d=1 k=22 order=256 cyclic=false affine_classes=88 ms=75
GROUP n=4 d=1 k=23 order=384 cyclic=false affine_classes=69 ms=59
GROUP n=4 d=1 k=24 order=384 cyclic=false affine_classes=56 ms=75
GROUP n=4 d=1 k=25 order=768 cyclic=false affine_classes=93 ms=48
GROUP n=4 d=1 k=26 order=768 cyclic=false affine_classes=64 ms=49
GROUP n=4 d=1 k=27 order=256 cyclic=false affine_classes=106 ms=66
GROUP n=4 d=1 k=28 order=256 cyclic=false affine_classes=94 ms=75
GROUP n=4 d=1 k=29 order=512 cyclic=false affine_classes=152 ms=98
GROUP n=4 d=1 k=30 order=512 cyclic=false affine_classes=98 ms=75
GROUP n=4 d=1 k=31 order=256 cyclic=false affine_classes=73 ms=63
GROUP n=4 d=1 k=32 order=256 cyclic=false affine_classes=64 ms=50
GROUP n=4 d=1 k=33 order=512 cyclic=false affine_classes=104 ms=83
GROUP n=4 d=1 k=34 order=512 cyclic=false affine_classes=104 ms=84
GROUP n=4 d=1 k=35 order=128 cyclic=false affine_classes=71 ms=52
GROUP n=4 d=1 k=36 order=256 cyclic=false affine_classes=94 ms=77
GROUP n=4 d=1 k=37 order=128 cyclic=false affine_classes=56 ms=46
GROUP n=4 d=1 k=38 order=256 cyclic=false affine_classes=73 ms=57
GROUP n=4 d=1 k=39 order=64 cyclic=false affine_classes=106 ms=55
GROUP n=4 d=1 k=40 order=192 cyclic=false affine_classes=78 ms=48
GROUP n=4 d=1 k=41 order=384 cyclic=false affine_classes=105 ms=71
GROUP n=4 d=1 k=42 order=384 cyclic=false affine_classes=60 ms=67
GROUP n=4 d=1 k=43 order=128 cyclic=false affine_classes=119 ms=55
GROUP n=4 d=1 k=44 order=128 cyclic=false affine_classes=74 ms=56
GROUP n=4 d=1 k=45 order=64 cyclic=false affine_classes=88 ms=46
GROUP n=4 d=1 k=46 order=256 cyclic=false affine_classes=106 ms=89
GROUP n=4 d=1 k=47 order=256 cyclic=false affine_classes=88 ms=83
GROUP n=4 d=1 k=48 order=256 cyclic=false affine_classes=88 ms=83
GROUP n=4 d=1 k=49 order=256 cyclic=false affine_classes=76 ms=74
GROUP n=4 d=1 k=50 order=64 cyclic=false affine_classes=100 ms=62
GROUP n=4 d=1 k=51 order=64 cyclic=false affine_classes=64 ms=45
GROUP n=4 d=1 k=52 order=64 cyclic=false affine_classes=64 ms=57
GROUP n=4 d=1 k=53 order=32 cyclic=false affine_classes=95 ms=44
GROUP n=4 d=1 k=54 order=32 cyclic=false affine_classes=71 ms=47
GROUP n=4 d=1 k=55 order=64 cyclic=false affine_classes=64 ms=48
GROUP n=4 d=1 k=56 order=64 cyclic=false affine_classes=52 ms=42
GROUP n=4 d=1 k=57 order=64 cyclic=false affine_classes=46 ms=45
GROUP n=4 d=1 k=58 order=64 cyclic=false affine_classes=58 ms=42
GROUP n=4 d=1 k=59 order=64 cyclic=false affine_classes=64 ms=47
GROUP n=4 d=1 k=60 order=64 cyclic=false affine_classes=52 ms=50
GROUP n=4 d=1 k=61 order=64 cyclic=false affine_classes=40 ms=35
GROUP n=4 d=1 k=62 order=64 cyclic=false affine_classes=40 ms=43
GROUP n=4 d=1 k=63 order=128 cyclic=false affine_classes=95 ms=68
GROUP n=4 d=1 k=64 order=128 cyclic=false affine_classes=80 ms=66
GROUP n=4 d=1 k=65 order=128 cyclic=false affine_classes=71 ms=62
GROUP n=4 d=1 k=66 order=128 cyclic=false affine_classes=68 ms=56
GROUP n=4 d=1 k=67 order=128 cyclic=false affine_classes=74 ms=61
GROUP n=4 d=1 k=68 order=128 cyclic=false affine_classes=59 ms=59
GROUP n=4 d=1 k=69 order=128 cyclic=false affine_classes=59 ms=54
GROUP n=4 d=1 k=70 order=128 cyclic=false affine_classes=59 ms=60
GROUP n=4 d=1 k=71 order=128 cyclic=false affine_classes=74 ms=60
GROUP n=4 d=1 k=72 order=128 cyclic=false affine_classes=56 ms=55
GROUP n=4 d=1 k=73 order=128 cyclic=false affine_classes=56 ms=61
GROUP n=4 d=1 k=74 order=128 cyclic=false affine_classes=50 ms=60
GROUP n=4 d=1 k=75 order=256 cyclic=false affine_classes=88 ms=76
GROUP n=4 d=1 k=76 order=256 cyclic=false affine_classes=85 ms=79
GROUP n=4 d=1 k=77 order=768 cyclic=false affine_classes=56 ms=39
GROUP n=4 d=1 k=78 order=192 cyclic=false affine_classes=60 ms=53
GROUP n=4 d=1 k=79 order=192 cyclic=false affine_classes=48 ms=49
GROUP n=4 d=1 k=80 order=96 cyclic=false affine_classes=69 ms=42
GROUP n=4 d=1 k=81 order=192 cyclic=false affine_classes=40 ms=46
GROUP n=4 d=1 k=82 order=1536 cyclic=false affine_classes=76 ms=51
GROUP n=4 d=1 k=83 order=1536 cyclic=false affine_classes=64 ms=49
GROUP n=4 d=1 k=84 order=384 cyclic=false affine_classes=75 ms=71
GROUP n=4 d=1 k=85 order=384 cyclic=false affine_classes=66 ms=69
GROUP n=4 d=1 k=86 order=384 cyclic=false affine_classes=60 ms=72
GROUP n=4 d=1 k=87 order=384 cyclic=false affine_classes=51 ms=67
GROUP n=4 d=1 k=88 order=192 cyclic=false affine_classes=93 ms=57
GROUP n=4 d=1 k=89 order=192 cyclic=false affine_classes=63 ms=50
GROUP n=4 d=1 k=90 order=192 cyclic=false affine_classes=51 ms=51
GROUP n=4 d=1 k=91 order=192 cyclic=false affine_classes=45 ms=48
GROUP n=4 d=1 k=92 order=512 cyclic=false affine_classes=98 ms=90
GROUP n=4 d=1 k=93 order=512 cyclic=false affine_classes=92 ms=85
GROUP n=4 d=1 k=94 order=512 cyclic=false affine_classes=80 ms=85
GROUP n=4 d=1 k=95 order=512 cyclic=false affine_classes=92 ms=172
GROUP n=4 d=1 k=96 order=512 cyclic=false affine_classes=80 ms=75
GROUP n=4 d=1 k=97 order=512 cyclic=false affine_classes=80 ms=86
GROUP n=4 d=1 k=98 order=128 cyclic=false affine_classes=59 ms=50
GROUP n=4 d=1 k=99 order=128 cyclic=false affine_classes=68 ms=63
GROUP n=4 d=1 k=100 order=64 cyclic=false affine_classes=76 ms=44
GROUP n=4 d=1 k=101 order=64 cyclic=false affine_classes=70 ms=54
GROUP n=4 d=1 k=102 order=64 cyclic=false affine_classes=46 ms=40
GROUP n=4 d=1 k=103 order=64 cyclic=false affine_classes=58 ms=42
GROUP n=4 d=1 k=104 order=64 cyclic=false affine_classes=52 ms=51
GROUP n=4 d=1 k=105 order=128 cyclic=false affine_classes=56 ms=47
GROUP n=4 d=1 k=106 order=256 cyclic=false affine_classes=88 ms=77
GROUP n=4 d=1 k=107 order=256 cyclic=false affine_classes=88 ms=72
GROUP n=4 d=1 k=108 order=256 cyclic=false affine_classes=64 ms=73
GROUP n=4 d=1 k=109 order=256 cyclic=false affine_classes=64 ms=64
GROUP n=4 d=1 k=110 order=256 cyclic=false affine_classes=70 ms=72
GROUP n=4 d=1 k=111 order=256 cyclic=false affine_classes=58 ms=60
GROUP n=4 d=1 k=112 order=512 cyclic=false affine_classes=86 ms=83
GROUP n=4 d=1 k=113 order=512 cyclic=false affine_classes=80 ms=80
GROUP n=4 d=1 k=114 order=256 cyclic=false affine_classes=73 ms=62
GROUP n=4 d=1 k=115 order=256 cyclic=false affine_classes=64 ms=70
GROUP n=4 d=1 k=116 order=256 cyclic=false affine_classes=70 ms=75
GROUP n=4 d=1 k=117 order=256 cyclic=false affine_classes=76 ms=70
GROUP n=4 d=1 k=118 order=256 cyclic=false affine_classes=64 ms=71
GROUP n=4 d=1 k=119 order=32 cyclic=false affine_classes=59 ms=36
GROUP n=4 d=1 k=120 order=256 cyclic=false affine_classes=64 ms=67
GROUP n=4 d=1 k=121 order=256 cyclic=false affine_classes=61 ms=69
GROUP n=4 d=1 k=122 order=64 cyclic=false affine_classes=40 ms=35
GROUP n=4 d=1 k=123 order=128 cyclic=false affine_classes=50 ms=44
GROUP n=4 d=1 k=124 order=128 cyclic=false affine_classes=44 ms=51
GROUP n=4 d=1 k=125 order=32 cyclic=false affine_classes=59 ms=44
GROUP n=4 d=1 k=126 order=32 cyclic=false affine_classes=35 ms=45
GROUP n=4 d=1 k=127 order=32 cyclic=false affine_classes=68 ms=38
GROUP n=4 d=1 k=128 order=32 cyclic=false affine_classes=44 ms=40
GROUP n=4 d=1 k=129 order=64 cyclic=false affine_classes=46 ms=50
GROUP n=4 d=1 k=130 order=64 cyclic=false affine_classes=52 ms=57
GROUP n=4 d=1 k=131 order=64 cyclic=false affine_classes=46 ms=44
GROUP n=4 d=1 k=132 order=96 cyclic=false affine_classes=44 ms=43
GROUP n=4 d=1 k=133 order=48 cyclic=false affine_classes=55 ms=33
GROUP n=4 d=1 k=134 order=48 cyclic=false affine_classes=37 ms=29
GROUP n=4 d=1 k=135 order=64 cyclic=false affine_classes=40 ms=50
GROUP n=4 d=1 k=136 order=64 cyclic=false affine_classes=34 ms=40
GROUP n=4 d=1 k=137 order=128 cyclic=false affine_classes=56 ms=58
GROUP n=4 d=1 k=138 order=128 cyclic=false affine_classes=44 ms=49
GROUP n=4 d=1 k=139 order=128 cyclic=false affine_classes=44 ms=54
GROUP n=4 d=1 k=140 order=128 cyclic=false affine_classes=47 ms=54
GROUP n=4 d=1 k=141 order=128 cyclic=false affine_classes=53 ms=47
GROUP n=4 d=1 k=142 order=64 cyclic=false affine_classes=37 ms=46
GROUP n=4 d=1 k=143 order=4608 cyclic=false affine_classes=230 ms=160
GROUP n=4 d=1 k=144 order=2304 cyclic=false affine_classes=220 ms=132
GROUP n=4 d=1 k=145 order=2304 cyclic=false affine_classes=190 ms=114
GROUP n=4 d=1 k=146 order=1152 cyclic=false affine_classes=152 ms=97
GROUP n=4 d=1 k=147 order=1152 cyclic=false affine_classes=134 ms=89
GROUP n=4 d=1 k=148 order=1152 cyclic=false affine_classes=134 ms=89
GROUP n=4 d=1 k=149 order=1152 cyclic=false affine_classes=116 ms=79
GROUP n=4 d=1 k=150 order=1152 cyclic=false affine_classes=110 ms=80
GROUP n=4 d=1 k=151 order=2304 cyclic=false affine_classes=148 ms=113
GROUP n=4 d=1 k=152 order=2304 cyclic=false affine_classes=136 ms=104
GROUP n=4 d=1 k=153 order=2304 cyclic=false affine_classes=136 ms=102
GROUP n=4 d=1 k=154 order=2304 cyclic=false affine_classes=130 ms=101
GROUP n=4 d=1 k=155 order=576 cyclic=false affine_classes=106 ms=118
GROUP n=4 d=1 k=156 order=576 cyclic=false affine_classes=88 ms=145
GROUP n=4 d=1 k=157 order=576 cyclic=false affine_classes=94 ms=192
GROUP n=4 d=1 k=158 order=576 cyclic=false affine_classes=73 ms=75
GROUP n=4 d=1 k=159 order=1152 cyclic=false affine_classes=152 ms=94
GROUP n=4 d=1 k=160 order=1152 cyclic=false affine_classes=98 ms=73
GROUP n=4 d=1 k=161 order=1152 cyclic=false affine_classes=104 ms=72
GROUP n=4 d=1 k=162 order=1152 cyclic=false affine_classes=104 ms=76
GROUP n=4 d=1 k=163 order=576 cyclic=false affine_classes=106 ms=130
GROUP n=4 d=1 k=164 order=576 cyclic=false affine_classes=88 ms=110
GROUP n=4 d=1 k=165 order=576 cyclic=false affine_classes=88 ms=144
GROUP n=4 d=1 k=166 order=576 cyclic=false affine_classes=76 ms=147
GROUP n=4 d=1 k=167 order=576 cyclic=false affine_classes=76 ms=92
GROUP n=4 d=1 k=168 order=288 cyclic=false affine_classes=80 ms=91
GROUP n=4 d=1 k=169 order=288 cyclic=false affine_classes=59 ms=95
GROUP n=4 d=1 k=170 order=288 cyclic=false affine_classes=68 ms=75
GROUP n=4 d=1 k=171 order=288 cyclic=false affine_classes=59 ms=94
GROUP n=4 d=1 k=172 order=288 cyclic=false affine_classes=56 ms=90
GROUP n=4 d=1 k=173 order=288 cyclic=false affine_classes=50 ms=83
GROUP n=4 d=1 k=174 order=576 cyclic=false affine_classes=88 ms=88
GROUP n=4 d=1 k=175 order=576 cyclic=false affine_classes=85 ms=92
GROUP n=4 d=1 k=176 order=576 cyclic=false affine_classes=70 ms=96
GROUP n=4 d=1 k=177 order=576 cyclic=false affine_classes=76 ms=99
GROUP n=4 d=1 k=178 order=576 cyclic=false affine_classes=64 ms=91
GROUP n=4 d=1 k=179 order=288 cyclic=false affine_classes=68 ms=80
GROUP n=4 d=1 k=180 order=288 cyclic=false affine_classes=56 ms=67
GROUP n=4 d=1 k=181 order=576 cyclic=false affine_classes=64 ms=89
GROUP n=4 d=1 k=182 order=576 cyclic=false affine_classes=61 ms=83
GROUP n=4 d=1 k=183 order=288 cyclic=false affine_classes=44 ms=64
GROUP n=4 d=1 k=184 order=1152 cyclic=false affine_classes=98 ms=72
GROUP n=4 d=1 k=185 order=1152 cyclic=false affine_classes=92 ms=64
GROUP n=4 d=1 k=186 order=1152 cyclic=false affine_classes=92 ms=77
GROUP n=4 d=1 k=187 order=1152 cyclic=false affine_classes=80 ms=64
GROUP n=4 d=1 k=188 order=1152 cyclic=false affine_classes=80 ms=65
GROUP n=4 d=1 k=189 order=1152 cyclic=false affine_classes=80 ms=62
GROUP n=4 d=1 k=190 order=576 cyclic=false affine_classes=106 ms=198
GROUP n=4 d=1 k=191 order=576 cyclic=false affine_classes=88 ms=93
GROUP n=4 d=1 k=192 order=576 cyclic=false affine_classes=94 ms=90
GROUP n=4 d=1 k=193 order=576 cyclic=false affine_classes=88 ms=97
GROUP n=4 d=1 k=194 order=576 cyclic=false affine_classes=64 ms=80
GROUP n=4 d=1 k=195 order=576 cyclic=false affine_classes=70 ms=79
GROUP n=4 d=1 k=196 order=576 cyclic=false affine_classes=64 ms=98
GROUP n=4 d=1 k=197 order=576 cyclic=false affine_classes=58 ms=80
GROUP n=4 d=1 k=198 order=1152 cyclic=false affine_classes=86 ms=73
GROUP n=4 d=1 k=199 order=1152 cyclic=false affine_classes=80 ms=60
GROUP n=4 d=1 k=200 order=144 cyclic=false affine_classes=76 ms=60
GROUP n=4 d=1 k=201 order=144 cyclic=false affine_classes=46 ms=75
GROUP n=4 d=1 k=202 order=144 cyclic=false affine_classes=70 ms=60
GROUP n=4 d=1 k=203 order=144 cyclic=false affine_classes=34 ms=50
GROUP n=4 d=1 k=204 order=288 cyclic=false affine_classes=119 ms=73
GROUP n=4 d=1 k=205 order=288 cyclic=false affine_classes=59 ms=69
GROUP n=4 d=1 k=206 order=288 cyclic=false affine_classes=44 ms=57
GROUP n=4 d=1 k=207 order=288 cyclic=false affine_classes=56 ms=68
GROUP n=4 d=1 k=208 order=288 cyclic=false affine_classes=68 ms=82
GROUP n=4 d=1 k=209 order=288 cyclic=false affine_classes=65 ms=96
GROUP n=4 d=1 k=210 order=288 cyclic=false affine_classes=56 ms=77
GROUP n=4 d=1 k=211 order=288 cyclic=false affine_classes=44 ms=91
GROUP n=4 d=1 k=212 order=144 cyclic=false affine_classes=64 ms=68
GROUP n=4 d=1 k=213 order=144 cyclic=false affine_classes=64 ms=68
GROUP n=4 d=1 k=214 order=144 cyclic=false affine_classes=52 ms=70
GROUP n=4 d=1 k=215 order=144 cyclic=false affine_classes=46 ms=68
GROUP n=4 d=1 k=216 order=144 cyclic=false affine_classes=40 ms=53
GROUP n=4 d=1 k=217 order=72 cyclic=false affine_classes=74 ms=55
GROUP n=4 d=1 k=218 order=72 cyclic=false affine_classes=53 ms=54
GROUP n=4 d=1 k=219 order=72 cyclic=false affine_classes=50 ms=49
GROUP n=4 d=1 k=220 order=72 cyclic=false affine_classes=38 ms=56
GROUP n=4 d=1 k=221 order=72 cyclic=false affine_classes=41 ms=51
GROUP n=4 d=1 k=222 order=72 cyclic=false affine_classes=29 ms=39
GROUP n=4 d=1 k=223 order=144 cyclic=false affine_classes=52 ms=65
GROUP n=4 d=1 k=224 order=144 cyclic=false affine_classes=46 ms=50
GROUP n=4 d=1 k=225 order=144 cyclic=false affine_classes=46 ms=70
GROUP n=4 d=1 k=226 order=144 cyclic=false affine_classes=40 ms=66
GROUP n=4 d=1 k=227 order=144 cyclic=false affine_classes=40 ms=58
GROUP n=4 d=1 k=228 order=144 cyclic=false affine_classes=34 ms=62
GROUP n=4 d=1 k=229 order=144 cyclic=false affine_classes=28 ms=51
GROUP n=4 d=1 k=230 order=144 cyclic=false affine_classes=52 ms=60
GROUP n=4 d=1 k=231 order=144 cyclic=false affine_classes=46 ms=56
GROUP n=4 d=1 k=232 order=72 cyclic=false affine_classes=56 ms=47
GROUP n=4 d=1 k=233 order=144 cyclic=false affine_classes=40 ms=57
GROUP n=4 d=1 k=234 order=144 cyclic=false affine_classes=34 ms=49
GROUP n=4 d=1 k=235 order=72 cyclic=false affine_classes=26 ms=50
GROUP n=4 d=1 k=236 order=144 cyclic=false affine_classes=31 ms=52
GROUP n=4 d=1 k=237 order=288 cyclic=false affine_classes=74 ms=68
GROUP n=4 d=1 k=238 order=288 cyclic=false affine_classes=71 ms=68
GROUP n=4 d=1 k=239 order=288 cyclic=false affine_classes=59 ms=75
GROUP n=4 d=1 k=240 order=144 cyclic=false affine_classes=88 ms=135
GROUP n=4 d=1 k=241 order=144 cyclic=false affine_classes=76 ms=52
GROUP n=4 d=1 k=242 order=144 cyclic=false affine_classes=52 ms=52
GROUP n=4 d=1 k=243 order=144 cyclic=false affine_classes=40 ms=58
GROUP n=4 d=1 k=244 order=288 cyclic=false affine_classes=62 ms=68
GROUP n=4 d=1 k=245 order=288 cyclic=false affine_classes=44 ms=44
GROUP n=4 d=1 k=246 order=288 cyclic=false affine_classes=32 ms=71
GROUP n=4 d=1 k=247 order=288 cyclic=false affine_classes=47 ms=51
GROUP n=4 d=1 k=248 order=288 cyclic=false affine_classes=38 ms=68
GROUP n=4 d=1 k=249 order=36 cyclic=false affine_classes=73 ms=38
GROUP n=4 d=1 k=250 order=36 cyclic=false affine_classes=64 ms=45
GROUP n=4 d=1 k=251 order=72 cyclic=false affine_classes=104 ms=41
GROUP n=4 d=1 k=252 order=72 cyclic=false affine_classes=56 ms=39
GROUP n=4 d=1 k=253 order=768 cyclic=false affine_classes=106 ms=81
GROUP n=4 d=1 k=254 order=384 cyclic=false affine_classes=92 ms=117
GROUP n=4 d=1 k=255 order=192 cyclic=false affine_classes=73 ms=90
GROUP n=4 d=1 k=256 order=96 cyclic=false affine_classes=50 ms=59
GROUP n=4 d=1 k=257 order=96 cyclic=false affine_classes=47 ms=68
GROUP n=4 d=1 k=258 order=192 cyclic=false affine_classes=64 ms=78
GROUP n=4 d=1 k=259 order=96 cyclic=false affine_classes=56 ms=50
GROUP n=4 d=1 k=260 order=96 cyclic=false affine_classes=50 ms=57
GROUP n=4 d=1 k=261 order=96 cyclic=false affine_classes=32 ms=64
GROUP n=4 d=1 k=262 order=96 cyclic=false affine_classes=38 ms=61
GROUP n=4 d=1 k=263 order=192 cyclic=false affine_classes=55 ms=88
GROUP n=4 d=1 k=264 order=192 cyclic=false affine_classes=46 ms=91
GROUP n=4 d=1 k=265 order=192 cyclic=false affine_classes=52 ms=86
GROUP n=4 d=1 k=266 order=192 cyclic=false affine_classes=46 ms=70
GROUP n=4 d=1 k=267 order=192 cyclic=false affine_classes=73 ms=82
GROUP n=4 d=1 k=268 order=96 cyclic=false affine_classes=68 ms=70
GROUP n=4 d=1 k=269 order=48 cyclic=false affine_classes=73 ms=52
GROUP n=4 d=1 k=270 order=48 cyclic=false affine_classes=43 ms=46
GROUP n=4 d=1 k=271 order=48 cyclic=false affine_classes=55 ms=54
GROUP n=4 d=1 k=272 order=48 cyclic=false affine_classes=37 ms=50
GROUP n=4 d=1 k=273 order=96 cyclic=false affine_classes=41 ms=62
GROUP n=4 d=1 k=274 order=96 cyclic=false affine_classes=47 ms=61
GROUP n=4 d=1 k=275 order=192 cyclic=false affine_classes=55 ms=86
GROUP n=4 d=1 k=276 order=96 cyclic=false affine_classes=41 ms=65
GROUP n=4 d=1 k=277 order=96 cyclic=false affine_classes=44 ms=65
GROUP n=4 d=1 k=278 order=48 cyclic=false affine_classes=49 ms=46
GROUP n=4 d=1 k=279 order=48 cyclic=false affine_classes=31 ms=45
GROUP n=4 d=1 k=280 order=48 cyclic=false affine_classes=43 ms=44
GROUP n=4 d=1 k=281 order=48 cyclic=false affine_classes=25 ms=54
GROUP n=4 d=1 k=282 order=96 cyclic=false affine_classes=32 ms=47
GROUP n=4 d=1 k=283 order=384 cyclic=false affine_classes=71 ms=117
GROUP n=4 d=1 k=284 order=384 cyclic=false affine_classes=74 ms=118
GROUP n=4 d=1 k=285 order=384 cyclic=false affine_classes=71 ms=92
GROUP n=4 d=1 k=286 order=192 cyclic=false affine_classes=52 ms=73
GROUP n=4 d=1 k=287 order=192 cyclic=false affine_classes=49 ms=70
GROUP n=4 d=1 k=288 order=18432 cyclic=false affine_classes=230 ms=142
GROUP n=4 d=1 k=289 order=9216 cyclic=false affine_classes=148 ms=107
GROUP n=4 d=1 k=290 order=9216 cyclic=false affine_classes=136 ms=96
GROUP n=4 d=1 k=291 order=4608 cyclic=false affine_classes=152 ms=169
GROUP n=4 d=1 k=292 order=3072 cyclic=false affine_classes=116 ms=84
GROUP n=4 d=1 k=293 order=1536 cyclic=false affine_classes=88 ms=55
GROUP n=4 d=1 k=294 order=1536 cyclic=false affine_classes=88 ms=65
GROUP n=4 d=1 k=295 order=4608 cyclic=false affine_classes=92 ms=68
GROUP n=4 d=1 k=296 order=4608 cyclic=false affine_classes=80 ms=66
GROUP n=4 d=1 k=297 order=4608 cyclic=false affine_classes=80 ms=60
GROUP n=4 d=1 k=298 order=1536 cyclic=false affine_classes=76 ms=64
GROUP n=4 d=1 k=299 order=1536 cyclic=false affine_classes=64 ms=49
GROUP n=4 d=1 k=300 order=1536 cyclic=false affine_classes=76 ms=64
GROUP n=4 d=1 k=301 order=1536 cyclic=false affine_classes=64 ms=51
GROUP n=4 d=1 k=302 order=2304 cyclic=false affine_classes=88 ms=65
GROUP n=4 d=1 k=303 order=2304 cyclic=false affine_classes=88 ms=65
GROUP n=4 d=1 k=304 order=768 cyclic=false affine_classes=56 ms=41
GROUP n=4 d=1 k=305 order=768 cyclic=false affine_classes=56 ms=48
GROUP n=4 d=1 k=306 order=768 cyclic=false affine_classes=56 ms=40
GROUP n=4 d=1 k=307 order=768 cyclic=false affine_classes=56 ms=41
GROUP n=4 d=1 k=308 order=4608 cyclic=false affine_classes=80 ms=67
GROUP n=4 d=1 k=309 order=1152 cyclic=false affine_classes=44 ms=37
GROUP n=4 d=1 k=310 order=384 cyclic=false affine_classes=28 ms=65
GROUP n=4 d=1 k=311 order=384 cyclic=false affine_classes=28 ms=63
GROUP n=4 d=1 k=312 order=768 cyclic=false affine_classes=93 ms=58
GROUP n=4 d=1 k=313 order=384 cyclic=false affine_classes=75 ms=93
GROUP n=4 d=1 k=314 order=384 cyclic=false affine_classes=60 ms=82
GROUP n=4 d=1 k=315 order=384 cyclic=false affine_classes=66 ms=80
GROUP n=4 d=1 k=316 order=384 cyclic=false affine_classes=51 ms=71
GROUP n=4 d=1 k=317 order=384 cyclic=false affine_classes=69 ms=79
GROUP n=4 d=1 k=318 order=192 cyclic=false affine_classes=60 ms=63
GROUP n=4 d=1 k=319 order=96 cyclic=false affine_classes=33 ms=47
GROUP n=4 d=1 k=320 order=192 cyclic=false affine_classes=48 ms=58
GROUP n=4 d=1 k=321 order=384 cyclic=false affine_classes=60 ms=76
GROUP n=4 d=1 k=322 order=192 cyclic=false affine_classes=48 ms=58
GROUP n=4 d=1 k=323 order=96 cyclic=false affine_classes=30 ms=39
GROUP n=4 d=1 k=324 order=192 cyclic=false affine_classes=42 ms=52
GROUP n=4 d=1 k=325 order=192 cyclic=false affine_classes=39 ms=50
GROUP n=4 d=1 k=326 order=192 cyclic=false affine_classes=33 ms=49
GROUP n=4 d=1 k=327 order=192 cyclic=false affine_classes=33 ms=46
GROUP n=4 d=1 k=328 order=192 cyclic=false affine_classes=51 ms=51
GROUP n=4 d=1 k=329 order=192 cyclic=false affine_classes=39 ms=46
GROUP n=4 d=1 k=330 order=96 cyclic=false affine_classes=45 ms=46
GROUP n=4 d=1 k=331 order=96 cyclic=false affine_classes=48 ms=44
GROUP n=4 d=1 k=332 order=96 cyclic=false affine_classes=24 ms=38
GROUP n=4 d=1 k=333 order=1152 cyclic=false affine_classes=93 ms=79
GROUP n=4 d=1 k=334 order=576 cyclic=false affine_classes=75 ms=114
GROUP n=4 d=1 k=335 order=288 cyclic=false affine_classes=60 ms=82
GROUP n=4 d=1 k=336 order=576 cyclic=false affine_classes=69 ms=104
GROUP n=4 d=1 k=337 order=576 cyclic=false affine_classes=60 ms=127
GROUP n=4 d=1 k=338 order=144 cyclic=false affine_classes=39 ms=55
GROUP n=4 d=1 k=339 order=288 cyclic=false affine_classes=39 ms=55
GROUP n=4 d=1 k=340 order=288 cyclic=false affine_classes=33 ms=54
GROUP n=4 d=1 k=341 order=288 cyclic=false affine_classes=51 ms=83
GROUP n=4 d=1 k=342 order=144 cyclic=false affine_classes=45 ms=61
GROUP n=4 d=1 k=343 order=576 cyclic=false affine_classes=60 ms=112
GROUP n=4 d=1 k=344 order=576 cyclic=false affine_classes=66 ms=103
GROUP n=4 d=1 k=345 order=576 cyclic=false affine_classes=51 ms=181
GROUP n=4 d=1 k=346 order=288 cyclic=false affine_classes=45 ms=70
GROUP n=4 d=1 k=347 order=288 cyclic=false affine_classes=33 ms=88
GROUP n=4 d=1 k=348 order=288 cyclic=false affine_classes=48 ms=79
GROUP n=4 d=1 k=349 order=288 cyclic=false affine_classes=51 ms=75
GROUP n=4 d=1 k=350 order=144 cyclic=false affine_classes=48 ms=51
GROUP n=4 d=1 k=351 order=144 cyclic=false affine_classes=30 ms=38
GROUP n=4 d=1 k=352 order=192 cyclic=false affine_classes=43 ms=51
GROUP n=4 d=1 k=353 order=96 cyclic=false affine_classes=41 ms=36
GROUP n=4 d=1 k=354 order=4608 cyclic=false affine_classes=88 ms=66
GROUP n=4 d=1 k=355 order=2304 cyclic=false affine_classes=92 ms=54
GROUP n=4 d=1 k=356 order=2304 cyclic=false affine_classes=92 ms=67
GROUP n=4 d=1 k=357 order=2304 cyclic=false affine_classes=56 ms=49
GROUP n=4 d=1 k=358 order=1152 cyclic=false affine_classes=64 ms=39
GROUP n=4 d=1 k=359 order=1152 cyclic=false affine_classes=73 ms=47
GROUP n=4 d=1 k=360 order=1152 cyclic=false affine_classes=73 ms=48
GROUP n=4 d=1 k=361 order=576 cyclic=false affine_classes=68 ms=78
GROUP n=4 d=1 k=362 order=288 cyclic=false affine_classes=55 ms=56
GROUP n=4 d=1 k=363 order=576 cyclic=false affine_classes=38 ms=70
GROUP n=4 d=1 k=364 order=576 cyclic=false affine_classes=56 ms=72
GROUP n=4 d=1 k=365 order=1152 cyclic=false affine_classes=55 ms=35
GROUP n=4 d=1 k=366 order=1152 cyclic=false affine_classes=94 ms=47
GROUP n=4 d=1 k=367 order=1152 cyclic=false affine_classes=46 ms=33
GROUP n=4 d=1 k=368 order=576 cyclic=false affine_classes=71 ms=61
GROUP n=4 d=1 k=369 order=576 cyclic=false affine_classes=41 ms=60
GROUP n=4 d=1 k=370 order=1152 cyclic=false affine_classes=34 ms=36
GROUP n=4 d=1 k=371 order=2496 cyclic=false affine_classes=190 ms=100
GROUP n=4 d=1 k=372 order=1248 cyclic=false affine_classes=116 ms=74
GROUP n=4 d=1 k=373 order=1248 cyclic=false affine_classes=110 ms=66
GROUP n=4 d=1 k=374 order=624 cyclic=false affine_classes=76 ms=89
GROUP n=4 d=1 k=375 order=624 cyclic=false affine_classes=64 ms=101
GROUP n=4 d=1 k=376 order=624 cyclic=false affine_classes=61 ms=133
GROUP n=4 d=1 k=377 order=624 cyclic=false affine_classes=61 ms=127
GROUP n=4 d=1 k=378 order=312 cyclic=false affine_classes=50 ms=60
GROUP n=4 d=1 k=379 order=312 cyclic=false affine_classes=32 ms=78
GROUP n=4 d=1 k=380 order=156 cyclic=false affine_classes=37 ms=126
GROUP n=4 d=1 k=381 order=832 cyclic=false affine_classes=76 ms=44
GROUP n=4 d=1 k=382 order=416 cyclic=false affine_classes=56 ms=68
GROUP n=4 d=1 k=383 order=208 cyclic=false affine_classes=52 ms=52
GROUP n=4 d=1 k=384 order=104 cyclic=false affine_classes=50 ms=48
GROUP n=4 d=1 k=385 order=52 cyclic=false affine_classes=49 ms=31
GROUP n=4 d=1 k=386 order=208 cyclic=false affine_classes=40 ms=50
GROUP n=4 d=1 k=387 order=104 cyclic=false affine_classes=20 ms=46
GROUP n=4 d=1 k=388 order=416 cyclic=false affine_classes=50 ms=70
GROUP n=4 d=1 k=389 order=208 cyclic=false affine_classes=31 ms=48
GROUP n=4 d=1 k=390 order=208 cyclic=false affine_classes=31 ms=53
GROUP n=4 d=2 k=1 order=1152 cyclic=false affine_classes=350 ms=154
GROUP n=4 d=2 k=2 order=576 cyclic=false affine_classes=196 ms=167
GROUP n=4 d=2 k=3 order=576 cyclic=false affine_classes=193 ms=121
GROUP n=4 d=2 k=4 order=288 cyclic=false affine_classes=119 ms=102
GROUP n=4 d=2 k=5 order=288 cyclic=false affine_classes=119 ms=112
GROUP n=4 d=2 k=6 order=288 cyclic=false affine_classes=104 ms=104
GROUP n=4 d=2 k=7 order=288 cyclic=false affine_classes=98 ms=84
GROUP n=4 d=2 k=8 order=144 cyclic=false affine_classes=76 ms=78
GROUP n=4 d=2 k=9 order=144 cyclic=false affine_classes=70 ms=63
GROUP n=4 d=2 k=10 order=288 cyclic=false affine_classes=116 ms=91
GROUP n=4 d=2 k=11 order=72 cyclic=false affine_classes=65 ms=53
GROUP n=4 d=2 k=12 order=144 cyclic=false affine_classes=82 ms=80
GROUP n=4 d=2 k=13 order=144 cyclic=false affine_classes=64 ms=77
GROUP n=4 d=2 k=14 order=144 cyclic=false affine_classes=58 ms=64
GROUP n=4 d=2 k=15 order=144 cyclic=false affine_classes=64 ms=70
GROUP n=4 d=2 k=16 order=144 cyclic=false affine_classes=52 ms=57
GROUP n=4 d=2 k=17 order=72 cyclic=false affine_classes=56 ms=58
GROUP n=4 d=2 k=18 order=72 cyclic=false affine_classes=53 ms=53
GROUP n=4 d=2 k=19 order=72 cyclic=false affine_classes=41 ms=44
GROUP n=4 d=2 k=20 order=36 cyclic=false affine_classes=58 ms=46
GROUP n=4 d=2 k=21 order=36 cyclic=false affine_classes=46 ms=38
GROUP n=4 d=2 k=22 order=72 cyclic=false affine_classes=50 ms=46
GROUP n=4 d=2 k=23 order=144 cyclic=false affine_classes=79 ms=67
GROUP n=4 d=2 k=24 order=18 cyclic=false affine_classes=77 ms=126
GROUP n=4 d=2 k=25 order=192 cyclic=false affine_classes=76 ms=85
GROUP n=4 d=2 k=26 order=96 cyclic=false affine_classes=53 ms=74
GROUP n=4 d=2 k=27 order=48 cyclic=false affine_classes=46 ms=43
GROUP n=4 d=2 k=28 order=96 cyclic=false affine_classes=56 ms=66
GROUP n=4 d=2 k=29 order=48 cyclic=false affine_classes=46 ms=50
GROUP n=4 d=2 k=30 order=48 cyclic=false affine_classes=64 ms=41
GROUP n=4 d=2 k=31 order=48 cyclic=false affine_classes=28 ms=47
GROUP n=4 d=2 k=32 order=96 cyclic=false affine_classes=38 ms=61
GROUP n=4 d=2 k=33 order=96 cyclic=false affine_classes=53 ms=62
GROUP n=4 d=2 k=34 order=48 cyclic=false affine_classes=52 ms=45
GROUP n=4 d=2 k=35 order=24 cyclic=false affine_classes=71 ms=45
GROUP n=4 d=2 k=36 order=24 cyclic=false affine_classes=35 ms=39
GROUP n=4 d=2 k=37 order=24 cyclic=false affine_classes=59 ms=36
GROUP n=4 d=2 k=38 order=48 cyclic=false affine_classes=34 ms=45
GROUP n=4 d=2 k=39 order=192 cyclic=false affine_classes=67 ms=78
GROUP n=4 d=2 k=40 order=96 cyclic=false affine_classes=44 ms=57
GROUP n=4 d=2 k=41 order=48 cyclic=false affine_classes=37 ms=48
GROUP n=4 d=2 k=42 order=384 cyclic=false affine_classes=122 ms=128
GROUP n=4 d=2 k=43 order=192 cyclic=false affine_classes=94 ms=96
GROUP n=4 d=2 k=44 order=64 cyclic=false affine_classes=58 ms=44
GROUP n=4 d=2 k=45 order=96 cyclic=false affine_classes=71 ms=69
GROUP n=4 d=2 k=46 order=32 cyclic=false affine_classes=53 ms=40
GROUP n=4 d=2 k=47 order=48 cyclic=false affine_classes=46 ms=41
GROUP n=4 d=2 k=48 order=96 cyclic=false affine_classes=56 ms=66
GROUP n=4 d=2 k=49 order=32 cyclic=false affine_classes=56 ms=41
GROUP n=4 d=2 k=50 order=48 cyclic=false affine_classes=40 ms=40
GROUP n=4 d=2 k=51 order=16 cyclic=false affine_classes=64 ms=34
GROUP n=4 d=2 k=52 order=48 cyclic=false affine_classes=46 ms=42
GROUP n=4 d=2 k=53 order=16 cyclic=false affine_classes=82 ms=34
GROUP n=4 d=2 k=54 order=48 cyclic=false affine_classes=34 ms=48
GROUP n=4 d=2 k=55 order=16 cyclic=false affine_classes=46 ms=33
GROUP n=4 d=2 k=56 order=96 cyclic=false affine_classes=50 ms=54
GROUP n=4 d=2 k=57 order=32 cyclic=false affine_classes=38 ms=30
GROUP n=4 d=2 k=58 order=96 cyclic=false affine_classes=59 ms=62
GROUP n=4 d=2 k=59 order=48 cyclic=false affine_classes=52 ms=53
GROUP n=4 d=2 k=60 order=24 cyclic=false affine_classes=53 ms=35
GROUP n=4 d=2 k=61 order=24 cyclic=false affine_classes=41 ms=43
GROUP n=4 d=2 k=62 order=192 cyclic=false affine_classes=91 ms=77
GROUP n=4 d=2 k=63 order=64 cyclic=false affine_classes=49 ms=38
GROUP n=4 d=2 k=64 order=96 cyclic=false affine_classes=68 ms=60
GROUP n=4 d=2 k=65 order=32 cyclic=false affine_classes=44 ms=34
GROUP n=4 d=2 k=66 order=384 cyclic=false affine_classes=143 ms=134
GROUP n=4 d=2 k=67 order=128 cyclic=false affine_classes=77 ms=61
GROUP n=4 d=2 k=68 order=1248 cyclic=false affine_classes=350 ms=159
GROUP n=4 d=2 k=69 order=624 cyclic=false affine_classes=196 ms=147
GROUP n=4 d=2 k=70 order=312 cyclic=false affine_classes=104 ms=85
GROUP n=4 d=2 k=71 order=156 cyclic=false affine_classes=64 ms=56
GROUP n=4 d=2 k=72 order=104 cyclic=false affine_classes=56 ms=49
GROUP n=4 d=2 k=73 order=208 cyclic=false affine_classes=76 ms=68
GROUP n=4 d=2 k=74 order=416 cyclic=false affine_classes=122 ms=101
GROUP n=4 d=2 k=75 order=52 cyclic=false affine_classes=64 ms=38
GROUP n=4 d=2 k=76 order=156 cyclic=false affine_classes=52 ms=129
GROUP n=4 d=2 k=77 order=52 cyclic=false affine_classes=28 ms=37
GROUP n=4 d=2 k=78 order=312 cyclic=false affine_classes=98 ms=93
GROUP n=4 d=2 k=79 order=104 cyclic=false affine_classes=38 ms=44
GROUP n=4 d=2 k=80 order=624 cyclic=false affine_classes=193 ms=170
GROUP n=4 d=2 k=81 order=208 cyclic=false affine_classes=67 ms=65
GROUP n=4 d=2 k=82 order=26 cyclic=false affine_classes=68 ms=27
GROUP n=4 d=2 k=83 order=78 cyclic=false affine_classes=44 ms=51
GROUP n=4 d=2 k=84 order=576 cyclic=false affine_classes=105 ms=115
GROUP n=4 d=2 k=85 order=288 cyclic=false affine_classes=63 ms=73
GROUP n=4 d=2 k=86 order=192 cyclic=false affine_classes=51 ms=48
GROUP n=4 d=2 k=87 order=144 cyclic=false affine_classes=60 ms=72
GROUP n=4 d=2 k=88 order=288 cyclic=false affine_classes=93 ms=116
GROUP n=4 d=2 k=89 order=288 cyclic=false affine_classes=60 ms=98
GROUP n=4 d=2 k=90 order=96 cyclic=false affine_classes=39 ms=43
GROUP n=4 d=2 k=91 order=96 cyclic=false affine_classes=36 ms=42
GROUP n=4 d=2 k=92 order=48 cyclic=false affine_classes=52 ms=30
GROUP n=4 d=2 k=93 order=96 cyclic=false affine_classes=47 ms=44
GROUP n=4 d=2 k=94 order=72 cyclic=false affine_classes=51 ms=35
GROUP n=4 d=2 k=95 order=24 cyclic=false affine_classes=65 ms=35
GROUP n=4 d=2 k=96 order=144 cyclic=false affine_classes=39 ms=50
GROUP n=4 d=2 k=97 order=144 cyclic=false affine_classes=45 ms=51
GROUP n=4 d=2 k=98 order=48 cyclic=false affine_classes=21 ms=31
GROUP n=4 d=2 k=99 order=48 cyclic=false affine_classes=39 ms=37
GROUP n=4 d=4 k=1 order=13 cyclic=true affine_classes=61 ms=0
GROUP n=4 d=4 k=2 order=16 cyclic=true affine_classes=55 ms=0
GROUP n=4 d=4 k=3 order=26 cyclic=true affine_classes=50 ms=0
GROUP n=4 d=4 k=4 order=39 cyclic=true affine_classes=55 ms=0
GROUP n=4 d=4 k=5 order=48 cyclic=true affine_classes=61 ms=0
GROUP n=4 d=4 k=6 order=52 cyclic=true affine_classes=64 ms=0
GROUP n=4 d=4 k=7 order=78 cyclic=true affine_classes=86 ms=0
GROUP n=4 d=4 k=8 order=104 cyclic=true affine_classes=110 ms=0
GROUP n=4 d=4 k=9 order=156 cyclic=true affine_classes=160 ms=0
GROUP n=4 d=4 k=10 order=208 cyclic=true affine_classes=211 ms=0
GROUP n=4 d=4 k=11 order=312 cyclic=true affine_classes=314 ms=0
GROUP n=4 d=4 k=12 order=624 cyclic=true affine_classes=625 ms=0
DONE_DIM n=4 total=509 eligible=501 equalities=1 hits=0
DONE total=509 eligible=501 equalities=1 noncyclic_hits=0
