CLASS_CAP 2E6(2) 2E6(2).3.2
MISSING 2E6(2)M4 2E6(2)M4.2
MISSING 2E6(2)M5 2E6(2)M5.2
MISSING 2E6(2)M8 2E6(2)M8.2
MISSING 2E6(2)M9 2E6(2)M9.2
PAIR 2F4(2)' 2F4(2)'.2
TEST normal_class=2 pi=[ 2, 5 ] G_involution_obstructions=[ 2 ]
MISSING 2F4(8) 2F4(8).3
PAIR 3D4(2) 3D4(2).3
TEST normal_class=2 pi=[ 2, 3 ] G_involution_obstructions=[ 2 ]
MISSING 3D4(3) 3D4(3).3
MISSING 3D4(4) 3D4(4).6
PAIR A10 A10.2
TEST normal_class=2 pi=[ 2, 3, 5 ] G_involution_obstructions=[ 2, 23, 24 ]
PAIR A11 A11.2
TEST normal_class=2 pi=[ 2, 3, 5 ] G_involution_obstructions=[ 2, 30 ]
TEST normal_class=3 pi=[ 2, 3, 5, 7 ] G_involution_obstructions=
[ 2, 3, 30, 31 ]
PAIR A12 A12.2
TEST normal_class=2 pi=[ 2, 3, 5 ] G_involution_obstructions=[ 2, 3, 41 ]
TEST normal_class=4 pi=[ 2, 3, 5, 7 ] G_involution_obstructions=
[ 2, 3, 4, 41, 42 ]
PAIR A13 A13.2
TEST normal_class=2 pi=[ 2, 3, 5 ] G_involution_obstructions=[ 2, 53 ]
TEST normal_class=3 pi=[ 2, 3, 5, 7 ] G_involution_obstructions=
[ 2, 3, 53, 54 ]
PAIR A14 A14.2
TEST normal_class=2 pi=[ 2, 3, 5 ] G_involution_obstructions=[ 2, 70 ]
TEST normal_class=3 pi=[ 2, 3, 5, 7 ] G_involution_obstructions=
[ 2, 3, 70, 71, 72 ]
CLASS_CAP A15 A15.2
CLASS_CAP A16 A16.2
CLASS_CAP A17 A17.2
CLASS_CAP A18 A18.2
CLASS_CAP A19 A19.2
PAIR A5 A5.2
PAIR A6 A6.2^2
MISSING A6M2 A6M2.2
PAIR A7 A7.2
TEST normal_class=2 pi=[ 2, 3, 5 ] G_involution_obstructions=[ 2, 9 ]
PAIR A8 A8.2
TEST normal_class=2 pi=[ 2, 3 ] G_involution_obstructions=[ 2, 13 ]
TEST normal_class=3 pi=[ 2, 3, 5 ] G_involution_obstructions=[ 2, 3, 13 ]
PAIR A9 A9.2
TEST normal_class=2 pi=[ 2, 3, 5 ] G_involution_obstructions=[ 2, 17 ]
MISSING E6(2) E6(2).2
CLASS_CAP F3+ F3+.2
PAIR F4(2) F4(2).2
TEST normal_class=2 pi=[ 2, 3 ] G_involution_obstructions=[ 2 ]
TEST normal_class=4 pi=[ 2, 3, 5 ] G_involution_obstructions=[ 2, 3 ]
PAIR Fi22 Fi22.2
TEST normal_class=2 pi=[ 2, 3 ] G_involution_obstructions=[ 2, 60 ]
TEST normal_class=3 pi=[ 2, 3, 5 ] G_involution_obstructions=[ 2, 3, 60 ]
TEST normal_class=4 pi=[ 2, 3, 5, 7, 13 ] G_involution_obstructions=
[ 2, 3, 4, 60 ]
MISSING Fi22M3 Fi22M3.2
PAIR G2(3) G2(3).2
PAIR G2(4) G2(4).2
TEST normal_class=2 pi=[ 2, 3, 5 ] G_involution_obstructions=[ 2 ]
PAIR HN HN.2
TEST normal_class=2 pi=[ 2, 3, 5 ] G_involution_obstructions=[ 2 ]
TEST normal_class=3 pi=[ 2, 3, 5, 7, 11 ] G_involution_obstructions=[ 2, 3 ]
PAIR HS HS.2
TEST normal_class=2 pi=[ 2, 3, 5 ] G_involution_obstructions=[ 2, 22 ]
TEST normal_class=3 pi=[ 2, 3, 5, 7 ] G_involution_obstructions=[ 2, 3, 22 ]
PAIR He He.2
TEST normal_class=2 pi=[ 2, 3, 5 ] G_involution_obstructions=[ 2 ]
PAIR J2 J2.2
TEST normal_class=2 pi=[ 2, 3, 5 ] G_involution_obstructions=[ 2 ]
PAIR J3 J3.2
TEST normal_class=2 pi=[ 2, 3, 5, 17 ] G_involution_obstructions=[ 2 ]
MISSING J3M3 J3M3.2
MISSING L2(101) L2(101).2
MISSING L2(103) L2(103).2
MISSING L2(107) L2(107).2
MISSING L2(109) L2(109).2
PAIR L2(11) L2(11).2
TEST normal_class=2 pi=[ 2, 3, 5 ] G_involution_obstructions=[ 2 ]
MISSING L2(113) L2(113).2
MISSING L2(121) L2(121).2^2
MISSING L2(125) L2(125).6
PAIR L2(13) L2(13).2
PAIR L2(16) L2(16).4
PAIR L2(17) L2(17).2
PAIR L2(19) L2(19).2
TEST normal_class=2 pi=[ 2, 3, 5 ] G_involution_obstructions=[ 2 ]
PAIR L2(23) L2(23).2
TEST normal_class=2 pi=[ 2, 3, 11 ] G_involution_obstructions=[ 2 ]
PAIR L2(25) L2(25).2^2
PAIR L2(27) L2(27).6
TEST normal_class=2 pi=[ 2, 7, 13 ] G_involution_obstructions=[ 2 ]
PAIR L2(29) L2(29).2
PAIR L2(31) L2(31).2
TEST normal_class=2 pi=[ 2, 3, 5 ] G_involution_obstructions=[ 2 ]
PAIR L2(32) L2(32).5
MISSING L2(37) L2(37).2
MISSING L2(41) L2(41).2
MISSING L2(43) L2(43).2
MISSING L2(47) L2(47).2
PAIR L2(49) L2(49).2^2
MISSING L2(53) L2(53).2
MISSING L2(59) L2(59).2
MISSING L2(61) L2(61).2
PAIR L2(64) L2(64).6
MISSING L2(67) L2(67).2
MISSING L2(71) L2(71).2
MISSING L2(73) L2(73).2
MISSING L2(79) L2(79).2
PAIR L2(8) L2(8).3
PAIR L2(81) L2(81).(2x4)
MISSING L2(83) L2(83).2
MISSING L2(89) L2(89).2
MISSING L2(97) L2(97).2
MISSING L3(11) L3(11).2
PAIR L3(2) L3(2).2
TEST normal_class=2 pi=[ 2, 3 ] G_involution_obstructions=[ 2 ]
PAIR L3(3) L3(3).2
TEST normal_class=2 pi=[ 2, 3 ] G_involution_obstructions=[ 2 ]
PAIR L3(4) L3(4).D12
TEST normal_class=2 pi=[ 2, 3, 5 ] G_involution_obstructions=[ 2, 19 ]
MISSING L3(4)M4 L3(4)M4.2^2
MISSING L3(4)M5 L3(4)M5.2^2
MISSING L3(4)M7 L3(4)M7.2
MISSING L3(4)M8 L3(4)M8.2
PAIR L3(5) L3(5).2
TEST normal_class=2 pi=[ 2, 3, 5 ] G_involution_obstructions=[ 2 ]
PAIR L3(7) L3(7).S3
TEST normal_class=2 pi=[ 2, 3, 7 ] G_involution_obstructions=[ 2 ]
PAIR L3(8) L3(8).6
TEST normal_class=2 pi=[ 2, 3, 7 ] G_involution_obstructions=[ 2 ]
PAIR L3(9) L3(9).2^2
TEST normal_class=2 pi=[ 2, 3, 5 ] G_involution_obstructions=[ 2 ]
PAIR L4(3) L4(3).2^2
TEST normal_class=2 pi=[ 2, 3, 5 ] G_involution_obstructions=[ 2, 3, 22, 34 ]
PAIR L4(4) L4(4).2^2
TEST normal_class=2 pi=[ 2, 3, 5 ] G_involution_obstructions=[ 2, 37, 49 ]
TEST normal_class=3 pi=[ 2, 3, 5, 17 ] G_involution_obstructions=
[ 2, 3, 37, 49 ]
MISSING L4(5) L4(5).D8
MISSING L4(9) L4(9).(2xD8)
PAIR L5(2) L5(2).2
TEST normal_class=2 pi=[ 2, 3 ] G_involution_obstructions=[ 2 ]
TEST normal_class=3 pi=[ 2, 3, 5 ] G_involution_obstructions=[ 2, 3 ]
PAIR L5(3) L5(3).2
TEST normal_class=2 pi=[ 2, 3 ] G_involution_obstructions=[ 2 ]
TEST normal_class=3 pi=[ 2, 3, 5 ] G_involution_obstructions=[ 2, 3 ]
PAIR L6(2) L6(2).2
TEST normal_class=2 pi=[ 2, 3 ] G_involution_obstructions=[ 2 ]
TEST normal_class=3 pi=[ 2, 3, 5 ] G_involution_obstructions=[ 2, 3 ]
TEST normal_class=4 pi=[ 2, 3, 5, 7 ] G_involution_obstructions=
[ 2, 3, 4, 45 ]
PAIR L7(2) L7(2).2
TEST normal_class=2 pi=[ 2, 3 ] G_involution_obstructions=[ 2 ]
TEST normal_class=3 pi=[ 2, 3, 5 ] G_involution_obstructions=[ 2, 3 ]
TEST normal_class=4 pi=[ 2, 3, 5, 7 ] G_involution_obstructions=[ 2, 3, 4 ]
MISSING L8(2) L8(2).2
PAIR M12 M12.2
TEST normal_class=2 pi=[ 2, 3, 5 ] G_involution_obstructions=[ 2, 3 ]
PAIR M22 M22.2
TEST normal_class=2 pi=[ 2, 3, 5 ] G_involution_obstructions=[ 2, 12 ]
PAIR McL McL.2
TEST normal_class=2 pi=[ 2, 3, 5 ] G_involution_obstructions=[ 2 ]
MISSING McLM3 McLM3.2
CLASS_CAP O10+(2) O10+(2).2
MISSING O10+(3) O10+(3).2^2
CLASS_CAP O10-(2) O10-(2).2
MISSING O10-(3) O10-(3).D8
CLASS_CAP O12+(2) O12+(2).2
MISSING O12+(3) O12+(3).D8
CLASS_CAP O12-(2) O12-(2).2
MISSING O12-(3) O12-(3).2^2
PAIR O7(3) O7(3).2
TEST normal_class=2 pi=[ 2, 3 ] G_involution_obstructions=[ 2, 53 ]
TEST normal_class=3 pi=[ 2, 3, 5 ] G_involution_obstructions=[ 2, 3, 53, 54 ]
MISSING O7(3)M5 O7(3)M5.2
CLASS_CAP O7(5) O7(5).2
PAIR O8+(2) O8+(2).3.2
TEST normal_class=2 pi=[ 2, 3 ] G_involution_obstructions=[ 2, 42 ]
TEST normal_class=3 pi=[ 2, 3, 5 ] G_involution_obstructions=[ 2, 3, 42 ]
MISSING O8+(2)M8 O8+(2)M8.2
MISSING O8+(2)M9 O8+(2)M9.2
CLASS_CAP O8+(3) O8+(3).S4
MISSING O8+(3)M11 O8+(3)M11.3.2
MISSING O8+(3)M12 O8+(3)M12.3.2
MISSING O8+(3)M13 O8+(3)M13.3.2
MISSING O8+(3)M2 O8+(3)M2.2
MISSING O8+(3)M3 O8+(3)M3.2
MISSING O8+(3)M4 O8+(3)M4.2
MISSING O8+(3)M5 O8+(3)M5.2
MISSING O8+(3)M6 O8+(3)M6.2
MISSING O8+(7) O8+(7).S4
PAIR O8-(2) O8-(2).2
TEST normal_class=2 pi=[ 2, 3 ] G_involution_obstructions=[ 2, 34 ]
TEST normal_class=3 pi=[ 2, 3, 5 ] G_involution_obstructions=[ 2, 3, 34 ]
CLASS_CAP O8-(3) O8-(3).2^2
MISSING O9(3) O9(3).2
PAIR ON ON.2
TEST normal_class=2 pi=[ 2, 3, 5, 7, 11, 19 ] G_involution_obstructions=[ 2 ]
MISSING ONM8 ONM8.2
PAIR R(27) R(27).3
PAIR S4(4) S4(4).4
TEST normal_class=2 pi=[ 2, 3, 5 ] G_involution_obstructions=[ 2, 13 ]
PAIR S4(5) S4(5).2
TEST normal_class=2 pi=[ 2, 3, 5 ] G_involution_obstructions=[ 2, 28 ]
PAIR S4(7) S4(7).2
TEST normal_class=2 pi=[ 2, 3, 7 ] G_involution_obstructions=[ 2, 44 ]
MISSING S4(8) S4(8).6
PAIR S4(9) S4(9).2^2
TEST normal_class=2 pi=[ 2, 3, 5 ] G_involution_obstructions=[ 2, 42, 57 ]
PAIR S6(3) S6(3).2
TEST normal_class=2 pi=[ 2, 3 ] G_involution_obstructions=[ 2 ]
PAIR S6(4) S6(4).2
TEST normal_class=2 pi=[ 2, 3, 5 ] G_involution_obstructions=[ 2, 3 ]
TEST normal_class=4 pi=[ 2, 3, 5, 17 ] G_involution_obstructions=[ 2, 3, 4 ]
MISSING S6(5) S6(5).2
MISSING S8(3) S8(3).2
PAIR Suz Suz.2
TEST normal_class=2 pi=[ 2, 3, 5 ] G_involution_obstructions=[ 2 ]
PAIR Sz(32) Sz(32).5
PAIR Sz(8) Sz(8).3
PAIR U3(11) U3(11).S3
TEST normal_class=2 pi=[ 2, 3, 5, 11 ] G_involution_obstructions=[ 2 ]
PAIR U3(3) U3(3).2
TEST normal_class=2 pi=[ 2, 3 ] G_involution_obstructions=[ 2 ]
PAIR U3(4) U3(4).4
TEST normal_class=2 pi=[ 2, 3, 5 ] G_involution_obstructions=[ 2 ]
PAIR U3(5) U3(5).3.2
TEST normal_class=2 pi=[ 2, 3, 5 ] G_involution_obstructions=[ 2 ]
MISSING U3(5)M2 U3(5)M2.2
MISSING U3(5)M3 U3(5)M3.2
PAIR U3(7) U3(7).2
TEST normal_class=2 pi=[ 2, 3, 7 ] G_involution_obstructions=[ 2 ]
PAIR U3(8) U3(8).(S3x3)
TEST normal_class=2 pi=[ 2, 3, 7 ] G_involution_obstructions=[ 2 ]
PAIR U3(9) U3(9).4
TEST normal_class=2 pi=[ 2, 3, 5 ] G_involution_obstructions=[ 2 ]
PAIR U4(2) U4(2).2
TEST normal_class=2 pi=[ 2, 3 ] G_involution_obstructions=[ 2, 16 ]
PAIR U4(3) U4(3).D8
TEST normal_class=2 pi=[ 2, 3, 5 ] G_involution_obstructions=[ 2, 15, 16, 39 ]
MISSING U4(3)M12 U4(3)M12.2
MISSING U4(3)M3 U4(3)M3.2
PAIR U4(4) U4(4).4
TEST normal_class=2 pi=[ 2, 3, 5 ] G_involution_obstructions=[ 2, 36 ]
TEST normal_class=3 pi=[ 2, 3, 5, 17 ] G_involution_obstructions=[ 2, 3, 36 ]
CLASS_CAP U4(5) U4(5).2^2
PAIR U5(2) U5(2).2
TEST normal_class=2 pi=[ 2, 3 ] G_involution_obstructions=[ 2 ]
TEST normal_class=3 pi=[ 2, 3, 5 ] G_involution_obstructions=[ 2, 3 ]
MISSING U5(3) U5(3).2
MISSING U5(4) U5(4).5:4
PAIR U6(2) U6(2).3.2
TEST normal_class=2 pi=[ 2, 3 ] G_involution_obstructions=[ 2, 72 ]
TEST normal_class=3 pi=[ 2, 3, 5 ] G_involution_obstructions=[ 2, 3, 72 ]
TEST normal_class=4 pi=[ 2, 3, 5, 7 ] G_involution_obstructions=
[ 2, 3, 4, 72 ]
MISSING U6(2)M12 U6(2)M12.2
MISSING U6(2)M13 U6(2)M13.2
MISSING U6(4) U6(4).4
MISSING U7(2) U7(2).2
PASS_1884_CATALOGUE groups=78 tests=87 skipped=87
