PAIR [ "O8+(2)", "O8+(2).2" ] orders [ 174182400, 348364800 ]
TEST normal_class=2 pi=[ 2, 3 ] unresolved_G_classes=[ 2, 41 ]
TEST normal_class=3 pi=[ 2, 3, 5 ] unresolved_G_classes=[ 2, 3, 4, 6, 7, 41 ]
PAIR [ "O8+(2)", "O8+(2).3" ] orders [ 174182400, 522547200 ]
TEST normal_class=2 pi=[ 2, 3 ] unresolved_G_classes=[ 2, 28, 29 ]
TEST normal_class=3 pi=[ 2, 3, 5 ] unresolved_G_classes=[ 2, 3, 5, 28, 29 ]
PAIR [ "O8+(2)", "O8+(2).S3" ] orders [ 174182400, 1045094400 ]
TEST normal_class=2 pi=[ 2, 3 ] unresolved_G_classes=[ 2, 28, 42 ]
TEST normal_class=3 pi=[ 2, 3, 5 ] unresolved_G_classes=[ 2, 3, 5, 28, 42 ]
PAIR [ "S4(4)", "S4(4).2" ] orders [ 979200, 1958400 ]
TEST normal_class=2 pi=[ 2, 3, 5 ] unresolved_G_classes=[ 2, 3, 20 ]
PAIR [ "S4(4)", "S4(4).4" ] orders [ 979200, 3916800 ]
TEST normal_class=2 pi=[ 2, 3, 5 ] unresolved_G_classes=
[ 2, 13, 21, 22, 23, 24, 25, 26, 27, 28, 29, 30 ]
PAIR [ "G2(3)", "G2(3).2" ] orders [ 4245696, 8491392 ]
PAIR [ "U4(3)", "U4(3).D8" ] orders [ 3265920, 26127360 ]
TEST normal_class=2 pi=[ 2, 3, 5 ] unresolved_G_classes=
[ 2, 3, 4, 15, 16, 17, 27, 39 ]
PAIR [ "L3(4)", "L3(4).D12" ] orders [ 20160, 241920 ]
TEST normal_class=2 pi=[ 2, 3, 5 ] unresolved_G_classes=[ 2, 11, 19 ]
PAIR [ "U4(2)", "U4(2).2" ] orders [ 25920, 51840 ]
TEST normal_class=2 pi=[ 2, 3 ] unresolved_G_classes=[ 2, 4, 16 ]
PAIR [ "S6(2)", "S6(2)" ] orders [ 1451520, 1451520 ]
TEST normal_class=2 pi=[ 2, 3 ] unresolved_G_classes=[ 2, 3 ]
TEST normal_class=4 pi=[ 2, 3, 5 ] unresolved_G_classes=[ 2, 3, 4, 6 ]
PAIR [ "O8+(3)", "O8+(3).S4" ] orders [ 4952179814400, 118852315545600 ]
TEST normal_class=2 pi=[ 2, 3, 5 ] unresolved_G_classes=
[ 2, 4, 5, 39, 41, 80, 101 ]
PASS_1884_PILOT tests=14 candidates=0
