{"command": ["/project/gap-4.16.1/gap", "-l", "/project/gap-4.16.1", "-q", "-b", "-T", "-m", "128m", "-o", "4g", "-c", "START_ORDER:=384;;END_ORDER:=384;;START_ID:=12289;;END_ID:=12544;;SKIP_ABELIAN:=true;;LOG_ALL:=true;;", "/project/scripts/search_19_20.g"], "source_hashes": {"scripts/search_19_20.g": "7b6a34e9163b58b0248b3c464ae8070783414cd7d14048136dd0e3547b906318", "scripts/lib_19_20.g": "fbcf2d3c4b0648cc1fa87d6e50fc923133d594c029b8430a365caf596ac7ccd5"}}
PARAMETERS start=384 end=384 start_id=12289 end_id=12544 skip_abelian=true log_all=true
ORDER_START order=384 groups=20169
COUNTS id=[ 384, 12289 ] end=80128 piso=1521888
CLOSEST id=[ 384, 12289 ] end=80128 piso=1521888 ratio=47559/2504
COUNTS id=[ 384, 12290 ] end=73984 piso=1365984
CLOSEST id=[ 384, 12290 ] end=73984 piso=1365984 ratio=2511/136
COUNTS id=[ 384, 12291 ] end=93184 piso=1271808
CLOSEST id=[ 384, 12291 ] end=93184 piso=1271808 ratio=1242/91
COUNTS id=[ 384, 12292 ] end=372736 piso=5505024
COUNTS id=[ 384, 12293 ] end=344064 piso=2899968
CLOSEST id=[ 384, 12293 ] end=344064 piso=2899968 ratio=59/7
COUNTS id=[ 384, 12294 ] end=251904 piso=2793984
COUNTS id=[ 384, 12295 ] end=215040 piso=2319744
COUNTS id=[ 384, 12296 ] end=122880 piso=4659072
COUNTS id=[ 384, 12297 ] end=344064 piso=2769792
CLOSEST id=[ 384, 12297 ] end=344064 piso=2769792 ratio=7213/896
COUNTS id=[ 384, 12298 ] end=52224 piso=2509824
COUNTS id=[ 384, 12299 ] end=56320 piso=1892352
COUNTS id=[ 384, 12300 ] end=25600 piso=1915776
COUNTS id=[ 384, 12301 ] end=70656 piso=1861632
COUNTS id=[ 384, 12302 ] end=56320 piso=1087488
COUNTS id=[ 384, 12303 ] end=93184 piso=1316736
COUNTS id=[ 384, 12304 ] end=37888 piso=1525632
COUNTS id=[ 384, 12305 ] end=53248 piso=1020288
COUNTS id=[ 384, 12306 ] end=164608 piso=3823584
COUNTS id=[ 384, 12307 ] end=213760 piso=4263648
COUNTS id=[ 384, 12308 ] end=170752 piso=4081632
COUNTS id=[ 384, 12309 ] end=292608 piso=10061280
COUNTS id=[ 384, 12310 ] end=382720 piso=6456288
COUNTS id=[ 384, 12311 ] end=60672 piso=3348192
COUNTS id=[ 384, 12312 ] end=75520 piso=1548000
COUNTS id=[ 384, 12313 ] end=129280 piso=2120928
COUNTS id=[ 384, 12314 ] end=75520 piso=1532640
COUNTS id=[ 384, 12315 ] end=46336 piso=3003360
COUNTS id=[ 384, 12316 ] end=129280 piso=2352096
COUNTS id=[ 384, 12317 ] end=46336 piso=1243104
COUNTS id=[ 384, 12318 ] end=66816 piso=1918944
COUNTS id=[ 384, 12319 ] end=64768 piso=1428960
COUNTS id=[ 384, 12320 ] end=46336 piso=1218528
COUNTS id=[ 384, 12321 ] end=46336 piso=1251552
COUNTS id=[ 384, 12322 ] end=93184 piso=1595904
COUNTS id=[ 384, 12323 ] end=65536 piso=1500672
COUNTS id=[ 384, 12324 ] end=62464 piso=1284480
COUNTS id=[ 384, 12325 ] end=93184 piso=1461120
COUNTS id=[ 384, 12326 ] end=53248 piso=1745280
COUNTS id=[ 384, 12327 ] end=48384 piso=2961120
COUNTS id=[ 384, 12328 ] end=109824 piso=1898976
COUNTS id=[ 384, 12329 ] end=79104 piso=1305312
COUNTS id=[ 384, 12330 ] end=51456 piso=1253856
COUNTS id=[ 384, 12331 ] end=20736 piso=1564128
COUNTS id=[ 384, 12332 ] end=54528 piso=1930464
COUNTS id=[ 384, 12333 ] end=45312 piso=1126368
COUNTS id=[ 384, 12334 ] end=17664 piso=1392864
COUNTS id=[ 384, 12335 ] end=91392 piso=2243808
COUNTS id=[ 384, 12336 ] end=291072 piso=3420384
COUNTS id=[ 384, 12337 ] end=57600 piso=1551840
COUNTS id=[ 384, 12338 ] end=57600 piso=1527264
COUNTS id=[ 384, 12339 ] end=152832 piso=1977312
COUNTS id=[ 384, 12340 ] end=54528 piso=1425888
COUNTS id=[ 384, 12341 ] end=48384 piso=1316064
COUNTS id=[ 384, 12342 ] end=115968 piso=1810656
COUNTS id=[ 384, 12343 ] end=73728 piso=1110912
COUNTS id=[ 384, 12344 ] end=67584 piso=1129344
COUNTS id=[ 384, 12345 ] end=33792 piso=1017216
COUNTS id=[ 384, 12346 ] end=101376 piso=1275264
COUNTS id=[ 384, 12347 ] end=1011712 piso=7409664
CLOSEST id=[ 384, 12347 ] end=1011712 piso=7409664 ratio=1809/247
COUNTS id=[ 384, 12348 ] end=270336 piso=2482176
COUNTS id=[ 384, 12349 ] end=1044480 piso=7279104
CLOSEST id=[ 384, 12349 ] end=1044480 piso=7279104 ratio=4739/680
COUNTS id=[ 384, 12350 ] end=202752 piso=2744832
COUNTS id=[ 384, 12351 ] end=703488 piso=4639104
CLOSEST id=[ 384, 12351 ] end=703488 piso=4639104 ratio=12081/1832
COUNTS id=[ 384, 12352 ] end=172032 piso=2310528
COUNTS id=[ 384, 12353 ] end=592896 piso=4490112
COUNTS id=[ 384, 12354 ] end=294912 piso=2336640
COUNTS id=[ 384, 12355 ] end=457728 piso=5704704
COUNTS id=[ 384, 12356 ] end=73728 piso=1362432
COUNTS id=[ 384, 12357 ] end=104448 piso=2411520
COUNTS id=[ 384, 12358 ] end=482304 piso=6205440
COUNTS id=[ 384, 12359 ] end=46080 piso=1476096
COUNTS id=[ 384, 12360 ] end=36864 piso=1923072
COUNTS id=[ 384, 12361 ] end=479232 piso=3818880
COUNTS id=[ 384, 12362 ] end=43008 piso=1226112
COUNTS id=[ 384, 12363 ] end=451584 piso=3414912
COUNTS id=[ 384, 12364 ] end=73728 piso=1258368
COUNTS id=[ 384, 12365 ] end=73728 piso=1746816
COUNTS id=[ 384, 12366 ] end=138240 piso=1585152
COUNTS id=[ 384, 12367 ] end=36864 piso=1124352
COUNTS id=[ 384, 12368 ] end=113664 piso=1511424
COUNTS id=[ 384, 12369 ] end=67584 piso=1013760
COUNTS id=[ 384, 12370 ] end=1210112 piso=14069856
COUNTS id=[ 384, 12371 ] end=518912 piso=5717088
COUNTS id=[ 384, 12372 ] end=651008 piso=6241632
COUNTS id=[ 384, 12373 ] end=119552 piso=2561376
COUNTS id=[ 384, 12374 ] end=105216 piso=2241888
COUNTS id=[ 384, 12375 ] end=134400 piso=2434656
COUNTS id=[ 384, 12376 ] end=930048 piso=11889504
COUNTS id=[ 384, 12377 ] end=475392 piso=3489888
COUNTS id=[ 384, 12378 ] end=475392 piso=3664224
COUNTS id=[ 384, 12379 ] end=60672 piso=1353312
COUNTS id=[ 384, 12380 ] end=51456 piso=2608992
COUNTS id=[ 384, 12381 ] end=89856 piso=1829472
COUNTS id=[ 384, 12382 ] end=76032 piso=1299552
COUNTS id=[ 384, 12383 ] end=51456 piso=1155168
COUNTS id=[ 384, 12384 ] end=51456 piso=1005408
COUNTS id=[ 384, 12385 ] end=51456 piso=939360
COUNTS id=[ 384, 12386 ] end=73728 piso=1393152
COUNTS id=[ 384, 12387 ] end=138240 piso=2170368
COUNTS id=[ 384, 12388 ] end=110592 piso=1686912
PROGRESS checked=100 hits=0 reversed=0 runtime_ms=272810
COUNTS id=[ 384, 12389 ] end=73728 piso=1273728
COUNTS id=[ 384, 12390 ] end=33792 piso=1815936
COUNTS id=[ 384, 12391 ] end=40192 piso=2029536
COUNTS id=[ 384, 12392 ] end=70912 piso=1276896
COUNTS id=[ 384, 12393 ] end=12544 piso=2206944
COUNTS id=[ 384, 12394 ] end=37120 piso=1293024
COUNTS id=[ 384, 12395 ] end=84736 piso=2877408
COUNTS id=[ 384, 12396 ] end=54016 piso=2262240
COUNTS id=[ 384, 12397 ] end=40192 piso=1595616
COUNTS id=[ 384, 12398 ] end=98560 piso=1427424
COUNTS id=[ 384, 12399 ] end=93184 piso=1316736
COUNTS id=[ 384, 12400 ] end=37888 piso=1525632
COUNTS id=[ 384, 12401 ] end=53248 piso=1020288
COUNTS id=[ 384, 12402 ] end=93184 piso=1241088
COUNTS id=[ 384, 12403 ] end=266240 piso=5505024
COUNTS id=[ 384, 12404 ] end=319488 piso=2899968
COUNTS id=[ 384, 12405 ] end=245760 piso=2793984
COUNTS id=[ 384, 12406 ] end=215040 piso=2319744
COUNTS id=[ 384, 12407 ] end=122880 piso=4659072
COUNTS id=[ 384, 12408 ] end=344064 piso=2769792
COUNTS id=[ 384, 12409 ] end=31744 piso=2509824
COUNTS id=[ 384, 12410 ] end=56320 piso=1892352
COUNTS id=[ 384, 12411 ] end=53248 piso=1745280
COUNTS id=[ 384, 12412 ] end=25600 piso=1915776
COUNTS id=[ 384, 12413 ] end=56320 piso=1118208
COUNTS id=[ 384, 12414 ] end=50176 piso=1830912
COUNTS id=[ 384, 12415 ] end=104704 piso=5515104
COUNTS id=[ 384, 12416 ] end=236800 piso=3815520
COUNTS id=[ 384, 12417 ] end=37120 piso=2678880
COUNTS id=[ 384, 12418 ] end=75520 piso=1675104
COUNTS id=[ 384, 12419 ] end=75520 piso=1895520
COUNTS id=[ 384, 12420 ] end=120064 piso=2086752
COUNTS id=[ 384, 12421 ] end=37120 piso=1237344
COUNTS id=[ 384, 12422 ] end=37120 piso=1024608
COUNTS id=[ 384, 12423 ] end=93184 piso=1595904
COUNTS id=[ 384, 12424 ] end=65536 piso=1500672
COUNTS id=[ 384, 12425 ] end=62464 piso=1284480
COUNTS id=[ 384, 12426 ] end=93184 piso=1461120
COUNTS id=[ 384, 12427 ] end=118016 piso=1976544
COUNTS id=[ 384, 12428 ] end=59648 piso=1180896
COUNTS id=[ 384, 12429 ] end=62720 piso=2977248
COUNTS id=[ 384, 12430 ] end=25856 piso=1192416
COUNTS id=[ 384, 12431 ] end=297728 piso=3537888
COUNTS id=[ 384, 12432 ] end=67328 piso=1733856
COUNTS id=[ 384, 12433 ] end=167168 piso=2574048
COUNTS id=[ 384, 12434 ] end=59648 piso=1249248
COUNTS id=[ 384, 12435 ] end=54272 piso=1212288
COUNTS id=[ 384, 12436 ] end=134144 piso=2060160
COUNTS id=[ 384, 12437 ] end=81920 piso=1155456
COUNTS id=[ 384, 12438 ] end=54272 piso=1056768
COUNTS id=[ 384, 12439 ] end=1863680 piso=20004864
COUNTS id=[ 384, 12440 ] end=233472 piso=2555904
COUNTS id=[ 384, 12441 ] end=1001472 piso=6775296
COUNTS id=[ 384, 12442 ] end=660480 piso=4273536
CLOSEST id=[ 384, 12442 ] end=660480 piso=4273536 ratio=11129/1720
COUNTS id=[ 384, 12443 ] end=1099776 piso=11706240
COUNTS id=[ 384, 12444 ] end=258048 piso=2370432
COUNTS id=[ 384, 12445 ] end=530432 piso=7007232
COUNTS id=[ 384, 12446 ] end=54272 piso=1331712
COUNTS id=[ 384, 12447 ] end=462848 piso=5769216
COUNTS id=[ 384, 12448 ] end=118784 piso=1973760
COUNTS id=[ 384, 12449 ] end=91136 piso=1474944
COUNTS id=[ 384, 12450 ] end=499712 piso=4315008
COUNTS id=[ 384, 12451 ] end=54272 piso=1230720
COUNTS id=[ 384, 12452 ] end=118784 piso=1443840
COUNTS id=[ 384, 12453 ] end=214016 piso=2973696
COUNTS id=[ 384, 12454 ] end=1624320 piso=25062240
COUNTS id=[ 384, 12455 ] end=533760 piso=4669536
COUNTS id=[ 384, 12456 ] end=505088 piso=4264032
COUNTS id=[ 384, 12457 ] end=75008 piso=1466208
COUNTS id=[ 384, 12458 ] end=944384 piso=12543072
COUNTS id=[ 384, 12459 ] end=489728 piso=3860832
COUNTS id=[ 384, 12460 ] end=90368 piso=1473888
COUNTS id=[ 384, 12461 ] end=65792 piso=1164384
COUNTS id=[ 384, 12462 ] end=459776 piso=3514752
COUNTS id=[ 384, 12463 ] end=186368 piso=1422336
COUNTS id=[ 384, 12464 ] end=153088 piso=1200000
COUNTS id=[ 384, 12465 ] end=177664 piso=1347072
COUNTS id=[ 384, 12466 ] end=153088 piso=1219968
COUNTS id=[ 384, 12467 ] end=230656 piso=2547456
COUNTS id=[ 384, 12468 ] end=230656 piso=2547456
COUNTS id=[ 384, 12469 ] end=256768 piso=3002112
COUNTS id=[ 384, 12470 ] end=504064 piso=6298368
COUNTS id=[ 384, 12471 ] end=21760 piso=4086528
COUNTS id=[ 384, 12472 ] end=186368 piso=1422336
COUNTS id=[ 384, 12473 ] end=153088 piso=1200000
COUNTS id=[ 384, 12474 ] end=177664 piso=1347072
COUNTS id=[ 384, 12475 ] end=153088 piso=1219968
COUNTS id=[ 384, 12476 ] end=361984 piso=3636096
COUNTS id=[ 384, 12477 ] end=120832 piso=2665344
COUNTS id=[ 384, 12478 ] end=385024 piso=1695744
CLOSEST id=[ 384, 12478 ] end=385024 piso=1695744 ratio=207/47
COUNTS id=[ 384, 12479 ] end=115712 piso=729600
COUNTS id=[ 384, 12480 ] end=115712 piso=680448
COUNTS id=[ 384, 12481 ] end=266240 piso=1456128
COUNTS id=[ 384, 12482 ] end=348160 piso=1568256
COUNTS id=[ 384, 12483 ] end=229376 piso=1448448
COUNTS id=[ 384, 12484 ] end=115712 piso=672768
COUNTS id=[ 384, 12485 ] end=115712 piso=712704
COUNTS id=[ 384, 12486 ] end=682240 piso=8168160
COUNTS id=[ 384, 12487 ] end=341248 piso=3253728
COUNTS id=[ 384, 12488 ] end=98560 piso=1786080
PROGRESS checked=200 hits=0 reversed=0 runtime_ms=511937
COUNTS id=[ 384, 12489 ] end=129280 piso=1677792
COUNTS id=[ 384, 12490 ] end=276736 piso=4481760
COUNTS id=[ 384, 12491 ] end=196864 piso=2520288
COUNTS id=[ 384, 12492 ] end=532480 piso=2552832
COUNTS id=[ 384, 12493 ] end=106496 piso=870912
COUNTS id=[ 384, 12494 ] end=100352 piso=824832
COUNTS id=[ 384, 12495 ] end=327680 piso=1910784
COUNTS id=[ 384, 12496 ] end=206848 piso=2333184
COUNTS id=[ 384, 12497 ] end=143360 piso=1752576
COUNTS id=[ 384, 12498 ] end=69632 piso=761856
COUNTS id=[ 384, 12499 ] end=75776 piso=807936
COUNTS id=[ 384, 12500 ] end=298240 piso=4656096
COUNTS id=[ 384, 12501 ] end=113920 piso=3833568
COUNTS id=[ 384, 12502 ] end=80128 piso=1395168
COUNTS id=[ 384, 12503 ] end=129280 piso=1652448
COUNTS id=[ 384, 12504 ] end=560896 piso=8556768
COUNTS id=[ 384, 12505 ] end=313600 piso=5255136
COUNTS id=[ 384, 12506 ] end=118528 piso=2113248
COUNTS id=[ 384, 12507 ] end=73984 piso=1714656
COUNTS id=[ 384, 12508 ] end=239872 piso=3369696
COUNTS id=[ 384, 12509 ] end=110848 piso=3620832
COUNTS id=[ 384, 12510 ] end=49408 piso=1546464
COUNTS id=[ 384, 12511 ] end=98560 piso=1476576
COUNTS id=[ 384, 12512 ] end=195328 piso=5798112
COUNTS id=[ 384, 12513 ] end=66304 piso=2610912
COUNTS id=[ 384, 12514 ] end=217088 piso=1228800
COUNTS id=[ 384, 12515 ] end=115712 piso=741888
COUNTS id=[ 384, 12516 ] end=112640 piso=665088
COUNTS id=[ 384, 12517 ] end=112640 piso=714240
COUNTS id=[ 384, 12518 ] end=115712 piso=692736
COUNTS id=[ 384, 12519 ] end=210944 piso=1308672
COUNTS id=[ 384, 12520 ] end=180224 piso=1181184
COUNTS id=[ 384, 12521 ] end=174080 piso=1221120
COUNTS id=[ 384, 12522 ] end=112640 piso=703488
COUNTS id=[ 384, 12523 ] end=115712 piso=685056
COUNTS id=[ 384, 12524 ] end=115712 piso=724992
COUNTS id=[ 384, 12525 ] end=112640 piso=663552
COUNTS id=[ 384, 12526 ] end=252160 piso=2751456
COUNTS id=[ 384, 12527 ] end=49408 piso=2128608
COUNTS id=[ 384, 12528 ] end=301312 piso=3942624
COUNTS id=[ 384, 12529 ] end=98560 piso=1837536
COUNTS id=[ 384, 12530 ] end=120064 piso=1597920
COUNTS id=[ 384, 12531 ] end=80128 piso=1660128
COUNTS id=[ 384, 12532 ] end=178432 piso=2394336
COUNTS id=[ 384, 12533 ] end=319488 piso=1975296
COUNTS id=[ 384, 12534 ] end=106496 piso=907776
COUNTS id=[ 384, 12535 ] end=103424 piso=867840
COUNTS id=[ 384, 12536 ] end=100352 piso=824832
COUNTS id=[ 384, 12537 ] end=97280 piso=803328
COUNTS id=[ 384, 12538 ] end=303104 piso=1849344
COUNTS id=[ 384, 12539 ] end=137216 piso=1755648
COUNTS id=[ 384, 12540 ] end=131072 piso=1691136
COUNTS id=[ 384, 12541 ] end=69632 piso=761856
COUNTS id=[ 384, 12542 ] end=66560 piso=746496
COUNTS id=[ 384, 12543 ] end=75776 piso=844800
COUNTS id=[ 384, 12544 ] end=72704 piso=811008
DONE checked=256 abelian=0 hits=0 reversed=0 skipped_abelian=0 closest=[ 384, 12478 ] min_ratio=207/47 runtime_ms=632920
