{"command": ["/project/gap-4.16.1/gap", "-l", "/project/gap-4.16.1", "-q", "-b", "-T", "-m", "128m", "-o", "4g", "-c", "START_ORDER:=384;;END_ORDER:=384;;START_ID:=17921;;END_ID:=18176;;SKIP_ABELIAN:=true;;LOG_ALL:=true;;", "/project/scripts/search_19_20.g"], "source_hashes": {"scripts/search_19_20.g": "7b6a34e9163b58b0248b3c464ae8070783414cd7d14048136dd0e3547b906318", "scripts/lib_19_20.g": "fbcf2d3c4b0648cc1fa87d6e50fc923133d594c029b8430a365caf596ac7ccd5"}}
PARAMETERS start=384 end=384 start_id=17921 end_id=18176 skip_abelian=true log_all=true
ORDER_START order=384 groups=20169
COUNTS id=[ 384, 17921 ] end=15616 piso=1195464
CLOSEST id=[ 384, 17921 ] end=15616 piso=1195464 ratio=149433/1952
COUNTS id=[ 384, 17922 ] end=112384 piso=16496712
COUNTS id=[ 384, 17923 ] end=38656 piso=3864648
COUNTS id=[ 384, 17924 ] end=15616 piso=1204680
COUNTS id=[ 384, 17925 ] end=7552 piso=601032
COUNTS id=[ 384, 17926 ] end=9472 piso=2707848
COUNTS id=[ 384, 17927 ] end=12800 piso=1049352
COUNTS id=[ 384, 17928 ] end=2048 piso=911880
COUNTS id=[ 384, 17929 ] end=52480 piso=4206984
COUNTS id=[ 384, 17930 ] end=20224 piso=1164168
CLOSEST id=[ 384, 17930 ] end=20224 piso=1164168 ratio=145521/2528
COUNTS id=[ 384, 17931 ] end=55040 piso=5065992
COUNTS id=[ 384, 17932 ] end=6272 piso=715272
COUNTS id=[ 384, 17933 ] end=6272 piso=727560
COUNTS id=[ 384, 17934 ] end=10496 piso=936456
COUNTS id=[ 384, 17935 ] end=8960 piso=2350344
COUNTS id=[ 384, 17936 ] end=12544 piso=1547592
COUNTS id=[ 384, 17937 ] end=15616 piso=912072
COUNTS id=[ 384, 17938 ] end=3328 piso=639432
COUNTS id=[ 384, 17939 ] end=9472 piso=862920
COUNTS id=[ 384, 17940 ] end=27904 piso=1315656
CLOSEST id=[ 384, 17940 ] end=27904 piso=1315656 ratio=164457/3488
COUNTS id=[ 384, 17941 ] end=24832 piso=1254216
COUNTS id=[ 384, 17942 ] end=46336 piso=3476808
COUNTS id=[ 384, 17943 ] end=11776 piso=915912
COUNTS id=[ 384, 17944 ] end=50176 piso=4189896
COUNTS id=[ 384, 17945 ] end=7552 piso=630216
COUNTS id=[ 384, 17946 ] end=10240 piso=1443528
COUNTS id=[ 384, 17947 ] end=7552 piso=611784
COUNTS id=[ 384, 17948 ] end=92416 piso=92871168
COUNTS id=[ 384, 17949 ] end=67840 piso=28509696
COUNTS id=[ 384, 17950 ] end=11840 piso=2101992
COUNTS id=[ 384, 17951 ] end=3776 piso=708072
COUNTS id=[ 384, 17952 ] end=7232 piso=3420648
COUNTS id=[ 384, 17953 ] end=3776 piso=870888
COUNTS id=[ 384, 17954 ] end=3776 piso=631272
COUNTS id=[ 384, 17955 ] end=3776 piso=707304
COUNTS id=[ 384, 17956 ] end=44096 piso=4348392
COUNTS id=[ 384, 17957 ] end=8000 piso=767208
COUNTS id=[ 384, 17958 ] end=73280 piso=12188904
COUNTS id=[ 384, 17959 ] end=10304 piso=1248744
COUNTS id=[ 384, 17960 ] end=33344 piso=3469800
COUNTS id=[ 384, 17961 ] end=17984 piso=1681128
COUNTS id=[ 384, 17962 ] end=10304 piso=1776360
COUNTS id=[ 384, 17963 ] end=8000 piso=702696
COUNTS id=[ 384, 17964 ] end=8000 piso=795624
COUNTS id=[ 384, 17965 ] end=10304 piso=1092840
COUNTS id=[ 384, 17966 ] end=27200 piso=5837352
COUNTS id=[ 384, 17967 ] end=10304 piso=2577192
COUNTS id=[ 384, 17968 ] end=21056 piso=1999656
COUNTS id=[ 384, 17969 ] end=5568 piso=1386024
COUNTS id=[ 384, 17970 ] end=2496 piso=976680
COUNTS id=[ 384, 17971 ] end=4032 piso=1125672
COUNTS id=[ 384, 17972 ] end=105536 piso=14667048
COUNTS id=[ 384, 17973 ] end=15168 piso=1592616
COUNTS id=[ 384, 17974 ] end=42560 piso=4393512
COUNTS id=[ 384, 17975 ] end=13376 piso=1690152
COUNTS id=[ 384, 17976 ] end=8256 piso=1051176
COUNTS id=[ 384, 17977 ] end=6720 piso=929832
COUNTS id=[ 384, 17978 ] end=24640 piso=2245800
COUNTS id=[ 384, 17979 ] end=6592 piso=708264
COUNTS id=[ 384, 17980 ] end=13888 piso=2556840
COUNTS id=[ 384, 17981 ] end=5056 piso=600744
COUNTS id=[ 384, 17982 ] end=6592 piso=781224
COUNTS id=[ 384, 17983 ] end=16960 piso=1500072
COUNTS id=[ 384, 17984 ] end=10816 piso=882600
COUNTS id=[ 384, 17985 ] end=35392 piso=3675048
COUNTS id=[ 384, 17986 ] end=70720 piso=12019368
COUNTS id=[ 384, 17987 ] end=12352 piso=1453224
COUNTS id=[ 384, 17988 ] end=13120 piso=1193640
COUNTS id=[ 384, 17989 ] end=9280 piso=787368
COUNTS id=[ 384, 17990 ] end=8128 piso=1228968
COUNTS id=[ 384, 17991 ] end=12736 piso=1778088
COUNTS id=[ 384, 17992 ] end=6592 piso=1124520
COUNTS id=[ 384, 17993 ] end=3136 piso=1214376
COUNTS id=[ 384, 17994 ] end=11200 piso=879528
COUNTS id=[ 384, 17995 ] end=7360 piso=687528
COUNTS id=[ 384, 17996 ] end=11584 piso=789672
COUNTS id=[ 384, 17997 ] end=10048 piso=722856
COUNTS id=[ 384, 17998 ] end=18112 piso=1623720
COUNTS id=[ 384, 17999 ] end=9664 piso=762792
COUNTS id=[ 384, 18000 ] end=25024 piso=2196648
COUNTS id=[ 384, 18001 ] end=5824 piso=628392
COUNTS id=[ 384, 18002 ] end=9664 piso=1266600
COUNTS id=[ 384, 18003 ] end=21952 piso=2629800
COUNTS id=[ 384, 18004 ] end=13888 piso=1491624
COUNTS id=[ 384, 18005 ] end=43456 piso=3327912
COUNTS id=[ 384, 18006 ] end=38080 piso=2263464
COUNTS id=[ 384, 18007 ] end=12736 piso=889512
COUNTS id=[ 384, 18008 ] end=7360 piso=809640
COUNTS id=[ 384, 18009 ] end=11584 piso=884136
COUNTS id=[ 384, 18010 ] end=40960 piso=4511232
COUNTS id=[ 384, 18011 ] end=77824 piso=4924416
COUNTS id=[ 384, 18012 ] end=51200 piso=3240960
COUNTS id=[ 384, 18013 ] end=19712 piso=1065216
COUNTS id=[ 384, 18014 ] end=65536 piso=6170112
COUNTS id=[ 384, 18015 ] end=126976 piso=16983552
COUNTS id=[ 384, 18016 ] end=22528 piso=1821696
COUNTS id=[ 384, 18017 ] end=48640 piso=3155712
COUNTS id=[ 384, 18018 ] end=19712 piso=951552
COUNTS id=[ 384, 18019 ] end=58624 piso=5958144
COUNTS id=[ 384, 18020 ] end=15616 piso=1890816
PROGRESS checked=100 hits=0 reversed=0 runtime_ms=174119
COUNTS id=[ 384, 18021 ] end=14080 piso=3536712
COUNTS id=[ 384, 18022 ] end=17408 piso=862152
COUNTS id=[ 384, 18023 ] end=17408 piso=862152
COUNTS id=[ 384, 18024 ] end=10496 piso=655560
COUNTS id=[ 384, 18025 ] end=38656 piso=3831624
COUNTS id=[ 384, 18026 ] end=75520 piso=11124552
COUNTS id=[ 384, 18027 ] end=12544 piso=1152840
COUNTS id=[ 384, 18028 ] end=12800 piso=692040
COUNTS id=[ 384, 18029 ] end=12800 piso=749640
COUNTS id=[ 384, 18030 ] end=38656 piso=3725640
COUNTS id=[ 384, 18031 ] end=7936 piso=1550664
COUNTS id=[ 384, 18032 ] end=107584 piso=21663648
COUNTS id=[ 384, 18033 ] end=57408 piso=8764320
COUNTS id=[ 384, 18034 ] end=26688 piso=2611872
COUNTS id=[ 384, 18035 ] end=55104 piso=6869664
COUNTS id=[ 384, 18036 ] end=53056 piso=6691488
COUNTS id=[ 384, 18037 ] end=15424 piso=2045088
COUNTS id=[ 384, 18038 ] end=20800 piso=1740192
COUNTS id=[ 384, 18039 ] end=23616 piso=4701600
COUNTS id=[ 384, 18040 ] end=11072 piso=2096544
COUNTS id=[ 384, 18041 ] end=17984 piso=1618080
COUNTS id=[ 384, 18042 ] end=9152 piso=1307400
COUNTS id=[ 384, 18043 ] end=19136 piso=1561608
COUNTS id=[ 384, 18044 ] end=30656 piso=3047688
COUNTS id=[ 384, 18045 ] end=18880 piso=1518408
COUNTS id=[ 384, 18046 ] end=28096 piso=2034504
COUNTS id=[ 384, 18047 ] end=5440 piso=1447752
COUNTS id=[ 384, 18048 ] end=14656 piso=1240392
COUNTS id=[ 384, 18049 ] end=27072 piso=1608840
COUNTS id=[ 384, 18050 ] end=14400 piso=1288584
COUNTS id=[ 384, 18051 ] end=3264 piso=2034312
COUNTS id=[ 384, 18052 ] end=163840 piso=74366976
COUNTS id=[ 384, 18053 ] end=90112 piso=69586944
COUNTS id=[ 384, 18054 ] end=524288 piso=124035072
COUNTS id=[ 384, 18055 ] end=188416 piso=113356800
COUNTS id=[ 384, 18056 ] end=63488 piso=74092800
COUNTS id=[ 384, 18057 ] end=262144 piso=114597888
COUNTS id=[ 384, 18058 ] end=114688 piso=73933824
COUNTS id=[ 384, 18059 ] end=360448 piso=618983424
COUNTS id=[ 384, 18060 ] end=126976 piso=87138048
COUNTS id=[ 384, 18061 ] end=71168 piso=80169984
COUNTS id=[ 384, 18062 ] end=131072 piso=94060800
COUNTS id=[ 384, 18063 ] end=94208 piso=136673280
COUNTS id=[ 384, 18064 ] end=143360 piso=167316480
COUNTS id=[ 384, 18065 ] end=82688 piso=136337664
COUNTS id=[ 384, 18066 ] end=184320 piso=154654464
COUNTS id=[ 384, 18067 ] end=81920 piso=145324032
COUNTS id=[ 384, 18068 ] end=94208 piso=142420992
COUNTS id=[ 384, 18069 ] end=356352 piso=891042816
COUNTS id=[ 384, 18070 ] end=140800 piso=162079488
COUNTS id=[ 384, 18071 ] end=137728 piso=165232896
COUNTS id=[ 384, 18072 ] end=313344 piso=201065472
COUNTS id=[ 384, 18073 ] end=40960 piso=19439616
COUNTS id=[ 384, 18074 ] end=65536 piso=18527232
COUNTS id=[ 384, 18075 ] end=17152 piso=13844736
COUNTS id=[ 384, 18076 ] end=237568 piso=30406536
COUNTS id=[ 384, 18077 ] end=28672 piso=21798408
COUNTS id=[ 384, 18078 ] end=108544 piso=21703680
COUNTS id=[ 384, 18079 ] end=71680 piso=17184648
COUNTS id=[ 384, 18080 ] end=102400 piso=18260736
COUNTS id=[ 384, 18081 ] end=83968 piso=22019592
COUNTS id=[ 384, 18082 ] end=57856 piso=18712320
COUNTS id=[ 384, 18083 ] end=21760 piso=16107528
COUNTS id=[ 384, 18084 ] end=65536 piso=20997120
COUNTS id=[ 384, 18085 ] end=34816 piso=3417096
COUNTS id=[ 384, 18086 ] end=71680 piso=11109384
COUNTS id=[ 384, 18087 ] end=31744 piso=3260160
COUNTS id=[ 384, 18088 ] end=20480 piso=3801600
COUNTS id=[ 384, 18089 ] end=57344 piso=9082368
COUNTS id=[ 384, 18090 ] end=25856 piso=3434496
COUNTS id=[ 384, 18091 ] end=77824 piso=4859400
COUNTS id=[ 384, 18092 ] end=26624 piso=4594824
COUNTS id=[ 384, 18093 ] end=20480 piso=3860616
COUNTS id=[ 384, 18094 ] end=96256 piso=9025032
COUNTS id=[ 384, 18095 ] end=40960 piso=3532296
COUNTS id=[ 384, 18096 ] end=69632 piso=10419336
COUNTS id=[ 384, 18097 ] end=25856 piso=3499656
COUNTS id=[ 384, 18098 ] end=25856 piso=3450504
COUNTS id=[ 384, 18099 ] end=57344 piso=9144456
COUNTS id=[ 384, 18100 ] end=33280 piso=5002440
COUNTS id=[ 384, 18101 ] end=73216 piso=17997000
COUNTS id=[ 384, 18102 ] end=36352 piso=5162568
COUNTS id=[ 384, 18103 ] end=33280 piso=4752072
COUNTS id=[ 384, 18104 ] end=47872 piso=4511304
COUNTS id=[ 384, 18105 ] end=37120 piso=4907208
COUNTS id=[ 384, 18106 ] end=64000 piso=12241608
COUNTS id=[ 384, 18107 ] end=9728 piso=4852296
COUNTS id=[ 384, 18108 ] end=37376 piso=5583432
COUNTS id=[ 384, 18109 ] end=9728 piso=2972616
COUNTS id=[ 384, 18110 ] end=44800 piso=3249096
COUNTS id=[ 384, 18111 ] end=6656 piso=4737096
COUNTS id=[ 384, 18112 ] end=9728 piso=4730952
COUNTS id=[ 384, 18113 ] end=49664 piso=6438984
COUNTS id=[ 384, 18114 ] end=16640 piso=3257928
COUNTS id=[ 384, 18115 ] end=15104 piso=3279432
COUNTS id=[ 384, 18116 ] end=46592 piso=5879880
COUNTS id=[ 384, 18117 ] end=22528 piso=2227464
COUNTS id=[ 384, 18118 ] end=11264 piso=2521608
COUNTS id=[ 384, 18119 ] end=41984 piso=5433864
COUNTS id=[ 384, 18120 ] end=16640 piso=2416776
PROGRESS checked=200 hits=0 reversed=0 runtime_ms=355233
COUNTS id=[ 384, 18121 ] end=557056 piso=68789575680
COUNTS id=[ 384, 18122 ] end=451072 piso=68861454336
COUNTS id=[ 384, 18123 ] end=12328 piso=2155008
COUNTS id=[ 384, 18124 ] end=784 piso=551424
COUNTS id=[ 384, 18125 ] end=1552 piso=1141248
COUNTS id=[ 384, 18126 ] end=784 piso=634368
COUNTS id=[ 384, 18127 ] end=3136 piso=4652544
COUNTS id=[ 384, 18128 ] end=772 piso=461760
COUNTS id=[ 384, 18129 ] end=1540 piso=577344
COUNTS id=[ 384, 18130 ] end=1372 piso=576576
COUNTS id=[ 384, 18131 ] end=3508 piso=841536
COUNTS id=[ 384, 18132 ] end=796 piso=614208
COUNTS id=[ 384, 18133 ] end=1780 piso=1396800
COUNTS id=[ 384, 18134 ] end=10804 piso=1715712
COUNTS id=[ 384, 18135 ] end=13876 piso=2500608
COUNTS id=[ 384, 18136 ] end=2764 piso=1515840
COUNTS id=[ 384, 18137 ] end=6400 piso=68226816
COUNTS id=[ 384, 18138 ] end=3232 piso=13424256
COUNTS id=[ 384, 18139 ] end=1696 piso=2699904
COUNTS id=[ 384, 18140 ] end=6400 piso=6074304
COUNTS id=[ 384, 18141 ] end=2464 piso=3882432
COUNTS id=[ 384, 18142 ] end=2368 piso=1429056
COUNTS id=[ 384, 18143 ] end=928 piso=1267776
COUNTS id=[ 384, 18144 ] end=294912 piso=537526272
COUNTS id=[ 384, 18145 ] end=786432 piso=537329664
COUNTS id=[ 384, 18146 ] end=589824 piso=68924645376
COUNTS id=[ 384, 18147 ] end=294912 piso=402997248
COUNTS id=[ 384, 18148 ] end=147456 piso=86658048
COUNTS id=[ 384, 18149 ] end=221184 piso=277480704
COUNTS id=[ 384, 18150 ] end=122880 piso=30964992
COUNTS id=[ 384, 18151 ] end=294912 piso=35125128
COUNTS id=[ 384, 18152 ] end=110592 piso=11740680
COUNTS id=[ 384, 18153 ] end=86016 piso=22751112
COUNTS id=[ 384, 18154 ] end=86016 piso=9577992
COUNTS id=[ 384, 18155 ] end=49152 piso=5117448
COUNTS id=[ 384, 18156 ] end=70656 piso=8324040
COUNTS id=[ 384, 18157 ] end=39936 piso=5427528
COUNTS id=[ 384, 18158 ] end=405504 piso=70913986560
COUNTS id=[ 384, 18159 ] end=583680 piso=70917362688
COUNTS id=[ 384, 18160 ] end=221184 piso=367772928
COUNTS id=[ 384, 18161 ] end=98304 piso=93879552
COUNTS id=[ 384, 18162 ] end=116736 piso=180031488
COUNTS id=[ 384, 18163 ] end=129024 piso=157501440
COUNTS id=[ 384, 18164 ] end=30720 piso=15857664
COUNTS id=[ 384, 18165 ] end=110592 piso=44657664
COUNTS id=[ 384, 18166 ] end=67584 piso=44280576
COUNTS id=[ 384, 18167 ] end=208896 piso=699383808
COUNTS id=[ 384, 18168 ] end=546816 piso=699743232
COUNTS id=[ 384, 18169 ] end=202752 piso=67869696
COUNTS id=[ 384, 18170 ] end=78336 piso=19823112
COUNTS id=[ 384, 18171 ] end=287232 piso=58576776
COUNTS id=[ 384, 18172 ] end=90624 piso=13715592
COUNTS id=[ 384, 18173 ] end=65280 piso=9198024
COUNTS id=[ 384, 18174 ] end=41472 piso=5418120
COUNTS id=[ 384, 18175 ] end=139776 piso=16280712
COUNTS id=[ 384, 18176 ] end=59136 piso=3018888
DONE checked=256 abelian=0 hits=0 reversed=0 skipped_abelian=0 closest=[ 384, 17940 ] min_ratio=164457/3488 runtime_ms=453732
