{"command": ["/project/gap-4.16.1/gap", "-l", "/project/gap-4.16.1", "-q", "-b", "-T", "-m", "128m", "-o", "4g", "-c", "START_ORDER:=384;;END_ORDER:=384;;START_ID:=18433;;END_ID:=18688;;SKIP_ABELIAN:=true;;LOG_ALL:=true;;", "/project/scripts/search_19_20.g"], "source_hashes": {"scripts/search_19_20.g": "7b6a34e9163b58b0248b3c464ae8070783414cd7d14048136dd0e3547b906318", "scripts/lib_19_20.g": "fbcf2d3c4b0648cc1fa87d6e50fc923133d594c029b8430a365caf596ac7ccd5"}}
PARAMETERS start=384 end=384 start_id=18433 end_id=18688 skip_abelian=true log_all=true
ORDER_START order=384 groups=20169
COUNTS id=[ 384, 18433 ] end=35061760 piso=67144704
CLOSEST id=[ 384, 18433 ] end=35061760 piso=67144704 ratio=65571/34240
COUNTS id=[ 384, 18434 ] end=20119552 piso=67332096
COUNTS id=[ 384, 18435 ] end=5357568 piso=12951552
COUNTS id=[ 384, 18436 ] end=6094848 piso=30508032
COUNTS id=[ 384, 18437 ] end=8638464 piso=17949696
COUNTS id=[ 384, 18438 ] end=9129984 piso=27115008
COUNTS id=[ 384, 18439 ] end=2371584 piso=11374080
COUNTS id=[ 384, 18440 ] end=8656896 piso=16687104
COUNTS id=[ 384, 18441 ] end=2322432 piso=9205248
COUNTS id=[ 384, 18442 ] end=236748800 piso=1285054464
COUNTS id=[ 384, 18443 ] end=232210432 piso=1452447744
COUNTS id=[ 384, 18444 ] end=109289472 piso=346411008
COUNTS id=[ 384, 18445 ] end=5701632 piso=14016000
COUNTS id=[ 384, 18446 ] end=8650752 piso=17092608
COUNTS id=[ 384, 18447 ] end=14985216 piso=33547776
COUNTS id=[ 384, 18448 ] end=22380544 piso=52875264
COUNTS id=[ 384, 18449 ] end=4587520 piso=46820352
COUNTS id=[ 384, 18450 ] end=12959744 piso=73967616
COUNTS id=[ 384, 18451 ] end=1015808 piso=34685952
COUNTS id=[ 384, 18452 ] end=364544 piso=14384640
COUNTS id=[ 384, 18453 ] end=6828032 piso=13118976
COUNTS id=[ 384, 18454 ] end=530432 piso=12349440
COUNTS id=[ 384, 18455 ] end=733184 piso=10231296
COUNTS id=[ 384, 18456 ] end=18841600 piso=181297152
COUNTS id=[ 384, 18457 ] end=5144576 piso=177543168
COUNTS id=[ 384, 18458 ] end=3547136 piso=10882560
COUNTS id=[ 384, 18459 ] end=512000 piso=9879552
COUNTS id=[ 384, 18460 ] end=309248 piso=14870016
COUNTS id=[ 384, 18461 ] end=21569536 piso=43966464
COUNTS id=[ 384, 18462 ] end=39804928 piso=75131904
CLOSEST id=[ 384, 18462 ] end=39804928 piso=75131904 ratio=73371/38872
COUNTS id=[ 384, 18463 ] end=3923968 piso=47643648
COUNTS id=[ 384, 18464 ] end=3629056 piso=10094592
COUNTS id=[ 384, 18465 ] end=6025216 piso=35083776
COUNTS id=[ 384, 18466 ] end=618496 piso=19244544
COUNTS id=[ 384, 18467 ] end=6995968 piso=16419840
COUNTS id=[ 384, 18468 ] end=385024 piso=9980928
COUNTS id=[ 384, 18469 ] end=741376 piso=12719616
COUNTS id=[ 384, 18470 ] end=618496 piso=9844224
COUNTS id=[ 384, 18471 ] end=366592 piso=9968640
COUNTS id=[ 384, 18472 ] end=1005568 piso=16038912
COUNTS id=[ 384, 18473 ] end=6627328 piso=10529280
CLOSEST id=[ 384, 18473 ] end=6627328 piso=10529280 ratio=20565/12944
COUNTS id=[ 384, 18474 ] end=581632 piso=9638400
COUNTS id=[ 384, 18475 ] end=39731200 piso=83423232
COUNTS id=[ 384, 18476 ] end=35749888 piso=113542656
COUNTS id=[ 384, 18477 ] end=11124736 piso=56661504
COUNTS id=[ 384, 18478 ] end=3751936 piso=17086464
COUNTS id=[ 384, 18479 ] end=9994240 piso=17634816
COUNTS id=[ 384, 18480 ] end=3383296 piso=10999296
COUNTS id=[ 384, 18481 ] end=12955648 piso=22207488
COUNTS id=[ 384, 18482 ] end=360448 piso=10755072
COUNTS id=[ 384, 18483 ] end=6694912 piso=15217152
COUNTS id=[ 384, 18484 ] end=784384 piso=12698112
COUNTS id=[ 384, 18485 ] end=41549824 piso=693731328
COUNTS id=[ 384, 18486 ] end=150863872 piso=760922112
COUNTS id=[ 384, 18487 ] end=38207488 piso=143917056
COUNTS id=[ 384, 18488 ] end=35160064 piso=150331392
COUNTS id=[ 384, 18489 ] end=37986304 piso=134713344
COUNTS id=[ 384, 18490 ] end=143097856 piso=680730624
COUNTS id=[ 384, 18491 ] end=3535667200 piso=638213160960
COUNTS id=[ 384, 18492 ] end=253493248 piso=1851310080
COUNTS id=[ 384, 18493 ] end=391806976 piso=3876986880
COUNTS id=[ 384, 18494 ] end=146636800 piso=709828608
COUNTS id=[ 384, 18495 ] end=157302784 piso=810485760
COUNTS id=[ 384, 18496 ] end=42041344 piso=162373632
COUNTS id=[ 384, 18497 ] end=44130304 piso=156931584
COUNTS id=[ 384, 18498 ] end=110231552 piso=682377216
COUNTS id=[ 384, 18499 ] end=3670016 piso=35979264
COUNTS id=[ 384, 18500 ] end=15466496 piso=95354880
COUNTS id=[ 384, 18501 ] end=12320768 piso=95477760
COUNTS id=[ 384, 18502 ] end=3670016 piso=34922496
COUNTS id=[ 384, 18503 ] end=10354688 piso=43155456
COUNTS id=[ 384, 18504 ] end=10158080 piso=42135552
COUNTS id=[ 384, 18505 ] end=3670016 piso=25804800
COUNTS id=[ 384, 18506 ] end=9863168 piso=89124864
COUNTS id=[ 384, 18507 ] end=9076736 piso=178679808
COUNTS id=[ 384, 18508 ] end=18120704 piso=111513600
COUNTS id=[ 384, 18509 ] end=6914048 piso=41152512
COUNTS id=[ 384, 18510 ] end=6717440 piso=39702528
COUNTS id=[ 384, 18511 ] end=7503872 piso=37244928
COUNTS id=[ 384, 18512 ] end=3461120 piso=12731904
COUNTS id=[ 384, 18513 ] end=6422528 piso=15492096
COUNTS id=[ 384, 18514 ] end=21985280 piso=60440064
COUNTS id=[ 384, 18515 ] end=353894400 piso=3302621184
COUNTS id=[ 384, 18516 ] end=322961408 piso=2797117440
COUNTS id=[ 384, 18517 ] end=220332032 piso=1335263232
COUNTS id=[ 384, 18518 ] end=12320768 piso=88866816
COUNTS id=[ 384, 18519 ] end=107479040 piso=342663168
COUNTS id=[ 384, 18520 ] end=107282432 piso=338620416
COUNTS id=[ 384, 18521 ] end=461668352 piso=5195231232
COUNTS id=[ 384, 18522 ] end=215711744 piso=1269829632
COUNTS id=[ 384, 18523 ] end=215908352 piso=1269682176
COUNTS id=[ 384, 18524 ] end=6914048 piso=36704256
COUNTS id=[ 384, 18525 ] end=25382912 piso=83400192
COUNTS id=[ 384, 18526 ] end=29229056 piso=97760256
COUNTS id=[ 384, 18527 ] end=12707840 piso=27208704
COUNTS id=[ 384, 18528 ] end=110919680 piso=371490816
COUNTS id=[ 384, 18529 ] end=6914048 piso=29786112
COUNTS id=[ 384, 18530 ] end=12627968 piso=24264192
COUNTS id=[ 384, 18531 ] end=3319808 piso=15392256
COUNTS id=[ 384, 18532 ] end=9586688 piso=19883520
PROGRESS checked=100 hits=0 reversed=0 runtime_ms=677707
COUNTS id=[ 384, 18533 ] end=115867648 piso=714424320
COUNTS id=[ 384, 18534 ] end=8126464 piso=32833536
COUNTS id=[ 384, 18535 ] end=4194304 piso=39911424
COUNTS id=[ 384, 18536 ] end=8126464 piso=30793728
COUNTS id=[ 384, 18537 ] end=1835008 piso=23691264
COUNTS id=[ 384, 18538 ] end=8126464 piso=22953984
COUNTS id=[ 384, 18539 ] end=7929856 piso=21934080
COUNTS id=[ 384, 18540 ] end=4194304 piso=40427520
COUNTS id=[ 384, 18541 ] end=44007424 piso=466907136
COUNTS id=[ 384, 18542 ] end=4882432 piso=27045888
COUNTS id=[ 384, 18543 ] end=6455296 piso=41988096
COUNTS id=[ 384, 18544 ] end=6258688 piso=41029632
COUNTS id=[ 384, 18545 ] end=5079040 piso=23187456
COUNTS id=[ 384, 18546 ] end=1306624 piso=10176000
COUNTS id=[ 384, 18547 ] end=10928128 piso=19915776
COUNTS id=[ 384, 18548 ] end=4882432 piso=21037056
COUNTS id=[ 384, 18549 ] end=1300480 piso=13868544
COUNTS id=[ 384, 18550 ] end=131072000 piso=841875456
COUNTS id=[ 384, 18551 ] end=9306112 piso=155025408
COUNTS id=[ 384, 18552 ] end=17170432 piso=101154816
COUNTS id=[ 384, 18553 ] end=111935488 piso=371073024
COUNTS id=[ 384, 18554 ] end=7929856 piso=28274688
COUNTS id=[ 384, 18555 ] end=109576192 piso=370876416
COUNTS id=[ 384, 18556 ] end=221544448 piso=1361965056
COUNTS id=[ 384, 18557 ] end=13926400 piso=88363008
COUNTS id=[ 384, 18558 ] end=13533184 piso=154570752
COUNTS id=[ 384, 18559 ] end=108494848 piso=349261824
COUNTS id=[ 384, 18560 ] end=4882432 piso=24219648
COUNTS id=[ 384, 18561 ] end=8998912 piso=51635712
COUNTS id=[ 384, 18562 ] end=6406144 piso=22557696
COUNTS id=[ 384, 18563 ] end=4593664 piso=12346368
COUNTS id=[ 384, 18564 ] end=11370496 piso=32735232
COUNTS id=[ 384, 18565 ] end=4513792 piso=10372608
COUNTS id=[ 384, 18566 ] end=7776256 piso=17481216
COUNTS id=[ 384, 18567 ] end=1472512 piso=9537024
COUNTS id=[ 384, 18568 ] end=112328704 piso=695894016
COUNTS id=[ 384, 18569 ] end=5701632 piso=31948800
COUNTS id=[ 384, 18570 ] end=6946816 piso=183386112
COUNTS id=[ 384, 18571 ] end=5701632 piso=30572544
COUNTS id=[ 384, 18572 ] end=12386304 piso=46411776
COUNTS id=[ 384, 18573 ] end=5701632 piso=22523904
COUNTS id=[ 384, 18574 ] end=2457600 piso=27574272
COUNTS id=[ 384, 18575 ] end=8945664 piso=36937728
COUNTS id=[ 384, 18576 ] end=9732096 piso=38461440
COUNTS id=[ 384, 18577 ] end=5357568 piso=12165120
COUNTS id=[ 384, 18578 ] end=2850816 piso=24748032
COUNTS id=[ 384, 18579 ] end=2285568 piso=10501632
COUNTS id=[ 384, 18580 ] end=219545600 piso=1617690624
COUNTS id=[ 384, 18581 ] end=325058560 piso=2867281920
COUNTS id=[ 384, 18582 ] end=109510656 piso=352825344
COUNTS id=[ 384, 18583 ] end=5701632 piso=27291648
COUNTS id=[ 384, 18584 ] end=218202112 piso=1299726336
COUNTS id=[ 384, 18585 ] end=11370496 piso=84836352
COUNTS id=[ 384, 18586 ] end=106266624 piso=336592896
COUNTS id=[ 384, 18587 ] end=106463232 piso=335978496
COUNTS id=[ 384, 18588 ] end=19972096 piso=60758016
COUNTS id=[ 384, 18589 ] end=8620032 piso=15985152
COUNTS id=[ 384, 18590 ] end=113344512 piso=390635520
COUNTS id=[ 384, 18591 ] end=9142272 piso=30744576
COUNTS id=[ 384, 18592 ] end=5529600 piso=11380224
COUNTS id=[ 384, 18593 ] end=14856192 piso=29296128
COUNTS id=[ 384, 18594 ] end=1757184 piso=23046144
COUNTS id=[ 384, 18595 ] end=1388544 piso=9394176
COUNTS id=[ 384, 18596 ] end=4694016 piso=13575168
COUNTS id=[ 384, 18597 ] end=4491264 piso=12953088
COUNTS id=[ 384, 18598 ] end=2478080 piso=197707776
COUNTS id=[ 384, 18599 ] end=8769536 piso=56973312
COUNTS id=[ 384, 18600 ] end=1511424 piso=17737728
COUNTS id=[ 384, 18601 ] end=1449984 piso=17117184
COUNTS id=[ 384, 18602 ] end=1388544 piso=9689088
COUNTS id=[ 384, 18603 ] end=7766016 piso=14968320
COUNTS id=[ 384, 18604 ] end=1155072 piso=11552256
COUNTS id=[ 384, 18605 ] end=4694016 piso=13667328
COUNTS id=[ 384, 18606 ] end=4374528 piso=11054592
COUNTS id=[ 384, 18607 ] end=1185792 piso=17794560
COUNTS id=[ 384, 18608 ] end=7624704 piso=13757952
COUNTS id=[ 384, 18609 ] end=13903872 piso=26264064
COUNTS id=[ 384, 18610 ] end=114278400 piso=705785856
COUNTS id=[ 384, 18611 ] end=15294464 piso=64462848
COUNTS id=[ 384, 18612 ] end=10715136 piso=22281216
COUNTS id=[ 384, 18613 ] end=19970048 piso=75099648
COUNTS id=[ 384, 18614 ] end=10801152 piso=24526848
COUNTS id=[ 384, 18615 ] end=231206912 piso=1499129856
COUNTS id=[ 384, 18616 ] end=22212608 piso=65402880
COUNTS id=[ 384, 18617 ] end=30113792 piso=99669504
COUNTS id=[ 384, 18618 ] end=8757248 piso=52200960
COUNTS id=[ 384, 18619 ] end=111304704 piso=358803456
COUNTS id=[ 384, 18620 ] end=10690560 piso=18306048
COUNTS id=[ 384, 18621 ] end=10696704 piso=18028032
COUNTS id=[ 384, 18622 ] end=17012736 piso=35693568
COUNTS id=[ 384, 18623 ] end=4442112 piso=13310976
COUNTS id=[ 384, 18624 ] end=4608000 piso=12668928
COUNTS id=[ 384, 18625 ] end=7612416 piso=12335616
COUNTS id=[ 384, 18626 ] end=16945152 piso=32540160
COUNTS id=[ 384, 18627 ] end=7636992 piso=17192448
COUNTS id=[ 384, 18628 ] end=26327040 piso=76776960
COUNTS id=[ 384, 18629 ] end=1554432 piso=11687424
COUNTS id=[ 384, 18630 ] end=1542144 piso=11484672
COUNTS id=[ 384, 18631 ] end=7636992 piso=14034432
COUNTS id=[ 384, 18632 ] end=1333248 piso=10486272
PROGRESS checked=200 hits=0 reversed=0 runtime_ms=1307722
COUNTS id=[ 384, 18633 ] end=1333248 piso=10298880
COUNTS id=[ 384, 18634 ] end=13903872 piso=26088960
COUNTS id=[ 384, 18635 ] end=5898240 piso=33570816
COUNTS id=[ 384, 18636 ] end=17563648 piso=101253120
COUNTS id=[ 384, 18637 ] end=5701632 piso=23384064
COUNTS id=[ 384, 18638 ] end=9732096 piso=40181760
COUNTS id=[ 384, 18639 ] end=2850816 piso=26222592
COUNTS id=[ 384, 18640 ] end=9732096 piso=40181760
COUNTS id=[ 384, 18641 ] end=2359296 piso=10851840
COUNTS id=[ 384, 18642 ] end=9338880 piso=34578432
COUNTS id=[ 384, 18643 ] end=3244032 piso=27697152
COUNTS id=[ 384, 18644 ] end=226099200 piso=1413218304
COUNTS id=[ 384, 18645 ] end=223215616 piso=1377632256
COUNTS id=[ 384, 18646 ] end=7340032 piso=160038912
COUNTS id=[ 384, 18647 ] end=109510656 piso=355110912
COUNTS id=[ 384, 18648 ] end=5898240 piso=24477696
COUNTS id=[ 384, 18649 ] end=218398720 piso=1306681344
COUNTS id=[ 384, 18650 ] end=11173888 piso=155688960
COUNTS id=[ 384, 18651 ] end=106463232 piso=339271680
COUNTS id=[ 384, 18652 ] end=16654336 piso=54216192
COUNTS id=[ 384, 18653 ] end=8632320 piso=15736320
COUNTS id=[ 384, 18654 ] end=214007808 piso=1283334144
COUNTS id=[ 384, 18655 ] end=8589312 piso=14358528
COUNTS id=[ 384, 18656 ] end=14874624 piso=28987392
COUNTS id=[ 384, 18657 ] end=2304000 piso=12048384
COUNTS id=[ 384, 18658 ] end=10354688 piso=36716544
COUNTS id=[ 384, 18659 ] end=7208960 piso=43057152
COUNTS id=[ 384, 18660 ] end=3866624 piso=22351872
COUNTS id=[ 384, 18661 ] end=9076736 piso=47013888
COUNTS id=[ 384, 18662 ] end=3964928 piso=49127424
COUNTS id=[ 384, 18663 ] end=770048 piso=11208192
COUNTS id=[ 384, 18664 ] end=6717440 piso=104669184
COUNTS id=[ 384, 18665 ] end=272384 piso=13012992
COUNTS id=[ 384, 18666 ] end=16384000 piso=140771328
COUNTS id=[ 384, 18667 ] end=10158080 piso=34148352
COUNTS id=[ 384, 18668 ] end=17432576 piso=68812800
COUNTS id=[ 384, 18669 ] end=4456448 piso=25362432
COUNTS id=[ 384, 18670 ] end=6815744 piso=41140224
COUNTS id=[ 384, 18671 ] end=6914048 piso=26419200
COUNTS id=[ 384, 18672 ] end=7110656 piso=27549696
COUNTS id=[ 384, 18673 ] end=13598720 piso=50061312
COUNTS id=[ 384, 18674 ] end=598016 piso=16664064
COUNTS id=[ 384, 18675 ] end=518144 piso=9752064
COUNTS id=[ 384, 18676 ] end=14188544 piso=44900352
COUNTS id=[ 384, 18677 ] end=7307264 piso=26222592
COUNTS id=[ 384, 18678 ] end=475136 piso=9412608
COUNTS id=[ 384, 18679 ] end=677888 piso=11581440
COUNTS id=[ 384, 18680 ] end=7929856 piso=32882688
COUNTS id=[ 384, 18681 ] end=1638400 piso=23777280
COUNTS id=[ 384, 18682 ] end=7929856 piso=25546752
COUNTS id=[ 384, 18683 ] end=11173888 piso=43757568
COUNTS id=[ 384, 18684 ] end=4882432 piso=24834048
COUNTS id=[ 384, 18685 ] end=4882432 piso=24133632
COUNTS id=[ 384, 18686 ] end=1269760 piso=8930304
COUNTS id=[ 384, 18687 ] end=114688000 piso=396951552
COUNTS id=[ 384, 18688 ] end=111738880 piso=371576832
DONE checked=256 abelian=0 hits=0 reversed=0 skipped_abelian=0 closest=[ 384, 18473 ] min_ratio=20565/12944 runtime_ms=1636096
