{"command": ["/project/gap-4.16.1/gap", "-l", "/project/gap-4.16.1", "-q", "-b", "-T", "-m", "128m", "-o", "4g", "-c", "START_ORDER:=384;;END_ORDER:=384;;START_ID:=15617;;END_ID:=15872;;SKIP_ABELIAN:=true;;LOG_ALL:=true;;", "/project/scripts/search_19_20.g"], "source_hashes": {"scripts/search_19_20.g": "7b6a34e9163b58b0248b3c464ae8070783414cd7d14048136dd0e3547b906318", "scripts/lib_19_20.g": "fbcf2d3c4b0648cc1fa87d6e50fc923133d594c029b8430a365caf596ac7ccd5"}}
PARAMETERS start=384 end=384 start_id=15617 end_id=15872 skip_abelian=true log_all=true
ORDER_START order=384 groups=20169
COUNTS id=[ 384, 15617 ] end=299008 piso=6458880
CLOSEST id=[ 384, 15617 ] end=299008 piso=6458880 ratio=12615/584
COUNTS id=[ 384, 15618 ] end=151552 piso=5033472
COUNTS id=[ 384, 15619 ] end=593920 piso=8411136
CLOSEST id=[ 384, 15619 ] end=593920 piso=8411136 ratio=4107/290
COUNTS id=[ 384, 15620 ] end=692224 piso=8509440
CLOSEST id=[ 384, 15620 ] end=692224 piso=8509440 ratio=4155/338
COUNTS id=[ 384, 15621 ] end=286720 piso=4578816
COUNTS id=[ 384, 15622 ] end=483328 piso=7136256
COUNTS id=[ 384, 15623 ] end=483328 piso=7136256
COUNTS id=[ 384, 15624 ] end=188416 piso=6110208
COUNTS id=[ 384, 15625 ] end=40960 piso=4601856
COUNTS id=[ 384, 15626 ] end=40960 piso=4577280
COUNTS id=[ 384, 15627 ] end=323584 piso=5721600
COUNTS id=[ 384, 15628 ] end=249856 piso=4529664
COUNTS id=[ 384, 15629 ] end=249856 piso=4495872
COUNTS id=[ 384, 15630 ] end=53248 piso=5624832
COUNTS id=[ 384, 15631 ] end=200704 piso=5935104
COUNTS id=[ 384, 15632 ] end=528384 piso=8945664
COUNTS id=[ 384, 15633 ] end=790528 piso=9486336
CLOSEST id=[ 384, 15633 ] end=790528 piso=9486336 ratio=12
COUNTS id=[ 384, 15634 ] end=286720 piso=5984256
COUNTS id=[ 384, 15635 ] end=483328 piso=8692224
COUNTS id=[ 384, 15636 ] end=286720 piso=5586432
COUNTS id=[ 384, 15637 ] end=778240 piso=12504576
COUNTS id=[ 384, 15638 ] end=483328 piso=7127040
COUNTS id=[ 384, 15639 ] end=593920 piso=9309696
COUNTS id=[ 384, 15640 ] end=286720 piso=5271552
COUNTS id=[ 384, 15641 ] end=360448 piso=6623232
COUNTS id=[ 384, 15642 ] end=593920 piso=9297408
COUNTS id=[ 384, 15643 ] end=1576960 piso=25565184
COUNTS id=[ 384, 15644 ] end=249856 piso=5165568
COUNTS id=[ 384, 15645 ] end=323584 piso=5589504
COUNTS id=[ 384, 15646 ] end=741376 piso=12126720
COUNTS id=[ 384, 15647 ] end=593920 piso=7680000
COUNTS id=[ 384, 15648 ] end=376832 piso=13215744
COUNTS id=[ 384, 15649 ] end=1024000 piso=8229888
CLOSEST id=[ 384, 15649 ] end=1024000 piso=8229888 ratio=8037/1000
COUNTS id=[ 384, 15650 ] end=937984 piso=5747712
CLOSEST id=[ 384, 15650 ] end=937984 piso=5747712 ratio=5613/916
COUNTS id=[ 384, 15651 ] end=937984 piso=6355968
COUNTS id=[ 384, 15652 ] end=1011712 piso=6073344
CLOSEST id=[ 384, 15652 ] end=1011712 piso=6073344 ratio=5931/988
COUNTS id=[ 384, 15653 ] end=360448 piso=7739904
COUNTS id=[ 384, 15654 ] end=102400 piso=4485120
COUNTS id=[ 384, 15655 ] end=102400 piso=5551104
COUNTS id=[ 384, 15656 ] end=360448 piso=5824512
COUNTS id=[ 384, 15657 ] end=3457024 piso=310754304
COUNTS id=[ 384, 15658 ] end=372736 piso=11172864
COUNTS id=[ 384, 15659 ] end=163840 piso=5756928
COUNTS id=[ 384, 15660 ] end=421888 piso=5663232
COUNTS id=[ 384, 15661 ] end=102400 piso=4369920
COUNTS id=[ 384, 15662 ] end=360448 piso=6501888
COUNTS id=[ 384, 15663 ] end=679936 piso=10745856
COUNTS id=[ 384, 15664 ] end=139264 piso=4681728
COUNTS id=[ 384, 15665 ] end=139264 piso=4564992
COUNTS id=[ 384, 15666 ] end=139264 piso=4603392
COUNTS id=[ 384, 15667 ] end=102400 piso=5555712
COUNTS id=[ 384, 15668 ] end=360448 piso=7887360
COUNTS id=[ 384, 15669 ] end=102400 piso=5571072
COUNTS id=[ 384, 15670 ] end=643072 piso=8993280
COUNTS id=[ 384, 15671 ] end=360448 piso=6440448
COUNTS id=[ 384, 15672 ] end=102400 piso=5687808
COUNTS id=[ 384, 15673 ] end=360448 piso=6408192
COUNTS id=[ 384, 15674 ] end=102400 piso=4554240
COUNTS id=[ 384, 15675 ] end=114688 piso=5870592
COUNTS id=[ 384, 15676 ] end=360448 piso=5862912
COUNTS id=[ 384, 15677 ] end=102400 piso=4483584
COUNTS id=[ 384, 15678 ] end=372736 piso=5561856
COUNTS id=[ 384, 15679 ] end=212992 piso=6600192
COUNTS id=[ 384, 15680 ] end=520192 piso=7150080
COUNTS id=[ 384, 15681 ] end=360448 piso=7721472
COUNTS id=[ 384, 15682 ] end=643072 piso=10536960
COUNTS id=[ 384, 15683 ] end=360448 piso=7730688
COUNTS id=[ 384, 15684 ] end=643072 piso=9076224
COUNTS id=[ 384, 15685 ] end=643072 piso=11003904
COUNTS id=[ 384, 15686 ] end=360448 piso=5826048
COUNTS id=[ 384, 15687 ] end=360448 piso=5756928
COUNTS id=[ 384, 15688 ] end=679936 piso=10788864
COUNTS id=[ 384, 15689 ] end=679936 piso=9027072
COUNTS id=[ 384, 15690 ] end=3751936 piso=328141824
COUNTS id=[ 384, 15691 ] end=643072 piso=11013120
COUNTS id=[ 384, 15692 ] end=360448 piso=5798400
COUNTS id=[ 384, 15693 ] end=950272 piso=16617984
COUNTS id=[ 384, 15694 ] end=1687552 piso=34752000
COUNTS id=[ 384, 15695 ] end=471040 piso=6735360
COUNTS id=[ 384, 15696 ] end=446464 piso=13476864
COUNTS id=[ 384, 15697 ] end=31744 piso=1413120
COUNTS id=[ 384, 15698 ] end=31744 piso=921600
COUNTS id=[ 384, 15699 ] end=50176 piso=3606528
COUNTS id=[ 384, 15700 ] end=50176 piso=3606528
COUNTS id=[ 384, 15701 ] end=31744 piso=903168
COUNTS id=[ 384, 15702 ] end=41984 piso=709632
COUNTS id=[ 384, 15703 ] end=41984 piso=617472
COUNTS id=[ 384, 15704 ] end=41984 piso=709632
COUNTS id=[ 384, 15705 ] end=41984 piso=617472
COUNTS id=[ 384, 15706 ] end=41984 piso=694272
COUNTS id=[ 384, 15707 ] end=41984 piso=617472
COUNTS id=[ 384, 15708 ] end=41984 piso=694272
COUNTS id=[ 384, 15709 ] end=41984 piso=617472
COUNTS id=[ 384, 15710 ] end=59392 piso=786432
COUNTS id=[ 384, 15711 ] end=130048 piso=1324032
COUNTS id=[ 384, 15712 ] end=31744 piso=961536
COUNTS id=[ 384, 15713 ] end=130048 piso=1385472
COUNTS id=[ 384, 15714 ] end=31744 piso=1022976
COUNTS id=[ 384, 15715 ] end=59392 piso=724992
COUNTS id=[ 384, 15716 ] end=65536 piso=981504
PROGRESS checked=100 hits=0 reversed=0 runtime_ms=293466
COUNTS id=[ 384, 15717 ] end=474112 piso=5784576
COUNTS id=[ 384, 15718 ] end=65536 piso=981504
COUNTS id=[ 384, 15719 ] end=474112 piso=5784576
COUNTS id=[ 384, 15720 ] end=474112 piso=4288512
COUNTS id=[ 384, 15721 ] end=105472 piso=1382400
COUNTS id=[ 384, 15722 ] end=1033216 piso=20158464
COUNTS id=[ 384, 15723 ] end=105472 piso=1363968
COUNTS id=[ 384, 15724 ] end=105472 piso=1330176
COUNTS id=[ 384, 15725 ] end=59392 piso=731136
COUNTS id=[ 384, 15726 ] end=105472 piso=1299456
COUNTS id=[ 384, 15727 ] end=59392 piso=700416
COUNTS id=[ 384, 15728 ] end=31744 piso=1790976
COUNTS id=[ 384, 15729 ] end=31744 piso=1790976
COUNTS id=[ 384, 15730 ] end=50176 piso=3889152
COUNTS id=[ 384, 15731 ] end=31744 piso=967680
COUNTS id=[ 384, 15732 ] end=31744 piso=936960
COUNTS id=[ 384, 15733 ] end=888832 piso=10002432
COUNTS id=[ 384, 15734 ] end=888832 piso=7901184
COUNTS id=[ 384, 15735 ] end=446464 piso=6610944
COUNTS id=[ 384, 15736 ] end=2854912 piso=17866752
COUNTS id=[ 384, 15737 ] end=5214208 piso=49373184
COUNTS id=[ 384, 15738 ] end=1576960 piso=17854464
COUNTS id=[ 384, 15739 ] end=913408 piso=9566208
COUNTS id=[ 384, 15740 ] end=1503232 piso=17046528
COUNTS id=[ 384, 15741 ] end=538624 piso=6858240
COUNTS id=[ 384, 15742 ] end=544768 piso=7815168
COUNTS id=[ 384, 15743 ] end=369664 piso=6064128
COUNTS id=[ 384, 15744 ] end=937984 piso=8862720
COUNTS id=[ 384, 15745 ] end=446464 piso=6334464
COUNTS id=[ 384, 15746 ] end=1878016 piso=33627648
COUNTS id=[ 384, 15747 ] end=5079040 piso=35241984
COUNTS id=[ 384, 15748 ] end=3112960 piso=26148864
COUNTS id=[ 384, 15749 ] end=3604480 piso=28342272
COUNTS id=[ 384, 15750 ] end=3506176 piso=27777024
COUNTS id=[ 384, 15751 ] end=11026432 piso=1278223872
COUNTS id=[ 384, 15752 ] end=569344 piso=15424512
COUNTS id=[ 384, 15753 ] end=3026944 piso=45270528
COUNTS id=[ 384, 15754 ] end=495616 piso=16492032
COUNTS id=[ 384, 15755 ] end=937984 piso=14532096
COUNTS id=[ 384, 15756 ] end=888832 piso=12982272
COUNTS id=[ 384, 15757 ] end=3543040 piso=45570048
COUNTS id=[ 384, 15758 ] end=888832 piso=20639232
COUNTS id=[ 384, 15759 ] end=372736 piso=14853120
COUNTS id=[ 384, 15760 ] end=2854912 piso=24256512
COUNTS id=[ 384, 15761 ] end=55545856 piso=419635200
COUNTS id=[ 384, 15762 ] end=1220608 piso=24480768
COUNTS id=[ 384, 15763 ] end=1392640 piso=31532544
COUNTS id=[ 384, 15764 ] end=3420160 piso=44662272
COUNTS id=[ 384, 15765 ] end=1294336 piso=18561024
COUNTS id=[ 384, 15766 ] end=4403200 piso=342285312
COUNTS id=[ 384, 15767 ] end=1146880 piso=18236928
COUNTS id=[ 384, 15768 ] end=3457024 piso=33669120
COUNTS id=[ 384, 15769 ] end=1576960 piso=21995520
COUNTS id=[ 384, 15770 ] end=593920 piso=7397376
COUNTS id=[ 384, 15771 ] end=593920 piso=7397376
COUNTS id=[ 384, 15772 ] end=790528 piso=6057984
COUNTS id=[ 384, 15773 ] end=593920 piso=4018176
COUNTS id=[ 384, 15774 ] end=151552 piso=2826240
COUNTS id=[ 384, 15775 ] end=176128 piso=2414592
COUNTS id=[ 384, 15776 ] end=3936256 piso=29859840
COUNTS id=[ 384, 15777 ] end=3149824 piso=21159936
COUNTS id=[ 384, 15778 ] end=1085440 piso=11022336
COUNTS id=[ 384, 15779 ] end=421888 piso=4798464
COUNTS id=[ 384, 15780 ] end=1314816 piso=8577024
COUNTS id=[ 384, 15781 ] end=1314816 piso=8577024
COUNTS id=[ 384, 15782 ] end=430080 piso=3182592
COUNTS id=[ 384, 15783 ] end=258048 piso=2359296
COUNTS id=[ 384, 15784 ] end=1060864 piso=8838144
COUNTS id=[ 384, 15785 ] end=194560 piso=2606592
COUNTS id=[ 384, 15786 ] end=790528 piso=7314432
COUNTS id=[ 384, 15787 ] end=790528 piso=7314432
COUNTS id=[ 384, 15788 ] end=133120 piso=1893888
COUNTS id=[ 384, 15789 ] end=225280 piso=2752512
COUNTS id=[ 384, 15790 ] end=74752 piso=1787904
COUNTS id=[ 384, 15791 ] end=151552 piso=2457600
COUNTS id=[ 384, 15792 ] end=151552 piso=2457600
COUNTS id=[ 384, 15793 ] end=74752 piso=1505280
COUNTS id=[ 384, 15794 ] end=74752 piso=1505280
COUNTS id=[ 384, 15795 ] end=692224 piso=6454272
COUNTS id=[ 384, 15796 ] end=421888 piso=3898368
COUNTS id=[ 384, 15797 ] end=421888 piso=3898368
COUNTS id=[ 384, 15798 ] end=176128 piso=2844672
COUNTS id=[ 384, 15799 ] end=77824 piso=2254848
COUNTS id=[ 384, 15800 ] end=77824 piso=2254848
COUNTS id=[ 384, 15801 ] end=182272 piso=18513408
COUNTS id=[ 384, 15802 ] end=1638400 piso=11575296
COUNTS id=[ 384, 15803 ] end=622592 piso=8085504
COUNTS id=[ 384, 15804 ] end=524288 piso=5787648
COUNTS id=[ 384, 15805 ] end=966656 piso=8693760
COUNTS id=[ 384, 15806 ] end=720896 piso=7600128
COUNTS id=[ 384, 15807 ] end=622592 piso=5953536
COUNTS id=[ 384, 15808 ] end=3145728 piso=119576064
COUNTS id=[ 384, 15809 ] end=565248 piso=13590528
COUNTS id=[ 384, 15810 ] end=126976 piso=5329920
COUNTS id=[ 384, 15811 ] end=323584 piso=6262272
COUNTS id=[ 384, 15812 ] end=741376 piso=10464768
COUNTS id=[ 384, 15813 ] end=618496 piso=9438720
COUNTS id=[ 384, 15814 ] end=675840 piso=10139136
COUNTS id=[ 384, 15815 ] end=970752 piso=10219008
COUNTS id=[ 384, 15816 ] end=1060864 piso=11644416
PROGRESS checked=200 hits=0 reversed=0 runtime_ms=605540
COUNTS id=[ 384, 15817 ] end=208896 piso=5695488
COUNTS id=[ 384, 15818 ] end=1593344 piso=14684160
COUNTS id=[ 384, 15819 ] end=700416 piso=8252928
COUNTS id=[ 384, 15820 ] end=421888 piso=7134720
COUNTS id=[ 384, 15821 ] end=593920 piso=6838272
COUNTS id=[ 384, 15822 ] end=430080 piso=7526400
COUNTS id=[ 384, 15823 ] end=90112 piso=4930560
COUNTS id=[ 384, 15824 ] end=249856 piso=4631040
COUNTS id=[ 384, 15825 ] end=520192 piso=7233024
COUNTS id=[ 384, 15826 ] end=348160 piso=6999552
COUNTS id=[ 384, 15827 ] end=3936256 piso=35266560
COUNTS id=[ 384, 15828 ] end=1314816 piso=12951552
COUNTS id=[ 384, 15829 ] end=7868416 piso=42541056
CLOSEST id=[ 384, 15829 ] end=7868416 piso=42541056 ratio=10386/1921
COUNTS id=[ 384, 15830 ] end=335872 piso=7099392
COUNTS id=[ 384, 15831 ] end=1441792 piso=28116480
COUNTS id=[ 384, 15832 ] end=335872 piso=5904384
COUNTS id=[ 384, 15833 ] end=1146880 piso=14298624
COUNTS id=[ 384, 15834 ] end=409600 piso=6790656
COUNTS id=[ 384, 15835 ] end=1134592 piso=14532096
COUNTS id=[ 384, 15836 ] end=790528 piso=10857984
COUNTS id=[ 384, 15837 ] end=507904 piso=7157760
COUNTS id=[ 384, 15838 ] end=409600 piso=6285312
COUNTS id=[ 384, 15839 ] end=790528 piso=9492480
COUNTS id=[ 384, 15840 ] end=1478656 piso=17848320
COUNTS id=[ 384, 15841 ] end=507904 piso=8064000
COUNTS id=[ 384, 15842 ] end=385024 piso=7868928
COUNTS id=[ 384, 15843 ] end=299008 piso=5498880
COUNTS id=[ 384, 15844 ] end=360448 piso=5420544
COUNTS id=[ 384, 15845 ] end=933888 piso=15605760
COUNTS id=[ 384, 15846 ] end=98304 piso=4177920
COUNTS id=[ 384, 15847 ] end=98304 piso=4177920
COUNTS id=[ 384, 15848 ] end=61440 piso=1191936
COUNTS id=[ 384, 15849 ] end=61440 piso=1665024
COUNTS id=[ 384, 15850 ] end=61440 piso=1173504
COUNTS id=[ 384, 15851 ] end=204800 piso=1757184
COUNTS id=[ 384, 15852 ] end=94208 piso=1757184
COUNTS id=[ 384, 15853 ] end=131072 piso=1634304
COUNTS id=[ 384, 15854 ] end=83968 piso=1112064
COUNTS id=[ 384, 15855 ] end=83968 piso=1112064
COUNTS id=[ 384, 15856 ] end=65536 piso=989184
COUNTS id=[ 384, 15857 ] end=106496 piso=1492992
COUNTS id=[ 384, 15858 ] end=106496 piso=1492992
COUNTS id=[ 384, 15859 ] end=106496 piso=4134912
COUNTS id=[ 384, 15860 ] end=106496 piso=1923072
COUNTS id=[ 384, 15861 ] end=360448 piso=3674112
COUNTS id=[ 384, 15862 ] end=262144 piso=3674112
COUNTS id=[ 384, 15863 ] end=1908736 piso=23279616
COUNTS id=[ 384, 15864 ] end=335872 piso=6518784
COUNTS id=[ 384, 15865 ] end=606208 piso=5928960
COUNTS id=[ 384, 15866 ] end=106496 piso=1296384
COUNTS id=[ 384, 15867 ] end=229376 piso=2150400
COUNTS id=[ 384, 15868 ] end=84992 piso=943104
COUNTS id=[ 384, 15869 ] end=84992 piso=1004544
COUNTS id=[ 384, 15870 ] end=69632 piso=1234944
COUNTS id=[ 384, 15871 ] end=180224 piso=2088960
COUNTS id=[ 384, 15872 ] end=120832 piso=1666560
DONE checked=256 abelian=0 hits=0 reversed=0 skipped_abelian=0 closest=[ 384, 15829 ] min_ratio=10386/1921 runtime_ms=752246
