{"command": ["/project/gap-4.16.1/gap", "-l", "/project/gap-4.16.1", "-q", "-b", "-T", "-m", "128m", "-o", "4g", "-c", "START_ORDER:=384;;END_ORDER:=384;;START_ID:=257;;END_ID:=512;;SKIP_ABELIAN:=true;;LOG_ALL:=true;;", "/project/scripts/search_19_20.g"], "source_hashes": {"scripts/search_19_20.g": "7b6a34e9163b58b0248b3c464ae8070783414cd7d14048136dd0e3547b906318", "scripts/lib_19_20.g": "fbcf2d3c4b0648cc1fa87d6e50fc923133d594c029b8430a365caf596ac7ccd5"}}
PARAMETERS start=384 end=384 start_id=257 end_id=512 skip_abelian=true log_all=true
ORDER_START order=384 groups=20169
COUNTS id=[ 384, 257 ] end=5632 piso=436224
CLOSEST id=[ 384, 257 ] end=5632 piso=436224 ratio=852/11
COUNTS id=[ 384, 258 ] end=40960 piso=1734144
CLOSEST id=[ 384, 258 ] end=40960 piso=1734144 ratio=3387/80
COUNTS id=[ 384, 259 ] end=50176 piso=2101248
CLOSEST id=[ 384, 259 ] end=50176 piso=2101248 ratio=2052/49
COUNTS id=[ 384, 260 ] end=25600 piso=898560
CLOSEST id=[ 384, 260 ] end=25600 piso=898560 ratio=351/10
COUNTS id=[ 384, 261 ] end=25600 piso=898560
COUNTS id=[ 384, 262 ] end=28672 piso=927744
CLOSEST id=[ 384, 262 ] end=28672 piso=927744 ratio=453/14
COUNTS id=[ 384, 263 ] end=13312 piso=681984
COUNTS id=[ 384, 264 ] end=19456 piso=829440
COUNTS id=[ 384, 265 ] end=5632 piso=83328
CLOSEST id=[ 384, 265 ] end=5632 piso=83328 ratio=651/44
COUNTS id=[ 384, 266 ] end=5632 piso=83328
COUNTS id=[ 384, 267 ] end=34816 piso=427392
CLOSEST id=[ 384, 267 ] end=34816 piso=427392 ratio=3339/272
COUNTS id=[ 384, 268 ] end=17920 piso=216960
CLOSEST id=[ 384, 268 ] end=17920 piso=216960 ratio=339/28
COUNTS id=[ 384, 269 ] end=10240 piso=301440
COUNTS id=[ 384, 270 ] end=23040 piso=2542080
COUNTS id=[ 384, 271 ] end=33792 piso=2202624
COUNTS id=[ 384, 272 ] end=18432 piso=264576
COUNTS id=[ 384, 273 ] end=7680 piso=229248
COUNTS id=[ 384, 274 ] end=30208 piso=3285504
COUNTS id=[ 384, 275 ] end=22528 piso=586752
COUNTS id=[ 384, 276 ] end=7168 piso=249216
COUNTS id=[ 384, 277 ] end=14848 piso=216960
COUNTS id=[ 384, 278 ] end=28672 piso=1093632
COUNTS id=[ 384, 279 ] end=20480 piso=466944
COUNTS id=[ 384, 280 ] end=29696 piso=646656
COUNTS id=[ 384, 281 ] end=19456 piso=344064
COUNTS id=[ 384, 282 ] end=17408 piso=196608
CLOSEST id=[ 384, 282 ] end=17408 piso=196608 ratio=192/17
COUNTS id=[ 384, 283 ] end=10240 piso=202752
COUNTS id=[ 384, 284 ] end=19456 piso=215040
CLOSEST id=[ 384, 284 ] end=19456 piso=215040 ratio=210/19
COUNTS id=[ 384, 285 ] end=9728 piso=73728
CLOSEST id=[ 384, 285 ] end=9728 piso=73728 ratio=144/19
COUNTS id=[ 384, 286 ] end=10240 piso=193536
COUNTS id=[ 384, 287 ] end=13312 piso=313344
COUNTS id=[ 384, 288 ] end=31744 piso=399360
COUNTS id=[ 384, 289 ] end=25600 piso=439296
COUNTS id=[ 384, 290 ] end=10240 piso=239616
COUNTS id=[ 384, 291 ] end=25600 piso=529920
COUNTS id=[ 384, 292 ] end=19456 piso=202752
COUNTS id=[ 384, 293 ] end=5120 piso=67584
COUNTS id=[ 384, 294 ] end=5120 piso=49536
COUNTS id=[ 384, 295 ] end=5120 piso=49536
COUNTS id=[ 384, 296 ] end=11520 piso=155136
COUNTS id=[ 384, 297 ] end=20736 piso=219648
COUNTS id=[ 384, 298 ] end=23808 piso=479232
COUNTS id=[ 384, 299 ] end=11520 piso=155136
COUNTS id=[ 384, 300 ] end=11520 piso=132096
COUNTS id=[ 384, 301 ] end=23808 piso=205824
COUNTS id=[ 384, 302 ] end=20736 piso=342528
COUNTS id=[ 384, 303 ] end=11520 piso=116736
COUNTS id=[ 384, 304 ] end=12544 piso=153600
COUNTS id=[ 384, 305 ] end=18688 piso=162816
COUNTS id=[ 384, 306 ] end=18688 piso=308736
COUNTS id=[ 384, 307 ] end=12544 piso=138240
COUNTS id=[ 384, 308 ] end=18688 piso=308736
COUNTS id=[ 384, 309 ] end=9472 piso=129024
COUNTS id=[ 384, 310 ] end=9472 piso=129024
COUNTS id=[ 384, 311 ] end=18688 piso=147456
COUNTS id=[ 384, 312 ] end=32768 piso=2433024
COUNTS id=[ 384, 313 ] end=32768 piso=632832
COUNTS id=[ 384, 314 ] end=25600 piso=463872
COUNTS id=[ 384, 315 ] end=17408 piso=310272
COUNTS id=[ 384, 316 ] end=20480 piso=258048
COUNTS id=[ 384, 317 ] end=20480 piso=258048
COUNTS id=[ 384, 318 ] end=10240 piso=273408
COUNTS id=[ 384, 319 ] end=10240 piso=242688
COUNTS id=[ 384, 320 ] end=17408 piso=245760
COUNTS id=[ 384, 321 ] end=10240 piso=276480
COUNTS id=[ 384, 322 ] end=25600 piso=554496
COUNTS id=[ 384, 323 ] end=10240 piso=181248
COUNTS id=[ 384, 324 ] end=25600 piso=648192
COUNTS id=[ 384, 325 ] end=25600 piso=529920
COUNTS id=[ 384, 326 ] end=25600 piso=529920
COUNTS id=[ 384, 327 ] end=10240 piso=248832
COUNTS id=[ 384, 328 ] end=25600 piso=517632
COUNTS id=[ 384, 329 ] end=10240 piso=187392
COUNTS id=[ 384, 330 ] end=10240 piso=187392
COUNTS id=[ 384, 331 ] end=13312 piso=245760
COUNTS id=[ 384, 332 ] end=10240 piso=156672
COUNTS id=[ 384, 333 ] end=10240 piso=156672
COUNTS id=[ 384, 334 ] end=13312 piso=196608
COUNTS id=[ 384, 335 ] end=16384 piso=211968
COUNTS id=[ 384, 336 ] end=5376 piso=53472
COUNTS id=[ 384, 337 ] end=3072 piso=47328
COUNTS id=[ 384, 338 ] end=6784 piso=87552
COUNTS id=[ 384, 339 ] end=6784 piso=87552
COUNTS id=[ 384, 340 ] end=6016 piso=66048
COUNTS id=[ 384, 341 ] end=6016 piso=66048
COUNTS id=[ 384, 342 ] end=4096 piso=59136
COUNTS id=[ 384, 343 ] end=4096 piso=49920
COUNTS id=[ 384, 344 ] end=4864 piso=42720
COUNTS id=[ 384, 345 ] end=2560 piso=39648
COUNTS id=[ 384, 346 ] end=6848 piso=226176
COUNTS id=[ 384, 347 ] end=6464 piso=137472
COUNTS id=[ 384, 348 ] end=3136 piso=139008
COUNTS id=[ 384, 349 ] end=2752 piso=130944
COUNTS id=[ 384, 350 ] end=8064 piso=294528
COUNTS id=[ 384, 351 ] end=5760 piso=122496
COUNTS id=[ 384, 352 ] end=7296 piso=269952
COUNTS id=[ 384, 353 ] end=4992 piso=85632
COUNTS id=[ 384, 354 ] end=8064 piso=160896
COUNTS id=[ 384, 355 ] end=5760 piso=133248
COUNTS id=[ 384, 356 ] end=7296 piso=130176
PROGRESS checked=100 hits=0 reversed=0 runtime_ms=110170
COUNTS id=[ 384, 357 ] end=4992 piso=96384
COUNTS id=[ 384, 358 ] end=8512 piso=86784
COUNTS id=[ 384, 359 ] end=5312 piso=90240
COUNTS id=[ 384, 360 ] end=12224 piso=200832
COUNTS id=[ 384, 361 ] end=4800 piso=62592
COUNTS id=[ 384, 362 ] end=4800 piso=117888
COUNTS id=[ 384, 363 ] end=10432 piso=122112
COUNTS id=[ 384, 364 ] end=21440 piso=232704
COUNTS id=[ 384, 365 ] end=9920 piso=177408
COUNTS id=[ 384, 366 ] end=11456 piso=269184
COUNTS id=[ 384, 367 ] end=20672 piso=284928
COUNTS id=[ 384, 368 ] end=21952 piso=374016
COUNTS id=[ 384, 369 ] end=9408 piso=134016
COUNTS id=[ 384, 370 ] end=18624 piso=149760
COUNTS id=[ 384, 371 ] end=9408 piso=189696
COUNTS id=[ 384, 372 ] end=5824 piso=84864
COUNTS id=[ 384, 373 ] end=9024 piso=166272
COUNTS id=[ 384, 374 ] end=8512 piso=117120
COUNTS id=[ 384, 375 ] end=4800 piso=60288
COUNTS id=[ 384, 376 ] end=4800 piso=60672
COUNTS id=[ 384, 377 ] end=9408 piso=97152
COUNTS id=[ 384, 378 ] end=9408 piso=97152
COUNTS id=[ 384, 379 ] end=5120 piso=23808
CLOSEST id=[ 384, 379 ] end=5120 piso=23808 ratio=93/20
COUNTS id=[ 384, 380 ] end=16384 piso=208896
COUNTS id=[ 384, 381 ] end=12800 piso=84864
COUNTS id=[ 384, 382 ] end=43264 piso=1050624
COUNTS id=[ 384, 383 ] end=21760 piso=181248
COUNTS id=[ 384, 384 ] end=18688 piso=264192
COUNTS id=[ 384, 385 ] end=2816 piso=20736
COUNTS id=[ 384, 386 ] end=14336 piso=184320
COUNTS id=[ 384, 387 ] end=14336 piso=184320
COUNTS id=[ 384, 388 ] end=14336 piso=184320
COUNTS id=[ 384, 389 ] end=12800 piso=84864
COUNTS id=[ 384, 390 ] end=12800 piso=84864
COUNTS id=[ 384, 391 ] end=12800 piso=97152
COUNTS id=[ 384, 392 ] end=21760 piso=339456
COUNTS id=[ 384, 393 ] end=21760 piso=339456
COUNTS id=[ 384, 394 ] end=43264 piso=420864
COUNTS id=[ 384, 395 ] end=34048 piso=502272
COUNTS id=[ 384, 396 ] end=18688 piso=261120
COUNTS id=[ 384, 397 ] end=9472 piso=245760
COUNTS id=[ 384, 398 ] end=21760 piso=178176
COUNTS id=[ 384, 399 ] end=1664 piso=12768
COUNTS id=[ 384, 400 ] end=11808 piso=163584
COUNTS id=[ 384, 401 ] end=10656 piso=140160
COUNTS id=[ 384, 402 ] end=10528 piso=112896
COUNTS id=[ 384, 403 ] end=9376 piso=83328
COUNTS id=[ 384, 404 ] end=6560 piso=70272
COUNTS id=[ 384, 405 ] end=5408 piso=42240
COUNTS id=[ 384, 406 ] end=9216 piso=946176
COUNTS id=[ 384, 407 ] end=4608 piso=199680
COUNTS id=[ 384, 408 ] end=6144 piso=301056
COUNTS id=[ 384, 409 ] end=49152 piso=264192
COUNTS id=[ 384, 410 ] end=24576 piso=245760
COUNTS id=[ 384, 411 ] end=18432 piso=92160
COUNTS id=[ 384, 412 ] end=24576 piso=817152
COUNTS id=[ 384, 413 ] end=18432 piso=178176
COUNTS id=[ 384, 414 ] end=15360 piso=101376
COUNTS id=[ 384, 415 ] end=21504 piso=253440
COUNTS id=[ 384, 416 ] end=24576 piso=2101248
COUNTS id=[ 384, 417 ] end=18432 piso=92160
COUNTS id=[ 384, 418 ] end=21504 piso=652800
COUNTS id=[ 384, 419 ] end=15360 piso=86016
COUNTS id=[ 384, 420 ] end=24576 piso=849408
COUNTS id=[ 384, 421 ] end=15360 piso=210432
COUNTS id=[ 384, 422 ] end=15360 piso=156672
COUNTS id=[ 384, 423 ] end=6144 piso=70656
COUNTS id=[ 384, 424 ] end=15360 piso=173568
COUNTS id=[ 384, 425 ] end=27648 piso=854016
COUNTS id=[ 384, 426 ] end=9216 piso=92160
COUNTS id=[ 384, 427 ] end=6144 piso=76800
COUNTS id=[ 384, 428 ] end=9216 piso=122880
COUNTS id=[ 384, 429 ] end=9216 piso=491520
COUNTS id=[ 384, 430 ] end=24576 piso=2416128
COUNTS id=[ 384, 431 ] end=18432 piso=233472
COUNTS id=[ 384, 432 ] end=18432 piso=313344
COUNTS id=[ 384, 433 ] end=27648 piso=946176
COUNTS id=[ 384, 434 ] end=9216 piso=509952
COUNTS id=[ 384, 435 ] end=6144 piso=82944
COUNTS id=[ 384, 436 ] end=15360 piso=242688
COUNTS id=[ 384, 437 ] end=6144 piso=92160
COUNTS id=[ 384, 438 ] end=6144 piso=89088
COUNTS id=[ 384, 439 ] end=15360 piso=210432
COUNTS id=[ 384, 440 ] end=49152 piso=102230016
COUNTS id=[ 384, 441 ] end=15360 piso=603648
COUNTS id=[ 384, 442 ] end=18432 piso=614400
COUNTS id=[ 384, 443 ] end=9216 piso=79872
COUNTS id=[ 384, 444 ] end=12288 piso=89088
COUNTS id=[ 384, 445 ] end=21504 piso=153600
ABELIAN_SKIPPED id=[ 384, 446 ] reason=known_equality
COUNTS id=[ 384, 447 ] end=18432 piso=24576
CLOSEST id=[ 384, 447 ] end=18432 piso=24576 ratio=4/3
COUNTS id=[ 384, 448 ] end=9216 piso=21504
COUNTS id=[ 384, 449 ] end=6144 piso=16896
COUNTS id=[ 384, 450 ] end=6144 piso=417792
COUNTS id=[ 384, 451 ] end=4608 piso=58752
COUNTS id=[ 384, 452 ] end=12288 piso=100850688
COUNTS id=[ 384, 453 ] end=9216 piso=574464
COUNTS id=[ 384, 454 ] end=9216 piso=903168
COUNTS id=[ 384, 455 ] end=6144 piso=258048
COUNTS id=[ 384, 456 ] end=4608 piso=411648
COUNTS id=[ 384, 457 ] end=4608 piso=58752
PROGRESS checked=200 hits=0 reversed=0 runtime_ms=199052
COUNTS id=[ 384, 458 ] end=4608 piso=49152
COUNTS id=[ 384, 459 ] end=3072 piso=24960
COUNTS id=[ 384, 460 ] end=7680 piso=144384
COUNTS id=[ 384, 461 ] end=7680 piso=248832
COUNTS id=[ 384, 462 ] end=6144 piso=562176
COUNTS id=[ 384, 463 ] end=3072 piso=43008
COUNTS id=[ 384, 464 ] end=3072 piso=24960
COUNTS id=[ 384, 465 ] end=3840 piso=33504
COUNTS id=[ 384, 466 ] end=3072 piso=27360
COUNTS id=[ 384, 467 ] end=4992 piso=62976
COUNTS id=[ 384, 468 ] end=2688 piso=41472
COUNTS id=[ 384, 469 ] end=4992 piso=62976
COUNTS id=[ 384, 470 ] end=2688 piso=41472
COUNTS id=[ 384, 471 ] end=3072 piso=26880
COUNTS id=[ 384, 472 ] end=3072 piso=23808
COUNTS id=[ 384, 473 ] end=2304 piso=22752
COUNTS id=[ 384, 474 ] end=1536 piso=19680
COUNTS id=[ 384, 475 ] end=5760 piso=94848
COUNTS id=[ 384, 476 ] end=3456 piso=64128
COUNTS id=[ 384, 477 ] end=4992 piso=85632
COUNTS id=[ 384, 478 ] end=2688 piso=48768
COUNTS id=[ 384, 479 ] end=9216 piso=2206848
COUNTS id=[ 384, 480 ] end=6144 piso=449664
COUNTS id=[ 384, 481 ] end=6144 piso=892032
COUNTS id=[ 384, 482 ] end=3072 piso=154752
COUNTS id=[ 384, 483 ] end=5760 piso=130176
COUNTS id=[ 384, 484 ] end=3456 piso=105600
COUNTS id=[ 384, 485 ] end=4992 piso=81024
COUNTS id=[ 384, 486 ] end=2688 piso=44160
COUNTS id=[ 384, 487 ] end=6144 piso=581760
COUNTS id=[ 384, 488 ] end=6144 piso=471168
COUNTS id=[ 384, 489 ] end=3072 piso=136320
COUNTS id=[ 384, 490 ] end=3072 piso=268416
COUNTS id=[ 384, 491 ] end=3648 piso=65664
COUNTS id=[ 384, 492 ] end=2112 piso=38016
COUNTS id=[ 384, 493 ] end=12864 piso=241920
COUNTS id=[ 384, 494 ] end=6720 piso=106752
COUNTS id=[ 384, 495 ] end=6720 piso=91392
COUNTS id=[ 384, 496 ] end=5184 piso=61824
COUNTS id=[ 384, 497 ] end=9792 piso=240000
COUNTS id=[ 384, 498 ] end=3648 piso=104832
COUNTS id=[ 384, 499 ] end=2112 piso=37248
COUNTS id=[ 384, 500 ] end=3648 piso=67968
COUNTS id=[ 384, 501 ] end=3648 piso=67968
COUNTS id=[ 384, 502 ] end=2112 piso=36096
COUNTS id=[ 384, 503 ] end=3840 piso=18432
COUNTS id=[ 384, 504 ] end=4992 piso=19968
COUNTS id=[ 384, 505 ] end=1920 piso=10752
COUNTS id=[ 384, 506 ] end=3840 piso=18432
COUNTS id=[ 384, 507 ] end=6528 piso=21504
COUNTS id=[ 384, 508 ] end=6528 piso=21504
COUNTS id=[ 384, 509 ] end=1920 piso=10752
COUNTS id=[ 384, 510 ] end=12288 piso=76800
COUNTS id=[ 384, 511 ] end=9216 piso=64512
COUNTS id=[ 384, 512 ] end=9216 piso=64512
DONE checked=255 abelian=0 hits=0 reversed=0 skipped_abelian=1 closest=[ 384, 447 ] min_ratio=4/3 runtime_ms=232937
