{"command": ["/project/gap-4.16.1/gap", "-l", "/project/gap-4.16.1", "-q", "-b", "-T", "-m", "128m", "-o", "4g", "-c", "START_ORDER:=448;;END_ORDER:=448;;START_ID:=257;;END_ID:=512;;SKIP_ABELIAN:=true;;LOG_ALL:=true;;", "/project/scripts/search_19_20.g"], "source_hashes": {"scripts/search_19_20.g": "7b6a34e9163b58b0248b3c464ae8070783414cd7d14048136dd0e3547b906318", "scripts/lib_19_20.g": "fbcf2d3c4b0648cc1fa87d6e50fc923133d594c029b8430a365caf596ac7ccd5"}}
PARAMETERS start=448 end=448 start_id=257 end_id=512 skip_abelian=true log_all=true
ORDER_START order=448 groups=1396
COUNTS id=[ 448, 257 ] end=13056 piso=374752
CLOSEST id=[ 448, 257 ] end=13056 piso=374752 ratio=11711/408
COUNTS id=[ 448, 258 ] end=141312 piso=6723584
COUNTS id=[ 448, 259 ] end=40704 piso=378336
CLOSEST id=[ 448, 259 ] end=40704 piso=378336 ratio=3941/424
COUNTS id=[ 448, 260 ] end=130048 piso=6644736
COUNTS id=[ 448, 261 ] end=38656 piso=778624
COUNTS id=[ 448, 262 ] end=23424 piso=260960
COUNTS id=[ 448, 263 ] end=26112 piso=277984
COUNTS id=[ 448, 264 ] end=28800 piso=282464
COUNTS id=[ 448, 265 ] end=208384 piso=14357728
COUNTS id=[ 448, 266 ] end=258560 piso=16692704
COUNTS id=[ 448, 267 ] end=38144 piso=980448
COUNTS id=[ 448, 268 ] end=63232 piso=1440992
COUNTS id=[ 448, 269 ] end=45312 piso=738528
COUNTS id=[ 448, 270 ] end=45312 piso=738528
COUNTS id=[ 448, 271 ] end=32768 piso=473312
COUNTS id=[ 448, 272 ] end=75776 piso=3424736
COUNTS id=[ 448, 273 ] end=75776 piso=3949792
COUNTS id=[ 448, 274 ] end=35840 piso=1067136
COUNTS id=[ 448, 275 ] end=155008 piso=7166656
COUNTS id=[ 448, 276 ] end=51968 piso=1400896
COUNTS id=[ 448, 277 ] end=176640 piso=13646080
COUNTS id=[ 448, 278 ] end=141312 piso=13008128
COUNTS id=[ 448, 279 ] end=37120 piso=827008
COUNTS id=[ 448, 280 ] end=56448 piso=1250816
COUNTS id=[ 448, 281 ] end=86912 piso=2531200
COUNTS id=[ 448, 282 ] end=10624 piso=274400
COUNTS id=[ 448, 283 ] end=24960 piso=461664
COUNTS id=[ 448, 284 ] end=47104 piso=2528512
COUNTS id=[ 448, 285 ] end=54016 piso=1106560
COUNTS id=[ 448, 286 ] end=22912 piso=1292928
COUNTS id=[ 448, 287 ] end=42624 piso=1256192
COUNTS id=[ 448, 288 ] end=22912 piso=355040
COUNTS id=[ 448, 289 ] end=10368 piso=343392
COUNTS id=[ 448, 290 ] end=51456 piso=776832
COUNTS id=[ 448, 291 ] end=22784 piso=504448
COUNTS id=[ 448, 292 ] end=24576 piso=504448
COUNTS id=[ 448, 293 ] end=31552 piso=584864
COUNTS id=[ 448, 294 ] end=35136 piso=883456
COUNTS id=[ 448, 295 ] end=31552 piso=584864
COUNTS id=[ 448, 296 ] end=39744 piso=852768
COUNTS id=[ 448, 297 ] end=13632 piso=450464
COUNTS id=[ 448, 298 ] end=35136 piso=762496
COUNTS id=[ 448, 299 ] end=17216 piso=597632
COUNTS id=[ 448, 300 ] end=13632 piso=450464
COUNTS id=[ 448, 301 ] end=13760 piso=517664
COUNTS id=[ 448, 302 ] end=17216 piso=331520
COUNTS id=[ 448, 303 ] end=153088 piso=13174784
COUNTS id=[ 448, 304 ] end=138496 piso=12980352
COUNTS id=[ 448, 305 ] end=48896 piso=1163904
COUNTS id=[ 448, 306 ] end=39936 piso=870912
COUNTS id=[ 448, 307 ] end=180992 piso=15169952
COUNTS id=[ 448, 308 ] end=23040 piso=551712
COUNTS id=[ 448, 309 ] end=47360 piso=880768
COUNTS id=[ 448, 310 ] end=141568 piso=13023136
COUNTS id=[ 448, 311 ] end=23040 piso=551712
COUNTS id=[ 448, 312 ] end=25856 piso=430976
COUNTS id=[ 448, 313 ] end=21248 piso=345632
COUNTS id=[ 448, 314 ] end=24064 piso=411264
COUNTS id=[ 448, 315 ] end=60928 piso=1294496
COUNTS id=[ 448, 316 ] end=43776 piso=861056
COUNTS id=[ 448, 317 ] end=25088 piso=989856
COUNTS id=[ 448, 318 ] end=21248 piso=345632
COUNTS id=[ 448, 319 ] end=47872 piso=776832
COUNTS id=[ 448, 320 ] end=56768 piso=1367072
COUNTS id=[ 448, 321 ] end=27200 piso=573216
COUNTS id=[ 448, 322 ] end=40704 piso=482944
COUNTS id=[ 448, 323 ] end=17408 piso=533120
COUNTS id=[ 448, 324 ] end=20992 piso=533120
COUNTS id=[ 448, 325 ] end=30912 piso=514976
COUNTS id=[ 448, 326 ] end=17984 piso=758016
COUNTS id=[ 448, 327 ] end=21568 piso=675360
COUNTS id=[ 448, 328 ] end=30912 piso=514976
COUNTS id=[ 448, 329 ] end=28736 piso=500864
COUNTS id=[ 448, 330 ] end=12992 piso=387744
COUNTS id=[ 448, 331 ] end=17984 piso=450688
COUNTS id=[ 448, 332 ] end=26048 piso=469280
COUNTS id=[ 448, 333 ] end=12992 piso=387744
COUNTS id=[ 448, 334 ] end=28736 piso=363776
COUNTS id=[ 448, 335 ] end=58880 piso=2895872
COUNTS id=[ 448, 336 ] end=44288 piso=2529408
COUNTS id=[ 448, 337 ] end=65792 piso=1443456
COUNTS id=[ 448, 338 ] end=56832 piso=1128960
COUNTS id=[ 448, 339 ] end=20224 piso=515872
COUNTS id=[ 448, 340 ] end=59648 piso=2832032
COUNTS id=[ 448, 341 ] end=38144 piso=635264
COUNTS id=[ 448, 342 ] end=27392 piso=3039904
COUNTS id=[ 448, 343 ] end=20224 piso=515872
COUNTS id=[ 448, 344 ] end=54272 piso=1167264
COUNTS id=[ 448, 345 ] end=90112 piso=1955744
COUNTS id=[ 448, 346 ] end=36352 piso=615552
COUNTS id=[ 448, 347 ] end=23808 piso=439936
COUNTS id=[ 448, 348 ] end=18432 piso=295456
COUNTS id=[ 448, 349 ] end=18432 piso=295456
COUNTS id=[ 448, 350 ] end=20224 piso=420224
COUNTS id=[ 448, 351 ] end=38912 piso=482944
COUNTS id=[ 448, 352 ] end=31424 piso=562464
COUNTS id=[ 448, 353 ] end=39488 piso=836640
COUNTS id=[ 448, 354 ] end=58880 piso=1249024
COUNTS id=[ 448, 355 ] end=48512 piso=809088
COUNTS id=[ 448, 356 ] end=129344 piso=3313408
PROGRESS checked=100 hits=0 reversed=0 runtime_ms=95494
COUNTS id=[ 448, 357 ] end=7744 piso=172928
COUNTS id=[ 448, 358 ] end=7744 piso=172928
COUNTS id=[ 448, 359 ] end=77376 piso=1527680
COUNTS id=[ 448, 360 ] end=11968 piso=1344000
COUNTS id=[ 448, 361 ] end=31680 piso=1178240
COUNTS id=[ 448, 362 ] end=14592 piso=227808
COUNTS id=[ 448, 363 ] end=15296 piso=445536
COUNTS id=[ 448, 364 ] end=25600 piso=288736
COUNTS id=[ 448, 365 ] end=19968 piso=238560
COUNTS id=[ 448, 366 ] end=70656 piso=702464
COUNTS id=[ 448, 367 ] end=39936 piso=512512
COUNTS id=[ 448, 368 ] end=61440 piso=496608
CLOSEST id=[ 448, 368 ] end=61440 piso=496608 ratio=5173/640
COUNTS id=[ 448, 369 ] end=37888 piso=512512
COUNTS id=[ 448, 370 ] end=33408 piso=379232
COUNTS id=[ 448, 371 ] end=59392 piso=623616
COUNTS id=[ 448, 372 ] end=52224 piso=417760
CLOSEST id=[ 448, 372 ] end=52224 piso=417760 ratio=13055/1632
COUNTS id=[ 448, 373 ] end=23552 piso=280448
COUNTS id=[ 448, 374 ] end=21760 piso=190848
COUNTS id=[ 448, 375 ] end=69056 piso=789600
COUNTS id=[ 448, 376 ] end=48448 piso=696416
COUNTS id=[ 448, 377 ] end=160448 piso=2352224
COUNTS id=[ 448, 378 ] end=50240 piso=891744
COUNTS id=[ 448, 379 ] end=31424 piso=588896
COUNTS id=[ 448, 380 ] end=48448 piso=696416
COUNTS id=[ 448, 381 ] end=30528 piso=508256
COUNTS id=[ 448, 382 ] end=116544 piso=1504608
COUNTS id=[ 448, 383 ] end=75328 piso=988512
COUNTS id=[ 448, 384 ] end=33216 piso=755552
COUNTS id=[ 448, 385 ] end=33216 piso=755552
COUNTS id=[ 448, 386 ] end=46080 piso=485632
COUNTS id=[ 448, 387 ] end=28160 piso=648704
COUNTS id=[ 448, 388 ] end=22464 piso=627872
COUNTS id=[ 448, 389 ] end=96832 piso=1062656
COUNTS id=[ 448, 390 ] end=44864 piso=495488
COUNTS id=[ 448, 391 ] end=15296 piso=360864
COUNTS id=[ 448, 392 ] end=28736 piso=499968
COUNTS id=[ 448, 393 ] end=105984 piso=1103872
COUNTS id=[ 448, 394 ] end=44544 piso=498176
COUNTS id=[ 448, 395 ] end=51712 piso=531328
COUNTS id=[ 448, 396 ] end=20224 piso=521248
COUNTS id=[ 448, 397 ] end=34560 piso=756000
COUNTS id=[ 448, 398 ] end=59648 piso=659456
COUNTS id=[ 448, 399 ] end=109824 piso=1524992
COUNTS id=[ 448, 400 ] end=32768 piso=582176
COUNTS id=[ 448, 401 ] end=18432 piso=322336
COUNTS id=[ 448, 402 ] end=30976 piso=557312
COUNTS id=[ 448, 403 ] end=85504 piso=1064448
COUNTS id=[ 448, 404 ] end=32320 piso=552608
COUNTS id=[ 448, 405 ] end=25152 piso=418208
COUNTS id=[ 448, 406 ] end=89088 piso=1064448
COUNTS id=[ 448, 407 ] end=31744 piso=648704
COUNTS id=[ 448, 408 ] end=96832 piso=1062656
COUNTS id=[ 448, 409 ] end=22464 piso=627872
COUNTS id=[ 448, 410 ] end=44864 piso=495488
COUNTS id=[ 448, 411 ] end=15296 piso=360864
COUNTS id=[ 448, 412 ] end=28736 piso=499968
COUNTS id=[ 448, 413 ] end=105984 piso=1103872
COUNTS id=[ 448, 414 ] end=44544 piso=498176
COUNTS id=[ 448, 415 ] end=51712 piso=531328
COUNTS id=[ 448, 416 ] end=34560 piso=756000
COUNTS id=[ 448, 417 ] end=113408 piso=1544704
COUNTS id=[ 448, 418 ] end=20224 piso=521248
COUNTS id=[ 448, 419 ] end=32768 piso=582176
COUNTS id=[ 448, 420 ] end=57856 piso=639744
COUNTS id=[ 448, 421 ] end=34560 piso=577024
COUNTS id=[ 448, 422 ] end=18432 piso=322336
COUNTS id=[ 448, 423 ] end=44288 piso=485632
COUNTS id=[ 448, 424 ] end=32320 piso=552608
COUNTS id=[ 448, 425 ] end=25152 piso=418208
COUNTS id=[ 448, 426 ] end=23552 piso=315392
COUNTS id=[ 448, 427 ] end=20736 piso=335104
COUNTS id=[ 448, 428 ] end=14464 piso=210560
COUNTS id=[ 448, 429 ] end=14464 piso=210560
COUNTS id=[ 448, 430 ] end=15744 piso=562464
COUNTS id=[ 448, 431 ] end=53376 piso=890400
COUNTS id=[ 448, 432 ] end=28288 piso=423584
COUNTS id=[ 448, 433 ] end=47104 piso=200704
CLOSEST id=[ 448, 433 ] end=47104 piso=200704 ratio=98/23
COUNTS id=[ 448, 434 ] end=37888 piso=161280
CLOSEST id=[ 448, 434 ] end=37888 piso=161280 ratio=315/74
COUNTS id=[ 448, 435 ] end=10112 piso=81760
COUNTS id=[ 448, 436 ] end=222272 piso=2400384
COUNTS id=[ 448, 437 ] end=111168 piso=911232
COUNTS id=[ 448, 438 ] end=28736 piso=383488
COUNTS id=[ 448, 439 ] end=100416 piso=1235584
COUNTS id=[ 448, 440 ] end=29440 piso=147840
COUNTS id=[ 448, 441 ] end=10112 piso=81760
COUNTS id=[ 448, 442 ] end=81600 piso=871808
COUNTS id=[ 448, 443 ] end=20672 piso=508032
COUNTS id=[ 448, 444 ] end=83168 piso=1717632
COUNTS id=[ 448, 445 ] end=38112 piso=558656
COUNTS id=[ 448, 446 ] end=14816 piso=310912
COUNTS id=[ 448, 447 ] end=41952 piso=637056
COUNTS id=[ 448, 448 ] end=41376 piso=682304
COUNTS id=[ 448, 449 ] end=8672 piso=356160
COUNTS id=[ 448, 450 ] end=12704 piso=273280
COUNTS id=[ 448, 451 ] end=24288 piso=767872
COUNTS id=[ 448, 452 ] end=11936 piso=329280
COUNTS id=[ 448, 453 ] end=21344 piso=407680
COUNTS id=[ 448, 454 ] end=409600 piso=802816
CLOSEST id=[ 448, 454 ] end=409600 piso=802816 ratio=49/25
COUNTS id=[ 448, 455 ] end=208896 piso=802816
COUNTS id=[ 448, 456 ] end=108544 piso=430080
PROGRESS checked=200 hits=0 reversed=0 runtime_ms=170008
COUNTS id=[ 448, 457 ] end=202752 piso=616448
COUNTS id=[ 448, 458 ] end=102400 piso=430080
COUNTS id=[ 448, 459 ] end=52224 piso=243712
COUNTS id=[ 448, 460 ] end=27136 piso=243712
COUNTS id=[ 448, 461 ] end=66560 piso=805504
COUNTS id=[ 448, 462 ] end=138240 piso=2139648
COUNTS id=[ 448, 463 ] end=245760 piso=4264960
COUNTS id=[ 448, 464 ] end=3014656 piso=12845056
COUNTS id=[ 448, 465 ] end=208896 piso=2275840
COUNTS id=[ 448, 466 ] end=524288 piso=2910208
COUNTS id=[ 448, 467 ] end=41472 piso=1609216
COUNTS id=[ 448, 468 ] end=466944 piso=2404864
COUNTS id=[ 448, 469 ] end=1607680 piso=5361664
COUNTS id=[ 448, 470 ] end=403456 piso=2021376
COUNTS id=[ 448, 471 ] end=403456 piso=2318848
COUNTS id=[ 448, 472 ] end=352256 piso=8354304
COUNTS id=[ 448, 473 ] end=475136 piso=15748096
COUNTS id=[ 448, 474 ] end=84480 piso=4609024
COUNTS id=[ 448, 475 ] end=524288 piso=9386496
COUNTS id=[ 448, 476 ] end=163840 piso=8899072
COUNTS id=[ 448, 477 ] end=163840 piso=9046016
COUNTS id=[ 448, 478 ] end=44544 piso=2093056
COUNTS id=[ 448, 479 ] end=44544 piso=2093056
COUNTS id=[ 448, 480 ] end=148480 piso=8848896
COUNTS id=[ 448, 481 ] end=133120 piso=4805248
COUNTS id=[ 448, 482 ] end=36352 piso=2386048
COUNTS id=[ 448, 483 ] end=68608 piso=2482816
COUNTS id=[ 448, 484 ] end=406528 piso=8934912
COUNTS id=[ 448, 485 ] end=130560 piso=2114560
COUNTS id=[ 448, 486 ] end=32768 piso=2045568
COUNTS id=[ 448, 487 ] end=54272 piso=2088576
COUNTS id=[ 448, 488 ] end=135168 piso=6178816
COUNTS id=[ 448, 489 ] end=753664 piso=1646804992
COUNTS id=[ 448, 490 ] end=199680 piso=10225152
COUNTS id=[ 448, 491 ] end=171008 piso=6974464
COUNTS id=[ 448, 492 ] end=242688 piso=12891648
COUNTS id=[ 448, 493 ] end=129536 piso=6754944
COUNTS id=[ 448, 494 ] end=376832 piso=23707264
COUNTS id=[ 448, 495 ] end=129536 piso=6776448
COUNTS id=[ 448, 496 ] end=132096 piso=759808
COUNTS id=[ 448, 497 ] end=132096 piso=759808
COUNTS id=[ 448, 498 ] end=31744 piso=316288
COUNTS id=[ 448, 499 ] end=252928 piso=14357504
COUNTS id=[ 448, 500 ] end=66560 piso=814464
COUNTS id=[ 448, 501 ] end=45312 piso=421344
COUNTS id=[ 448, 502 ] end=45312 piso=421344
COUNTS id=[ 448, 503 ] end=109568 piso=3261440
COUNTS id=[ 448, 504 ] end=25600 piso=283360
COUNTS id=[ 448, 505 ] end=25600 piso=283360
COUNTS id=[ 448, 506 ] end=67584 piso=1924608
COUNTS id=[ 448, 507 ] end=132096 piso=1881600
COUNTS id=[ 448, 508 ] end=159744 piso=4350976
COUNTS id=[ 448, 509 ] end=393216 piso=2963968
COUNTS id=[ 448, 510 ] end=385024 piso=3469312
COUNTS id=[ 448, 511 ] end=139264 piso=1849344
COUNTS id=[ 448, 512 ] end=41472 piso=1587712
DONE checked=256 abelian=0 hits=0 reversed=0 skipped_abelian=0 closest=[ 448, 454 ] min_ratio=49/25 runtime_ms=225230
