{"command": ["/project/gap-4.16.1/gap", "-l", "/project/gap-4.16.1", "-q", "-b", "-T", "-m", "128m", "-o", "4g", "-c", "START_ORDER:=384;;END_ORDER:=384;;START_ID:=19457;;END_ID:=19712;;SKIP_ABELIAN:=true;;LOG_ALL:=true;;", "/project/scripts/search_19_20.g"], "source_hashes": {"scripts/search_19_20.g": "7b6a34e9163b58b0248b3c464ae8070783414cd7d14048136dd0e3547b906318", "scripts/lib_19_20.g": "fbcf2d3c4b0648cc1fa87d6e50fc923133d594c029b8430a365caf596ac7ccd5"}}
PARAMETERS start=384 end=384 start_id=19457 end_id=19712 skip_abelian=true log_all=true
ORDER_START order=384 groups=20169
COUNTS id=[ 384, 19457 ] end=518144 piso=9977856
CLOSEST id=[ 384, 19457 ] end=518144 piso=9977856 ratio=4872/253
COUNTS id=[ 384, 19458 ] end=12867584 piso=21794304
CLOSEST id=[ 384, 19458 ] end=12867584 piso=21794304 ratio=42567/25132
COUNTS id=[ 384, 19459 ] end=12873728 piso=21987840
COUNTS id=[ 384, 19460 ] end=309248 piso=10710528
COUNTS id=[ 384, 19461 ] end=278528 piso=11324928
COUNTS id=[ 384, 19462 ] end=849920 piso=15883776
COUNTS id=[ 384, 19463 ] end=19183616 piso=41528832
COUNTS id=[ 384, 19464 ] end=19183616 piso=41292288
COUNTS id=[ 384, 19465 ] end=6563840 piso=10606080
CLOSEST id=[ 384, 19465 ] end=6563840 piso=10606080 ratio=4143/2564
COUNTS id=[ 384, 19466 ] end=6569984 piso=10661376
COUNTS id=[ 384, 19467 ] end=499712 piso=9632256
COUNTS id=[ 384, 19468 ] end=3694592 piso=12684288
COUNTS id=[ 384, 19469 ] end=3491840 piso=11768832
COUNTS id=[ 384, 19470 ] end=3485696 piso=11549184
COUNTS id=[ 384, 19471 ] end=16062464 piso=30664704
COUNTS id=[ 384, 19472 ] end=456704 piso=11116032
COUNTS id=[ 384, 19473 ] end=6742016 piso=12374016
COUNTS id=[ 384, 19474 ] end=253952 piso=16081920
COUNTS id=[ 384, 19475 ] end=247808 piso=10013184
COUNTS id=[ 384, 19476 ] end=456704 piso=11106816
COUNTS id=[ 384, 19477 ] end=9771008 piso=14593536
CLOSEST id=[ 384, 19477 ] end=9771008 piso=14593536 ratio=28503/19084
COUNTS id=[ 384, 19478 ] end=6729728 piso=12069888
COUNTS id=[ 384, 19479 ] end=247808 piso=8905728
COUNTS id=[ 384, 19480 ] end=247808 piso=8930304
COUNTS id=[ 384, 19481 ] end=3482624 piso=7910400
COUNTS id=[ 384, 19482 ] end=3482624 piso=7910400
COUNTS id=[ 384, 19483 ] end=456704 piso=9011712
COUNTS id=[ 384, 19484 ] end=13004800 piso=43874304
COUNTS id=[ 384, 19485 ] end=3620864 piso=17687040
COUNTS id=[ 384, 19486 ] end=3547136 piso=10265088
COUNTS id=[ 384, 19487 ] end=12861440 piso=22222848
COUNTS id=[ 384, 19488 ] end=12855296 piso=22103040
COUNTS id=[ 384, 19489 ] end=6864896 piso=16330752
COUNTS id=[ 384, 19490 ] end=9771008 piso=14911488
COUNTS id=[ 384, 19491 ] end=19097600 piso=37332480
COUNTS id=[ 384, 19492 ] end=28448768 piso=84518400
COUNTS id=[ 384, 19493 ] end=3700736 piso=12830208
COUNTS id=[ 384, 19494 ] end=13027328 piso=26110464
COUNTS id=[ 384, 19495 ] end=456704 piso=10747392
COUNTS id=[ 384, 19496 ] end=9771008 piso=14521344
CLOSEST id=[ 384, 19496 ] end=9771008 piso=14521344 ratio=14181/9542
COUNTS id=[ 384, 19497 ] end=3482624 piso=7905792
COUNTS id=[ 384, 19498 ] end=6838272 piso=15894528
COUNTS id=[ 384, 19499 ] end=2181120 piso=22855680
COUNTS id=[ 384, 19500 ] end=13246464 piso=31558656
COUNTS id=[ 384, 19501 ] end=3452928 piso=10793472
COUNTS id=[ 384, 19502 ] end=3784704 piso=31687680
COUNTS id=[ 384, 19503 ] end=454656 piso=16754688
COUNTS id=[ 384, 19504 ] end=749568 piso=13246464
COUNTS id=[ 384, 19505 ] end=13086720 piso=23625216
COUNTS id=[ 384, 19506 ] end=460800 piso=11036160
COUNTS id=[ 384, 19507 ] end=460800 piso=10363392
COUNTS id=[ 384, 19508 ] end=417792 piso=10348032
COUNTS id=[ 384, 19509 ] end=19482624 piso=46812672
COUNTS id=[ 384, 19510 ] end=6752256 piso=15681024
COUNTS id=[ 384, 19511 ] end=6709248 piso=11361792
COUNTS id=[ 384, 19512 ] end=780288 piso=13300224
COUNTS id=[ 384, 19513 ] end=3631104 piso=11326464
COUNTS id=[ 384, 19514 ] end=3624960 piso=11226624
COUNTS id=[ 384, 19515 ] end=847872 piso=20207616
COUNTS id=[ 384, 19516 ] end=393216 piso=14244864
COUNTS id=[ 384, 19517 ] end=387072 piso=9349632
COUNTS id=[ 384, 19518 ] end=393216 piso=8444928
COUNTS id=[ 384, 19519 ] end=190464 piso=13420032
COUNTS id=[ 384, 19520 ] end=3422208 piso=9045504
COUNTS id=[ 384, 19521 ] end=387072 piso=8306688
COUNTS id=[ 384, 19522 ] end=8704000 piso=44998656
COUNTS id=[ 384, 19523 ] end=3760128 piso=17877504
COUNTS id=[ 384, 19524 ] end=8921088 piso=26689536
COUNTS id=[ 384, 19525 ] end=8908800 piso=26471424
COUNTS id=[ 384, 19526 ] end=454656 piso=10066944
COUNTS id=[ 384, 19527 ] end=6666240 piso=12550656
COUNTS id=[ 384, 19528 ] end=9922560 piso=21284352
COUNTS id=[ 384, 19529 ] end=417792 piso=12702720
COUNTS id=[ 384, 19530 ] end=608256 piso=11140608
COUNTS id=[ 384, 19531 ] end=595968 piso=10842624
COUNTS id=[ 384, 19532 ] end=202752 piso=13291008
COUNTS id=[ 384, 19533 ] end=595968 piso=10928640
COUNTS id=[ 384, 19534 ] end=6662144 piso=15476736
COUNTS id=[ 384, 19535 ] end=1347584 piso=24585216
COUNTS id=[ 384, 19536 ] end=9875456 piso=16998912
COUNTS id=[ 384, 19537 ] end=610304 piso=13019136
COUNTS id=[ 384, 19538 ] end=12879872 piso=21035520
COUNTS id=[ 384, 19539 ] end=309248 piso=14270976
COUNTS id=[ 384, 19540 ] end=19195904 piso=41992704
COUNTS id=[ 384, 19541 ] end=499712 piso=9466368
COUNTS id=[ 384, 19542 ] end=16062464 piso=30603264
COUNTS id=[ 384, 19543 ] end=456704 piso=10713600
COUNTS id=[ 384, 19544 ] end=25567232 piso=74548224
COUNTS id=[ 384, 19545 ] end=6742016 piso=12315648
COUNTS id=[ 384, 19546 ] end=247808 piso=8810496
COUNTS id=[ 384, 19547 ] end=13619200 piso=42565632
COUNTS id=[ 384, 19548 ] end=3547136 piso=10191360
COUNTS id=[ 384, 19549 ] end=6877184 piso=16684032
COUNTS id=[ 384, 19550 ] end=9783296 piso=16163328
COUNTS id=[ 384, 19551 ] end=303104 piso=13903872
COUNTS id=[ 384, 19552 ] end=12824576 piso=18898944
CLOSEST id=[ 384, 19552 ] end=12824576 piso=18898944 ratio=4614/3131
COUNTS id=[ 384, 19553 ] end=468992 piso=11198976
COUNTS id=[ 384, 19554 ] end=3482624 piso=8071680
COUNTS id=[ 384, 19555 ] end=6801408 piso=16263168
COUNTS id=[ 384, 19556 ] end=817152 piso=13264896
PROGRESS checked=100 hits=0 reversed=0 runtime_ms=573186
COUNTS id=[ 384, 19557 ] end=577536 piso=13458432
COUNTS id=[ 384, 19558 ] end=3452928 piso=11073024
COUNTS id=[ 384, 19559 ] end=258048 piso=15461376
COUNTS id=[ 384, 19560 ] end=6709248 piso=12380160
COUNTS id=[ 384, 19561 ] end=749568 piso=13479936
COUNTS id=[ 384, 19562 ] end=13031424 piso=23149056
COUNTS id=[ 384, 19563 ] end=417792 piso=10326528
COUNTS id=[ 384, 19564 ] end=436224 piso=13272576
COUNTS id=[ 384, 19565 ] end=448512 piso=13352448
COUNTS id=[ 384, 19566 ] end=6764544 piso=16627200
COUNTS id=[ 384, 19567 ] end=6709248 piso=11346432
COUNTS id=[ 384, 19568 ] end=6709248 piso=11294208
COUNTS id=[ 384, 19569 ] end=227328 piso=16685568
COUNTS id=[ 384, 19570 ] end=3631104 piso=11814912
COUNTS id=[ 384, 19571 ] end=442368 piso=18001920
COUNTS id=[ 384, 19572 ] end=190464 piso=12722688
COUNTS id=[ 384, 19573 ] end=393216 piso=8530944
COUNTS id=[ 384, 19574 ] end=6678528 piso=14734848
COUNTS id=[ 384, 19575 ] end=6875136 piso=13615104
COUNTS id=[ 384, 19576 ] end=387072 piso=8322048
COUNTS id=[ 384, 19577 ] end=380928 piso=8214528
COUNTS id=[ 384, 19578 ] end=6678528 piso=11045376
COUNTS id=[ 384, 19579 ] end=6860800 piso=24453120
COUNTS id=[ 384, 19580 ] end=3686400 piso=10799616
COUNTS id=[ 384, 19581 ] end=7016448 piso=18302976
COUNTS id=[ 384, 19582 ] end=454656 piso=10060800
COUNTS id=[ 384, 19583 ] end=442368 piso=9848832
COUNTS id=[ 384, 19584 ] end=9922560 piso=17610240
COUNTS id=[ 384, 19585 ] end=13178880 piso=30180864
COUNTS id=[ 384, 19586 ] end=405504 piso=14926848
COUNTS id=[ 384, 19587 ] end=202752 piso=12959232
COUNTS id=[ 384, 19588 ] end=190464 piso=12701184
COUNTS id=[ 384, 19589 ] end=3422208 piso=9179136
COUNTS id=[ 384, 19590 ] end=3621888 piso=8403456
COUNTS id=[ 384, 19591 ] end=2430976 piso=22720512
COUNTS id=[ 384, 19592 ] end=1189888 piso=15894528
COUNTS id=[ 384, 19593 ] end=913408 piso=14908416
COUNTS id=[ 384, 19594 ] end=4108288 piso=31687680
COUNTS id=[ 384, 19595 ] end=606208 piso=17098752
COUNTS id=[ 384, 19596 ] end=397312 piso=14625792
COUNTS id=[ 384, 19597 ] end=600064 piso=11343360
COUNTS id=[ 384, 19598 ] end=618496 piso=11238912
COUNTS id=[ 384, 19599 ] end=1521664 piso=23410176
COUNTS id=[ 384, 19600 ] end=415744 piso=17088000
COUNTS id=[ 384, 19601 ] end=366592 piso=15687168
COUNTS id=[ 384, 19602 ] end=876544 piso=11841024
COUNTS id=[ 384, 19603 ] end=274432 piso=27565056
COUNTS id=[ 384, 19604 ] end=532480 piso=8927232
COUNTS id=[ 384, 19605 ] end=526336 piso=8825856
COUNTS id=[ 384, 19606 ] end=3788800 piso=45637632
COUNTS id=[ 384, 19607 ] end=1196032 piso=31727616
COUNTS id=[ 384, 19608 ] end=1159168 piso=31282176
COUNTS id=[ 384, 19609 ] end=593920 piso=10506240
COUNTS id=[ 384, 19610 ] end=544768 piso=15089664
COUNTS id=[ 384, 19611 ] end=747520 piso=13036032
COUNTS id=[ 384, 19612 ] end=342016 piso=12243456
COUNTS id=[ 384, 19613 ] end=329728 piso=12056064
COUNTS id=[ 384, 19614 ] end=329728 piso=12940800
COUNTS id=[ 384, 19615 ] end=2566144 piso=23556096
COUNTS id=[ 384, 19616 ] end=2904064 piso=35361792
COUNTS id=[ 384, 19617 ] end=4059136 piso=29506560
COUNTS id=[ 384, 19618 ] end=673792 piso=14108160
COUNTS id=[ 384, 19619 ] end=1263616 piso=16178688
COUNTS id=[ 384, 19620 ] end=606208 piso=16997376
COUNTS id=[ 384, 19621 ] end=17305600 piso=128655360
COUNTS id=[ 384, 19622 ] end=1146880 piso=30210048
COUNTS id=[ 384, 19623 ] end=581632 piso=13099008
COUNTS id=[ 384, 19624 ] end=342016 piso=12188160
COUNTS id=[ 384, 19625 ] end=677888 piso=12773376
COUNTS id=[ 384, 19626 ] end=13021184 piso=30471168
COUNTS id=[ 384, 19627 ] end=13242368 piso=31036416
COUNTS id=[ 384, 19628 ] end=6569984 piso=11900928
COUNTS id=[ 384, 19629 ] end=12873728 piso=22184448
COUNTS id=[ 384, 19630 ] end=12892160 piso=21302784
COUNTS id=[ 384, 19631 ] end=641024 piso=12983808
COUNTS id=[ 384, 19632 ] end=499712 piso=9438720
COUNTS id=[ 384, 19633 ] end=9783296 piso=16158720
COUNTS id=[ 384, 19634 ] end=327680 piso=19436544
COUNTS id=[ 384, 19635 ] end=253952 piso=8951808
COUNTS id=[ 384, 19636 ] end=6735872 piso=12180480
COUNTS id=[ 384, 19637 ] end=3482624 piso=8088576
COUNTS id=[ 384, 19638 ] end=13619200 piso=42565632
COUNTS id=[ 384, 19639 ] end=6864896 piso=16293888
COUNTS id=[ 384, 19640 ] end=315392 piso=10543104
COUNTS id=[ 384, 19641 ] end=9777152 piso=15270912
COUNTS id=[ 384, 19642 ] end=25444352 piso=72763392
COUNTS id=[ 384, 19643 ] end=468992 piso=11008512
COUNTS id=[ 384, 19644 ] end=456704 piso=10824192
COUNTS id=[ 384, 19645 ] end=19109888 piso=36536832
COUNTS id=[ 384, 19646 ] end=4538368 piso=14392320
COUNTS id=[ 384, 19647 ] end=26220544 piso=74333184
COUNTS id=[ 384, 19648 ] end=1466368 piso=12742656
COUNTS id=[ 384, 19649 ] end=7555072 piso=15028224
COUNTS id=[ 384, 19650 ] end=13828096 piso=26110464
COUNTS id=[ 384, 19651 ] end=10792960 piso=22361088
COUNTS id=[ 384, 19652 ] end=4513792 piso=11249664
COUNTS id=[ 384, 19653 ] end=4501504 piso=10987008
COUNTS id=[ 384, 19654 ] end=1254400 piso=8487936
COUNTS id=[ 384, 19655 ] end=114995200 piso=401356800
COUNTS id=[ 384, 19656 ] end=117452800 piso=410864640
PROGRESS checked=200 hits=0 reversed=0 runtime_ms=1131943
COUNTS id=[ 384, 19657 ] end=7548928 piso=13246464
COUNTS id=[ 384, 19658 ] end=16869376 piso=32312832
COUNTS id=[ 384, 19659 ] end=23179264 piso=63206400
COUNTS id=[ 384, 19660 ] end=7542784 piso=12687360
COUNTS id=[ 384, 19661 ] end=2510848 piso=16081920
COUNTS id=[ 384, 19662 ] end=5466112 piso=13547520
COUNTS id=[ 384, 19663 ] end=21274624 piso=62613504
COUNTS id=[ 384, 19664 ] end=2252800 piso=10658304
COUNTS id=[ 384, 19665 ] end=213299200 piso=1278904320
COUNTS id=[ 384, 19666 ] end=115388416 piso=397790208
COUNTS id=[ 384, 19667 ] end=8519680 piso=15025152
COUNTS id=[ 384, 19668 ] end=14792704 piso=28896768
COUNTS id=[ 384, 19669 ] end=6766592 piso=15270912
COUNTS id=[ 384, 19670 ] end=315392 piso=10988544
COUNTS id=[ 384, 19671 ] end=9777152 piso=19315200
COUNTS id=[ 384, 19672 ] end=3485696 piso=11155968
COUNTS id=[ 384, 19673 ] end=16056320 piso=30438912
COUNTS id=[ 384, 19674 ] end=450560 piso=10610688
COUNTS id=[ 384, 19675 ] end=708608 piso=18963456
COUNTS id=[ 384, 19676 ] end=450560 piso=10616832
COUNTS id=[ 384, 19677 ] end=6539264 piso=14544384
COUNTS id=[ 384, 19678 ] end=6729728 piso=12008448
COUNTS id=[ 384, 19679 ] end=241664 piso=8749056
COUNTS id=[ 384, 19680 ] end=3482624 piso=8039424
COUNTS id=[ 384, 19681 ] end=3482624 piso=8048640
COUNTS id=[ 384, 19682 ] end=462848 piso=9398784
COUNTS id=[ 384, 19683 ] end=13209600 piso=36390912
COUNTS id=[ 384, 19684 ] end=9771008 piso=14959104
COUNTS id=[ 384, 19685 ] end=19097600 piso=37486080
COUNTS id=[ 384, 19686 ] end=6526976 piso=12357120
COUNTS id=[ 384, 19687 ] end=12824576 piso=18997248
COUNTS id=[ 384, 19688 ] end=266240 piso=10371072
COUNTS id=[ 384, 19689 ] end=19109888 piso=36699648
COUNTS id=[ 384, 19690 ] end=456704 piso=10796544
COUNTS id=[ 384, 19691 ] end=6918144 piso=17015808
COUNTS id=[ 384, 19692 ] end=442368 piso=10263552
COUNTS id=[ 384, 19693 ] end=3446784 piso=16149504
COUNTS id=[ 384, 19694 ] end=3624960 piso=11506176
COUNTS id=[ 384, 19695 ] end=442368 piso=17989632
COUNTS id=[ 384, 19696 ] end=6881280 piso=13694976
COUNTS id=[ 384, 19697 ] end=184320 piso=12702720
COUNTS id=[ 384, 19698 ] end=387072 piso=8372736
COUNTS id=[ 384, 19699 ] end=6678528 piso=14713344
COUNTS id=[ 384, 19700 ] end=380928 piso=8209920
COUNTS id=[ 384, 19701 ] end=3621888 piso=8426496
COUNTS id=[ 384, 19702 ] end=6684672 piso=11343360
COUNTS id=[ 384, 19703 ] end=6860800 piso=23734272
COUNTS id=[ 384, 19704 ] end=9916416 piso=16797696
COUNTS id=[ 384, 19705 ] end=6666240 piso=12885504
COUNTS id=[ 384, 19706 ] end=405504 piso=12518400
COUNTS id=[ 384, 19707 ] end=12976128 piso=20917248
COUNTS id=[ 384, 19708 ] end=387072 piso=14197248
COUNTS id=[ 384, 19709 ] end=393216 piso=9753600
COUNTS id=[ 384, 19710 ] end=595968 piso=11395584
COUNTS id=[ 384, 19711 ] end=9910272 piso=16154112
COUNTS id=[ 384, 19712 ] end=190464 piso=13521408
DONE checked=256 abelian=0 hits=0 reversed=0 skipped_abelian=0 closest=[ 384, 19552 ] min_ratio=4614/3131 runtime_ms=1419592
