{"command": ["/project/gap-4.16.1/gap", "-l", "/project/gap-4.16.1", "-q", "-b", "-T", "-m", "128m", "-o", "4g", "-c", "START_ORDER:=384;;END_ORDER:=384;;START_ID:=12801;;END_ID:=13056;;SKIP_ABELIAN:=true;;LOG_ALL:=true;;", "/project/scripts/search_19_20.g"], "source_hashes": {"scripts/search_19_20.g": "7b6a34e9163b58b0248b3c464ae8070783414cd7d14048136dd0e3547b906318", "scripts/lib_19_20.g": "fbcf2d3c4b0648cc1fa87d6e50fc923133d594c029b8430a365caf596ac7ccd5"}}
PARAMETERS start=384 end=384 start_id=12801 end_id=13056 skip_abelian=true log_all=true
ORDER_START order=384 groups=20169
COUNTS id=[ 384, 12801 ] end=905216 piso=20837376
CLOSEST id=[ 384, 12801 ] end=905216 piso=20837376 ratio=1197/52
COUNTS id=[ 384, 12802 ] end=944128 piso=20433408
CLOSEST id=[ 384, 12802 ] end=944128 piso=20433408 ratio=39909/1844
COUNTS id=[ 384, 12803 ] end=937984 piso=20359680
COUNTS id=[ 384, 12804 ] end=882688 piso=20321280
COUNTS id=[ 384, 12805 ] end=1831936 piso=32441472
CLOSEST id=[ 384, 12805 ] end=1831936 piso=32441472 ratio=253449/14312
COUNTS id=[ 384, 12806 ] end=93184 piso=21833856
COUNTS id=[ 384, 12807 ] end=1884160 piso=34470528
COUNTS id=[ 384, 12808 ] end=145408 piso=19021440
COUNTS id=[ 384, 12809 ] end=240640 piso=2892288
CLOSEST id=[ 384, 12809 ] end=240640 piso=2892288 ratio=5649/470
COUNTS id=[ 384, 12810 ] end=277504 piso=2712576
CLOSEST id=[ 384, 12810 ] end=277504 piso=2712576 ratio=2649/271
COUNTS id=[ 384, 12811 ] end=240640 piso=2876928
COUNTS id=[ 384, 12812 ] end=277504 piso=2697216
CLOSEST id=[ 384, 12812 ] end=277504 piso=2697216 ratio=2634/271
COUNTS id=[ 384, 12813 ] end=59392 piso=1633920
COUNTS id=[ 384, 12814 ] end=59392 piso=1633920
COUNTS id=[ 384, 12815 ] end=99328 piso=2037888
COUNTS id=[ 384, 12816 ] end=99328 piso=2037888
COUNTS id=[ 384, 12817 ] end=496384 piso=5327328
COUNTS id=[ 384, 12818 ] end=52480 piso=5126880
COUNTS id=[ 384, 12819 ] end=972544 piso=11560032
COUNTS id=[ 384, 12820 ] end=537856 piso=4700256
CLOSEST id=[ 384, 12820 ] end=537856 piso=4700256 ratio=13353/1528
COUNTS id=[ 384, 12821 ] end=97024 piso=3372384
COUNTS id=[ 384, 12822 ] end=461056 piso=3300192
CLOSEST id=[ 384, 12822 ] end=461056 piso=3300192 ratio=103131/14408
COUNTS id=[ 384, 12823 ] end=41728 piso=1357920
COUNTS id=[ 384, 12824 ] end=52480 piso=1155936
COUNTS id=[ 384, 12825 ] end=89344 piso=1471584
COUNTS id=[ 384, 12826 ] end=461056 piso=3279072
CLOSEST id=[ 384, 12826 ] end=461056 piso=3279072 ratio=102471/14408
COUNTS id=[ 384, 12827 ] end=41728 piso=1499616
COUNTS id=[ 384, 12828 ] end=461056 piso=3441888
COUNTS id=[ 384, 12829 ] end=49408 piso=1159392
COUNTS id=[ 384, 12830 ] end=49408 piso=1207776
COUNTS id=[ 384, 12831 ] end=41728 piso=1640928
COUNTS id=[ 384, 12832 ] end=86272 piso=1421280
COUNTS id=[ 384, 12833 ] end=86272 piso=1438944
COUNTS id=[ 384, 12834 ] end=461056 piso=3322464
COUNTS id=[ 384, 12835 ] end=41728 piso=1355616
COUNTS id=[ 384, 12836 ] end=52480 piso=1456992
COUNTS id=[ 384, 12837 ] end=89344 piso=1603680
COUNTS id=[ 384, 12838 ] end=486400 piso=3945600
COUNTS id=[ 384, 12839 ] end=514048 piso=4434048
COUNTS id=[ 384, 12840 ] end=531712 piso=4391136
COUNTS id=[ 384, 12841 ] end=525568 piso=4550112
COUNTS id=[ 384, 12842 ] end=579328 piso=5696736
COUNTS id=[ 384, 12843 ] end=87808 piso=2127840
COUNTS id=[ 384, 12844 ] end=525568 piso=4697952
COUNTS id=[ 384, 12845 ] end=109312 piso=2349408
COUNTS id=[ 384, 12846 ] end=156928 piso=2718816
COUNTS id=[ 384, 12847 ] end=25600 piso=1884288
COUNTS id=[ 384, 12848 ] end=87808 piso=2100192
COUNTS id=[ 384, 12849 ] end=141568 piso=2594016
COUNTS id=[ 384, 12850 ] end=61696 piso=3449952
COUNTS id=[ 384, 12851 ] end=115456 piso=3393888
COUNTS id=[ 384, 12852 ] end=2615808 piso=57931776
COUNTS id=[ 384, 12853 ] end=319744 piso=11619840
COUNTS id=[ 384, 12854 ] end=1861120 piso=31893504
COUNTS id=[ 384, 12855 ] end=820480 piso=14710272
COUNTS id=[ 384, 12856 ] end=224640 piso=2332032
COUNTS id=[ 384, 12857 ] end=127872 piso=2200320
COUNTS id=[ 384, 12858 ] end=342912 piso=4203264
COUNTS id=[ 384, 12859 ] end=619008 piso=19964928
COUNTS id=[ 384, 12860 ] end=411904 piso=12135936
COUNTS id=[ 384, 12861 ] end=140800 piso=17611776
COUNTS id=[ 384, 12862 ] end=912640 piso=16215552
COUNTS id=[ 384, 12863 ] end=304512 piso=3083136
COUNTS id=[ 384, 12864 ] end=92544 piso=2087808
COUNTS id=[ 384, 12865 ] end=190848 piso=1940736
COUNTS id=[ 384, 12866 ] end=1817088 piso=31008768
COUNTS id=[ 384, 12867 ] end=353536 piso=11788800
COUNTS id=[ 384, 12868 ] end=1894912 piso=33017856
COUNTS id=[ 384, 12869 ] end=298240 piso=11235840
COUNTS id=[ 384, 12870 ] end=254848 piso=2779008
COUNTS id=[ 384, 12871 ] end=42880 piso=2244480
COUNTS id=[ 384, 12872 ] end=141184 piso=1879296
COUNTS id=[ 384, 12873 ] end=139776 piso=20904960
COUNTS id=[ 384, 12874 ] end=433408 piso=12728832
COUNTS id=[ 384, 12875 ] end=162304 piso=17550336
COUNTS id=[ 384, 12876 ] end=378112 piso=11530752
COUNTS id=[ 384, 12877 ] end=111488 piso=2009472
COUNTS id=[ 384, 12878 ] end=226688 piso=2630400
COUNTS id=[ 384, 12879 ] end=17792 piso=3042048
COUNTS id=[ 384, 12880 ] end=419584 piso=13796352
COUNTS id=[ 384, 12881 ] end=794368 piso=17407488
COUNTS id=[ 384, 12882 ] end=5744128 piso=434806272
COUNTS id=[ 384, 12883 ] end=2022400 piso=37383168
COUNTS id=[ 384, 12884 ] end=594688 piso=14404608
COUNTS id=[ 384, 12885 ] end=312064 piso=12507648
COUNTS id=[ 384, 12886 ] end=1830400 piso=33827328
COUNTS id=[ 384, 12887 ] end=2197504 piso=42986496
COUNTS id=[ 384, 12888 ] end=529408 piso=6973440
COUNTS id=[ 384, 12889 ] end=104448 piso=2170368
COUNTS id=[ 384, 12890 ] end=513024 piso=6973440
COUNTS id=[ 384, 12891 ] end=104448 piso=2170368
COUNTS id=[ 384, 12892 ] end=70656 piso=1589376
COUNTS id=[ 384, 12893 ] end=476160 piso=4129920
COUNTS id=[ 384, 12894 ] end=123136 piso=3741024
COUNTS id=[ 384, 12895 ] end=45312 piso=1503840
COUNTS id=[ 384, 12896 ] end=100608 piso=1964640
COUNTS id=[ 384, 12897 ] end=94464 piso=1923168
COUNTS id=[ 384, 12898 ] end=36096 piso=1422432
COUNTS id=[ 384, 12899 ] end=45312 piso=3264864
COUNTS id=[ 384, 12900 ] end=273664 piso=4746336
PROGRESS checked=100 hits=0 reversed=0 runtime_ms=332485
COUNTS id=[ 384, 12901 ] end=45312 piso=1523040
COUNTS id=[ 384, 12902 ] end=103680 piso=1762656
COUNTS id=[ 384, 12903 ] end=137472 piso=2347104
COUNTS id=[ 384, 12904 ] end=131328 piso=2256480
COUNTS id=[ 384, 12905 ] end=72960 piso=1623648
COUNTS id=[ 384, 12906 ] end=1903616 piso=31865856
COUNTS id=[ 384, 12907 ] end=137216 piso=2588160
COUNTS id=[ 384, 12908 ] end=564224 piso=7206912
COUNTS id=[ 384, 12909 ] end=1224704 piso=16335360
COUNTS id=[ 384, 12910 ] end=978944 piso=11627136
COUNTS id=[ 384, 12911 ] end=539648 piso=4472448
COUNTS id=[ 384, 12912 ] end=1097728 piso=18177024
COUNTS id=[ 384, 12913 ] end=67584 piso=1589760
COUNTS id=[ 384, 12914 ] end=110592 piso=2626560
COUNTS id=[ 384, 12915 ] end=1007616 piso=15598080
COUNTS id=[ 384, 12916 ] end=525312 piso=4914816
COUNTS id=[ 384, 12917 ] end=485376 piso=3927168
COUNTS id=[ 384, 12918 ] end=139264 piso=2743296
COUNTS id=[ 384, 12919 ] end=67584 piso=1488384
COUNTS id=[ 384, 12920 ] end=67584 piso=1473024
COUNTS id=[ 384, 12921 ] end=122880 piso=2727936
COUNTS id=[ 384, 12922 ] end=58368 piso=1142400
COUNTS id=[ 384, 12923 ] end=104448 piso=1798272
COUNTS id=[ 384, 12924 ] end=549632 piso=5088480
COUNTS id=[ 384, 12925 ] end=1119488 piso=14268000
COUNTS id=[ 384, 12926 ] end=2258688 piso=44276832
COUNTS id=[ 384, 12927 ] end=151808 piso=3032928
COUNTS id=[ 384, 12928 ] end=955648 piso=12033888
COUNTS id=[ 384, 12929 ] end=100608 piso=1877088
COUNTS id=[ 384, 12930 ] end=91392 piso=1780704
COUNTS id=[ 384, 12931 ] end=926976 piso=11657184
COUNTS id=[ 384, 12932 ] end=936192 piso=11748960
COUNTS id=[ 384, 12933 ] end=109824 piso=2435424
COUNTS id=[ 384, 12934 ] end=1494272 piso=23744736
COUNTS id=[ 384, 12935 ] end=1078016 piso=12348768
COUNTS id=[ 384, 12936 ] end=95232 piso=2500608
COUNTS id=[ 384, 12937 ] end=120832 piso=2188800
COUNTS id=[ 384, 12938 ] end=87040 piso=2500608
COUNTS id=[ 384, 12939 ] end=120832 piso=2188800
COUNTS id=[ 384, 12940 ] end=87040 piso=1653888
COUNTS id=[ 384, 12941 ] end=50176 piso=1755264
COUNTS id=[ 384, 12942 ] end=70656 piso=1563648
COUNTS id=[ 384, 12943 ] end=62464 piso=1548288
COUNTS id=[ 384, 12944 ] end=50176 piso=1104000
COUNTS id=[ 384, 12945 ] end=109824 piso=2508384
COUNTS id=[ 384, 12946 ] end=37120 piso=1440096
COUNTS id=[ 384, 12947 ] end=92416 piso=1791840
COUNTS id=[ 384, 12948 ] end=86272 piso=1722720
COUNTS id=[ 384, 12949 ] end=27904 piso=1335648
COUNTS id=[ 384, 12950 ] end=37120 piso=2082912
COUNTS id=[ 384, 12951 ] end=104704 piso=1878624
COUNTS id=[ 384, 12952 ] end=116992 piso=1739616
COUNTS id=[ 384, 12953 ] end=55552 piso=1268064
COUNTS id=[ 384, 12954 ] end=131328 piso=2137440
COUNTS id=[ 384, 12955 ] end=156928 piso=2574432
COUNTS id=[ 384, 12956 ] end=37120 piso=1573728
COUNTS id=[ 384, 12957 ] end=1344512 piso=17243136
COUNTS id=[ 384, 12958 ] end=145408 piso=2508288
COUNTS id=[ 384, 12959 ] end=111616 piso=2856960
COUNTS id=[ 384, 12960 ] end=1245184 piso=16919040
COUNTS id=[ 384, 12961 ] end=526336 piso=4785792
COUNTS id=[ 384, 12962 ] end=560128 piso=4715136
COUNTS id=[ 384, 12963 ] end=1029120 piso=15412224
COUNTS id=[ 384, 12964 ] end=87040 piso=1583616
COUNTS id=[ 384, 12965 ] end=62464 piso=1668096
COUNTS id=[ 384, 12966 ] end=1027072 piso=16132608
COUNTS id=[ 384, 12967 ] end=477184 piso=3692160
COUNTS id=[ 384, 12968 ] end=504832 piso=4157568
COUNTS id=[ 384, 12969 ] end=118528 piso=3688800
COUNTS id=[ 384, 12970 ] end=219904 piso=4333152
COUNTS id=[ 384, 12971 ] end=926976 piso=11255904
COUNTS id=[ 384, 12972 ] end=86272 piso=1516896
COUNTS id=[ 384, 12973 ] end=912640 piso=11003616
COUNTS id=[ 384, 12974 ] end=77056 piso=1448160
COUNTS id=[ 384, 12975 ] end=921856 piso=11046240
COUNTS id=[ 384, 12976 ] end=86272 piso=1717344
COUNTS id=[ 384, 12977 ] end=87040 piso=1531392
COUNTS id=[ 384, 12978 ] end=87040 piso=1516032
COUNTS id=[ 384, 12979 ] end=77824 piso=1188480
COUNTS id=[ 384, 12980 ] end=1070848 piso=12915168
COUNTS id=[ 384, 12981 ] end=1152256 piso=14931552
COUNTS id=[ 384, 12982 ] end=1142016 piso=13764960
COUNTS id=[ 384, 12983 ] end=126208 piso=2726880
COUNTS id=[ 384, 12984 ] end=472064 piso=5744640
COUNTS id=[ 384, 12985 ] end=55296 piso=1531392
COUNTS id=[ 384, 12986 ] end=463872 piso=5744640
COUNTS id=[ 384, 12987 ] end=55296 piso=1531392
COUNTS id=[ 384, 12988 ] end=46080 piso=1245312
COUNTS id=[ 384, 12989 ] end=451584 piso=3429504
COUNTS id=[ 384, 12990 ] end=44288 piso=3429984
COUNTS id=[ 384, 12991 ] end=54528 piso=1189728
COUNTS id=[ 384, 12992 ] end=54528 piso=2889312
COUNTS id=[ 384, 12993 ] end=26880 piso=1539936
COUNTS id=[ 384, 12994 ] end=20736 piso=1500000
COUNTS id=[ 384, 12995 ] end=45312 piso=1108320
COUNTS id=[ 384, 12996 ] end=154880 piso=2284896
COUNTS id=[ 384, 12997 ] end=60672 piso=1433184
COUNTS id=[ 384, 12998 ] end=26880 piso=1758816
COUNTS id=[ 384, 12999 ] end=54528 piso=1380192
COUNTS id=[ 384, 13000 ] end=79104 piso=1208160
PROGRESS checked=200 hits=0 reversed=0 runtime_ms=570182
COUNTS id=[ 384, 13001 ] end=146688 piso=2023776
COUNTS id=[ 384, 13002 ] end=678912 piso=9464832
COUNTS id=[ 384, 13003 ] end=174080 piso=2637312
COUNTS id=[ 384, 13004 ] end=613376 piso=7956480
COUNTS id=[ 384, 13005 ] end=106496 piso=4084224
COUNTS id=[ 384, 13006 ] end=524288 piso=4822656
COUNTS id=[ 384, 13007 ] end=84992 piso=2159232
COUNTS id=[ 384, 13008 ] end=118784 piso=4058112
COUNTS id=[ 384, 13009 ] end=110592 piso=1761792
COUNTS id=[ 384, 13010 ] end=153600 piso=3130368
COUNTS id=[ 384, 13011 ] end=49152 piso=3273216
COUNTS id=[ 384, 13012 ] end=104448 piso=1882752
COUNTS id=[ 384, 13013 ] end=64512 piso=1749120
COUNTS id=[ 384, 13014 ] end=94208 piso=1514496
COUNTS id=[ 384, 13015 ] end=43008 piso=1125888
COUNTS id=[ 384, 13016 ] end=43008 piso=1110528
COUNTS id=[ 384, 13017 ] end=86016 piso=1499136
COUNTS id=[ 384, 13018 ] end=33792 piso=988800
COUNTS id=[ 384, 13019 ] end=73728 piso=1104000
COUNTS id=[ 384, 13020 ] end=509696 piso=5470176
COUNTS id=[ 384, 13021 ] end=545024 piso=4860384
COUNTS id=[ 384, 13022 ] end=1114880 piso=13936992
COUNTS id=[ 384, 13023 ] end=93440 piso=3645024
COUNTS id=[ 384, 13024 ] end=1158400 piso=14434656
COUNTS id=[ 384, 13025 ] end=141056 piso=2846304
COUNTS id=[ 384, 13026 ] end=75008 piso=3130464
COUNTS id=[ 384, 13027 ] end=103680 piso=1598304
COUNTS id=[ 384, 13028 ] end=94464 piso=1603296
COUNTS id=[ 384, 13029 ] end=51456 piso=2425056
COUNTS id=[ 384, 13030 ] end=60672 piso=2728800
COUNTS id=[ 384, 13031 ] end=112896 piso=2371680
COUNTS id=[ 384, 13032 ] end=54272 piso=2549760
COUNTS id=[ 384, 13033 ] end=71680 piso=1598976
COUNTS id=[ 384, 13034 ] end=37888 piso=2549760
COUNTS id=[ 384, 13035 ] end=71680 piso=1598976
COUNTS id=[ 384, 13036 ] end=62464 piso=1328256
COUNTS id=[ 384, 13037 ] end=25600 piso=1921152
COUNTS id=[ 384, 13038 ] end=41216 piso=2911584
COUNTS id=[ 384, 13039 ] end=46336 piso=1413216
COUNTS id=[ 384, 13040 ] end=46336 piso=2037600
COUNTS id=[ 384, 13041 ] end=18688 piso=2259552
COUNTS id=[ 384, 13042 ] end=12544 piso=2179680
COUNTS id=[ 384, 13043 ] end=37120 piso=1293408
COUNTS id=[ 384, 13044 ] end=96512 piso=3118176
COUNTS id=[ 384, 13045 ] end=40192 piso=1516128
COUNTS id=[ 384, 13046 ] end=80128 piso=1496928
COUNTS id=[ 384, 13047 ] end=67840 piso=1293408
COUNTS id=[ 384, 13048 ] end=107776 piso=1559904
COUNTS id=[ 384, 13049 ] end=46336 piso=1562208
COUNTS id=[ 384, 13050 ] end=332800 piso=7990272
COUNTS id=[ 384, 13051 ] end=206848 piso=3171840
COUNTS id=[ 384, 13052 ] end=160768 piso=2992128
COUNTS id=[ 384, 13053 ] end=126976 piso=4102656
COUNTS id=[ 384, 13054 ] end=71680 piso=3627648
COUNTS id=[ 384, 13055 ] end=105472 piso=2395776
COUNTS id=[ 384, 13056 ] end=91136 piso=4303872
DONE checked=256 abelian=0 hits=0 reversed=0 skipped_abelian=0 closest=[ 384, 12826 ] min_ratio=102471/14408 runtime_ms=694411
