{"command": ["/project/gap-4.16.1/gap", "-l", "/project/gap-4.16.1", "-q", "-b", "-T", "-m", "128m", "-o", "4g", "-c", "START_ORDER:=384;;END_ORDER:=384;;START_ID:=5889;;END_ID:=6144;;SKIP_ABELIAN:=true;;LOG_ALL:=true;;", "/project/scripts/search_19_20.g"], "source_hashes": {"scripts/search_19_20.g": "7b6a34e9163b58b0248b3c464ae8070783414cd7d14048136dd0e3547b906318", "scripts/lib_19_20.g": "fbcf2d3c4b0648cc1fa87d6e50fc923133d594c029b8430a365caf596ac7ccd5"}}
PARAMETERS start=384 end=384 start_id=5889 end_id=6144 skip_abelian=true log_all=true
ORDER_START order=384 groups=20169
COUNTS id=[ 384, 5889 ] end=5410816 piso=35954688
CLOSEST id=[ 384, 5889 ] end=5410816 piso=35954688 ratio=8778/1321
COUNTS id=[ 384, 5890 ] end=937984 piso=8716800
COUNTS id=[ 384, 5891 ] end=937984 piso=8601600
COUNTS id=[ 384, 5892 ] end=471040 piso=5116416
COUNTS id=[ 384, 5893 ] end=471040 piso=5116416
COUNTS id=[ 384, 5894 ] end=152375296 piso=721920000
CLOSEST id=[ 384, 5894 ] end=152375296 piso=721920000 ratio=176250/37201
COUNTS id=[ 384, 5895 ] end=13631488 piso=80068608
COUNTS id=[ 384, 5896 ] end=19922944 piso=687710208
COUNTS id=[ 384, 5897 ] end=8912896 piso=71147520
COUNTS id=[ 384, 5898 ] end=3850240 piso=19582464
COUNTS id=[ 384, 5899 ] end=4194304 piso=40747008
COUNTS id=[ 384, 5900 ] end=4194304 piso=40280064
COUNTS id=[ 384, 5901 ] end=1638400 piso=36225024
COUNTS id=[ 384, 5902 ] end=1638400 piso=35831808
COUNTS id=[ 384, 5903 ] end=1638400 piso=35831808
COUNTS id=[ 384, 5904 ] end=1638400 piso=35831808
COUNTS id=[ 384, 5905 ] end=4784128 piso=337551360
COUNTS id=[ 384, 5906 ] end=4784128 piso=337944576
COUNTS id=[ 384, 5907 ] end=3407872 piso=51879936
COUNTS id=[ 384, 5908 ] end=5373952 piso=163037184
COUNTS id=[ 384, 5909 ] end=1392640 piso=14913024
COUNTS id=[ 384, 5910 ] end=557056 piso=6544896
COUNTS id=[ 384, 5911 ] end=483328 piso=6782976
COUNTS id=[ 384, 5912 ] end=827392 piso=9014784
COUNTS id=[ 384, 5913 ] end=839680 piso=9272832
COUNTS id=[ 384, 5914 ] end=1343488 piso=15244800
COUNTS id=[ 384, 5915 ] end=507904 piso=7048704
COUNTS id=[ 384, 5916 ] end=10289152 piso=1291376640
COUNTS id=[ 384, 5917 ] end=7143424 piso=171743232
COUNTS id=[ 384, 5918 ] end=4587520 piso=335321088
COUNTS id=[ 384, 5919 ] end=851968 piso=48273408
COUNTS id=[ 384, 5920 ] end=1245184 piso=51812352
COUNTS id=[ 384, 5921 ] end=851968 piso=34019328
COUNTS id=[ 384, 5922 ] end=851968 piso=33626112
COUNTS id=[ 384, 5923 ] end=1245184 piso=34019328
COUNTS id=[ 384, 5924 ] end=5373952 piso=43997184
COUNTS id=[ 384, 5925 ] end=692224 piso=12604416
COUNTS id=[ 384, 5926 ] end=249856 piso=6769152
COUNTS id=[ 384, 5927 ] end=434176 piso=8964096
COUNTS id=[ 384, 5928 ] end=335872 piso=7104000
COUNTS id=[ 384, 5929 ] end=102400 piso=5861376
COUNTS id=[ 384, 5930 ] end=397312 piso=7249920
COUNTS id=[ 384, 5931 ] end=102400 piso=5907456
COUNTS id=[ 384, 5932 ] end=311296 piso=6506496
COUNTS id=[ 384, 5933 ] end=532480 piso=8644608
COUNTS id=[ 384, 5934 ] end=471040 piso=9136128
COUNTS id=[ 384, 5935 ] end=139264 piso=6094848
COUNTS id=[ 384, 5936 ] end=212992 piso=6696960
COUNTS id=[ 384, 5937 ] end=851968 piso=10561536
COUNTS id=[ 384, 5938 ] end=54525952 piso=3058679808
COUNTS id=[ 384, 5939 ] end=10485760 piso=676700160
COUNTS id=[ 384, 5940 ] end=10485760 piso=674611200
COUNTS id=[ 384, 5941 ] end=8912896 piso=674734080
COUNTS id=[ 384, 5942 ] end=14811136 piso=1606656000
COUNTS id=[ 384, 5943 ] end=827392 piso=8449536
COUNTS id=[ 384, 5944 ] end=2228224 piso=31733760
COUNTS id=[ 384, 5945 ] end=1490944 piso=16780800
COUNTS id=[ 384, 5946 ] end=27787264 piso=3235829760
COUNTS id=[ 384, 5947 ] end=6553600 piso=465475584
COUNTS id=[ 384, 5948 ] end=5177344 piso=347461632
COUNTS id=[ 384, 5949 ] end=4194304 piso=334534656
COUNTS id=[ 384, 5950 ] end=6946816 piso=353949696
COUNTS id=[ 384, 5951 ] end=360448 piso=8526336
COUNTS id=[ 384, 5952 ] end=1601536 piso=30664704
COUNTS id=[ 384, 5953 ] end=593920 piso=11728896
COUNTS id=[ 384, 5954 ] end=1282048 piso=20692992
COUNTS id=[ 384, 5955 ] end=753664 piso=11003904
COUNTS id=[ 384, 5956 ] end=385024 piso=6905856
COUNTS id=[ 384, 5957 ] end=3407872 piso=41576448
COUNTS id=[ 384, 5958 ] end=4980736 piso=26222592
COUNTS id=[ 384, 5959 ] end=2080768 piso=15760896
COUNTS id=[ 384, 5960 ] end=475136 piso=7478784
COUNTS id=[ 384, 5961 ] end=770048 piso=7452672
COUNTS id=[ 384, 5962 ] end=278528 piso=5389824
COUNTS id=[ 384, 5963 ] end=1212416 piso=10727424
COUNTS id=[ 384, 5964 ] end=425984 piso=8970240
COUNTS id=[ 384, 5965 ] end=2588672 piso=33128448
COUNTS id=[ 384, 5966 ] end=278528 piso=6383616
COUNTS id=[ 384, 5967 ] end=524288 piso=7139328
COUNTS id=[ 384, 5968 ] end=671744 piso=6150144
COUNTS id=[ 384, 5969 ] end=229376 piso=5918208
COUNTS id=[ 384, 5970 ] end=229376 piso=5750784
COUNTS id=[ 384, 5971 ] end=1015808 piso=10291200
COUNTS id=[ 384, 5972 ] end=561152 piso=5723136
COUNTS id=[ 384, 5973 ] end=790528 piso=9738240
COUNTS id=[ 384, 5974 ] end=151552 piso=5431296
COUNTS id=[ 384, 5975 ] end=40960 piso=4088832
COUNTS id=[ 384, 5976 ] end=249856 piso=3995136
COUNTS id=[ 384, 5977 ] end=249856 piso=4248576
COUNTS id=[ 384, 5978 ] end=40960 piso=4079616
COUNTS id=[ 384, 5979 ] end=286720 piso=5271552
COUNTS id=[ 384, 5980 ] end=323584 piso=5867520
COUNTS id=[ 384, 5981 ] end=77824 piso=4780032
COUNTS id=[ 384, 5982 ] end=176128 piso=4621824
COUNTS id=[ 384, 5983 ] end=593920 piso=8755200
COUNTS id=[ 384, 5984 ] end=225280 piso=5448192
COUNTS id=[ 384, 5985 ] end=151552 piso=5677056
COUNTS id=[ 384, 5986 ] end=1085440 piso=10721280
COUNTS id=[ 384, 5987 ] end=13631488 piso=78299136
COUNTS id=[ 384, 5988 ] end=5226496 piso=30457344
PROGRESS checked=100 hits=0 reversed=0 runtime_ms=347792
COUNTS id=[ 384, 5989 ] end=1114112 piso=14893056
COUNTS id=[ 384, 5990 ] end=1581056 piso=19533312
COUNTS id=[ 384, 5991 ] end=1064960 piso=9358848
COUNTS id=[ 384, 5992 ] end=1040384 piso=10186752
COUNTS id=[ 384, 5993 ] end=1384448 piso=15601152
COUNTS id=[ 384, 5994 ] end=3051520 piso=38688768
COUNTS id=[ 384, 5995 ] end=643072 piso=10106880
COUNTS id=[ 384, 5996 ] end=323584 piso=5400576
COUNTS id=[ 384, 5997 ] end=458752 piso=6804480
COUNTS id=[ 384, 5998 ] end=249856 piso=5079552
COUNTS id=[ 384, 5999 ] end=249856 piso=4675584
COUNTS id=[ 384, 6000 ] end=458752 piso=6804480
COUNTS id=[ 384, 6001 ] end=925696 piso=13965312
COUNTS id=[ 384, 6002 ] end=925696 piso=12969984
COUNTS id=[ 384, 6003 ] end=286720 piso=5935104
COUNTS id=[ 384, 6004 ] end=937984 piso=12392448
COUNTS id=[ 384, 6005 ] end=1871872 piso=25909248
COUNTS id=[ 384, 6006 ] end=643072 piso=7352832
COUNTS id=[ 384, 6007 ] end=8998912 piso=100571136
COUNTS id=[ 384, 6008 ] end=2412544 piso=27236352
COUNTS id=[ 384, 6009 ] end=4194304 piso=27340800
COUNTS id=[ 384, 6010 ] end=6848512 piso=43470336
COUNTS id=[ 384, 6011 ] end=2719744 piso=16797696
COUNTS id=[ 384, 6012 ] end=4341760 piso=25615872
COUNTS id=[ 384, 6013 ] end=786432 piso=15618048
COUNTS id=[ 384, 6014 ] end=1204224 piso=17948160
COUNTS id=[ 384, 6015 ] end=884736 piso=9592320
COUNTS id=[ 384, 6016 ] end=393216 piso=6875136
COUNTS id=[ 384, 6017 ] end=1179648 piso=17868288
COUNTS id=[ 384, 6018 ] end=933888 piso=15462912
COUNTS id=[ 384, 6019 ] end=835584 piso=9437184
COUNTS id=[ 384, 6020 ] end=368640 piso=6687744
COUNTS id=[ 384, 6021 ] end=786432 piso=11612160
COUNTS id=[ 384, 6022 ] end=1105920 piso=14968320
COUNTS id=[ 384, 6023 ] end=761856 piso=9813504
COUNTS id=[ 384, 6024 ] end=319488 piso=4800000
COUNTS id=[ 384, 6025 ] end=1105920 piso=11705856
COUNTS id=[ 384, 6026 ] end=282624 piso=4571136
COUNTS id=[ 384, 6027 ] end=675840 piso=6228480
COUNTS id=[ 384, 6028 ] end=688128 piso=6730752
COUNTS id=[ 384, 6029 ] end=3112960 piso=141404160
COUNTS id=[ 384, 6030 ] end=1933312 piso=22960128
COUNTS id=[ 384, 6031 ] end=688128 piso=9879552
COUNTS id=[ 384, 6032 ] end=933888 piso=13400064
COUNTS id=[ 384, 6033 ] end=737280 piso=12318720
COUNTS id=[ 384, 6034 ] end=688128 piso=11814912
COUNTS id=[ 384, 6035 ] end=442368 piso=5941248
COUNTS id=[ 384, 6036 ] end=442368 piso=5744640
COUNTS id=[ 384, 6037 ] end=1179648 piso=14980608
COUNTS id=[ 384, 6038 ] end=1032192 piso=13198848
COUNTS id=[ 384, 6039 ] end=737280 piso=7073280
COUNTS id=[ 384, 6040 ] end=1069056 piso=13478400
COUNTS id=[ 384, 6041 ] end=909312 piso=13054464
COUNTS id=[ 384, 6042 ] end=884736 piso=12652032
COUNTS id=[ 384, 6043 ] end=1892352 piso=23241216
COUNTS id=[ 384, 6044 ] end=319488 piso=6246912
COUNTS id=[ 384, 6045 ] end=1204224 piso=12648960
COUNTS id=[ 384, 6046 ] end=1179648 piso=12446208
COUNTS id=[ 384, 6047 ] end=1622016 piso=20614656
COUNTS id=[ 384, 6048 ] end=737280 piso=7756800
COUNTS id=[ 384, 6049 ] end=786432 piso=10132992
COUNTS id=[ 384, 6050 ] end=761856 piso=10037760
COUNTS id=[ 384, 6051 ] end=712704 piso=7827456
COUNTS id=[ 384, 6052 ] end=282624 piso=5056512
COUNTS id=[ 384, 6053 ] end=282624 piso=5065728
COUNTS id=[ 384, 6054 ] end=688128 piso=6830592
COUNTS id=[ 384, 6055 ] end=688128 piso=6778368
COUNTS id=[ 384, 6056 ] end=237568 piso=5850624
COUNTS id=[ 384, 6057 ] end=372736 piso=7335936
COUNTS id=[ 384, 6058 ] end=126976 piso=4583424
COUNTS id=[ 384, 6059 ] end=139264 piso=4925952
COUNTS id=[ 384, 6060 ] end=262144 piso=5835264
COUNTS id=[ 384, 6061 ] end=729088 piso=10380288
COUNTS id=[ 384, 6062 ] end=729088 piso=12672000
COUNTS id=[ 384, 6063 ] end=2154496 piso=37954560
COUNTS id=[ 384, 6064 ] end=385024 piso=8444928
COUNTS id=[ 384, 6065 ] end=1146880 piso=22703616
COUNTS id=[ 384, 6066 ] end=5128192 piso=155426304
COUNTS id=[ 384, 6067 ] end=1343488 piso=145006080
COUNTS id=[ 384, 6068 ] end=385024 piso=7120896
COUNTS id=[ 384, 6069 ] end=1024000 piso=17178624
COUNTS id=[ 384, 6070 ] end=139264 piso=6488064
COUNTS id=[ 384, 6071 ] end=286720 piso=13056000
COUNTS id=[ 384, 6072 ] end=335872 piso=5850624
COUNTS id=[ 384, 6073 ] end=335872 piso=6547968
COUNTS id=[ 384, 6074 ] end=348160 piso=6334464
COUNTS id=[ 384, 6075 ] end=593920 piso=9692160
COUNTS id=[ 384, 6076 ] end=593920 piso=9799680
COUNTS id=[ 384, 6077 ] end=249856 piso=12579840
COUNTS id=[ 384, 6078 ] end=335872 piso=6620160
COUNTS id=[ 384, 6079 ] end=446464 piso=11808768
COUNTS id=[ 384, 6080 ] end=335872 piso=10464768
COUNTS id=[ 384, 6081 ] end=139264 piso=5076480
COUNTS id=[ 384, 6082 ] end=630784 piso=9377280
COUNTS id=[ 384, 6083 ] end=901120 piso=12350976
COUNTS id=[ 384, 6084 ] end=507904 piso=9082368
COUNTS id=[ 384, 6085 ] end=102400 piso=9569280
COUNTS id=[ 384, 6086 ] end=139264 piso=4429824
COUNTS id=[ 384, 6087 ] end=139264 piso=4270080
COUNTS id=[ 384, 6088 ] end=262144 piso=5591040
PROGRESS checked=200 hits=0 reversed=0 runtime_ms=647561
COUNTS id=[ 384, 6089 ] end=139264 piso=4804608
COUNTS id=[ 384, 6090 ] end=212992 piso=5598720
COUNTS id=[ 384, 6091 ] end=753664 piso=9838080
COUNTS id=[ 384, 6092 ] end=1441792 piso=22507008
COUNTS id=[ 384, 6093 ] end=606208 piso=15736320
COUNTS id=[ 384, 6094 ] end=360448 piso=13143552
COUNTS id=[ 384, 6095 ] end=901120 piso=15932928
COUNTS id=[ 384, 6096 ] end=102400 piso=9489408
COUNTS id=[ 384, 6097 ] end=311296 piso=9907200
COUNTS id=[ 384, 6098 ] end=102400 piso=3916800
COUNTS id=[ 384, 6099 ] end=311296 piso=4804608
COUNTS id=[ 384, 6100 ] end=114688 piso=4156416
COUNTS id=[ 384, 6101 ] end=311296 piso=4850688
COUNTS id=[ 384, 6102 ] end=311296 piso=4866048
COUNTS id=[ 384, 6103 ] end=335872 piso=5749248
COUNTS id=[ 384, 6104 ] end=102400 piso=4377600
COUNTS id=[ 384, 6105 ] end=114688 piso=4517376
COUNTS id=[ 384, 6106 ] end=311296 piso=4887552
COUNTS id=[ 384, 6107 ] end=102400 piso=4391424
COUNTS id=[ 384, 6108 ] end=102400 piso=3962880
COUNTS id=[ 384, 6109 ] end=311296 piso=4875264
COUNTS id=[ 384, 6110 ] end=630784 piso=12281856
COUNTS id=[ 384, 6111 ] end=593920 piso=9054720
COUNTS id=[ 384, 6112 ] end=225280 piso=5414400
COUNTS id=[ 384, 6113 ] end=335872 piso=5744640
COUNTS id=[ 384, 6114 ] end=335872 piso=5632512
COUNTS id=[ 384, 6115 ] end=139264 piso=9609216
COUNTS id=[ 384, 6116 ] end=323584 piso=6755328
COUNTS id=[ 384, 6117 ] end=102400 piso=3919872
COUNTS id=[ 384, 6118 ] end=225280 piso=4357632
COUNTS id=[ 384, 6119 ] end=102400 piso=3922944
COUNTS id=[ 384, 6120 ] end=311296 piso=5939712
COUNTS id=[ 384, 6121 ] end=102400 piso=3901440
COUNTS id=[ 384, 6122 ] end=311296 piso=5862912
COUNTS id=[ 384, 6123 ] end=458752 piso=13647360
COUNTS id=[ 384, 6124 ] end=102400 piso=4362240
COUNTS id=[ 384, 6125 ] end=225280 piso=4314624
COUNTS id=[ 384, 6126 ] end=753664 piso=14827008
COUNTS id=[ 384, 6127 ] end=311296 piso=4783104
COUNTS id=[ 384, 6128 ] end=311296 piso=4783104
COUNTS id=[ 384, 6129 ] end=409600 piso=6082560
COUNTS id=[ 384, 6130 ] end=163840 piso=4810752
COUNTS id=[ 384, 6131 ] end=102400 piso=4131840
COUNTS id=[ 384, 6132 ] end=311296 piso=5251584
COUNTS id=[ 384, 6133 ] end=385024 piso=5935104
COUNTS id=[ 384, 6134 ] end=139264 piso=5044224
COUNTS id=[ 384, 6135 ] end=20447232 piso=710848512
COUNTS id=[ 384, 6136 ] end=7929856 piso=336433152
COUNTS id=[ 384, 6137 ] end=7733248 piso=612347904
COUNTS id=[ 384, 6138 ] end=1204224 piso=16055808
COUNTS id=[ 384, 6139 ] end=2326528 piso=31297536
COUNTS id=[ 384, 6140 ] end=8159232 piso=650368512
COUNTS id=[ 384, 6141 ] end=1818624 piso=23554560
COUNTS id=[ 384, 6142 ] end=1179648 piso=15779328
COUNTS id=[ 384, 6143 ] end=3932160 piso=311414784
COUNTS id=[ 384, 6144 ] end=1056768 piso=12959232
DONE checked=256 abelian=0 hits=0 reversed=0 skipped_abelian=0 closest=[ 384, 5894 ] min_ratio=176250/37201 runtime_ms=803182
