{"command": ["/project/gap-4.16.1/gap", "-l", "/project/gap-4.16.1", "-q", "-b", "-T", "-m", "128m", "-o", "4g", "-c", "START_ORDER:=384;;END_ORDER:=384;;START_ID:=10241;;END_ID:=10496;;SKIP_ABELIAN:=true;;LOG_ALL:=true;;", "/project/scripts/search_19_20.g"], "source_hashes": {"scripts/search_19_20.g": "7b6a34e9163b58b0248b3c464ae8070783414cd7d14048136dd0e3547b906318", "scripts/lib_19_20.g": "fbcf2d3c4b0648cc1fa87d6e50fc923133d594c029b8430a365caf596ac7ccd5"}}
PARAMETERS start=384 end=384 start_id=10241 end_id=10496 skip_abelian=true log_all=true
ORDER_START order=384 groups=20169
COUNTS id=[ 384, 10241 ] end=102400 piso=4051968
CLOSEST id=[ 384, 10241 ] end=102400 piso=4051968 ratio=3957/100
COUNTS id=[ 384, 10242 ] end=102400 piso=4055040
COUNTS id=[ 384, 10243 ] end=3833856 piso=337775616
COUNTS id=[ 384, 10244 ] end=3837952 piso=341041152
COUNTS id=[ 384, 10245 ] end=3825664 piso=334308864
COUNTS id=[ 384, 10246 ] end=360448 piso=14473728
COUNTS id=[ 384, 10247 ] end=360448 piso=14473728
COUNTS id=[ 384, 10248 ] end=692224 piso=17983488
CLOSEST id=[ 384, 10248 ] end=692224 piso=17983488 ratio=8781/338
COUNTS id=[ 384, 10249 ] end=692224 piso=18938880
COUNTS id=[ 384, 10250 ] end=593920 piso=17399808
COUNTS id=[ 384, 10251 ] end=593920 piso=17184768
COUNTS id=[ 384, 10252 ] end=3506176 piso=311313408
COUNTS id=[ 384, 10253 ] end=3555328 piso=320861184
COUNTS id=[ 384, 10254 ] end=335872 piso=10639872
COUNTS id=[ 384, 10255 ] end=397312 piso=10564608
COUNTS id=[ 384, 10256 ] end=311296 piso=10125312
COUNTS id=[ 384, 10257 ] end=311296 piso=10128384
COUNTS id=[ 384, 10258 ] end=1134592 piso=25752576
CLOSEST id=[ 384, 10258 ] end=1134592 piso=25752576 ratio=25149/1108
COUNTS id=[ 384, 10259 ] end=3506176 piso=311628288
COUNTS id=[ 384, 10260 ] end=4292608 piso=359858688
COUNTS id=[ 384, 10261 ] end=3764224 piso=331736064
COUNTS id=[ 384, 10262 ] end=421888 piso=12082176
COUNTS id=[ 384, 10263 ] end=655360 piso=14134272
CLOSEST id=[ 384, 10263 ] end=655360 piso=14134272 ratio=13803/640
COUNTS id=[ 384, 10264 ] end=335872 piso=10328064
COUNTS id=[ 384, 10265 ] end=4218880 piso=358316544
COUNTS id=[ 384, 10266 ] end=4206592 piso=356616192
COUNTS id=[ 384, 10267 ] end=3739648 piso=329195520
COUNTS id=[ 384, 10268 ] end=593920 piso=11524608
CLOSEST id=[ 384, 10268 ] end=593920 piso=11524608 ratio=22509/1160
COUNTS id=[ 384, 10269 ] end=876544 piso=21480960
COUNTS id=[ 384, 10270 ] end=876544 piso=21087744
COUNTS id=[ 384, 10271 ] end=593920 piso=10795008
CLOSEST id=[ 384, 10271 ] end=593920 piso=10795008 ratio=5271/290
COUNTS id=[ 384, 10272 ] end=3739648 piso=328622592
COUNTS id=[ 384, 10273 ] end=335872 piso=7286784
COUNTS id=[ 384, 10274 ] end=593920 piso=11215872
COUNTS id=[ 384, 10275 ] end=876544 piso=18149376
COUNTS id=[ 384, 10276 ] end=593920 piso=13776384
COUNTS id=[ 384, 10277 ] end=593920 piso=9434112
CLOSEST id=[ 384, 10277 ] end=593920 piso=9434112 ratio=9213/580
COUNTS id=[ 384, 10278 ] end=348160 piso=8472576
COUNTS id=[ 384, 10279 ] end=348160 piso=8451072
COUNTS id=[ 384, 10280 ] end=3457024 piso=307497984
COUNTS id=[ 384, 10281 ] end=3481600 piso=307534848
COUNTS id=[ 384, 10282 ] end=3530752 piso=308193792
COUNTS id=[ 384, 10283 ] end=311296 piso=5641728
COUNTS id=[ 384, 10284 ] end=311296 piso=5669376
COUNTS id=[ 384, 10285 ] end=311296 piso=5246976
COUNTS id=[ 384, 10286 ] end=311296 piso=5250048
COUNTS id=[ 384, 10287 ] end=311296 piso=5323776
COUNTS id=[ 384, 10288 ] end=311296 piso=7644672
COUNTS id=[ 384, 10289 ] end=520192 piso=10368000
COUNTS id=[ 384, 10290 ] end=520192 piso=10368000
COUNTS id=[ 384, 10291 ] end=311296 piso=7491072
COUNTS id=[ 384, 10292 ] end=311296 piso=5571072
COUNTS id=[ 384, 10293 ] end=311296 piso=5568000
COUNTS id=[ 384, 10294 ] end=532480 piso=8735232
COUNTS id=[ 384, 10295 ] end=311296 piso=5271552
COUNTS id=[ 384, 10296 ] end=311296 piso=5265408
COUNTS id=[ 384, 10297 ] end=311296 piso=5228544
COUNTS id=[ 384, 10298 ] end=311296 piso=5268480
COUNTS id=[ 384, 10299 ] end=520192 piso=8676864
COUNTS id=[ 384, 10300 ] end=520192 piso=8630784
COUNTS id=[ 384, 10301 ] end=520192 piso=8627712
COUNTS id=[ 384, 10302 ] end=4120576 piso=356430336
COUNTS id=[ 384, 10303 ] end=348160 piso=7008768
COUNTS id=[ 384, 10304 ] end=372736 piso=6560256
COUNTS id=[ 384, 10305 ] end=1294336 piso=33555456
COUNTS id=[ 384, 10306 ] end=532480 piso=9354240
COUNTS id=[ 384, 10307 ] end=753664 piso=16750080
COUNTS id=[ 384, 10308 ] end=532480 piso=8882688
COUNTS id=[ 384, 10309 ] end=311296 piso=6156288
COUNTS id=[ 384, 10310 ] end=311296 piso=5572608
COUNTS id=[ 384, 10311 ] end=311296 piso=5578752
COUNTS id=[ 384, 10312 ] end=311296 piso=5036544
COUNTS id=[ 384, 10313 ] end=851968 piso=18276864
COUNTS id=[ 384, 10314 ] end=520192 piso=9705984
COUNTS id=[ 384, 10315 ] end=335872 piso=6683136
COUNTS id=[ 384, 10316 ] end=446464 piso=9206784
COUNTS id=[ 384, 10317 ] end=77824 piso=5569536
COUNTS id=[ 384, 10318 ] end=643072 piso=18066432
COUNTS id=[ 384, 10319 ] end=335872 piso=6216192
COUNTS id=[ 384, 10320 ] end=409600 piso=8540160
COUNTS id=[ 384, 10321 ] end=704512 piso=14982144
COUNTS id=[ 384, 10322 ] end=311296 piso=11891712
COUNTS id=[ 384, 10323 ] end=200704 piso=6666240
COUNTS id=[ 384, 10324 ] end=495616 piso=9269760
COUNTS id=[ 384, 10325 ] end=126976 piso=5478912
COUNTS id=[ 384, 10326 ] end=483328 piso=7942656
COUNTS id=[ 384, 10327 ] end=114688 piso=5485056
COUNTS id=[ 384, 10328 ] end=114688 piso=5540352
COUNTS id=[ 384, 10329 ] end=1171456 piso=26608128
COUNTS id=[ 384, 10330 ] end=483328 piso=8950272
COUNTS id=[ 384, 10331 ] end=483328 piso=8941056
COUNTS id=[ 384, 10332 ] end=299008 piso=11768832
COUNTS id=[ 384, 10333 ] end=299008 piso=11744256
COUNTS id=[ 384, 10334 ] end=299008 piso=11781120
COUNTS id=[ 384, 10335 ] end=249856 piso=5446656
COUNTS id=[ 384, 10336 ] end=741376 piso=13817856
COUNTS id=[ 384, 10337 ] end=249856 piso=5400576
COUNTS id=[ 384, 10338 ] end=249856 piso=5400576
COUNTS id=[ 384, 10339 ] end=483328 piso=7630848
CLOSEST id=[ 384, 10339 ] end=483328 piso=7630848 ratio=1863/118
COUNTS id=[ 384, 10340 ] end=618496 piso=17699328
PROGRESS checked=100 hits=0 reversed=0 runtime_ms=299739
COUNTS id=[ 384, 10341 ] end=507904 piso=13140480
COUNTS id=[ 384, 10342 ] end=151552 piso=6171648
COUNTS id=[ 384, 10343 ] end=53248 piso=5431296
COUNTS id=[ 384, 10344 ] end=53248 piso=5523456
COUNTS id=[ 384, 10345 ] end=53248 piso=4663296
COUNTS id=[ 384, 10346 ] end=249856 piso=4749312
COUNTS id=[ 384, 10347 ] end=249856 piso=4956672
COUNTS id=[ 384, 10348 ] end=249856 piso=5067264
COUNTS id=[ 384, 10349 ] end=114688 piso=4462080
COUNTS id=[ 384, 10350 ] end=114688 piso=4452864
COUNTS id=[ 384, 10351 ] end=249856 piso=4936704
COUNTS id=[ 384, 10352 ] end=249856 piso=5050368
COUNTS id=[ 384, 10353 ] end=40960 piso=4254720
COUNTS id=[ 384, 10354 ] end=40960 piso=4316160
COUNTS id=[ 384, 10355 ] end=249856 piso=4145664
COUNTS id=[ 384, 10356 ] end=40960 piso=4276224
COUNTS id=[ 384, 10357 ] end=249856 piso=4250112
COUNTS id=[ 384, 10358 ] end=458752 piso=7056384
CLOSEST id=[ 384, 10358 ] end=458752 piso=7056384 ratio=6891/448
COUNTS id=[ 384, 10359 ] end=249856 piso=4660224
COUNTS id=[ 384, 10360 ] end=569344 piso=10429440
COUNTS id=[ 384, 10361 ] end=888832 piso=14197248
COUNTS id=[ 384, 10362 ] end=446464 piso=7274496
COUNTS id=[ 384, 10363 ] end=176128 piso=8610816
COUNTS id=[ 384, 10364 ] end=483328 piso=8931840
COUNTS id=[ 384, 10365 ] end=741376 piso=12516864
COUNTS id=[ 384, 10366 ] end=323584 piso=5942784
COUNTS id=[ 384, 10367 ] end=483328 piso=7663104
COUNTS id=[ 384, 10368 ] end=151552 piso=5663232
COUNTS id=[ 384, 10369 ] end=53248 piso=4528128
COUNTS id=[ 384, 10370 ] end=323584 piso=5131776
COUNTS id=[ 384, 10371 ] end=249856 piso=4746240
COUNTS id=[ 384, 10372 ] end=446464 piso=8623104
COUNTS id=[ 384, 10373 ] end=249856 piso=7021056
COUNTS id=[ 384, 10374 ] end=40960 piso=4359168
COUNTS id=[ 384, 10375 ] end=40960 piso=4445184
COUNTS id=[ 384, 10376 ] end=40960 piso=4405248
COUNTS id=[ 384, 10377 ] end=372736 piso=6128640
COUNTS id=[ 384, 10378 ] end=249856 piso=4976640
COUNTS id=[ 384, 10379 ] end=114688 piso=4428288
COUNTS id=[ 384, 10380 ] end=323584 piso=5125632
COUNTS id=[ 384, 10381 ] end=40960 piso=4356096
COUNTS id=[ 384, 10382 ] end=40960 piso=4365312
COUNTS id=[ 384, 10383 ] end=40960 piso=4359168
COUNTS id=[ 384, 10384 ] end=495616 piso=6898176
CLOSEST id=[ 384, 10384 ] end=495616 piso=6898176 ratio=13473/968
COUNTS id=[ 384, 10385 ] end=249856 piso=4262400
COUNTS id=[ 384, 10386 ] end=286720 piso=5872128
COUNTS id=[ 384, 10387 ] end=483328 piso=7563264
COUNTS id=[ 384, 10388 ] end=778240 piso=13949952
COUNTS id=[ 384, 10389 ] end=53248 piso=4604928
COUNTS id=[ 384, 10390 ] end=53248 piso=4543488
COUNTS id=[ 384, 10391 ] end=520192 piso=9810432
COUNTS id=[ 384, 10392 ] end=286720 piso=5772288
COUNTS id=[ 384, 10393 ] end=126976 piso=4858368
COUNTS id=[ 384, 10394 ] end=360448 piso=8236032
COUNTS id=[ 384, 10395 ] end=311296 piso=5706240
COUNTS id=[ 384, 10396 ] end=286720 piso=6908928
COUNTS id=[ 384, 10397 ] end=741376 piso=13593600
COUNTS id=[ 384, 10398 ] end=544768 piso=9392640
COUNTS id=[ 384, 10399 ] end=102400 piso=5153280
COUNTS id=[ 384, 10400 ] end=262144 piso=4970496
COUNTS id=[ 384, 10401 ] end=286720 piso=5065728
COUNTS id=[ 384, 10402 ] end=520192 piso=9274368
COUNTS id=[ 384, 10403 ] end=77824 piso=4789248
COUNTS id=[ 384, 10404 ] end=458752 piso=6225408
CLOSEST id=[ 384, 10404 ] end=458752 piso=6225408 ratio=1737/128
COUNTS id=[ 384, 10405 ] end=458752 piso=6216192
CLOSEST id=[ 384, 10405 ] end=458752 piso=6216192 ratio=12141/896
COUNTS id=[ 384, 10406 ] end=249856 piso=4626432
COUNTS id=[ 384, 10407 ] end=458752 piso=7291392
COUNTS id=[ 384, 10408 ] end=249856 piso=3807744
COUNTS id=[ 384, 10409 ] end=249856 piso=3820032
COUNTS id=[ 384, 10410 ] end=40960 piso=3947520
COUNTS id=[ 384, 10411 ] end=40960 piso=3969024
COUNTS id=[ 384, 10412 ] end=40960 piso=3993600
COUNTS id=[ 384, 10413 ] end=544768 piso=8481792
COUNTS id=[ 384, 10414 ] end=1060864 piso=22295040
COUNTS id=[ 384, 10415 ] end=262144 piso=4886016
COUNTS id=[ 384, 10416 ] end=286720 piso=5054976
COUNTS id=[ 384, 10417 ] end=114688 piso=4372992
COUNTS id=[ 384, 10418 ] end=114688 piso=4323840
COUNTS id=[ 384, 10419 ] end=114688 piso=4372992
COUNTS id=[ 384, 10420 ] end=114688 piso=4317696
COUNTS id=[ 384, 10421 ] end=262144 piso=5289984
COUNTS id=[ 384, 10422 ] end=262144 piso=5228544
COUNTS id=[ 384, 10423 ] end=741376 piso=13642752
COUNTS id=[ 384, 10424 ] end=483328 piso=7498752
COUNTS id=[ 384, 10425 ] end=483328 piso=8922624
COUNTS id=[ 384, 10426 ] end=483328 piso=8928768
COUNTS id=[ 384, 10427 ] end=483328 piso=7494144
COUNTS id=[ 384, 10428 ] end=323584 piso=6059520
COUNTS id=[ 384, 10429 ] end=741376 piso=13839360
COUNTS id=[ 384, 10430 ] end=483328 piso=7511040
COUNTS id=[ 384, 10431 ] end=188416 piso=6417408
COUNTS id=[ 384, 10432 ] end=188416 piso=6423552
COUNTS id=[ 384, 10433 ] end=249856 piso=6179328
COUNTS id=[ 384, 10434 ] end=40960 piso=5262336
COUNTS id=[ 384, 10435 ] end=40960 piso=5225472
COUNTS id=[ 384, 10436 ] end=40960 piso=5446656
COUNTS id=[ 384, 10437 ] end=323584 piso=6084096
COUNTS id=[ 384, 10438 ] end=249856 piso=5008896
COUNTS id=[ 384, 10439 ] end=249856 piso=5005824
COUNTS id=[ 384, 10440 ] end=262144 piso=5876736
PROGRESS checked=200 hits=0 reversed=0 runtime_ms=554760
COUNTS id=[ 384, 10441 ] end=262144 piso=5876736
COUNTS id=[ 384, 10442 ] end=249856 piso=4993536
COUNTS id=[ 384, 10443 ] end=53248 piso=6521856
COUNTS id=[ 384, 10444 ] end=53248 piso=6472704
COUNTS id=[ 384, 10445 ] end=53248 piso=6488064
COUNTS id=[ 384, 10446 ] end=520192 piso=9427968
COUNTS id=[ 384, 10447 ] end=397312 piso=7028736
COUNTS id=[ 384, 10448 ] end=544768 piso=10541568
COUNTS id=[ 384, 10449 ] end=249856 piso=4611072
COUNTS id=[ 384, 10450 ] end=249856 piso=4153344
COUNTS id=[ 384, 10451 ] end=114688 piso=4243968
COUNTS id=[ 384, 10452 ] end=114688 piso=4250112
COUNTS id=[ 384, 10453 ] end=114688 piso=4280832
COUNTS id=[ 384, 10454 ] end=667648 piso=11813376
COUNTS id=[ 384, 10455 ] end=458752 piso=6743040
COUNTS id=[ 384, 10456 ] end=40960 piso=4308480
COUNTS id=[ 384, 10457 ] end=262144 piso=5220864
COUNTS id=[ 384, 10458 ] end=40960 piso=3947520
COUNTS id=[ 384, 10459 ] end=40960 piso=3941376
COUNTS id=[ 384, 10460 ] end=40960 piso=3944448
COUNTS id=[ 384, 10461 ] end=40960 piso=4015104
COUNTS id=[ 384, 10462 ] end=40960 piso=4039680
COUNTS id=[ 384, 10463 ] end=249856 piso=5148672
COUNTS id=[ 384, 10464 ] end=249856 piso=5071872
COUNTS id=[ 384, 10465 ] end=249856 piso=5065728
COUNTS id=[ 384, 10466 ] end=249856 piso=5062656
COUNTS id=[ 384, 10467 ] end=53248 piso=4058112
COUNTS id=[ 384, 10468 ] end=77824 piso=4254720
COUNTS id=[ 384, 10469 ] end=249856 piso=4632576
COUNTS id=[ 384, 10470 ] end=249856 piso=4617216
COUNTS id=[ 384, 10471 ] end=249856 piso=3887616
COUNTS id=[ 384, 10472 ] end=249856 piso=3982848
COUNTS id=[ 384, 10473 ] end=114688 piso=4369920
COUNTS id=[ 384, 10474 ] end=40960 piso=3975168
COUNTS id=[ 384, 10475 ] end=40960 piso=3953664
COUNTS id=[ 384, 10476 ] end=249856 piso=4062720
COUNTS id=[ 384, 10477 ] end=458752 piso=6746112
COUNTS id=[ 384, 10478 ] end=249856 piso=3890688
COUNTS id=[ 384, 10479 ] end=77824 piso=4637184
COUNTS id=[ 384, 10480 ] end=249856 piso=5121024
COUNTS id=[ 384, 10481 ] end=249856 piso=5117952
COUNTS id=[ 384, 10482 ] end=249856 piso=5142528
COUNTS id=[ 384, 10483 ] end=40960 piso=4469760
COUNTS id=[ 384, 10484 ] end=40960 piso=4475904
COUNTS id=[ 384, 10485 ] end=40960 piso=4454400
COUNTS id=[ 384, 10486 ] end=40960 piso=4472832
COUNTS id=[ 384, 10487 ] end=40960 piso=4521984
COUNTS id=[ 384, 10488 ] end=225280 piso=5276160
COUNTS id=[ 384, 10489 ] end=200704 piso=5223936
COUNTS id=[ 384, 10490 ] end=249856 piso=3979776
COUNTS id=[ 384, 10491 ] end=77824 piso=4267008
COUNTS id=[ 384, 10492 ] end=200704 piso=5772288
COUNTS id=[ 384, 10493 ] end=40960 piso=4494336
COUNTS id=[ 384, 10494 ] end=40960 piso=4411392
COUNTS id=[ 384, 10495 ] end=40960 piso=4396032
COUNTS id=[ 384, 10496 ] end=40960 piso=4439040
DONE checked=256 abelian=0 hits=0 reversed=0 skipped_abelian=0 closest=[ 384, 10405 ] min_ratio=12141/896 runtime_ms=687306
