{"command": ["/project/gap-4.16.1/gap", "-l", "/project/gap-4.16.1", "-q", "-b", "-T", "-m", "128m", "-o", "4g", "-c", "START_ORDER:=384;;END_ORDER:=384;;START_ID:=5121;;END_ID:=5376;;SKIP_ABELIAN:=true;;LOG_ALL:=true;;", "/project/scripts/search_19_20.g"], "source_hashes": {"scripts/search_19_20.g": "7b6a34e9163b58b0248b3c464ae8070783414cd7d14048136dd0e3547b906318", "scripts/lib_19_20.g": "fbcf2d3c4b0648cc1fa87d6e50fc923133d594c029b8430a365caf596ac7ccd5"}}
PARAMETERS start=384 end=384 start_id=5121 end_id=5376 skip_abelian=true log_all=true
ORDER_START order=384 groups=20169
COUNTS id=[ 384, 5121 ] end=30720 piso=437760
CLOSEST id=[ 384, 5121 ] end=30720 piso=437760 ratio=57/4
COUNTS id=[ 384, 5122 ] end=61440 piso=909312
COUNTS id=[ 384, 5123 ] end=36864 piso=337920
CLOSEST id=[ 384, 5123 ] end=36864 piso=337920 ratio=55/6
COUNTS id=[ 384, 5124 ] end=15360 piso=87936
CLOSEST id=[ 384, 5124 ] end=15360 piso=87936 ratio=229/40
COUNTS id=[ 384, 5125 ] end=104448 piso=884736
COUNTS id=[ 384, 5126 ] end=104448 piso=466944
CLOSEST id=[ 384, 5126 ] end=104448 piso=466944 ratio=76/17
COUNTS id=[ 384, 5127 ] end=79872 piso=534528
COUNTS id=[ 384, 5128 ] end=30720 piso=159744
COUNTS id=[ 384, 5129 ] end=30720 piso=159744
COUNTS id=[ 384, 5130 ] end=61440 piso=927744
COUNTS id=[ 384, 5131 ] end=49152 piso=356352
COUNTS id=[ 384, 5132 ] end=15360 piso=102912
COUNTS id=[ 384, 5133 ] end=208896 piso=1130496
COUNTS id=[ 384, 5134 ] end=86016 piso=559104
COUNTS id=[ 384, 5135 ] end=399360 piso=1105920
CLOSEST id=[ 384, 5135 ] end=399360 piso=1105920 ratio=36/13
COUNTS id=[ 384, 5136 ] end=399360 piso=1105920
COUNTS id=[ 384, 5137 ] end=104448 piso=540672
COUNTS id=[ 384, 5138 ] end=153600 piso=608256
COUNTS id=[ 384, 5139 ] end=55296 piso=208896
COUNTS id=[ 384, 5140 ] end=30720 piso=208896
COUNTS id=[ 384, 5141 ] end=79872 piso=1122816
COUNTS id=[ 384, 5142 ] end=49152 piso=754176
COUNTS id=[ 384, 5143 ] end=122880 piso=2898432
COUNTS id=[ 384, 5144 ] end=122880 piso=2898432
COUNTS id=[ 384, 5145 ] end=55296 piso=963072
COUNTS id=[ 384, 5146 ] end=33792 piso=623616
COUNTS id=[ 384, 5147 ] end=67584 piso=1297920
COUNTS id=[ 384, 5148 ] end=36864 piso=542208
COUNTS id=[ 384, 5149 ] end=18432 piso=206208
COUNTS id=[ 384, 5150 ] end=61440 piso=576000
COUNTS id=[ 384, 5151 ] end=49152 piso=428544
COUNTS id=[ 384, 5152 ] end=21504 piso=201216
COUNTS id=[ 384, 5153 ] end=92160 piso=2053632
COUNTS id=[ 384, 5154 ] end=55296 piso=726528
COUNTS id=[ 384, 5155 ] end=92160 piso=2053632
COUNTS id=[ 384, 5156 ] end=55296 piso=726528
COUNTS id=[ 384, 5157 ] end=21504 piso=198144
COUNTS id=[ 384, 5158 ] end=95232 piso=2038272
COUNTS id=[ 384, 5159 ] end=21504 piso=181632
COUNTS id=[ 384, 5160 ] end=129024 piso=2251776
COUNTS id=[ 384, 5161 ] end=92160 piso=1883136
COUNTS id=[ 384, 5162 ] end=73728 piso=927744
COUNTS id=[ 384, 5163 ] end=86016 piso=3093504
COUNTS id=[ 384, 5164 ] end=61440 piso=1152000
COUNTS id=[ 384, 5165 ] end=147456 piso=4494336
COUNTS id=[ 384, 5166 ] end=122880 piso=2700288
COUNTS id=[ 384, 5167 ] end=32256 piso=313344
COUNTS id=[ 384, 5168 ] end=92160 piso=2196480
COUNTS id=[ 384, 5169 ] end=36864 piso=1188864
COUNTS id=[ 384, 5170 ] end=141312 piso=4377600
COUNTS id=[ 384, 5171 ] end=73728 piso=1453056
COUNTS id=[ 384, 5172 ] end=30720 piso=261504
COUNTS id=[ 384, 5173 ] end=39936 piso=582144
COUNTS id=[ 384, 5174 ] end=82944 piso=1294848
COUNTS id=[ 384, 5175 ] end=52224 piso=379392
COUNTS id=[ 384, 5176 ] end=95232 piso=1500672
COUNTS id=[ 384, 5177 ] end=27648 piso=1138176
COUNTS id=[ 384, 5178 ] end=162816 piso=5168640
COUNTS id=[ 384, 5179 ] end=70656 piso=1390080
COUNTS id=[ 384, 5180 ] end=239616 piso=108779520
COUNTS id=[ 384, 5181 ] end=110592 piso=2101248
COUNTS id=[ 384, 5182 ] end=58368 piso=705024
COUNTS id=[ 384, 5183 ] end=73728 piso=1426944
COUNTS id=[ 384, 5184 ] end=135168 piso=2975232
COUNTS id=[ 384, 5185 ] end=61440 piso=1132032
COUNTS id=[ 384, 5186 ] end=122880 piso=2680320
COUNTS id=[ 384, 5187 ] end=92160 piso=3485184
COUNTS id=[ 384, 5188 ] end=73728 piso=941568
COUNTS id=[ 384, 5189 ] end=261120 piso=109787136
COUNTS id=[ 384, 5190 ] end=95232 piso=1843200
COUNTS id=[ 384, 5191 ] end=116736 piso=2515968
COUNTS id=[ 384, 5192 ] end=55296 piso=918528
COUNTS id=[ 384, 5193 ] end=23040 piso=373248
COUNTS id=[ 384, 5194 ] end=53760 piso=1079808
COUNTS id=[ 384, 5195 ] end=81408 piso=1231872
COUNTS id=[ 384, 5196 ] end=26112 piso=525312
COUNTS id=[ 384, 5197 ] end=46080 piso=448512
COUNTS id=[ 384, 5198 ] end=55296 piso=1094016
COUNTS id=[ 384, 5199 ] end=24576 piso=396672
COUNTS id=[ 384, 5200 ] end=33792 piso=425472
COUNTS id=[ 384, 5201 ] end=82944 piso=1261056
COUNTS id=[ 384, 5202 ] end=107520 piso=1420800
COUNTS id=[ 384, 5203 ] end=33792 piso=579072
COUNTS id=[ 384, 5204 ] end=129024 piso=2529792
COUNTS id=[ 384, 5205 ] end=79872 piso=1274880
COUNTS id=[ 384, 5206 ] end=30720 piso=427008
COUNTS id=[ 384, 5207 ] end=27648 piso=278016
COUNTS id=[ 384, 5208 ] end=15360 piso=278016
COUNTS id=[ 384, 5209 ] end=24576 piso=454656
COUNTS id=[ 384, 5210 ] end=24576 piso=454656
COUNTS id=[ 384, 5211 ] end=24576 piso=454656
COUNTS id=[ 384, 5212 ] end=24576 piso=454656
COUNTS id=[ 384, 5213 ] end=10752 piso=104448
COUNTS id=[ 384, 5214 ] end=46080 piso=677376
COUNTS id=[ 384, 5215 ] end=33792 piso=677376
COUNTS id=[ 384, 5216 ] end=49152 piso=1141248
COUNTS id=[ 384, 5217 ] end=49152 piso=1141248
COUNTS id=[ 384, 5218 ] end=24576 piso=539136
COUNTS id=[ 384, 5219 ] end=24576 piso=539136
COUNTS id=[ 384, 5220 ] end=21504 piso=136704
PROGRESS checked=100 hits=0 reversed=0 runtime_ms=174887
COUNTS id=[ 384, 5221 ] end=13824 piso=249216
COUNTS id=[ 384, 5222 ] end=38400 piso=872832
COUNTS id=[ 384, 5223 ] end=21504 piso=139776
COUNTS id=[ 384, 5224 ] end=24576 piso=514560
COUNTS id=[ 384, 5225 ] end=49152 piso=1116672
COUNTS id=[ 384, 5226 ] end=24576 piso=514560
COUNTS id=[ 384, 5227 ] end=49152 piso=1116672
COUNTS id=[ 384, 5228 ] end=23040 piso=145920
COUNTS id=[ 384, 5229 ] end=23040 piso=145920
COUNTS id=[ 384, 5230 ] end=55296 piso=311808
COUNTS id=[ 384, 5231 ] end=24576 piso=311808
COUNTS id=[ 384, 5232 ] end=61440 piso=516096
COUNTS id=[ 384, 5233 ] end=61440 piso=516096
COUNTS id=[ 384, 5234 ] end=61440 piso=491520
COUNTS id=[ 384, 5235 ] end=61440 piso=491520
COUNTS id=[ 384, 5236 ] end=15360 piso=132096
COUNTS id=[ 384, 5237 ] end=15360 piso=132096
COUNTS id=[ 384, 5238 ] end=79872 piso=600576
COUNTS id=[ 384, 5239 ] end=79872 piso=600576
COUNTS id=[ 384, 5240 ] end=36864 piso=434688
COUNTS id=[ 384, 5241 ] end=15360 piso=125952
COUNTS id=[ 384, 5242 ] end=23040 piso=152448
COUNTS id=[ 384, 5243 ] end=23040 piso=152448
COUNTS id=[ 384, 5244 ] end=7680 piso=129408
COUNTS id=[ 384, 5245 ] end=122880 piso=1858560
COUNTS id=[ 384, 5246 ] end=86016 piso=1858560
COUNTS id=[ 384, 5247 ] end=116736 piso=1376256
COUNTS id=[ 384, 5248 ] end=264192 piso=5259264
COUNTS id=[ 384, 5249 ] end=92160 piso=1308672
COUNTS id=[ 384, 5250 ] end=92160 piso=1413120
COUNTS id=[ 384, 5251 ] end=67584 piso=1173504
COUNTS id=[ 384, 5252 ] end=215040 piso=5154816
COUNTS id=[ 384, 5253 ] end=82944 piso=1118208
COUNTS id=[ 384, 5254 ] end=70656 piso=546816
COUNTS id=[ 384, 5255 ] end=141312 piso=2933760
COUNTS id=[ 384, 5256 ] end=233472 piso=5087232
COUNTS id=[ 384, 5257 ] end=86016 piso=1007616
COUNTS id=[ 384, 5258 ] end=73728 piso=1204224
COUNTS id=[ 384, 5259 ] end=92160 piso=1284096
COUNTS id=[ 384, 5260 ] end=67584 piso=1081344
COUNTS id=[ 384, 5261 ] end=165888 piso=3612672
COUNTS id=[ 384, 5262 ] end=43008 piso=1081344
COUNTS id=[ 384, 5263 ] end=141312 piso=3612672
COUNTS id=[ 384, 5264 ] end=79872 piso=1284096
COUNTS id=[ 384, 5265 ] end=36864 piso=279552
COUNTS id=[ 384, 5266 ] end=36864 piso=279552
COUNTS id=[ 384, 5267 ] end=35328 piso=258432
COUNTS id=[ 384, 5268 ] end=47616 piso=1086336
COUNTS id=[ 384, 5269 ] end=84480 piso=3319680
COUNTS id=[ 384, 5270 ] end=23040 piso=843648
COUNTS id=[ 384, 5271 ] end=70656 piso=514560
COUNTS id=[ 384, 5272 ] end=67584 piso=1196544
COUNTS id=[ 384, 5273 ] end=215040 piso=5177856
COUNTS id=[ 384, 5274 ] end=79872 piso=1344000
COUNTS id=[ 384, 5275 ] end=73728 piso=531456
COUNTS id=[ 384, 5276 ] end=61440 piso=531456
COUNTS id=[ 384, 5277 ] end=46080 piso=391680
COUNTS id=[ 384, 5278 ] end=92160 piso=1122816
COUNTS id=[ 384, 5279 ] end=92160 piso=1122816
COUNTS id=[ 384, 5280 ] end=30720 piso=606720
COUNTS id=[ 384, 5281 ] end=92160 piso=1277952
COUNTS id=[ 384, 5282 ] end=43008 piso=571392
COUNTS id=[ 384, 5283 ] end=43008 piso=823296
COUNTS id=[ 384, 5284 ] end=92160 piso=1075200
COUNTS id=[ 384, 5285 ] end=52224 piso=1013760
COUNTS id=[ 384, 5286 ] end=52224 piso=405504
COUNTS id=[ 384, 5287 ] end=92160 piso=1360896
COUNTS id=[ 384, 5288 ] end=73728 piso=872448
COUNTS id=[ 384, 5289 ] end=24576 piso=344064
COUNTS id=[ 384, 5290 ] end=208896 piso=6753792
COUNTS id=[ 384, 5291 ] end=110592 piso=2840064
COUNTS id=[ 384, 5292 ] end=36864 piso=1740288
COUNTS id=[ 384, 5293 ] end=254976 piso=5945856
COUNTS id=[ 384, 5294 ] end=58368 piso=1448448
COUNTS id=[ 384, 5295 ] end=104448 piso=1589760
COUNTS id=[ 384, 5296 ] end=18432 piso=1122816
COUNTS id=[ 384, 5297 ] end=87552 piso=1552896
COUNTS id=[ 384, 5298 ] end=47616 piso=711168
COUNTS id=[ 384, 5299 ] end=112128 piso=1463808
COUNTS id=[ 384, 5300 ] end=26112 piso=523776
COUNTS id=[ 384, 5301 ] end=73728 piso=983040
COUNTS id=[ 384, 5302 ] end=305664 piso=9785856
COUNTS id=[ 384, 5303 ] end=93696 piso=3826176
COUNTS id=[ 384, 5304 ] end=90624 piso=2118144
COUNTS id=[ 384, 5305 ] end=241152 piso=5503488
COUNTS id=[ 384, 5306 ] end=53760 piso=1878528
COUNTS id=[ 384, 5307 ] end=75264 piso=2357760
COUNTS id=[ 384, 5308 ] end=43008 piso=516480
COUNTS id=[ 384, 5309 ] end=104448 piso=3774336
COUNTS id=[ 384, 5310 ] end=58368 piso=1368960
COUNTS id=[ 384, 5311 ] end=24576 piso=1150848
COUNTS id=[ 384, 5312 ] end=319488 piso=116656128
COUNTS id=[ 384, 5313 ] end=104448 piso=3072000
COUNTS id=[ 384, 5314 ] end=62976 piso=1767936
COUNTS id=[ 384, 5315 ] end=41472 piso=1663488
COUNTS id=[ 384, 5316 ] end=44544 piso=1251840
COUNTS id=[ 384, 5317 ] end=23040 piso=631296
COUNTS id=[ 384, 5318 ] end=47616 piso=1092096
COUNTS id=[ 384, 5319 ] end=26112 piso=532992
COUNTS id=[ 384, 5320 ] end=135168 piso=102359040
PROGRESS checked=200 hits=0 reversed=0 runtime_ms=348450
COUNTS id=[ 384, 5321 ] end=49152 piso=1443840
COUNTS id=[ 384, 5322 ] end=23040 piso=271872
COUNTS id=[ 384, 5323 ] end=55296 piso=1327104
COUNTS id=[ 384, 5324 ] end=86016 piso=2601984
COUNTS id=[ 384, 5325 ] end=86016 piso=2601984
COUNTS id=[ 384, 5326 ] end=18432 piso=1053696
COUNTS id=[ 384, 5327 ] end=18432 piso=1053696
COUNTS id=[ 384, 5328 ] end=72192 piso=1319424
COUNTS id=[ 384, 5329 ] end=19968 piso=440832
COUNTS id=[ 384, 5330 ] end=44544 piso=566784
COUNTS id=[ 384, 5331 ] end=44544 piso=450048
COUNTS id=[ 384, 5332 ] end=130560 piso=5121024
COUNTS id=[ 384, 5333 ] end=47616 piso=1293312
COUNTS id=[ 384, 5334 ] end=13824 piso=1188864
COUNTS id=[ 384, 5335 ] end=79872 piso=2855424
COUNTS id=[ 384, 5336 ] end=81408 piso=3316608
COUNTS id=[ 384, 5337 ] end=41472 piso=1083264
COUNTS id=[ 384, 5338 ] end=13824 piso=840576
COUNTS id=[ 384, 5339 ] end=49152 piso=1024512
COUNTS id=[ 384, 5340 ] end=15360 piso=317952
COUNTS id=[ 384, 5341 ] end=26112 piso=262656
COUNTS id=[ 384, 5342 ] end=49152 piso=1038720
COUNTS id=[ 384, 5343 ] end=15360 piso=341376
COUNTS id=[ 384, 5344 ] end=26112 piso=249216
COUNTS id=[ 384, 5345 ] end=93696 piso=3583488
COUNTS id=[ 384, 5346 ] end=47616 piso=1261056
COUNTS id=[ 384, 5347 ] end=26112 piso=1052160
COUNTS id=[ 384, 5348 ] end=105984 piso=1145856
COUNTS id=[ 384, 5349 ] end=105984 piso=1145856
COUNTS id=[ 384, 5350 ] end=7680 piso=635904
COUNTS id=[ 384, 5351 ] end=44544 piso=486912
COUNTS id=[ 384, 5352 ] end=44544 piso=333312
COUNTS id=[ 384, 5353 ] end=49152 piso=1393152
COUNTS id=[ 384, 5354 ] end=35328 piso=875904
COUNTS id=[ 384, 5355 ] end=13824 piso=252288
COUNTS id=[ 384, 5356 ] end=38400 piso=1118208
COUNTS id=[ 384, 5357 ] end=16896 piso=516096
COUNTS id=[ 384, 5358 ] end=38400 piso=1118208
COUNTS id=[ 384, 5359 ] end=16896 piso=516096
COUNTS id=[ 384, 5360 ] end=41472 piso=976896
COUNTS id=[ 384, 5361 ] end=19968 piso=337920
COUNTS id=[ 384, 5362 ] end=41472 piso=1214976
COUNTS id=[ 384, 5363 ] end=13824 piso=594432
COUNTS id=[ 384, 5364 ] end=41472 piso=1085952
COUNTS id=[ 384, 5365 ] end=13824 piso=502272
COUNTS id=[ 384, 5366 ] end=24576 piso=886272
COUNTS id=[ 384, 5367 ] end=24576 piso=886272
COUNTS id=[ 384, 5368 ] end=18432 piso=880128
COUNTS id=[ 384, 5369 ] end=18432 piso=177024
COUNTS id=[ 384, 5370 ] end=18432 piso=177024
COUNTS id=[ 384, 5371 ] end=13824 piso=104832
COUNTS id=[ 384, 5372 ] end=32256 piso=870912
COUNTS id=[ 384, 5373 ] end=4608 piso=238080
COUNTS id=[ 384, 5374 ] end=13824 piso=629760
COUNTS id=[ 384, 5375 ] end=13824 piso=629760
COUNTS id=[ 384, 5376 ] end=7680 piso=414720
DONE checked=256 abelian=0 hits=0 reversed=0 skipped_abelian=0 closest=[ 384, 5135 ] min_ratio=36/13 runtime_ms=429194
