PARAMETERS start=256 end=256 start_id=28049 end_id=31554 skip_abelian=true log_all=true
ORDER_START order=256 groups=56092
COUNTS id=[ 256, 28049 ] end=2097152 piso=17975296
CLOSEST id=[ 256, 28049 ] end=2097152 piso=17975296 ratio=8777/1024
COUNTS id=[ 256, 28050 ] end=103153664 piso=484818944
CLOSEST id=[ 256, 28050 ] end=103153664 piso=484818944 ratio=29591/6296
COUNTS id=[ 256, 28051 ] end=71565312 piso=333045760
CLOSEST id=[ 256, 28051 ] end=71565312 piso=333045760 ratio=40655/8736
COUNTS id=[ 256, 28052 ] end=71434240 piso=226508800
CLOSEST id=[ 256, 28052 ] end=71434240 piso=226508800 ratio=2765/872
COUNTS id=[ 256, 28053 ] end=34471936 piso=102883328
CLOSEST id=[ 256, 28053 ] end=34471936 piso=102883328 ratio=12559/4208
COUNTS id=[ 256, 28054 ] end=35618816 piso=56817664
CLOSEST id=[ 256, 28054 ] end=35618816 piso=56817664 ratio=27743/17392
COUNTS id=[ 256, 28055 ] end=3112960 piso=18692096
COUNTS id=[ 256, 28056 ] end=35618816 piso=56809472
CLOSEST id=[ 256, 28056 ] end=35618816 piso=56809472 ratio=27739/17392
COUNTS id=[ 256, 28057 ] end=3112960 piso=18683904
COUNTS id=[ 256, 28058 ] end=3112960 piso=14395392
COUNTS id=[ 256, 28059 ] end=5144576 piso=18655232
COUNTS id=[ 256, 28060 ] end=5144576 piso=18845696
COUNTS id=[ 256, 28061 ] end=3112960 piso=14430208
COUNTS id=[ 256, 28062 ] end=35618816 piso=98095104
COUNTS id=[ 256, 28063 ] end=3112960 piso=18149376
COUNTS id=[ 256, 28064 ] end=140247040 piso=760307712
COUNTS id=[ 256, 28065 ] end=71565312 piso=334331904
COUNTS id=[ 256, 28066 ] end=108527616 piso=435707904
COUNTS id=[ 256, 28067 ] end=34471936 piso=104169472
COUNTS id=[ 256, 28068 ] end=35651584 piso=98871296
COUNTS id=[ 256, 28069 ] end=37748736 piso=115779584
COUNTS id=[ 256, 28070 ] end=5242880 piso=24553472
COUNTS id=[ 256, 28071 ] end=3145728 piso=18917376
COUNTS id=[ 256, 28072 ] end=68419584 piso=326459392
COUNTS id=[ 256, 28073 ] end=36700160 piso=131686400
COUNTS id=[ 256, 28074 ] end=33685504 piso=89679872
COUNTS id=[ 256, 28075 ] end=1179648 piso=19212288
COUNTS id=[ 256, 28076 ] end=159907840 piso=1392640000
COUNTS id=[ 256, 28077 ] end=108265472 piso=419733504
COUNTS id=[ 256, 28078 ] end=35651584 piso=131309568
COUNTS id=[ 256, 28079 ] end=71041024 piso=312197120
COUNTS id=[ 256, 28080 ] end=3407872 piso=44531712
COUNTS id=[ 256, 28081 ] end=36175872 piso=106930176
COUNTS id=[ 256, 28082 ] end=36175872 piso=106930176
COUNTS id=[ 256, 28083 ] end=37814272 piso=68687872
COUNTS id=[ 256, 28084 ] end=4915200 piso=27799552
COUNTS id=[ 256, 28085 ] end=70778880 piso=229146624
COUNTS id=[ 256, 28086 ] end=3145728 piso=18403328
COUNTS id=[ 256, 28087 ] end=3145728 piso=18530304
COUNTS id=[ 256, 28088 ] end=34603008 piso=50495488
CLOSEST id=[ 256, 28088 ] end=34603008 piso=50495488 ratio=1541/1056
COUNTS id=[ 256, 28089 ] end=2097152 piso=14870528
COUNTS id=[ 256, 28090 ] end=71172096 piso=312934400
COUNTS id=[ 256, 28091 ] end=6029312 piso=26853376
COUNTS id=[ 256, 28092 ] end=2097152 piso=20299776
COUNTS id=[ 256, 28093 ] end=4128768 piso=15605760
COUNTS id=[ 256, 28094 ] end=4128768 piso=15513600
COUNTS id=[ 256, 28095 ] end=4161536 piso=16189440
COUNTS id=[ 256, 28096 ] end=4161536 piso=16254976
COUNTS id=[ 256, 28097 ] end=6193152 piso=23312384
COUNTS id=[ 256, 28098 ] end=2129920 piso=14030848
COUNTS id=[ 256, 28099 ] end=3538944 piso=45645824
COUNTS id=[ 256, 28100 ] end=2097152 piso=10901504
COUNTS id=[ 256, 28101 ] end=2097152 piso=10936320
COUNTS id=[ 256, 28102 ] end=4161536 piso=14594048
COUNTS id=[ 256, 28103 ] end=98304 piso=14061568
COUNTS id=[ 256, 28104 ] end=2129920 piso=12492800
COUNTS id=[ 256, 28105 ] end=2129920 piso=12533760
COUNTS id=[ 256, 28106 ] end=36175872 piso=108175360
COUNTS id=[ 256, 28107 ] end=6029312 piso=26320896
COUNTS id=[ 256, 28108 ] end=2097152 piso=21012480
COUNTS id=[ 256, 28109 ] end=2097152 piso=11454464
COUNTS id=[ 256, 28110 ] end=4128768 piso=13565952
COUNTS id=[ 256, 28111 ] end=4128768 piso=13920256
COUNTS id=[ 256, 28112 ] end=2097152 piso=11538432
COUNTS id=[ 256, 28113 ] end=4128768 piso=13492224
COUNTS id=[ 256, 28114 ] end=2097152 piso=11479040
COUNTS id=[ 256, 28115 ] end=4128768 piso=13705216
COUNTS id=[ 256, 28116 ] end=2097152 piso=11442176
COUNTS id=[ 256, 28117 ] end=71565312 piso=194166784
COUNTS id=[ 256, 28118 ] end=6291456 piso=32677888
COUNTS id=[ 256, 28119 ] end=71172096 piso=191881216
COUNTS id=[ 256, 28120 ] end=1966080 piso=17727488
COUNTS id=[ 256, 28121 ] end=5144576 piso=18503680
COUNTS id=[ 256, 28122 ] end=3112960 piso=12017664
COUNTS id=[ 256, 28123 ] end=3145728 piso=12365824
COUNTS id=[ 256, 28124 ] end=5177344 piso=16666624
COUNTS id=[ 256, 28125 ] end=3145728 piso=13406208
COUNTS id=[ 256, 28126 ] end=3932160 piso=38354944
COUNTS id=[ 256, 28127 ] end=3538944 piso=31186944
COUNTS id=[ 256, 28128 ] end=3112960 piso=14350336
COUNTS id=[ 256, 28129 ] end=1081344 piso=11624448
COUNTS id=[ 256, 28130 ] end=1114112 piso=12742656
COUNTS id=[ 256, 28131 ] end=36569088 piso=69754880
COUNTS id=[ 256, 28132 ] end=6291456 piso=32063488
COUNTS id=[ 256, 28133 ] end=36175872 piso=63651840
COUNTS id=[ 256, 28134 ] end=1966080 piso=16670720
COUNTS id=[ 256, 28135 ] end=3112960 piso=11816960
COUNTS id=[ 256, 28136 ] end=3112960 piso=11915264
COUNTS id=[ 256, 28137 ] end=124125184 piso=1147936768
COUNTS id=[ 256, 28138 ] end=41680896 piso=132161536
COUNTS id=[ 256, 28139 ] end=35127296 piso=105553920
COUNTS id=[ 256, 28140 ] end=72089600 piso=314671104
COUNTS id=[ 256, 28141 ] end=7864320 piso=61054976
COUNTS id=[ 256, 28142 ] end=8912896 piso=51814400
COUNTS id=[ 256, 28143 ] end=4947968 piso=22919168
COUNTS id=[ 256, 28144 ] end=7569408 piso=29827072
COUNTS id=[ 256, 28145 ] end=37093376 piso=111681536
COUNTS id=[ 256, 28146 ] end=7340032 piso=32120832
COUNTS id=[ 256, 28147 ] end=1835008 piso=22552576
COUNTS id=[ 256, 28148 ] end=4194304 piso=20471808
PROGRESS checked=100 hits=0 reversed=0 runtime_ms=705180
COUNTS id=[ 256, 28149 ] end=4161536 piso=14080000
COUNTS id=[ 256, 28150 ] end=2129920 piso=11919360
COUNTS id=[ 256, 28151 ] end=2129920 piso=11823104
COUNTS id=[ 256, 28152 ] end=4161536 piso=13905920
COUNTS id=[ 256, 28153 ] end=80478208 piso=361406464
COUNTS id=[ 256, 28154 ] end=23068672 piso=109191168
COUNTS id=[ 256, 28155 ] end=8388608 piso=39657472
COUNTS id=[ 256, 28156 ] end=80216064 piso=359702528
COUNTS id=[ 256, 28157 ] end=7176192 piso=25145344
COUNTS id=[ 256, 28158 ] end=4751360 piso=21968896
COUNTS id=[ 256, 28159 ] end=10387456 piso=48150528
COUNTS id=[ 256, 28160 ] end=70254592 piso=297443328
COUNTS id=[ 256, 28161 ] end=7340032 piso=39002112
COUNTS id=[ 256, 28162 ] end=70254592 piso=297443328
COUNTS id=[ 256, 28163 ] end=2719744 piso=14784512
COUNTS id=[ 256, 28164 ] end=2785280 piso=17090560
COUNTS id=[ 256, 28165 ] end=3571712 piso=18286592
COUNTS id=[ 256, 28166 ] end=8126464 piso=60792832
COUNTS id=[ 256, 28167 ] end=8912896 piso=55877632
COUNTS id=[ 256, 28168 ] end=7864320 piso=33038336
COUNTS id=[ 256, 28169 ] end=2097152 piso=25174016
COUNTS id=[ 256, 28170 ] end=4194304 piso=45875200
COUNTS id=[ 256, 28171 ] end=2129920 piso=11423744
