{"command": ["/project/gap-4.16.1/gap", "-l", "/project/gap-4.16.1", "-q", "-b", "-T", "-m", "128m", "-o", "4g", "-c", "START_ORDER:=400;;END_ORDER:=400;;START_ID:=1;;END_ID:=221;;SKIP_ABELIAN:=true;;LOG_ALL:=true;;", "/project/scripts/search_19_20.g"], "source_hashes": {"scripts/search_19_20.g": "7b6a34e9163b58b0248b3c464ae8070783414cd7d14048136dd0e3547b906318", "scripts/lib_19_20.g": "fbcf2d3c4b0648cc1fa87d6e50fc923133d594c029b8430a365caf596ac7ccd5"}}
PARAMETERS start=400 end=400 start_id=1 end_id=221 skip_abelian=true log_all=true
ORDER_START order=400 groups=221
COUNTS id=[ 400, 1 ] end=5008 piso=13200
CLOSEST id=[ 400, 1 ] end=5008 piso=13200 ratio=825/313
ABELIAN_SKIPPED id=[ 400, 2 ] reason=known_equality
COUNTS id=[ 400, 3 ] end=2704 piso=15600
COUNTS id=[ 400, 4 ] end=20004 piso=196600
COUNTS id=[ 400, 5 ] end=10816 piso=49600
COUNTS id=[ 400, 6 ] end=10608 piso=49600
COUNTS id=[ 400, 7 ] end=20404 piso=124600
COUNTS id=[ 400, 8 ] end=40804 piso=300600
COUNTS id=[ 400, 9 ] end=20032 piso=52800
COUNTS id=[ 400, 10 ] end=10032 piso=52800
COUNTS id=[ 400, 11 ] end=43264 piso=198400
COUNTS id=[ 400, 12 ] end=11232 piso=142400
COUNTS id=[ 400, 13 ] end=40032 piso=158400
COUNTS id=[ 400, 14 ] end=21632 piso=428000
COUNTS id=[ 400, 15 ] end=10036 piso=70200
COUNTS id=[ 400, 16 ] end=16036 piso=108600
COUNTS id=[ 400, 17 ] end=10404 piso=81400
COUNTS id=[ 400, 18 ] end=15604 piso=95800
COUNTS id=[ 400, 19 ] end=40064 piso=168800
ABELIAN_SKIPPED id=[ 400, 20 ] reason=known_equality
COUNTS id=[ 400, 21 ] end=3200 piso=15200
COUNTS id=[ 400, 22 ] end=2400 piso=4800
CLOSEST id=[ 400, 22 ] end=2400 piso=4800 ratio=2
ABELIAN_SKIPPED id=[ 400, 23 ] reason=known_equality
COUNTS id=[ 400, 24 ] end=1200 piso=1600
CLOSEST id=[ 400, 24 ] end=1200 piso=1600 ratio=4/3
COUNTS id=[ 400, 25 ] end=2500 piso=6200
COUNTS id=[ 400, 26 ] end=1300 piso=3000
COUNTS id=[ 400, 27 ] end=900 piso=4600
COUNTS id=[ 400, 28 ] end=6208 piso=60800
COUNTS id=[ 400, 29 ] end=5808 piso=60800
COUNTS id=[ 400, 30 ] end=15616 piso=187200
COUNTS id=[ 400, 31 ] end=11808 piso=147200
COUNTS id=[ 400, 32 ] end=10816 piso=62400
COUNTS id=[ 400, 33 ] end=5616 piso=62400
COUNTS id=[ 400, 34 ] end=12416 piso=456800
COUNTS id=[ 400, 35 ] end=86464 piso=658400
COUNTS id=[ 400, 36 ] end=99328 piso=729600
COUNTS id=[ 400, 37 ] end=179264 piso=1765600
COUNTS id=[ 400, 38 ] end=23264 piso=239200
COUNTS id=[ 400, 39 ] end=105536 piso=1418400
COUNTS id=[ 400, 40 ] end=17120 piso=231200
COUNTS id=[ 400, 41 ] end=43456 piso=503200
COUNTS id=[ 400, 42 ] end=48608 piso=391200
COUNTS id=[ 400, 43 ] end=320512 piso=844800
COUNTS id=[ 400, 44 ] end=91712 piso=639200
ABELIAN_SKIPPED id=[ 400, 45 ] reason=known_equality
COUNTS id=[ 400, 46 ] end=27200 piso=50400
COUNTS id=[ 400, 47 ] end=11200 piso=18400
COUNTS id=[ 400, 48 ] end=5600 piso=8800
COUNTS id=[ 400, 49 ] end=1200 piso=6800
COUNTS id=[ 400, 50 ] end=125008 piso=250000
ABELIAN_SKIPPED id=[ 400, 51 ] reason=known_equality
COUNTS id=[ 400, 52 ] end=5125 piso=337600
COUNTS id=[ 400, 53 ] end=62464 piso=796800
COUNTS id=[ 400, 54 ] end=3997696 piso=44032000
ABELIAN_SKIPPED id=[ 400, 55 ] reason=known_equality
COUNTS id=[ 400, 56 ] end=800 piso=4800
COUNTS id=[ 400, 57 ] end=3104 piso=16000
COUNTS id=[ 400, 58 ] end=62704 piso=250000
COUNTS id=[ 400, 59 ] end=5104 piso=141200
COUNTS id=[ 400, 60 ] end=11648 piso=161600
COUNTS id=[ 400, 61 ] end=20288 piso=411200
COUNTS id=[ 400, 62 ] end=6448 piso=161600
COUNTS id=[ 400, 63 ] end=20208 piso=411200
COUNTS id=[ 400, 64 ] end=20964 piso=228600
COUNTS id=[ 400, 65 ] end=27844 piso=1104600
COUNTS id=[ 400, 66 ] end=10484 piso=174200
COUNTS id=[ 400, 67 ] end=10644 piso=546200
COUNTS id=[ 400, 68 ] end=25204 piso=1032600
COUNTS id=[ 400, 69 ] end=20004 piso=214200
COUNTS id=[ 400, 70 ] end=12004 piso=587800
COUNTS id=[ 400, 71 ] end=50176 piso=697600
COUNTS id=[ 400, 72 ] end=23296 piso=650400
COUNTS id=[ 400, 73 ] end=40576 piso=3701600
COUNTS id=[ 400, 74 ] end=22816 piso=611200
COUNTS id=[ 400, 75 ] end=20576 piso=625600
COUNTS id=[ 400, 76 ] end=3200 piso=14400
COUNTS id=[ 400, 77 ] end=2800 piso=14400
COUNTS id=[ 400, 78 ] end=4500 piso=25400
COUNTS id=[ 400, 79 ] end=8900 piso=51000
COUNTS id=[ 400, 80 ] end=4100 piso=36600
COUNTS id=[ 400, 81 ] end=4800 piso=27200
COUNTS id=[ 400, 82 ] end=2800 piso=27200
COUNTS id=[ 400, 83 ] end=12800 piso=57600
COUNTS id=[ 400, 84 ] end=4000 piso=48000
COUNTS id=[ 400, 85 ] end=8800 piso=49600
COUNTS id=[ 400, 86 ] end=6400 piso=106400
COUNTS id=[ 400, 87 ] end=4900 piso=66200
COUNTS id=[ 400, 88 ] end=2900 piso=48600
COUNTS id=[ 400, 89 ] end=3700 piso=42200
COUNTS id=[ 400, 90 ] end=2500 piso=48600
COUNTS id=[ 400, 91 ] end=9600 piso=341600
COUNTS id=[ 400, 92 ] end=250816 piso=750400
COUNTS id=[ 400, 93 ] end=250608 piso=750400
COUNTS id=[ 400, 94 ] end=500404 piso=1985400
COUNTS id=[ 400, 95 ] end=1000804 piso=4945400
COUNTS id=[ 400, 96 ] end=500004 piso=2985400
COUNTS id=[ 400, 97 ] end=500032 piso=1000000
COUNTS id=[ 400, 98 ] end=250032 piso=1000000
COUNTS id=[ 400, 99 ] end=1003264 piso=3001600
COUNTS id=[ 400, 100 ] end=251232 piso=2481600
COUNTS id=[ 400, 101 ] end=1000032 piso=2961600
COUNTS id=[ 400, 102 ] end=501632 piso=4623200
COUNTS id=[ 400, 103 ] end=376036 piso=1652600
COUNTS id=[ 400, 104 ] end=250036 piso=1150200
COUNTS id=[ 400, 105 ] end=375604 piso=1630200
COUNTS id=[ 400, 106 ] end=250404 piso=1151800
PROGRESS checked=100 hits=0 reversed=0 runtime_ms=43440
COUNTS id=[ 400, 107 ] end=1000064 piso=3260000
ABELIAN_SKIPPED id=[ 400, 108 ] reason=known_equality
COUNTS id=[ 400, 109 ] end=80000 piso=380000
COUNTS id=[ 400, 110 ] end=60000 piso=120000
ABELIAN_SKIPPED id=[ 400, 111 ] reason=known_equality
COUNTS id=[ 400, 112 ] end=30000 piso=40000
COUNTS id=[ 400, 113 ] end=62500 piso=155000
COUNTS id=[ 400, 114 ] end=32500 piso=75000
COUNTS id=[ 400, 115 ] end=22500 piso=115000
COUNTS id=[ 400, 116 ] end=2752 piso=132400
COUNTS id=[ 400, 117 ] end=16704 piso=246400
COUNTS id=[ 400, 118 ] end=10944 piso=717600
COUNTS id=[ 400, 119 ] end=6624 piso=198400
COUNTS id=[ 400, 120 ] end=5184 piso=108800
COUNTS id=[ 400, 121 ] end=7584 piso=233600
COUNTS id=[ 400, 122 ] end=4464 piso=108800
COUNTS id=[ 400, 123 ] end=7344 piso=233600
COUNTS id=[ 400, 124 ] end=18624 piso=617600
COUNTS id=[ 400, 125 ] end=15424 piso=1000800
COUNTS id=[ 400, 126 ] end=14944 piso=577600
COUNTS id=[ 400, 127 ] end=7584 piso=200000
COUNTS id=[ 400, 128 ] end=3984 piso=200000
COUNTS id=[ 400, 129 ] end=4064 piso=731200
COUNTS id=[ 400, 130 ] end=5184 piso=333600
COUNTS id=[ 400, 131 ] end=4644 piso=190200
COUNTS id=[ 400, 132 ] end=2324 piso=148600
COUNTS id=[ 400, 133 ] end=4004 piso=249400
COUNTS id=[ 400, 134 ] end=5504 piso=452000
COUNTS id=[ 400, 135 ] end=2400 piso=12800
COUNTS id=[ 400, 136 ] end=2000 piso=12800
COUNTS id=[ 400, 137 ] end=8000 piso=38400
COUNTS id=[ 400, 138 ] end=4000 piso=30400
COUNTS id=[ 400, 139 ] end=3200 piso=19200
COUNTS id=[ 400, 140 ] end=2000 piso=19200
COUNTS id=[ 400, 141 ] end=4800 piso=98400
COUNTS id=[ 400, 142 ] end=8288 piso=57600
COUNTS id=[ 400, 143 ] end=6288 piso=57600
COUNTS id=[ 400, 144 ] end=19776 piso=192000
COUNTS id=[ 400, 145 ] end=16288 piso=152000
COUNTS id=[ 400, 146 ] end=12416 piso=64000
COUNTS id=[ 400, 147 ] end=6416 piso=64000
COUNTS id=[ 400, 148 ] end=16576 piso=220000
COUNTS id=[ 400, 149 ] end=126208 piso=875200
COUNTS id=[ 400, 150 ] end=125808 piso=875200
COUNTS id=[ 400, 151 ] end=255616 piso=1465600
COUNTS id=[ 400, 152 ] end=251808 piso=1425600
COUNTS id=[ 400, 153 ] end=250816 piso=1000000
COUNTS id=[ 400, 154 ] end=125616 piso=1000000
COUNTS id=[ 400, 155 ] end=252416 piso=4642400
COUNTS id=[ 400, 156 ] end=11008 piso=440000
COUNTS id=[ 400, 157 ] end=10608 piso=440000
COUNTS id=[ 400, 158 ] end=25216 piso=595200
COUNTS id=[ 400, 159 ] end=21408 piso=555200
COUNTS id=[ 400, 160 ] end=20416 piso=564800
COUNTS id=[ 400, 161 ] end=10416 piso=564800
COUNTS id=[ 400, 162 ] end=22016 piso=3772000
COUNTS id=[ 400, 163 ] end=43168 piso=1194400
COUNTS id=[ 400, 164 ] end=12608 piso=708000
COUNTS id=[ 400, 165 ] end=26208 piso=661600
COUNTS id=[ 400, 166 ] end=50688 piso=994400
COUNTS id=[ 400, 167 ] end=26208 piso=636000
COUNTS id=[ 400, 168 ] end=36608 piso=1332000
COUNTS id=[ 400, 169 ] end=92416 piso=1305600
COUNTS id=[ 400, 170 ] end=122208 piso=3076000
COUNTS id=[ 400, 171 ] end=103168 piso=2108000
COUNTS id=[ 400, 172 ] end=126464 piso=1292800
COUNTS id=[ 400, 173 ] end=19264 piso=605600
COUNTS id=[ 400, 174 ] end=15264 piso=824800
COUNTS id=[ 400, 175 ] end=175104 piso=4121600
COUNTS id=[ 400, 176 ] end=89664 piso=1157600
COUNTS id=[ 400, 177 ] end=140864 piso=4236000
COUNTS id=[ 400, 178 ] end=112064 piso=1381600
COUNTS id=[ 400, 179 ] end=68704 piso=1293600
COUNTS id=[ 400, 180 ] end=138624 piso=5436000
COUNTS id=[ 400, 181 ] end=24000 piso=133600
COUNTS id=[ 400, 182 ] end=38400 piso=166400
COUNTS id=[ 400, 183 ] end=52800 piso=332000
COUNTS id=[ 400, 184 ] end=8800 piso=69600
COUNTS id=[ 400, 185 ] end=40800 piso=324000
COUNTS id=[ 400, 186 ] end=8000 piso=84000
COUNTS id=[ 400, 187 ] end=16800 piso=132000
COUNTS id=[ 400, 188 ] end=12800 piso=87200
COUNTS id=[ 400, 189 ] end=76800 piso=435200
COUNTS id=[ 400, 190 ] end=40000 piso=530400
COUNTS id=[ 400, 191 ] end=2006464 piso=8101600
COUNTS id=[ 400, 192 ] end=2019328 piso=7244800
COUNTS id=[ 400, 193 ] end=4019264 piso=20344800
COUNTS id=[ 400, 194 ] end=503264 piso=3042400
COUNTS id=[ 400, 195 ] end=2145536 piso=13634400
COUNTS id=[ 400, 196 ] end=377120 piso=3167200
COUNTS id=[ 400, 197 ] end=883456 piso=5749600
COUNTS id=[ 400, 198 ] end=1128608 piso=6565600
COUNTS id=[ 400, 199 ] end=8000512 piso=16000000
COUNTS id=[ 400, 200 ] end=2011712 piso=7442400
ABELIAN_SKIPPED id=[ 400, 201 ] reason=known_equality
COUNTS id=[ 400, 202 ] end=680000 piso=1260000
COUNTS id=[ 400, 203 ] end=280000 piso=460000
COUNTS id=[ 400, 204 ] end=140000 piso=220000
COUNTS id=[ 400, 205 ] end=13456 piso=289600
COUNTS id=[ 400, 206 ] end=1856 piso=128800
COUNTS id=[ 400, 207 ] end=7136 piso=426400
COUNTS id=[ 400, 208 ] end=6304 piso=404800
COUNTS id=[ 400, 209 ] end=51968 piso=1025600
PROGRESS checked=200 hits=0 reversed=0 runtime_ms=89520
COUNTS id=[ 400, 210 ] end=61568 piso=1497600
COUNTS id=[ 400, 211 ] end=28928 piso=1918400
COUNTS id=[ 400, 212 ] end=30208 piso=836800
COUNTS id=[ 400, 213 ] end=33625 piso=520000
COUNTS id=[ 400, 214 ] end=32000 piso=158400
COUNTS id=[ 400, 215 ] end=99584 piso=760000
COUNTS id=[ 400, 216 ] end=1022464 piso=7302400
COUNTS id=[ 400, 217 ] end=100864 piso=4256000
COUNTS id=[ 400, 218 ] end=3444736 piso=55091200
COUNTS id=[ 400, 219 ] end=2048000 piso=9216000
COUNTS id=[ 400, 220 ] end=65437696 piso=267059200
ABELIAN_SKIPPED id=[ 400, 221 ] reason=known_equality
DONE checked=211 abelian=0 hits=0 reversed=0 skipped_abelian=10 closest=[ 400, 24 ] min_ratio=4/3 runtime_ms=97144
