{"command": ["/project/gap-4.16.1/gap", "-l", "/project/gap-4.16.1", "-q", "-b", "-T", "-m", "128m", "-o", "4g", "-c", "START_ORDER:=384;;END_ORDER:=384;;START_ID:=1281;;END_ID:=1536;;SKIP_ABELIAN:=true;;LOG_ALL:=true;;", "/project/scripts/search_19_20.g"], "source_hashes": {"scripts/search_19_20.g": "7b6a34e9163b58b0248b3c464ae8070783414cd7d14048136dd0e3547b906318", "scripts/lib_19_20.g": "fbcf2d3c4b0648cc1fa87d6e50fc923133d594c029b8430a365caf596ac7ccd5"}}
PARAMETERS start=384 end=384 start_id=1281 end_id=1536 skip_abelian=true log_all=true
ORDER_START order=384 groups=20169
COUNTS id=[ 384, 1281 ] end=149504 piso=4767744
CLOSEST id=[ 384, 1281 ] end=149504 piso=4767744 ratio=2328/73
COUNTS id=[ 384, 1282 ] end=43520 piso=2835456
COUNTS id=[ 384, 1283 ] end=31232 piso=1675776
COUNTS id=[ 384, 1284 ] end=38912 piso=1824768
COUNTS id=[ 384, 1285 ] end=9728 piso=826368
COUNTS id=[ 384, 1286 ] end=36864 piso=639360
CLOSEST id=[ 384, 1286 ] end=36864 piso=639360 ratio=555/32
COUNTS id=[ 384, 1287 ] end=43008 piso=963072
COUNTS id=[ 384, 1288 ] end=38912 piso=1376256
COUNTS id=[ 384, 1289 ] end=112640 piso=4251648
COUNTS id=[ 384, 1290 ] end=28160 piso=789504
COUNTS id=[ 384, 1291 ] end=23552 piso=405888
CLOSEST id=[ 384, 1291 ] end=23552 piso=405888 ratio=3171/184
COUNTS id=[ 384, 1292 ] end=19456 piso=317952
CLOSEST id=[ 384, 1292 ] end=19456 piso=317952 ratio=621/38
COUNTS id=[ 384, 1293 ] end=57344 piso=482688
CLOSEST id=[ 384, 1293 ] end=57344 piso=482688 ratio=3771/448
COUNTS id=[ 384, 1294 ] end=9728 piso=221568
COUNTS id=[ 384, 1295 ] end=37376 piso=852480
COUNTS id=[ 384, 1296 ] end=143360 piso=4091904
COUNTS id=[ 384, 1297 ] end=41984 piso=1769472
COUNTS id=[ 384, 1298 ] end=65024 piso=3187200
COUNTS id=[ 384, 1299 ] end=37376 piso=1171968
COUNTS id=[ 384, 1300 ] end=28672 piso=630144
COUNTS id=[ 384, 1301 ] end=30208 piso=1234944
COUNTS id=[ 384, 1302 ] end=73216 piso=3477504
COUNTS id=[ 384, 1303 ] end=69632 piso=1975680
COUNTS id=[ 384, 1304 ] end=176128 piso=3743232
COUNTS id=[ 384, 1305 ] end=133120 piso=1568256
COUNTS id=[ 384, 1306 ] end=53248 piso=1064448
COUNTS id=[ 384, 1307 ] end=62464 piso=3004416
COUNTS id=[ 384, 1308 ] end=62464 piso=1118208
COUNTS id=[ 384, 1309 ] end=108032 piso=4455936
COUNTS id=[ 384, 1310 ] end=31232 piso=1414656
COUNTS id=[ 384, 1311 ] end=68096 piso=1738752
COUNTS id=[ 384, 1312 ] end=68096 piso=1019904
COUNTS id=[ 384, 1313 ] end=43008 piso=846336
COUNTS id=[ 384, 1314 ] end=8704 piso=256512
COUNTS id=[ 384, 1315 ] end=37888 piso=629760
COUNTS id=[ 384, 1316 ] end=37888 piso=629760
COUNTS id=[ 384, 1317 ] end=28672 piso=416256
COUNTS id=[ 384, 1318 ] end=28672 piso=416256
COUNTS id=[ 384, 1319 ] end=8704 piso=256512
COUNTS id=[ 384, 1320 ] end=22528 piso=359424
COUNTS id=[ 384, 1321 ] end=27136 piso=408576
COUNTS id=[ 384, 1322 ] end=27136 piso=408576
COUNTS id=[ 384, 1323 ] end=16384 piso=367104
COUNTS id=[ 384, 1324 ] end=16384 piso=367104
COUNTS id=[ 384, 1325 ] end=12288 piso=233472
COUNTS id=[ 384, 1326 ] end=22528 piso=365568
COUNTS id=[ 384, 1327 ] end=6656 piso=235008
COUNTS id=[ 384, 1328 ] end=344064 piso=12042240
COUNTS id=[ 384, 1329 ] end=223232 piso=3846144
COUNTS id=[ 384, 1330 ] end=76800 piso=2754048
COUNTS id=[ 384, 1331 ] end=90112 piso=2657280
COUNTS id=[ 384, 1332 ] end=117760 piso=10483200
COUNTS id=[ 384, 1333 ] end=93184 piso=2754048
COUNTS id=[ 384, 1334 ] end=87040 piso=4016640
COUNTS id=[ 384, 1335 ] end=126976 piso=4855296
COUNTS id=[ 384, 1336 ] end=231424 piso=19951104
COUNTS id=[ 384, 1337 ] end=521216 piso=23732736
COUNTS id=[ 384, 1338 ] end=198656 piso=5614080
COUNTS id=[ 384, 1339 ] end=65024 piso=3477504
COUNTS id=[ 384, 1340 ] end=37888 piso=1638912
COUNTS id=[ 384, 1341 ] end=34816 piso=4062720
COUNTS id=[ 384, 1342 ] end=90112 piso=4535808
COUNTS id=[ 384, 1343 ] end=97280 piso=4956672
COUNTS id=[ 384, 1344 ] end=32768 piso=4286976
COUNTS id=[ 384, 1345 ] end=31232 piso=1738752
COUNTS id=[ 384, 1346 ] end=52224 piso=1471488
COUNTS id=[ 384, 1347 ] end=71680 piso=1833984
COUNTS id=[ 384, 1348 ] end=59392 piso=1170432
COUNTS id=[ 384, 1349 ] end=22528 piso=542208
COUNTS id=[ 384, 1350 ] end=22528 piso=549888
COUNTS id=[ 384, 1351 ] end=47104 piso=1763328
COUNTS id=[ 384, 1352 ] end=102400 piso=4073472
COUNTS id=[ 384, 1353 ] end=62464 piso=1119744
COUNTS id=[ 384, 1354 ] end=53248 piso=1202688
COUNTS id=[ 384, 1355 ] end=28160 piso=772608
COUNTS id=[ 384, 1356 ] end=229376 piso=6242304
COUNTS id=[ 384, 1357 ] end=118784 piso=2555904
COUNTS id=[ 384, 1358 ] end=217088 piso=6242304
COUNTS id=[ 384, 1359 ] end=106496 piso=2555904
COUNTS id=[ 384, 1360 ] end=176128 piso=1898496
COUNTS id=[ 384, 1361 ] end=176128 piso=1898496
COUNTS id=[ 384, 1362 ] end=126976 piso=1751040
COUNTS id=[ 384, 1363 ] end=30720 piso=1207296
COUNTS id=[ 384, 1364 ] end=30720 piso=1207296
COUNTS id=[ 384, 1365 ] end=30720 piso=1207296
COUNTS id=[ 384, 1366 ] end=30720 piso=1207296
COUNTS id=[ 384, 1367 ] end=61440 piso=3572736
COUNTS id=[ 384, 1368 ] end=61440 piso=3572736
COUNTS id=[ 384, 1369 ] end=30720 piso=1643520
COUNTS id=[ 384, 1370 ] end=30720 piso=1643520
COUNTS id=[ 384, 1371 ] end=81920 piso=1661952
COUNTS id=[ 384, 1372 ] end=81920 piso=1661952
COUNTS id=[ 384, 1373 ] end=38912 piso=1238016
COUNTS id=[ 384, 1374 ] end=38912 piso=1238016
COUNTS id=[ 384, 1375 ] end=116736 piso=3604992
COUNTS id=[ 384, 1376 ] end=116736 piso=3604992
COUNTS id=[ 384, 1377 ] end=36864 piso=1737216
COUNTS id=[ 384, 1378 ] end=36864 piso=1737216
COUNTS id=[ 384, 1379 ] end=116736 piso=4030464
COUNTS id=[ 384, 1380 ] end=49152 piso=1603584
PROGRESS checked=100 hits=0 reversed=0 runtime_ms=202435
COUNTS id=[ 384, 1381 ] end=49152 piso=2347008
COUNTS id=[ 384, 1382 ] end=116736 piso=3434496
COUNTS id=[ 384, 1383 ] end=25088 piso=1265664
COUNTS id=[ 384, 1384 ] end=25088 piso=1265664
COUNTS id=[ 384, 1385 ] end=18944 piso=1247232
COUNTS id=[ 384, 1386 ] end=25088 piso=1574400
COUNTS id=[ 384, 1387 ] end=25088 piso=1574400
COUNTS id=[ 384, 1388 ] end=18944 piso=1027584
COUNTS id=[ 384, 1389 ] end=92160 piso=2695680
COUNTS id=[ 384, 1390 ] end=30720 piso=1221120
COUNTS id=[ 384, 1391 ] end=30720 piso=1268736
COUNTS id=[ 384, 1392 ] end=30720 piso=1221120
COUNTS id=[ 384, 1393 ] end=30720 piso=1268736
COUNTS id=[ 384, 1394 ] end=30720 piso=1221120
COUNTS id=[ 384, 1395 ] end=30720 piso=1268736
COUNTS id=[ 384, 1396 ] end=30720 piso=1221120
COUNTS id=[ 384, 1397 ] end=30720 piso=1268736
COUNTS id=[ 384, 1398 ] end=131072 piso=8709120
COUNTS id=[ 384, 1399 ] end=131072 piso=8709120
COUNTS id=[ 384, 1400 ] end=32768 piso=3081216
COUNTS id=[ 384, 1401 ] end=32768 piso=3081216
COUNTS id=[ 384, 1402 ] end=154112 piso=3686400
COUNTS id=[ 384, 1403 ] end=154112 piso=3686400
COUNTS id=[ 384, 1404 ] end=18944 piso=1886208
COUNTS id=[ 384, 1405 ] end=18944 piso=1886208
COUNTS id=[ 384, 1406 ] end=51200 piso=2434560
COUNTS id=[ 384, 1407 ] end=51200 piso=2434560
COUNTS id=[ 384, 1408 ] end=32768 piso=2403840
COUNTS id=[ 384, 1409 ] end=32768 piso=2390016
COUNTS id=[ 384, 1410 ] end=25088 piso=1708032
COUNTS id=[ 384, 1411 ] end=25088 piso=1708032
COUNTS id=[ 384, 1412 ] end=18944 piso=1087488
COUNTS id=[ 384, 1413 ] end=18944 piso=1087488
COUNTS id=[ 384, 1414 ] end=37376 piso=1414656
COUNTS id=[ 384, 1415 ] end=37376 piso=1414656
COUNTS id=[ 384, 1416 ] end=18944 piso=1383936
COUNTS id=[ 384, 1417 ] end=18944 piso=1247232
COUNTS id=[ 384, 1418 ] end=25088 piso=1586688
COUNTS id=[ 384, 1419 ] end=25088 piso=1586688
COUNTS id=[ 384, 1420 ] end=18944 piso=1027584
COUNTS id=[ 384, 1421 ] end=18944 piso=1089024
COUNTS id=[ 384, 1422 ] end=18944 piso=1089024
COUNTS id=[ 384, 1423 ] end=118784 piso=2519040
COUNTS id=[ 384, 1424 ] end=118784 piso=1314816
COUNTS id=[ 384, 1425 ] end=81920 piso=1394688
COUNTS id=[ 384, 1426 ] end=30720 piso=1477632
COUNTS id=[ 384, 1427 ] end=30720 piso=1514496
COUNTS id=[ 384, 1428 ] end=61440 piso=3406848
COUNTS id=[ 384, 1429 ] end=67584 piso=3443712
COUNTS id=[ 384, 1430 ] end=30720 piso=1477632
COUNTS id=[ 384, 1431 ] end=30720 piso=1514496
COUNTS id=[ 384, 1432 ] end=61440 piso=3406848
COUNTS id=[ 384, 1433 ] end=67584 piso=3443712
COUNTS id=[ 384, 1434 ] end=63488 piso=1419264
COUNTS id=[ 384, 1435 ] end=63488 piso=1419264
COUNTS id=[ 384, 1436 ] end=63488 piso=1320960
COUNTS id=[ 384, 1437 ] end=63488 piso=1320960
COUNTS id=[ 384, 1438 ] end=141824 piso=12166656
COUNTS id=[ 384, 1439 ] end=71168 piso=4167168
COUNTS id=[ 384, 1440 ] end=49664 piso=3835392
COUNTS id=[ 384, 1441 ] end=516096 piso=21467136
COUNTS id=[ 384, 1442 ] end=253952 piso=5197824
COUNTS id=[ 384, 1443 ] end=327680 piso=8933376
COUNTS id=[ 384, 1444 ] end=143360 piso=3717120
COUNTS id=[ 384, 1445 ] end=143360 piso=3717120
COUNTS id=[ 384, 1446 ] end=94208 piso=2758656
COUNTS id=[ 384, 1447 ] end=104448 piso=8225280
COUNTS id=[ 384, 1448 ] end=104448 piso=8225280
COUNTS id=[ 384, 1449 ] end=92160 piso=2695680
COUNTS id=[ 384, 1450 ] end=143360 piso=8322048
COUNTS id=[ 384, 1451 ] end=143360 piso=8322048
COUNTS id=[ 384, 1452 ] end=63488 piso=2737152
COUNTS id=[ 384, 1453 ] end=63488 piso=2737152
COUNTS id=[ 384, 1454 ] end=104448 piso=9051648
COUNTS id=[ 384, 1455 ] end=73728 piso=3448320
COUNTS id=[ 384, 1456 ] end=196608 piso=14237184
COUNTS id=[ 384, 1457 ] end=165888 piso=9076224
COUNTS id=[ 384, 1458 ] end=86016 piso=4190208
COUNTS id=[ 384, 1459 ] end=178176 piso=9818112
COUNTS id=[ 384, 1460 ] end=73728 piso=3379200
COUNTS id=[ 384, 1461 ] end=165888 piso=9007104
COUNTS id=[ 384, 1462 ] end=395264 piso=24774144
COUNTS id=[ 384, 1463 ] end=204800 piso=9727488
COUNTS id=[ 384, 1464 ] end=63488 piso=5998080
COUNTS id=[ 384, 1465 ] end=38912 piso=2408448
COUNTS id=[ 384, 1466 ] end=38912 piso=2408448
COUNTS id=[ 384, 1467 ] end=32768 piso=2390016
COUNTS id=[ 384, 1468 ] end=131072 piso=6348288
COUNTS id=[ 384, 1469 ] end=106496 piso=6022656
COUNTS id=[ 384, 1470 ] end=112640 piso=6088704
COUNTS id=[ 384, 1471 ] end=112640 piso=6088704
COUNTS id=[ 384, 1472 ] end=122880 piso=6796800
COUNTS id=[ 384, 1473 ] end=184320 piso=14286336
COUNTS id=[ 384, 1474 ] end=86528 piso=5758464
COUNTS id=[ 384, 1475 ] end=68096 piso=3866112
COUNTS id=[ 384, 1476 ] end=55808 piso=3422208
COUNTS id=[ 384, 1477 ] end=55808 piso=3422208
COUNTS id=[ 384, 1478 ] end=58880 piso=3681792
COUNTS id=[ 384, 1479 ] end=58880 piso=3356160
COUNTS id=[ 384, 1480 ] end=81920 piso=2588160
PROGRESS checked=200 hits=0 reversed=0 runtime_ms=367815
COUNTS id=[ 384, 1481 ] end=57344 piso=2065920
COUNTS id=[ 384, 1482 ] end=57344 piso=2205696
COUNTS id=[ 384, 1483 ] end=57344 piso=2205696
COUNTS id=[ 384, 1484 ] end=43008 piso=4240896
COUNTS id=[ 384, 1485 ] end=92160 piso=4800000
COUNTS id=[ 384, 1486 ] end=52736 piso=5654016
COUNTS id=[ 384, 1487 ] end=34304 piso=1869312
COUNTS id=[ 384, 1488 ] end=28160 piso=1492992
COUNTS id=[ 384, 1489 ] end=28160 piso=1492992
COUNTS id=[ 384, 1490 ] end=25088 piso=1684992
COUNTS id=[ 384, 1491 ] end=25088 piso=1494528
COUNTS id=[ 384, 1492 ] end=57344 piso=503808
COUNTS id=[ 384, 1493 ] end=45056 piso=503808
COUNTS id=[ 384, 1494 ] end=30208 piso=453120
COUNTS id=[ 384, 1495 ] end=30208 piso=453120
COUNTS id=[ 384, 1496 ] end=16384 piso=362496
COUNTS id=[ 384, 1497 ] end=32768 piso=610176
COUNTS id=[ 384, 1498 ] end=32768 piso=610176
COUNTS id=[ 384, 1499 ] end=18944 piso=582528
COUNTS id=[ 384, 1500 ] end=18944 piso=582528
COUNTS id=[ 384, 1501 ] end=11776 piso=342528
COUNTS id=[ 384, 1502 ] end=54272 piso=637440
COUNTS id=[ 384, 1503 ] end=54272 piso=637440
COUNTS id=[ 384, 1504 ] end=40960 piso=466944
COUNTS id=[ 384, 1505 ] end=40960 piso=466944
COUNTS id=[ 384, 1506 ] end=17920 piso=905088
COUNTS id=[ 384, 1507 ] end=54784 piso=2843520
COUNTS id=[ 384, 1508 ] end=129536 piso=11276160
COUNTS id=[ 384, 1509 ] end=65024 piso=3715968
COUNTS id=[ 384, 1510 ] end=37376 piso=3319680
COUNTS id=[ 384, 1511 ] end=18944 piso=312192
COUNTS id=[ 384, 1512 ] end=6656 piso=216960
COUNTS id=[ 384, 1513 ] end=114688 piso=4251648
COUNTS id=[ 384, 1514 ] end=94208 piso=3981312
COUNTS id=[ 384, 1515 ] end=65536 piso=2691072
COUNTS id=[ 384, 1516 ] end=53248 piso=1978368
COUNTS id=[ 384, 1517 ] end=40960 piso=1806336
COUNTS id=[ 384, 1518 ] end=180224 piso=13171584
COUNTS id=[ 384, 1519 ] end=97280 piso=4861824
COUNTS id=[ 384, 1520 ] end=51200 piso=4699008
COUNTS id=[ 384, 1521 ] end=22528 piso=564096
COUNTS id=[ 384, 1522 ] end=39424 piso=993792
COUNTS id=[ 384, 1523 ] end=37888 piso=803712
COUNTS id=[ 384, 1524 ] end=74752 piso=3556224
COUNTS id=[ 384, 1525 ] end=31744 piso=1359744
COUNTS id=[ 384, 1526 ] end=17920 piso=1496064
COUNTS id=[ 384, 1527 ] end=262144 piso=7188480
COUNTS id=[ 384, 1528 ] end=237568 piso=6786048
COUNTS id=[ 384, 1529 ] end=114688 piso=3821568
COUNTS id=[ 384, 1530 ] end=83968 piso=4700160
COUNTS id=[ 384, 1531 ] end=83968 piso=3969024
COUNTS id=[ 384, 1532 ] end=53248 piso=4300800
COUNTS id=[ 384, 1533 ] end=90112 piso=7113216
COUNTS id=[ 384, 1534 ] end=59392 piso=4127232
COUNTS id=[ 384, 1535 ] end=120832 piso=6269952
COUNTS id=[ 384, 1536 ] end=74752 piso=2849280
DONE checked=256 abelian=0 hits=0 reversed=0 skipped_abelian=0 closest=[ 384, 1293 ] min_ratio=3771/448 runtime_ms=462920
