PARAMETERS start=256 end=256 start_id=10519 end_id=14024 skip_abelian=true log_all=true
ORDER_START order=256 groups=56092
COUNTS id=[ 256, 10519 ] end=1376256 piso=19832832
CLOSEST id=[ 256, 10519 ] end=1376256 piso=19832832 ratio=807/56
COUNTS id=[ 256, 10520 ] end=720896 piso=12492800
COUNTS id=[ 256, 10521 ] end=442368 piso=5318656
CLOSEST id=[ 256, 10521 ] end=442368 piso=5318656 ratio=2597/216
COUNTS id=[ 256, 10522 ] end=5898240 piso=381886464
COUNTS id=[ 256, 10523 ] end=3276800 piso=109256704
COUNTS id=[ 256, 10524 ] end=983040 piso=12247040
COUNTS id=[ 256, 10525 ] end=737280 piso=6488064
CLOSEST id=[ 256, 10525 ] end=737280 piso=6488064 ratio=44/5
COUNTS id=[ 256, 10526 ] end=4718592 piso=360185856
COUNTS id=[ 256, 10527 ] end=1376256 piso=20709376
COUNTS id=[ 256, 10528 ] end=720896 piso=12976128
COUNTS id=[ 256, 10529 ] end=638976 piso=11143168
COUNTS id=[ 256, 10530 ] end=3096576 piso=92332032
COUNTS id=[ 256, 10531 ] end=442368 piso=5318656
COUNTS id=[ 256, 10532 ] end=1081344 piso=13238272
COUNTS id=[ 256, 10533 ] end=425984 piso=7208960
COUNTS id=[ 256, 10534 ] end=638976 piso=10209280
COUNTS id=[ 256, 10535 ] end=1085440 piso=8051200
CLOSEST id=[ 256, 10535 ] end=1085440 piso=8051200 ratio=3145/424
COUNTS id=[ 256, 10536 ] end=708608 piso=5319168
COUNTS id=[ 256, 10537 ] end=126976 piso=4186624
COUNTS id=[ 256, 10538 ] end=208896 piso=3531264
COUNTS id=[ 256, 10539 ] end=5898240 piso=380796928
COUNTS id=[ 256, 10540 ] end=3276800 piso=108167168
COUNTS id=[ 256, 10541 ] end=983040 piso=9388032
COUNTS id=[ 256, 10542 ] end=737280 piso=5021696
CLOSEST id=[ 256, 10542 ] end=737280 piso=5021696 ratio=613/90
COUNTS id=[ 256, 10543 ] end=3145728 piso=91332608
COUNTS id=[ 256, 10544 ] end=1376256 piso=17145856
COUNTS id=[ 256, 10545 ] end=720896 piso=9019392
COUNTS id=[ 256, 10546 ] end=442368 piso=3786752
COUNTS id=[ 256, 10547 ] end=2703360 piso=80502784
COUNTS id=[ 256, 10548 ] end=442368 piso=3827712
COUNTS id=[ 256, 10549 ] end=1081344 piso=12066816
COUNTS id=[ 256, 10550 ] end=425984 piso=5644288
COUNTS id=[ 256, 10551 ] end=442368 piso=4196352
COUNTS id=[ 256, 10552 ] end=5898240 piso=381886464
COUNTS id=[ 256, 10553 ] end=3276800 piso=110305280
COUNTS id=[ 256, 10554 ] end=983040 piso=9166848
COUNTS id=[ 256, 10555 ] end=737280 piso=5062656
COUNTS id=[ 256, 10556 ] end=3145728 piso=91619328
COUNTS id=[ 256, 10557 ] end=1376256 piso=17170432
COUNTS id=[ 256, 10558 ] end=720896 piso=9437184
COUNTS id=[ 256, 10559 ] end=442368 piso=3827712
COUNTS id=[ 256, 10560 ] end=2703360 piso=81027072
COUNTS id=[ 256, 10561 ] end=442368 piso=3827712
COUNTS id=[ 256, 10562 ] end=1081344 piso=12361728
COUNTS id=[ 256, 10563 ] end=425984 piso=6332416
COUNTS id=[ 256, 10564 ] end=442368 piso=3827712
COUNTS id=[ 256, 10565 ] end=5406720 piso=369500160
COUNTS id=[ 256, 10566 ] end=2785280 piso=96083968
COUNTS id=[ 256, 10567 ] end=737280 piso=5021696
COUNTS id=[ 256, 10568 ] end=737280 piso=5021696
COUNTS id=[ 256, 10569 ] end=737280 piso=5611520
COUNTS id=[ 256, 10570 ] end=2703360 piso=80502784
COUNTS id=[ 256, 10571 ] end=1081344 piso=12066816
COUNTS id=[ 256, 10572 ] end=425984 piso=5644288
COUNTS id=[ 256, 10573 ] end=442368 piso=4196352
COUNTS id=[ 256, 10574 ] end=442368 piso=3827712
COUNTS id=[ 256, 10575 ] end=3096576 piso=91045888
COUNTS id=[ 256, 10576 ] end=638976 piso=7178240
COUNTS id=[ 256, 10577 ] end=1081344 piso=12066816
COUNTS id=[ 256, 10578 ] end=425984 piso=5644288
COUNTS id=[ 256, 10579 ] end=442368 piso=3827712
COUNTS id=[ 256, 10580 ] end=3096576 piso=91283456
COUNTS id=[ 256, 10581 ] end=638976 piso=7211008
COUNTS id=[ 256, 10582 ] end=442368 piso=3786752
COUNTS id=[ 256, 10583 ] end=1081344 piso=12107776
COUNTS id=[ 256, 10584 ] end=425984 piso=5685248
COUNTS id=[ 256, 10585 ] end=985088 piso=6230528
CLOSEST id=[ 256, 10585 ] end=985088 piso=6230528 ratio=12169/1924
COUNTS id=[ 256, 10586 ] end=608256 piso=3514880
CLOSEST id=[ 256, 10586 ] end=608256 piso=3514880 ratio=6865/1188
COUNTS id=[ 256, 10587 ] end=888832 piso=5466624
COUNTS id=[ 256, 10588 ] end=512000 piso=2767360
CLOSEST id=[ 256, 10588 ] end=512000 piso=2767360 ratio=1081/200
COUNTS id=[ 256, 10589 ] end=118784 piso=2679296
COUNTS id=[ 256, 10590 ] end=200704 piso=2318848
COUNTS id=[ 256, 10591 ] end=1429504 piso=15030784
COUNTS id=[ 256, 10592 ] end=641024 piso=3457536
CLOSEST id=[ 256, 10592 ] end=641024 piso=3457536 ratio=6753/1252
COUNTS id=[ 256, 10593 ] end=315392 piso=2243072
COUNTS id=[ 256, 10594 ] end=716800 piso=7522816
COUNTS id=[ 256, 10595 ] end=544768 piso=2877952
CLOSEST id=[ 256, 10595 ] end=544768 piso=2877952 ratio=803/152
COUNTS id=[ 256, 10596 ] end=905216 piso=9837056
COUNTS id=[ 256, 10597 ] end=411648 piso=2724352
COUNTS id=[ 256, 10598 ] end=544768 piso=2894336
COUNTS id=[ 256, 10599 ] end=1241088 piso=12814848
COUNTS id=[ 256, 10600 ] end=315392 piso=2226688
COUNTS id=[ 256, 10601 ] end=1482752 piso=16599552
COUNTS id=[ 256, 10602 ] end=729088 piso=6625792
COUNTS id=[ 256, 10603 ] end=798720 piso=4360704
COUNTS id=[ 256, 10604 ] end=163840 piso=2169344
COUNTS id=[ 256, 10605 ] end=507904 piso=2898432
COUNTS id=[ 256, 10606 ] end=286720 piso=9267712
COUNTS id=[ 256, 10607 ] end=122880 piso=5872128
COUNTS id=[ 256, 10608 ] end=1376256 piso=15006208
COUNTS id=[ 256, 10609 ] end=622592 piso=4893184
COUNTS id=[ 256, 10610 ] end=897024 piso=5859840
COUNTS id=[ 256, 10611 ] end=798720 piso=4336128
COUNTS id=[ 256, 10612 ] end=159744 piso=2083328
COUNTS id=[ 256, 10613 ] end=700416 piso=3545600
CLOSEST id=[ 256, 10613 ] end=700416 piso=3545600 ratio=6925/1368
COUNTS id=[ 256, 10614 ] end=1286144 piso=14260736
COUNTS id=[ 256, 10615 ] end=532480 piso=4188672
COUNTS id=[ 256, 10616 ] end=163840 piso=2775552
COUNTS id=[ 256, 10617 ] end=602112 piso=3586560
COUNTS id=[ 256, 10618 ] end=704512 piso=5171712
PROGRESS checked=100 hits=0 reversed=0 runtime_ms=248705
COUNTS id=[ 256, 10619 ] end=253952 piso=8669696
COUNTS id=[ 256, 10620 ] end=90112 piso=4667904
COUNTS id=[ 256, 10621 ] end=4194304 piso=162529280
COUNTS id=[ 256, 10622 ] end=1572864 piso=20971520
COUNTS id=[ 256, 10623 ] end=720896 piso=5488640
COUNTS id=[ 256, 10624 ] end=1245184 piso=12320768
COUNTS id=[ 256, 10625 ] end=589824 piso=5898240
COUNTS id=[ 256, 10626 ] end=393216 piso=3844096
COUNTS id=[ 256, 10627 ] end=3276800 piso=158040064
COUNTS id=[ 256, 10628 ] end=655360 piso=16482304
COUNTS id=[ 256, 10629 ] end=720896 piso=4341760
COUNTS id=[ 256, 10630 ] end=671744 piso=4268032
COUNTS id=[ 256, 10631 ] end=1114112 piso=12484608
COUNTS id=[ 256, 10632 ] end=458752 piso=6062080
COUNTS id=[ 256, 10633 ] end=720896 piso=5324800
COUNTS id=[ 256, 10634 ] end=376832 piso=3868672
COUNTS id=[ 256, 10635 ] end=1015808 piso=11395072
COUNTS id=[ 256, 10636 ] end=360448 piso=4972544
COUNTS id=[ 256, 10637 ] end=376832 piso=3164160
COUNTS id=[ 256, 10638 ] end=671744 piso=4276224
COUNTS id=[ 256, 10639 ] end=376832 piso=3155968
COUNTS id=[ 256, 10640 ] end=516096 piso=2812416
COUNTS id=[ 256, 10641 ] end=139264 piso=1604096
COUNTS id=[ 256, 10642 ] end=122880 piso=1972736
COUNTS id=[ 256, 10643 ] end=204800 piso=2230784
COUNTS id=[ 256, 10644 ] end=3407872 piso=158203904
COUNTS id=[ 256, 10645 ] end=786432 piso=16646144
COUNTS id=[ 256, 10646 ] end=720896 piso=4308992
COUNTS id=[ 256, 10647 ] end=671744 piso=4087808
COUNTS id=[ 256, 10648 ] end=1245184 piso=11665408
COUNTS id=[ 256, 10649 ] end=589824 piso=5242880
COUNTS id=[ 256, 10650 ] end=376832 piso=2967552
COUNTS id=[ 256, 10651 ] end=1048576 piso=11304960
COUNTS id=[ 256, 10652 ] end=393216 piso=4882432
COUNTS id=[ 256, 10653 ] end=393216 piso=3024896
COUNTS id=[ 256, 10654 ] end=3211264 piso=157843456
COUNTS id=[ 256, 10655 ] end=589824 piso=16285696
COUNTS id=[ 256, 10656 ] end=671744 piso=4071424
COUNTS id=[ 256, 10657 ] end=671744 piso=4087808
COUNTS id=[ 256, 10658 ] end=671744 piso=4079616
COUNTS id=[ 256, 10659 ] end=1015808 piso=11198464
COUNTS id=[ 256, 10660 ] end=360448 piso=4775936
COUNTS id=[ 256, 10661 ] end=393216 piso=3024896
COUNTS id=[ 256, 10662 ] end=376832 piso=2951168
COUNTS id=[ 256, 10663 ] end=1048576 piso=11468800
COUNTS id=[ 256, 10664 ] end=393216 piso=5046272
COUNTS id=[ 256, 10665 ] end=376832 piso=3123200
COUNTS id=[ 256, 10666 ] end=393216 piso=3188736
COUNTS id=[ 256, 10667 ] end=514048 piso=2654720
COUNTS id=[ 256, 10668 ] end=137216 piso=1446400
COUNTS id=[ 256, 10669 ] end=516096 piso=2660864
COUNTS id=[ 256, 10670 ] end=139264 piso=1452544
COUNTS id=[ 256, 10671 ] end=114688 piso=1821184
COUNTS id=[ 256, 10672 ] end=196608 piso=2079232
COUNTS id=[ 256, 10673 ] end=720896 piso=7172608
COUNTS id=[ 256, 10674 ] end=315392 piso=1700352
COUNTS id=[ 256, 10675 ] end=167936 piso=1434112
COUNTS id=[ 256, 10676 ] end=737280 piso=7287296
COUNTS id=[ 256, 10677 ] end=114688 piso=2306560
COUNTS id=[ 256, 10678 ] end=167936 piso=1475072
COUNTS id=[ 256, 10679 ] end=315392 piso=1659392
COUNTS id=[ 256, 10680 ] end=131072 piso=2421248
COUNTS id=[ 256, 10681 ] end=7864320 piso=704118784
COUNTS id=[ 256, 10682 ] end=1572864 piso=71827456
COUNTS id=[ 256, 10683 ] end=1114112 piso=12124160
COUNTS id=[ 256, 10684 ] end=2621440 piso=72876032
COUNTS id=[ 256, 10685 ] end=458752 piso=5701632
COUNTS id=[ 256, 10686 ] end=1245184 piso=11665408
COUNTS id=[ 256, 10687 ] end=589824 piso=5242880
COUNTS id=[ 256, 10688 ] end=393216 piso=3188736
COUNTS id=[ 256, 10689 ] end=6029312 piso=699957248
COUNTS id=[ 256, 10690 ] end=786432 piso=68583424
COUNTS id=[ 256, 10691 ] end=1114112 piso=12353536
COUNTS id=[ 256, 10692 ] end=1015808 piso=11354112
COUNTS id=[ 256, 10693 ] end=786432 piso=68714496
COUNTS id=[ 256, 10694 ] end=786432 piso=68583424
COUNTS id=[ 256, 10695 ] end=458752 piso=5931008
COUNTS id=[ 256, 10696 ] end=360448 piso=4931584
COUNTS id=[ 256, 10697 ] end=1114112 piso=12156928
COUNTS id=[ 256, 10698 ] end=458752 piso=5734400
COUNTS id=[ 256, 10699 ] end=1114112 piso=11304960
COUNTS id=[ 256, 10700 ] end=458752 piso=4882432
COUNTS id=[ 256, 10701 ] end=376832 piso=2992128
COUNTS id=[ 256, 10702 ] end=1015808 piso=11198464
COUNTS id=[ 256, 10703 ] end=360448 piso=4775936
COUNTS id=[ 256, 10704 ] end=376832 piso=2967552
COUNTS id=[ 256, 10705 ] end=1015808 piso=11149312
COUNTS id=[ 256, 10706 ] end=360448 piso=4726784
COUNTS id=[ 256, 10707 ] end=376832 piso=3606528
COUNTS id=[ 256, 10708 ] end=1261568 piso=21752320
COUNTS id=[ 256, 10709 ] end=212992 piso=8665600
COUNTS id=[ 256, 10710 ] end=131072 piso=4020736
COUNTS id=[ 256, 10711 ] end=131072 piso=3951104
COUNTS id=[ 256, 10712 ] end=548864 piso=3723776
COUNTS id=[ 256, 10713 ] end=90112 piso=2048512
COUNTS id=[ 256, 10714 ] end=172032 piso=1765888
COUNTS id=[ 256, 10715 ] end=172032 piso=1769984
COUNTS id=[ 256, 10716 ] end=6291456 piso=700317696
COUNTS id=[ 256, 10717 ] end=786432 piso=68550656
COUNTS id=[ 256, 10718 ] end=1114112 piso=11468800
PROGRESS checked=200 hits=0 reversed=0 runtime_ms=518443
COUNTS id=[ 256, 10719 ] end=1015808 piso=11165696
COUNTS id=[ 256, 10720 ] end=1048576 piso=69074944
COUNTS id=[ 256, 10721 ] end=458752 piso=5046272
COUNTS id=[ 256, 10722 ] end=360448 piso=4743168
COUNTS id=[ 256, 10723 ] end=1245184 piso=12320768
COUNTS id=[ 256, 10724 ] end=589824 piso=5898240
COUNTS id=[ 256, 10725 ] end=376832 piso=3164160
COUNTS id=[ 256, 10726 ] end=1048576 piso=11304960
COUNTS id=[ 256, 10727 ] end=393216 piso=4882432
COUNTS id=[ 256, 10728 ] end=393216 piso=3024896
COUNTS id=[ 256, 10729 ] end=5898240 piso=699760640
COUNTS id=[ 256, 10730 ] end=589824 piso=68190208
COUNTS id=[ 256, 10731 ] end=1015808 piso=11157504
COUNTS id=[ 256, 10732 ] end=1015808 piso=11165696
COUNTS id=[ 256, 10733 ] end=1015808 piso=11345920
COUNTS id=[ 256, 10734 ] end=655360 piso=68517888
COUNTS id=[ 256, 10735 ] end=360448 piso=4734976
COUNTS id=[ 256, 10736 ] end=360448 piso=4743168
COUNTS id=[ 256, 10737 ] end=360448 piso=4923392
COUNTS id=[ 256, 10738 ] end=1015808 piso=11395072
COUNTS id=[ 256, 10739 ] end=360448 piso=4972544
COUNTS id=[ 256, 10740 ] end=393216 piso=3844096
COUNTS id=[ 256, 10741 ] end=376832 piso=3155968
COUNTS id=[ 256, 10742 ] end=1048576 piso=11468800
COUNTS id=[ 256, 10743 ] end=393216 piso=5046272
COUNTS id=[ 256, 10744 ] end=376832 piso=2951168
COUNTS id=[ 256, 10745 ] end=393216 piso=3024896
COUNTS id=[ 256, 10746 ] end=1245184 piso=21502464
COUNTS id=[ 256, 10747 ] end=196608 piso=8415744
COUNTS id=[ 256, 10748 ] end=114688 piso=3770880
COUNTS id=[ 256, 10749 ] end=114688 piso=3701248
COUNTS id=[ 256, 10750 ] end=548864 piso=3805696
COUNTS id=[ 256, 10751 ] end=90112 piso=2130432
COUNTS id=[ 256, 10752 ] end=172032 piso=1847808
COUNTS id=[ 256, 10753 ] end=172032 piso=1851904
COUNTS id=[ 256, 10754 ] end=544768 piso=3656192
COUNTS id=[ 256, 10755 ] end=86016 piso=1980928
COUNTS id=[ 256, 10756 ] end=167936 piso=1698304
COUNTS id=[ 256, 10757 ] end=167936 piso=1702400
COUNTS id=[ 256, 10758 ] end=1253376 piso=21582336
COUNTS id=[ 256, 10759 ] end=548864 piso=3723776
COUNTS id=[ 256, 10760 ] end=172032 piso=1720832
COUNTS id=[ 256, 10761 ] end=237568 piso=8770048
COUNTS id=[ 256, 10762 ] end=114688 piso=3785216
COUNTS id=[ 256, 10763 ] end=167936 piso=1720832
COUNTS id=[ 256, 10764 ] end=548864 piso=3703296
COUNTS id=[ 256, 10765 ] end=131072 piso=3940864
COUNTS id=[ 256, 10766 ] end=90112 piso=2023936
COUNTS id=[ 256, 10767 ] end=204800 piso=8565248
COUNTS id=[ 256, 10768 ] end=90112 piso=2044416
COUNTS id=[ 256, 10769 ] end=172032 piso=1720832
COUNTS id=[ 256, 10770 ] end=1286144 piso=21787136
COUNTS id=[ 256, 10771 ] end=2621440 piso=8388608
CLOSEST id=[ 256, 10771 ] end=2621440 piso=8388608 ratio=16/5
COUNTS id=[ 256, 10772 ] end=2621440 piso=8388608
COUNTS id=[ 256, 10773 ] end=786432 piso=3276800
COUNTS id=[ 256, 10774 ] end=983040 piso=2752512
CLOSEST id=[ 256, 10774 ] end=983040 piso=2752512 ratio=14/5
COUNTS id=[ 256, 10775 ] end=491520 piso=1998848
COUNTS id=[ 256, 10776 ] end=319488 piso=848384
CLOSEST id=[ 256, 10776 ] end=319488 piso=848384 ratio=1657/624
COUNTS id=[ 256, 10777 ] end=319488 piso=848384
COUNTS id=[ 256, 10778 ] end=786432 piso=3932160
COUNTS id=[ 256, 10779 ] end=786432 piso=3932160
COUNTS id=[ 256, 10780 ] end=393216 piso=3014656
COUNTS id=[ 256, 10781 ] end=327680 piso=2555904
COUNTS id=[ 256, 10782 ] end=524288 piso=2228224
COUNTS id=[ 256, 10783 ] end=393216 piso=1900544
COUNTS id=[ 256, 10784 ] end=491520 piso=2203648
COUNTS id=[ 256, 10785 ] end=360448 piso=1810432
COUNTS id=[ 256, 10786 ] end=106496 piso=594432
COUNTS id=[ 256, 10787 ] end=106496 piso=594432
COUNTS id=[ 256, 10788 ] end=393216 piso=3047424
COUNTS id=[ 256, 10789 ] end=393216 piso=3047424
COUNTS id=[ 256, 10790 ] end=327680 piso=1835008
COUNTS id=[ 256, 10791 ] end=278528 piso=1744896
COUNTS id=[ 256, 10792 ] end=327680 piso=2654208
COUNTS id=[ 256, 10793 ] end=327680 piso=1998848
COUNTS id=[ 256, 10794 ] end=278528 piso=1744896
COUNTS id=[ 256, 10795 ] end=278528 piso=2228224
COUNTS id=[ 256, 10796 ] end=278528 piso=1605632
COUNTS id=[ 256, 10797 ] end=278528 piso=1794048
COUNTS id=[ 256, 10798 ] end=278528 piso=1597440
COUNTS id=[ 256, 10799 ] end=61440 piso=479744
COUNTS id=[ 256, 10800 ] end=61440 piso=479744
COUNTS id=[ 256, 10801 ] end=327680 piso=2654208
COUNTS id=[ 256, 10802 ] end=327680 piso=2654208
COUNTS id=[ 256, 10803 ] end=294912 piso=1671168
COUNTS id=[ 256, 10804 ] end=278528 piso=1613824
COUNTS id=[ 256, 10805 ] end=278528 piso=1810432
COUNTS id=[ 256, 10806 ] end=294912 piso=1835008
COUNTS id=[ 256, 10807 ] end=294912 piso=1671168
COUNTS id=[ 256, 10808 ] end=278528 piso=1835008
COUNTS id=[ 256, 10809 ] end=278528 piso=1605632
COUNTS id=[ 256, 10810 ] end=278528 piso=1794048
COUNTS id=[ 256, 10811 ] end=278528 piso=1662976
COUNTS id=[ 256, 10812 ] end=57344 piso=438784
COUNTS id=[ 256, 10813 ] end=57344 piso=438784
COUNTS id=[ 256, 10814 ] end=102400 piso=1100288
COUNTS id=[ 256, 10815 ] end=61440 piso=522752
COUNTS id=[ 256, 10816 ] end=102400 piso=1100288
COUNTS id=[ 256, 10817 ] end=61440 piso=522752
COUNTS id=[ 256, 10818 ] end=69632 piso=532992
PROGRESS checked=300 hits=0 reversed=0 runtime_ms=758463
COUNTS id=[ 256, 10819 ] end=57344 piso=428544
COUNTS id=[ 256, 10820 ] end=69632 piso=532992
COUNTS id=[ 256, 10821 ] end=57344 piso=428544
COUNTS id=[ 256, 10822 ] end=61440 piso=582144
COUNTS id=[ 256, 10823 ] end=77824 piso=676352
COUNTS id=[ 256, 10824 ] end=61440 piso=582144
COUNTS id=[ 256, 10825 ] end=77824 piso=676352
COUNTS id=[ 256, 10826 ] end=57344 piso=475648
COUNTS id=[ 256, 10827 ] end=57344 piso=461312
COUNTS id=[ 256, 10828 ] end=57344 piso=475648
COUNTS id=[ 256, 10829 ] end=57344 piso=461312
COUNTS id=[ 256, 10830 ] end=1245184 piso=4800512
COUNTS id=[ 256, 10831 ] end=688128 piso=1933312
COUNTS id=[ 256, 10832 ] end=262144 piso=1458176
COUNTS id=[ 256, 10833 ] end=229376 piso=819200
COUNTS id=[ 256, 10834 ] end=655360 piso=1900544
COUNTS id=[ 256, 10835 ] end=196608 piso=1425408
COUNTS id=[ 256, 10836 ] end=1179648 piso=4767744
COUNTS id=[ 256, 10837 ] end=221184 piso=786432
COUNTS id=[ 256, 10838 ] end=643072 piso=1666560
CLOSEST id=[ 256, 10838 ] end=643072 piso=1666560 ratio=3255/1256
COUNTS id=[ 256, 10839 ] end=151552 piso=699904
COUNTS id=[ 256, 10840 ] end=458752 piso=1203712
COUNTS id=[ 256, 10841 ] end=147456 piso=675328
COUNTS id=[ 256, 10842 ] end=712704 piso=2801664
COUNTS id=[ 256, 10843 ] end=393216 piso=1204224
COUNTS id=[ 256, 10844 ] end=90112 piso=1228800
COUNTS id=[ 256, 10845 ] end=221184 piso=700416
COUNTS id=[ 256, 10846 ] end=221184 piso=700416
COUNTS id=[ 256, 10847 ] end=671744 piso=3309568
COUNTS id=[ 256, 10848 ] end=393216 piso=1359872
COUNTS id=[ 256, 10849 ] end=360448 piso=1802240
COUNTS id=[ 256, 10850 ] end=147456 piso=1097728
COUNTS id=[ 256, 10851 ] end=108544 piso=593920
COUNTS id=[ 256, 10852 ] end=327680 piso=1802240
COUNTS id=[ 256, 10853 ] end=81920 piso=1097728
COUNTS id=[ 256, 10854 ] end=606208 piso=3309568
COUNTS id=[ 256, 10855 ] end=360448 piso=1359872
COUNTS id=[ 256, 10856 ] end=100352 piso=593920
COUNTS id=[ 256, 10857 ] end=331776 piso=1490432
COUNTS id=[ 256, 10858 ] end=86016 piso=589312
COUNTS id=[ 256, 10859 ] end=358400 piso=1162752
COUNTS id=[ 256, 10860 ] end=79872 piso=572928
COUNTS id=[ 256, 10861 ] end=327680 piso=1076736
COUNTS id=[ 256, 10862 ] end=81920 piso=572928
COUNTS id=[ 256, 10863 ] end=329728 piso=1068544
COUNTS id=[ 256, 10864 ] end=75776 piso=556544
COUNTS id=[ 256, 10865 ] end=557056 piso=2555904
COUNTS id=[ 256, 10866 ] end=311296 piso=1146880
COUNTS id=[ 256, 10867 ] end=303104 piso=1114112
COUNTS id=[ 256, 10868 ] end=57344 piso=933888
COUNTS id=[ 256, 10869 ] end=100352 piso=536576
COUNTS id=[ 256, 10870 ] end=100352 piso=536576
COUNTS id=[ 256, 10871 ] end=770048 piso=3129344
COUNTS id=[ 256, 10872 ] end=409600 piso=1294336
COUNTS id=[ 256, 10873 ] end=180224 piso=1163264
COUNTS id=[ 256, 10874 ] end=118784 piso=573440
COUNTS id=[ 256, 10875 ] end=376832 piso=1261568
COUNTS id=[ 256, 10876 ] end=114688 piso=1130496
COUNTS id=[ 256, 10877 ] end=704512 piso=3096576
COUNTS id=[ 256, 10878 ] end=110592 piso=540672
COUNTS id=[ 256, 10879 ] end=380928 piso=1158656
COUNTS id=[ 256, 10880 ] end=86016 piso=536064
