{"command": ["/project/gap-4.16.1/gap", "-l", "/project/gap-4.16.1", "-q", "-b", "-T", "-m", "128m", "-o", "4g", "-c", "START_ORDER:=384;;END_ORDER:=384;;START_ID:=15361;;END_ID:=15616;;SKIP_ABELIAN:=true;;LOG_ALL:=true;;", "/project/scripts/search_19_20.g"], "source_hashes": {"scripts/search_19_20.g": "7b6a34e9163b58b0248b3c464ae8070783414cd7d14048136dd0e3547b906318", "scripts/lib_19_20.g": "fbcf2d3c4b0648cc1fa87d6e50fc923133d594c029b8430a365caf596ac7ccd5"}}
PARAMETERS start=384 end=384 start_id=15361 end_id=15616 skip_abelian=true log_all=true
ORDER_START order=384 groups=20169
COUNTS id=[ 384, 15361 ] end=262144 piso=12725760
CLOSEST id=[ 384, 15361 ] end=262144 piso=12725760 ratio=24855/512
COUNTS id=[ 384, 15362 ] end=262144 piso=6506496
CLOSEST id=[ 384, 15362 ] end=262144 piso=6506496 ratio=3177/128
COUNTS id=[ 384, 15363 ] end=212992 piso=4800000
CLOSEST id=[ 384, 15363 ] end=212992 piso=4800000 ratio=9375/416
COUNTS id=[ 384, 15364 ] end=245760 piso=12099072
COUNTS id=[ 384, 15365 ] end=458752 piso=11864064
COUNTS id=[ 384, 15366 ] end=385024 piso=6632448
CLOSEST id=[ 384, 15366 ] end=385024 piso=6632448 ratio=6477/376
COUNTS id=[ 384, 15367 ] end=286720 piso=8756736
COUNTS id=[ 384, 15368 ] end=716800 piso=10040832
CLOSEST id=[ 384, 15368 ] end=716800 piso=10040832 ratio=19611/1400
COUNTS id=[ 384, 15369 ] end=520192 piso=8888832
COUNTS id=[ 384, 15370 ] end=360448 piso=6119424
COUNTS id=[ 384, 15371 ] end=102400 piso=4228608
COUNTS id=[ 384, 15372 ] end=102400 piso=4314624
COUNTS id=[ 384, 15373 ] end=458752 piso=7008768
COUNTS id=[ 384, 15374 ] end=643072 piso=9610752
COUNTS id=[ 384, 15375 ] end=102400 piso=4243968
COUNTS id=[ 384, 15376 ] end=360448 piso=5799936
COUNTS id=[ 384, 15377 ] end=360448 piso=5144064
COUNTS id=[ 384, 15378 ] end=126976 piso=4886016
COUNTS id=[ 384, 15379 ] end=126976 piso=5058048
COUNTS id=[ 384, 15380 ] end=360448 piso=5144064
COUNTS id=[ 384, 15381 ] end=200704 piso=5326848
COUNTS id=[ 384, 15382 ] end=643072 piso=8733696
CLOSEST id=[ 384, 15382 ] end=643072 piso=8733696 ratio=8529/628
COUNTS id=[ 384, 15383 ] end=397312 piso=6730752
COUNTS id=[ 384, 15384 ] end=262144 piso=5959680
COUNTS id=[ 384, 15385 ] end=999424 piso=17915904
COUNTS id=[ 384, 15386 ] end=245760 piso=13487616
COUNTS id=[ 384, 15387 ] end=720896 piso=15986688
COUNTS id=[ 384, 15388 ] end=1576960 piso=32822784
COUNTS id=[ 384, 15389 ] end=421888 piso=7013376
COUNTS id=[ 384, 15390 ] end=421888 piso=7031808
COUNTS id=[ 384, 15391 ] end=528384 piso=15805440
COUNTS id=[ 384, 15392 ] end=3596288 piso=318850560
COUNTS id=[ 384, 15393 ] end=442368 piso=13590528
COUNTS id=[ 384, 15394 ] end=729088 piso=12128256
COUNTS id=[ 384, 15395 ] end=3555328 piso=311447040
COUNTS id=[ 384, 15396 ] end=999424 piso=21831168
COUNTS id=[ 384, 15397 ] end=851968 piso=10156032
CLOSEST id=[ 384, 15397 ] end=851968 piso=10156032 ratio=4959/416
COUNTS id=[ 384, 15398 ] end=3588096 piso=311643648
COUNTS id=[ 384, 15399 ] end=397312 piso=6303744
COUNTS id=[ 384, 15400 ] end=753664 piso=13830144
COUNTS id=[ 384, 15401 ] end=397312 piso=5254656
COUNTS id=[ 384, 15402 ] end=716800 piso=10163712
COUNTS id=[ 384, 15403 ] end=1097728 piso=17797632
COUNTS id=[ 384, 15404 ] end=397312 piso=7237632
COUNTS id=[ 384, 15405 ] end=716800 piso=10031616
COUNTS id=[ 384, 15406 ] end=458752 piso=6981120
COUNTS id=[ 384, 15407 ] end=372736 piso=6236160
COUNTS id=[ 384, 15408 ] end=397312 piso=5531136
COUNTS id=[ 384, 15409 ] end=753664 piso=9375744
COUNTS id=[ 384, 15410 ] end=3948544 piso=611986944
COUNTS id=[ 384, 15411 ] end=2211840 piso=20332032
CLOSEST id=[ 384, 15411 ] end=2211840 piso=20332032 ratio=13237/1440
COUNTS id=[ 384, 15412 ] end=2203648 piso=17075712
CLOSEST id=[ 384, 15412 ] end=2203648 piso=17075712 ratio=33351/4304
COUNTS id=[ 384, 15413 ] end=1052672 piso=6842880
CLOSEST id=[ 384, 15413 ] end=1052672 piso=6842880 ratio=13365/2056
COUNTS id=[ 384, 15414 ] end=2166784 piso=15441408
COUNTS id=[ 384, 15415 ] end=1089536 piso=7733760
COUNTS id=[ 384, 15416 ] end=1089536 piso=6824448
CLOSEST id=[ 384, 15416 ] end=1089536 piso=6824448 ratio=13329/2128
COUNTS id=[ 384, 15417 ] end=802816 piso=30326784
COUNTS id=[ 384, 15418 ] end=217088 piso=12539904
COUNTS id=[ 384, 15419 ] end=217088 piso=12576768
COUNTS id=[ 384, 15420 ] end=180224 piso=14688768
COUNTS id=[ 384, 15421 ] end=581632 piso=10940928
COUNTS id=[ 384, 15422 ] end=561152 piso=14779392
COUNTS id=[ 384, 15423 ] end=585728 piso=16567296
COUNTS id=[ 384, 15424 ] end=1257472 piso=32618496
COUNTS id=[ 384, 15425 ] end=987136 piso=15544320
COUNTS id=[ 384, 15426 ] end=479232 piso=10255872
COUNTS id=[ 384, 15427 ] end=172032 piso=5654016
COUNTS id=[ 384, 15428 ] end=536576 piso=8793600
COUNTS id=[ 384, 15429 ] end=942080 piso=16390656
COUNTS id=[ 384, 15430 ] end=172032 piso=6661632
COUNTS id=[ 384, 15431 ] end=479232 piso=8082432
COUNTS id=[ 384, 15432 ] end=274432 piso=17303040
COUNTS id=[ 384, 15433 ] end=172032 piso=10200576
COUNTS id=[ 384, 15434 ] end=217088 piso=10063872
COUNTS id=[ 384, 15435 ] end=786432 piso=16909824
COUNTS id=[ 384, 15436 ] end=172032 piso=6637056
COUNTS id=[ 384, 15437 ] end=479232 piso=7205376
COUNTS id=[ 384, 15438 ] end=479232 piso=8965632
COUNTS id=[ 384, 15439 ] end=172032 piso=5305344
COUNTS id=[ 384, 15440 ] end=643072 piso=141981696
COUNTS id=[ 384, 15441 ] end=647168 piso=14489088
COUNTS id=[ 384, 15442 ] end=290816 piso=12171264
COUNTS id=[ 384, 15443 ] end=847872 piso=12885504
COUNTS id=[ 384, 15444 ] end=208896 piso=5365248
COUNTS id=[ 384, 15445 ] end=536576 piso=9254400
COUNTS id=[ 384, 15446 ] end=180224 piso=7501824
COUNTS id=[ 384, 15447 ] end=192512 piso=7981056
COUNTS id=[ 384, 15448 ] end=536576 piso=8901120
COUNTS id=[ 384, 15449 ] end=954368 piso=14432256
COUNTS id=[ 384, 15450 ] end=172032 piso=6782976
COUNTS id=[ 384, 15451 ] end=491520 piso=10572288
COUNTS id=[ 384, 15452 ] end=172032 piso=5376000
COUNTS id=[ 384, 15453 ] end=172032 piso=6720000
COUNTS id=[ 384, 15454 ] end=479232 piso=8305152
COUNTS id=[ 384, 15455 ] end=479232 piso=8365056
COUNTS id=[ 384, 15456 ] end=479232 piso=7073280
COUNTS id=[ 384, 15457 ] end=479232 piso=8460288
COUNTS id=[ 384, 15458 ] end=479232 piso=7925760
COUNTS id=[ 384, 15459 ] end=172032 piso=5339136
COUNTS id=[ 384, 15460 ] end=847872 piso=15737856
PROGRESS checked=100 hits=0 reversed=0 runtime_ms=312933
COUNTS id=[ 384, 15461 ] end=479232 piso=7228416
COUNTS id=[ 384, 15462 ] end=208896 piso=7351296
COUNTS id=[ 384, 15463 ] end=172032 piso=5363712
COUNTS id=[ 384, 15464 ] end=233472 piso=7183872
COUNTS id=[ 384, 15465 ] end=208896 piso=5690880
COUNTS id=[ 384, 15466 ] end=290816 piso=13768704
COUNTS id=[ 384, 15467 ] end=679936 piso=15902208
COUNTS id=[ 384, 15468 ] end=1619968 piso=26449920
COUNTS id=[ 384, 15469 ] end=8011776 piso=1217538048
COUNTS id=[ 384, 15470 ] end=3706880 piso=318246912
COUNTS id=[ 384, 15471 ] end=3715072 piso=325539840
COUNTS id=[ 384, 15472 ] end=3678208 piso=318730752
COUNTS id=[ 384, 15473 ] end=544768 piso=14490624
COUNTS id=[ 384, 15474 ] end=548864 piso=11131392
COUNTS id=[ 384, 15475 ] end=942080 piso=16181760
COUNTS id=[ 384, 15476 ] end=3706880 piso=320853504
COUNTS id=[ 384, 15477 ] end=4341760 piso=343942656
COUNTS id=[ 384, 15478 ] end=479232 piso=7833600
COUNTS id=[ 384, 15479 ] end=8949760 piso=1290418176
COUNTS id=[ 384, 15480 ] end=479232 piso=7842816
COUNTS id=[ 384, 15481 ] end=942080 piso=16934400
COUNTS id=[ 384, 15482 ] end=1396736 piso=27812352
COUNTS id=[ 384, 15483 ] end=4124672 piso=339628032
COUNTS id=[ 384, 15484 ] end=3649536 piso=314445312
COUNTS id=[ 384, 15485 ] end=811008 piso=13648896
COUNTS id=[ 384, 15486 ] end=479232 piso=10409472
COUNTS id=[ 384, 15487 ] end=847872 piso=13100544
COUNTS id=[ 384, 15488 ] end=4075520 piso=617766912
COUNTS id=[ 384, 15489 ] end=99328 piso=1844736
COUNTS id=[ 384, 15490 ] end=117760 piso=7773696
COUNTS id=[ 384, 15491 ] end=117760 piso=1887744
COUNTS id=[ 384, 15492 ] end=228352 piso=3558912
COUNTS id=[ 384, 15493 ] end=173056 piso=2022912
COUNTS id=[ 384, 15494 ] end=191488 piso=1976832
COUNTS id=[ 384, 15495 ] end=156672 piso=1239552
COUNTS id=[ 384, 15496 ] end=165888 piso=1469952
COUNTS id=[ 384, 15497 ] end=165888 piso=1285632
COUNTS id=[ 384, 15498 ] end=196608 piso=3483648
COUNTS id=[ 384, 15499 ] end=172032 piso=2009088
COUNTS id=[ 384, 15500 ] end=758784 piso=6434304
COUNTS id=[ 384, 15501 ] end=119808 piso=2526720
COUNTS id=[ 384, 15502 ] end=818176 piso=17573376
COUNTS id=[ 384, 15503 ] end=8098816 piso=1257094656
COUNTS id=[ 384, 15504 ] end=812032 piso=17542656
COUNTS id=[ 384, 15505 ] end=635904 piso=5948928
COUNTS id=[ 384, 15506 ] end=135168 piso=1462272
COUNTS id=[ 384, 15507 ] end=635904 piso=5918208
COUNTS id=[ 384, 15508 ] end=135168 piso=1431552
COUNTS id=[ 384, 15509 ] end=234496 piso=136429056
COUNTS id=[ 384, 15510 ] end=95232 piso=2041344
COUNTS id=[ 384, 15511 ] end=95232 piso=2010624
COUNTS id=[ 384, 15512 ] end=498688 piso=12182016
COUNTS id=[ 384, 15513 ] end=446464 piso=3145728
COUNTS id=[ 384, 15514 ] end=446464 piso=5763072
COUNTS id=[ 384, 15515 ] end=225280 piso=2310144
COUNTS id=[ 384, 15516 ] end=1036288 piso=10739712
COUNTS id=[ 384, 15517 ] end=2314240 piso=29552640
COUNTS id=[ 384, 15518 ] end=741376 piso=10727424
COUNTS id=[ 384, 15519 ] end=348160 piso=3913728
COUNTS id=[ 384, 15520 ] end=757760 piso=9501696
COUNTS id=[ 384, 15521 ] end=223232 piso=2446848
COUNTS id=[ 384, 15522 ] end=187392 piso=1892352
COUNTS id=[ 384, 15523 ] end=245760 piso=2783232
COUNTS id=[ 384, 15524 ] end=290816 piso=4316160
COUNTS id=[ 384, 15525 ] end=172032 piso=2211840
COUNTS id=[ 384, 15526 ] end=1632256 piso=24552960
COUNTS id=[ 384, 15527 ] end=329728 piso=18175488
COUNTS id=[ 384, 15528 ] end=1720320 piso=12423168
COUNTS id=[ 384, 15529 ] end=1703936 piso=10727424
COUNTS id=[ 384, 15530 ] end=1548288 piso=9308160
CLOSEST id=[ 384, 15530 ] end=1548288 piso=9308160 ratio=505/84
COUNTS id=[ 384, 15531 ] end=1630208 piso=10604544
COUNTS id=[ 384, 15532 ] end=1622016 piso=10610688
COUNTS id=[ 384, 15533 ] end=1622016 piso=9504768
CLOSEST id=[ 384, 15533 ] end=1622016 piso=9504768 ratio=1547/264
COUNTS id=[ 384, 15534 ] end=1884160 piso=42345984
COUNTS id=[ 384, 15535 ] end=851968 piso=22906368
COUNTS id=[ 384, 15536 ] end=8142848 piso=1214080512
COUNTS id=[ 384, 15537 ] end=819200 piso=118003200
COUNTS id=[ 384, 15538 ] end=208896 piso=9268224
COUNTS id=[ 384, 15539 ] end=208896 piso=5686272
COUNTS id=[ 384, 15540 ] end=536576 piso=9991680
COUNTS id=[ 384, 15541 ] end=3686400 piso=318091776
COUNTS id=[ 384, 15542 ] end=172032 piso=6200832
COUNTS id=[ 384, 15543 ] end=614400 piso=9767424
COUNTS id=[ 384, 15544 ] end=172032 piso=6124032
COUNTS id=[ 384, 15545 ] end=1052672 piso=17186304
COUNTS id=[ 384, 15546 ] end=1052672 piso=18703872
COUNTS id=[ 384, 15547 ] end=290816 piso=7527936
COUNTS id=[ 384, 15548 ] end=290816 piso=7669248
COUNTS id=[ 384, 15549 ] end=405504 piso=11417088
COUNTS id=[ 384, 15550 ] end=1167360 piso=16320000
COUNTS id=[ 384, 15551 ] end=954368 piso=16138752
COUNTS id=[ 384, 15552 ] end=299008 piso=6188544
COUNTS id=[ 384, 15553 ] end=282624 piso=6151680
COUNTS id=[ 384, 15554 ] end=446464 piso=8706048
COUNTS id=[ 384, 15555 ] end=4280320 piso=66410496
COUNTS id=[ 384, 15556 ] end=1134592 piso=18241536
COUNTS id=[ 384, 15557 ] end=516096 piso=7110144
COUNTS id=[ 384, 15558 ] end=180224 piso=7618560
COUNTS id=[ 384, 15559 ] end=942080 piso=15739392
COUNTS id=[ 384, 15560 ] end=479232 piso=10704384
PROGRESS checked=200 hits=0 reversed=0 runtime_ms=625472
COUNTS id=[ 384, 15561 ] end=172032 piso=6577152
COUNTS id=[ 384, 15562 ] end=479232 piso=7888896
COUNTS id=[ 384, 15563 ] end=491520 piso=8848896
COUNTS id=[ 384, 15564 ] end=172032 piso=6160896
COUNTS id=[ 384, 15565 ] end=208896 piso=9415680
COUNTS id=[ 384, 15566 ] end=208896 piso=5905920
COUNTS id=[ 384, 15567 ] end=872448 piso=13389312
COUNTS id=[ 384, 15568 ] end=282624 piso=6156288
COUNTS id=[ 384, 15569 ] end=2347008 piso=22290432
COUNTS id=[ 384, 15570 ] end=446464 piso=7323648
COUNTS id=[ 384, 15571 ] end=598016 piso=8715264
COUNTS id=[ 384, 15572 ] end=598016 piso=13747200
COUNTS id=[ 384, 15573 ] end=479232 piso=9524736
COUNTS id=[ 384, 15574 ] end=1183744 piso=17112576
COUNTS id=[ 384, 15575 ] end=479232 piso=9570816
COUNTS id=[ 384, 15576 ] end=516096 piso=7882752
COUNTS id=[ 384, 15577 ] end=720896 piso=9062400
COUNTS id=[ 384, 15578 ] end=921600 piso=15711744
COUNTS id=[ 384, 15579 ] end=4136960 piso=340091904
COUNTS id=[ 384, 15580 ] end=536576 piso=10160640
COUNTS id=[ 384, 15581 ] end=3649536 piso=315565056
COUNTS id=[ 384, 15582 ] end=479232 piso=7382016
COUNTS id=[ 384, 15583 ] end=970752 piso=14757888
COUNTS id=[ 384, 15584 ] end=737280 piso=15740928
COUNTS id=[ 384, 15585 ] end=790528 piso=5013504
COUNTS id=[ 384, 15586 ] end=1576960 piso=21467136
COUNTS id=[ 384, 15587 ] end=593920 piso=5591040
COUNTS id=[ 384, 15588 ] end=176128 piso=1775616
COUNTS id=[ 384, 15589 ] end=397312 piso=3317760
COUNTS id=[ 384, 15590 ] end=692224 piso=4755456
COUNTS id=[ 384, 15591 ] end=126976 piso=1646592
COUNTS id=[ 384, 15592 ] end=593920 piso=6331392
COUNTS id=[ 384, 15593 ] end=83968 piso=1328640
COUNTS id=[ 384, 15594 ] end=56320 piso=884736
COUNTS id=[ 384, 15595 ] end=114688 piso=1517568
COUNTS id=[ 384, 15596 ] end=225280 piso=2423808
COUNTS id=[ 384, 15597 ] end=40960 piso=1241088
COUNTS id=[ 384, 15598 ] end=491520 piso=8103936
COUNTS id=[ 384, 15599 ] end=475136 piso=6113280
COUNTS id=[ 384, 15600 ] end=401408 piso=5087232
COUNTS id=[ 384, 15601 ] end=401408 piso=6432768
COUNTS id=[ 384, 15602 ] end=475136 piso=6389760
COUNTS id=[ 384, 15603 ] end=475136 piso=5136384
COUNTS id=[ 384, 15604 ] end=303104 piso=11532288
COUNTS id=[ 384, 15605 ] end=151552 piso=5094912
COUNTS id=[ 384, 15606 ] end=520192 piso=9334272
COUNTS id=[ 384, 15607 ] end=114688 piso=5070336
COUNTS id=[ 384, 15608 ] end=266240 piso=11351040
COUNTS id=[ 384, 15609 ] end=249856 piso=5031936
COUNTS id=[ 384, 15610 ] end=118784 piso=5289984
COUNTS id=[ 384, 15611 ] end=249856 piso=4455936
COUNTS id=[ 384, 15612 ] end=471040 piso=6825984
COUNTS id=[ 384, 15613 ] end=167936 piso=7507968
COUNTS id=[ 384, 15614 ] end=323584 piso=5414400
COUNTS id=[ 384, 15615 ] end=225280 piso=5389824
COUNTS id=[ 384, 15616 ] end=593920 piso=9727488
DONE checked=256 abelian=0 hits=0 reversed=0 skipped_abelian=0 closest=[ 384, 15533 ] min_ratio=1547/264 runtime_ms=772188
