{"command": ["/project/gap-4.16.1/gap", "-l", "/project/gap-4.16.1", "-q", "-b", "-T", "-m", "128m", "-o", "4g", "-c", "START_ORDER:=384;;END_ORDER:=384;;START_ID:=10753;;END_ID:=11008;;SKIP_ABELIAN:=true;;LOG_ALL:=true;;", "/project/scripts/search_19_20.g"], "source_hashes": {"scripts/search_19_20.g": "7b6a34e9163b58b0248b3c464ae8070783414cd7d14048136dd0e3547b906318", "scripts/lib_19_20.g": "fbcf2d3c4b0648cc1fa87d6e50fc923133d594c029b8430a365caf596ac7ccd5"}}
PARAMETERS start=384 end=384 start_id=10753 end_id=11008 skip_abelian=true log_all=true
ORDER_START order=384 groups=20169
COUNTS id=[ 384, 10753 ] end=40960 piso=4211712
CLOSEST id=[ 384, 10753 ] end=40960 piso=4211712 ratio=4113/40
COUNTS id=[ 384, 10754 ] end=483328 piso=7744512
CLOSEST id=[ 384, 10754 ] end=483328 piso=7744512 ratio=7563/472
COUNTS id=[ 384, 10755 ] end=741376 piso=13845504
COUNTS id=[ 384, 10756 ] end=544768 piso=9564672
COUNTS id=[ 384, 10757 ] end=372736 piso=9761280
COUNTS id=[ 384, 10758 ] end=53248 piso=4724736
COUNTS id=[ 384, 10759 ] end=151552 piso=5618688
COUNTS id=[ 384, 10760 ] end=495616 piso=9532416
COUNTS id=[ 384, 10761 ] end=249856 piso=4767744
COUNTS id=[ 384, 10762 ] end=249856 piso=4733952
COUNTS id=[ 384, 10763 ] end=249856 piso=4795392
COUNTS id=[ 384, 10764 ] end=249856 piso=4740096
COUNTS id=[ 384, 10765 ] end=249856 piso=4743168
COUNTS id=[ 384, 10766 ] end=458752 piso=8529408
COUNTS id=[ 384, 10767 ] end=249856 piso=7664640
COUNTS id=[ 384, 10768 ] end=40960 piso=4583424
COUNTS id=[ 384, 10769 ] end=249856 piso=5194752
COUNTS id=[ 384, 10770 ] end=114688 piso=4498944
COUNTS id=[ 384, 10771 ] end=114688 piso=4560384
COUNTS id=[ 384, 10772 ] end=323584 piso=5190144
COUNTS id=[ 384, 10773 ] end=40960 piso=4595712
COUNTS id=[ 384, 10774 ] end=495616 piso=6873600
CLOSEST id=[ 384, 10774 ] end=495616 piso=6873600 ratio=13425/968
COUNTS id=[ 384, 10775 ] end=458752 piso=6961152
COUNTS id=[ 384, 10776 ] end=249856 piso=4185600
COUNTS id=[ 384, 10777 ] end=249856 piso=4228608
COUNTS id=[ 384, 10778 ] end=458752 piso=6908928
COUNTS id=[ 384, 10779 ] end=778240 piso=16513536
COUNTS id=[ 384, 10780 ] end=286720 piso=5452800
COUNTS id=[ 384, 10781 ] end=200704 piso=6005760
COUNTS id=[ 384, 10782 ] end=286720 piso=5846016
COUNTS id=[ 384, 10783 ] end=151552 piso=5054976
COUNTS id=[ 384, 10784 ] end=311296 piso=5829120
COUNTS id=[ 384, 10785 ] end=458752 piso=7891968
COUNTS id=[ 384, 10786 ] end=102400 piso=5239296
COUNTS id=[ 384, 10787 ] end=102400 piso=5300736
COUNTS id=[ 384, 10788 ] end=1060864 piso=23706624
COUNTS id=[ 384, 10789 ] end=778240 piso=13956096
COUNTS id=[ 384, 10790 ] end=249856 piso=7351296
COUNTS id=[ 384, 10791 ] end=102400 piso=5011968
COUNTS id=[ 384, 10792 ] end=77824 piso=5035008
COUNTS id=[ 384, 10793 ] end=667648 piso=11696640
COUNTS id=[ 384, 10794 ] end=458752 piso=6749184
COUNTS id=[ 384, 10795 ] end=458752 piso=6743040
COUNTS id=[ 384, 10796 ] end=249856 piso=4119552
COUNTS id=[ 384, 10797 ] end=249856 piso=4122624
COUNTS id=[ 384, 10798 ] end=249856 piso=4128768
COUNTS id=[ 384, 10799 ] end=249856 piso=4690944
COUNTS id=[ 384, 10800 ] end=249856 piso=4684800
COUNTS id=[ 384, 10801 ] end=249856 piso=4681728
COUNTS id=[ 384, 10802 ] end=249856 piso=3970560
COUNTS id=[ 384, 10803 ] end=249856 piso=4068864
COUNTS id=[ 384, 10804 ] end=40960 piso=4021248
COUNTS id=[ 384, 10805 ] end=40960 piso=4018176
COUNTS id=[ 384, 10806 ] end=40960 piso=4048896
COUNTS id=[ 384, 10807 ] end=40960 piso=4027392
COUNTS id=[ 384, 10808 ] end=520192 piso=7684608
COUNTS id=[ 384, 10809 ] end=286720 piso=5337600
COUNTS id=[ 384, 10810 ] end=409600 piso=6488064
COUNTS id=[ 384, 10811 ] end=114688 piso=4514304
COUNTS id=[ 384, 10812 ] end=114688 piso=4508160
COUNTS id=[ 384, 10813 ] end=249856 piso=5580288
COUNTS id=[ 384, 10814 ] end=753664 piso=16679424
COUNTS id=[ 384, 10815 ] end=483328 piso=9128448
COUNTS id=[ 384, 10816 ] end=741376 piso=13988352
COUNTS id=[ 384, 10817 ] end=1024000 piso=23556096
COUNTS id=[ 384, 10818 ] end=188416 piso=6650880
COUNTS id=[ 384, 10819 ] end=188416 piso=6617088
COUNTS id=[ 384, 10820 ] end=249856 piso=6246912
COUNTS id=[ 384, 10821 ] end=40960 piso=5544960
COUNTS id=[ 384, 10822 ] end=40960 piso=5551104
COUNTS id=[ 384, 10823 ] end=40960 piso=5501952
COUNTS id=[ 384, 10824 ] end=323584 piso=6474240
COUNTS id=[ 384, 10825 ] end=249856 piso=5303808
COUNTS id=[ 384, 10826 ] end=458752 piso=6810624
COUNTS id=[ 384, 10827 ] end=249856 piso=4703232
COUNTS id=[ 384, 10828 ] end=667648 piso=11739648
COUNTS id=[ 384, 10829 ] end=249856 piso=4165632
COUNTS id=[ 384, 10830 ] end=114688 piso=4400640
COUNTS id=[ 384, 10831 ] end=114688 piso=4403712
COUNTS id=[ 384, 10832 ] end=40960 piso=4354560
COUNTS id=[ 384, 10833 ] end=40960 piso=4363776
COUNTS id=[ 384, 10834 ] end=40960 piso=4351488
COUNTS id=[ 384, 10835 ] end=40960 piso=4360704
COUNTS id=[ 384, 10836 ] end=40960 piso=4348416
COUNTS id=[ 384, 10837 ] end=40960 piso=4222464
COUNTS id=[ 384, 10838 ] end=40960 piso=4237824
COUNTS id=[ 384, 10839 ] end=40960 piso=4243968
COUNTS id=[ 384, 10840 ] end=409600 piso=6595584
COUNTS id=[ 384, 10841 ] end=262144 piso=5171712
COUNTS id=[ 384, 10842 ] end=40960 piso=4141056
COUNTS id=[ 384, 10843 ] end=40960 piso=4042752
COUNTS id=[ 384, 10844 ] end=40960 piso=4070400
COUNTS id=[ 384, 10845 ] end=40960 piso=4067328
COUNTS id=[ 384, 10846 ] end=40960 piso=4079616
COUNTS id=[ 384, 10847 ] end=40960 piso=4076544
COUNTS id=[ 384, 10848 ] end=53248 piso=4153344
COUNTS id=[ 384, 10849 ] end=77824 piso=4193280
COUNTS id=[ 384, 10850 ] end=249856 piso=4657152
COUNTS id=[ 384, 10851 ] end=249856 piso=4690944
COUNTS id=[ 384, 10852 ] end=249856 piso=4010496
PROGRESS checked=100 hits=0 reversed=0 runtime_ms=278101
COUNTS id=[ 384, 10853 ] end=249856 piso=4170240
COUNTS id=[ 384, 10854 ] end=114688 piso=4459008
COUNTS id=[ 384, 10855 ] end=114688 piso=4455936
COUNTS id=[ 384, 10856 ] end=114688 piso=4440576
COUNTS id=[ 384, 10857 ] end=249856 piso=4165632
COUNTS id=[ 384, 10858 ] end=40960 piso=4128768
COUNTS id=[ 384, 10859 ] end=40960 piso=4036608
COUNTS id=[ 384, 10860 ] end=40960 piso=4048896
COUNTS id=[ 384, 10861 ] end=249856 piso=4044288
COUNTS id=[ 384, 10862 ] end=458752 piso=6752256
COUNTS id=[ 384, 10863 ] end=458752 piso=8944128
COUNTS id=[ 384, 10864 ] end=458752 piso=6773760
COUNTS id=[ 384, 10865 ] end=495616 piso=8618496
COUNTS id=[ 384, 10866 ] end=471040 piso=8550912
COUNTS id=[ 384, 10867 ] end=249856 piso=4001280
COUNTS id=[ 384, 10868 ] end=569344 piso=9108480
COUNTS id=[ 384, 10869 ] end=249856 piso=4706304
COUNTS id=[ 384, 10870 ] end=323584 piso=5122560
COUNTS id=[ 384, 10871 ] end=323584 piso=5128704
COUNTS id=[ 384, 10872 ] end=53248 piso=4538880
COUNTS id=[ 384, 10873 ] end=249856 piso=5400576
COUNTS id=[ 384, 10874 ] end=40960 piso=4804608
COUNTS id=[ 384, 10875 ] end=249856 piso=4130304
COUNTS id=[ 384, 10876 ] end=77824 piso=4316160
COUNTS id=[ 384, 10877 ] end=53248 piso=4233216
COUNTS id=[ 384, 10878 ] end=53248 piso=4245504
COUNTS id=[ 384, 10879 ] end=495616 piso=6615552
CLOSEST id=[ 384, 10879 ] end=495616 piso=6615552 ratio=12921/968
COUNTS id=[ 384, 10880 ] end=249856 piso=4147200
COUNTS id=[ 384, 10881 ] end=249856 piso=4137984
COUNTS id=[ 384, 10882 ] end=200704 piso=5778432
COUNTS id=[ 384, 10883 ] end=225280 piso=5827584
COUNTS id=[ 384, 10884 ] end=40960 piso=4721664
COUNTS id=[ 384, 10885 ] end=40960 piso=4730880
COUNTS id=[ 384, 10886 ] end=667648 piso=10824192
COUNTS id=[ 384, 10887 ] end=126976 piso=4575744
COUNTS id=[ 384, 10888 ] end=126976 piso=4551168
COUNTS id=[ 384, 10889 ] end=262144 piso=5544960
COUNTS id=[ 384, 10890 ] end=176128 piso=4655616
COUNTS id=[ 384, 10891 ] end=102400 piso=4294656
COUNTS id=[ 384, 10892 ] end=360448 piso=7812096
COUNTS id=[ 384, 10893 ] end=311296 piso=6744576
COUNTS id=[ 384, 10894 ] end=151552 piso=6743040
COUNTS id=[ 384, 10895 ] end=249856 piso=4239360
COUNTS id=[ 384, 10896 ] end=249856 piso=4248576
COUNTS id=[ 384, 10897 ] end=249856 piso=4254720
COUNTS id=[ 384, 10898 ] end=471040 piso=8231424
COUNTS id=[ 384, 10899 ] end=77824 piso=4833792
COUNTS id=[ 384, 10900 ] end=53248 piso=4726272
COUNTS id=[ 384, 10901 ] end=53248 piso=4713984
COUNTS id=[ 384, 10902 ] end=249856 piso=4397568
COUNTS id=[ 384, 10903 ] end=249856 piso=4308480
COUNTS id=[ 384, 10904 ] end=458752 piso=6578688
COUNTS id=[ 384, 10905 ] end=249856 piso=4411392
COUNTS id=[ 384, 10906 ] end=249856 piso=4340736
COUNTS id=[ 384, 10907 ] end=40960 piso=4561920
COUNTS id=[ 384, 10908 ] end=40960 piso=4478976
COUNTS id=[ 384, 10909 ] end=40960 piso=4475904
COUNTS id=[ 384, 10910 ] end=40960 piso=4521984
COUNTS id=[ 384, 10911 ] end=40960 piso=4475904
COUNTS id=[ 384, 10912 ] end=40960 piso=4509696
COUNTS id=[ 384, 10913 ] end=40960 piso=4494336
COUNTS id=[ 384, 10914 ] end=200704 piso=5595648
COUNTS id=[ 384, 10915 ] end=348160 piso=7369728
COUNTS id=[ 384, 10916 ] end=638976 piso=39767040
COUNTS id=[ 384, 10917 ] end=507904 piso=15438336
COUNTS id=[ 384, 10918 ] end=348160 piso=10480128
COUNTS id=[ 384, 10919 ] end=741376 piso=19974144
COUNTS id=[ 384, 10920 ] end=581632 piso=15820800
COUNTS id=[ 384, 10921 ] end=311296 piso=11670528
COUNTS id=[ 384, 10922 ] end=483328 piso=11966976
COUNTS id=[ 384, 10923 ] end=483328 piso=11930112
COUNTS id=[ 384, 10924 ] end=249856 piso=9741312
COUNTS id=[ 384, 10925 ] end=249856 piso=9741312
COUNTS id=[ 384, 10926 ] end=249856 piso=9762816
COUNTS id=[ 384, 10927 ] end=544768 piso=11842560
COUNTS id=[ 384, 10928 ] end=249856 piso=9695232
COUNTS id=[ 384, 10929 ] end=249856 piso=9676800
COUNTS id=[ 384, 10930 ] end=249856 piso=9682944
COUNTS id=[ 384, 10931 ] end=458752 piso=11421696
COUNTS id=[ 384, 10932 ] end=618496 piso=15965184
COUNTS id=[ 384, 10933 ] end=262144 piso=9756672
COUNTS id=[ 384, 10934 ] end=802816 piso=17330688
COUNTS id=[ 384, 10935 ] end=569344 piso=13261824
COUNTS id=[ 384, 10936 ] end=409600 piso=12575232
COUNTS id=[ 384, 10937 ] end=802816 piso=16985088
COUNTS id=[ 384, 10938 ] end=483328 piso=11587584
COUNTS id=[ 384, 10939 ] end=286720 piso=10257408
COUNTS id=[ 384, 10940 ] end=483328 piso=9093120
COUNTS id=[ 384, 10941 ] end=1024000 piso=26482176
COUNTS id=[ 384, 10942 ] end=249856 piso=5442048
COUNTS id=[ 384, 10943 ] end=249856 piso=5438976
COUNTS id=[ 384, 10944 ] end=249856 piso=5463552
COUNTS id=[ 384, 10945 ] end=249856 piso=5555712
COUNTS id=[ 384, 10946 ] end=483328 piso=7577088
COUNTS id=[ 384, 10947 ] end=741376 piso=16301568
COUNTS id=[ 384, 10948 ] end=483328 piso=7756800
COUNTS id=[ 384, 10949 ] end=495616 piso=9372672
COUNTS id=[ 384, 10950 ] end=397312 piso=7277568
COUNTS id=[ 384, 10951 ] end=249856 piso=4672512
COUNTS id=[ 384, 10952 ] end=249856 piso=4804608
PROGRESS checked=200 hits=0 reversed=0 runtime_ms=537096
COUNTS id=[ 384, 10953 ] end=249856 piso=4632576
COUNTS id=[ 384, 10954 ] end=249856 piso=4638720
COUNTS id=[ 384, 10955 ] end=249856 piso=4644864
COUNTS id=[ 384, 10956 ] end=335872 piso=5337600
COUNTS id=[ 384, 10957 ] end=458752 piso=8526336
COUNTS id=[ 384, 10958 ] end=458752 piso=8520192
COUNTS id=[ 384, 10959 ] end=458752 piso=8547840
COUNTS id=[ 384, 10960 ] end=249856 piso=4647936
COUNTS id=[ 384, 10961 ] end=249856 piso=4663296
COUNTS id=[ 384, 10962 ] end=249856 piso=4962816
COUNTS id=[ 384, 10963 ] end=249856 piso=4981248
COUNTS id=[ 384, 10964 ] end=458752 piso=8480256
COUNTS id=[ 384, 10965 ] end=249856 piso=4703232
COUNTS id=[ 384, 10966 ] end=667648 piso=13353984
COUNTS id=[ 384, 10967 ] end=458752 piso=8409600
COUNTS id=[ 384, 10968 ] end=458752 piso=8421888
COUNTS id=[ 384, 10969 ] end=458752 piso=8406528
COUNTS id=[ 384, 10970 ] end=458752 piso=7153152
COUNTS id=[ 384, 10971 ] end=249856 piso=4752384
COUNTS id=[ 384, 10972 ] end=262144 piso=4730880
COUNTS id=[ 384, 10973 ] end=262144 piso=4755456
COUNTS id=[ 384, 10974 ] end=667648 piso=13387776
COUNTS id=[ 384, 10975 ] end=458752 piso=6755328
COUNTS id=[ 384, 10976 ] end=458752 piso=6807552
COUNTS id=[ 384, 10977 ] end=1060864 piso=22583808
COUNTS id=[ 384, 10978 ] end=679936 piso=12444672
COUNTS id=[ 384, 10979 ] end=679936 piso=11917824
COUNTS id=[ 384, 10980 ] end=458752 piso=7059456
COUNTS id=[ 384, 10981 ] end=458752 piso=7096320
COUNTS id=[ 384, 10982 ] end=913408 piso=21832704
COUNTS id=[ 384, 10983 ] end=311296 piso=5564928
COUNTS id=[ 384, 10984 ] end=335872 piso=5829120
COUNTS id=[ 384, 10985 ] end=323584 piso=5889024
COUNTS id=[ 384, 10986 ] end=262144 piso=5099520
COUNTS id=[ 384, 10987 ] end=53248 piso=4836864
COUNTS id=[ 384, 10988 ] end=249856 piso=5227008
COUNTS id=[ 384, 10989 ] end=40960 piso=4349952
COUNTS id=[ 384, 10990 ] end=458752 piso=8578560
COUNTS id=[ 384, 10991 ] end=249856 piso=4394496
COUNTS id=[ 384, 10992 ] end=151552 piso=5024256
COUNTS id=[ 384, 10993 ] end=458752 piso=7183872
COUNTS id=[ 384, 10994 ] end=40960 piso=4199424
COUNTS id=[ 384, 10995 ] end=249856 piso=5663232
COUNTS id=[ 384, 10996 ] end=40960 piso=4240896
COUNTS id=[ 384, 10997 ] end=40960 piso=4177920
COUNTS id=[ 384, 10998 ] end=40960 piso=4199424
COUNTS id=[ 384, 10999 ] end=667648 piso=13357056
COUNTS id=[ 384, 11000 ] end=249856 piso=4823040
COUNTS id=[ 384, 11001 ] end=53248 piso=4400640
COUNTS id=[ 384, 11002 ] end=532480 piso=6892032
CLOSEST id=[ 384, 11002 ] end=532480 piso=6892032 ratio=13461/1040
COUNTS id=[ 384, 11003 ] end=53248 piso=4735488
COUNTS id=[ 384, 11004 ] end=249856 piso=4515840
COUNTS id=[ 384, 11005 ] end=4685824 piso=50457600
CLOSEST id=[ 384, 11005 ] end=4685824 piso=50457600 ratio=49275/4576
COUNTS id=[ 384, 11006 ] end=249856 piso=9695232
COUNTS id=[ 384, 11007 ] end=458752 piso=11332608
COUNTS id=[ 384, 11008 ] end=532480 piso=11716608
DONE checked=256 abelian=0 hits=0 reversed=0 skipped_abelian=0 closest=[ 384, 11005 ] min_ratio=49275/4576 runtime_ms=675866
