{"command": ["/project/gap-4.16.1/gap", "-l", "/project/gap-4.16.1", "-q", "-b", "-T", "-m", "128m", "-o", "4g", "-c", "START_ORDER:=384;;END_ORDER:=384;;START_ID:=17409;;END_ID:=17664;;SKIP_ABELIAN:=true;;LOG_ALL:=true;;", "/project/scripts/search_19_20.g"], "source_hashes": {"scripts/search_19_20.g": "7b6a34e9163b58b0248b3c464ae8070783414cd7d14048136dd0e3547b906318", "scripts/lib_19_20.g": "fbcf2d3c4b0648cc1fa87d6e50fc923133d594c029b8430a365caf596ac7ccd5"}}
PARAMETERS start=384 end=384 start_id=17409 end_id=17664 skip_abelian=true log_all=true
ORDER_START order=384 groups=20169
COUNTS id=[ 384, 17409 ] end=101376 piso=211968
CLOSEST id=[ 384, 17409 ] end=101376 piso=211968 ratio=23/11
COUNTS id=[ 384, 17410 ] end=172032 piso=400896
COUNTS id=[ 384, 17411 ] end=196608 piso=425472
COUNTS id=[ 384, 17412 ] end=995328 piso=1999872
CLOSEST id=[ 384, 17412 ] end=995328 piso=1999872 ratio=217/108
COUNTS id=[ 384, 17413 ] end=811008 piso=1852416
COUNTS id=[ 384, 17414 ] end=804864 piso=1827840
COUNTS id=[ 384, 17415 ] end=835584 piso=1926144
COUNTS id=[ 384, 17416 ] end=445440 piso=711168
CLOSEST id=[ 384, 17416 ] end=445440 piso=711168 ratio=463/290
COUNTS id=[ 384, 17417 ] end=448512 piso=757248
COUNTS id=[ 384, 17418 ] end=448512 piso=720384
COUNTS id=[ 384, 17419 ] end=153600 piso=423936
COUNTS id=[ 384, 17420 ] end=153600 piso=423936
COUNTS id=[ 384, 17421 ] end=147456 piso=399360
COUNTS id=[ 384, 17422 ] end=184320 piso=795648
COUNTS id=[ 384, 17423 ] end=122880 piso=599040
COUNTS id=[ 384, 17424 ] end=116736 piso=574464
COUNTS id=[ 384, 17425 ] end=61440 piso=270336
COUNTS id=[ 384, 17426 ] end=67584 piso=294912
COUNTS id=[ 384, 17427 ] end=67584 piso=294912
COUNTS id=[ 384, 17428 ] end=301056 piso=477696
CLOSEST id=[ 384, 17428 ] end=301056 piso=477696 ratio=311/196
COUNTS id=[ 384, 17429 ] end=159744 piso=360960
COUNTS id=[ 384, 17430 ] end=153600 piso=376320
COUNTS id=[ 384, 17431 ] end=178176 piso=431616
COUNTS id=[ 384, 17432 ] end=101376 piso=227328
COUNTS id=[ 384, 17433 ] end=101376 piso=211968
COUNTS id=[ 384, 17434 ] end=101376 piso=227328
COUNTS id=[ 384, 17435 ] end=101376 piso=211968
COUNTS id=[ 384, 17436 ] end=8159232 piso=431213568
COUNTS id=[ 384, 17437 ] end=7471104 piso=403123200
COUNTS id=[ 384, 17438 ] end=983040 piso=39914496
COUNTS id=[ 384, 17439 ] end=491520 piso=42003456
COUNTS id=[ 384, 17440 ] end=1425408 piso=10447872
COUNTS id=[ 384, 17441 ] end=835584 piso=7031808
COUNTS id=[ 384, 17442 ] end=869376 piso=6858240
COUNTS id=[ 384, 17443 ] end=7388160 piso=403729920
COUNTS id=[ 384, 17444 ] end=310272 piso=38039040
COUNTS id=[ 384, 17445 ] end=863232 piso=6839808
COUNTS id=[ 384, 17446 ] end=1400832 piso=10263552
COUNTS id=[ 384, 17447 ] end=811008 piso=6847488
COUNTS id=[ 384, 17448 ] end=2162688 piso=16145280
COUNTS id=[ 384, 17449 ] end=1665024 piso=10339200
COUNTS id=[ 384, 17450 ] end=614400 piso=6904704
COUNTS id=[ 384, 17451 ] end=116736 piso=7070592
COUNTS id=[ 384, 17452 ] end=1714176 piso=10872192
COUNTS id=[ 384, 17453 ] end=165888 piso=6196608
COUNTS id=[ 384, 17454 ] end=2414592 piso=19533312
COUNTS id=[ 384, 17455 ] end=1677312 piso=10458624
COUNTS id=[ 384, 17456 ] end=571392 piso=6833664
COUNTS id=[ 384, 17457 ] end=129024 piso=7171584
COUNTS id=[ 384, 17458 ] end=393216 piso=4028928
COUNTS id=[ 384, 17459 ] end=1751040 piso=11073024
COUNTS id=[ 384, 17460 ] end=147456 piso=6053376
COUNTS id=[ 384, 17461 ] end=838656 piso=5273088
COUNTS id=[ 384, 17462 ] end=340992 piso=3823104
COUNTS id=[ 384, 17463 ] end=5302272 piso=145195008
COUNTS id=[ 384, 17464 ] end=1689600 piso=11397120
COUNTS id=[ 384, 17465 ] end=611328 piso=4932096
COUNTS id=[ 384, 17466 ] end=2030592 piso=14270976
COUNTS id=[ 384, 17467 ] end=961536 piso=6663168
COUNTS id=[ 384, 17468 ] end=353280 piso=4217856
COUNTS id=[ 384, 17469 ] end=1757184 piso=10705920
COUNTS id=[ 384, 17470 ] end=626688 piso=3185664
COUNTS id=[ 384, 17471 ] end=897024 piso=4709376
COUNTS id=[ 384, 17472 ] end=1241088 piso=5815296
COUNTS id=[ 384, 17473 ] end=307200 piso=2718720
COUNTS id=[ 384, 17474 ] end=479232 piso=2128896
COUNTS id=[ 384, 17475 ] end=159744 piso=818688
COUNTS id=[ 384, 17476 ] end=546816 piso=2528256
COUNTS id=[ 384, 17477 ] end=129024 piso=930816
COUNTS id=[ 384, 17478 ] end=1130496 piso=5629440
COUNTS id=[ 384, 17479 ] end=98304 piso=1377792
COUNTS id=[ 384, 17480 ] end=479232 piso=1611264
COUNTS id=[ 384, 17481 ] end=927744 piso=4106112
COUNTS id=[ 384, 17482 ] end=479232 piso=1648512
COUNTS id=[ 384, 17483 ] end=509952 piso=1722240
COUNTS id=[ 384, 17484 ] end=61440 piso=1279872
COUNTS id=[ 384, 17485 ] end=540672 piso=1662336
COUNTS id=[ 384, 17486 ] end=92160 piso=759168
COUNTS id=[ 384, 17487 ] end=835584 piso=3293184
COUNTS id=[ 384, 17488 ] end=1474560 piso=7274496
COUNTS id=[ 384, 17489 ] end=393216 piso=2260992
COUNTS id=[ 384, 17490 ] end=325632 piso=1413120
COUNTS id=[ 384, 17491 ] end=786432 piso=2998272
COUNTS id=[ 384, 17492 ] end=1376256 piso=6979584
COUNTS id=[ 384, 17493 ] end=294912 piso=1966080
COUNTS id=[ 384, 17494 ] end=313344 piso=1118208
COUNTS id=[ 384, 17495 ] end=801792 piso=2962944
COUNTS id=[ 384, 17496 ] end=261120 piso=1168896
COUNTS id=[ 384, 17497 ] end=509952 piso=1588608
COUNTS id=[ 384, 17498 ] end=970752 piso=4334976
COUNTS id=[ 384, 17499 ] end=73728 piso=1213824
COUNTS id=[ 384, 17500 ] end=184320 piso=854400
COUNTS id=[ 384, 17501 ] end=184320 piso=854400
COUNTS id=[ 384, 17502 ] end=565248 piso=1713024
COUNTS id=[ 384, 17503 ] end=116736 piso=711552
COUNTS id=[ 384, 17504 ] end=479232 piso=1454976
COUNTS id=[ 384, 17505 ] end=909312 piso=3884928
COUNTS id=[ 384, 17506 ] end=73728 piso=1261440
COUNTS id=[ 384, 17507 ] end=125952 piso=551808
COUNTS id=[ 384, 17508 ] end=506880 piso=1445376
PROGRESS checked=100 hits=0 reversed=0 runtime_ms=294691
COUNTS id=[ 384, 17509 ] end=89088 piso=665088
COUNTS id=[ 384, 17510 ] end=651264 piso=2890752
COUNTS id=[ 384, 17511 ] end=651264 piso=2890752
COUNTS id=[ 384, 17512 ] end=454656 piso=2276352
COUNTS id=[ 384, 17513 ] end=331776 piso=2079744
COUNTS id=[ 384, 17514 ] end=331776 piso=2079744
COUNTS id=[ 384, 17515 ] end=135168 piso=973824
COUNTS id=[ 384, 17516 ] end=79872 piso=536064
COUNTS id=[ 384, 17517 ] end=442368 piso=1932288
COUNTS id=[ 384, 17518 ] end=122880 piso=875520
COUNTS id=[ 384, 17519 ] end=208896 piso=1230336
COUNTS id=[ 384, 17520 ] end=61440 piso=665088
COUNTS id=[ 384, 17521 ] end=436224 piso=1250688
COUNTS id=[ 384, 17522 ] end=116736 piso=740736
COUNTS id=[ 384, 17523 ] end=79872 piso=530304
COUNTS id=[ 384, 17524 ] end=79872 piso=530304
COUNTS id=[ 384, 17525 ] end=737280 piso=4672512
COUNTS id=[ 384, 17526 ] end=294912 piso=3271680
COUNTS id=[ 384, 17527 ] end=688128 piso=2780160
COUNTS id=[ 384, 17528 ] end=245760 piso=1231872
COUNTS id=[ 384, 17529 ] end=737280 piso=4672512
COUNTS id=[ 384, 17530 ] end=294912 piso=3271680
COUNTS id=[ 384, 17531 ] end=248832 piso=984576
COUNTS id=[ 384, 17532 ] end=254976 piso=2747904
COUNTS id=[ 384, 17533 ] end=254976 piso=990720
COUNTS id=[ 384, 17534 ] end=651264 piso=2731008
COUNTS id=[ 384, 17535 ] end=208896 piso=1182720
COUNTS id=[ 384, 17536 ] end=460800 piso=1398144
COUNTS id=[ 384, 17537 ] end=61440 piso=599424
COUNTS id=[ 384, 17538 ] end=98304 piso=588672
COUNTS id=[ 384, 17539 ] end=98304 piso=588672
COUNTS id=[ 384, 17540 ] end=522240 piso=2472960
COUNTS id=[ 384, 17541 ] end=430080 piso=1926144
COUNTS id=[ 384, 17542 ] end=79872 piso=489984
COUNTS id=[ 384, 17543 ] end=116736 piso=838656
COUNTS id=[ 384, 17544 ] end=49152 piso=906240
COUNTS id=[ 384, 17545 ] end=439296 piso=2061312
COUNTS id=[ 384, 17546 ] end=135168 piso=729600
COUNTS id=[ 384, 17547 ] end=55296 piso=520704
COUNTS id=[ 384, 17548 ] end=46080 piso=672768
COUNTS id=[ 384, 17549 ] end=497664 piso=2472960
COUNTS id=[ 384, 17550 ] end=417792 piso=1926144
COUNTS id=[ 384, 17551 ] end=79872 piso=489984
COUNTS id=[ 384, 17552 ] end=104448 piso=838656
COUNTS id=[ 384, 17553 ] end=24576 piso=906240
COUNTS id=[ 384, 17554 ] end=439296 piso=2061312
COUNTS id=[ 384, 17555 ] end=135168 piso=729600
COUNTS id=[ 384, 17556 ] end=55296 piso=520704
COUNTS id=[ 384, 17557 ] end=46080 piso=672768
COUNTS id=[ 384, 17558 ] end=436224 piso=1287552
COUNTS id=[ 384, 17559 ] end=113664 piso=574848
COUNTS id=[ 384, 17560 ] end=52224 piso=433536
COUNTS id=[ 384, 17561 ] end=43008 piso=630144
COUNTS id=[ 384, 17562 ] end=473088 piso=1568640
COUNTS id=[ 384, 17563 ] end=411648 piso=1169280
COUNTS id=[ 384, 17564 ] end=79872 piso=456576
COUNTS id=[ 384, 17565 ] end=79872 piso=456576
COUNTS id=[ 384, 17566 ] end=79872 piso=622464
COUNTS id=[ 384, 17567 ] end=18432 piso=702336
COUNTS id=[ 384, 17568 ] end=1093632 piso=6070272
COUNTS id=[ 384, 17569 ] end=208896 piso=3465216
COUNTS id=[ 384, 17570 ] end=552960 piso=1572864
COUNTS id=[ 384, 17571 ] end=122880 piso=583680
COUNTS id=[ 384, 17572 ] end=552960 piso=2617344
COUNTS id=[ 384, 17573 ] end=1093632 piso=5541888
COUNTS id=[ 384, 17574 ] end=208896 piso=1658880
COUNTS id=[ 384, 17575 ] end=122880 piso=583680
COUNTS id=[ 384, 17576 ] end=466944 piso=1390464
COUNTS id=[ 384, 17577 ] end=61440 piso=714624
COUNTS id=[ 384, 17578 ] end=946176 piso=5259264
COUNTS id=[ 384, 17579 ] end=61440 piso=1474560
COUNTS id=[ 384, 17580 ] end=479232 piso=1449984
COUNTS id=[ 384, 17581 ] end=122880 piso=1333248
COUNTS id=[ 384, 17582 ] end=122880 piso=694272
COUNTS id=[ 384, 17583 ] end=2273280 piso=7643136
COUNTS id=[ 384, 17584 ] end=4534272 piso=23224320
COUNTS id=[ 384, 17585 ] end=1585152 piso=7004160
COUNTS id=[ 384, 17586 ] end=1093632 piso=5136384
COUNTS id=[ 384, 17587 ] end=331776 piso=1413120
COUNTS id=[ 384, 17588 ] end=2125824 piso=10579968
COUNTS id=[ 384, 17589 ] end=651264 piso=3747840
COUNTS id=[ 384, 17590 ] end=282624 piso=1413120
COUNTS id=[ 384, 17591 ] end=1695744 piso=6617088
COUNTS id=[ 384, 17592 ] end=221184 piso=1849344
COUNTS id=[ 384, 17593 ] end=589824 piso=2045952
COUNTS id=[ 384, 17594 ] end=614400 piso=2018688
COUNTS id=[ 384, 17595 ] end=1142784 piso=4992384
COUNTS id=[ 384, 17596 ] end=110592 piso=1662336
COUNTS id=[ 384, 17597 ] end=1191936 piso=3858432
COUNTS id=[ 384, 17598 ] end=208896 piso=1351680
COUNTS id=[ 384, 17599 ] end=1191936 piso=3858432
COUNTS id=[ 384, 17600 ] end=159744 piso=749568
COUNTS id=[ 384, 17601 ] end=503808 piso=1511424
COUNTS id=[ 384, 17602 ] end=159744 piso=749568
COUNTS id=[ 384, 17603 ] end=147456 piso=694656
COUNTS id=[ 384, 17604 ] end=147456 piso=694656
COUNTS id=[ 384, 17605 ] end=479232 piso=1400832
COUNTS id=[ 384, 17606 ] end=86016 piso=688128
COUNTS id=[ 384, 17607 ] end=122880 piso=546816
COUNTS id=[ 384, 17608 ] end=73728 piso=380928
PROGRESS checked=200 hits=0 reversed=0 runtime_ms=540825
COUNTS id=[ 384, 17609 ] end=233472 piso=1032192
COUNTS id=[ 384, 17610 ] end=61440 piso=663552
COUNTS id=[ 384, 17611 ] end=132096 piso=531456
COUNTS id=[ 384, 17612 ] end=46080 piso=390144
COUNTS id=[ 384, 17613 ] end=73728 piso=402816
COUNTS id=[ 384, 17614 ] end=79872 piso=396672
COUNTS id=[ 384, 17615 ] end=73728 piso=402816
COUNTS id=[ 384, 17616 ] end=147456 piso=740736
COUNTS id=[ 384, 17617 ] end=24576 piso=519552
COUNTS id=[ 384, 17618 ] end=43008 piso=355200
COUNTS id=[ 384, 17619 ] end=104448 piso=441216
COUNTS id=[ 384, 17620 ] end=132096 piso=543744
COUNTS id=[ 384, 17621 ] end=46080 piso=402432
COUNTS id=[ 384, 17622 ] end=110592 piso=534528
COUNTS id=[ 384, 17623 ] end=73728 piso=368640
COUNTS id=[ 384, 17624 ] end=208896 piso=1019904
COUNTS id=[ 384, 17625 ] end=36864 piso=651264
COUNTS id=[ 384, 17626 ] end=1130496 piso=6696960
COUNTS id=[ 384, 17627 ] end=663552 piso=2813952
COUNTS id=[ 384, 17628 ] end=678912 piso=2864640
COUNTS id=[ 384, 17629 ] end=245760 piso=1683456
COUNTS id=[ 384, 17630 ] end=236544 piso=1070592
COUNTS id=[ 384, 17631 ] end=270336 piso=1001472
COUNTS id=[ 384, 17632 ] end=1105920 piso=6690816
COUNTS id=[ 384, 17633 ] end=651264 piso=2807808
COUNTS id=[ 384, 17634 ] end=678912 piso=2858496
COUNTS id=[ 384, 17635 ] end=221184 piso=1677312
COUNTS id=[ 384, 17636 ] end=236544 piso=1064448
COUNTS id=[ 384, 17637 ] end=270336 piso=995328
COUNTS id=[ 384, 17638 ] end=482304 piso=1639296
COUNTS id=[ 384, 17639 ] end=863232 piso=4126080
COUNTS id=[ 384, 17640 ] end=451584 piso=1459584
COUNTS id=[ 384, 17641 ] end=76800 piso=637824
COUNTS id=[ 384, 17642 ] end=52224 piso=1004928
COUNTS id=[ 384, 17643 ] end=113664 piso=774528
COUNTS id=[ 384, 17644 ] end=113664 piso=774528
COUNTS id=[ 384, 17645 ] end=1032192 piso=6266880
COUNTS id=[ 384, 17646 ] end=122880 piso=1400832
COUNTS id=[ 384, 17647 ] end=147456 piso=976896
COUNTS id=[ 384, 17648 ] end=946176 piso=5203968
COUNTS id=[ 384, 17649 ] end=86016 piso=1517568
COUNTS id=[ 384, 17650 ] end=86016 piso=565248
COUNTS id=[ 384, 17651 ] end=439296 piso=1437696
COUNTS id=[ 384, 17652 ] end=107520 piso=546816
COUNTS id=[ 384, 17653 ] end=479232 piso=1787904
COUNTS id=[ 384, 17654 ] end=147456 piso=970752
COUNTS id=[ 384, 17655 ] end=417792 piso=1437696
COUNTS id=[ 384, 17656 ] end=86016 piso=559104
COUNTS id=[ 384, 17657 ] end=936960 piso=5400576
COUNTS id=[ 384, 17658 ] end=52224 piso=1124352
COUNTS id=[ 384, 17659 ] end=107520 piso=540672
COUNTS id=[ 384, 17660 ] end=519168 piso=1886592
COUNTS id=[ 384, 17661 ] end=107520 piso=670080
COUNTS id=[ 384, 17662 ] end=457728 piso=1345920
COUNTS id=[ 384, 17663 ] end=46080 piso=633216
COUNTS id=[ 384, 17664 ] end=482304 piso=1494912
DONE checked=256 abelian=0 hits=0 reversed=0 skipped_abelian=0 closest=[ 384, 17428 ] min_ratio=311/196 runtime_ms=667513
