PARAMETERS start=256 end=256 start_id=14025 end_id=17530 skip_abelian=true log_all=true
ORDER_START order=256 groups=56092
COUNTS id=[ 256, 14025 ] end=557056 piso=5795840
CLOSEST id=[ 256, 14025 ] end=557056 piso=5795840 ratio=1415/136
COUNTS id=[ 256, 14026 ] end=557056 piso=5795840
COUNTS id=[ 256, 14027 ] end=524288 piso=5304320
CLOSEST id=[ 256, 14027 ] end=524288 piso=5304320 ratio=1295/128
COUNTS id=[ 256, 14028 ] end=360448 piso=2859008
CLOSEST id=[ 256, 14028 ] end=360448 piso=2859008 ratio=349/44
COUNTS id=[ 256, 14029 ] end=245760 piso=1593344
CLOSEST id=[ 256, 14029 ] end=245760 piso=1593344 ratio=389/60
COUNTS id=[ 256, 14030 ] end=344064 piso=2547712
COUNTS id=[ 256, 14031 ] end=245760 piso=1642496
COUNTS id=[ 256, 14032 ] end=3014656 piso=83140608
COUNTS id=[ 256, 14033 ] end=2490368 piso=83140608
COUNTS id=[ 256, 14034 ] end=753664 piso=5816320
COUNTS id=[ 256, 14035 ] end=753664 piso=5816320
COUNTS id=[ 256, 14036 ] end=720896 piso=5357568
COUNTS id=[ 256, 14037 ] end=2523136 piso=80453632
COUNTS id=[ 256, 14038 ] end=2195456 piso=69804032
COUNTS id=[ 256, 14039 ] end=720896 piso=5357568
COUNTS id=[ 256, 14040 ] end=720896 piso=5488640
COUNTS id=[ 256, 14041 ] end=2195456 piso=69804032
COUNTS id=[ 256, 14042 ] end=3145728 piso=149151744
COUNTS id=[ 256, 14043 ] end=1048576 piso=28106752
COUNTS id=[ 256, 14044 ] end=3145728 piso=149151744
COUNTS id=[ 256, 14045 ] end=1048576 piso=28106752
COUNTS id=[ 256, 14046 ] end=786432 piso=7487488
COUNTS id=[ 256, 14047 ] end=983040 piso=12541952
COUNTS id=[ 256, 14048 ] end=2752512 piso=141852672
COUNTS id=[ 256, 14049 ] end=655360 piso=19431424
COUNTS id=[ 256, 14050 ] end=884736 piso=7335936
COUNTS id=[ 256, 14051 ] end=2654208 piso=138252288
COUNTS id=[ 256, 14052 ] end=557056 piso=16945152
COUNTS id=[ 256, 14053 ] end=2654208 piso=138293248
COUNTS id=[ 256, 14054 ] end=557056 piso=16986112
COUNTS id=[ 256, 14055 ] end=917504 piso=7835648
COUNTS id=[ 256, 14056 ] end=917504 piso=7835648
COUNTS id=[ 256, 14057 ] end=720896 piso=4956160
COUNTS id=[ 256, 14058 ] end=606208 piso=3264512
CLOSEST id=[ 256, 14058 ] end=606208 piso=3264512 ratio=797/148
COUNTS id=[ 256, 14059 ] end=704512 piso=4620288
COUNTS id=[ 256, 14060 ] end=606208 piso=3338240
COUNTS id=[ 256, 14061 ] end=491520 piso=15454208
COUNTS id=[ 256, 14062 ] end=2588672 piso=136499200
COUNTS id=[ 256, 14063 ] end=606208 piso=3354624
COUNTS id=[ 256, 14064 ] end=704512 piso=4349952
COUNTS id=[ 256, 14065 ] end=360448 piso=14434304
COUNTS id=[ 256, 14066 ] end=2457600 piso=135938048
COUNTS id=[ 256, 14067 ] end=704512 piso=4659200
COUNTS id=[ 256, 14068 ] end=598016 piso=3287040
COUNTS id=[ 256, 14069 ] end=1048576 piso=26976256
COUNTS id=[ 256, 14070 ] end=3145728 piso=148021248
COUNTS id=[ 256, 14071 ] end=819200 piso=6782976
COUNTS id=[ 256, 14072 ] end=1048576 piso=26976256
COUNTS id=[ 256, 14073 ] end=3145728 piso=148021248
COUNTS id=[ 256, 14074 ] end=819200 piso=6782976
COUNTS id=[ 256, 14075 ] end=884736 piso=7254016
COUNTS id=[ 256, 14076 ] end=557056 piso=16699392
COUNTS id=[ 256, 14077 ] end=2654208 piso=138006528
COUNTS id=[ 256, 14078 ] end=557056 piso=16666624
COUNTS id=[ 256, 14079 ] end=2654208 piso=137973760
COUNTS id=[ 256, 14080 ] end=884736 piso=7352320
COUNTS id=[ 256, 14081 ] end=983040 piso=10780672
COUNTS id=[ 256, 14082 ] end=655360 piso=18554880
COUNTS id=[ 256, 14083 ] end=2752512 piso=140976128
COUNTS id=[ 256, 14084 ] end=753664 piso=5406720
COUNTS id=[ 256, 14085 ] end=753664 piso=5406720
COUNTS id=[ 256, 14086 ] end=606208 piso=3305472
COUNTS id=[ 256, 14087 ] end=704512 piso=4677632
COUNTS id=[ 256, 14088 ] end=606208 piso=3280896
COUNTS id=[ 256, 14089 ] end=901120 piso=6857216
COUNTS id=[ 256, 14090 ] end=638976 piso=5874176
COUNTS id=[ 256, 14091 ] end=483328 piso=3723776
COUNTS id=[ 256, 14092 ] end=466944 piso=2871808
COUNTS id=[ 256, 14093 ] end=483328 piso=3723776
COUNTS id=[ 256, 14094 ] end=466944 piso=2871808
COUNTS id=[ 256, 14095 ] end=606208 piso=6857216
COUNTS id=[ 256, 14096 ] end=638976 piso=5874176
COUNTS id=[ 256, 14097 ] end=458752 piso=2933248
COUNTS id=[ 256, 14098 ] end=352256 piso=2032128
COUNTS id=[ 256, 14099 ] end=352256 piso=2032128
COUNTS id=[ 256, 14100 ] end=458752 piso=2933248
COUNTS id=[ 256, 14101 ] end=966656 piso=9252864
COUNTS id=[ 256, 14102 ] end=622592 piso=6975488
COUNTS id=[ 256, 14103 ] end=442368 piso=4665344
COUNTS id=[ 256, 14104 ] end=131072 piso=4812800
COUNTS id=[ 256, 14105 ] end=655360 piso=6991872
COUNTS id=[ 256, 14106 ] end=901120 piso=9236480
COUNTS id=[ 256, 14107 ] end=196608 piso=4829184
COUNTS id=[ 256, 14108 ] end=409600 piso=4648960
COUNTS id=[ 256, 14109 ] end=606208 piso=6942720
COUNTS id=[ 256, 14110 ] end=884736 piso=9203712
COUNTS id=[ 256, 14111 ] end=114688 piso=4780032
COUNTS id=[ 256, 14112 ] end=393216 piso=4616192
COUNTS id=[ 256, 14113 ] end=606208 piso=4732928
COUNTS id=[ 256, 14114 ] end=851968 piso=7034880
COUNTS id=[ 256, 14115 ] end=114688 piso=3553280
COUNTS id=[ 256, 14116 ] end=360448 piso=3430400
COUNTS id=[ 256, 14117 ] end=868352 piso=7084032
COUNTS id=[ 256, 14118 ] end=622592 piso=4765696
COUNTS id=[ 256, 14119 ] end=376832 piso=3479552
COUNTS id=[ 256, 14120 ] end=131072 piso=3586048
COUNTS id=[ 256, 14121 ] end=622592 piso=4782080
COUNTS id=[ 256, 14122 ] end=868352 piso=7067648
COUNTS id=[ 256, 14123 ] end=131072 piso=3602432
COUNTS id=[ 256, 14124 ] end=376832 piso=3463168
PROGRESS checked=100 hits=0 reversed=0 runtime_ms=275951
COUNTS id=[ 256, 14125 ] end=135168 piso=1044480
COUNTS id=[ 256, 14126 ] end=135168 piso=743424
COUNTS id=[ 256, 14127 ] end=135168 piso=1044480
COUNTS id=[ 256, 14128 ] end=135168 piso=743424
COUNTS id=[ 256, 14129 ] end=2359296 piso=13017088
COUNTS id=[ 256, 14130 ] end=1048576 piso=13017088
COUNTS id=[ 256, 14131 ] end=655360 piso=4235264
COUNTS id=[ 256, 14132 ] end=524288 piso=4235264
COUNTS id=[ 256, 14133 ] end=524288 piso=3973120
COUNTS id=[ 256, 14134 ] end=1179648 piso=9740288
COUNTS id=[ 256, 14135 ] end=458752 piso=3784704
COUNTS id=[ 256, 14136 ] end=458752 piso=3522560
COUNTS id=[ 256, 14137 ] end=2621440 piso=21364736
COUNTS id=[ 256, 14138 ] end=2621440 piso=21364736
COUNTS id=[ 256, 14139 ] end=720896 piso=5636096
COUNTS id=[ 256, 14140 ] end=2621440 piso=20316160
COUNTS id=[ 256, 14141 ] end=2621440 piso=20316160
COUNTS id=[ 256, 14142 ] end=720896 piso=5636096
COUNTS id=[ 256, 14143 ] end=1081344 piso=6393856
COUNTS id=[ 256, 14144 ] end=1081344 piso=6393856
COUNTS id=[ 256, 14145 ] end=1146880 piso=6524928
COUNTS id=[ 256, 14146 ] end=1146880 piso=6524928
COUNTS id=[ 256, 14147 ] end=1376256 piso=8749056
COUNTS id=[ 256, 14148 ] end=1015808 piso=5607424
COUNTS id=[ 256, 14149 ] end=458752 piso=3768320
COUNTS id=[ 256, 14150 ] end=458752 piso=3768320
COUNTS id=[ 256, 14151 ] end=262144 piso=2019328
COUNTS id=[ 256, 14152 ] end=262144 piso=1921024
COUNTS id=[ 256, 14153 ] end=360448 piso=2916352
COUNTS id=[ 256, 14154 ] end=3407872 piso=25337856
COUNTS id=[ 256, 14155 ] end=3407872 piso=25337856
COUNTS id=[ 256, 14156 ] end=1572864 piso=17276928
COUNTS id=[ 256, 14157 ] end=655360 piso=6291456
COUNTS id=[ 256, 14158 ] end=1048576 piso=10649600
COUNTS id=[ 256, 14159 ] end=1638400 piso=13475840
COUNTS id=[ 256, 14160 ] end=983040 piso=8364032
COUNTS id=[ 256, 14161 ] end=917504 piso=6008832
COUNTS id=[ 256, 14162 ] end=917504 piso=6008832
COUNTS id=[ 256, 14163 ] end=884736 piso=5484544
COUNTS id=[ 256, 14164 ] end=458752 piso=3637248
COUNTS id=[ 256, 14165 ] end=360448 piso=3309568
COUNTS id=[ 256, 14166 ] end=180224 piso=2068480
COUNTS id=[ 256, 14167 ] end=819200 piso=4608000
COUNTS id=[ 256, 14168 ] end=819200 piso=4608000
COUNTS id=[ 256, 14169 ] end=262144 piso=2248704
COUNTS id=[ 256, 14170 ] end=475136 piso=2670592
COUNTS id=[ 256, 14171 ] end=196608 piso=2568192
COUNTS id=[ 256, 14172 ] end=180224 piso=2633728
COUNTS id=[ 256, 14173 ] end=7340032 piso=284819456
COUNTS id=[ 256, 14174 ] end=5767168 piso=284819456
COUNTS id=[ 256, 14175 ] end=2031616 piso=14024704
COUNTS id=[ 256, 14176 ] end=1769472 piso=14024704
COUNTS id=[ 256, 14177 ] end=1769472 piso=13500416
COUNTS id=[ 256, 14178 ] end=5767168 piso=280363008
COUNTS id=[ 256, 14179 ] end=2850816 piso=80838656
COUNTS id=[ 256, 14180 ] end=4980736 piso=92274688
COUNTS id=[ 256, 14181 ] end=13369344 piso=715128832
COUNTS id=[ 256, 14182 ] end=4980736 piso=166494208
COUNTS id=[ 256, 14183 ] end=2097152 piso=14721024
COUNTS id=[ 256, 14184 ] end=4980736 piso=171442176
COUNTS id=[ 256, 14185 ] end=2883584 piso=83132416
COUNTS id=[ 256, 14186 ] end=11272192 piso=710180864
COUNTS id=[ 256, 14187 ] end=1835008 piso=14721024
COUNTS id=[ 256, 14188 ] end=2293760 piso=23855104
COUNTS id=[ 256, 14189 ] end=2031616 piso=18644992
COUNTS id=[ 256, 14190 ] end=1638400 piso=73048064
COUNTS id=[ 256, 14191 ] end=10027008 piso=703242240
COUNTS id=[ 256, 14192 ] end=3997696 piso=160473088
COUNTS id=[ 256, 14193 ] end=1015808 piso=21966848
COUNTS id=[ 256, 14194 ] end=3899392 piso=154972160
COUNTS id=[ 256, 14195 ] end=2293760 piso=46792704
COUNTS id=[ 256, 14196 ] end=2031616 piso=21921792
COUNTS id=[ 256, 14197 ] end=1703936 piso=14000128
COUNTS id=[ 256, 14198 ] end=1277952 piso=12500992
COUNTS id=[ 256, 14199 ] end=7733248 piso=400130048
COUNTS id=[ 256, 14200 ] end=1835008 piso=16416768
COUNTS id=[ 256, 14201 ] end=5832704 piso=326713344
COUNTS id=[ 256, 14202 ] end=1572864 piso=15597568
COUNTS id=[ 256, 14203 ] end=10485760 piso=704118784
COUNTS id=[ 256, 14204 ] end=2097152 piso=72876032
COUNTS id=[ 256, 14205 ] end=3932160 piso=160301056
COUNTS id=[ 256, 14206 ] end=1703936 piso=12779520
COUNTS id=[ 256, 14207 ] end=3735552 piso=153960448
COUNTS id=[ 256, 14208 ] end=851968 piso=20070400
COUNTS id=[ 256, 14209 ] end=4980736 piso=165445632
COUNTS id=[ 256, 14210 ] end=2883584 piso=77725696
COUNTS id=[ 256, 14211 ] end=9175040 piso=560988160
COUNTS id=[ 256, 14212 ] end=1572864 piso=13008896
COUNTS id=[ 256, 14213 ] end=1835008 piso=77725696
COUNTS id=[ 256, 14214 ] end=8126464 piso=560988160
COUNTS id=[ 256, 14215 ] end=4456448 piso=165445632
COUNTS id=[ 256, 14216 ] end=1441792 piso=13008896
COUNTS id=[ 256, 14217 ] end=1540096 piso=14290944
COUNTS id=[ 256, 14218 ] end=1540096 piso=14290944
COUNTS id=[ 256, 14219 ] end=3244032 piso=157323264
COUNTS id=[ 256, 14220 ] end=753664 piso=68751360
COUNTS id=[ 256, 14221 ] end=5996544 piso=549130240
COUNTS id=[ 256, 14222 ] end=1015808 piso=21311488
COUNTS id=[ 256, 14223 ] end=3637248 piso=150024192
COUNTS id=[ 256, 14224 ] end=4325376 piso=153460736
PROGRESS checked=200 hits=0 reversed=0 runtime_ms=644104
COUNTS id=[ 256, 14225 ] end=1179648 piso=23437312
COUNTS id=[ 256, 14226 ] end=1179648 piso=11763712
COUNTS id=[ 256, 14227 ] end=1179648 piso=11763712
COUNTS id=[ 256, 14228 ] end=983040 piso=9162752
COUNTS id=[ 256, 14229 ] end=1081344 piso=10223616
COUNTS id=[ 256, 14230 ] end=983040 piso=8376320
COUNTS id=[ 256, 14231 ] end=1048576 piso=9490432
COUNTS id=[ 256, 14232 ] end=1032192 piso=8638464
COUNTS id=[ 256, 14233 ] end=2916352 piso=156061696
COUNTS id=[ 256, 14234 ] end=5406720 piso=546459648
COUNTS id=[ 256, 14235 ] end=688128 piso=67391488
COUNTS id=[ 256, 14236 ] end=983040 piso=9129984
COUNTS id=[ 256, 14237 ] end=3080192 piso=147480576
COUNTS id=[ 256, 14238 ] end=720896 piso=18767872
COUNTS id=[ 256, 14239 ] end=2031616 piso=20848640
COUNTS id=[ 256, 14240 ] end=1703936 piso=13082624
COUNTS id=[ 256, 14241 ] end=1277952 piso=11452416
COUNTS id=[ 256, 14242 ] end=2883584 piso=84484096
COUNTS id=[ 256, 14243 ] end=11272192 piso=711532544
COUNTS id=[ 256, 14244 ] end=4456448 piso=168370176
COUNTS id=[ 256, 14245 ] end=1835008 piso=15114240
COUNTS id=[ 256, 14246 ] end=2031616 piso=21045248
COUNTS id=[ 256, 14247 ] end=1638400 piso=73506816
COUNTS id=[ 256, 14248 ] end=10027008 piso=704225280
COUNTS id=[ 256, 14249 ] end=3997696 piso=161456128
COUNTS id=[ 256, 14250 ] end=1015808 piso=22065152
COUNTS id=[ 256, 14251 ] end=3899392 piso=155201536
COUNTS id=[ 256, 14252 ] end=720896 piso=6169088
COUNTS id=[ 256, 14253 ] end=589824 piso=5972480
COUNTS id=[ 256, 14254 ] end=425984 piso=2118144
CLOSEST id=[ 256, 14254 ] end=425984 piso=2118144 ratio=4137/832
COUNTS id=[ 256, 14255 ] end=393216 piso=2052608
COUNTS id=[ 256, 14256 ] end=425984 piso=2019840
CLOSEST id=[ 256, 14256 ] end=425984 piso=2019840 ratio=3945/832
COUNTS id=[ 256, 14257 ] end=393216 piso=2019840
COUNTS id=[ 256, 14258 ] end=655360 piso=6005248
COUNTS id=[ 256, 14259 ] end=589824 piso=6005248
COUNTS id=[ 256, 14260 ] end=450560 piso=2826752
COUNTS id=[ 256, 14261 ] end=450560 piso=2826752
COUNTS id=[ 256, 14262 ] end=458752 piso=2940928
COUNTS id=[ 256, 14263 ] end=819200 piso=4907008
COUNTS id=[ 256, 14264 ] end=229376 piso=3088384
COUNTS id=[ 256, 14265 ] end=753664 piso=4759552
COUNTS id=[ 256, 14266 ] end=163840 piso=2940928
COUNTS id=[ 256, 14267 ] end=425984 piso=2793472
COUNTS id=[ 256, 14268 ] end=376832 piso=2402304
COUNTS id=[ 256, 14269 ] end=163840 piso=2541568
COUNTS id=[ 256, 14270 ] end=655360 piso=4179968
COUNTS id=[ 256, 14271 ] end=163840 piso=2525184
COUNTS id=[ 256, 14272 ] end=655360 piso=4163584
COUNTS id=[ 256, 14273 ] end=376832 piso=2385920
COUNTS id=[ 256, 14274 ] end=720896 piso=4681728
COUNTS id=[ 256, 14275 ] end=131072 piso=2863104
COUNTS id=[ 256, 14276 ] end=409600 piso=2748416
COUNTS id=[ 256, 14277 ] end=131072 piso=2447360
COUNTS id=[ 256, 14278 ] end=622592 piso=4085760
COUNTS id=[ 256, 14279 ] end=360448 piso=2340864
COUNTS id=[ 256, 14280 ] end=147456 piso=1212416
COUNTS id=[ 256, 14281 ] end=147456 piso=1081344
COUNTS id=[ 256, 14282 ] end=147456 piso=788480
COUNTS id=[ 256, 14283 ] end=147456 piso=788480
COUNTS id=[ 256, 14284 ] end=139264 piso=763904
COUNTS id=[ 256, 14285 ] end=139264 piso=1056768
COUNTS id=[ 256, 14286 ] end=3145728 piso=34603008
COUNTS id=[ 256, 14287 ] end=2621440 piso=34603008
COUNTS id=[ 256, 14288 ] end=1114112 piso=6553600
COUNTS id=[ 256, 14289 ] end=1114112 piso=6553600
COUNTS id=[ 256, 14290 ] end=983040 piso=6029312
COUNTS id=[ 256, 14291 ] end=2359296 piso=32243712
COUNTS id=[ 256, 14292 ] end=884736 piso=5636096
COUNTS id=[ 256, 14293 ] end=1245184 piso=12722176
COUNTS id=[ 256, 14294 ] end=983040 piso=6660096
COUNTS id=[ 256, 14295 ] end=622592 piso=5521408
COUNTS id=[ 256, 14296 ] end=3932160 piso=80683008
COUNTS id=[ 256, 14297 ] end=3932160 piso=80683008
COUNTS id=[ 256, 14298 ] end=1310720 piso=29302784
COUNTS id=[ 256, 14299 ] end=1048576 piso=8429568
COUNTS id=[ 256, 14300 ] end=1245184 piso=12918784
COUNTS id=[ 256, 14301 ] end=2949120 piso=71147520
COUNTS id=[ 256, 14302 ] end=851968 piso=19374080
COUNTS id=[ 256, 14303 ] end=917504 piso=8187904
COUNTS id=[ 256, 14304 ] end=3932160 piso=87425024
COUNTS id=[ 256, 14305 ] end=1835008 piso=27426816
COUNTS id=[ 256, 14306 ] end=1179648 piso=8036352
COUNTS id=[ 256, 14307 ] end=1835008 piso=38666240
COUNTS id=[ 256, 14308 ] end=3932160 piso=78282752
COUNTS id=[ 256, 14309 ] end=1179648 piso=8036352
COUNTS id=[ 256, 14310 ] end=1376256 piso=16121856
COUNTS id=[ 256, 14311 ] end=1376256 piso=10125312
COUNTS id=[ 256, 14312 ] end=2949120 piso=70688768
COUNTS id=[ 256, 14313 ] end=851968 piso=19177472
COUNTS id=[ 256, 14314 ] end=917504 piso=8220672
COUNTS id=[ 256, 14315 ] end=1376256 piso=39059456
COUNTS id=[ 256, 14316 ] end=1376256 piso=13402112
COUNTS id=[ 256, 14317 ] end=983040 piso=7577600
COUNTS id=[ 256, 14318 ] end=622592 piso=6635520
COUNTS id=[ 256, 14319 ] end=4849664 piso=128024576
COUNTS id=[ 256, 14320 ] end=1048576 piso=9994240
COUNTS id=[ 256, 14321 ] end=3342336 piso=59064320
COUNTS id=[ 256, 14322 ] end=917504 piso=9175040
COUNTS id=[ 256, 14323 ] end=2883584 piso=69074944
COUNTS id=[ 256, 14324 ] end=786432 piso=17170432
PROGRESS checked=300 hits=0 reversed=0 runtime_ms=1054847
COUNTS id=[ 256, 14325 ] end=917504 piso=5570560
COUNTS id=[ 256, 14326 ] end=753664 piso=5472256
COUNTS id=[ 256, 14327 ] end=262144 piso=3596800
COUNTS id=[ 256, 14328 ] end=196608 piso=3400192
COUNTS id=[ 256, 14329 ] end=163840 piso=1548800
COUNTS id=[ 256, 14330 ] end=163840 piso=1483264
COUNTS id=[ 256, 14331 ] end=163840 piso=1450496
COUNTS id=[ 256, 14332 ] end=163840 piso=1450496
COUNTS id=[ 256, 14333 ] end=196608 piso=3432960
COUNTS id=[ 256, 14334 ] end=196608 piso=3432960
COUNTS id=[ 256, 14335 ] end=139264 piso=1389056
COUNTS id=[ 256, 14336 ] end=139264 piso=1389056
COUNTS id=[ 256, 14337 ] end=851968 piso=4890624
COUNTS id=[ 256, 14338 ] end=458752 piso=3907584
COUNTS id=[ 256, 14339 ] end=393216 piso=3522560
COUNTS id=[ 256, 14340 ] end=393216 piso=2670592
COUNTS id=[ 256, 14341 ] end=393216 piso=3522560
COUNTS id=[ 256, 14342 ] end=393216 piso=2670592
COUNTS id=[ 256, 14343 ] end=393216 piso=4890624
COUNTS id=[ 256, 14344 ] end=458752 piso=3907584
COUNTS id=[ 256, 14345 ] end=237568 piso=1673216
COUNTS id=[ 256, 14346 ] end=1310720 piso=10649600
COUNTS id=[ 256, 14347 ] end=1310720 piso=10649600
COUNTS id=[ 256, 14348 ] end=458752 piso=4907008
COUNTS id=[ 256, 14349 ] end=917504 piso=9854976
COUNTS id=[ 256, 14350 ] end=524288 piso=5210112
COUNTS id=[ 256, 14351 ] end=917504 piso=9854976
COUNTS id=[ 256, 14352 ] end=524288 piso=5210112
COUNTS id=[ 256, 14353 ] end=983040 piso=10321920
COUNTS id=[ 256, 14354 ] end=458752 piso=4907008
COUNTS id=[ 256, 14355 ] end=573440 piso=3430400
COUNTS id=[ 256, 14356 ] end=589824 piso=3512320
COUNTS id=[ 256, 14357 ] end=589824 piso=3512320
COUNTS id=[ 256, 14358 ] end=311296 piso=1941504
COUNTS id=[ 256, 14359 ] end=278528 piso=1941504
COUNTS id=[ 256, 14360 ] end=172032 piso=954368
COUNTS id=[ 256, 14361 ] end=1572864 piso=13336576
COUNTS id=[ 256, 14362 ] end=1179648 piso=12353536
COUNTS id=[ 256, 14363 ] end=720896 piso=5455872
COUNTS id=[ 256, 14364 ] end=720896 piso=4603904
COUNTS id=[ 256, 14365 ] end=720896 piso=5455872
COUNTS id=[ 256, 14366 ] end=720896 piso=4603904
COUNTS id=[ 256, 14367 ] end=1114112 piso=13336576
COUNTS id=[ 256, 14368 ] end=1179648 piso=12353536
COUNTS id=[ 256, 14369 ] end=663552 piso=4513792
COUNTS id=[ 256, 14370 ] end=557056 piso=5548032
COUNTS id=[ 256, 14371 ] end=540672 piso=4057088
COUNTS id=[ 256, 14372 ] end=368640 piso=2564096
COUNTS id=[ 256, 14373 ] end=851968 piso=12722176
COUNTS id=[ 256, 14374 ] end=1769472 piso=20062208
COUNTS id=[ 256, 14375 ] end=786432 piso=6709248
COUNTS id=[ 256, 14376 ] end=983040 piso=12378112
COUNTS id=[ 256, 14377 ] end=524288 piso=7577600
COUNTS id=[ 256, 14378 ] end=1441792 piso=13606912
COUNTS id=[ 256, 14379 ] end=983040 piso=12378112
COUNTS id=[ 256, 14380 ] end=524288 piso=7577600
COUNTS id=[ 256, 14381 ] end=1441792 piso=13606912
COUNTS id=[ 256, 14382 ] end=720896 piso=12722176
COUNTS id=[ 256, 14383 ] end=1638400 piso=20062208
COUNTS id=[ 256, 14384 ] end=786432 piso=6709248
COUNTS id=[ 256, 14385 ] end=737280 piso=5763072
COUNTS id=[ 256, 14386 ] end=425984 piso=5402624
COUNTS id=[ 256, 14387 ] end=1081344 piso=9269248
COUNTS id=[ 256, 14388 ] end=655360 piso=7643136
COUNTS id=[ 256, 14389 ] end=1572864 piso=13672448
COUNTS id=[ 256, 14390 ] end=786432 piso=6225920
COUNTS id=[ 256, 14391 ] end=786432 piso=5988352
COUNTS id=[ 256, 14392 ] end=524288 piso=6209536
COUNTS id=[ 256, 14393 ] end=1441792 piso=12632064
COUNTS id=[ 256, 14394 ] end=786432 piso=6774784
COUNTS id=[ 256, 14395 ] end=524288 piso=6995968
COUNTS id=[ 256, 14396 ] end=1441792 piso=13418496
COUNTS id=[ 256, 14397 ] end=524288 piso=6856704
COUNTS id=[ 256, 14398 ] end=1441792 piso=12886016
COUNTS id=[ 256, 14399 ] end=786432 piso=5439488
COUNTS id=[ 256, 14400 ] end=638976 piso=4216832
COUNTS id=[ 256, 14401 ] end=327680 piso=4102144
COUNTS id=[ 256, 14402 ] end=983040 piso=7411712
COUNTS id=[ 256, 14403 ] end=786432 piso=36866048
COUNTS id=[ 256, 14404 ] end=557056 piso=5392384
COUNTS id=[ 256, 14405 ] end=753664 piso=11257856
COUNTS id=[ 256, 14406 ] end=557056 piso=5392384
COUNTS id=[ 256, 14407 ] end=466944 piso=4843520
COUNTS id=[ 256, 14408 ] end=3391488 piso=95125504
COUNTS id=[ 256, 14409 ] end=802816 piso=8396800
COUNTS id=[ 256, 14410 ] end=2441216 piso=48709632
COUNTS id=[ 256, 14411 ] end=802816 piso=6955008
COUNTS id=[ 256, 14412 ] end=1343488 piso=11575296
COUNTS id=[ 256, 14413 ] end=425984 piso=5152768
COUNTS id=[ 256, 14414 ] end=671744 piso=4399104
COUNTS id=[ 256, 14415 ] end=573440 piso=3448832
COUNTS id=[ 256, 14416 ] end=917504 piso=6709248
COUNTS id=[ 256, 14417 ] end=262144 piso=3301376
COUNTS id=[ 256, 14418 ] end=425984 piso=3702784
COUNTS id=[ 256, 14419 ] end=360448 piso=3506176
COUNTS id=[ 256, 14420 ] end=245760 piso=1492992
COUNTS id=[ 256, 14421 ] end=245760 piso=1427456
COUNTS id=[ 256, 14422 ] end=229376 piso=1361920
COUNTS id=[ 256, 14423 ] end=344064 piso=3506176
COUNTS id=[ 256, 14424 ] end=221184 piso=1337344
PROGRESS checked=400 hits=0 reversed=0 runtime_ms=1425941
COUNTS id=[ 256, 14425 ] end=303104 piso=2244608
COUNTS id=[ 256, 14426 ] end=4882432 piso=144632320
COUNTS id=[ 256, 14427 ] end=2736128 piso=81807872
COUNTS id=[ 256, 14428 ] end=2580480 piso=140466688
COUNTS id=[ 256, 14429 ] end=2768896 piso=81984000
COUNTS id=[ 256, 14430 ] end=1064960 piso=8161792
COUNTS id=[ 256, 14431 ] end=933888 piso=7924224
COUNTS id=[ 256, 14432 ] end=868352 piso=7436800
COUNTS id=[ 256, 14433 ] end=933888 piso=7346688
COUNTS id=[ 256, 14434 ] end=5586944 piso=298327552
COUNTS id=[ 256, 14435 ] end=5144576 piso=279666176
COUNTS id=[ 256, 14436 ] end=1064960 piso=35003904
COUNTS id=[ 256, 14437 ] end=753664 piso=35479040
COUNTS id=[ 256, 14438 ] end=1490944 piso=17024512
COUNTS id=[ 256, 14439 ] end=1114112 piso=13633024
COUNTS id=[ 256, 14440 ] end=5488640 piso=298327552
COUNTS id=[ 256, 14441 ] end=5079040 piso=279666176
COUNTS id=[ 256, 14442 ] end=999424 piso=35003904
COUNTS id=[ 256, 14443 ] end=655360 piso=35479040
COUNTS id=[ 256, 14444 ] end=1474560 piso=17024512
COUNTS id=[ 256, 14445 ] end=1097728 piso=13633024
COUNTS id=[ 256, 14446 ] end=3555328 piso=156558848
COUNTS id=[ 256, 14447 ] end=3227648 piso=144557568
COUNTS id=[ 256, 14448 ] end=1425408 piso=14511616
COUNTS id=[ 256, 14449 ] end=1097728 piso=11423232
COUNTS id=[ 256, 14450 ] end=671744 piso=23324160
COUNTS id=[ 256, 14451 ] end=344064 piso=23905792
COUNTS id=[ 256, 14452 ] end=1425408 piso=14511616
COUNTS id=[ 256, 14453 ] end=1097728 piso=11423232
COUNTS id=[ 256, 14454 ] end=596992 piso=5772288
COUNTS id=[ 256, 14455 ] end=596992 piso=5772288
COUNTS id=[ 256, 14456 ] end=586752 piso=4709376
COUNTS id=[ 256, 14457 ] end=1748992 piso=16193536
COUNTS id=[ 256, 14458 ] end=1273856 piso=10119168
COUNTS id=[ 256, 14459 ] end=602112 piso=7727104
COUNTS id=[ 256, 14460 ] end=323584 piso=8009728
COUNTS id=[ 256, 14461 ] end=1642496 piso=14522368
COUNTS id=[ 256, 14462 ] end=1265664 piso=9807872
COUNTS id=[ 256, 14463 ] end=593920 piso=7366656
COUNTS id=[ 256, 14464 ] end=315392 piso=7354368
COUNTS id=[ 256, 14465 ] end=272384 piso=3651584
COUNTS id=[ 256, 14466 ] end=272384 piso=3651584
COUNTS id=[ 256, 14467 ] end=3706880 piso=103344640
COUNTS id=[ 256, 14468 ] end=1429504 piso=14760448
COUNTS id=[ 256, 14469 ] end=1417216 piso=14019072
COUNTS id=[ 256, 14470 ] end=2555904 piso=58755584
COUNTS id=[ 256, 14471 ] end=410624 piso=4057600
COUNTS id=[ 256, 14472 ] end=410624 piso=3983872
COUNTS id=[ 256, 14473 ] end=1277952 piso=6424064
COUNTS id=[ 256, 14474 ] end=704512 piso=4474368
COUNTS id=[ 256, 14475 ] end=720896 piso=4826624
COUNTS id=[ 256, 14476 ] end=770048 piso=4351488
COUNTS id=[ 256, 14477 ] end=679936 piso=5395968
COUNTS id=[ 256, 14478 ] end=696320 piso=4183552
COUNTS id=[ 256, 14479 ] end=524288 piso=3766784
COUNTS id=[ 256, 14480 ] end=524288 piso=3619328
COUNTS id=[ 256, 14481 ] end=524288 piso=2824704
COUNTS id=[ 256, 14482 ] end=524288 piso=2972160
COUNTS id=[ 256, 14483 ] end=516096 piso=3066368
COUNTS id=[ 256, 14484 ] end=516096 piso=3066368
COUNTS id=[ 256, 14485 ] end=1474560 piso=14029312
COUNTS id=[ 256, 14486 ] end=753664 piso=7578112
COUNTS id=[ 256, 14487 ] end=884736 piso=7180800
COUNTS id=[ 256, 14488 ] end=294912 piso=5972480
COUNTS id=[ 256, 14489 ] end=917504 piso=9263616
COUNTS id=[ 256, 14490 ] end=393216 piso=4971008
COUNTS id=[ 256, 14491 ] end=1376256 piso=14029312
COUNTS id=[ 256, 14492 ] end=688128 piso=7578112
COUNTS id=[ 256, 14493 ] end=819200 piso=7180800
COUNTS id=[ 256, 14494 ] end=196608 piso=5972480
COUNTS id=[ 256, 14495 ] end=901120 piso=9263616
COUNTS id=[ 256, 14496 ] end=376832 piso=4971008
COUNTS id=[ 256, 14497 ] end=901120 piso=7164416
COUNTS id=[ 256, 14498 ] end=901120 piso=7164416
COUNTS id=[ 256, 14499 ] end=376832 piso=3953152
COUNTS id=[ 256, 14500 ] end=376832 piso=3953152
COUNTS id=[ 256, 14501 ] end=1228800 piso=11205120
COUNTS id=[ 256, 14502 ] end=638976 piso=5179904
COUNTS id=[ 256, 14503 ] end=704512 piso=5487104
COUNTS id=[ 256, 14504 ] end=114688 piso=4409856
COUNTS id=[ 256, 14505 ] end=155648 piso=947200
COUNTS id=[ 256, 14506 ] end=155648 piso=914432
COUNTS id=[ 256, 14507 ] end=145408 piso=896000
COUNTS id=[ 256, 14508 ] end=737280 piso=5675008
COUNTS id=[ 256, 14509 ] end=1146880 piso=8699904
COUNTS id=[ 256, 14510 ] end=458752 piso=4702208
COUNTS id=[ 256, 14511 ] end=532480 piso=3274752
COUNTS id=[ 256, 14512 ] end=851968 piso=5763072
COUNTS id=[ 256, 14513 ] end=245760 piso=2666496
COUNTS id=[ 256, 14514 ] end=1081344 piso=8679424
COUNTS id=[ 256, 14515 ] end=393216 piso=4681728
COUNTS id=[ 256, 14516 ] end=704512 piso=5654528
COUNTS id=[ 256, 14517 ] end=851968 piso=5742592
COUNTS id=[ 256, 14518 ] end=245760 piso=2646016
COUNTS id=[ 256, 14519 ] end=532480 piso=3254272
COUNTS id=[ 256, 14520 ] end=704512 piso=4868096
