PARAMETERS start=256 end=256 start_id=35061 end_id=38566 skip_abelian=true log_all=true
ORDER_START order=256 groups=56092
COUNTS id=[ 256, 35061 ] end=7176192 piso=24921088
CLOSEST id=[ 256, 35061 ] end=7176192 piso=24921088 ratio=24337/7008
COUNTS id=[ 256, 35062 ] end=37650432 piso=62764032
CLOSEST id=[ 256, 35062 ] end=37650432 piso=62764032 ratio=20431/12256
COUNTS id=[ 256, 35063 ] end=35618816 piso=50938880
CLOSEST id=[ 256, 35063 ] end=35618816 piso=50938880 ratio=49745/34784
COUNTS id=[ 256, 35064 ] end=3112960 piso=10797056
COUNTS id=[ 256, 35065 ] end=3112960 piso=10768384
COUNTS id=[ 256, 35066 ] end=5144576 piso=14471168
COUNTS id=[ 256, 35067 ] end=5341184 piso=15543296
COUNTS id=[ 256, 35068 ] end=5144576 piso=12866560
COUNTS id=[ 256, 35069 ] end=35618816 piso=50250752
CLOSEST id=[ 256, 35069 ] end=35618816 piso=50250752 ratio=49073/34784
COUNTS id=[ 256, 35070 ] end=3112960 piso=11152384
COUNTS id=[ 256, 35071 ] end=3112960 piso=10084352
COUNTS id=[ 256, 35072 ] end=3112960 piso=10168320
COUNTS id=[ 256, 35073 ] end=5144576 piso=16439296
COUNTS id=[ 256, 35074 ] end=3112960 piso=10828800
COUNTS id=[ 256, 35075 ] end=3112960 piso=12516352
COUNTS id=[ 256, 35076 ] end=3112960 piso=12422144
COUNTS id=[ 256, 35077 ] end=3112960 piso=10684416
COUNTS id=[ 256, 35078 ] end=1081344 piso=10483712
COUNTS id=[ 256, 35079 ] end=69369856 piso=172464640
COUNTS id=[ 256, 35080 ] end=6160384 piso=20410880
COUNTS id=[ 256, 35081 ] end=6356992 piso=21090816
COUNTS id=[ 256, 35082 ] end=6160384 piso=16773632
COUNTS id=[ 256, 35083 ] end=36634624 piso=56956928
COUNTS id=[ 256, 35084 ] end=36634624 piso=57667584
COUNTS id=[ 256, 35085 ] end=4128768 piso=11640832
COUNTS id=[ 256, 35086 ] end=2097152 piso=11169792
COUNTS id=[ 256, 35087 ] end=37847040 piso=64566272
COUNTS id=[ 256, 35088 ] end=37650432 piso=64460800
COUNTS id=[ 256, 35089 ] end=7372800 piso=24850432
COUNTS id=[ 256, 35090 ] end=5144576 piso=14507008
COUNTS id=[ 256, 35091 ] end=68124672 piso=160696832
COUNTS id=[ 256, 35092 ] end=5144576 piso=16681472
COUNTS id=[ 256, 35093 ] end=3112960 piso=12341760
COUNTS id=[ 256, 35094 ] end=3112960 piso=10242560
COUNTS id=[ 256, 35095 ] end=6389760 piso=20957696
COUNTS id=[ 256, 35096 ] end=36634624 piso=56932864
COUNTS id=[ 256, 35097 ] end=6356992 piso=17207808
COUNTS id=[ 256, 35098 ] end=4128768 piso=11868672
COUNTS id=[ 256, 35099 ] end=36634624 piso=56991744
COUNTS id=[ 256, 35100 ] end=4128768 piso=13201408
COUNTS id=[ 256, 35101 ] end=2097152 piso=9875456
COUNTS id=[ 256, 35102 ] end=2097152 piso=9934848
COUNTS id=[ 256, 35103 ] end=5144576 piso=15937536
COUNTS id=[ 256, 35104 ] end=5144576 piso=13237248
COUNTS id=[ 256, 35105 ] end=5341184 piso=15370240
COUNTS id=[ 256, 35106 ] end=35618816 piso=52115968
COUNTS id=[ 256, 35107 ] end=5144576 piso=15618560
COUNTS id=[ 256, 35108 ] end=1081344 piso=11284992
COUNTS id=[ 256, 35109 ] end=3112960 piso=9732608
COUNTS id=[ 256, 35110 ] end=4358144 piso=16439808
COUNTS id=[ 256, 35111 ] end=4128768 piso=11098624
COUNTS id=[ 256, 35112 ] end=4128768 piso=11061760
COUNTS id=[ 256, 35113 ] end=4128768 piso=12060672
COUNTS id=[ 256, 35114 ] end=2097152 piso=11120640
COUNTS id=[ 256, 35115 ] end=2097152 piso=9838592
COUNTS id=[ 256, 35116 ] end=2097152 piso=10579968
COUNTS id=[ 256, 35117 ] end=5144576 piso=14605312
COUNTS id=[ 256, 35118 ] end=5341184 piso=15299584
COUNTS id=[ 256, 35119 ] end=3112960 piso=10997760
COUNTS id=[ 256, 35120 ] end=3112960 piso=12087808
COUNTS id=[ 256, 35121 ] end=1081344 piso=10506752
COUNTS id=[ 256, 35122 ] end=3112960 piso=13021696
COUNTS id=[ 256, 35123 ] end=3112960 piso=11385344
COUNTS id=[ 256, 35124 ] end=6389760 piso=17709568
COUNTS id=[ 256, 35125 ] end=4128768 piso=12083712
COUNTS id=[ 256, 35126 ] end=6160384 piso=18178560
COUNTS id=[ 256, 35127 ] end=4128768 piso=12101632
COUNTS id=[ 256, 35128 ] end=4128768 piso=11003904
COUNTS id=[ 256, 35129 ] end=4128768 piso=12195840
COUNTS id=[ 256, 35130 ] end=2097152 piso=9412608
COUNTS id=[ 256, 35131 ] end=5144576 piso=13294592
COUNTS id=[ 256, 35132 ] end=5144576 piso=13027328
COUNTS id=[ 256, 35133 ] end=3112960 piso=10682880
COUNTS id=[ 256, 35134 ] end=3112960 piso=9884160
COUNTS id=[ 256, 35135 ] end=3112960 piso=11307520
COUNTS id=[ 256, 35136 ] end=5144576 piso=12792320
COUNTS id=[ 256, 35137 ] end=7176192 piso=39510016
COUNTS id=[ 256, 35138 ] end=2195456 piso=18497536
COUNTS id=[ 256, 35139 ] end=5832704 piso=18127360
COUNTS id=[ 256, 35140 ] end=8585216 piso=40872448
COUNTS id=[ 256, 35141 ] end=5832704 piso=16112128
COUNTS id=[ 256, 35142 ] end=3342336 piso=15059456
COUNTS id=[ 256, 35143 ] end=7176192 piso=20695040
COUNTS id=[ 256, 35144 ] end=4554752 piso=15460352
COUNTS id=[ 256, 35145 ] end=4554752 piso=14172160
COUNTS id=[ 256, 35146 ] end=7176192 piso=20217856
COUNTS id=[ 256, 35147 ] end=2097152 piso=14131200
COUNTS id=[ 256, 35148 ] end=3112960 piso=9071104
COUNTS id=[ 256, 35149 ] end=3112960 piso=9562624
COUNTS id=[ 256, 35150 ] end=2129920 piso=8892416
COUNTS id=[ 256, 35151 ] end=4161536 piso=11407360
COUNTS id=[ 256, 35152 ] end=2129920 piso=9009152
COUNTS id=[ 256, 35153 ] end=4161536 piso=10532864
COUNTS id=[ 256, 35154 ] end=5832704 piso=38586880
COUNTS id=[ 256, 35155 ] end=3342336 piso=21719552
COUNTS id=[ 256, 35156 ] end=4554752 piso=16394752
COUNTS id=[ 256, 35157 ] end=37453824 piso=72735232
COUNTS id=[ 256, 35158 ] end=4554752 piso=15747584
COUNTS id=[ 256, 35159 ] end=2195456 piso=16226816
COUNTS id=[ 256, 35160 ] end=7176192 piso=34798080
PROGRESS checked=100 hits=0 reversed=0 runtime_ms=642449
COUNTS id=[ 256, 35161 ] end=34832384 piso=50588160
COUNTS id=[ 256, 35162 ] end=2195456 piso=16128512
COUNTS id=[ 256, 35163 ] end=4554752 piso=14805504
COUNTS id=[ 256, 35164 ] end=3309568 piso=15955456
COUNTS id=[ 256, 35165 ] end=5799936 piso=17737216
COUNTS id=[ 256, 35166 ] end=36077568 piso=53540352
COUNTS id=[ 256, 35167 ] end=3309568 piso=13768192
COUNTS id=[ 256, 35168 ] end=3932160 piso=22247936
COUNTS id=[ 256, 35169 ] end=1703936 piso=15493632
COUNTS id=[ 256, 35170 ] end=2490368 piso=11995648
COUNTS id=[ 256, 35171 ] end=1048576 piso=12364288
COUNTS id=[ 256, 35172 ] end=2883584 piso=12003840
COUNTS id=[ 256, 35173 ] end=655360 piso=11950592
COUNTS id=[ 256, 35174 ] end=1277952 piso=10634752
COUNTS id=[ 256, 35175 ] end=2064384 piso=11494912
COUNTS id=[ 256, 35176 ] end=1671168 piso=10302976
COUNTS id=[ 256, 35177 ] end=1671168 piso=11089408
COUNTS id=[ 256, 35178 ] end=1114112 piso=16939520
COUNTS id=[ 256, 35179 ] end=3342336 piso=17340928
COUNTS id=[ 256, 35180 ] end=2097152 piso=8720896
COUNTS id=[ 256, 35181 ] end=2097152 piso=9847296
COUNTS id=[ 256, 35182 ] end=2097152 piso=9441792
COUNTS id=[ 256, 35183 ] end=2097152 piso=9429504
COUNTS id=[ 256, 35184 ] end=3112960 piso=9981440
COUNTS id=[ 256, 35185 ] end=3112960 piso=9342464
COUNTS id=[ 256, 35186 ] end=1081344 piso=10180096
COUNTS id=[ 256, 35187 ] end=1081344 piso=9352704
COUNTS id=[ 256, 35188 ] end=3145728 piso=14801408
COUNTS id=[ 256, 35189 ] end=5373952 piso=19679744
COUNTS id=[ 256, 35190 ] end=2097152 piso=8897024
COUNTS id=[ 256, 35191 ] end=4128768 piso=10465792
COUNTS id=[ 256, 35192 ] end=4128768 piso=10318336
COUNTS id=[ 256, 35193 ] end=2097152 piso=8913408
COUNTS id=[ 256, 35194 ] end=3112960 piso=9356800
COUNTS id=[ 256, 35195 ] end=5144576 piso=12973568
COUNTS id=[ 256, 35196 ] end=3112960 piso=9020928
COUNTS id=[ 256, 35197 ] end=1081344 piso=9344512
COUNTS id=[ 256, 35198 ] end=4128768 piso=12321280
COUNTS id=[ 256, 35199 ] end=2129920 piso=9796096
COUNTS id=[ 256, 35200 ] end=2097152 piso=11890176
COUNTS id=[ 256, 35201 ] end=2097152 piso=10194432
COUNTS id=[ 256, 35202 ] end=2097152 piso=9754112
COUNTS id=[ 256, 35203 ] end=65536 piso=11421184
COUNTS id=[ 256, 35204 ] end=4128768 piso=11280896
COUNTS id=[ 256, 35205 ] end=4161536 piso=10680832
COUNTS id=[ 256, 35206 ] end=4128768 piso=11193856
COUNTS id=[ 256, 35207 ] end=2097152 piso=9805312
COUNTS id=[ 256, 35208 ] end=2097152 piso=9029120
COUNTS id=[ 256, 35209 ] end=2097152 piso=10118656
COUNTS id=[ 256, 35210 ] end=6193152 piso=17312256
COUNTS id=[ 256, 35211 ] end=36634624 piso=55254528
COUNTS id=[ 256, 35212 ] end=4128768 piso=12267008
COUNTS id=[ 256, 35213 ] end=2097152 piso=10094080
COUNTS id=[ 256, 35214 ] end=2097152 piso=9471488
COUNTS id=[ 256, 35215 ] end=4161536 piso=11082240
COUNTS id=[ 256, 35216 ] end=4128768 piso=11263488
COUNTS id=[ 256, 35217 ] end=4128768 piso=11877888
COUNTS id=[ 256, 35218 ] end=2097152 piso=9364992
COUNTS id=[ 256, 35219 ] end=65536 piso=11560448
COUNTS id=[ 256, 35220 ] end=5144576 piso=14012416
COUNTS id=[ 256, 35221 ] end=5144576 piso=13020160
COUNTS id=[ 256, 35222 ] end=5144576 piso=16081920
COUNTS id=[ 256, 35223 ] end=5144576 piso=14617600
COUNTS id=[ 256, 35224 ] end=3112960 piso=10377216
COUNTS id=[ 256, 35225 ] end=1081344 piso=10153984
COUNTS id=[ 256, 35226 ] end=3112960 piso=10625024
COUNTS id=[ 256, 35227 ] end=5144576 piso=14257152
COUNTS id=[ 256, 35228 ] end=3112960 piso=10705920
COUNTS id=[ 256, 35229 ] end=1081344 piso=9709568
COUNTS id=[ 256, 35230 ] end=1081344 piso=9840640
COUNTS id=[ 256, 35231 ] end=3112960 piso=9405440
COUNTS id=[ 256, 35232 ] end=33587200 piso=44622848
CLOSEST id=[ 256, 35232 ] end=33587200 piso=44622848 ratio=43577/32800
COUNTS id=[ 256, 35233 ] end=1081344 piso=11013120
COUNTS id=[ 256, 35234 ] end=1081344 piso=10309632
COUNTS id=[ 256, 35235 ] end=1081344 piso=10319872
COUNTS id=[ 256, 35236 ] end=3112960 piso=10081280
COUNTS id=[ 256, 35237 ] end=3112960 piso=10073088
COUNTS id=[ 256, 35238 ] end=3112960 piso=9654272
COUNTS id=[ 256, 35239 ] end=1081344 piso=9838592
COUNTS id=[ 256, 35240 ] end=4161536 piso=13437440
COUNTS id=[ 256, 35241 ] end=4128768 piso=10359296
COUNTS id=[ 256, 35242 ] end=4128768 piso=13029376
COUNTS id=[ 256, 35243 ] end=4128768 piso=13451264
COUNTS id=[ 256, 35244 ] end=2097152 piso=8933376
COUNTS id=[ 256, 35245 ] end=65536 piso=11350016
COUNTS id=[ 256, 35246 ] end=5144576 piso=16122880
COUNTS id=[ 256, 35247 ] end=3112960 piso=9484288
COUNTS id=[ 256, 35248 ] end=5144576 piso=15866368
COUNTS id=[ 256, 35249 ] end=3112960 piso=11840000
COUNTS id=[ 256, 35250 ] end=1081344 piso=9370112
COUNTS id=[ 256, 35251 ] end=1081344 piso=9486848
COUNTS id=[ 256, 35252 ] end=6193152 piso=21096960
COUNTS id=[ 256, 35253 ] end=4128768 piso=11088384
COUNTS id=[ 256, 35254 ] end=36634624 piso=57294848
COUNTS id=[ 256, 35255 ] end=4128768 piso=13916160
COUNTS id=[ 256, 35256 ] end=2097152 piso=9664512
COUNTS id=[ 256, 35257 ] end=2097152 piso=9863168
COUNTS id=[ 256, 35258 ] end=5144576 piso=12820480
COUNTS id=[ 256, 35259 ] end=5144576 piso=17027584
COUNTS id=[ 256, 35260 ] end=35618816 piso=51730944
PROGRESS checked=200 hits=0 reversed=0 runtime_ms=1297782
COUNTS id=[ 256, 35261 ] end=1081344 piso=9900544
COUNTS id=[ 256, 35262 ] end=3112960 piso=10031616
COUNTS id=[ 256, 35263 ] end=4161536 piso=10607104
COUNTS id=[ 256, 35264 ] end=4128768 piso=10375168
COUNTS id=[ 256, 35265 ] end=2097152 piso=9183232
COUNTS id=[ 256, 35266 ] end=2097152 piso=8835072
COUNTS id=[ 256, 35267 ] end=2097152 piso=9367552
COUNTS id=[ 256, 35268 ] end=3112960 piso=9376768
COUNTS id=[ 256, 35269 ] end=3112960 piso=9200128
COUNTS id=[ 256, 35270 ] end=1081344 piso=9482752
COUNTS id=[ 256, 35271 ] end=3112960 piso=9243136
COUNTS id=[ 256, 35272 ] end=3112960 piso=9413120
COUNTS id=[ 256, 35273 ] end=2129920 piso=9767424
COUNTS id=[ 256, 35274 ] end=2097152 piso=10213376
COUNTS id=[ 256, 35275 ] end=2097152 piso=9252864
COUNTS id=[ 256, 35276 ] end=2097152 piso=9891840
COUNTS id=[ 256, 35277 ] end=65536 piso=12093440
COUNTS id=[ 256, 35278 ] end=1081344 piso=9863680
COUNTS id=[ 256, 35279 ] end=1081344 piso=10162688
COUNTS id=[ 256, 35280 ] end=1081344 piso=10076672
COUNTS id=[ 256, 35281 ] end=3112960 piso=10484224
COUNTS id=[ 256, 35282 ] end=69566464 piso=176498688
COUNTS id=[ 256, 35283 ] end=4554752 piso=44214272
COUNTS id=[ 256, 35284 ] end=37453824 piso=78628864
COUNTS id=[ 256, 35285 ] end=4554752 piso=35956736
COUNTS id=[ 256, 35286 ] end=36077568 piso=54659584
COUNTS id=[ 256, 35287 ] end=5799936 piso=18651648
COUNTS id=[ 256, 35288 ] end=3309568 piso=14735872
COUNTS id=[ 256, 35289 ] end=3309568 piso=13613568
COUNTS id=[ 256, 35290 ] end=4554752 piso=15689728
COUNTS id=[ 256, 35291 ] end=7176192 piso=24184832
COUNTS id=[ 256, 35292 ] end=34832384 piso=49342464
COUNTS id=[ 256, 35293 ] end=2195456 piso=14690304
COUNTS id=[ 256, 35294 ] end=2195456 piso=15724544
COUNTS id=[ 256, 35295 ] end=4554752 piso=14979072
COUNTS id=[ 256, 35296 ] end=37453824 piso=59052032
COUNTS id=[ 256, 35297 ] end=4554752 piso=14151680
COUNTS id=[ 256, 35298 ] end=3342336 piso=14748160
COUNTS id=[ 256, 35299 ] end=5832704 piso=35146240
COUNTS id=[ 256, 35300 ] end=3342336 piso=13859328
COUNTS id=[ 256, 35301 ] end=1114112 piso=17922560
COUNTS id=[ 256, 35302 ] end=4554752 piso=15958016
COUNTS id=[ 256, 35303 ] end=2195456 piso=14680064
COUNTS id=[ 256, 35304 ] end=2195456 piso=14731264
COUNTS id=[ 256, 35305 ] end=4554752 piso=16771072
COUNTS id=[ 256, 35306 ] end=34603008 piso=64831488
COUNTS id=[ 256, 35307 ] end=2097152 piso=28000256
COUNTS id=[ 256, 35308 ] end=1081344 piso=9923072
COUNTS id=[ 256, 35309 ] end=3112960 piso=9329152
COUNTS id=[ 256, 35310 ] end=3112960 piso=10521088
COUNTS id=[ 256, 35311 ] end=1081344 piso=9349632
COUNTS id=[ 256, 35312 ] end=2097152 piso=9361408
COUNTS id=[ 256, 35313 ] end=2097152 piso=9074688
COUNTS id=[ 256, 35314 ] end=2097152 piso=9687040
COUNTS id=[ 256, 35315 ] end=2097152 piso=8622080
COUNTS id=[ 256, 35316 ] end=1081344 piso=9378304
COUNTS id=[ 256, 35317 ] end=1081344 piso=10246656
COUNTS id=[ 256, 35318 ] end=98304 piso=11941888
COUNTS id=[ 256, 35319 ] end=2129920 piso=9500672
COUNTS id=[ 256, 35320 ] end=98304 piso=11587584
COUNTS id=[ 256, 35321 ] end=2129920 piso=10039296
COUNTS id=[ 256, 35322 ] end=2097152 piso=12091904
COUNTS id=[ 256, 35323 ] end=2097152 piso=10379776
COUNTS id=[ 256, 35324 ] end=4128768 piso=11921920
COUNTS id=[ 256, 35325 ] end=2129920 piso=10447360
COUNTS id=[ 256, 35326 ] end=4128768 piso=11776512
COUNTS id=[ 256, 35327 ] end=2097152 piso=10797568
COUNTS id=[ 256, 35328 ] end=4128768 piso=11282944
COUNTS id=[ 256, 35329 ] end=4161536 piso=13441536
COUNTS id=[ 256, 35330 ] end=34603008 piso=46944768
COUNTS id=[ 256, 35331 ] end=2097152 piso=10017280
COUNTS id=[ 256, 35332 ] end=2129920 piso=10209792
COUNTS id=[ 256, 35333 ] end=2097152 piso=9798144
COUNTS id=[ 256, 35334 ] end=2097152 piso=9529856
COUNTS id=[ 256, 35335 ] end=98304 piso=12843520
COUNTS id=[ 256, 35336 ] end=3112960 piso=11788288
COUNTS id=[ 256, 35337 ] end=3112960 piso=10856448
COUNTS id=[ 256, 35338 ] end=3112960 piso=10312704
COUNTS id=[ 256, 35339 ] end=1081344 piso=10400768
COUNTS id=[ 256, 35340 ] end=3112960 piso=11460608
COUNTS id=[ 256, 35341 ] end=1081344 piso=11182080
COUNTS id=[ 256, 35342 ] end=1081344 piso=10052608
COUNTS id=[ 256, 35343 ] end=33587200 piso=44075008
CLOSEST id=[ 256, 35343 ] end=33587200 piso=44075008 ratio=21521/16400
COUNTS id=[ 256, 35344 ] end=3112960 piso=10138624
COUNTS id=[ 256, 35345 ] end=3112960 piso=10443776
COUNTS id=[ 256, 35346 ] end=3112960 piso=10733568
COUNTS id=[ 256, 35347 ] end=5144576 piso=14154752
COUNTS id=[ 256, 35348 ] end=34603008 piso=48056832
COUNTS id=[ 256, 35349 ] end=4161536 piso=15342080
COUNTS id=[ 256, 35350 ] end=4128768 piso=11846144
COUNTS id=[ 256, 35351 ] end=2097152 piso=10314240
COUNTS id=[ 256, 35352 ] end=35618816 piso=52553728
COUNTS id=[ 256, 35353 ] end=3112960 piso=12381184
COUNTS id=[ 256, 35354 ] end=3112960 piso=11015168
COUNTS id=[ 256, 35355 ] end=3112960 piso=10829824
COUNTS id=[ 256, 35356 ] end=4128768 piso=13488640
COUNTS id=[ 256, 35357 ] end=2129920 piso=11545088
COUNTS id=[ 256, 35358 ] end=2097152 piso=9042432
COUNTS id=[ 256, 35359 ] end=2097152 piso=9425408
COUNTS id=[ 256, 35360 ] end=3112960 piso=11427840
PROGRESS checked=300 hits=0 reversed=0 runtime_ms=2000070
COUNTS id=[ 256, 35361 ] end=1081344 piso=10102784
COUNTS id=[ 256, 35362 ] end=3112960 piso=9419776
COUNTS id=[ 256, 35363 ] end=2097152 piso=10199552
COUNTS id=[ 256, 35364 ] end=98304 piso=13384192
COUNTS id=[ 256, 35365 ] end=2097152 piso=9751040
COUNTS id=[ 256, 35366 ] end=3112960 piso=10959872
COUNTS id=[ 256, 35367 ] end=1081344 piso=11116544
COUNTS id=[ 256, 35368 ] end=1081344 piso=10355712
COUNTS id=[ 256, 35369 ] end=2097152 piso=9517568
COUNTS id=[ 256, 35370 ] end=2129920 piso=10988032
COUNTS id=[ 256, 35371 ] end=4128768 piso=11092480
COUNTS id=[ 256, 35372 ] end=3112960 piso=9311232
COUNTS id=[ 256, 35373 ] end=3112960 piso=9398272
COUNTS id=[ 256, 35374 ] end=5832704 piso=17390080
COUNTS id=[ 256, 35375 ] end=70975488 piso=166636032
COUNTS id=[ 256, 35376 ] end=5832704 piso=15858176
COUNTS id=[ 256, 35377 ] end=3342336 piso=16378368
COUNTS id=[ 256, 35378 ] end=37453824 piso=57516032
COUNTS id=[ 256, 35379 ] end=4554752 piso=16211968
COUNTS id=[ 256, 35380 ] end=34832384 piso=49367040
COUNTS id=[ 256, 35381 ] end=7176192 piso=22120448
COUNTS id=[ 256, 35382 ] end=3112960 piso=9071104
COUNTS id=[ 256, 35383 ] end=3112960 piso=11418112
COUNTS id=[ 256, 35384 ] end=2129920 piso=9607168
COUNTS id=[ 256, 35385 ] end=4161536 piso=12818432
COUNTS id=[ 256, 35386 ] end=2129920 piso=9842688
COUNTS id=[ 256, 35387 ] end=4161536 piso=11997184
COUNTS id=[ 256, 35388 ] end=34603008 piso=48402944
COUNTS id=[ 256, 35389 ] end=6193152 piso=20941312
COUNTS id=[ 256, 35390 ] end=4128768 piso=11203072
COUNTS id=[ 256, 35391 ] end=4161536 piso=10578432
COUNTS id=[ 256, 35392 ] end=2129920 piso=11844096
COUNTS id=[ 256, 35393 ] end=4161536 piso=12376576
COUNTS id=[ 256, 35394 ] end=3112960 piso=11755520
COUNTS id=[ 256, 35395 ] end=3112960 piso=10329088
COUNTS id=[ 256, 35396 ] end=35618816 piso=50575360
COUNTS id=[ 256, 35397 ] end=5144576 piso=14021632
COUNTS id=[ 256, 35398 ] end=4161536 piso=13834752
COUNTS id=[ 256, 35399 ] end=4128768 piso=10338816
COUNTS id=[ 256, 35400 ] end=35618816 piso=51678208
COUNTS id=[ 256, 35401 ] end=3112960 piso=10123264
COUNTS id=[ 256, 35402 ] end=67141632 piso=152525312
COUNTS id=[ 256, 35403 ] end=4128768 piso=13337088
COUNTS id=[ 256, 35404 ] end=5144576 piso=13885440
COUNTS id=[ 256, 35405 ] end=4161536 piso=10996224
COUNTS id=[ 256, 35406 ] end=3112960 piso=10568704
COUNTS id=[ 256, 35407 ] end=2129920 piso=12298752
COUNTS id=[ 256, 35408 ] end=141656064 piso=640088064
COUNTS id=[ 256, 35409 ] end=10059776 piso=51638272
COUNTS id=[ 256, 35410 ] end=141656064 piso=640473088
COUNTS id=[ 256, 35411 ] end=4554752 piso=24301568
COUNTS id=[ 256, 35412 ] end=8650752 piso=40020480
COUNTS id=[ 256, 35413 ] end=11665408 piso=66427392
COUNTS id=[ 256, 35414 ] end=140115968 piso=608242176
COUNTS id=[ 256, 35415 ] end=3407872 piso=70445568
COUNTS id=[ 256, 35416 ] end=5898240 piso=30239232
COUNTS id=[ 256, 35417 ] end=8650752 piso=33933824
COUNTS id=[ 256, 35418 ] end=143392768 piso=678119936
COUNTS id=[ 256, 35419 ] end=5898240 piso=65255936
COUNTS id=[ 256, 35420 ] end=72450048 piso=184924160
COUNTS id=[ 256, 35421 ] end=10059776 piso=39616512
COUNTS id=[ 256, 35422 ] end=7176192 piso=29286400
COUNTS id=[ 256, 35423 ] end=72450048 piso=184915968
COUNTS id=[ 256, 35424 ] end=2195456 piso=20701184
COUNTS id=[ 256, 35425 ] end=4554752 piso=16760832
COUNTS id=[ 256, 35426 ] end=73990144 piso=193739264
COUNTS id=[ 256, 35427 ] end=5832704 piso=21473792
COUNTS id=[ 256, 35428 ] end=5832704 piso=23411200
COUNTS id=[ 256, 35429 ] end=5832704 piso=22100480
COUNTS id=[ 256, 35430 ] end=3342336 piso=17635840
COUNTS id=[ 256, 35431 ] end=70975488 piso=166660608
COUNTS id=[ 256, 35432 ] end=8585216 piso=32274944
COUNTS id=[ 256, 35433 ] end=8585216 piso=36846080
COUNTS id=[ 256, 35434 ] end=4358144 piso=15882240
COUNTS id=[ 256, 35435 ] end=6389760 piso=22513664
COUNTS id=[ 256, 35436 ] end=6389760 piso=22474752
COUNTS id=[ 256, 35437 ] end=4358144 piso=15982592
COUNTS id=[ 256, 35438 ] end=4161536 piso=16447488
COUNTS id=[ 256, 35439 ] end=2129920 piso=13953024
COUNTS id=[ 256, 35440 ] end=2129920 piso=13230080
COUNTS id=[ 256, 35441 ] end=4161536 piso=15478784
COUNTS id=[ 256, 35442 ] end=5177344 piso=17275392
COUNTS id=[ 256, 35443 ] end=1114112 piso=13036032
COUNTS id=[ 256, 35444 ] end=3145728 piso=14182912
COUNTS id=[ 256, 35445 ] end=3145728 piso=12950016
COUNTS id=[ 256, 35446 ] end=3145728 piso=14752256
COUNTS id=[ 256, 35447 ] end=3145728 piso=10775040
COUNTS id=[ 256, 35448 ] end=5177344 piso=18577920
COUNTS id=[ 256, 35449 ] end=1114112 piso=10709504
COUNTS id=[ 256, 35450 ] end=6389760 piso=19412992
COUNTS id=[ 256, 35451 ] end=6389760 piso=19824640
COUNTS id=[ 256, 35452 ] end=4161536 piso=13205504
COUNTS id=[ 256, 35453 ] end=4161536 piso=12584960
COUNTS id=[ 256, 35454 ] end=3145728 piso=11667968
COUNTS id=[ 256, 35455 ] end=5177344 piso=14219776
COUNTS id=[ 256, 35456 ] end=7208960 piso=25836032
COUNTS id=[ 256, 35457 ] end=1114112 piso=10447360
COUNTS id=[ 256, 35458 ] end=1114112 piso=10390016
COUNTS id=[ 256, 35459 ] end=7208960 piso=25778688
COUNTS id=[ 256, 35460 ] end=5177344 piso=14031360
PROGRESS checked=400 hits=0 reversed=0 runtime_ms=2772014
COUNTS id=[ 256, 35461 ] end=3145728 piso=11987456
COUNTS id=[ 256, 35462 ] end=140050432 piso=610040320
COUNTS id=[ 256, 35463 ] end=209453056 piso=1374591488
COUNTS id=[ 256, 35464 ] end=8585216 piso=32979456
COUNTS id=[ 256, 35465 ] end=5832704 piso=28719616
COUNTS id=[ 256, 35466 ] end=72515584 piso=187984384
COUNTS id=[ 256, 35467 ] end=7241728 piso=30304768
COUNTS id=[ 256, 35468 ] end=141721600 piso=637843968
COUNTS id=[ 256, 35469 ] end=4620288 piso=68422144
COUNTS id=[ 256, 35470 ] end=4620288 piso=29002240
COUNTS id=[ 256, 35471 ] end=75661312 piso=224946688
COUNTS id=[ 256, 35472 ] end=141721600 piso=636975616
COUNTS id=[ 256, 35473 ] end=4620288 piso=65112576
COUNTS id=[ 256, 35474 ] end=66715648 piso=155142656
COUNTS id=[ 256, 35475 ] end=67567616 piso=158247424
COUNTS id=[ 256, 35476 ] end=2097152 piso=14981632
COUNTS id=[ 256, 35477 ] end=1310720 piso=15882752
COUNTS id=[ 256, 35478 ] end=66781184 piso=155376128
COUNTS id=[ 256, 35479 ] end=2097152 piso=14391808
COUNTS id=[ 256, 35480 ] end=2097152 piso=14109184
COUNTS id=[ 256, 35481 ] end=2916352 piso=13388288
COUNTS id=[ 256, 35482 ] end=2916352 piso=14998016
COUNTS id=[ 256, 35483 ] end=2523136 piso=14580224
COUNTS id=[ 256, 35484 ] end=3309568 piso=16964096
COUNTS id=[ 256, 35485 ] end=3309568 piso=16722432
COUNTS id=[ 256, 35486 ] end=2523136 piso=13748736
COUNTS id=[ 256, 35487 ] end=2916352 piso=16386560
COUNTS id=[ 256, 35488 ] end=2916352 piso=14432768
COUNTS id=[ 256, 35489 ] end=3145728 piso=13969920
COUNTS id=[ 256, 35490 ] end=3211264 piso=17938944
COUNTS id=[ 256, 35491 ] end=5373952 piso=17807872
COUNTS id=[ 256, 35492 ] end=5373952 piso=21662208
COUNTS id=[ 256, 35493 ] end=5373952 piso=17832448
COUNTS id=[ 256, 35494 ] end=3211264 piso=17766912
COUNTS id=[ 256, 35495 ] end=3145728 piso=14100992
COUNTS id=[ 256, 35496 ] end=6193152 piso=25922048
COUNTS id=[ 256, 35497 ] end=2129920 piso=11303424
COUNTS id=[ 256, 35498 ] end=4161536 piso=18602496
COUNTS id=[ 256, 35499 ] end=98304 piso=12806656
COUNTS id=[ 256, 35500 ] end=2129920 piso=13253120
COUNTS id=[ 256, 35501 ] end=2129920 piso=11643392
COUNTS id=[ 256, 35502 ] end=4161536 piso=15112704
COUNTS id=[ 256, 35503 ] end=4161536 piso=13658624
COUNTS id=[ 256, 35504 ] end=3145728 piso=11520512
COUNTS id=[ 256, 35505 ] end=5242880 piso=16525824
COUNTS id=[ 256, 35506 ] end=7405568 piso=25963008
COUNTS id=[ 256, 35507 ] end=5373952 piso=15804928
COUNTS id=[ 256, 35508 ] end=5373952 piso=16148992
COUNTS id=[ 256, 35509 ] end=3145728 piso=11635200
COUNTS id=[ 256, 35510 ] end=5242880 piso=15821312
COUNTS id=[ 256, 35511 ] end=4161536 piso=13027840
COUNTS id=[ 256, 35512 ] end=6193152 piso=19114496
COUNTS id=[ 256, 35513 ] end=4161536 piso=11930112
COUNTS id=[ 256, 35514 ] end=2129920 piso=11901440
COUNTS id=[ 256, 35515 ] end=98304 piso=12675584
COUNTS id=[ 256, 35516 ] end=6193152 piso=18852352
COUNTS id=[ 256, 35517 ] end=8224768 piso=35904000
COUNTS id=[ 256, 35518 ] end=2129920 piso=9865728
COUNTS id=[ 256, 35519 ] end=4161536 piso=16429056
COUNTS id=[ 256, 35520 ] end=69173248 piso=174888960
COUNTS id=[ 256, 35521 ] end=6193152 piso=18905088
COUNTS id=[ 256, 35522 ] end=2129920 piso=11380736
COUNTS id=[ 256, 35523 ] end=67141632 piso=155888128
COUNTS id=[ 256, 35524 ] end=4161536 piso=14215680
COUNTS id=[ 256, 35525 ] end=4161536 piso=15272448
COUNTS id=[ 256, 35526 ] end=2129920 piso=9611776
COUNTS id=[ 256, 35527 ] end=68157440 piso=164555264
COUNTS id=[ 256, 35528 ] end=5177344 piso=16726528
COUNTS id=[ 256, 35529 ] end=5177344 piso=17287680
COUNTS id=[ 256, 35530 ] end=3145728 piso=11725312
COUNTS id=[ 256, 35531 ] end=3145728 piso=14737408
COUNTS id=[ 256, 35532 ] end=68157440 piso=163131392
COUNTS id=[ 256, 35533 ] end=5177344 piso=15929344
COUNTS id=[ 256, 35534 ] end=1114112 piso=11180032
COUNTS id=[ 256, 35535 ] end=6389760 piso=21633024
COUNTS id=[ 256, 35536 ] end=4161536 piso=17983488
COUNTS id=[ 256, 35537 ] end=2129920 piso=12541952
COUNTS id=[ 256, 35538 ] end=4161536 piso=13244416
COUNTS id=[ 256, 35539 ] end=4161536 piso=15690240
COUNTS id=[ 256, 35540 ] end=4358144 piso=17357312
COUNTS id=[ 256, 35541 ] end=98304 piso=12478976
COUNTS id=[ 256, 35542 ] end=4161536 piso=13335040
COUNTS id=[ 256, 35543 ] end=5373952 piso=19905024
COUNTS id=[ 256, 35544 ] end=5177344 piso=18618880
COUNTS id=[ 256, 35545 ] end=5177344 piso=15366656
COUNTS id=[ 256, 35546 ] end=1114112 piso=13584896
COUNTS id=[ 256, 35547 ] end=3145728 piso=17217536
COUNTS id=[ 256, 35548 ] end=5373952 piso=17655808
COUNTS id=[ 256, 35549 ] end=3145728 piso=13277184
COUNTS id=[ 256, 35550 ] end=1114112 piso=10256384
COUNTS id=[ 256, 35551 ] end=67141632 piso=153530368
COUNTS id=[ 256, 35552 ] end=4161536 piso=12576768
COUNTS id=[ 256, 35553 ] end=6193152 piso=19802112
COUNTS id=[ 256, 35554 ] end=69173248 piso=177097216
COUNTS id=[ 256, 35555 ] end=4161536 piso=14727680
COUNTS id=[ 256, 35556 ] end=2129920 piso=13036032
COUNTS id=[ 256, 35557 ] end=2129920 piso=9644544
COUNTS id=[ 256, 35558 ] end=5177344 piso=17459712
COUNTS id=[ 256, 35559 ] end=5177344 piso=14359040
COUNTS id=[ 256, 35560 ] end=3145728 piso=13388288
PROGRESS checked=500 hits=0 reversed=0 runtime_ms=3469044
COUNTS id=[ 256, 35561 ] end=1114112 piso=11145216
COUNTS id=[ 256, 35562 ] end=3145728 piso=12003328
COUNTS id=[ 256, 35563 ] end=68157440 piso=163579904
COUNTS id=[ 256, 35564 ] end=5177344 piso=20629504
COUNTS id=[ 256, 35565 ] end=4161536 piso=16250880
COUNTS id=[ 256, 35566 ] end=8224768 piso=35274752
COUNTS id=[ 256, 35567 ] end=4161536 piso=13314048
COUNTS id=[ 256, 35568 ] end=6193152 piso=23423488
COUNTS id=[ 256, 35569 ] end=69173248 piso=174520832
COUNTS id=[ 256, 35570 ] end=2129920 piso=11053568
COUNTS id=[ 256, 35571 ] end=4161536 piso=14162432
COUNTS id=[ 256, 35572 ] end=7208960 piso=26139136
