{"command": ["/project/gap-4.16.1/gap", "-l", "/project/gap-4.16.1", "-q", "-b", "-T", "-m", "128m", "-o", "4g", "-c", "START_ORDER:=384;;END_ORDER:=384;;START_ID:=4609;;END_ID:=4864;;SKIP_ABELIAN:=true;;LOG_ALL:=true;;", "/project/scripts/search_19_20.g"], "source_hashes": {"scripts/search_19_20.g": "7b6a34e9163b58b0248b3c464ae8070783414cd7d14048136dd0e3547b906318", "scripts/lib_19_20.g": "fbcf2d3c4b0648cc1fa87d6e50fc923133d594c029b8430a365caf596ac7ccd5"}}
PARAMETERS start=384 end=384 start_id=4609 end_id=4864 skip_abelian=true log_all=true
ORDER_START order=384 groups=20169
COUNTS id=[ 384, 4609 ] end=69632 piso=3448320
CLOSEST id=[ 384, 4609 ] end=69632 piso=3448320 ratio=6735/136
COUNTS id=[ 384, 4610 ] end=60416 piso=3377664
COUNTS id=[ 384, 4611 ] end=88064 piso=4062336
CLOSEST id=[ 384, 4611 ] end=88064 piso=4062336 ratio=31737/688
COUNTS id=[ 384, 4612 ] end=61952 piso=3454080
COUNTS id=[ 384, 4613 ] end=202752 piso=8775168
CLOSEST id=[ 384, 4613 ] end=202752 piso=8775168 ratio=5713/132
COUNTS id=[ 384, 4614 ] end=243712 piso=5087232
CLOSEST id=[ 384, 4614 ] end=243712 piso=5087232 ratio=2484/119
COUNTS id=[ 384, 4615 ] end=235520 piso=5087232
COUNTS id=[ 384, 4616 ] end=64000 piso=4947456
COUNTS id=[ 384, 4617 ] end=65024 piso=3715968
COUNTS id=[ 384, 4618 ] end=59904 piso=3700608
COUNTS id=[ 384, 4619 ] end=223232 piso=10919424
COUNTS id=[ 384, 4620 ] end=314880 piso=16352256
COUNTS id=[ 384, 4621 ] end=64000 piso=5993472
COUNTS id=[ 384, 4622 ] end=77824 piso=4551552
COUNTS id=[ 384, 4623 ] end=153600 piso=6200832
COUNTS id=[ 384, 4624 ] end=98304 piso=2852352
COUNTS id=[ 384, 4625 ] end=137216 piso=2070528
CLOSEST id=[ 384, 4625 ] end=137216 piso=2070528 ratio=1011/67
COUNTS id=[ 384, 4626 ] end=133120 piso=2070528
COUNTS id=[ 384, 4627 ] end=32256 piso=1961472
COUNTS id=[ 384, 4628 ] end=36352 piso=1335168
COUNTS id=[ 384, 4629 ] end=30208 piso=1319808
COUNTS id=[ 384, 4630 ] end=118784 piso=5113344
COUNTS id=[ 384, 4631 ] end=96768 piso=7197696
COUNTS id=[ 384, 4632 ] end=285184 piso=11750400
COUNTS id=[ 384, 4633 ] end=79360 piso=4088832
COUNTS id=[ 384, 4634 ] end=50688 piso=3677184
COUNTS id=[ 384, 4635 ] end=46080 piso=1851264
COUNTS id=[ 384, 4636 ] end=95232 piso=1191936
CLOSEST id=[ 384, 4636 ] end=95232 piso=1191936 ratio=388/31
COUNTS id=[ 384, 4637 ] end=49152 piso=978432
COUNTS id=[ 384, 4638 ] end=39936 piso=895488
COUNTS id=[ 384, 4639 ] end=57344 piso=1082496
COUNTS id=[ 384, 4640 ] end=43520 piso=1162368
COUNTS id=[ 384, 4641 ] end=53248 piso=2489856
COUNTS id=[ 384, 4642 ] end=112640 piso=1966080
COUNTS id=[ 384, 4643 ] end=104448 piso=1966080
COUNTS id=[ 384, 4644 ] end=41472 piso=1826304
COUNTS id=[ 384, 4645 ] end=44544 piso=1239936
COUNTS id=[ 384, 4646 ] end=37376 piso=1224576
COUNTS id=[ 384, 4647 ] end=55296 piso=4038144
COUNTS id=[ 384, 4648 ] end=83456 piso=4733952
COUNTS id=[ 384, 4649 ] end=82432 piso=4353024
COUNTS id=[ 384, 4650 ] end=51200 piso=1928064
COUNTS id=[ 384, 4651 ] end=44032 piso=526848
CLOSEST id=[ 384, 4651 ] end=44032 piso=526848 ratio=1029/86
COUNTS id=[ 384, 4652 ] end=25600 piso=331776
COUNTS id=[ 384, 4653 ] end=34816 piso=362496
CLOSEST id=[ 384, 4653 ] end=34816 piso=362496 ratio=177/17
COUNTS id=[ 384, 4654 ] end=44032 piso=542208
COUNTS id=[ 384, 4655 ] end=25600 piso=297984
COUNTS id=[ 384, 4656 ] end=16384 piso=282624
COUNTS id=[ 384, 4657 ] end=16384 piso=282624
COUNTS id=[ 384, 4658 ] end=34304 piso=543360
COUNTS id=[ 384, 4659 ] end=14336 piso=377472
COUNTS id=[ 384, 4660 ] end=36864 piso=568320
COUNTS id=[ 384, 4661 ] end=36864 piso=568320
COUNTS id=[ 384, 4662 ] end=32256 piso=537984
COUNTS id=[ 384, 4663 ] end=23040 piso=711168
COUNTS id=[ 384, 4664 ] end=117760 piso=2331648
COUNTS id=[ 384, 4665 ] end=113152 piso=2049024
COUNTS id=[ 384, 4666 ] end=30208 piso=1479168
COUNTS id=[ 384, 4667 ] end=34816 piso=1514880
COUNTS id=[ 384, 4668 ] end=24576 piso=1234944
COUNTS id=[ 384, 4669 ] end=24576 piso=1259904
COUNTS id=[ 384, 4670 ] end=306176 piso=13149696
COUNTS id=[ 384, 4671 ] end=88064 piso=6537600
COUNTS id=[ 384, 4672 ] end=35840 piso=2938368
COUNTS id=[ 384, 4673 ] end=35840 piso=2473344
COUNTS id=[ 384, 4674 ] end=71168 piso=2460672
COUNTS id=[ 384, 4675 ] end=111104 piso=2135040
COUNTS id=[ 384, 4676 ] end=70656 piso=1397760
COUNTS id=[ 384, 4677 ] end=29184 piso=1465344
COUNTS id=[ 384, 4678 ] end=19968 piso=772608
COUNTS id=[ 384, 4679 ] end=24576 piso=817536
COUNTS id=[ 384, 4680 ] end=13312 piso=528384
COUNTS id=[ 384, 4681 ] end=13312 piso=562560
COUNTS id=[ 384, 4682 ] end=133120 piso=4554240
COUNTS id=[ 384, 4683 ] end=68608 piso=3849600
COUNTS id=[ 384, 4684 ] end=22528 piso=2723328
COUNTS id=[ 384, 4685 ] end=28672 piso=2537856
COUNTS id=[ 384, 4686 ] end=57856 piso=1397760
COUNTS id=[ 384, 4687 ] end=27136 piso=949248
COUNTS id=[ 384, 4688 ] end=29696 piso=520320
COUNTS id=[ 384, 4689 ] end=9728 piso=354432
COUNTS id=[ 384, 4690 ] end=64512 piso=1167360
COUNTS id=[ 384, 4691 ] end=16896 piso=528768
COUNTS id=[ 384, 4692 ] end=18432 piso=597888
COUNTS id=[ 384, 4693 ] end=16896 piso=520704
COUNTS id=[ 384, 4694 ] end=86016 piso=2414592
COUNTS id=[ 384, 4695 ] end=127488 piso=3856896
COUNTS id=[ 384, 4696 ] end=16896 piso=1331712
COUNTS id=[ 384, 4697 ] end=36864 piso=1004928
COUNTS id=[ 384, 4698 ] end=28928 piso=680160
COUNTS id=[ 384, 4699 ] end=16256 piso=459744
COUNTS id=[ 384, 4700 ] end=18560 piso=430560
COUNTS id=[ 384, 4701 ] end=5888 piso=462048
COUNTS id=[ 384, 4702 ] end=655360 piso=203046912
COUNTS id=[ 384, 4703 ] end=1703936 piso=253820928
COUNTS id=[ 384, 4704 ] end=335872 piso=403358208
COUNTS id=[ 384, 4705 ] end=409600 piso=403488768
COUNTS id=[ 384, 4706 ] end=851968 piso=406388736
COUNTS id=[ 384, 4707 ] end=1474560 piso=452321280
COUNTS id=[ 384, 4708 ] end=237568 piso=38650368
PROGRESS checked=100 hits=0 reversed=0 runtime_ms=227243
COUNTS id=[ 384, 4709 ] end=311296 piso=38584320
COUNTS id=[ 384, 4710 ] end=1146880 piso=66576384
COUNTS id=[ 384, 4711 ] end=151552 piso=6873600
COUNTS id=[ 384, 4712 ] end=262144 piso=7630848
COUNTS id=[ 384, 4713 ] end=114688 piso=6647808
COUNTS id=[ 384, 4714 ] end=151552 piso=6824448
COUNTS id=[ 384, 4715 ] end=262144 piso=8196096
COUNTS id=[ 384, 4716 ] end=212992 piso=10587648
COUNTS id=[ 384, 4717 ] end=102400 piso=10189824
COUNTS id=[ 384, 4718 ] end=406528 piso=13957632
COUNTS id=[ 384, 4719 ] end=53248 piso=6034944
COUNTS id=[ 384, 4720 ] end=53248 piso=5766144
COUNTS id=[ 384, 4721 ] end=62464 piso=3699072
COUNTS id=[ 384, 4722 ] end=62464 piso=3419520
COUNTS id=[ 384, 4723 ] end=2752512 piso=21626880
CLOSEST id=[ 384, 4723 ] end=2752512 piso=21626880 ratio=55/7
COUNTS id=[ 384, 4724 ] end=1179648 piso=232194048
COUNTS id=[ 384, 4725 ] end=393216 piso=13049856
COUNTS id=[ 384, 4726 ] end=983040 piso=13565952
COUNTS id=[ 384, 4727 ] end=417792 piso=12810240
COUNTS id=[ 384, 4728 ] end=688128 piso=113031168
COUNTS id=[ 384, 4729 ] end=884736 piso=413589504
COUNTS id=[ 384, 4730 ] end=294912 piso=112195584
COUNTS id=[ 384, 4731 ] end=294912 piso=112214016
COUNTS id=[ 384, 4732 ] end=172032 piso=12810240
COUNTS id=[ 384, 4733 ] end=147456 piso=12238848
COUNTS id=[ 384, 4734 ] end=135168 piso=12576768
COUNTS id=[ 384, 4735 ] end=393216 piso=14327808
COUNTS id=[ 384, 4736 ] end=147456 piso=12263424
COUNTS id=[ 384, 4737 ] end=688128 piso=47505408
ABELIAN_SKIPPED id=[ 384, 4738 ] reason=known_equality
COUNTS id=[ 384, 4739 ] end=147456 piso=294912
CLOSEST id=[ 384, 4739 ] end=147456 piso=294912 ratio=2
COUNTS id=[ 384, 4740 ] end=73728 piso=129024
CLOSEST id=[ 384, 4740 ] end=73728 piso=129024 ratio=7/4
COUNTS id=[ 384, 4741 ] end=73728 piso=135168
COUNTS id=[ 384, 4742 ] end=43008 piso=129024
COUNTS id=[ 384, 4743 ] end=36864 piso=135168
COUNTS id=[ 384, 4744 ] end=36864 piso=98304
COUNTS id=[ 384, 4745 ] end=33792 piso=107520
COUNTS id=[ 384, 4746 ] end=98304 piso=172032
COUNTS id=[ 384, 4747 ] end=196608 piso=101941248
COUNTS id=[ 384, 4748 ] end=98304 piso=2457600
COUNTS id=[ 384, 4749 ] end=49152 piso=688128
COUNTS id=[ 384, 4750 ] end=92160 piso=1766400
COUNTS id=[ 384, 4751 ] end=79872 piso=1729536
COUNTS id=[ 384, 4752 ] end=30720 piso=476160
COUNTS id=[ 384, 4753 ] end=172032 piso=101916672
COUNTS id=[ 384, 4754 ] end=73728 piso=2433024
COUNTS id=[ 384, 4755 ] end=43008 piso=688128
COUNTS id=[ 384, 4756 ] end=79872 piso=1741824
COUNTS id=[ 384, 4757 ] end=73728 piso=1729536
COUNTS id=[ 384, 4758 ] end=24576 piso=476160
COUNTS id=[ 384, 4759 ] end=58368 piso=1195008
COUNTS id=[ 384, 4760 ] end=55296 piso=1118208
COUNTS id=[ 384, 4761 ] end=18432 piso=307200
COUNTS id=[ 384, 4762 ] end=79872 piso=2380800
COUNTS id=[ 384, 4763 ] end=43008 piso=783360
COUNTS id=[ 384, 4764 ] end=33792 piso=399360
COUNTS id=[ 384, 4765 ] end=86016 piso=1760256
COUNTS id=[ 384, 4766 ] end=36864 piso=506880
COUNTS id=[ 384, 4767 ] end=33792 piso=296448
COUNTS id=[ 384, 4768 ] end=33792 piso=287232
COUNTS id=[ 384, 4769 ] end=73728 piso=1717248
COUNTS id=[ 384, 4770 ] end=24576 piso=463872
COUNTS id=[ 384, 4771 ] end=33792 piso=297984
COUNTS id=[ 384, 4772 ] end=15360 piso=193536
COUNTS id=[ 384, 4773 ] end=21504 piso=141312
COUNTS id=[ 384, 4774 ] end=21504 piso=153600
COUNTS id=[ 384, 4775 ] end=33792 piso=288768
COUNTS id=[ 384, 4776 ] end=15360 piso=184320
COUNTS id=[ 384, 4777 ] end=70656 piso=1717248
COUNTS id=[ 384, 4778 ] end=21504 piso=463872
COUNTS id=[ 384, 4779 ] end=24576 piso=271872
COUNTS id=[ 384, 4780 ] end=30720 piso=290304
COUNTS id=[ 384, 4781 ] end=70656 piso=1717248
COUNTS id=[ 384, 4782 ] end=21504 piso=463872
COUNTS id=[ 384, 4783 ] end=33792 piso=307200
COUNTS id=[ 384, 4784 ] end=15360 piso=202752
COUNTS id=[ 384, 4785 ] end=21504 piso=153600
COUNTS id=[ 384, 4786 ] end=21504 piso=141312
COUNTS id=[ 384, 4787 ] end=33792 piso=282624
COUNTS id=[ 384, 4788 ] end=15360 piso=178176
COUNTS id=[ 384, 4789 ] end=110592 piso=4076544
COUNTS id=[ 384, 4790 ] end=73728 piso=2577408
COUNTS id=[ 384, 4791 ] end=27648 piso=350208
COUNTS id=[ 384, 4792 ] end=55296 piso=838656
COUNTS id=[ 384, 4793 ] end=39936 piso=477696
COUNTS id=[ 384, 4794 ] end=21504 piso=379392
COUNTS id=[ 384, 4795 ] end=67584 piso=2330112
COUNTS id=[ 384, 4796 ] end=39936 piso=503808
COUNTS id=[ 384, 4797 ] end=21504 piso=387072
COUNTS id=[ 384, 4798 ] end=92160 piso=2575872
COUNTS id=[ 384, 4799 ] end=55296 piso=1003008
COUNTS id=[ 384, 4800 ] end=27648 piso=333312
COUNTS id=[ 384, 4801 ] end=92160 piso=2558976
COUNTS id=[ 384, 4802 ] end=55296 piso=986112
COUNTS id=[ 384, 4803 ] end=27648 piso=270336
COUNTS id=[ 384, 4804 ] end=55296 piso=807936
COUNTS id=[ 384, 4805 ] end=39936 piso=434688
COUNTS id=[ 384, 4806 ] end=21504 piso=299520
COUNTS id=[ 384, 4807 ] end=55296 piso=812544
COUNTS id=[ 384, 4808 ] end=39936 piso=423936
COUNTS id=[ 384, 4809 ] end=21504 piso=307200
PROGRESS checked=200 hits=0 reversed=0 runtime_ms=421289
COUNTS id=[ 384, 4810 ] end=92160 piso=2569728
COUNTS id=[ 384, 4811 ] end=55296 piso=1021440
COUNTS id=[ 384, 4812 ] end=27648 piso=271872
COUNTS id=[ 384, 4813 ] end=73728 piso=1204224
COUNTS id=[ 384, 4814 ] end=36864 piso=393216
COUNTS id=[ 384, 4815 ] end=21504 piso=168960
COUNTS id=[ 384, 4816 ] end=39936 piso=325632
COUNTS id=[ 384, 4817 ] end=21504 piso=221184
COUNTS id=[ 384, 4818 ] end=55296 piso=1124352
COUNTS id=[ 384, 4819 ] end=18432 piso=313344
COUNTS id=[ 384, 4820 ] end=21504 piso=144384
COUNTS id=[ 384, 4821 ] end=33792 piso=313344
COUNTS id=[ 384, 4822 ] end=15360 piso=208896
COUNTS id=[ 384, 4823 ] end=21504 piso=162816
COUNTS id=[ 384, 4824 ] end=61440 piso=1130496
COUNTS id=[ 384, 4825 ] end=24576 piso=319488
COUNTS id=[ 384, 4826 ] end=21504 piso=144384
COUNTS id=[ 384, 4827 ] end=39936 piso=301056
COUNTS id=[ 384, 4828 ] end=21504 piso=196608
COUNTS id=[ 384, 4829 ] end=135168 piso=5001216
COUNTS id=[ 384, 4830 ] end=36864 piso=897024
COUNTS id=[ 384, 4831 ] end=33792 piso=301056
COUNTS id=[ 384, 4832 ] end=61440 piso=921600
COUNTS id=[ 384, 4833 ] end=15360 piso=196608
COUNTS id=[ 384, 4834 ] end=39936 piso=301056
COUNTS id=[ 384, 4835 ] end=21504 piso=196608
COUNTS id=[ 384, 4836 ] end=98304 piso=4939776
COUNTS id=[ 384, 4837 ] end=24576 piso=847872
COUNTS id=[ 384, 4838 ] end=33792 piso=310272
COUNTS id=[ 384, 4839 ] end=24576 piso=860160
COUNTS id=[ 384, 4840 ] end=24576 piso=847872
COUNTS id=[ 384, 4841 ] end=15360 piso=205824
COUNTS id=[ 384, 4842 ] end=33792 piso=304128
COUNTS id=[ 384, 4843 ] end=15360 piso=199680
COUNTS id=[ 384, 4844 ] end=33792 piso=285696
COUNTS id=[ 384, 4845 ] end=15360 piso=181248
COUNTS id=[ 384, 4846 ] end=110592 piso=4952064
COUNTS id=[ 384, 4847 ] end=24576 piso=847872
COUNTS id=[ 384, 4848 ] end=33792 piso=291840
COUNTS id=[ 384, 4849 ] end=36864 piso=872448
COUNTS id=[ 384, 4850 ] end=15360 piso=187392
COUNTS id=[ 384, 4851 ] end=39936 piso=325632
COUNTS id=[ 384, 4852 ] end=21504 piso=221184
COUNTS id=[ 384, 4853 ] end=61440 piso=196608
COUNTS id=[ 384, 4854 ] end=61440 piso=196608
COUNTS id=[ 384, 4855 ] end=24576 piso=110592
COUNTS id=[ 384, 4856 ] end=27648 piso=92160
COUNTS id=[ 384, 4857 ] end=30720 piso=135168
COUNTS id=[ 384, 4858 ] end=30720 piso=135168
COUNTS id=[ 384, 4859 ] end=12288 piso=98304
COUNTS id=[ 384, 4860 ] end=18432 piso=89088
COUNTS id=[ 384, 4861 ] end=12288 piso=107520
COUNTS id=[ 384, 4862 ] end=12288 piso=107520
COUNTS id=[ 384, 4863 ] end=9216 piso=76800
COUNTS id=[ 384, 4864 ] end=9216 piso=89088
DONE checked=255 abelian=0 hits=0 reversed=0 skipped_abelian=1 closest=[ 384, 4740 ] min_ratio=7/4 runtime_ms=493524
