{"command": ["/project/gap-4.16.1/gap", "-l", "/project/gap-4.16.1", "-q", "-b", "-T", "-m", "128m", "-o", "4g", "-c", "START_ORDER:=384;;END_ORDER:=384;;START_ID:=7681;;END_ID:=7936;;SKIP_ABELIAN:=true;;LOG_ALL:=true;;", "/project/scripts/search_19_20.g"], "source_hashes": {"scripts/search_19_20.g": "7b6a34e9163b58b0248b3c464ae8070783414cd7d14048136dd0e3547b906318", "scripts/lib_19_20.g": "fbcf2d3c4b0648cc1fa87d6e50fc923133d594c029b8430a365caf596ac7ccd5"}}
PARAMETERS start=384 end=384 start_id=7681 end_id=7936 skip_abelian=true log_all=true
ORDER_START order=384 groups=20169
COUNTS id=[ 384, 7681 ] end=114688 piso=4342272
CLOSEST id=[ 384, 7681 ] end=114688 piso=4342272 ratio=8481/224
COUNTS id=[ 384, 7682 ] end=114688 piso=4351488
COUNTS id=[ 384, 7683 ] end=323584 piso=5085696
CLOSEST id=[ 384, 7683 ] end=323584 piso=5085696 ratio=9933/632
COUNTS id=[ 384, 7684 ] end=323584 piso=5082624
CLOSEST id=[ 384, 7684 ] end=323584 piso=5082624 ratio=9927/632
COUNTS id=[ 384, 7685 ] end=40960 piso=4595712
COUNTS id=[ 384, 7686 ] end=40960 piso=4439040
COUNTS id=[ 384, 7687 ] end=40960 piso=4396032
COUNTS id=[ 384, 7688 ] end=40960 piso=4435968
COUNTS id=[ 384, 7689 ] end=40960 piso=4399104
COUNTS id=[ 384, 7690 ] end=40960 piso=4402176
COUNTS id=[ 384, 7691 ] end=249856 piso=4084224
COUNTS id=[ 384, 7692 ] end=249856 piso=4114944
COUNTS id=[ 384, 7693 ] end=249856 piso=4081152
COUNTS id=[ 384, 7694 ] end=458752 piso=6786048
CLOSEST id=[ 384, 7694 ] end=458752 piso=6786048 ratio=6627/448
COUNTS id=[ 384, 7695 ] end=458752 piso=6782976
CLOSEST id=[ 384, 7695 ] end=458752 piso=6782976 ratio=207/14
COUNTS id=[ 384, 7696 ] end=249856 piso=4087296
COUNTS id=[ 384, 7697 ] end=249856 piso=4075008
COUNTS id=[ 384, 7698 ] end=249856 piso=4038144
COUNTS id=[ 384, 7699 ] end=458752 piso=6822912
COUNTS id=[ 384, 7700 ] end=458752 piso=6782976
COUNTS id=[ 384, 7701 ] end=262144 piso=5764608
COUNTS id=[ 384, 7702 ] end=262144 piso=5185536
COUNTS id=[ 384, 7703 ] end=200704 piso=5876736
COUNTS id=[ 384, 7704 ] end=200704 piso=5925888
COUNTS id=[ 384, 7705 ] end=53248 piso=4598784
COUNTS id=[ 384, 7706 ] end=53248 piso=4647936
COUNTS id=[ 384, 7707 ] end=434176 piso=6878208
COUNTS id=[ 384, 7708 ] end=286720 piso=5465088
COUNTS id=[ 384, 7709 ] end=126976 piso=4766208
COUNTS id=[ 384, 7710 ] end=126976 piso=4766208
COUNTS id=[ 384, 7711 ] end=77824 piso=5180928
COUNTS id=[ 384, 7712 ] end=249856 piso=4700160
COUNTS id=[ 384, 7713 ] end=249856 piso=4730880
COUNTS id=[ 384, 7714 ] end=249856 piso=3927552
COUNTS id=[ 384, 7715 ] end=249856 piso=3906048
COUNTS id=[ 384, 7716 ] end=40960 piso=4021248
COUNTS id=[ 384, 7717 ] end=40960 piso=4018176
COUNTS id=[ 384, 7718 ] end=40960 piso=4012032
COUNTS id=[ 384, 7719 ] end=40960 piso=4021248
COUNTS id=[ 384, 7720 ] end=40960 piso=4027392
COUNTS id=[ 384, 7721 ] end=409600 piso=6500352
COUNTS id=[ 384, 7722 ] end=114688 piso=4459008
COUNTS id=[ 384, 7723 ] end=114688 piso=4465152
COUNTS id=[ 384, 7724 ] end=262144 piso=5480448
COUNTS id=[ 384, 7725 ] end=249856 piso=5604864
COUNTS id=[ 384, 7726 ] end=741376 piso=13845504
COUNTS id=[ 384, 7727 ] end=532480 piso=7895040
COUNTS id=[ 384, 7728 ] end=888832 piso=14043648
COUNTS id=[ 384, 7729 ] end=741376 piso=12427776
COUNTS id=[ 384, 7730 ] end=483328 piso=7775232
COUNTS id=[ 384, 7731 ] end=888832 piso=12550656
CLOSEST id=[ 384, 7731 ] end=888832 piso=12550656 ratio=24513/1736
COUNTS id=[ 384, 7732 ] end=286720 piso=6709248
COUNTS id=[ 384, 7733 ] end=188416 piso=6644736
COUNTS id=[ 384, 7734 ] end=286720 piso=6979584
COUNTS id=[ 384, 7735 ] end=188416 piso=6776832
COUNTS id=[ 384, 7736 ] end=1318912 piso=22264320
COUNTS id=[ 384, 7737 ] end=483328 piso=7761408
COUNTS id=[ 384, 7738 ] end=249856 piso=6240768
COUNTS id=[ 384, 7739 ] end=249856 piso=6216192
COUNTS id=[ 384, 7740 ] end=249856 piso=6415872
COUNTS id=[ 384, 7741 ] end=40960 piso=5554176
COUNTS id=[ 384, 7742 ] end=40960 piso=5652480
COUNTS id=[ 384, 7743 ] end=40960 piso=5560320
COUNTS id=[ 384, 7744 ] end=40960 piso=5535744
COUNTS id=[ 384, 7745 ] end=323584 piso=6698496
COUNTS id=[ 384, 7746 ] end=249856 piso=5288448
COUNTS id=[ 384, 7747 ] end=249856 piso=5672448
COUNTS id=[ 384, 7748 ] end=249856 piso=5325312
COUNTS id=[ 384, 7749 ] end=262144 piso=6137856
COUNTS id=[ 384, 7750 ] end=532480 piso=7773696
COUNTS id=[ 384, 7751 ] end=249856 piso=5291520
COUNTS id=[ 384, 7752 ] end=53248 piso=7077888
COUNTS id=[ 384, 7753 ] end=397312 piso=7431168
COUNTS id=[ 384, 7754 ] end=495616 piso=8796672
COUNTS id=[ 384, 7755 ] end=667648 piso=10842624
COUNTS id=[ 384, 7756 ] end=458752 piso=6770688
COUNTS id=[ 384, 7757 ] end=249856 piso=4669440
COUNTS id=[ 384, 7758 ] end=249856 piso=4669440
COUNTS id=[ 384, 7759 ] end=249856 piso=4141056
COUNTS id=[ 384, 7760 ] end=249856 piso=4107264
COUNTS id=[ 384, 7761 ] end=249856 piso=4104192
COUNTS id=[ 384, 7762 ] end=163840 piso=4517376
COUNTS id=[ 384, 7763 ] end=163840 piso=4385280
COUNTS id=[ 384, 7764 ] end=114688 piso=4376064
COUNTS id=[ 384, 7765 ] end=114688 piso=4366848
COUNTS id=[ 384, 7766 ] end=40960 piso=4385280
COUNTS id=[ 384, 7767 ] end=40960 piso=4379136
COUNTS id=[ 384, 7768 ] end=40960 piso=4382208
COUNTS id=[ 384, 7769 ] end=40960 piso=4388352
COUNTS id=[ 384, 7770 ] end=249856 piso=5709312
COUNTS id=[ 384, 7771 ] end=249856 piso=5721600
COUNTS id=[ 384, 7772 ] end=40960 piso=4225536
COUNTS id=[ 384, 7773 ] end=40960 piso=4222464
COUNTS id=[ 384, 7774 ] end=40960 piso=4253184
COUNTS id=[ 384, 7775 ] end=40960 piso=4231680
COUNTS id=[ 384, 7776 ] end=40960 piso=4225536
COUNTS id=[ 384, 7777 ] end=40960 piso=4015104
COUNTS id=[ 384, 7778 ] end=40960 piso=4018176
COUNTS id=[ 384, 7779 ] end=40960 piso=4039680
COUNTS id=[ 384, 7780 ] end=40960 piso=4018176
PROGRESS checked=100 hits=0 reversed=0 runtime_ms=258524
COUNTS id=[ 384, 7781 ] end=40960 piso=4012032
COUNTS id=[ 384, 7782 ] end=40960 piso=4073472
COUNTS id=[ 384, 7783 ] end=40960 piso=4070400
COUNTS id=[ 384, 7784 ] end=40960 piso=4045824
COUNTS id=[ 384, 7785 ] end=40960 piso=4073472
COUNTS id=[ 384, 7786 ] end=40960 piso=4058112
COUNTS id=[ 384, 7787 ] end=40960 piso=4061184
COUNTS id=[ 384, 7788 ] end=249856 piso=5336064
COUNTS id=[ 384, 7789 ] end=53248 piso=4150272
COUNTS id=[ 384, 7790 ] end=53248 piso=4137984
COUNTS id=[ 384, 7791 ] end=249856 piso=4669440
COUNTS id=[ 384, 7792 ] end=249856 piso=4666368
COUNTS id=[ 384, 7793 ] end=249856 piso=3973632
COUNTS id=[ 384, 7794 ] end=249856 piso=3936768
COUNTS id=[ 384, 7795 ] end=249856 piso=3936768
COUNTS id=[ 384, 7796 ] end=249856 piso=4004352
COUNTS id=[ 384, 7797 ] end=249856 piso=4016640
COUNTS id=[ 384, 7798 ] end=249856 piso=4001280
COUNTS id=[ 384, 7799 ] end=163840 piso=4557312
COUNTS id=[ 384, 7800 ] end=114688 piso=4409856
COUNTS id=[ 384, 7801 ] end=163840 piso=4541952
COUNTS id=[ 384, 7802 ] end=114688 piso=4419072
COUNTS id=[ 384, 7803 ] end=249856 piso=4119552
COUNTS id=[ 384, 7804 ] end=249856 piso=4107264
COUNTS id=[ 384, 7805 ] end=40960 piso=4036608
COUNTS id=[ 384, 7806 ] end=40960 piso=4024320
COUNTS id=[ 384, 7807 ] end=40960 piso=4021248
COUNTS id=[ 384, 7808 ] end=40960 piso=4055040
COUNTS id=[ 384, 7809 ] end=40960 piso=4030464
COUNTS id=[ 384, 7810 ] end=249856 piso=3970560
COUNTS id=[ 384, 7811 ] end=249856 piso=3958272
COUNTS id=[ 384, 7812 ] end=458752 piso=6730752
COUNTS id=[ 384, 7813 ] end=458752 piso=8928768
COUNTS id=[ 384, 7814 ] end=458752 piso=6746112
COUNTS id=[ 384, 7815 ] end=249856 piso=3942912
COUNTS id=[ 384, 7816 ] end=249856 piso=3973632
COUNTS id=[ 384, 7817 ] end=249856 piso=3936768
COUNTS id=[ 384, 7818 ] end=458752 piso=6743040
COUNTS id=[ 384, 7819 ] end=458752 piso=6736896
COUNTS id=[ 384, 7820 ] end=249856 piso=4700160
COUNTS id=[ 384, 7821 ] end=53248 piso=4514304
COUNTS id=[ 384, 7822 ] end=53248 piso=4508160
COUNTS id=[ 384, 7823 ] end=53248 piso=4517376
COUNTS id=[ 384, 7824 ] end=249856 piso=5376000
COUNTS id=[ 384, 7825 ] end=40960 piso=5117952
COUNTS id=[ 384, 7826 ] end=40960 piso=4798464
COUNTS id=[ 384, 7827 ] end=40960 piso=4718592
COUNTS id=[ 384, 7828 ] end=40960 piso=4715520
COUNTS id=[ 384, 7829 ] end=40960 piso=4721664
COUNTS id=[ 384, 7830 ] end=40960 piso=4733952
COUNTS id=[ 384, 7831 ] end=249856 piso=5733888
COUNTS id=[ 384, 7832 ] end=249856 piso=5546496
COUNTS id=[ 384, 7833 ] end=249856 piso=4188672
COUNTS id=[ 384, 7834 ] end=249856 piso=4028928
COUNTS id=[ 384, 7835 ] end=249856 piso=4038144
COUNTS id=[ 384, 7836 ] end=249856 piso=4038144
COUNTS id=[ 384, 7837 ] end=249856 piso=4038144
COUNTS id=[ 384, 7838 ] end=53248 piso=4356096
COUNTS id=[ 384, 7839 ] end=53248 piso=4239360
COUNTS id=[ 384, 7840 ] end=53248 piso=4230144
COUNTS id=[ 384, 7841 ] end=53248 piso=4236288
COUNTS id=[ 384, 7842 ] end=471040 piso=6474240
CLOSEST id=[ 384, 7842 ] end=471040 piso=6474240 ratio=2529/184
COUNTS id=[ 384, 7843 ] end=249856 piso=4091904
COUNTS id=[ 384, 7844 ] end=249856 piso=4116480
COUNTS id=[ 384, 7845 ] end=249856 piso=4088832
COUNTS id=[ 384, 7846 ] end=200704 piso=5769216
COUNTS id=[ 384, 7847 ] end=200704 piso=5744640
COUNTS id=[ 384, 7848 ] end=458752 piso=6283776
CLOSEST id=[ 384, 7848 ] end=458752 piso=6283776 ratio=12273/896
COUNTS id=[ 384, 7849 ] end=458752 piso=6256128
CLOSEST id=[ 384, 7849 ] end=458752 piso=6256128 ratio=12219/896
COUNTS id=[ 384, 7850 ] end=40960 piso=4801536
COUNTS id=[ 384, 7851 ] end=40960 piso=4657152
COUNTS id=[ 384, 7852 ] end=40960 piso=4678656
COUNTS id=[ 384, 7853 ] end=40960 piso=4666368
COUNTS id=[ 384, 7854 ] end=667648 piso=11366400
COUNTS id=[ 384, 7855 ] end=126976 piso=4535808
COUNTS id=[ 384, 7856 ] end=176128 piso=4566528
COUNTS id=[ 384, 7857 ] end=446464 piso=6220800
COUNTS id=[ 384, 7858 ] end=471040 piso=6558720
COUNTS id=[ 384, 7859 ] end=151552 piso=4572672
COUNTS id=[ 384, 7860 ] end=102400 piso=4316160
COUNTS id=[ 384, 7861 ] end=249856 piso=4331520
COUNTS id=[ 384, 7862 ] end=53248 piso=4852224
COUNTS id=[ 384, 7863 ] end=249856 piso=4366848
COUNTS id=[ 384, 7864 ] end=249856 piso=4414464
COUNTS id=[ 384, 7865 ] end=40960 piso=4638720
COUNTS id=[ 384, 7866 ] end=40960 piso=4626432
COUNTS id=[ 384, 7867 ] end=176128 piso=5970432
COUNTS id=[ 384, 7868 ] end=126976 piso=5873664
COUNTS id=[ 384, 7869 ] end=323584 piso=5620224
COUNTS id=[ 384, 7870 ] end=323584 piso=5620224
COUNTS id=[ 384, 7871 ] end=1916928 piso=41140224
COUNTS id=[ 384, 7872 ] end=1040384 piso=11304960
CLOSEST id=[ 384, 7872 ] end=1040384 piso=11304960 ratio=1380/127
COUNTS id=[ 384, 7873 ] end=1409024 piso=16826880
COUNTS id=[ 384, 7874 ] end=1875968 piso=25069056
COUNTS id=[ 384, 7875 ] end=1040384 piso=10231296
CLOSEST id=[ 384, 7875 ] end=1040384 piso=10231296 ratio=19983/2032
COUNTS id=[ 384, 7876 ] end=1040384 piso=10262016
COUNTS id=[ 384, 7877 ] end=573440 piso=5607936
CLOSEST id=[ 384, 7877 ] end=573440 piso=5607936 ratio=10953/1120
COUNTS id=[ 384, 7878 ] end=954368 piso=8898048
CLOSEST id=[ 384, 7878 ] end=954368 piso=8898048 ratio=17379/1864
COUNTS id=[ 384, 7879 ] end=1015808 piso=10420224
COUNTS id=[ 384, 7880 ] end=1015808 piso=10420224
PROGRESS checked=200 hits=0 reversed=0 runtime_ms=528546
COUNTS id=[ 384, 7881 ] end=1458176 piso=17051136
COUNTS id=[ 384, 7882 ] end=1359872 piso=15846912
COUNTS id=[ 384, 7883 ] end=1396736 piso=15951360
COUNTS id=[ 384, 7884 ] end=1396736 piso=15972864
COUNTS id=[ 384, 7885 ] end=1875968 piso=25394688
COUNTS id=[ 384, 7886 ] end=1040384 piso=10639872
COUNTS id=[ 384, 7887 ] end=1040384 piso=10685952
COUNTS id=[ 384, 7888 ] end=966656 piso=8808960
CLOSEST id=[ 384, 7888 ] end=966656 piso=8808960 ratio=17205/1888
COUNTS id=[ 384, 7889 ] end=1359872 piso=16160256
COUNTS id=[ 384, 7890 ] end=573440 piso=5316096
COUNTS id=[ 384, 7891 ] end=507904 piso=15472128
COUNTS id=[ 384, 7892 ] end=507904 piso=15484416
COUNTS id=[ 384, 7893 ] end=348160 piso=10495488
COUNTS id=[ 384, 7894 ] end=348160 piso=10470912
COUNTS id=[ 384, 7895 ] end=987136 piso=21421056
COUNTS id=[ 384, 7896 ] end=741376 piso=19998720
COUNTS id=[ 384, 7897 ] end=679936 piso=18315264
COUNTS id=[ 384, 7898 ] end=581632 piso=15836160
COUNTS id=[ 384, 7899 ] end=1466368 piso=26657280
COUNTS id=[ 384, 7900 ] end=741376 piso=16147968
COUNTS id=[ 384, 7901 ] end=532480 piso=7847424
COUNTS id=[ 384, 7902 ] end=741376 piso=14237184
COUNTS id=[ 384, 7903 ] end=974848 piso=17369088
COUNTS id=[ 384, 7904 ] end=397312 piso=7034880
COUNTS id=[ 384, 7905 ] end=397312 piso=7077888
COUNTS id=[ 384, 7906 ] end=483328 piso=9039360
COUNTS id=[ 384, 7907 ] end=483328 piso=8965632
COUNTS id=[ 384, 7908 ] end=888832 piso=13833216
COUNTS id=[ 384, 7909 ] end=483328 piso=9176064
COUNTS id=[ 384, 7910 ] end=532480 piso=9172992
COUNTS id=[ 384, 7911 ] end=286720 piso=11599872
COUNTS id=[ 384, 7912 ] end=249856 piso=9799680
COUNTS id=[ 384, 7913 ] end=249856 piso=9808896
COUNTS id=[ 384, 7914 ] end=249856 piso=9790464
COUNTS id=[ 384, 7915 ] end=520192 piso=11756544
COUNTS id=[ 384, 7916 ] end=249856 piso=9732096
COUNTS id=[ 384, 7917 ] end=249856 piso=9701376
COUNTS id=[ 384, 7918 ] end=458752 piso=11430912
COUNTS id=[ 384, 7919 ] end=249856 piso=4690944
COUNTS id=[ 384, 7920 ] end=249856 piso=4678656
COUNTS id=[ 384, 7921 ] end=249856 piso=4638720
COUNTS id=[ 384, 7922 ] end=458752 piso=6810624
COUNTS id=[ 384, 7923 ] end=262144 piso=4967424
COUNTS id=[ 384, 7924 ] end=249856 piso=5025792
COUNTS id=[ 384, 7925 ] end=249856 piso=5025792
COUNTS id=[ 384, 7926 ] end=262144 piso=5365248
COUNTS id=[ 384, 7927 ] end=249856 piso=5208576
COUNTS id=[ 384, 7928 ] end=249856 piso=5208576
COUNTS id=[ 384, 7929 ] end=249856 piso=4700160
COUNTS id=[ 384, 7930 ] end=249856 piso=4740096
COUNTS id=[ 384, 7931 ] end=249856 piso=4697088
COUNTS id=[ 384, 7932 ] end=458752 piso=6893568
COUNTS id=[ 384, 7933 ] end=483328 piso=9005568
COUNTS id=[ 384, 7934 ] end=741376 piso=14258688
COUNTS id=[ 384, 7935 ] end=483328 piso=7641600
COUNTS id=[ 384, 7936 ] end=593920 piso=15897600
DONE checked=256 abelian=0 hits=0 reversed=0 skipped_abelian=0 closest=[ 384, 7888 ] min_ratio=17205/1888 runtime_ms=681829
