{"command": ["/project/gap-4.16.1/gap", "-l", "/project/gap-4.16.1", "-q", "-b", "-T", "-m", "128m", "-o", "4g", "-c", "START_ORDER:=324;;END_ORDER:=324;;START_ID:=1;;END_ID:=176;;SKIP_ABELIAN:=true;;LOG_ALL:=true;;", "/project/scripts/search_19_20.g"], "source_hashes": {"scripts/search_19_20.g": "7b6a34e9163b58b0248b3c464ae8070783414cd7d14048136dd0e3547b906318", "scripts/lib_19_20.g": "fbcf2d3c4b0648cc1fa87d6e50fc923133d594c029b8430a365caf596ac7ccd5"}}
PARAMETERS start=324 end=324 start_id=1 end_id=176 skip_abelian=true log_all=true
ORDER_START order=324 groups=176
COUNTS id=[ 324, 1 ] end=13124 piso=48276
CLOSEST id=[ 324, 1 ] end=13124 piso=48276 ratio=12069/3281
ABELIAN_SKIPPED id=[ 324, 2 ] reason=known_equality
COUNTS id=[ 324, 3 ] end=891 piso=1944
CLOSEST id=[ 324, 3 ] end=891 piso=1944 ratio=24/11
COUNTS id=[ 324, 4 ] end=26896 piso=171072
ABELIAN_SKIPPED id=[ 324, 5 ] reason=known_equality
COUNTS id=[ 324, 6 ] end=1620 piso=16524
COUNTS id=[ 324, 7 ] end=1620 piso=54756
COUNTS id=[ 324, 8 ] end=4428 piso=135108
COUNTS id=[ 324, 9 ] end=972 piso=9396
COUNTS id=[ 324, 10 ] end=4392 piso=14580
COUNTS id=[ 324, 11 ] end=648 piso=2268
COUNTS id=[ 324, 12 ] end=2448 piso=13284
COUNTS id=[ 324, 13 ] end=1548 piso=83484
COUNTS id=[ 324, 14 ] end=4464 piso=2146500
COUNTS id=[ 324, 15 ] end=1188 piso=14148
COUNTS id=[ 324, 16 ] end=3456 piso=53460
COUNTS id=[ 324, 17 ] end=1260 piso=32292
COUNTS id=[ 324, 18 ] end=3528 piso=71604
COUNTS id=[ 324, 19 ] end=1062884 piso=2965572
COUNTS id=[ 324, 20 ] end=13124 piso=150660
COUNTS id=[ 324, 21 ] end=118100 piso=486972
COUNTS id=[ 324, 22 ] end=10208 piso=192780
COUNTS id=[ 324, 23 ] end=6320 piso=53460
COUNTS id=[ 324, 24 ] end=17984 piso=223236
COUNTS id=[ 324, 25 ] end=3404 piso=40500
ABELIAN_SKIPPED id=[ 324, 26 ] reason=known_equality
COUNTS id=[ 324, 27 ] end=8748 piso=88452
COUNTS id=[ 324, 28 ] end=4860 piso=12636
ABELIAN_SKIPPED id=[ 324, 29 ] reason=known_equality
COUNTS id=[ 324, 30 ] end=1620 piso=2268
CLOSEST id=[ 324, 30 ] end=1620 piso=2268 ratio=7/5
COUNTS id=[ 324, 31 ] end=6804 piso=102708
COUNTS id=[ 324, 32 ] end=4212 piso=10692
COUNTS id=[ 324, 33 ] end=11988 piso=46980
COUNTS id=[ 324, 34 ] end=2268 piso=8100
COUNTS id=[ 324, 35 ] end=13204 piso=1519236
COUNTS id=[ 324, 36 ] end=29584 piso=1656288
COUNTS id=[ 324, 37 ] end=9460 piso=453600
COUNTS id=[ 324, 38 ] end=18436 piso=390096
COUNTS id=[ 324, 39 ] end=11728 piso=2118420
COUNTS id=[ 324, 40 ] end=6544 piso=270000
COUNTS id=[ 324, 41 ] end=7192 piso=399600
COUNTS id=[ 324, 42 ] end=4617 piso=13608
COUNTS id=[ 324, 43 ] end=2835 piso=10368
COUNTS id=[ 324, 44 ] end=8019 piso=17496
COUNTS id=[ 324, 45 ] end=2835 piso=12960
COUNTS id=[ 324, 46 ] end=41553 piso=122472
COUNTS id=[ 324, 47 ] end=6075 piso=58320
COUNTS id=[ 324, 48 ] end=15795 piso=62208
COUNTS id=[ 324, 49 ] end=9801 piso=48600
COUNTS id=[ 324, 50 ] end=29241 piso=224856
COUNTS id=[ 324, 51 ] end=7857 piso=46008
COUNTS id=[ 324, 52 ] end=13851 piso=375192
COUNTS id=[ 324, 53 ] end=5913 piso=56376
COUNTS id=[ 324, 54 ] end=17577 piso=152280
COUNTS id=[ 324, 55 ] end=10449 piso=392040
COUNTS id=[ 324, 56 ] end=3969 piso=37584
COUNTS id=[ 324, 57 ] end=7857 piso=44712
COUNTS id=[ 324, 58 ] end=12393 piso=442584
COUNTS id=[ 324, 59 ] end=24057 piso=382968
COUNTS id=[ 324, 60 ] end=10449 piso=373896
COUNTS id=[ 324, 61 ] end=3888 piso=29160
COUNTS id=[ 324, 62 ] end=3888 piso=81648
COUNTS id=[ 324, 63 ] end=9504 piso=328536
COUNTS id=[ 324, 64 ] end=2592 piso=21384
COUNTS id=[ 324, 65 ] end=9432 piso=50544
COUNTS id=[ 324, 66 ] end=1944 piso=5832
COUNTS id=[ 324, 67 ] end=5544 piso=47304
COUNTS id=[ 324, 68 ] end=3744 piso=208008
COUNTS id=[ 324, 69 ] end=9576 piso=6350400
COUNTS id=[ 324, 70 ] end=2592 piso=37584
COUNTS id=[ 324, 71 ] end=7560 piso=161352
COUNTS id=[ 324, 72 ] end=2736 piso=55728
COUNTS id=[ 324, 73 ] end=7704 piso=183384
COUNTS id=[ 324, 74 ] end=2126416 piso=8897040
COUNTS id=[ 324, 75 ] end=26464 piso=375192
COUNTS id=[ 324, 76 ] end=236848 piso=1484568
COUNTS id=[ 324, 77 ] end=20632 piso=489240
COUNTS id=[ 324, 78 ] end=12856 piso=161352
COUNTS id=[ 324, 79 ] end=36184 piso=638280
COUNTS id=[ 324, 80 ] end=7024 piso=123120
ABELIAN_SKIPPED id=[ 324, 81 ] reason=known_equality
COUNTS id=[ 324, 82 ] end=34992 piso=353808
COUNTS id=[ 324, 83 ] end=19440 piso=50544
ABELIAN_SKIPPED id=[ 324, 84 ] reason=known_equality
COUNTS id=[ 324, 85 ] end=6480 piso=9072
COUNTS id=[ 324, 86 ] end=27216 piso=410832
COUNTS id=[ 324, 87 ] end=16848 piso=42768
COUNTS id=[ 324, 88 ] end=47952 piso=187920
COUNTS id=[ 324, 89 ] end=9072 piso=32400
COUNTS id=[ 324, 90 ] end=14580 piso=148716
COUNTS id=[ 324, 91 ] end=8748 piso=125388
COUNTS id=[ 324, 92 ] end=12636 piso=749412
COUNTS id=[ 324, 93 ] end=26244 piso=759132
COUNTS id=[ 324, 94 ] end=6804 piso=80676
COUNTS id=[ 324, 95 ] end=4860 piso=62532
COUNTS id=[ 324, 96 ] end=39420 piso=236196
COUNTS id=[ 324, 97 ] end=13284 piso=142884
COUNTS id=[ 324, 98 ] end=65772 piso=2878092
COUNTS id=[ 324, 99 ] end=13284 piso=872100
COUNTS id=[ 324, 100 ] end=21924 piso=160380
COUNTS id=[ 324, 101 ] end=7344 piso=70956
COUNTS id=[ 324, 102 ] end=4428 piso=37476
COUNTS id=[ 324, 103 ] end=9565940 piso=30941676
COUNTS id=[ 324, 104 ] end=223076 piso=2259900
ABELIAN_SKIPPED id=[ 324, 105 ] reason=known_equality
COUNTS id=[ 324, 106 ] end=446148 piso=1425924
COUNTS id=[ 324, 107 ] end=96228 piso=113724
CLOSEST id=[ 324, 107 ] end=96228 piso=113724 ratio=13/11
PROGRESS checked=100 hits=0 reversed=0 runtime_ms=49680
COUNTS id=[ 324, 108 ] end=16524 piso=34020
COUNTS id=[ 324, 109 ] end=1620 piso=74196
COUNTS id=[ 324, 110 ] end=1620 piso=450180
COUNTS id=[ 324, 111 ] end=540 piso=20772
COUNTS id=[ 324, 112 ] end=13204 piso=129276
COUNTS id=[ 324, 113 ] end=1540 piso=445500
COUNTS id=[ 324, 114 ] end=8640 piso=205092
COUNTS id=[ 324, 115 ] end=5184 piso=105624
COUNTS id=[ 324, 116 ] end=10368 piso=1680912
COUNTS id=[ 324, 117 ] end=7776 piso=676296
COUNTS id=[ 324, 118 ] end=6048 piso=156816
COUNTS id=[ 324, 119 ] end=141040 piso=16203240
COUNTS id=[ 324, 120 ] end=273280 piso=16911180
COUNTS id=[ 324, 121 ] end=75232 piso=3851064
COUNTS id=[ 324, 122 ] end=32800 piso=1640520
COUNTS id=[ 324, 123 ] end=24544 piso=563760
COUNTS id=[ 324, 124 ] end=32320 piso=5788368
COUNTS id=[ 324, 125 ] end=10936 piso=310824
COUNTS id=[ 324, 126 ] end=282123 piso=997272
COUNTS id=[ 324, 127 ] end=129033 piso=501552
COUNTS id=[ 324, 128 ] end=20169 piso=145800
COUNTS id=[ 324, 129 ] end=23571 piso=219672
COUNTS id=[ 324, 130 ] end=532899 piso=5985576
COUNTS id=[ 324, 131 ] end=114939 piso=480168
COUNTS id=[ 324, 132 ] end=18225 piso=141912
COUNTS id=[ 324, 133 ] end=649539 piso=1417176
COUNTS id=[ 324, 134 ] end=89667 piso=559872
COUNTS id=[ 324, 135 ] end=544563 piso=4811400
COUNTS id=[ 324, 136 ] end=34992 piso=262440
COUNTS id=[ 324, 137 ] end=23328 piso=174960
COUNTS id=[ 324, 138 ] end=31104 piso=944784
COUNTS id=[ 324, 139 ] end=69984 piso=1078920
COUNTS id=[ 324, 140 ] end=19440 piso=180792
COUNTS id=[ 324, 141 ] end=12960 piso=97200
COUNTS id=[ 324, 142 ] end=79488 piso=484056
COUNTS id=[ 324, 143 ] end=27216 piso=198288
COUNTS id=[ 324, 144 ] end=132192 piso=7225848
COUNTS id=[ 324, 145 ] end=27216 piso=1312848
COUNTS id=[ 324, 146 ] end=44496 piso=379080
COUNTS id=[ 324, 147 ] end=15336 piso=190512
COUNTS id=[ 324, 148 ] end=9072 piso=84240
COUNTS id=[ 324, 149 ] end=19132528 piso=92615400
COUNTS id=[ 324, 150 ] end=446368 piso=5371272
ABELIAN_SKIPPED id=[ 324, 151 ] reason=known_equality
COUNTS id=[ 324, 152 ] end=1784592 piso=5703696
COUNTS id=[ 324, 153 ] end=384912 piso=454896
COUNTS id=[ 324, 154 ] end=66096 piso=136080
COUNTS id=[ 324, 155 ] end=1417176 piso=86683932
COUNTS id=[ 324, 156 ] end=131220 piso=86316516
COUNTS id=[ 324, 157 ] end=3188808 piso=92352636
COUNTS id=[ 324, 158 ] end=6973568804 piso=13947137604
ABELIAN_SKIPPED id=[ 324, 159 ] reason=known_equality
COUNTS id=[ 324, 160 ] end=2043 piso=141264
COUNTS id=[ 324, 161 ] end=20412 piso=43183044
COUNTS id=[ 324, 162 ] end=5184 piso=43172028
COUNTS id=[ 324, 163 ] end=118828 piso=43579620
COUNTS id=[ 324, 164 ] end=1062964 piso=6975681444
COUNTS id=[ 324, 165 ] end=72900 piso=44708112
COUNTS id=[ 324, 166 ] end=104328 piso=47377224
COUNTS id=[ 324, 167 ] end=19764 piso=44111304
COUNTS id=[ 324, 168 ] end=50026612 piso=7116565392
COUNTS id=[ 324, 169 ] end=2155024 piso=6980589072
COUNTS id=[ 324, 170 ] end=240004 piso=57802896
COUNTS id=[ 324, 171 ] end=183347145 piso=701502120
COUNTS id=[ 324, 172 ] end=3306744 piso=94950792
COUNTS id=[ 324, 173 ] end=268272 piso=87025104
COUNTS id=[ 324, 174 ] end=6378264 piso=104888520
COUNTS id=[ 324, 175 ] end=13947138256 piso=41669252496
ABELIAN_SKIPPED id=[ 324, 176 ] reason=known_equality
DONE checked=166 abelian=0 hits=0 reversed=0 skipped_abelian=10 closest=[ 324, 107 ] min_ratio=13/11 runtime_ms=106360
