{"command": ["/project/gap-4.16.1/gap", "-l", "/project/gap-4.16.1", "-q", "-b", "-T", "-m", "128m", "-o", "4g", "-c", "START_ORDER:=384;;END_ORDER:=384;;START_ID:=1793;;END_ID:=2048;;SKIP_ABELIAN:=true;;LOG_ALL:=true;;", "/project/scripts/search_19_20.g"], "source_hashes": {"scripts/search_19_20.g": "7b6a34e9163b58b0248b3c464ae8070783414cd7d14048136dd0e3547b906318", "scripts/lib_19_20.g": "fbcf2d3c4b0648cc1fa87d6e50fc923133d594c029b8430a365caf596ac7ccd5"}}
PARAMETERS start=384 end=384 start_id=1793 end_id=2048 skip_abelian=true log_all=true
ORDER_START order=384 groups=20169
COUNTS id=[ 384, 1793 ] end=24640 piso=451584
CLOSEST id=[ 384, 1793 ] end=24640 piso=451584 ratio=1008/55
COUNTS id=[ 384, 1794 ] end=18496 piso=479232
COUNTS id=[ 384, 1795 ] end=46592 piso=2568192
COUNTS id=[ 384, 1796 ] end=39424 piso=817152
COUNTS id=[ 384, 1797 ] end=44032 piso=1035264
COUNTS id=[ 384, 1798 ] end=31744 piso=2325504
COUNTS id=[ 384, 1799 ] end=40192 piso=2505216
COUNTS id=[ 384, 1800 ] end=50944 piso=1379328
COUNTS id=[ 384, 1801 ] end=26368 piso=2793984
COUNTS id=[ 384, 1802 ] end=30976 piso=869376
COUNTS id=[ 384, 1803 ] end=20224 piso=342528
CLOSEST id=[ 384, 1803 ] end=20224 piso=342528 ratio=1338/79
COUNTS id=[ 384, 1804 ] end=29440 piso=413184
CLOSEST id=[ 384, 1804 ] end=29440 piso=413184 ratio=1614/115
COUNTS id=[ 384, 1805 ] end=14080 piso=334848
COUNTS id=[ 384, 1806 ] end=26368 piso=405504
COUNTS id=[ 384, 1807 ] end=14080 piso=382464
COUNTS id=[ 384, 1808 ] end=14080 piso=382464
COUNTS id=[ 384, 1809 ] end=11008 piso=230400
COUNTS id=[ 384, 1810 ] end=28480 piso=556800
COUNTS id=[ 384, 1811 ] end=29248 piso=675072
COUNTS id=[ 384, 1812 ] end=24640 piso=688896
COUNTS id=[ 384, 1813 ] end=19264 piso=401664
COUNTS id=[ 384, 1814 ] end=7040 piso=127488
COUNTS id=[ 384, 1815 ] end=7040 piso=127488
COUNTS id=[ 384, 1816 ] end=32256 piso=562176
COUNTS id=[ 384, 1817 ] end=29696 piso=554496
COUNTS id=[ 384, 1818 ] end=63424 piso=1742304
COUNTS id=[ 384, 1819 ] end=20800 piso=895200
COUNTS id=[ 384, 1820 ] end=49984 piso=1139424
COUNTS id=[ 384, 1821 ] end=7360 piso=1103328
COUNTS id=[ 384, 1822 ] end=11392 piso=248448
COUNTS id=[ 384, 1823 ] end=3712 piso=144000
COUNTS id=[ 384, 1824 ] end=4480 piso=179328
COUNTS id=[ 384, 1825 ] end=19840 piso=259200
CLOSEST id=[ 384, 1825 ] end=19840 piso=259200 ratio=405/31
COUNTS id=[ 384, 1826 ] end=39424 piso=825984
COUNTS id=[ 384, 1827 ] end=32256 piso=603264
COUNTS id=[ 384, 1828 ] end=40960 piso=1023744
COUNTS id=[ 384, 1829 ] end=20992 piso=667392
COUNTS id=[ 384, 1830 ] end=14848 piso=248448
COUNTS id=[ 384, 1831 ] end=96768 piso=9716352
COUNTS id=[ 384, 1832 ] end=22528 piso=612480
COUNTS id=[ 384, 1833 ] end=8448 piso=203520
COUNTS id=[ 384, 1834 ] end=51904 piso=1372896
COUNTS id=[ 384, 1835 ] end=38464 piso=932832
COUNTS id=[ 384, 1836 ] end=21504 piso=376800
COUNTS id=[ 384, 1837 ] end=9216 piso=211680
COUNTS id=[ 384, 1838 ] end=9600 piso=269952
COUNTS id=[ 384, 1839 ] end=30336 piso=746112
COUNTS id=[ 384, 1840 ] end=6144 piso=171648
COUNTS id=[ 384, 1841 ] end=25088 piso=2245248
COUNTS id=[ 384, 1842 ] end=30720 piso=747648
COUNTS id=[ 384, 1843 ] end=4864 piso=145152
COUNTS id=[ 384, 1844 ] end=23104 piso=895968
COUNTS id=[ 384, 1845 ] end=9664 piso=996576
COUNTS id=[ 384, 1846 ] end=7168 piso=275424
COUNTS id=[ 384, 1847 ] end=16384 piso=253152
COUNTS id=[ 384, 1848 ] end=16768 piso=306816
COUNTS id=[ 384, 1849 ] end=8320 piso=374400
COUNTS id=[ 384, 1850 ] end=22528 piso=187392
CLOSEST id=[ 384, 1850 ] end=22528 piso=187392 ratio=183/22
COUNTS id=[ 384, 1851 ] end=20480 piso=187392
COUNTS id=[ 384, 1852 ] end=12800 piso=81792
CLOSEST id=[ 384, 1852 ] end=12800 piso=81792 ratio=639/100
COUNTS id=[ 384, 1853 ] end=34816 piso=180960
CLOSEST id=[ 384, 1853 ] end=34816 piso=180960 ratio=5655/1088
COUNTS id=[ 384, 1854 ] end=19712 piso=138720
COUNTS id=[ 384, 1855 ] end=26624 piso=150240
COUNTS id=[ 384, 1856 ] end=16384 piso=107232
COUNTS id=[ 384, 1857 ] end=11264 piso=88800
COUNTS id=[ 384, 1858 ] end=9728 piso=85728
COUNTS id=[ 384, 1859 ] end=43008 piso=258048
COUNTS id=[ 384, 1860 ] end=32768 piso=227328
COUNTS id=[ 384, 1861 ] end=14336 piso=115584
COUNTS id=[ 384, 1862 ] end=120640 piso=1958784
COUNTS id=[ 384, 1863 ] end=51520 piso=809856
COUNTS id=[ 384, 1864 ] end=38464 piso=725376
COUNTS id=[ 384, 1865 ] end=36928 piso=579456
COUNTS id=[ 384, 1866 ] end=36928 piso=579456
COUNTS id=[ 384, 1867 ] end=23104 piso=415104
COUNTS id=[ 384, 1868 ] end=87616 piso=1286016
COUNTS id=[ 384, 1869 ] end=55360 piso=1034112
COUNTS id=[ 384, 1870 ] end=23872 piso=513408
COUNTS id=[ 384, 1871 ] end=25408 piso=619392
COUNTS id=[ 384, 1872 ] end=25408 piso=619392
COUNTS id=[ 384, 1873 ] end=11584 piso=369024
COUNTS id=[ 384, 1874 ] end=14848 piso=144384
COUNTS id=[ 384, 1875 ] end=10240 piso=81792
COUNTS id=[ 384, 1876 ] end=7424 piso=80640
COUNTS id=[ 384, 1877 ] end=7424 piso=80640
COUNTS id=[ 384, 1878 ] end=21504 piso=208896
COUNTS id=[ 384, 1879 ] end=14336 piso=115584
COUNTS id=[ 384, 1880 ] end=21760 piso=357120
COUNTS id=[ 384, 1881 ] end=62464 piso=1257216
COUNTS id=[ 384, 1882 ] end=11776 piso=596736
COUNTS id=[ 384, 1883 ] end=11776 piso=327936
COUNTS id=[ 384, 1884 ] end=7168 piso=183552
COUNTS id=[ 384, 1885 ] end=6144 piso=194688
COUNTS id=[ 384, 1886 ] end=26112 piso=292992
COUNTS id=[ 384, 1887 ] end=39424 piso=277632
COUNTS id=[ 384, 1888 ] end=12288 piso=165504
COUNTS id=[ 384, 1889 ] end=14080 piso=334080
COUNTS id=[ 384, 1890 ] end=4864 piso=171264
COUNTS id=[ 384, 1891 ] end=9856 piso=265344
COUNTS id=[ 384, 1892 ] end=5248 piso=148608
PROGRESS checked=100 hits=0 reversed=0 runtime_ms=157956
COUNTS id=[ 384, 1893 ] end=70144 piso=824832
COUNTS id=[ 384, 1894 ] end=27136 piso=517632
COUNTS id=[ 384, 1895 ] end=33280 piso=370176
COUNTS id=[ 384, 1896 ] end=89152 piso=892416
COUNTS id=[ 384, 1897 ] end=24640 piso=431616
COUNTS id=[ 384, 1898 ] end=38464 piso=414720
COUNTS id=[ 384, 1899 ] end=21760 piso=394752
COUNTS id=[ 384, 1900 ] end=118272 piso=847872
COUNTS id=[ 384, 1901 ] end=36352 piso=399360
COUNTS id=[ 384, 1902 ] end=48640 piso=393216
COUNTS id=[ 384, 1903 ] end=75520 piso=1046016
COUNTS id=[ 384, 1904 ] end=26368 piso=456192
COUNTS id=[ 384, 1905 ] end=35584 piso=427008
COUNTS id=[ 384, 1906 ] end=24832 piso=513024
COUNTS id=[ 384, 1907 ] end=14080 piso=387072
COUNTS id=[ 384, 1908 ] end=11008 piso=250368
COUNTS id=[ 384, 1909 ] end=26176 piso=447744
COUNTS id=[ 384, 1910 ] end=18496 piso=335616
COUNTS id=[ 384, 1911 ] end=19264 piso=490752
COUNTS id=[ 384, 1912 ] end=11584 piso=286464
COUNTS id=[ 384, 1913 ] end=36352 piso=370176
COUNTS id=[ 384, 1914 ] end=20992 piso=517632
COUNTS id=[ 384, 1915 ] end=64000 piso=824832
COUNTS id=[ 384, 1916 ] end=89152 piso=892416
COUNTS id=[ 384, 1917 ] end=38464 piso=414720
COUNTS id=[ 384, 1918 ] end=11008 piso=250368
COUNTS id=[ 384, 1919 ] end=24640 piso=431616
COUNTS id=[ 384, 1920 ] end=118272 piso=847872
COUNTS id=[ 384, 1921 ] end=36352 piso=399360
COUNTS id=[ 384, 1922 ] end=48640 piso=393216
COUNTS id=[ 384, 1923 ] end=38656 piso=434688
COUNTS id=[ 384, 1924 ] end=69376 piso=1038336
COUNTS id=[ 384, 1925 ] end=20224 piso=448512
COUNTS id=[ 384, 1926 ] end=24832 piso=513024
COUNTS id=[ 384, 1927 ] end=21760 piso=394752
COUNTS id=[ 384, 1928 ] end=14080 piso=387072
COUNTS id=[ 384, 1929 ] end=26176 piso=447744
COUNTS id=[ 384, 1930 ] end=18496 piso=335616
COUNTS id=[ 384, 1931 ] end=19264 piso=490752
COUNTS id=[ 384, 1932 ] end=11584 piso=286464
COUNTS id=[ 384, 1933 ] end=10496 piso=161280
COUNTS id=[ 384, 1934 ] end=10496 piso=161280
COUNTS id=[ 384, 1935 ] end=17920 piso=230400
COUNTS id=[ 384, 1936 ] end=12800 piso=222720
COUNTS id=[ 384, 1937 ] end=34816 piso=652512
COUNTS id=[ 384, 1938 ] end=10240 piso=435936
COUNTS id=[ 384, 1939 ] end=17920 piso=300000
COUNTS id=[ 384, 1940 ] end=28672 piso=73728
CLOSEST id=[ 384, 1940 ] end=28672 piso=73728 ratio=18/7
COUNTS id=[ 384, 1941 ] end=20480 piso=58368
COUNTS id=[ 384, 1942 ] end=5888 piso=31200
COUNTS id=[ 384, 1943 ] end=165952 piso=1836288
COUNTS id=[ 384, 1944 ] end=83008 piso=716544
COUNTS id=[ 384, 1945 ] end=21568 piso=307200
COUNTS id=[ 384, 1946 ] end=73792 piso=1022208
COUNTS id=[ 384, 1947 ] end=17920 piso=54528
COUNTS id=[ 384, 1948 ] end=5888 piso=31200
COUNTS id=[ 384, 1949 ] end=61504 piso=672384
COUNTS id=[ 384, 1950 ] end=15424 piso=418944
COUNTS id=[ 384, 1951 ] end=79072 piso=1355520
COUNTS id=[ 384, 1952 ] end=12000 piso=255744
COUNTS id=[ 384, 1953 ] end=32736 piso=452352
COUNTS id=[ 384, 1954 ] end=39648 piso=512256
COUNTS id=[ 384, 1955 ] end=11104 piso=223488
COUNTS id=[ 384, 1956 ] end=34912 piso=527616
COUNTS id=[ 384, 1957 ] end=7648 piso=300288
COUNTS id=[ 384, 1958 ] end=28896 piso=670464
COUNTS id=[ 384, 1959 ] end=16352 piso=307968
COUNTS id=[ 384, 1960 ] end=9824 piso=277248
COUNTS id=[ 384, 1961 ] end=155648 piso=1777152
COUNTS id=[ 384, 1962 ] end=2621440 piso=4718592
CLOSEST id=[ 384, 1962 ] end=2621440 piso=4718592 ratio=9/5
COUNTS id=[ 384, 1963 ] end=851968 piso=2752512
COUNTS id=[ 384, 1964 ] end=327680 piso=1646592
COUNTS id=[ 384, 1965 ] end=180224 piso=1646592
COUNTS id=[ 384, 1966 ] end=327680 piso=1554432
COUNTS id=[ 384, 1967 ] end=180224 piso=1554432
COUNTS id=[ 384, 1968 ] end=151552 piso=1400832
COUNTS id=[ 384, 1969 ] end=151552 piso=1492992
COUNTS id=[ 384, 1970 ] end=593920 piso=2506752
COUNTS id=[ 384, 1971 ] end=173056 piso=1904640
COUNTS id=[ 384, 1972 ] end=93184 piso=1480704
COUNTS id=[ 384, 1973 ] end=126976 piso=7025664
COUNTS id=[ 384, 1974 ] end=47104 piso=2661888
COUNTS id=[ 384, 1975 ] end=65536 piso=3412992
COUNTS id=[ 384, 1976 ] end=3211264 piso=64585728
COUNTS id=[ 384, 1977 ] end=507904 piso=32612352
COUNTS id=[ 384, 1978 ] end=360448 piso=32612352
COUNTS id=[ 384, 1979 ] end=360448 piso=32612352
COUNTS id=[ 384, 1980 ] end=950272 piso=35586048
COUNTS id=[ 384, 1981 ] end=385024 piso=32176128
COUNTS id=[ 384, 1982 ] end=385024 piso=32151552
COUNTS id=[ 384, 1983 ] end=557056 piso=32544768
COUNTS id=[ 384, 1984 ] end=753664 piso=335984640
COUNTS id=[ 384, 1985 ] end=163840 piso=32544768
COUNTS id=[ 384, 1986 ] end=188416 piso=32176128
COUNTS id=[ 384, 1987 ] end=188416 piso=32151552
COUNTS id=[ 384, 1988 ] end=311296 piso=30179328
COUNTS id=[ 384, 1989 ] end=139264 piso=29761536
COUNTS id=[ 384, 1990 ] end=139264 piso=29761536
COUNTS id=[ 384, 1991 ] end=163840 piso=30179328
COUNTS id=[ 384, 1992 ] end=274432 piso=30615552
PROGRESS checked=200 hits=0 reversed=0 runtime_ms=317635
COUNTS id=[ 384, 1993 ] end=126976 piso=30566400
COUNTS id=[ 384, 1994 ] end=126976 piso=30566400
COUNTS id=[ 384, 1995 ] end=1048576 piso=42688512
COUNTS id=[ 384, 1996 ] end=458752 piso=37871616
COUNTS id=[ 384, 1997 ] end=139264 piso=29835264
COUNTS id=[ 384, 1998 ] end=212992 piso=30302208
COUNTS id=[ 384, 1999 ] end=212992 piso=30302208
COUNTS id=[ 384, 2000 ] end=851968 piso=158834688
COUNTS id=[ 384, 2001 ] end=1245184 piso=669450240
COUNTS id=[ 384, 2002 ] end=1245184 piso=1288544256
COUNTS id=[ 384, 2003 ] end=409600 piso=333477888
COUNTS id=[ 384, 2004 ] end=311296 piso=333060096
COUNTS id=[ 384, 2005 ] end=311296 piso=332685312
COUNTS id=[ 384, 2006 ] end=124928 piso=1076736
COUNTS id=[ 384, 2007 ] end=31744 piso=559104
COUNTS id=[ 384, 2008 ] end=56320 piso=1118208
COUNTS id=[ 384, 2009 ] end=25600 piso=780288
COUNTS id=[ 384, 2010 ] end=311296 piso=1935360
COUNTS id=[ 384, 2011 ] end=106496 piso=829440
COUNTS id=[ 384, 2012 ] end=57344 piso=798720
COUNTS id=[ 384, 2013 ] end=77824 piso=829440
COUNTS id=[ 384, 2014 ] end=114688 piso=921600
COUNTS id=[ 384, 2015 ] end=225280 piso=1935360
COUNTS id=[ 384, 2016 ] end=136192 piso=1333248
COUNTS id=[ 384, 2017 ] end=93184 piso=872448
COUNTS id=[ 384, 2018 ] end=55296 piso=1724928
COUNTS id=[ 384, 2019 ] end=43008 piso=1195008
COUNTS id=[ 384, 2020 ] end=104448 piso=5500416
COUNTS id=[ 384, 2021 ] end=43008 piso=1814016
COUNTS id=[ 384, 2022 ] end=327680 piso=3463680
COUNTS id=[ 384, 2023 ] end=143360 piso=3463680
COUNTS id=[ 384, 2024 ] end=88064 piso=1466880
COUNTS id=[ 384, 2025 ] end=157696 piso=3310080
COUNTS id=[ 384, 2026 ] end=65536 piso=1466880
COUNTS id=[ 384, 2027 ] end=56320 piso=1082880
COUNTS id=[ 384, 2028 ] end=19456 piso=1082880
COUNTS id=[ 384, 2029 ] end=67584 piso=1640448
COUNTS id=[ 384, 2030 ] end=176128 piso=16765440
COUNTS id=[ 384, 2031 ] end=217088 piso=4647936
COUNTS id=[ 384, 2032 ] end=190464 piso=6435840
COUNTS id=[ 384, 2033 ] end=104448 piso=2798592
COUNTS id=[ 384, 2034 ] end=28672 piso=870912
COUNTS id=[ 384, 2035 ] end=28672 piso=870912
COUNTS id=[ 384, 2036 ] end=28672 piso=870912
COUNTS id=[ 384, 2037 ] end=28672 piso=870912
COUNTS id=[ 384, 2038 ] end=65536 piso=3314688
COUNTS id=[ 384, 2039 ] end=65536 piso=3314688
COUNTS id=[ 384, 2040 ] end=28672 piso=1287168
COUNTS id=[ 384, 2041 ] end=28672 piso=1287168
COUNTS id=[ 384, 2042 ] end=116736 piso=1577472
COUNTS id=[ 384, 2043 ] end=116736 piso=1577472
COUNTS id=[ 384, 2044 ] end=36864 piso=870912
COUNTS id=[ 384, 2045 ] end=56320 piso=1092096
COUNTS id=[ 384, 2046 ] end=31744 piso=542208
COUNTS id=[ 384, 2047 ] end=25600 piso=772608
COUNTS id=[ 384, 2048 ] end=253952 piso=5869056
DONE checked=256 abelian=0 hits=0 reversed=0 skipped_abelian=0 closest=[ 384, 1962 ] min_ratio=9/5 runtime_ms=440023
