{"command": ["/project/gap-4.16.1/gap", "-l", "/project/gap-4.16.1", "-q", "-b", "-T", "-m", "128m", "-o", "4g", "-c", "START_ORDER:=320;;END_ORDER:=320;;START_ID:=1281;;END_ID:=1536;;SKIP_ABELIAN:=true;;LOG_ALL:=true;;", "/project/scripts/search_19_20.g"], "source_hashes": {"scripts/search_19_20.g": "7b6a34e9163b58b0248b3c464ae8070783414cd7d14048136dd0e3547b906318", "scripts/lib_19_20.g": "fbcf2d3c4b0648cc1fa87d6e50fc923133d594c029b8430a365caf596ac7ccd5"}}
PARAMETERS start=320 end=320 start_id=1281 end_id=1536 skip_abelian=true log_all=true
ORDER_START order=320 groups=1640
COUNTS id=[ 320, 1281 ] end=1892608 piso=30131200
CLOSEST id=[ 320, 1281 ] end=1892608 piso=30131200 ratio=117700/7393
COUNTS id=[ 320, 1282 ] end=838912 piso=7668480
CLOSEST id=[ 320, 1282 ] end=838912 piso=7668480 ratio=29955/3277
COUNTS id=[ 320, 1283 ] end=96512 piso=1756160
COUNTS id=[ 320, 1284 ] end=844032 piso=7686400
CLOSEST id=[ 320, 1284 ] end=844032 piso=7686400 ratio=30025/3297
COUNTS id=[ 320, 1285 ] end=408576 piso=2443520
CLOSEST id=[ 320, 1285 ] end=408576 piso=2443520 ratio=9545/1596
COUNTS id=[ 320, 1286 ] end=48896 piso=940800
COUNTS id=[ 320, 1287 ] end=70656 piso=1125120
COUNTS id=[ 320, 1288 ] end=56576 piso=1021440
COUNTS id=[ 320, 1289 ] end=413696 piso=2524160
COUNTS id=[ 320, 1290 ] end=48896 piso=1020160
COUNTS id=[ 320, 1291 ] end=75776 piso=1152000
COUNTS id=[ 320, 1292 ] end=438016 piso=3083520
COUNTS id=[ 320, 1293 ] end=46336 piso=861440
COUNTS id=[ 320, 1294 ] end=49152 piso=1213440
COUNTS id=[ 320, 1295 ] end=49152 piso=1251840
COUNTS id=[ 320, 1296 ] end=65536 piso=880640
COUNTS id=[ 320, 1297 ] end=19456 piso=947200
COUNTS id=[ 320, 1298 ] end=589824 piso=5975040
COUNTS id=[ 320, 1299 ] end=521216 piso=5020160
COUNTS id=[ 320, 1300 ] end=80896 piso=2155520
COUNTS id=[ 320, 1301 ] end=147456 piso=2273280
COUNTS id=[ 320, 1302 ] end=911616 piso=9081600
COUNTS id=[ 320, 1303 ] end=123136 piso=1794560
COUNTS id=[ 320, 1304 ] end=319232 piso=5063680
COUNTS id=[ 320, 1305 ] end=118016 piso=2202880
COUNTS id=[ 320, 1306 ] end=458752 piso=3128320
COUNTS id=[ 320, 1307 ] end=60672 piso=1044480
COUNTS id=[ 320, 1308 ] end=55552 piso=1029120
COUNTS id=[ 320, 1309 ] end=425216 piso=2595840
COUNTS id=[ 320, 1310 ] end=60416 piso=787200
COUNTS id=[ 320, 1311 ] end=41216 piso=771840
COUNTS id=[ 320, 1312 ] end=60416 piso=723200
COUNTS id=[ 320, 1313 ] end=43776 piso=821760
COUNTS id=[ 320, 1314 ] end=41216 piso=835840
COUNTS id=[ 320, 1315 ] end=65536 piso=750080
COUNTS id=[ 320, 1316 ] end=454656 piso=3015680
COUNTS id=[ 320, 1317 ] end=65536 piso=837120
COUNTS id=[ 320, 1318 ] end=38656 piso=743680
COUNTS id=[ 320, 1319 ] end=87296 piso=943360
COUNTS id=[ 320, 1320 ] end=58368 piso=2539520
COUNTS id=[ 320, 1321 ] end=39936 piso=844800
COUNTS id=[ 320, 1322 ] end=15616 piso=870400
COUNTS id=[ 320, 1323 ] end=23296 piso=902400
COUNTS id=[ 320, 1324 ] end=860160 piso=9502720
COUNTS id=[ 320, 1325 ] end=1271808 piso=17052160
COUNTS id=[ 320, 1326 ] end=863488 piso=8138240
COUNTS id=[ 320, 1327 ] end=95488 piso=1688320
COUNTS id=[ 320, 1328 ] end=467968 piso=4677120
COUNTS id=[ 320, 1329 ] end=429056 piso=2663680
COUNTS id=[ 320, 1330 ] end=404736 piso=2415360
CLOSEST id=[ 320, 1330 ] end=404736 piso=2415360 ratio=185/31
COUNTS id=[ 320, 1331 ] end=409856 piso=2412800
CLOSEST id=[ 320, 1331 ] end=409856 piso=2412800 ratio=9425/1601
COUNTS id=[ 320, 1332 ] end=39936 piso=766720
COUNTS id=[ 320, 1333 ] end=64256 piso=949760
COUNTS id=[ 320, 1334 ] end=39936 piso=764160
COUNTS id=[ 320, 1335 ] end=91136 piso=1283840
COUNTS id=[ 320, 1336 ] end=77056 piso=1056000
COUNTS id=[ 320, 1337 ] end=39936 piso=824320
COUNTS id=[ 320, 1338 ] end=463616 piso=3488000
COUNTS id=[ 320, 1339 ] end=66816 piso=881920
COUNTS id=[ 320, 1340 ] end=165888 piso=2150400
COUNTS id=[ 320, 1341 ] end=39936 piso=741120
COUNTS id=[ 320, 1342 ] end=77056 piso=1050880
COUNTS id=[ 320, 1343 ] end=23296 piso=912640
COUNTS id=[ 320, 1344 ] end=33536 piso=953600
COUNTS id=[ 320, 1345 ] end=909312 piso=8949760
COUNTS id=[ 320, 1346 ] end=918528 piso=9722880
COUNTS id=[ 320, 1347 ] end=68608 piso=2268160
COUNTS id=[ 320, 1348 ] end=868608 piso=8289280
COUNTS id=[ 320, 1349 ] end=95488 piso=2170880
COUNTS id=[ 320, 1350 ] end=429056 piso=2702080
COUNTS id=[ 320, 1351 ] end=409856 piso=2479360
COUNTS id=[ 320, 1352 ] end=45056 piso=890880
COUNTS id=[ 320, 1353 ] end=77056 piso=1050880
COUNTS id=[ 320, 1354 ] end=45056 piso=770560
COUNTS id=[ 320, 1355 ] end=852736 piso=8449280
COUNTS id=[ 320, 1356 ] end=71936 piso=958720
COUNTS id=[ 320, 1357 ] end=56576 piso=1670400
COUNTS id=[ 320, 1358 ] end=97536 piso=2586880
COUNTS id=[ 320, 1359 ] end=122880 piso=2232320
COUNTS id=[ 320, 1360 ] end=86016 piso=1280000
COUNTS id=[ 320, 1361 ] end=75776 piso=1249280
COUNTS id=[ 320, 1362 ] end=87296 piso=1194240
COUNTS id=[ 320, 1363 ] end=86016 piso=993280
COUNTS id=[ 320, 1364 ] end=80896 piso=938240
COUNTS id=[ 320, 1365 ] end=56576 piso=791040
COUNTS id=[ 320, 1366 ] end=61696 piso=821760
COUNTS id=[ 320, 1367 ] end=110336 piso=1349120
COUNTS id=[ 320, 1368 ] end=34816 piso=846080
COUNTS id=[ 320, 1369 ] end=50176 piso=921600
COUNTS id=[ 320, 1370 ] end=147456 piso=2027520
COUNTS id=[ 320, 1371 ] end=64256 piso=881920
COUNTS id=[ 320, 1372 ] end=123136 piso=1317120
COUNTS id=[ 320, 1373 ] end=14336 piso=938240
COUNTS id=[ 320, 1374 ] end=38656 piso=860160
COUNTS id=[ 320, 1375 ] end=466944 piso=3082240
COUNTS id=[ 320, 1376 ] end=449536 piso=3019520
COUNTS id=[ 320, 1377 ] end=425216 piso=2647040
COUNTS id=[ 320, 1378 ] end=60416 piso=865280
COUNTS id=[ 320, 1379 ] end=60416 piso=861440
COUNTS id=[ 320, 1380 ] end=36096 piso=794880
PROGRESS checked=100 hits=0 reversed=0 runtime_ms=129274
COUNTS id=[ 320, 1381 ] end=84736 piso=1122560
COUNTS id=[ 320, 1382 ] end=60416 piso=817920
COUNTS id=[ 320, 1383 ] end=489216 piso=4046080
COUNTS id=[ 320, 1384 ] end=38656 piso=835840
COUNTS id=[ 320, 1385 ] end=66816 piso=1332480
COUNTS id=[ 320, 1386 ] end=2973696 piso=40161280
COUNTS id=[ 320, 1387 ] end=867328 piso=8289280
COUNTS id=[ 320, 1388 ] end=176128 piso=2027520
COUNTS id=[ 320, 1389 ] end=1911040 piso=29026560
COUNTS id=[ 320, 1390 ] end=162048 piso=2376960
COUNTS id=[ 320, 1391 ] end=65536 piso=1218560
COUNTS id=[ 320, 1392 ] end=443136 piso=2955520
COUNTS id=[ 320, 1393 ] end=54528 piso=1562880
COUNTS id=[ 320, 1394 ] end=231680 piso=3109120
COUNTS id=[ 320, 1395 ] end=811008 piso=6492160
COUNTS id=[ 320, 1396 ] end=111616 piso=2227200
COUNTS id=[ 320, 1397 ] end=352256 piso=2969600
COUNTS id=[ 320, 1398 ] end=215296 piso=2305280
COUNTS id=[ 320, 1399 ] end=374528 piso=4839680
COUNTS id=[ 320, 1400 ] end=73728 piso=1136640
COUNTS id=[ 320, 1401 ] end=63488 piso=1075200
COUNTS id=[ 320, 1402 ] end=85248 piso=1153280
COUNTS id=[ 320, 1403 ] end=50176 piso=931840
COUNTS id=[ 320, 1404 ] end=74496 piso=892160
COUNTS id=[ 320, 1405 ] end=86016 piso=842240
COUNTS id=[ 320, 1406 ] end=148736 piso=1496320
COUNTS id=[ 320, 1407 ] end=64256 piso=779520
COUNTS id=[ 320, 1408 ] end=1572864 piso=6553600
CLOSEST id=[ 320, 1408 ] end=1572864 piso=6553600 ratio=25/6
COUNTS id=[ 320, 1409 ] end=1032192 piso=4341760
COUNTS id=[ 320, 1410 ] end=141312 piso=789120
COUNTS id=[ 320, 1411 ] end=1396736 piso=9881600
COUNTS id=[ 320, 1412 ] end=2789376 piso=30914560
COUNTS id=[ 320, 1413 ] end=188416 piso=1584640
COUNTS id=[ 320, 1414 ] end=823296 piso=8427520
COUNTS id=[ 320, 1415 ] end=884736 piso=4075520
COUNTS id=[ 320, 1416 ] end=141312 piso=830080
COUNTS id=[ 320, 1417 ] end=118272 piso=773760
COUNTS id=[ 320, 1418 ] end=1104896 piso=8906880
COUNTS id=[ 320, 1419 ] end=121856 piso=2563200
COUNTS id=[ 320, 1420 ] end=150016 piso=1466880
COUNTS id=[ 320, 1421 ] end=159744 piso=795520
COUNTS id=[ 320, 1422 ] end=152832 piso=795520
COUNTS id=[ 320, 1423 ] end=200512 piso=1572320
COUNTS id=[ 320, 1424 ] end=390592 piso=3004000
COUNTS id=[ 320, 1425 ] end=29632 piso=2101600
COUNTS id=[ 320, 1426 ] end=1794048 piso=26695680
COUNTS id=[ 320, 1427 ] end=855040 piso=7386240
COUNTS id=[ 320, 1428 ] end=102400 piso=1502720
COUNTS id=[ 320, 1429 ] end=244800 piso=1985120
COUNTS id=[ 320, 1430 ] end=909312 piso=8386560
COUNTS id=[ 320, 1431 ] end=898048 piso=8174720
COUNTS id=[ 320, 1432 ] end=68608 piso=2076800
COUNTS id=[ 320, 1433 ] end=124928 piso=1400320
COUNTS id=[ 320, 1434 ] end=128448 piso=1226720
COUNTS id=[ 320, 1435 ] end=221184 piso=5928960
COUNTS id=[ 320, 1436 ] end=111616 piso=2025600
COUNTS id=[ 320, 1437 ] end=188416 piso=1953280
COUNTS id=[ 320, 1438 ] end=21056 piso=1748320
COUNTS id=[ 320, 1439 ] end=147456 piso=1318400
COUNTS id=[ 320, 1440 ] end=140288 piso=1254400
COUNTS id=[ 320, 1441 ] end=327488 piso=2745440
COUNTS id=[ 320, 1442 ] end=166848 piso=1367520
COUNTS id=[ 320, 1443 ] end=15168 piso=1858400
COUNTS id=[ 320, 1444 ] end=878592 piso=7934080
COUNTS id=[ 320, 1445 ] end=98304 piso=1182720
COUNTS id=[ 320, 1446 ] end=283584 piso=2260960
COUNTS id=[ 320, 1447 ] end=125504 piso=1249120
COUNTS id=[ 320, 1448 ] end=92160 piso=2000000
COUNTS id=[ 320, 1449 ] end=141312 piso=1387520
COUNTS id=[ 320, 1450 ] end=169792 piso=1436000
COUNTS id=[ 320, 1451 ] end=15552 piso=1704160
COUNTS id=[ 320, 1452 ] end=3407872 piso=6553600
CLOSEST id=[ 320, 1452 ] end=3407872 piso=6553600 ratio=25/13
COUNTS id=[ 320, 1453 ] end=540672 piso=2129920
COUNTS id=[ 320, 1454 ] end=9437184 piso=26214400
COUNTS id=[ 320, 1455 ] end=2752512 piso=18350080
COUNTS id=[ 320, 1456 ] end=557056 piso=3578880
COUNTS id=[ 320, 1457 ] end=6684672 piso=19660800
COUNTS id=[ 320, 1458 ] end=950272 piso=3051520
COUNTS id=[ 320, 1459 ] end=8650752 piso=847380480
COUNTS id=[ 320, 1460 ] end=1196032 piso=6855680
COUNTS id=[ 320, 1461 ] end=782336 piso=4689920
COUNTS id=[ 320, 1462 ] end=1622016 piso=13286400
COUNTS id=[ 320, 1463 ] end=224256 piso=1825280
COUNTS id=[ 320, 1464 ] end=1445888 piso=12933120
COUNTS id=[ 320, 1465 ] end=252928 piso=2220160
COUNTS id=[ 320, 1466 ] end=544768 piso=4106240
COUNTS id=[ 320, 1467 ] end=3620864 piso=14064640
COUNTS id=[ 320, 1468 ] end=339968 piso=6246400
COUNTS id=[ 320, 1469 ] end=544768 piso=4997120
COUNTS id=[ 320, 1470 ] end=1001472 piso=3740160
COUNTS id=[ 320, 1471 ] end=7073792 piso=853237760
COUNTS id=[ 320, 1472 ] end=1064960 piso=9313280
COUNTS id=[ 320, 1473 ] end=1352960 piso=14689280
COUNTS id=[ 320, 1474 ] end=983040 piso=10378240
COUNTS id=[ 320, 1475 ] end=2691072 piso=26726400
COUNTS id=[ 320, 1476 ] end=708608 piso=6095360
COUNTS id=[ 320, 1477 ] end=314368 piso=3507200
COUNTS id=[ 320, 1478 ] end=228608 piso=2707200
COUNTS id=[ 320, 1479 ] end=1232896 piso=8693760
COUNTS id=[ 320, 1480 ] end=121856 piso=1037440
PROGRESS checked=200 hits=0 reversed=0 runtime_ms=279813
COUNTS id=[ 320, 1481 ] end=495616 piso=4208640
COUNTS id=[ 320, 1482 ] end=790528 piso=4853760
COUNTS id=[ 320, 1483 ] end=1064960 piso=3619840
COUNTS id=[ 320, 1484 ] end=374784 piso=3043840
COUNTS id=[ 320, 1485 ] end=622592 piso=5094400
COUNTS id=[ 320, 1486 ] end=1232896 piso=9256960
COUNTS id=[ 320, 1487 ] end=252672 piso=2570240
COUNTS id=[ 320, 1488 ] end=121856 piso=1274880
COUNTS id=[ 320, 1489 ] end=184576 piso=1442560
COUNTS id=[ 320, 1490 ] end=100352 piso=922240
COUNTS id=[ 320, 1491 ] end=61952 piso=922240
COUNTS id=[ 320, 1492 ] end=883712 piso=7790720
COUNTS id=[ 320, 1493 ] end=110592 piso=806400
COUNTS id=[ 320, 1494 ] end=87552 piso=693760
COUNTS id=[ 320, 1495 ] end=64512 piso=2020480
COUNTS id=[ 320, 1496 ] end=85248 piso=1282560
COUNTS id=[ 320, 1497 ] end=64512 piso=2319360
COUNTS id=[ 320, 1498 ] end=692224 piso=2214400
COUNTS id=[ 320, 1499 ] end=689152 piso=1881600
COUNTS id=[ 320, 1500 ] end=461824 piso=4078080
COUNTS id=[ 320, 1501 ] end=853248 piso=7512320
COUNTS id=[ 320, 1502 ] end=945152 piso=9098240
COUNTS id=[ 320, 1503 ] end=100608 piso=1946880
COUNTS id=[ 320, 1504 ] end=159744 piso=1464320
COUNTS id=[ 320, 1505 ] end=141312 piso=1515520
COUNTS id=[ 320, 1506 ] end=218368 piso=2352640
COUNTS id=[ 320, 1507 ] end=196288 piso=1329120
COUNTS id=[ 320, 1508 ] end=42048 piso=839520
COUNTS id=[ 320, 1509 ] end=169536 piso=1028960
COUNTS id=[ 320, 1510 ] end=19136 piso=995040
COUNTS id=[ 320, 1511 ] end=7602176 piso=185466880
COUNTS id=[ 320, 1512 ] end=3158016 piso=186327040
ABELIAN_SKIPPED id=[ 320, 1513 ] reason=known_equality
COUNTS id=[ 320, 1514 ] end=6553600 piso=169738240
COUNTS id=[ 320, 1515 ] end=1966080 piso=3932160
COUNTS id=[ 320, 1516 ] end=819200 piso=1085440
CLOSEST id=[ 320, 1516 ] end=819200 piso=1085440 ratio=53/40
COUNTS id=[ 320, 1517 ] end=1392640 piso=2800640
COUNTS id=[ 320, 1518 ] end=409600 piso=711680
COUNTS id=[ 320, 1519 ] end=266240 piso=412160
COUNTS id=[ 320, 1520 ] end=829440 piso=1610240
COUNTS id=[ 320, 1521 ] end=153600 piso=586240
COUNTS id=[ 320, 1522 ] end=250880 piso=345600
COUNTS id=[ 320, 1523 ] end=6041600 piso=179118080
COUNTS id=[ 320, 1524 ] end=1228800 piso=3865600
COUNTS id=[ 320, 1525 ] end=491520 piso=1203200
COUNTS id=[ 320, 1526 ] end=716800 piso=1904640
COUNTS id=[ 320, 1527 ] end=404480 piso=965120
COUNTS id=[ 320, 1528 ] end=757760 piso=1802240
COUNTS id=[ 320, 1529 ] end=102400 piso=450560
COUNTS id=[ 320, 1530 ] end=389120 piso=619520
COUNTS id=[ 320, 1531 ] end=61440 piso=184320
COUNTS id=[ 320, 1532 ] end=2478080 piso=8130560
COUNTS id=[ 320, 1533 ] end=675840 piso=1331200
COUNTS id=[ 320, 1534 ] end=163840 piso=419840
COUNTS id=[ 320, 1535 ] end=61440 piso=245760
COUNTS id=[ 320, 1536 ] end=1044480 piso=3248640
DONE checked=255 abelian=0 hits=0 reversed=0 skipped_abelian=1 closest=[ 320, 1516 ] min_ratio=53/40 runtime_ms=361702
