{"command": ["/project/gap-4.16.1/gap", "-l", "/project/gap-4.16.1", "-q", "-b", "-T", "-m", "128m", "-o", "4g", "-c", "START_ORDER:=384;;END_ORDER:=384;;START_ID:=11777;;END_ID:=12032;;SKIP_ABELIAN:=true;;LOG_ALL:=true;;", "/project/scripts/search_19_20.g"], "source_hashes": {"scripts/search_19_20.g": "7b6a34e9163b58b0248b3c464ae8070783414cd7d14048136dd0e3547b906318", "scripts/lib_19_20.g": "fbcf2d3c4b0648cc1fa87d6e50fc923133d594c029b8430a365caf596ac7ccd5"}}
PARAMETERS start=384 end=384 start_id=11777 end_id=12032 skip_abelian=true log_all=true
ORDER_START order=384 groups=20169
COUNTS id=[ 384, 11777 ] end=730112 piso=4886400
CLOSEST id=[ 384, 11777 ] end=730112 piso=4886400 ratio=38175/5704
COUNTS id=[ 384, 11778 ] end=189440 piso=2502528
COUNTS id=[ 384, 11779 ] end=649216 piso=4706304
COUNTS id=[ 384, 11780 ] end=108544 piso=2138112
COUNTS id=[ 384, 11781 ] end=194560 piso=2203008
COUNTS id=[ 384, 11782 ] end=194560 piso=2203008
COUNTS id=[ 384, 11783 ] end=1490944 piso=9744384
CLOSEST id=[ 384, 11783 ] end=1490944 piso=9744384 ratio=183/28
COUNTS id=[ 384, 11784 ] end=659456 piso=4595712
COUNTS id=[ 384, 11785 ] end=389120 piso=2513280
CLOSEST id=[ 384, 11785 ] end=389120 piso=2513280 ratio=3927/608
COUNTS id=[ 384, 11786 ] end=389120 piso=2513280
COUNTS id=[ 384, 11787 ] end=1100800 piso=10354176
COUNTS id=[ 384, 11788 ] end=314368 piso=3743232
COUNTS id=[ 384, 11789 ] end=741376 piso=6041472
COUNTS id=[ 384, 11790 ] end=157696 piso=2459520
COUNTS id=[ 384, 11791 ] end=289792 piso=8311296
COUNTS id=[ 384, 11792 ] end=289792 piso=2966016
COUNTS id=[ 384, 11793 ] end=729088 piso=9179136
COUNTS id=[ 384, 11794 ] end=237568 piso=3551232
COUNTS id=[ 384, 11795 ] end=520192 piso=4626816
COUNTS id=[ 384, 11796 ] end=71680 piso=1837440
COUNTS id=[ 384, 11797 ] end=114688 piso=1746816
COUNTS id=[ 384, 11798 ] end=114688 piso=1746816
COUNTS id=[ 384, 11799 ] end=83200 piso=1244256
COUNTS id=[ 384, 11800 ] end=27904 piso=1139040
COUNTS id=[ 384, 11801 ] end=116992 piso=1582944
COUNTS id=[ 384, 11802 ] end=61696 piso=1104480
COUNTS id=[ 384, 11803 ] end=95488 piso=1270368
COUNTS id=[ 384, 11804 ] end=61696 piso=979296
COUNTS id=[ 384, 11805 ] end=27904 piso=1021536
COUNTS id=[ 384, 11806 ] end=61696 piso=939360
COUNTS id=[ 384, 11807 ] end=61696 piso=962016
COUNTS id=[ 384, 11808 ] end=61696 piso=963552
COUNTS id=[ 384, 11809 ] end=30976 piso=1062624
COUNTS id=[ 384, 11810 ] end=86272 piso=1257696
COUNTS id=[ 384, 11811 ] end=120064 piso=1571808
COUNTS id=[ 384, 11812 ] end=98560 piso=1356000
COUNTS id=[ 384, 11813 ] end=30976 piso=1190880
COUNTS id=[ 384, 11814 ] end=64768 piso=1140960
COUNTS id=[ 384, 11815 ] end=495616 piso=5971968
COUNTS id=[ 384, 11816 ] end=219136 piso=3998208
COUNTS id=[ 384, 11817 ] end=71680 piso=1946112
COUNTS id=[ 384, 11818 ] end=489472 piso=3920256
COUNTS id=[ 384, 11819 ] end=90112 piso=1516416
COUNTS id=[ 384, 11820 ] end=90112 piso=1516416
COUNTS id=[ 384, 11821 ] end=126976 piso=2850816
COUNTS id=[ 384, 11822 ] end=120832 piso=2414976
COUNTS id=[ 384, 11823 ] end=192512 piso=1606656
COUNTS id=[ 384, 11824 ] end=192512 piso=1606656
COUNTS id=[ 384, 11825 ] end=143360 piso=1341312
COUNTS id=[ 384, 11826 ] end=638976 piso=5111808
COUNTS id=[ 384, 11827 ] end=499712 piso=4448256
COUNTS id=[ 384, 11828 ] end=94208 piso=1994112
COUNTS id=[ 384, 11829 ] end=600064 piso=5138304
COUNTS id=[ 384, 11830 ] end=1153024 piso=13570944
COUNTS id=[ 384, 11831 ] end=120832 piso=5098368
COUNTS id=[ 384, 11832 ] end=142336 piso=2011008
COUNTS id=[ 384, 11833 ] end=143360 piso=1345920
COUNTS id=[ 384, 11834 ] end=164864 piso=1423872
COUNTS id=[ 384, 11835 ] end=479232 piso=4337664
COUNTS id=[ 384, 11836 ] end=94208 piso=1981824
COUNTS id=[ 384, 11837 ] end=615424 piso=4987392
COUNTS id=[ 384, 11838 ] end=99328 piso=2486784
COUNTS id=[ 384, 11839 ] end=172032 piso=2491392
COUNTS id=[ 384, 11840 ] end=114688 piso=1950720
COUNTS id=[ 384, 11841 ] end=96256 piso=1803264
COUNTS id=[ 384, 11842 ] end=40960 piso=872448
COUNTS id=[ 384, 11843 ] end=47104 piso=933888
COUNTS id=[ 384, 11844 ] end=163840 piso=5234688
COUNTS id=[ 384, 11845 ] end=163840 piso=5234688
COUNTS id=[ 384, 11846 ] end=126976 piso=1904640
COUNTS id=[ 384, 11847 ] end=77824 piso=5425152
COUNTS id=[ 384, 11848 ] end=77824 piso=5425152
COUNTS id=[ 384, 11849 ] end=40960 piso=2193408
COUNTS id=[ 384, 11850 ] end=56320 piso=1818624
COUNTS id=[ 384, 11851 ] end=56320 piso=1314816
COUNTS id=[ 384, 11852 ] end=319488 piso=1463808
CLOSEST id=[ 384, 11852 ] end=319488 piso=1463808 ratio=953/208
COUNTS id=[ 384, 11853 ] end=182272 piso=1046016
COUNTS id=[ 384, 11854 ] end=163840 piso=984576
COUNTS id=[ 384, 11855 ] end=80896 piso=678912
COUNTS id=[ 384, 11856 ] end=80896 piso=599040
COUNTS id=[ 384, 11857 ] end=1064960 piso=10309632
COUNTS id=[ 384, 11858 ] end=925696 piso=9990144
COUNTS id=[ 384, 11859 ] end=157696 piso=996864
COUNTS id=[ 384, 11860 ] end=520192 piso=2217984
CLOSEST id=[ 384, 11860 ] end=520192 piso=2217984 ratio=1083/254
COUNTS id=[ 384, 11861 ] end=151552 piso=941568
COUNTS id=[ 384, 11862 ] end=1105920 piso=6276096
COUNTS id=[ 384, 11863 ] end=882688 piso=5698560
COUNTS id=[ 384, 11864 ] end=950272 piso=6079488
COUNTS id=[ 384, 11865 ] end=145408 piso=1357824
COUNTS id=[ 384, 11866 ] end=139264 piso=1296384
COUNTS id=[ 384, 11867 ] end=301056 piso=1331712
COUNTS id=[ 384, 11868 ] end=163840 piso=1018368
COUNTS id=[ 384, 11869 ] end=145408 piso=1046016
COUNTS id=[ 384, 11870 ] end=169984 piso=1199616
COUNTS id=[ 384, 11871 ] end=80896 piso=592896
COUNTS id=[ 384, 11872 ] end=80896 piso=645120
COUNTS id=[ 384, 11873 ] end=710656 piso=8174592
COUNTS id=[ 384, 11874 ] end=569344 piso=6177792
COUNTS id=[ 384, 11875 ] end=90112 piso=1448448
COUNTS id=[ 384, 11876 ] end=547840 piso=6534144
PROGRESS checked=100 hits=0 reversed=0 runtime_ms=295162
COUNTS id=[ 384, 11877 ] end=169984 piso=2351616
COUNTS id=[ 384, 11878 ] end=65536 piso=1651200
COUNTS id=[ 384, 11879 ] end=1589248 piso=24797184
COUNTS id=[ 384, 11880 ] end=212992 piso=3631104
COUNTS id=[ 384, 11881 ] end=1429504 piso=20563968
COUNTS id=[ 384, 11882 ] end=126976 piso=2088960
COUNTS id=[ 384, 11883 ] end=547840 piso=4964352
COUNTS id=[ 384, 11884 ] end=142336 piso=1898496
COUNTS id=[ 384, 11885 ] end=182272 piso=2853888
COUNTS id=[ 384, 11886 ] end=114688 piso=3240960
COUNTS id=[ 384, 11887 ] end=56320 piso=2221056
COUNTS id=[ 384, 11888 ] end=237568 piso=5480448
COUNTS id=[ 384, 11889 ] end=225280 piso=6162432
COUNTS id=[ 384, 11890 ] end=102400 piso=1864704
COUNTS id=[ 384, 11891 ] end=96256 piso=1803264
COUNTS id=[ 384, 11892 ] end=40960 piso=872448
COUNTS id=[ 384, 11893 ] end=47104 piso=933888
COUNTS id=[ 384, 11894 ] end=126976 piso=2340864
COUNTS id=[ 384, 11895 ] end=126976 piso=1873920
COUNTS id=[ 384, 11896 ] end=40960 piso=2260992
COUNTS id=[ 384, 11897 ] end=40960 piso=2162688
COUNTS id=[ 384, 11898 ] end=74752 piso=4024320
COUNTS id=[ 384, 11899 ] end=74752 piso=4024320
COUNTS id=[ 384, 11900 ] end=56320 piso=1284096
COUNTS id=[ 384, 11901 ] end=80896 piso=678912
COUNTS id=[ 384, 11902 ] end=80896 piso=599040
COUNTS id=[ 384, 11903 ] end=157696 piso=1089024
COUNTS id=[ 384, 11904 ] end=163840 piso=1101312
COUNTS id=[ 384, 11905 ] end=188416 piso=1199616
COUNTS id=[ 384, 11906 ] end=958464 piso=10309632
COUNTS id=[ 384, 11907 ] end=913408 piso=9990144
COUNTS id=[ 384, 11908 ] end=157696 piso=996864
COUNTS id=[ 384, 11909 ] end=520192 piso=2217984
COUNTS id=[ 384, 11910 ] end=151552 piso=941568
COUNTS id=[ 384, 11911 ] end=888832 piso=5760000
COUNTS id=[ 384, 11912 ] end=882688 piso=5698560
COUNTS id=[ 384, 11913 ] end=145408 piso=1357824
COUNTS id=[ 384, 11914 ] end=139264 piso=1296384
COUNTS id=[ 384, 11915 ] end=145408 piso=956928
COUNTS id=[ 384, 11916 ] end=139264 piso=1009152
COUNTS id=[ 384, 11917 ] end=80896 piso=645120
COUNTS id=[ 384, 11918 ] end=80896 piso=592896
COUNTS id=[ 384, 11919 ] end=636928 piso=8174592
COUNTS id=[ 384, 11920 ] end=532480 piso=6177792
COUNTS id=[ 384, 11921 ] end=90112 piso=1448448
COUNTS id=[ 384, 11922 ] end=547840 piso=6534144
COUNTS id=[ 384, 11923 ] end=169984 piso=2351616
COUNTS id=[ 384, 11924 ] end=65536 piso=1651200
COUNTS id=[ 384, 11925 ] end=618496 piso=6334464
COUNTS id=[ 384, 11926 ] end=212992 piso=3600384
COUNTS id=[ 384, 11927 ] end=532480 piso=5074944
COUNTS id=[ 384, 11928 ] end=126976 piso=2058240
COUNTS id=[ 384, 11929 ] end=1352704 piso=21092352
COUNTS id=[ 384, 11930 ] end=142336 piso=1867776
COUNTS id=[ 384, 11931 ] end=145408 piso=2853888
COUNTS id=[ 384, 11932 ] end=40960 piso=3240960
COUNTS id=[ 384, 11933 ] end=56320 piso=2221056
COUNTS id=[ 384, 11934 ] end=74752 piso=4331520
COUNTS id=[ 384, 11935 ] end=46080 piso=832512
COUNTS id=[ 384, 11936 ] end=55296 piso=921600
COUNTS id=[ 384, 11937 ] end=55296 piso=921600
COUNTS id=[ 384, 11938 ] end=99328 piso=1513344
COUNTS id=[ 384, 11939 ] end=13312 piso=1673088
COUNTS id=[ 384, 11940 ] end=47104 piso=1438080
COUNTS id=[ 384, 11941 ] end=47104 piso=1438080
COUNTS id=[ 384, 11942 ] end=95232 piso=655872
COUNTS id=[ 384, 11943 ] end=95232 piso=606720
COUNTS id=[ 384, 11944 ] end=95232 piso=655872
COUNTS id=[ 384, 11945 ] end=95232 piso=606720
COUNTS id=[ 384, 11946 ] end=585728 piso=2531328
COUNTS id=[ 384, 11947 ] end=563200 piso=2469888
COUNTS id=[ 384, 11948 ] end=169984 piso=1138176
COUNTS id=[ 384, 11949 ] end=169984 piso=1138176
COUNTS id=[ 384, 11950 ] end=541696 piso=2270208
CLOSEST id=[ 384, 11950 ] end=541696 piso=2270208 ratio=2217/529
COUNTS id=[ 384, 11951 ] end=160768 piso=1049088
COUNTS id=[ 384, 11952 ] end=485376 piso=2225664
COUNTS id=[ 384, 11953 ] end=491520 piso=2379264
COUNTS id=[ 384, 11954 ] end=491520 piso=2280960
COUNTS id=[ 384, 11955 ] end=95232 piso=643584
COUNTS id=[ 384, 11956 ] end=95232 piso=603648
COUNTS id=[ 384, 11957 ] end=95232 piso=643584
COUNTS id=[ 384, 11958 ] end=95232 piso=603648
COUNTS id=[ 384, 11959 ] end=538624 piso=4230528
COUNTS id=[ 384, 11960 ] end=142336 piso=1920384
COUNTS id=[ 384, 11961 ] end=56320 piso=1435008
COUNTS id=[ 384, 11962 ] end=600064 piso=5347200
COUNTS id=[ 384, 11963 ] end=514048 piso=3854208
COUNTS id=[ 384, 11964 ] end=90112 piso=1488768
COUNTS id=[ 384, 11965 ] end=90112 piso=1488768
COUNTS id=[ 384, 11966 ] end=689152 piso=6850944
COUNTS id=[ 384, 11967 ] end=603136 piso=4761984
COUNTS id=[ 384, 11968 ] end=627712 piso=5236608
COUNTS id=[ 384, 11969 ] end=80896 piso=2281344
COUNTS id=[ 384, 11970 ] end=47104 piso=2147712
COUNTS id=[ 384, 11971 ] end=108544 piso=2140032
COUNTS id=[ 384, 11972 ] end=22528 piso=2502528
COUNTS id=[ 384, 11973 ] end=142336 piso=2451840
COUNTS id=[ 384, 11974 ] end=56320 piso=2414976
COUNTS id=[ 384, 11975 ] end=278528 piso=1474560
COUNTS id=[ 384, 11976 ] end=74752 piso=595968
PROGRESS checked=200 hits=0 reversed=0 runtime_ms=527814
COUNTS id=[ 384, 11977 ] end=80896 piso=612864
COUNTS id=[ 384, 11978 ] end=74752 piso=602112
COUNTS id=[ 384, 11979 ] end=80896 piso=600576
COUNTS id=[ 384, 11980 ] end=163840 piso=1185792
COUNTS id=[ 384, 11981 ] end=253952 piso=1334784
COUNTS id=[ 384, 11982 ] end=139264 piso=1085952
COUNTS id=[ 384, 11983 ] end=74752 piso=588288
COUNTS id=[ 384, 11984 ] end=80896 piso=599040
COUNTS id=[ 384, 11985 ] end=74752 piso=582144
COUNTS id=[ 384, 11986 ] end=80896 piso=602112
COUNTS id=[ 384, 11987 ] end=186624 piso=3125472
COUNTS id=[ 384, 11988 ] end=97536 piso=2167776
COUNTS id=[ 384, 11989 ] end=26880 piso=1442016
COUNTS id=[ 384, 11990 ] end=54528 piso=1212384
COUNTS id=[ 384, 11991 ] end=63744 piso=2320608
COUNTS id=[ 384, 11992 ] end=100608 piso=1577184
COUNTS id=[ 384, 11993 ] end=63744 piso=1384416
COUNTS id=[ 384, 11994 ] end=119040 piso=1864416
COUNTS id=[ 384, 11995 ] end=45312 piso=1726176
COUNTS id=[ 384, 11996 ] end=1810432 piso=10097664
COUNTS id=[ 384, 11997 ] end=515072 piso=3337728
COUNTS id=[ 384, 11998 ] end=217088 piso=1620480
COUNTS id=[ 384, 11999 ] end=502784 piso=2505216
COUNTS id=[ 384, 12000 ] end=1114112 piso=6690816
COUNTS id=[ 384, 12001 ] end=192512 piso=1555968
COUNTS id=[ 384, 12002 ] end=1046528 piso=5896704
COUNTS id=[ 384, 12003 ] end=888832 piso=5475840
COUNTS id=[ 384, 12004 ] end=467968 piso=1990656
COUNTS id=[ 384, 12005 ] end=471040 piso=2085888
COUNTS id=[ 384, 12006 ] end=139264 piso=1195008
COUNTS id=[ 384, 12007 ] end=133120 piso=1130496
COUNTS id=[ 384, 12008 ] end=2912000 piso=49194720
COUNTS id=[ 384, 12009 ] end=1102592 piso=12826848
COUNTS id=[ 384, 12010 ] end=1460480 piso=15630816
COUNTS id=[ 384, 12011 ] end=609536 piso=5525472
COUNTS id=[ 384, 12012 ] end=171776 piso=3202272
COUNTS id=[ 384, 12013 ] end=222464 piso=3359712
COUNTS id=[ 384, 12014 ] end=1142016 piso=13664736
COUNTS id=[ 384, 12015 ] end=1068288 piso=12283104
COUNTS id=[ 384, 12016 ] end=521472 piso=3652320
COUNTS id=[ 384, 12017 ] end=558336 piso=4296672
COUNTS id=[ 384, 12018 ] end=72960 piso=1504992
COUNTS id=[ 384, 12019 ] end=109824 piso=1690080
COUNTS id=[ 384, 12020 ] end=134912 piso=4440288
COUNTS id=[ 384, 12021 ] end=654080 piso=12410592
COUNTS id=[ 384, 12022 ] end=310016 piso=4941024
COUNTS id=[ 384, 12023 ] end=100608 piso=3865824
COUNTS id=[ 384, 12024 ] end=82176 piso=4006368
COUNTS id=[ 384, 12025 ] end=59136 piso=1688544
COUNTS id=[ 384, 12026 ] end=96000 piso=1818336
COUNTS id=[ 384, 12027 ] end=128256 piso=1802208
COUNTS id=[ 384, 12028 ] end=165120 piso=2314464
COUNTS id=[ 384, 12029 ] end=158720 piso=1072128
COUNTS id=[ 384, 12030 ] end=74752 piso=632832
COUNTS id=[ 384, 12031 ] end=74752 piso=568320
COUNTS id=[ 384, 12032 ] end=77824 piso=572928
DONE checked=256 abelian=0 hits=0 reversed=0 skipped_abelian=0 closest=[ 384, 11950 ] min_ratio=2217/529 runtime_ms=663557
