{"command": ["/project/gap-4.16.1/gap", "-l", "/project/gap-4.16.1", "-q", "-b", "-T", "-m", "128m", "-o", "4g", "-c", "START_ORDER:=384;;END_ORDER:=384;;START_ID:=12545;;END_ID:=12800;;SKIP_ABELIAN:=true;;LOG_ALL:=true;;", "/project/scripts/search_19_20.g"], "source_hashes": {"scripts/search_19_20.g": "7b6a34e9163b58b0248b3c464ae8070783414cd7d14048136dd0e3547b906318", "scripts/lib_19_20.g": "fbcf2d3c4b0648cc1fa87d6e50fc923133d594c029b8430a365caf596ac7ccd5"}}
PARAMETERS start=384 end=384 start_id=12545 end_id=12800 skip_abelian=true log_all=true
ORDER_START order=384 groups=20169
COUNTS id=[ 384, 12545 ] end=206080 piso=2962656
CLOSEST id=[ 384, 12545 ] end=206080 piso=2962656 ratio=92583/6440
COUNTS id=[ 384, 12546 ] end=80128 piso=3116256
COUNTS id=[ 384, 12547 ] end=120064 piso=1595616
CLOSEST id=[ 384, 12547 ] end=120064 piso=1595616 ratio=49863/3752
COUNTS id=[ 384, 12548 ] end=49408 piso=1832928
COUNTS id=[ 384, 12549 ] end=129280 piso=3253728
COUNTS id=[ 384, 12550 ] end=70912 piso=1346016
COUNTS id=[ 384, 12551 ] end=275200 piso=3594720
CLOSEST id=[ 384, 12551 ] end=275200 piso=3594720 ratio=22467/1720
COUNTS id=[ 384, 12552 ] end=92416 piso=2415840
COUNTS id=[ 384, 12553 ] end=249088 piso=3432672
COUNTS id=[ 384, 12554 ] end=64768 piso=1634784
COUNTS id=[ 384, 12555 ] end=100096 piso=2002656
COUNTS id=[ 384, 12556 ] end=175360 piso=2514912
COUNTS id=[ 384, 12557 ] end=49408 piso=2376672
COUNTS id=[ 384, 12558 ] end=89344 piso=1427424
COUNTS id=[ 384, 12559 ] end=18688 piso=2630880
COUNTS id=[ 384, 12560 ] end=98560 piso=2199264
COUNTS id=[ 384, 12561 ] end=40192 piso=1489632
COUNTS id=[ 384, 12562 ] end=66304 piso=3180000
COUNTS id=[ 384, 12563 ] end=47872 piso=2500320
COUNTS id=[ 384, 12564 ] end=252928 piso=7082496
COUNTS id=[ 384, 12565 ] end=162816 piso=6279168
COUNTS id=[ 384, 12566 ] end=236544 piso=7082496
COUNTS id=[ 384, 12567 ] end=162816 piso=6279168
COUNTS id=[ 384, 12568 ] end=153600 piso=2507904
COUNTS id=[ 384, 12569 ] end=193536 piso=2898048
COUNTS id=[ 384, 12570 ] end=799744 piso=13931520
COUNTS id=[ 384, 12571 ] end=162816 piso=3116544
COUNTS id=[ 384, 12572 ] end=205824 piso=3704832
COUNTS id=[ 384, 12573 ] end=709632 piso=11450880
COUNTS id=[ 384, 12574 ] end=242688 piso=3294336
COUNTS id=[ 384, 12575 ] end=202752 piso=2501760
CLOSEST id=[ 384, 12575 ] end=202752 piso=2501760 ratio=6515/528
COUNTS id=[ 384, 12576 ] end=8839168 piso=1293007872
COUNTS id=[ 384, 12577 ] end=603136 piso=20491776
COUNTS id=[ 384, 12578 ] end=7994368 piso=1209067008
COUNTS id=[ 384, 12579 ] end=1196032 piso=27313152
COUNTS id=[ 384, 12580 ] end=2025472 piso=39129216
COUNTS id=[ 384, 12581 ] end=1521664 piso=25681536
COUNTS id=[ 384, 12582 ] end=925696 piso=13748736
COUNTS id=[ 384, 12583 ] end=427008 piso=5256192
CLOSEST id=[ 384, 12583 ] end=427008 piso=5256192 ratio=1711/139
COUNTS id=[ 384, 12584 ] end=909312 piso=13733376
COUNTS id=[ 384, 12585 ] end=427008 piso=5240832
CLOSEST id=[ 384, 12585 ] end=427008 piso=5240832 ratio=1706/139
COUNTS id=[ 384, 12586 ] end=202752 piso=2850432
COUNTS id=[ 384, 12587 ] end=632832 piso=7407744
CLOSEST id=[ 384, 12587 ] end=632832 piso=7407744 ratio=19291/1648
COUNTS id=[ 384, 12588 ] end=1184000 piso=16560864
COUNTS id=[ 384, 12589 ] end=251648 piso=3494112
COUNTS id=[ 384, 12590 ] end=666880 piso=7673952
CLOSEST id=[ 384, 12590 ] end=666880 piso=7673952 ratio=239811/20840
COUNTS id=[ 384, 12591 ] end=186624 piso=2324064
COUNTS id=[ 384, 12592 ] end=201984 piso=2804448
COUNTS id=[ 384, 12593 ] end=638208 piso=7352544
COUNTS id=[ 384, 12594 ] end=638208 piso=7304160
CLOSEST id=[ 384, 12594 ] end=638208 piso=7304160 ratio=76085/6648
COUNTS id=[ 384, 12595 ] end=186624 piso=2262240
COUNTS id=[ 384, 12596 ] end=186624 piso=2255712
COUNTS id=[ 384, 12597 ] end=641280 piso=7349856
COUNTS id=[ 384, 12598 ] end=1196288 piso=16607712
COUNTS id=[ 384, 12599 ] end=644864 piso=6607968
CLOSEST id=[ 384, 12599 ] end=644864 piso=6607968 ratio=206499/20152
COUNTS id=[ 384, 12600 ] end=1936128 piso=33845088
COUNTS id=[ 384, 12601 ] end=746240 piso=8344800
COUNTS id=[ 384, 12602 ] end=803072 piso=9483360
COUNTS id=[ 384, 12603 ] end=216320 piso=3560544
COUNTS id=[ 384, 12604 ] end=113664 piso=2400768
COUNTS id=[ 384, 12605 ] end=31744 piso=2064384
COUNTS id=[ 384, 12606 ] end=105472 piso=2400768
COUNTS id=[ 384, 12607 ] end=31744 piso=2064384
COUNTS id=[ 384, 12608 ] end=22528 piso=1816704
COUNTS id=[ 384, 12609 ] end=62464 piso=1782912
COUNTS id=[ 384, 12610 ] end=107520 piso=3523584
COUNTS id=[ 384, 12611 ] end=37888 piso=2873856
COUNTS id=[ 384, 12612 ] end=93184 piso=1552512
COUNTS id=[ 384, 12613 ] end=1064960 piso=118496256
COUNTS id=[ 384, 12614 ] end=934912 piso=25271808
COUNTS id=[ 384, 12615 ] end=326656 piso=112903680
COUNTS id=[ 384, 12616 ] end=1540096 piso=36123648
COUNTS id=[ 384, 12617 ] end=649216 piso=20337792
COUNTS id=[ 384, 12618 ] end=145408 piso=18201216
COUNTS id=[ 384, 12619 ] end=724992 piso=8133120
COUNTS id=[ 384, 12620 ] end=246784 piso=2823168
COUNTS id=[ 384, 12621 ] end=716800 piso=8117760
COUNTS id=[ 384, 12622 ] end=246784 piso=2807808
COUNTS id=[ 384, 12623 ] end=483328 piso=3951744
CLOSEST id=[ 384, 12623 ] end=483328 piso=3951744 ratio=30873/3776
COUNTS id=[ 384, 12624 ] end=59392 piso=1477248
COUNTS id=[ 384, 12625 ] end=63744 piso=2390880
COUNTS id=[ 384, 12626 ] end=78592 piso=1360224
COUNTS id=[ 384, 12627 ] end=93952 piso=1803744
COUNTS id=[ 384, 12628 ] end=40192 piso=1809888
COUNTS id=[ 384, 12629 ] end=40192 piso=1783008
COUNTS id=[ 384, 12630 ] end=78592 piso=1396704
COUNTS id=[ 384, 12631 ] end=78592 piso=1313376
COUNTS id=[ 384, 12632 ] end=43264 piso=1986912
COUNTS id=[ 384, 12633 ] end=474112 piso=4161024
COUNTS id=[ 384, 12634 ] end=517120 piso=5154816
COUNTS id=[ 384, 12635 ] end=53248 piso=1417344
COUNTS id=[ 384, 12636 ] end=1086208 piso=13149408
COUNTS id=[ 384, 12637 ] end=496384 piso=4657632
COUNTS id=[ 384, 12638 ] end=531712 piso=4406112
COUNTS id=[ 384, 12639 ] end=1138944 piso=13281888
COUNTS id=[ 384, 12640 ] end=58624 piso=4252128
COUNTS id=[ 384, 12641 ] end=141568 piso=2494944
COUNTS id=[ 384, 12642 ] end=115456 piso=2764128
COUNTS id=[ 384, 12643 ] end=103168 piso=3012960
COUNTS id=[ 384, 12644 ] end=34816 piso=1572864
PROGRESS checked=100 hits=0 reversed=0 runtime_ms=295851
COUNTS id=[ 384, 12645 ] end=105472 piso=1992192
COUNTS id=[ 384, 12646 ] end=34816 piso=1572864
COUNTS id=[ 384, 12647 ] end=105472 piso=1992192
COUNTS id=[ 384, 12648 ] end=71680 piso=1612416
COUNTS id=[ 384, 12649 ] end=71680 piso=1612416
COUNTS id=[ 384, 12650 ] end=34816 piso=1449600
COUNTS id=[ 384, 12651 ] end=34816 piso=1449600
COUNTS id=[ 384, 12652 ] end=114688 piso=2429952
COUNTS id=[ 384, 12653 ] end=71680 piso=1353216
COUNTS id=[ 384, 12654 ] end=114688 piso=2408448
COUNTS id=[ 384, 12655 ] end=71680 piso=1331712
COUNTS id=[ 384, 12656 ] end=31744 piso=2010240
COUNTS id=[ 384, 12657 ] end=1544192 piso=31030272
COUNTS id=[ 384, 12658 ] end=916480 piso=20003328
COUNTS id=[ 384, 12659 ] end=910336 piso=19929600
COUNTS id=[ 384, 12660 ] end=1521664 piso=30514176
COUNTS id=[ 384, 12661 ] end=2360320 piso=50025600
COUNTS id=[ 384, 12662 ] end=621568 piso=20979840
COUNTS id=[ 384, 12663 ] end=1856512 piso=33284736
COUNTS id=[ 384, 12664 ] end=117760 piso=19267200
COUNTS id=[ 384, 12665 ] end=719872 piso=8022528
COUNTS id=[ 384, 12666 ] end=256000 piso=2552832
COUNTS id=[ 384, 12667 ] end=719872 piso=8007168
COUNTS id=[ 384, 12668 ] end=256000 piso=2537472
COUNTS id=[ 384, 12669 ] end=495616 piso=4340352
COUNTS id=[ 384, 12670 ] end=495616 piso=4340352
COUNTS id=[ 384, 12671 ] end=77824 piso=1942656
COUNTS id=[ 384, 12672 ] end=77824 piso=1942656
COUNTS id=[ 384, 12673 ] end=63232 piso=2368224
COUNTS id=[ 384, 12674 ] end=116992 piso=2554848
COUNTS id=[ 384, 12675 ] end=507136 piso=4416864
COUNTS id=[ 384, 12676 ] end=66304 piso=3273312
COUNTS id=[ 384, 12677 ] end=960256 piso=11135328
COUNTS id=[ 384, 12678 ] end=473344 piso=3640416
CLOSEST id=[ 384, 12678 ] end=473344 piso=3640416 ratio=113763/14792
COUNTS id=[ 384, 12679 ] end=54016 piso=1506144
COUNTS id=[ 384, 12680 ] end=64768 piso=1350240
COUNTS id=[ 384, 12681 ] end=101632 piso=1781088
COUNTS id=[ 384, 12682 ] end=488704 piso=4001760
COUNTS id=[ 384, 12683 ] end=61696 piso=1356768
COUNTS id=[ 384, 12684 ] end=61696 piso=1409760
COUNTS id=[ 384, 12685 ] end=69376 piso=1962720
COUNTS id=[ 384, 12686 ] end=98560 piso=1749216
COUNTS id=[ 384, 12687 ] end=98560 piso=1762272
COUNTS id=[ 384, 12688 ] end=473344 piso=3636192
CLOSEST id=[ 384, 12688 ] end=473344 piso=3636192 ratio=113631/14792
COUNTS id=[ 384, 12689 ] end=54016 piso=1670880
COUNTS id=[ 384, 12690 ] end=473344 piso=3673440
COUNTS id=[ 384, 12691 ] end=54016 piso=1499232
COUNTS id=[ 384, 12692 ] end=80128 piso=2075232
COUNTS id=[ 384, 12693 ] end=116992 piso=2248032
COUNTS id=[ 384, 12694 ] end=532480 piso=5208192
COUNTS id=[ 384, 12695 ] end=492544 piso=4077696
COUNTS id=[ 384, 12696 ] end=1499392 piso=24107232
COUNTS id=[ 384, 12697 ] end=1055488 piso=12609504
COUNTS id=[ 384, 12698 ] end=507136 piso=4139232
COUNTS id=[ 384, 12699 ] end=560896 piso=5024736
COUNTS id=[ 384, 12700 ] end=1064704 piso=12334944
COUNTS id=[ 384, 12701 ] end=1118464 piso=14283360
COUNTS id=[ 384, 12702 ] end=513280 piso=4522080
COUNTS id=[ 384, 12703 ] end=71680 piso=1813632
COUNTS id=[ 384, 12704 ] end=560896 piso=5003232
COUNTS id=[ 384, 12705 ] end=116992 piso=2464992
COUNTS id=[ 384, 12706 ] end=132352 piso=2540640
COUNTS id=[ 384, 12707 ] end=192256 piso=3765600
COUNTS id=[ 384, 12708 ] end=167936 piso=5816832
COUNTS id=[ 384, 12709 ] end=184320 piso=6014976
COUNTS id=[ 384, 12710 ] end=159744 piso=5816832
COUNTS id=[ 384, 12711 ] end=184320 piso=6014976
COUNTS id=[ 384, 12712 ] end=175104 piso=2342016
COUNTS id=[ 384, 12713 ] end=147456 piso=2225280
COUNTS id=[ 384, 12714 ] end=733184 piso=11418624
COUNTS id=[ 384, 12715 ] end=184320 piso=2876928
COUNTS id=[ 384, 12716 ] end=159744 piso=3158016
COUNTS id=[ 384, 12717 ] end=731136 piso=11960832
COUNTS id=[ 384, 12718 ] end=196608 piso=2271360
COUNTS id=[ 384, 12719 ] end=224256 piso=2532480
COUNTS id=[ 384, 12720 ] end=8093696 piso=1208927232
COUNTS id=[ 384, 12721 ] end=618496 piso=20215296
COUNTS id=[ 384, 12722 ] end=8022016 piso=1210977792
COUNTS id=[ 384, 12723 ] end=557056 piso=20413440
COUNTS id=[ 384, 12724 ] end=1497088 piso=24623232
COUNTS id=[ 384, 12725 ] end=1549312 piso=26185344
COUNTS id=[ 384, 12726 ] end=425984 piso=5448192
COUNTS id=[ 384, 12727 ] end=448512 piso=5440512
COUNTS id=[ 384, 12728 ] end=417792 piso=5432832
COUNTS id=[ 384, 12729 ] end=448512 piso=5425152
COUNTS id=[ 384, 12730 ] end=224256 piso=2973312
COUNTS id=[ 384, 12731 ] end=190464 piso=2603136
COUNTS id=[ 384, 12732 ] end=764672 piso=8376288
COUNTS id=[ 384, 12733 ] end=222464 piso=2895840
COUNTS id=[ 384, 12734 ] end=634112 piso=6897504
COUNTS id=[ 384, 12735 ] end=174336 piso=1937760
COUNTS id=[ 384, 12736 ] end=625920 piso=6725088
COUNTS id=[ 384, 12737 ] end=625920 piso=6684384
COUNTS id=[ 384, 12738 ] end=174336 piso=1863648
COUNTS id=[ 384, 12739 ] end=174336 piso=2080224
COUNTS id=[ 384, 12740 ] end=174336 piso=1870944
COUNTS id=[ 384, 12741 ] end=628992 piso=6720864
COUNTS id=[ 384, 12742 ] end=1208576 piso=17449440
COUNTS id=[ 384, 12743 ] end=773888 piso=8190816
COUNTS id=[ 384, 12744 ] end=675584 piso=7424352
PROGRESS checked=200 hits=0 reversed=0 runtime_ms=539707
COUNTS id=[ 384, 12745 ] end=193280 piso=4166880
COUNTS id=[ 384, 12746 ] end=222464 piso=2988384
COUNTS id=[ 384, 12747 ] end=823552 piso=9435744
COUNTS id=[ 384, 12748 ] end=45056 piso=2585088
COUNTS id=[ 384, 12749 ] end=53248 piso=2045952
COUNTS id=[ 384, 12750 ] end=28672 piso=2585088
COUNTS id=[ 384, 12751 ] end=53248 piso=2045952
COUNTS id=[ 384, 12752 ] end=44032 piso=1792128
COUNTS id=[ 384, 12753 ] end=16384 piso=2074752
COUNTS id=[ 384, 12754 ] end=81920 piso=3812352
COUNTS id=[ 384, 12755 ] end=59392 piso=2695680
COUNTS id=[ 384, 12756 ] end=47104 piso=1444992
COUNTS id=[ 384, 12757 ] end=532480 piso=124609536
COUNTS id=[ 384, 12758 ] end=974848 piso=26641920
COUNTS id=[ 384, 12759 ] end=354304 piso=112700928
COUNTS id=[ 384, 12760 ] end=901120 piso=25168896
COUNTS id=[ 384, 12761 ] end=120832 piso=20460672
COUNTS id=[ 384, 12762 ] end=173056 piso=18539136
COUNTS id=[ 384, 12763 ] end=266240 piso=4182528
COUNTS id=[ 384, 12764 ] end=268288 piso=2958336
COUNTS id=[ 384, 12765 ] end=249856 piso=4167168
COUNTS id=[ 384, 12766 ] end=268288 piso=2942976
COUNTS id=[ 384, 12767 ] end=80896 piso=1581696
COUNTS id=[ 384, 12768 ] end=53248 piso=2102400
COUNTS id=[ 384, 12769 ] end=41216 piso=2288736
COUNTS id=[ 384, 12770 ] end=66304 piso=1230432
COUNTS id=[ 384, 12771 ] end=27904 piso=1835232
COUNTS id=[ 384, 12772 ] end=27904 piso=1812960
COUNTS id=[ 384, 12773 ] end=66304 piso=1257696
COUNTS id=[ 384, 12774 ] end=66304 piso=1403616
COUNTS id=[ 384, 12775 ] end=66304 piso=1188192
COUNTS id=[ 384, 12776 ] end=30976 piso=2035296
COUNTS id=[ 384, 12777 ] end=495616 piso=4486656
COUNTS id=[ 384, 12778 ] end=471040 piso=4190208
COUNTS id=[ 384, 12779 ] end=74752 piso=1417344
COUNTS id=[ 384, 12780 ] end=520960 piso=5168352
COUNTS id=[ 384, 12781 ] end=112384 piso=2183904
COUNTS id=[ 384, 12782 ] end=86272 piso=2704992
COUNTS id=[ 384, 12783 ] end=568576 piso=5391456
COUNTS id=[ 384, 12784 ] end=83200 piso=4030944
COUNTS id=[ 384, 12785 ] end=77056 piso=3896544
COUNTS id=[ 384, 12786 ] end=115456 piso=2606688
COUNTS id=[ 384, 12787 ] end=245504 piso=7714656
COUNTS id=[ 384, 12788 ] end=56320 piso=1462272
COUNTS id=[ 384, 12789 ] end=28672 piso=1592832
COUNTS id=[ 384, 12790 ] end=56320 piso=1462272
COUNTS id=[ 384, 12791 ] end=28672 piso=1592832
COUNTS id=[ 384, 12792 ] end=25600 piso=1360512
COUNTS id=[ 384, 12793 ] end=25600 piso=1360512
COUNTS id=[ 384, 12794 ] end=56320 piso=1329792
COUNTS id=[ 384, 12795 ] end=56320 piso=1329792
COUNTS id=[ 384, 12796 ] end=68608 piso=1453056
COUNTS id=[ 384, 12797 ] end=93184 piso=1396224
COUNTS id=[ 384, 12798 ] end=68608 piso=1431552
COUNTS id=[ 384, 12799 ] end=93184 piso=1374720
COUNTS id=[ 384, 12800 ] end=53248 piso=1758336
DONE checked=256 abelian=0 hits=0 reversed=0 skipped_abelian=0 closest=[ 384, 12688 ] min_ratio=113631/14792 runtime_ms=668666
