PARAMETERS start=256 end=256 start_id=52591 end_id=56092 skip_abelian=true log_all=true
ORDER_START order=256 groups=56092
COUNTS id=[ 256, 52591 ] end=34603008 piso=50762752
CLOSEST id=[ 256, 52591 ] end=34603008 piso=50762752 ratio=49573/33792
COUNTS id=[ 256, 52592 ] end=2097152 piso=10966016
COUNTS id=[ 256, 52593 ] end=34603008 piso=49537536
CLOSEST id=[ 256, 52593 ] end=34603008 piso=49537536 ratio=32251/22528
COUNTS id=[ 256, 52594 ] end=4128768 piso=14623232
COUNTS id=[ 256, 52595 ] end=2097152 piso=11448832
COUNTS id=[ 256, 52596 ] end=2097152 piso=10306048
COUNTS id=[ 256, 52597 ] end=3112960 piso=10845696
COUNTS id=[ 256, 52598 ] end=3112960 piso=12144128
COUNTS id=[ 256, 52599 ] end=36077568 piso=56757760
COUNTS id=[ 256, 52600 ] end=1671168 piso=11750912
COUNTS id=[ 256, 52601 ] end=35618816 piso=53842944
COUNTS id=[ 256, 52602 ] end=3112960 piso=12538880
COUNTS id=[ 256, 52603 ] end=3112960 piso=12745728
COUNTS id=[ 256, 52604 ] end=1081344 piso=10980352
COUNTS id=[ 256, 52605 ] end=5144576 piso=19558912
COUNTS id=[ 256, 52606 ] end=3112960 piso=12909056
COUNTS id=[ 256, 52607 ] end=3112960 piso=13207552
COUNTS id=[ 256, 52608 ] end=5767168 piso=20160512
COUNTS id=[ 256, 52609 ] end=36241408 piso=59072512
COUNTS id=[ 256, 52610 ] end=3112960 piso=13330432
COUNTS id=[ 256, 52611 ] end=68157440 piso=212916736
COUNTS id=[ 256, 52612 ] end=35651584 piso=98036224
COUNTS id=[ 256, 52613 ] end=35618816 piso=56804864
COUNTS id=[ 256, 52614 ] end=3112960 piso=15754752
COUNTS id=[ 256, 52615 ] end=4161536 piso=13558272
COUNTS id=[ 256, 52616 ] end=7766016 piso=29172224
COUNTS id=[ 256, 52617 ] end=3375104 piso=15749632
COUNTS id=[ 256, 52618 ] end=4161536 piso=15249920
COUNTS id=[ 256, 52619 ] end=2195456 piso=13750784
COUNTS id=[ 256, 52620 ] end=6258688 piso=24142336
COUNTS id=[ 256, 52621 ] end=6193152 piso=21582336
COUNTS id=[ 256, 52622 ] end=4161536 piso=15766016
COUNTS id=[ 256, 52623 ] end=35618816 piso=56640512
COUNTS id=[ 256, 52624 ] end=35618816 piso=56648704
COUNTS id=[ 256, 52625 ] end=68157440 piso=172302336
COUNTS id=[ 256, 52626 ] end=3145728 piso=28692480
COUNTS id=[ 256, 52627 ] end=2195456 piso=12857344
COUNTS id=[ 256, 52628 ] end=6258688 piso=21532672
COUNTS id=[ 256, 52629 ] end=7766016 piso=31485952
COUNTS id=[ 256, 52630 ] end=3178496 piso=17420288
COUNTS id=[ 256, 52631 ] end=4161536 piso=14575616
COUNTS id=[ 256, 52632 ] end=4161536 piso=14374912
COUNTS id=[ 256, 52633 ] end=4161536 piso=13266944
COUNTS id=[ 256, 52634 ] end=6258688 piso=20854784
COUNTS id=[ 256, 52635 ] end=6258688 piso=24836096
COUNTS id=[ 256, 52636 ] end=36077568 piso=61588480
COUNTS id=[ 256, 52637 ] end=36077568 piso=61584384
COUNTS id=[ 256, 52638 ] end=71434240 piso=177659904
COUNTS id=[ 256, 52639 ] end=3342336 piso=65523712
COUNTS id=[ 256, 52640 ] end=7241728 piso=27213824
COUNTS id=[ 256, 52641 ] end=2260992 piso=19808256
COUNTS id=[ 256, 52642 ] end=9011200 piso=83443712
COUNTS id=[ 256, 52643 ] end=4030464 piso=32833536
COUNTS id=[ 256, 52644 ] end=2195456 piso=17811456
COUNTS id=[ 256, 52645 ] end=7176192 piso=28497920
COUNTS id=[ 256, 52646 ] end=4554752 piso=17803264
COUNTS id=[ 256, 52647 ] end=4751360 piso=30883840
COUNTS id=[ 256, 52648 ] end=4751360 piso=27435008
COUNTS id=[ 256, 52649 ] end=1867776 piso=16313344
COUNTS id=[ 256, 52650 ] end=1867776 piso=16305152
COUNTS id=[ 256, 52651 ] end=1900544 piso=20393984
COUNTS id=[ 256, 52652 ] end=1900544 piso=19750912
COUNTS id=[ 256, 52653 ] end=950272 piso=16603136
COUNTS id=[ 256, 52654 ] end=950272 piso=16898048
COUNTS id=[ 256, 52655 ] end=2523136 piso=32626688
COUNTS id=[ 256, 52656 ] end=3309568 piso=23975936
COUNTS id=[ 256, 52657 ] end=884736 piso=16033792
COUNTS id=[ 256, 52658 ] end=884736 piso=15718400
COUNTS id=[ 256, 52659 ] end=491520 piso=14675968
COUNTS id=[ 256, 52660 ] end=688128 piso=18817024
COUNTS id=[ 256, 52661 ] end=1474560 piso=17776640
COUNTS id=[ 256, 52662 ] end=5144576 piso=23108608
COUNTS id=[ 256, 52663 ] end=5144576 piso=23108608
COUNTS id=[ 256, 52664 ] end=5177344 piso=26492928
COUNTS id=[ 256, 52665 ] end=5177344 piso=26775552
COUNTS id=[ 256, 52666 ] end=4227072 piso=16705536
COUNTS id=[ 256, 52667 ] end=4227072 piso=14739456
COUNTS id=[ 256, 52668 ] end=10256384 piso=47212544
COUNTS id=[ 256, 52669 ] end=950272 piso=17491968
COUNTS id=[ 256, 52670 ] end=2129920 piso=11950080
COUNTS id=[ 256, 52671 ] end=6193152 piso=22816768
COUNTS id=[ 256, 52672 ] end=4161536 piso=12916736
COUNTS id=[ 256, 52673 ] end=36634624 piso=65302528
COUNTS id=[ 256, 52674 ] end=4128768 piso=20074496
COUNTS id=[ 256, 52675 ] end=36634624 piso=64982016
COUNTS id=[ 256, 52676 ] end=4128768 piso=20663296
COUNTS id=[ 256, 52677 ] end=36634624 piso=65050624
COUNTS id=[ 256, 52678 ] end=4128768 piso=20662272
COUNTS id=[ 256, 52679 ] end=5177344 piso=17267200
COUNTS id=[ 256, 52680 ] end=3145728 piso=11545088
COUNTS id=[ 256, 52681 ] end=8716288 piso=35703296
COUNTS id=[ 256, 52682 ] end=1703936 piso=14117376
COUNTS id=[ 256, 52683 ] end=1114112 piso=12358144
COUNTS id=[ 256, 52684 ] end=7208960 piso=29684224
COUNTS id=[ 256, 52685 ] end=3145728 piso=13103616
COUNTS id=[ 256, 52686 ] end=5177344 piso=21971456
COUNTS id=[ 256, 52687 ] end=3145728 piso=11461120
COUNTS id=[ 256, 52688 ] end=5177344 piso=15991296
COUNTS id=[ 256, 52689 ] end=5177344 piso=15170048
COUNTS id=[ 256, 52690 ] end=5177344 piso=19483136
PROGRESS checked=100 hits=0 reversed=0 runtime_ms=628756
COUNTS id=[ 256, 52691 ] end=34603008 piso=52893696
COUNTS id=[ 256, 52692 ] end=2097152 piso=14878720
COUNTS id=[ 256, 52693 ] end=34603008 piso=52872192
COUNTS id=[ 256, 52694 ] end=2097152 piso=15016960
COUNTS id=[ 256, 52695 ] end=34603008 piso=52987904
COUNTS id=[ 256, 52696 ] end=2097152 piso=14886912
COUNTS id=[ 256, 52697 ] end=1114112 piso=10996224
COUNTS id=[ 256, 52698 ] end=3145728 piso=11332096
COUNTS id=[ 256, 52699 ] end=3604480 piso=18172416
COUNTS id=[ 256, 52700 ] end=2490368 piso=15088128
COUNTS id=[ 256, 52701 ] end=3145728 piso=12958208
COUNTS id=[ 256, 52702 ] end=1114112 piso=12990976
COUNTS id=[ 256, 52703 ] end=1114112 piso=12990976
COUNTS id=[ 256, 52704 ] end=3145728 piso=12814848
COUNTS id=[ 256, 52705 ] end=3145728 piso=11516416
COUNTS id=[ 256, 52706 ] end=1114112 piso=11827712
COUNTS id=[ 256, 52707 ] end=3145728 piso=11434496
COUNTS id=[ 256, 52708 ] end=3145728 piso=11872768
COUNTS id=[ 256, 52709 ] end=5144576 piso=17470464
COUNTS id=[ 256, 52710 ] end=3112960 piso=12055552
COUNTS id=[ 256, 52711 ] end=3112960 piso=14531584
COUNTS id=[ 256, 52712 ] end=5144576 piso=17517568
COUNTS id=[ 256, 52713 ] end=1081344 piso=11212288
COUNTS id=[ 256, 52714 ] end=5144576 piso=15998464
COUNTS id=[ 256, 52715 ] end=3112960 piso=11183616
COUNTS id=[ 256, 52716 ] end=3112960 piso=12566016
COUNTS id=[ 256, 52717 ] end=5144576 piso=16720896
COUNTS id=[ 256, 52718 ] end=3112960 piso=11512832
COUNTS id=[ 256, 52719 ] end=3112960 piso=11731968
COUNTS id=[ 256, 52720 ] end=1081344 piso=10816512
COUNTS id=[ 256, 52721 ] end=4128768 piso=14196224
COUNTS id=[ 256, 52722 ] end=4128768 piso=13155840
COUNTS id=[ 256, 52723 ] end=7143424 piso=26545664
COUNTS id=[ 256, 52724 ] end=2883584 piso=13450752
COUNTS id=[ 256, 52725 ] end=4128768 piso=14874624
COUNTS id=[ 256, 52726 ] end=6160384 piso=24170496
COUNTS id=[ 256, 52727 ] end=2097152 piso=11751424
COUNTS id=[ 256, 52728 ] end=4128768 piso=15095808
COUNTS id=[ 256, 52729 ] end=4128768 piso=12886528
COUNTS id=[ 256, 52730 ] end=2097152 piso=10799616
COUNTS id=[ 256, 52731 ] end=4161536 piso=12310528
COUNTS id=[ 256, 52732 ] end=4161536 piso=14170112
COUNTS id=[ 256, 52733 ] end=4128768 piso=13149184
COUNTS id=[ 256, 52734 ] end=4128768 piso=14885888
COUNTS id=[ 256, 52735 ] end=4128768 piso=12851712
COUNTS id=[ 256, 52736 ] end=2097152 piso=10000896
COUNTS id=[ 256, 52737 ] end=2129920 piso=11278336
COUNTS id=[ 256, 52738 ] end=6193152 piso=20844544
COUNTS id=[ 256, 52739 ] end=2129920 piso=11526144
COUNTS id=[ 256, 52740 ] end=2129920 piso=24172544
COUNTS id=[ 256, 52741 ] end=5177344 piso=18120704
COUNTS id=[ 256, 52742 ] end=5767168 piso=16830464
COUNTS id=[ 256, 52743 ] end=6225920 piso=35026944
COUNTS id=[ 256, 52744 ] end=1507328 piso=14260224
COUNTS id=[ 256, 52745 ] end=3112960 piso=11819520
COUNTS id=[ 256, 52746 ] end=5144576 piso=17451520
COUNTS id=[ 256, 52747 ] end=3112960 piso=10321920
COUNTS id=[ 256, 52748 ] end=4128768 piso=14683136
COUNTS id=[ 256, 52749 ] end=4128768 piso=16411648
COUNTS id=[ 256, 52750 ] end=4128768 piso=14074368
COUNTS id=[ 256, 52751 ] end=2097152 piso=10772992
COUNTS id=[ 256, 52752 ] end=4161536 piso=15116288
COUNTS id=[ 256, 52753 ] end=4751360 piso=17240064
COUNTS id=[ 256, 52754 ] end=98304 piso=13475840
COUNTS id=[ 256, 52755 ] end=4161536 piso=14551040
COUNTS id=[ 256, 52756 ] end=3145728 piso=13772800
COUNTS id=[ 256, 52757 ] end=3735552 piso=13273088
COUNTS id=[ 256, 52758 ] end=9371648 piso=39878656
COUNTS id=[ 256, 52759 ] end=4128768 piso=17469440
COUNTS id=[ 256, 52760 ] end=3112960 piso=12798464
COUNTS id=[ 256, 52761 ] end=5144576 piso=19450368
COUNTS id=[ 256, 52762 ] end=3112960 piso=10915840
COUNTS id=[ 256, 52763 ] end=5144576 piso=17220096
COUNTS id=[ 256, 52764 ] end=3112960 piso=11885056
COUNTS id=[ 256, 52765 ] end=4194304 piso=14347264
COUNTS id=[ 256, 52766 ] end=2097152 piso=11788800
COUNTS id=[ 256, 52767 ] end=6750208 piso=22350336
COUNTS id=[ 256, 52768 ] end=4718592 piso=15383040
COUNTS id=[ 256, 52769 ] end=4128768 piso=17048064
COUNTS id=[ 256, 52770 ] end=4128768 piso=12782592
COUNTS id=[ 256, 52771 ] end=2097152 piso=10144768
COUNTS id=[ 256, 52772 ] end=2097152 piso=11389952
COUNTS id=[ 256, 52773 ] end=4128768 piso=12807168
COUNTS id=[ 256, 52774 ] end=4128768 piso=12397056
COUNTS id=[ 256, 52775 ] end=4128768 piso=13830656
COUNTS id=[ 256, 52776 ] end=2097152 piso=10029568
COUNTS id=[ 256, 52777 ] end=2097152 piso=10922496
COUNTS id=[ 256, 52778 ] end=3112960 piso=10976768
COUNTS id=[ 256, 52779 ] end=3112960 piso=10640896
COUNTS id=[ 256, 52780 ] end=5799936 piso=18767360
COUNTS id=[ 256, 52781 ] end=1671168 piso=11279872
COUNTS id=[ 256, 52782 ] end=3112960 piso=11242496
COUNTS id=[ 256, 52783 ] end=5144576 piso=17050624
COUNTS id=[ 256, 52784 ] end=1081344 piso=11789312
COUNTS id=[ 256, 52785 ] end=3112960 piso=11269120
COUNTS id=[ 256, 52786 ] end=5767168 piso=16834560
COUNTS id=[ 256, 52787 ] end=5767168 piso=19914752
COUNTS id=[ 256, 52788 ] end=104988672 piso=351665664
COUNTS id=[ 256, 52789 ] end=5308416 piso=30113280
COUNTS id=[ 256, 52790 ] end=138510336 piso=647139840
PROGRESS checked=200 hits=0 reversed=0 runtime_ms=1236589
COUNTS id=[ 256, 52791 ] end=105611264 piso=414568960
COUNTS id=[ 256, 52792 ] end=69992448 piso=164160000
COUNTS id=[ 256, 52793 ] end=38207488 piso=71807488
COUNTS id=[ 256, 52794 ] end=6225920 piso=39929856
COUNTS id=[ 256, 52795 ] end=71434240 piso=173940736
COUNTS id=[ 256, 52796 ] end=149749760 piso=626468864
COUNTS id=[ 256, 52797 ] end=16515072 piso=74735616
COUNTS id=[ 256, 52798 ] end=9371648 piso=37330944
COUNTS id=[ 256, 52799 ] end=6619136 piso=25397248
COUNTS id=[ 256, 52800 ] end=71434240 piso=176635904
COUNTS id=[ 256, 52801 ] end=6225920 piso=33826816
COUNTS id=[ 256, 52802 ] end=145752064 piso=607852544
COUNTS id=[ 256, 52803 ] end=13926400 piso=71696384
COUNTS id=[ 256, 52804 ] end=336625664 piso=2578407424
COUNTS id=[ 256, 52805 ] end=32931840 piso=223305728
COUNTS id=[ 256, 52806 ] end=76185600 piso=203579392
COUNTS id=[ 256, 52807 ] end=70975488 piso=173690880
COUNTS id=[ 256, 52808 ] end=71106560 piso=174391296
COUNTS id=[ 256, 52809 ] end=5013504 piso=21897216
COUNTS id=[ 256, 52810 ] end=11042816 piso=47595520
COUNTS id=[ 256, 52811 ] end=5799936 piso=33447936
COUNTS id=[ 256, 52812 ] end=7176192 piso=24049664
COUNTS id=[ 256, 52813 ] end=5832704 piso=31094784
COUNTS id=[ 256, 52814 ] end=5963776 piso=33220608
COUNTS id=[ 256, 52815 ] end=5537792 piso=32497664
COUNTS id=[ 256, 52816 ] end=2260992 piso=33275904
COUNTS id=[ 256, 52817 ] end=4554752 piso=18522112
COUNTS id=[ 256, 52818 ] end=4325376 piso=31846400
COUNTS id=[ 256, 52819 ] end=4587520 piso=31375360
COUNTS id=[ 256, 52820 ] end=10780672 piso=80068608
COUNTS id=[ 256, 52821 ] end=3571712 piso=21133312
COUNTS id=[ 256, 52822 ] end=7241728 piso=28020736
COUNTS id=[ 256, 52823 ] end=4554752 piso=18089984
COUNTS id=[ 256, 52824 ] end=67796992 piso=161796096
COUNTS id=[ 256, 52825 ] end=37421056 piso=62954496
COUNTS id=[ 256, 52826 ] end=4521984 piso=17875968
COUNTS id=[ 256, 52827 ] end=38830080 piso=70401536
COUNTS id=[ 256, 52828 ] end=3309568 piso=16150016
COUNTS id=[ 256, 52829 ] end=7766016 piso=28598272
COUNTS id=[ 256, 52830 ] end=4685824 piso=18339840
COUNTS id=[ 256, 52831 ] end=69763072 piso=163700736
COUNTS id=[ 256, 52832 ] end=5799936 piso=20949504
COUNTS id=[ 256, 52833 ] end=36077568 piso=55745024
COUNTS id=[ 256, 52834 ] end=37453824 piso=63803904
COUNTS id=[ 256, 52835 ] end=7176192 piso=30450176
COUNTS id=[ 256, 52836 ] end=67108864 piso=162012672
COUNTS id=[ 256, 52837 ] end=2097152 piso=17387008
COUNTS id=[ 256, 52838 ] end=67108864 piso=214811136
COUNTS id=[ 256, 52839 ] end=67108864 piso=214761984
COUNTS id=[ 256, 52840 ] end=34603008 piso=52662784
COUNTS id=[ 256, 52841 ] end=34603008 piso=52826624
COUNTS id=[ 256, 52842 ] end=5177344 piso=22267904
COUNTS id=[ 256, 52843 ] end=3145728 piso=17440768
COUNTS id=[ 256, 52844 ] end=3342336 piso=26140672
COUNTS id=[ 256, 52845 ] end=3145728 piso=12627968
COUNTS id=[ 256, 52846 ] end=5177344 piso=16771072
COUNTS id=[ 256, 52847 ] end=3145728 piso=15765504
COUNTS id=[ 256, 52848 ] end=5177344 piso=20711424
COUNTS id=[ 256, 52849 ] end=66191360 piso=155359232
COUNTS id=[ 256, 52850 ] end=66125824 piso=155158528
COUNTS id=[ 256, 52851 ] end=4358144 piso=16244736
COUNTS id=[ 256, 52852 ] end=5406720 piso=29024256
COUNTS id=[ 256, 52853 ] end=4227072 piso=15958016
COUNTS id=[ 256, 52854 ] end=1507328 piso=18544640
COUNTS id=[ 256, 52855 ] end=7798784 piso=29648896
COUNTS id=[ 256, 52856 ] end=1507328 piso=18941952
COUNTS id=[ 256, 52857 ] end=1736704 piso=21086208
COUNTS id=[ 256, 52858 ] end=1474560 piso=19922944
COUNTS id=[ 256, 52859 ] end=2654208 piso=23920640
COUNTS id=[ 256, 52860 ] end=491520 piso=14041088
COUNTS id=[ 256, 52861 ] end=3145728 piso=17379328
COUNTS id=[ 256, 52862 ] end=3145728 piso=28459008
COUNTS id=[ 256, 52863 ] end=819200 piso=20660224
COUNTS id=[ 256, 52864 ] end=2129920 piso=10549248
COUNTS id=[ 256, 52865 ] end=2129920 piso=10403840
COUNTS id=[ 256, 52866 ] end=4161536 piso=12490752
COUNTS id=[ 256, 52867 ] end=2129920 piso=11575296
COUNTS id=[ 256, 52868 ] end=4161536 piso=14227456
COUNTS id=[ 256, 52869 ] end=4718592 piso=21540352
COUNTS id=[ 256, 52870 ] end=4718592 piso=32710144
COUNTS id=[ 256, 52871 ] end=4128768 piso=12454912
COUNTS id=[ 256, 52872 ] end=2097152 piso=10425344
COUNTS id=[ 256, 52873 ] end=5242880 piso=32724992
COUNTS id=[ 256, 52874 ] end=9633792 piso=33673216
COUNTS id=[ 256, 52875 ] end=5144576 piso=16854528
COUNTS id=[ 256, 52876 ] end=1081344 piso=10919424
COUNTS id=[ 256, 52877 ] end=4128768 piso=12475392
COUNTS id=[ 256, 52878 ] end=2097152 piso=10421248
COUNTS id=[ 256, 52879 ] end=4718592 piso=20066816
COUNTS id=[ 256, 52880 ] end=4718592 piso=19943936
COUNTS id=[ 256, 52881 ] end=2129920 piso=10625024
COUNTS id=[ 256, 52882 ] end=4161536 piso=12457984
COUNTS id=[ 256, 52883 ] end=2129920 piso=11796480
COUNTS id=[ 256, 52884 ] end=4751360 piso=14833664
COUNTS id=[ 256, 52885 ] end=3342336 piso=24363008
COUNTS id=[ 256, 52886 ] end=3112960 piso=10983936
COUNTS id=[ 256, 52887 ] end=3112960 piso=10852864
COUNTS id=[ 256, 52888 ] end=3112960 piso=11240960
COUNTS id=[ 256, 52889 ] end=3112960 piso=11195904
COUNTS id=[ 256, 52890 ] end=3735552 piso=13244416
PROGRESS checked=300 hits=0 reversed=0 runtime_ms=1911124
COUNTS id=[ 256, 52891 ] end=5767168 piso=16990208
COUNTS id=[ 256, 52892 ] end=3735552 piso=15775744
COUNTS id=[ 256, 52893 ] end=5767168 piso=20275200
COUNTS id=[ 256, 52894 ] end=3112960 piso=10953216
COUNTS id=[ 256, 52895 ] end=3112960 piso=11080192
COUNTS id=[ 256, 52896 ] end=4227072 piso=14237696
COUNTS id=[ 256, 52897 ] end=2719744 piso=13268992
COUNTS id=[ 256, 52898 ] end=4128768 piso=14246400
COUNTS id=[ 256, 52899 ] end=4128768 piso=14246400
COUNTS id=[ 256, 52900 ] end=8781824 piso=31084032
COUNTS id=[ 256, 52901 ] end=2490368 piso=21593600
COUNTS id=[ 256, 52902 ] end=35028992 piso=114237952
COUNTS id=[ 256, 52903 ] end=35028992 piso=115331584
COUNTS id=[ 256, 52904 ] end=2490368 piso=18096640
COUNTS id=[ 256, 52905 ] end=2490368 piso=17457664
COUNTS id=[ 256, 52906 ] end=3473408 piso=21981184
COUNTS id=[ 256, 52907 ] end=3735552 piso=17360896
COUNTS id=[ 256, 52908 ] end=1900544 piso=13705216
COUNTS id=[ 256, 52909 ] end=3735552 piso=16353280
COUNTS id=[ 256, 52910 ] end=1900544 piso=13942784
COUNTS id=[ 256, 52911 ] end=16121856 piso=38148096
COUNTS id=[ 256, 52912 ] end=9863168 piso=49266688
COUNTS id=[ 256, 52913 ] end=2523136 piso=18194432
COUNTS id=[ 256, 52914 ] end=3178496 piso=14987264
COUNTS id=[ 256, 52915 ] end=884736 piso=13813760
COUNTS id=[ 256, 52916 ] end=3178496 piso=14020608
COUNTS id=[ 256, 52917 ] end=3080192 piso=13581312
COUNTS id=[ 256, 52918 ] end=851968 piso=13607936
COUNTS id=[ 256, 52919 ] end=2064384 piso=12768768
COUNTS id=[ 256, 52920 ] end=2064384 piso=13268480
COUNTS id=[ 256, 52921 ] end=8683520 piso=26460160
COUNTS id=[ 256, 52922 ] end=884736 piso=13867008
COUNTS id=[ 256, 52923 ] end=3178496 piso=14696448
COUNTS id=[ 256, 52924 ] end=1277952 piso=12296704
COUNTS id=[ 256, 52925 ] end=2064384 piso=11817472
COUNTS id=[ 256, 52926 ] end=3309568 piso=14496256
COUNTS id=[ 256, 52927 ] end=2523136 piso=14078464
COUNTS id=[ 256, 52928 ] end=98631680 piso=335458304
COUNTS id=[ 256, 52929 ] end=3735552 piso=34000896
COUNTS id=[ 256, 52930 ] end=66093056 piso=155150336
COUNTS id=[ 256, 52931 ] end=36208640 piso=62490624
COUNTS id=[ 256, 52932 ] end=4751360 piso=15144960
COUNTS id=[ 256, 52933 ] end=67207168 piso=162562048
COUNTS id=[ 256, 52934 ] end=2195456 piso=25960448
COUNTS id=[ 256, 52935 ] end=68157440 piso=171831296
COUNTS id=[ 256, 52936 ] end=3145728 piso=28512256
COUNTS id=[ 256, 52937 ] end=35618816 piso=56801280
COUNTS id=[ 256, 52938 ] end=35618816 piso=56895488
COUNTS id=[ 256, 52939 ] end=2195456 piso=12550144
COUNTS id=[ 256, 52940 ] end=6258688 piso=21061632
COUNTS id=[ 256, 52941 ] end=4161536 piso=15415296
COUNTS id=[ 256, 52942 ] end=3112960 piso=19773440
COUNTS id=[ 256, 52943 ] end=3112960 piso=20711424
COUNTS id=[ 256, 52944 ] end=3112960 piso=17672192
COUNTS id=[ 256, 52945 ] end=3112960 piso=18266112
COUNTS id=[ 256, 52946 ] end=3112960 piso=18298880
COUNTS id=[ 256, 52947 ] end=3112960 piso=17643520
COUNTS id=[ 256, 52948 ] end=2129920 piso=13092864
COUNTS id=[ 256, 52949 ] end=2129920 piso=11020288
COUNTS id=[ 256, 52950 ] end=4161536 piso=15654912
COUNTS id=[ 256, 52951 ] end=98304 piso=13312000
COUNTS id=[ 256, 52952 ] end=5144576 piso=15754752
COUNTS id=[ 256, 52953 ] end=3112960 piso=11509248
COUNTS id=[ 256, 52954 ] end=3112960 piso=12772864
COUNTS id=[ 256, 52955 ] end=1081344 piso=10886656
COUNTS id=[ 256, 52956 ] end=3112960 piso=11412480
COUNTS id=[ 256, 52957 ] end=3112960 piso=11863040
COUNTS id=[ 256, 52958 ] end=5144576 piso=17435648
COUNTS id=[ 256, 52959 ] end=1081344 piso=11381760
COUNTS id=[ 256, 52960 ] end=3112960 piso=14010880
COUNTS id=[ 256, 52961 ] end=5767168 piso=18414080
COUNTS id=[ 256, 52962 ] end=5734400 piso=19839488
COUNTS id=[ 256, 52963 ] end=3145728 piso=13011456
COUNTS id=[ 256, 52964 ] end=4128768 piso=15225344
COUNTS id=[ 256, 52965 ] end=6750208 piso=22137344
COUNTS id=[ 256, 52966 ] end=4718592 piso=17480192
COUNTS id=[ 256, 52967 ] end=2097152 piso=11829760
COUNTS id=[ 256, 52968 ] end=35618816 piso=55647744
COUNTS id=[ 256, 52969 ] end=3112960 piso=12715520
COUNTS id=[ 256, 52970 ] end=3112960 piso=11632128
COUNTS id=[ 256, 52971 ] end=1081344 piso=11105792
COUNTS id=[ 256, 52972 ] end=35618816 piso=53580800
COUNTS id=[ 256, 52973 ] end=1081344 piso=11580416
COUNTS id=[ 256, 52974 ] end=3112960 piso=12581888
COUNTS id=[ 256, 52975 ] end=3112960 piso=12590080
COUNTS id=[ 256, 52976 ] end=36241408 piso=57649664
COUNTS id=[ 256, 52977 ] end=3145728 piso=15829504
COUNTS id=[ 256, 52978 ] end=2097152 piso=12636672
COUNTS id=[ 256, 52979 ] end=4718592 piso=15563264
COUNTS id=[ 256, 52980 ] end=37224448 piso=64125440
COUNTS id=[ 256, 52981 ] end=4128768 piso=16990720
COUNTS id=[ 256, 52982 ] end=4128768 piso=14546432
COUNTS id=[ 256, 52983 ] end=4128768 piso=14679552
COUNTS id=[ 256, 52984 ] end=4128768 piso=14667264
COUNTS id=[ 256, 52985 ] end=65536 piso=13374976
COUNTS id=[ 256, 52986 ] end=4128768 piso=12607488
COUNTS id=[ 256, 52987 ] end=2097152 piso=10809344
COUNTS id=[ 256, 52988 ] end=4128768 piso=16105472
COUNTS id=[ 256, 52989 ] end=2097152 piso=10498048
COUNTS id=[ 256, 52990 ] end=4128768 piso=14676480
PROGRESS checked=400 hits=0 reversed=0 runtime_ms=2515875
COUNTS id=[ 256, 52991 ] end=4161536 piso=15315456
COUNTS id=[ 256, 52992 ] end=4161536 piso=18944512
COUNTS id=[ 256, 52993 ] end=4128768 piso=14311936
COUNTS id=[ 256, 52994 ] end=3112960 piso=13303808
COUNTS id=[ 256, 52995 ] end=5144576 piso=17453056
COUNTS id=[ 256, 52996 ] end=5144576 piso=22407168
COUNTS id=[ 256, 52997 ] end=3112960 piso=13166592
COUNTS id=[ 256, 52998 ] end=36634624 piso=58906112
COUNTS id=[ 256, 52999 ] end=2097152 piso=11398656
COUNTS id=[ 256, 53000 ] end=2097152 piso=10944000
COUNTS id=[ 256, 53001 ] end=2097152 piso=11314688
COUNTS id=[ 256, 53002 ] end=34603008 piso=49319936
CLOSEST id=[ 256, 53002 ] end=34603008 piso=49319936 ratio=12041/8448
COUNTS id=[ 256, 53003 ] end=2097152 piso=10743808
COUNTS id=[ 256, 53004 ] end=4128768 piso=12865536
COUNTS id=[ 256, 53005 ] end=2097152 piso=10498048
COUNTS id=[ 256, 53006 ] end=34635776 piso=51556864
COUNTS id=[ 256, 53007 ] end=4161536 piso=14574080
COUNTS id=[ 256, 53008 ] end=3112960 piso=13125632
COUNTS id=[ 256, 53009 ] end=5144576 piso=17385472
COUNTS id=[ 256, 53010 ] end=35618816 piso=55480320
COUNTS id=[ 256, 53011 ] end=3112960 piso=13213696
COUNTS id=[ 256, 53012 ] end=3112960 piso=11122176
COUNTS id=[ 256, 53013 ] end=3112960 piso=11619840
COUNTS id=[ 256, 53014 ] end=3178496 piso=14609920
COUNTS id=[ 256, 53015 ] end=33652736 piso=46810624
CLOSEST id=[ 256, 53015 ] end=33652736 piso=46810624 ratio=91427/65728
COUNTS id=[ 256, 53016 ] end=5734400 piso=20236800
COUNTS id=[ 256, 53017 ] end=5177344 piso=21072384
COUNTS id=[ 256, 53018 ] end=1114112 piso=12753408
COUNTS id=[ 256, 53019 ] end=36667392 piso=98787840
COUNTS id=[ 256, 53020 ] end=36798464 piso=110600704
COUNTS id=[ 256, 53021 ] end=36667392 piso=97980928
COUNTS id=[ 256, 53022 ] end=38273024 piso=69462528
COUNTS id=[ 256, 53023 ] end=3735552 piso=14977536
COUNTS id=[ 256, 53024 ] end=3112960 piso=13728256
COUNTS id=[ 256, 53025 ] end=67272704 piso=197550592
COUNTS id=[ 256, 53026 ] end=6193152 piso=21612544
COUNTS id=[ 256, 53027 ] end=2097152 piso=11018240
COUNTS id=[ 256, 53028 ] end=36667392 piso=61769728
