{"command": ["/project/gap-4.16.1/gap", "-l", "/project/gap-4.16.1", "-q", "-b", "-T", "-m", "128m", "-o", "4g", "-c", "START_ORDER:=480;;END_ORDER:=480;;START_ID:=257;;END_ID:=512;;SKIP_ABELIAN:=true;;LOG_ALL:=true;;", "/project/scripts/search_19_20.g"], "source_hashes": {"scripts/search_19_20.g": "7b6a34e9163b58b0248b3c464ae8070783414cd7d14048136dd0e3547b906318", "scripts/lib_19_20.g": "fbcf2d3c4b0648cc1fa87d6e50fc923133d594c029b8430a365caf596ac7ccd5"}}
PARAMETERS start=480 end=480 start_id=257 end_id=512 skip_abelian=true log_all=true
ORDER_START order=480 groups=1213
COUNTS id=[ 480, 257 ] end=680 piso=17640
CLOSEST id=[ 480, 257 ] end=680 piso=17640 ratio=441/17
COUNTS id=[ 480, 258 ] end=9904 piso=199200
CLOSEST id=[ 480, 258 ] end=9904 piso=199200 ratio=12450/619
COUNTS id=[ 480, 259 ] end=6016 piso=105600
CLOSEST id=[ 480, 259 ] end=6016 piso=105600 ratio=825/47
COUNTS id=[ 480, 260 ] end=5416 piso=160680
COUNTS id=[ 480, 261 ] end=3016 piso=105960
COUNTS id=[ 480, 262 ] end=13332 piso=643200
COUNTS id=[ 480, 263 ] end=8232 piso=106080
CLOSEST id=[ 480, 263 ] end=8232 piso=106080 ratio=4420/343
COUNTS id=[ 480, 264 ] end=13416 piso=268800
COUNTS id=[ 480, 265 ] end=3744 piso=62400
COUNTS id=[ 480, 266 ] end=3744 piso=105000
COUNTS id=[ 480, 267 ] end=2448 piso=33000
COUNTS id=[ 480, 268 ] end=13428 piso=612480
COUNTS id=[ 480, 269 ] end=2688 piso=11520
CLOSEST id=[ 480, 269 ] end=2688 piso=11520 ratio=30/7
COUNTS id=[ 480, 270 ] end=2208 piso=11520
COUNTS id=[ 480, 271 ] end=9216 piso=40320
COUNTS id=[ 480, 272 ] end=7488 piso=40320
COUNTS id=[ 480, 273 ] end=8064 piso=60480
COUNTS id=[ 480, 274 ] end=8064 piso=60480
COUNTS id=[ 480, 275 ] end=3264 piso=27840
COUNTS id=[ 480, 276 ] end=3264 piso=27840
COUNTS id=[ 480, 277 ] end=3456 piso=11520
CLOSEST id=[ 480, 277 ] end=3456 piso=11520 ratio=10/3
COUNTS id=[ 480, 278 ] end=2016 piso=11520
COUNTS id=[ 480, 279 ] end=9216 piso=221280
COUNTS id=[ 480, 280 ] end=10752 piso=44160
COUNTS id=[ 480, 281 ] end=6336 piso=39360
COUNTS id=[ 480, 282 ] end=6912 piso=44160
COUNTS id=[ 480, 283 ] end=5376 piso=96960
COUNTS id=[ 480, 284 ] end=4416 piso=39360
COUNTS id=[ 480, 285 ] end=4416 piso=89760
COUNTS id=[ 480, 286 ] end=18432 piso=426240
COUNTS id=[ 480, 287 ] end=5184 piso=172320
COUNTS id=[ 480, 288 ] end=3744 piso=55200
COUNTS id=[ 480, 289 ] end=3648 piso=82080
COUNTS id=[ 480, 290 ] end=4128 piso=64800
COUNTS id=[ 480, 291 ] end=8832 piso=132960
COUNTS id=[ 480, 292 ] end=6912 piso=96960
COUNTS id=[ 480, 293 ] end=5952 piso=105120
COUNTS id=[ 480, 294 ] end=6016 piso=38400
COUNTS id=[ 480, 295 ] end=4576 piso=38400
COUNTS id=[ 480, 296 ] end=15872 piso=132480
COUNTS id=[ 480, 297 ] end=14656 piso=132480
COUNTS id=[ 480, 298 ] end=23168 piso=252480
COUNTS id=[ 480, 299 ] end=23168 piso=252480
COUNTS id=[ 480, 300 ] end=8768 piso=108480
COUNTS id=[ 480, 301 ] end=8768 piso=108480
COUNTS id=[ 480, 302 ] end=8832 piso=38400
COUNTS id=[ 480, 303 ] end=4512 piso=38400
COUNTS id=[ 480, 304 ] end=20992 piso=394080
COUNTS id=[ 480, 305 ] end=24064 piso=144000
COUNTS id=[ 480, 306 ] end=17472 piso=120000
COUNTS id=[ 480, 307 ] end=12544 piso=144000
COUNTS id=[ 480, 308 ] end=12032 piso=177600
COUNTS id=[ 480, 309 ] end=11712 piso=120000
COUNTS id=[ 480, 310 ] end=11712 piso=189600
COUNTS id=[ 480, 311 ] end=31744 piso=1232640
COUNTS id=[ 480, 312 ] end=9408 piso=245280
COUNTS id=[ 480, 313 ] end=7648 piso=128160
COUNTS id=[ 480, 314 ] end=8896 piso=155040
COUNTS id=[ 480, 315 ] end=7776 piso=137760
COUNTS id=[ 480, 316 ] end=20864 piso=305760
COUNTS id=[ 480, 317 ] end=17664 piso=177600
COUNTS id=[ 480, 318 ] end=12224 piso=204960
COUNTS id=[ 480, 319 ] end=50176 piso=456960
COUNTS id=[ 480, 320 ] end=35840 piso=355200
COUNTS id=[ 480, 321 ] end=38528 piso=360000
COUNTS id=[ 480, 322 ] end=33024 piso=338880
COUNTS id=[ 480, 323 ] end=48832 piso=820800
COUNTS id=[ 480, 324 ] end=97216 piso=2264640
COUNTS id=[ 480, 325 ] end=45664 piso=885600
COUNTS id=[ 480, 326 ] end=42400 piso=728160
COUNTS id=[ 480, 327 ] end=58464 piso=852480
COUNTS id=[ 480, 328 ] end=116704 piso=2354880
COUNTS id=[ 480, 329 ] end=50464 piso=905280
COUNTS id=[ 480, 330 ] end=47424 piso=768960
COUNTS id=[ 480, 331 ] end=38304 piso=687360
COUNTS id=[ 480, 332 ] end=75040 piso=1865280
COUNTS id=[ 480, 333 ] end=37088 piso=647040
COUNTS id=[ 480, 334 ] end=37568 piso=668160
COUNTS id=[ 480, 335 ] end=32704 piso=970560
COUNTS id=[ 480, 336 ] end=10144 piso=444000
COUNTS id=[ 480, 337 ] end=13408 piso=409440
COUNTS id=[ 480, 338 ] end=45024 piso=1026240
COUNTS id=[ 480, 339 ] end=14624 piso=427200
COUNTS id=[ 480, 340 ] end=21280 piso=736320
COUNTS id=[ 480, 341 ] end=10688 piso=179040
COUNTS id=[ 480, 342 ] end=10688 piso=175200
COUNTS id=[ 480, 343 ] end=10688 piso=175200
COUNTS id=[ 480, 344 ] end=10688 piso=179040
COUNTS id=[ 480, 345 ] end=14464 piso=346560
COUNTS id=[ 480, 346 ] end=16960 piso=398400
COUNTS id=[ 480, 347 ] end=23488 piso=513600
COUNTS id=[ 480, 348 ] end=16384 piso=358080
COUNTS id=[ 480, 349 ] end=18144 piso=407040
COUNTS id=[ 480, 350 ] end=11584 piso=459840
COUNTS id=[ 480, 351 ] end=24224 piso=503040
COUNTS id=[ 480, 352 ] end=11648 piso=302400
COUNTS id=[ 480, 353 ] end=18848 piso=422400
COUNTS id=[ 480, 354 ] end=10688 piso=343680
COUNTS id=[ 480, 355 ] end=17888 piso=403200
COUNTS id=[ 480, 356 ] end=10208 piso=345600
PROGRESS checked=100 hits=0 reversed=0 runtime_ms=100679
COUNTS id=[ 480, 357 ] end=71680 piso=460800
COUNTS id=[ 480, 358 ] end=23296 piso=259200
COUNTS id=[ 480, 359 ] end=11968 piso=192480
COUNTS id=[ 480, 360 ] end=11968 piso=192480
COUNTS id=[ 480, 361 ] end=93184 piso=460800
COUNTS id=[ 480, 362 ] end=12992 piso=196320
COUNTS id=[ 480, 363 ] end=25984 piso=244800
COUNTS id=[ 480, 364 ] end=12992 piso=196320
COUNTS id=[ 480, 365 ] end=64512 piso=537600
COUNTS id=[ 480, 366 ] end=14528 piso=204000
COUNTS id=[ 480, 367 ] end=14528 piso=204000
COUNTS id=[ 480, 368 ] end=34944 piso=400320
COUNTS id=[ 480, 369 ] end=41728 piso=307200
COUNTS id=[ 480, 370 ] end=41984 piso=288000
COUNTS id=[ 480, 371 ] end=55808 piso=464640
COUNTS id=[ 480, 372 ] end=73024 piso=699840
COUNTS id=[ 480, 373 ] end=9856 piso=153600
COUNTS id=[ 480, 374 ] end=22816 piso=364320
COUNTS id=[ 480, 375 ] end=19744 piso=300960
COUNTS id=[ 480, 376 ] end=121664 piso=1632960
COUNTS id=[ 480, 377 ] end=50464 piso=930720
COUNTS id=[ 480, 378 ] end=104512 piso=1404480
COUNTS id=[ 480, 379 ] end=14656 piso=240960
COUNTS id=[ 480, 380 ] end=24352 piso=387360
COUNTS id=[ 480, 381 ] end=45856 piso=898080
COUNTS id=[ 480, 382 ] end=65344 piso=494400
COUNTS id=[ 480, 383 ] end=15904 piso=231840
COUNTS id=[ 480, 384 ] end=61504 piso=448320
COUNTS id=[ 480, 385 ] end=15136 piso=249120
COUNTS id=[ 480, 386 ] end=67904 piso=697920
COUNTS id=[ 480, 387 ] end=16384 piso=270720
COUNTS id=[ 480, 388 ] end=29984 piso=483360
COUNTS id=[ 480, 389 ] end=15904 piso=469920
COUNTS id=[ 480, 390 ] end=92224 piso=1020480
COUNTS id=[ 480, 391 ] end=19744 piso=345120
COUNTS id=[ 480, 392 ] end=62272 piso=626880
COUNTS id=[ 480, 393 ] end=88384 piso=995520
COUNTS id=[ 480, 394 ] end=61504 piso=488640
COUNTS id=[ 480, 395 ] end=76864 piso=868800
COUNTS id=[ 480, 396 ] end=69184 piso=778560
COUNTS id=[ 480, 397 ] end=19744 piso=306720
COUNTS id=[ 480, 398 ] end=15136 piso=448800
COUNTS id=[ 480, 399 ] end=37632 piso=671520
COUNTS id=[ 480, 400 ] end=41472 piso=658080
COUNTS id=[ 480, 401 ] end=33792 piso=761760
COUNTS id=[ 480, 402 ] end=39232 piso=670080
COUNTS id=[ 480, 403 ] end=56384 piso=798720
COUNTS id=[ 480, 404 ] end=73024 piso=1167360
COUNTS id=[ 480, 405 ] end=53056 piso=744960
COUNTS id=[ 480, 406 ] end=52480 piso=625440
COUNTS id=[ 480, 407 ] end=49920 piso=706080
COUNTS id=[ 480, 408 ] end=63232 piso=635040
COUNTS id=[ 480, 409 ] end=45312 piso=696480
COUNTS id=[ 480, 410 ] end=19264 piso=468480
COUNTS id=[ 480, 411 ] end=19264 piso=453120
COUNTS id=[ 480, 412 ] end=17344 piso=449280
COUNTS id=[ 480, 413 ] end=28864 piso=444000
COUNTS id=[ 480, 414 ] end=54784 piso=508800
COUNTS id=[ 480, 415 ] end=17344 piso=449280
COUNTS id=[ 480, 416 ] end=49152 piso=683040
COUNTS id=[ 480, 417 ] end=18112 piso=351840
COUNTS id=[ 480, 418 ] end=18112 piso=351840
COUNTS id=[ 480, 419 ] end=21184 piso=472320
COUNTS id=[ 480, 420 ] end=62464 piso=702240
COUNTS id=[ 480, 421 ] end=28864 piso=444000
COUNTS id=[ 480, 422 ] end=21184 piso=456960
COUNTS id=[ 480, 423 ] end=56832 piso=647040
COUNTS id=[ 480, 424 ] end=37184 piso=627840
COUNTS id=[ 480, 425 ] end=30464 piso=556320
COUNTS id=[ 480, 426 ] end=43072 piso=794880
COUNTS id=[ 480, 427 ] end=39232 piso=572160
COUNTS id=[ 480, 428 ] end=34432 piso=539040
COUNTS id=[ 480, 429 ] end=54464 piso=852480
COUNTS id=[ 480, 430 ] end=33344 piso=675840
COUNTS id=[ 480, 431 ] end=31552 piso=629760
COUNTS id=[ 480, 432 ] end=33344 piso=673920
COUNTS id=[ 480, 433 ] end=48640 piso=478080
COUNTS id=[ 480, 434 ] end=48640 piso=524160
COUNTS id=[ 480, 435 ] end=34304 piso=450720
COUNTS id=[ 480, 436 ] end=41984 piso=604320
COUNTS id=[ 480, 437 ] end=19904 piso=359520
COUNTS id=[ 480, 438 ] end=19904 piso=359520
COUNTS id=[ 480, 439 ] end=27584 piso=405600
COUNTS id=[ 480, 440 ] end=67904 piso=898560
COUNTS id=[ 480, 441 ] end=44032 piso=583200
COUNTS id=[ 480, 442 ] end=19904 piso=359520
COUNTS id=[ 480, 443 ] end=18112 piso=351840
COUNTS id=[ 480, 444 ] end=65344 piso=744960
COUNTS id=[ 480, 445 ] end=35072 piso=448800
COUNTS id=[ 480, 446 ] end=61504 piso=714240
COUNTS id=[ 480, 447 ] end=54784 piso=470400
COUNTS id=[ 480, 448 ] end=21952 piso=390240
COUNTS id=[ 480, 449 ] end=62272 piso=848640
COUNTS id=[ 480, 450 ] end=92224 piso=1175040
COUNTS id=[ 480, 451 ] end=88384 piso=1155840
COUNTS id=[ 480, 452 ] end=92224 piso=946560
COUNTS id=[ 480, 453 ] end=33664 piso=681120
COUNTS id=[ 480, 454 ] end=23104 piso=518400
COUNTS id=[ 480, 455 ] end=28864 piso=533760
COUNTS id=[ 480, 456 ] end=36544 piso=474720
PROGRESS checked=200 hits=0 reversed=0 runtime_ms=198842
COUNTS id=[ 480, 457 ] end=38464 piso=568320
COUNTS id=[ 480, 458 ] end=17344 piso=441600
COUNTS id=[ 480, 459 ] end=42496 piso=587040
COUNTS id=[ 480, 460 ] end=30784 piso=483840
COUNTS id=[ 480, 461 ] end=67648 piso=689280
COUNTS id=[ 480, 462 ] end=56832 piso=577920
COUNTS id=[ 480, 463 ] end=32704 piso=467040
COUNTS id=[ 480, 464 ] end=34624 piso=556800
COUNTS id=[ 480, 465 ] end=112704 piso=1027200
COUNTS id=[ 480, 466 ] end=43264 piso=606240
COUNTS id=[ 480, 467 ] end=229376 piso=1843200
COUNTS id=[ 480, 468 ] end=71680 piso=1305600
COUNTS id=[ 480, 469 ] end=38912 piso=560640
COUNTS id=[ 480, 470 ] end=38912 piso=614400
COUNTS id=[ 480, 471 ] end=67712 piso=1011360
COUNTS id=[ 480, 472 ] end=60032 piso=1024800
COUNTS id=[ 480, 473 ] end=258048 piso=1843200
COUNTS id=[ 480, 474 ] end=35328 piso=576000
COUNTS id=[ 480, 475 ] end=75264 piso=1290240
COUNTS id=[ 480, 476 ] end=35328 piso=622080
COUNTS id=[ 480, 477 ] end=225280 piso=1966080
COUNTS id=[ 480, 478 ] end=49152 piso=576000
COUNTS id=[ 480, 479 ] end=49152 piso=568320
COUNTS id=[ 480, 480 ] end=80896 piso=1505280
COUNTS id=[ 480, 481 ] end=58368 piso=974880
COUNTS id=[ 480, 482 ] end=54528 piso=986400
COUNTS id=[ 480, 483 ] end=25024 piso=681600
COUNTS id=[ 480, 484 ] end=36992 piso=972960
COUNTS id=[ 480, 485 ] end=69504 piso=1310880
COUNTS id=[ 480, 486 ] end=23552 piso=577440
COUNTS id=[ 480, 487 ] end=31744 piso=565920
COUNTS id=[ 480, 488 ] end=136192 piso=1382400
COUNTS id=[ 480, 489 ] end=35264 piso=737280
COUNTS id=[ 480, 490 ] end=24512 piso=591360
COUNTS id=[ 480, 491 ] end=123136 piso=1122720
COUNTS id=[ 480, 492 ] end=57856 piso=1141920
COUNTS id=[ 480, 493 ] end=32512 piso=702240
COUNTS id=[ 480, 494 ] end=99072 piso=1360800
COUNTS id=[ 480, 495 ] end=35584 piso=690720
COUNTS id=[ 480, 496 ] end=67072 piso=1725600
COUNTS id=[ 480, 497 ] end=24704 piso=552480
COUNTS id=[ 480, 498 ] end=32384 piso=696480
COUNTS id=[ 480, 499 ] end=23104 piso=648960
COUNTS id=[ 480, 500 ] end=32896 piso=550560
COUNTS id=[ 480, 501 ] end=103680 piso=1128480
COUNTS id=[ 480, 502 ] end=182784 piso=1382400
COUNTS id=[ 480, 503 ] end=35392 piso=708480
COUNTS id=[ 480, 504 ] end=102912 piso=1358880
COUNTS id=[ 480, 505 ] end=37504 piso=694560
COUNTS id=[ 480, 506 ] end=28544 piso=673440
COUNTS id=[ 480, 507 ] end=28544 piso=683040
COUNTS id=[ 480, 508 ] end=30592 piso=692640
COUNTS id=[ 480, 509 ] end=42304 piso=1036800
COUNTS id=[ 480, 510 ] end=101120 piso=1140000
COUNTS id=[ 480, 511 ] end=122368 piso=1132320
COUNTS id=[ 480, 512 ] end=30592 piso=683040
DONE checked=256 abelian=0 hits=0 reversed=0 skipped_abelian=0 closest=[ 480, 277 ] min_ratio=10/3 runtime_ms=253358
