PARAMETERS start=256 end=256 start_id=38567 end_id=42072 skip_abelian=true log_all=true
ORDER_START order=256 groups=56092
COUNTS id=[ 256, 38567 ] end=33587200 piso=49371648
CLOSEST id=[ 256, 38567 ] end=33587200 piso=49371648 ratio=96429/65600
COUNTS id=[ 256, 38568 ] end=3112960 piso=15268352
COUNTS id=[ 256, 38569 ] end=3112960 piso=15325696
COUNTS id=[ 256, 38570 ] end=4128768 piso=12726272
COUNTS id=[ 256, 38571 ] end=4128768 piso=12695552
COUNTS id=[ 256, 38572 ] end=36634624 piso=55209984
COUNTS id=[ 256, 38573 ] end=2097152 piso=12003328
COUNTS id=[ 256, 38574 ] end=4128768 piso=16621056
COUNTS id=[ 256, 38575 ] end=2097152 piso=14251520
COUNTS id=[ 256, 38576 ] end=67108864 piso=156456448
COUNTS id=[ 256, 38577 ] end=34603008 piso=52096512
COUNTS id=[ 256, 38578 ] end=37650432 piso=105635328
COUNTS id=[ 256, 38579 ] end=37650432 piso=100126208
COUNTS id=[ 256, 38580 ] end=5177344 piso=17965056
COUNTS id=[ 256, 38581 ] end=7405568 piso=28758016
COUNTS id=[ 256, 38582 ] end=5177344 piso=15796224
COUNTS id=[ 256, 38583 ] end=3145728 piso=11716608
COUNTS id=[ 256, 38584 ] end=6160384 piso=20378624
COUNTS id=[ 256, 38585 ] end=4128768 piso=12215296
COUNTS id=[ 256, 38586 ] end=36667392 piso=98025984
COUNTS id=[ 256, 38587 ] end=38764544 piso=119947776
COUNTS id=[ 256, 38588 ] end=38699008 piso=112984576
COUNTS id=[ 256, 38589 ] end=36864000 piso=95007232
COUNTS id=[ 256, 38590 ] end=6193152 piso=22098432
COUNTS id=[ 256, 38591 ] end=4161536 piso=15110656
COUNTS id=[ 256, 38592 ] end=8421376 piso=37208576
COUNTS id=[ 256, 38593 ] end=2129920 piso=12026368
COUNTS id=[ 256, 38594 ] end=6160384 piso=20604928
COUNTS id=[ 256, 38595 ] end=4128768 piso=12759040
COUNTS id=[ 256, 38596 ] end=7405568 piso=30072832
COUNTS id=[ 256, 38597 ] end=5177344 piso=18391040
COUNTS id=[ 256, 38598 ] end=7208960 piso=27396096
COUNTS id=[ 256, 38599 ] end=1114112 piso=13973504
COUNTS id=[ 256, 38600 ] end=5144576 piso=16197120
COUNTS id=[ 256, 38601 ] end=5144576 piso=14859776
COUNTS id=[ 256, 38602 ] end=35618816 piso=90422784
COUNTS id=[ 256, 38603 ] end=35618816 piso=85847552
COUNTS id=[ 256, 38604 ] end=5373952 piso=17864704
COUNTS id=[ 256, 38605 ] end=3145728 piso=13195264
COUNTS id=[ 256, 38606 ] end=1114112 piso=11587584
COUNTS id=[ 256, 38607 ] end=3145728 piso=12599296
COUNTS id=[ 256, 38608 ] end=4128768 piso=13650944
COUNTS id=[ 256, 38609 ] end=2097152 piso=10337280
COUNTS id=[ 256, 38610 ] end=34701312 piso=87273984
COUNTS id=[ 256, 38611 ] end=36667392 piso=97780224
COUNTS id=[ 256, 38612 ] end=34635776 piso=82235904
COUNTS id=[ 256, 38613 ] end=4161536 piso=15151616
COUNTS id=[ 256, 38614 ] end=2129920 piso=13206016
COUNTS id=[ 256, 38615 ] end=2129920 piso=12075520
COUNTS id=[ 256, 38616 ] end=4358144 piso=14381568
COUNTS id=[ 256, 38617 ] end=4128768 piso=13678592
COUNTS id=[ 256, 38618 ] end=2097152 piso=10432512
COUNTS id=[ 256, 38619 ] end=3145728 piso=14546944
COUNTS id=[ 256, 38620 ] end=5373952 piso=18782208
COUNTS id=[ 256, 38621 ] end=3145728 piso=13365248
COUNTS id=[ 256, 38622 ] end=1114112 piso=12730368
COUNTS id=[ 256, 38623 ] end=3112960 piso=11873792
COUNTS id=[ 256, 38624 ] end=3112960 piso=10999296
COUNTS id=[ 256, 38625 ] end=37650432 piso=100077056
COUNTS id=[ 256, 38626 ] end=68124672 piso=194108928
COUNTS id=[ 256, 38627 ] end=5177344 piso=15261696
COUNTS id=[ 256, 38628 ] end=3145728 piso=11943936
COUNTS id=[ 256, 38629 ] end=5177344 piso=17246208
COUNTS id=[ 256, 38630 ] end=68157440 piso=161232896
COUNTS id=[ 256, 38631 ] end=36634624 piso=55344128
COUNTS id=[ 256, 38632 ] end=4128768 piso=12213248
COUNTS id=[ 256, 38633 ] end=99713024 piso=360403456
COUNTS id=[ 256, 38634 ] end=36667392 piso=92660224
COUNTS id=[ 256, 38635 ] end=69173248 piso=173236736
COUNTS id=[ 256, 38636 ] end=2129920 piso=13058560
COUNTS id=[ 256, 38637 ] end=6193152 piso=20935168
COUNTS id=[ 256, 38638 ] end=4161536 piso=14004736
COUNTS id=[ 256, 38639 ] end=36634624 piso=55164928
COUNTS id=[ 256, 38640 ] end=4128768 piso=12294144
COUNTS id=[ 256, 38641 ] end=5177344 piso=16771072
COUNTS id=[ 256, 38642 ] end=3145728 piso=12974080
COUNTS id=[ 256, 38643 ] end=70189056 piso=189984768
COUNTS id=[ 256, 38644 ] end=3145728 piso=14209024
COUNTS id=[ 256, 38645 ] end=5144576 piso=14298624
COUNTS id=[ 256, 38646 ] end=35618816 piso=50173440
CLOSEST id=[ 256, 38646 ] end=35618816 piso=50173440 ratio=97995/69568
COUNTS id=[ 256, 38647 ] end=35618816 piso=85741056
COUNTS id=[ 256, 38648 ] end=35618816 piso=90729984
COUNTS id=[ 256, 38649 ] end=1114112 piso=11548672
COUNTS id=[ 256, 38650 ] end=3145728 piso=11577344
COUNTS id=[ 256, 38651 ] end=5177344 piso=28405760
COUNTS id=[ 256, 38652 ] end=3145728 piso=13135872
COUNTS id=[ 256, 38653 ] end=4128768 piso=13878272
COUNTS id=[ 256, 38654 ] end=2097152 piso=10413056
COUNTS id=[ 256, 38655 ] end=34701312 piso=100983296
COUNTS id=[ 256, 38656 ] end=2129920 piso=13189632
COUNTS id=[ 256, 38657 ] end=4161536 piso=26972672
COUNTS id=[ 256, 38658 ] end=4161536 piso=14119424
COUNTS id=[ 256, 38659 ] end=2129920 piso=11616768
COUNTS id=[ 256, 38660 ] end=4128768 piso=14360576
COUNTS id=[ 256, 38661 ] end=2097152 piso=10405888
COUNTS id=[ 256, 38662 ] end=1114112 piso=12374016
COUNTS id=[ 256, 38663 ] end=3145728 piso=13099008
COUNTS id=[ 256, 38664 ] end=5177344 piso=18262016
COUNTS id=[ 256, 38665 ] end=3145728 piso=25888768
COUNTS id=[ 256, 38666 ] end=3112960 piso=10593792
PROGRESS checked=100 hits=0 reversed=0 runtime_ms=628063
COUNTS id=[ 256, 38667 ] end=3112960 piso=12553728
COUNTS id=[ 256, 38668 ] end=36667392 piso=97403392
COUNTS id=[ 256, 38669 ] end=36667392 piso=97538560
COUNTS id=[ 256, 38670 ] end=4161536 piso=14373376
COUNTS id=[ 256, 38671 ] end=6258688 piso=34615808
COUNTS id=[ 256, 38672 ] end=2195456 piso=12743168
COUNTS id=[ 256, 38673 ] end=5144576 piso=18763776
COUNTS id=[ 256, 38674 ] end=3112960 piso=10823680
COUNTS id=[ 256, 38675 ] end=5177344 piso=31156224
COUNTS id=[ 256, 38676 ] end=5177344 piso=20346880
COUNTS id=[ 256, 38677 ] end=5177344 piso=15499264
COUNTS id=[ 256, 38678 ] end=1114112 piso=11735040
COUNTS id=[ 256, 38679 ] end=4161536 piso=13648384
COUNTS id=[ 256, 38680 ] end=4161536 piso=14201344
COUNTS id=[ 256, 38681 ] end=36667392 piso=96952832
COUNTS id=[ 256, 38682 ] end=67141632 piso=184992256
COUNTS id=[ 256, 38683 ] end=4161536 piso=14365184
COUNTS id=[ 256, 38684 ] end=2195456 piso=12702208
COUNTS id=[ 256, 38685 ] end=67207168 piso=153432576
COUNTS id=[ 256, 38686 ] end=35618816 piso=51488768
COUNTS id=[ 256, 38687 ] end=3112960 piso=10665984
COUNTS id=[ 256, 38688 ] end=3145728 piso=15695872
COUNTS id=[ 256, 38689 ] end=68157440 piso=162512896
COUNTS id=[ 256, 38690 ] end=3145728 piso=11454464
COUNTS id=[ 256, 38691 ] end=3145728 piso=11741184
COUNTS id=[ 256, 38692 ] end=4161536 piso=13591040
COUNTS id=[ 256, 38693 ] end=34635776 piso=46875136
CLOSEST id=[ 256, 38693 ] end=34635776 piso=46875136 ratio=13079/9664
COUNTS id=[ 256, 38694 ] end=36634624 piso=91976192
COUNTS id=[ 256, 38695 ] end=36634624 piso=92021248
COUNTS id=[ 256, 38696 ] end=6389760 piso=19313152
COUNTS id=[ 256, 38697 ] end=2129920 piso=11301376
COUNTS id=[ 256, 38698 ] end=4161536 piso=12595712
COUNTS id=[ 256, 38699 ] end=4161536 piso=12677632
COUNTS id=[ 256, 38700 ] end=5144576 piso=14436352
COUNTS id=[ 256, 38701 ] end=3112960 piso=10600448
COUNTS id=[ 256, 38702 ] end=3145728 piso=12296192
COUNTS id=[ 256, 38703 ] end=3145728 piso=12001280
COUNTS id=[ 256, 38704 ] end=7405568 piso=25937920
