{"command": ["/project/gap-4.16.1/gap", "-l", "/project/gap-4.16.1", "-q", "-b", "-T", "-m", "128m", "-o", "4g", "-c", "START_ORDER:=288;;END_ORDER:=288;;START_ID:=513;;END_ID:=768;;SKIP_ABELIAN:=true;;LOG_ALL:=true;;", "/project/scripts/search_19_20.g"], "source_hashes": {"scripts/search_19_20.g": "7b6a34e9163b58b0248b3c464ae8070783414cd7d14048136dd0e3547b906318", "scripts/lib_19_20.g": "fbcf2d3c4b0648cc1fa87d6e50fc923133d594c029b8430a365caf596ac7ccd5"}}
PARAMETERS start=288 end=288 start_id=513 end_id=768 skip_abelian=true log_all=true
ORDER_START order=288 groups=1045
COUNTS id=[ 288, 513 ] end=27136 piso=564192
CLOSEST id=[ 288, 513 ] end=27136 piso=564192 ratio=17631/848
COUNTS id=[ 288, 514 ] end=56896 piso=692352
CLOSEST id=[ 288, 514 ] end=56896 piso=692352 ratio=10818/889
COUNTS id=[ 288, 515 ] end=10432 piso=353664
COUNTS id=[ 288, 516 ] end=21952 piso=383904
COUNTS id=[ 288, 517 ] end=13888 piso=376704
COUNTS id=[ 288, 518 ] end=11584 piso=331776
COUNTS id=[ 288, 519 ] end=24832 piso=500832
COUNTS id=[ 288, 520 ] end=20800 piso=359424
COUNTS id=[ 288, 521 ] end=46144 piso=487296
CLOSEST id=[ 288, 521 ] end=46144 piso=487296 ratio=7614/721
COUNTS id=[ 288, 522 ] end=48128 piso=521856
COUNTS id=[ 288, 523 ] end=139264 piso=903168
CLOSEST id=[ 288, 523 ] end=139264 piso=903168 ratio=441/68
COUNTS id=[ 288, 524 ] end=43520 piso=649728
COUNTS id=[ 288, 525 ] end=18944 piso=355968
COUNTS id=[ 288, 526 ] end=18944 piso=397440
COUNTS id=[ 288, 527 ] end=22784 piso=412128
COUNTS id=[ 288, 528 ] end=40832 piso=587232
COUNTS id=[ 288, 529 ] end=43136 piso=695520
COUNTS id=[ 288, 530 ] end=173056 piso=1225728
COUNTS id=[ 288, 531 ] end=65024 piso=1013760
COUNTS id=[ 288, 532 ] end=11584 piso=373248
COUNTS id=[ 288, 533 ] end=22144 piso=569952
COUNTS id=[ 288, 534 ] end=37504 piso=670176
COUNTS id=[ 288, 535 ] end=11008 piso=355680
COUNTS id=[ 288, 536 ] end=21376 piso=416736
COUNTS id=[ 288, 537 ] end=82688 piso=698112
COUNTS id=[ 288, 538 ] end=25792 piso=480384
COUNTS id=[ 288, 539 ] end=12352 piso=411264
COUNTS id=[ 288, 540 ] end=55040 piso=568800
COUNTS id=[ 288, 541 ] end=17152 piso=435168
COUNTS id=[ 288, 542 ] end=73472 piso=1285344
COUNTS id=[ 288, 543 ] end=23680 piso=480096
COUNTS id=[ 288, 544 ] end=20608 piso=586080
COUNTS id=[ 288, 545 ] end=38080 piso=1153152
COUNTS id=[ 288, 546 ] end=54272 piso=572256
COUNTS id=[ 288, 547 ] end=16000 piso=412128
COUNTS id=[ 288, 548 ] end=78848 piso=1022976
COUNTS id=[ 288, 549 ] end=30464 piso=375264
COUNTS id=[ 288, 550 ] end=28928 piso=594144
COUNTS id=[ 288, 551 ] end=45056 piso=574560
COUNTS id=[ 288, 552 ] end=35840 piso=498528
COUNTS id=[ 288, 553 ] end=14656 piso=320256
COUNTS id=[ 288, 554 ] end=40576 piso=705888
COUNTS id=[ 288, 555 ] end=28096 piso=471168
COUNTS id=[ 288, 556 ] end=41344 piso=537696
COUNTS id=[ 288, 557 ] end=80512 piso=1521504
COUNTS id=[ 288, 558 ] end=56320 piso=1539936
COUNTS id=[ 288, 559 ] end=175936 piso=2549376
COUNTS id=[ 288, 560 ] end=34816 piso=831456
COUNTS id=[ 288, 561 ] end=16960 piso=595584
COUNTS id=[ 288, 562 ] end=112192 piso=1362816
COUNTS id=[ 288, 563 ] end=16960 piso=428544
COUNTS id=[ 288, 564 ] end=45568 piso=740448
COUNTS id=[ 288, 565 ] end=36608 piso=419040
COUNTS id=[ 288, 566 ] end=71488 piso=714240
COUNTS id=[ 288, 567 ] end=64576 piso=680832
COUNTS id=[ 288, 568 ] end=108800 piso=6728832
COUNTS id=[ 288, 569 ] end=117248 piso=6930432
COUNTS id=[ 288, 570 ] end=101056 piso=6997248
COUNTS id=[ 288, 571 ] end=142528 piso=8589312
COUNTS id=[ 288, 572 ] end=37264 piso=595872
COUNTS id=[ 288, 573 ] end=23632 piso=364896
COUNTS id=[ 288, 574 ] end=56320 piso=1463616
COUNTS id=[ 288, 575 ] end=24544 piso=425952
COUNTS id=[ 288, 576 ] end=14416 piso=254304
COUNTS id=[ 288, 577 ] end=4048 piso=196128
COUNTS id=[ 288, 578 ] end=34816 piso=798912
COUNTS id=[ 288, 579 ] end=7264 piso=304992
COUNTS id=[ 288, 580 ] end=9520 piso=199008
COUNTS id=[ 288, 581 ] end=5488 piso=143136
COUNTS id=[ 288, 582 ] end=12112 piso=237600
COUNTS id=[ 288, 583 ] end=7504 piso=162144
COUNTS id=[ 288, 584 ] end=6400 piso=267840
COUNTS id=[ 288, 585 ] end=32032 piso=785376
COUNTS id=[ 288, 586 ] end=29648 piso=394272
COUNTS id=[ 288, 587 ] end=23984 piso=391392
COUNTS id=[ 288, 588 ] end=25472 piso=532800
COUNTS id=[ 288, 589 ] end=27872 piso=626400
COUNTS id=[ 288, 590 ] end=13328 piso=296928
COUNTS id=[ 288, 591 ] end=4400 piso=182304
COUNTS id=[ 288, 592 ] end=12416 piso=609984
COUNTS id=[ 288, 593 ] end=10592 piso=436320
COUNTS id=[ 288, 594 ] end=5168 piso=154080
COUNTS id=[ 288, 595 ] end=5264 piso=132768
COUNTS id=[ 288, 596 ] end=7760 piso=184608
COUNTS id=[ 288, 597 ] end=8432 piso=184032
COUNTS id=[ 288, 598 ] end=9728 piso=445248
COUNTS id=[ 288, 599 ] end=5408 piso=364896
COUNTS id=[ 288, 600 ] end=40448 piso=581472
COUNTS id=[ 288, 601 ] end=26432 piso=604800
COUNTS id=[ 288, 602 ] end=247808 piso=1548288
CLOSEST id=[ 288, 602 ] end=247808 piso=1548288 ratio=756/121
COUNTS id=[ 288, 603 ] end=30464 piso=389376
COUNTS id=[ 288, 604 ] end=9152 piso=324000
COUNTS id=[ 288, 605 ] end=26624 piso=964224
COUNTS id=[ 288, 606 ] end=34304 piso=734688
COUNTS id=[ 288, 607 ] end=13760 piso=468864
COUNTS id=[ 288, 608 ] end=118784 piso=2949120
COUNTS id=[ 288, 609 ] end=14144 piso=397440
COUNTS id=[ 288, 610 ] end=13760 piso=916992
COUNTS id=[ 288, 611 ] end=192512 piso=15068160
COUNTS id=[ 288, 612 ] end=24704 piso=422496
PROGRESS checked=100 hits=0 reversed=0 runtime_ms=98335
COUNTS id=[ 288, 613 ] end=106496 piso=1225728
COUNTS id=[ 288, 614 ] end=29888 piso=531072
COUNTS id=[ 288, 615 ] end=91136 piso=1271808
COUNTS id=[ 288, 616 ] end=95744 piso=2533248
COUNTS id=[ 288, 617 ] end=10304 piso=421632
COUNTS id=[ 288, 618 ] end=21632 piso=543456
COUNTS id=[ 288, 619 ] end=33152 piso=748512
COUNTS id=[ 288, 620 ] end=39680 piso=475488
COUNTS id=[ 288, 621 ] end=66944 piso=1178208
COUNTS id=[ 288, 622 ] end=158720 piso=15105024
COUNTS id=[ 288, 623 ] end=25280 piso=547200
COUNTS id=[ 288, 624 ] end=74048 piso=2658816
COUNTS id=[ 288, 625 ] end=88256 piso=2953728
COUNTS id=[ 288, 626 ] end=45056 piso=711648
COUNTS id=[ 288, 627 ] end=90944 piso=1483776
COUNTS id=[ 288, 628 ] end=29696 piso=1038816
COUNTS id=[ 288, 629 ] end=141248 piso=15329664
COUNTS id=[ 288, 630 ] end=28160 piso=985824
COUNTS id=[ 288, 631 ] end=108224 piso=6923520
COUNTS id=[ 288, 632 ] end=11016 piso=82944
COUNTS id=[ 288, 633 ] end=4320 piso=51192
COUNTS id=[ 288, 634 ] end=11124 piso=508032
COUNTS id=[ 288, 635 ] end=5832 piso=61344
COUNTS id=[ 288, 636 ] end=7668 piso=107136
COUNTS id=[ 288, 637 ] end=4320 piso=19008
CLOSEST id=[ 288, 637 ] end=4320 piso=19008 ratio=22/5
COUNTS id=[ 288, 638 ] end=2160 piso=14904
COUNTS id=[ 288, 639 ] end=16128 piso=106848
COUNTS id=[ 288, 640 ] end=37440 piso=164736
COUNTS id=[ 288, 641 ] end=7488 piso=92160
COUNTS id=[ 288, 642 ] end=92160 piso=267264
CLOSEST id=[ 288, 642 ] end=92160 piso=267264 ratio=29/10
COUNTS id=[ 288, 643 ] end=18432 piso=97920
COUNTS id=[ 288, 644 ] end=29952 piso=164448
COUNTS id=[ 288, 645 ] end=124992 piso=616320
COUNTS id=[ 288, 646 ] end=21312 piso=142848
COUNTS id=[ 288, 647 ] end=10944 piso=79776
COUNTS id=[ 288, 648 ] end=16128 piso=126720
COUNTS id=[ 288, 649 ] end=12672 piso=133344
COUNTS id=[ 288, 650 ] end=7488 piso=95904
COUNTS id=[ 288, 651 ] end=69120 piso=2035584
COUNTS id=[ 288, 652 ] end=24192 piso=179424
COUNTS id=[ 288, 653 ] end=72000 piso=2274048
COUNTS id=[ 288, 654 ] end=13248 piso=140544
COUNTS id=[ 288, 655 ] end=24192 piso=238176
COUNTS id=[ 288, 656 ] end=14400 piso=149760
COUNTS id=[ 288, 657 ] end=14400 piso=150912
COUNTS id=[ 288, 658 ] end=13824 piso=105696
COUNTS id=[ 288, 659 ] end=25920 piso=147456
COUNTS id=[ 288, 660 ] end=4032 piso=84096
COUNTS id=[ 288, 661 ] end=5184 piso=86400
COUNTS id=[ 288, 662 ] end=34560 piso=200448
COUNTS id=[ 288, 663 ] end=18432 piso=95616
COUNTS id=[ 288, 664 ] end=27648 piso=160992
COUNTS id=[ 288, 665 ] end=14400 piso=125568
COUNTS id=[ 288, 666 ] end=33408 piso=247392
COUNTS id=[ 288, 667 ] end=11520 piso=102240
COUNTS id=[ 288, 668 ] end=12672 piso=104544
COUNTS id=[ 288, 669 ] end=8640 piso=72864
COUNTS id=[ 288, 670 ] end=23040 piso=66816
COUNTS id=[ 288, 671 ] end=16128 piso=52992
COUNTS id=[ 288, 672 ] end=5184 piso=29088
COUNTS id=[ 288, 673 ] end=21312 piso=111168
COUNTS id=[ 288, 674 ] end=42048 piso=289728
COUNTS id=[ 288, 675 ] end=6336 piso=50112
COUNTS id=[ 288, 676 ] end=14400 piso=130752
COUNTS id=[ 288, 677 ] end=14400 piso=51264
COUNTS id=[ 288, 678 ] end=5184 piso=29088
COUNTS id=[ 288, 679 ] end=18144 piso=110880
COUNTS id=[ 288, 680 ] end=4320 piso=60192
COUNTS id=[ 288, 681 ] end=29520 piso=270432
COUNTS id=[ 288, 682 ] end=14832 piso=110304
COUNTS id=[ 288, 683 ] end=5328 piso=59040
COUNTS id=[ 288, 684 ] end=15120 piso=103392
COUNTS id=[ 288, 685 ] end=15120 piso=108000
COUNTS id=[ 288, 686 ] end=3312 piso=58464
COUNTS id=[ 288, 687 ] end=5040 piso=49824
COUNTS id=[ 288, 688 ] end=6480 piso=119520
COUNTS id=[ 288, 689 ] end=3600 piso=63072
COUNTS id=[ 288, 690 ] end=5904 piso=62496
COUNTS id=[ 288, 691 ] end=36864 piso=129024
COUNTS id=[ 288, 692 ] end=16128 piso=105984
COUNTS id=[ 288, 693 ] end=110592 piso=331776
COUNTS id=[ 288, 694 ] end=36864 piso=267264
COUNTS id=[ 288, 695 ] end=13824 piso=148320
COUNTS id=[ 288, 696 ] end=64512 piso=276480
COUNTS id=[ 288, 697 ] end=23040 piso=144000
COUNTS id=[ 288, 698 ] end=73728 piso=2064384
COUNTS id=[ 288, 699 ] end=25344 piso=193248
COUNTS id=[ 288, 700 ] end=15552 piso=163584
COUNTS id=[ 288, 701 ] end=29952 piso=261216
COUNTS id=[ 288, 702 ] end=30528 piso=354240
COUNTS id=[ 288, 703 ] end=13536 piso=200160
COUNTS id=[ 288, 704 ] end=16704 piso=205632
COUNTS id=[ 288, 705 ] end=41472 piso=278496
COUNTS id=[ 288, 706 ] end=13248 piso=229248
COUNTS id=[ 288, 707 ] end=16704 piso=235008
COUNTS id=[ 288, 708 ] end=68544 piso=2315520
COUNTS id=[ 288, 709 ] end=26496 piso=309600
COUNTS id=[ 288, 710 ] end=25344 piso=314208
COUNTS id=[ 288, 711 ] end=62784 piso=572544
COUNTS id=[ 288, 712 ] end=19008 piso=143424
PROGRESS checked=200 hits=0 reversed=0 runtime_ms=188021
COUNTS id=[ 288, 713 ] end=4320 piso=89568
COUNTS id=[ 288, 714 ] end=9792 piso=146880
COUNTS id=[ 288, 715 ] end=23616 piso=171648
COUNTS id=[ 288, 716 ] end=23040 piso=140256
COUNTS id=[ 288, 717 ] end=12672 piso=129888
COUNTS id=[ 288, 718 ] end=19008 piso=165888
COUNTS id=[ 288, 719 ] end=5760 piso=48672
COUNTS id=[ 288, 720 ] end=15264 piso=120096
COUNTS id=[ 288, 721 ] end=5184 piso=59328
COUNTS id=[ 288, 722 ] end=3744 piso=71712
COUNTS id=[ 288, 723 ] end=92160 piso=5446656
COUNTS id=[ 288, 724 ] end=73152 piso=5627520
COUNTS id=[ 288, 725 ] end=193792 piso=1217376
COUNTS id=[ 288, 726 ] end=755776 piso=2968704
COUNTS id=[ 288, 727 ] end=186688 piso=1320192
COUNTS id=[ 288, 728 ] end=802816 piso=2875392
COUNTS id=[ 288, 729 ] end=196096 piso=991872
COUNTS id=[ 288, 730 ] end=387328 piso=2026080
COUNTS id=[ 288, 731 ] end=2999872 piso=14497920
COUNTS id=[ 288, 732 ] end=380224 piso=2108160
COUNTS id=[ 288, 733 ] end=190144 piso=1084320
COUNTS id=[ 288, 734 ] end=100864 piso=1719936
COUNTS id=[ 288, 735 ] end=143360 piso=1779552
COUNTS id=[ 288, 736 ] end=48320 piso=876960
COUNTS id=[ 288, 737 ] end=602112 piso=15823872
COUNTS id=[ 288, 738 ] end=153856 piso=1689696
COUNTS id=[ 288, 739 ] end=741824 piso=18887040
COUNTS id=[ 288, 740 ] end=99008 piso=981504
COUNTS id=[ 288, 741 ] end=154880 piso=2053728
COUNTS id=[ 288, 742 ] end=100160 piso=1172736
COUNTS id=[ 288, 743 ] end=145088 piso=1728000
COUNTS id=[ 288, 744 ] end=101632 piso=1401696
COUNTS id=[ 288, 745 ] end=294976 piso=1959552
COUNTS id=[ 288, 746 ] end=48448 piso=965376
COUNTS id=[ 288, 747 ] end=94528 piso=1131264
COUNTS id=[ 288, 748 ] end=301056 piso=2156544
COUNTS id=[ 288, 749 ] end=196096 piso=1084032
COUNTS id=[ 288, 750 ] end=295168 piso=2026080
COUNTS id=[ 288, 751 ] end=148672 piso=1571328
COUNTS id=[ 288, 752 ] end=527104 piso=4445280
COUNTS id=[ 288, 753 ] end=100864 piso=1139040
COUNTS id=[ 288, 754 ] end=146944 piso=1304928
COUNTS id=[ 288, 755 ] end=97984 piso=826272
COUNTS id=[ 288, 756 ] end=200704 piso=718848
COUNTS id=[ 288, 757 ] end=194816 piso=686592
COUNTS id=[ 288, 758 ] end=49088 piso=341280
COUNTS id=[ 288, 759 ] end=380224 piso=1894464
COUNTS id=[ 288, 760 ] end=760384 piso=4964544
COUNTS id=[ 288, 761 ] end=95680 piso=841536
COUNTS id=[ 288, 762 ] end=373312 piso=2598336
COUNTS id=[ 288, 763 ] end=125440 piso=557568
COUNTS id=[ 288, 764 ] end=49088 piso=341280
COUNTS id=[ 288, 765 ] end=264736 piso=1811808
COUNTS id=[ 288, 766 ] end=71200 piso=1033056
COUNTS id=[ 288, 767 ] end=257152 piso=2773440
COUNTS id=[ 288, 768 ] end=130656 piso=1012320
DONE checked=256 abelian=0 hits=0 reversed=0 skipped_abelian=0 closest=[ 288, 642 ] min_ratio=29/10 runtime_ms=241429
