{"command": ["/project/gap-4.16.1/gap", "-l", "/project/gap-4.16.1", "-q", "-b", "-T", "-m", "128m", "-o", "4g", "-c", "START_ORDER:=416;;END_ORDER:=416;;START_ID:=1;;END_ID:=235;;SKIP_ABELIAN:=true;;LOG_ALL:=true;;", "/project/scripts/search_19_20.g"], "source_hashes": {"scripts/search_19_20.g": "7b6a34e9163b58b0248b3c464ae8070783414cd7d14048136dd0e3547b906318", "scripts/lib_19_20.g": "fbcf2d3c4b0648cc1fa87d6e50fc923133d594c029b8430a365caf596ac7ccd5"}}
PARAMETERS start=416 end=416 start_id=1 end_id=235 skip_abelian=true log_all=true
ORDER_START order=416 groups=235
COUNTS id=[ 416, 1 ] end=2720 piso=5408
CLOSEST id=[ 416, 1 ] end=2720 piso=5408 ratio=169/85
ABELIAN_SKIPPED id=[ 416, 2 ] reason=known_equality
COUNTS id=[ 416, 3 ] end=1568 piso=6656
COUNTS id=[ 416, 4 ] end=6272 piso=21632
COUNTS id=[ 416, 5 ] end=6048 piso=21632
COUNTS id=[ 416, 6 ] end=44100 piso=293488
COUNTS id=[ 416, 7 ] end=22052 piso=126256
COUNTS id=[ 416, 8 ] end=21636 piso=210288
COUNTS id=[ 416, 9 ] end=43520 piso=86528
COUNTS id=[ 416, 10 ] end=21888 piso=86528
COUNTS id=[ 416, 11 ] end=21696 piso=65728
COUNTS id=[ 416, 12 ] end=11712 piso=79456
COUNTS id=[ 416, 13 ] end=13440 piso=228384
COUNTS id=[ 416, 14 ] end=12576 piso=79040
COUNTS id=[ 416, 15 ] end=12576 piso=79040
COUNTS id=[ 416, 16 ] end=22944 piso=438880
COUNTS id=[ 416, 17 ] end=11296 piso=184288
COUNTS id=[ 416, 18 ] end=10880 piso=21632
COUNTS id=[ 416, 19 ] end=5472 piso=21632
COUNTS id=[ 416, 20 ] end=25088 piso=86528
COUNTS id=[ 416, 21 ] end=6720 piso=70720
COUNTS id=[ 416, 22 ] end=24192 piso=86528
COUNTS id=[ 416, 23 ] end=11680 piso=244192
COUNTS id=[ 416, 24 ] end=43296 piso=168896
COUNTS id=[ 416, 25 ] end=43296 piso=168896
COUNTS id=[ 416, 26 ] end=10848 piso=64064
COUNTS id=[ 416, 27 ] end=12544 piso=200512
COUNTS id=[ 416, 28 ] end=23328 piso=458848
COUNTS id=[ 416, 29 ] end=5856 piso=49088
COUNTS id=[ 416, 30 ] end=23744 piso=448864
COUNTS id=[ 416, 31 ] end=12096 piso=192608
COUNTS id=[ 416, 32 ] end=12096 piso=129376
COUNTS id=[ 416, 33 ] end=15492 piso=106288
COUNTS id=[ 416, 34 ] end=10916 piso=68848
COUNTS id=[ 416, 35 ] end=14564 piso=88816
COUNTS id=[ 416, 36 ] end=11652 piso=82992
COUNTS id=[ 416, 37 ] end=21760 piso=75712
COUNTS id=[ 416, 38 ] end=50176 piso=790400
COUNTS id=[ 416, 39 ] end=16416 piso=89440
COUNTS id=[ 416, 40 ] end=21824 piso=109408
COUNTS id=[ 416, 41 ] end=32640 piso=173472
COUNTS id=[ 416, 42 ] end=16288 piso=74464
COUNTS id=[ 416, 43 ] end=21696 piso=92768
COUNTS id=[ 416, 44 ] end=10944 piso=69472
COUNTS id=[ 416, 45 ] end=13312 piso=71552
ABELIAN_SKIPPED id=[ 416, 46 ] reason=known_equality
COUNTS id=[ 416, 47 ] end=4992 piso=6656
CLOSEST id=[ 416, 47 ] end=4992 piso=6656 ratio=4/3
COUNTS id=[ 416, 48 ] end=3328 piso=15808
COUNTS id=[ 416, 49 ] end=4992 piso=33696
COUNTS id=[ 416, 50 ] end=4160 piso=29536
COUNTS id=[ 416, 51 ] end=2496 piso=12896
COUNTS id=[ 416, 52 ] end=3744 piso=29536
COUNTS id=[ 416, 53 ] end=2080 piso=14560
COUNTS id=[ 416, 54 ] end=2496 piso=9568
COUNTS id=[ 416, 55 ] end=2496 piso=5824
COUNTS id=[ 416, 56 ] end=3744 piso=9152
COUNTS id=[ 416, 57 ] end=3744 piso=9152
COUNTS id=[ 416, 58 ] end=1248 piso=4160
ABELIAN_SKIPPED id=[ 416, 59 ] reason=known_equality
COUNTS id=[ 416, 60 ] end=1248 piso=1664
COUNTS id=[ 416, 61 ] end=4212 piso=13936
COUNTS id=[ 416, 62 ] end=2132 piso=6448
COUNTS id=[ 416, 63 ] end=1716 piso=10608
COUNTS id=[ 416, 64 ] end=3968 piso=26624
COUNTS id=[ 416, 65 ] end=3552 piso=26624
COUNTS id=[ 416, 66 ] end=11264 piso=91520
COUNTS id=[ 416, 67 ] end=9792 piso=91520
COUNTS id=[ 416, 68 ] end=13632 piso=138944
COUNTS id=[ 416, 69 ] end=13632 piso=138944
COUNTS id=[ 416, 70 ] end=6144 piso=64064
COUNTS id=[ 416, 71 ] end=6144 piso=64064
COUNTS id=[ 416, 72 ] end=6272 piso=26624
COUNTS id=[ 416, 73 ] end=3360 piso=26624
COUNTS id=[ 416, 74 ] end=14592 piso=507936
COUNTS id=[ 416, 75 ] end=15872 piso=101504
COUNTS id=[ 416, 76 ] end=12096 piso=90688
COUNTS id=[ 416, 77 ] end=9216 piso=101504
COUNTS id=[ 416, 78 ] end=7936 piso=220480
COUNTS id=[ 416, 79 ] end=7104 piso=90688
COUNTS id=[ 416, 80 ] end=7104 piso=207584
COUNTS id=[ 416, 81 ] end=22528 piso=965120
COUNTS id=[ 416, 82 ] end=6912 piso=388960
COUNTS id=[ 416, 83 ] end=5664 piso=124384
COUNTS id=[ 416, 84 ] end=5632 piso=184288
COUNTS id=[ 416, 85 ] end=6048 piso=149344
COUNTS id=[ 416, 86 ] end=14208 piso=278304
COUNTS id=[ 416, 87 ] end=12544 piso=220480
COUNTS id=[ 416, 88 ] end=8384 piso=214240
COUNTS id=[ 416, 89 ] end=53504 piso=457184
COUNTS id=[ 416, 90 ] end=186432 piso=933504
COUNTS id=[ 416, 91 ] end=43328 piso=429312
COUNTS id=[ 416, 92 ] end=253952 piso=1384448
COUNTS id=[ 416, 93 ] end=56832 piso=394368
COUNTS id=[ 416, 94 ] end=106752 piso=839904
COUNTS id=[ 416, 95 ] end=712256 piso=4115072
COUNTS id=[ 416, 96 ] end=96576 piso=768768
COUNTS id=[ 416, 97 ] end=48320 piso=344864
COUNTS id=[ 416, 98 ] end=32256 piso=474240
COUNTS id=[ 416, 99 ] end=37120 piso=517088
COUNTS id=[ 416, 100 ] end=12992 piso=264992
COUNTS id=[ 416, 101 ] end=190464 piso=11594752
COUNTS id=[ 416, 102 ] end=52224 piso=650208
COUNTS id=[ 416, 103 ] end=222656 piso=13090688
PROGRESS checked=100 hits=0 reversed=0 runtime_ms=37858
COUNTS id=[ 416, 104 ] end=29632 piso=396032
COUNTS id=[ 416, 105 ] end=53760 piso=916448
COUNTS id=[ 416, 106 ] end=31296 piso=469248
COUNTS id=[ 416, 107 ] end=39616 piso=485888
COUNTS id=[ 416, 108 ] end=33536 piso=527072
COUNTS id=[ 416, 109 ] end=86592 piso=793728
COUNTS id=[ 416, 110 ] end=13376 piso=349440
COUNTS id=[ 416, 111 ] end=23360 piso=369408
COUNTS id=[ 416, 112 ] end=95232 piso=1038336
COUNTS id=[ 416, 113 ] end=56832 piso=434304
COUNTS id=[ 416, 114 ] end=86784 piso=849888
COUNTS id=[ 416, 115 ] end=44992 piso=635648
COUNTS id=[ 416, 116 ] end=139008 piso=1495520
COUNTS id=[ 416, 117 ] end=32512 piso=467168
COUNTS id=[ 416, 118 ] end=42496 piso=487136
COUNTS id=[ 416, 119 ] end=28352 piso=304928
COUNTS id=[ 416, 120 ] end=63488 piso=346112
COUNTS id=[ 416, 121 ] end=55040 piso=279552
COUNTS id=[ 416, 122 ] end=14272 piso=130208
COUNTS id=[ 416, 123 ] end=96576 piso=679744
COUNTS id=[ 416, 124 ] end=193088 piso=1866176
COUNTS id=[ 416, 125 ] end=25024 piso=277056
COUNTS id=[ 416, 126 ] end=86592 piso=844480
COUNTS id=[ 416, 127 ] end=39680 piso=254592
COUNTS id=[ 416, 128 ] end=14272 piso=130208
COUNTS id=[ 416, 129 ] end=71200 piso=670176
COUNTS id=[ 416, 130 ] end=17952 piso=350688
COUNTS id=[ 416, 131 ] end=81344 piso=1396928
COUNTS id=[ 416, 132 ] end=40096 piso=458016
COUNTS id=[ 416, 133 ] end=13888 piso=232128
COUNTS id=[ 416, 134 ] end=41664 piso=515008
COUNTS id=[ 416, 135 ] end=44128 piso=567840
COUNTS id=[ 416, 136 ] end=8352 piso=268320
COUNTS id=[ 416, 137 ] end=12928 piso=217152
COUNTS id=[ 416, 138 ] end=17856 piso=554944
COUNTS id=[ 416, 139 ] end=12384 piso=258336
COUNTS id=[ 416, 140 ] end=21952 piso=331968
COUNTS id=[ 416, 141 ] end=174080 piso=346112
COUNTS id=[ 416, 142 ] end=44288 piso=179712
COUNTS id=[ 416, 143 ] end=401408 piso=1384448
COUNTS id=[ 416, 144 ] end=107520 piso=958464
COUNTS id=[ 416, 145 ] end=47104 piso=377312
COUNTS id=[ 416, 146 ] end=347136 piso=1038336
COUNTS id=[ 416, 147 ] end=87552 piso=354432
COUNTS id=[ 416, 148 ] end=227328 piso=11514880
COUNTS id=[ 416, 149 ] end=57600 piso=410592
COUNTS id=[ 416, 150 ] end=49600 piso=346112
COUNTS id=[ 416, 151 ] end=103680 piso=866528
COUNTS id=[ 416, 152 ] end=80960 piso=678080
COUNTS id=[ 416, 153 ] end=18976 piso=170976
COUNTS id=[ 416, 154 ] end=44352 piso=310336
COUNTS id=[ 416, 155 ] end=195840 piso=809952
COUNTS id=[ 416, 156 ] end=22720 piso=465920
COUNTS id=[ 416, 157 ] end=44352 piso=509184
COUNTS id=[ 416, 158 ] end=182720 piso=11553152
COUNTS id=[ 416, 159 ] end=65280 piso=576992
COUNTS id=[ 416, 160 ] end=55296 piso=616928
COUNTS id=[ 416, 161 ] end=157760 piso=1858688
COUNTS id=[ 416, 162 ] end=76608 piso=549952
COUNTS id=[ 416, 163 ] end=17952 piso=151008
COUNTS id=[ 416, 164 ] end=46656 piso=375232
COUNTS id=[ 416, 165 ] end=57408 piso=514176
COUNTS id=[ 416, 166 ] end=108800 piso=507104
COUNTS id=[ 416, 167 ] end=37888 piso=387296
COUNTS id=[ 416, 168 ] end=76608 piso=668928
COUNTS id=[ 416, 169 ] end=16576 piso=150176
COUNTS id=[ 416, 170 ] end=44320 piso=500448
COUNTS id=[ 416, 171 ] end=13120 piso=122304
COUNTS id=[ 416, 172 ] end=11040 piso=240864
COUNTS id=[ 416, 173 ] end=350208 piso=1850368
COUNTS id=[ 416, 174 ] end=189632 piso=1728896
ABELIAN_SKIPPED id=[ 416, 175 ] reason=known_equality
COUNTS id=[ 416, 176 ] end=79872 piso=891904
COUNTS id=[ 416, 177 ] end=39936 piso=79872
COUNTS id=[ 416, 178 ] end=19968 piso=34944
COUNTS id=[ 416, 179 ] end=29952 piso=61152
COUNTS id=[ 416, 180 ] end=16640 piso=37856
COUNTS id=[ 416, 181 ] end=79040 piso=990080
COUNTS id=[ 416, 182 ] end=29952 piso=87776
COUNTS id=[ 416, 183 ] end=13312 piso=37856
COUNTS id=[ 416, 184 ] end=15808 piso=46592
COUNTS id=[ 416, 185 ] end=17472 piso=49920
COUNTS id=[ 416, 186 ] end=4160 piso=29952
COUNTS id=[ 416, 187 ] end=9152 piso=25376
COUNTS id=[ 416, 188 ] end=74048 piso=201344
COUNTS id=[ 416, 189 ] end=27456 piso=54912
ABELIAN_SKIPPED id=[ 416, 190 ] reason=known_equality
COUNTS id=[ 416, 191 ] end=16640 piso=19968
CLOSEST id=[ 416, 191 ] end=16640 piso=19968 ratio=6/5
COUNTS id=[ 416, 192 ] end=5824 piso=10400
COUNTS id=[ 416, 193 ] end=34112 piso=108992
COUNTS id=[ 416, 194 ] end=17472 piso=40768
COUNTS id=[ 416, 195 ] end=7488 piso=45760
COUNTS id=[ 416, 196 ] end=5824 piso=17472
COUNTS id=[ 416, 197 ] end=17056 piso=41184
COUNTS id=[ 416, 198 ] end=3744 piso=21216
COUNTS id=[ 416, 199 ] end=45056 piso=386048
COUNTS id=[ 416, 200 ] end=35072 piso=299520
COUNTS id=[ 416, 201 ] end=20096 piso=284544
COUNTS id=[ 416, 202 ] end=143360 piso=1444352
COUNTS id=[ 416, 203 ] end=78336 piso=1098240
COUNTS id=[ 416, 204 ] end=28416 piso=469248
COUNTS id=[ 416, 205 ] end=6784 piso=147680
PROGRESS checked=200 hits=0 reversed=0 runtime_ms=80816
COUNTS id=[ 416, 206 ] end=50688 piso=867360
COUNTS id=[ 416, 207 ] end=12928 piso=192608
COUNTS id=[ 416, 208 ] end=28160 piso=514592
COUNTS id=[ 416, 209 ] end=100352 piso=425984
COUNTS id=[ 416, 210 ] end=30464 piso=299520
COUNTS id=[ 416, 211 ] end=113664 piso=11694592
COUNTS id=[ 416, 212 ] end=1601536 piso=10210304
COUNTS id=[ 416, 213 ] end=2883584 piso=22151168
COUNTS id=[ 416, 214 ] end=4263936 piso=48761856
COUNTS id=[ 416, 215 ] end=283648 piso=2098304
COUNTS id=[ 416, 216 ] end=2973696 piso=44049408
COUNTS id=[ 416, 217 ] end=197632 piso=2218112
COUNTS id=[ 416, 218 ] end=379840 piso=3072992
COUNTS id=[ 416, 219 ] end=630784 piso=7894016
COUNTS id=[ 416, 220 ] end=529408 piso=3256448
COUNTS id=[ 416, 221 ] end=107584 piso=2816736
COUNTS id=[ 416, 222 ] end=292864 piso=2283008
COUNTS id=[ 416, 223 ] end=551104 piso=4480736
COUNTS id=[ 416, 224 ] end=66880 piso=2906592
COUNTS id=[ 416, 225 ] end=11141120 piso=22151168
COUNTS id=[ 416, 226 ] end=2248704 piso=17132544
ABELIAN_SKIPPED id=[ 416, 227 ] reason=known_equality
COUNTS id=[ 416, 228 ] end=1757184 piso=3394560
COUNTS id=[ 416, 229 ] end=372736 piso=625664
COUNTS id=[ 416, 230 ] end=173056 piso=181376
CLOSEST id=[ 416, 230 ] end=173056 piso=181376 ratio=109/104
COUNTS id=[ 416, 231 ] end=305344 piso=317408
CLOSEST id=[ 416, 231 ] end=305344 piso=317408 ratio=763/734
COUNTS id=[ 416, 232 ] end=40768 piso=220896
COUNTS id=[ 416, 233 ] end=2293760 piso=23349248
COUNTS id=[ 416, 234 ] end=587202560 piso=5670699008
ABELIAN_SKIPPED id=[ 416, 235 ] reason=known_equality
DONE checked=228 abelian=0 hits=0 reversed=0 skipped_abelian=7 closest=[ 416, 231 ] min_ratio=763/734 runtime_ms=102827
