{"command": ["/project/gap-4.16.1/gap", "-l", "/project/gap-4.16.1", "-q", "-b", "-T", "-m", "128m", "-o", "4g", "-c", "START_ORDER:=486;;END_ORDER:=486;;START_ID:=1;;END_ID:=256;;SKIP_ABELIAN:=true;;LOG_ALL:=true;;", "/project/scripts/search_19_20.g"], "source_hashes": {"scripts/search_19_20.g": "7b6a34e9163b58b0248b3c464ae8070783414cd7d14048136dd0e3547b906318", "scripts/lib_19_20.g": "fbcf2d3c4b0648cc1fa87d6e50fc923133d594c029b8430a365caf596ac7ccd5"}}
PARAMETERS start=486 end=486 start_id=1 end_id=256 skip_abelian=true log_all=true
ORDER_START order=486 groups=261
COUNTS id=[ 486, 1 ] end=59050 piso=256122
CLOSEST id=[ 486, 1 ] end=59050 piso=256122 ratio=128061/29525
ABELIAN_SKIPPED id=[ 486, 2 ] reason=known_equality
COUNTS id=[ 486, 3 ] end=6804 piso=820854
COUNTS id=[ 486, 4 ] end=6696 piso=2110698
COUNTS id=[ 486, 5 ] end=3780 piso=1221318
COUNTS id=[ 486, 6 ] end=5184 piso=585630
COUNTS id=[ 486, 7 ] end=5184 piso=1189242
COUNTS id=[ 486, 8 ] end=5184 piso=564246
COUNTS id=[ 486, 9 ] end=5184 piso=1167858
COUNTS id=[ 486, 10 ] end=3672 piso=127818
COUNTS id=[ 486, 11 ] end=3672 piso=127818
COUNTS id=[ 486, 12 ] end=3672 piso=136566
COUNTS id=[ 486, 13 ] end=6642 piso=39366
COUNTS id=[ 486, 14 ] end=2430 piso=24786
COUNTS id=[ 486, 15 ] end=3726 piso=33534
COUNTS id=[ 486, 16 ] end=2430 piso=82134
COUNTS id=[ 486, 17 ] end=19710 piso=672138
COUNTS id=[ 486, 18 ] end=6804 piso=46220058
COUNTS id=[ 486, 19 ] end=6642 piso=44100126
COUNTS id=[ 486, 20 ] end=5346 piso=188082
COUNTS id=[ 486, 21 ] end=5130 piso=246402
COUNTS id=[ 486, 22 ] end=5346 piso=188082
COUNTS id=[ 486, 23 ] end=5130 piso=246402
COUNTS id=[ 486, 24 ] end=2430 piso=528390
COUNTS id=[ 486, 25 ] end=19764 piso=16200810
COUNTS id=[ 486, 26 ] end=1782 piso=25542
COUNTS id=[ 486, 27 ] end=15336 piso=329022
COUNTS id=[ 486, 28 ] end=1782 piso=25542
COUNTS id=[ 486, 29 ] end=15336 piso=329022
COUNTS id=[ 486, 30 ] end=1458 piso=17010
COUNTS id=[ 486, 31 ] end=1782 piso=21870
COUNTS id=[ 486, 32 ] end=19692 piso=74358
CLOSEST id=[ 486, 32 ] end=19692 piso=74358 ratio=4131/1094
COUNTS id=[ 486, 33 ] end=972 piso=3402
CLOSEST id=[ 486, 33 ] end=972 piso=3402 ratio=7/2
COUNTS id=[ 486, 34 ] end=10944 piso=69498
COUNTS id=[ 486, 35 ] end=9540 piso=1547910
COUNTS id=[ 486, 36 ] end=4788 piso=224046
COUNTS id=[ 486, 37 ] end=14022 piso=1635390
COUNTS id=[ 486, 38 ] end=1710 piso=57834
COUNTS id=[ 486, 39 ] end=1818 piso=79218
COUNTS id=[ 486, 40 ] end=1710 piso=50058
COUNTS id=[ 486, 41 ] end=3222 piso=134622
COUNTS id=[ 486, 42 ] end=531442 piso=4483350
COUNTS id=[ 486, 43 ] end=164026 piso=37163934
COUNTS id=[ 486, 44 ] end=85294 piso=11033658
COUNTS id=[ 486, 45 ] end=19684 piso=1602342
COUNTS id=[ 486, 46 ] end=85294 piso=10819818
COUNTS id=[ 486, 47 ] end=32806 piso=1787022
COUNTS id=[ 486, 48 ] end=32806 piso=1612062
COUNTS id=[ 486, 49 ] end=111538 piso=1699542
COUNTS id=[ 486, 50 ] end=4782970 piso=20745882
COUNTS id=[ 486, 51 ] end=59050 piso=742122
COUNTS id=[ 486, 52 ] end=177148 piso=71991666
COUNTS id=[ 486, 53 ] end=137782 piso=1788966
COUNTS id=[ 486, 54 ] end=137782 piso=1788966
COUNTS id=[ 486, 55 ] end=32806 piso=686718
COUNTS id=[ 486, 56 ] end=124660 piso=10952010
COUNTS id=[ 486, 57 ] end=72172 piso=1740366
COUNTS id=[ 486, 58 ] end=28432 piso=329022
COUNTS id=[ 486, 59 ] end=28432 piso=329022
COUNTS id=[ 486, 60 ] end=531442 piso=2777490
COUNTS id=[ 486, 61 ] end=8992 piso=334854
COUNTS id=[ 486, 62 ] end=118098 piso=1369062
COUNTS id=[ 486, 63 ] end=36450 piso=2309958
COUNTS id=[ 486, 64 ] end=18954 piso=805302
COUNTS id=[ 486, 65 ] end=4374 piso=121014
COUNTS id=[ 486, 66 ] end=18954 piso=762534
COUNTS id=[ 486, 67 ] end=7290 piso=157950
COUNTS id=[ 486, 68 ] end=7290 piso=122958
COUNTS id=[ 486, 69 ] end=24786 piso=140454
ABELIAN_SKIPPED id=[ 486, 70 ] reason=known_equality
COUNTS id=[ 486, 71 ] end=21870 piso=30618
CLOSEST id=[ 486, 71 ] end=21870 piso=30618 ratio=7/5
COUNTS id=[ 486, 72 ] end=13122 piso=132678
COUNTS id=[ 486, 73 ] end=39366 piso=86154678
COUNTS id=[ 486, 74 ] end=30618 piso=231822
COUNTS id=[ 486, 75 ] end=30618 piso=231822
COUNTS id=[ 486, 76 ] end=7290 piso=126846
COUNTS id=[ 486, 77 ] end=27702 piso=851958
COUNTS id=[ 486, 78 ] end=16038 piso=222102
COUNTS id=[ 486, 79 ] end=6318 piso=23814
COUNTS id=[ 486, 80 ] end=6318 piso=23814
COUNTS id=[ 486, 81 ] end=7290 piso=24786
COUNTS id=[ 486, 82 ] end=3402 piso=13122
ABELIAN_SKIPPED id=[ 486, 83 ] reason=known_equality
COUNTS id=[ 486, 84 ] end=2430 piso=3402
COUNTS id=[ 486, 85 ] end=8910 piso=55890
COUNTS id=[ 486, 86 ] end=35154 piso=222102
COUNTS id=[ 486, 87 ] end=8910 piso=55890
COUNTS id=[ 486, 88 ] end=14742 piso=101574
COUNTS id=[ 486, 89 ] end=3078 piso=43254
COUNTS id=[ 486, 90 ] end=8910 piso=49086
COUNTS id=[ 486, 91 ] end=26244 piso=1640250
COUNTS id=[ 486, 92 ] end=118098 piso=1692738
COUNTS id=[ 486, 93 ] end=30618 piso=43779366
COUNTS id=[ 486, 94 ] end=39366 piso=44677494
COUNTS id=[ 486, 95 ] end=39366 piso=43968906
COUNTS id=[ 486, 96 ] end=17496 piso=809190
COUNTS id=[ 486, 97 ] end=21870 piso=815022
COUNTS id=[ 486, 98 ] end=18954 piso=1139670
COUNTS id=[ 486, 99 ] end=65610 piso=1375866
COUNTS id=[ 486, 100 ] end=11664 piso=206550
COUNTS id=[ 486, 101 ] end=12150 piso=206550
COUNTS id=[ 486, 102 ] end=91854 piso=63404046
COUNTS id=[ 486, 103 ] end=71442 piso=65296530
PROGRESS checked=100 hits=0 reversed=0 runtime_ms=48255
COUNTS id=[ 486, 104 ] end=18954 piso=43414866
COUNTS id=[ 486, 105 ] end=30618 piso=44312994
COUNTS id=[ 486, 106 ] end=30618 piso=778086
COUNTS id=[ 486, 107 ] end=10206 piso=602154
COUNTS id=[ 486, 108 ] end=6318 piso=186138
COUNTS id=[ 486, 109 ] end=6804 piso=145314
COUNTS id=[ 486, 110 ] end=7776 piso=258066
COUNTS id=[ 486, 111 ] end=59778 piso=354294
COUNTS id=[ 486, 112 ] end=13122 piso=188082
COUNTS id=[ 486, 113 ] end=24786 piso=231822
COUNTS id=[ 486, 114 ] end=7290 piso=93798
COUNTS id=[ 486, 115 ] end=41310 piso=49442346
COUNTS id=[ 486, 116 ] end=32562 piso=49821318
COUNTS id=[ 486, 117 ] end=30618 piso=46882962
COUNTS id=[ 486, 118 ] end=17982 piso=602262
COUNTS id=[ 486, 119 ] end=22356 piso=692550
COUNTS id=[ 486, 120 ] end=18954 piso=532170
COUNTS id=[ 486, 121 ] end=21870 piso=2649294
COUNTS id=[ 486, 122 ] end=26244 piso=2739582
COUNTS id=[ 486, 123 ] end=53946 piso=2715282
COUNTS id=[ 486, 124 ] end=10206 piso=260010
COUNTS id=[ 486, 125 ] end=5022 piso=220914
COUNTS id=[ 486, 126 ] end=19926 piso=1561626
COUNTS id=[ 486, 127 ] end=19926 piso=2447982
COUNTS id=[ 486, 128 ] end=12150 piso=570186
COUNTS id=[ 486, 129 ] end=16524 piso=660474
COUNTS id=[ 486, 130 ] end=16038 piso=2582226
COUNTS id=[ 486, 131 ] end=20412 piso=2672514
COUNTS id=[ 486, 132 ] end=4536 piso=186894
COUNTS id=[ 486, 133 ] end=59292 piso=1771470
COUNTS id=[ 486, 134 ] end=1594350 piso=6022998
COUNTS id=[ 486, 135 ] end=59130 piso=45015750
COUNTS id=[ 486, 136 ] end=98658 piso=46884906
COUNTS id=[ 486, 137 ] end=531522 piso=78062778
COUNTS id=[ 486, 138 ] end=33048 piso=922914
COUNTS id=[ 486, 139 ] end=11178 piso=266814
COUNTS id=[ 486, 140 ] end=19710 piso=348462
COUNTS id=[ 486, 141 ] end=177174 piso=2173878
COUNTS id=[ 486, 142 ] end=295326 piso=17069778
COUNTS id=[ 486, 143 ] end=19926 piso=1325430
COUNTS id=[ 486, 144 ] end=137808 piso=2128194
COUNTS id=[ 486, 145 ] end=98658 piso=65244042
COUNTS id=[ 486, 146 ] end=1594566 piso=6996479814
COUNTS id=[ 486, 147 ] end=32886 piso=44377146
COUNTS id=[ 486, 148 ] end=137862 piso=16448670
COUNTS id=[ 486, 149 ] end=11016 piso=815022
COUNTS id=[ 486, 150 ] end=32886 piso=1436130
COUNTS id=[ 486, 151 ] end=177228 piso=16476858
COUNTS id=[ 486, 152 ] end=10962 piso=304722
COUNTS id=[ 486, 153 ] end=9504 piso=191970
COUNTS id=[ 486, 154 ] end=124686 piso=2166102
COUNTS id=[ 486, 155 ] end=72198 piso=1991142
COUNTS id=[ 486, 156 ] end=9504 piso=180306
COUNTS id=[ 486, 157 ] end=124686 piso=2049462
COUNTS id=[ 486, 158 ] end=72198 piso=1981422
COUNTS id=[ 486, 159 ] end=544590 piso=3293622
COUNTS id=[ 486, 160 ] end=177174 piso=905418
COUNTS id=[ 486, 161 ] end=19926 piso=214326
COUNTS id=[ 486, 162 ] end=98442 piso=747954
COUNTS id=[ 486, 163 ] end=32832 piso=372762
COUNTS id=[ 486, 164 ] end=6642 piso=60534
COUNTS id=[ 486, 165 ] end=28566 piso=47753874
COUNTS id=[ 486, 166 ] end=46062 piso=48619926
COUNTS id=[ 486, 167 ] end=649674 piso=6977505402
COUNTS id=[ 486, 168 ] end=11016 piso=750870
COUNTS id=[ 486, 169 ] end=32886 piso=1371978
COUNTS id=[ 486, 170 ] end=177228 piso=16389378
COUNTS id=[ 486, 171 ] end=28620 piso=3118662
COUNTS id=[ 486, 172 ] end=32994 piso=3419010
COUNTS id=[ 486, 173 ] end=177336 piso=18436410
COUNTS id=[ 486, 174 ] end=6588 piso=476766
COUNTS id=[ 486, 175 ] end=72252 piso=15683706
COUNTS id=[ 486, 176 ] end=14958 piso=1554714
COUNTS id=[ 486, 177 ] end=9072 piso=714906
COUNTS id=[ 486, 178 ] end=22788 piso=3028266
COUNTS id=[ 486, 179 ] end=3672 piso=453438
COUNTS id=[ 486, 180 ] end=387420490 piso=1336042674
COUNTS id=[ 486, 181 ] end=2657206 piso=76173210
COUNTS id=[ 486, 182 ] end=1003834 piso=12258378
COUNTS id=[ 486, 183 ] end=111538 piso=73974546
COUNTS id=[ 486, 184 ] end=43046722 piso=193090230
COUNTS id=[ 486, 185 ] end=3365794 piso=101708622
COUNTS id=[ 486, 186 ] end=1830520 piso=12085362
COUNTS id=[ 486, 187 ] end=5373460 piso=83416554
COUNTS id=[ 486, 188 ] end=413344 piso=3634794
COUNTS id=[ 486, 189 ] end=255880 piso=3182814
ABELIAN_SKIPPED id=[ 486, 190 ] reason=known_equality
COUNTS id=[ 486, 191 ] end=1771470 piso=87274422
COUNTS id=[ 486, 192 ] end=590490 piso=1535274
COUNTS id=[ 486, 193 ] end=196830 piso=371790
COUNTS id=[ 486, 194 ] end=669222 piso=2169990
COUNTS id=[ 486, 195 ] end=170586 piso=341658
COUNTS id=[ 486, 196 ] end=6022998 piso=126010566
COUNTS id=[ 486, 197 ] end=1299078 piso=86565834
COUNTS id=[ 486, 198 ] end=266814 piso=1111482
COUNTS id=[ 486, 199 ] end=275562 piso=1106622
COUNTS id=[ 486, 200 ] end=65610 piso=306666
COUNTS id=[ 486, 201 ] end=65610 piso=319302
COUNTS id=[ 486, 202 ] end=86022 piso=233766
COUNTS id=[ 486, 203 ] end=51030 piso=198774
COUNTS id=[ 486, 204 ] end=62694 piso=210438
PROGRESS checked=200 hits=0 reversed=0 runtime_ms=112124
COUNTS id=[ 486, 205 ] end=56862 piso=196830
COUNTS id=[ 486, 206 ] end=249318 piso=459270
ABELIAN_SKIPPED id=[ 486, 207 ] reason=known_equality
COUNTS id=[ 486, 208 ] end=144342 piso=170586
CLOSEST id=[ 486, 208 ] end=144342 piso=170586 ratio=13/11
COUNTS id=[ 486, 209 ] end=24786 piso=58806
COUNTS id=[ 486, 210 ] end=1299078 piso=92995614
COUNTS id=[ 486, 211 ] end=275562 piso=984150
COUNTS id=[ 486, 212 ] end=747954 piso=5078214
COUNTS id=[ 486, 213 ] end=118098 piso=459270
COUNTS id=[ 486, 214 ] end=65610 piso=342630
COUNTS id=[ 486, 215 ] end=424278 piso=2418822
COUNTS id=[ 486, 216 ] end=240570 piso=940410
COUNTS id=[ 486, 217 ] end=642978 piso=4964490
COUNTS id=[ 486, 218 ] end=65610 piso=424278
COUNTS id=[ 486, 219 ] end=62694 piso=290142
COUNTS id=[ 486, 220 ] end=2125764 piso=132860250
COUNTS id=[ 486, 221 ] end=2125764 piso=130025898
COUNTS id=[ 486, 222 ] end=2716254 piso=727470558
COUNTS id=[ 486, 223 ] end=4015332 piso=729701298
COUNTS id=[ 486, 224 ] end=1102248 piso=52159950
COUNTS id=[ 486, 225 ] end=866052 piso=49850478
COUNTS id=[ 486, 226 ] end=148716 piso=2701674
COUNTS id=[ 486, 227 ] end=538002 piso=130734486
COUNTS id=[ 486, 228 ] end=196830 piso=129474774
COUNTS id=[ 486, 229 ] end=437400 piso=729438858
COUNTS id=[ 486, 230 ] end=555498 piso=743183046
COUNTS id=[ 486, 231 ] end=590490 piso=726473286
COUNTS id=[ 486, 232 ] end=223074 piso=50559066
COUNTS id=[ 486, 233 ] end=109350 piso=49684266
COUNTS id=[ 486, 234 ] end=48600 piso=2853306
COUNTS id=[ 486, 235 ] end=61722 piso=2841750
COUNTS id=[ 486, 236 ] end=144828 piso=76750578
COUNTS id=[ 486, 237 ] end=201690 piso=76492134
COUNTS id=[ 486, 238 ] end=42768 piso=2585034
COUNTS id=[ 486, 239 ] end=38394 piso=2529738
COUNTS id=[ 486, 240 ] end=14348988 piso=175375530
COUNTS id=[ 486, 241 ] end=4783212 piso=138528954
COUNTS id=[ 486, 242 ] end=52612902 piso=7685699742
COUNTS id=[ 486, 243 ] end=1004076 piso=738472626
COUNTS id=[ 486, 244 ] end=7971696 piso=89636382
COUNTS id=[ 486, 245 ] end=1948698 piso=19599894
COUNTS id=[ 486, 246 ] end=334692 piso=5232762
COUNTS id=[ 486, 247 ] end=31381059610 piso=103570410726
COUNTS id=[ 486, 248 ] end=196101730 piso=1645223238
COUNTS id=[ 486, 249 ] end=28874962 piso=891635526
ABELIAN_SKIPPED id=[ 486, 250 ] reason=known_equality
COUNTS id=[ 486, 251 ] end=392203458 piso=1448708166
COUNTS id=[ 486, 252 ] end=92470734 piso=98848026
CLOSEST id=[ 486, 252 ] end=92470734 piso=98848026 ratio=31/29
COUNTS id=[ 486, 253 ] end=4842018 piso=5148198
CLOSEST id=[ 486, 253 ] end=4842018 piso=5148198 ratio=1177/1107
COUNTS id=[ 486, 254 ] end=57749922 piso=149805126
COUNTS id=[ 486, 255 ] end=4422114 piso=4649562
CLOSEST id=[ 486, 255 ] end=4422114 piso=4649562 ratio=1063/1011
COUNTS id=[ 486, 256 ] end=3874204890 piso=847934310258
DONE checked=250 abelian=0 hits=0 reversed=0 skipped_abelian=6 closest=[ 486, 255 ] min_ratio=1063/1011 runtime_ms=178601
