{"command": ["/project/gap-4.16.1/gap", "-l", "/project/gap-4.16.1", "-q", "-b", "-T", "-m", "128m", "-o", "4g", "-c", "START_ORDER:=384;;END_ORDER:=384;;START_ID:=11009;;END_ID:=11264;;SKIP_ABELIAN:=true;;LOG_ALL:=true;;", "/project/scripts/search_19_20.g"], "source_hashes": {"scripts/search_19_20.g": "7b6a34e9163b58b0248b3c464ae8070783414cd7d14048136dd0e3547b906318", "scripts/lib_19_20.g": "fbcf2d3c4b0648cc1fa87d6e50fc923133d594c029b8430a365caf596ac7ccd5"}}
PARAMETERS start=384 end=384 start_id=11009 end_id=11264 skip_abelian=true log_all=true
ORDER_START order=384 groups=20169
COUNTS id=[ 384, 11009 ] end=249856 piso=4972032
CLOSEST id=[ 384, 11009 ] end=249856 piso=4972032 ratio=9711/488
COUNTS id=[ 384, 11010 ] end=458752 piso=8529408
CLOSEST id=[ 384, 11010 ] end=458752 piso=8529408 ratio=16659/896
COUNTS id=[ 384, 11011 ] end=778240 piso=17691648
COUNTS id=[ 384, 11012 ] end=249856 piso=4853760
COUNTS id=[ 384, 11013 ] end=950272 piso=22390272
COUNTS id=[ 384, 11014 ] end=360448 piso=6036480
CLOSEST id=[ 384, 11014 ] end=360448 piso=6036480 ratio=5895/352
COUNTS id=[ 384, 11015 ] end=2756608 piso=16048128
CLOSEST id=[ 384, 11015 ] end=2756608 piso=16048128 ratio=3918/673
COUNTS id=[ 384, 11016 ] end=593920 piso=5677056
COUNTS id=[ 384, 11017 ] end=2756608 piso=16048128
COUNTS id=[ 384, 11018 ] end=348160 piso=3010560
COUNTS id=[ 384, 11019 ] end=622592 piso=2706432
CLOSEST id=[ 384, 11019 ] end=622592 piso=2706432 ratio=2643/608
COUNTS id=[ 384, 11020 ] end=458752 piso=2214912
COUNTS id=[ 384, 11021 ] end=120832 piso=1026048
COUNTS id=[ 384, 11022 ] end=303104 piso=1291776
CLOSEST id=[ 384, 11022 ] end=303104 piso=1291776 ratio=2523/592
COUNTS id=[ 384, 11023 ] end=194560 piso=996864
COUNTS id=[ 384, 11024 ] end=80896 piso=580608
COUNTS id=[ 384, 11025 ] end=6815744 piso=18874368
CLOSEST id=[ 384, 11025 ] end=6815744 piso=18874368 ratio=36/13
COUNTS id=[ 384, 11026 ] end=4194304 piso=12386304
COUNTS id=[ 384, 11027 ] end=1245184 piso=4485120
COUNTS id=[ 384, 11028 ] end=606208 piso=1967616
COUNTS id=[ 384, 11029 ] end=1114112 piso=10420224
COUNTS id=[ 384, 11030 ] end=704512 piso=2617344
COUNTS id=[ 384, 11031 ] end=188416 piso=1082880
COUNTS id=[ 384, 11032 ] end=1998848 piso=10423296
COUNTS id=[ 384, 11033 ] end=1343488 piso=7179264
COUNTS id=[ 384, 11034 ] end=286720 piso=1781760
COUNTS id=[ 384, 11035 ] end=2572288 piso=22167552
COUNTS id=[ 384, 11036 ] end=360448 piso=2592768
COUNTS id=[ 384, 11037 ] end=1871872 piso=24158208
COUNTS id=[ 384, 11038 ] end=937984 piso=5701632
COUNTS id=[ 384, 11039 ] end=212992 piso=2107392
COUNTS id=[ 384, 11040 ] end=5410816 piso=32022528
COUNTS id=[ 384, 11041 ] end=10817536 piso=95969280
COUNTS id=[ 384, 11042 ] end=1871872 piso=19292160
COUNTS id=[ 384, 11043 ] end=716800 piso=5738496
COUNTS id=[ 384, 11044 ] end=212992 piso=1923072
COUNTS id=[ 384, 11045 ] end=90112 piso=1216512
COUNTS id=[ 384, 11046 ] end=421888 piso=3833856
COUNTS id=[ 384, 11047 ] end=1343488 piso=8085504
COUNTS id=[ 384, 11048 ] end=704512 piso=6930432
COUNTS id=[ 384, 11049 ] end=593920 piso=14082048
COUNTS id=[ 384, 11050 ] end=4722688 piso=31776768
COUNTS id=[ 384, 11051 ] end=151552 piso=2580480
COUNTS id=[ 384, 11052 ] end=188416 piso=1514496
COUNTS id=[ 384, 11053 ] end=409600 piso=2067456
COUNTS id=[ 384, 11054 ] end=1085440 piso=6033408
COUNTS id=[ 384, 11055 ] end=348160 piso=3010560
COUNTS id=[ 384, 11056 ] end=120832 piso=1026048
COUNTS id=[ 384, 11057 ] end=80896 piso=580608
COUNTS id=[ 384, 11058 ] end=169984 piso=978432
COUNTS id=[ 384, 11059 ] end=5111808 piso=18874368
COUNTS id=[ 384, 11060 ] end=3997696 piso=12386304
COUNTS id=[ 384, 11061 ] end=1245184 piso=4485120
COUNTS id=[ 384, 11062 ] end=544768 piso=1967616
COUNTS id=[ 384, 11063 ] end=1048576 piso=10420224
COUNTS id=[ 384, 11064 ] end=704512 piso=2617344
COUNTS id=[ 384, 11065 ] end=188416 piso=1082880
COUNTS id=[ 384, 11066 ] end=1122304 piso=7265280
COUNTS id=[ 384, 11067 ] end=225280 piso=1781760
COUNTS id=[ 384, 11068 ] end=1196032 piso=8085504
COUNTS id=[ 384, 11069 ] end=2277376 piso=22167552
COUNTS id=[ 384, 11070 ] end=323584 piso=2592768
COUNTS id=[ 384, 11071 ] end=937984 piso=9695232
COUNTS id=[ 384, 11072 ] end=1871872 piso=22056960
COUNTS id=[ 384, 11073 ] end=212992 piso=2107392
COUNTS id=[ 384, 11074 ] end=4280320 piso=41054208
COUNTS id=[ 384, 11075 ] end=569344 piso=5738496
COUNTS id=[ 384, 11076 ] end=191488 piso=1809408
COUNTS id=[ 384, 11077 ] end=409600 piso=6930432
COUNTS id=[ 384, 11078 ] end=593920 piso=6770688
COUNTS id=[ 384, 11079 ] end=1232896 piso=15347712
COUNTS id=[ 384, 11080 ] end=56320 piso=1348608
COUNTS id=[ 384, 11081 ] end=188416 piso=1514496
COUNTS id=[ 384, 11082 ] end=962560 piso=5554176
COUNTS id=[ 384, 11083 ] end=176128 piso=2727936
COUNTS id=[ 384, 11084 ] end=102400 piso=952320
COUNTS id=[ 384, 11085 ] end=350208 piso=1920000
COUNTS id=[ 384, 11086 ] end=80896 piso=562176
COUNTS id=[ 384, 11087 ] end=80896 piso=562176
COUNTS id=[ 384, 11088 ] end=196608 piso=1125888
COUNTS id=[ 384, 11089 ] end=3833856 piso=11747328
COUNTS id=[ 384, 11090 ] end=1122304 piso=3796992
COUNTS id=[ 384, 11091 ] end=606208 piso=2065920
COUNTS id=[ 384, 11092 ] end=544768 piso=2065920
COUNTS id=[ 384, 11093 ] end=917504 piso=10027008
COUNTS id=[ 384, 11094 ] end=606208 piso=2469888
COUNTS id=[ 384, 11095 ] end=188416 piso=1132032
COUNTS id=[ 384, 11096 ] end=188416 piso=1132032
COUNTS id=[ 384, 11097 ] end=1124352 piso=6577152
COUNTS id=[ 384, 11098 ] end=237568 piso=1732608
COUNTS id=[ 384, 11099 ] end=172032 piso=947712
COUNTS id=[ 384, 11100 ] end=172032 piso=1101312
COUNTS id=[ 384, 11101 ] end=1171456 piso=7521792
COUNTS id=[ 384, 11102 ] end=1429504 piso=20815872
COUNTS id=[ 384, 11103 ] end=716800 piso=5111808
COUNTS id=[ 384, 11104 ] end=212992 piso=5117952
COUNTS id=[ 384, 11105 ] end=212992 piso=2562048
COUNTS id=[ 384, 11106 ] end=3555328 piso=26523648
COUNTS id=[ 384, 11107 ] end=925696 piso=7600128
COUNTS id=[ 384, 11108 ] end=191488 piso=1797120
PROGRESS checked=100 hits=0 reversed=0 runtime_ms=288619
COUNTS id=[ 384, 11109 ] end=176128 piso=1910784
COUNTS id=[ 384, 11110 ] end=90112 piso=1204224
COUNTS id=[ 384, 11111 ] end=348160 piso=3821568
COUNTS id=[ 384, 11112 ] end=237568 piso=2975232
COUNTS id=[ 384, 11113 ] end=151552 piso=5922816
COUNTS id=[ 384, 11114 ] end=507904 piso=7698432
COUNTS id=[ 384, 11115 ] end=56320 piso=1336320
COUNTS id=[ 384, 11116 ] end=77824 piso=2568192
COUNTS id=[ 384, 11117 ] end=160768 piso=1374720
COUNTS id=[ 384, 11118 ] end=122880 piso=1001472
COUNTS id=[ 384, 11119 ] end=122880 piso=1001472
COUNTS id=[ 384, 11120 ] end=110592 piso=903168
COUNTS id=[ 384, 11121 ] end=262144 piso=2660736
COUNTS id=[ 384, 11122 ] end=262144 piso=2660736
COUNTS id=[ 384, 11123 ] end=1277952 piso=4435968
COUNTS id=[ 384, 11124 ] end=1232896 piso=3895296
COUNTS id=[ 384, 11125 ] end=655360 piso=2078208
COUNTS id=[ 384, 11126 ] end=618496 piso=2078208
COUNTS id=[ 384, 11127 ] end=544768 piso=2304000
COUNTS id=[ 384, 11128 ] end=176128 piso=1082880
COUNTS id=[ 384, 11129 ] end=568320 piso=3663360
COUNTS id=[ 384, 11130 ] end=549888 piso=2790912
COUNTS id=[ 384, 11131 ] end=549888 piso=2658816
COUNTS id=[ 384, 11132 ] end=95232 piso=606720
COUNTS id=[ 384, 11133 ] end=95232 piso=563712
COUNTS id=[ 384, 11134 ] end=95232 piso=606720
COUNTS id=[ 384, 11135 ] end=95232 piso=563712
COUNTS id=[ 384, 11136 ] end=801792 piso=5086080
COUNTS id=[ 384, 11137 ] end=1317888 piso=13578624
COUNTS id=[ 384, 11138 ] end=359424 piso=2725248
COUNTS id=[ 384, 11139 ] end=618496 piso=4892544
COUNTS id=[ 384, 11140 ] end=999424 piso=7597440
COUNTS id=[ 384, 11141 ] end=1896448 piso=18533760
COUNTS id=[ 384, 11142 ] end=90112 piso=1385856
COUNTS id=[ 384, 11143 ] end=108544 piso=1379712
COUNTS id=[ 384, 11144 ] end=90112 piso=1385856
COUNTS id=[ 384, 11145 ] end=212992 piso=2755968
COUNTS id=[ 384, 11146 ] end=47104 piso=1209216
COUNTS id=[ 384, 11147 ] end=211968 piso=2689920
COUNTS id=[ 384, 11148 ] end=691200 piso=5198208
COUNTS id=[ 384, 11149 ] end=138240 piso=5898624
COUNTS id=[ 384, 11150 ] end=359424 piso=2725248
COUNTS id=[ 384, 11151 ] end=90112 piso=2643840
COUNTS id=[ 384, 11152 ] end=176128 piso=6946176
COUNTS id=[ 384, 11153 ] end=40960 piso=1944960
COUNTS id=[ 384, 11154 ] end=133120 piso=1504128
COUNTS id=[ 384, 11155 ] end=153600 piso=1348992
COUNTS id=[ 384, 11156 ] end=153600 piso=1368960
COUNTS id=[ 384, 11157 ] end=786432 piso=10469376
COUNTS id=[ 384, 11158 ] end=720896 piso=10469376
COUNTS id=[ 384, 11159 ] end=327680 piso=1880064
COUNTS id=[ 384, 11160 ] end=247808 piso=1622016
COUNTS id=[ 384, 11161 ] end=901120 piso=13691904
COUNTS id=[ 384, 11162 ] end=360448 piso=10767360
COUNTS id=[ 384, 11163 ] end=753664 piso=6884352
COUNTS id=[ 384, 11164 ] end=212992 piso=3419136
COUNTS id=[ 384, 11165 ] end=901120 piso=13691904
COUNTS id=[ 384, 11166 ] end=360448 piso=10767360
COUNTS id=[ 384, 11167 ] end=136192 piso=2274816
COUNTS id=[ 384, 11168 ] end=1523712 piso=8530944
COUNTS id=[ 384, 11169 ] end=794624 piso=5618688
COUNTS id=[ 384, 11170 ] end=745472 piso=5028864
COUNTS id=[ 384, 11171 ] end=819200 piso=4697088
COUNTS id=[ 384, 11172 ] end=232448 piso=1798656
COUNTS id=[ 384, 11173 ] end=8519680 piso=611057664
COUNTS id=[ 384, 11174 ] end=7405568 piso=606732288
COUNTS id=[ 384, 11175 ] end=1261568 piso=18640896
COUNTS id=[ 384, 11176 ] end=1175552 piso=17350656
COUNTS id=[ 384, 11177 ] end=774144 piso=3750912
COUNTS id=[ 384, 11178 ] end=622592 piso=3406848
COUNTS id=[ 384, 11179 ] end=598016 piso=3283968
COUNTS id=[ 384, 11180 ] end=195584 piso=1190400
COUNTS id=[ 384, 11181 ] end=198656 piso=1291776
COUNTS id=[ 384, 11182 ] end=10289152 piso=1348955136
COUNTS id=[ 384, 11183 ] end=9306112 piso=1258392576
COUNTS id=[ 384, 11184 ] end=1589248 piso=30280704
COUNTS id=[ 384, 11185 ] end=901120 piso=20425728
COUNTS id=[ 384, 11186 ] end=879616 piso=19453440
COUNTS id=[ 384, 11187 ] end=1294336 piso=18616320
COUNTS id=[ 384, 11188 ] end=679936 piso=6868992
COUNTS id=[ 384, 11189 ] end=664576 piso=6919680
COUNTS id=[ 384, 11190 ] end=163840 piso=2205696
COUNTS id=[ 384, 11191 ] end=1343488 piso=142715904
COUNTS id=[ 384, 11192 ] end=950272 piso=153111552
COUNTS id=[ 384, 11193 ] end=212992 piso=5148672
COUNTS id=[ 384, 11194 ] end=123904 piso=2520576
COUNTS id=[ 384, 11195 ] end=589824 piso=10027008
COUNTS id=[ 384, 11196 ] end=278528 piso=1830912
COUNTS id=[ 384, 11197 ] end=247808 piso=1646592
COUNTS id=[ 384, 11198 ] end=154624 piso=8289792
COUNTS id=[ 384, 11199 ] end=154624 piso=2330112
COUNTS id=[ 384, 11200 ] end=643072 piso=6663168
COUNTS id=[ 384, 11201 ] end=102400 piso=3197952
COUNTS id=[ 384, 11202 ] end=257024 piso=3405312
COUNTS id=[ 384, 11203 ] end=226304 piso=1844736
COUNTS id=[ 384, 11204 ] end=735232 piso=4328448
COUNTS id=[ 384, 11205 ] end=7241728 piso=606289920
COUNTS id=[ 384, 11206 ] end=1187840 piso=18051072
COUNTS id=[ 384, 11207 ] end=1175552 piso=17399808
COUNTS id=[ 384, 11208 ] end=606208 piso=3419136
PROGRESS checked=200 hits=0 reversed=0 runtime_ms=558466
COUNTS id=[ 384, 11209 ] end=593920 piso=3320832
COUNTS id=[ 384, 11210 ] end=630784 piso=3591168
COUNTS id=[ 384, 11211 ] end=195584 piso=1227264
COUNTS id=[ 384, 11212 ] end=198656 piso=1218048
COUNTS id=[ 384, 11213 ] end=8934400 piso=1259798016
COUNTS id=[ 384, 11214 ] end=861184 piso=19385856
COUNTS id=[ 384, 11215 ] end=1515520 piso=29383680
COUNTS id=[ 384, 11216 ] end=827392 piso=19528704
COUNTS id=[ 384, 11217 ] end=1220608 piso=18610176
COUNTS id=[ 384, 11218 ] end=643072 piso=6862848
COUNTS id=[ 384, 11219 ] end=664576 piso=6913536
COUNTS id=[ 384, 11220 ] end=163840 piso=2199552
COUNTS id=[ 384, 11221 ] end=283648 piso=137362944
COUNTS id=[ 384, 11222 ] end=139264 piso=5142528
COUNTS id=[ 384, 11223 ] end=123904 piso=2514432
COUNTS id=[ 384, 11224 ] end=131072 piso=1242624
COUNTS id=[ 384, 11225 ] end=131072 piso=1242624
COUNTS id=[ 384, 11226 ] end=118784 piso=1144320
COUNTS id=[ 384, 11227 ] end=538624 piso=4402560
COUNTS id=[ 384, 11228 ] end=40960 piso=2178432
COUNTS id=[ 384, 11229 ] end=83968 piso=1915776
COUNTS id=[ 384, 11230 ] end=83968 piso=1915776
COUNTS id=[ 384, 11231 ] end=496640 piso=3386880
COUNTS id=[ 384, 11232 ] end=478208 piso=2514432
COUNTS id=[ 384, 11233 ] end=186368 piso=1542144
COUNTS id=[ 384, 11234 ] end=149504 piso=1542144
COUNTS id=[ 384, 11235 ] end=478208 piso=2394624
COUNTS id=[ 384, 11236 ] end=155648 piso=1443840
COUNTS id=[ 384, 11237 ] end=1490944 piso=20017152
COUNTS id=[ 384, 11238 ] end=1445888 piso=19476480
COUNTS id=[ 384, 11239 ] end=1427456 piso=18708480
COUNTS id=[ 384, 11240 ] end=450560 piso=1857024
COUNTS id=[ 384, 11241 ] end=456704 piso=2004480
COUNTS id=[ 384, 11242 ] end=456704 piso=1918464
COUNTS id=[ 384, 11243 ] end=118784 piso=1032192
COUNTS id=[ 384, 11244 ] end=118784 piso=1032192
COUNTS id=[ 384, 11245 ] end=109568 piso=943104
COUNTS id=[ 384, 11246 ] end=2566144 piso=52112256
COUNTS id=[ 384, 11247 ] end=1970176 piso=33035136
COUNTS id=[ 384, 11248 ] end=2013184 piso=34446720
COUNTS id=[ 384, 11249 ] end=566272 piso=4938624
COUNTS id=[ 384, 11250 ] end=1057792 piso=13256064
COUNTS id=[ 384, 11251 ] end=535552 piso=4519296
COUNTS id=[ 384, 11252 ] end=111616 piso=2285952
COUNTS id=[ 384, 11253 ] end=111616 piso=2285952
COUNTS id=[ 384, 11254 ] end=710656 piso=21883776
COUNTS id=[ 384, 11255 ] end=114688 piso=23131008
COUNTS id=[ 384, 11256 ] end=157696 piso=19547520
COUNTS id=[ 384, 11257 ] end=62464 piso=1971072
COUNTS id=[ 384, 11258 ] end=50176 piso=3696000
COUNTS id=[ 384, 11259 ] end=1236992 piso=21762048
COUNTS id=[ 384, 11260 ] end=5834752 piso=423819264
COUNTS id=[ 384, 11261 ] end=1533952 piso=28459008
COUNTS id=[ 384, 11262 ] end=1930240 piso=35615232
COUNTS id=[ 384, 11263 ] end=9584640 piso=1226268672
COUNTS id=[ 384, 11264 ] end=1746944 piso=26310144
DONE checked=256 abelian=0 hits=0 reversed=0 skipped_abelian=0 closest=[ 384, 11025 ] min_ratio=36/13 runtime_ms=713334
