{"command": ["/project/gap-4.16.1/gap", "-l", "/project/gap-4.16.1", "-q", "-b", "-T", "-m", "128m", "-o", "4g", "-c", "START_ORDER:=384;;END_ORDER:=384;;START_ID:=2817;;END_ID:=3072;;SKIP_ABELIAN:=true;;LOG_ALL:=true;;", "/project/scripts/search_19_20.g"], "source_hashes": {"scripts/search_19_20.g": "7b6a34e9163b58b0248b3c464ae8070783414cd7d14048136dd0e3547b906318", "scripts/lib_19_20.g": "fbcf2d3c4b0648cc1fa87d6e50fc923133d594c029b8430a365caf596ac7ccd5"}}
PARAMETERS start=384 end=384 start_id=2817 end_id=3072 skip_abelian=true log_all=true
ORDER_START order=384 groups=20169
COUNTS id=[ 384, 2817 ] end=30720 piso=1293312
CLOSEST id=[ 384, 2817 ] end=30720 piso=1293312 ratio=421/10
COUNTS id=[ 384, 2818 ] end=30720 piso=1293312
COUNTS id=[ 384, 2819 ] end=32768 piso=2729472
COUNTS id=[ 384, 2820 ] end=32768 piso=2729472
COUNTS id=[ 384, 2821 ] end=71168 piso=3878400
COUNTS id=[ 384, 2822 ] end=25088 piso=2852352
COUNTS id=[ 384, 2823 ] end=22016 piso=1178112
COUNTS id=[ 384, 2824 ] end=22016 piso=1178112
COUNTS id=[ 384, 2825 ] end=52736 piso=1600512
CLOSEST id=[ 384, 2825 ] end=52736 piso=1600512 ratio=3126/103
COUNTS id=[ 384, 2826 ] end=52736 piso=1600512
COUNTS id=[ 384, 2827 ] end=40448 piso=1250304
COUNTS id=[ 384, 2828 ] end=40448 piso=1250304
COUNTS id=[ 384, 2829 ] end=49152 piso=1219584
CLOSEST id=[ 384, 2829 ] end=49152 piso=1219584 ratio=397/16
COUNTS id=[ 384, 2830 ] end=30720 piso=1158144
COUNTS id=[ 384, 2831 ] end=49152 piso=1219584
COUNTS id=[ 384, 2832 ] end=30720 piso=1158144
COUNTS id=[ 384, 2833 ] end=116736 piso=3913728
COUNTS id=[ 384, 2834 ] end=86016 piso=2654208
COUNTS id=[ 384, 2835 ] end=61440 piso=2654208
COUNTS id=[ 384, 2836 ] end=104448 piso=3913728
COUNTS id=[ 384, 2837 ] end=22016 piso=1228800
COUNTS id=[ 384, 2838 ] end=22016 piso=1228800
COUNTS id=[ 384, 2839 ] end=13824 piso=433536
COUNTS id=[ 384, 2840 ] end=23552 piso=679296
COUNTS id=[ 384, 2841 ] end=12800 piso=448896
COUNTS id=[ 384, 2842 ] end=143360 piso=112022016
COUNTS id=[ 384, 2843 ] end=208896 piso=23745024
COUNTS id=[ 384, 2844 ] end=100352 piso=8793600
COUNTS id=[ 384, 2845 ] end=73728 piso=3091968
COUNTS id=[ 384, 2846 ] end=81920 piso=3833856
COUNTS id=[ 384, 2847 ] end=73728 piso=3022848
COUNTS id=[ 384, 2848 ] end=149504 piso=9388032
COUNTS id=[ 384, 2849 ] end=51200 piso=4589568
COUNTS id=[ 384, 2850 ] end=32768 piso=2718720
COUNTS id=[ 384, 2851 ] end=32768 piso=2718720
COUNTS id=[ 384, 2852 ] end=110592 piso=6445056
COUNTS id=[ 384, 2853 ] end=141824 piso=12887040
COUNTS id=[ 384, 2854 ] end=89600 piso=5557248
COUNTS id=[ 384, 2855 ] end=65024 piso=3841536
COUNTS id=[ 384, 2856 ] end=65024 piso=3815424
COUNTS id=[ 384, 2857 ] end=43008 piso=3004416
COUNTS id=[ 384, 2858 ] end=126464 piso=6239232
COUNTS id=[ 384, 2859 ] end=98816 piso=6650880
COUNTS id=[ 384, 2860 ] end=25088 piso=2864640
COUNTS id=[ 384, 2861 ] end=37376 piso=2537472
COUNTS id=[ 384, 2862 ] end=27648 piso=839040
COUNTS id=[ 384, 2863 ] end=24064 piso=348672
CLOSEST id=[ 384, 2863 ] end=24064 piso=348672 ratio=681/47
COUNTS id=[ 384, 2864 ] end=24064 piso=348672
COUNTS id=[ 384, 2865 ] end=49152 piso=637440
CLOSEST id=[ 384, 2865 ] end=49152 piso=637440 ratio=415/32
COUNTS id=[ 384, 2866 ] end=49152 piso=637440
COUNTS id=[ 384, 2867 ] end=19456 piso=313344
COUNTS id=[ 384, 2868 ] end=19456 piso=583680
COUNTS id=[ 384, 2869 ] end=25600 piso=714624
COUNTS id=[ 384, 2870 ] end=8704 piso=235392
COUNTS id=[ 384, 2871 ] end=129024 piso=9242496
COUNTS id=[ 384, 2872 ] end=24064 piso=533376
COUNTS id=[ 384, 2873 ] end=65536 piso=1677312
COUNTS id=[ 384, 2874 ] end=40960 piso=1247232
COUNTS id=[ 384, 2875 ] end=25600 piso=650112
COUNTS id=[ 384, 2876 ] end=25600 piso=650112
COUNTS id=[ 384, 2877 ] end=16384 piso=370560
COUNTS id=[ 384, 2878 ] end=16384 piso=370560
COUNTS id=[ 384, 2879 ] end=61440 piso=3298176
COUNTS id=[ 384, 2880 ] end=18432 piso=1224576
COUNTS id=[ 384, 2881 ] end=307200 piso=31606272
COUNTS id=[ 384, 2882 ] end=82432 piso=3893760
COUNTS id=[ 384, 2883 ] end=53248 piso=3043200
COUNTS id=[ 384, 2884 ] end=61440 piso=17493504
COUNTS id=[ 384, 2885 ] end=17920 piso=1270272
COUNTS id=[ 384, 2886 ] end=13312 piso=969600
COUNTS id=[ 384, 2887 ] end=48640 piso=1403904
COUNTS id=[ 384, 2888 ] end=48640 piso=1053696
COUNTS id=[ 384, 2889 ] end=38400 piso=1873920
COUNTS id=[ 384, 2890 ] end=65024 piso=2187264
COUNTS id=[ 384, 2891 ] end=34304 piso=1994112
COUNTS id=[ 384, 2892 ] end=77312 piso=5824896
COUNTS id=[ 384, 2893 ] end=19968 piso=1087872
COUNTS id=[ 384, 2894 ] end=23040 piso=1075584
COUNTS id=[ 384, 2895 ] end=82432 piso=5812608
COUNTS id=[ 384, 2896 ] end=30208 piso=1981824
COUNTS id=[ 384, 2897 ] end=18944 piso=1044480
COUNTS id=[ 384, 2898 ] end=18944 piso=1039872
COUNTS id=[ 384, 2899 ] end=174080 piso=11331072
COUNTS id=[ 384, 2900 ] end=291840 piso=13761024
COUNTS id=[ 384, 2901 ] end=57344 piso=2981376
COUNTS id=[ 384, 2902 ] end=46080 piso=3021312
COUNTS id=[ 384, 2903 ] end=221184 piso=23380992
COUNTS id=[ 384, 2904 ] end=69632 piso=2260992
COUNTS id=[ 384, 2905 ] end=37376 piso=1523712
COUNTS id=[ 384, 2906 ] end=72704 piso=1990656
COUNTS id=[ 384, 2907 ] end=102912 piso=2525184
COUNTS id=[ 384, 2908 ] end=34816 piso=1362432
COUNTS id=[ 384, 2909 ] end=31232 piso=1142784
COUNTS id=[ 384, 2910 ] end=30208 piso=1505280
COUNTS id=[ 384, 2911 ] end=60928 piso=3370368
COUNTS id=[ 384, 2912 ] end=30208 piso=1972608
COUNTS id=[ 384, 2913 ] end=12800 piso=464256
COUNTS id=[ 384, 2914 ] end=14848 piso=451968
COUNTS id=[ 384, 2915 ] end=65024 piso=3358080
COUNTS id=[ 384, 2916 ] end=25088 piso=1960320
PROGRESS checked=100 hits=0 reversed=0 runtime_ms=214533
COUNTS id=[ 384, 2917 ] end=9728 piso=411648
COUNTS id=[ 384, 2918 ] end=9728 piso=407040
COUNTS id=[ 384, 2919 ] end=114688 piso=4505088
COUNTS id=[ 384, 2920 ] end=143360 piso=5153280
COUNTS id=[ 384, 2921 ] end=34816 piso=2889216
COUNTS id=[ 384, 2922 ] end=32768 piso=2843136
COUNTS id=[ 384, 2923 ] end=73728 piso=16204800
COUNTS id=[ 384, 2924 ] end=47104 piso=1376256
COUNTS id=[ 384, 2925 ] end=27136 piso=817152
COUNTS id=[ 384, 2926 ] end=37888 piso=909312
COUNTS id=[ 384, 2927 ] end=37376 piso=1265664
COUNTS id=[ 384, 2928 ] end=23552 piso=655872
COUNTS id=[ 384, 2929 ] end=229376 piso=3939840
COUNTS id=[ 384, 2930 ] end=163840 piso=1666560
CLOSEST id=[ 384, 2930 ] end=163840 piso=1666560 ratio=651/64
COUNTS id=[ 384, 2931 ] end=45056 piso=1569792
COUNTS id=[ 384, 2932 ] end=83968 piso=3090432
COUNTS id=[ 384, 2933 ] end=73728 piso=1290240
COUNTS id=[ 384, 2934 ] end=69632 piso=1181184
COUNTS id=[ 384, 2935 ] end=88576 piso=3881472
COUNTS id=[ 384, 2936 ] end=17920 piso=1270272
COUNTS id=[ 384, 2937 ] end=51712 piso=1674240
COUNTS id=[ 384, 2938 ] end=51712 piso=1090560
COUNTS id=[ 384, 2939 ] end=135168 piso=2045952
COUNTS id=[ 384, 2940 ] end=98304 piso=1284096
COUNTS id=[ 384, 2941 ] end=33792 piso=1778688
COUNTS id=[ 384, 2942 ] end=101376 piso=3867648
COUNTS id=[ 384, 2943 ] end=12288 piso=291840
COUNTS id=[ 384, 2944 ] end=24064 piso=717312
COUNTS id=[ 384, 2945 ] end=31744 piso=642048
COUNTS id=[ 384, 2946 ] end=31744 piso=642048
COUNTS id=[ 384, 2947 ] end=16896 piso=340992
COUNTS id=[ 384, 2948 ] end=16896 piso=340992
COUNTS id=[ 384, 2949 ] end=33792 piso=637440
COUNTS id=[ 384, 2950 ] end=33792 piso=637440
COUNTS id=[ 384, 2951 ] end=15360 piso=566784
COUNTS id=[ 384, 2952 ] end=12288 piso=574464
COUNTS id=[ 384, 2953 ] end=26112 piso=809472
COUNTS id=[ 384, 2954 ] end=12288 piso=285696
COUNTS id=[ 384, 2955 ] end=24064 piso=548352
COUNTS id=[ 384, 2956 ] end=186368 piso=18421248
COUNTS id=[ 384, 2957 ] end=75776 piso=2356224
COUNTS id=[ 384, 2958 ] end=102400 piso=10046976
COUNTS id=[ 384, 2959 ] end=79872 piso=2489856
COUNTS id=[ 384, 2960 ] end=307200 piso=31600128
COUNTS id=[ 384, 2961 ] end=320512 piso=21726720
COUNTS id=[ 384, 2962 ] end=133120 piso=4910592
COUNTS id=[ 384, 2963 ] end=61440 piso=17487360
COUNTS id=[ 384, 2964 ] end=74752 piso=4498944
COUNTS id=[ 384, 2965 ] end=22528 piso=3952128
COUNTS id=[ 384, 2966 ] end=26112 piso=717312
COUNTS id=[ 384, 2967 ] end=43008 piso=975360
COUNTS id=[ 384, 2968 ] end=103936 piso=4555776
COUNTS id=[ 384, 2969 ] end=51712 piso=1993728
COUNTS id=[ 384, 2970 ] end=24064 piso=715776
COUNTS id=[ 384, 2971 ] end=40960 piso=1222656
COUNTS id=[ 384, 2972 ] end=15360 piso=522624
COUNTS id=[ 384, 2973 ] end=30208 piso=582528
COUNTS id=[ 384, 2974 ] end=13312 piso=592896
COUNTS id=[ 384, 2975 ] end=17920 piso=1218048
COUNTS id=[ 384, 2976 ] end=60928 piso=3300864
COUNTS id=[ 384, 2977 ] end=13312 piso=316416
COUNTS id=[ 384, 2978 ] end=59392 piso=3048960
COUNTS id=[ 384, 2979 ] end=13312 piso=966144
COUNTS id=[ 384, 2980 ] end=8704 piso=233856
COUNTS id=[ 384, 2981 ] end=10240 piso=295296
COUNTS id=[ 384, 2982 ] end=83968 piso=2654208
COUNTS id=[ 384, 2983 ] end=88576 piso=3589632
COUNTS id=[ 384, 2984 ] end=120832 piso=4134912
COUNTS id=[ 384, 2985 ] end=137728 piso=4320768
COUNTS id=[ 384, 2986 ] end=20992 piso=1592832
COUNTS id=[ 384, 2987 ] end=28672 piso=1769472
COUNTS id=[ 384, 2988 ] end=27136 piso=1525248
COUNTS id=[ 384, 2989 ] end=129024 piso=9254784
COUNTS id=[ 384, 2990 ] end=258048 piso=31251456
COUNTS id=[ 384, 2991 ] end=61440 piso=17120256
COUNTS id=[ 384, 2992 ] end=25600 piso=607104
COUNTS id=[ 384, 2993 ] end=50176 piso=898560
COUNTS id=[ 384, 2994 ] end=73728 piso=540672
CLOSEST id=[ 384, 2994 ] end=73728 piso=540672 ratio=22/3
COUNTS id=[ 384, 2995 ] end=73728 piso=540672
COUNTS id=[ 384, 2996 ] end=21504 piso=221184
COUNTS id=[ 384, 2997 ] end=20480 piso=267264
COUNTS id=[ 384, 2998 ] end=20480 piso=267264
COUNTS id=[ 384, 2999 ] end=11264 piso=193536
COUNTS id=[ 384, 3000 ] end=126976 piso=5422080
COUNTS id=[ 384, 3001 ] end=37888 piso=692736
COUNTS id=[ 384, 3002 ] end=54272 piso=912384
COUNTS id=[ 384, 3003 ] end=29696 piso=387072
COUNTS id=[ 384, 3004 ] end=53248 piso=1563648
COUNTS id=[ 384, 3005 ] end=23552 piso=586752
COUNTS id=[ 384, 3006 ] end=229376 piso=19476480
COUNTS id=[ 384, 3007 ] end=54272 piso=921600
COUNTS id=[ 384, 3008 ] end=54272 piso=955392
COUNTS id=[ 384, 3009 ] end=54272 piso=930816
COUNTS id=[ 384, 3010 ] end=81920 piso=3330048
COUNTS id=[ 384, 3011 ] end=81920 piso=3330048
COUNTS id=[ 384, 3012 ] end=106496 piso=3403776
COUNTS id=[ 384, 3013 ] end=23552 piso=595968
COUNTS id=[ 384, 3014 ] end=23552 piso=629760
COUNTS id=[ 384, 3015 ] end=23552 piso=605184
COUNTS id=[ 384, 3016 ] end=262144 piso=2826240
PROGRESS checked=200 hits=0 reversed=0 runtime_ms=389523
COUNTS id=[ 384, 3017 ] end=229376 piso=2826240
COUNTS id=[ 384, 3018 ] end=94208 piso=878592
COUNTS id=[ 384, 3019 ] end=73728 piso=2703360
COUNTS id=[ 384, 3020 ] end=57344 piso=903168
COUNTS id=[ 384, 3021 ] end=237568 piso=3342336
COUNTS id=[ 384, 3022 ] end=106496 piso=1542144
COUNTS id=[ 384, 3023 ] end=25600 piso=706560
COUNTS id=[ 384, 3024 ] end=17408 piso=706560
COUNTS id=[ 384, 3025 ] end=50176 piso=1867776
COUNTS id=[ 384, 3026 ] end=41984 piso=1867776
COUNTS id=[ 384, 3027 ] end=49152 piso=771072
COUNTS id=[ 384, 3028 ] end=26624 piso=771072
COUNTS id=[ 384, 3029 ] end=223232 piso=2333184
COUNTS id=[ 384, 3030 ] end=223232 piso=2333184
COUNTS id=[ 384, 3031 ] end=94208 piso=1454592
COUNTS id=[ 384, 3032 ] end=161792 piso=4624896
COUNTS id=[ 384, 3033 ] end=358400 piso=20206080
COUNTS id=[ 384, 3034 ] end=124928 piso=4526592
COUNTS id=[ 384, 3035 ] end=137216 piso=4256256
COUNTS id=[ 384, 3036 ] end=137216 piso=4256256
COUNTS id=[ 384, 3037 ] end=51200 piso=2118144
COUNTS id=[ 384, 3038 ] end=37376 piso=1666560
COUNTS id=[ 384, 3039 ] end=37376 piso=1666560
COUNTS id=[ 384, 3040 ] end=18944 piso=1635840
COUNTS id=[ 384, 3041 ] end=196608 piso=1061376
CLOSEST id=[ 384, 3041 ] end=196608 piso=1061376 ratio=691/128
COUNTS id=[ 384, 3042 ] end=167936 piso=913920
COUNTS id=[ 384, 3043 ] end=100352 piso=858624
COUNTS id=[ 384, 3044 ] end=67584 piso=809472
COUNTS id=[ 384, 3045 ] end=32768 piso=809472
COUNTS id=[ 384, 3046 ] end=188416 piso=5815296
COUNTS id=[ 384, 3047 ] end=131072 piso=5815296
COUNTS id=[ 384, 3048 ] end=90112 piso=1661952
COUNTS id=[ 384, 3049 ] end=81920 piso=1661952
COUNTS id=[ 384, 3050 ] end=29696 piso=384000
COUNTS id=[ 384, 3051 ] end=122880 piso=9756672
COUNTS id=[ 384, 3052 ] end=81920 piso=2199552
COUNTS id=[ 384, 3053 ] end=86016 piso=3093504
COUNTS id=[ 384, 3054 ] end=63488 piso=2135040
COUNTS id=[ 384, 3055 ] end=186368 piso=7074816
COUNTS id=[ 384, 3056 ] end=137216 piso=6405120
COUNTS id=[ 384, 3057 ] end=166400 piso=12240384
COUNTS id=[ 384, 3058 ] end=83456 piso=4290048
COUNTS id=[ 384, 3059 ] end=61952 piso=3680256
COUNTS id=[ 384, 3060 ] end=61952 piso=3680256
COUNTS id=[ 384, 3061 ] end=124928 piso=3118080
COUNTS id=[ 384, 3062 ] end=75776 piso=2300928
COUNTS id=[ 384, 3063 ] end=74240 piso=4007424
COUNTS id=[ 384, 3064 ] end=28160 piso=1800192
COUNTS id=[ 384, 3065 ] end=28160 piso=1800192
COUNTS id=[ 384, 3066 ] end=34816 piso=380928
COUNTS id=[ 384, 3067 ] end=34816 piso=380928
COUNTS id=[ 384, 3068 ] end=16384 piso=218112
COUNTS id=[ 384, 3069 ] end=20480 piso=304128
COUNTS id=[ 384, 3070 ] end=20480 piso=304128
COUNTS id=[ 384, 3071 ] end=11264 piso=211968
COUNTS id=[ 384, 3072 ] end=101376 piso=5305344
DONE checked=256 abelian=0 hits=0 reversed=0 skipped_abelian=0 closest=[ 384, 3041 ] min_ratio=691/128 runtime_ms=479344
