{"command": ["/project/gap-4.16.1/gap", "-l", "/project/gap-4.16.1", "-q", "-b", "-T", "-m", "128m", "-o", "4g", "-c", "START_ORDER:=384;;END_ORDER:=384;;START_ID:=8961;;END_ID:=9216;;SKIP_ABELIAN:=true;;LOG_ALL:=true;;", "/project/scripts/search_19_20.g"], "source_hashes": {"scripts/search_19_20.g": "7b6a34e9163b58b0248b3c464ae8070783414cd7d14048136dd0e3547b906318", "scripts/lib_19_20.g": "fbcf2d3c4b0648cc1fa87d6e50fc923133d594c029b8430a365caf596ac7ccd5"}}
PARAMETERS start=384 end=384 start_id=8961 end_id=9216 skip_abelian=true log_all=true
ORDER_START order=384 groups=20169
COUNTS id=[ 384, 8961 ] end=798720 piso=16779264
CLOSEST id=[ 384, 8961 ] end=798720 piso=16779264 ratio=2731/130
COUNTS id=[ 384, 8962 ] end=430080 piso=10795008
COUNTS id=[ 384, 8963 ] end=712704 piso=15252480
COUNTS id=[ 384, 8964 ] end=430080 piso=8123904
CLOSEST id=[ 384, 8964 ] end=430080 piso=8123904 ratio=5289/280
COUNTS id=[ 384, 8965 ] end=430080 piso=8219136
COUNTS id=[ 384, 8966 ] end=430080 piso=9854976
COUNTS id=[ 384, 8967 ] end=172032 piso=6675456
COUNTS id=[ 384, 8968 ] end=430080 piso=8305152
COUNTS id=[ 384, 8969 ] end=430080 piso=8231424
COUNTS id=[ 384, 8970 ] end=712704 piso=13840896
COUNTS id=[ 384, 8971 ] end=712704 piso=13266432
CLOSEST id=[ 384, 8971 ] end=712704 piso=13266432 ratio=8637/464
COUNTS id=[ 384, 8972 ] end=712704 piso=13757952
COUNTS id=[ 384, 8973 ] end=172032 piso=6440448
COUNTS id=[ 384, 8974 ] end=282624 piso=10206720
COUNTS id=[ 384, 8975 ] end=208896 piso=6114816
COUNTS id=[ 384, 8976 ] end=430080 piso=8251392
COUNTS id=[ 384, 8977 ] end=331776 piso=10257408
COUNTS id=[ 384, 8978 ] end=774144 piso=14114304
CLOSEST id=[ 384, 8978 ] end=774144 piso=14114304 ratio=1021/56
COUNTS id=[ 384, 8979 ] end=163840 piso=6130176
COUNTS id=[ 384, 8980 ] end=163840 piso=5658624
COUNTS id=[ 384, 8981 ] end=200704 piso=9186816
COUNTS id=[ 384, 8982 ] end=372736 piso=9345024
COUNTS id=[ 384, 8983 ] end=163840 piso=6019584
COUNTS id=[ 384, 8984 ] end=385024 piso=7534080
COUNTS id=[ 384, 8985 ] end=372736 piso=7567872
COUNTS id=[ 384, 8986 ] end=372736 piso=7570944
COUNTS id=[ 384, 8987 ] end=163840 piso=5716992
COUNTS id=[ 384, 8988 ] end=163840 piso=5677056
COUNTS id=[ 384, 8989 ] end=163840 piso=9045504
COUNTS id=[ 384, 8990 ] end=323584 piso=9252864
COUNTS id=[ 384, 8991 ] end=163840 piso=5643264
COUNTS id=[ 384, 8992 ] end=163840 piso=5649408
COUNTS id=[ 384, 8993 ] end=372736 piso=7481856
COUNTS id=[ 384, 8994 ] end=163840 piso=4452864
COUNTS id=[ 384, 8995 ] end=372736 piso=6457344
CLOSEST id=[ 384, 8995 ] end=372736 piso=6457344 ratio=3153/182
COUNTS id=[ 384, 8996 ] end=372736 piso=6423552
CLOSEST id=[ 384, 8996 ] end=372736 piso=6423552 ratio=6273/364
COUNTS id=[ 384, 8997 ] end=520192 piso=11202048
COUNTS id=[ 384, 8998 ] end=200704 piso=4844544
COUNTS id=[ 384, 8999 ] end=200704 piso=5038080
COUNTS id=[ 384, 9000 ] end=2215936 piso=23961600
CLOSEST id=[ 384, 9000 ] end=2215936 piso=23961600 ratio=5850/541
COUNTS id=[ 384, 9001 ] end=380928 piso=7328256
COUNTS id=[ 384, 9002 ] end=380928 piso=7520256
COUNTS id=[ 384, 9003 ] end=11927552 piso=1246494720
COUNTS id=[ 384, 9004 ] end=8650752 piso=1216167936
COUNTS id=[ 384, 9005 ] end=4259840 piso=320887296
COUNTS id=[ 384, 9006 ] end=1138688 piso=13890048
COUNTS id=[ 384, 9007 ] end=10108928 piso=1229445120
COUNTS id=[ 384, 9008 ] end=4808704 piso=332567040
COUNTS id=[ 384, 9009 ] end=1761280 piso=24119808
COUNTS id=[ 384, 9010 ] end=3858432 piso=315585024
COUNTS id=[ 384, 9011 ] end=1257472 piso=30991872
COUNTS id=[ 384, 9012 ] end=9547776 piso=1271268864
COUNTS id=[ 384, 9013 ] end=3633152 piso=318289920
COUNTS id=[ 384, 9014 ] end=929792 piso=15897600
COUNTS id=[ 384, 9015 ] end=1257472 piso=24818688
COUNTS id=[ 384, 9016 ] end=466944 piso=13552128
COUNTS id=[ 384, 9017 ] end=671744 piso=14707200
COUNTS id=[ 384, 9018 ] end=4231168 piso=346122240
COUNTS id=[ 384, 9019 ] end=548864 piso=8997888
COUNTS id=[ 384, 9020 ] end=1662976 piso=32873472
COUNTS id=[ 384, 9021 ] end=901120 piso=24380928
COUNTS id=[ 384, 9022 ] end=843776 piso=18353664
COUNTS id=[ 384, 9023 ] end=843776 piso=18200064
COUNTS id=[ 384, 9024 ] end=430080 piso=9643008
COUNTS id=[ 384, 9025 ] end=466944 piso=7964160
COUNTS id=[ 384, 9026 ] end=466944 piso=7994880
COUNTS id=[ 384, 9027 ] end=671744 piso=10741248
COUNTS id=[ 384, 9028 ] end=671744 piso=11017728
COUNTS id=[ 384, 9029 ] end=540672 piso=8381952
COUNTS id=[ 384, 9030 ] end=4218880 piso=344016384
COUNTS id=[ 384, 9031 ] end=430080 piso=7607808
COUNTS id=[ 384, 9032 ] end=1458176 piso=28035072
COUNTS id=[ 384, 9033 ] end=622592 piso=9394176
COUNTS id=[ 384, 9034 ] end=491520 piso=8074752
COUNTS id=[ 384, 9035 ] end=372736 piso=6999552
COUNTS id=[ 384, 9036 ] end=724992 piso=13232640
COUNTS id=[ 384, 9037 ] end=4038656 piso=340832256
COUNTS id=[ 384, 9038 ] end=4026368 piso=339975168
COUNTS id=[ 384, 9039 ] end=4124672 piso=340521984
COUNTS id=[ 384, 9040 ] end=7868416 piso=1236131328
COUNTS id=[ 384, 9041 ] end=487424 piso=10578432
COUNTS id=[ 384, 9042 ] end=880640 piso=15952896
COUNTS id=[ 384, 9043 ] end=3563520 piso=314514432
COUNTS id=[ 384, 9044 ] end=3563520 piso=314446848
COUNTS id=[ 384, 9045 ] end=3600384 piso=315440640
COUNTS id=[ 384, 9046 ] end=430080 piso=7766016
COUNTS id=[ 384, 9047 ] end=372736 piso=7027200
COUNTS id=[ 384, 9048 ] end=618496 piso=12662784
COUNTS id=[ 384, 9049 ] end=372736 piso=6595584
COUNTS id=[ 384, 9050 ] end=671744 piso=16318464
COUNTS id=[ 384, 9051 ] end=671744 piso=15902208
COUNTS id=[ 384, 9052 ] end=2899968 piso=40243200
COUNTS id=[ 384, 9053 ] end=327680 piso=8271360
COUNTS id=[ 384, 9054 ] end=2883584 piso=40280064
COUNTS id=[ 384, 9055 ] end=1114112 piso=15745536
COUNTS id=[ 384, 9056 ] end=1163264 piso=12705792
COUNTS id=[ 384, 9057 ] end=917504 piso=11513856
COUNTS id=[ 384, 9058 ] end=2293760 piso=37281792
COUNTS id=[ 384, 9059 ] end=229376 piso=5494272
COUNTS id=[ 384, 9060 ] end=1114112 piso=10616832
CLOSEST id=[ 384, 9060 ] end=1114112 piso=10616832 ratio=162/17
PROGRESS checked=100 hits=0 reversed=0 runtime_ms=326479
COUNTS id=[ 384, 9061 ] end=327680 piso=7876608
COUNTS id=[ 384, 9062 ] end=303104 piso=6064128
COUNTS id=[ 384, 9063 ] end=573440 piso=5365248
CLOSEST id=[ 384, 9063 ] end=573440 piso=5365248 ratio=1497/160
COUNTS id=[ 384, 9064 ] end=966656 piso=9277440
COUNTS id=[ 384, 9065 ] end=327680 piso=6618624
COUNTS id=[ 384, 9066 ] end=229376 piso=6544896
COUNTS id=[ 384, 9067 ] end=598016 piso=7125504
COUNTS id=[ 384, 9068 ] end=475136 piso=8656896
COUNTS id=[ 384, 9069 ] end=1040384 piso=10690560
COUNTS id=[ 384, 9070 ] end=475136 piso=7907328
COUNTS id=[ 384, 9071 ] end=1015808 piso=10647552
COUNTS id=[ 384, 9072 ] end=1015808 piso=9271296
CLOSEST id=[ 384, 9072 ] end=1015808 piso=9271296 ratio=4527/496
COUNTS id=[ 384, 9073 ] end=278528 piso=5842944
COUNTS id=[ 384, 9074 ] end=1294336 piso=29001216
COUNTS id=[ 384, 9075 ] end=3309568 piso=127809024
COUNTS id=[ 384, 9076 ] end=1294336 piso=122844672
COUNTS id=[ 384, 9077 ] end=360448 piso=6638592
COUNTS id=[ 384, 9078 ] end=176128 piso=5882880
COUNTS id=[ 384, 9079 ] end=176128 piso=6183936
COUNTS id=[ 384, 9080 ] end=176128 piso=5889024
COUNTS id=[ 384, 9081 ] end=520192 piso=9378816
COUNTS id=[ 384, 9082 ] end=520192 piso=9384960
COUNTS id=[ 384, 9083 ] end=569344 piso=8014848
COUNTS id=[ 384, 9084 ] end=520192 piso=8228352
COUNTS id=[ 384, 9085 ] end=520192 piso=7890432
COUNTS id=[ 384, 9086 ] end=397312 piso=7773696
COUNTS id=[ 384, 9087 ] end=102400 piso=5758464
COUNTS id=[ 384, 9088 ] end=102400 piso=5789184
COUNTS id=[ 384, 9089 ] end=741376 piso=13914624
COUNTS id=[ 384, 9090 ] end=348160 piso=6183936
COUNTS id=[ 384, 9091 ] end=483328 piso=7607808
COUNTS id=[ 384, 9092 ] end=483328 piso=8933376
COUNTS id=[ 384, 9093 ] end=434176 piso=7927296
COUNTS id=[ 384, 9094 ] end=360448 piso=5764608
COUNTS id=[ 384, 9095 ] end=458752 piso=13641216
COUNTS id=[ 384, 9096 ] end=409600 piso=12080640
COUNTS id=[ 384, 9097 ] end=102400 piso=4569600
COUNTS id=[ 384, 9098 ] end=102400 piso=4452864
COUNTS id=[ 384, 9099 ] end=102400 piso=4440576
COUNTS id=[ 384, 9100 ] end=77824 piso=4680192
COUNTS id=[ 384, 9101 ] end=77824 piso=4710912
COUNTS id=[ 384, 9102 ] end=77824 piso=4723200
COUNTS id=[ 384, 9103 ] end=65536 piso=4210176
COUNTS id=[ 384, 9104 ] end=65536 piso=4210176
COUNTS id=[ 384, 9105 ] end=262144 piso=5061120
COUNTS id=[ 384, 9106 ] end=249856 piso=4922880
COUNTS id=[ 384, 9107 ] end=249856 piso=4230144
COUNTS id=[ 384, 9108 ] end=249856 piso=4159488
COUNTS id=[ 384, 9109 ] end=1282048 piso=27354624
COUNTS id=[ 384, 9110 ] end=618496 piso=10126848
COUNTS id=[ 384, 9111 ] end=839680 piso=13260288
COUNTS id=[ 384, 9112 ] end=765952 piso=11933184
COUNTS id=[ 384, 9113 ] end=348160 piso=6730752
COUNTS id=[ 384, 9114 ] end=274432 piso=5881344
COUNTS id=[ 384, 9115 ] end=741376 piso=13945344
COUNTS id=[ 384, 9116 ] end=483328 piso=7340544
COUNTS id=[ 384, 9117 ] end=176128 piso=6354432
COUNTS id=[ 384, 9118 ] end=176128 piso=6010368
COUNTS id=[ 384, 9119 ] end=913408 piso=9979392
COUNTS id=[ 384, 9120 ] end=471040 piso=8123904
COUNTS id=[ 384, 9121 ] end=323584 piso=7939584
COUNTS id=[ 384, 9122 ] end=274432 piso=4861440
COUNTS id=[ 384, 9123 ] end=249856 piso=6746112
COUNTS id=[ 384, 9124 ] end=397312 piso=7931904
COUNTS id=[ 384, 9125 ] end=274432 piso=5314560
COUNTS id=[ 384, 9126 ] end=249856 piso=5136384
COUNTS id=[ 384, 9127 ] end=65536 piso=4188672
COUNTS id=[ 384, 9128 ] end=65536 piso=4179456
COUNTS id=[ 384, 9129 ] end=274432 piso=4864512
COUNTS id=[ 384, 9130 ] end=274432 piso=4861440
COUNTS id=[ 384, 9131 ] end=593920 piso=8123904
COUNTS id=[ 384, 9132 ] end=151552 piso=4905984
COUNTS id=[ 384, 9133 ] end=151552 piso=4893696
COUNTS id=[ 384, 9134 ] end=77824 piso=4581888
COUNTS id=[ 384, 9135 ] end=299008 piso=6641664
COUNTS id=[ 384, 9136 ] end=126976 piso=4858368
COUNTS id=[ 384, 9137 ] end=458752 piso=6938112
COUNTS id=[ 384, 9138 ] end=65536 piso=4397568
COUNTS id=[ 384, 9139 ] end=249856 piso=5328384
COUNTS id=[ 384, 9140 ] end=581632 piso=10028544
COUNTS id=[ 384, 9141 ] end=483328 piso=7444992
COUNTS id=[ 384, 9142 ] end=274432 piso=6311424
COUNTS id=[ 384, 9143 ] end=139264 piso=5904384
COUNTS id=[ 384, 9144 ] end=139264 piso=5809152
COUNTS id=[ 384, 9145 ] end=249856 piso=5405184
COUNTS id=[ 384, 9146 ] end=249856 piso=5334528
COUNTS id=[ 384, 9147 ] end=888832 piso=12346368
COUNTS id=[ 384, 9148 ] end=569344 piso=7970304
COUNTS id=[ 384, 9149 ] end=1429504 piso=23539200
COUNTS id=[ 384, 9150 ] end=495616 piso=9702912
COUNTS id=[ 384, 9151 ] end=249856 piso=3907584
COUNTS id=[ 384, 9152 ] end=249856 piso=3858432
COUNTS id=[ 384, 9153 ] end=65536 piso=4213248
COUNTS id=[ 384, 9154 ] end=65536 piso=4204032
COUNTS id=[ 384, 9155 ] end=40960 piso=4157952
COUNTS id=[ 384, 9156 ] end=40960 piso=4148736
COUNTS id=[ 384, 9157 ] end=249856 piso=4689408
COUNTS id=[ 384, 9158 ] end=249856 piso=4701696
COUNTS id=[ 384, 9159 ] end=249856 piso=4670976
COUNTS id=[ 384, 9160 ] end=40960 piso=4022784
PROGRESS checked=200 hits=0 reversed=0 runtime_ms=584018
COUNTS id=[ 384, 9161 ] end=40960 piso=4019712
COUNTS id=[ 384, 9162 ] end=360448 piso=5664768
COUNTS id=[ 384, 9163 ] end=262144 piso=4935168
COUNTS id=[ 384, 9164 ] end=65536 piso=4348416
COUNTS id=[ 384, 9165 ] end=249856 piso=3926016
COUNTS id=[ 384, 9166 ] end=274432 piso=4968960
COUNTS id=[ 384, 9167 ] end=53248 piso=4299264
COUNTS id=[ 384, 9168 ] end=249856 piso=3876864
COUNTS id=[ 384, 9169 ] end=249856 piso=3861504
COUNTS id=[ 384, 9170 ] end=151552 piso=4761600
COUNTS id=[ 384, 9171 ] end=200704 piso=4823040
COUNTS id=[ 384, 9172 ] end=225280 piso=4816896
COUNTS id=[ 384, 9173 ] end=102400 piso=4505088
COUNTS id=[ 384, 9174 ] end=274432 piso=5391360
COUNTS id=[ 384, 9175 ] end=323584 piso=5415936
COUNTS id=[ 384, 9176 ] end=299008 piso=5286912
COUNTS id=[ 384, 9177 ] end=495616 piso=6392832
COUNTS id=[ 384, 9178 ] end=176128 piso=4763136
COUNTS id=[ 384, 9179 ] end=126976 piso=4443648
COUNTS id=[ 384, 9180 ] end=1699840 piso=15392256
CLOSEST id=[ 384, 9180 ] end=1699840 piso=15392256 ratio=30063/3320
COUNTS id=[ 384, 9181 ] end=77824 piso=4769280
COUNTS id=[ 384, 9182 ] end=692224 piso=9142272
COUNTS id=[ 384, 9183 ] end=1183744 piso=14475264
COUNTS id=[ 384, 9184 ] end=151552 piso=5792256
COUNTS id=[ 384, 9185 ] end=5111808 piso=144359424
COUNTS id=[ 384, 9186 ] end=1507328 piso=117768192
COUNTS id=[ 384, 9187 ] end=598016 piso=6590976
COUNTS id=[ 384, 9188 ] end=991232 piso=10022400
COUNTS id=[ 384, 9189 ] end=2834432 piso=48826368
COUNTS id=[ 384, 9190 ] end=2637824 piso=117037056
COUNTS id=[ 384, 9191 ] end=1089536 piso=12814848
COUNTS id=[ 384, 9192 ] end=991232 piso=10397184
COUNTS id=[ 384, 9193 ] end=573440 piso=5076480
CLOSEST id=[ 384, 9193 ] end=573440 piso=5076480 ratio=1983/224
COUNTS id=[ 384, 9194 ] end=1945600 piso=40588800
COUNTS id=[ 384, 9195 ] end=1970176 piso=120817152
COUNTS id=[ 384, 9196 ] end=544768 piso=10189824
COUNTS id=[ 384, 9197 ] end=618496 piso=18496512
COUNTS id=[ 384, 9198 ] end=286720 piso=5736960
COUNTS id=[ 384, 9199 ] end=311296 piso=6830592
COUNTS id=[ 384, 9200 ] end=876544 piso=16978944
COUNTS id=[ 384, 9201 ] end=385024 piso=8020992
COUNTS id=[ 384, 9202 ] end=2867200 piso=58123776
COUNTS id=[ 384, 9203 ] end=299008 piso=10329600
COUNTS id=[ 384, 9204 ] end=532480 piso=15636480
COUNTS id=[ 384, 9205 ] end=483328 piso=11668992
COUNTS id=[ 384, 9206 ] end=286720 piso=5506560
COUNTS id=[ 384, 9207 ] end=286720 piso=5561856
COUNTS id=[ 384, 9208 ] end=458752 piso=7890432
COUNTS id=[ 384, 9209 ] end=458752 piso=8142336
COUNTS id=[ 384, 9210 ] end=360448 piso=5961216
COUNTS id=[ 384, 9211 ] end=483328 piso=7527936
COUNTS id=[ 384, 9212 ] end=249856 piso=4913664
COUNTS id=[ 384, 9213 ] end=458752 piso=11338752
COUNTS id=[ 384, 9214 ] end=495616 piso=9185280
COUNTS id=[ 384, 9215 ] end=385024 piso=5846016
COUNTS id=[ 384, 9216 ] end=950272 piso=14063616
DONE checked=256 abelian=0 hits=0 reversed=0 skipped_abelian=0 closest=[ 384, 9193 ] min_ratio=1983/224 runtime_ms=733187
