{"command": ["/project/gap-4.16.1/gap", "-l", "/project/gap-4.16.1", "-q", "-b", "-T", "-m", "128m", "-o", "4g", "-c", "START_ORDER:=432;;END_ORDER:=432;;START_ID:=1;;END_ID:=256;;SKIP_ABELIAN:=true;;LOG_ALL:=true;;", "/project/scripts/search_19_20.g"], "source_hashes": {"scripts/search_19_20.g": "7b6a34e9163b58b0248b3c464ae8070783414cd7d14048136dd0e3547b906318", "scripts/lib_19_20.g": "fbcf2d3c4b0648cc1fa87d6e50fc923133d594c029b8430a365caf596ac7ccd5"}}
PARAMETERS start=432 end=432 start_id=1 end_id=256 skip_abelian=true log_all=true
ORDER_START order=432 groups=775
COUNTS id=[ 432, 1 ] end=5840 piso=17712
CLOSEST id=[ 432, 1 ] end=5840 piso=17712 ratio=1107/365
ABELIAN_SKIPPED id=[ 432, 2 ] reason=known_equality
COUNTS id=[ 432, 3 ] end=4617 piso=13824
CLOSEST id=[ 432, 3 ] end=4617 piso=13824 ratio=512/171
COUNTS id=[ 432, 4 ] end=23332 piso=257256
COUNTS id=[ 432, 5 ] end=12544 piso=64800
COUNTS id=[ 432, 6 ] end=12320 piso=64800
COUNTS id=[ 432, 7 ] end=23764 piso=163944
COUNTS id=[ 432, 8 ] end=47524 piso=397224
COUNTS id=[ 432, 9 ] end=23360 piso=70848
COUNTS id=[ 432, 10 ] end=11696 piso=70848
COUNTS id=[ 432, 11 ] end=50176 piso=259200
COUNTS id=[ 432, 12 ] end=12992 piso=189216
COUNTS id=[ 432, 13 ] end=46688 piso=212544
COUNTS id=[ 432, 14 ] end=25088 piso=540864
COUNTS id=[ 432, 15 ] end=11700 piso=92232
COUNTS id=[ 432, 16 ] end=18612 piso=141480
COUNTS id=[ 432, 17 ] end=12100 piso=105192
COUNTS id=[ 432, 18 ] end=18148 piso=126792
COUNTS id=[ 432, 19 ] end=46720 piso=223776
ABELIAN_SKIPPED id=[ 432, 20 ] reason=known_equality
COUNTS id=[ 432, 21 ] end=3456 piso=16416
COUNTS id=[ 432, 22 ] end=2592 piso=5184
CLOSEST id=[ 432, 22 ] end=2592 piso=5184 ratio=2
ABELIAN_SKIPPED id=[ 432, 23 ] reason=known_equality
COUNTS id=[ 432, 24 ] end=1296 piso=1728
CLOSEST id=[ 432, 24 ] end=1296 piso=1728 ratio=4/3
COUNTS id=[ 432, 25 ] end=2700 piso=6696
COUNTS id=[ 432, 26 ] end=1404 piso=3240
COUNTS id=[ 432, 27 ] end=972 piso=4968
COUNTS id=[ 432, 28 ] end=2016 piso=6480
COUNTS id=[ 432, 29 ] end=864 piso=3024
COUNTS id=[ 432, 30 ] end=2160 piso=26352
COUNTS id=[ 432, 31 ] end=1152 piso=5616
COUNTS id=[ 432, 32 ] end=52496 piso=159408
COUNTS id=[ 432, 33 ] end=5840 piso=38448
ABELIAN_SKIPPED id=[ 432, 34 ] reason=known_equality
COUNTS id=[ 432, 35 ] end=11664 piso=24624
COUNTS id=[ 432, 36 ] end=2160 piso=3024
COUNTS id=[ 432, 37 ] end=3890 piso=107136
COUNTS id=[ 432, 38 ] end=8750 piso=152064
COUNTS id=[ 432, 39 ] end=9728 piso=188352
COUNTS id=[ 432, 40 ] end=1296 piso=11232
COUNTS id=[ 432, 41 ] end=1188 piso=11880
COUNTS id=[ 432, 42 ] end=648 piso=4968
COUNTS id=[ 432, 43 ] end=100288 piso=842400
COUNTS id=[ 432, 44 ] end=114176 piso=915840
COUNTS id=[ 432, 45 ] end=207424 piso=2245536
COUNTS id=[ 432, 46 ] end=26848 piso=306720
COUNTS id=[ 432, 47 ] end=121312 piso=1775952
COUNTS id=[ 432, 48 ] end=19776 piso=298512
COUNTS id=[ 432, 49 ] end=49952 piso=638928
COUNTS id=[ 432, 50 ] end=56384 piso=517968
COUNTS id=[ 432, 51 ] end=373760 piso=1133568
COUNTS id=[ 432, 52 ] end=105920 piso=807840
ABELIAN_SKIPPED id=[ 432, 53 ] reason=known_equality
COUNTS id=[ 432, 54 ] end=29376 piso=54432
COUNTS id=[ 432, 55 ] end=12096 piso=19872
COUNTS id=[ 432, 56 ] end=6048 piso=9504
COUNTS id=[ 432, 57 ] end=688 piso=21744
COUNTS id=[ 432, 58 ] end=9440 piso=124416
COUNTS id=[ 432, 59 ] end=15872 piso=285984
COUNTS id=[ 432, 60 ] end=7424 piso=124416
COUNTS id=[ 432, 61 ] end=15776 piso=285984
COUNTS id=[ 432, 62 ] end=13252 piso=396360
COUNTS id=[ 432, 63 ] end=25492 piso=702216
COUNTS id=[ 432, 64 ] end=30964 piso=834408
COUNTS id=[ 432, 65 ] end=15556 piso=466344
COUNTS id=[ 432, 66 ] end=14432 piso=132192
COUNTS id=[ 432, 67 ] end=7952 piso=132192
COUNTS id=[ 432, 68 ] end=16756 piso=197640
COUNTS id=[ 432, 69 ] end=23140 piso=737640
COUNTS id=[ 432, 70 ] end=11860 piso=144936
COUNTS id=[ 432, 71 ] end=11908 piso=381672
COUNTS id=[ 432, 72 ] end=12676 piso=151848
COUNTS id=[ 432, 73 ] end=21604 piso=694440
COUNTS id=[ 432, 74 ] end=15556 piso=182088
COUNTS id=[ 432, 75 ] end=12964 piso=411048
COUNTS id=[ 432, 76 ] end=6560 piso=107136
COUNTS id=[ 432, 77 ] end=5264 piso=107136
COUNTS id=[ 432, 78 ] end=5332 piso=162216
COUNTS id=[ 432, 79 ] end=10660 piso=357480
COUNTS id=[ 432, 80 ] end=7780 piso=245160
COUNTS id=[ 432, 81 ] end=5408 piso=124416
COUNTS id=[ 432, 82 ] end=5264 piso=124416
COUNTS id=[ 432, 83 ] end=11812 piso=379080
COUNTS id=[ 432, 84 ] end=5908 piso=204552
COUNTS id=[ 432, 85 ] end=5908 piso=180360
COUNTS id=[ 432, 86 ] end=7780 piso=249480
COUNTS id=[ 432, 87 ] end=41536 piso=551232
COUNTS id=[ 432, 88 ] end=17440 piso=452736
COUNTS id=[ 432, 89 ] end=16192 piso=465696
COUNTS id=[ 432, 90 ] end=28672 piso=460512
COUNTS id=[ 432, 91 ] end=18880 piso=536544
COUNTS id=[ 432, 92 ] end=31744 piso=2514240
COUNTS id=[ 432, 93 ] end=28864 piso=490752
COUNTS id=[ 432, 94 ] end=31552 piso=542592
COUNTS id=[ 432, 95 ] end=11680 piso=374976
COUNTS id=[ 432, 96 ] end=8224 piso=381888
COUNTS id=[ 432, 97 ] end=13120 piso=531360
COUNTS id=[ 432, 98 ] end=10816 piso=690336
COUNTS id=[ 432, 99 ] end=16443 piso=88128
COUNTS id=[ 432, 100 ] end=10665 piso=67392
COUNTS id=[ 432, 101 ] end=41553 piso=124416
COUNTS id=[ 432, 102 ] end=13905 piso=89856
COUNTS id=[ 432, 103 ] end=49329 piso=435456
COUNTS id=[ 432, 104 ] end=7812 piso=73224
COUNTS id=[ 432, 105 ] end=4896 piso=20736
PROGRESS checked=100 hits=0 reversed=0 runtime_ms=77848
COUNTS id=[ 432, 106 ] end=4608 piso=20736
COUNTS id=[ 432, 107 ] end=8244 piso=47304
COUNTS id=[ 432, 108 ] end=16452 piso=109512
COUNTS id=[ 432, 109 ] end=2592 piso=7776
COUNTS id=[ 432, 110 ] end=2160 piso=7776
COUNTS id=[ 432, 111 ] end=3132 piso=14472
COUNTS id=[ 432, 112 ] end=6156 piso=30024
COUNTS id=[ 432, 113 ] end=2700 piso=21384
COUNTS id=[ 432, 114 ] end=7884 piso=200232
COUNTS id=[ 432, 115 ] end=5184 piso=62208
COUNTS id=[ 432, 116 ] end=4752 piso=62208
COUNTS id=[ 432, 117 ] end=8316 piso=136296
COUNTS id=[ 432, 118 ] end=16524 piso=312552
COUNTS id=[ 432, 119 ] end=4356 piso=67608
COUNTS id=[ 432, 120 ] end=3168 piso=19008
COUNTS id=[ 432, 121 ] end=2880 piso=19008
COUNTS id=[ 432, 122 ] end=4788 piso=43416
COUNTS id=[ 432, 123 ] end=9540 piso=100440
COUNTS id=[ 432, 124 ] end=8064 piso=25920
COUNTS id=[ 432, 125 ] end=4176 piso=25920
COUNTS id=[ 432, 126 ] end=3456 piso=12096
COUNTS id=[ 432, 127 ] end=2160 piso=12096
COUNTS id=[ 432, 128 ] end=19584 piso=82944
COUNTS id=[ 432, 129 ] end=5472 piso=62208
COUNTS id=[ 432, 130 ] end=15840 piso=67392
COUNTS id=[ 432, 131 ] end=10368 piso=31104
COUNTS id=[ 432, 132 ] end=3456 piso=25056
COUNTS id=[ 432, 133 ] end=6048 piso=25920
COUNTS id=[ 432, 134 ] end=9792 piso=173664
COUNTS id=[ 432, 135 ] end=5184 piso=62208
COUNTS id=[ 432, 136 ] end=8640 piso=105408
COUNTS id=[ 432, 137 ] end=4752 piso=105408
COUNTS id=[ 432, 138 ] end=20736 piso=248832
COUNTS id=[ 432, 139 ] end=6048 piso=209088
COUNTS id=[ 432, 140 ] end=16416 piso=233280
COUNTS id=[ 432, 141 ] end=10368 piso=406944
COUNTS id=[ 432, 142 ] end=4608 piso=22464
COUNTS id=[ 432, 143 ] end=2448 piso=22464
COUNTS id=[ 432, 144 ] end=12672 piso=76032
COUNTS id=[ 432, 145 ] end=3744 piso=56160
COUNTS id=[ 432, 146 ] end=8928 piso=60480
COUNTS id=[ 432, 147 ] end=6336 piso=164160
COUNTS id=[ 432, 148 ] end=4212 piso=39528
COUNTS id=[ 432, 149 ] end=7236 piso=60264
COUNTS id=[ 432, 150 ] end=3996 piso=32616
COUNTS id=[ 432, 151 ] end=2268 piso=21384
COUNTS id=[ 432, 152 ] end=4860 piso=161352
COUNTS id=[ 432, 153 ] end=7884 piso=216648
COUNTS id=[ 432, 154 ] end=2484 piso=34344
COUNTS id=[ 432, 155 ] end=4644 piso=54216
COUNTS id=[ 432, 156 ] end=4356 piso=44712
COUNTS id=[ 432, 157 ] end=6516 piso=44712
COUNTS id=[ 432, 158 ] end=2700 piso=19656
COUNTS id=[ 432, 159 ] end=1836 piso=23976
COUNTS id=[ 432, 160 ] end=4428 piso=156168
COUNTS id=[ 432, 161 ] end=6588 piso=164808
COUNTS id=[ 432, 162 ] end=2628 piso=40392
COUNTS id=[ 432, 163 ] end=3924 piso=39528
COUNTS id=[ 432, 164 ] end=16128 piso=178848
COUNTS id=[ 432, 165 ] end=6912 piso=137376
COUNTS id=[ 432, 166 ] end=17280 piso=956448
COUNTS id=[ 432, 167 ] end=9216 piso=146016
COUNTS id=[ 432, 168 ] end=209956 piso=1938600
COUNTS id=[ 432, 169 ] end=105856 piso=486432
COUNTS id=[ 432, 170 ] end=105632 piso=486432
COUNTS id=[ 432, 171 ] end=210388 piso=1285416
COUNTS id=[ 432, 172 ] end=420772 piso=3198312
COUNTS id=[ 432, 173 ] end=11968 piso=98496
COUNTS id=[ 432, 174 ] end=11888 piso=98496
COUNTS id=[ 432, 175 ] end=23476 piso=233064
COUNTS id=[ 432, 176 ] end=46948 piso=554472
COUNTS id=[ 432, 177 ] end=23332 piso=345384
COUNTS id=[ 432, 178 ] end=209984 piso=637632
COUNTS id=[ 432, 179 ] end=105008 piso=637632
COUNTS id=[ 432, 180 ] end=423424 piso=1945728
COUNTS id=[ 432, 181 ] end=106304 piso=1595808
COUNTS id=[ 432, 182 ] end=419936 piso=1899072
COUNTS id=[ 432, 183 ] end=211712 piso=3067200
COUNTS id=[ 432, 184 ] end=23360 piso=153792
COUNTS id=[ 432, 185 ] end=11696 piso=153792
COUNTS id=[ 432, 186 ] end=47872 piso=393984
COUNTS id=[ 432, 187 ] end=12128 piso=330048
COUNTS id=[ 432, 188 ] end=46688 piso=378432
COUNTS id=[ 432, 189 ] end=23936 piso=624672
COUNTS id=[ 432, 190 ] end=105012 piso=735048
COUNTS id=[ 432, 191 ] end=158580 piso=1064232
COUNTS id=[ 432, 192 ] end=17892 piso=295272
COUNTS id=[ 432, 193 ] end=11700 piso=215784
COUNTS id=[ 432, 194 ] end=105412 piso=744552
COUNTS id=[ 432, 195 ] end=158116 piso=1046088
COUNTS id=[ 432, 196 ] end=17716 piso=243432
COUNTS id=[ 432, 197 ] end=11812 piso=210600
COUNTS id=[ 432, 198 ] end=419968 piso=2013984
COUNTS id=[ 432, 199 ] end=46720 piso=1101600
ABELIAN_SKIPPED id=[ 432, 200 ] reason=known_equality
COUNTS id=[ 432, 201 ] end=186624 piso=393984
COUNTS id=[ 432, 202 ] end=34560 piso=48384
COUNTS id=[ 432, 203 ] end=31104 piso=147744
COUNTS id=[ 432, 204 ] end=93312 piso=935712
COUNTS id=[ 432, 205 ] end=17280 piso=114912
COUNTS id=[ 432, 206 ] end=23328 piso=46656
PROGRESS checked=200 hits=0 reversed=0 runtime_ms=148944
COUNTS id=[ 432, 207 ] end=69984 piso=295488
COUNTS id=[ 432, 208 ] end=12960 piso=36288
ABELIAN_SKIPPED id=[ 432, 209 ] reason=known_equality
COUNTS id=[ 432, 210 ] end=46656 piso=98496
COUNTS id=[ 432, 211 ] end=8640 piso=12096
COUNTS id=[ 432, 212 ] end=11664 piso=15552
COUNTS id=[ 432, 213 ] end=34992 piso=98496
COUNTS id=[ 432, 214 ] end=6480 piso=12096
COUNTS id=[ 432, 215 ] end=24300 piso=60264
COUNTS id=[ 432, 216 ] end=72900 piso=381672
COUNTS id=[ 432, 217 ] end=13500 piso=46872
COUNTS id=[ 432, 218 ] end=12636 piso=29160
COUNTS id=[ 432, 219 ] end=37908 piso=184680
COUNTS id=[ 432, 220 ] end=7020 piso=22680
COUNTS id=[ 432, 221 ] end=8748 piso=44712
COUNTS id=[ 432, 222 ] end=26244 piso=283176
COUNTS id=[ 432, 223 ] end=4860 piso=34776
COUNTS id=[ 432, 224 ] end=20368 piso=749088
COUNTS id=[ 432, 225 ] end=6912 piso=597888
COUNTS id=[ 432, 226 ] end=73737 piso=732672
COUNTS id=[ 432, 227 ] end=4538368 piso=53581824
ABELIAN_SKIPPED id=[ 432, 228 ] reason=known_equality
COUNTS id=[ 432, 229 ] end=11664 piso=167184
COUNTS id=[ 432, 230 ] end=17712 piso=190512
COUNTS id=[ 432, 231 ] end=4251536 piso=8503056
ABELIAN_SKIPPED id=[ 432, 232 ] reason=known_equality
COUNTS id=[ 432, 233 ] end=1136 piso=21456
COUNTS id=[ 432, 234 ] end=1732 piso=192744
COUNTS id=[ 432, 235 ] end=3460 piso=333576
COUNTS id=[ 432, 236 ] end=2596 piso=387144
COUNTS id=[ 432, 237 ] end=3424 piso=235872
COUNTS id=[ 432, 238 ] end=3136 piso=817344
COUNTS id=[ 432, 239 ] end=1408 piso=75744
COUNTS id=[ 432, 240 ] end=594 piso=17712
COUNTS id=[ 432, 241 ] end=1134 piso=21168
COUNTS id=[ 432, 242 ] end=1296 piso=24192
COUNTS id=[ 432, 243 ] end=450 piso=40824
COUNTS id=[ 432, 244 ] end=1314 piso=45360
COUNTS id=[ 432, 245 ] end=1206 piso=45144
COUNTS id=[ 432, 246 ] end=2934 piso=53136
COUNTS id=[ 432, 247 ] end=1458 piso=116208
COUNTS id=[ 432, 248 ] end=3078 piso=194832
COUNTS id=[ 432, 249 ] end=1584 piso=90720
COUNTS id=[ 432, 250 ] end=3312 piso=95904
COUNTS id=[ 432, 251 ] end=3456 piso=184896
COUNTS id=[ 432, 252 ] end=11666 piso=658368
COUNTS id=[ 432, 253 ] end=61238 piso=1667520
COUNTS id=[ 432, 254 ] end=64160 piso=819072
COUNTS id=[ 432, 255 ] end=34994 piso=773712
COUNTS id=[ 432, 256 ] end=78734 piso=1425168
DONE checked=247 abelian=0 hits=0 reversed=0 skipped_abelian=9 closest=[ 432, 24 ] min_ratio=4/3 runtime_ms=180614
