[ 4096, 1000000 ]
ORDER 257 1
ORDER 258 6
ORDER 259 1
ORDER 260 15
ORDER 261 2
ORDER 262 2
ORDER 263 1
ORDER 264 39
ORDER 265 1
ORDER 266 4
ORDER 267 1
ORDER 268 4
ORDER 269 1
ORDER 270 30
ORDER 271 1
ORDER 272 54
ORDER 273 5
ORDER 274 2
ORDER 275 4
ORDER 276 10
ORDER 277 1
ORDER 278 2
ORDER 279 4
ORDER 280 40
ORDER 281 1
ORDER 282 4
ORDER 283 1
ORDER 284 4
ORDER 285 2
ORDER 286 4
ORDER 287 1
ORDER 288 1045
ORDER 289 2
ORDER 290 4
ORDER 291 2
ORDER 292 5
ORDER 293 1
ORDER 294 23
ORDER 295 1
ORDER 296 14
ORDER 297 5
ORDER 298 2
ORDER 299 1
ORDER 300 49
ORDER 301 2
ORDER 302 2
ORDER 303 1
ORDER 304 42
ORDER 305 2
ORDER 306 10
ORDER 307 1
ORDER 308 9
ORDER 309 2
ORDER 310 6
ORDER 311 1
ORDER 312 61
ORDER 313 1
ORDER 314 2
ORDER 315 4
ORDER 316 4
ORDER 317 1
ORDER 318 4
ORDER 319 1
ORDER 320 1640
ORDER 321 1
ORDER 322 4
ORDER 323 1
ORDER 324 176
ORDER 325 2
ORDER 326 2
ORDER 327 2
ORDER 328 15
ORDER 329 1
ORDER 330 12
ORDER 331 1
ORDER 332 4
ORDER 333 5
ORDER 334 2
ORDER 335 1
ORDER 336 228
ORDER 337 1
ORDER 338 5
ORDER 339 1
ORDER 340 15
ORDER 341 1
ORDER 342 18
ORDER 343 5
ORDER 344 12
ORDER 345 1
ORDER 346 2
ORDER 347 1
ORDER 348 12
ORDER 349 1
ORDER 350 10
ORDER 351 14
ORDER 352 195
ORDER 353 1
ORDER 354 4
ORDER 355 2
ORDER 356 5
ORDER 357 2
ORDER 358 2
ORDER 359 1
ORDER 360 162
ORDER 361 2
ORDER 362 2
ORDER 363 3
ORDER 364 11
ORDER 365 1
ORDER 366 6
ORDER 367 1
ORDER 368 42
ORDER 369 2
ORDER 370 4
ORDER 371 1
ORDER 372 15
ORDER 373 1
ORDER 374 4
ORDER 375 7
ORDER 376 12
ORDER 377 1
ORDER 378 60
ORDER 379 1
ORDER 380 11
ORDER 381 2
ORDER 382 2
ORDER 383 1
ORDER 384 20169
ORDER 385 2
ORDER 386 2
ORDER 387 4
ORDER 388 5
ORDER 389 1
ORDER 390 12
ORDER 391 1
ORDER 392 44
ORDER 393 1
ORDER 394 2
ORDER 395 1
ORDER 396 30
ORDER 397 1
ORDER 398 2
ORDER 399 5
ORDER 400 221
ORDER 401 1
ORDER 402 6
ORDER 403 1
ORDER 404 5
ORDER 405 16
ORDER 406 6
ORDER 407 1
ORDER 408 46
ORDER 409 1
ORDER 410 6
ORDER 411 1
ORDER 412 4
ORDER 413 1
ORDER 414 10
ORDER 415 1
ORDER 416 235
ORDER 417 2
ORDER 418 4
ORDER 419 1
ORDER 420 41
ORDER 421 1
ORDER 422 2
ORDER 423 2
ORDER 424 14
ORDER 425 2
ORDER 426 4
ORDER 427 1
ORDER 428 4
ORDER 429 2
ORDER 430 4
ORDER 431 1
ORDER 432 775
ORDER 433 1
ORDER 434 4
ORDER 435 1
ORDER 436 5
ORDER 437 1
ORDER 438 6
ORDER 439 1
ORDER 440 51
ORDER 441 13
ORDER 442 4
ORDER 443 1
ORDER 444 18
ORDER 445 1
ORDER 446 2
ORDER 447 1
ORDER 448 1396
ORDER 449 1
ORDER 450 34
ORDER 451 1
ORDER 452 5
ORDER 453 2
ORDER 454 2
ORDER 455 1
ORDER 456 54
ORDER 457 1
ORDER 458 2
ORDER 459 5
ORDER 460 11
ORDER 461 1
ORDER 462 12
ORDER 463 1
ORDER 464 51
ORDER 465 4
ORDER 466 2
ORDER 467 1
ORDER 468 55
ORDER 469 1
ORDER 470 4
ORDER 471 2
ORDER 472 12
ORDER 473 1
ORDER 474 6
ORDER 475 2
ORDER 476 11
ORDER 477 2
ORDER 478 2
ORDER 479 1
ORDER 480 1213
ORDER 481 1
ORDER 482 2
ORDER 483 2
ORDER 484 12
ORDER 485 1
ORDER 486 261
ORDER 487 1
ORDER 488 14
ORDER 489 2
ORDER 490 10
ORDER 491 1
ORDER 492 12
ORDER 493 1
ORDER 494 4
ORDER 495 4
ORDER 496 42
ORDER 497 2
ORDER 498 4
ORDER 499 1
ORDER 500 56
ORDER 501 1
ORDER 502 2
ORDER 503 1
ORDER 504 202
ORDER 505 2
ORDER 506 6
ORDER 507 6
ORDER 508 4
ORDER 509 1
ORDER 510 8
ORDER 511 1
