{"command": ["/project/gap-4.16.1/gap", "-l", "/project/gap-4.16.1", "-q", "-b", "-T", "-m", "128m", "-o", "4g", "-c", "START_ORDER:=448;;END_ORDER:=448;;START_ID:=769;;END_ID:=1024;;SKIP_ABELIAN:=true;;LOG_ALL:=true;;", "/project/scripts/search_19_20.g"], "source_hashes": {"scripts/search_19_20.g": "7b6a34e9163b58b0248b3c464ae8070783414cd7d14048136dd0e3547b906318", "scripts/lib_19_20.g": "fbcf2d3c4b0648cc1fa87d6e50fc923133d594c029b8430a365caf596ac7ccd5"}}
PARAMETERS start=448 end=448 start_id=769 end_id=1024 skip_abelian=true log_all=true
ORDER_START order=448 groups=1396
COUNTS id=[ 448, 769 ] end=78848 piso=633472
CLOSEST id=[ 448, 769 ] end=78848 piso=633472 ratio=707/88
COUNTS id=[ 448, 770 ] end=41216 piso=317184
CLOSEST id=[ 448, 770 ] end=41216 piso=317184 ratio=177/23
COUNTS id=[ 448, 771 ] end=28672 piso=423808
COUNTS id=[ 448, 772 ] end=50944 piso=537824
COUNTS id=[ 448, 773 ] end=15104 piso=356832
COUNTS id=[ 448, 774 ] end=78848 piso=631680
COUNTS id=[ 448, 775 ] end=75008 piso=961408
COUNTS id=[ 448, 776 ] end=17664 piso=455168
COUNTS id=[ 448, 777 ] end=23936 piso=863296
COUNTS id=[ 448, 778 ] end=143104 piso=4715200
COUNTS id=[ 448, 779 ] end=27648 piso=460544
COUNTS id=[ 448, 780 ] end=13312 piso=432768
COUNTS id=[ 448, 781 ] end=1638400 piso=240099328
ABELIAN_SKIPPED id=[ 448, 782 ] reason=known_equality
COUNTS id=[ 448, 783 ] end=458752 piso=4716544
COUNTS id=[ 448, 784 ] end=229376 piso=501760
CLOSEST id=[ 448, 784 ] end=229376 piso=501760 ratio=35/16
COUNTS id=[ 448, 785 ] end=229376 piso=1344000
COUNTS id=[ 448, 786 ] end=172032 piso=426496
COUNTS id=[ 448, 787 ] end=458752 piso=235282432
COUNTS id=[ 448, 788 ] end=114688 piso=1286656
COUNTS id=[ 448, 789 ] end=114688 piso=1304576
COUNTS id=[ 448, 790 ] end=71680 piso=301056
COUNTS id=[ 448, 791 ] end=71680 piso=340480
COUNTS id=[ 448, 792 ] end=243712 piso=544768
COUNTS id=[ 448, 793 ] end=93184 piso=1279488
COUNTS id=[ 448, 794 ] end=150528 piso=2569728
COUNTS id=[ 448, 795 ] end=32256 piso=275968
COUNTS id=[ 448, 796 ] end=53760 piso=695296
COUNTS id=[ 448, 797 ] end=64512 piso=333312
COUNTS id=[ 448, 798 ] end=143360 piso=2071552
COUNTS id=[ 448, 799 ] end=86016 piso=566272
COUNTS id=[ 448, 800 ] end=229376 piso=4848256
COUNTS id=[ 448, 801 ] end=71680 piso=999040
COUNTS id=[ 448, 802 ] end=89600 piso=2045568
COUNTS id=[ 448, 803 ] end=89600 piso=590464
COUNTS id=[ 448, 804 ] end=39424 piso=730240
COUNTS id=[ 448, 805 ] end=35840 piso=690816
COUNTS id=[ 448, 806 ] end=10752 piso=325248
COUNTS id=[ 448, 807 ] end=50176 piso=740992
COUNTS id=[ 448, 808 ] end=10752 piso=282240
COUNTS id=[ 448, 809 ] end=78848 piso=386176
ABELIAN_SKIPPED id=[ 448, 810 ] reason=known_equality
COUNTS id=[ 448, 811 ] end=86016 piso=114688
CLOSEST id=[ 448, 811 ] end=86016 piso=114688 ratio=4/3
COUNTS id=[ 448, 812 ] end=71680 piso=86016
CLOSEST id=[ 448, 812 ] end=71680 piso=86016 ratio=6/5
COUNTS id=[ 448, 813 ] end=28672 piso=43904
COUNTS id=[ 448, 814 ] end=86016 piso=960512
COUNTS id=[ 448, 815 ] end=71680 piso=946176
COUNTS id=[ 448, 816 ] end=28672 piso=122752
COUNTS id=[ 448, 817 ] end=107520 piso=1953280
COUNTS id=[ 448, 818 ] end=35840 piso=158592
COUNTS id=[ 448, 819 ] end=86016 piso=1863680
COUNTS id=[ 448, 820 ] end=28672 piso=372736
COUNTS id=[ 448, 821 ] end=28672 piso=122752
COUNTS id=[ 448, 822 ] end=93184 piso=1885184
COUNTS id=[ 448, 823 ] end=35840 piso=422912
COUNTS id=[ 448, 824 ] end=32256 piso=129024
COUNTS id=[ 448, 825 ] end=35840 piso=169344
COUNTS id=[ 448, 826 ] end=82432 piso=1857408
COUNTS id=[ 448, 827 ] end=25088 piso=373632
COUNTS id=[ 448, 828 ] end=35840 piso=181888
COUNTS id=[ 448, 829 ] end=30464 piso=123648
COUNTS id=[ 448, 830 ] end=43008 piso=100352
COUNTS id=[ 448, 831 ] end=28672 piso=86016
COUNTS id=[ 448, 832 ] end=14336 piso=43904
COUNTS id=[ 448, 833 ] end=64512 piso=157696
COUNTS id=[ 448, 834 ] end=64512 piso=157696
COUNTS id=[ 448, 835 ] end=21504 piso=68096
COUNTS id=[ 448, 836 ] end=28672 piso=79744
COUNTS id=[ 448, 837 ] end=14336 piso=46592
COUNTS id=[ 448, 838 ] end=10752 piso=50176
COUNTS id=[ 448, 839 ] end=21504 piso=71680
COUNTS id=[ 448, 840 ] end=17920 piso=71680
COUNTS id=[ 448, 841 ] end=12544 piso=29568
COUNTS id=[ 448, 842 ] end=32256 piso=66528
COUNTS id=[ 448, 843 ] end=18816 piso=51296
COUNTS id=[ 448, 844 ] end=21504 piso=52192
COUNTS id=[ 448, 845 ] end=37632 piso=129024
COUNTS id=[ 448, 846 ] end=21504 piso=66304
COUNTS id=[ 448, 847 ] end=12544 piso=78848
COUNTS id=[ 448, 848 ] end=19712 piso=66304
COUNTS id=[ 448, 849 ] end=8960 piso=78848
COUNTS id=[ 448, 850 ] end=34048 piso=129024
COUNTS id=[ 448, 851 ] end=7168 piso=27776
COUNTS id=[ 448, 852 ] end=7168 piso=27776
COUNTS id=[ 448, 853 ] end=17920 piso=41440
COUNTS id=[ 448, 854 ] end=10752 piso=34272
COUNTS id=[ 448, 855 ] end=100352 piso=2139872
COUNTS id=[ 448, 856 ] end=25088 piso=398048
COUNTS id=[ 448, 857 ] end=34048 piso=199136
COUNTS id=[ 448, 858 ] end=82432 piso=1858528
COUNTS id=[ 448, 859 ] end=14336 piso=439264
COUNTS id=[ 448, 860 ] end=19712 piso=136416
COUNTS id=[ 448, 861 ] end=57344 piso=386176
COUNTS id=[ 448, 862 ] end=16128 piso=164864
COUNTS id=[ 448, 863 ] end=37632 piso=202496
COUNTS id=[ 448, 864 ] end=7168 piso=180096
COUNTS id=[ 448, 865 ] end=87808 piso=1059520
COUNTS id=[ 448, 866 ] end=38528 piso=239680
COUNTS id=[ 448, 867 ] end=42560 piso=228704
COUNTS id=[ 448, 868 ] end=30912 piso=144480
COUNTS id=[ 448, 869 ] end=15680 piso=85344
COUNTS id=[ 448, 870 ] end=11200 piso=101472
PROGRESS checked=100 hits=0 reversed=0 runtime_ms=90546
COUNTS id=[ 448, 871 ] end=18368 piso=101472
COUNTS id=[ 448, 872 ] end=10304 piso=67424
COUNTS id=[ 448, 873 ] end=19712 piso=78848
COUNTS id=[ 448, 874 ] end=35840 piso=157696
COUNTS id=[ 448, 875 ] end=10752 piso=71680
COUNTS id=[ 448, 876 ] end=17920 piso=75264
COUNTS id=[ 448, 877 ] end=32256 piso=154112
COUNTS id=[ 448, 878 ] end=7168 piso=68096
COUNTS id=[ 448, 879 ] end=11200 piso=47264
COUNTS id=[ 448, 880 ] end=20160 piso=94752
COUNTS id=[ 448, 881 ] end=4032 piso=57120
COUNTS id=[ 448, 882 ] end=16576 piso=78176
COUNTS id=[ 448, 883 ] end=12096 piso=83552
COUNTS id=[ 448, 884 ] end=16576 piso=78176
COUNTS id=[ 448, 885 ] end=12096 piso=83552
COUNTS id=[ 448, 886 ] end=9408 piso=62048
COUNTS id=[ 448, 887 ] end=4928 piso=53088
COUNTS id=[ 448, 888 ] end=16128 piso=98784
COUNTS id=[ 448, 889 ] end=16128 piso=98784
COUNTS id=[ 448, 890 ] end=14336 piso=70112
COUNTS id=[ 448, 891 ] end=7168 piso=79072
COUNTS id=[ 448, 892 ] end=7168 piso=79072
COUNTS id=[ 448, 893 ] end=5376 piso=46816
COUNTS id=[ 448, 894 ] end=25536 piso=152320
COUNTS id=[ 448, 895 ] end=7616 piso=123648
COUNTS id=[ 448, 896 ] end=12992 piso=51968
COUNTS id=[ 448, 897 ] end=12992 piso=81536
COUNTS id=[ 448, 898 ] end=25536 piso=138880
COUNTS id=[ 448, 899 ] end=7616 piso=74368
COUNTS id=[ 448, 900 ] end=68544 piso=195328
COUNTS id=[ 448, 901 ] end=136640 piso=539392
COUNTS id=[ 448, 902 ] end=57792 piso=224000
COUNTS id=[ 448, 903 ] end=25536 piso=127232
COUNTS id=[ 448, 904 ] end=56000 piso=235648
COUNTS id=[ 448, 905 ] end=16576 piso=113792
COUNTS id=[ 448, 906 ] end=43456 piso=137984
COUNTS id=[ 448, 907 ] end=7616 piso=69888
COUNTS id=[ 448, 908 ] end=43456 piso=137984
COUNTS id=[ 448, 909 ] end=18368 piso=70784
ABELIAN_SKIPPED id=[ 448, 910 ] reason=known_equality
COUNTS id=[ 448, 911 ] end=17920 piso=21504
COUNTS id=[ 448, 912 ] end=6272 piso=11872
COUNTS id=[ 448, 913 ] end=50624 piso=249984
COUNTS id=[ 448, 914 ] end=25536 piso=94080
COUNTS id=[ 448, 915 ] end=14784 piso=117376
COUNTS id=[ 448, 916 ] end=7616 piso=39424
COUNTS id=[ 448, 917 ] end=22848 piso=92288
COUNTS id=[ 448, 918 ] end=4928 piso=51072
COUNTS id=[ 448, 919 ] end=1792 piso=266560
COUNTS id=[ 448, 920 ] end=1163264 piso=7361536
COUNTS id=[ 448, 921 ] end=3674112 piso=17690624
COUNTS id=[ 448, 922 ] end=806912 piso=5447680
COUNTS id=[ 448, 923 ] end=233472 piso=2580480
COUNTS id=[ 448, 924 ] end=9699328 piso=51380224
COUNTS id=[ 448, 925 ] end=1736704 piso=10121216
COUNTS id=[ 448, 926 ] end=3227648 piso=28521472
COUNTS id=[ 448, 927 ] end=446464 piso=3071488
COUNTS id=[ 448, 928 ] end=14454784 piso=111161344
COUNTS id=[ 448, 929 ] end=2412544 piso=20414464
COUNTS id=[ 448, 930 ] end=548864 piso=4372480
COUNTS id=[ 448, 931 ] end=1208320 piso=6716416
COUNTS id=[ 448, 932 ] end=104448 piso=1376256
COUNTS id=[ 448, 933 ] end=1048576 piso=11153408
COUNTS id=[ 448, 934 ] end=811008 piso=12522496
COUNTS id=[ 448, 935 ] end=323584 piso=3619840
COUNTS id=[ 448, 936 ] end=323584 piso=4103680
COUNTS id=[ 448, 937 ] end=12124160 piso=1663434752
COUNTS id=[ 448, 938 ] end=2023424 piso=22414336
COUNTS id=[ 448, 939 ] end=976896 piso=8146432
COUNTS id=[ 448, 940 ] end=12021760 piso=1761378304
COUNTS id=[ 448, 941 ] end=954368 piso=11182080
COUNTS id=[ 448, 942 ] end=1843200 piso=27689984
COUNTS id=[ 448, 943 ] end=827136 piso=8319360
COUNTS id=[ 448, 944 ] end=1011712 piso=10952704
COUNTS id=[ 448, 945 ] end=1126400 piso=14192640
COUNTS id=[ 448, 946 ] end=1585152 piso=21493248
COUNTS id=[ 448, 947 ] end=165888 piso=2318848
COUNTS id=[ 448, 948 ] end=117504 piso=1952384
COUNTS id=[ 448, 949 ] end=819200 piso=7963648
COUNTS id=[ 448, 950 ] end=1953792 piso=15454208
COUNTS id=[ 448, 951 ] end=290816 piso=4243456
COUNTS id=[ 448, 952 ] end=462848 piso=4587520
COUNTS id=[ 448, 953 ] end=233472 piso=2680832
COUNTS id=[ 448, 954 ] end=3637248 piso=38535168
COUNTS id=[ 448, 955 ] end=1736704 piso=10465280
COUNTS id=[ 448, 956 ] end=2883584 piso=28607488
COUNTS id=[ 448, 957 ] end=381952 piso=2763264
COUNTS id=[ 448, 958 ] end=1495040 piso=19439616
COUNTS id=[ 448, 959 ] end=3588096 piso=45065216
COUNTS id=[ 448, 960 ] end=231680 piso=3145856
COUNTS id=[ 448, 961 ] end=1007616 piso=11748352
COUNTS id=[ 448, 962 ] end=1179648 piso=12092416
COUNTS id=[ 448, 963 ] end=419840 piso=4472832
COUNTS id=[ 448, 964 ] end=102656 piso=1834112
COUNTS id=[ 448, 965 ] end=864256 piso=6028288
COUNTS id=[ 448, 966 ] end=66816 piso=1366400
COUNTS id=[ 448, 967 ] end=142080 piso=1853824
COUNTS id=[ 448, 968 ] end=104448 piso=1376256
COUNTS id=[ 448, 969 ] end=245760 piso=6411776
COUNTS id=[ 448, 970 ] end=190464 piso=2580480
COUNTS id=[ 448, 971 ] end=54272 piso=1942528
PROGRESS checked=200 hits=0 reversed=0 runtime_ms=200599
COUNTS id=[ 448, 972 ] end=190464 piso=2809856
COUNTS id=[ 448, 973 ] end=1515520 piso=10594304
COUNTS id=[ 448, 974 ] end=1622016 piso=17135104
COUNTS id=[ 448, 975 ] end=446464 piso=3931648
COUNTS id=[ 448, 976 ] end=424960 piso=3236352
COUNTS id=[ 448, 977 ] end=885760 piso=9909760
COUNTS id=[ 448, 978 ] end=2018304 piso=21840896
COUNTS id=[ 448, 979 ] end=211968 piso=5411840
COUNTS id=[ 448, 980 ] end=658176 piso=5070464
COUNTS id=[ 448, 981 ] end=93696 piso=1505280
COUNTS id=[ 448, 982 ] end=66816 piso=1468544
COUNTS id=[ 448, 983 ] end=142080 piso=2095744
COUNTS id=[ 448, 984 ] end=56064 piso=1484672
COUNTS id=[ 448, 985 ] end=152832 piso=2172800
COUNTS id=[ 448, 986 ] end=70400 piso=1653120
COUNTS id=[ 448, 987 ] end=104448 piso=1573376
COUNTS id=[ 448, 988 ] end=204800 piso=3118080
COUNTS id=[ 448, 989 ] end=360448 piso=3781120
COUNTS id=[ 448, 990 ] end=1072896 piso=11902464
COUNTS id=[ 448, 991 ] end=59904 piso=1440768
COUNTS id=[ 448, 992 ] end=133376 piso=2379776
COUNTS id=[ 448, 993 ] end=97536 piso=1732864
COUNTS id=[ 448, 994 ] end=33024 piso=1621760
COUNTS id=[ 448, 995 ] end=58112 piso=1903104
COUNTS id=[ 448, 996 ] end=154880 piso=2498048
COUNTS id=[ 448, 997 ] end=2576384 piso=27403264
COUNTS id=[ 448, 998 ] end=1471488 piso=15350272
COUNTS id=[ 448, 999 ] end=317440 piso=3053568
COUNTS id=[ 448, 1000 ] end=730624 piso=8737792
COUNTS id=[ 448, 1001 ] end=275456 piso=3824128
COUNTS id=[ 448, 1002 ] end=3646720 piso=63146496
COUNTS id=[ 448, 1003 ] end=1341696 piso=16283904
COUNTS id=[ 448, 1004 ] end=216320 piso=3315200
COUNTS id=[ 448, 1005 ] end=166144 piso=4621568
COUNTS id=[ 448, 1006 ] end=338176 piso=5773824
COUNTS id=[ 448, 1007 ] end=1406208 piso=15961344
COUNTS id=[ 448, 1008 ] end=237824 piso=3637760
COUNTS id=[ 448, 1009 ] end=624384 piso=4573184
COUNTS id=[ 448, 1010 ] end=70656 piso=1462272
COUNTS id=[ 448, 1011 ] end=108288 piso=1732864
COUNTS id=[ 448, 1012 ] end=119040 piso=1928192
COUNTS id=[ 448, 1013 ] end=662016 piso=5157376
COUNTS id=[ 448, 1014 ] end=70656 piso=1487360
COUNTS id=[ 448, 1015 ] end=149504 piso=2451456
COUNTS id=[ 448, 1016 ] end=140544 piso=2067968
COUNTS id=[ 448, 1017 ] end=59904 piso=1473024
COUNTS id=[ 448, 1018 ] end=108288 piso=1786624
COUNTS id=[ 448, 1019 ] end=562432 piso=6770176
COUNTS id=[ 448, 1020 ] end=98560 piso=3064320
COUNTS id=[ 448, 1021 ] end=104192 piso=1591296
COUNTS id=[ 448, 1022 ] end=184576 piso=3182592
COUNTS id=[ 448, 1023 ] end=249088 piso=3515904
COUNTS id=[ 448, 1024 ] end=757760 piso=6845440
DONE checked=253 abelian=0 hits=0 reversed=0 skipped_abelian=3 closest=[ 448, 812 ] min_ratio=6/5 runtime_ms=266403
