{"command": ["/project/gap-4.16.1/gap", "-l", "/project/gap-4.16.1", "-q", "-b", "-T", "-m", "128m", "-o", "4g", "-c", "START_ORDER:=384;;END_ORDER:=384;;START_ID:=3073;;END_ID:=3328;;SKIP_ABELIAN:=true;;LOG_ALL:=true;;", "/project/scripts/search_19_20.g"], "source_hashes": {"scripts/search_19_20.g": "7b6a34e9163b58b0248b3c464ae8070783414cd7d14048136dd0e3547b906318", "scripts/lib_19_20.g": "fbcf2d3c4b0648cc1fa87d6e50fc923133d594c029b8430a365caf596ac7ccd5"}}
PARAMETERS start=384 end=384 start_id=3073 end_id=3328 skip_abelian=true log_all=true
ORDER_START order=384 groups=20169
COUNTS id=[ 384, 3073 ] end=36864 piso=720384
CLOSEST id=[ 384, 3073 ] end=36864 piso=720384 ratio=469/24
COUNTS id=[ 384, 3074 ] end=54272 piso=995328
CLOSEST id=[ 384, 3074 ] end=54272 piso=995328 ratio=972/53
COUNTS id=[ 384, 3075 ] end=29696 piso=350208
CLOSEST id=[ 384, 3075 ] end=29696 piso=350208 ratio=342/29
COUNTS id=[ 384, 3076 ] end=27648 piso=1446912
COUNTS id=[ 384, 3077 ] end=23552 piso=669696
COUNTS id=[ 384, 3078 ] end=167936 piso=19341312
COUNTS id=[ 384, 3079 ] end=54272 piso=979968
COUNTS id=[ 384, 3080 ] end=54272 piso=912384
COUNTS id=[ 384, 3081 ] end=60416 piso=989184
COUNTS id=[ 384, 3082 ] end=45056 piso=3231744
COUNTS id=[ 384, 3083 ] end=45056 piso=3268608
COUNTS id=[ 384, 3084 ] end=45056 piso=3231744
COUNTS id=[ 384, 3085 ] end=23552 piso=654336
COUNTS id=[ 384, 3086 ] end=23552 piso=586752
COUNTS id=[ 384, 3087 ] end=29696 piso=663552
COUNTS id=[ 384, 3088 ] end=140288 piso=3526656
COUNTS id=[ 384, 3089 ] end=103424 piso=1726464
COUNTS id=[ 384, 3090 ] end=72704 piso=3201024
COUNTS id=[ 384, 3091 ] end=72704 piso=1265664
COUNTS id=[ 384, 3092 ] end=51200 piso=479232
CLOSEST id=[ 384, 3092 ] end=51200 piso=479232 ratio=234/25
COUNTS id=[ 384, 3093 ] end=51200 piso=479232
COUNTS id=[ 384, 3094 ] end=100352 piso=675840
CLOSEST id=[ 384, 3094 ] end=100352 piso=675840 ratio=330/49
COUNTS id=[ 384, 3095 ] end=51200 piso=675840
COUNTS id=[ 384, 3096 ] end=23552 piso=359424
COUNTS id=[ 384, 3097 ] end=376832 piso=19931136
COUNTS id=[ 384, 3098 ] end=180224 piso=3858432
COUNTS id=[ 384, 3099 ] end=118784 piso=4079616
COUNTS id=[ 384, 3100 ] end=94208 piso=3305472
COUNTS id=[ 384, 3101 ] end=45056 piso=1204224
COUNTS id=[ 384, 3102 ] end=9728 piso=238080
COUNTS id=[ 384, 3103 ] end=137216 piso=5514240
COUNTS id=[ 384, 3104 ] end=75776 piso=1655808
COUNTS id=[ 384, 3105 ] end=63488 piso=1591296
COUNTS id=[ 384, 3106 ] end=23552 piso=486912
COUNTS id=[ 384, 3107 ] end=37376 piso=766464
COUNTS id=[ 384, 3108 ] end=18944 piso=505728
COUNTS id=[ 384, 3109 ] end=18944 piso=505728
COUNTS id=[ 384, 3110 ] end=10752 piso=273408
COUNTS id=[ 384, 3111 ] end=29184 piso=411648
COUNTS id=[ 384, 3112 ] end=29184 piso=411648
COUNTS id=[ 384, 3113 ] end=18432 piso=354816
COUNTS id=[ 384, 3114 ] end=18432 piso=354816
COUNTS id=[ 384, 3115 ] end=9728 piso=261504
COUNTS id=[ 384, 3116 ] end=129536 piso=11273088
COUNTS id=[ 384, 3117 ] end=65024 piso=3700608
COUNTS id=[ 384, 3118 ] end=52736 piso=2822016
COUNTS id=[ 384, 3119 ] end=37376 piso=3292032
COUNTS id=[ 384, 3120 ] end=18944 piso=871296
COUNTS id=[ 384, 3121 ] end=24576 piso=545280
COUNTS id=[ 384, 3122 ] end=24576 piso=479616
COUNTS id=[ 384, 3123 ] end=37376 piso=808320
COUNTS id=[ 384, 3124 ] end=18944 piso=276864
COUNTS id=[ 384, 3125 ] end=20480 piso=329088
COUNTS id=[ 384, 3126 ] end=27648 piso=185856
CLOSEST id=[ 384, 3126 ] end=27648 piso=185856 ratio=121/18
COUNTS id=[ 384, 3127 ] end=46080 piso=723456
COUNTS id=[ 384, 3128 ] end=229376 piso=1812480
COUNTS id=[ 384, 3129 ] end=200704 piso=1751040
COUNTS id=[ 384, 3130 ] end=462848 piso=3121152
COUNTS id=[ 384, 3131 ] end=135168 piso=1572864
COUNTS id=[ 384, 3132 ] end=184320 piso=1615872
COUNTS id=[ 384, 3133 ] end=49152 piso=1251840
COUNTS id=[ 384, 3134 ] end=49152 piso=1251840
COUNTS id=[ 384, 3135 ] end=100352 piso=1320960
COUNTS id=[ 384, 3136 ] end=143360 piso=1468416
COUNTS id=[ 384, 3137 ] end=100352 piso=1296384
COUNTS id=[ 384, 3138 ] end=143360 piso=1443840
COUNTS id=[ 384, 3139 ] end=73728 piso=1575936
COUNTS id=[ 384, 3140 ] end=38912 piso=1201152
COUNTS id=[ 384, 3141 ] end=141824 piso=3563520
COUNTS id=[ 384, 3142 ] end=18944 piso=1763328
COUNTS id=[ 384, 3143 ] end=25088 piso=1634304
COUNTS id=[ 384, 3144 ] end=18944 piso=1205760
COUNTS id=[ 384, 3145 ] end=61440 piso=3540480
COUNTS id=[ 384, 3146 ] end=30720 piso=1611264
COUNTS id=[ 384, 3147 ] end=18944 piso=1112064
COUNTS id=[ 384, 3148 ] end=25088 piso=364416
COUNTS id=[ 384, 3149 ] end=18944 piso=349056
COUNTS id=[ 384, 3150 ] end=147456 piso=4233216
COUNTS id=[ 384, 3151 ] end=86016 piso=3932160
COUNTS id=[ 384, 3152 ] end=258048 piso=12263424
COUNTS id=[ 384, 3153 ] end=159744 piso=3631104
COUNTS id=[ 384, 3154 ] end=131072 piso=2758656
COUNTS id=[ 384, 3155 ] end=135168 piso=8236032
COUNTS id=[ 384, 3156 ] end=63488 piso=2700288
COUNTS id=[ 384, 3157 ] end=137216 piso=8676864
COUNTS id=[ 384, 3158 ] end=32768 piso=3048960
COUNTS id=[ 384, 3159 ] end=32768 piso=2373120
COUNTS id=[ 384, 3160 ] end=112640 piso=6019584
COUNTS id=[ 384, 3161 ] end=61952 piso=3426816
COUNTS id=[ 384, 3162 ] end=74240 piso=3419136
COUNTS id=[ 384, 3163 ] end=86528 piso=3806208
COUNTS id=[ 384, 3164 ] end=57344 piso=2161152
COUNTS id=[ 384, 3165 ] end=28160 piso=1497600
COUNTS id=[ 384, 3166 ] end=58880 piso=1809408
COUNTS id=[ 384, 3167 ] end=46592 piso=1557504
COUNTS id=[ 384, 3168 ] end=38912 piso=616320
COUNTS id=[ 384, 3169 ] end=32768 piso=425856
COUNTS id=[ 384, 3170 ] end=132096 piso=651264
CLOSEST id=[ 384, 3170 ] end=132096 piso=651264 ratio=212/43
COUNTS id=[ 384, 3171 ] end=132096 piso=651264
COUNTS id=[ 384, 3172 ] end=33792 piso=284160
PROGRESS checked=100 hits=0 reversed=0 runtime_ms=188997
COUNTS id=[ 384, 3173 ] end=168960 piso=11096064
COUNTS id=[ 384, 3174 ] end=46080 piso=738816
COUNTS id=[ 384, 3175 ] end=31232 piso=357504
COUNTS id=[ 384, 3176 ] end=31232 piso=357504
COUNTS id=[ 384, 3177 ] end=82944 piso=3158016
COUNTS id=[ 384, 3178 ] end=18944 piso=265344
COUNTS id=[ 384, 3179 ] end=18944 piso=265344
COUNTS id=[ 384, 3180 ] end=229376 piso=1812480
COUNTS id=[ 384, 3181 ] end=200704 piso=1751040
COUNTS id=[ 384, 3182 ] end=462848 piso=3121152
COUNTS id=[ 384, 3183 ] end=135168 piso=1572864
COUNTS id=[ 384, 3184 ] end=184320 piso=1615872
COUNTS id=[ 384, 3185 ] end=49152 piso=1251840
COUNTS id=[ 384, 3186 ] end=49152 piso=1251840
COUNTS id=[ 384, 3187 ] end=100352 piso=1320960
COUNTS id=[ 384, 3188 ] end=143360 piso=1468416
COUNTS id=[ 384, 3189 ] end=143360 piso=1443840
COUNTS id=[ 384, 3190 ] end=100352 piso=1296384
COUNTS id=[ 384, 3191 ] end=73728 piso=1575936
COUNTS id=[ 384, 3192 ] end=38912 piso=1201152
COUNTS id=[ 384, 3193 ] end=141824 piso=3563520
COUNTS id=[ 384, 3194 ] end=18944 piso=1763328
COUNTS id=[ 384, 3195 ] end=25088 piso=1634304
COUNTS id=[ 384, 3196 ] end=18944 piso=1112064
COUNTS id=[ 384, 3197 ] end=37376 piso=1236480
COUNTS id=[ 384, 3198 ] end=37376 piso=1236480
COUNTS id=[ 384, 3199 ] end=61440 piso=3540480
COUNTS id=[ 384, 3200 ] end=30720 piso=1611264
COUNTS id=[ 384, 3201 ] end=25088 piso=364416
COUNTS id=[ 384, 3202 ] end=18944 piso=349056
COUNTS id=[ 384, 3203 ] end=110592 piso=3932160
COUNTS id=[ 384, 3204 ] end=282624 piso=12263424
COUNTS id=[ 384, 3205 ] end=135168 piso=4233216
COUNTS id=[ 384, 3206 ] end=159744 piso=3631104
COUNTS id=[ 384, 3207 ] end=131072 piso=2758656
COUNTS id=[ 384, 3208 ] end=135168 piso=8236032
COUNTS id=[ 384, 3209 ] end=63488 piso=2700288
COUNTS id=[ 384, 3210 ] end=137216 piso=8676864
COUNTS id=[ 384, 3211 ] end=32768 piso=3048960
COUNTS id=[ 384, 3212 ] end=51200 piso=2403840
COUNTS id=[ 384, 3213 ] end=51200 piso=2403840
COUNTS id=[ 384, 3214 ] end=112640 piso=6019584
COUNTS id=[ 384, 3215 ] end=61952 piso=3426816
COUNTS id=[ 384, 3216 ] end=74240 piso=3419136
COUNTS id=[ 384, 3217 ] end=86528 piso=3806208
COUNTS id=[ 384, 3218 ] end=57344 piso=2161152
COUNTS id=[ 384, 3219 ] end=28160 piso=1497600
COUNTS id=[ 384, 3220 ] end=58880 piso=1809408
COUNTS id=[ 384, 3221 ] end=46592 piso=1557504
COUNTS id=[ 384, 3222 ] end=38912 piso=616320
COUNTS id=[ 384, 3223 ] end=32768 piso=425856
COUNTS id=[ 384, 3224 ] end=33792 piso=294912
COUNTS id=[ 384, 3225 ] end=46080 piso=407040
COUNTS id=[ 384, 3226 ] end=12288 piso=147456
COUNTS id=[ 384, 3227 ] end=45056 piso=681984
COUNTS id=[ 384, 3228 ] end=131072 piso=11042304
COUNTS id=[ 384, 3229 ] end=22016 piso=288384
COUNTS id=[ 384, 3230 ] end=45056 piso=3067392
COUNTS id=[ 384, 3231 ] end=9728 piso=190080
COUNTS id=[ 384, 3232 ] end=35840 piso=651264
COUNTS id=[ 384, 3233 ] end=15360 piso=232320
COUNTS id=[ 384, 3234 ] end=43520 piso=802176
COUNTS id=[ 384, 3235 ] end=55296 piso=433152
COUNTS id=[ 384, 3236 ] end=55296 piso=433152
COUNTS id=[ 384, 3237 ] end=15872 piso=268800
COUNTS id=[ 384, 3238 ] end=29696 piso=396288
COUNTS id=[ 384, 3239 ] end=29696 piso=396288
COUNTS id=[ 384, 3240 ] end=36864 piso=590208
COUNTS id=[ 384, 3241 ] end=27648 piso=514944
COUNTS id=[ 384, 3242 ] end=55808 piso=1406976
COUNTS id=[ 384, 3243 ] end=55808 piso=946176
COUNTS id=[ 384, 3244 ] end=22016 piso=376704
COUNTS id=[ 384, 3245 ] end=22016 piso=376704
COUNTS id=[ 384, 3246 ] end=12800 piso=364416
COUNTS id=[ 384, 3247 ] end=12800 piso=364416
COUNTS id=[ 384, 3248 ] end=14848 piso=809856
COUNTS id=[ 384, 3249 ] end=45568 piso=2809728
COUNTS id=[ 384, 3250 ] end=78848 piso=4004352
COUNTS id=[ 384, 3251 ] end=104960 piso=4455936
COUNTS id=[ 384, 3252 ] end=52736 piso=2822016
COUNTS id=[ 384, 3253 ] end=35840 piso=1663488
COUNTS id=[ 384, 3254 ] end=28160 piso=1390080
COUNTS id=[ 384, 3255 ] end=18944 piso=822144
COUNTS id=[ 384, 3256 ] end=66560 piso=1569792
COUNTS id=[ 384, 3257 ] end=54272 piso=1139712
COUNTS id=[ 384, 3258 ] end=25600 piso=202752
COUNTS id=[ 384, 3259 ] end=13312 piso=187392
COUNTS id=[ 384, 3260 ] end=44032 piso=339456
COUNTS id=[ 384, 3261 ] end=16384 piso=178176
COUNTS id=[ 384, 3262 ] end=130048 piso=11002368
COUNTS id=[ 384, 3263 ] end=34816 piso=632832
COUNTS id=[ 384, 3264 ] end=44032 piso=3015168
COUNTS id=[ 384, 3265 ] end=44032 piso=648192
COUNTS id=[ 384, 3266 ] end=34816 piso=632832
COUNTS id=[ 384, 3267 ] end=65536 piso=479232
COUNTS id=[ 384, 3268 ] end=57344 piso=479232
COUNTS id=[ 384, 3269 ] end=61440 piso=589824
COUNTS id=[ 384, 3270 ] end=40960 piso=589824
COUNTS id=[ 384, 3271 ] end=14336 piso=337920
COUNTS id=[ 384, 3272 ] end=53248 piso=943104
PROGRESS checked=200 hits=0 reversed=0 runtime_ms=342832
COUNTS id=[ 384, 3273 ] end=53248 piso=943104
COUNTS id=[ 384, 3274 ] end=19456 piso=293760
COUNTS id=[ 384, 3275 ] end=25600 piso=405504
COUNTS id=[ 384, 3276 ] end=60928 piso=585600
COUNTS id=[ 384, 3277 ] end=60928 piso=585600
COUNTS id=[ 384, 3278 ] end=69632 piso=500736
COUNTS id=[ 384, 3279 ] end=69632 piso=500736
COUNTS id=[ 384, 3280 ] end=25600 piso=451584
COUNTS id=[ 384, 3281 ] end=25600 piso=451584
COUNTS id=[ 384, 3282 ] end=11776 piso=335232
COUNTS id=[ 384, 3283 ] end=14848 piso=378240
COUNTS id=[ 384, 3284 ] end=70144 piso=3719040
COUNTS id=[ 384, 3285 ] end=131584 piso=11279232
COUNTS id=[ 384, 3286 ] end=45568 piso=3322752
COUNTS id=[ 384, 3287 ] end=61440 piso=2666496
COUNTS id=[ 384, 3288 ] end=53248 piso=1953792
COUNTS id=[ 384, 3289 ] end=38912 piso=1781760
COUNTS id=[ 384, 3290 ] end=69632 piso=3408768
COUNTS id=[ 384, 3291 ] end=52736 piso=2846592
COUNTS id=[ 384, 3292 ] end=23552 piso=1212288
COUNTS id=[ 384, 3293 ] end=18944 piso=908160
COUNTS id=[ 384, 3294 ] end=28672 piso=630144
COUNTS id=[ 384, 3295 ] end=31744 piso=508800
COUNTS id=[ 384, 3296 ] end=47104 piso=763776
COUNTS id=[ 384, 3297 ] end=47104 piso=763776
COUNTS id=[ 384, 3298 ] end=25600 piso=565248
COUNTS id=[ 384, 3299 ] end=15872 piso=259200
COUNTS id=[ 384, 3300 ] end=5120 piso=154752
COUNTS id=[ 384, 3301 ] end=8704 piso=330624
COUNTS id=[ 384, 3302 ] end=9728 piso=215424
COUNTS id=[ 384, 3303 ] end=25600 piso=411648
COUNTS id=[ 384, 3304 ] end=9728 piso=317952
COUNTS id=[ 384, 3305 ] end=29696 piso=1658880
COUNTS id=[ 384, 3306 ] end=58880 piso=3113472
COUNTS id=[ 384, 3307 ] end=43520 piso=2824704
COUNTS id=[ 384, 3308 ] end=25088 piso=1098240
COUNTS id=[ 384, 3309 ] end=9728 piso=840192
COUNTS id=[ 384, 3310 ] end=22528 piso=527232
COUNTS id=[ 384, 3311 ] end=25600 piso=562176
COUNTS id=[ 384, 3312 ] end=69632 piso=3351552
COUNTS id=[ 384, 3313 ] end=23552 piso=1108992
COUNTS id=[ 384, 3314 ] end=23552 piso=405888
COUNTS id=[ 384, 3315 ] end=65536 piso=417792
COUNTS id=[ 384, 3316 ] end=65536 piso=411648
COUNTS id=[ 384, 3317 ] end=38912 piso=417792
COUNTS id=[ 384, 3318 ] end=32768 piso=411648
COUNTS id=[ 384, 3319 ] end=26624 piso=264192
COUNTS id=[ 384, 3320 ] end=23552 piso=279552
COUNTS id=[ 384, 3321 ] end=24576 piso=319488
COUNTS id=[ 384, 3322 ] end=27648 piso=270336
COUNTS id=[ 384, 3323 ] end=11264 piso=181248
COUNTS id=[ 384, 3324 ] end=11264 piso=211968
COUNTS id=[ 384, 3325 ] end=20480 piso=353280
COUNTS id=[ 384, 3326 ] end=20480 piso=353280
COUNTS id=[ 384, 3327 ] end=11264 piso=187392
COUNTS id=[ 384, 3328 ] end=11264 piso=261120
DONE checked=256 abelian=0 hits=0 reversed=0 skipped_abelian=0 closest=[ 384, 3170 ] min_ratio=212/43 runtime_ms=427989
