{"command": ["/project/gap-4.16.1/gap", "-l", "/project/gap-4.16.1", "-q", "-b", "-T", "-m", "128m", "-o", "4g", "-c", "START_ORDER:=384;;END_ORDER:=384;;START_ID:=13057;;END_ID:=13312;;SKIP_ABELIAN:=true;;LOG_ALL:=true;;", "/project/scripts/search_19_20.g"], "source_hashes": {"scripts/search_19_20.g": "7b6a34e9163b58b0248b3c464ae8070783414cd7d14048136dd0e3547b906318", "scripts/lib_19_20.g": "fbcf2d3c4b0648cc1fa87d6e50fc923133d594c029b8430a365caf596ac7ccd5"}}
PARAMETERS start=384 end=384 start_id=13057 end_id=13312 skip_abelian=true log_all=true
ORDER_START order=384 groups=20169
COUNTS id=[ 384, 13057 ] end=130048 piso=2087424
CLOSEST id=[ 384, 13057 ] end=130048 piso=2087424 ratio=4077/254
COUNTS id=[ 384, 13058 ] end=105472 piso=1815552
COUNTS id=[ 384, 13059 ] end=68608 piso=3230208
COUNTS id=[ 384, 13060 ] end=56320 piso=1729152
COUNTS id=[ 384, 13061 ] end=83968 piso=1868928
COUNTS id=[ 384, 13062 ] end=66560 piso=1760256
COUNTS id=[ 384, 13063 ] end=50176 piso=1744896
COUNTS id=[ 384, 13064 ] end=31744 piso=1441920
COUNTS id=[ 384, 13065 ] end=86272 piso=5172960
COUNTS id=[ 384, 13066 ] end=273152 piso=9391200
COUNTS id=[ 384, 13067 ] end=56576 piso=3134304
COUNTS id=[ 384, 13068 ] end=89344 piso=1457760
COUNTS id=[ 384, 13069 ] end=37120 piso=2510304
COUNTS id=[ 384, 13070 ] end=80128 piso=1502688
COUNTS id=[ 384, 13071 ] end=46336 piso=2801760
COUNTS id=[ 384, 13072 ] end=89344 piso=1824096
COUNTS id=[ 384, 13073 ] end=62464 piso=1132032
COUNTS id=[ 384, 13074 ] end=62464 piso=1116672
COUNTS id=[ 384, 13075 ] end=53248 piso=998016
COUNTS id=[ 384, 13076 ] end=121600 piso=2816736
COUNTS id=[ 384, 13077 ] end=113920 piso=3743328
COUNTS id=[ 384, 13078 ] end=221440 piso=4175712
COUNTS id=[ 384, 13079 ] end=167680 piso=4066656
COUNTS id=[ 384, 13080 ] end=57344 piso=1428480
COUNTS id=[ 384, 13081 ] end=462848 piso=5976576
CLOSEST id=[ 384, 13081 ] end=462848 piso=5976576 ratio=11673/904
COUNTS id=[ 384, 13082 ] end=57344 piso=1428480
COUNTS id=[ 384, 13083 ] end=462848 piso=5976576
COUNTS id=[ 384, 13084 ] end=459776 piso=3589248
CLOSEST id=[ 384, 13084 ] end=459776 piso=3589248 ratio=28041/3592
COUNTS id=[ 384, 13085 ] end=459776 piso=3589248
COUNTS id=[ 384, 13086 ] end=57344 piso=1303680
COUNTS id=[ 384, 13087 ] end=57344 piso=1303680
COUNTS id=[ 384, 13088 ] end=84992 piso=1439232
COUNTS id=[ 384, 13089 ] end=84992 piso=1423872
COUNTS id=[ 384, 13090 ] end=81920 piso=1159296
COUNTS id=[ 384, 13091 ] end=81920 piso=1159296
COUNTS id=[ 384, 13092 ] end=28928 piso=1248096
COUNTS id=[ 384, 13093 ] end=62720 piso=1279584
COUNTS id=[ 384, 13094 ] end=28928 piso=3061344
COUNTS id=[ 384, 13095 ] end=59648 piso=1238112
COUNTS id=[ 384, 13096 ] end=59648 piso=1261152
COUNTS id=[ 384, 13097 ] end=62720 piso=2974560
COUNTS id=[ 384, 13098 ] end=25856 piso=1211232
COUNTS id=[ 384, 13099 ] end=25856 piso=1229664
COUNTS id=[ 384, 13100 ] end=62720 piso=1215840
COUNTS id=[ 384, 13101 ] end=102656 piso=1685088
COUNTS id=[ 384, 13102 ] end=121088 piso=1851744
COUNTS id=[ 384, 13103 ] end=154880 piso=2606688
COUNTS id=[ 384, 13104 ] end=59648 piso=1180512
COUNTS id=[ 384, 13105 ] end=28928 piso=1405536
COUNTS id=[ 384, 13106 ] end=96512 piso=1605216
COUNTS id=[ 384, 13107 ] end=59648 piso=1157472
COUNTS id=[ 384, 13108 ] end=971776 piso=14072832
COUNTS id=[ 384, 13109 ] end=135168 piso=2428416
COUNTS id=[ 384, 13110 ] end=574464 piso=7425024
COUNTS id=[ 384, 13111 ] end=503808 piso=4597248
COUNTS id=[ 384, 13112 ] end=1007616 piso=12361344
COUNTS id=[ 384, 13113 ] end=503808 piso=4684416
COUNTS id=[ 384, 13114 ] end=568320 piso=4834944
COUNTS id=[ 384, 13115 ] end=64512 piso=2300544
COUNTS id=[ 384, 13116 ] end=128000 piso=2801664
COUNTS id=[ 384, 13117 ] end=462848 piso=4047360
COUNTS id=[ 384, 13118 ] end=505856 piso=5090304
COUNTS id=[ 384, 13119 ] end=84992 piso=1482240
COUNTS id=[ 384, 13120 ] end=548864 piso=5575296
COUNTS id=[ 384, 13121 ] end=84992 piso=1867392
COUNTS id=[ 384, 13122 ] end=508928 piso=4301952
COUNTS id=[ 384, 13123 ] end=45056 piso=1841280
COUNTS id=[ 384, 13124 ] end=48128 piso=1010688
COUNTS id=[ 384, 13125 ] end=48128 piso=995328
COUNTS id=[ 384, 13126 ] end=48128 piso=1108608
COUNTS id=[ 384, 13127 ] end=48128 piso=1108608
COUNTS id=[ 384, 13128 ] end=1510656 piso=25076448
COUNTS id=[ 384, 13129 ] end=1066752 piso=13320672
COUNTS id=[ 384, 13130 ] end=80640 piso=2512608
COUNTS id=[ 384, 13131 ] end=971520 piso=11344992
COUNTS id=[ 384, 13132 ] end=524544 piso=4619616
COUNTS id=[ 384, 13133 ] end=977664 piso=11618400
COUNTS id=[ 384, 13134 ] end=530688 piso=4813152
COUNTS id=[ 384, 13135 ] end=489728 piso=3897696
COUNTS id=[ 384, 13136 ] end=70400 piso=1556064
COUNTS id=[ 384, 13137 ] end=498944 piso=4359648
COUNTS id=[ 384, 13138 ] end=79616 piso=2130144
COUNTS id=[ 384, 13139 ] end=489728 piso=3870432
COUNTS id=[ 384, 13140 ] end=70400 piso=1708512
COUNTS id=[ 384, 13141 ] end=489728 piso=3882336
COUNTS id=[ 384, 13142 ] end=70400 piso=1540704
COUNTS id=[ 384, 13143 ] end=524544 piso=4576224
COUNTS id=[ 384, 13144 ] end=73728 piso=1496064
COUNTS id=[ 384, 13145 ] end=36864 piso=1946112
COUNTS id=[ 384, 13146 ] end=73728 piso=1496064
COUNTS id=[ 384, 13147 ] end=36864 piso=1946112
COUNTS id=[ 384, 13148 ] end=33792 piso=1782912
COUNTS id=[ 384, 13149 ] end=33792 piso=1782912
COUNTS id=[ 384, 13150 ] end=73728 piso=1365120
COUNTS id=[ 384, 13151 ] end=73728 piso=1365120
COUNTS id=[ 384, 13152 ] end=36864 piso=1089024
COUNTS id=[ 384, 13153 ] end=36864 piso=1073664
COUNTS id=[ 384, 13154 ] end=33792 piso=993408
COUNTS id=[ 384, 13155 ] end=33792 piso=993408
COUNTS id=[ 384, 13156 ] end=20736 piso=1397856
PROGRESS checked=100 hits=0 reversed=0 runtime_ms=260572
COUNTS id=[ 384, 13157 ] end=54528 piso=1264992
COUNTS id=[ 384, 13158 ] end=20736 piso=2142048
COUNTS id=[ 384, 13159 ] end=51456 piso=1228128
COUNTS id=[ 384, 13160 ] end=51456 piso=1281888
COUNTS id=[ 384, 13161 ] end=54528 piso=1921632
COUNTS id=[ 384, 13162 ] end=17664 piso=1356384
COUNTS id=[ 384, 13163 ] end=17664 piso=1405536
COUNTS id=[ 384, 13164 ] end=54528 piso=1325664
COUNTS id=[ 384, 13165 ] end=82176 piso=1255776
COUNTS id=[ 384, 13166 ] end=20736 piso=1672800
COUNTS id=[ 384, 13167 ] end=54528 piso=1397088
COUNTS id=[ 384, 13168 ] end=79104 piso=1197408
COUNTS id=[ 384, 13169 ] end=79104 piso=1252704
COUNTS id=[ 384, 13170 ] end=48384 piso=1245792
COUNTS id=[ 384, 13171 ] end=115968 piso=1846368
COUNTS id=[ 384, 13172 ] end=519168 piso=6306816
COUNTS id=[ 384, 13173 ] end=155648 piso=2618880
COUNTS id=[ 384, 13174 ] end=121856 piso=2755584
COUNTS id=[ 384, 13175 ] end=524288 piso=4886016
COUNTS id=[ 384, 13176 ] end=555008 piso=5200512
COUNTS id=[ 384, 13177 ] end=51200 piso=3784320
COUNTS id=[ 384, 13178 ] end=588800 piso=5354112
COUNTS id=[ 384, 13179 ] end=84992 piso=2285184
COUNTS id=[ 384, 13180 ] end=79872 piso=1628160
COUNTS id=[ 384, 13181 ] end=482304 piso=4280832
COUNTS id=[ 384, 13182 ] end=457728 piso=4187136
COUNTS id=[ 384, 13183 ] end=104448 piso=1629696
COUNTS id=[ 384, 13184 ] end=500736 piso=4119168
COUNTS id=[ 384, 13185 ] end=36864 piso=1836672
COUNTS id=[ 384, 13186 ] end=528384 piso=4685952
COUNTS id=[ 384, 13187 ] end=64512 piso=1795200
COUNTS id=[ 384, 13188 ] end=154880 piso=3235296
COUNTS id=[ 384, 13189 ] end=104192 piso=3354720
COUNTS id=[ 384, 13190 ] end=110336 piso=3628128
COUNTS id=[ 384, 13191 ] end=475392 piso=3565152
CLOSEST id=[ 384, 13191 ] end=475392 piso=3565152 ratio=37137/4952
COUNTS id=[ 384, 13192 ] end=56064 piso=1437024
COUNTS id=[ 384, 13193 ] end=475392 piso=3496416
CLOSEST id=[ 384, 13193 ] end=475392 piso=3496416 ratio=36421/4952
COUNTS id=[ 384, 13194 ] end=56064 piso=1544928
COUNTS id=[ 384, 13195 ] end=475392 piso=3750624
COUNTS id=[ 384, 13196 ] end=56064 piso=1774560
COUNTS id=[ 384, 13197 ] end=475392 piso=3549792
COUNTS id=[ 384, 13198 ] end=56064 piso=1421664
COUNTS id=[ 384, 13199 ] end=67584 piso=1059840
COUNTS id=[ 384, 13200 ] end=67584 piso=1044480
COUNTS id=[ 384, 13201 ] end=67584 piso=1111680
COUNTS id=[ 384, 13202 ] end=67584 piso=1111680
COUNTS id=[ 384, 13203 ] end=509696 piso=5672928
COUNTS id=[ 384, 13204 ] end=598784 piso=6434016
COUNTS id=[ 384, 13205 ] end=545024 piso=5028192
COUNTS id=[ 384, 13206 ] end=551168 piso=5221728
COUNTS id=[ 384, 13207 ] end=65792 piso=5328096
COUNTS id=[ 384, 13208 ] end=112640 piso=1579008
COUNTS id=[ 384, 13209 ] end=56320 piso=1093632
COUNTS id=[ 384, 13210 ] end=56320 piso=1130880
COUNTS id=[ 384, 13211 ] end=62464 piso=1100160
COUNTS id=[ 384, 13212 ] end=22528 piso=1095552
COUNTS id=[ 384, 13213 ] end=90112 piso=1200000
COUNTS id=[ 384, 13214 ] end=126976 piso=1557504
COUNTS id=[ 384, 13215 ] end=25600 piso=1250304
COUNTS id=[ 384, 13216 ] end=78848 piso=1532928
COUNTS id=[ 384, 13217 ] end=93184 piso=1511424
COUNTS id=[ 384, 13218 ] end=25600 piso=1204224
COUNTS id=[ 384, 13219 ] end=56320 piso=1047552
COUNTS id=[ 384, 13220 ] end=90112 piso=1187712
COUNTS id=[ 384, 13221 ] end=22528 piso=1083264
COUNTS id=[ 384, 13222 ] end=62464 piso=1087872
COUNTS id=[ 384, 13223 ] end=56320 piso=1118592
COUNTS id=[ 384, 13224 ] end=65792 piso=1785312
COUNTS id=[ 384, 13225 ] end=40192 piso=1170912
COUNTS id=[ 384, 13226 ] end=43264 piso=1166304
COUNTS id=[ 384, 13227 ] end=61696 piso=1394784
COUNTS id=[ 384, 13228 ] end=40192 piso=1238112
COUNTS id=[ 384, 13229 ] end=40192 piso=1014624
COUNTS id=[ 384, 13230 ] end=40192 piso=963936
COUNTS id=[ 384, 13231 ] end=905216 piso=9824256
COUNTS id=[ 384, 13232 ] end=334848 piso=4128768
COUNTS id=[ 384, 13233 ] end=878592 piso=9020928
COUNTS id=[ 384, 13234 ] end=267264 piso=3479040
COUNTS id=[ 384, 13235 ] end=540672 piso=4602240
COUNTS id=[ 384, 13236 ] end=165888 piso=2454912
COUNTS id=[ 384, 13237 ] end=599040 piso=5076864
COUNTS id=[ 384, 13238 ] end=95232 piso=2041728
COUNTS id=[ 384, 13239 ] end=720896 piso=8389632
COUNTS id=[ 384, 13240 ] end=741376 piso=8630784
COUNTS id=[ 384, 13241 ] end=240640 piso=3088896
COUNTS id=[ 384, 13242 ] end=277504 piso=2878464
COUNTS id=[ 384, 13243 ] end=517120 piso=4843392
COUNTS id=[ 384, 13244 ] end=483328 piso=4218240
COUNTS id=[ 384, 13245 ] end=59392 piso=1808256
COUNTS id=[ 384, 13246 ] end=99328 piso=2206080
COUNTS id=[ 384, 13247 ] end=464128 piso=3354336
CLOSEST id=[ 384, 13247 ] end=464128 piso=3354336 ratio=104823/14504
COUNTS id=[ 384, 13248 ] end=78592 piso=1560288
COUNTS id=[ 384, 13249 ] end=40192 piso=1064928
COUNTS id=[ 384, 13250 ] end=1527040 piso=25638240
COUNTS id=[ 384, 13251 ] end=531712 piso=4658784
COUNTS id=[ 384, 13252 ] end=1144064 piso=14096352
COUNTS id=[ 384, 13253 ] end=537856 piso=5210592
COUNTS id=[ 384, 13254 ] end=537856 piso=4904928
COUNTS id=[ 384, 13255 ] end=156928 piso=2911200
COUNTS id=[ 384, 13256 ] end=932096 piso=11504352
PROGRESS checked=200 hits=0 reversed=0 runtime_ms=486078
COUNTS id=[ 384, 13257 ] end=494848 piso=4136928
COUNTS id=[ 384, 13258 ] end=86272 piso=1452000
COUNTS id=[ 384, 13259 ] end=504064 piso=4574304
COUNTS id=[ 384, 13260 ] end=83200 piso=1492320
COUNTS id=[ 384, 13261 ] end=921856 piso=11341152
COUNTS id=[ 384, 13262 ] end=464128 piso=3330144
CLOSEST id=[ 384, 13262 ] end=464128 piso=3330144 ratio=104067/14504
COUNTS id=[ 384, 13263 ] end=58624 piso=5860704
COUNTS id=[ 384, 13264 ] end=141568 piso=2837088
COUNTS id=[ 384, 13265 ] end=59648 piso=3314400
COUNTS id=[ 384, 13266 ] end=44800 piso=1568736
COUNTS id=[ 384, 13267 ] end=92416 piso=1542624
COUNTS id=[ 384, 13268 ] end=44800 piso=1892448
COUNTS id=[ 384, 13269 ] end=89344 piso=1495392
COUNTS id=[ 384, 13270 ] end=40192 piso=2622816
COUNTS id=[ 384, 13271 ] end=78592 piso=1715808
COUNTS id=[ 384, 13272 ] end=40960 piso=1271808
COUNTS id=[ 384, 13273 ] end=221184 piso=2979840
COUNTS id=[ 384, 13274 ] end=40960 piso=1355136
COUNTS id=[ 384, 13275 ] end=120832 piso=1957248
COUNTS id=[ 384, 13276 ] end=68608 piso=1150848
COUNTS id=[ 384, 13277 ] end=105472 piso=1514496
COUNTS id=[ 384, 13278 ] end=153600 piso=2933760
COUNTS id=[ 384, 13279 ] end=71680 piso=1468416
COUNTS id=[ 384, 13280 ] end=40960 piso=1225728
COUNTS id=[ 384, 13281 ] end=68608 piso=1138560
COUNTS id=[ 384, 13282 ] end=120832 piso=1944960
COUNTS id=[ 384, 13283 ] end=40960 piso=1342848
COUNTS id=[ 384, 13284 ] end=112896 piso=2672352
COUNTS id=[ 384, 13285 ] end=61696 piso=1483488
COUNTS id=[ 384, 13286 ] end=67840 piso=1572576
COUNTS id=[ 384, 13287 ] end=73984 piso=1647456
COUNTS id=[ 384, 13288 ] end=52480 piso=1190496
COUNTS id=[ 384, 13289 ] end=1597440 piso=21676032
COUNTS id=[ 384, 13290 ] end=321536 piso=4079616
COUNTS id=[ 384, 13291 ] end=852992 piso=8517120
COUNTS id=[ 384, 13292 ] end=1037312 piso=12672384
COUNTS id=[ 384, 13293 ] end=146432 piso=2445696
COUNTS id=[ 384, 13294 ] end=573440 piso=4662144
COUNTS id=[ 384, 13295 ] end=1228800 piso=19958784
COUNTS id=[ 384, 13296 ] end=719872 piso=8126976
COUNTS id=[ 384, 13297 ] end=262144 piso=2817024
COUNTS id=[ 384, 13298 ] end=495616 piso=4431744
COUNTS id=[ 384, 13299 ] end=931840 piso=12054912
COUNTS id=[ 384, 13300 ] end=83968 piso=2184576
COUNTS id=[ 384, 13301 ] end=476416 piso=3694560
COUNTS id=[ 384, 13302 ] end=61696 piso=1365216
COUNTS id=[ 384, 13303 ] end=1064704 piso=12920928
COUNTS id=[ 384, 13304 ] end=560896 piso=5221728
COUNTS id=[ 384, 13305 ] end=2267904 piso=45064416
COUNTS id=[ 384, 13306 ] end=966400 piso=11376864
COUNTS id=[ 384, 13307 ] end=960768 piso=12237792
COUNTS id=[ 384, 13308 ] end=934144 piso=11919456
COUNTS id=[ 384, 13309 ] end=476416 piso=3687264
COUNTS id=[ 384, 13310 ] end=90880 piso=4389600
COUNTS id=[ 384, 13311 ] end=198400 piso=4096224
COUNTS id=[ 384, 13312 ] end=57088 piso=1753824
DONE checked=256 abelian=0 hits=0 reversed=0 skipped_abelian=0 closest=[ 384, 13262 ] min_ratio=104067/14504 runtime_ms=607865
