{"command": ["/project/gap-4.16.1/gap", "-l", "/project/gap-4.16.1", "-q", "-b", "-T", "-m", "128m", "-o", "4g", "-c", "START_ORDER:=384;;END_ORDER:=384;;START_ID:=19969;;END_ID:=20169;;SKIP_ABELIAN:=true;;LOG_ALL:=true;;", "/project/scripts/search_19_20.g"], "source_hashes": {"scripts/search_19_20.g": "7b6a34e9163b58b0248b3c464ae8070783414cd7d14048136dd0e3547b906318", "scripts/lib_19_20.g": "fbcf2d3c4b0648cc1fa87d6e50fc923133d594c029b8430a365caf596ac7ccd5"}}
PARAMETERS start=384 end=384 start_id=19969 end_id=20169 skip_abelian=true log_all=true
ORDER_START order=384 groups=20169
COUNTS id=[ 384, 19969 ] end=356352 piso=5273088
CLOSEST id=[ 384, 19969 ] end=356352 piso=5273088 ratio=3433/232
COUNTS id=[ 384, 19970 ] end=6426624 piso=4277760
STRONG_INEQUALITY_COUNTEREXAMPLE id=[ 384, 19970 ] end=6426624 piso=4277760
CLOSEST id=[ 384, 19970 ] end=6426624 piso=4277760 ratio=2785/4184
COUNTS id=[ 384, 19971 ] end=823296 piso=4437504
COUNTS id=[ 384, 19972 ] end=749568 piso=3601920
COUNTS id=[ 384, 19973 ] end=12349440 piso=7540224
STRONG_INEQUALITY_COUNTEREXAMPLE id=[ 384, 19973 ] end=12349440 piso=7540224
CLOSEST id=[ 384, 19973 ] end=12349440 piso=7540224 ratio=4909/8040
COUNTS id=[ 384, 19974 ] end=12355584 piso=7233024
STRONG_INEQUALITY_COUNTEREXAMPLE id=[ 384, 19974 ] end=12355584 piso=7233024
CLOSEST id=[ 384, 19974 ] end=12355584 piso=7233024 ratio=4709/8044
COUNTS id=[ 384, 19975 ] end=546816 piso=3608064
COUNTS id=[ 384, 19976 ] end=516096 piso=3669504
COUNTS id=[ 384, 19977 ] end=1062912 piso=5451264
COUNTS id=[ 384, 19978 ] end=534528 piso=4677120
COUNTS id=[ 384, 19979 ] end=18278400 piso=13651968
STRONG_INEQUALITY_COUNTEREXAMPLE id=[ 384, 19979 ] end=18278400 piso=13651968
COUNTS id=[ 384, 19980 ] end=6469632 piso=5425152
STRONG_INEQUALITY_COUNTEREXAMPLE id=[ 384, 19980 ] end=6469632 piso=5425152
COUNTS id=[ 384, 19981 ] end=6426624 piso=3809280
STRONG_INEQUALITY_COUNTEREXAMPLE id=[ 384, 19981 ] end=6426624 piso=3809280
COUNTS id=[ 384, 19982 ] end=854016 piso=4466688
COUNTS id=[ 384, 19983 ] end=325632 piso=5627904
COUNTS id=[ 384, 19984 ] end=724992 piso=3397632
COUNTS id=[ 384, 19985 ] end=110395392 piso=134062080
COUNTS id=[ 384, 19986 ] end=204767232 piso=426909696
COUNTS id=[ 384, 19987 ] end=12681216 piso=12263424
STRONG_INEQUALITY_COUNTEREXAMPLE id=[ 384, 19987 ] end=12681216 piso=12263424
COUNTS id=[ 384, 19988 ] end=6586368 piso=8036352
COUNTS id=[ 384, 19989 ] end=6610944 piso=5332992
STRONG_INEQUALITY_COUNTEREXAMPLE id=[ 384, 19989 ] end=6610944 piso=5332992
COUNTS id=[ 384, 19990 ] end=5996544 piso=34676736
COUNTS id=[ 384, 19991 ] end=540672 piso=3649536
COUNTS id=[ 384, 19992 ] end=112680960 piso=137061888
COUNTS id=[ 384, 19993 ] end=9437184 piso=5273088
STRONG_INEQUALITY_COUNTEREXAMPLE id=[ 384, 19993 ] end=9437184 piso=5273088
CLOSEST id=[ 384, 19993 ] end=9437184 piso=5273088 ratio=3433/6144
COUNTS id=[ 384, 19994 ] end=18198528 piso=12338688
STRONG_INEQUALITY_COUNTEREXAMPLE id=[ 384, 19994 ] end=18198528 piso=12338688
COUNTS id=[ 384, 19995 ] end=6389760 piso=4394496
STRONG_INEQUALITY_COUNTEREXAMPLE id=[ 384, 19995 ] end=6389760 piso=4394496
COUNTS id=[ 384, 19996 ] end=9443328 piso=6723072
STRONG_INEQUALITY_COUNTEREXAMPLE id=[ 384, 19996 ] end=9443328 piso=6723072
COUNTS id=[ 384, 19997 ] end=26978304 piso=26519040
STRONG_INEQUALITY_COUNTEREXAMPLE id=[ 384, 19997 ] end=26978304 piso=26519040
COUNTS id=[ 384, 19998 ] end=3360768 piso=5580288
COUNTS id=[ 384, 19999 ] end=3729408 piso=4560384
COUNTS id=[ 384, 20000 ] end=9443328 piso=5629440
STRONG_INEQUALITY_COUNTEREXAMPLE id=[ 384, 20000 ] end=9443328 piso=5629440
COUNTS id=[ 384, 20001 ] end=3532800 piso=3973632
COUNTS id=[ 384, 20002 ] end=15341568 piso=10129920
STRONG_INEQUALITY_COUNTEREXAMPLE id=[ 384, 20002 ] end=15341568 piso=10129920
COUNTS id=[ 384, 20003 ] end=24121344 piso=22757376
STRONG_INEQUALITY_COUNTEREXAMPLE id=[ 384, 20003 ] end=24121344 piso=22757376
COUNTS id=[ 384, 20004 ] end=503808 piso=4374528
COUNTS id=[ 384, 20005 ] end=12300288 piso=6518784
STRONG_INEQUALITY_COUNTEREXAMPLE id=[ 384, 20005 ] end=12300288 piso=6518784
CLOSEST id=[ 384, 20005 ] end=12300288 piso=6518784 ratio=1061/2002
COUNTS id=[ 384, 20006 ] end=12490752 piso=8635392
STRONG_INEQUALITY_COUNTEREXAMPLE id=[ 384, 20006 ] end=12490752 piso=8635392
COUNTS id=[ 384, 20007 ] end=681984 piso=3757056
COUNTS id=[ 384, 20008 ] end=909312 piso=6303744
COUNTS id=[ 384, 20009 ] end=24244224 piso=23525376
STRONG_INEQUALITY_COUNTEREXAMPLE id=[ 384, 20009 ] end=24244224 piso=23525376
COUNTS id=[ 384, 20010 ] end=528384 piso=6002688
COUNTS id=[ 384, 20011 ] end=6586368 piso=4349952
STRONG_INEQUALITY_COUNTEREXAMPLE id=[ 384, 20011 ] end=6586368 piso=4349952
COUNTS id=[ 384, 20012 ] end=491520 piso=4945920
COUNTS id=[ 384, 20013 ] end=491520 piso=3391488
COUNTS id=[ 384, 20014 ] end=681984 piso=3757056
COUNTS id=[ 384, 20015 ] end=301056 piso=4383744
COUNTS id=[ 384, 20016 ] end=245760 piso=9793536
COUNTS id=[ 384, 20017 ] end=491520 piso=3022848
COUNTS id=[ 384, 20018 ] end=18204672 piso=12048384
STRONG_INEQUALITY_COUNTEREXAMPLE id=[ 384, 20018 ] end=18204672 piso=12048384
COUNTS id=[ 384, 20019 ] end=681984 piso=3772416
COUNTS id=[ 384, 20020 ] end=9437184 piso=5108736
STRONG_INEQUALITY_COUNTEREXAMPLE id=[ 384, 20020 ] end=9437184 piso=5108736
COUNTS id=[ 384, 20021 ] end=6395904 piso=4988928
STRONG_INEQUALITY_COUNTEREXAMPLE id=[ 384, 20021 ] end=6395904 piso=4988928
COUNTS id=[ 384, 20022 ] end=6580224 piso=4285440
STRONG_INEQUALITY_COUNTEREXAMPLE id=[ 384, 20022 ] end=6580224 piso=4285440
COUNTS id=[ 384, 20023 ] end=301056 piso=4589568
COUNTS id=[ 384, 20024 ] end=3342336 piso=3265536
STRONG_INEQUALITY_COUNTEREXAMPLE id=[ 384, 20024 ] end=3342336 piso=3265536
COUNTS id=[ 384, 20025 ] end=485376 piso=2958336
COUNTS id=[ 384, 20026 ] end=3529728 piso=2912256
STRONG_INEQUALITY_COUNTEREXAMPLE id=[ 384, 20026 ] end=3529728 piso=2912256
COUNTS id=[ 384, 20027 ] end=688128 piso=3305472
COUNTS id=[ 384, 20028 ] end=6402048 piso=3858432
STRONG_INEQUALITY_COUNTEREXAMPLE id=[ 384, 20028 ] end=6402048 piso=3858432
ABELIAN_SKIPPED id=[ 384, 20029 ] reason=known_equality
COUNTS id=[ 384, 20030 ] end=213909504 piso=226492416
COUNTS id=[ 384, 20031 ] end=19660800 piso=14217216
STRONG_INEQUALITY_COUNTEREXAMPLE id=[ 384, 20031 ] end=19660800 piso=14217216
COUNTS id=[ 384, 20032 ] end=18776064 piso=11464704
STRONG_INEQUALITY_COUNTEREXAMPLE id=[ 384, 20032 ] end=18776064 piso=11464704
COUNTS id=[ 384, 20033 ] end=2906112 piso=8571264
COUNTS id=[ 384, 20034 ] end=430964736 piso=1631846400
COUNTS id=[ 384, 20035 ] end=217055232 piso=463208448
COUNTS id=[ 384, 20036 ] end=28311552 piso=194248704
COUNTS id=[ 384, 20037 ] end=17301504 piso=23445504
COUNTS id=[ 384, 20038 ] end=211943424 piso=437907456
COUNTS id=[ 384, 20039 ] end=10616832 piso=51572736
COUNTS id=[ 384, 20040 ] end=16613376 piso=20938752
COUNTS id=[ 384, 20041 ] end=39161856 piso=40704384
COUNTS id=[ 384, 20042 ] end=19968000 piso=18512256
STRONG_INEQUALITY_COUNTEREXAMPLE id=[ 384, 20042 ] end=19968000 piso=18512256
COUNTS id=[ 384, 20043 ] end=921600 piso=23390592
COUNTS id=[ 384, 20044 ] end=2985984 piso=12555648
COUNTS id=[ 384, 20045 ] end=21009408 piso=19436544
STRONG_INEQUALITY_COUNTEREXAMPLE id=[ 384, 20045 ] end=21009408 piso=19436544
COUNTS id=[ 384, 20046 ] end=1889280 piso=14386176
COUNTS id=[ 384, 20047 ] end=2621440 piso=258269184
COUNTS id=[ 384, 20048 ] end=8781824 piso=1154678784
COUNTS id=[ 384, 20049 ] end=8912896 piso=1969840128
COUNTS id=[ 384, 20050 ] end=1540096 piso=119522304
COUNTS id=[ 384, 20051 ] end=9461760 piso=2406236160
COUNTS id=[ 384, 20052 ] end=2326528 piso=189247488
COUNTS id=[ 384, 20053 ] end=2830336 piso=245061888
COUNTS id=[ 384, 20054 ] end=1638400 piso=346879368
COUNTS id=[ 384, 20055 ] end=9109504 piso=1465185672
COUNTS id=[ 384, 20056 ] end=630784 piso=46548360
COUNTS id=[ 384, 20057 ] end=1835008 piso=207863808
COUNTS id=[ 384, 20058 ] end=802816 piso=50030592
COUNTS id=[ 384, 20059 ] end=225280 piso=47624448
COUNTS id=[ 384, 20060 ] end=385024 piso=129958920
COUNTS id=[ 384, 20061 ] end=753664 piso=37172232
COUNTS id=[ 384, 20062 ] end=6479872 piso=1226834952
COUNTS id=[ 384, 20063 ] end=851968 piso=40823040
COUNTS id=[ 384, 20064 ] end=581632 piso=28324872
COUNTS id=[ 384, 20065 ] end=1358848 piso=64584960
COUNTS id=[ 384, 20066 ] end=314368 piso=28719360
COUNTS id=[ 384, 20067 ] end=423424 piso=25754184
COUNTS id=[ 384, 20068 ] end=1449472 piso=58894920
COUNTS id=[ 384, 20069 ] end=494848 piso=21274056
PROGRESS checked=100 hits=0 reversed=31 runtime_ms=586842
COUNTS id=[ 384, 20070 ] end=1259008 piso=39354312
COUNTS id=[ 384, 20071 ] end=60928 piso=35717064
COUNTS id=[ 384, 20072 ] end=172288 piso=19127112
COUNTS id=[ 384, 20073 ] end=200704 piso=18231048
COUNTS id=[ 384, 20074 ] end=1129984 piso=38977416
COUNTS id=[ 384, 20075 ] end=82432 piso=25251720
COUNTS id=[ 384, 20076 ] end=26214400 piso=70542950400
COUNTS id=[ 384, 20077 ] end=21299200 piso=75784003584
COUNTS id=[ 384, 20078 ] end=14464 piso=74092032
COUNTS id=[ 384, 20079 ] end=16640 piso=87138048
COUNTS id=[ 384, 20080 ] end=29440 piso=94087680
COUNTS id=[ 384, 20081 ] end=6400 piso=19412352
COUNTS id=[ 384, 20082 ] end=13696 piso=18638208
COUNTS id=[ 384, 20083 ] end=3616 piso=13838208
COUNTS id=[ 384, 20084 ] end=3712 piso=3808128
COUNTS id=[ 384, 20085 ] end=4000 piso=3450240
COUNTS id=[ 384, 20086 ] end=7936 piso=9073536
COUNTS id=[ 384, 20087 ] end=10240 piso=7449792
COUNTS id=[ 384, 20088 ] end=4096 piso=5009088
COUNTS id=[ 384, 20089 ] end=27904 piso=334378176
COUNTS id=[ 384, 20090 ] end=11392 piso=18151104
COUNTS id=[ 384, 20091 ] end=7744 piso=9927360
COUNTS id=[ 384, 20092 ] end=3616 piso=5190336
COUNTS id=[ 384, 20093 ] end=5152 piso=3689664
COUNTS id=[ 384, 20094 ] end=2080 piso=2526912
COUNTS id=[ 384, 20095 ] end=7264 piso=4609728
COUNTS id=[ 384, 20096 ] end=3136 piso=2431680
COUNTS id=[ 384, 20097 ] end=13984 piso=8709312
COUNTS id=[ 384, 20098 ] end=6304 piso=5433024
COUNTS id=[ 384, 20099 ] end=31744 piso=68785880064
COUNTS id=[ 384, 20100 ] end=19648 piso=68857890048
COUNTS id=[ 384, 20101 ] end=37748736 piso=137446293504
COUNTS id=[ 384, 20102 ] end=38928384 piso=274825420800
COUNTS id=[ 384, 20103 ] end=34603008 piso=13907250312
COUNTS id=[ 384, 20104 ] end=8257536 piso=12820488192
COUNTS id=[ 384, 20105 ] end=5111808 piso=1063318920
COUNTS id=[ 384, 20106 ] end=3833856 piso=1058270208
COUNTS id=[ 384, 20107 ] end=6340608 piso=1566585864
COUNTS id=[ 384, 20108 ] end=6764544 piso=1565269248
COUNTS id=[ 384, 20109 ] end=903168 piso=611960064
COUNTS id=[ 384, 20110 ] end=1523712 piso=619952904
COUNTS id=[ 384, 20111 ] end=995328 piso=240872328
COUNTS id=[ 384, 20112 ] end=1626624 piso=314780232
COUNTS id=[ 384, 20113 ] end=364032 piso=308816328
COUNTS id=[ 384, 20114 ] end=270336 piso=137439461376
COUNTS id=[ 384, 20115 ] end=304128 piso=274811750400
COUNTS id=[ 384, 20116 ] end=236544 piso=12818491392
COUNTS id=[ 384, 20117 ] end=132096 piso=12818565504
COUNTS id=[ 384, 20118 ] end=35328 piso=1057656192
COUNTS id=[ 384, 20119 ] end=43008 piso=1564255104
COUNTS id=[ 384, 20120 ] end=135168 piso=1566024384
COUNTS id=[ 384, 20121 ] end=27648 piso=611200896
COUNTS id=[ 384, 20122 ] end=34944 piso=240344256
COUNTS id=[ 384, 20123 ] end=48768 piso=314112192
COUNTS id=[ 384, 20124 ] end=21120 piso=308000448
COUNTS id=[ 384, 20125 ] end=2097153 piso=12828352512
COUNTS id=[ 384, 20126 ] end=1703937 piso=1570590720
COUNTS id=[ 384, 20127 ] end=155649 piso=312534528
COUNTS id=[ 384, 20128 ] end=33285996544 piso=139921981440
COUNTS id=[ 384, 20129 ] end=420906795008 piso=1236950581248
COUNTS id=[ 384, 20130 ] end=439160406016 piso=2523628830720
COUNTS id=[ 384, 20131 ] end=8120172544 piso=8608284672
COUNTS id=[ 384, 20132 ] end=5905580032 piso=9552003072
COUNTS id=[ 384, 20133 ] end=424195129344 piso=2473095856128
COUNTS id=[ 384, 20134 ] end=15081668608 piso=10467262464
STRONG_INEQUALITY_COUNTEREXAMPLE id=[ 384, 20134 ] end=15081668608 piso=10467262464
COUNTS id=[ 384, 20135 ] end=10737418240 piso=12320243712
COUNTS id=[ 384, 20136 ] end=23018340352 piso=114756157440
COUNTS id=[ 384, 20137 ] end=353370112 piso=5431738368
COUNTS id=[ 384, 20138 ] end=265289728 piso=5809225728
COUNTS id=[ 384, 20139 ] end=10070523904 piso=9463136256
STRONG_INEQUALITY_COUNTEREXAMPLE id=[ 384, 20139 ] end=10070523904 piso=9463136256
COUNTS id=[ 384, 20140 ] end=19447939072 piso=14610186240
STRONG_INEQUALITY_COUNTEREXAMPLE id=[ 384, 20140 ] end=19447939072 piso=14610186240
COUNTS id=[ 384, 20141 ] end=660471808 piso=2099539968
COUNTS id=[ 384, 20142 ] end=559415296 piso=2176487424
COUNTS id=[ 384, 20143 ] end=19328598016 piso=14013259776
STRONG_INEQUALITY_COUNTEREXAMPLE id=[ 384, 20143 ] end=19328598016 piso=14013259776
COUNTS id=[ 384, 20144 ] end=1276628992 piso=2686397952
COUNTS id=[ 384, 20145 ] end=763887616 piso=2254737408
COUNTS id=[ 384, 20146 ] end=350027776 piso=5407531008
COUNTS id=[ 384, 20147 ] end=43134976 piso=2700344832
COUNTS id=[ 384, 20148 ] end=37679104 piso=2754792960
COUNTS id=[ 384, 20149 ] end=755851264 piso=2113855488
COUNTS id=[ 384, 20150 ] end=1474760704 piso=2835955200
COUNTS id=[ 384, 20151 ] end=687194767360 piso=1236950581248
COUNTS id=[ 384, 20152 ] end=290984034304 piso=1274598653952
ABELIAN_SKIPPED id=[ 384, 20153 ] reason=known_equality
COUNTS id=[ 384, 20154 ] end=415538085888 piso=824432394240
COUNTS id=[ 384, 20155 ] end=22548578304 piso=38453379072
COUNTS id=[ 384, 20156 ] end=9865003008 piso=3172466688
STRONG_INEQUALITY_COUNTEREXAMPLE id=[ 384, 20156 ] end=9865003008 piso=3172466688
CLOSEST id=[ 384, 20156 ] end=9865003008 piso=3172466688 ratio=2017/6272
COUNTS id=[ 384, 20157 ] end=18934136832 piso=4691705856
STRONG_INEQUALITY_COUNTEREXAMPLE id=[ 384, 20157 ] end=18934136832 piso=4691705856
CLOSEST id=[ 384, 20157 ] end=18934136832 piso=4691705856 ratio=95453/385216
COUNTS id=[ 384, 20158 ] end=342884352 piso=1833025536
COUNTS id=[ 384, 20159 ] end=740425728 piso=720531456
STRONG_INEQUALITY_COUNTEREXAMPLE id=[ 384, 20159 ] end=740425728 piso=720531456
COUNTS id=[ 384, 20160 ] end=1436823552 piso=941501952
STRONG_INEQUALITY_COUNTEREXAMPLE id=[ 384, 20160 ] end=1436823552 piso=941501952
COUNTS id=[ 384, 20161 ] end=44027904 piso=923205120
COUNTS id=[ 384, 20162 ] end=4244635648 piso=1112040013824
COUNTS id=[ 384, 20163 ] end=446464 piso=75779367936
COUNTS id=[ 384, 20164 ] end=196696 piso=68924995584
COUNTS id=[ 384, 20165 ] end=67108992 piso=562950086590464
COUNTS id=[ 384, 20166 ] end=6291456 piso=562949961547776
COUNTS id=[ 384, 20167 ] end=35433480192 piso=562951832469504
COUNTS id=[ 384, 20168 ] end=1706442046308352 piso=5066549580791808
ABELIAN_SKIPPED id=[ 384, 20169 ] reason=known_equality
DONE checked=198 abelian=0 hits=0 reversed=39 skipped_abelian=3 closest=[ 384, 20157 ] min_ratio=95453/385216 runtime_ms=1970202
