{"command": ["/project/gap-4.16.1/gap", "-l", "/project/gap-4.16.1", "-q", "-b", "-T", "-m", "128m", "-o", "4g", "-c", "START_ORDER:=288;;END_ORDER:=288;;START_ID:=769;;END_ID:=1024;;SKIP_ABELIAN:=true;;LOG_ALL:=true;;", "/project/scripts/search_19_20.g"], "source_hashes": {"scripts/search_19_20.g": "7b6a34e9163b58b0248b3c464ae8070783414cd7d14048136dd0e3547b906318", "scripts/lib_19_20.g": "fbcf2d3c4b0648cc1fa87d6e50fc923133d594c029b8430a365caf596ac7ccd5"}}
PARAMETERS start=288 end=288 start_id=769 end_id=1024 skip_abelian=true log_all=true
ORDER_START order=288 groups=1045
COUNTS id=[ 288, 769 ] end=53760 piso=765504
CLOSEST id=[ 288, 769 ] end=53760 piso=765504 ratio=3987/280
COUNTS id=[ 288, 770 ] end=131712 piso=1088064
CLOSEST id=[ 288, 770 ] end=131712 piso=1088064 ratio=5667/686
COUNTS id=[ 288, 771 ] end=143200 piso=1367136
COUNTS id=[ 288, 772 ] end=30304 piso=675936
COUNTS id=[ 288, 773 ] end=43264 piso=592704
COUNTS id=[ 288, 774 ] end=56448 piso=1268928
COUNTS id=[ 288, 775 ] end=42848 piso=754272
COUNTS id=[ 288, 776 ] end=78848 piso=1276992
COUNTS id=[ 288, 777 ] end=747520 piso=1492992
CLOSEST id=[ 288, 777 ] end=747520 piso=1492992 ratio=729/365
COUNTS id=[ 288, 778 ] end=187648 piso=787968
COUNTS id=[ 288, 779 ] end=1531904 piso=4497408
COUNTS id=[ 288, 780 ] end=388096 piso=3667968
COUNTS id=[ 288, 781 ] end=189440 piso=1235808
COUNTS id=[ 288, 782 ] end=1494016 piso=4331520
COUNTS id=[ 288, 783 ] end=374272 piso=1342080
COUNTS id=[ 288, 784 ] end=784384 piso=16247808
COUNTS id=[ 288, 785 ] end=196864 piso=1021536
COUNTS id=[ 288, 786 ] end=191168 piso=1027584
COUNTS id=[ 288, 787 ] end=385280 piso=2099808
COUNTS id=[ 288, 788 ] end=291392 piso=1775808
COUNTS id=[ 288, 789 ] end=72224 piso=625248
COUNTS id=[ 288, 790 ] end=187712 piso=1120320
COUNTS id=[ 288, 791 ] end=840960 piso=3431520
COUNTS id=[ 288, 792 ] end=94400 piso=1976832
COUNTS id=[ 288, 793 ] end=187712 piso=1919232
COUNTS id=[ 288, 794 ] end=596928 piso=15928704
COUNTS id=[ 288, 795 ] end=241408 piso=1685088
COUNTS id=[ 288, 796 ] end=195328 piso=2016864
COUNTS id=[ 288, 797 ] end=501312 piso=4143744
COUNTS id=[ 288, 798 ] end=288064 piso=1608768
COUNTS id=[ 288, 799 ] end=71200 piso=519264
COUNTS id=[ 288, 800 ] end=188992 piso=1059264
COUNTS id=[ 288, 801 ] end=196672 piso=1517184
COUNTS id=[ 288, 802 ] end=467200 piso=1784160
COUNTS id=[ 288, 803 ] end=143872 piso=1023840
COUNTS id=[ 288, 804 ] end=288064 piso=1900800
COUNTS id=[ 288, 805 ] end=70336 piso=645408
COUNTS id=[ 288, 806 ] end=148256 piso=1323360
COUNTS id=[ 288, 807 ] end=48320 piso=360000
COUNTS id=[ 288, 808 ] end=46880 piso=728928
COUNTS id=[ 288, 809 ] end=1497088 piso=9538560
COUNTS id=[ 288, 810 ] end=759232 piso=7938432
ABELIAN_SKIPPED id=[ 288, 811 ] reason=known_equality
COUNTS id=[ 288, 812 ] end=497664 piso=5557248
COUNTS id=[ 288, 813 ] end=248832 piso=497664
COUNTS id=[ 288, 814 ] end=124416 piso=217728
CLOSEST id=[ 288, 814 ] end=124416 piso=217728 ratio=7/4
COUNTS id=[ 288, 815 ] end=186624 piso=381024
COUNTS id=[ 288, 816 ] end=103680 piso=235872
COUNTS id=[ 288, 817 ] end=492480 piso=6168960
COUNTS id=[ 288, 818 ] end=186624 piso=546912
COUNTS id=[ 288, 819 ] end=82944 piso=235872
COUNTS id=[ 288, 820 ] end=98496 piso=290304
COUNTS id=[ 288, 821 ] end=108864 piso=311040
COUNTS id=[ 288, 822 ] end=25920 piso=186624
COUNTS id=[ 288, 823 ] end=57024 piso=158112
COUNTS id=[ 288, 824 ] end=461376 piso=1254528
COUNTS id=[ 288, 825 ] end=171072 piso=342144
ABELIAN_SKIPPED id=[ 288, 826 ] reason=known_equality
COUNTS id=[ 288, 827 ] end=103680 piso=124416
CLOSEST id=[ 288, 827 ] end=103680 piso=124416 ratio=6/5
COUNTS id=[ 288, 828 ] end=36288 piso=64800
COUNTS id=[ 288, 829 ] end=212544 piso=679104
COUNTS id=[ 288, 830 ] end=108864 piso=254016
COUNTS id=[ 288, 831 ] end=46656 piso=285120
COUNTS id=[ 288, 832 ] end=36288 piso=108864
COUNTS id=[ 288, 833 ] end=106272 piso=256608
COUNTS id=[ 288, 834 ] end=23328 piso=132192
COUNTS id=[ 288, 835 ] end=73216 piso=8144640
COUNTS id=[ 288, 836 ] end=13948 piso=698688
COUNTS id=[ 288, 837 ] end=147456 piso=100749312
COUNTS id=[ 288, 838 ] end=49248 piso=100758528
COUNTS id=[ 288, 839 ] end=369098752 piso=2791047168
ABELIAN_SKIPPED id=[ 288, 840 ] reason=known_equality
COUNTS id=[ 288, 841 ] end=2848 piso=247392
COUNTS id=[ 288, 842 ] end=1888 piso=114912
COUNTS id=[ 288, 843 ] end=3040 piso=73152
COUNTS id=[ 288, 844 ] end=1408 piso=157752
COUNTS id=[ 288, 845 ] end=1384 piso=109368
COUNTS id=[ 288, 846 ] end=3352 piso=211320
COUNTS id=[ 288, 847 ] end=4912 piso=373176
COUNTS id=[ 288, 848 ] end=2200 piso=219384
COUNTS id=[ 288, 849 ] end=1216 piso=131256
COUNTS id=[ 288, 850 ] end=3184 piso=188856
COUNTS id=[ 288, 851 ] end=8008 piso=527544
COUNTS id=[ 288, 852 ] end=5536 piso=232128
COUNTS id=[ 288, 853 ] end=5440 piso=265248
COUNTS id=[ 288, 854 ] end=7552 piso=336672
COUNTS id=[ 288, 855 ] end=7648 piso=409536
COUNTS id=[ 288, 856 ] end=7744 piso=922752
COUNTS id=[ 288, 857 ] end=6256 piso=953568
COUNTS id=[ 288, 858 ] end=9040 piso=1283040
COUNTS id=[ 288, 859 ] end=4617 piso=144360
COUNTS id=[ 288, 860 ] end=3393 piso=112896
COUNTS id=[ 288, 861 ] end=2240 piso=29952
COUNTS id=[ 288, 862 ] end=1952 piso=29952
COUNTS id=[ 288, 863 ] end=6784 piso=64512
COUNTS id=[ 288, 864 ] end=3968 piso=59328
COUNTS id=[ 288, 865 ] end=3328 piso=35712
COUNTS id=[ 288, 866 ] end=1888 piso=35712
COUNTS id=[ 288, 867 ] end=4480 piso=257472
COUNTS id=[ 288, 868 ] end=9056 piso=299232
COUNTS id=[ 288, 869 ] end=12800 piso=397440
COUNTS id=[ 288, 870 ] end=21248 piso=421632
COUNTS id=[ 288, 871 ] end=3776 piso=160704
PROGRESS checked=100 hits=0 reversed=0 runtime_ms=116859
COUNTS id=[ 288, 872 ] end=10688 piso=322272
COUNTS id=[ 288, 873 ] end=25088 piso=877248
COUNTS id=[ 288, 874 ] end=3008 piso=178272
COUNTS id=[ 288, 875 ] end=12800 piso=342720
COUNTS id=[ 288, 876 ] end=9728 piso=370368
COUNTS id=[ 288, 877 ] end=20224 piso=481248
COUNTS id=[ 288, 878 ] end=21728 piso=666720
COUNTS id=[ 288, 879 ] end=56576 piso=1435392
COUNTS id=[ 288, 880 ] end=53248 piso=6704640
COUNTS id=[ 288, 881 ] end=10720 piso=517824
COUNTS id=[ 288, 882 ] end=34816 piso=711936
COUNTS id=[ 288, 883 ] end=21568 piso=492480
COUNTS id=[ 288, 884 ] end=6208 piso=222048
COUNTS id=[ 288, 885 ] end=2944 piso=167616
COUNTS id=[ 288, 886 ] end=10816 piso=270144
COUNTS id=[ 288, 887 ] end=2368 piso=230112
COUNTS id=[ 288, 888 ] end=13888 piso=508608
COUNTS id=[ 288, 889 ] end=51040 piso=7462080
COUNTS id=[ 288, 890 ] end=20416 piso=840672
COUNTS id=[ 288, 891 ] end=5120 piso=246528
COUNTS id=[ 288, 892 ] end=18304 piso=306144
COUNTS id=[ 288, 893 ] end=28160 piso=429696
COUNTS id=[ 288, 894 ] end=36352 piso=794880
COUNTS id=[ 288, 895 ] end=13312 piso=446688
COUNTS id=[ 288, 896 ] end=2304 piso=59328
COUNTS id=[ 288, 897 ] end=2880 piso=78624
COUNTS id=[ 288, 898 ] end=4320 piso=141120
COUNTS id=[ 288, 899 ] end=1584 piso=77688
COUNTS id=[ 288, 900 ] end=3600 piso=129528
COUNTS id=[ 288, 901 ] end=1224 piso=45720
COUNTS id=[ 288, 902 ] end=792 piso=42264
COUNTS id=[ 288, 903 ] end=1008 piso=29304
COUNTS id=[ 288, 904 ] end=2232 piso=81432
COUNTS id=[ 288, 905 ] end=4608 piso=320256
COUNTS id=[ 288, 906 ] end=3600 piso=391392
COUNTS id=[ 288, 907 ] end=29152 piso=524736
COUNTS id=[ 288, 908 ] end=29504 piso=459936
COUNTS id=[ 288, 909 ] end=58240 piso=1088064
COUNTS id=[ 288, 910 ] end=10384 piso=500472
COUNTS id=[ 288, 911 ] end=55024 piso=2231928
COUNTS id=[ 288, 912 ] end=13768 piso=309528
COUNTS id=[ 288, 913 ] end=5224 piso=446616
COUNTS id=[ 288, 914 ] end=13792 piso=286776
COUNTS id=[ 288, 915 ] end=29128 piso=882072
COUNTS id=[ 288, 916 ] end=62464 piso=1085184
COUNTS id=[ 288, 917 ] end=32080 piso=944352
COUNTS id=[ 288, 918 ] end=6336 piso=545760
COUNTS id=[ 288, 919 ] end=6912 piso=1209600
COUNTS id=[ 288, 920 ] end=9792 piso=2579040
COUNTS id=[ 288, 921 ] end=4608 piso=194616
COUNTS id=[ 288, 922 ] end=9504 piso=620280
COUNTS id=[ 288, 923 ] end=2304 piso=190296
COUNTS id=[ 288, 924 ] end=4176 piso=266904
COUNTS id=[ 288, 925 ] end=3024 piso=146808
COUNTS id=[ 288, 926 ] end=3024 piso=192600
COUNTS id=[ 288, 927 ] end=9216 piso=1228032
COUNTS id=[ 288, 928 ] end=7488 piso=1384416
COUNTS id=[ 288, 929 ] end=35840 piso=479232
COUNTS id=[ 288, 930 ] end=28928 piso=437760
COUNTS id=[ 288, 931 ] end=15104 piso=423936
COUNTS id=[ 288, 932 ] end=108544 piso=1013760
COUNTS id=[ 288, 933 ] end=63488 piso=847872
COUNTS id=[ 288, 934 ] end=22016 piso=517248
COUNTS id=[ 288, 935 ] end=5312 piso=206496
COUNTS id=[ 288, 936 ] end=40320 piso=969696
COUNTS id=[ 288, 937 ] end=10688 piso=370080
COUNTS id=[ 288, 938 ] end=22400 piso=490464
COUNTS id=[ 288, 939 ] end=88064 piso=903168
COUNTS id=[ 288, 940 ] end=25856 piso=824832
COUNTS id=[ 288, 941 ] end=88064 piso=15086592
COUNTS id=[ 288, 942 ] end=460288 piso=5533056
COUNTS id=[ 288, 943 ] end=94720 piso=1564416
COUNTS id=[ 288, 944 ] end=169984 piso=1784448
COUNTS id=[ 288, 945 ] end=40960 piso=1704672
COUNTS id=[ 288, 946 ] end=39616 piso=2178144
COUNTS id=[ 288, 947 ] end=421888 piso=4866048
COUNTS id=[ 288, 948 ] end=169984 piso=1636992
COUNTS id=[ 288, 949 ] end=226816 piso=2389248
COUNTS id=[ 288, 950 ] end=1722368 piso=12856320
COUNTS id=[ 288, 951 ] end=1974784 piso=27614592
COUNTS id=[ 288, 952 ] end=1792000 piso=24938496
COUNTS id=[ 288, 953 ] end=148480 piso=1385280
COUNTS id=[ 288, 954 ] end=192256 piso=1724544
COUNTS id=[ 288, 955 ] end=248704 piso=2160864
COUNTS id=[ 288, 956 ] end=365632 piso=3899232
COUNTS id=[ 288, 957 ] end=40192 piso=1914912
COUNTS id=[ 288, 958 ] end=1776192 piso=25448832
COUNTS id=[ 288, 959 ] end=109504 piso=1406016
COUNTS id=[ 288, 960 ] end=210112 piso=1943424
COUNTS id=[ 288, 961 ] end=178432 piso=1886112
COUNTS id=[ 288, 962 ] end=280384 piso=2652192
COUNTS id=[ 288, 963 ] end=39232 piso=1810080
COUNTS id=[ 288, 964 ] end=67072 piso=2136096
COUNTS id=[ 288, 965 ] end=376768 piso=4830336
COUNTS id=[ 288, 966 ] end=209728 piso=2025792
COUNTS id=[ 288, 967 ] end=179008 piso=1616256
COUNTS id=[ 288, 968 ] end=335104 piso=3153312
COUNTS id=[ 288, 969 ] end=2375680 piso=12423168
COUNTS id=[ 288, 970 ] end=131584 piso=1490688
COUNTS id=[ 288, 971 ] end=102400 piso=2383488
PROGRESS checked=200 hits=0 reversed=0 runtime_ms=209537
COUNTS id=[ 288, 972 ] end=2277376 piso=21381120
COUNTS id=[ 288, 973 ] end=1134592 piso=11160576
COUNTS id=[ 288, 974 ] end=1822720 piso=23473152
COUNTS id=[ 288, 975 ] end=1110016 piso=8137728
COUNTS id=[ 288, 976 ] end=1262080 piso=13850496
COUNTS id=[ 288, 977 ] end=2059264 piso=35841024
COUNTS id=[ 288, 978 ] end=221632 piso=2155104
COUNTS id=[ 288, 979 ] end=20736 piso=463104
COUNTS id=[ 288, 980 ] end=23328 piso=916704
COUNTS id=[ 288, 981 ] end=32832 piso=725112
COUNTS id=[ 288, 982 ] end=18144 piso=228960
COUNTS id=[ 288, 983 ] end=9504 piso=97848
COUNTS id=[ 288, 984 ] end=8640 piso=140184
COUNTS id=[ 288, 985 ] end=10368 piso=131544
COUNTS id=[ 288, 986 ] end=19305 piso=300672
COUNTS id=[ 288, 987 ] end=19305 piso=246240
COUNTS id=[ 288, 988 ] end=405504 piso=1649664
COUNTS id=[ 288, 989 ] end=1327104 piso=3870720
COUNTS id=[ 288, 990 ] end=1511424 piso=7916544
COUNTS id=[ 288, 991 ] end=138240 piso=484992
COUNTS id=[ 288, 992 ] end=1368576 piso=7698816
COUNTS id=[ 288, 993 ] end=133632 piso=555264
COUNTS id=[ 288, 994 ] end=230976 piso=828000
COUNTS id=[ 288, 995 ] end=290304 piso=1459584
COUNTS id=[ 288, 996 ] end=161280 piso=550656
COUNTS id=[ 288, 997 ] end=36288 piso=567648
COUNTS id=[ 288, 998 ] end=134784 piso=440640
COUNTS id=[ 288, 999 ] end=240768 piso=776160
COUNTS id=[ 288, 1000 ] end=32256 piso=531936
COUNTS id=[ 288, 1001 ] end=2359296 piso=8257536
COUNTS id=[ 288, 1002 ] end=1363968 piso=10865664
COUNTS id=[ 288, 1003 ] end=6123520 piso=24984576
COUNTS id=[ 288, 1004 ] end=7012352 piso=29491200
COUNTS id=[ 288, 1005 ] end=12980224 piso=78511104
COUNTS id=[ 288, 1006 ] end=824320 piso=4687488
COUNTS id=[ 288, 1007 ] end=7231488 piso=57959424
COUNTS id=[ 288, 1008 ] end=609280 piso=5950080
COUNTS id=[ 288, 1009 ] end=931264 piso=5710176
COUNTS id=[ 288, 1010 ] end=1533952 piso=12026880
COUNTS id=[ 288, 1011 ] end=1776640 piso=10723968
COUNTS id=[ 288, 1012 ] end=348736 piso=6104160
COUNTS id=[ 288, 1013 ] end=712192 piso=4176000
COUNTS id=[ 288, 1014 ] end=1380544 piso=8825184
COUNTS id=[ 288, 1015 ] end=183616 piso=5099616
COUNTS id=[ 288, 1016 ] end=47841280 piso=95551488
COUNTS id=[ 288, 1017 ] end=6590464 piso=32209920
ABELIAN_SKIPPED id=[ 288, 1018 ] reason=known_equality
COUNTS id=[ 288, 1019 ] end=10948608 piso=21150720
COUNTS id=[ 288, 1020 ] end=2322432 piso=3898368
COUNTS id=[ 288, 1021 ] end=1078272 piso=1130112
CLOSEST id=[ 288, 1021 ] end=1078272 piso=1130112 ratio=109/104
COUNTS id=[ 288, 1022 ] end=1902528 piso=1977696
CLOSEST id=[ 288, 1022 ] end=1902528 piso=1977696 ratio=763/734
COUNTS id=[ 288, 1023 ] end=254016 piso=1376352
COUNTS id=[ 288, 1024 ] end=3240 piso=1221408
DONE checked=252 abelian=0 hits=0 reversed=0 skipped_abelian=4 closest=[ 288, 1022 ] min_ratio=763/734 runtime_ms=300287
