{"command": ["/project/gap-4.16.1/gap", "-l", "/project/gap-4.16.1", "-q", "-b", "-T", "-m", "128m", "-o", "4g", "-c", "START_ORDER:=384;;END_ORDER:=384;;START_ID:=19713;;END_ID:=19968;;SKIP_ABELIAN:=true;;LOG_ALL:=true;;", "/project/scripts/search_19_20.g"], "source_hashes": {"scripts/search_19_20.g": "7b6a34e9163b58b0248b3c464ae8070783414cd7d14048136dd0e3547b906318", "scripts/lib_19_20.g": "fbcf2d3c4b0648cc1fa87d6e50fc923133d594c029b8430a365caf596ac7ccd5"}}
PARAMETERS start=384 end=384 start_id=19713 end_id=19968 skip_abelian=true log_all=true
ORDER_START order=384 groups=20169
COUNTS id=[ 384, 19713 ] end=3422208 piso=9024000
CLOSEST id=[ 384, 19713 ] end=3422208 piso=9024000 ratio=5875/2228
COUNTS id=[ 384, 19714 ] end=3422208 piso=9037824
COUNTS id=[ 384, 19715 ] end=692224 piso=12377088
COUNTS id=[ 384, 19716 ] end=323584 piso=27915264
COUNTS id=[ 384, 19717 ] end=765952 piso=11496960
COUNTS id=[ 384, 19718 ] end=6246400 piso=101541888
COUNTS id=[ 384, 19719 ] end=544768 piso=10020864
COUNTS id=[ 384, 19720 ] end=329728 piso=12329472
COUNTS id=[ 384, 19721 ] end=419430400 piso=1207959552
COUNTS id=[ 384, 19722 ] end=234881024 piso=701497344
COUNTS id=[ 384, 19723 ] end=17039360 piso=41054208
CLOSEST id=[ 384, 19723 ] end=17039360 piso=41054208 ratio=771/320
COUNTS id=[ 384, 19724 ] end=529530880 piso=5230559232
COUNTS id=[ 384, 19725 ] end=265289728 piso=1507590144
COUNTS id=[ 384, 19726 ] end=18350080 piso=78495744
COUNTS id=[ 384, 19727 ] end=76546048 piso=773062656
COUNTS id=[ 384, 19728 ] end=222822400 piso=678690816
COUNTS id=[ 384, 19729 ] end=17039360 piso=44003328
COUNTS id=[ 384, 19730 ] end=15466496 piso=32452608
CLOSEST id=[ 384, 19730 ] end=15466496 piso=32452608 ratio=7923/3776
COUNTS id=[ 384, 19731 ] end=237371392 piso=1375137792
COUNTS id=[ 384, 19732 ] end=16285696 piso=67141632
COUNTS id=[ 384, 19733 ] end=10878976 piso=186642432
COUNTS id=[ 384, 19734 ] end=20480000 piso=42061824
CLOSEST id=[ 384, 19734 ] end=20480000 piso=42061824 ratio=10269/5000
COUNTS id=[ 384, 19735 ] end=19619840 piso=34369536
CLOSEST id=[ 384, 19735 ] end=19619840 piso=34369536 ratio=8391/4790
COUNTS id=[ 384, 19736 ] end=2680832 piso=24902016
COUNTS id=[ 384, 19737 ] end=43823104 piso=136157568
COUNTS id=[ 384, 19738 ] end=22220800 piso=61004160
COUNTS id=[ 384, 19739 ] end=3100672 piso=40473984
COUNTS id=[ 384, 19740 ] end=1060864 piso=79915392
COUNTS id=[ 384, 19741 ] end=19558400 piso=33681408
CLOSEST id=[ 384, 19741 ] end=19558400 piso=33681408 ratio=8223/4775
COUNTS id=[ 384, 19742 ] end=2680832 piso=24902016
COUNTS id=[ 384, 19743 ] end=23268352 piso=63489024
COUNTS id=[ 384, 19744 ] end=1887232 piso=47084544
COUNTS id=[ 384, 19745 ] end=448921600 piso=4892393472
COUNTS id=[ 384, 19746 ] end=10616832 piso=78790656
COUNTS id=[ 384, 19747 ] end=217055232 piso=1267544064
COUNTS id=[ 384, 19748 ] end=32415744 piso=97084800
COUNTS id=[ 384, 19749 ] end=226099200 piso=1387266048
COUNTS id=[ 384, 19750 ] end=14417920 piso=74072064
COUNTS id=[ 384, 19751 ] end=221642752 piso=1322889216
COUNTS id=[ 384, 19752 ] end=7340032 piso=156413952
COUNTS id=[ 384, 19753 ] end=16580608 piso=48645504
COUNTS id=[ 384, 19754 ] end=29491200 piso=576454656
COUNTS id=[ 384, 19755 ] end=19791872 piso=96878592
COUNTS id=[ 384, 19756 ] end=11927552 piso=154546176
COUNTS id=[ 384, 19757 ] end=991232 piso=68957568
COUNTS id=[ 384, 19758 ] end=18022400 piso=69255168
COUNTS id=[ 384, 19759 ] end=17350656 piso=62349312
COUNTS id=[ 384, 19760 ] end=41336832 piso=129697152
COUNTS id=[ 384, 19761 ] end=20889600 piso=56558976
COUNTS id=[ 384, 19762 ] end=688128 piso=74093952
COUNTS id=[ 384, 19763 ] end=2795520 piso=36311424
COUNTS id=[ 384, 19764 ] end=220774400 piso=1312677888
COUNTS id=[ 384, 19765 ] end=12877824 piso=59461632
COUNTS id=[ 384, 19766 ] end=36827136 piso=109827456
COUNTS id=[ 384, 19767 ] end=16429056 piso=49923456
COUNTS id=[ 384, 19768 ] end=17495040 piso=50282496
COUNTS id=[ 384, 19769 ] end=11059200 piso=152887296
COUNTS id=[ 384, 19770 ] end=17465344 piso=67719168
COUNTS id=[ 384, 19771 ] end=21041152 piso=57369984
COUNTS id=[ 384, 19772 ] end=790528 piso=68650368
COUNTS id=[ 384, 19773 ] end=1782784 piso=42135552
COUNTS id=[ 384, 19774 ] end=17305600 piso=61820928
COUNTS id=[ 384, 19775 ] end=2795520 piso=36409728
COUNTS id=[ 384, 19776 ] end=21955584 piso=58896384
COUNTS id=[ 384, 19777 ] end=1631232 piso=42811392
COUNTS id=[ 384, 19778 ] end=40793600 piso=120645120
COUNTS id=[ 384, 19779 ] end=2283008 piso=37260288
COUNTS id=[ 384, 19780 ] end=21470720 piso=55489152
COUNTS id=[ 384, 19781 ] end=20800000 piso=54402048
COUNTS id=[ 384, 19782 ] end=2716672 piso=36364800
COUNTS id=[ 384, 19783 ] end=21908992 piso=58237056
COUNTS id=[ 384, 19784 ] end=1553920 piso=42225792
COUNTS id=[ 384, 19785 ] end=960000 piso=68043264
COUNTS id=[ 384, 19786 ] end=3159552 piso=38959104
COUNTS id=[ 384, 19787 ] end=1992192 piso=41526912
COUNTS id=[ 384, 19788 ] end=671088640 piso=1207959552
COUNTS id=[ 384, 19789 ] end=104857600 piso=327155712
COUNTS id=[ 384, 19790 ] end=2147483648 piso=4831838208
COUNTS id=[ 384, 19791 ] end=1275068416 piso=3623878656
COUNTS id=[ 384, 19792 ] end=671088640 piso=3422552064
COUNTS id=[ 384, 19793 ] end=142606336 piso=385351680
COUNTS id=[ 384, 19794 ] end=306184192 piso=1339686912
COUNTS id=[ 384, 19795 ] end=83886080 piso=447873024
COUNTS id=[ 384, 19796 ] end=3892314112 piso=620085903360
COUNTS id=[ 384, 19797 ] end=322961408 piso=2244083712
COUNTS id=[ 384, 19798 ] end=168820736 piso=841482240
COUNTS id=[ 384, 19799 ] end=45744128 piso=261783552
COUNTS id=[ 384, 19800 ] end=332398592 piso=2627469312
COUNTS id=[ 384, 19801 ] end=77987840 piso=463368192
COUNTS id=[ 384, 19802 ] end=105906176 piso=656670720
COUNTS id=[ 384, 19803 ] end=692060160 piso=2497314816
COUNTS id=[ 384, 19804 ] end=144965632 piso=522240000
COUNTS id=[ 384, 19805 ] end=224395264 piso=1912209408
COUNTS id=[ 384, 19806 ] end=87031808 piso=1058537472
COUNTS id=[ 384, 19807 ] end=105906176 piso=695205888
COUNTS id=[ 384, 19808 ] end=500170752 piso=4018667520
COUNTS id=[ 384, 19809 ] end=74940416 piso=472166400
COUNTS id=[ 384, 19810 ] end=3476029440 piso=625298374656
COUNTS id=[ 384, 19811 ] end=230686720 piso=1726611456
COUNTS id=[ 384, 19812 ] end=187695104 piso=1211056128
PROGRESS checked=100 hits=0 reversed=0 runtime_ms=835845
COUNTS id=[ 384, 19813 ] end=81133568 piso=503267328
COUNTS id=[ 384, 19814 ] end=327122944 piso=2777444352
COUNTS id=[ 384, 19815 ] end=86687744 piso=524163072
COUNTS id=[ 384, 19816 ] end=252706816 piso=1411645440
COUNTS id=[ 384, 19817 ] end=10878976 piso=77033472
COUNTS id=[ 384, 19818 ] end=51380224 piso=434896896
COUNTS id=[ 384, 19819 ] end=104857600 piso=279576576
COUNTS id=[ 384, 19820 ] end=20709376 piso=153403392
COUNTS id=[ 384, 19821 ] end=252706816 piso=1437597696
COUNTS id=[ 384, 19822 ] end=101711872 piso=463994880
COUNTS id=[ 384, 19823 ] end=32800768 piso=244199424
COUNTS id=[ 384, 19824 ] end=130023424 piso=770310144
COUNTS id=[ 384, 19825 ] end=10878976 piso=81149952
COUNTS id=[ 384, 19826 ] end=16089088 piso=86863872
COUNTS id=[ 384, 19827 ] end=3112960 piso=78059520
COUNTS id=[ 384, 19828 ] end=9699328 piso=47443968
COUNTS id=[ 384, 19829 ] end=7045120 piso=33681408
COUNTS id=[ 384, 19830 ] end=12320768 piso=45858816
COUNTS id=[ 384, 19831 ] end=219545600 piso=1305636864
COUNTS id=[ 384, 19832 ] end=10944512 piso=35536896
COUNTS id=[ 384, 19833 ] end=5636096 piso=164327424
COUNTS id=[ 384, 19834 ] end=65536000 piso=108822528
CLOSEST id=[ 384, 19834 ] end=65536000 piso=108822528 ratio=3321/2000
COUNTS id=[ 384, 19835 ] end=65142784 piso=89948160
CLOSEST id=[ 384, 19835 ] end=65142784 piso=89948160 ratio=2745/1988
COUNTS id=[ 384, 19836 ] end=13828096 piso=44101632
COUNTS id=[ 384, 19837 ] end=15466496 piso=69206016
COUNTS id=[ 384, 19838 ] end=5636096 piso=169230336
COUNTS id=[ 384, 19839 ] end=9273344 piso=64425984
COUNTS id=[ 384, 19840 ] end=4210688 piso=36478464
COUNTS id=[ 384, 19841 ] end=110231552 piso=652050432
COUNTS id=[ 384, 19842 ] end=222691328 piso=1354186752
COUNTS id=[ 384, 19843 ] end=13893632 piso=70090752
COUNTS id=[ 384, 19844 ] end=11141120 piso=41693184
COUNTS id=[ 384, 19845 ] end=216104960 piso=1261080576
COUNTS id=[ 384, 19846 ] end=9666560 piso=142282752
COUNTS id=[ 384, 19847 ] end=20283392 piso=97161216
COUNTS id=[ 384, 19848 ] end=15521792 piso=47949312
COUNTS id=[ 384, 19849 ] end=18317312 piso=45164544
COUNTS id=[ 384, 19850 ] end=4505600 piso=42952704
COUNTS id=[ 384, 19851 ] end=26574848 piso=74657280
COUNTS id=[ 384, 19852 ] end=27381760 piso=70177152
COUNTS id=[ 384, 19853 ] end=8080384 piso=29819904
COUNTS id=[ 384, 19854 ] end=7057408 piso=35819904
COUNTS id=[ 384, 19855 ] end=63569920 piso=77995008
CLOSEST id=[ 384, 19855 ] end=63569920 piso=77995008 ratio=76167/62080
COUNTS id=[ 384, 19856 ] end=10829824 piso=44673024
COUNTS id=[ 384, 19857 ] end=23314432 piso=71119872
COUNTS id=[ 384, 19858 ] end=32542720 piso=130481664
COUNTS id=[ 384, 19859 ] end=7204864 piso=41664000
COUNTS id=[ 384, 19860 ] end=220758016 piso=1318557696
COUNTS id=[ 384, 19861 ] end=19234816 piso=61484544
COUNTS id=[ 384, 19862 ] end=20934656 piso=45552000
COUNTS id=[ 384, 19863 ] end=1707008 piso=24769536
COUNTS id=[ 384, 19864 ] end=757760 piso=43131264
COUNTS id=[ 384, 19865 ] end=7536640 piso=52558848
COUNTS id=[ 384, 19866 ] end=11239424 piso=49440768
COUNTS id=[ 384, 19867 ] end=1654784 piso=43398144
COUNTS id=[ 384, 19868 ] end=1789952 piso=46751232
COUNTS id=[ 384, 19869 ] end=21082112 piso=51297792
COUNTS id=[ 384, 19870 ] end=4210688 piso=140875776
COUNTS id=[ 384, 19871 ] end=10649600 piso=36908544
COUNTS id=[ 384, 19872 ] end=1337344 piso=30333312
COUNTS id=[ 384, 19873 ] end=2054144 piso=21900672
COUNTS id=[ 384, 19874 ] end=21134336 piso=45081600
COUNTS id=[ 384, 19875 ] end=883712 piso=30299136
COUNTS id=[ 384, 19876 ] end=2281701376 piso=209178329088
COUNTS id=[ 384, 19877 ] end=1347420160 piso=213412478976
ABELIAN_SKIPPED id=[ 384, 19878 ] reason=known_equality
COUNTS id=[ 384, 19879 ] end=3623878656 piso=206762409984
COUNTS id=[ 384, 19880 ] end=603979776 piso=1207959552
COUNTS id=[ 384, 19881 ] end=226492416 piso=259522560
CLOSEST id=[ 384, 19881 ] end=226492416 piso=259522560 ratio=55/48
COUNTS id=[ 384, 19882 ] end=415236096 piso=831651840
COUNTS id=[ 384, 19883 ] end=62914560 piso=92405760
COUNTS id=[ 384, 19884 ] end=39321600 piso=34308096
STRONG_INEQUALITY_COUNTEREXAMPLE id=[ 384, 19884 ] end=39321600 piso=34308096
CLOSEST id=[ 384, 19884 ] end=39321600 piso=34308096 ratio=349/400
COUNTS id=[ 384, 19885 ] end=227278848 piso=428654592
COUNTS id=[ 384, 19886 ] end=18087936 piso=61390848
COUNTS id=[ 384, 19887 ] end=38141952 piso=28016640
STRONG_INEQUALITY_COUNTEREXAMPLE id=[ 384, 19887 ] end=38141952 piso=28016640
CLOSEST id=[ 384, 19887 ] end=38141952 piso=28016640 ratio=285/388
COUNTS id=[ 384, 19888 ] end=21037056 piso=15003648
STRONG_INEQUALITY_COUNTEREXAMPLE id=[ 384, 19888 ] end=21037056 piso=15003648
CLOSEST id=[ 384, 19888 ] end=21037056 piso=15003648 ratio=1221/1712
COUNTS id=[ 384, 19889 ] end=38141952 piso=24566784
STRONG_INEQUALITY_COUNTEREXAMPLE id=[ 384, 19889 ] end=38141952 piso=24566784
CLOSEST id=[ 384, 19889 ] end=38141952 piso=24566784 ratio=7997/12416
COUNTS id=[ 384, 19890 ] end=4521984 piso=15768576
COUNTS id=[ 384, 19891 ] end=3394240512 piso=212739293184
COUNTS id=[ 384, 19892 ] end=339738624 piso=1102184448
COUNTS id=[ 384, 19893 ] end=125829120 piso=281149440
COUNTS id=[ 384, 19894 ] end=210763776 piso=539492352
COUNTS id=[ 384, 19895 ] end=109707264 piso=235438080
COUNTS id=[ 384, 19896 ] end=217055232 piso=471859200
COUNTS id=[ 384, 19897 ] end=15728640 piso=47185920
COUNTS id=[ 384, 19898 ] end=110100480 piso=132513792
COUNTS id=[ 384, 19899 ] end=9437184 piso=11255808
COUNTS id=[ 384, 19900 ] end=581959680 piso=2096627712
COUNTS id=[ 384, 19901 ] end=103809024 piso=202899456
COUNTS id=[ 384, 19902 ] end=20447232 piso=32243712
COUNTS id=[ 384, 19903 ] end=6291456 piso=12976128
COUNTS id=[ 384, 19904 ] end=3932160 piso=7895040
COUNTS id=[ 384, 19905 ] end=309854208 piso=934625280
COUNTS id=[ 384, 19906 ] end=213516288 piso=454508544
COUNTS id=[ 384, 19907 ] end=10616832 piso=52838400
COUNTS id=[ 384, 19908 ] end=18087936 piso=32538624
COUNTS id=[ 384, 19909 ] end=16711680 piso=23113728
COUNTS id=[ 384, 19910 ] end=106954752 piso=122585088
COUNTS id=[ 384, 19911 ] end=9437184 piso=10960896
COUNTS id=[ 384, 19912 ] end=15728640 piso=17842176
COUNTS id=[ 384, 19913 ] end=3538944 piso=7618560
PROGRESS checked=200 hits=0 reversed=4 runtime_ms=1621428
COUNTS id=[ 384, 19914 ] end=9437184 piso=8601600
STRONG_INEQUALITY_COUNTEREXAMPLE id=[ 384, 19914 ] end=9437184 piso=8601600
COUNTS id=[ 384, 19915 ] end=3588096 piso=3606528
COUNTS id=[ 384, 19916 ] end=105381888 piso=124993536
COUNTS id=[ 384, 19917 ] end=6291456 piso=13271040
COUNTS id=[ 384, 19918 ] end=3735552 piso=7876608
COUNTS id=[ 384, 19919 ] end=12361728 piso=9286656
STRONG_INEQUALITY_COUNTEREXAMPLE id=[ 384, 19919 ] end=12361728 piso=9286656
COUNTS id=[ 384, 19920 ] end=6709248 piso=5680128
STRONG_INEQUALITY_COUNTEREXAMPLE id=[ 384, 19920 ] end=6709248 piso=5680128
COUNTS id=[ 384, 19921 ] end=540672 piso=3578880
COUNTS id=[ 384, 19922 ] end=441286656 piso=1710710784
COUNTS id=[ 384, 19923 ] end=209289216 piso=433201152
COUNTS id=[ 384, 19924 ] end=15040512 piso=29270016
COUNTS id=[ 384, 19925 ] end=14647296 piso=52617216
COUNTS id=[ 384, 19926 ] end=44728320 piso=149889024
COUNTS id=[ 384, 19927 ] end=23691264 piso=40329216
COUNTS id=[ 384, 19928 ] end=21166080 piso=26979840
COUNTS id=[ 384, 19929 ] end=103907328 piso=116858880
COUNTS id=[ 384, 19930 ] end=6389760 piso=8921088
COUNTS id=[ 384, 19931 ] end=12484608 piso=14721024
COUNTS id=[ 384, 19932 ] end=8355840 piso=15114240
COUNTS id=[ 384, 19933 ] end=13074432 piso=14376960
COUNTS id=[ 384, 19934 ] end=6586368 piso=8282112
COUNTS id=[ 384, 19935 ] end=6506496 piso=5260800
STRONG_INEQUALITY_COUNTEREXAMPLE id=[ 384, 19935 ] end=6506496 piso=5260800
COUNTS id=[ 384, 19936 ] end=3637248 piso=15556608
COUNTS id=[ 384, 19937 ] end=16613376 piso=43966464
COUNTS id=[ 384, 19938 ] end=2279424 piso=7613952
COUNTS id=[ 384, 19939 ] end=13074432 piso=14376960
COUNTS id=[ 384, 19940 ] end=890880 piso=4400640
COUNTS id=[ 384, 19941 ] end=12460032 piso=10039296
STRONG_INEQUALITY_COUNTEREXAMPLE id=[ 384, 19941 ] end=12460032 piso=10039296
COUNTS id=[ 384, 19942 ] end=663552 piso=4608000
COUNTS id=[ 384, 19943 ] end=1523712 piso=8171520
COUNTS id=[ 384, 19944 ] end=219758592 piso=480466944
COUNTS id=[ 384, 19945 ] end=23199744 piso=22996992
STRONG_INEQUALITY_COUNTEREXAMPLE id=[ 384, 19945 ] end=23199744 piso=22996992
COUNTS id=[ 384, 19946 ] end=4521984 piso=57071616
COUNTS id=[ 384, 19947 ] end=10567680 piso=19507200
COUNTS id=[ 384, 19948 ] end=30621696 piso=34192896
COUNTS id=[ 384, 19949 ] end=10518528 piso=18009600
COUNTS id=[ 384, 19950 ] end=106856448 piso=120102912
COUNTS id=[ 384, 19951 ] end=9265152 piso=5369856
STRONG_INEQUALITY_COUNTEREXAMPLE id=[ 384, 19951 ] end=9265152 piso=5369856
CLOSEST id=[ 384, 19951 ] end=9265152 piso=5369856 ratio=437/754
COUNTS id=[ 384, 19952 ] end=3661824 piso=6125568
COUNTS id=[ 384, 19953 ] end=3588096 piso=3704832
COUNTS id=[ 384, 19954 ] end=9535488 piso=5918208
STRONG_INEQUALITY_COUNTEREXAMPLE id=[ 384, 19954 ] end=9535488 piso=5918208
COUNTS id=[ 384, 19955 ] end=3366912 piso=3878400
COUNTS id=[ 384, 19956 ] end=34209792 piso=39650304
COUNTS id=[ 384, 19957 ] end=1966080 piso=23110656
COUNTS id=[ 384, 19958 ] end=42332160 piso=63567360
COUNTS id=[ 384, 19959 ] end=2420736 piso=24516096
COUNTS id=[ 384, 19960 ] end=20041728 piso=20436480
COUNTS id=[ 384, 19961 ] end=8601600 piso=9126912
COUNTS id=[ 384, 19962 ] end=1130496 piso=11019264
COUNTS id=[ 384, 19963 ] end=3846144 piso=10372608
COUNTS id=[ 384, 19964 ] end=602112 piso=5838336
COUNTS id=[ 384, 19965 ] end=12337152 piso=7652352
STRONG_INEQUALITY_COUNTEREXAMPLE id=[ 384, 19965 ] end=12337152 piso=7652352
COUNTS id=[ 384, 19966 ] end=6709248 piso=5716992
STRONG_INEQUALITY_COUNTEREXAMPLE id=[ 384, 19966 ] end=6709248 piso=5716992
COUNTS id=[ 384, 19967 ] end=540672 piso=3517440
COUNTS id=[ 384, 19968 ] end=12693504 piso=10311168
STRONG_INEQUALITY_COUNTEREXAMPLE id=[ 384, 19968 ] end=12693504 piso=10311168
DONE checked=255 abelian=0 hits=0 reversed=15 skipped_abelian=1 closest=[ 384, 19951 ] min_ratio=437/754 runtime_ms=1960995
