PARAMETERS start=256 end=256 start_id=17531 end_id=21036 skip_abelian=true log_all=true
ORDER_START order=256 groups=56092
COUNTS id=[ 256, 17531 ] end=344064 piso=5342208
CLOSEST id=[ 256, 17531 ] end=344064 piso=5342208 ratio=1739/112
COUNTS id=[ 256, 17532 ] end=557056 piso=9806848
COUNTS id=[ 256, 17533 ] end=344064 piso=8471552
COUNTS id=[ 256, 17534 ] end=344064 piso=5571584
COUNTS id=[ 256, 17535 ] end=524288 piso=6579200
CLOSEST id=[ 256, 17535 ] end=524288 piso=6579200 ratio=6425/512
COUNTS id=[ 256, 17536 ] end=344064 piso=8520704
COUNTS id=[ 256, 17537 ] end=524288 piso=9446400
COUNTS id=[ 256, 17538 ] end=1376256 piso=85785088
COUNTS id=[ 256, 17539 ] end=1114112 piso=81205760
COUNTS id=[ 256, 17540 ] end=1114112 piso=81213952
COUNTS id=[ 256, 17541 ] end=1376256 piso=85776896
COUNTS id=[ 256, 17542 ] end=1081344 piso=70904320
COUNTS id=[ 256, 17543 ] end=1343488 piso=75573760
COUNTS id=[ 256, 17544 ] end=1081344 piso=80640512
COUNTS id=[ 256, 17545 ] end=1343488 piso=85203456
COUNTS id=[ 256, 17546 ] end=1343488 piso=85211648
COUNTS id=[ 256, 17547 ] end=1081344 piso=80632320
COUNTS id=[ 256, 17548 ] end=1327104 piso=75049472
COUNTS id=[ 256, 17549 ] end=1064960 piso=70380032
COUNTS id=[ 256, 17550 ] end=589824 piso=7463424
COUNTS id=[ 256, 17551 ] end=327680 piso=5546496
COUNTS id=[ 256, 17552 ] end=327680 piso=5571072
COUNTS id=[ 256, 17553 ] end=589824 piso=7438848
COUNTS id=[ 256, 17554 ] end=327680 piso=5571072
COUNTS id=[ 256, 17555 ] end=589824 piso=7438848
COUNTS id=[ 256, 17556 ] end=589824 piso=7463424
COUNTS id=[ 256, 17557 ] end=327680 piso=5546496
COUNTS id=[ 256, 17558 ] end=499712 piso=5146624
CLOSEST id=[ 256, 17558 ] end=499712 piso=5146624 ratio=2513/244
COUNTS id=[ 256, 17559 ] end=319488 piso=4073472
COUNTS id=[ 256, 17560 ] end=319488 piso=4073472
COUNTS id=[ 256, 17561 ] end=499712 piso=5146624
COUNTS id=[ 256, 17562 ] end=315392 piso=2906112
CLOSEST id=[ 256, 17562 ] end=315392 piso=2906112 ratio=129/14
COUNTS id=[ 256, 17563 ] end=495616 piso=4028416
CLOSEST id=[ 256, 17563 ] end=495616 piso=4028416 ratio=1967/242
COUNTS id=[ 256, 17564 ] end=278528 piso=5936128
COUNTS id=[ 256, 17565 ] end=98304 piso=4936704
COUNTS id=[ 256, 17566 ] end=278528 piso=5854208
COUNTS id=[ 256, 17567 ] end=98304 piso=4789248
COUNTS id=[ 256, 17568 ] end=98304 piso=5329920
COUNTS id=[ 256, 17569 ] end=278528 piso=5198848
COUNTS id=[ 256, 17570 ] end=98304 piso=5248000
COUNTS id=[ 256, 17571 ] end=278528 piso=5116928
COUNTS id=[ 256, 17572 ] end=81920 piso=2210816
COUNTS id=[ 256, 17573 ] end=262144 piso=2776064
COUNTS id=[ 256, 17574 ] end=81920 piso=2243584
COUNTS id=[ 256, 17575 ] end=262144 piso=2808832
COUNTS id=[ 256, 17576 ] end=81920 piso=3021824
COUNTS id=[ 256, 17577 ] end=262144 piso=3472384
COUNTS id=[ 256, 17578 ] end=81920 piso=2841600
COUNTS id=[ 256, 17579 ] end=262144 piso=3292160
COUNTS id=[ 256, 17580 ] end=278528 piso=3740672
COUNTS id=[ 256, 17581 ] end=98304 piso=2823168
COUNTS id=[ 256, 17582 ] end=278528 piso=3757056
COUNTS id=[ 256, 17583 ] end=98304 piso=2872320
COUNTS id=[ 256, 17584 ] end=98304 piso=3052544
COUNTS id=[ 256, 17585 ] end=278528 piso=3232768
COUNTS id=[ 256, 17586 ] end=98304 piso=3068928
COUNTS id=[ 256, 17587 ] end=278528 piso=3281920
COUNTS id=[ 256, 17588 ] end=278528 piso=8161792
COUNTS id=[ 256, 17589 ] end=98304 piso=7830016
COUNTS id=[ 256, 17590 ] end=98304 piso=7838208
COUNTS id=[ 256, 17591 ] end=278528 piso=8153600
COUNTS id=[ 256, 17592 ] end=81920 piso=3140096
COUNTS id=[ 256, 17593 ] end=262144 piso=3643904
COUNTS id=[ 256, 17594 ] end=98304 piso=7805440
COUNTS id=[ 256, 17595 ] end=278528 piso=8120832
COUNTS id=[ 256, 17596 ] end=278528 piso=8129024
COUNTS id=[ 256, 17597 ] end=98304 piso=7797248
COUNTS id=[ 256, 17598 ] end=262144 piso=3643904
COUNTS id=[ 256, 17599 ] end=81920 piso=3140096
COUNTS id=[ 256, 17600 ] end=262144 piso=3502592
COUNTS id=[ 256, 17601 ] end=81920 piso=3080704
COUNTS id=[ 256, 17602 ] end=81920 piso=3039744
COUNTS id=[ 256, 17603 ] end=262144 piso=3543552
COUNTS id=[ 256, 17604 ] end=81920 piso=3039744
COUNTS id=[ 256, 17605 ] end=262144 piso=3543552
COUNTS id=[ 256, 17606 ] end=262144 piso=3502592
COUNTS id=[ 256, 17607 ] end=81920 piso=3080704
COUNTS id=[ 256, 17608 ] end=253952 piso=2164736
COUNTS id=[ 256, 17609 ] end=73728 piso=1714176
COUNTS id=[ 256, 17610 ] end=73728 piso=1714176
COUNTS id=[ 256, 17611 ] end=253952 piso=2164736
COUNTS id=[ 256, 17612 ] end=69632 piso=1013760
COUNTS id=[ 256, 17613 ] end=249856 piso=1513472
CLOSEST id=[ 256, 17613 ] end=249856 piso=1513472 ratio=739/122
COUNTS id=[ 256, 17614 ] end=954368 piso=12271104
COUNTS id=[ 256, 17615 ] end=315392 piso=4509184
COUNTS id=[ 256, 17616 ] end=765952 piso=8990208
COUNTS id=[ 256, 17617 ] end=176128 piso=3161600
COUNTS id=[ 256, 17618 ] end=258048 piso=3771904
COUNTS id=[ 256, 17619 ] end=520192 piso=5783040
COUNTS id=[ 256, 17620 ] end=167936 piso=4013568
COUNTS id=[ 256, 17621 ] end=380928 piso=3894784
COUNTS id=[ 256, 17622 ] end=503808 piso=6108672
COUNTS id=[ 256, 17623 ] end=364544 piso=3892736
COUNTS id=[ 256, 17624 ] end=299008 piso=3569152
COUNTS id=[ 256, 17625 ] end=159744 piso=2827776
COUNTS id=[ 256, 17626 ] end=503808 piso=6227456
COUNTS id=[ 256, 17627 ] end=364544 piso=3896832
COUNTS id=[ 256, 17628 ] end=299008 piso=3737088
COUNTS id=[ 256, 17629 ] end=159744 piso=2881024
COUNTS id=[ 256, 17630 ] end=823296 piso=12140032
PROGRESS checked=100 hits=0 reversed=0 runtime_ms=240694
COUNTS id=[ 256, 17631 ] end=315392 piso=4337152
COUNTS id=[ 256, 17632 ] end=684032 piso=8973824
COUNTS id=[ 256, 17633 ] end=176128 piso=3137024
COUNTS id=[ 256, 17634 ] end=176128 piso=3550720
COUNTS id=[ 256, 17635 ] end=520192 piso=5635584
COUNTS id=[ 256, 17636 ] end=36864 piso=3907072
COUNTS id=[ 256, 17637 ] end=380928 piso=3862016
COUNTS id=[ 256, 17638 ] end=802816 piso=10094080
COUNTS id=[ 256, 17639 ] end=311296 piso=4929024
COUNTS id=[ 256, 17640 ] end=163840 piso=3962368
COUNTS id=[ 256, 17641 ] end=589824 piso=6415872
COUNTS id=[ 256, 17642 ] end=442368 piso=5850624
COUNTS id=[ 256, 17643 ] end=262144 piso=3646976
COUNTS id=[ 256, 17644 ] end=442368 piso=5850624
COUNTS id=[ 256, 17645 ] end=262144 piso=3646976
COUNTS id=[ 256, 17646 ] end=737280 piso=10094080
COUNTS id=[ 256, 17647 ] end=278528 piso=4929024
COUNTS id=[ 256, 17648 ] end=98304 piso=3962368
COUNTS id=[ 256, 17649 ] end=557056 piso=6415872
COUNTS id=[ 256, 17650 ] end=688128 piso=7990784
COUNTS id=[ 256, 17651 ] end=442368 piso=4484608
COUNTS id=[ 256, 17652 ] end=81920 piso=2641408
COUNTS id=[ 256, 17653 ] end=262144 piso=2694656
COUNTS id=[ 256, 17654 ] end=262144 piso=3259904
COUNTS id=[ 256, 17655 ] end=442368 piso=4484608
COUNTS id=[ 256, 17656 ] end=507904 piso=4775424
COUNTS id=[ 256, 17657 ] end=262144 piso=2694656
COUNTS id=[ 256, 17658 ] end=510976 piso=4439552
COUNTS id=[ 256, 17659 ] end=166912 piso=1703424
COUNTS id=[ 256, 17660 ] end=27648 piso=1654272
COUNTS id=[ 256, 17661 ] end=371712 piso=2571776
COUNTS id=[ 256, 17662 ] end=302080 piso=2190848
COUNTS id=[ 256, 17663 ] end=162816 piso=1265152
COUNTS id=[ 256, 17664 ] end=348160 piso=4824576
COUNTS id=[ 256, 17665 ] end=315392 piso=4353536
COUNTS id=[ 256, 17666 ] end=192512 piso=3280384
COUNTS id=[ 256, 17667 ] end=176128 piso=2825728
COUNTS id=[ 256, 17668 ] end=192512 piso=3157504
COUNTS id=[ 256, 17669 ] end=176128 piso=2850304
COUNTS id=[ 256, 17670 ] end=69632 piso=3169792
COUNTS id=[ 256, 17671 ] end=36864 piso=2944512
COUNTS id=[ 256, 17672 ] end=299008 piso=3991040
COUNTS id=[ 256, 17673 ] end=159744 piso=2405888
COUNTS id=[ 256, 17674 ] end=159744 piso=2340352
COUNTS id=[ 256, 17675 ] end=20480 piso=2328064
COUNTS id=[ 256, 17676 ] end=299008 piso=4208128
COUNTS id=[ 256, 17677 ] end=159744 piso=2524672
COUNTS id=[ 256, 17678 ] end=159744 piso=2549248
COUNTS id=[ 256, 17679 ] end=20480 piso=2438656
COUNTS id=[ 256, 17680 ] end=315392 piso=4546048
COUNTS id=[ 256, 17681 ] end=315392 piso=4197888
COUNTS id=[ 256, 17682 ] end=176128 piso=3116544
COUNTS id=[ 256, 17683 ] end=176128 piso=2784768
COUNTS id=[ 256, 17684 ] end=176128 piso=2887168
COUNTS id=[ 256, 17685 ] end=176128 piso=2735616
COUNTS id=[ 256, 17686 ] end=36864 piso=3014144
COUNTS id=[ 256, 17687 ] end=36864 piso=2911744
COUNTS id=[ 256, 17688 ] end=278528 piso=4847104
COUNTS id=[ 256, 17689 ] end=278528 piso=4838912
COUNTS id=[ 256, 17690 ] end=98304 piso=3692032
COUNTS id=[ 256, 17691 ] end=98304 piso=3683840
COUNTS id=[ 256, 17692 ] end=262144 piso=4417024
COUNTS id=[ 256, 17693 ] end=81920 piso=3053056
COUNTS id=[ 256, 17694 ] end=262144 piso=4417024
COUNTS id=[ 256, 17695 ] end=81920 piso=3053056
COUNTS id=[ 256, 17696 ] end=278528 piso=4806144
COUNTS id=[ 256, 17697 ] end=278528 piso=4814336
COUNTS id=[ 256, 17698 ] end=98304 piso=3651072
COUNTS id=[ 256, 17699 ] end=98304 piso=3659264
COUNTS id=[ 256, 17700 ] end=262144 piso=3112448
COUNTS id=[ 256, 17701 ] end=262144 piso=3096064
COUNTS id=[ 256, 17702 ] end=81920 piso=2264576
COUNTS id=[ 256, 17703 ] end=81920 piso=2113024
COUNTS id=[ 256, 17704 ] end=262144 piso=3112448
COUNTS id=[ 256, 17705 ] end=262144 piso=3096064
COUNTS id=[ 256, 17706 ] end=81920 piso=2264576
COUNTS id=[ 256, 17707 ] end=81920 piso=2113024
COUNTS id=[ 256, 17708 ] end=166912 piso=1457664
COUNTS id=[ 256, 17709 ] end=166912 piso=1457664
COUNTS id=[ 256, 17710 ] end=27648 piso=1121792
COUNTS id=[ 256, 17711 ] end=27648 piso=1121792
COUNTS id=[ 256, 17712 ] end=162816 piso=1228288
COUNTS id=[ 256, 17713 ] end=23552 piso=728576
COUNTS id=[ 256, 17714 ] end=1183744 piso=15838720
COUNTS id=[ 256, 17715 ] end=364544 piso=8027648
COUNTS id=[ 256, 17716 ] end=987136 piso=9932288
COUNTS id=[ 256, 17717 ] end=217088 piso=3825152
COUNTS id=[ 256, 17718 ] end=331776 piso=7036416
COUNTS id=[ 256, 17719 ] end=610304 piso=8179200
COUNTS id=[ 256, 17720 ] end=233472 piso=5307904
COUNTS id=[ 256, 17721 ] end=462848 piso=4746752
COUNTS id=[ 256, 17722 ] end=413696 piso=4380160
COUNTS id=[ 256, 17723 ] end=561152 piso=9008640
COUNTS id=[ 256, 17724 ] end=167936 piso=3560960
COUNTS id=[ 256, 17725 ] end=315392 piso=5649920
COUNTS id=[ 256, 17726 ] end=561152 piso=9586176
COUNTS id=[ 256, 17727 ] end=413696 piso=4564480
COUNTS id=[ 256, 17728 ] end=315392 piso=6374912
COUNTS id=[ 256, 17729 ] end=167936 piso=3794432
COUNTS id=[ 256, 17730 ] end=839680 piso=9735680
PROGRESS checked=200 hits=0 reversed=0 runtime_ms=464973
COUNTS id=[ 256, 17731 ] end=184320 piso=3620352
COUNTS id=[ 256, 17732 ] end=987136 piso=15248896
COUNTS id=[ 256, 17733 ] end=331776 piso=7364096
COUNTS id=[ 256, 17734 ] end=36864 piso=5021184
COUNTS id=[ 256, 17735 ] end=430080 piso=4533760
COUNTS id=[ 256, 17736 ] end=184320 piso=6127104
COUNTS id=[ 256, 17737 ] end=577536 piso=7540224
COUNTS id=[ 256, 17738 ] end=1064960 piso=10954240
COUNTS id=[ 256, 17739 ] end=409600 piso=5707264
COUNTS id=[ 256, 17740 ] end=262144 piso=4822528
COUNTS id=[ 256, 17741 ] end=786432 piso=7194112
COUNTS id=[ 256, 17742 ] end=524288 piso=6604288
COUNTS id=[ 256, 17743 ] end=311296 piso=4400640
COUNTS id=[ 256, 17744 ] end=507904 piso=6080000
COUNTS id=[ 256, 17745 ] end=294912 piso=3876352
COUNTS id=[ 256, 17746 ] end=966656 piso=10429952
COUNTS id=[ 256, 17747 ] end=344064 piso=5182976
COUNTS id=[ 256, 17748 ] end=163840 piso=4298240
COUNTS id=[ 256, 17749 ] end=720896 piso=6669824
COUNTS id=[ 256, 17750 ] end=819200 piso=8289792
COUNTS id=[ 256, 17751 ] end=507904 piso=4763136
COUNTS id=[ 256, 17752 ] end=81920 piso=2940416
COUNTS id=[ 256, 17753 ] end=294912 piso=2973184
COUNTS id=[ 256, 17754 ] end=294912 piso=3517952
COUNTS id=[ 256, 17755 ] end=507904 piso=4763136
COUNTS id=[ 256, 17756 ] end=606208 piso=5033472
COUNTS id=[ 256, 17757 ] end=294912 piso=2973184
COUNTS id=[ 256, 17758 ] end=584704 piso=4623872
COUNTS id=[ 256, 17759 ] end=183296 piso=1854976
COUNTS id=[ 256, 17760 ] end=44032 piso=1838592
COUNTS id=[ 256, 17761 ] end=429056 piso=2723328
COUNTS id=[ 256, 17762 ] end=318464 piso=2334208
COUNTS id=[ 256, 17763 ] end=171008 piso=1408512
COUNTS id=[ 256, 17764 ] end=536576 piso=7384064
COUNTS id=[ 256, 17765 ] end=446464 piso=4242432
COUNTS id=[ 256, 17766 ] end=741376 piso=6976512
COUNTS id=[ 256, 17767 ] end=184320 piso=3568640
COUNTS id=[ 256, 17768 ] end=921600 piso=10294272
COUNTS id=[ 256, 17769 ] end=282624 piso=6788096
COUNTS id=[ 256, 17770 ] end=856064 piso=9786368
COUNTS id=[ 256, 17771 ] end=217088 piso=6280192
COUNTS id=[ 256, 17772 ] end=741376 piso=6534144
COUNTS id=[ 256, 17773 ] end=184320 piso=3126272
COUNTS id=[ 256, 17774 ] end=446464 piso=3849216
COUNTS id=[ 256, 17775 ] end=503808 piso=6925312
COUNTS id=[ 256, 17776 ] end=446464 piso=4733952
COUNTS id=[ 256, 17777 ] end=487424 piso=4852736
COUNTS id=[ 256, 17778 ] end=765952 piso=7447552
COUNTS id=[ 256, 17779 ] end=167936 piso=4035584
COUNTS id=[ 256, 17780 ] end=765952 piso=7488512
COUNTS id=[ 256, 17781 ] end=167936 piso=4076544
COUNTS id=[ 256, 17782 ] end=487424 piso=4844544
COUNTS id=[ 256, 17783 ] end=446464 piso=4725760
COUNTS id=[ 256, 17784 ] end=202752 piso=1290240
COUNTS id=[ 256, 17785 ] end=370688 piso=2369536
COUNTS id=[ 256, 17786 ] end=43008 piso=1230848
COUNTS id=[ 256, 17787 ] end=370688 piso=2369536
COUNTS id=[ 256, 17788 ] end=43008 piso=1230848
COUNTS id=[ 256, 17789 ] end=202752 piso=1290240
COUNTS id=[ 256, 17790 ] end=310272 piso=1894912
COUNTS id=[ 256, 17791 ] end=531456 piso=3410432
COUNTS id=[ 256, 17792 ] end=105472 piso=1608192
COUNTS id=[ 256, 17793 ] end=306176 piso=1808896
CLOSEST id=[ 256, 17793 ] end=306176 piso=1808896 ratio=3533/598
COUNTS id=[ 256, 17794 ] end=523264 piso=3324416
COUNTS id=[ 256, 17795 ] end=97280 piso=1522176
COUNTS id=[ 256, 17796 ] end=184320 piso=1313408
COUNTS id=[ 256, 17797 ] end=333824 piso=2356864
COUNTS id=[ 256, 17798 ] end=38912 piso=1437312
COUNTS id=[ 256, 17799 ] end=430080 piso=8457728
COUNTS id=[ 256, 17800 ] end=364544 piso=7773696
COUNTS id=[ 256, 17801 ] end=299008 piso=4173312
COUNTS id=[ 256, 17802 ] end=249856 piso=3407360
COUNTS id=[ 256, 17803 ] end=266240 piso=6077952
COUNTS id=[ 256, 17804 ] end=249856 piso=5557760
COUNTS id=[ 256, 17805 ] end=167936 piso=4234752
COUNTS id=[ 256, 17806 ] end=135168 piso=3599872
COUNTS id=[ 256, 17807 ] end=184320 piso=2979328
COUNTS id=[ 256, 17808 ] end=299008 piso=6977024
COUNTS id=[ 256, 17809 ] end=69632 piso=2999808
COUNTS id=[ 256, 17810 ] end=184320 piso=4539904
COUNTS id=[ 256, 17811 ] end=299008 piso=7816704
COUNTS id=[ 256, 17812 ] end=184320 piso=3294720
COUNTS id=[ 256, 17813 ] end=184320 piso=5404160
COUNTS id=[ 256, 17814 ] end=69632 piso=3307008
COUNTS id=[ 256, 17815 ] end=282624 piso=3730944
COUNTS id=[ 256, 17816 ] end=249856 piso=3251712
COUNTS id=[ 256, 17817 ] end=397312 piso=7507456
COUNTS id=[ 256, 17818 ] end=364544 piso=7142912
COUNTS id=[ 256, 17819 ] end=135168 piso=3784192
COUNTS id=[ 256, 17820 ] end=135168 piso=3468800
COUNTS id=[ 256, 17821 ] end=249856 piso=5119488
COUNTS id=[ 256, 17822 ] end=249856 piso=4886016
COUNTS id=[ 256, 17823 ] end=376832 piso=5559808
COUNTS id=[ 256, 17824 ] end=376832 piso=5551616
COUNTS id=[ 256, 17825 ] end=229376 piso=4404736
COUNTS id=[ 256, 17826 ] end=229376 piso=4396544
COUNTS id=[ 256, 17827 ] end=278528 piso=5121536
COUNTS id=[ 256, 17828 ] end=131072 piso=3757568
COUNTS id=[ 256, 17829 ] end=262144 piso=4597248
COUNTS id=[ 256, 17830 ] end=114688 piso=3233280
PROGRESS checked=300 hits=0 reversed=0 runtime_ms=710575
COUNTS id=[ 256, 17831 ] end=344064 piso=4978176
COUNTS id=[ 256, 17832 ] end=344064 piso=4986368
COUNTS id=[ 256, 17833 ] end=196608 piso=3823104
COUNTS id=[ 256, 17834 ] end=196608 piso=3831296
COUNTS id=[ 256, 17835 ] end=311296 piso=3333632
COUNTS id=[ 256, 17836 ] end=262144 piso=3317248
COUNTS id=[ 256, 17837 ] end=163840 piso=2485760
COUNTS id=[ 256, 17838 ] end=114688 piso=2334208
COUNTS id=[ 256, 17839 ] end=311296 piso=3333632
COUNTS id=[ 256, 17840 ] end=262144 piso=3317248
COUNTS id=[ 256, 17841 ] end=163840 piso=2485760
COUNTS id=[ 256, 17842 ] end=114688 piso=2334208
COUNTS id=[ 256, 17843 ] end=216064 piso=1576448
COUNTS id=[ 256, 17844 ] end=216064 piso=1576448
COUNTS id=[ 256, 17845 ] end=101376 piso=1240576
COUNTS id=[ 256, 17846 ] end=101376 piso=1240576
COUNTS id=[ 256, 17847 ] end=162816 piso=1347072
COUNTS id=[ 256, 17848 ] end=48128 piso=847360
COUNTS id=[ 256, 17849 ] end=2486272 piso=145339392
COUNTS id=[ 256, 17850 ] end=438272 piso=6368256
COUNTS id=[ 256, 17851 ] end=192512 piso=18985984
COUNTS id=[ 256, 17852 ] end=438272 piso=6368256
COUNTS id=[ 256, 17853 ] end=2486272 piso=145339392
COUNTS id=[ 256, 17854 ] end=438272 piso=6368256
COUNTS id=[ 256, 17855 ] end=192512 piso=18985984
COUNTS id=[ 256, 17856 ] end=438272 piso=6368256
COUNTS id=[ 256, 17857 ] end=2469888 piso=143543296
COUNTS id=[ 256, 17858 ] end=438272 piso=5182464
COUNTS id=[ 256, 17859 ] end=176128 piso=16632832
COUNTS id=[ 256, 17860 ] end=438272 piso=5182464
COUNTS id=[ 256, 17861 ] end=2469888 piso=143543296
COUNTS id=[ 256, 17862 ] end=438272 piso=5182464
COUNTS id=[ 256, 17863 ] end=176128 piso=16632832
COUNTS id=[ 256, 17864 ] end=438272 piso=5182464
COUNTS id=[ 256, 17865 ] end=438272 piso=8461312
COUNTS id=[ 256, 17866 ] end=2453504 piso=143246336
COUNTS id=[ 256, 17867 ] end=438272 piso=8461312
COUNTS id=[ 256, 17868 ] end=159744 piso=16335872
COUNTS id=[ 256, 17869 ] end=438272 piso=8461312
COUNTS id=[ 256, 17870 ] end=2453504 piso=143246336
COUNTS id=[ 256, 17871 ] end=438272 piso=8461312
COUNTS id=[ 256, 17872 ] end=159744 piso=16335872
COUNTS id=[ 256, 17873 ] end=438272 piso=6218752
COUNTS id=[ 256, 17874 ] end=2453504 piso=142547968
COUNTS id=[ 256, 17875 ] end=438272 piso=6218752
COUNTS id=[ 256, 17876 ] end=159744 piso=15080448
COUNTS id=[ 256, 17877 ] end=438272 piso=6218752
COUNTS id=[ 256, 17878 ] end=2453504 piso=142547968
COUNTS id=[ 256, 17879 ] end=438272 piso=6218752
COUNTS id=[ 256, 17880 ] end=159744 piso=15080448
COUNTS id=[ 256, 17881 ] end=2564096 piso=149171200
COUNTS id=[ 256, 17882 ] end=253952 piso=15913984
COUNTS id=[ 256, 17883 ] end=499712 piso=9268224
COUNTS id=[ 256, 17884 ] end=516096 piso=6382592
COUNTS id=[ 256, 17885 ] end=2482176 piso=149091328
COUNTS id=[ 256, 17886 ] end=303104 piso=16018432
COUNTS id=[ 256, 17887 ] end=516096 piso=9290752
COUNTS id=[ 256, 17888 ] end=499712 piso=6253568
COUNTS id=[ 256, 17889 ] end=2342912 piso=138085376
COUNTS id=[ 256, 17890 ] end=81920 piso=15948800
COUNTS id=[ 256, 17891 ] end=327680 piso=6222848
COUNTS id=[ 256, 17892 ] end=327680 piso=4373504
COUNTS id=[ 256, 17893 ] end=2310144 piso=137993216
COUNTS id=[ 256, 17894 ] end=147456 piso=16049152
COUNTS id=[ 256, 17895 ] end=327680 piso=6290432
COUNTS id=[ 256, 17896 ] end=327680 piso=4248576
COUNTS id=[ 256, 17897 ] end=2482176 piso=149089280
COUNTS id=[ 256, 17898 ] end=270336 piso=16020480
COUNTS id=[ 256, 17899 ] end=516096 piso=9288704
COUNTS id=[ 256, 17900 ] end=499712 piso=6255616
COUNTS id=[ 256, 17901 ] end=2498560 piso=149169152
COUNTS id=[ 256, 17902 ] end=253952 piso=15916032
