{"command": ["/project/gap-4.16.1/gap", "-l", "/project/gap-4.16.1", "-q", "-b", "-T", "-m", "128m", "-o", "4g", "-c", "START_ORDER:=384;;END_ORDER:=384;;START_ID:=4097;;END_ID:=4352;;SKIP_ABELIAN:=true;;LOG_ALL:=true;;", "/project/scripts/search_19_20.g"], "source_hashes": {"scripts/search_19_20.g": "7b6a34e9163b58b0248b3c464ae8070783414cd7d14048136dd0e3547b906318", "scripts/lib_19_20.g": "fbcf2d3c4b0648cc1fa87d6e50fc923133d594c029b8430a365caf596ac7ccd5"}}
PARAMETERS start=384 end=384 start_id=4097 end_id=4352 skip_abelian=true log_all=true
ORDER_START order=384 groups=20169
COUNTS id=[ 384, 4097 ] end=6784 piso=159360
CLOSEST id=[ 384, 4097 ] end=6784 piso=159360 ratio=1245/53
COUNTS id=[ 384, 4098 ] end=20992 piso=589056
COUNTS id=[ 384, 4099 ] end=45760 piso=1081056
COUNTS id=[ 384, 4100 ] end=7744 piso=876000
COUNTS id=[ 384, 4101 ] end=262144 piso=5099520
CLOSEST id=[ 384, 4101 ] end=262144 piso=5099520 ratio=1245/64
COUNTS id=[ 384, 4102 ] end=655360 piso=11378688
CLOSEST id=[ 384, 4102 ] end=655360 piso=11378688 ratio=1389/80
COUNTS id=[ 384, 4103 ] end=360448 piso=5480448
CLOSEST id=[ 384, 4103 ] end=360448 piso=5480448 ratio=669/44
COUNTS id=[ 384, 4104 ] end=360448 piso=3913728
CLOSEST id=[ 384, 4104 ] end=360448 piso=3913728 ratio=1911/176
COUNTS id=[ 384, 4105 ] end=212992 piso=3913728
COUNTS id=[ 384, 4106 ] end=163840 piso=3729408
COUNTS id=[ 384, 4107 ] end=163840 piso=3760128
COUNTS id=[ 384, 4108 ] end=108544 piso=3866112
COUNTS id=[ 384, 4109 ] end=3014656 piso=49938432
COUNTS id=[ 384, 4110 ] end=458752 piso=31137792
COUNTS id=[ 384, 4111 ] end=1638400 piso=35192832
COUNTS id=[ 384, 4112 ] end=385024 piso=30357504
COUNTS id=[ 384, 4113 ] end=950272 piso=333674496
COUNTS id=[ 384, 4114 ] end=196608 piso=102334464
COUNTS id=[ 384, 4115 ] end=122880 piso=102211584
COUNTS id=[ 384, 4116 ] end=720896 piso=130400256
COUNTS id=[ 384, 4117 ] end=671744 piso=130351104
COUNTS id=[ 384, 4118 ] end=270336 piso=106512384
COUNTS id=[ 384, 4119 ] end=236544 piso=113326080
COUNTS id=[ 384, 4120 ] end=1572864 piso=692551680
COUNTS id=[ 384, 4121 ] end=819200 piso=136574976
COUNTS id=[ 384, 4122 ] end=491520 piso=134068224
COUNTS id=[ 384, 4123 ] end=245760 piso=133650432
COUNTS id=[ 384, 4124 ] end=491520 piso=133644288
COUNTS id=[ 384, 4125 ] end=245760 piso=133595136
COUNTS id=[ 384, 4126 ] end=950272 piso=667656192
COUNTS id=[ 384, 4127 ] end=163840 piso=2850816
COUNTS id=[ 384, 4128 ] end=90112 piso=2727936
COUNTS id=[ 384, 4129 ] end=126976 piso=3359232
COUNTS id=[ 384, 4130 ] end=126976 piso=3359232
COUNTS id=[ 384, 4131 ] end=122880 piso=3420672
COUNTS id=[ 384, 4132 ] end=122880 piso=3420672
COUNTS id=[ 384, 4133 ] end=507904 piso=13664256
COUNTS id=[ 384, 4134 ] end=262144 piso=4214784
COUNTS id=[ 384, 4135 ] end=102400 piso=4045824
COUNTS id=[ 384, 4136 ] end=212992 piso=7560192
COUNTS id=[ 384, 4137 ] end=212992 piso=4571136
COUNTS id=[ 384, 4138 ] end=90112 piso=2850816
COUNTS id=[ 384, 4139 ] end=1310720 piso=33521664
COUNTS id=[ 384, 4140 ] end=499712 piso=32323584
COUNTS id=[ 384, 4141 ] end=319488 piso=30750720
COUNTS id=[ 384, 4142 ] end=172032 piso=30357504
COUNTS id=[ 384, 4143 ] end=147456 piso=30228480
COUNTS id=[ 384, 4144 ] end=409600 piso=34185216
COUNTS id=[ 384, 4145 ] end=311296 piso=30351360
COUNTS id=[ 384, 4146 ] end=393216 piso=332642304
COUNTS id=[ 384, 4147 ] end=49152 piso=835584
COUNTS id=[ 384, 4148 ] end=30720 piso=835584
COUNTS id=[ 384, 4149 ] end=360448 piso=10801152
COUNTS id=[ 384, 4150 ] end=200704 piso=2433024
COUNTS id=[ 384, 4151 ] end=90112 piso=1393152
COUNTS id=[ 384, 4152 ] end=43008 piso=1387008
COUNTS id=[ 384, 4153 ] end=212992 piso=2457600
COUNTS id=[ 384, 4154 ] end=200704 piso=2433024
COUNTS id=[ 384, 4155 ] end=114688 piso=3846144
COUNTS id=[ 384, 4156 ] end=262144 piso=4079616
COUNTS id=[ 384, 4157 ] end=360448 piso=8343552
COUNTS id=[ 384, 4158 ] end=69632 piso=1234944
COUNTS id=[ 384, 4159 ] end=53248 piso=1234944
COUNTS id=[ 384, 4160 ] end=90112 piso=1265664
COUNTS id=[ 384, 4161 ] end=61440 piso=2104320
COUNTS id=[ 384, 4162 ] end=172032 piso=5766144
COUNTS id=[ 384, 4163 ] end=114688 piso=2863104
COUNTS id=[ 384, 4164 ] end=77824 piso=2709504
COUNTS id=[ 384, 4165 ] end=90112 piso=1142784
COUNTS id=[ 384, 4166 ] end=71680 piso=1417728
COUNTS id=[ 384, 4167 ] end=86016 piso=1322496
COUNTS id=[ 384, 4168 ] end=360448 piso=4730880
COUNTS id=[ 384, 4169 ] end=335872 piso=4681728
COUNTS id=[ 384, 4170 ] end=237568 piso=2494464
CLOSEST id=[ 384, 4170 ] end=237568 piso=2494464 ratio=21/2
COUNTS id=[ 384, 4171 ] end=107520 piso=3268608
COUNTS id=[ 384, 4172 ] end=94208 piso=2079744
COUNTS id=[ 384, 4173 ] end=57344 piso=1864704
COUNTS id=[ 384, 4174 ] end=48128 piso=1864704
COUNTS id=[ 384, 4175 ] end=48128 piso=1864704
COUNTS id=[ 384, 4176 ] end=112640 piso=2110464
COUNTS id=[ 384, 4177 ] end=75776 piso=1926144
COUNTS id=[ 384, 4178 ] end=75776 piso=1987584
COUNTS id=[ 384, 4179 ] end=57344 piso=1926144
COUNTS id=[ 384, 4180 ] end=169984 piso=3087360
COUNTS id=[ 384, 4181 ] end=96256 piso=2515968
COUNTS id=[ 384, 4182 ] end=65536 piso=2531328
COUNTS id=[ 384, 4183 ] end=65536 piso=2531328
COUNTS id=[ 384, 4184 ] end=180224 piso=2637312
COUNTS id=[ 384, 4185 ] end=143360 piso=2637312
COUNTS id=[ 384, 4186 ] end=190464 piso=4537344
COUNTS id=[ 384, 4187 ] end=79872 piso=2694144
COUNTS id=[ 384, 4188 ] end=67584 piso=3202560
COUNTS id=[ 384, 4189 ] end=141312 piso=7005696
COUNTS id=[ 384, 4190 ] end=172032 piso=2571264
COUNTS id=[ 384, 4191 ] end=61440 piso=2571264
COUNTS id=[ 384, 4192 ] end=118784 piso=2202624
COUNTS id=[ 384, 4193 ] end=96256 piso=2202624
COUNTS id=[ 384, 4194 ] end=278528 piso=3843072
COUNTS id=[ 384, 4195 ] end=206848 piso=3499008
COUNTS id=[ 384, 4196 ] end=77824 piso=826368
PROGRESS checked=100 hits=0 reversed=0 runtime_ms=257636
COUNTS id=[ 384, 4197 ] end=40960 piso=611328
COUNTS id=[ 384, 4198 ] end=31744 piso=611328
COUNTS id=[ 384, 4199 ] end=31744 piso=611328
COUNTS id=[ 384, 4200 ] end=59392 piso=672768
COUNTS id=[ 384, 4201 ] end=40960 piso=672768
COUNTS id=[ 384, 4202 ] end=157696 piso=1784832
COUNTS id=[ 384, 4203 ] end=83968 piso=1164288
COUNTS id=[ 384, 4204 ] end=53248 piso=1204224
COUNTS id=[ 384, 4205 ] end=53248 piso=1204224
COUNTS id=[ 384, 4206 ] end=155648 piso=1359360
CLOSEST id=[ 384, 4206 ] end=155648 piso=1359360 ratio=2655/304
COUNTS id=[ 384, 4207 ] end=118784 piso=1359360
COUNTS id=[ 384, 4208 ] end=53248 piso=2391552
COUNTS id=[ 384, 4209 ] end=114688 piso=3884544
COUNTS id=[ 384, 4210 ] end=90112 piso=949248
COUNTS id=[ 384, 4211 ] end=53248 piso=949248
COUNTS id=[ 384, 4212 ] end=94208 piso=949248
COUNTS id=[ 384, 4213 ] end=83968 piso=949248
COUNTS id=[ 384, 4214 ] end=44032 piso=493056
COUNTS id=[ 384, 4215 ] end=44032 piso=446976
COUNTS id=[ 384, 4216 ] end=16384 piso=370176
COUNTS id=[ 384, 4217 ] end=34816 piso=462336
COUNTS id=[ 384, 4218 ] end=188416 piso=2993664
COUNTS id=[ 384, 4219 ] end=108544 piso=1064448
COUNTS id=[ 384, 4220 ] end=37888 piso=506880
COUNTS id=[ 384, 4221 ] end=34816 piso=666624
COUNTS id=[ 384, 4222 ] end=65536 piso=964608
COUNTS id=[ 384, 4223 ] end=45056 piso=1814016
COUNTS id=[ 384, 4224 ] end=55296 piso=1396224
COUNTS id=[ 384, 4225 ] end=76800 piso=2680320
COUNTS id=[ 384, 4226 ] end=193536 piso=10968576
COUNTS id=[ 384, 4227 ] end=50688 piso=1523712
COUNTS id=[ 384, 4228 ] end=101376 piso=2053632
COUNTS id=[ 384, 4229 ] end=110592 piso=2207232
COUNTS id=[ 384, 4230 ] end=282624 piso=312950784
COUNTS id=[ 384, 4231 ] end=79872 piso=4601856
COUNTS id=[ 384, 4232 ] end=116736 piso=3906048
COUNTS id=[ 384, 4233 ] end=78848 piso=4317696
COUNTS id=[ 384, 4234 ] end=34816 piso=910848
COUNTS id=[ 384, 4235 ] end=43008 piso=781824
COUNTS id=[ 384, 4236 ] end=46080 piso=2416128
COUNTS id=[ 384, 4237 ] end=113664 piso=3847680
COUNTS id=[ 384, 4238 ] end=32256 piso=817152
COUNTS id=[ 384, 4239 ] end=52224 piso=966144
COUNTS id=[ 384, 4240 ] end=55296 piso=1076736
COUNTS id=[ 384, 4241 ] end=30720 piso=732672
COUNTS id=[ 384, 4242 ] end=25600 piso=1310208
COUNTS id=[ 384, 4243 ] end=93184 piso=3448320
COUNTS id=[ 384, 4244 ] end=111616 piso=107874816
COUNTS id=[ 384, 4245 ] end=268288 piso=112601088
COUNTS id=[ 384, 4246 ] end=332800 piso=117282816
COUNTS id=[ 384, 4247 ] end=262144 piso=120987648
COUNTS id=[ 384, 4248 ] end=135168 piso=7492608
COUNTS id=[ 384, 4249 ] end=79872 piso=2956800
COUNTS id=[ 384, 4250 ] end=79872 piso=2903040
COUNTS id=[ 384, 4251 ] end=79872 piso=2926080
COUNTS id=[ 384, 4252 ] end=43008 piso=2626560
COUNTS id=[ 384, 4253 ] end=180224 piso=9452544
COUNTS id=[ 384, 4254 ] end=106496 piso=3529728
COUNTS id=[ 384, 4255 ] end=45056 piso=3073536
COUNTS id=[ 384, 4256 ] end=45056 piso=3073536
COUNTS id=[ 384, 4257 ] end=143360 piso=4947456
COUNTS id=[ 384, 4258 ] end=106496 piso=3472896
COUNTS id=[ 384, 4259 ] end=88064 piso=3302400
COUNTS id=[ 384, 4260 ] end=192512 piso=10285056
COUNTS id=[ 384, 4261 ] end=69632 piso=4048896
COUNTS id=[ 384, 4262 ] end=161792 piso=4088832
COUNTS id=[ 384, 4263 ] end=122880 piso=5993472
COUNTS id=[ 384, 4264 ] end=67584 piso=1383936
COUNTS id=[ 384, 4265 ] end=67584 piso=1330176
COUNTS id=[ 384, 4266 ] end=67584 piso=1377792
COUNTS id=[ 384, 4267 ] end=30720 piso=1029120
COUNTS id=[ 384, 4268 ] end=159744 piso=8051712
COUNTS id=[ 384, 4269 ] end=86016 piso=1981440
COUNTS id=[ 384, 4270 ] end=22528 piso=1525248
COUNTS id=[ 384, 4271 ] end=22528 piso=1525248
COUNTS id=[ 384, 4272 ] end=122880 piso=3399168
COUNTS id=[ 384, 4273 ] end=86016 piso=1924608
COUNTS id=[ 384, 4274 ] end=67584 piso=1704960
COUNTS id=[ 384, 4275 ] end=151552 piso=6162432
COUNTS id=[ 384, 4276 ] end=53248 piso=3158016
COUNTS id=[ 384, 4277 ] end=112640 piso=2319360
COUNTS id=[ 384, 4278 ] end=27648 piso=1403904
COUNTS id=[ 384, 4279 ] end=82944 piso=1645056
COUNTS id=[ 384, 4280 ] end=159744 piso=3858432
COUNTS id=[ 384, 4281 ] end=113664 piso=3096576
COUNTS id=[ 384, 4282 ] end=110592 piso=4896768
COUNTS id=[ 384, 4283 ] end=59392 piso=1219584
COUNTS id=[ 384, 4284 ] end=96256 piso=5697024
COUNTS id=[ 384, 4285 ] end=59392 piso=1115136
COUNTS id=[ 384, 4286 ] end=59392 piso=1156608
COUNTS id=[ 384, 4287 ] end=129024 piso=9899520
COUNTS id=[ 384, 4288 ] end=73728 piso=1654272
COUNTS id=[ 384, 4289 ] end=73728 piso=1665024
COUNTS id=[ 384, 4290 ] end=27648 piso=1208832
COUNTS id=[ 384, 4291 ] end=61440 piso=1382400
COUNTS id=[ 384, 4292 ] end=31744 piso=781824
COUNTS id=[ 384, 4293 ] end=90112 piso=1695744
COUNTS id=[ 384, 4294 ] end=34816 piso=1296384
COUNTS id=[ 384, 4295 ] end=53248 piso=1327104
COUNTS id=[ 384, 4296 ] end=34816 piso=1265664
PROGRESS checked=200 hits=0 reversed=0 runtime_ms=436927
COUNTS id=[ 384, 4297 ] end=75776 piso=1946112
COUNTS id=[ 384, 4298 ] end=32256 piso=1827840
COUNTS id=[ 384, 4299 ] end=138240 piso=2360832
COUNTS id=[ 384, 4300 ] end=64512 piso=2348544
COUNTS id=[ 384, 4301 ] end=112640 piso=1947648
COUNTS id=[ 384, 4302 ] end=112640 piso=2494464
COUNTS id=[ 384, 4303 ] end=57344 piso=1695744
COUNTS id=[ 384, 4304 ] end=96768 piso=6793728
COUNTS id=[ 384, 4305 ] end=50688 piso=3420672
COUNTS id=[ 384, 4306 ] end=46080 piso=1924608
COUNTS id=[ 384, 4307 ] end=116736 piso=2311680
COUNTS id=[ 384, 4308 ] end=145408 piso=2224128
COUNTS id=[ 384, 4309 ] end=53248 piso=1480704
COUNTS id=[ 384, 4310 ] end=77824 piso=884736
COUNTS id=[ 384, 4311 ] end=22528 piso=485376
COUNTS id=[ 384, 4312 ] end=40960 piso=516096
COUNTS id=[ 384, 4313 ] end=22528 piso=454656
COUNTS id=[ 384, 4314 ] end=59392 piso=1085952
COUNTS id=[ 384, 4315 ] end=18944 piso=1065984
COUNTS id=[ 384, 4316 ] end=96256 piso=1087488
COUNTS id=[ 384, 4317 ] end=96256 piso=1781760
COUNTS id=[ 384, 4318 ] end=40960 piso=638976
COUNTS id=[ 384, 4319 ] end=74240 piso=3426816
COUNTS id=[ 384, 4320 ] end=46592 piso=1380864
COUNTS id=[ 384, 4321 ] end=19456 piso=509952
COUNTS id=[ 384, 4322 ] end=15360 piso=402432
COUNTS id=[ 384, 4323 ] end=15360 piso=279552
COUNTS id=[ 384, 4324 ] end=15360 piso=371712
COUNTS id=[ 384, 4325 ] end=15360 piso=279552
COUNTS id=[ 384, 4326 ] end=15360 piso=264192
COUNTS id=[ 384, 4327 ] end=15360 piso=325632
COUNTS id=[ 384, 4328 ] end=15360 piso=325632
COUNTS id=[ 384, 4329 ] end=15360 piso=264192
COUNTS id=[ 384, 4330 ] end=33792 piso=743424
COUNTS id=[ 384, 4331 ] end=33792 piso=665088
COUNTS id=[ 384, 4332 ] end=33792 piso=565248
COUNTS id=[ 384, 4333 ] end=33792 piso=603648
COUNTS id=[ 384, 4334 ] end=176128 piso=5492736
COUNTS id=[ 384, 4335 ] end=65536 piso=5185536
COUNTS id=[ 384, 4336 ] end=102400 piso=5246976
COUNTS id=[ 384, 4337 ] end=219136 piso=6025728
COUNTS id=[ 384, 4338 ] end=76288 piso=5876736
COUNTS id=[ 384, 4339 ] end=160768 piso=6028800
COUNTS id=[ 384, 4340 ] end=366592 piso=6635520
COUNTS id=[ 384, 4341 ] end=219136 piso=6088704
COUNTS id=[ 384, 4342 ] end=274432 piso=5922816
COUNTS id=[ 384, 4343 ] end=282112 piso=14055936
COUNTS id=[ 384, 4344 ] end=211456 piso=7660032
COUNTS id=[ 384, 4345 ] end=166912 piso=6667776
COUNTS id=[ 384, 4346 ] end=157696 piso=5873664
COUNTS id=[ 384, 4347 ] end=77824 piso=1290240
COUNTS id=[ 384, 4348 ] end=151552 piso=1413120
COUNTS id=[ 384, 4349 ] end=40960 piso=1044480
COUNTS id=[ 384, 4350 ] end=40960 piso=1105920
COUNTS id=[ 384, 4351 ] end=40960 piso=1044480
COUNTS id=[ 384, 4352 ] end=40960 piso=1044480
DONE checked=256 abelian=0 hits=0 reversed=0 skipped_abelian=0 closest=[ 384, 4206 ] min_ratio=2655/304 runtime_ms=529828
