{"command": ["/project/gap-4.16.1/gap", "-l", "/project/gap-4.16.1", "-q", "-b", "-T", "-m", "128m", "-o", "4g", "-c", "START_ORDER:=432;;END_ORDER:=432;;START_ID:=513;;END_ID:=768;;SKIP_ABELIAN:=true;;LOG_ALL:=true;;", "/project/scripts/search_19_20.g"], "source_hashes": {"scripts/search_19_20.g": "7b6a34e9163b58b0248b3c464ae8070783414cd7d14048136dd0e3547b906318", "scripts/lib_19_20.g": "fbcf2d3c4b0648cc1fa87d6e50fc923133d594c029b8430a365caf596ac7ccd5"}}
PARAMETERS start=432 end=432 start_id=513 end_id=768 skip_abelian=true log_all=true
ORDER_START order=432 groups=775
COUNTS id=[ 432, 513 ] end=2519424 piso=11967264
CLOSEST id=[ 432, 513 ] end=2519424 piso=11967264 ratio=19/4
COUNTS id=[ 432, 514 ] end=1889568 piso=3779136
CLOSEST id=[ 432, 514 ] end=1889568 piso=3779136 ratio=2
ABELIAN_SKIPPED id=[ 432, 515 ] reason=known_equality
COUNTS id=[ 432, 516 ] end=944784 piso=1259712
CLOSEST id=[ 432, 516 ] end=944784 piso=1259712 ratio=4/3
COUNTS id=[ 432, 517 ] end=1968300 piso=4881384
COUNTS id=[ 432, 518 ] end=1023516 piso=2361960
COUNTS id=[ 432, 519 ] end=708588 piso=3621672
COUNTS id=[ 432, 520 ] end=1540 piso=156168
COUNTS id=[ 432, 521 ] end=14632 piso=1182384
COUNTS id=[ 432, 522 ] end=15400 piso=1143936
COUNTS id=[ 432, 523 ] end=11680 piso=1495584
COUNTS id=[ 432, 524 ] end=24057 piso=492480
COUNTS id=[ 432, 525 ] end=24057 piso=570240
COUNTS id=[ 432, 526 ] end=59049 piso=1596672
COUNTS id=[ 432, 527 ] end=7641 piso=462240
COUNTS id=[ 432, 528 ] end=16713 piso=540000
COUNTS id=[ 432, 529 ] end=2848 piso=70848
COUNTS id=[ 432, 530 ] end=27584 piso=2942784
COUNTS id=[ 432, 531 ] end=7424 piso=216000
COUNTS id=[ 432, 532 ] end=3888 piso=95904
COUNTS id=[ 432, 533 ] end=4464 piso=317088
COUNTS id=[ 432, 534 ] end=7920 piso=326592
COUNTS id=[ 432, 535 ] end=8208 piso=500256
COUNTS id=[ 432, 536 ] end=129232 piso=2546208
COUNTS id=[ 432, 537 ] end=175888 piso=4005504
COUNTS id=[ 432, 538 ] end=14608 piso=655776
COUNTS id=[ 432, 539 ] end=12672 piso=5679072
COUNTS id=[ 432, 540 ] end=19584 piso=5690304
COUNTS id=[ 432, 541 ] end=10368 piso=1971648
COUNTS id=[ 432, 542 ] end=20736 piso=14933376
COUNTS id=[ 432, 543 ] end=17920 piso=624384
COUNTS id=[ 432, 544 ] end=3355648 piso=61675776
COUNTS id=[ 432, 545 ] end=2993152 piso=71241984
COUNTS id=[ 432, 546 ] end=31104 piso=694656
COUNTS id=[ 432, 547 ] end=17280 piso=677376
COUNTS id=[ 432, 548 ] end=62208 piso=5380992
COUNTS id=[ 432, 549 ] end=34560 piso=5356800
COUNTS id=[ 432, 550 ] end=93312 piso=6086016
COUNTS id=[ 432, 551 ] end=223803 piso=1332288
COUNTS id=[ 432, 552 ] end=148905 piso=1180224
COUNTS id=[ 432, 553 ] end=663633 piso=6594048
COUNTS id=[ 432, 554 ] end=221265 piso=6165504
COUNTS id=[ 432, 555 ] end=671409 piso=8481024
COUNTS id=[ 432, 556 ] end=2580480 piso=17252352
COUNTS id=[ 432, 557 ] end=1990656 piso=5806080
COUNTS id=[ 432, 558 ] end=2654208 piso=28200960
COUNTS id=[ 432, 559 ] end=2138112 piso=16809984
COUNTS id=[ 432, 560 ] end=28426240 piso=188061696
COUNTS id=[ 432, 561 ] end=3506176 piso=39813120
ABELIAN_SKIPPED id=[ 432, 562 ] reason=known_equality
COUNTS id=[ 432, 563 ] end=47775744 piso=100859904
COUNTS id=[ 432, 564 ] end=8847360 piso=12386304
COUNTS id=[ 432, 565 ] end=1296 piso=52272
COUNTS id=[ 432, 566 ] end=3440 piso=63504
COUNTS id=[ 432, 567 ] end=22528 piso=2481408
COUNTS id=[ 432, 568 ] end=17920 piso=9566208
COUNTS id=[ 432, 569 ] end=13120 piso=2426976
COUNTS id=[ 432, 570 ] end=11008 piso=2431296
COUNTS id=[ 432, 571 ] end=12544 piso=6481728
COUNTS id=[ 432, 572 ] end=8416 piso=2431296
COUNTS id=[ 432, 573 ] end=12256 piso=6481728
COUNTS id=[ 432, 574 ] end=4320 piso=358560
COUNTS id=[ 432, 575 ] end=4320 piso=158112
COUNTS id=[ 432, 576 ] end=4428 piso=278856
COUNTS id=[ 432, 577 ] end=2268 piso=146664
COUNTS id=[ 432, 578 ] end=2700 piso=159624
COUNTS id=[ 432, 579 ] end=8128 piso=1071360
COUNTS id=[ 432, 580 ] end=8800 piso=489888
COUNTS id=[ 432, 581 ] end=6976 piso=276480
COUNTS id=[ 432, 582 ] end=6964 piso=351864
COUNTS id=[ 432, 583 ] end=5332 piso=241272
COUNTS id=[ 432, 584 ] end=4228 piso=291384
COUNTS id=[ 432, 585 ] end=5188 piso=317304
COUNTS id=[ 432, 586 ] end=8320 piso=1092096
COUNTS id=[ 432, 587 ] end=10912 piso=375840
COUNTS id=[ 432, 588 ] end=10660 piso=621000
COUNTS id=[ 432, 589 ] end=5332 piso=352296
COUNTS id=[ 432, 590 ] end=7780 piso=619272
COUNTS id=[ 432, 591 ] end=4320 piso=133920
COUNTS id=[ 432, 592 ] end=6592 piso=266112
COUNTS id=[ 432, 593 ] end=10912 piso=275616
COUNTS id=[ 432, 594 ] end=128000 piso=4204224
COUNTS id=[ 432, 595 ] end=166400 piso=10665216
COUNTS id=[ 432, 596 ] end=124928 piso=4401216
COUNTS id=[ 432, 597 ] end=77120 piso=4188672
COUNTS id=[ 432, 598 ] end=136640 piso=11340000
COUNTS id=[ 432, 599 ] end=120896 piso=10842336
COUNTS id=[ 432, 600 ] end=88256 piso=4471200
COUNTS id=[ 432, 601 ] end=185024 piso=16001280
COUNTS id=[ 432, 602 ] end=171392 piso=13828320
COUNTS id=[ 432, 603 ] end=86720 piso=4515264
COUNTS id=[ 432, 604 ] end=48320 piso=3973536
COUNTS id=[ 432, 605 ] end=90944 piso=8265024
COUNTS id=[ 432, 606 ] end=33248 piso=7185024
COUNTS id=[ 432, 607 ] end=16448 piso=3073248
COUNTS id=[ 432, 608 ] end=14528 piso=3208896
COUNTS id=[ 432, 609 ] end=32576 piso=7439040
COUNTS id=[ 432, 610 ] end=35936 piso=4105728
COUNTS id=[ 432, 611 ] end=24224 piso=3286656
COUNTS id=[ 432, 612 ] end=42272 piso=8083584
COUNTS id=[ 432, 613 ] end=9234 piso=719280
COUNTS id=[ 432, 614 ] end=14094 piso=797040
PROGRESS checked=100 hits=0 reversed=0 runtime_ms=111519
COUNTS id=[ 432, 615 ] end=15552 piso=824256
COUNTS id=[ 432, 616 ] end=4050 piso=778896
COUNTS id=[ 432, 617 ] end=20574 piso=988848
COUNTS id=[ 432, 618 ] end=21600 piso=907200
COUNTS id=[ 432, 619 ] end=314930 piso=33658416
COUNTS id=[ 432, 620 ] end=4487726 piso=95709168
COUNTS id=[ 432, 621 ] end=4566464 piso=36531648
COUNTS id=[ 432, 622 ] end=9720 piso=701784
COUNTS id=[ 432, 623 ] end=18468 piso=929880
COUNTS id=[ 432, 624 ] end=19440 piso=806112
COUNTS id=[ 432, 625 ] end=39528 piso=1088424
COUNTS id=[ 432, 626 ] end=48708 piso=1261224
COUNTS id=[ 432, 627 ] end=53136 piso=1594080
COUNTS id=[ 432, 628 ] end=5184 piso=146880
COUNTS id=[ 432, 629 ] end=4752 piso=146880
COUNTS id=[ 432, 630 ] end=13824 piso=200448
COUNTS id=[ 432, 631 ] end=9504 piso=184896
COUNTS id=[ 432, 632 ] end=8640 piso=395712
COUNTS id=[ 432, 633 ] end=4752 piso=395712
COUNTS id=[ 432, 634 ] end=10368 piso=908064
COUNTS id=[ 432, 635 ] end=13760 piso=205632
COUNTS id=[ 432, 636 ] end=12464 piso=205632
COUNTS id=[ 432, 637 ] end=30976 piso=387072
COUNTS id=[ 432, 638 ] end=26720 piso=340416
COUNTS id=[ 432, 639 ] end=24640 piso=454464
COUNTS id=[ 432, 640 ] end=12976 piso=454464
COUNTS id=[ 432, 641 ] end=27520 piso=1056672
COUNTS id=[ 432, 642 ] end=28512 piso=530496
COUNTS id=[ 432, 643 ] end=12096 piso=380160
COUNTS id=[ 432, 644 ] end=16416 piso=370656
COUNTS id=[ 432, 645 ] end=29376 piso=552096
COUNTS id=[ 432, 646 ] end=16416 piso=370656
COUNTS id=[ 432, 647 ] end=19008 piso=442368
COUNTS id=[ 432, 648 ] end=62208 piso=641088
COUNTS id=[ 432, 649 ] end=75168 piso=1192320
COUNTS id=[ 432, 650 ] end=67392 piso=1105056
COUNTS id=[ 432, 651 ] end=82944 piso=1223424
COUNTS id=[ 432, 652 ] end=12960 piso=581472
COUNTS id=[ 432, 653 ] end=12960 piso=681696
COUNTS id=[ 432, 654 ] end=82944 piso=1140480
COUNTS id=[ 432, 655 ] end=70848 piso=2314656
COUNTS id=[ 432, 656 ] end=81216 piso=1889568
COUNTS id=[ 432, 657 ] end=53568 piso=800928
COUNTS id=[ 432, 658 ] end=59616 piso=1600992
COUNTS id=[ 432, 659 ] end=76032 piso=1711584
COUNTS id=[ 432, 660 ] end=621920 piso=22953024
COUNTS id=[ 432, 661 ] end=113504 piso=18523296
COUNTS id=[ 432, 662 ] end=272768 piso=14344128
COUNTS id=[ 432, 663 ] end=212288 piso=21903264
COUNTS id=[ 432, 664 ] end=353024 piso=16386624
COUNTS id=[ 432, 665 ] end=510560 piso=38471328
COUNTS id=[ 432, 666 ] end=396512 piso=16887744
COUNTS id=[ 432, 667 ] end=263648 piso=14541984
COUNTS id=[ 432, 668 ] end=119936 piso=18194112
COUNTS id=[ 432, 669 ] end=436736 piso=35049024
COUNTS id=[ 432, 670 ] end=712192 piso=18938880
COUNTS id=[ 432, 671 ] end=1318304 piso=50519808
COUNTS id=[ 432, 672 ] end=828608 piso=46254240
COUNTS id=[ 432, 673 ] end=689696 piso=22985856
COUNTS id=[ 432, 674 ] end=2429440 piso=28366848
COUNTS id=[ 432, 675 ] end=236128 piso=14763168
COUNTS id=[ 432, 676 ] end=99328 piso=19787328
COUNTS id=[ 432, 677 ] end=547840 piso=20321280
COUNTS id=[ 432, 678 ] end=242560 piso=14572224
COUNTS id=[ 432, 679 ] end=1882624 piso=120517632
COUNTS id=[ 432, 680 ] end=617920 piso=21381408
COUNTS id=[ 432, 681 ] end=1743424 piso=120309408
COUNTS id=[ 432, 682 ] end=1929664 piso=126969120
COUNTS id=[ 432, 683 ] end=736192 piso=22705056
COUNTS id=[ 432, 684 ] end=666016 piso=19339776
COUNTS id=[ 432, 685 ] end=486208 piso=19501344
COUNTS id=[ 432, 686 ] end=1600288 piso=133211520
COUNTS id=[ 432, 687 ] end=49472 piso=1416096
COUNTS id=[ 432, 688 ] end=20960 piso=844128
COUNTS id=[ 432, 689 ] end=41696 piso=1034208
COUNTS id=[ 432, 690 ] end=130048 piso=1964736
COUNTS id=[ 432, 691 ] end=158912 piso=3945888
COUNTS id=[ 432, 692 ] end=142336 piso=2052864
COUNTS id=[ 432, 693 ] end=18784 piso=1030752
COUNTS id=[ 432, 694 ] end=129088 piso=3206304
COUNTS id=[ 432, 695 ] end=280000 piso=2853792
COUNTS id=[ 432, 696 ] end=100288 piso=2845152
COUNTS id=[ 432, 697 ] end=384912 piso=1469664
COUNTS id=[ 432, 698 ] end=376164 piso=4928040
COUNTS id=[ 432, 699 ] end=192456 piso=1382184
COUNTS id=[ 432, 700 ] end=202176 piso=1360800
COUNTS id=[ 432, 701 ] end=373248 piso=1741824
COUNTS id=[ 432, 702 ] end=419904 piso=2667168
COUNTS id=[ 432, 703 ] end=101088 piso=1049760
COUNTS id=[ 432, 704 ] end=396576 piso=3359232
COUNTS id=[ 432, 705 ] end=124416 piso=1570752
COUNTS id=[ 432, 706 ] end=163296 piso=1726272
COUNTS id=[ 432, 707 ] end=93312 piso=1228608
COUNTS id=[ 432, 708 ] end=746496 piso=10699776
COUNTS id=[ 432, 709 ] end=575424 piso=12589344
COUNTS id=[ 432, 710 ] end=288576 piso=1796256
COUNTS id=[ 432, 711 ] end=304128 piso=1741824
COUNTS id=[ 432, 712 ] end=582336 piso=3600288
COUNTS id=[ 432, 713 ] end=75168 piso=1080864
COUNTS id=[ 432, 714 ] end=323136 piso=3289248
PROGRESS checked=200 hits=0 reversed=0 runtime_ms=229856
COUNTS id=[ 432, 715 ] end=57888 piso=1640736
COUNTS id=[ 432, 716 ] end=133056 piso=1734048
COUNTS id=[ 432, 717 ] end=161568 piso=1765152
COUNTS id=[ 432, 718 ] end=1133568 piso=12192768
COUNTS id=[ 432, 719 ] end=305856 piso=11314080
COUNTS id=[ 432, 720 ] end=68031424 piso=267970464
COUNTS id=[ 432, 721 ] end=68045312 piso=234731520
COUNTS id=[ 432, 722 ] end=136069696 piso=669122208
COUNTS id=[ 432, 723 ] end=17009632 piso=100872864
COUNTS id=[ 432, 724 ] end=72298144 piso=440180352
COUNTS id=[ 432, 725 ] end=12756864 piso=105579072
COUNTS id=[ 432, 726 ] end=29769824 piso=188885952
COUNTS id=[ 432, 727 ] end=38267648 piso=222077376
COUNTS id=[ 432, 728 ] end=272098304 piso=544195584
COUNTS id=[ 432, 729 ] end=68037056 piso=244058400
ABELIAN_SKIPPED id=[ 432, 730 ] reason=known_equality
COUNTS id=[ 432, 731 ] end=21415104 piso=39680928
COUNTS id=[ 432, 732 ] end=8817984 piso=14486688
COUNTS id=[ 432, 733 ] end=4408992 piso=6928416
COUNTS id=[ 432, 734 ] end=1486 piso=296352
COUNTS id=[ 432, 735 ] end=2052 piso=184680
COUNTS id=[ 432, 736 ] end=5632 piso=1220832
COUNTS id=[ 432, 737 ] end=1836 piso=85752
COUNTS id=[ 432, 738 ] end=3076 piso=142344
COUNTS id=[ 432, 739 ] end=4276 piso=259848
COUNTS id=[ 432, 740 ] end=4708 piso=287928
COUNTS id=[ 432, 741 ] end=48160 piso=5075136
COUNTS id=[ 432, 742 ] end=28000 piso=1805760
COUNTS id=[ 432, 743 ] end=10048 piso=737856
COUNTS id=[ 432, 744 ] end=6480 piso=664416
COUNTS id=[ 432, 745 ] end=9504 piso=806112
COUNTS id=[ 432, 746 ] end=160720 piso=20793888
COUNTS id=[ 432, 747 ] end=157600 piso=19337184
COUNTS id=[ 432, 748 ] end=27664 piso=2233440
COUNTS id=[ 432, 749 ] end=27648 piso=7128000
COUNTS id=[ 432, 750 ] end=632043 piso=8211456
COUNTS id=[ 432, 751 ] end=3456 piso=82944
COUNTS id=[ 432, 752 ] end=8320 piso=124416
COUNTS id=[ 432, 753 ] end=78848 piso=9980928
COUNTS id=[ 432, 754 ] end=32832 piso=995328
COUNTS id=[ 432, 755 ] end=39104 piso=1881792
COUNTS id=[ 432, 756 ] end=59840 piso=3718656
COUNTS id=[ 432, 757 ] end=22464 piso=290304
COUNTS id=[ 432, 758 ] end=35648 piso=836352
COUNTS id=[ 432, 759 ] end=4194304 piso=96128640
COUNTS id=[ 432, 760 ] end=42768 piso=1516320
COUNTS id=[ 432, 761 ] end=44496 piso=1381536
COUNTS id=[ 432, 762 ] end=9133840 piso=105583392
COUNTS id=[ 432, 763 ] end=62208 piso=3157056
COUNTS id=[ 432, 764 ] end=145152 piso=15970176
COUNTS id=[ 432, 765 ] end=55296 piso=1043712
COUNTS id=[ 432, 766 ] end=133120 piso=1734912
COUNTS id=[ 432, 767 ] end=2764800 piso=23839488
COUNTS id=[ 432, 768 ] end=18055168 piso=344494080
DONE checked=253 abelian=0 hits=0 reversed=0 skipped_abelian=3 closest=[ 432, 516 ] min_ratio=4/3 runtime_ms=306900
