{"command": ["/project/gap-4.16.1/gap", "-l", "/project/gap-4.16.1", "-q", "-b", "-T", "-m", "128m", "-o", "4g", "-c", "START_ORDER:=384;;END_ORDER:=384;;START_ID:=7169;;END_ID:=7424;;SKIP_ABELIAN:=true;;LOG_ALL:=true;;", "/project/scripts/search_19_20.g"], "source_hashes": {"scripts/search_19_20.g": "7b6a34e9163b58b0248b3c464ae8070783414cd7d14048136dd0e3547b906318", "scripts/lib_19_20.g": "fbcf2d3c4b0648cc1fa87d6e50fc923133d594c029b8430a365caf596ac7ccd5"}}
PARAMETERS start=384 end=384 start_id=7169 end_id=7424 skip_abelian=true log_all=true
ORDER_START order=384 groups=20169
COUNTS id=[ 384, 7169 ] end=1130496 piso=12980736
CLOSEST id=[ 384, 7169 ] end=1130496 piso=12980736 ratio=8451/736
COUNTS id=[ 384, 7170 ] end=1597440 piso=19121664
COUNTS id=[ 384, 7171 ] end=4276224 piso=318824448
COUNTS id=[ 384, 7172 ] end=4866048 piso=343531008
COUNTS id=[ 384, 7173 ] end=1118208 piso=12212736
CLOSEST id=[ 384, 7173 ] end=1118208 piso=12212736 ratio=7951/728
COUNTS id=[ 384, 7174 ] end=688128 piso=6216192
CLOSEST id=[ 384, 7174 ] end=688128 piso=6216192 ratio=4047/448
COUNTS id=[ 384, 7175 ] end=8126464 piso=1265952768
COUNTS id=[ 384, 7176 ] end=974848 piso=28680192
COUNTS id=[ 384, 7177 ] end=10375168 piso=1332301824
COUNTS id=[ 384, 7178 ] end=3936256 piso=332328960
COUNTS id=[ 384, 7179 ] end=3850240 piso=333507072
COUNTS id=[ 384, 7180 ] end=360448 piso=11582976
COUNTS id=[ 384, 7181 ] end=4722688 piso=361792512
COUNTS id=[ 384, 7182 ] end=1380352 piso=34630656
COUNTS id=[ 384, 7183 ] end=3653632 piso=319446528
COUNTS id=[ 384, 7184 ] end=692224 piso=16032768
COUNTS id=[ 384, 7185 ] end=483328 piso=14251008
COUNTS id=[ 384, 7186 ] end=434176 piso=11956224
COUNTS id=[ 384, 7187 ] end=679936 piso=12566016
COUNTS id=[ 384, 7188 ] end=704512 piso=12685824
COUNTS id=[ 384, 7189 ] end=704512 piso=12813312
COUNTS id=[ 384, 7190 ] end=3506176 piso=311279616
COUNTS id=[ 384, 7191 ] end=446464 piso=12008448
COUNTS id=[ 384, 7192 ] end=348160 piso=13195776
COUNTS id=[ 384, 7193 ] end=606208 piso=11733504
COUNTS id=[ 384, 7194 ] end=593920 piso=9544704
COUNTS id=[ 384, 7195 ] end=3788800 piso=331935744
COUNTS id=[ 384, 7196 ] end=421888 piso=11986944
COUNTS id=[ 384, 7197 ] end=3604480 piso=312018432
COUNTS id=[ 384, 7198 ] end=593920 piso=9593856
COUNTS id=[ 384, 7199 ] end=606208 piso=9747456
COUNTS id=[ 384, 7200 ] end=348160 piso=6583296
COUNTS id=[ 384, 7201 ] end=335872 piso=10033152
COUNTS id=[ 384, 7202 ] end=311296 piso=4733952
COUNTS id=[ 384, 7203 ] end=1024000 piso=20027904
COUNTS id=[ 384, 7204 ] end=1171456 piso=20021760
COUNTS id=[ 384, 7205 ] end=716800 piso=10701312
COUNTS id=[ 384, 7206 ] end=2056192 piso=38611968
COUNTS id=[ 384, 7207 ] end=372736 piso=7858176
COUNTS id=[ 384, 7208 ] end=667648 piso=10642944
COUNTS id=[ 384, 7209 ] end=335872 piso=6571008
COUNTS id=[ 384, 7210 ] end=876544 piso=19410432
COUNTS id=[ 384, 7211 ] end=643072 piso=9652224
COUNTS id=[ 384, 7212 ] end=593920 piso=9624576
COUNTS id=[ 384, 7213 ] end=593920 piso=11595264
COUNTS id=[ 384, 7214 ] end=593920 piso=11616768
COUNTS id=[ 384, 7215 ] end=593920 piso=11604480
COUNTS id=[ 384, 7216 ] end=348160 piso=6868992
COUNTS id=[ 384, 7217 ] end=348160 piso=6764544
COUNTS id=[ 384, 7218 ] end=311296 piso=5964288
COUNTS id=[ 384, 7219 ] end=311296 piso=5905920
COUNTS id=[ 384, 7220 ] end=311296 piso=5884416
COUNTS id=[ 384, 7221 ] end=323584 piso=6339072
COUNTS id=[ 384, 7222 ] end=520192 piso=9326592
COUNTS id=[ 384, 7223 ] end=311296 piso=5844480
COUNTS id=[ 384, 7224 ] end=311296 piso=5829120
COUNTS id=[ 384, 7225 ] end=520192 piso=9354240
COUNTS id=[ 384, 7226 ] end=311296 piso=6231552
COUNTS id=[ 384, 7227 ] end=557056 piso=9083904
COUNTS id=[ 384, 7228 ] end=557056 piso=8544768
COUNTS id=[ 384, 7229 ] end=311296 piso=5035008
COUNTS id=[ 384, 7230 ] end=311296 piso=5035008
COUNTS id=[ 384, 7231 ] end=3948544 piso=612484608
COUNTS id=[ 384, 7232 ] end=4206592 piso=631234560
COUNTS id=[ 384, 7233 ] end=999424 piso=20454912
COUNTS id=[ 384, 7234 ] end=2064384 piso=34000896
COUNTS id=[ 384, 7235 ] end=7749632 piso=637140480
COUNTS id=[ 384, 7236 ] end=1597440 piso=26233344
COUNTS id=[ 384, 7237 ] end=950272 piso=20442624
COUNTS id=[ 384, 7238 ] end=1671168 piso=30560256
COUNTS id=[ 384, 7239 ] end=868352 piso=14654976
COUNTS id=[ 384, 7240 ] end=925696 piso=16854528
COUNTS id=[ 384, 7241 ] end=999424 piso=11220480
COUNTS id=[ 384, 7242 ] end=1392640 piso=20540928
COUNTS id=[ 384, 7243 ] end=1564672 piso=21467136
COUNTS id=[ 384, 7244 ] end=917504 piso=10689024
COUNTS id=[ 384, 7245 ] end=917504 piso=10716672
COUNTS id=[ 384, 7246 ] end=512000 piso=6944256
COUNTS id=[ 384, 7247 ] end=524288 piso=7532544
COUNTS id=[ 384, 7248 ] end=2138112 piso=40040448
COUNTS id=[ 384, 7249 ] end=999424 piso=16934400
COUNTS id=[ 384, 7250 ] end=868352 piso=15226368
COUNTS id=[ 384, 7251 ] end=888832 piso=15481344
COUNTS id=[ 384, 7252 ] end=1548288 piso=23047680
COUNTS id=[ 384, 7253 ] end=999424 piso=11733504
COUNTS id=[ 384, 7254 ] end=1368064 piso=20900352
COUNTS id=[ 384, 7255 ] end=1867776 piso=23341056
COUNTS id=[ 384, 7256 ] end=573440 piso=8951808
COUNTS id=[ 384, 7257 ] end=548864 piso=7856640
COUNTS id=[ 384, 7258 ] end=548864 piso=6885888
COUNTS id=[ 384, 7259 ] end=917504 piso=10348032
COUNTS id=[ 384, 7260 ] end=573440 piso=7477248
COUNTS id=[ 384, 7261 ] end=1605632 piso=22284288
COUNTS id=[ 384, 7262 ] end=8028160 piso=1217869824
COUNTS id=[ 384, 7263 ] end=851968 piso=31297536
COUNTS id=[ 384, 7264 ] end=1183744 piso=27388416
COUNTS id=[ 384, 7265 ] end=2314240 piso=144741888
COUNTS id=[ 384, 7266 ] end=3682304 piso=325638144
COUNTS id=[ 384, 7267 ] end=217088 piso=13535232
COUNTS id=[ 384, 7268 ] end=1208320 piso=23869440
PROGRESS checked=100 hits=0 reversed=0 runtime_ms=351626
COUNTS id=[ 384, 7269 ] end=413696 piso=18278400
COUNTS id=[ 384, 7270 ] end=196608 piso=14952960
COUNTS id=[ 384, 7271 ] end=442368 piso=10532352
COUNTS id=[ 384, 7272 ] end=512000 piso=15187968
COUNTS id=[ 384, 7273 ] end=524288 piso=11249664
COUNTS id=[ 384, 7274 ] end=1589248 piso=31205376
COUNTS id=[ 384, 7275 ] end=1232896 piso=34329600
COUNTS id=[ 384, 7276 ] end=1712128 piso=37983744
COUNTS id=[ 384, 7277 ] end=802816 piso=142566912
COUNTS id=[ 384, 7278 ] end=536576 piso=16392192
COUNTS id=[ 384, 7279 ] end=561152 piso=18846720
COUNTS id=[ 384, 7280 ] end=536576 piso=16702464
COUNTS id=[ 384, 7281 ] end=430080 piso=14475264
COUNTS id=[ 384, 7282 ] end=430080 piso=16296960
COUNTS id=[ 384, 7283 ] end=430080 piso=14484480
COUNTS id=[ 384, 7284 ] end=905216 piso=15943680
COUNTS id=[ 384, 7285 ] end=376832 piso=18084864
COUNTS id=[ 384, 7286 ] end=401408 piso=18493440
COUNTS id=[ 384, 7287 ] end=319488 piso=15206400
COUNTS id=[ 384, 7288 ] end=344064 piso=15154176
COUNTS id=[ 384, 7289 ] end=430080 piso=10381824
COUNTS id=[ 384, 7290 ] end=430080 piso=10394112
COUNTS id=[ 384, 7291 ] end=430080 piso=10397184
COUNTS id=[ 384, 7292 ] end=430080 piso=8461824
COUNTS id=[ 384, 7293 ] end=430080 piso=8581632
COUNTS id=[ 384, 7294 ] end=487424 piso=8956416
COUNTS id=[ 384, 7295 ] end=843776 piso=16568832
COUNTS id=[ 384, 7296 ] end=843776 piso=16203264
COUNTS id=[ 384, 7297 ] end=430080 piso=8082432
COUNTS id=[ 384, 7298 ] end=430080 piso=8143872
COUNTS id=[ 384, 7299 ] end=172032 piso=7002624
COUNTS id=[ 384, 7300 ] end=430080 piso=8758272
COUNTS id=[ 384, 7301 ] end=430080 piso=8822784
COUNTS id=[ 384, 7302 ] end=430080 piso=8349696
COUNTS id=[ 384, 7303 ] end=3694592 piso=318463488
COUNTS id=[ 384, 7304 ] end=3694592 piso=318494208
COUNTS id=[ 384, 7305 ] end=172032 piso=5918208
COUNTS id=[ 384, 7306 ] end=430080 piso=8736768
COUNTS id=[ 384, 7307 ] end=430080 piso=8325120
COUNTS id=[ 384, 7308 ] end=172032 piso=7053312
COUNTS id=[ 384, 7309 ] end=172032 piso=7090176
COUNTS id=[ 384, 7310 ] end=172032 piso=5790720
COUNTS id=[ 384, 7311 ] end=233472 piso=11433984
COUNTS id=[ 384, 7312 ] end=233472 piso=11437056
COUNTS id=[ 384, 7313 ] end=233472 piso=11741184
COUNTS id=[ 384, 7314 ] end=233472 piso=17266176
COUNTS id=[ 384, 7315 ] end=172032 piso=10237440
COUNTS id=[ 384, 7316 ] end=172032 piso=10268160
COUNTS id=[ 384, 7317 ] end=208896 piso=10146816
COUNTS id=[ 384, 7318 ] end=540672 piso=13395456
COUNTS id=[ 384, 7319 ] end=163840 piso=9682944
COUNTS id=[ 384, 7320 ] end=163840 piso=9686016
COUNTS id=[ 384, 7321 ] end=163840 piso=9692160
COUNTS id=[ 384, 7322 ] end=163840 piso=4810752
COUNTS id=[ 384, 7323 ] end=163840 piso=4909056
COUNTS id=[ 384, 7324 ] end=172032 piso=5770752
COUNTS id=[ 384, 7325 ] end=163840 piso=4890624
COUNTS id=[ 384, 7326 ] end=163840 piso=4933632
COUNTS id=[ 384, 7327 ] end=929792 piso=19851264
COUNTS id=[ 384, 7328 ] end=929792 piso=21052416
COUNTS id=[ 384, 7329 ] end=880640 piso=16664064
COUNTS id=[ 384, 7330 ] end=172032 piso=6904320
COUNTS id=[ 384, 7331 ] end=430080 piso=7478784
COUNTS id=[ 384, 7332 ] end=856064 piso=15530496
COUNTS id=[ 384, 7333 ] end=430080 piso=8547840
COUNTS id=[ 384, 7334 ] end=430080 piso=9027072
COUNTS id=[ 384, 7335 ] end=430080 piso=8612352
COUNTS id=[ 384, 7336 ] end=430080 piso=8616960
COUNTS id=[ 384, 7337 ] end=430080 piso=8159232
COUNTS id=[ 384, 7338 ] end=172032 piso=5568000
COUNTS id=[ 384, 7339 ] end=356352 piso=15240192
COUNTS id=[ 384, 7340 ] end=176128 piso=7219200
COUNTS id=[ 384, 7341 ] end=163840 piso=6406656
COUNTS id=[ 384, 7342 ] end=163840 piso=6385152
COUNTS id=[ 384, 7343 ] end=163840 piso=6320640
COUNTS id=[ 384, 7344 ] end=163840 piso=6302208
COUNTS id=[ 384, 7345 ] end=208896 piso=17573376
COUNTS id=[ 384, 7346 ] end=208896 piso=17044992
COUNTS id=[ 384, 7347 ] end=491520 piso=13358592
COUNTS id=[ 384, 7348 ] end=491520 piso=13014528
COUNTS id=[ 384, 7349 ] end=163840 piso=4780032
COUNTS id=[ 384, 7350 ] end=163840 piso=4764672
COUNTS id=[ 384, 7351 ] end=442368 piso=10692096
COUNTS id=[ 384, 7352 ] end=442368 piso=10606080
COUNTS id=[ 384, 7353 ] end=172032 piso=5723136
COUNTS id=[ 384, 7354 ] end=442368 piso=8239104
COUNTS id=[ 384, 7355 ] end=184320 piso=7635456
COUNTS id=[ 384, 7356 ] end=442368 piso=8042496
COUNTS id=[ 384, 7357 ] end=573440 piso=14943744
COUNTS id=[ 384, 7358 ] end=258048 piso=12183552
COUNTS id=[ 384, 7359 ] end=749568 piso=14747136
COUNTS id=[ 384, 7360 ] end=442368 piso=8260608
COUNTS id=[ 384, 7361 ] end=466944 piso=12201984
COUNTS id=[ 384, 7362 ] end=188416 piso=9934848
COUNTS id=[ 384, 7363 ] end=372736 piso=6572544
COUNTS id=[ 384, 7364 ] end=163840 piso=4675584
COUNTS id=[ 384, 7365 ] end=163840 piso=5073408
COUNTS id=[ 384, 7366 ] end=892928 piso=17385984
COUNTS id=[ 384, 7367 ] end=1249280 piso=27864576
COUNTS id=[ 384, 7368 ] end=1396736 piso=28389888
PROGRESS checked=200 hits=0 reversed=0 runtime_ms=650431
COUNTS id=[ 384, 7369 ] end=843776 piso=15189504
COUNTS id=[ 384, 7370 ] end=487424 piso=9693696
COUNTS id=[ 384, 7371 ] end=487424 piso=11484672
COUNTS id=[ 384, 7372 ] end=430080 piso=9054720
COUNTS id=[ 384, 7373 ] end=172032 piso=7053312
COUNTS id=[ 384, 7374 ] end=712704 piso=16393728
COUNTS id=[ 384, 7375 ] end=761856 piso=16409088
COUNTS id=[ 384, 7376 ] end=430080 piso=8644608
COUNTS id=[ 384, 7377 ] end=430080 piso=8174592
COUNTS id=[ 384, 7378 ] end=417792 piso=8808960
COUNTS id=[ 384, 7379 ] end=417792 piso=8762880
COUNTS id=[ 384, 7380 ] end=442368 piso=10931712
COUNTS id=[ 384, 7381 ] end=442368 piso=10897920
COUNTS id=[ 384, 7382 ] end=172032 piso=7073280
COUNTS id=[ 384, 7383 ] end=430080 piso=8821248
COUNTS id=[ 384, 7384 ] end=430080 piso=8332800
COUNTS id=[ 384, 7385 ] end=430080 piso=8848896
COUNTS id=[ 384, 7386 ] end=724992 piso=14097408
COUNTS id=[ 384, 7387 ] end=172032 piso=6835200
COUNTS id=[ 384, 7388 ] end=172032 piso=5524992
COUNTS id=[ 384, 7389 ] end=712704 piso=13774848
COUNTS id=[ 384, 7390 ] end=712704 piso=14254080
COUNTS id=[ 384, 7391 ] end=712704 piso=13780992
COUNTS id=[ 384, 7392 ] end=430080 piso=7401984
COUNTS id=[ 384, 7393 ] end=430080 piso=8355840
COUNTS id=[ 384, 7394 ] end=430080 piso=8878080
COUNTS id=[ 384, 7395 ] end=430080 piso=10685952
COUNTS id=[ 384, 7396 ] end=798720 piso=15836160
COUNTS id=[ 384, 7397 ] end=430080 piso=7541760
COUNTS id=[ 384, 7398 ] end=442368 piso=9451008
COUNTS id=[ 384, 7399 ] end=712704 piso=13069824
COUNTS id=[ 384, 7400 ] end=172032 piso=5715456
COUNTS id=[ 384, 7401 ] end=208896 piso=7719936
COUNTS id=[ 384, 7402 ] end=172032 piso=5552640
COUNTS id=[ 384, 7403 ] end=184320 piso=7237632
COUNTS id=[ 384, 7404 ] end=430080 piso=7446528
COUNTS id=[ 384, 7405 ] end=430080 piso=7428096
COUNTS id=[ 384, 7406 ] end=307200 piso=7993344
COUNTS id=[ 384, 7407 ] end=163840 piso=5088768
COUNTS id=[ 384, 7408 ] end=163840 piso=4721664
COUNTS id=[ 384, 7409 ] end=163840 piso=4770816
COUNTS id=[ 384, 7410 ] end=163840 piso=6409728
COUNTS id=[ 384, 7411 ] end=163840 piso=6418944
COUNTS id=[ 384, 7412 ] end=163840 piso=6360576
COUNTS id=[ 384, 7413 ] end=163840 piso=6357504
COUNTS id=[ 384, 7414 ] end=200704 piso=7110144
COUNTS id=[ 384, 7415 ] end=200704 piso=6974976
COUNTS id=[ 384, 7416 ] end=372736 piso=8165376
COUNTS id=[ 384, 7417 ] end=372736 piso=8146944
COUNTS id=[ 384, 7418 ] end=163840 piso=6311424
COUNTS id=[ 384, 7419 ] end=163840 piso=6286848
COUNTS id=[ 384, 7420 ] end=163840 piso=5005824
COUNTS id=[ 384, 7421 ] end=385024 piso=6673920
COUNTS id=[ 384, 7422 ] end=372736 piso=6633984
COUNTS id=[ 384, 7423 ] end=372736 piso=6637056
COUNTS id=[ 384, 7424 ] end=372736 piso=6710784
DONE checked=256 abelian=0 hits=0 reversed=0 skipped_abelian=0 closest=[ 384, 7174 ] min_ratio=4047/448 runtime_ms=799404
