{"command": ["/project/gap-4.16.1/gap", "-l", "/project/gap-4.16.1", "-q", "-b", "-T", "-m", "128m", "-o", "4g", "-c", "START_ORDER:=384;;END_ORDER:=384;;START_ID:=4865;;END_ID:=5120;;SKIP_ABELIAN:=true;;LOG_ALL:=true;;", "/project/scripts/search_19_20.g"], "source_hashes": {"scripts/search_19_20.g": "7b6a34e9163b58b0248b3c464ae8070783414cd7d14048136dd0e3547b906318", "scripts/lib_19_20.g": "fbcf2d3c4b0648cc1fa87d6e50fc923133d594c029b8430a365caf596ac7ccd5"}}
PARAMETERS start=384 end=384 start_id=4865 end_id=5120 skip_abelian=true log_all=true
ORDER_START order=384 groups=20169
COUNTS id=[ 384, 4865 ] end=9216 piso=82944
CLOSEST id=[ 384, 4865 ] end=9216 piso=82944 ratio=9
COUNTS id=[ 384, 4866 ] end=33792 piso=130560
CLOSEST id=[ 384, 4866 ] end=33792 piso=130560 ratio=85/22
COUNTS id=[ 384, 4867 ] end=19968 piso=76800
CLOSEST id=[ 384, 4867 ] end=19968 piso=76800 ratio=50/13
COUNTS id=[ 384, 4868 ] end=12288 piso=87552
COUNTS id=[ 384, 4869 ] end=18432 piso=73728
COUNTS id=[ 384, 4870 ] end=9216 piso=84480
COUNTS id=[ 384, 4871 ] end=30720 piso=127488
COUNTS id=[ 384, 4872 ] end=19200 piso=98304
COUNTS id=[ 384, 4873 ] end=10752 piso=67584
COUNTS id=[ 384, 4874 ] end=12288 piso=62976
COUNTS id=[ 384, 4875 ] end=6912 piso=69120
COUNTS id=[ 384, 4876 ] end=9216 piso=67584
COUNTS id=[ 384, 4877 ] end=16128 piso=98304
COUNTS id=[ 384, 4878 ] end=3840 piso=69120
COUNTS id=[ 384, 4879 ] end=10752 piso=62976
COUNTS id=[ 384, 4880 ] end=23808 piso=102912
COUNTS id=[ 384, 4881 ] end=13056 piso=59904
COUNTS id=[ 384, 4882 ] end=8448 piso=72192
COUNTS id=[ 384, 4883 ] end=11520 piso=56832
COUNTS id=[ 384, 4884 ] end=5376 piso=69120
COUNTS id=[ 384, 4885 ] end=20736 piso=99840
COUNTS id=[ 384, 4886 ] end=122880 piso=5896320
COUNTS id=[ 384, 4887 ] end=67584 piso=2351232
COUNTS id=[ 384, 4888 ] end=39936 piso=1143168
COUNTS id=[ 384, 4889 ] end=61440 piso=1455744
COUNTS id=[ 384, 4890 ] end=38400 piso=1065600
COUNTS id=[ 384, 4891 ] end=76032 piso=2517888
COUNTS id=[ 384, 4892 ] end=67584 piso=2243712
COUNTS id=[ 384, 4893 ] end=24576 piso=836736
COUNTS id=[ 384, 4894 ] end=9216 piso=436608
COUNTS id=[ 384, 4895 ] end=24576 piso=623232
COUNTS id=[ 384, 4896 ] end=13824 piso=571008
COUNTS id=[ 384, 4897 ] end=26880 piso=662400
COUNTS id=[ 384, 4898 ] end=64512 piso=2102400
COUNTS id=[ 384, 4899 ] end=15360 piso=590976
COUNTS id=[ 384, 4900 ] end=9216 piso=295296
COUNTS id=[ 384, 4901 ] end=21504 piso=454272
COUNTS id=[ 384, 4902 ] end=4608 piso=346752
COUNTS id=[ 384, 4903 ] end=26880 piso=499584
COUNTS id=[ 384, 4904 ] end=64512 piso=2130048
COUNTS id=[ 384, 4905 ] end=15360 piso=630912
COUNTS id=[ 384, 4906 ] end=9216 piso=261504
COUNTS id=[ 384, 4907 ] end=21504 piso=429696
COUNTS id=[ 384, 4908 ] end=4608 piso=303744
COUNTS id=[ 384, 4909 ] end=26880 piso=530304
COUNTS id=[ 384, 4910 ] end=127680 piso=4284288
COUNTS id=[ 384, 4911 ] end=30912 piso=367488
COUNTS id=[ 384, 4912 ] end=50112 piso=698496
COUNTS id=[ 384, 4913 ] end=24000 piso=286848
COUNTS id=[ 384, 4914 ] end=30912 piso=545664
COUNTS id=[ 384, 4915 ] end=30912 piso=352128
COUNTS id=[ 384, 4916 ] end=33984 piso=409728
COUNTS id=[ 384, 4917 ] end=18624 piso=296064
COUNTS id=[ 384, 4918 ] end=24000 piso=710016
COUNTS id=[ 384, 4919 ] end=19392 piso=221568
COUNTS id=[ 384, 4920 ] end=96960 piso=3608448
COUNTS id=[ 384, 4921 ] end=18624 piso=232320
COUNTS id=[ 384, 4922 ] end=31680 piso=418944
COUNTS id=[ 384, 4923 ] end=13248 piso=265344
COUNTS id=[ 384, 4924 ] end=18624 piso=588672
COUNTS id=[ 384, 4925 ] end=18624 piso=259968
COUNTS id=[ 384, 4926 ] end=15552 piso=292992
COUNTS id=[ 384, 4927 ] end=3264 piso=308352
COUNTS id=[ 384, 4928 ] end=7104 piso=746880
COUNTS id=[ 384, 4929 ] end=7104 piso=184704
COUNTS id=[ 384, 4930 ] end=89280 piso=3585408
COUNTS id=[ 384, 4931 ] end=15552 piso=212352
COUNTS id=[ 384, 4932 ] end=28608 piso=411264
COUNTS id=[ 384, 4933 ] end=30144 piso=405120
COUNTS id=[ 384, 4934 ] end=8640 piso=233088
COUNTS id=[ 384, 4935 ] end=10176 piso=233088
COUNTS id=[ 384, 4936 ] end=6336 piso=550272
COUNTS id=[ 384, 4937 ] end=15552 piso=212352
COUNTS id=[ 384, 4938 ] end=15552 piso=300672
COUNTS id=[ 384, 4939 ] end=6336 piso=309888
COUNTS id=[ 384, 4940 ] end=10176 piso=763776
COUNTS id=[ 384, 4941 ] end=7104 piso=192384
COUNTS id=[ 384, 4942 ] end=10176 piso=760704
COUNTS id=[ 384, 4943 ] end=7104 piso=195456
COUNTS id=[ 384, 4944 ] end=3264 piso=316032
COUNTS id=[ 384, 4945 ] end=17088 piso=294528
COUNTS id=[ 384, 4946 ] end=63168 piso=1479552
COUNTS id=[ 384, 4947 ] end=27840 piso=339840
COUNTS id=[ 384, 4948 ] end=19392 piso=232320
COUNTS id=[ 384, 4949 ] end=21696 piso=447360
COUNTS id=[ 384, 4950 ] end=44736 piso=1095552
COUNTS id=[ 384, 4951 ] end=7104 piso=210816
COUNTS id=[ 384, 4952 ] end=14016 piso=203136
COUNTS id=[ 384, 4953 ] end=15552 piso=204672
COUNTS id=[ 384, 4954 ] end=3264 piso=404352
COUNTS id=[ 384, 4955 ] end=5568 piso=190848
COUNTS id=[ 384, 4956 ] end=24384 piso=172128
COUNTS id=[ 384, 4957 ] end=24000 piso=153696
COUNTS id=[ 384, 4958 ] end=57408 piso=452448
COUNTS id=[ 384, 4959 ] end=38592 piso=295776
COUNTS id=[ 384, 4960 ] end=15936 piso=163680
COUNTS id=[ 384, 4961 ] end=12480 piso=166752
COUNTS id=[ 384, 4962 ] end=11328 piso=124512
COUNTS id=[ 384, 4963 ] end=7872 piso=127584
COUNTS id=[ 384, 4964 ] end=15936 piso=139104
PROGRESS checked=100 hits=0 reversed=0 runtime_ms=125114
COUNTS id=[ 384, 4965 ] end=15552 piso=160608
COUNTS id=[ 384, 4966 ] end=9792 piso=129888
COUNTS id=[ 384, 4967 ] end=6336 piso=145248
COUNTS id=[ 384, 4968 ] end=16704 piso=160608
COUNTS id=[ 384, 4969 ] end=14784 piso=120672
COUNTS id=[ 384, 4970 ] end=8256 piso=116064
COUNTS id=[ 384, 4971 ] end=3264 piso=128352
COUNTS id=[ 384, 4972 ] end=19776 piso=158304
COUNTS id=[ 384, 4973 ] end=13248 piso=127584
COUNTS id=[ 384, 4974 ] end=6720 piso=110688
COUNTS id=[ 384, 4975 ] end=3264 piso=119904
COUNTS id=[ 384, 4976 ] end=21312 piso=162912
COUNTS id=[ 384, 4977 ] end=19392 piso=150624
COUNTS id=[ 384, 4978 ] end=45120 piso=443232
COUNTS id=[ 384, 4979 ] end=32448 piso=292704
COUNTS id=[ 384, 4980 ] end=9792 piso=154464
COUNTS id=[ 384, 4981 ] end=6336 piso=163680
COUNTS id=[ 384, 4982 ] end=9792 piso=115296
COUNTS id=[ 384, 4983 ] end=7872 piso=124512
COUNTS id=[ 384, 4984 ] end=15936 piso=129888
COUNTS id=[ 384, 4985 ] end=15552 piso=157536
COUNTS id=[ 384, 4986 ] end=9792 piso=120672
COUNTS id=[ 384, 4987 ] end=6336 piso=142176
COUNTS id=[ 384, 4988 ] end=16704 piso=151392
COUNTS id=[ 384, 4989 ] end=13248 piso=117600
COUNTS id=[ 384, 4990 ] end=6720 piso=106848
COUNTS id=[ 384, 4991 ] end=3264 piso=125280
COUNTS id=[ 384, 4992 ] end=16704 piso=149088
COUNTS id=[ 384, 4993 ] end=13248 piso=124512
COUNTS id=[ 384, 4994 ] end=6720 piso=101472
COUNTS id=[ 384, 4995 ] end=3264 piso=116832
COUNTS id=[ 384, 4996 ] end=201408 piso=563712
CLOSEST id=[ 384, 4996 ] end=201408 piso=563712 ratio=2936/1049
COUNTS id=[ 384, 4997 ] end=107712 piso=446976
COUNTS id=[ 384, 4998 ] end=49344 piso=348672
COUNTS id=[ 384, 4999 ] end=53952 piso=268800
COUNTS id=[ 384, 5000 ] end=107712 piso=483840
COUNTS id=[ 384, 5001 ] end=49344 piso=385536
COUNTS id=[ 384, 5002 ] end=53952 piso=305664
COUNTS id=[ 384, 5003 ] end=805056 piso=2793984
COUNTS id=[ 384, 5004 ] end=196800 piso=680448
COUNTS id=[ 384, 5005 ] end=53952 piso=302592
COUNTS id=[ 384, 5006 ] end=83136 piso=443904
COUNTS id=[ 384, 5007 ] end=24768 piso=394752
COUNTS id=[ 384, 5008 ] end=46272 piso=382464
COUNTS id=[ 384, 5009 ] end=12480 piso=321024
COUNTS id=[ 384, 5010 ] end=29376 piso=253440
COUNTS id=[ 384, 5011 ] end=29376 piso=290304
COUNTS id=[ 384, 5012 ] end=149184 piso=941568
COUNTS id=[ 384, 5013 ] end=41664 piso=327168
COUNTS id=[ 384, 5014 ] end=37056 piso=333312
ABELIAN_SKIPPED id=[ 384, 5015 ] reason=known_equality
COUNTS id=[ 384, 5016 ] end=983040 piso=1179648
CLOSEST id=[ 384, 5016 ] end=983040 piso=1179648 ratio=6/5
COUNTS id=[ 384, 5017 ] end=344064 piso=559104
COUNTS id=[ 384, 5018 ] end=393216 piso=4792320
COUNTS id=[ 384, 5019 ] end=294912 piso=3612672
COUNTS id=[ 384, 5020 ] end=147456 piso=1290240
COUNTS id=[ 384, 5021 ] end=221184 piso=1363968
COUNTS id=[ 384, 5022 ] end=122880 piso=1388544
COUNTS id=[ 384, 5023 ] end=294912 piso=4018176
COUNTS id=[ 384, 5024 ] end=208896 piso=1351680
COUNTS id=[ 384, 5025 ] end=442368 piso=7151616
COUNTS id=[ 384, 5026 ] end=245760 piso=1695744
COUNTS id=[ 384, 5027 ] end=294912 piso=3059712
COUNTS id=[ 384, 5028 ] end=98304 piso=1425408
COUNTS id=[ 384, 5029 ] end=73728 piso=1327104
COUNTS id=[ 384, 5030 ] end=589824 piso=111329280
COUNTS id=[ 384, 5031 ] end=294912 piso=2174976
COUNTS id=[ 384, 5032 ] end=245760 piso=2801664
COUNTS id=[ 384, 5033 ] end=147456 piso=1093632
COUNTS id=[ 384, 5034 ] end=135168 piso=1062912
COUNTS id=[ 384, 5035 ] end=196608 piso=958464
COUNTS id=[ 384, 5036 ] end=147456 piso=958464
COUNTS id=[ 384, 5037 ] end=122880 piso=337920
COUNTS id=[ 384, 5038 ] end=43008 piso=129408
COUNTS id=[ 384, 5039 ] end=294912 piso=3299328
COUNTS id=[ 384, 5040 ] end=245760 piso=3299328
COUNTS id=[ 384, 5041 ] end=110592 piso=768000
COUNTS id=[ 384, 5042 ] end=196608 piso=1153536
COUNTS id=[ 384, 5043 ] end=135168 piso=1153536
COUNTS id=[ 384, 5044 ] end=116736 piso=754176
COUNTS id=[ 384, 5045 ] end=245760 piso=2589696
COUNTS id=[ 384, 5046 ] end=159744 piso=1784832
COUNTS id=[ 384, 5047 ] end=86016 piso=531456
COUNTS id=[ 384, 5048 ] end=36864 piso=181632
COUNTS id=[ 384, 5049 ] end=172032 piso=1297920
COUNTS id=[ 384, 5050 ] end=129024 piso=597504
COUNTS id=[ 384, 5051 ] end=196608 piso=2090496
COUNTS id=[ 384, 5052 ] end=122880 piso=812544
COUNTS id=[ 384, 5053 ] end=184320 piso=2090496
COUNTS id=[ 384, 5054 ] end=110592 piso=812544
COUNTS id=[ 384, 5055 ] end=49152 piso=213504
COUNTS id=[ 384, 5056 ] end=49152 piso=213504
COUNTS id=[ 384, 5057 ] end=196608 piso=940032
COUNTS id=[ 384, 5058 ] end=147456 piso=940032
COUNTS id=[ 384, 5059 ] end=73728 piso=331776
COUNTS id=[ 384, 5060 ] end=147456 piso=367104
COUNTS id=[ 384, 5061 ] end=110592 piso=317952
COUNTS id=[ 384, 5062 ] end=79872 piso=311808
COUNTS id=[ 384, 5063 ] end=43008 piso=144384
COUNTS id=[ 384, 5064 ] end=43008 piso=144384
COUNTS id=[ 384, 5065 ] end=172032 piso=614400
PROGRESS checked=200 hits=0 reversed=0 runtime_ms=279328
COUNTS id=[ 384, 5066 ] end=172032 piso=614400
COUNTS id=[ 384, 5067 ] end=135168 piso=577536
COUNTS id=[ 384, 5068 ] end=49152 piso=159744
COUNTS id=[ 384, 5069 ] end=36864 piso=159744
COUNTS id=[ 384, 5070 ] end=393216 piso=201670656
COUNTS id=[ 384, 5071 ] end=196608 piso=6254592
COUNTS id=[ 384, 5072 ] end=589824 piso=403243008
COUNTS id=[ 384, 5073 ] end=196608 piso=6819840
COUNTS id=[ 384, 5074 ] end=442368 piso=402505728
COUNTS id=[ 384, 5075 ] end=147456 piso=37601280
COUNTS id=[ 384, 5076 ] end=147456 piso=6057984
COUNTS id=[ 384, 5077 ] end=417792 piso=402559488
COUNTS id=[ 384, 5078 ] end=122880 piso=37851648
COUNTS id=[ 384, 5079 ] end=159744 piso=6320640
COUNTS id=[ 384, 5080 ] end=159744 piso=6320640
COUNTS id=[ 384, 5081 ] end=310272 piso=10940928
COUNTS id=[ 384, 5082 ] end=113664 piso=3244416
COUNTS id=[ 384, 5083 ] end=245760 piso=10059264
COUNTS id=[ 384, 5084 ] end=61440 piso=5654016
COUNTS id=[ 384, 5085 ] end=113664 piso=3210624
COUNTS id=[ 384, 5086 ] end=208896 piso=9919488
COUNTS id=[ 384, 5087 ] end=61440 piso=5495808
COUNTS id=[ 384, 5088 ] end=98304 piso=3262464
COUNTS id=[ 384, 5089 ] end=61440 piso=768000
COUNTS id=[ 384, 5090 ] end=129024 piso=2442240
COUNTS id=[ 384, 5091 ] end=92160 piso=1784832
COUNTS id=[ 384, 5092 ] end=55296 piso=531456
COUNTS id=[ 384, 5093 ] end=116736 piso=2159616
COUNTS id=[ 384, 5094 ] end=79872 piso=857088
COUNTS id=[ 384, 5095 ] end=92160 piso=2030592
COUNTS id=[ 384, 5096 ] end=55296 piso=678912
COUNTS id=[ 384, 5097 ] end=49152 piso=571392
COUNTS id=[ 384, 5098 ] end=122880 piso=1302528
COUNTS id=[ 384, 5099 ] end=122880 piso=1302528
COUNTS id=[ 384, 5100 ] end=86016 piso=970752
COUNTS id=[ 384, 5101 ] end=49152 piso=897024
COUNTS id=[ 384, 5102 ] end=36864 piso=651264
COUNTS id=[ 384, 5103 ] end=33792 piso=224640
COUNTS id=[ 384, 5104 ] end=21504 piso=227712
COUNTS id=[ 384, 5105 ] end=24576 piso=173952
COUNTS id=[ 384, 5106 ] end=33792 piso=238464
COUNTS id=[ 384, 5107 ] end=33792 piso=238464
COUNTS id=[ 384, 5108 ] end=98304 piso=3268608
COUNTS id=[ 384, 5109 ] end=73728 piso=774144
COUNTS id=[ 384, 5110 ] end=221184 piso=103563264
COUNTS id=[ 384, 5111 ] end=122880 piso=1314816
COUNTS id=[ 384, 5112 ] end=73728 piso=2457600
COUNTS id=[ 384, 5113 ] end=73728 piso=749568
COUNTS id=[ 384, 5114 ] end=86016 piso=2880000
COUNTS id=[ 384, 5115 ] end=86016 piso=2880000
COUNTS id=[ 384, 5116 ] end=73728 piso=963072
COUNTS id=[ 384, 5117 ] end=67584 piso=1012224
COUNTS id=[ 384, 5118 ] end=39936 piso=353280
COUNTS id=[ 384, 5119 ] end=86016 piso=1445376
COUNTS id=[ 384, 5120 ] end=67584 piso=1052160
DONE checked=255 abelian=0 hits=0 reversed=0 skipped_abelian=1 closest=[ 384, 5016 ] min_ratio=6/5 runtime_ms=393213
