{"command": ["/project/gap-4.16.1/gap", "-l", "/project/gap-4.16.1", "-q", "-b", "-T", "-m", "128m", "-o", "4g", "-c", "START_ORDER:=288;;END_ORDER:=288;;START_ID:=1;;END_ID:=256;;SKIP_ABELIAN:=true;;LOG_ALL:=true;;", "/project/scripts/search_19_20.g"], "source_hashes": {"scripts/search_19_20.g": "7b6a34e9163b58b0248b3c464ae8070783414cd7d14048136dd0e3547b906318", "scripts/lib_19_20.g": "fbcf2d3c4b0648cc1fa87d6e50fc923133d594c029b8430a365caf596ac7ccd5"}}
PARAMETERS start=288 end=288 start_id=1 end_id=256 skip_abelian=true log_all=true
ORDER_START order=288 groups=1045
COUNTS id=[ 288, 1 ] end=1312 piso=3168
CLOSEST id=[ 288, 1 ] end=1312 piso=3168 ratio=99/41
ABELIAN_SKIPPED id=[ 288, 2 ] reason=known_equality
COUNTS id=[ 288, 3 ] end=1539 piso=23040
COUNTS id=[ 288, 4 ] end=3200 piso=12096
COUNTS id=[ 288, 5 ] end=3040 piso=12096
COUNTS id=[ 288, 6 ] end=21316 piso=166320
COUNTS id=[ 288, 7 ] end=10660 piso=71280
COUNTS id=[ 288, 8 ] end=10372 piso=117936
COUNTS id=[ 288, 9 ] end=20992 piso=50688
COUNTS id=[ 288, 10 ] end=10624 piso=50688
COUNTS id=[ 288, 11 ] end=10432 piso=38592
COUNTS id=[ 288, 12 ] end=5824 piso=44640
COUNTS id=[ 288, 13 ] end=7040 piso=128160
COUNTS id=[ 288, 14 ] end=6432 piso=45504
COUNTS id=[ 288, 15 ] end=6432 piso=45504
COUNTS id=[ 288, 16 ] end=5536 piso=101088
COUNTS id=[ 288, 17 ] end=11296 piso=235872
COUNTS id=[ 288, 18 ] end=5248 piso=12672
COUNTS id=[ 288, 19 ] end=2656 piso=12672
COUNTS id=[ 288, 20 ] end=5216 piso=37440
COUNTS id=[ 288, 21 ] end=12800 piso=48384
COUNTS id=[ 288, 22 ] end=3520 piso=39744
COUNTS id=[ 288, 23 ] end=12160 piso=48384
COUNTS id=[ 288, 24 ] end=5792 piso=135648
COUNTS id=[ 288, 25 ] end=20768 piso=98496
COUNTS id=[ 288, 26 ] end=20768 piso=98496
COUNTS id=[ 288, 27 ] end=6400 piso=106560
COUNTS id=[ 288, 28 ] end=11552 piso=247392
COUNTS id=[ 288, 29 ] end=2912 piso=28224
COUNTS id=[ 288, 30 ] end=6080 piso=104544
COUNTS id=[ 288, 31 ] end=11840 piso=240480
COUNTS id=[ 288, 32 ] end=6080 piso=71136
COUNTS id=[ 288, 33 ] end=7876 piso=60624
COUNTS id=[ 288, 34 ] end=5284 piso=39312
COUNTS id=[ 288, 35 ] end=7204 piso=50832
COUNTS id=[ 288, 36 ] end=5764 piso=46800
COUNTS id=[ 288, 37 ] end=10496 piso=45504
COUNTS id=[ 288, 38 ] end=25600 piso=459648
COUNTS id=[ 288, 39 ] end=10560 piso=66528
COUNTS id=[ 288, 40 ] end=7968 piso=55008
COUNTS id=[ 288, 41 ] end=15744 piso=103968
COUNTS id=[ 288, 42 ] end=10432 piso=55008
COUNTS id=[ 288, 43 ] end=7840 piso=44640
COUNTS id=[ 288, 44 ] end=5312 piso=40032
COUNTS id=[ 288, 45 ] end=9216 piso=49536
ABELIAN_SKIPPED id=[ 288, 46 ] reason=known_equality
COUNTS id=[ 288, 47 ] end=3456 piso=4608
CLOSEST id=[ 288, 47 ] end=3456 piso=4608 ratio=4/3
COUNTS id=[ 288, 48 ] end=2304 piso=10944
COUNTS id=[ 288, 49 ] end=3456 piso=23328
COUNTS id=[ 288, 50 ] end=2880 piso=20448
COUNTS id=[ 288, 51 ] end=1728 piso=8928
COUNTS id=[ 288, 52 ] end=2592 piso=20448
COUNTS id=[ 288, 53 ] end=1440 piso=10080
COUNTS id=[ 288, 54 ] end=1728 piso=6624
COUNTS id=[ 288, 55 ] end=1728 piso=4032
COUNTS id=[ 288, 56 ] end=2592 piso=6336
COUNTS id=[ 288, 57 ] end=2592 piso=6336
COUNTS id=[ 288, 58 ] end=864 piso=2880
ABELIAN_SKIPPED id=[ 288, 59 ] reason=known_equality
COUNTS id=[ 288, 60 ] end=864 piso=1152
COUNTS id=[ 288, 61 ] end=2916 piso=9648
COUNTS id=[ 288, 62 ] end=1476 piso=4464
COUNTS id=[ 288, 63 ] end=1188 piso=7344
COUNTS id=[ 288, 64 ] end=576 piso=2016
COUNTS id=[ 288, 65 ] end=11680 piso=23328
ABELIAN_SKIPPED id=[ 288, 66 ] reason=known_equality
COUNTS id=[ 288, 67 ] end=3568 piso=57312
COUNTS id=[ 288, 68 ] end=2176 piso=33984
COUNTS id=[ 288, 69 ] end=1960 piso=46296
COUNTS id=[ 288, 70 ] end=1096 piso=34200
COUNTS id=[ 288, 71 ] end=3096 piso=32256
COUNTS id=[ 288, 72 ] end=864 piso=12312
COUNTS id=[ 288, 73 ] end=3132 piso=279936
COUNTS id=[ 288, 74 ] end=1368 piso=12960
COUNTS id=[ 288, 75 ] end=1980 piso=54144
COUNTS id=[ 288, 76 ] end=864 piso=7488
COUNTS id=[ 288, 77 ] end=432 piso=3672
COUNTS id=[ 288, 78 ] end=27904 piso=248544
COUNTS id=[ 288, 79 ] end=92224 piso=517248
COUNTS id=[ 288, 80 ] end=20800 piso=237312
COUNTS id=[ 288, 81 ] end=139264 piso=728064
COUNTS id=[ 288, 82 ] end=30208 piso=213120
COUNTS id=[ 288, 83 ] end=55552 piso=448992
COUNTS id=[ 288, 84 ] end=345664 piso=2314368
COUNTS id=[ 288, 85 ] end=48448 piso=417024
COUNTS id=[ 288, 86 ] end=24256 piso=191520
COUNTS id=[ 288, 87 ] end=17920 piso=269568
COUNTS id=[ 288, 88 ] end=18944 piso=291168
COUNTS id=[ 288, 89 ] end=6848 piso=148896
COUNTS id=[ 288, 90 ] end=104448 piso=5857920
COUNTS id=[ 288, 91 ] end=29440 piso=353376
COUNTS id=[ 288, 92 ] end=119744 piso=6640128
COUNTS id=[ 288, 93 ] end=16064 piso=215424
COUNTS id=[ 288, 94 ] end=30464 piso=489312
COUNTS id=[ 288, 95 ] end=17216 piso=254592
COUNTS id=[ 288, 96 ] end=20672 piso=277632
COUNTS id=[ 288, 97 ] end=18688 piso=285408
COUNTS id=[ 288, 98 ] end=46144 piso=425088
COUNTS id=[ 288, 99 ] end=6976 piso=191232
COUNTS id=[ 288, 100 ] end=11584 piso=205056
COUNTS id=[ 288, 101 ] end=52224 piso=546048
COUNTS id=[ 288, 102 ] end=30208 piso=233856
COUNTS id=[ 288, 103 ] end=46336 piso=453600
COUNTS id=[ 288, 104 ] end=24256 piso=340992
PROGRESS checked=100 hits=0 reversed=0 runtime_ms=72540
COUNTS id=[ 288, 105 ] end=70912 piso=819936
COUNTS id=[ 288, 106 ] end=17920 piso=250848
COUNTS id=[ 288, 107 ] end=22528 piso=264672
COUNTS id=[ 288, 108 ] end=15040 piso=166176
COUNTS id=[ 288, 109 ] end=41536 piso=464832
COUNTS id=[ 288, 110 ] end=34816 piso=182016
COUNTS id=[ 288, 111 ] end=28928 piso=149760
COUNTS id=[ 288, 112 ] end=7616 piso=70560
COUNTS id=[ 288, 113 ] end=48448 piso=369216
COUNTS id=[ 288, 114 ] end=96832 piso=1006272
COUNTS id=[ 288, 115 ] end=12736 piso=152640
COUNTS id=[ 288, 116 ] end=21760 piso=134784
COUNTS id=[ 288, 117 ] end=7616 piso=70560
COUNTS id=[ 288, 118 ] end=36640 piso=362592
COUNTS id=[ 288, 119 ] end=8992 piso=192096
COUNTS id=[ 288, 120 ] end=44608 piso=731232
COUNTS id=[ 288, 121 ] end=21792 piso=243648
COUNTS id=[ 288, 122 ] end=7104 piso=129888
COUNTS id=[ 288, 123 ] end=22848 piso=271584
COUNTS id=[ 288, 124 ] end=23968 piso=303552
COUNTS id=[ 288, 125 ] end=4384 piso=144576
COUNTS id=[ 288, 126 ] end=6976 piso=118368
COUNTS id=[ 288, 127 ] end=9792 piso=295776
COUNTS id=[ 288, 128 ] end=6560 piso=142272
COUNTS id=[ 288, 129 ] end=11456 piso=189792
COUNTS id=[ 288, 130 ] end=83968 piso=202752
COUNTS id=[ 288, 131 ] end=21760 piso=105984
COUNTS id=[ 288, 132 ] end=204800 piso=774144
COUNTS id=[ 288, 133 ] end=56320 piso=552960
COUNTS id=[ 288, 134 ] end=23552 piso=211680
COUNTS id=[ 288, 135 ] end=166912 piso=608256
COUNTS id=[ 288, 136 ] end=42496 piso=203904
COUNTS id=[ 288, 137 ] end=120832 piso=5833728
COUNTS id=[ 288, 138 ] end=30976 piso=225504
COUNTS id=[ 288, 139 ] end=25280 piso=193536
COUNTS id=[ 288, 140 ] end=53504 piso=467424
COUNTS id=[ 288, 141 ] end=21824 piso=176832
COUNTS id=[ 288, 142 ] end=42560 piso=376128
COUNTS id=[ 288, 143 ] end=10016 piso=99936
COUNTS id=[ 288, 144 ] end=94464 piso=473184
COUNTS id=[ 288, 145 ] end=11456 piso=273024
COUNTS id=[ 288, 146 ] end=21824 piso=291456
COUNTS id=[ 288, 147 ] end=99264 piso=5861376
COUNTS id=[ 288, 148 ] end=34048 piso=323424
COUNTS id=[ 288, 149 ] end=29440 piso=351072
COUNTS id=[ 288, 150 ] end=86592 piso=995328
COUNTS id=[ 288, 151 ] end=23104 piso=207936
COUNTS id=[ 288, 152 ] end=39232 piso=301248
COUNTS id=[ 288, 153 ] end=8992 piso=86112
COUNTS id=[ 288, 154 ] end=30784 piso=285696
COUNTS id=[ 288, 155 ] end=52480 piso=286560
COUNTS id=[ 288, 156 ] end=19456 piso=210528
COUNTS id=[ 288, 157 ] end=39232 piso=365184
COUNTS id=[ 288, 158 ] end=8128 piso=87840
COUNTS id=[ 288, 159 ] end=5408 piso=133344
COUNTS id=[ 288, 160 ] end=23840 piso=271584
COUNTS id=[ 288, 161 ] end=6848 piso=68544
COUNTS id=[ 288, 162 ] end=169984 piso=1170432
COUNTS id=[ 288, 163 ] end=95680 piso=1090944
ABELIAN_SKIPPED id=[ 288, 164 ] reason=known_equality
COUNTS id=[ 288, 165 ] end=55296 piso=617472
COUNTS id=[ 288, 166 ] end=27648 piso=55296
COUNTS id=[ 288, 167 ] end=13824 piso=24192
COUNTS id=[ 288, 168 ] end=20736 piso=42336
COUNTS id=[ 288, 169 ] end=11520 piso=26208
COUNTS id=[ 288, 170 ] end=54720 piso=685440
COUNTS id=[ 288, 171 ] end=20736 piso=60768
COUNTS id=[ 288, 172 ] end=9216 piso=26208
COUNTS id=[ 288, 173 ] end=10944 piso=32256
COUNTS id=[ 288, 174 ] end=12096 piso=34560
COUNTS id=[ 288, 175 ] end=2880 piso=20736
COUNTS id=[ 288, 176 ] end=6336 piso=17568
COUNTS id=[ 288, 177 ] end=51264 piso=139392
COUNTS id=[ 288, 178 ] end=19008 piso=38016
ABELIAN_SKIPPED id=[ 288, 179 ] reason=known_equality
COUNTS id=[ 288, 180 ] end=11520 piso=13824
CLOSEST id=[ 288, 180 ] end=11520 piso=13824 ratio=6/5
COUNTS id=[ 288, 181 ] end=4032 piso=7200
COUNTS id=[ 288, 182 ] end=23616 piso=75456
COUNTS id=[ 288, 183 ] end=12096 piso=28224
COUNTS id=[ 288, 184 ] end=5184 piso=31680
COUNTS id=[ 288, 185 ] end=4032 piso=12096
COUNTS id=[ 288, 186 ] end=11808 piso=28512
COUNTS id=[ 288, 187 ] end=2592 piso=14688
COUNTS id=[ 288, 188 ] end=1376 piso=14112
COUNTS id=[ 288, 189 ] end=3520 piso=21312
COUNTS id=[ 288, 190 ] end=5440 piso=43776
COUNTS id=[ 288, 191 ] end=2080 piso=21312
COUNTS id=[ 288, 192 ] end=5344 piso=43776
COUNTS id=[ 288, 193 ] end=11332 piso=77040
COUNTS id=[ 288, 194 ] end=14308 piso=294192
COUNTS id=[ 288, 195 ] end=5668 piso=41904
COUNTS id=[ 288, 196 ] end=5956 piso=162288
COUNTS id=[ 288, 197 ] end=11812 piso=247536
COUNTS id=[ 288, 198 ] end=10372 piso=65520
COUNTS id=[ 288, 199 ] end=6916 piso=190512
COUNTS id=[ 288, 200 ] end=14080 piso=85248
COUNTS id=[ 288, 201 ] end=21760 piso=175104
COUNTS id=[ 288, 202 ] end=8320 piso=85248
COUNTS id=[ 288, 203 ] end=21376 piso=175104
COUNTS id=[ 288, 204 ] end=7040 piso=96768
COUNTS id=[ 288, 205 ] end=10880 piso=379584
COUNTS id=[ 288, 206 ] end=8000 piso=142560
PROGRESS checked=200 hits=0 reversed=0 runtime_ms=152901
COUNTS id=[ 288, 207 ] end=21056 piso=1013472
COUNTS id=[ 288, 208 ] end=7232 piso=101088
COUNTS id=[ 288, 209 ] end=10688 piso=421344
COUNTS id=[ 288, 210 ] end=6560 piso=132192
COUNTS id=[ 288, 211 ] end=8864 piso=216288
COUNTS id=[ 288, 212 ] end=15968 piso=1000800
COUNTS id=[ 288, 213 ] end=5792 piso=96480
COUNTS id=[ 288, 214 ] end=8096 piso=187488
COUNTS id=[ 288, 215 ] end=5600 piso=421344
COUNTS id=[ 288, 216 ] end=5888 piso=164448
COUNTS id=[ 288, 217 ] end=3584 piso=75168
COUNTS id=[ 288, 218 ] end=8192 piso=167328
COUNTS id=[ 288, 219 ] end=6656 piso=73728
COUNTS id=[ 288, 220 ] end=5696 piso=160704
COUNTS id=[ 288, 221 ] end=12704 piso=184896
COUNTS id=[ 288, 222 ] end=10784 piso=96192
COUNTS id=[ 288, 223 ] end=12704 piso=184896
COUNTS id=[ 288, 224 ] end=10784 piso=96192
COUNTS id=[ 288, 225 ] end=3488 piso=72000
COUNTS id=[ 288, 226 ] end=5216 piso=73152
COUNTS id=[ 288, 227 ] end=30976 piso=1104768
COUNTS id=[ 288, 228 ] end=10240 piso=262368
COUNTS id=[ 288, 229 ] end=11392 piso=433440
COUNTS id=[ 288, 230 ] end=5481 piso=69120
COUNTS id=[ 288, 231 ] end=1728 piso=5184
COUNTS id=[ 288, 232 ] end=1440 piso=5184
COUNTS id=[ 288, 233 ] end=7524 piso=43632
COUNTS id=[ 288, 234 ] end=3780 piso=20016
COUNTS id=[ 288, 235 ] end=3492 piso=32112
COUNTS id=[ 288, 236 ] end=9216 piso=32256
COUNTS id=[ 288, 237 ] end=5760 piso=32256
COUNTS id=[ 288, 238 ] end=4032 piso=29376
COUNTS id=[ 288, 239 ] end=2880 piso=36576
COUNTS id=[ 288, 240 ] end=4608 piso=110304
COUNTS id=[ 288, 241 ] end=3744 piso=32832
COUNTS id=[ 288, 242 ] end=3744 piso=32832
COUNTS id=[ 288, 243 ] end=4896 piso=84960
COUNTS id=[ 288, 244 ] end=2592 piso=46944
COUNTS id=[ 288, 245 ] end=2304 piso=8064
COUNTS id=[ 288, 246 ] end=1440 piso=8064
COUNTS id=[ 288, 247 ] end=6912 piso=20736
COUNTS id=[ 288, 248 ] end=2304 piso=18432
COUNTS id=[ 288, 249 ] end=5760 piso=20736
COUNTS id=[ 288, 250 ] end=2592 piso=43488
COUNTS id=[ 288, 251 ] end=7200 piso=31680
COUNTS id=[ 288, 252 ] end=7200 piso=31680
COUNTS id=[ 288, 253 ] end=2016 piso=15552
COUNTS id=[ 288, 254 ] end=3456 piso=41472
COUNTS id=[ 288, 255 ] end=4896 piso=79200
COUNTS id=[ 288, 256 ] end=1440 piso=14400
DONE checked=250 abelian=0 hits=0 reversed=0 skipped_abelian=6 closest=[ 288, 180 ] min_ratio=6/5 runtime_ms=182847
