{"command": ["/project/gap-4.16.1/gap", "-l", "/project/gap-4.16.1", "-q", "-b", "-T", "-m", "128m", "-o", "4g", "-c", "START_ORDER:=384;;END_ORDER:=384;;START_ID:=3329;;END_ID:=3584;;SKIP_ABELIAN:=true;;LOG_ALL:=true;;", "/project/scripts/search_19_20.g"], "source_hashes": {"scripts/search_19_20.g": "7b6a34e9163b58b0248b3c464ae8070783414cd7d14048136dd0e3547b906318", "scripts/lib_19_20.g": "fbcf2d3c4b0648cc1fa87d6e50fc923133d594c029b8430a365caf596ac7ccd5"}}
PARAMETERS start=384 end=384 start_id=3329 end_id=3584 skip_abelian=true log_all=true
ORDER_START order=384 groups=20169
COUNTS id=[ 384, 3329 ] end=11264 piso=218112
CLOSEST id=[ 384, 3329 ] end=11264 piso=218112 ratio=213/11
COUNTS id=[ 384, 3330 ] end=39936 piso=775680
COUNTS id=[ 384, 3331 ] end=39936 piso=741888
CLOSEST id=[ 384, 3331 ] end=39936 piso=741888 ratio=483/26
COUNTS id=[ 384, 3332 ] end=104448 piso=5305344
COUNTS id=[ 384, 3333 ] end=104448 piso=5305344
COUNTS id=[ 384, 3334 ] end=54272 piso=961536
CLOSEST id=[ 384, 3334 ] end=54272 piso=961536 ratio=939/53
COUNTS id=[ 384, 3335 ] end=29696 piso=350208
CLOSEST id=[ 384, 3335 ] end=29696 piso=350208 ratio=342/29
COUNTS id=[ 384, 3336 ] end=29696 piso=350208
COUNTS id=[ 384, 3337 ] end=54272 piso=927744
COUNTS id=[ 384, 3338 ] end=103424 piso=5329920
COUNTS id=[ 384, 3339 ] end=32768 piso=677376
COUNTS id=[ 384, 3340 ] end=29696 piso=374784
COUNTS id=[ 384, 3341 ] end=54272 piso=897024
COUNTS id=[ 384, 3342 ] end=30720 piso=1446912
COUNTS id=[ 384, 3343 ] end=30720 piso=1446912
COUNTS id=[ 384, 3344 ] end=23552 piso=635904
COUNTS id=[ 384, 3345 ] end=23552 piso=602112
COUNTS id=[ 384, 3346 ] end=29696 piso=1471488
COUNTS id=[ 384, 3347 ] end=23552 piso=571392
COUNTS id=[ 384, 3348 ] end=54272 piso=970752
COUNTS id=[ 384, 3349 ] end=60416 piso=940032
COUNTS id=[ 384, 3350 ] end=167936 piso=19365888
COUNTS id=[ 384, 3351 ] end=54272 piso=906240
COUNTS id=[ 384, 3352 ] end=23552 piso=645120
COUNTS id=[ 384, 3353 ] end=29696 piso=614400
COUNTS id=[ 384, 3354 ] end=45056 piso=3256320
COUNTS id=[ 384, 3355 ] end=45056 piso=3293184
COUNTS id=[ 384, 3356 ] end=45056 piso=3256320
COUNTS id=[ 384, 3357 ] end=23552 piso=580608
COUNTS id=[ 384, 3358 ] end=61440 piso=1978368
COUNTS id=[ 384, 3359 ] end=110592 piso=5342208
COUNTS id=[ 384, 3360 ] end=88064 piso=3760128
COUNTS id=[ 384, 3361 ] end=48128 piso=1290240
COUNTS id=[ 384, 3362 ] end=36864 piso=1483776
COUNTS id=[ 384, 3363 ] end=26624 piso=1081344
COUNTS id=[ 384, 3364 ] end=35840 piso=976896
COUNTS id=[ 384, 3365 ] end=60416 piso=1473024
COUNTS id=[ 384, 3366 ] end=60416 piso=1382400
COUNTS id=[ 384, 3367 ] end=35840 piso=812544
COUNTS id=[ 384, 3368 ] end=29696 piso=1202688
COUNTS id=[ 384, 3369 ] end=29696 piso=1044480
COUNTS id=[ 384, 3370 ] end=14336 piso=282624
COUNTS id=[ 384, 3371 ] end=20480 piso=267264
COUNTS id=[ 384, 3372 ] end=11264 piso=205824
COUNTS id=[ 384, 3373 ] end=11264 piso=254976
COUNTS id=[ 384, 3374 ] end=32768 piso=677376
COUNTS id=[ 384, 3375 ] end=103424 piso=5329920
COUNTS id=[ 384, 3376 ] end=29696 piso=436224
COUNTS id=[ 384, 3377 ] end=54272 piso=897024
COUNTS id=[ 384, 3378 ] end=29696 piso=1471488
COUNTS id=[ 384, 3379 ] end=23552 piso=571392
COUNTS id=[ 384, 3380 ] end=88064 piso=3790848
COUNTS id=[ 384, 3381 ] end=29696 piso=384000
COUNTS id=[ 384, 3382 ] end=54272 piso=1013760
COUNTS id=[ 384, 3383 ] end=29696 piso=451584
COUNTS id=[ 384, 3384 ] end=94208 piso=3784704
COUNTS id=[ 384, 3385 ] end=29696 piso=359424
COUNTS id=[ 384, 3386 ] end=29696 piso=359424
COUNTS id=[ 384, 3387 ] end=60416 piso=940032
COUNTS id=[ 384, 3388 ] end=26624 piso=1112064
COUNTS id=[ 384, 3389 ] end=23552 piso=688128
COUNTS id=[ 384, 3390 ] end=32768 piso=1105920
COUNTS id=[ 384, 3391 ] end=29696 piso=614400
COUNTS id=[ 384, 3392 ] end=54272 piso=979968
COUNTS id=[ 384, 3393 ] end=54272 piso=906240
COUNTS id=[ 384, 3394 ] end=180224 piso=19378176
COUNTS id=[ 384, 3395 ] end=54272 piso=936960
COUNTS id=[ 384, 3396 ] end=23552 piso=654336
COUNTS id=[ 384, 3397 ] end=23552 piso=580608
COUNTS id=[ 384, 3398 ] end=45056 piso=3231744
COUNTS id=[ 384, 3399 ] end=45056 piso=3231744
COUNTS id=[ 384, 3400 ] end=57344 piso=3305472
COUNTS id=[ 384, 3401 ] end=23552 piso=611328
COUNTS id=[ 384, 3402 ] end=57344 piso=1978368
COUNTS id=[ 384, 3403 ] end=106496 piso=5342208
COUNTS id=[ 384, 3404 ] end=88064 piso=3760128
COUNTS id=[ 384, 3405 ] end=48128 piso=1290240
COUNTS id=[ 384, 3406 ] end=32768 piso=1483776
COUNTS id=[ 384, 3407 ] end=26624 piso=1081344
COUNTS id=[ 384, 3408 ] end=60416 piso=1536000
COUNTS id=[ 384, 3409 ] end=35840 piso=935424
COUNTS id=[ 384, 3410 ] end=35840 piso=811008
COUNTS id=[ 384, 3411 ] end=60416 piso=1405440
COUNTS id=[ 384, 3412 ] end=29696 piso=1198080
COUNTS id=[ 384, 3413 ] end=29696 piso=999936
COUNTS id=[ 384, 3414 ] end=33792 piso=259200
CLOSEST id=[ 384, 3414 ] end=33792 piso=259200 ratio=675/88
COUNTS id=[ 384, 3415 ] end=12288 piso=157824
COUNTS id=[ 384, 3416 ] end=27648 piso=248448
COUNTS id=[ 384, 3417 ] end=23808 piso=202368
COUNTS id=[ 384, 3418 ] end=12288 piso=144000
COUNTS id=[ 384, 3419 ] end=7680 piso=142464
COUNTS id=[ 384, 3420 ] end=17664 piso=200832
COUNTS id=[ 384, 3421 ] end=16896 piso=168576
COUNTS id=[ 384, 3422 ] end=46528 piso=540768
COUNTS id=[ 384, 3423 ] end=104128 piso=1601376
COUNTS id=[ 384, 3424 ] end=26560 piso=469344
COUNTS id=[ 384, 3425 ] end=29632 piso=470112
COUNTS id=[ 384, 3426 ] end=38080 piso=599904
COUNTS id=[ 384, 3427 ] end=21184 piso=394848
COUNTS id=[ 384, 3428 ] end=38080 piso=483168
PROGRESS checked=100 hits=0 reversed=0 runtime_ms=155065
COUNTS id=[ 384, 3429 ] end=19648 piso=424800
COUNTS id=[ 384, 3430 ] end=11968 piso=357216
COUNTS id=[ 384, 3431 ] end=10432 piso=336480
COUNTS id=[ 384, 3432 ] end=46080 piso=172512
CLOSEST id=[ 384, 3432 ] end=46080 piso=172512 ratio=599/160
COUNTS id=[ 384, 3433 ] end=11520 piso=107232
COUNTS id=[ 384, 3434 ] end=18432 piso=111072
COUNTS id=[ 384, 3435 ] end=25344 piso=216192
COUNTS id=[ 384, 3436 ] end=8448 piso=131712
COUNTS id=[ 384, 3437 ] end=19200 piso=205440
COUNTS id=[ 384, 3438 ] end=21248 piso=217728
COUNTS id=[ 384, 3439 ] end=15104 piso=216192
COUNTS id=[ 384, 3440 ] end=12800 piso=148608
COUNTS id=[ 384, 3441 ] end=8192 piso=147072
COUNTS id=[ 384, 3442 ] end=13056 piso=142464
COUNTS id=[ 384, 3443 ] end=37312 piso=531552
COUNTS id=[ 384, 3444 ] end=79552 piso=1592160
COUNTS id=[ 384, 3445 ] end=26560 piso=460128
COUNTS id=[ 384, 3446 ] end=26560 piso=460896
COUNTS id=[ 384, 3447 ] end=19648 piso=590688
COUNTS id=[ 384, 3448 ] end=19648 piso=385632
COUNTS id=[ 384, 3449 ] end=38080 piso=473952
COUNTS id=[ 384, 3450 ] end=19648 piso=415584
COUNTS id=[ 384, 3451 ] end=10432 piso=348000
COUNTS id=[ 384, 3452 ] end=10432 piso=327264
COUNTS id=[ 384, 3453 ] end=56320 piso=394752
COUNTS id=[ 384, 3454 ] end=55296 piso=385536
COUNTS id=[ 384, 3455 ] end=14592 piso=244224
COUNTS id=[ 384, 3456 ] end=13568 piso=244224
COUNTS id=[ 384, 3457 ] end=28416 piso=268800
COUNTS id=[ 384, 3458 ] end=27392 piso=259584
COUNTS id=[ 384, 3459 ] end=48384 piso=434688
COUNTS id=[ 384, 3460 ] end=16128 piso=244224
COUNTS id=[ 384, 3461 ] end=36096 piso=434688
COUNTS id=[ 384, 3462 ] end=28736 piso=388992
COUNTS id=[ 384, 3463 ] end=28736 piso=388992
COUNTS id=[ 384, 3464 ] end=11840 piso=233856
COUNTS id=[ 384, 3465 ] end=84288 piso=1405824
COUNTS id=[ 384, 3466 ] end=23616 piso=415104
COUNTS id=[ 384, 3467 ] end=25344 piso=244224
COUNTS id=[ 384, 3468 ] end=39744 piso=637824
COUNTS id=[ 384, 3469 ] end=33280 piso=233472
COUNTS id=[ 384, 3470 ] end=32768 piso=224256
COUNTS id=[ 384, 3471 ] end=7680 piso=198144
COUNTS id=[ 384, 3472 ] end=12288 piso=175104
COUNTS id=[ 384, 3473 ] end=7168 piso=198144
COUNTS id=[ 384, 3474 ] end=11776 piso=175104
COUNTS id=[ 384, 3475 ] end=14592 piso=161280
COUNTS id=[ 384, 3476 ] end=14080 piso=152064
COUNTS id=[ 384, 3477 ] end=20480 piso=265728
COUNTS id=[ 384, 3478 ] end=19456 piso=256512
COUNTS id=[ 384, 3479 ] end=6400 piso=184320
COUNTS id=[ 384, 3480 ] end=5376 piso=184320
COUNTS id=[ 384, 3481 ] end=11008 piso=201216
COUNTS id=[ 384, 3482 ] end=9984 piso=192000
COUNTS id=[ 384, 3483 ] end=37632 piso=299520
COUNTS id=[ 384, 3484 ] end=26880 piso=293376
COUNTS id=[ 384, 3485 ] end=14592 piso=293376
COUNTS id=[ 384, 3486 ] end=26944 piso=398208
COUNTS id=[ 384, 3487 ] end=26944 piso=398208
COUNTS id=[ 384, 3488 ] end=10048 piso=218496
COUNTS id=[ 384, 3489 ] end=28416 piso=299520
COUNTS id=[ 384, 3490 ] end=75328 piso=1206144
COUNTS id=[ 384, 3491 ] end=20800 piso=356736
COUNTS id=[ 384, 3492 ] end=43072 piso=720768
COUNTS id=[ 384, 3493 ] end=5760 piso=105216
COUNTS id=[ 384, 3494 ] end=9856 piso=132864
COUNTS id=[ 384, 3495 ] end=12928 piso=289536
COUNTS id=[ 384, 3496 ] end=5248 piso=157440
COUNTS id=[ 384, 3497 ] end=7168 piso=95232
COUNTS id=[ 384, 3498 ] end=7168 piso=95232
COUNTS id=[ 384, 3499 ] end=4096 piso=79104
COUNTS id=[ 384, 3500 ] end=4096 piso=79104
COUNTS id=[ 384, 3501 ] end=16768 piso=291072
COUNTS id=[ 384, 3502 ] end=48256 piso=1157376
COUNTS id=[ 384, 3503 ] end=9856 piso=539904
COUNTS id=[ 384, 3504 ] end=4736 piso=165120
COUNTS id=[ 384, 3505 ] end=20096 piso=248064
COUNTS id=[ 384, 3506 ] end=27136 piso=196224
COUNTS id=[ 384, 3507 ] end=16384 piso=188544
COUNTS id=[ 384, 3508 ] end=10240 piso=177792
COUNTS id=[ 384, 3509 ] end=20480 piso=160896
COUNTS id=[ 384, 3510 ] end=12032 piso=151680
COUNTS id=[ 384, 3511 ] end=5888 piso=150144
COUNTS id=[ 384, 3512 ] end=15872 piso=159360
COUNTS id=[ 384, 3513 ] end=22528 piso=185472
COUNTS id=[ 384, 3514 ] end=48448 piso=546912
COUNTS id=[ 384, 3515 ] end=87616 piso=1260384
COUNTS id=[ 384, 3516 ] end=26944 piso=410976
COUNTS id=[ 384, 3517 ] end=25408 piso=439392
COUNTS id=[ 384, 3518 ] end=36928 piso=602976
COUNTS id=[ 384, 3519 ] end=20032 piso=397920
COUNTS id=[ 384, 3520 ] end=40000 piso=541536
COUNTS id=[ 384, 3521 ] end=18496 piso=464736
COUNTS id=[ 384, 3522 ] end=9280 piso=387936
COUNTS id=[ 384, 3523 ] end=9280 piso=357984
COUNTS id=[ 384, 3524 ] end=25600 piso=108000
COUNTS id=[ 384, 3525 ] end=7168 piso=77280
COUNTS id=[ 384, 3526 ] end=19712 piso=163968
COUNTS id=[ 384, 3527 ] end=13568 piso=163968
COUNTS id=[ 384, 3528 ] end=7424 piso=153216
PROGRESS checked=200 hits=0 reversed=0 runtime_ms=282662
COUNTS id=[ 384, 3529 ] end=17408 piso=180864
COUNTS id=[ 384, 3530 ] end=12800 piso=179328
COUNTS id=[ 384, 3531 ] end=15104 piso=153216
COUNTS id=[ 384, 3532 ] end=12032 piso=160896
COUNTS id=[ 384, 3533 ] end=5888 piso=159360
COUNTS id=[ 384, 3534 ] end=37696 piso=543840
COUNTS id=[ 384, 3535 ] end=69184 piso=1257312
COUNTS id=[ 384, 3536 ] end=25408 piso=407904
COUNTS id=[ 384, 3537 ] end=25408 piso=436320
COUNTS id=[ 384, 3538 ] end=18496 piso=599904
COUNTS id=[ 384, 3539 ] end=20032 piso=394848
COUNTS id=[ 384, 3540 ] end=40000 piso=538464
COUNTS id=[ 384, 3541 ] end=18496 piso=461664
COUNTS id=[ 384, 3542 ] end=9280 piso=384864
COUNTS id=[ 384, 3543 ] end=9280 piso=354912
COUNTS id=[ 384, 3544 ] end=118784 piso=11319168
COUNTS id=[ 384, 3545 ] end=65792 piso=4079232
COUNTS id=[ 384, 3546 ] end=17408 piso=1856640
COUNTS id=[ 384, 3547 ] end=38912 piso=2375040
COUNTS id=[ 384, 3548 ] end=79872 piso=6367104
COUNTS id=[ 384, 3549 ] end=30976 piso=1563264
COUNTS id=[ 384, 3550 ] end=7168 piso=1024128
COUNTS id=[ 384, 3551 ] end=24576 piso=1422720
COUNTS id=[ 384, 3552 ] end=57344 piso=3903360
COUNTS id=[ 384, 3553 ] end=68352 piso=4260480
COUNTS id=[ 384, 3554 ] end=23040 piso=1749120
COUNTS id=[ 384, 3555 ] end=18944 piso=1732992
COUNTS id=[ 384, 3556 ] end=26624 piso=1918848
COUNTS id=[ 384, 3557 ] end=33536 piso=1683072
COUNTS id=[ 384, 3558 ] end=12800 piso=935040
COUNTS id=[ 384, 3559 ] end=12800 piso=1204608
COUNTS id=[ 384, 3560 ] end=130048 piso=12380160
COUNTS id=[ 384, 3561 ] end=50176 piso=1949184
COUNTS id=[ 384, 3562 ] end=12544 piso=1119744
COUNTS id=[ 384, 3563 ] end=56576 piso=3300096
COUNTS id=[ 384, 3564 ] end=15872 piso=576000
COUNTS id=[ 384, 3565 ] end=6656 piso=549120
COUNTS id=[ 384, 3566 ] end=37376 piso=1545984
COUNTS id=[ 384, 3567 ] end=78848 piso=4321536
COUNTS id=[ 384, 3568 ] end=9728 piso=894720
COUNTS id=[ 384, 3569 ] end=8448 piso=469248
COUNTS id=[ 384, 3570 ] end=19200 piso=737280
COUNTS id=[ 384, 3571 ] end=8448 piso=1405440
COUNTS id=[ 384, 3572 ] end=112384 piso=9824256
COUNTS id=[ 384, 3573 ] end=57856 piso=2768640
COUNTS id=[ 384, 3574 ] end=14848 piso=1108224
COUNTS id=[ 384, 3575 ] end=34048 piso=1311744
COUNTS id=[ 384, 3576 ] end=37376 piso=1386240
COUNTS id=[ 384, 3577 ] end=55040 piso=1978368
COUNTS id=[ 384, 3578 ] end=18944 piso=764928
COUNTS id=[ 384, 3579 ] end=8192 piso=675072
COUNTS id=[ 384, 3580 ] end=24512 piso=415584
COUNTS id=[ 384, 3581 ] end=60096 piso=1009248
COUNTS id=[ 384, 3582 ] end=13760 piso=344160
COUNTS id=[ 384, 3583 ] end=14784 piso=341856
COUNTS id=[ 384, 3584 ] end=15296 piso=375648
DONE checked=256 abelian=0 hits=0 reversed=0 skipped_abelian=0 closest=[ 384, 3432 ] min_ratio=599/160 runtime_ms=376728
