{"command": ["/project/gap-4.16.1/gap", "-l", "/project/gap-4.16.1", "-q", "-b", "-T", "-m", "128m", "-o", "4g", "-c", "START_ORDER:=504;;END_ORDER:=504;;START_ID:=1;;END_ID:=202;;SKIP_ABELIAN:=true;;LOG_ALL:=true;;", "/project/scripts/search_19_20.g"], "source_hashes": {"scripts/search_19_20.g": "7b6a34e9163b58b0248b3c464ae8070783414cd7d14048136dd0e3547b906318", "scripts/lib_19_20.g": "fbcf2d3c4b0648cc1fa87d6e50fc923133d594c029b8430a365caf596ac7ccd5"}}
PARAMETERS start=504 end=504 start_id=1 end_id=202 skip_abelian=true log_all=true
ORDER_START order=504 groups=202
COUNTS id=[ 504, 1 ] end=936 piso=4536
CLOSEST id=[ 504, 1 ] end=936 piso=4536 ratio=63/13
COUNTS id=[ 504, 2 ] end=1368 piso=3528
CLOSEST id=[ 504, 2 ] end=1368 piso=3528 ratio=49/19
COUNTS id=[ 504, 3 ] end=2296 piso=5544
CLOSEST id=[ 504, 3 ] end=2296 piso=5544 ratio=99/41
COUNTS id=[ 504, 4 ] end=1800 piso=3528
CLOSEST id=[ 504, 4 ] end=1800 piso=3528 ratio=49/25
COUNTS id=[ 504, 5 ] end=15880 piso=69048
ABELIAN_SKIPPED id=[ 504, 6 ] reason=known_equality
COUNTS id=[ 504, 7 ] end=2700 piso=22428
COUNTS id=[ 504, 8 ] end=2880 piso=16128
COUNTS id=[ 504, 9 ] end=4212 piso=33516
COUNTS id=[ 504, 10 ] end=3744 piso=18144
COUNTS id=[ 504, 11 ] end=2988 piso=26460
COUNTS id=[ 504, 12 ] end=20668 piso=230580
COUNTS id=[ 504, 13 ] end=20000 piso=148176
COUNTS id=[ 504, 14 ] end=20480 piso=208656
COUNTS id=[ 504, 15 ] end=22828 piso=257796
COUNTS id=[ 504, 16 ] end=20992 piso=155232
COUNTS id=[ 504, 17 ] end=16780 piso=137844
COUNTS id=[ 504, 18 ] end=22180 piso=240660
COUNTS id=[ 504, 19 ] end=5472 piso=14112
COUNTS id=[ 504, 20 ] end=6156 piso=26460
COUNTS id=[ 504, 21 ] end=4788 piso=19404
COUNTS id=[ 504, 22 ] end=693 piso=2772
COUNTS id=[ 504, 23 ] end=2691 piso=19404
COUNTS id=[ 504, 24 ] end=4572 piso=20916
COUNTS id=[ 504, 25 ] end=4608 piso=14112
COUNTS id=[ 504, 26 ] end=8100 piso=34020
COUNTS id=[ 504, 27 ] end=7200 piso=14112
COUNTS id=[ 504, 28 ] end=4428 piso=15876
COUNTS id=[ 504, 29 ] end=5572 piso=30996
COUNTS id=[ 504, 30 ] end=5600 piso=21168
COUNTS id=[ 504, 31 ] end=10108 piso=52164
COUNTS id=[ 504, 32 ] end=9184 piso=22176
COUNTS id=[ 504, 33 ] end=5404 piso=22932
COUNTS id=[ 504, 34 ] end=32764 piso=339444
COUNTS id=[ 504, 35 ] end=32768 piso=238896
COUNTS id=[ 504, 36 ] end=64516 piso=614628
COUNTS id=[ 504, 37 ] end=63520 piso=276192
COUNTS id=[ 504, 38 ] end=32524 piso=240660
ABELIAN_SKIPPED id=[ 504, 39 ] reason=known_equality
COUNTS id=[ 504, 40 ] end=2268 piso=3780
CLOSEST id=[ 504, 40 ] end=2268 piso=3780 ratio=5/3
COUNTS id=[ 504, 41 ] end=1764 piso=2772
CLOSEST id=[ 504, 41 ] end=1764 piso=2772 ratio=11/7
COUNTS id=[ 504, 42 ] end=5832 piso=34776
COUNTS id=[ 504, 43 ] end=2736 piso=24696
COUNTS id=[ 504, 44 ] end=2448 piso=29736
COUNTS id=[ 504, 45 ] end=7128 piso=31752
COUNTS id=[ 504, 46 ] end=16200 piso=31752
COUNTS id=[ 504, 47 ] end=1008 piso=3528
COUNTS id=[ 504, 48 ] end=5328 piso=18648
COUNTS id=[ 504, 49 ] end=20440 piso=40824
COUNTS id=[ 504, 50 ] end=142888 piso=503496
ABELIAN_SKIPPED id=[ 504, 51 ] reason=known_equality
COUNTS id=[ 504, 52 ] end=1683 piso=28224
COUNTS id=[ 504, 53 ] end=1953 piso=9576
COUNTS id=[ 504, 54 ] end=3430 piso=26460
COUNTS id=[ 504, 55 ] end=23818 piso=280476
COUNTS id=[ 504, 56 ] end=39168 piso=241920
COUNTS id=[ 504, 57 ] end=5400 piso=91728
COUNTS id=[ 504, 58 ] end=3456 piso=98784
COUNTS id=[ 504, 59 ] end=100096 piso=2193408
COUNTS id=[ 504, 60 ] end=87552 piso=225792
COUNTS id=[ 504, 61 ] end=1512 piso=13104
COUNTS id=[ 504, 62 ] end=5400 piso=34272
COUNTS id=[ 504, 63 ] end=52992 piso=225792
COUNTS id=[ 504, 64 ] end=60928 piso=318528
COUNTS id=[ 504, 65 ] end=278272 piso=3076416
ABELIAN_SKIPPED id=[ 504, 66 ] reason=known_equality
COUNTS id=[ 504, 67 ] end=5760 piso=106848
COUNTS id=[ 504, 68 ] end=5616 piso=77616
COUNTS id=[ 504, 69 ] end=4896 piso=75600
COUNTS id=[ 504, 70 ] end=4860 piso=140364
COUNTS id=[ 504, 71 ] end=6228 piso=155484
COUNTS id=[ 504, 72 ] end=5868 piso=120204
COUNTS id=[ 504, 73 ] end=4716 piso=93996
COUNTS id=[ 504, 74 ] end=5643 piso=130284
COUNTS id=[ 504, 75 ] end=18684 piso=183708
COUNTS id=[ 504, 76 ] end=20736 piso=133056
COUNTS id=[ 504, 77 ] end=26244 piso=259308
COUNTS id=[ 504, 78 ] end=23328 piso=139104
COUNTS id=[ 504, 79 ] end=22572 piso=238140
COUNTS id=[ 504, 80 ] end=7524 piso=82908
COUNTS id=[ 504, 81 ] end=8208 piso=63504
COUNTS id=[ 504, 82 ] end=11628 piso=118188
COUNTS id=[ 504, 83 ] end=10944 piso=98784
COUNTS id=[ 504, 84 ] end=8892 piso=132300
COUNTS id=[ 504, 85 ] end=5724 piso=100044
COUNTS id=[ 504, 86 ] end=5904 piso=75600
COUNTS id=[ 504, 87 ] end=10260 piso=155484
COUNTS id=[ 504, 88 ] end=9792 piso=118944
COUNTS id=[ 504, 89 ] end=6012 piso=138348
COUNTS id=[ 504, 90 ] end=2408 piso=24696
COUNTS id=[ 504, 91 ] end=15896 piso=76104
COUNTS id=[ 504, 92 ] end=9216 piso=98784
COUNTS id=[ 504, 93 ] end=10800 piso=63504
COUNTS id=[ 504, 94 ] end=8640 piso=69552
COUNTS id=[ 504, 95 ] end=8028 piso=100548
COUNTS id=[ 504, 96 ] end=12132 piso=161028
COUNTS id=[ 504, 97 ] end=9036 piso=80388
COUNTS id=[ 504, 98 ] end=8604 piso=87444
COUNTS id=[ 504, 99 ] end=186880 piso=1143072
COUNTS id=[ 504, 100 ] end=149600 piso=860832
COUNTS id=[ 504, 101 ] end=165632 piso=1320480
COUNTS id=[ 504, 102 ] end=146380 piso=892836
COUNTS id=[ 504, 103 ] end=167332 piso=1394820
COUNTS id=[ 504, 104 ] end=188716 piso=1735524
PROGRESS checked=100 hits=0 reversed=0 runtime_ms=56334
COUNTS id=[ 504, 105 ] end=165820 piso=1176084
COUNTS id=[ 504, 106 ] end=6160 piso=37296
COUNTS id=[ 504, 107 ] end=9520 piso=76608
COUNTS id=[ 504, 108 ] end=5740 piso=45108
COUNTS id=[ 504, 109 ] end=8428 piso=85428
COUNTS id=[ 504, 110 ] end=7588 piso=56196
COUNTS id=[ 504, 111 ] end=21040 piso=394128
COUNTS id=[ 504, 112 ] end=38896 piso=430416
COUNTS id=[ 504, 113 ] end=36640 piso=905184
COUNTS id=[ 504, 114 ] end=20332 piso=417060
COUNTS id=[ 504, 115 ] end=41668 piso=1050084
COUNTS id=[ 504, 116 ] end=35116 piso=898884
COUNTS id=[ 504, 117 ] end=25708 piso=555156
COUNTS id=[ 504, 118 ] end=18304 piso=170352
COUNTS id=[ 504, 119 ] end=33616 piso=258048
COUNTS id=[ 504, 120 ] end=18412 piso=218484
COUNTS id=[ 504, 121 ] end=33940 piso=305172
COUNTS id=[ 504, 122 ] end=34780 piso=328356
COUNTS id=[ 504, 123 ] end=28512 piso=127008
COUNTS id=[ 504, 124 ] end=32076 piso=238140
COUNTS id=[ 504, 125 ] end=24948 piso=174636
COUNTS id=[ 504, 126 ] end=3591 piso=18900
COUNTS id=[ 504, 127 ] end=9585 piso=150444
COUNTS id=[ 504, 128 ] end=41148 piso=188244
COUNTS id=[ 504, 129 ] end=41472 piso=127008
COUNTS id=[ 504, 130 ] end=72900 piso=306180
COUNTS id=[ 504, 131 ] end=64800 piso=127008
COUNTS id=[ 504, 132 ] end=39852 piso=142884
COUNTS id=[ 504, 133 ] end=2772 piso=11844
COUNTS id=[ 504, 134 ] end=3024 piso=9072
COUNTS id=[ 504, 135 ] end=4284 piso=16884
COUNTS id=[ 504, 136 ] end=4032 piso=14112
COUNTS id=[ 504, 137 ] end=3276 piso=18900
COUNTS id=[ 504, 138 ] end=11628 piso=90468
COUNTS id=[ 504, 139 ] end=11664 piso=63504
COUNTS id=[ 504, 140 ] end=22212 piso=155988
COUNTS id=[ 504, 141 ] end=21312 piso=74592
COUNTS id=[ 504, 142 ] end=11484 piso=73332
COUNTS id=[ 504, 143 ] end=41860 piso=166068
COUNTS id=[ 504, 144 ] end=41888 piso=122976
COUNTS id=[ 504, 145 ] end=82684 piso=320292
COUNTS id=[ 504, 146 ] end=81760 piso=163296
COUNTS id=[ 504, 147 ] end=41692 piso=130788
COUNTS id=[ 504, 148 ] end=286780 piso=2071188
COUNTS id=[ 504, 149 ] end=286784 piso=1538208
COUNTS id=[ 504, 150 ] end=572548 piso=4076100
COUNTS id=[ 504, 151 ] end=571552 piso=2013984
COUNTS id=[ 504, 152 ] end=286540 piso=1546020
ABELIAN_SKIPPED id=[ 504, 153 ] reason=known_equality
COUNTS id=[ 504, 154 ] end=20412 piso=34020
COUNTS id=[ 504, 155 ] end=15876 piso=24948
COUNTS id=[ 504, 156 ] end=1513 piso=209664
COUNTS id=[ 504, 157 ] end=1179 piso=211428
COUNTS id=[ 504, 158 ] end=6561 piso=187488
COUNTS id=[ 504, 159 ] end=3762 piso=126756
COUNTS id=[ 504, 160 ] end=3582 piso=142884
COUNTS id=[ 504, 161 ] end=9720 piso=250992
COUNTS id=[ 504, 162 ] end=48960 piso=870912
COUNTS id=[ 504, 163 ] end=11880 piso=228816
COUNTS id=[ 504, 164 ] end=1456 piso=15624
COUNTS id=[ 504, 165 ] end=8848 piso=54936
COUNTS id=[ 504, 166 ] end=13312 piso=475776
COUNTS id=[ 504, 167 ] end=2716 piso=56196
COUNTS id=[ 504, 168 ] end=7660 piso=207396
COUNTS id=[ 504, 169 ] end=13636 piso=425124
COUNTS id=[ 504, 170 ] end=4732 piso=46116
COUNTS id=[ 504, 171 ] end=13636 piso=281988
COUNTS id=[ 504, 172 ] end=106352 piso=2961504
COUNTS id=[ 504, 173 ] end=17577 piso=86184
COUNTS id=[ 504, 174 ] end=1386 piso=18396
COUNTS id=[ 504, 175 ] end=7974 piso=84924
COUNTS id=[ 504, 176 ] end=23842 piso=165564
COUNTS id=[ 504, 177 ] end=166702 piso=1979964
COUNTS id=[ 504, 178 ] end=311040 piso=2080512
COUNTS id=[ 504, 179 ] end=109440 piso=818496
COUNTS id=[ 504, 180 ] end=63360 piso=923328
COUNTS id=[ 504, 181 ] end=27000 piso=232848
COUNTS id=[ 504, 182 ] end=13392 piso=260064
COUNTS id=[ 504, 183 ] end=3024 piso=49392
COUNTS id=[ 504, 184 ] end=15984 piso=369936
COUNTS id=[ 504, 185 ] end=10800 piso=179424
COUNTS id=[ 504, 186 ] end=9000 piso=429408
COUNTS id=[ 504, 187 ] end=5824 piso=76608
COUNTS id=[ 504, 188 ] end=35392 piso=258048
COUNTS id=[ 504, 189 ] end=66240 piso=812448
COUNTS id=[ 504, 190 ] end=577024 piso=8370432
COUNTS id=[ 504, 191 ] end=64736 piso=439488
COUNTS id=[ 504, 192 ] end=165920 piso=3904992
COUNTS id=[ 504, 193 ] end=123296 piso=2640960
COUNTS id=[ 504, 194 ] end=456192 piso=2032128
COUNTS id=[ 504, 195 ] end=7560 piso=33264
COUNTS id=[ 504, 196 ] end=19224 piso=187488
COUNTS id=[ 504, 197 ] end=476928 piso=2032128
COUNTS id=[ 504, 198 ] end=40320 piso=116928
COUNTS id=[ 504, 199 ] end=109440 piso=866880
COUNTS id=[ 504, 200 ] end=351232 piso=1257984
COUNTS id=[ 504, 201 ] end=2310400 piso=15192576
ABELIAN_SKIPPED id=[ 504, 202 ] reason=known_equality
DONE checked=196 abelian=0 hits=0 reversed=0 skipped_abelian=6 closest=[ 504, 41 ] min_ratio=11/7 runtime_ms=107438
