{"command": ["/project/gap-4.16.1/gap", "-l", "/project/gap-4.16.1", "-q", "-b", "-T", "-m", "128m", "-o", "4g", "-c", "START_ORDER:=384;;END_ORDER:=384;;START_ID:=18689;;END_ID:=18944;;SKIP_ABELIAN:=true;;LOG_ALL:=true;;", "/project/scripts/search_19_20.g"], "source_hashes": {"scripts/search_19_20.g": "7b6a34e9163b58b0248b3c464ae8070783414cd7d14048136dd0e3547b906318", "scripts/lib_19_20.g": "fbcf2d3c4b0648cc1fa87d6e50fc923133d594c029b8430a365caf596ac7ccd5"}}
PARAMETERS start=384 end=384 start_id=18689 end_id=18944 skip_abelian=true log_all=true
ORDER_START order=384 groups=20169
COUNTS id=[ 384, 18689 ] end=7929856 piso=31887360
CLOSEST id=[ 384, 18689 ] end=7929856 piso=31887360 ratio=7785/1936
COUNTS id=[ 384, 18690 ] end=108494848 piso=351694848
CLOSEST id=[ 384, 18690 ] end=108494848 piso=351694848 ratio=85863/26488
COUNTS id=[ 384, 18691 ] end=4685824 piso=26112000
COUNTS id=[ 384, 18692 ] end=4544512 piso=9492480
CLOSEST id=[ 384, 18692 ] end=4544512 piso=9492480 ratio=4635/2219
COUNTS id=[ 384, 18693 ] end=115769344 piso=414498816
COUNTS id=[ 384, 18694 ] end=7757824 piso=13698048
CLOSEST id=[ 384, 18694 ] end=7757824 piso=13698048 ratio=13377/7576
COUNTS id=[ 384, 18695 ] end=3960832 piso=23193600
COUNTS id=[ 384, 18696 ] end=372736 piso=10361856
COUNTS id=[ 384, 18697 ] end=3616768 piso=10487808
COUNTS id=[ 384, 18698 ] end=372736 piso=10183680
COUNTS id=[ 384, 18699 ] end=593920 piso=10169856
COUNTS id=[ 384, 18700 ] end=348160 piso=10808832
COUNTS id=[ 384, 18701 ] end=348160 piso=10621440
COUNTS id=[ 384, 18702 ] end=931840 piso=16664064
COUNTS id=[ 384, 18703 ] end=378880 piso=14206464
COUNTS id=[ 384, 18704 ] end=710656 piso=13486080
COUNTS id=[ 384, 18705 ] end=157696 piso=17940480
COUNTS id=[ 384, 18706 ] end=569344 piso=9615360
COUNTS id=[ 384, 18707 ] end=569344 piso=9489408
COUNTS id=[ 384, 18708 ] end=372736 piso=10500096
COUNTS id=[ 384, 18709 ] end=348160 piso=13910016
COUNTS id=[ 384, 18710 ] end=335872 piso=15575040
COUNTS id=[ 384, 18711 ] end=335872 piso=16140288
COUNTS id=[ 384, 18712 ] end=323584 piso=9971712
COUNTS id=[ 384, 18713 ] end=538624 piso=11504640
COUNTS id=[ 384, 18714 ] end=133120 piso=13876224
COUNTS id=[ 384, 18715 ] end=323584 piso=8650752
COUNTS id=[ 384, 18716 ] end=538624 piso=11513856
COUNTS id=[ 384, 18717 ] end=6621184 piso=15605760
COUNTS id=[ 384, 18718 ] end=133120 piso=14518272
COUNTS id=[ 384, 18719 ] end=317440 piso=8506368
COUNTS id=[ 384, 18720 ] end=6615040 piso=11065344
CLOSEST id=[ 384, 18720 ] end=6615040 piso=11065344 ratio=5403/3230
COUNTS id=[ 384, 18721 ] end=9830400 piso=33583104
COUNTS id=[ 384, 18722 ] end=3610624 piso=9891840
COUNTS id=[ 384, 18723 ] end=12955648 piso=27952128
COUNTS id=[ 384, 18724 ] end=6934528 piso=16809984
COUNTS id=[ 384, 18725 ] end=372736 piso=10186752
COUNTS id=[ 384, 18726 ] end=6713344 piso=14952960
COUNTS id=[ 384, 18727 ] end=6719488 piso=15143424
COUNTS id=[ 384, 18728 ] end=735232 piso=12624384
COUNTS id=[ 384, 18729 ] end=13053952 piso=30299136
COUNTS id=[ 384, 18730 ] end=495616 piso=13427712
COUNTS id=[ 384, 18731 ] end=9662464 piso=15532032
CLOSEST id=[ 384, 18731 ] end=9662464 piso=15532032 ratio=3792/2359
COUNTS id=[ 384, 18732 ] end=9945088 piso=17502720
COUNTS id=[ 384, 18733 ] end=3383296 piso=11088384
COUNTS id=[ 384, 18734 ] end=12931072 piso=22895616
COUNTS id=[ 384, 18735 ] end=6639616 piso=12172800
COUNTS id=[ 384, 18736 ] end=12943360 piso=22602240
COUNTS id=[ 384, 18737 ] end=12943360 piso=22777344
COUNTS id=[ 384, 18738 ] end=12949504 piso=21825024
COUNTS id=[ 384, 18739 ] end=12961792 piso=22193664
COUNTS id=[ 384, 18740 ] end=378880 piso=10470912
COUNTS id=[ 384, 18741 ] end=391168 piso=10692096
COUNTS id=[ 384, 18742 ] end=19265536 piso=43364352
COUNTS id=[ 384, 18743 ] end=6694912 piso=16140288
COUNTS id=[ 384, 18744 ] end=6633472 piso=10718208
COUNTS id=[ 384, 18745 ] end=6639616 piso=10712064
COUNTS id=[ 384, 18746 ] end=6639616 piso=10825728
COUNTS id=[ 384, 18747 ] end=6836224 piso=15771648
COUNTS id=[ 384, 18748 ] end=25489408 piso=77758464
COUNTS id=[ 384, 18749 ] end=12894208 piso=19845120
CLOSEST id=[ 384, 18749 ] end=12894208 piso=19845120 ratio=4845/3148
COUNTS id=[ 384, 18750 ] end=13109248 piso=27823104
COUNTS id=[ 384, 18751 ] end=538624 piso=11271168
COUNTS id=[ 384, 18752 ] end=6811648 piso=12767232
COUNTS id=[ 384, 18753 ] end=19191808 piso=38713344
COUNTS id=[ 384, 18754 ] end=9846784 piso=15264768
COUNTS id=[ 384, 18755 ] end=6805504 piso=12831744
COUNTS id=[ 384, 18756 ] end=6805504 piso=12592128
COUNTS id=[ 384, 18757 ] end=3358720 piso=9513984
COUNTS id=[ 384, 18758 ] end=317440 piso=8475648
COUNTS id=[ 384, 18759 ] end=3552256 piso=7987200
COUNTS id=[ 384, 18760 ] end=3552256 piso=7987200
COUNTS id=[ 384, 18761 ] end=3552256 piso=7987200
COUNTS id=[ 384, 18762 ] end=532480 piso=9369600
COUNTS id=[ 384, 18763 ] end=14811136 piso=100073472
COUNTS id=[ 384, 18764 ] end=16678912 piso=110862336
COUNTS id=[ 384, 18765 ] end=6455296 piso=49274880
COUNTS id=[ 384, 18766 ] end=4710400 piso=22414848
COUNTS id=[ 384, 18767 ] end=606208000 piso=6271008768
COUNTS id=[ 384, 18768 ] end=218103808 piso=1302429696
COUNTS id=[ 384, 18769 ] end=8519680 piso=48070656
COUNTS id=[ 384, 18770 ] end=460619776 piso=5113896960
COUNTS id=[ 384, 18771 ] end=35356672 piso=147801600
COUNTS id=[ 384, 18772 ] end=109674496 piso=363405312
COUNTS id=[ 384, 18773 ] end=16740352 piso=43401216
COUNTS id=[ 384, 18774 ] end=27656192 piso=129957888
COUNTS id=[ 384, 18775 ] end=6422528 piso=39124992
COUNTS id=[ 384, 18776 ] end=15368192 piso=53993472
COUNTS id=[ 384, 18777 ] end=7700480 piso=26910720
COUNTS id=[ 384, 18778 ] end=3571712 piso=46817280
COUNTS id=[ 384, 18779 ] end=16547840 piso=131162112
COUNTS id=[ 384, 18780 ] end=401408 piso=15607296
COUNTS id=[ 384, 18781 ] end=991232 piso=13051392
COUNTS id=[ 384, 18782 ] end=108134400 piso=602406912
COUNTS id=[ 384, 18783 ] end=11927552 piso=158171136
COUNTS id=[ 384, 18784 ] end=4456448 piso=25264128
COUNTS id=[ 384, 18785 ] end=10354688 piso=26640384
COUNTS id=[ 384, 18786 ] end=6029312 piso=36421632
COUNTS id=[ 384, 18787 ] end=18907136 piso=110862336
COUNTS id=[ 384, 18788 ] end=47415296 piso=446717952
PROGRESS checked=100 hits=0 reversed=0 runtime_ms=618525
COUNTS id=[ 384, 18789 ] end=8683520 piso=46718976
COUNTS id=[ 384, 18790 ] end=3080192 piso=72132096
COUNTS id=[ 384, 18791 ] end=3203072 piso=25327104
COUNTS id=[ 384, 18792 ] end=7307264 piso=23273472
COUNTS id=[ 384, 18793 ] end=512000 piso=11403264
COUNTS id=[ 384, 18794 ] end=475136 piso=11765760
COUNTS id=[ 384, 18795 ] end=3833856 piso=23033856
COUNTS id=[ 384, 18796 ] end=583680 piso=12400128
COUNTS id=[ 384, 18797 ] end=1228800 piso=22695936
COUNTS id=[ 384, 18798 ] end=1826816 piso=70800384
COUNTS id=[ 384, 18799 ] end=6856704 piso=16174080
COUNTS id=[ 384, 18800 ] end=245760 piso=11615232
COUNTS id=[ 384, 18801 ] end=589824 piso=13321728
COUNTS id=[ 384, 18802 ] end=516096 piso=12277248
COUNTS id=[ 384, 18803 ] end=466944 piso=10716672
COUNTS id=[ 384, 18804 ] end=768000 piso=14673408
COUNTS id=[ 384, 18805 ] end=546816 piso=12509184
COUNTS id=[ 384, 18806 ] end=399360 piso=10810368
COUNTS id=[ 384, 18807 ] end=307200 piso=20649984
COUNTS id=[ 384, 18808 ] end=399360 piso=10583040
COUNTS id=[ 384, 18809 ] end=399360 piso=10831872
COUNTS id=[ 384, 18810 ] end=21299200 piso=95404032
COUNTS id=[ 384, 18811 ] end=17432576 piso=67915776
COUNTS id=[ 384, 18812 ] end=3489792 piso=10561536
COUNTS id=[ 384, 18813 ] end=6770688 piso=15052800
COUNTS id=[ 384, 18814 ] end=22120448 piso=79793664
COUNTS id=[ 384, 18815 ] end=12902400 piso=29282304
COUNTS id=[ 384, 18816 ] end=9781248 piso=16151040
COUNTS id=[ 384, 18817 ] end=36134912 piso=123491328
COUNTS id=[ 384, 18818 ] end=44883968 piso=203638272
COUNTS id=[ 384, 18819 ] end=2465792 piso=77047296
COUNTS id=[ 384, 18820 ] end=20946944 piso=61466112
COUNTS id=[ 384, 18821 ] end=13148160 piso=29038080
COUNTS id=[ 384, 18822 ] end=12797952 piso=20583936
COUNTS id=[ 384, 18823 ] end=19101696 piso=40015872
COUNTS id=[ 384, 18824 ] end=6709248 piso=14598144
COUNTS id=[ 384, 18825 ] end=12969984 piso=24523776
COUNTS id=[ 384, 18826 ] end=12969984 piso=24271872
COUNTS id=[ 384, 18827 ] end=663552 piso=17682432
COUNTS id=[ 384, 18828 ] end=25546752 piso=72677376
COUNTS id=[ 384, 18829 ] end=6684672 piso=11870208
COUNTS id=[ 384, 18830 ] end=19052544 piso=35610624
COUNTS id=[ 384, 18831 ] end=9707520 piso=14244864
CLOSEST id=[ 384, 18831 ] end=9707520 piso=14244864 ratio=4637/3160
COUNTS id=[ 384, 18832 ] end=6666240 piso=11381760
COUNTS id=[ 384, 18833 ] end=4284416 piso=24999936
COUNTS id=[ 384, 18834 ] end=1064960 piso=32928768
COUNTS id=[ 384, 18835 ] end=7258112 piso=19909632
COUNTS id=[ 384, 18836 ] end=548864 piso=10730496
COUNTS id=[ 384, 18837 ] end=13819904 piso=41608704
COUNTS id=[ 384, 18838 ] end=401408 piso=16762368
COUNTS id=[ 384, 18839 ] end=6815744 piso=13727232
COUNTS id=[ 384, 18840 ] end=819200 piso=13813248
COUNTS id=[ 384, 18841 ] end=518144 piso=13358592
COUNTS id=[ 384, 18842 ] end=296960 piso=15955968
COUNTS id=[ 384, 18843 ] end=536576 piso=18069504
COUNTS id=[ 384, 18844 ] end=272384 piso=12493824
COUNTS id=[ 384, 18845 ] end=272384 piso=12426240
COUNTS id=[ 384, 18846 ] end=278528 piso=30240768
COUNTS id=[ 384, 18847 ] end=272384 piso=13467648
COUNTS id=[ 384, 18848 ] end=6553600 piso=38338560
COUNTS id=[ 384, 18849 ] end=3792896 piso=11544576
COUNTS id=[ 384, 18850 ] end=3866624 piso=22794240
COUNTS id=[ 384, 18851 ] end=512000 piso=9916416
COUNTS id=[ 384, 18852 ] end=6944768 piso=16651776
COUNTS id=[ 384, 18853 ] end=2275328 piso=21745152
COUNTS id=[ 384, 18854 ] end=647168 piso=13221888
COUNTS id=[ 384, 18855 ] end=3522560 piso=11014656
COUNTS id=[ 384, 18856 ] end=9076736 piso=28111872
COUNTS id=[ 384, 18857 ] end=3940352 piso=31299072
COUNTS id=[ 384, 18858 ] end=548864 piso=17204736
COUNTS id=[ 384, 18859 ] end=327680 piso=14845440
COUNTS id=[ 384, 18860 ] end=530432 piso=10716672
COUNTS id=[ 384, 18861 ] end=6834176 piso=17092608
COUNTS id=[ 384, 18862 ] end=524288 piso=10407936
COUNTS id=[ 384, 18863 ] end=677888 piso=11541504
COUNTS id=[ 384, 18864 ] end=991232 piso=23212032
COUNTS id=[ 384, 18865 ] end=677888 piso=11609088
COUNTS id=[ 384, 18866 ] end=475136 piso=8675328
COUNTS id=[ 384, 18867 ] end=6760448 piso=15599616
COUNTS id=[ 384, 18868 ] end=3497984 piso=9526272
COUNTS id=[ 384, 18869 ] end=456704 piso=8297472
COUNTS id=[ 384, 18870 ] end=10715136 piso=69390336
COUNTS id=[ 384, 18871 ] end=6447104 piso=24953856
COUNTS id=[ 384, 18872 ] end=17596416 piso=59811840
COUNTS id=[ 384, 18873 ] end=3153920 piso=15568896
COUNTS id=[ 384, 18874 ] end=29245440 piso=102540288
COUNTS id=[ 384, 18875 ] end=6410240 piso=18674688
COUNTS id=[ 384, 18876 ] end=3301376 piso=12105216
COUNTS id=[ 384, 18877 ] end=21972992 piso=62098944
COUNTS id=[ 384, 18878 ] end=9580544 piso=21382656
COUNTS id=[ 384, 18879 ] end=18931712 piso=53182464
COUNTS id=[ 384, 18880 ] end=6348800 piso=13805568
COUNTS id=[ 384, 18881 ] end=12634112 piso=25273344
COUNTS id=[ 384, 18882 ] end=3301376 piso=11390976
COUNTS id=[ 384, 18883 ] end=322764800 piso=2801467392
COUNTS id=[ 384, 18884 ] end=226787328 piso=1414404096
COUNTS id=[ 384, 18885 ] end=107085824 piso=333987840
COUNTS id=[ 384, 18886 ] end=113205248 piso=380413440
COUNTS id=[ 384, 18887 ] end=12621824 piso=25628160
COUNTS id=[ 384, 18888 ] end=12627968 piso=25536000
PROGRESS checked=200 hits=0 reversed=0 runtime_ms=1213641
COUNTS id=[ 384, 18889 ] end=12943360 piso=64856064
COUNTS id=[ 384, 18890 ] end=2527232 piso=16272384
COUNTS id=[ 384, 18891 ] end=6393856 piso=57919488
COUNTS id=[ 384, 18892 ] end=40062976 piso=177778176
COUNTS id=[ 384, 18893 ] end=16470016 piso=54603264
COUNTS id=[ 384, 18894 ] end=2527232 piso=16358400
COUNTS id=[ 384, 18895 ] end=8966144 piso=25677312
COUNTS id=[ 384, 18896 ] end=2207744 piso=13598208
COUNTS id=[ 384, 18897 ] end=5390336 piso=12891648
COUNTS id=[ 384, 18898 ] end=5408768 piso=13598208
COUNTS id=[ 384, 18899 ] end=11669504 piso=23370240
COUNTS id=[ 384, 18900 ] end=8640512 piso=19494912
COUNTS id=[ 384, 18901 ] end=8640512 piso=19542528
COUNTS id=[ 384, 18902 ] end=21155840 piso=58730496
COUNTS id=[ 384, 18903 ] end=2367488 piso=10924032
COUNTS id=[ 384, 18904 ] end=2349056 piso=10529280
COUNTS id=[ 384, 18905 ] end=222412800 piso=1361522688
COUNTS id=[ 384, 18906 ] end=229076992 piso=1442961408
COUNTS id=[ 384, 18907 ] end=27676672 piso=90914304
COUNTS id=[ 384, 18908 ] end=5537792 piso=14556672
COUNTS id=[ 384, 18909 ] end=115294208 piso=394421760
COUNTS id=[ 384, 18910 ] end=24074240 piso=67161600
COUNTS id=[ 384, 18911 ] end=11675648 piso=22722048
COUNTS id=[ 384, 18912 ] end=21020672 piso=56403456
COUNTS id=[ 384, 18913 ] end=14723072 piso=27452928
COUNTS id=[ 384, 18914 ] end=17563648 piso=74883072
COUNTS id=[ 384, 18915 ] end=372736 piso=10300416
COUNTS id=[ 384, 18916 ] end=2289664 piso=71953920
COUNTS id=[ 384, 18917 ] end=21114880 piso=63671808
COUNTS id=[ 384, 18918 ] end=372736 piso=10140672
COUNTS id=[ 384, 18919 ] end=200704 piso=16068096
COUNTS id=[ 384, 18920 ] end=6664192 piso=12959232
COUNTS id=[ 384, 18921 ] end=9865216 piso=16510464
COUNTS id=[ 384, 18922 ] end=335872 piso=11710464
COUNTS id=[ 384, 18923 ] end=12894208 piso=19236864
COUNTS id=[ 384, 18924 ] end=526336 piso=9689088
COUNTS id=[ 384, 18925 ] end=372736 piso=15980544
COUNTS id=[ 384, 18926 ] end=6823936 piso=12804096
COUNTS id=[ 384, 18927 ] end=526336 piso=9736704
COUNTS id=[ 384, 18928 ] end=6805504 piso=12409344
COUNTS id=[ 384, 18929 ] end=11059200 piso=156659712
COUNTS id=[ 384, 18930 ] end=24457216 piso=77236224
COUNTS id=[ 384, 18931 ] end=4575232 piso=170170368
COUNTS id=[ 384, 18932 ] end=10964992 piso=53128704
COUNTS id=[ 384, 18933 ] end=3383296 piso=11238912
COUNTS id=[ 384, 18934 ] end=6596608 piso=11930112
COUNTS id=[ 384, 18935 ] end=3389440 piso=14876160
COUNTS id=[ 384, 18936 ] end=3561472 piso=10384896
COUNTS id=[ 384, 18937 ] end=323584 piso=12824064
COUNTS id=[ 384, 18938 ] end=6608896 piso=13020672
COUNTS id=[ 384, 18939 ] end=17432576 piso=67891200
COUNTS id=[ 384, 18940 ] end=6856704 piso=16223232
COUNTS id=[ 384, 18941 ] end=245760 piso=12057600
COUNTS id=[ 384, 18942 ] end=3489792 piso=11077632
COUNTS id=[ 384, 18943 ] end=1679360 piso=70849536
COUNTS id=[ 384, 18944 ] end=565248 piso=12682752
DONE checked=256 abelian=0 hits=0 reversed=0 skipped_abelian=0 closest=[ 384, 18831 ] min_ratio=4637/3160 runtime_ms=1531021
