{"command": ["/project/gap-4.16.1/gap", "-l", "/project/gap-4.16.1", "-q", "-b", "-T", "-m", "128m", "-o", "4g", "-c", "START_ORDER:=384;;END_ORDER:=384;;START_ID:=1537;;END_ID:=1792;;SKIP_ABELIAN:=true;;LOG_ALL:=true;;", "/project/scripts/search_19_20.g"], "source_hashes": {"scripts/search_19_20.g": "7b6a34e9163b58b0248b3c464ae8070783414cd7d14048136dd0e3547b906318", "scripts/lib_19_20.g": "fbcf2d3c4b0648cc1fa87d6e50fc923133d594c029b8430a365caf596ac7ccd5"}}
PARAMETERS start=384 end=384 start_id=1537 end_id=1792 skip_abelian=true log_all=true
ORDER_START order=384 groups=20169
COUNTS id=[ 384, 1537 ] end=90112 piso=5002752
CLOSEST id=[ 384, 1537 ] end=90112 piso=5002752 ratio=9771/176
COUNTS id=[ 384, 1538 ] end=274432 piso=326811648
COUNTS id=[ 384, 1539 ] end=102400 piso=5302272
CLOSEST id=[ 384, 1539 ] end=102400 piso=5302272 ratio=2589/50
COUNTS id=[ 384, 1540 ] end=126976 piso=5709312
CLOSEST id=[ 384, 1540 ] end=126976 piso=5709312 ratio=11151/248
COUNTS id=[ 384, 1541 ] end=483328 piso=352862208
COUNTS id=[ 384, 1542 ] end=133120 piso=8239104
COUNTS id=[ 384, 1543 ] end=53248 piso=2721792
COUNTS id=[ 384, 1544 ] end=688128 piso=333987840
COUNTS id=[ 384, 1545 ] end=249856 piso=310001664
COUNTS id=[ 384, 1546 ] end=305152 piso=329527296
COUNTS id=[ 384, 1547 ] end=163840 piso=306935808
COUNTS id=[ 384, 1548 ] end=198656 piso=5563392
CLOSEST id=[ 384, 1548 ] end=198656 piso=5563392 ratio=5433/194
COUNTS id=[ 384, 1549 ] end=88064 piso=1778688
CLOSEST id=[ 384, 1549 ] end=88064 piso=1778688 ratio=1737/86
COUNTS id=[ 384, 1550 ] end=94208 piso=2942976
COUNTS id=[ 384, 1551 ] end=26624 piso=1038336
COUNTS id=[ 384, 1552 ] end=68096 piso=1783296
COUNTS id=[ 384, 1553 ] end=68096 piso=1445376
COUNTS id=[ 384, 1554 ] end=68096 piso=1580544
COUNTS id=[ 384, 1555 ] end=68096 piso=1107456
CLOSEST id=[ 384, 1555 ] end=68096 piso=1107456 ratio=309/19
COUNTS id=[ 384, 1556 ] end=12800 piso=404352
COUNTS id=[ 384, 1557 ] end=12800 piso=404352
COUNTS id=[ 384, 1558 ] end=15872 piso=803712
COUNTS id=[ 384, 1559 ] end=46592 piso=2791296
COUNTS id=[ 384, 1560 ] end=23040 piso=416640
COUNTS id=[ 384, 1561 ] end=23040 piso=416640
COUNTS id=[ 384, 1562 ] end=69632 piso=3374976
COUNTS id=[ 384, 1563 ] end=23552 piso=1129344
COUNTS id=[ 384, 1564 ] end=286720 piso=8380416
COUNTS id=[ 384, 1565 ] end=155648 piso=3231744
COUNTS id=[ 384, 1566 ] end=94208 piso=7372800
COUNTS id=[ 384, 1567 ] end=94208 piso=2224128
COUNTS id=[ 384, 1568 ] end=155648 piso=8567808
COUNTS id=[ 384, 1569 ] end=63488 piso=2792448
COUNTS id=[ 384, 1570 ] end=110592 piso=5563392
COUNTS id=[ 384, 1571 ] end=71168 piso=3598848
COUNTS id=[ 384, 1572 ] end=46592 piso=2803584
COUNTS id=[ 384, 1573 ] end=61440 piso=1778688
COUNTS id=[ 384, 1574 ] end=37376 piso=1860096
COUNTS id=[ 384, 1575 ] end=18944 piso=816000
COUNTS id=[ 384, 1576 ] end=36864 piso=634752
COUNTS id=[ 384, 1577 ] end=36864 piso=634752
COUNTS id=[ 384, 1578 ] end=67584 piso=1681920
COUNTS id=[ 384, 1579 ] end=55296 piso=1239552
COUNTS id=[ 384, 1580 ] end=48128 piso=1860096
COUNTS id=[ 384, 1581 ] end=103424 piso=4170240
COUNTS id=[ 384, 1582 ] end=72704 piso=3531648
COUNTS id=[ 384, 1583 ] end=29696 piso=1286016
COUNTS id=[ 384, 1584 ] end=147968 piso=5362176
COUNTS id=[ 384, 1585 ] end=83456 piso=2554368
COUNTS id=[ 384, 1586 ] end=26624 piso=453504
COUNTS id=[ 384, 1587 ] end=26624 piso=453504
COUNTS id=[ 384, 1588 ] end=24576 piso=391680
CLOSEST id=[ 384, 1588 ] end=24576 piso=391680 ratio=255/16
COUNTS id=[ 384, 1589 ] end=14336 piso=238464
COUNTS id=[ 384, 1590 ] end=34816 piso=516480
CLOSEST id=[ 384, 1590 ] end=34816 piso=516480 ratio=4035/272
COUNTS id=[ 384, 1591 ] end=7680 piso=413568
COUNTS id=[ 384, 1592 ] end=6656 piso=244608
COUNTS id=[ 384, 1593 ] end=14336 piso=270336
COUNTS id=[ 384, 1594 ] end=69632 piso=3362304
COUNTS id=[ 384, 1595 ] end=23552 piso=1107456
COUNTS id=[ 384, 1596 ] end=49664 piso=2792448
COUNTS id=[ 384, 1597 ] end=43520 piso=2787840
COUNTS id=[ 384, 1598 ] end=9728 piso=795648
COUNTS id=[ 384, 1599 ] end=9728 piso=791040
COUNTS id=[ 384, 1600 ] end=6656 piso=271872
COUNTS id=[ 384, 1601 ] end=157696 piso=3154944
COUNTS id=[ 384, 1602 ] end=81920 piso=3362304
COUNTS id=[ 384, 1603 ] end=112128 piso=4025856
COUNTS id=[ 384, 1604 ] end=203264 piso=5136384
COUNTS id=[ 384, 1605 ] end=32768 piso=1420800
COUNTS id=[ 384, 1606 ] end=32256 piso=1771008
COUNTS id=[ 384, 1607 ] end=37376 piso=1910784
COUNTS id=[ 384, 1608 ] end=26624 piso=488832
COUNTS id=[ 384, 1609 ] end=24576 piso=562176
COUNTS id=[ 384, 1610 ] end=24576 piso=504192
COUNTS id=[ 384, 1611 ] end=36864 piso=808320
COUNTS id=[ 384, 1612 ] end=76800 piso=2170368
COUNTS id=[ 384, 1613 ] end=29184 piso=1247232
COUNTS id=[ 384, 1614 ] end=72192 piso=3502080
COUNTS id=[ 384, 1615 ] end=55296 piso=1417728
COUNTS id=[ 384, 1616 ] end=110592 piso=4346880
COUNTS id=[ 384, 1617 ] end=36864 piso=1434624
COUNTS id=[ 384, 1618 ] end=28160 piso=872448
COUNTS id=[ 384, 1619 ] end=18944 piso=287616
COUNTS id=[ 384, 1620 ] end=159808 piso=1211904
CLOSEST id=[ 384, 1620 ] end=159808 piso=1211904 ratio=18936/2497
COUNTS id=[ 384, 1621 ] end=36928 piso=579072
COUNTS id=[ 384, 1622 ] end=159808 piso=1211904
COUNTS id=[ 384, 1623 ] end=19456 piso=102624
CLOSEST id=[ 384, 1623 ] end=19456 piso=102624 ratio=3207/608
COUNTS id=[ 384, 1624 ] end=14336 piso=90336
COUNTS id=[ 384, 1625 ] end=114688 piso=294912
CLOSEST id=[ 384, 1625 ] end=114688 piso=294912 ratio=18/7
COUNTS id=[ 384, 1626 ] end=81920 piso=233472
COUNTS id=[ 384, 1627 ] end=26624 piso=118656
COUNTS id=[ 384, 1628 ] end=22528 piso=184320
COUNTS id=[ 384, 1629 ] end=15872 piso=84864
COUNTS id=[ 384, 1630 ] end=37888 piso=179424
COUNTS id=[ 384, 1631 ] end=29696 piso=148704
COUNTS id=[ 384, 1632 ] end=8192 piso=79104
COUNTS id=[ 384, 1633 ] end=92416 piso=867840
COUNTS id=[ 384, 1634 ] end=83008 piso=1396224
COUNTS id=[ 384, 1635 ] end=41536 piso=407040
COUNTS id=[ 384, 1636 ] end=608320 piso=5094912
PROGRESS checked=100 hits=0 reversed=0 runtime_ms=198399
COUNTS id=[ 384, 1637 ] end=304192 piso=1949184
COUNTS id=[ 384, 1638 ] end=83008 piso=1095168
COUNTS id=[ 384, 1639 ] end=47872 piso=413184
COUNTS id=[ 384, 1640 ] end=40192 piso=560640
COUNTS id=[ 384, 1641 ] end=36928 piso=1150464
COUNTS id=[ 384, 1642 ] end=294976 piso=2686464
COUNTS id=[ 384, 1643 ] end=12544 piso=168960
COUNTS id=[ 384, 1644 ] end=12800 piso=84192
COUNTS id=[ 384, 1645 ] end=61504 piso=580608
COUNTS id=[ 384, 1646 ] end=86016 piso=294912
COUNTS id=[ 384, 1647 ] end=75776 piso=233472
COUNTS id=[ 384, 1648 ] end=26624 piso=118656
COUNTS id=[ 384, 1649 ] end=20480 piso=184320
COUNTS id=[ 384, 1650 ] end=15872 piso=84864
COUNTS id=[ 384, 1651 ] end=22784 piso=137184
COUNTS id=[ 384, 1652 ] end=8192 piso=79104
COUNTS id=[ 384, 1653 ] end=38656 piso=413184
COUNTS id=[ 384, 1654 ] end=73984 piso=867840
COUNTS id=[ 384, 1655 ] end=41536 piso=635904
COUNTS id=[ 384, 1656 ] end=83008 piso=1268736
COUNTS id=[ 384, 1657 ] end=216640 piso=2085888
COUNTS id=[ 384, 1658 ] end=21760 piso=560640
COUNTS id=[ 384, 1659 ] end=36928 piso=764928
COUNTS id=[ 384, 1660 ] end=59968 piso=1188864
COUNTS id=[ 384, 1661 ] end=12544 piso=168960
COUNTS id=[ 384, 1662 ] end=50176 piso=208896
COUNTS id=[ 384, 1663 ] end=18432 piso=115584
COUNTS id=[ 384, 1664 ] end=13312 piso=144384
COUNTS id=[ 384, 1665 ] end=10240 piso=81792
COUNTS id=[ 384, 1666 ] end=6784 piso=201984
COUNTS id=[ 384, 1667 ] end=28288 piso=303360
COUNTS id=[ 384, 1668 ] end=16384 piso=187392
COUNTS id=[ 384, 1669 ] end=14336 piso=187392
COUNTS id=[ 384, 1670 ] end=8192 piso=80256
COUNTS id=[ 384, 1671 ] end=34304 piso=604800
COUNTS id=[ 384, 1672 ] end=34304 piso=604800
COUNTS id=[ 384, 1673 ] end=25088 piso=391296
COUNTS id=[ 384, 1674 ] end=18944 piso=549504
COUNTS id=[ 384, 1675 ] end=18944 piso=549504
COUNTS id=[ 384, 1676 ] end=9728 piso=317568
COUNTS id=[ 384, 1677 ] end=27136 piso=147168
COUNTS id=[ 384, 1678 ] end=16640 piso=111072
COUNTS id=[ 384, 1679 ] end=15104 piso=104928
COUNTS id=[ 384, 1680 ] end=17408 piso=110304
COUNTS id=[ 384, 1681 ] end=86016 piso=2469888
COUNTS id=[ 384, 1682 ] end=75776 piso=2439168
COUNTS id=[ 384, 1683 ] end=25088 piso=347520
COUNTS id=[ 384, 1684 ] end=198656 piso=12917376
COUNTS id=[ 384, 1685 ] end=49664 piso=1180800
COUNTS id=[ 384, 1686 ] end=160256 piso=11117184
COUNTS id=[ 384, 1687 ] end=29696 piso=855168
COUNTS id=[ 384, 1688 ] end=57344 piso=3265152
COUNTS id=[ 384, 1689 ] end=55808 piso=3775104
COUNTS id=[ 384, 1690 ] end=9216 piso=138240
COUNTS id=[ 384, 1691 ] end=6144 piso=86400
COUNTS id=[ 384, 1692 ] end=15872 piso=297600
COUNTS id=[ 384, 1693 ] end=5120 piso=193152
COUNTS id=[ 384, 1694 ] end=50176 piso=1529856
COUNTS id=[ 384, 1695 ] end=26112 piso=359808
COUNTS id=[ 384, 1696 ] end=45056 piso=1117824
COUNTS id=[ 384, 1697 ] end=25088 piso=792192
COUNTS id=[ 384, 1698 ] end=5504 piso=67200
COUNTS id=[ 384, 1699 ] end=5504 piso=67200
COUNTS id=[ 384, 1700 ] end=28672 piso=337536
COUNTS id=[ 384, 1701 ] end=27392 piso=337536
COUNTS id=[ 384, 1702 ] end=76160 piso=1849824
COUNTS id=[ 384, 1703 ] end=25088 piso=985824
COUNTS id=[ 384, 1704 ] end=59648 piso=1230048
COUNTS id=[ 384, 1705 ] end=8576 piso=1201632
COUNTS id=[ 384, 1706 ] end=126080 piso=11426304
COUNTS id=[ 384, 1707 ] end=70784 piso=3570432
COUNTS id=[ 384, 1708 ] end=30080 piso=1392384
COUNTS id=[ 384, 1709 ] end=46976 piso=1920000
COUNTS id=[ 384, 1710 ] end=189952 piso=322790400
COUNTS id=[ 384, 1711 ] end=79872 piso=4448256
COUNTS id=[ 384, 1712 ] end=35328 piso=1890816
COUNTS id=[ 384, 1713 ] end=49152 piso=2357760
COUNTS id=[ 384, 1714 ] end=48000 piso=1859328
COUNTS id=[ 384, 1715 ] end=69504 piso=2631168
COUNTS id=[ 384, 1716 ] end=28032 piso=1096704
COUNTS id=[ 384, 1717 ] end=18048 piso=885504
COUNTS id=[ 384, 1718 ] end=89600 piso=4131840
COUNTS id=[ 384, 1719 ] end=90112 piso=6463488
COUNTS id=[ 384, 1720 ] end=48640 piso=1896960
COUNTS id=[ 384, 1721 ] end=22528 piso=1122816
COUNTS id=[ 384, 1722 ] end=139904 piso=13518336
COUNTS id=[ 384, 1723 ] end=57728 piso=2253312
COUNTS id=[ 384, 1724 ] end=22400 piso=1062912
COUNTS id=[ 384, 1725 ] end=150528 piso=15255552
COUNTS id=[ 384, 1726 ] end=91648 piso=3892224
COUNTS id=[ 384, 1727 ] end=34816 piso=1198080
COUNTS id=[ 384, 1728 ] end=65536 piso=3471360
COUNTS id=[ 384, 1729 ] end=48000 piso=1837824
COUNTS id=[ 384, 1730 ] end=96384 piso=5026560
COUNTS id=[ 384, 1731 ] end=19584 piso=883968
COUNTS id=[ 384, 1732 ] end=107520 piso=4435968
COUNTS id=[ 384, 1733 ] end=96256 piso=4297728
COUNTS id=[ 384, 1734 ] end=39424 piso=1210368
COUNTS id=[ 384, 1735 ] end=31744 piso=1302528
COUNTS id=[ 384, 1736 ] end=61824 piso=3547392
PROGRESS checked=200 hits=0 reversed=0 runtime_ms=360352
COUNTS id=[ 384, 1737 ] end=17280 piso=784896
COUNTS id=[ 384, 1738 ] end=8832 piso=725760
COUNTS id=[ 384, 1739 ] end=71680 piso=3452928
COUNTS id=[ 384, 1740 ] end=22016 piso=1022976
COUNTS id=[ 384, 1741 ] end=32768 piso=933888
COUNTS id=[ 384, 1742 ] end=63488 piso=3661824
COUNTS id=[ 384, 1743 ] end=11392 piso=650496
COUNTS id=[ 384, 1744 ] end=25984 piso=938496
COUNTS id=[ 384, 1745 ] end=10624 piso=1665024
COUNTS id=[ 384, 1746 ] end=28672 piso=2574336
COUNTS id=[ 384, 1747 ] end=26624 piso=1010688
COUNTS id=[ 384, 1748 ] end=37376 piso=1179648
COUNTS id=[ 384, 1749 ] end=29696 piso=989184
COUNTS id=[ 384, 1750 ] end=47104 piso=619008
COUNTS id=[ 384, 1751 ] end=24064 piso=367104
COUNTS id=[ 384, 1752 ] end=20992 piso=367104
COUNTS id=[ 384, 1753 ] end=40960 piso=619008
COUNTS id=[ 384, 1754 ] end=22592 piso=458496
COUNTS id=[ 384, 1755 ] end=22592 piso=458496
COUNTS id=[ 384, 1756 ] end=11840 piso=343296
COUNTS id=[ 384, 1757 ] end=11840 piso=343296
COUNTS id=[ 384, 1758 ] end=15104 piso=276480
COUNTS id=[ 384, 1759 ] end=36416 piso=834048
COUNTS id=[ 384, 1760 ] end=17984 piso=302592
COUNTS id=[ 384, 1761 ] end=17984 piso=503808
COUNTS id=[ 384, 1762 ] end=36416 piso=734208
COUNTS id=[ 384, 1763 ] end=118272 piso=9891840
COUNTS id=[ 384, 1764 ] end=31232 piso=694272
COUNTS id=[ 384, 1765 ] end=35840 piso=900096
COUNTS id=[ 384, 1766 ] end=103424 piso=9772032
COUNTS id=[ 384, 1767 ] end=132352 piso=11417088
COUNTS id=[ 384, 1768 ] end=38656 piso=1007616
COUNTS id=[ 384, 1769 ] end=106240 piso=9807360
COUNTS id=[ 384, 1770 ] end=18688 piso=811008
COUNTS id=[ 384, 1771 ] end=43776 piso=652800
COUNTS id=[ 384, 1772 ] end=22272 piso=317952
COUNTS id=[ 384, 1773 ] end=37632 piso=645120
COUNTS id=[ 384, 1774 ] end=19200 piso=310272
COUNTS id=[ 384, 1775 ] end=18176 piso=416256
COUNTS id=[ 384, 1776 ] end=18176 piso=416256
COUNTS id=[ 384, 1777 ] end=15104 piso=276480
COUNTS id=[ 384, 1778 ] end=56640 piso=1238784
COUNTS id=[ 384, 1779 ] end=22080 piso=503040
COUNTS id=[ 384, 1780 ] end=40512 piso=787200
COUNTS id=[ 384, 1781 ] end=12096 piso=444672
COUNTS id=[ 384, 1782 ] end=31744 piso=360960
COUNTS id=[ 384, 1783 ] end=20992 piso=416256
COUNTS id=[ 384, 1784 ] end=28672 piso=360960
COUNTS id=[ 384, 1785 ] end=14848 piso=416256
COUNTS id=[ 384, 1786 ] end=20800 piso=424704
COUNTS id=[ 384, 1787 ] end=20800 piso=424704
COUNTS id=[ 384, 1788 ] end=10048 piso=297216
COUNTS id=[ 384, 1789 ] end=10048 piso=297216
COUNTS id=[ 384, 1790 ] end=11008 piso=230400
COUNTS id=[ 384, 1791 ] end=18496 piso=726528
COUNTS id=[ 384, 1792 ] end=24640 piso=324096
DONE checked=256 abelian=0 hits=0 reversed=0 skipped_abelian=0 closest=[ 384, 1625 ] min_ratio=18/7 runtime_ms=435323
