{"command": ["/project/gap-4.16.1/gap", "-l", "/project/gap-4.16.1", "-q", "-b", "-T", "-m", "128m", "-o", "4g", "-c", "START_ORDER:=384;;END_ORDER:=384;;START_ID:=9985;;END_ID:=10240;;SKIP_ABELIAN:=true;;LOG_ALL:=true;;", "/project/scripts/search_19_20.g"], "source_hashes": {"scripts/search_19_20.g": "7b6a34e9163b58b0248b3c464ae8070783414cd7d14048136dd0e3547b906318", "scripts/lib_19_20.g": "fbcf2d3c4b0648cc1fa87d6e50fc923133d594c029b8430a365caf596ac7ccd5"}}
PARAMETERS start=384 end=384 start_id=9985 end_id=10240 skip_abelian=true log_all=true
ORDER_START order=384 groups=20169
COUNTS id=[ 384, 9985 ] end=311296 piso=4738560
CLOSEST id=[ 384, 9985 ] end=311296 piso=4738560 ratio=9255/608
COUNTS id=[ 384, 9986 ] end=311296 piso=4738560
COUNTS id=[ 384, 9987 ] end=102400 piso=4002816
COUNTS id=[ 384, 9988 ] end=188416 piso=5995008
COUNTS id=[ 384, 9989 ] end=4046848 piso=346401792
COUNTS id=[ 384, 9990 ] end=3813376 piso=332037120
COUNTS id=[ 384, 9991 ] end=372736 piso=12665856
COUNTS id=[ 384, 9992 ] end=4427776 piso=362677248
COUNTS id=[ 384, 9993 ] end=692224 piso=17645568
COUNTS id=[ 384, 9994 ] end=3629056 piso=321145344
COUNTS id=[ 384, 9995 ] end=483328 piso=16991232
COUNTS id=[ 384, 9996 ] end=434176 piso=14819328
COUNTS id=[ 384, 9997 ] end=3813376 piso=334315008
COUNTS id=[ 384, 9998 ] end=348160 piso=15939072
COUNTS id=[ 384, 9999 ] end=729088 piso=15690240
COUNTS id=[ 384, 10000 ] end=3579904 piso=311794176
COUNTS id=[ 384, 10001 ] end=385024 piso=10518528
COUNTS id=[ 384, 10002 ] end=667648 piso=11521536
COUNTS id=[ 384, 10003 ] end=360448 piso=8107008
COUNTS id=[ 384, 10004 ] end=1785856 piso=40571904
COUNTS id=[ 384, 10005 ] end=1024000 piso=19069440
COUNTS id=[ 384, 10006 ] end=4206592 piso=356560896
COUNTS id=[ 384, 10007 ] end=667648 piso=11610624
COUNTS id=[ 384, 10008 ] end=1036288 piso=19006464
COUNTS id=[ 384, 10009 ] end=544768 piso=12013056
COUNTS id=[ 384, 10010 ] end=3727360 piso=328316928
COUNTS id=[ 384, 10011 ] end=593920 piso=10675200
COUNTS id=[ 384, 10012 ] end=483328 piso=9788928
COUNTS id=[ 384, 10013 ] end=3739648 piso=328564224
COUNTS id=[ 384, 10014 ] end=335872 piso=7296000
COUNTS id=[ 384, 10015 ] end=593920 piso=10619904
COUNTS id=[ 384, 10016 ] end=335872 piso=5939712
COUNTS id=[ 384, 10017 ] end=335872 piso=5990400
COUNTS id=[ 384, 10018 ] end=3457024 piso=307424256
COUNTS id=[ 384, 10019 ] end=311296 piso=5194752
COUNTS id=[ 384, 10020 ] end=311296 piso=5228544
COUNTS id=[ 384, 10021 ] end=311296 piso=7807488
COUNTS id=[ 384, 10022 ] end=397312 piso=7993344
COUNTS id=[ 384, 10023 ] end=311296 piso=5176320
COUNTS id=[ 384, 10024 ] end=888832 piso=16851456
COUNTS id=[ 384, 10025 ] end=348160 piso=6253056
COUNTS id=[ 384, 10026 ] end=397312 piso=6726144
COUNTS id=[ 384, 10027 ] end=802816 piso=17524224
COUNTS id=[ 384, 10028 ] end=532480 piso=8790528
COUNTS id=[ 384, 10029 ] end=311296 piso=5984256
COUNTS id=[ 384, 10030 ] end=311296 piso=5431296
COUNTS id=[ 384, 10031 ] end=520192 piso=8183808
COUNTS id=[ 384, 10032 ] end=3776512 piso=309851136
COUNTS id=[ 384, 10033 ] end=704512 piso=15475200
COUNTS id=[ 384, 10034 ] end=372736 piso=8624640
COUNTS id=[ 384, 10035 ] end=348160 piso=8569344
COUNTS id=[ 384, 10036 ] end=397312 piso=9354240
COUNTS id=[ 384, 10037 ] end=126976 piso=6042624
COUNTS id=[ 384, 10038 ] end=372736 piso=9222144
COUNTS id=[ 384, 10039 ] end=606208 piso=13804032
COUNTS id=[ 384, 10040 ] end=114688 piso=6010368
COUNTS id=[ 384, 10041 ] end=729088 piso=14630400
COUNTS id=[ 384, 10042 ] end=704512 piso=14515200
COUNTS id=[ 384, 10043 ] end=348160 piso=8534016
COUNTS id=[ 384, 10044 ] end=348160 piso=8509440
COUNTS id=[ 384, 10045 ] end=348160 piso=6190080
COUNTS id=[ 384, 10046 ] end=335872 piso=8071680
COUNTS id=[ 384, 10047 ] end=335872 piso=8037888
COUNTS id=[ 384, 10048 ] end=335872 piso=8105472
COUNTS id=[ 384, 10049 ] end=593920 piso=10930176
COUNTS id=[ 384, 10050 ] end=3850240 piso=332336640
COUNTS id=[ 384, 10051 ] end=335872 piso=6913536
COUNTS id=[ 384, 10052 ] end=102400 piso=5968896
COUNTS id=[ 384, 10053 ] end=335872 piso=8251392
COUNTS id=[ 384, 10054 ] end=102400 piso=5928960
COUNTS id=[ 384, 10055 ] end=102400 piso=5928960
COUNTS id=[ 384, 10056 ] end=3481600 piso=310947840
COUNTS id=[ 384, 10057 ] end=3481600 piso=310969344
COUNTS id=[ 384, 10058 ] end=3481600 piso=310947840
COUNTS id=[ 384, 10059 ] end=372736 piso=11486208
COUNTS id=[ 384, 10060 ] end=348160 piso=8283648
COUNTS id=[ 384, 10061 ] end=471040 piso=17072640
COUNTS id=[ 384, 10062 ] end=114688 piso=6038016
COUNTS id=[ 384, 10063 ] end=606208 piso=9696768
COUNTS id=[ 384, 10064 ] end=114688 piso=5523456
COUNTS id=[ 384, 10065 ] end=114688 piso=5366784
COUNTS id=[ 384, 10066 ] end=188416 piso=6441984
COUNTS id=[ 384, 10067 ] end=139264 piso=6216192
COUNTS id=[ 384, 10068 ] end=704512 piso=14848512
COUNTS id=[ 384, 10069 ] end=421888 piso=6471168
COUNTS id=[ 384, 10070 ] end=323584 piso=5220864
COUNTS id=[ 384, 10071 ] end=323584 piso=5171712
COUNTS id=[ 384, 10072 ] end=102400 piso=5096448
COUNTS id=[ 384, 10073 ] end=311296 piso=5394432
COUNTS id=[ 384, 10074 ] end=139264 piso=5406720
COUNTS id=[ 384, 10075 ] end=114688 piso=5351424
COUNTS id=[ 384, 10076 ] end=311296 piso=6024192
COUNTS id=[ 384, 10077 ] end=335872 piso=6793728
COUNTS id=[ 384, 10078 ] end=139264 piso=5795328
COUNTS id=[ 384, 10079 ] end=114688 piso=5749248
COUNTS id=[ 384, 10080 ] end=102400 piso=3893760
COUNTS id=[ 384, 10081 ] end=311296 piso=5514240
COUNTS id=[ 384, 10082 ] end=102400 piso=5626368
COUNTS id=[ 384, 10083 ] end=102400 piso=3949056
COUNTS id=[ 384, 10084 ] end=102400 piso=5133312
PROGRESS checked=100 hits=0 reversed=0 runtime_ms=296950
COUNTS id=[ 384, 10085 ] end=102400 piso=5145600
COUNTS id=[ 384, 10086 ] end=311296 piso=6005760
COUNTS id=[ 384, 10087 ] end=311296 piso=5471232
COUNTS id=[ 384, 10088 ] end=102400 piso=4291584
COUNTS id=[ 384, 10089 ] end=1134592 piso=25678848
COUNTS id=[ 384, 10090 ] end=569344 piso=11555328
COUNTS id=[ 384, 10091 ] end=335872 piso=8050176
COUNTS id=[ 384, 10092 ] end=593920 piso=11675136
COUNTS id=[ 384, 10093 ] end=593920 piso=11245056
COUNTS id=[ 384, 10094 ] end=335872 piso=6661632
COUNTS id=[ 384, 10095 ] end=102400 piso=5084160
COUNTS id=[ 384, 10096 ] end=102400 piso=5111808
COUNTS id=[ 384, 10097 ] end=311296 piso=7613952
COUNTS id=[ 384, 10098 ] end=102400 piso=5071872
COUNTS id=[ 384, 10099 ] end=102400 piso=5068800
COUNTS id=[ 384, 10100 ] end=311296 piso=7518720
COUNTS id=[ 384, 10101 ] end=311296 piso=7549440
COUNTS id=[ 384, 10102 ] end=446464 piso=7500288
COUNTS id=[ 384, 10103 ] end=102400 piso=3958272
COUNTS id=[ 384, 10104 ] end=311296 piso=5379072
COUNTS id=[ 384, 10105 ] end=311296 piso=5882880
COUNTS id=[ 384, 10106 ] end=102400 piso=3930624
COUNTS id=[ 384, 10107 ] end=311296 piso=5357568
COUNTS id=[ 384, 10108 ] end=311296 piso=5919744
COUNTS id=[ 384, 10109 ] end=139264 piso=6277632
COUNTS id=[ 384, 10110 ] end=630784 piso=14012928
COUNTS id=[ 384, 10111 ] end=593920 piso=11157504
COUNTS id=[ 384, 10112 ] end=630784 piso=11013120
COUNTS id=[ 384, 10113 ] end=139264 piso=6202368
COUNTS id=[ 384, 10114 ] end=212992 piso=8776704
COUNTS id=[ 384, 10115 ] end=655360 piso=9748992
CLOSEST id=[ 384, 10115 ] end=655360 piso=9748992 ratio=19041/1280
COUNTS id=[ 384, 10116 ] end=139264 piso=6117888
COUNTS id=[ 384, 10117 ] end=593920 piso=11209728
COUNTS id=[ 384, 10118 ] end=937984 piso=19321344
COUNTS id=[ 384, 10119 ] end=397312 piso=8679936
COUNTS id=[ 384, 10120 ] end=139264 piso=4942848
COUNTS id=[ 384, 10121 ] end=372736 piso=8365056
COUNTS id=[ 384, 10122 ] end=348160 piso=8232960
COUNTS id=[ 384, 10123 ] end=495616 piso=10103808
COUNTS id=[ 384, 10124 ] end=372736 piso=5337600
CLOSEST id=[ 384, 10124 ] end=372736 piso=5337600 ratio=10425/728
COUNTS id=[ 384, 10125 ] end=520192 piso=8609280
COUNTS id=[ 384, 10126 ] end=520192 piso=8600064
COUNTS id=[ 384, 10127 ] end=311296 piso=5265408
COUNTS id=[ 384, 10128 ] end=311296 piso=5775360
COUNTS id=[ 384, 10129 ] end=102400 piso=3827712
COUNTS id=[ 384, 10130 ] end=102400 piso=3836928
COUNTS id=[ 384, 10131 ] end=311296 piso=4689408
COUNTS id=[ 384, 10132 ] end=311296 piso=4701696
COUNTS id=[ 384, 10133 ] end=102400 piso=5038080
COUNTS id=[ 384, 10134 ] end=102400 piso=5093376
COUNTS id=[ 384, 10135 ] end=102400 piso=5041152
COUNTS id=[ 384, 10136 ] end=311296 piso=6191616
COUNTS id=[ 384, 10137 ] end=311296 piso=5657088
COUNTS id=[ 384, 10138 ] end=102400 piso=3687936
COUNTS id=[ 384, 10139 ] end=102400 piso=3691008
COUNTS id=[ 384, 10140 ] end=913408 piso=16863744
COUNTS id=[ 384, 10141 ] end=348160 piso=6655488
COUNTS id=[ 384, 10142 ] end=139264 piso=5054976
COUNTS id=[ 384, 10143 ] end=360448 piso=8804352
COUNTS id=[ 384, 10144 ] end=372736 piso=9587712
COUNTS id=[ 384, 10145 ] end=335872 piso=8150016
COUNTS id=[ 384, 10146 ] end=102400 piso=5801472
COUNTS id=[ 384, 10147 ] end=102400 piso=5813760
COUNTS id=[ 384, 10148 ] end=102400 piso=5829120
COUNTS id=[ 384, 10149 ] end=102400 piso=5862912
COUNTS id=[ 384, 10150 ] end=630784 piso=14255616
COUNTS id=[ 384, 10151 ] end=335872 piso=6257664
COUNTS id=[ 384, 10152 ] end=335872 piso=8188416
COUNTS id=[ 384, 10153 ] end=593920 piso=11002368
COUNTS id=[ 384, 10154 ] end=102400 piso=5813760
COUNTS id=[ 384, 10155 ] end=102400 piso=5819904
COUNTS id=[ 384, 10156 ] end=335872 piso=7818240
COUNTS id=[ 384, 10157 ] end=593920 piso=10963968
COUNTS id=[ 384, 10158 ] end=335872 piso=6230016
COUNTS id=[ 384, 10159 ] end=593920 piso=13797888
COUNTS id=[ 384, 10160 ] end=630784 piso=12092928
COUNTS id=[ 384, 10161 ] end=876544 piso=16790016
COUNTS id=[ 384, 10162 ] end=335872 piso=6170112
COUNTS id=[ 384, 10163 ] end=335872 piso=6701568
COUNTS id=[ 384, 10164 ] end=102400 piso=5939712
COUNTS id=[ 384, 10165 ] end=348160 piso=8530944
COUNTS id=[ 384, 10166 ] end=102400 piso=5054976
COUNTS id=[ 384, 10167 ] end=139264 piso=6629376
COUNTS id=[ 384, 10168 ] end=139264 piso=6604800
COUNTS id=[ 384, 10169 ] end=335872 piso=6077952
COUNTS id=[ 384, 10170 ] end=335872 piso=6640128
COUNTS id=[ 384, 10171 ] end=372736 piso=8664576
COUNTS id=[ 384, 10172 ] end=102400 piso=5024256
COUNTS id=[ 384, 10173 ] end=593920 piso=9458688
COUNTS id=[ 384, 10174 ] end=102400 piso=5062656
COUNTS id=[ 384, 10175 ] end=102400 piso=5041152
COUNTS id=[ 384, 10176 ] end=102400 piso=5035008
COUNTS id=[ 384, 10177 ] end=102400 piso=5322240
COUNTS id=[ 384, 10178 ] end=102400 piso=5044224
COUNTS id=[ 384, 10179 ] end=102400 piso=5044224
COUNTS id=[ 384, 10180 ] end=520192 piso=8658432
COUNTS id=[ 384, 10181 ] end=102400 piso=3849216
COUNTS id=[ 384, 10182 ] end=102400 piso=3861504
COUNTS id=[ 384, 10183 ] end=520192 piso=8689152
COUNTS id=[ 384, 10184 ] end=311296 piso=5799936
PROGRESS checked=200 hits=0 reversed=0 runtime_ms=540231
COUNTS id=[ 384, 10185 ] end=311296 piso=5259264
COUNTS id=[ 384, 10186 ] end=311296 piso=5262336
COUNTS id=[ 384, 10187 ] end=102400 piso=5399040
COUNTS id=[ 384, 10188 ] end=102400 piso=5417472
COUNTS id=[ 384, 10189 ] end=139264 piso=5589504
COUNTS id=[ 384, 10190 ] end=102400 piso=5114880
COUNTS id=[ 384, 10191 ] end=102400 piso=5087232
COUNTS id=[ 384, 10192 ] end=102400 piso=5019648
COUNTS id=[ 384, 10193 ] end=139264 piso=5225472
COUNTS id=[ 384, 10194 ] end=102400 piso=3712512
COUNTS id=[ 384, 10195 ] end=102400 piso=3721728
COUNTS id=[ 384, 10196 ] end=102400 piso=3783168
COUNTS id=[ 384, 10197 ] end=102400 piso=3789312
COUNTS id=[ 384, 10198 ] end=102400 piso=3830784
COUNTS id=[ 384, 10199 ] end=102400 piso=3852288
COUNTS id=[ 384, 10200 ] end=102400 piso=3746304
COUNTS id=[ 384, 10201 ] end=102400 piso=3746304
COUNTS id=[ 384, 10202 ] end=520192 piso=10411008
COUNTS id=[ 384, 10203 ] end=311296 piso=5243904
COUNTS id=[ 384, 10204 ] end=311296 piso=5250048
COUNTS id=[ 384, 10205 ] end=323584 piso=7626240
COUNTS id=[ 384, 10206 ] end=102400 piso=3724800
COUNTS id=[ 384, 10207 ] end=102400 piso=3712512
COUNTS id=[ 384, 10208 ] end=311296 piso=5772288
COUNTS id=[ 384, 10209 ] end=311296 piso=5219328
COUNTS id=[ 384, 10210 ] end=311296 piso=5225472
COUNTS id=[ 384, 10211 ] end=102400 piso=5062656
COUNTS id=[ 384, 10212 ] end=102400 piso=5114880
COUNTS id=[ 384, 10213 ] end=102400 piso=3826176
COUNTS id=[ 384, 10214 ] end=102400 piso=3826176
COUNTS id=[ 384, 10215 ] end=311296 piso=5867520
COUNTS id=[ 384, 10216 ] end=102400 piso=3836928
COUNTS id=[ 384, 10217 ] end=102400 piso=3843072
COUNTS id=[ 384, 10218 ] end=311296 piso=4692480
COUNTS id=[ 384, 10219 ] end=311296 piso=4695552
COUNTS id=[ 384, 10220 ] end=520192 piso=8263680
COUNTS id=[ 384, 10221 ] end=323584 piso=4958208
COUNTS id=[ 384, 10222 ] end=212992 piso=8174592
COUNTS id=[ 384, 10223 ] end=397312 piso=6484992
COUNTS id=[ 384, 10224 ] end=163840 piso=6461952
COUNTS id=[ 384, 10225 ] end=741376 piso=16094208
COUNTS id=[ 384, 10226 ] end=520192 piso=8294400
COUNTS id=[ 384, 10227 ] end=520192 piso=8297472
COUNTS id=[ 384, 10228 ] end=323584 piso=5031936
COUNTS id=[ 384, 10229 ] end=323584 piso=5041152
COUNTS id=[ 384, 10230 ] end=102400 piso=3969024
COUNTS id=[ 384, 10231 ] end=102400 piso=3972096
COUNTS id=[ 384, 10232 ] end=102400 piso=3969024
COUNTS id=[ 384, 10233 ] end=323584 piso=6544896
COUNTS id=[ 384, 10234 ] end=188416 piso=6291456
COUNTS id=[ 384, 10235 ] end=188416 piso=6065664
COUNTS id=[ 384, 10236 ] end=102400 piso=4035072
COUNTS id=[ 384, 10237 ] end=102400 piso=4038144
COUNTS id=[ 384, 10238 ] end=102400 piso=4035072
COUNTS id=[ 384, 10239 ] end=311296 piso=4947456
COUNTS id=[ 384, 10240 ] end=102400 piso=4122624
DONE checked=256 abelian=0 hits=0 reversed=0 skipped_abelian=0 closest=[ 384, 10124 ] min_ratio=10425/728 runtime_ms=664196
