{"command": ["/project/gap-4.16.1/gap", "-l", "/project/gap-4.16.1", "-q", "-b", "-T", "-m", "128m", "-o", "4g", "-c", "START_ORDER:=432;;END_ORDER:=432;;START_ID:=257;;END_ID:=512;;SKIP_ABELIAN:=true;;LOG_ALL:=true;;", "/project/scripts/search_19_20.g"], "source_hashes": {"scripts/search_19_20.g": "7b6a34e9163b58b0248b3c464ae8070783414cd7d14048136dd0e3547b906318", "scripts/lib_19_20.g": "fbcf2d3c4b0648cc1fa87d6e50fc923133d594c029b8430a365caf596ac7ccd5"}}
PARAMETERS start=432 end=432 start_id=257 end_id=512 skip_abelian=true log_all=true
ORDER_START order=432 groups=775
COUNTS id=[ 432, 257 ] end=1298 piso=161136
CLOSEST id=[ 432, 257 ] end=1298 piso=161136 ratio=80568/649
COUNTS id=[ 432, 258 ] end=6806 piso=315792
CLOSEST id=[ 432, 258 ] end=6806 piso=315792 ratio=157896/3403
COUNTS id=[ 432, 259 ] end=87488 piso=1531872
CLOSEST id=[ 432, 259 ] end=87488 piso=1531872 ratio=47871/2734
COUNTS id=[ 432, 260 ] end=7136 piso=240192
COUNTS id=[ 432, 261 ] end=2808 piso=71280
COUNTS id=[ 432, 262 ] end=4428 piso=76248
CLOSEST id=[ 432, 262 ] end=4428 piso=76248 ratio=706/41
COUNTS id=[ 432, 263 ] end=3708 piso=121392
COUNTS id=[ 432, 264 ] end=5544 piso=129816
COUNTS id=[ 432, 265 ] end=3888 piso=127008
COUNTS id=[ 432, 266 ] end=6048 piso=132192
COUNTS id=[ 432, 267 ] end=1620 piso=27864
CLOSEST id=[ 432, 267 ] end=1620 piso=27864 ratio=86/5
COUNTS id=[ 432, 268 ] end=2376 piso=50328
COUNTS id=[ 432, 269 ] end=4536 piso=366984
COUNTS id=[ 432, 270 ] end=5940 piso=387720
COUNTS id=[ 432, 271 ] end=2592 piso=78624
COUNTS id=[ 432, 272 ] end=6480 piso=823392
COUNTS id=[ 432, 273 ] end=1664 piso=59328
COUNTS id=[ 432, 274 ] end=1520 piso=59328
COUNTS id=[ 432, 275 ] end=4480 piso=108288
COUNTS id=[ 432, 276 ] end=3104 piso=92736
COUNTS id=[ 432, 277 ] end=2752 piso=86976
COUNTS id=[ 432, 278 ] end=1456 piso=86976
COUNTS id=[ 432, 279 ] end=3328 piso=511776
COUNTS id=[ 432, 280 ] end=38192 piso=1086912
COUNTS id=[ 432, 281 ] end=30752 piso=642384
COUNTS id=[ 432, 282 ] end=38384 piso=1092096
COUNTS id=[ 432, 283 ] end=44000 piso=953424
COUNTS id=[ 432, 284 ] end=54128 piso=1154736
COUNTS id=[ 432, 285 ] end=14288 piso=590976
COUNTS id=[ 432, 286 ] end=23648 piso=562896
COUNTS id=[ 432, 287 ] end=22016 piso=550368
COUNTS id=[ 432, 288 ] end=15248 piso=582768
COUNTS id=[ 432, 289 ] end=32240 piso=985392
COUNTS id=[ 432, 290 ] end=83776 piso=1292544
CLOSEST id=[ 432, 290 ] end=83776 piso=1292544 ratio=108/7
COUNTS id=[ 432, 291 ] end=127568 piso=3090096
COUNTS id=[ 432, 292 ] end=104720 piso=2915136
COUNTS id=[ 432, 293 ] end=92384 piso=2251152
COUNTS id=[ 432, 294 ] end=29888 piso=1029888
COUNTS id=[ 432, 295 ] end=9728 piso=533952
COUNTS id=[ 432, 296 ] end=11456 piso=515808
COUNTS id=[ 432, 297 ] end=16640 piso=609120
COUNTS id=[ 432, 298 ] end=24128 piso=1042848
COUNTS id=[ 432, 299 ] end=11456 piso=554688
COUNTS id=[ 432, 300 ] end=69568 piso=1470528
COUNTS id=[ 432, 301 ] end=83456 piso=3068928
COUNTS id=[ 432, 302 ] end=77696 piso=3061152
COUNTS id=[ 432, 303 ] end=93376 piso=1367712
CLOSEST id=[ 432, 303 ] end=93376 piso=1367712 ratio=42741/2918
COUNTS id=[ 432, 304 ] end=98560 piso=1195776
CLOSEST id=[ 432, 304 ] end=98560 piso=1195776 ratio=4671/385
COUNTS id=[ 432, 305 ] end=19216 piso=517104
COUNTS id=[ 432, 306 ] end=140800 piso=3017088
COUNTS id=[ 432, 307 ] end=142912 piso=3448224
COUNTS id=[ 432, 308 ] end=178432 piso=1372032
CLOSEST id=[ 432, 308 ] end=178432 piso=1372032 ratio=10719/1394
COUNTS id=[ 432, 309 ] end=18256 piso=511488
COUNTS id=[ 432, 310 ] end=13216 piso=672624
COUNTS id=[ 432, 311 ] end=74176 piso=1049760
COUNTS id=[ 432, 312 ] end=124864 piso=2978208
COUNTS id=[ 432, 313 ] end=68272 piso=1196208
COUNTS id=[ 432, 314 ] end=65296 piso=1415232
COUNTS id=[ 432, 315 ] end=117088 piso=4310064
COUNTS id=[ 432, 316 ] end=93376 piso=1816992
COUNTS id=[ 432, 317 ] end=75520 piso=1237248
COUNTS id=[ 432, 318 ] end=8992 piso=506304
COUNTS id=[ 432, 319 ] end=9856 piso=522720
COUNTS id=[ 432, 320 ] end=57664 piso=1754784
COUNTS id=[ 432, 321 ] end=52480 piso=1430784
COUNTS id=[ 432, 322 ] end=57664 piso=1810080
COUNTS id=[ 432, 323 ] end=57376 piso=1864512
COUNTS id=[ 432, 324 ] end=54496 piso=2019168
COUNTS id=[ 432, 325 ] end=6480 piso=28512
CLOSEST id=[ 432, 325 ] end=6480 piso=28512 ratio=22/5
COUNTS id=[ 432, 326 ] end=3888 piso=24192
COUNTS id=[ 432, 327 ] end=6156 piso=62856
COUNTS id=[ 432, 328 ] end=3780 piso=48384
COUNTS id=[ 432, 329 ] end=3240 piso=21384
COUNTS id=[ 432, 330 ] end=1944 piso=17280
COUNTS id=[ 432, 331 ] end=11664 piso=101088
COUNTS id=[ 432, 332 ] end=4752 piso=95040
COUNTS id=[ 432, 333 ] end=19440 piso=194400
COUNTS id=[ 432, 334 ] end=10692 piso=106920
COUNTS id=[ 432, 335 ] end=3780 piso=91152
COUNTS id=[ 432, 336 ] end=18468 piso=363528
COUNTS id=[ 432, 337 ] end=5832 piso=44712
COUNTS id=[ 432, 338 ] end=2376 piso=39312
COUNTS id=[ 432, 339 ] end=9720 piso=135432
COUNTS id=[ 432, 340 ] end=38592 piso=251424
COUNTS id=[ 432, 341 ] end=19008 piso=78624
CLOSEST id=[ 432, 341 ] end=19008 piso=78624 ratio=91/22
COUNTS id=[ 432, 342 ] end=52992 piso=290304
COUNTS id=[ 432, 343 ] end=83520 piso=666144
COUNTS id=[ 432, 344 ] end=11808 piso=101088
COUNTS id=[ 432, 345 ] end=34560 piso=100224
CLOSEST id=[ 432, 345 ] end=34560 piso=100224 ratio=29/10
COUNTS id=[ 432, 346 ] end=43200 piso=203040
COUNTS id=[ 432, 347 ] end=7776 piso=38880
COUNTS id=[ 432, 348 ] end=39744 piso=607392
COUNTS id=[ 432, 349 ] end=55296 piso=628992
COUNTS id=[ 432, 350 ] end=84672 piso=1499040
COUNTS id=[ 432, 351 ] end=12960 piso=272160
COUNTS id=[ 432, 352 ] end=24768 piso=235872
COUNTS id=[ 432, 353 ] end=39168 piso=276480
COUNTS id=[ 432, 354 ] end=55872 piso=629856
COUNTS id=[ 432, 355 ] end=8352 piso=94176
COUNTS id=[ 432, 356 ] end=56304 piso=565056
PROGRESS checked=100 hits=0 reversed=0 runtime_ms=103855
COUNTS id=[ 432, 357 ] end=9072 piso=103680
COUNTS id=[ 432, 358 ] end=36720 piso=195696
COUNTS id=[ 432, 359 ] end=7344 piso=43632
COUNTS id=[ 432, 360 ] end=58752 piso=1202688
COUNTS id=[ 432, 361 ] end=11232 piso=314496
COUNTS id=[ 432, 362 ] end=41616 piso=539136
COUNTS id=[ 432, 363 ] end=6480 piso=95040
COUNTS id=[ 432, 364 ] end=23184 piso=207360
COUNTS id=[ 432, 365 ] end=21456 piso=150336
COUNTS id=[ 432, 366 ] end=15120 piso=76464
COUNTS id=[ 432, 367 ] end=9936 piso=47088
COUNTS id=[ 432, 368 ] end=24192 piso=508032
COUNTS id=[ 432, 369 ] end=21600 piso=463104
COUNTS id=[ 432, 370 ] end=17136 piso=195264
COUNTS id=[ 432, 371 ] end=13680 piso=136512
COUNTS id=[ 432, 372 ] end=129024 piso=414720
COUNTS id=[ 432, 373 ] end=55296 piso=193536
COUNTS id=[ 432, 374 ] end=47808 piso=417312
COUNTS id=[ 432, 375 ] end=36288 piso=258336
COUNTS id=[ 432, 376 ] end=138240 piso=1686528
COUNTS id=[ 432, 377 ] end=57024 piso=1492128
COUNTS id=[ 432, 378 ] end=73728 piso=359424
COUNTS id=[ 432, 379 ] end=33984 piso=377568
COUNTS id=[ 432, 380 ] end=846784 piso=5328288
COUNTS id=[ 432, 381 ] end=860672 piso=4841856
COUNTS id=[ 432, 382 ] end=1700416 piso=13449888
COUNTS id=[ 432, 383 ] end=213472 piso=1993248
COUNTS id=[ 432, 384 ] end=95680 piso=994464
COUNTS id=[ 432, 385 ] end=100352 piso=967680
COUNTS id=[ 432, 386 ] end=193600 piso=2466720
COUNTS id=[ 432, 387 ] end=24544 piso=417312
COUNTS id=[ 432, 388 ] end=914464 piso=9137232
COUNTS id=[ 432, 389 ] end=159744 piso=2061072
COUNTS id=[ 432, 390 ] end=106624 piso=1837728
COUNTS id=[ 432, 391 ] end=18336 piso=465696
COUNTS id=[ 432, 392 ] end=376544 piso=3797712
COUNTS id=[ 432, 393 ] end=476288 piso=4236624
COUNTS id=[ 432, 394 ] end=43904 piso=780192
COUNTS id=[ 432, 395 ] end=53792 piso=783648
COUNTS id=[ 432, 396 ] end=3359744 piso=10202112
COUNTS id=[ 432, 397 ] end=852416 piso=4837536
COUNTS id=[ 432, 398 ] end=373760 piso=2460672
COUNTS id=[ 432, 399 ] end=97856 piso=1830816
ABELIAN_SKIPPED id=[ 432, 400 ] reason=known_equality
COUNTS id=[ 432, 401 ] end=746496 piso=1575936
CLOSEST id=[ 432, 401 ] end=746496 piso=1575936 ratio=19/9
COUNTS id=[ 432, 402 ] end=138240 piso=193536
CLOSEST id=[ 432, 402 ] end=138240 piso=193536 ratio=7/5
COUNTS id=[ 432, 403 ] end=264384 piso=489888
COUNTS id=[ 432, 404 ] end=793152 piso=3102624
COUNTS id=[ 432, 405 ] end=146880 piso=381024
COUNTS id=[ 432, 406 ] end=108864 piso=178848
COUNTS id=[ 432, 407 ] end=326592 piso=1132704
COUNTS id=[ 432, 408 ] end=60480 piso=139104
COUNTS id=[ 432, 409 ] end=54432 piso=85536
COUNTS id=[ 432, 410 ] end=163296 piso=541728
COUNTS id=[ 432, 411 ] end=30240 piso=66528
COUNTS id=[ 432, 412 ] end=2160 piso=98928
COUNTS id=[ 432, 413 ] end=6160 piso=113616
COUNTS id=[ 432, 414 ] end=6912 piso=153792
COUNTS id=[ 432, 415 ] end=8640 piso=162432
COUNTS id=[ 432, 416 ] end=4320 piso=153792
COUNTS id=[ 432, 417 ] end=8208 piso=162432
COUNTS id=[ 432, 418 ] end=11340 piso=354024
COUNTS id=[ 432, 419 ] end=13500 piso=371736
COUNTS id=[ 432, 420 ] end=5724 piso=222696
COUNTS id=[ 432, 421 ] end=6156 piso=234360
COUNTS id=[ 432, 422 ] end=10044 piso=281016
COUNTS id=[ 432, 423 ] end=7884 piso=276264
COUNTS id=[ 432, 424 ] end=5292 piso=257688
COUNTS id=[ 432, 425 ] end=27648 piso=563328
COUNTS id=[ 432, 426 ] end=13824 piso=1002240
COUNTS id=[ 432, 427 ] end=17280 piso=970272
COUNTS id=[ 432, 428 ] end=12096 piso=533088
COUNTS id=[ 432, 429 ] end=9504 piso=537408
COUNTS id=[ 432, 430 ] end=233600 piso=4774464
COUNTS id=[ 432, 431 ] end=65600 piso=4491072
COUNTS id=[ 432, 432 ] end=233600 piso=12875328
COUNTS id=[ 432, 433 ] end=70304 piso=4774464
COUNTS id=[ 432, 434 ] end=59696 piso=4491072
COUNTS id=[ 432, 435 ] end=233504 piso=12875328
COUNTS id=[ 432, 436 ] end=146932 piso=5009688
COUNTS id=[ 432, 437 ] end=276004 piso=33960168
COUNTS id=[ 432, 438 ] end=473332 piso=35785368
COUNTS id=[ 432, 439 ] end=105316 piso=4721976
COUNTS id=[ 432, 440 ] end=111604 piso=4768632
COUNTS id=[ 432, 441 ] end=105364 piso=17196840
COUNTS id=[ 432, 442 ] end=274324 piso=33868584
COUNTS id=[ 432, 443 ] end=117364 piso=17255160
COUNTS id=[ 432, 444 ] end=425956 piso=33880248
COUNTS id=[ 432, 445 ] end=139972 piso=4895640
COUNTS id=[ 432, 446 ] end=106276 piso=17224488
COUNTS id=[ 432, 447 ] end=139972 piso=18211608
COUNTS id=[ 432, 448 ] end=524800 piso=18752256
COUNTS id=[ 432, 449 ] end=467200 piso=18973440
COUNTS id=[ 432, 450 ] end=131200 piso=17956512
COUNTS id=[ 432, 451 ] end=467200 piso=117967104
COUNTS id=[ 432, 452 ] end=467008 piso=18490464
COUNTS id=[ 432, 453 ] end=140608 piso=18448992
COUNTS id=[ 432, 454 ] end=119392 piso=18311616
COUNTS id=[ 432, 455 ] end=14912 piso=252288
COUNTS id=[ 432, 456 ] end=13616 piso=252288
COUNTS id=[ 432, 457 ] end=28516 piso=751464
PROGRESS checked=200 hits=0 reversed=0 runtime_ms=206947
COUNTS id=[ 432, 458 ] end=14260 piso=359208
COUNTS id=[ 432, 459 ] end=23332 piso=487080
COUNTS id=[ 432, 460 ] end=81664 piso=1233792
COUNTS id=[ 432, 461 ] end=29824 piso=1243296
COUNTS id=[ 432, 462 ] end=27232 piso=1017792
COUNTS id=[ 432, 463 ] end=653913 piso=5785344
COUNTS id=[ 432, 464 ] end=31104 piso=233280
COUNTS id=[ 432, 465 ] end=23328 piso=233280
COUNTS id=[ 432, 466 ] end=30132 piso=293544
COUNTS id=[ 432, 467 ] end=57348 piso=433512
COUNTS id=[ 432, 468 ] end=26244 piso=355752
COUNTS id=[ 432, 469 ] end=46656 piso=668736
COUNTS id=[ 432, 470 ] end=34992 piso=668736
COUNTS id=[ 432, 471 ] end=124416 piso=933120
COUNTS id=[ 432, 472 ] end=46656 piso=878688
COUNTS id=[ 432, 473 ] end=69984 piso=886464
COUNTS id=[ 432, 474 ] end=62208 piso=1306368
COUNTS id=[ 432, 475 ] end=53460 piso=1494936
COUNTS id=[ 432, 476 ] end=37908 piso=1253880
COUNTS id=[ 432, 477 ] end=26244 piso=958392
COUNTS id=[ 432, 478 ] end=18468 piso=1090584
COUNTS id=[ 432, 479 ] end=93312 piso=10194336
COUNTS id=[ 432, 480 ] end=36288 piso=264384
COUNTS id=[ 432, 481 ] end=35856 piso=264384
COUNTS id=[ 432, 482 ] end=70524 piso=433512
COUNTS id=[ 432, 483 ] end=140940 piso=837864
COUNTS id=[ 432, 484 ] end=70092 piso=573480
COUNTS id=[ 432, 485 ] end=70848 piso=762048
COUNTS id=[ 432, 486 ] end=35856 piso=762048
COUNTS id=[ 432, 487 ] end=145152 piso=1057536
COUNTS id=[ 432, 488 ] end=37152 piso=979776
COUNTS id=[ 432, 489 ] end=140832 piso=1041984
COUNTS id=[ 432, 490 ] end=72576 piso=1329696
COUNTS id=[ 432, 491 ] end=54540 piso=1428840
COUNTS id=[ 432, 492 ] end=35964 piso=1335528
COUNTS id=[ 432, 493 ] end=53244 piso=1086696
COUNTS id=[ 432, 494 ] end=35532 piso=1040040
COUNTS id=[ 432, 495 ] end=141696 piso=10474272
COUNTS id=[ 432, 496 ] end=8503936 piso=25206336
COUNTS id=[ 432, 497 ] end=8503712 piso=25206336
COUNTS id=[ 432, 498 ] end=17006548 piso=66945960
COUNTS id=[ 432, 499 ] end=34013092 piso=167116392
COUNTS id=[ 432, 500 ] end=17006116 piso=100351656
COUNTS id=[ 432, 501 ] end=17006144 piso=34012224
COUNTS id=[ 432, 502 ] end=8503088 piso=34012224
COUNTS id=[ 432, 503 ] end=34015744 piso=100825344
COUNTS id=[ 432, 504 ] end=8504384 piso=84099168
COUNTS id=[ 432, 505 ] end=34012256 piso=100778688
COUNTS id=[ 432, 506 ] end=17007872 piso=151075584
COUNTS id=[ 432, 507 ] end=12755700 piso=55453464
COUNTS id=[ 432, 508 ] end=8503092 piso=38748024
COUNTS id=[ 432, 509 ] end=12755236 piso=55124280
COUNTS id=[ 432, 510 ] end=8503492 piso=38446488
COUNTS id=[ 432, 511 ] end=34012288 piso=110224800
ABELIAN_SKIPPED id=[ 432, 512 ] reason=known_equality
DONE checked=254 abelian=0 hits=0 reversed=0 skipped_abelian=2 closest=[ 432, 402 ] min_ratio=7/5 runtime_ms=269953
