{"command": ["/project/gap-4.16.1/gap", "-l", "/project/gap-4.16.1", "-q", "-b", "-T", "-m", "128m", "-o", "4g", "-c", "START_ORDER:=384;;END_ORDER:=384;;START_ID:=2305;;END_ID:=2560;;SKIP_ABELIAN:=true;;LOG_ALL:=true;;", "/project/scripts/search_19_20.g"], "source_hashes": {"scripts/search_19_20.g": "7b6a34e9163b58b0248b3c464ae8070783414cd7d14048136dd0e3547b906318", "scripts/lib_19_20.g": "fbcf2d3c4b0648cc1fa87d6e50fc923133d594c029b8430a365caf596ac7ccd5"}}
PARAMETERS start=384 end=384 start_id=2305 end_id=2560 skip_abelian=true log_all=true
ORDER_START order=384 groups=20169
COUNTS id=[ 384, 2305 ] end=40960 piso=258048
CLOSEST id=[ 384, 2305 ] end=40960 piso=258048 ratio=63/10
COUNTS id=[ 384, 2306 ] end=75776 piso=430080
CLOSEST id=[ 384, 2306 ] end=75776 piso=430080 ratio=210/37
COUNTS id=[ 384, 2307 ] end=75776 piso=430080
COUNTS id=[ 384, 2308 ] end=20480 piso=245760
COUNTS id=[ 384, 2309 ] end=126976 piso=5397504
COUNTS id=[ 384, 2310 ] end=37888 piso=701952
COUNTS id=[ 384, 2311 ] end=54272 piso=946176
COUNTS id=[ 384, 2312 ] end=29696 piso=362496
COUNTS id=[ 384, 2313 ] end=53248 piso=1539072
COUNTS id=[ 384, 2314 ] end=23552 piso=620544
COUNTS id=[ 384, 2315 ] end=163840 piso=294912
CLOSEST id=[ 384, 2315 ] end=163840 piso=294912 ratio=9/5
COUNTS id=[ 384, 2316 ] end=90112 piso=294912
COUNTS id=[ 384, 2317 ] end=53248 piso=172032
COUNTS id=[ 384, 2318 ] end=77824 piso=233472
COUNTS id=[ 384, 2319 ] end=40960 piso=172032
COUNTS id=[ 384, 2320 ] end=22528 piso=110592
COUNTS id=[ 384, 2321 ] end=13312 piso=110592
COUNTS id=[ 384, 2322 ] end=22528 piso=156672
COUNTS id=[ 384, 2323 ] end=1835008 piso=4718592
COUNTS id=[ 384, 2324 ] end=1310720 piso=3735552
COUNTS id=[ 384, 2325 ] end=376832 piso=1591296
COUNTS id=[ 384, 2326 ] end=262144 piso=2850816
COUNTS id=[ 384, 2327 ] end=204800 piso=952320
COUNTS id=[ 384, 2328 ] end=360448 piso=9854976
COUNTS id=[ 384, 2329 ] end=143360 piso=2236416
COUNTS id=[ 384, 2330 ] end=212992 piso=2777088
COUNTS id=[ 384, 2331 ] end=81920 piso=915456
COUNTS id=[ 384, 2332 ] end=212992 piso=938496
COUNTS id=[ 384, 2333 ] end=192512 piso=889344
COUNTS id=[ 384, 2334 ] end=278528 piso=6501888
COUNTS id=[ 384, 2335 ] end=155648 piso=2668032
COUNTS id=[ 384, 2336 ] end=352256 piso=2064384
COUNTS id=[ 384, 2337 ] end=352256 piso=2064384
COUNTS id=[ 384, 2338 ] end=296960 piso=3932160
COUNTS id=[ 384, 2339 ] end=296960 piso=1744896
COUNTS id=[ 384, 2340 ] end=1181696 piso=5038080
COUNTS id=[ 384, 2341 ] end=1181696 piso=5038080
COUNTS id=[ 384, 2342 ] end=296960 piso=2113536
COUNTS id=[ 384, 2343 ] end=32768 piso=1767936
COUNTS id=[ 384, 2344 ] end=69632 piso=3648000
COUNTS id=[ 384, 2345 ] end=106496 piso=1818624
COUNTS id=[ 384, 2346 ] end=106496 piso=1818624
COUNTS id=[ 384, 2347 ] end=309248 piso=5701632
COUNTS id=[ 384, 2348 ] end=653312 piso=20791296
COUNTS id=[ 384, 2349 ] end=186368 piso=4503552
COUNTS id=[ 384, 2350 ] end=186368 piso=4380672
COUNTS id=[ 384, 2351 ] end=161792 piso=4128768
COUNTS id=[ 384, 2352 ] end=358400 piso=12361728
COUNTS id=[ 384, 2353 ] end=186368 piso=5210112
COUNTS id=[ 384, 2354 ] end=88064 piso=2095104
COUNTS id=[ 384, 2355 ] end=51200 piso=359424
COUNTS id=[ 384, 2356 ] end=212992 piso=3161088
COUNTS id=[ 384, 2357 ] end=149504 piso=2159616
COUNTS id=[ 384, 2358 ] end=139264 piso=900096
COUNTS id=[ 384, 2359 ] end=88064 piso=832512
COUNTS id=[ 384, 2360 ] end=25600 piso=688128
COUNTS id=[ 384, 2361 ] end=50176 piso=1849344
COUNTS id=[ 384, 2362 ] end=71680 piso=834048
COUNTS id=[ 384, 2363 ] end=212992 piso=5790720
COUNTS id=[ 384, 2364 ] end=114688 piso=1637376
COUNTS id=[ 384, 2365 ] end=45056 piso=508416
COUNTS id=[ 384, 2366 ] end=81920 piso=503808
COUNTS id=[ 384, 2367 ] end=75776 piso=552960
COUNTS id=[ 384, 2368 ] end=149504 piso=798720
COUNTS id=[ 384, 2369 ] end=31232 piso=336384
COUNTS id=[ 384, 2370 ] end=23552 piso=347136
COUNTS id=[ 384, 2371 ] end=57344 piso=838656
COUNTS id=[ 384, 2372 ] end=118784 piso=3932160
COUNTS id=[ 384, 2373 ] end=29696 piso=408576
COUNTS id=[ 384, 2374 ] end=54272 piso=940032
COUNTS id=[ 384, 2375 ] end=29696 piso=377856
COUNTS id=[ 384, 2376 ] end=57344 piso=1253376
COUNTS id=[ 384, 2377 ] end=23552 piso=614400
COUNTS id=[ 384, 2378 ] end=30720 piso=156672
COUNTS id=[ 384, 2379 ] end=1146880 piso=3489792
COUNTS id=[ 384, 2380 ] end=376832 piso=1591296
COUNTS id=[ 384, 2381 ] end=229376 piso=2850816
COUNTS id=[ 384, 2382 ] end=204800 piso=952320
COUNTS id=[ 384, 2383 ] end=294912 piso=9854976
COUNTS id=[ 384, 2384 ] end=137216 piso=2159616
COUNTS id=[ 384, 2385 ] end=147456 piso=2777088
COUNTS id=[ 384, 2386 ] end=124928 piso=784896
COUNTS id=[ 384, 2387 ] end=88064 piso=758784
COUNTS id=[ 384, 2388 ] end=241664 piso=6501888
COUNTS id=[ 384, 2389 ] end=118784 piso=2668032
COUNTS id=[ 384, 2390 ] end=241664 piso=1880064
COUNTS id=[ 384, 2391 ] end=223232 piso=2156544
COUNTS id=[ 384, 2392 ] end=444416 piso=2525184
COUNTS id=[ 384, 2393 ] end=32768 piso=1767936
COUNTS id=[ 384, 2394 ] end=69632 piso=3648000
COUNTS id=[ 384, 2395 ] end=106496 piso=1695744
COUNTS id=[ 384, 2396 ] end=106496 piso=1695744
COUNTS id=[ 384, 2397 ] end=186368 piso=5050368
COUNTS id=[ 384, 2398 ] end=161792 piso=4663296
COUNTS id=[ 384, 2399 ] end=505856 piso=20244480
COUNTS id=[ 384, 2400 ] end=88064 piso=4128768
COUNTS id=[ 384, 2401 ] end=284672 piso=12361728
COUNTS id=[ 384, 2402 ] end=149504 piso=4380672
COUNTS id=[ 384, 2403 ] end=88064 piso=3182592
COUNTS id=[ 384, 2404 ] end=186368 piso=4171776
PROGRESS checked=100 hits=0 reversed=0 runtime_ms=196243
COUNTS id=[ 384, 2405 ] end=51200 piso=359424
COUNTS id=[ 384, 2406 ] end=143360 piso=2236416
COUNTS id=[ 384, 2407 ] end=147456 piso=3161088
COUNTS id=[ 384, 2408 ] end=81920 piso=915456
COUNTS id=[ 384, 2409 ] end=110592 piso=777216
COUNTS id=[ 384, 2410 ] end=17408 piso=688128
COUNTS id=[ 384, 2411 ] end=41984 piso=1849344
COUNTS id=[ 384, 2412 ] end=32768 piso=834048
COUNTS id=[ 384, 2413 ] end=155648 piso=5790720
COUNTS id=[ 384, 2414 ] end=106496 piso=1637376
COUNTS id=[ 384, 2415 ] end=45056 piso=508416
COUNTS id=[ 384, 2416 ] end=45056 piso=503808
COUNTS id=[ 384, 2417 ] end=75776 piso=552960
COUNTS id=[ 384, 2418 ] end=75776 piso=798720
COUNTS id=[ 384, 2419 ] end=31232 piso=336384
COUNTS id=[ 384, 2420 ] end=23552 piso=347136
COUNTS id=[ 384, 2421 ] end=57344 piso=838656
COUNTS id=[ 384, 2422 ] end=122880 piso=399360
COUNTS id=[ 384, 2423 ] end=30720 piso=399360
COUNTS id=[ 384, 2424 ] end=28672 piso=270336
COUNTS id=[ 384, 2425 ] end=106496 piso=466944
COUNTS id=[ 384, 2426 ] end=58368 piso=264192
COUNTS id=[ 384, 2427 ] end=30720 piso=224256
COUNTS id=[ 384, 2428 ] end=29696 piso=411648
COUNTS id=[ 384, 2429 ] end=54272 piso=903168
COUNTS id=[ 384, 2430 ] end=36864 piso=720384
COUNTS id=[ 384, 2431 ] end=101376 piso=5305344
COUNTS id=[ 384, 2432 ] end=23552 piso=577536
COUNTS id=[ 384, 2433 ] end=27648 piso=1446912
COUNTS id=[ 384, 2434 ] end=29696 piso=457728
COUNTS id=[ 384, 2435 ] end=60416 piso=989184
COUNTS id=[ 384, 2436 ] end=88064 piso=3766272
COUNTS id=[ 384, 2437 ] end=29696 piso=359424
COUNTS id=[ 384, 2438 ] end=29696 piso=663552
COUNTS id=[ 384, 2439 ] end=26624 piso=1087488
COUNTS id=[ 384, 2440 ] end=7680 piso=82944
COUNTS id=[ 384, 2441 ] end=204800 piso=3890688
COUNTS id=[ 384, 2442 ] end=149504 piso=1666560
COUNTS id=[ 384, 2443 ] end=140288 piso=1632768
COUNTS id=[ 384, 2444 ] end=78848 piso=1239552
COUNTS id=[ 384, 2445 ] end=217088 piso=5514240
COUNTS id=[ 384, 2446 ] end=94208 piso=1655808
COUNTS id=[ 384, 2447 ] end=29696 piso=231936
COUNTS id=[ 384, 2448 ] end=57344 piso=466944
COUNTS id=[ 384, 2449 ] end=32768 piso=466944
COUNTS id=[ 384, 2450 ] end=26624 piso=321024
COUNTS id=[ 384, 2451 ] end=23552 piso=384000
COUNTS id=[ 384, 2452 ] end=524288 piso=19931136
COUNTS id=[ 384, 2453 ] end=180224 piso=3858432
COUNTS id=[ 384, 2454 ] end=143360 piso=4079616
COUNTS id=[ 384, 2455 ] end=143360 piso=3305472
COUNTS id=[ 384, 2456 ] end=45056 piso=1204224
COUNTS id=[ 384, 2457 ] end=16384 piso=126336
COUNTS id=[ 384, 2458 ] end=12288 piso=126336
COUNTS id=[ 384, 2459 ] end=7680 piso=64896
COUNTS id=[ 384, 2460 ] end=14336 piso=126336
COUNTS id=[ 384, 2461 ] end=12288 piso=126336
COUNTS id=[ 384, 2462 ] end=6656 piso=64896
COUNTS id=[ 384, 2463 ] end=53248 piso=589824
COUNTS id=[ 384, 2464 ] end=53248 piso=589824
COUNTS id=[ 384, 2465 ] end=40960 piso=385536
COUNTS id=[ 384, 2466 ] end=40960 piso=385536
COUNTS id=[ 384, 2467 ] end=16896 piso=855936
COUNTS id=[ 384, 2468 ] end=53760 piso=2806656
COUNTS id=[ 384, 2469 ] end=32256 piso=521088
COUNTS id=[ 384, 2470 ] end=32256 piso=521088
COUNTS id=[ 384, 2471 ] end=51200 piso=338304
COUNTS id=[ 384, 2472 ] end=29696 piso=247680
COUNTS id=[ 384, 2473 ] end=50688 piso=854400
COUNTS id=[ 384, 2474 ] end=37888 piso=479616
COUNTS id=[ 384, 2475 ] end=10752 piso=273408
COUNTS id=[ 384, 2476 ] end=27648 piso=373248
COUNTS id=[ 384, 2477 ] end=10752 piso=430464
COUNTS id=[ 384, 2478 ] end=81408 piso=3715968
COUNTS id=[ 384, 2479 ] end=155136 piso=11288448
COUNTS id=[ 384, 2480 ] end=44544 piso=3307392
COUNTS id=[ 384, 2481 ] end=393216 piso=9904128
COUNTS id=[ 384, 2482 ] end=360448 piso=9904128
COUNTS id=[ 384, 2483 ] end=114688 piso=1560576
COUNTS id=[ 384, 2484 ] end=98304 piso=9756672
COUNTS id=[ 384, 2485 ] end=57344 piso=1560576
COUNTS id=[ 384, 2486 ] end=98304 piso=9781248
COUNTS id=[ 384, 2487 ] end=81920 piso=1585152
COUNTS id=[ 384, 2488 ] end=31744 piso=1119744
COUNTS id=[ 384, 2489 ] end=31744 piso=1119744
COUNTS id=[ 384, 2490 ] end=23552 piso=1119744
COUNTS id=[ 384, 2491 ] end=23552 piso=1119744
COUNTS id=[ 384, 2492 ] end=116736 piso=3357696
COUNTS id=[ 384, 2493 ] end=88064 piso=3357696
COUNTS id=[ 384, 2494 ] end=245760 piso=305381376
COUNTS id=[ 384, 2495 ] end=86016 piso=3093504
COUNTS id=[ 384, 2496 ] end=60416 piso=2110464
COUNTS id=[ 384, 2497 ] end=100352 piso=5317632
COUNTS id=[ 384, 2498 ] end=98304 piso=6930432
COUNTS id=[ 384, 2499 ] end=38912 piso=1606656
COUNTS id=[ 384, 2500 ] end=118784 piso=9208320
COUNTS id=[ 384, 2501 ] end=118784 piso=9208320
COUNTS id=[ 384, 2502 ] end=81920 piso=2327040
COUNTS id=[ 384, 2503 ] end=303104 piso=9300480
COUNTS id=[ 384, 2504 ] end=303104 piso=9300480
PROGRESS checked=200 hits=0 reversed=0 runtime_ms=364156
COUNTS id=[ 384, 2505 ] end=100352 piso=2327040
COUNTS id=[ 384, 2506 ] end=118784 piso=9876480
COUNTS id=[ 384, 2507 ] end=69632 piso=3019776
COUNTS id=[ 384, 2508 ] end=204800 piso=12801024
COUNTS id=[ 384, 2509 ] end=155648 piso=6484992
COUNTS id=[ 384, 2510 ] end=114688 piso=6036480
COUNTS id=[ 384, 2511 ] end=114688 piso=6036480
COUNTS id=[ 384, 2512 ] end=22528 piso=2571264
COUNTS id=[ 384, 2513 ] end=22528 piso=2571264
COUNTS id=[ 384, 2514 ] end=40960 piso=1973760
COUNTS id=[ 384, 2515 ] end=40960 piso=1973760
COUNTS id=[ 384, 2516 ] end=22528 piso=1943040
COUNTS id=[ 384, 2517 ] end=143360 piso=10638336
COUNTS id=[ 384, 2518 ] end=51200 piso=1551360
COUNTS id=[ 384, 2519 ] end=51200 piso=1463808
COUNTS id=[ 384, 2520 ] end=112640 piso=5875200
COUNTS id=[ 384, 2521 ] end=81920 piso=7418880
COUNTS id=[ 384, 2522 ] end=51200 piso=2409984
COUNTS id=[ 384, 2523 ] end=229376 piso=3224064
COUNTS id=[ 384, 2524 ] end=176128 piso=3224064
COUNTS id=[ 384, 2525 ] end=120832 piso=1546752
COUNTS id=[ 384, 2526 ] end=83968 piso=3095040
COUNTS id=[ 384, 2527 ] end=45056 piso=1546752
COUNTS id=[ 384, 2528 ] end=141312 piso=5157888
COUNTS id=[ 384, 2529 ] end=100352 piso=3609600
COUNTS id=[ 384, 2530 ] end=35840 piso=1324032
COUNTS id=[ 384, 2531 ] end=458752 piso=604962816
COUNTS id=[ 384, 2532 ] end=229376 piso=17117184
COUNTS id=[ 384, 2533 ] end=129024 piso=4469760
COUNTS id=[ 384, 2534 ] end=100352 piso=3511296
COUNTS id=[ 384, 2535 ] end=598016 piso=1255776768
COUNTS id=[ 384, 2536 ] end=192512 piso=17416704
COUNTS id=[ 384, 2537 ] end=299008 piso=18900480
COUNTS id=[ 384, 2538 ] end=151552 piso=6999552
COUNTS id=[ 384, 2539 ] end=204800 piso=136880640
COUNTS id=[ 384, 2540 ] end=77824 piso=5432832
COUNTS id=[ 384, 2541 ] end=106496 piso=10403328
COUNTS id=[ 384, 2542 ] end=75776 piso=2084352
COUNTS id=[ 384, 2543 ] end=212992 piso=305332224
COUNTS id=[ 384, 2544 ] end=77824 piso=3044352
COUNTS id=[ 384, 2545 ] end=60416 piso=2135040
COUNTS id=[ 384, 2546 ] end=100352 piso=5342208
COUNTS id=[ 384, 2547 ] end=65536 piso=6881280
COUNTS id=[ 384, 2548 ] end=38912 piso=1631232
COUNTS id=[ 384, 2549 ] end=81920 piso=7372800
COUNTS id=[ 384, 2550 ] end=81920 piso=1536000
COUNTS id=[ 384, 2551 ] end=63488 piso=2449920
COUNTS id=[ 384, 2552 ] end=63488 piso=6151680
COUNTS id=[ 384, 2553 ] end=112640 piso=5881344
COUNTS id=[ 384, 2554 ] end=112640 piso=5827584
COUNTS id=[ 384, 2555 ] end=51200 piso=1471488
COUNTS id=[ 384, 2556 ] end=51200 piso=2342400
COUNTS id=[ 384, 2557 ] end=51200 piso=2288640
COUNTS id=[ 384, 2558 ] end=57344 piso=2678784
COUNTS id=[ 384, 2559 ] end=32768 piso=1351680
COUNTS id=[ 384, 2560 ] end=29696 piso=1274880
DONE checked=256 abelian=0 hits=0 reversed=0 skipped_abelian=0 closest=[ 384, 2315 ] min_ratio=9/5 runtime_ms=475684
