{"command": ["/project/gap-4.16.1/gap", "-l", "/project/gap-4.16.1", "-q", "-b", "-T", "-m", "128m", "-o", "4g", "-c", "START_ORDER:=328;;END_ORDER:=328;;START_ID:=1;;END_ID:=15;;SKIP_ABELIAN:=true;;LOG_ALL:=true;;", "/project/scripts/search_19_20.g"], "source_hashes": {"scripts/search_19_20.g": "7b6a34e9163b58b0248b3c464ae8070783414cd7d14048136dd0e3547b906318", "scripts/lib_19_20.g": "fbcf2d3c4b0648cc1fa87d6e50fc923133d594c029b8430a365caf596ac7ccd5"}}
PARAMETERS start=328 end=328 start_id=1 end_id=15 skip_abelian=true log_all=true
ORDER_START order=328 groups=15
COUNTS id=[ 328, 1 ] end=6728 piso=13448
CLOSEST id=[ 328, 1 ] end=6728 piso=13448 ratio=1681/841
ABELIAN_SKIPPED id=[ 328, 2 ] reason=known_equality
COUNTS id=[ 328, 3 ] end=3528 piso=16728
COUNTS id=[ 328, 4 ] end=14108 piso=80524
COUNTS id=[ 328, 5 ] end=14112 piso=53792
COUNTS id=[ 328, 6 ] end=27556 piso=133660
COUNTS id=[ 328, 7 ] end=26912 piso=53792
COUNTS id=[ 328, 8 ] end=13956 piso=54940
ABELIAN_SKIPPED id=[ 328, 9 ] reason=known_equality
COUNTS id=[ 328, 10 ] end=1476 piso=2460
CLOSEST id=[ 328, 10 ] end=1476 piso=2460 ratio=5/3
COUNTS id=[ 328, 11 ] end=1148 piso=1804
CLOSEST id=[ 328, 11 ] end=1148 piso=1804 ratio=11/7
COUNTS id=[ 328, 12 ] end=1928 piso=16728
COUNTS id=[ 328, 13 ] end=7712 piso=63632
COUNTS id=[ 328, 14 ] end=123392 piso=860672
ABELIAN_SKIPPED id=[ 328, 15 ] reason=known_equality
DONE checked=12 abelian=0 hits=0 reversed=0 skipped_abelian=3 closest=[ 328, 11 ] min_ratio=11/7 runtime_ms=3111
