{"command": ["/project/gap-4.16.1/gap", "-l", "/project/gap-4.16.1", "-q", "-b", "-T", "-m", "128m", "-o", "4g", "-c", "START_ORDER:=352;;END_ORDER:=352;;START_ID:=1;;END_ID:=195;;SKIP_ABELIAN:=true;;LOG_ALL:=true;;", "/project/scripts/search_19_20.g"], "source_hashes": {"scripts/search_19_20.g": "7b6a34e9163b58b0248b3c464ae8070783414cd7d14048136dd0e3547b906318", "scripts/lib_19_20.g": "fbcf2d3c4b0648cc1fa87d6e50fc923133d594c029b8430a365caf596ac7ccd5"}}
PARAMETERS start=352 end=352 start_id=1 end_id=195 skip_abelian=true log_all=true
ORDER_START order=352 groups=195
COUNTS id=[ 352, 1 ] end=1952 piso=3872
CLOSEST id=[ 352, 1 ] end=1952 piso=3872 ratio=121/61
ABELIAN_SKIPPED id=[ 352, 2 ] reason=known_equality
COUNTS id=[ 352, 3 ] end=4608 piso=15488
COUNTS id=[ 352, 4 ] end=4416 piso=15488
COUNTS id=[ 352, 5 ] end=31684 piso=208912
COUNTS id=[ 352, 6 ] end=15844 piso=89936
COUNTS id=[ 352, 7 ] end=15492 piso=149776
COUNTS id=[ 352, 8 ] end=31232 piso=61952
COUNTS id=[ 352, 9 ] end=15744 piso=61952
COUNTS id=[ 352, 10 ] end=15552 piso=47168
COUNTS id=[ 352, 11 ] end=8512 piso=57376
COUNTS id=[ 352, 12 ] end=9984 piso=165792
COUNTS id=[ 352, 13 ] end=9248 piso=57024
COUNTS id=[ 352, 14 ] end=9248 piso=57024
COUNTS id=[ 352, 15 ] end=16608 piso=313632
COUNTS id=[ 352, 16 ] end=8160 piso=132000
COUNTS id=[ 352, 17 ] end=7808 piso=15488
COUNTS id=[ 352, 18 ] end=3936 piso=15488
COUNTS id=[ 352, 19 ] end=18432 piso=61952
COUNTS id=[ 352, 20 ] end=4992 piso=50688
COUNTS id=[ 352, 21 ] end=17664 piso=61952
COUNTS id=[ 352, 22 ] end=8480 piso=174240
COUNTS id=[ 352, 23 ] end=31008 piso=120384
COUNTS id=[ 352, 24 ] end=31008 piso=120384
COUNTS id=[ 352, 25 ] end=7776 piso=45760
COUNTS id=[ 352, 26 ] end=9216 piso=143616
COUNTS id=[ 352, 27 ] end=16928 piso=327712
COUNTS id=[ 352, 28 ] end=4256 piso=35200
COUNTS id=[ 352, 29 ] end=17280 piso=320672
COUNTS id=[ 352, 30 ] end=8832 piso=137632
COUNTS id=[ 352, 31 ] end=8832 piso=92576
COUNTS id=[ 352, 32 ] end=11364 piso=76912
COUNTS id=[ 352, 33 ] end=7844 piso=49456
COUNTS id=[ 352, 34 ] end=10564 piso=63536
COUNTS id=[ 352, 35 ] end=8452 piso=60016
COUNTS id=[ 352, 36 ] end=15616 piso=55616
COUNTS id=[ 352, 37 ] end=36864 piso=567424
COUNTS id=[ 352, 38 ] end=11808 piso=67232
COUNTS id=[ 352, 39 ] end=15680 piso=81312
COUNTS id=[ 352, 40 ] end=23424 piso=127072
COUNTS id=[ 352, 41 ] end=11680 piso=54560
COUNTS id=[ 352, 42 ] end=15552 piso=67232
COUNTS id=[ 352, 43 ] end=7872 piso=50336
COUNTS id=[ 352, 44 ] end=11264 piso=60544
ABELIAN_SKIPPED id=[ 352, 45 ] reason=known_equality
COUNTS id=[ 352, 46 ] end=4224 piso=5632
CLOSEST id=[ 352, 46 ] end=4224 piso=5632 ratio=4/3
COUNTS id=[ 352, 47 ] end=2816 piso=13376
COUNTS id=[ 352, 48 ] end=4224 piso=28512
COUNTS id=[ 352, 49 ] end=3520 piso=24992
COUNTS id=[ 352, 50 ] end=2112 piso=10912
COUNTS id=[ 352, 51 ] end=3168 piso=24992
COUNTS id=[ 352, 52 ] end=1760 piso=12320
COUNTS id=[ 352, 53 ] end=2112 piso=8096
COUNTS id=[ 352, 54 ] end=2112 piso=4928
COUNTS id=[ 352, 55 ] end=3168 piso=7744
COUNTS id=[ 352, 56 ] end=3168 piso=7744
COUNTS id=[ 352, 57 ] end=1056 piso=3520
ABELIAN_SKIPPED id=[ 352, 58 ] reason=known_equality
COUNTS id=[ 352, 59 ] end=1056 piso=1408
COUNTS id=[ 352, 60 ] end=3564 piso=11792
COUNTS id=[ 352, 61 ] end=1804 piso=5456
COUNTS id=[ 352, 62 ] end=1452 piso=8976
COUNTS id=[ 352, 63 ] end=39680 piso=327712
COUNTS id=[ 352, 64 ] end=135232 piso=665984
COUNTS id=[ 352, 65 ] end=31040 piso=306944
COUNTS id=[ 352, 66 ] end=192512 piso=991232
COUNTS id=[ 352, 67 ] end=42496 piso=283008
COUNTS id=[ 352, 68 ] end=79104 piso=600864
COUNTS id=[ 352, 69 ] end=512576 piso=2930048
COUNTS id=[ 352, 70 ] end=70464 piso=549120
COUNTS id=[ 352, 71 ] end=35264 piso=246752
COUNTS id=[ 352, 72 ] end=24576 piso=339328
COUNTS id=[ 352, 73 ] end=27264 piso=369952
COUNTS id=[ 352, 74 ] end=9664 piso=190432
COUNTS id=[ 352, 75 ] end=144384 piso=8301568
COUNTS id=[ 352, 76 ] end=40064 piso=467104
COUNTS id=[ 352, 77 ] end=167360 piso=9370240
COUNTS id=[ 352, 78 ] end=22336 piso=285824
COUNTS id=[ 352, 79 ] end=41344 piso=658592
COUNTS id=[ 352, 80 ] end=23744 piso=337920
COUNTS id=[ 352, 81 ] end=29376 piso=349184
COUNTS id=[ 352, 82 ] end=25600 piso=376992
COUNTS id=[ 352, 83 ] end=64832 piso=567424
COUNTS id=[ 352, 84 ] end=9920 piso=250624
COUNTS id=[ 352, 85 ] end=16960 piso=264704
COUNTS id=[ 352, 86 ] end=72192 piso=743424
COUNTS id=[ 352, 87 ] end=42496 piso=311168
COUNTS id=[ 352, 88 ] end=65024 piso=607904
COUNTS id=[ 352, 89 ] end=33856 piso=454784
COUNTS id=[ 352, 90 ] end=102144 piso=1066912
COUNTS id=[ 352, 91 ] end=24704 piso=334752
COUNTS id=[ 352, 92 ] end=31744 piso=348832
COUNTS id=[ 352, 93 ] end=21184 piso=218592
COUNTS id=[ 352, 94 ] end=48128 piso=247808
COUNTS id=[ 352, 95 ] end=40960 piso=199936
COUNTS id=[ 352, 96 ] end=10688 piso=93280
COUNTS id=[ 352, 97 ] end=70464 piso=485056
COUNTS id=[ 352, 98 ] end=140864 piso=1331264
COUNTS id=[ 352, 99 ] end=18368 piso=197824
COUNTS id=[ 352, 100 ] end=62016 piso=601920
COUNTS id=[ 352, 101 ] end=30080 piso=182336
COUNTS id=[ 352, 102 ] end=10688 piso=93280
COUNTS id=[ 352, 103 ] end=52512 piso=478368
PROGRESS checked=100 hits=0 reversed=0 runtime_ms=39076
COUNTS id=[ 352, 104 ] end=13088 piso=250272
COUNTS id=[ 352, 105 ] end=61664 piso=1000384
COUNTS id=[ 352, 106 ] end=30272 piso=328768
COUNTS id=[ 352, 107 ] end=10208 piso=166144
COUNTS id=[ 352, 108 ] end=31584 piso=368896
COUNTS id=[ 352, 109 ] end=33312 piso=406208
COUNTS id=[ 352, 110 ] end=6208 piso=192192
COUNTS id=[ 352, 111 ] end=9728 piso=155584
COUNTS id=[ 352, 112 ] end=13536 piso=397760
COUNTS id=[ 352, 113 ] end=9248 piso=185152
COUNTS id=[ 352, 114 ] end=16288 piso=236544
COUNTS id=[ 352, 115 ] end=124928 piso=247808
COUNTS id=[ 352, 116 ] end=32000 piso=129536
COUNTS id=[ 352, 117 ] end=294912 piso=991232
COUNTS id=[ 352, 118 ] end=79872 piso=687104
COUNTS id=[ 352, 119 ] end=34304 piso=271392
COUNTS id=[ 352, 120 ] end=248832 piso=743424
COUNTS id=[ 352, 121 ] end=62976 piso=254848
COUNTS id=[ 352, 122 ] end=169984 piso=8245248
COUNTS id=[ 352, 123 ] end=43264 piso=298144
COUNTS id=[ 352, 124 ] end=36416 piso=250624
COUNTS id=[ 352, 125 ] end=76544 piso=623392
COUNTS id=[ 352, 126 ] end=60224 piso=493504
COUNTS id=[ 352, 127 ] end=14112 piso=126368
COUNTS id=[ 352, 128 ] end=32064 piso=224576
COUNTS id=[ 352, 129 ] end=140544 piso=579744
COUNTS id=[ 352, 130 ] end=16576 piso=335104
COUNTS id=[ 352, 131 ] end=32064 piso=366080
COUNTS id=[ 352, 132 ] end=137920 piso=8286080
COUNTS id=[ 352, 133 ] end=48384 piso=419232
COUNTS id=[ 352, 134 ] end=41344 piso=447392
COUNTS id=[ 352, 135 ] end=119616 piso=1339008
COUNTS id=[ 352, 136 ] end=56384 piso=393536
COUNTS id=[ 352, 137 ] end=13088 piso=109472
COUNTS id=[ 352, 138 ] end=33856 piso=271040
COUNTS id=[ 352, 139 ] end=43072 piso=370304
COUNTS id=[ 352, 140 ] end=78080 piso=362912
COUNTS id=[ 352, 141 ] end=27904 piso=278432
COUNTS id=[ 352, 142 ] end=56384 piso=478720
COUNTS id=[ 352, 143 ] end=11968 piso=107360
COUNTS id=[ 352, 144 ] end=33312 piso=358688
COUNTS id=[ 352, 145 ] end=9728 piso=88704
COUNTS id=[ 352, 146 ] end=7968 piso=172832
COUNTS id=[ 352, 147 ] end=251904 piso=1430528
COUNTS id=[ 352, 148 ] end=138560 piso=1358720
ABELIAN_SKIPPED id=[ 352, 149 ] reason=known_equality
COUNTS id=[ 352, 150 ] end=67584 piso=754688
COUNTS id=[ 352, 151 ] end=33792 piso=67584
COUNTS id=[ 352, 152 ] end=16896 piso=29568
COUNTS id=[ 352, 153 ] end=25344 piso=51744
COUNTS id=[ 352, 154 ] end=14080 piso=32032
COUNTS id=[ 352, 155 ] end=66880 piso=837760
COUNTS id=[ 352, 156 ] end=25344 piso=74272
COUNTS id=[ 352, 157 ] end=11264 piso=32032
COUNTS id=[ 352, 158 ] end=13376 piso=39424
COUNTS id=[ 352, 159 ] end=14784 piso=42240
COUNTS id=[ 352, 160 ] end=3520 piso=25344
COUNTS id=[ 352, 161 ] end=7744 piso=21472
COUNTS id=[ 352, 162 ] end=62656 piso=170368
COUNTS id=[ 352, 163 ] end=23232 piso=46464
ABELIAN_SKIPPED id=[ 352, 164 ] reason=known_equality
COUNTS id=[ 352, 165 ] end=14080 piso=16896
CLOSEST id=[ 352, 165 ] end=14080 piso=16896 ratio=6/5
COUNTS id=[ 352, 166 ] end=4928 piso=8800
COUNTS id=[ 352, 167 ] end=28864 piso=92224
COUNTS id=[ 352, 168 ] end=14784 piso=34496
COUNTS id=[ 352, 169 ] end=6336 piso=38720
COUNTS id=[ 352, 170 ] end=4928 piso=14784
COUNTS id=[ 352, 171 ] end=14432 piso=34848
COUNTS id=[ 352, 172 ] end=3168 piso=17952
COUNTS id=[ 352, 173 ] end=1175552 piso=7287808
COUNTS id=[ 352, 174 ] end=2260992 piso=15859712
COUNTS id=[ 352, 175 ] end=3248128 piso=34862080
COUNTS id=[ 352, 176 ] end=218112 piso=1505152
COUNTS id=[ 352, 177 ] end=2331648 piso=31539200
COUNTS id=[ 352, 178 ] end=151552 piso=1589632
COUNTS id=[ 352, 179 ] end=298688 piso=2211616
COUNTS id=[ 352, 180 ] end=494592 piso=5654528
COUNTS id=[ 352, 181 ] end=397312 piso=2321792
COUNTS id=[ 352, 182 ] end=81216 piso=2017312
COUNTS id=[ 352, 183 ] end=229632 piso=1635392
COUNTS id=[ 352, 184 ] end=430528 piso=3204256
COUNTS id=[ 352, 185 ] end=51776 piso=2080672
COUNTS id=[ 352, 186 ] end=7995392 piso=15859712
COUNTS id=[ 352, 187 ] end=1732608 piso=12559360
ABELIAN_SKIPPED id=[ 352, 188 ] reason=known_equality
COUNTS id=[ 352, 189 ] end=1486848 piso=2872320
COUNTS id=[ 352, 190 ] end=315392 piso=529408
COUNTS id=[ 352, 191 ] end=146432 piso=153472
CLOSEST id=[ 352, 191 ] end=146432 piso=153472 ratio=109/104
COUNTS id=[ 352, 192 ] end=258368 piso=268576
CLOSEST id=[ 352, 192 ] end=258368 piso=268576 ratio=763/734
COUNTS id=[ 352, 193 ] end=34496 piso=186912
COUNTS id=[ 352, 194 ] end=473956352 piso=4060086272
ABELIAN_SKIPPED id=[ 352, 195 ] reason=known_equality
DONE checked=188 abelian=0 hits=0 reversed=0 skipped_abelian=7 closest=[ 352, 192 ] min_ratio=763/734 runtime_ms=84806
