{"command": ["/project/gap-4.16.1/gap", "-l", "/project/gap-4.16.1", "-q", "-b", "-T", "-m", "128m", "-o", "4g", "-c", "START_ORDER:=320;;END_ORDER:=320;;START_ID:=769;;END_ID:=1024;;SKIP_ABELIAN:=true;;LOG_ALL:=true;;", "/project/scripts/search_19_20.g"], "source_hashes": {"scripts/search_19_20.g": "7b6a34e9163b58b0248b3c464ae8070783414cd7d14048136dd0e3547b906318", "scripts/lib_19_20.g": "fbcf2d3c4b0648cc1fa87d6e50fc923133d594c029b8430a365caf596ac7ccd5"}}
PARAMETERS start=320 end=320 start_id=769 end_id=1024 skip_abelian=true log_all=true
ORDER_START order=320 groups=1640
COUNTS id=[ 320, 769 ] end=28480 piso=382560
CLOSEST id=[ 320, 769 ] end=28480 piso=382560 ratio=2391/178
COUNTS id=[ 320, 770 ] end=6720 piso=232800
COUNTS id=[ 320, 771 ] end=5888 piso=65920
CLOSEST id=[ 320, 771 ] end=5888 piso=65920 ratio=515/46
COUNTS id=[ 320, 772 ] end=5888 piso=65920
COUNTS id=[ 320, 773 ] end=51264 piso=498560
CLOSEST id=[ 320, 773 ] end=51264 piso=498560 ratio=7790/801
COUNTS id=[ 320, 774 ] end=12224 piso=137600
COUNTS id=[ 320, 775 ] end=28224 piso=233600
CLOSEST id=[ 320, 775 ] end=28224 piso=233600 ratio=3650/441
COUNTS id=[ 320, 776 ] end=69888 piso=471040
CLOSEST id=[ 320, 776 ] end=69888 piso=471040 ratio=1840/273
COUNTS id=[ 320, 777 ] end=31680 piso=516000
COUNTS id=[ 320, 778 ] end=129088 piso=1511680
COUNTS id=[ 320, 779 ] end=69376 piso=471040
COUNTS id=[ 320, 780 ] end=8768 piso=292000
COUNTS id=[ 320, 781 ] end=52544 piso=539520
COUNTS id=[ 320, 782 ] end=28224 piso=439040
COUNTS id=[ 320, 783 ] end=93696 piso=6934560
COUNTS id=[ 320, 784 ] end=35840 piso=348160
COUNTS id=[ 320, 785 ] end=25344 piso=540960
COUNTS id=[ 320, 786 ] end=35328 piso=337920
COUNTS id=[ 320, 787 ] end=10688 piso=164960
COUNTS id=[ 320, 788 ] end=39936 piso=247040
CLOSEST id=[ 320, 788 ] end=39936 piso=247040 ratio=965/156
COUNTS id=[ 320, 789 ] end=10432 piso=272800
COUNTS id=[ 320, 790 ] end=28992 piso=412320
COUNTS id=[ 320, 791 ] end=39680 piso=247040
COUNTS id=[ 320, 792 ] end=15936 piso=294560
COUNTS id=[ 320, 793 ] end=7616 piso=208800
COUNTS id=[ 320, 794 ] end=16704 piso=365440
COUNTS id=[ 320, 795 ] end=25664 piso=352000
COUNTS id=[ 320, 796 ] end=84480 piso=6605600
COUNTS id=[ 320, 797 ] end=20480 piso=1310240
COUNTS id=[ 320, 798 ] end=19712 piso=199680
COUNTS id=[ 320, 799 ] end=30464 piso=671520
COUNTS id=[ 320, 800 ] end=17664 piso=439840
COUNTS id=[ 320, 801 ] end=19456 piso=189440
COUNTS id=[ 320, 802 ] end=64576 piso=554240
COUNTS id=[ 320, 803 ] end=60224 piso=718720
COUNTS id=[ 320, 804 ] end=6336 piso=100320
COUNTS id=[ 320, 805 ] end=43584 piso=356480
COUNTS id=[ 320, 806 ] end=9664 piso=108160
COUNTS id=[ 320, 807 ] end=30784 piso=280960
COUNTS id=[ 320, 808 ] end=57408 piso=661760
COUNTS id=[ 320, 809 ] end=10816 piso=256160
COUNTS id=[ 320, 810 ] end=23296 piso=291840
COUNTS id=[ 320, 811 ] end=22784 piso=291840
COUNTS id=[ 320, 812 ] end=14784 piso=216480
COUNTS id=[ 320, 813 ] end=14336 piso=1329440
COUNTS id=[ 320, 814 ] end=22784 piso=555040
COUNTS id=[ 320, 815 ] end=16896 piso=215040
COUNTS id=[ 320, 816 ] end=16384 piso=204800
COUNTS id=[ 320, 817 ] end=24384 piso=319360
COUNTS id=[ 320, 818 ] end=43584 piso=531200
COUNTS id=[ 320, 819 ] end=8384 piso=138080
COUNTS id=[ 320, 820 ] end=24768 piso=329600
COUNTS id=[ 320, 821 ] end=7488 piso=87040
COUNTS id=[ 320, 822 ] end=6848 piso=177280
COUNTS id=[ 320, 823 ] end=7168 piso=101760
COUNTS id=[ 320, 824 ] end=7168 piso=101760
COUNTS id=[ 320, 825 ] end=53760 piso=1157760
COUNTS id=[ 320, 826 ] end=13632 piso=212960
COUNTS id=[ 320, 827 ] end=4672 piso=127840
COUNTS id=[ 320, 828 ] end=8960 piso=538880
COUNTS id=[ 320, 829 ] end=39680 piso=739840
COUNTS id=[ 320, 830 ] end=11840 piso=158560
COUNTS id=[ 320, 831 ] end=4160 piso=155360
COUNTS id=[ 320, 832 ] end=7680 piso=549760
COUNTS id=[ 320, 833 ] end=110592 piso=931840
COUNTS id=[ 320, 834 ] end=59392 piso=839680
COUNTS id=[ 320, 835 ] end=589824 piso=14346240
COUNTS id=[ 320, 836 ] end=262144 piso=1902080
COUNTS id=[ 320, 837 ] end=74752 piso=1610240
COUNTS id=[ 320, 838 ] end=212992 piso=1751040
COUNTS id=[ 320, 839 ] end=212992 piso=1697280
COUNTS id=[ 320, 840 ] end=156672 piso=4088320
COUNTS id=[ 320, 841 ] end=87040 piso=1592320
COUNTS id=[ 320, 842 ] end=48640 piso=1470080
COUNTS id=[ 320, 843 ] end=61440 piso=1536000
COUNTS id=[ 320, 844 ] end=59392 piso=1758880
COUNTS id=[ 320, 845 ] end=36352 piso=1470880
COUNTS id=[ 320, 846 ] end=138240 piso=1948160
COUNTS id=[ 320, 847 ] end=242688 piso=5644800
COUNTS id=[ 320, 848 ] end=217088 piso=2667520
COUNTS id=[ 320, 849 ] end=37376 piso=2526080
COUNTS id=[ 320, 850 ] end=200704 piso=7047040
COUNTS id=[ 320, 851 ] end=78848 piso=547840
COUNTS id=[ 320, 852 ] end=40448 piso=410240
COUNTS id=[ 320, 853 ] end=53248 piso=471040
COUNTS id=[ 320, 854 ] end=46592 piso=484000
COUNTS id=[ 320, 855 ] end=28672 piso=487840
COUNTS id=[ 320, 856 ] end=86528 piso=1240960
COUNTS id=[ 320, 857 ] end=110592 piso=1100800
COUNTS id=[ 320, 858 ] end=108544 piso=2700160
COUNTS id=[ 320, 859 ] end=41984 piso=305280
COUNTS id=[ 320, 860 ] end=29184 piso=215040
COUNTS id=[ 320, 861 ] end=16384 piso=231040
COUNTS id=[ 320, 862 ] end=41984 piso=344960
COUNTS id=[ 320, 863 ] end=22784 piso=180480
COUNTS id=[ 320, 864 ] end=16384 piso=231040
COUNTS id=[ 320, 865 ] end=29440 piso=303520
COUNTS id=[ 320, 866 ] end=8960 piso=202400
COUNTS id=[ 320, 867 ] end=41984 piso=338560
COUNTS id=[ 320, 868 ] end=43520 piso=549760
PROGRESS checked=100 hits=0 reversed=0 runtime_ms=97106
COUNTS id=[ 320, 869 ] end=11520 piso=264960
COUNTS id=[ 320, 870 ] end=14720 piso=468160
COUNTS id=[ 320, 871 ] end=83200 piso=2497600
COUNTS id=[ 320, 872 ] end=16128 piso=258560
COUNTS id=[ 320, 873 ] end=7168 piso=248960
COUNTS id=[ 320, 874 ] end=851968 piso=170352640
ABELIAN_SKIPPED id=[ 320, 875 ] reason=known_equality
COUNTS id=[ 320, 876 ] end=327680 piso=3368960
COUNTS id=[ 320, 877 ] end=163840 piso=358400
CLOSEST id=[ 320, 877 ] end=163840 piso=358400 ratio=35/16
COUNTS id=[ 320, 878 ] end=163840 piso=960000
COUNTS id=[ 320, 879 ] end=122880 piso=304640
COUNTS id=[ 320, 880 ] end=327680 piso=168058880
COUNTS id=[ 320, 881 ] end=81920 piso=919040
COUNTS id=[ 320, 882 ] end=81920 piso=931840
COUNTS id=[ 320, 883 ] end=51200 piso=215040
COUNTS id=[ 320, 884 ] end=51200 piso=243200
COUNTS id=[ 320, 885 ] end=174080 piso=389120
COUNTS id=[ 320, 886 ] end=66560 piso=913920
COUNTS id=[ 320, 887 ] end=107520 piso=1835520
COUNTS id=[ 320, 888 ] end=23040 piso=197120
COUNTS id=[ 320, 889 ] end=38400 piso=496640
COUNTS id=[ 320, 890 ] end=46080 piso=238080
COUNTS id=[ 320, 891 ] end=102400 piso=1479680
COUNTS id=[ 320, 892 ] end=61440 piso=404480
COUNTS id=[ 320, 893 ] end=163840 piso=3463040
COUNTS id=[ 320, 894 ] end=51200 piso=713600
COUNTS id=[ 320, 895 ] end=64000 piso=1461120
COUNTS id=[ 320, 896 ] end=64000 piso=421760
COUNTS id=[ 320, 897 ] end=28160 piso=521600
COUNTS id=[ 320, 898 ] end=25600 piso=493440
COUNTS id=[ 320, 899 ] end=7680 piso=232320
COUNTS id=[ 320, 900 ] end=35840 piso=529280
COUNTS id=[ 320, 901 ] end=7680 piso=201600
COUNTS id=[ 320, 902 ] end=56320 piso=275840
ABELIAN_SKIPPED id=[ 320, 903 ] reason=known_equality
COUNTS id=[ 320, 904 ] end=61440 piso=81920
CLOSEST id=[ 320, 904 ] end=61440 piso=81920 ratio=4/3
COUNTS id=[ 320, 905 ] end=51200 piso=61440
CLOSEST id=[ 320, 905 ] end=51200 piso=61440 ratio=6/5
COUNTS id=[ 320, 906 ] end=20480 piso=31360
COUNTS id=[ 320, 907 ] end=61440 piso=686080
COUNTS id=[ 320, 908 ] end=51200 piso=675840
COUNTS id=[ 320, 909 ] end=20480 piso=87680
COUNTS id=[ 320, 910 ] end=76800 piso=1395200
COUNTS id=[ 320, 911 ] end=25600 piso=113280
COUNTS id=[ 320, 912 ] end=61440 piso=1331200
COUNTS id=[ 320, 913 ] end=20480 piso=266240
COUNTS id=[ 320, 914 ] end=20480 piso=87680
COUNTS id=[ 320, 915 ] end=66560 piso=1346560
COUNTS id=[ 320, 916 ] end=25600 piso=302080
COUNTS id=[ 320, 917 ] end=23040 piso=92160
COUNTS id=[ 320, 918 ] end=25600 piso=120960
COUNTS id=[ 320, 919 ] end=58880 piso=1326720
COUNTS id=[ 320, 920 ] end=17920 piso=266880
COUNTS id=[ 320, 921 ] end=25600 piso=129920
COUNTS id=[ 320, 922 ] end=21760 piso=88320
COUNTS id=[ 320, 923 ] end=30720 piso=71680
COUNTS id=[ 320, 924 ] end=20480 piso=61440
COUNTS id=[ 320, 925 ] end=10240 piso=31360
COUNTS id=[ 320, 926 ] end=46080 piso=112640
COUNTS id=[ 320, 927 ] end=46080 piso=112640
COUNTS id=[ 320, 928 ] end=15360 piso=48640
COUNTS id=[ 320, 929 ] end=20480 piso=56960
COUNTS id=[ 320, 930 ] end=10240 piso=33280
COUNTS id=[ 320, 931 ] end=7680 piso=35840
COUNTS id=[ 320, 932 ] end=15360 piso=51200
COUNTS id=[ 320, 933 ] end=12800 piso=51200
COUNTS id=[ 320, 934 ] end=8960 piso=21120
COUNTS id=[ 320, 935 ] end=23040 piso=47520
COUNTS id=[ 320, 936 ] end=13440 piso=36640
COUNTS id=[ 320, 937 ] end=15360 piso=37280
COUNTS id=[ 320, 938 ] end=26880 piso=92160
COUNTS id=[ 320, 939 ] end=15360 piso=47360
COUNTS id=[ 320, 940 ] end=8960 piso=56320
COUNTS id=[ 320, 941 ] end=14080 piso=47360
COUNTS id=[ 320, 942 ] end=6400 piso=56320
COUNTS id=[ 320, 943 ] end=24320 piso=92160
COUNTS id=[ 320, 944 ] end=5120 piso=19840
COUNTS id=[ 320, 945 ] end=5120 piso=19840
COUNTS id=[ 320, 946 ] end=12800 piso=29600
COUNTS id=[ 320, 947 ] end=7680 piso=24480
COUNTS id=[ 320, 948 ] end=71680 piso=1528480
COUNTS id=[ 320, 949 ] end=17920 piso=284320
COUNTS id=[ 320, 950 ] end=24320 piso=142240
COUNTS id=[ 320, 951 ] end=58880 piso=1327520
COUNTS id=[ 320, 952 ] end=10240 piso=313760
COUNTS id=[ 320, 953 ] end=14080 piso=97440
COUNTS id=[ 320, 954 ] end=40960 piso=275840
COUNTS id=[ 320, 955 ] end=11520 piso=117760
COUNTS id=[ 320, 956 ] end=26880 piso=144640
COUNTS id=[ 320, 957 ] end=5120 piso=128640
COUNTS id=[ 320, 958 ] end=62720 piso=756800
COUNTS id=[ 320, 959 ] end=27520 piso=171200
COUNTS id=[ 320, 960 ] end=30400 piso=163360
COUNTS id=[ 320, 961 ] end=22080 piso=103200
COUNTS id=[ 320, 962 ] end=11200 piso=60960
COUNTS id=[ 320, 963 ] end=8000 piso=72480
COUNTS id=[ 320, 964 ] end=13120 piso=72480
COUNTS id=[ 320, 965 ] end=7360 piso=48160
COUNTS id=[ 320, 966 ] end=14080 piso=56320
COUNTS id=[ 320, 967 ] end=25600 piso=112640
COUNTS id=[ 320, 968 ] end=7680 piso=51200
COUNTS id=[ 320, 969 ] end=12800 piso=53760
COUNTS id=[ 320, 970 ] end=23040 piso=110080
PROGRESS checked=200 hits=0 reversed=0 runtime_ms=173727
COUNTS id=[ 320, 971 ] end=5120 piso=48640
COUNTS id=[ 320, 972 ] end=8000 piso=33760
COUNTS id=[ 320, 973 ] end=14400 piso=67680
COUNTS id=[ 320, 974 ] end=2880 piso=40800
COUNTS id=[ 320, 975 ] end=11840 piso=55840
COUNTS id=[ 320, 976 ] end=8640 piso=59680
COUNTS id=[ 320, 977 ] end=11840 piso=55840
COUNTS id=[ 320, 978 ] end=8640 piso=59680
COUNTS id=[ 320, 979 ] end=6720 piso=44320
COUNTS id=[ 320, 980 ] end=3520 piso=37920
COUNTS id=[ 320, 981 ] end=11520 piso=70560
COUNTS id=[ 320, 982 ] end=11520 piso=70560
COUNTS id=[ 320, 983 ] end=10240 piso=50080
COUNTS id=[ 320, 984 ] end=5120 piso=56480
COUNTS id=[ 320, 985 ] end=5120 piso=56480
COUNTS id=[ 320, 986 ] end=3840 piso=33440
COUNTS id=[ 320, 987 ] end=18240 piso=108800
COUNTS id=[ 320, 988 ] end=5440 piso=88320
COUNTS id=[ 320, 989 ] end=9280 piso=37120
COUNTS id=[ 320, 990 ] end=9280 piso=58240
COUNTS id=[ 320, 991 ] end=18240 piso=99200
COUNTS id=[ 320, 992 ] end=5440 piso=53120
COUNTS id=[ 320, 993 ] end=48960 piso=139520
COUNTS id=[ 320, 994 ] end=97600 piso=385280
COUNTS id=[ 320, 995 ] end=41280 piso=160000
COUNTS id=[ 320, 996 ] end=18240 piso=90880
COUNTS id=[ 320, 997 ] end=40000 piso=168320
COUNTS id=[ 320, 998 ] end=11840 piso=81280
COUNTS id=[ 320, 999 ] end=31040 piso=98560
COUNTS id=[ 320, 1000 ] end=5440 piso=49920
COUNTS id=[ 320, 1001 ] end=31040 piso=98560
COUNTS id=[ 320, 1002 ] end=13120 piso=50560
ABELIAN_SKIPPED id=[ 320, 1003 ] reason=known_equality
COUNTS id=[ 320, 1004 ] end=12800 piso=15360
COUNTS id=[ 320, 1005 ] end=4480 piso=8480
COUNTS id=[ 320, 1006 ] end=36160 piso=178560
COUNTS id=[ 320, 1007 ] end=18240 piso=67200
COUNTS id=[ 320, 1008 ] end=10560 piso=83840
COUNTS id=[ 320, 1009 ] end=5440 piso=28160
COUNTS id=[ 320, 1010 ] end=16320 piso=65920
COUNTS id=[ 320, 1011 ] end=3520 piso=36480
COUNTS id=[ 320, 1012 ] end=1025 piso=125120
COUNTS id=[ 320, 1013 ] end=98304 piso=450560
COUNTS id=[ 320, 1014 ] end=67584 piso=450560
COUNTS id=[ 320, 1015 ] end=57344 piso=337920
COUNTS id=[ 320, 1016 ] end=19456 piso=273920
COUNTS id=[ 320, 1017 ] end=39936 piso=389120
COUNTS id=[ 320, 1018 ] end=19456 piso=273920
COUNTS id=[ 320, 1019 ] end=39936 piso=348160
COUNTS id=[ 320, 1020 ] end=29696 piso=348160
COUNTS id=[ 320, 1021 ] end=16896 piso=273920
COUNTS id=[ 320, 1022 ] end=16896 piso=273920
COUNTS id=[ 320, 1023 ] end=1376256 piso=6635520
COUNTS id=[ 320, 1024 ] end=180224 piso=1802240
DONE checked=253 abelian=0 hits=0 reversed=0 skipped_abelian=3 closest=[ 320, 905 ] min_ratio=6/5 runtime_ms=207076
