{"command": ["/project/gap-4.16.1/gap", "-l", "/project/gap-4.16.1", "-q", "-b", "-T", "-m", "128m", "-o", "4g", "-c", "START_ORDER:=320;;END_ORDER:=320;;START_ID:=513;;END_ID:=768;;SKIP_ABELIAN:=true;;LOG_ALL:=true;;", "/project/scripts/search_19_20.g"], "source_hashes": {"scripts/search_19_20.g": "7b6a34e9163b58b0248b3c464ae8070783414cd7d14048136dd0e3547b906318", "scripts/lib_19_20.g": "fbcf2d3c4b0648cc1fa87d6e50fc923133d594c029b8430a365caf596ac7ccd5"}}
PARAMETERS start=320 end=320 start_id=513 end_id=768 skip_abelian=true log_all=true
ORDER_START order=320 groups=1640
COUNTS id=[ 320, 513 ] end=31744 piso=322560
CLOSEST id=[ 320, 513 ] end=31744 piso=322560 ratio=315/31
COUNTS id=[ 320, 514 ] end=18944 piso=291840
COUNTS id=[ 320, 515 ] end=9984 piso=164640
COUNTS id=[ 320, 516 ] end=25344 piso=247040
CLOSEST id=[ 320, 516 ] end=25344 piso=247040 ratio=965/99
COUNTS id=[ 320, 517 ] end=19264 piso=281760
COUNTS id=[ 320, 518 ] end=14144 piso=213920
COUNTS id=[ 320, 519 ] end=14336 piso=161280
COUNTS id=[ 320, 520 ] end=12288 piso=171520
COUNTS id=[ 320, 521 ] end=8448 piso=106880
COUNTS id=[ 320, 522 ] end=8448 piso=106880
COUNTS id=[ 320, 523 ] end=8384 piso=281440
COUNTS id=[ 320, 524 ] end=30144 piso=446560
COUNTS id=[ 320, 525 ] end=16064 piso=212960
COUNTS id=[ 320, 526 ] end=28672 piso=102400
CLOSEST id=[ 320, 526 ] end=28672 piso=102400 ratio=25/7
COUNTS id=[ 320, 527 ] end=22016 piso=81920
COUNTS id=[ 320, 528 ] end=6016 piso=41760
COUNTS id=[ 320, 529 ] end=117824 piso=1202560
COUNTS id=[ 320, 530 ] end=58944 piso=456320
COUNTS id=[ 320, 531 ] end=15424 piso=192000
COUNTS id=[ 320, 532 ] end=51264 piso=616320
COUNTS id=[ 320, 533 ] end=17920 piso=75520
COUNTS id=[ 320, 534 ] end=6016 piso=41760
COUNTS id=[ 320, 535 ] end=44224 piso=437120
COUNTS id=[ 320, 536 ] end=10944 piso=254080
COUNTS id=[ 320, 537 ] end=50624 piso=877440
COUNTS id=[ 320, 538 ] end=22848 piso=288000
COUNTS id=[ 320, 539 ] end=8128 piso=157440
COUNTS id=[ 320, 540 ] end=25536 piso=325760
COUNTS id=[ 320, 541 ] end=24768 piso=346880
COUNTS id=[ 320, 542 ] end=4928 piso=181760
COUNTS id=[ 320, 543 ] end=7488 piso=139520
COUNTS id=[ 320, 544 ] end=14784 piso=393600
COUNTS id=[ 320, 545 ] end=6848 piso=168960
COUNTS id=[ 320, 546 ] end=11968 piso=203520
COUNTS id=[ 320, 547 ] end=212992 piso=409600
CLOSEST id=[ 320, 547 ] end=212992 piso=409600 ratio=25/13
COUNTS id=[ 320, 548 ] end=110592 piso=409600
COUNTS id=[ 320, 549 ] end=59392 piso=225280
COUNTS id=[ 320, 550 ] end=104448 piso=317440
COUNTS id=[ 320, 551 ] end=53248 piso=225280
COUNTS id=[ 320, 552 ] end=27648 piso=133120
COUNTS id=[ 320, 553 ] end=14848 piso=133120
COUNTS id=[ 320, 554 ] end=37888 piso=426880
COUNTS id=[ 320, 555 ] end=78848 piso=1098240
COUNTS id=[ 320, 556 ] end=135168 piso=2165760
COUNTS id=[ 320, 557 ] end=1835008 piso=6553600
COUNTS id=[ 320, 558 ] end=131072 piso=1185280
COUNTS id=[ 320, 559 ] end=294912 piso=1505280
COUNTS id=[ 320, 560 ] end=25088 piso=832000
COUNTS id=[ 320, 561 ] end=253952 piso=1246720
COUNTS id=[ 320, 562 ] end=821248 piso=2682880
COUNTS id=[ 320, 563 ] end=206848 piso=1034240
COUNTS id=[ 320, 564 ] end=206848 piso=1185280
COUNTS id=[ 320, 565 ] end=212992 piso=4298240
COUNTS id=[ 320, 566 ] end=258048 piso=7992320
COUNTS id=[ 320, 567 ] end=50688 piso=2360320
COUNTS id=[ 320, 568 ] end=294912 piso=4789760
COUNTS id=[ 320, 569 ] end=98304 piso=4544000
COUNTS id=[ 320, 570 ] end=98304 piso=4618240
COUNTS id=[ 320, 571 ] end=28160 piso=1162240
COUNTS id=[ 320, 572 ] end=28160 piso=1162240
COUNTS id=[ 320, 573 ] end=87040 piso=4518400
COUNTS id=[ 320, 574 ] end=75776 piso=2526080
COUNTS id=[ 320, 575 ] end=22016 piso=1310080
COUNTS id=[ 320, 576 ] end=39936 piso=1358720
COUNTS id=[ 320, 577 ] end=209920 piso=4559360
COUNTS id=[ 320, 578 ] end=69120 piso=1172480
COUNTS id=[ 320, 579 ] end=19456 piso=1138560
COUNTS id=[ 320, 580 ] end=29696 piso=1159040
COUNTS id=[ 320, 581 ] end=82944 piso=3407360
COUNTS id=[ 320, 582 ] end=458752 piso=840212480
COUNTS id=[ 320, 583 ] end=123904 piso=5480960
COUNTS id=[ 320, 584 ] end=108544 piso=3814400
COUNTS id=[ 320, 585 ] end=144384 piso=6750720
COUNTS id=[ 320, 586 ] end=78336 piso=3703680
COUNTS id=[ 320, 587 ] end=229376 piso=12443520
COUNTS id=[ 320, 588 ] end=78336 piso=3713920
COUNTS id=[ 320, 589 ] end=74752 piso=399360
COUNTS id=[ 320, 590 ] end=74752 piso=399360
COUNTS id=[ 320, 591 ] end=18432 piso=169600
COUNTS id=[ 320, 592 ] end=140288 piso=7285760
COUNTS id=[ 320, 593 ] end=37888 piso=428160
COUNTS id=[ 320, 594 ] end=24832 piso=224160
COUNTS id=[ 320, 595 ] end=24832 piso=224160
COUNTS id=[ 320, 596 ] end=58368 piso=1653760
COUNTS id=[ 320, 597 ] end=13312 piso=153760
COUNTS id=[ 320, 598 ] end=13312 piso=153760
COUNTS id=[ 320, 599 ] end=44032 piso=995840
COUNTS id=[ 320, 600 ] end=74752 piso=975360
COUNTS id=[ 320, 601 ] end=94208 piso=2206720
COUNTS id=[ 320, 602 ] end=221184 piso=1512960
COUNTS id=[ 320, 603 ] end=235520 piso=1781760
COUNTS id=[ 320, 604 ] end=79872 piso=952320
COUNTS id=[ 320, 605 ] end=25088 piso=821760
COUNTS id=[ 320, 606 ] end=102912 piso=2193280
COUNTS id=[ 320, 607 ] end=26112 piso=969600
COUNTS id=[ 320, 608 ] end=66048 piso=832000
COUNTS id=[ 320, 609 ] end=26112 piso=856960
COUNTS id=[ 320, 610 ] end=26112 piso=938880
COUNTS id=[ 320, 611 ] end=15872 piso=928640
COUNTS id=[ 320, 612 ] end=156672 piso=1098240
PROGRESS checked=100 hits=0 reversed=0 runtime_ms=99866
COUNTS id=[ 320, 613 ] end=26112 piso=867200
COUNTS id=[ 320, 614 ] end=131072 piso=4216320
COUNTS id=[ 320, 615 ] end=217088 piso=8033280
COUNTS id=[ 320, 616 ] end=84992 piso=4170240
COUNTS id=[ 320, 617 ] end=50688 piso=2411520
COUNTS id=[ 320, 618 ] end=123392 piso=7902080
COUNTS id=[ 320, 619 ] end=64512 piso=2515840
COUNTS id=[ 320, 620 ] end=54272 piso=2398080
COUNTS id=[ 320, 621 ] end=46592 piso=2456960
COUNTS id=[ 320, 622 ] end=24576 piso=251520
COUNTS id=[ 320, 623 ] end=6912 piso=112800
COUNTS id=[ 320, 624 ] end=16384 piso=174720
COUNTS id=[ 320, 625 ] end=19456 piso=192000
COUNTS id=[ 320, 626 ] end=14336 piso=174720
COUNTS id=[ 320, 627 ] end=7936 piso=82560
COUNTS id=[ 320, 628 ] end=114176 piso=7245440
COUNTS id=[ 320, 629 ] end=37376 piso=419840
COUNTS id=[ 320, 630 ] end=18432 piso=185760
COUNTS id=[ 320, 631 ] end=32256 piso=1598080
COUNTS id=[ 320, 632 ] end=30976 piso=385280
COUNTS id=[ 320, 633 ] end=34816 piso=466560
COUNTS id=[ 320, 634 ] end=22848 piso=222240
COUNTS id=[ 320, 635 ] end=22848 piso=222240
COUNTS id=[ 320, 636 ] end=7488 piso=131360
COUNTS id=[ 320, 637 ] end=59904 piso=239520
COUNTS id=[ 320, 638 ] end=11904 piso=141600
COUNTS id=[ 320, 639 ] end=21504 piso=147360
COUNTS id=[ 320, 640 ] end=33024 piso=252160
COUNTS id=[ 320, 641 ] end=25344 piso=252160
COUNTS id=[ 320, 642 ] end=66496 piso=795680
COUNTS id=[ 320, 643 ] end=18496 piso=226080
COUNTS id=[ 320, 644 ] end=16384 piso=145920
COUNTS id=[ 320, 645 ] end=9984 piso=145920
COUNTS id=[ 320, 646 ] end=26816 piso=273440
COUNTS id=[ 320, 647 ] end=22208 piso=226080
COUNTS id=[ 320, 648 ] end=22208 piso=226080
COUNTS id=[ 320, 649 ] end=6848 piso=124960
COUNTS id=[ 320, 650 ] end=33280 piso=149920
COUNTS id=[ 320, 651 ] end=7680 piso=103840
COUNTS id=[ 320, 652 ] end=28672 piso=192000
COUNTS id=[ 320, 653 ] end=22272 piso=192000
COUNTS id=[ 320, 654 ] end=62784 piso=704800
COUNTS id=[ 320, 655 ] end=17344 piso=201760
COUNTS id=[ 320, 656 ] end=17152 piso=170240
COUNTS id=[ 320, 657 ] end=9472 piso=170240
COUNTS id=[ 320, 658 ] end=28224 piso=315680
COUNTS id=[ 320, 659 ] end=57600 piso=1570880
COUNTS id=[ 320, 660 ] end=14592 piso=247200
COUNTS id=[ 320, 661 ] end=14592 piso=247200
COUNTS id=[ 320, 662 ] end=8192 piso=126880
COUNTS id=[ 320, 663 ] end=102400 piso=7475360
COUNTS id=[ 320, 664 ] end=24320 piso=449440
COUNTS id=[ 320, 665 ] end=31744 piso=303360
COUNTS id=[ 320, 666 ] end=24064 piso=280320
COUNTS id=[ 320, 667 ] end=28160 piso=1612960
COUNTS id=[ 320, 668 ] end=15104 piso=175360
COUNTS id=[ 320, 669 ] end=8704 piso=152320
COUNTS id=[ 320, 670 ] end=13312 piso=233120
COUNTS id=[ 320, 671 ] end=13312 piso=233120
COUNTS id=[ 320, 672 ] end=6912 piso=110240
COUNTS id=[ 320, 673 ] end=97792 piso=7243680
COUNTS id=[ 320, 674 ] end=22272 piso=404640
COUNTS id=[ 320, 675 ] end=27392 piso=231680
COUNTS id=[ 320, 676 ] end=20992 piso=208640
COUNTS id=[ 320, 677 ] end=28672 piso=1673120
COUNTS id=[ 320, 678 ] end=15872 piso=185600
COUNTS id=[ 320, 679 ] end=8192 piso=162560
COUNTS id=[ 320, 680 ] end=36224 piso=647360
COUNTS id=[ 320, 681 ] end=7616 piso=163360
COUNTS id=[ 320, 682 ] end=14144 piso=222080
COUNTS id=[ 320, 683 ] end=14144 piso=139520
COUNTS id=[ 320, 684 ] end=15936 piso=233760
COUNTS id=[ 320, 685 ] end=60224 piso=874880
COUNTS id=[ 320, 686 ] end=25664 piso=316160
COUNTS id=[ 320, 687 ] end=26944 piso=398720
COUNTS id=[ 320, 688 ] end=38144 piso=559360
COUNTS id=[ 320, 689 ] end=12544 piso=512000
COUNTS id=[ 320, 690 ] end=8384 piso=127520
COUNTS id=[ 320, 691 ] end=15424 piso=172800
COUNTS id=[ 320, 692 ] end=23104 piso=224640
COUNTS id=[ 320, 693 ] end=14144 piso=180000
COUNTS id=[ 320, 694 ] end=43584 piso=693120
COUNTS id=[ 320, 695 ] end=21824 piso=180480
COUNTS id=[ 320, 696 ] end=25664 piso=257920
COUNTS id=[ 320, 697 ] end=28224 piso=313600
COUNTS id=[ 320, 698 ] end=28224 piso=242560
COUNTS id=[ 320, 699 ] end=39872 piso=393760
COUNTS id=[ 320, 700 ] end=161856 piso=1388800
COUNTS id=[ 320, 701 ] end=40256 piso=465280
COUNTS id=[ 320, 702 ] end=28992 piso=256800
COUNTS id=[ 320, 703 ] end=108096 piso=590080
COUNTS id=[ 320, 704 ] end=40960 piso=690560
COUNTS id=[ 320, 705 ] end=43072 piso=344320
COUNTS id=[ 320, 706 ] end=43072 piso=344320
COUNTS id=[ 320, 707 ] end=14912 piso=163200
COUNTS id=[ 320, 708 ] end=25664 piso=293120
COUNTS id=[ 320, 709 ] end=25664 piso=196480
COUNTS id=[ 320, 710 ] end=33984 piso=260640
COUNTS id=[ 320, 711 ] end=21312 piso=209440
COUNTS id=[ 320, 712 ] end=135744 piso=979200
PROGRESS checked=200 hits=0 reversed=0 runtime_ms=178794
COUNTS id=[ 320, 713 ] end=34624 piso=378240
COUNTS id=[ 320, 714 ] end=21312 piso=209440
COUNTS id=[ 320, 715 ] end=43584 piso=702720
COUNTS id=[ 320, 716 ] end=21824 piso=201600
COUNTS id=[ 320, 717 ] end=28224 piso=256800
COUNTS id=[ 320, 718 ] end=15552 piso=167200
COUNTS id=[ 320, 719 ] end=122944 piso=774400
COUNTS id=[ 320, 720 ] end=25664 piso=293120
COUNTS id=[ 320, 721 ] end=15552 piso=167200
COUNTS id=[ 320, 722 ] end=11264 piso=522880
COUNTS id=[ 320, 723 ] end=53248 piso=102400
COUNTS id=[ 320, 724 ] end=14848 piso=56320
COUNTS id=[ 320, 725 ] end=147456 piso=409600
COUNTS id=[ 320, 726 ] end=43008 piso=337920
COUNTS id=[ 320, 727 ] end=135168 piso=409600
COUNTS id=[ 320, 728 ] end=32768 piso=144000
COUNTS id=[ 320, 729 ] end=16384 piso=144000
COUNTS id=[ 320, 730 ] end=62464 piso=1899520
COUNTS id=[ 320, 731 ] end=205824 piso=768000
COUNTS id=[ 320, 732 ] end=205824 piso=768000
COUNTS id=[ 320, 733 ] end=52224 piso=294400
COUNTS id=[ 320, 734 ] end=26624 piso=176640
COUNTS id=[ 320, 735 ] end=94208 piso=3409920
COUNTS id=[ 320, 736 ] end=25088 piso=139680
COUNTS id=[ 320, 737 ] end=36864 piso=405120
COUNTS id=[ 320, 738 ] end=19584 piso=116000
COUNTS id=[ 320, 739 ] end=144384 piso=7367680
COUNTS id=[ 320, 740 ] end=39424 piso=440320
COUNTS id=[ 320, 741 ] end=32512 piso=256000
COUNTS id=[ 320, 742 ] end=64512 piso=578560
COUNTS id=[ 320, 743 ] end=26112 piso=291840
COUNTS id=[ 320, 744 ] end=92160 piso=307200
COUNTS id=[ 320, 745 ] end=24576 piso=307200
COUNTS id=[ 320, 746 ] end=16384 piso=164480
COUNTS id=[ 320, 747 ] end=34304 piso=1659520
COUNTS id=[ 320, 748 ] end=77824 piso=343680
COUNTS id=[ 320, 749 ] end=32768 piso=164480
COUNTS id=[ 320, 750 ] end=16384 piso=161280
COUNTS id=[ 320, 751 ] end=8704 piso=163840
COUNTS id=[ 320, 752 ] end=13824 piso=179200
COUNTS id=[ 320, 753 ] end=75776 piso=3379200
COUNTS id=[ 320, 754 ] end=16000 piso=126240
COUNTS id=[ 320, 755 ] end=17920 piso=119200
COUNTS id=[ 320, 756 ] end=36864 piso=425600
COUNTS id=[ 320, 757 ] end=118784 piso=7260160
COUNTS id=[ 320, 758 ] end=116224 piso=7265920
COUNTS id=[ 320, 759 ] end=31744 piso=400000
COUNTS id=[ 320, 760 ] end=41984 piso=612480
COUNTS id=[ 320, 761 ] end=26112 piso=253440
COUNTS id=[ 320, 762 ] end=51712 piso=576000
COUNTS id=[ 320, 763 ] end=36864 piso=1607680
COUNTS id=[ 320, 764 ] end=13312 piso=289280
COUNTS id=[ 320, 765 ] end=41984 piso=652160
COUNTS id=[ 320, 766 ] end=33024 piso=426240
COUNTS id=[ 320, 767 ] end=5504 piso=44320
COUNTS id=[ 320, 768 ] end=14400 piso=166880
DONE checked=256 abelian=0 hits=0 reversed=0 skipped_abelian=0 closest=[ 320, 547 ] min_ratio=25/13 runtime_ms=221420
