{"command": ["/project/gap-4.16.1/gap", "-l", "/project/gap-4.16.1", "-q", "-b", "-T", "-m", "128m", "-o", "4g", "-c", "START_ORDER:=384;;END_ORDER:=384;;START_ID:=14081;;END_ID:=14336;;SKIP_ABELIAN:=true;;LOG_ALL:=true;;", "/project/scripts/search_19_20.g"], "source_hashes": {"scripts/search_19_20.g": "7b6a34e9163b58b0248b3c464ae8070783414cd7d14048136dd0e3547b906318", "scripts/lib_19_20.g": "fbcf2d3c4b0648cc1fa87d6e50fc923133d594c029b8430a365caf596ac7ccd5"}}
PARAMETERS start=384 end=384 start_id=14081 end_id=14336 skip_abelian=true log_all=true
ORDER_START order=384 groups=20169
COUNTS id=[ 384, 14081 ] end=13312 piso=1431168
CLOSEST id=[ 384, 14081 ] end=13312 piso=1431168 ratio=11181/104
COUNTS id=[ 384, 14082 ] end=44032 piso=1225344
CLOSEST id=[ 384, 14082 ] end=44032 piso=1225344 ratio=9573/344
COUNTS id=[ 384, 14083 ] end=44032 piso=1225344
COUNTS id=[ 384, 14084 ] end=27904 piso=1002720
COUNTS id=[ 384, 14085 ] end=61696 piso=965088
CLOSEST id=[ 384, 14085 ] end=61696 piso=965088 ratio=30159/1928
COUNTS id=[ 384, 14086 ] end=61696 piso=1068384
COUNTS id=[ 384, 14087 ] end=30976 piso=1124448
COUNTS id=[ 384, 14088 ] end=30976 piso=1194336
COUNTS id=[ 384, 14089 ] end=64768 piso=1185888
COUNTS id=[ 384, 14090 ] end=266240 piso=3671040
CLOSEST id=[ 384, 14090 ] end=266240 piso=3671040 ratio=717/52
COUNTS id=[ 384, 14091 ] end=274432 piso=3002880
CLOSEST id=[ 384, 14091 ] end=274432 piso=3002880 ratio=5865/536
COUNTS id=[ 384, 14092 ] end=280576 piso=3015168
CLOSEST id=[ 384, 14092 ] end=280576 piso=3015168 ratio=5889/548
COUNTS id=[ 384, 14093 ] end=231424 piso=3535872
COUNTS id=[ 384, 14094 ] end=62464 piso=1732224
COUNTS id=[ 384, 14095 ] end=62464 piso=1732224
COUNTS id=[ 384, 14096 ] end=102400 piso=1795200
COUNTS id=[ 384, 14097 ] end=102400 piso=1795200
COUNTS id=[ 384, 14098 ] end=262144 piso=3267072
COUNTS id=[ 384, 14099 ] end=262144 piso=3251712
COUNTS id=[ 384, 14100 ] end=66304 piso=1476192
COUNTS id=[ 384, 14101 ] end=100096 piso=1724256
COUNTS id=[ 384, 14102 ] end=482560 piso=3752928
CLOSEST id=[ 384, 14102 ] end=482560 piso=3752928 ratio=117279/15080
COUNTS id=[ 384, 14103 ] end=27904 piso=2711520
COUNTS id=[ 384, 14104 ] end=516352 piso=4523232
COUNTS id=[ 384, 14105 ] end=61696 piso=2604768
COUNTS id=[ 384, 14106 ] end=30976 piso=1137504
COUNTS id=[ 384, 14107 ] end=61696 piso=1081440
COUNTS id=[ 384, 14108 ] end=64768 piso=1165920
COUNTS id=[ 384, 14109 ] end=37120 piso=1321824
COUNTS id=[ 384, 14110 ] end=27904 piso=1179360
COUNTS id=[ 384, 14111 ] end=61696 piso=1186272
COUNTS id=[ 384, 14112 ] end=61696 piso=1005024
COUNTS id=[ 384, 14113 ] end=61696 piso=1024224
COUNTS id=[ 384, 14114 ] end=27904 piso=1004256
COUNTS id=[ 384, 14115 ] end=27904 piso=1021920
COUNTS id=[ 384, 14116 ] end=299008 piso=3197952
COUNTS id=[ 384, 14117 ] end=299008 piso=3182592
COUNTS id=[ 384, 14118 ] end=535552 piso=5728896
COUNTS id=[ 384, 14119 ] end=501760 piso=4864128
COUNTS id=[ 384, 14120 ] end=73984 piso=1321824
COUNTS id=[ 384, 14121 ] end=107776 piso=1603680
COUNTS id=[ 384, 14122 ] end=104704 piso=1651680
COUNTS id=[ 384, 14123 ] end=70912 piso=1345248
COUNTS id=[ 384, 14124 ] end=516352 piso=4545888
COUNTS id=[ 384, 14125 ] end=482560 piso=3764832
COUNTS id=[ 384, 14126 ] end=80896 piso=2051712
COUNTS id=[ 384, 14127 ] end=53248 piso=3134592
COUNTS id=[ 384, 14128 ] end=66304 piso=1622496
COUNTS id=[ 384, 14129 ] end=100096 piso=1859808
COUNTS id=[ 384, 14130 ] end=30976 piso=3039840
COUNTS id=[ 384, 14131 ] end=64768 piso=2890080
COUNTS id=[ 384, 14132 ] end=111616 piso=1714176
COUNTS id=[ 384, 14133 ] end=228352 piso=3164160
COUNTS id=[ 384, 14134 ] end=77824 piso=1195392
COUNTS id=[ 384, 14135 ] end=99328 piso=1683456
COUNTS id=[ 384, 14136 ] end=203776 piso=3133440
COUNTS id=[ 384, 14137 ] end=1184768 piso=17989632
COUNTS id=[ 384, 14138 ] end=111616 piso=1763328
COUNTS id=[ 384, 14139 ] end=486400 piso=3782016
CLOSEST id=[ 384, 14139 ] end=486400 piso=3782016 ratio=29547/3800
COUNTS id=[ 384, 14140 ] end=1045504 piso=15633408
COUNTS id=[ 384, 14141 ] end=111616 piso=4008960
COUNTS id=[ 384, 14142 ] end=1137664 piso=19147776
COUNTS id=[ 384, 14143 ] end=142336 piso=3059712
COUNTS id=[ 384, 14144 ] end=1045504 piso=15584256
COUNTS id=[ 384, 14145 ] end=74752 piso=1855488
COUNTS id=[ 384, 14146 ] end=504832 piso=4175232
COUNTS id=[ 384, 14147 ] end=87040 piso=4070400
COUNTS id=[ 384, 14148 ] end=87040 piso=4070400
COUNTS id=[ 384, 14149 ] end=74752 piso=1609728
COUNTS id=[ 384, 14150 ] end=74752 piso=1609728
COUNTS id=[ 384, 14151 ] end=47104 piso=1195392
COUNTS id=[ 384, 14152 ] end=983296 piso=12581088
COUNTS id=[ 384, 14153 ] end=931072 piso=11239392
COUNTS id=[ 384, 14154 ] end=86272 piso=1532640
COUNTS id=[ 384, 14155 ] end=120064 piso=1983456
COUNTS id=[ 384, 14156 ] end=921856 piso=11063520
COUNTS id=[ 384, 14157 ] end=955648 piso=12243936
COUNTS id=[ 384, 14158 ] end=129280 piso=2594016
COUNTS id=[ 384, 14159 ] end=86272 piso=1705440
COUNTS id=[ 384, 14160 ] end=144640 piso=3431136
COUNTS id=[ 384, 14161 ] end=64768 piso=1385952
COUNTS id=[ 384, 14162 ] end=113920 piso=1995744
COUNTS id=[ 384, 14163 ] end=64768 piso=2824416
COUNTS id=[ 384, 14164 ] end=107776 piso=2396640
COUNTS id=[ 384, 14165 ] end=37120 piso=1375968
COUNTS id=[ 384, 14166 ] end=86272 piso=1741536
COUNTS id=[ 384, 14167 ] end=37120 piso=1988064
COUNTS id=[ 384, 14168 ] end=154624 piso=1910784
COUNTS id=[ 384, 14169 ] end=87040 piso=2009088
COUNTS id=[ 384, 14170 ] end=53248 piso=1035648
COUNTS id=[ 384, 14171 ] end=142336 piso=1880064
COUNTS id=[ 384, 14172 ] end=62464 piso=1978368
COUNTS id=[ 384, 14173 ] end=226304 piso=10174464
COUNTS id=[ 384, 14174 ] end=154624 piso=1959936
COUNTS id=[ 384, 14175 ] end=71680 piso=1895808
COUNTS id=[ 384, 14176 ] end=87040 piso=4107264
COUNTS id=[ 384, 14177 ] end=154624 piso=4033536
COUNTS id=[ 384, 14178 ] end=154624 piso=4303872
COUNTS id=[ 384, 14179 ] end=185344 piso=4190208
COUNTS id=[ 384, 14180 ] end=111616 piso=4402176
PROGRESS checked=100 hits=0 reversed=0 runtime_ms=270720
COUNTS id=[ 384, 14181 ] end=117760 piso=2002944
COUNTS id=[ 384, 14182 ] end=83968 piso=1834368
COUNTS id=[ 384, 14183 ] end=62464 piso=3849216
COUNTS id=[ 384, 14184 ] end=62464 piso=3849216
COUNTS id=[ 384, 14185 ] end=50176 piso=1708032
COUNTS id=[ 384, 14186 ] end=50176 piso=1708032
COUNTS id=[ 384, 14187 ] end=22528 piso=1275264
COUNTS id=[ 384, 14188 ] end=98560 piso=3184608
COUNTS id=[ 384, 14189 ] end=64768 piso=3045600
COUNTS id=[ 384, 14190 ] end=89344 piso=1459680
COUNTS id=[ 384, 14191 ] end=123136 piso=1902816
COUNTS id=[ 384, 14192 ] end=46336 piso=2734560
COUNTS id=[ 384, 14193 ] end=80128 piso=2724576
COUNTS id=[ 384, 14194 ] end=132352 piso=2937312
COUNTS id=[ 384, 14195 ] end=89344 piso=1804512
COUNTS id=[ 384, 14196 ] end=67840 piso=3001824
COUNTS id=[ 384, 14197 ] end=73984 piso=1230048
COUNTS id=[ 384, 14198 ] end=73984 piso=2613216
COUNTS id=[ 384, 14199 ] end=46336 piso=1465056
COUNTS id=[ 384, 14200 ] end=49408 piso=2844384
COUNTS id=[ 384, 14201 ] end=46336 piso=1350624
COUNTS id=[ 384, 14202 ] end=46336 piso=1925856
COUNTS id=[ 384, 14203 ] end=18688 piso=2266080
COUNTS id=[ 384, 14204 ] end=67584 piso=1105920
COUNTS id=[ 384, 14205 ] end=33792 piso=1081728
COUNTS id=[ 384, 14206 ] end=101376 piso=1419648
COUNTS id=[ 384, 14207 ] end=67584 piso=1075200
COUNTS id=[ 384, 14208 ] end=48384 piso=1179360
COUNTS id=[ 384, 14209 ] end=82176 piso=1332192
COUNTS id=[ 384, 14210 ] end=20736 piso=1422816
COUNTS id=[ 384, 14211 ] end=54528 piso=1266912
COUNTS id=[ 384, 14212 ] end=599040 piso=4681728
COUNTS id=[ 384, 14213 ] end=120832 piso=1763328
COUNTS id=[ 384, 14214 ] end=507904 piso=4264320
COUNTS id=[ 384, 14215 ] end=50176 piso=2156928
COUNTS id=[ 384, 14216 ] end=529408 piso=4359168
COUNTS id=[ 384, 14217 ] end=120832 piso=2110464
COUNTS id=[ 384, 14218 ] end=482304 piso=4365312
COUNTS id=[ 384, 14219 ] end=104448 piso=1695744
COUNTS id=[ 384, 14220 ] end=580608 piso=6311808
COUNTS id=[ 384, 14221 ] end=110592 piso=2195328
COUNTS id=[ 384, 14222 ] end=513024 piso=4235136
COUNTS id=[ 384, 14223 ] end=43008 piso=2047872
COUNTS id=[ 384, 14224 ] end=36864 piso=1514496
COUNTS id=[ 384, 14225 ] end=36864 piso=1130496
COUNTS id=[ 384, 14226 ] end=33792 piso=1236864
COUNTS id=[ 384, 14227 ] end=33792 piso=1236864
COUNTS id=[ 384, 14228 ] end=478464 piso=3551712
CLOSEST id=[ 384, 14228 ] end=478464 piso=3551712 ratio=36997/4984
COUNTS id=[ 384, 14229 ] end=512256 piso=4285152
COUNTS id=[ 384, 14230 ] end=56064 piso=1486560
COUNTS id=[ 384, 14231 ] end=89856 piso=1699296
COUNTS id=[ 384, 14232 ] end=512256 piso=4269792
COUNTS id=[ 384, 14233 ] end=478464 piso=3536352
CLOSEST id=[ 384, 14233 ] end=478464 piso=3536352 ratio=36837/4984
COUNTS id=[ 384, 14234 ] end=89856 piso=1683936
COUNTS id=[ 384, 14235 ] end=56064 piso=1471200
COUNTS id=[ 384, 14236 ] end=79104 piso=1299936
COUNTS id=[ 384, 14237 ] end=45312 piso=1151712
COUNTS id=[ 384, 14238 ] end=51456 piso=1239264
COUNTS id=[ 384, 14239 ] end=17664 piso=1390560
COUNTS id=[ 384, 14240 ] end=135168 piso=1803264
COUNTS id=[ 384, 14241 ] end=43008 piso=1188864
COUNTS id=[ 384, 14242 ] end=67584 piso=1104768
COUNTS id=[ 384, 14243 ] end=67584 piso=1104768
COUNTS id=[ 384, 14244 ] end=135168 piso=1833984
COUNTS id=[ 384, 14245 ] end=43008 piso=1219584
COUNTS id=[ 384, 14246 ] end=48384 piso=2623200
COUNTS id=[ 384, 14247 ] end=20736 piso=2051040
COUNTS id=[ 384, 14248 ] end=79104 piso=1291488
COUNTS id=[ 384, 14249 ] end=51456 piso=1220064
COUNTS id=[ 384, 14250 ] end=82176 piso=2685408
COUNTS id=[ 384, 14251 ] end=54528 piso=1810656
COUNTS id=[ 384, 14252 ] end=45312 piso=1123296
COUNTS id=[ 384, 14253 ] end=17664 piso=1357536
COUNTS id=[ 384, 14254 ] end=599040 piso=7735296
COUNTS id=[ 384, 14255 ] end=120832 piso=1695744
COUNTS id=[ 384, 14256 ] end=507904 piso=4212096
COUNTS id=[ 384, 14257 ] end=50176 piso=1987968
COUNTS id=[ 384, 14258 ] end=529408 piso=4224000
COUNTS id=[ 384, 14259 ] end=120832 piso=3892224
COUNTS id=[ 384, 14260 ] end=531456 piso=5615616
COUNTS id=[ 384, 14261 ] end=153600 piso=3326976
COUNTS id=[ 384, 14262 ] end=463872 piso=4251648
COUNTS id=[ 384, 14263 ] end=86016 piso=1692672
COUNTS id=[ 384, 14264 ] end=534528 piso=4691328
COUNTS id=[ 384, 14265 ] end=64512 piso=1766784
COUNTS id=[ 384, 14266 ] end=49152 piso=3072000
COUNTS id=[ 384, 14267 ] end=49152 piso=3072000
COUNTS id=[ 384, 14268 ] end=43008 piso=1108992
COUNTS id=[ 384, 14269 ] end=43008 piso=1108992
COUNTS id=[ 384, 14270 ] end=33792 piso=1132416
COUNTS id=[ 384, 14271 ] end=33792 piso=1132416
COUNTS id=[ 384, 14272 ] end=521472 piso=4889184
COUNTS id=[ 384, 14273 ] end=99072 piso=2240352
COUNTS id=[ 384, 14274 ] end=478464 piso=3503712
CLOSEST id=[ 384, 14274 ] end=478464 piso=3503712 ratio=36497/4984
COUNTS id=[ 384, 14275 ] end=56064 piso=1523040
COUNTS id=[ 384, 14276 ] end=478464 piso=3730272
COUNTS id=[ 384, 14277 ] end=56064 piso=1731168
COUNTS id=[ 384, 14278 ] end=512256 piso=4258656
COUNTS id=[ 384, 14279 ] end=89856 piso=1757280
COUNTS id=[ 384, 14280 ] end=111616 piso=1569792
PROGRESS checked=200 hits=0 reversed=0 runtime_ms=480354
COUNTS id=[ 384, 14281 ] end=56320 piso=1196928
COUNTS id=[ 384, 14282 ] end=130048 piso=2130816
COUNTS id=[ 384, 14283 ] end=111616 piso=1600512
COUNTS id=[ 384, 14284 ] end=107776 piso=1973472
COUNTS id=[ 384, 14285 ] end=80128 piso=1739232
COUNTS id=[ 384, 14286 ] end=55552 piso=1354464
COUNTS id=[ 384, 14287 ] end=27904 piso=1369056
COUNTS id=[ 384, 14288 ] end=1184768 piso=16447488
COUNTS id=[ 384, 14289 ] end=111616 piso=1830912
COUNTS id=[ 384, 14290 ] end=486400 piso=3852672
COUNTS id=[ 384, 14291 ] end=1045504 piso=15676416
COUNTS id=[ 384, 14292 ] end=111616 piso=2135040
COUNTS id=[ 384, 14293 ] end=1027072 piso=16164864
COUNTS id=[ 384, 14294 ] end=87040 piso=1631232
COUNTS id=[ 384, 14295 ] end=550912 piso=5473152
COUNTS id=[ 384, 14296 ] end=483328 piso=3832704
COUNTS id=[ 384, 14297 ] end=62464 piso=1935360
COUNTS id=[ 384, 14298 ] end=62464 piso=1600512
COUNTS id=[ 384, 14299 ] end=47104 piso=1232256
COUNTS id=[ 384, 14300 ] end=110848 piso=1910880
COUNTS id=[ 384, 14301 ] end=912640 piso=11003232
COUNTS id=[ 384, 14302 ] end=77056 piso=1464672
COUNTS id=[ 384, 14303 ] end=946432 piso=12160608
COUNTS id=[ 384, 14304 ] end=62464 piso=1188864
COUNTS id=[ 384, 14305 ] end=99328 piso=1387392
COUNTS id=[ 384, 14306 ] end=37888 piso=1547136
COUNTS id=[ 384, 14307 ] end=62464 piso=1219584
COUNTS id=[ 384, 14308 ] end=40192 piso=1438176
COUNTS id=[ 384, 14309 ] end=12544 piso=2222304
COUNTS id=[ 384, 14310 ] end=64768 piso=1180128
COUNTS id=[ 384, 14311 ] end=37120 piso=1297632
COUNTS id=[ 384, 14312 ] end=226304 piso=4896768
COUNTS id=[ 384, 14313 ] end=154624 piso=2002944
COUNTS id=[ 384, 14314 ] end=71680 piso=2034048
COUNTS id=[ 384, 14315 ] end=87040 piso=4371456
COUNTS id=[ 384, 14316 ] end=154624 piso=2380800
COUNTS id=[ 384, 14317 ] end=68608 piso=3373056
COUNTS id=[ 384, 14318 ] end=130048 piso=2085888
COUNTS id=[ 384, 14319 ] end=130048 piso=2364288
COUNTS id=[ 384, 14320 ] end=62464 piso=1928064
COUNTS id=[ 384, 14321 ] end=37888 piso=1714176
COUNTS id=[ 384, 14322 ] end=37888 piso=1637376
COUNTS id=[ 384, 14323 ] end=22528 piso=1287552
COUNTS id=[ 384, 14324 ] end=113920 piso=1913184
COUNTS id=[ 384, 14325 ] end=37120 piso=2600544
COUNTS id=[ 384, 14326 ] end=80128 piso=1483872
COUNTS id=[ 384, 14327 ] end=70912 piso=2601312
COUNTS id=[ 384, 14328 ] end=128000 piso=1652736
COUNTS id=[ 384, 14329 ] end=56320 piso=1144704
COUNTS id=[ 384, 14330 ] end=123904 piso=1622016
COUNTS id=[ 384, 14331 ] end=139520 piso=1999584
COUNTS id=[ 384, 14332 ] end=64768 piso=1336032
COUNTS id=[ 384, 14333 ] end=135424 piso=1761504
COUNTS id=[ 384, 14334 ] end=37120 piso=1495776
COUNTS id=[ 384, 14335 ] end=2462720 piso=22585344
COUNTS id=[ 384, 14336 ] end=375808 piso=4540416
DONE checked=256 abelian=0 hits=0 reversed=0 skipped_abelian=0 closest=[ 384, 14274 ] min_ratio=36497/4984 runtime_ms=599573
