PARAMETERS start=256 end=256 start_id=3507 end_id=7012 skip_abelian=true log_all=true
ORDER_START order=256 groups=56092
COUNTS id=[ 256, 3507 ] end=39424 piso=786432
CLOSEST id=[ 256, 3507 ] end=39424 piso=786432 ratio=1536/77
COUNTS id=[ 256, 3508 ] end=19968 piso=669696
COUNTS id=[ 256, 3509 ] end=19968 piso=579584
COUNTS id=[ 256, 3510 ] end=16896 piso=737280
COUNTS id=[ 256, 3511 ] end=16896 piso=647168
COUNTS id=[ 256, 3512 ] end=31232 piso=475136
CLOSEST id=[ 256, 3512 ] end=31232 piso=475136 ratio=928/61
COUNTS id=[ 256, 3513 ] end=31232 piso=458752
CLOSEST id=[ 256, 3513 ] end=31232 piso=458752 ratio=896/61
COUNTS id=[ 256, 3514 ] end=15872 piso=288768
COUNTS id=[ 256, 3515 ] end=15872 piso=272384
COUNTS id=[ 256, 3516 ] end=8704 piso=352256
COUNTS id=[ 256, 3517 ] end=8704 piso=335872
COUNTS id=[ 256, 3518 ] end=31232 piso=512000
COUNTS id=[ 256, 3519 ] end=31232 piso=495616
COUNTS id=[ 256, 3520 ] end=15872 piso=321536
COUNTS id=[ 256, 3521 ] end=15872 piso=305152
COUNTS id=[ 256, 3522 ] end=8704 piso=389120
COUNTS id=[ 256, 3523 ] end=8704 piso=372736
COUNTS id=[ 256, 3524 ] end=127488 piso=8158720
COUNTS id=[ 256, 3525 ] end=64000 piso=2842112
COUNTS id=[ 256, 3526 ] end=33280 piso=2686464
COUNTS id=[ 256, 3527 ] end=47616 piso=2391552
COUNTS id=[ 256, 3528 ] end=47616 piso=2407936
COUNTS id=[ 256, 3529 ] end=8704 piso=1474048
COUNTS id=[ 256, 3530 ] end=8704 piso=1555968
COUNTS id=[ 256, 3531 ] end=16896 piso=1670656
COUNTS id=[ 256, 3532 ] end=8704 piso=1613312
COUNTS id=[ 256, 3533 ] end=16896 piso=1736192
COUNTS id=[ 256, 3534 ] end=31232 piso=656896
COUNTS id=[ 256, 3535 ] end=15872 piso=364032
COUNTS id=[ 256, 3536 ] end=4608 piso=439808
COUNTS id=[ 256, 3537 ] end=65024 piso=2348032
COUNTS id=[ 256, 3538 ] end=17920 piso=730112
COUNTS id=[ 256, 3539 ] end=17920 piso=553984
COUNTS id=[ 256, 3540 ] end=17920 piso=549888
COUNTS id=[ 256, 3541 ] end=43520 piso=1879040
COUNTS id=[ 256, 3542 ] end=4608 piso=605184
COUNTS id=[ 256, 3543 ] end=4608 piso=584704
COUNTS id=[ 256, 3544 ] end=4608 piso=580608
COUNTS id=[ 256, 3545 ] end=53248 piso=2516480
COUNTS id=[ 256, 3546 ] end=28672 piso=1191424
COUNTS id=[ 256, 3547 ] end=8192 piso=861696
COUNTS id=[ 256, 3548 ] end=51200 piso=2477568
COUNTS id=[ 256, 3549 ] end=28672 piso=1195520
COUNTS id=[ 256, 3550 ] end=28672 piso=1195520
COUNTS id=[ 256, 3551 ] end=6144 piso=839168
COUNTS id=[ 256, 3552 ] end=57344 piso=2971136
COUNTS id=[ 256, 3553 ] end=30720 piso=1613312
COUNTS id=[ 256, 3554 ] end=12288 piso=1316352
COUNTS id=[ 256, 3555 ] end=49152 piso=6776832
COUNTS id=[ 256, 3556 ] end=49152 piso=5670912
COUNTS id=[ 256, 3557 ] end=49152 piso=5670912
COUNTS id=[ 256, 3558 ] end=49152 piso=6776832
COUNTS id=[ 256, 3559 ] end=8192 piso=5365760
COUNTS id=[ 256, 3560 ] end=8192 piso=6381568
COUNTS id=[ 256, 3561 ] end=115200 piso=2897920
COUNTS id=[ 256, 3562 ] end=115200 piso=2897920
COUNTS id=[ 256, 3563 ] end=107008 piso=2660352
COUNTS id=[ 256, 3564 ] end=16896 piso=1218560
COUNTS id=[ 256, 3565 ] end=16896 piso=1218560
COUNTS id=[ 256, 3566 ] end=8704 piso=1112064
COUNTS id=[ 256, 3567 ] end=8704 piso=1718272
COUNTS id=[ 256, 3568 ] end=8704 piso=1718272
COUNTS id=[ 256, 3569 ] end=8704 piso=1636352
COUNTS id=[ 256, 3570 ] end=8704 piso=1636352
COUNTS id=[ 256, 3571 ] end=61952 piso=1576960
COUNTS id=[ 256, 3572 ] end=45568 piso=1298432
COUNTS id=[ 256, 3573 ] end=8704 piso=1402880
COUNTS id=[ 256, 3574 ] end=25088 piso=1386496
COUNTS id=[ 256, 3575 ] end=41472 piso=2127360
COUNTS id=[ 256, 3576 ] end=14848 piso=775680
COUNTS id=[ 256, 3577 ] end=14848 piso=775680
COUNTS id=[ 256, 3578 ] end=14848 piso=767488
COUNTS id=[ 256, 3579 ] end=41472 piso=2127360
COUNTS id=[ 256, 3580 ] end=14848 piso=775680
COUNTS id=[ 256, 3581 ] end=14848 piso=775680
COUNTS id=[ 256, 3582 ] end=14848 piso=767488
COUNTS id=[ 256, 3583 ] end=41472 piso=2127360
COUNTS id=[ 256, 3584 ] end=14848 piso=775680
COUNTS id=[ 256, 3585 ] end=14848 piso=775680
COUNTS id=[ 256, 3586 ] end=14848 piso=767488
COUNTS id=[ 256, 3587 ] end=41472 piso=2127360
COUNTS id=[ 256, 3588 ] end=14848 piso=775680
COUNTS id=[ 256, 3589 ] end=14848 piso=775680
COUNTS id=[ 256, 3590 ] end=14848 piso=767488
COUNTS id=[ 256, 3591 ] end=37376 piso=1845248
COUNTS id=[ 256, 3592 ] end=10752 piso=464896
COUNTS id=[ 256, 3593 ] end=10752 piso=440320
COUNTS id=[ 256, 3594 ] end=10752 piso=419840
COUNTS id=[ 256, 3595 ] end=37376 piso=1845248
COUNTS id=[ 256, 3596 ] end=10752 piso=464896
COUNTS id=[ 256, 3597 ] end=10752 piso=440320
COUNTS id=[ 256, 3598 ] end=10752 piso=419840
COUNTS id=[ 256, 3599 ] end=45568 piso=1856512
COUNTS id=[ 256, 3600 ] end=45568 piso=1856512
COUNTS id=[ 256, 3601 ] end=10752 piso=414720
COUNTS id=[ 256, 3602 ] end=10752 piso=414720
COUNTS id=[ 256, 3603 ] end=26112 piso=1260544
COUNTS id=[ 256, 3604 ] end=26112 piso=1260544
COUNTS id=[ 256, 3605 ] end=16896 piso=785408
COUNTS id=[ 256, 3606 ] end=16896 piso=785408
PROGRESS checked=100 hits=0 reversed=0 runtime_ms=116825
COUNTS id=[ 256, 3607 ] end=17920 piso=1252352
COUNTS id=[ 256, 3608 ] end=8704 piso=777216
COUNTS id=[ 256, 3609 ] end=26112 piso=1203200
COUNTS id=[ 256, 3610 ] end=26112 piso=1203200
COUNTS id=[ 256, 3611 ] end=16896 piso=728064
COUNTS id=[ 256, 3612 ] end=16896 piso=728064
COUNTS id=[ 256, 3613 ] end=17920 piso=1195008
COUNTS id=[ 256, 3614 ] end=8704 piso=719872
COUNTS id=[ 256, 3615 ] end=13824 piso=376832
COUNTS id=[ 256, 3616 ] end=4608 piso=329728
COUNTS id=[ 256, 3617 ] end=13824 piso=286720
COUNTS id=[ 256, 3618 ] end=4608 piso=239616
COUNTS id=[ 256, 3619 ] end=35328 piso=1855488
COUNTS id=[ 256, 3620 ] end=8704 piso=512000
COUNTS id=[ 256, 3621 ] end=4608 piso=462848
COUNTS id=[ 256, 3622 ] end=35328 piso=1839104
COUNTS id=[ 256, 3623 ] end=8704 piso=495616
COUNTS id=[ 256, 3624 ] end=4608 piso=446464
COUNTS id=[ 256, 3625 ] end=13824 piso=761856
COUNTS id=[ 256, 3626 ] end=13824 piso=761856
COUNTS id=[ 256, 3627 ] end=4608 piso=311296
COUNTS id=[ 256, 3628 ] end=4608 piso=311296
COUNTS id=[ 256, 3629 ] end=13824 piso=761856
COUNTS id=[ 256, 3630 ] end=13824 piso=761856
COUNTS id=[ 256, 3631 ] end=4608 piso=311296
COUNTS id=[ 256, 3632 ] end=4608 piso=311296
COUNTS id=[ 256, 3633 ] end=11776 piso=178176
COUNTS id=[ 256, 3634 ] end=2560 piso=143360
COUNTS id=[ 256, 3635 ] end=11776 piso=178176
COUNTS id=[ 256, 3636 ] end=2560 piso=143360
COUNTS id=[ 256, 3637 ] end=16896 piso=867840
COUNTS id=[ 256, 3638 ] end=16896 piso=867840
COUNTS id=[ 256, 3639 ] end=16896 piso=736768
COUNTS id=[ 256, 3640 ] end=16896 piso=736768
COUNTS id=[ 256, 3641 ] end=8704 piso=728576
COUNTS id=[ 256, 3642 ] end=8704 piso=859648
COUNTS id=[ 256, 3643 ] end=8704 piso=630272
COUNTS id=[ 256, 3644 ] end=8704 piso=630272
COUNTS id=[ 256, 3645 ] end=8704 piso=630272
COUNTS id=[ 256, 3646 ] end=8704 piso=630272
COUNTS id=[ 256, 3647 ] end=14848 piso=734208
COUNTS id=[ 256, 3648 ] end=18944 piso=766976
COUNTS id=[ 256, 3649 ] end=18944 piso=766976
COUNTS id=[ 256, 3650 ] end=11776 piso=316416
COUNTS id=[ 256, 3651 ] end=11776 piso=316416
COUNTS id=[ 256, 3652 ] end=7680 piso=283648
COUNTS id=[ 256, 3653 ] end=14848 piso=290816
COUNTS id=[ 256, 3654 ] end=18944 piso=397312
COUNTS id=[ 256, 3655 ] end=18944 piso=397312
COUNTS id=[ 256, 3656 ] end=11776 piso=350208
COUNTS id=[ 256, 3657 ] end=7680 piso=243712
COUNTS id=[ 256, 3658 ] end=11776 piso=350208
COUNTS id=[ 256, 3659 ] end=111104 piso=2963456
COUNTS id=[ 256, 3660 ] end=78336 piso=2955264
COUNTS id=[ 256, 3661 ] end=242176 piso=3782656
COUNTS id=[ 256, 3662 ] end=72192 piso=2160640
COUNTS id=[ 256, 3663 ] end=39424 piso=1497088
COUNTS id=[ 256, 3664 ] end=72192 piso=1538048
COUNTS id=[ 256, 3665 ] end=111104 piso=2963456
COUNTS id=[ 256, 3666 ] end=143872 piso=3020800
COUNTS id=[ 256, 3667 ] end=39424 piso=1505280
COUNTS id=[ 256, 3668 ] end=39424 piso=1497088
COUNTS id=[ 256, 3669 ] end=39424 piso=1505280
COUNTS id=[ 256, 3670 ] end=39424 piso=1562624
COUNTS id=[ 256, 3671 ] end=242176 piso=3782656
COUNTS id=[ 256, 3672 ] end=39424 piso=1497088
COUNTS id=[ 256, 3673 ] end=72192 piso=2160640
COUNTS id=[ 256, 3674 ] end=72192 piso=1538048
COUNTS id=[ 256, 3675 ] end=4608 piso=218624
COUNTS id=[ 256, 3676 ] end=4608 piso=218624
COUNTS id=[ 256, 3677 ] end=2560 piso=200192
COUNTS id=[ 256, 3678 ] end=45056 piso=36677632
COUNTS id=[ 256, 3679 ] end=118784 piso=36751360
COUNTS id=[ 256, 3680 ] end=3145728 piso=38404096
CLOSEST id=[ 256, 3680 ] end=3145728 piso=38404096 ratio=293/24
COUNTS id=[ 256, 3681 ] end=2621440 piso=38404096
COUNTS id=[ 256, 3682 ] end=1048576 piso=12353536
CLOSEST id=[ 256, 3682 ] end=1048576 piso=12353536 ratio=377/32
COUNTS id=[ 256, 3683 ] end=1835008 piso=14442496
CLOSEST id=[ 256, 3683 ] end=1835008 piso=14442496 ratio=1763/224
COUNTS id=[ 256, 3684 ] end=1114112 piso=12214272
COUNTS id=[ 256, 3685 ] end=1703936 piso=7766016
CLOSEST id=[ 256, 3685 ] end=1703936 piso=7766016 ratio=237/52
COUNTS id=[ 256, 3686 ] end=655360 piso=4194304
COUNTS id=[ 256, 3687 ] end=327680 piso=2166784
COUNTS id=[ 256, 3688 ] end=2883584 piso=42508288
COUNTS id=[ 256, 3689 ] end=1638400 piso=13017088
COUNTS id=[ 256, 3690 ] end=1835008 piso=22839296
COUNTS id=[ 256, 3691 ] end=1703936 piso=22839296
COUNTS id=[ 256, 3692 ] end=524288 piso=4063232
COUNTS id=[ 256, 3693 ] end=393216 piso=4063232
COUNTS id=[ 256, 3694 ] end=458752 piso=3661824
COUNTS id=[ 256, 3695 ] end=458752 piso=3661824
COUNTS id=[ 256, 3696 ] end=2359296 piso=123936768
COUNTS id=[ 256, 3697 ] end=1048576 piso=9052160
COUNTS id=[ 256, 3698 ] end=983040 piso=4169728
CLOSEST id=[ 256, 3698 ] end=983040 piso=4169728 ratio=509/120
COUNTS id=[ 256, 3699 ] end=294912 piso=2043904
COUNTS id=[ 256, 3700 ] end=1048576 piso=540540928
COUNTS id=[ 256, 3701 ] end=524288 piso=90177536
COUNTS id=[ 256, 3702 ] end=786432 piso=155721728
COUNTS id=[ 256, 3703 ] end=524288 piso=89661440
COUNTS id=[ 256, 3704 ] end=688128 piso=90578944
COUNTS id=[ 256, 3705 ] end=655360 piso=79069184
COUNTS id=[ 256, 3706 ] end=393216 piso=80347136
PROGRESS checked=200 hits=0 reversed=0 runtime_ms=263908
COUNTS id=[ 256, 3707 ] end=851968 piso=541040640
COUNTS id=[ 256, 3708 ] end=655360 piso=90546176
COUNTS id=[ 256, 3709 ] end=917504 piso=161251328
COUNTS id=[ 256, 3710 ] end=786432 piso=102531072
COUNTS id=[ 256, 3711 ] end=393216 piso=136708096
COUNTS id=[ 256, 3712 ] end=262144 piso=80084992
COUNTS id=[ 256, 3713 ] end=1835008 piso=69034442752
COUNTS id=[ 256, 3714 ] end=1048576 piso=119537664
COUNTS id=[ 256, 3715 ] end=786432 piso=404094976
COUNTS id=[ 256, 3716 ] end=524288 piso=87949312
COUNTS id=[ 256, 3717 ] end=393216 piso=78553088
COUNTS id=[ 256, 3718 ] end=983040 piso=439885824
COUNTS id=[ 256, 3719 ] end=720896 piso=102768640
COUNTS id=[ 256, 3720 ] end=655360 piso=89849856
COUNTS id=[ 256, 3721 ] end=720896 piso=105095168
COUNTS id=[ 256, 3722 ] end=229376 piso=79724544
COUNTS id=[ 256, 3723 ] end=1769472 piso=69034377216
COUNTS id=[ 256, 3724 ] end=983040 piso=119472128
COUNTS id=[ 256, 3725 ] end=393216 piso=78553088
COUNTS id=[ 256, 3726 ] end=458752 piso=87687168
COUNTS id=[ 256, 3727 ] end=491520 piso=88449024
COUNTS id=[ 256, 3728 ] end=688128 piso=146423808
COUNTS id=[ 256, 3729 ] end=360448 piso=22855680
COUNTS id=[ 256, 3730 ] end=344064 piso=6496256
COUNTS id=[ 256, 3731 ] end=376832 piso=6868992
COUNTS id=[ 256, 3732 ] end=98304 piso=6098944
COUNTS id=[ 256, 3733 ] end=1196032 piso=226910208
COUNTS id=[ 256, 3734 ] end=278528 piso=6782976
COUNTS id=[ 256, 3735 ] end=311296 piso=5820416
COUNTS id=[ 256, 3736 ] end=163840 piso=5189632
COUNTS id=[ 256, 3737 ] end=753664 piso=155959296
COUNTS id=[ 256, 3738 ] end=425984 piso=25706496
COUNTS id=[ 256, 3739 ] end=344064 piso=6938624
COUNTS id=[ 256, 3740 ] end=376832 piso=6983680
COUNTS id=[ 256, 3741 ] end=98304 piso=5918720
COUNTS id=[ 256, 3742 ] end=868352 piso=163684352
COUNTS id=[ 256, 3743 ] end=278528 piso=6422528
COUNTS id=[ 256, 3744 ] end=311296 piso=5787648
COUNTS id=[ 256, 3745 ] end=163840 piso=5287936
COUNTS id=[ 256, 3746 ] end=409600 piso=13484032
COUNTS id=[ 256, 3747 ] end=245760 piso=6393856
COUNTS id=[ 256, 3748 ] end=114688 piso=6819840
COUNTS id=[ 256, 3749 ] end=1114112 piso=322076672
COUNTS id=[ 256, 3750 ] end=655360 piso=278888448
COUNTS id=[ 256, 3751 ] end=393216 piso=32473088
COUNTS id=[ 256, 3752 ] end=163840 piso=6025216
COUNTS id=[ 256, 3753 ] end=409600 piso=11141120
COUNTS id=[ 256, 3754 ] end=245760 piso=5459968
COUNTS id=[ 256, 3755 ] end=114688 piso=6279168
COUNTS id=[ 256, 3756 ] end=753664 piso=162775040
COUNTS id=[ 256, 3757 ] end=524288 piso=144490496
COUNTS id=[ 256, 3758 ] end=262144 piso=22069248
COUNTS id=[ 256, 3759 ] end=163840 piso=5271552
COUNTS id=[ 256, 3760 ] end=401408 piso=13391872
COUNTS id=[ 256, 3761 ] end=163840 piso=6000640
COUNTS id=[ 256, 3762 ] end=196608 piso=8859648
COUNTS id=[ 256, 3763 ] end=409600 piso=11141120
COUNTS id=[ 256, 3764 ] end=557056 piso=144932864
COUNTS id=[ 256, 3765 ] end=294912 piso=22708224
COUNTS id=[ 256, 3766 ] end=155648 piso=5165056
COUNTS id=[ 256, 3767 ] end=368640 piso=6860800
COUNTS id=[ 256, 3768 ] end=172032 piso=6551552
COUNTS id=[ 256, 3769 ] end=532480 piso=17113088
COUNTS id=[ 256, 3770 ] end=155648 piso=5146624
COUNTS id=[ 256, 3771 ] end=368640 piso=6805504
COUNTS id=[ 256, 3772 ] end=172032 piso=6211584
COUNTS id=[ 256, 3773 ] end=540672 piso=144893952
COUNTS id=[ 256, 3774 ] end=278528 piso=22669312
COUNTS id=[ 256, 3775 ] end=155648 piso=5167104
COUNTS id=[ 256, 3776 ] end=786432 piso=298672128
COUNTS id=[ 256, 3777 ] end=524288 piso=39673856
COUNTS id=[ 256, 3778 ] end=557056 piso=23928832
COUNTS id=[ 256, 3779 ] end=172032 piso=7880704
COUNTS id=[ 256, 3780 ] end=368640 piso=6776832
COUNTS id=[ 256, 3781 ] end=163840 piso=5287936
COUNTS id=[ 256, 3782 ] end=163840 piso=5296128
COUNTS id=[ 256, 3783 ] end=393216 piso=36601856
COUNTS id=[ 256, 3784 ] end=327680 piso=11730944
COUNTS id=[ 256, 3785 ] end=294912 piso=10477568
COUNTS id=[ 256, 3786 ] end=196608 piso=10477568
COUNTS id=[ 256, 3787 ] end=131072 piso=1544192
COUNTS id=[ 256, 3788 ] end=131072 piso=1544192
COUNTS id=[ 256, 3789 ] end=425984 piso=110534656
COUNTS id=[ 256, 3790 ] end=229376 piso=8593408
COUNTS id=[ 256, 3791 ] end=131072 piso=1454080
COUNTS id=[ 256, 3792 ] end=131072 piso=1445888
COUNTS id=[ 256, 3793 ] end=147456 piso=2433024
COUNTS id=[ 256, 3794 ] end=294912 piso=15564800
COUNTS id=[ 256, 3795 ] end=294912 piso=15564800
COUNTS id=[ 256, 3796 ] end=311296 piso=10993664
COUNTS id=[ 256, 3797 ] end=139264 piso=2662400
COUNTS id=[ 256, 3798 ] end=122880 piso=1419264
COUNTS id=[ 256, 3799 ] end=196608 piso=2002944
COUNTS id=[ 256, 3800 ] end=65536 piso=1732608
COUNTS id=[ 256, 3801 ] end=147456 piso=2433024
COUNTS id=[ 256, 3802 ] end=212992 piso=2150400
COUNTS id=[ 256, 3803 ] end=81920 piso=1724416
COUNTS id=[ 256, 3804 ] end=278528 piso=4481024
COUNTS id=[ 256, 3805 ] end=131072 piso=1445888
COUNTS id=[ 256, 3806 ] end=163840 piso=3137536
PROGRESS checked=300 hits=0 reversed=0 runtime_ms=551424
COUNTS id=[ 256, 3807 ] end=163840 piso=3137536
COUNTS id=[ 256, 3808 ] end=262144 piso=13303808
COUNTS id=[ 256, 3809 ] end=262144 piso=13303808
COUNTS id=[ 256, 3810 ] end=131072 piso=3309568
COUNTS id=[ 256, 3811 ] end=131072 piso=3309568
COUNTS id=[ 256, 3812 ] end=278528 piso=4481024
COUNTS id=[ 256, 3813 ] end=147456 piso=2433024
COUNTS id=[ 256, 3814 ] end=139264 piso=2414592
COUNTS id=[ 256, 3815 ] end=131072 piso=3338240
COUNTS id=[ 256, 3816 ] end=131072 piso=1429504
COUNTS id=[ 256, 3817 ] end=327680 piso=54140928
COUNTS id=[ 256, 3818 ] end=180224 piso=2613248
COUNTS id=[ 256, 3819 ] end=122880 piso=1454080
COUNTS id=[ 256, 3820 ] end=786432 piso=37224448
COUNTS id=[ 256, 3821 ] end=393216 piso=12353536
COUNTS id=[ 256, 3822 ] end=655360 piso=11018240
COUNTS id=[ 256, 3823 ] end=393216 piso=11018240
COUNTS id=[ 256, 3824 ] end=491520 piso=5242880
COUNTS id=[ 256, 3825 ] end=589824 piso=4620288
COUNTS id=[ 256, 3826 ] end=327680 piso=3538944
COUNTS id=[ 256, 3827 ] end=589824 piso=36413440
COUNTS id=[ 256, 3828 ] end=524288 piso=10854400
COUNTS id=[ 256, 3829 ] end=1376256 piso=35258368
COUNTS id=[ 256, 3830 ] end=851968 piso=15466496
COUNTS id=[ 256, 3831 ] end=851968 piso=20742144
COUNTS id=[ 256, 3832 ] end=327680 piso=3801088
COUNTS id=[ 256, 3833 ] end=196608 piso=3801088
COUNTS id=[ 256, 3834 ] end=983040 piso=112402432
COUNTS id=[ 256, 3835 ] end=458752 piso=9052160
COUNTS id=[ 256, 3836 ] end=327680 piso=2924544
COUNTS id=[ 256, 3837 ] end=917504 piso=23076864
COUNTS id=[ 256, 3838 ] end=655360 piso=16326656
COUNTS id=[ 256, 3839 ] end=589824 piso=10289152
COUNTS id=[ 256, 3840 ] end=524288 piso=11796480
COUNTS id=[ 256, 3841 ] end=163840 piso=3309568
COUNTS id=[ 256, 3842 ] end=950272 piso=112369664
COUNTS id=[ 256, 3843 ] end=327680 piso=2924544
COUNTS id=[ 256, 3844 ] end=262144 piso=4169728
COUNTS id=[ 256, 3845 ] end=655360 piso=11075584
COUNTS id=[ 256, 3846 ] end=393216 piso=6127616
COUNTS id=[ 256, 3847 ] end=163840 piso=3342336
COUNTS id=[ 256, 3848 ] end=163840 piso=3342336
COUNTS id=[ 256, 3849 ] end=851968 piso=15171584
COUNTS id=[ 256, 3850 ] end=851968 piso=15171584
COUNTS id=[ 256, 3851 ] end=655360 piso=14057472
COUNTS id=[ 256, 3852 ] end=196608 piso=3571712
COUNTS id=[ 256, 3853 ] end=131072 piso=3571712
COUNTS id=[ 256, 3854 ] end=212992 piso=2576384
COUNTS id=[ 256, 3855 ] end=81920 piso=2117632
COUNTS id=[ 256, 3856 ] end=131072 piso=1650688
COUNTS id=[ 256, 3857 ] end=212992 piso=3919872
COUNTS id=[ 256, 3858 ] end=212992 piso=3919872
COUNTS id=[ 256, 3859 ] end=196608 piso=2543616
COUNTS id=[ 256, 3860 ] end=131072 piso=1634304
COUNTS id=[ 256, 3861 ] end=65536 piso=1978368
COUNTS id=[ 256, 3862 ] end=360448 piso=10944512
COUNTS id=[ 256, 3863 ] end=294912 piso=10944512
COUNTS id=[ 256, 3864 ] end=311296 piso=10502144
COUNTS id=[ 256, 3865 ] end=212992 piso=10502144
COUNTS id=[ 256, 3866 ] end=393216 piso=36175872
COUNTS id=[ 256, 3867 ] end=294912 piso=10616832
COUNTS id=[ 256, 3868 ] end=311296 piso=15409152
COUNTS id=[ 256, 3869 ] end=311296 piso=15409152
COUNTS id=[ 256, 3870 ] end=131072 piso=3153920
COUNTS id=[ 256, 3871 ] end=131072 piso=3153920
COUNTS id=[ 256, 3872 ] end=393216 piso=17915904
COUNTS id=[ 256, 3873 ] end=393216 piso=17915904
COUNTS id=[ 256, 3874 ] end=278528 piso=9232384
COUNTS id=[ 256, 3875 ] end=122880 piso=2711552
COUNTS id=[ 256, 3876 ] end=270336 piso=3784704
COUNTS id=[ 256, 3877 ] end=204800 piso=3006464
COUNTS id=[ 256, 3878 ] end=98304 piso=1484800
COUNTS id=[ 256, 3879 ] end=360448 piso=12541952
COUNTS id=[ 256, 3880 ] end=294912 piso=7430144
COUNTS id=[ 256, 3881 ] end=212992 piso=3448832
COUNTS id=[ 256, 3882 ] end=122880 piso=2480128
COUNTS id=[ 256, 3883 ] end=221184 piso=4519936
COUNTS id=[ 256, 3884 ] end=131072 piso=3346432
COUNTS id=[ 256, 3885 ] end=122880 piso=2463744
COUNTS id=[ 256, 3886 ] end=49152 piso=1626112
COUNTS id=[ 256, 3887 ] end=270336 piso=6946816
COUNTS id=[ 256, 3888 ] end=98304 piso=1476608
COUNTS id=[ 256, 3889 ] end=122880 piso=2422784
COUNTS id=[ 256, 3890 ] end=49152 piso=1634304
COUNTS id=[ 256, 3891 ] end=229376 piso=3287040
COUNTS id=[ 256, 3892 ] end=114688 piso=2041856
COUNTS id=[ 256, 3893 ] end=98304 piso=1458176
COUNTS id=[ 256, 3894 ] end=49152 piso=1679360
COUNTS id=[ 256, 3895 ] end=360448 piso=15900672
COUNTS id=[ 256, 3896 ] end=360448 piso=15900672
COUNTS id=[ 256, 3897 ] end=122880 piso=2768896
COUNTS id=[ 256, 3898 ] end=122880 piso=2760704
COUNTS id=[ 256, 3899 ] end=90112 piso=2826240
COUNTS id=[ 256, 3900 ] end=458752 piso=110411776
COUNTS id=[ 256, 3901 ] end=212992 piso=6930432
COUNTS id=[ 256, 3902 ] end=98304 piso=1478656
COUNTS id=[ 256, 3903 ] end=360448 piso=54263808
COUNTS id=[ 256, 3904 ] end=155648 piso=2441216
COUNTS id=[ 256, 3905 ] end=98304 piso=1519616
COUNTS id=[ 256, 3906 ] end=442368 piso=110182400
PROGRESS checked=400 hits=0 reversed=0 runtime_ms=799555
COUNTS id=[ 256, 3907 ] end=180224 piso=2670592
COUNTS id=[ 256, 3908 ] end=98304 piso=1511424
COUNTS id=[ 256, 3909 ] end=524288 piso=82903040
COUNTS id=[ 256, 3910 ] end=393216 piso=82903040
COUNTS id=[ 256, 3911 ] end=491520 piso=38567936
COUNTS id=[ 256, 3912 ] end=360448 piso=13402112
COUNTS id=[ 256, 3913 ] end=524288 piso=145850368
COUNTS id=[ 256, 3914 ] end=294912 piso=25100288
COUNTS id=[ 256, 3915 ] end=458752 piso=145850368
COUNTS id=[ 256, 3916 ] end=229376 piso=25100288
COUNTS id=[ 256, 3917 ] end=172032 piso=5259264
COUNTS id=[ 256, 3918 ] end=172032 piso=5259264
COUNTS id=[ 256, 3919 ] end=507904 piso=148471808
COUNTS id=[ 256, 3920 ] end=278528 piso=27426816
COUNTS id=[ 256, 3921 ] end=360448 piso=12017664
COUNTS id=[ 256, 3922 ] end=163840 piso=4816896
COUNTS id=[ 256, 3923 ] end=1048576 piso=68786495488
COUNTS id=[ 256, 3924 ] end=622592 piso=115056640
COUNTS id=[ 256, 3925 ] end=245760 piso=69386240
COUNTS id=[ 256, 3926 ] end=581632 piso=152272896
COUNTS id=[ 256, 3927 ] end=303104 piso=136814592
COUNTS id=[ 256, 3928 ] end=122880 piso=14884864
COUNTS id=[ 256, 3929 ] end=139264 piso=3231744
COUNTS id=[ 256, 3930 ] end=106496 piso=15306752
COUNTS id=[ 256, 3931 ] end=188416 piso=136351744
COUNTS id=[ 256, 3932 ] end=188416 piso=3682304
COUNTS id=[ 256, 3933 ] end=262144 piso=6387712
COUNTS id=[ 256, 3934 ] end=163840 piso=4577280
COUNTS id=[ 256, 3935 ] end=172032 piso=14958592
COUNTS id=[ 256, 3936 ] end=352256 piso=136888320
COUNTS id=[ 256, 3937 ] end=294912 piso=5586944
COUNTS id=[ 256, 3938 ] end=139264 piso=3188736
COUNTS id=[ 256, 3939 ] end=188416 piso=3579904
COUNTS id=[ 256, 3940 ] end=106496 piso=14288896
COUNTS id=[ 256, 3941 ] end=188416 piso=135792640
COUNTS id=[ 256, 3942 ] end=237568 piso=5244928
COUNTS id=[ 256, 3943 ] end=139264 piso=3219456
COUNTS id=[ 256, 3944 ] end=139264 piso=3180544
COUNTS id=[ 256, 3945 ] end=245760 piso=18964480
COUNTS id=[ 256, 3946 ] end=475136 piso=141385728
COUNTS id=[ 256, 3947 ] end=294912 piso=5316608
COUNTS id=[ 256, 3948 ] end=688128 piso=208715776
COUNTS id=[ 256, 3949 ] end=139264 piso=3231744
COUNTS id=[ 256, 3950 ] end=442368 piso=140238848
COUNTS id=[ 256, 3951 ] end=212992 piso=17850368
COUNTS id=[ 256, 3952 ] end=589824 piso=283672576
COUNTS id=[ 256, 3953 ] end=1474560 piso=70955630592
COUNTS id=[ 256, 3954 ] end=491520 piso=213057536
COUNTS id=[ 256, 3955 ] end=655360 piso=369491968
COUNTS id=[ 256, 3956 ] end=262144 piso=95813632
COUNTS id=[ 256, 3957 ] end=655360 piso=382803968
COUNTS id=[ 256, 3958 ] end=262144 piso=111222784
COUNTS id=[ 256, 3959 ] end=393216 piso=92528640
COUNTS id=[ 256, 3960 ] end=753664 piso=325787648
COUNTS id=[ 256, 3961 ] end=557056 piso=153313280
COUNTS id=[ 256, 3962 ] end=163840 piso=19423232
COUNTS id=[ 256, 3963 ] end=1032192 piso=701317120
COUNTS id=[ 256, 3964 ] end=376832 piso=159694848
COUNTS id=[ 256, 3965 ] end=507904 piso=161169408
COUNTS id=[ 256, 3966 ] end=114688 piso=70172672
COUNTS id=[ 256, 3967 ] end=327680 piso=12140544
COUNTS id=[ 256, 3968 ] end=786432 piso=397869056
COUNTS id=[ 256, 3969 ] end=1343488 piso=703430656
COUNTS id=[ 256, 3970 ] end=425984 piso=159875072
COUNTS id=[ 256, 3971 ] end=557056 piso=72187904
COUNTS id=[ 256, 3972 ] end=573440 piso=153026560
COUNTS id=[ 256, 3973 ] end=180224 piso=19333120
COUNTS id=[ 256, 3974 ] end=327680 piso=12124160
COUNTS id=[ 256, 3975 ] end=573440 piso=153059328
COUNTS id=[ 256, 3976 ] end=180224 piso=19365888
COUNTS id=[ 256, 3977 ] end=704512 piso=153927680
COUNTS id=[ 256, 3978 ] end=180224 piso=19480576
COUNTS id=[ 256, 3979 ] end=1458176 piso=70958292992
COUNTS id=[ 256, 3980 ] end=540672 piso=214343680
COUNTS id=[ 256, 3981 ] end=311296 piso=79912960
COUNTS id=[ 256, 3982 ] end=368640 piso=80523264
COUNTS id=[ 256, 3983 ] end=835584 piso=382976000
COUNTS id=[ 256, 3984 ] end=311296 piso=8867840
COUNTS id=[ 256, 3985 ] end=688128 piso=158384128
COUNTS id=[ 256, 3986 ] end=163840 piso=23216128
COUNTS id=[ 256, 3987 ] end=319488 piso=8957952
COUNTS id=[ 256, 3988 ] end=319488 piso=8839168
COUNTS id=[ 256, 3989 ] end=327680 piso=9113600
COUNTS id=[ 256, 3990 ] end=327680 piso=17268736
COUNTS id=[ 256, 3991 ] end=319488 piso=8972288
COUNTS id=[ 256, 3992 ] end=557056 piso=153040896
COUNTS id=[ 256, 3993 ] end=163840 piso=19347456
COUNTS id=[ 256, 3994 ] end=573440 piso=153026560
COUNTS id=[ 256, 3995 ] end=180224 piso=19333120
COUNTS id=[ 256, 3996 ] end=1097728 piso=707223552
COUNTS id=[ 256, 3997 ] end=376832 piso=164519936
COUNTS id=[ 256, 3998 ] end=311296 piso=80175104
COUNTS id=[ 256, 3999 ] end=376832 piso=19980288
COUNTS id=[ 256, 4000 ] end=376832 piso=147998720
COUNTS id=[ 256, 4001 ] end=114688 piso=18925568
COUNTS id=[ 256, 4002 ] end=229376 piso=147138560
COUNTS id=[ 256, 4003 ] end=98304 piso=18425856
COUNTS id=[ 256, 4004 ] end=425984 piso=153083904
COUNTS id=[ 256, 4005 ] end=163840 piso=23060480
COUNTS id=[ 256, 4006 ] end=139264 piso=8062976
PROGRESS checked=500 hits=0 reversed=0 runtime_ms=1115857
COUNTS id=[ 256, 4007 ] end=204800 piso=10287104
COUNTS id=[ 256, 4008 ] end=229376 piso=148361216
COUNTS id=[ 256, 4009 ] end=98304 piso=20107264
COUNTS id=[ 256, 4010 ] end=704512 piso=559005696
COUNTS id=[ 256, 4011 ] end=376832 piso=163954688
COUNTS id=[ 256, 4012 ] end=180224 piso=75743232
COUNTS id=[ 256, 4013 ] end=147456 piso=10985472
COUNTS id=[ 256, 4014 ] end=163840 piso=9252864
COUNTS id=[ 256, 4015 ] end=360448 piso=545968128
COUNTS id=[ 256, 4016 ] end=196608 piso=155734016
COUNTS id=[ 256, 4017 ] end=98304 piso=66899968
COUNTS id=[ 256, 4018 ] end=376832 piso=148051968
COUNTS id=[ 256, 4019 ] end=114688 piso=18978816
COUNTS id=[ 256, 4020 ] end=139264 piso=7991296
COUNTS id=[ 256, 4021 ] end=155648 piso=8368128
COUNTS id=[ 256, 4022 ] end=229376 piso=147183616
COUNTS id=[ 256, 4023 ] end=98304 piso=18470912
COUNTS id=[ 256, 4024 ] end=204800 piso=9869312
COUNTS id=[ 256, 4025 ] end=139264 piso=7923712
COUNTS id=[ 256, 4026 ] end=163840 piso=8634368
COUNTS id=[ 256, 4027 ] end=147456 piso=9940992
COUNTS id=[ 256, 4028 ] end=147456 piso=8232960
COUNTS id=[ 256, 4029 ] end=262144 piso=10883072
COUNTS id=[ 256, 4030 ] end=196608 piso=82624512
COUNTS id=[ 256, 4031 ] end=344064 piso=207667200
COUNTS id=[ 256, 4032 ] end=294912 piso=140238848
COUNTS id=[ 256, 4033 ] end=163840 piso=17850368
COUNTS id=[ 256, 4034 ] end=286720 piso=151814144
COUNTS id=[ 256, 4035 ] end=204800 piso=136814592
COUNTS id=[ 256, 4036 ] end=90112 piso=14884864
COUNTS id=[ 256, 4037 ] end=393216 piso=151838720
COUNTS id=[ 256, 4038 ] end=262144 piso=30498816
COUNTS id=[ 256, 4039 ] end=294912 piso=145842176
COUNTS id=[ 256, 4040 ] end=163840 piso=25092096
COUNTS id=[ 256, 4041 ] end=147456 piso=12017664
COUNTS id=[ 256, 4042 ] end=262144 piso=140795904
COUNTS id=[ 256, 4043 ] end=131072 piso=18374656
COUNTS id=[ 256, 4044 ] end=131072 piso=5316608
COUNTS id=[ 256, 4045 ] end=131072 piso=4982784
COUNTS id=[ 256, 4046 ] end=155648 piso=135792640
COUNTS id=[ 256, 4047 ] end=73728 piso=14288896
COUNTS id=[ 256, 4048 ] end=122880 piso=5240832
COUNTS id=[ 256, 4049 ] end=163840 piso=136351744
COUNTS id=[ 256, 4050 ] end=81920 piso=15306752
COUNTS id=[ 256, 4051 ] end=245760 piso=140746752
COUNTS id=[ 256, 4052 ] end=114688 piso=18325504
COUNTS id=[ 256, 4053 ] end=90112 piso=3180544
COUNTS id=[ 256, 4054 ] end=262144 piso=147275776
COUNTS id=[ 256, 4055 ] end=131072 piso=26230784
COUNTS id=[ 256, 4056 ] end=90112 piso=4816896
COUNTS id=[ 256, 4057 ] end=524288 piso=68785971200
COUNTS id=[ 256, 4058 ] end=229376 piso=114532352
COUNTS id=[ 256, 4059 ] end=114688 piso=69386240
COUNTS id=[ 256, 4060 ] end=163840 piso=5390336
COUNTS id=[ 256, 4061 ] end=221184 piso=136888320
COUNTS id=[ 256, 4062 ] end=106496 piso=14958592
COUNTS id=[ 256, 4063 ] end=163840 piso=12394496
COUNTS id=[ 256, 4064 ] end=294912 piso=145555456
COUNTS id=[ 256, 4065 ] end=163840 piso=24805376
COUNTS id=[ 256, 4066 ] end=188416 piso=14442496
COUNTS id=[ 256, 4067 ] end=155648 piso=9461760
COUNTS id=[ 256, 4068 ] end=90112 piso=4593664
COUNTS id=[ 256, 4069 ] end=122880 piso=5367808
COUNTS id=[ 256, 4070 ] end=90112 piso=4575232
COUNTS id=[ 256, 4071 ] end=139264 piso=5500928
COUNTS id=[ 256, 4072 ] end=90112 piso=3235840
COUNTS id=[ 256, 4073 ] end=122880 piso=5269504
COUNTS id=[ 256, 4074 ] end=90112 piso=3176448
COUNTS id=[ 256, 4075 ] end=319488 piso=208715776
COUNTS id=[ 256, 4076 ] end=90112 piso=3346432
COUNTS id=[ 256, 4077 ] end=262144 piso=151257088
COUNTS id=[ 256, 4078 ] end=90112 piso=3346432
COUNTS id=[ 256, 4079 ] end=122880 piso=5269504
COUNTS id=[ 256, 4080 ] end=106496 piso=3743744
COUNTS id=[ 256, 4081 ] end=131072 piso=5003264
COUNTS id=[ 256, 4082 ] end=106496 piso=3649536
COUNTS id=[ 256, 4083 ] end=262144 piso=95182848
COUNTS id=[ 256, 4084 ] end=262144 piso=95182848
COUNTS id=[ 256, 4085 ] end=98304 piso=69746688
COUNTS id=[ 256, 4086 ] end=114688 piso=3944448
COUNTS id=[ 256, 4087 ] end=81920 piso=3723264
COUNTS id=[ 256, 4088 ] end=147456 piso=70823936
COUNTS id=[ 256, 4089 ] end=81920 piso=69652480
COUNTS id=[ 256, 4090 ] end=114688 piso=3801088
COUNTS id=[ 256, 4091 ] end=81920 piso=3678208
COUNTS id=[ 256, 4092 ] end=98304 piso=3289088
COUNTS id=[ 256, 4093 ] end=114688 piso=6139904
COUNTS id=[ 256, 4094 ] end=131072 piso=6557696
COUNTS id=[ 256, 4095 ] end=131072 piso=6557696
COUNTS id=[ 256, 4096 ] end=98304 piso=3280896
COUNTS id=[ 256, 4097 ] end=98304 piso=3260416
COUNTS id=[ 256, 4098 ] end=98304 piso=3252224
COUNTS id=[ 256, 4099 ] end=98304 piso=3334144
COUNTS id=[ 256, 4100 ] end=98304 piso=3260416
COUNTS id=[ 256, 4101 ] end=147456 piso=9027584
COUNTS id=[ 256, 4102 ] end=90112 piso=4536320
COUNTS id=[ 256, 4103 ] end=106496 piso=3645440
COUNTS id=[ 256, 4104 ] end=90112 piso=3135488
COUNTS id=[ 256, 4105 ] end=139264 piso=4782080
COUNTS id=[ 256, 4106 ] end=90112 piso=3205120
PROGRESS checked=600 hits=0 reversed=0 runtime_ms=1396565
COUNTS id=[ 256, 4107 ] end=106496 piso=3631104
COUNTS id=[ 256, 4108 ] end=98304 piso=4159488
COUNTS id=[ 256, 4109 ] end=262144 piso=145768448
COUNTS id=[ 256, 4110 ] end=131072 piso=25018368
COUNTS id=[ 256, 4111 ] end=262144 piso=145768448
COUNTS id=[ 256, 4112 ] end=131072 piso=25018368
COUNTS id=[ 256, 4113 ] end=90112 piso=4866048
COUNTS id=[ 256, 4114 ] end=106496 piso=3723264
COUNTS id=[ 256, 4115 ] end=163840 piso=136384512
COUNTS id=[ 256, 4116 ] end=81920 piso=15339520
COUNTS id=[ 256, 4117 ] end=204800 piso=136837120
COUNTS id=[ 256, 4118 ] end=90112 piso=14907392
COUNTS id=[ 256, 4119 ] end=90112 piso=3149824
COUNTS id=[ 256, 4120 ] end=106496 piso=3577856
COUNTS id=[ 256, 4121 ] end=155648 piso=135761920
COUNTS id=[ 256, 4122 ] end=73728 piso=14258176
COUNTS id=[ 256, 4123 ] end=262144 piso=142278656
COUNTS id=[ 256, 4124 ] end=98304 piso=18481152
COUNTS id=[ 256, 4125 ] end=73728 piso=3600384
COUNTS id=[ 256, 4126 ] end=106496 piso=3776512
COUNTS id=[ 256, 4127 ] end=139264 piso=137515008
COUNTS id=[ 256, 4128 ] end=57344 piso=15880192
COUNTS id=[ 256, 4129 ] end=90112 piso=3215360
COUNTS id=[ 256, 4130 ] end=155648 piso=135755776
COUNTS id=[ 256, 4131 ] end=73728 piso=14252032
COUNTS id=[ 256, 4132 ] end=163840 piso=136351744
COUNTS id=[ 256, 4133 ] end=81920 piso=15306752
COUNTS id=[ 256, 4134 ] end=90112 piso=4519936
COUNTS id=[ 256, 4135 ] end=196608 piso=82550784
COUNTS id=[ 256, 4136 ] end=131072 piso=5267456
COUNTS id=[ 256, 4137 ] end=131072 piso=5267456
COUNTS id=[ 256, 4138 ] end=90112 piso=3110912
COUNTS id=[ 256, 4139 ] end=90112 piso=4468736
COUNTS id=[ 256, 4140 ] end=90112 piso=4110336
COUNTS id=[ 256, 4141 ] end=90112 piso=3084288
COUNTS id=[ 256, 4142 ] end=131072 piso=4857856
COUNTS id=[ 256, 4143 ] end=212992 piso=138952704
COUNTS id=[ 256, 4144 ] end=114688 piso=15876096
COUNTS id=[ 256, 4145 ] end=147456 piso=135712768
COUNTS id=[ 256, 4146 ] end=49152 piso=14209024
COUNTS id=[ 256, 4147 ] end=90112 piso=3160064
COUNTS id=[ 256, 4148 ] end=131072 piso=5300224
COUNTS id=[ 256, 4149 ] end=229376 piso=142262272
COUNTS id=[ 256, 4150 ] end=98304 piso=18464768
COUNTS id=[ 256, 4151 ] end=147456 piso=136286208
COUNTS id=[ 256, 4152 ] end=49152 piso=15241216
COUNTS id=[ 256, 4153 ] end=90112 piso=4470784
COUNTS id=[ 256, 4154 ] end=278528 piso=151642112
COUNTS id=[ 256, 4155 ] end=212992 piso=136822784
COUNTS id=[ 256, 4156 ] end=114688 piso=14893056
COUNTS id=[ 256, 4157 ] end=278528 piso=151642112
COUNTS id=[ 256, 4158 ] end=212992 piso=136822784
COUNTS id=[ 256, 4159 ] end=114688 piso=14893056
COUNTS id=[ 256, 4160 ] end=294912 piso=152928256
COUNTS id=[ 256, 4161 ] end=114688 piso=4358144
COUNTS id=[ 256, 4162 ] end=311296 piso=208879616
COUNTS id=[ 256, 4163 ] end=114688 piso=4718592
COUNTS id=[ 256, 4164 ] end=106496 piso=3678208
COUNTS id=[ 256, 4165 ] end=90112 piso=3110912
COUNTS id=[ 256, 4166 ] end=106496 piso=3594240
COUNTS id=[ 256, 4167 ] end=90112 piso=3104768
COUNTS id=[ 256, 4168 ] end=106496 piso=3514368
COUNTS id=[ 256, 4169 ] end=147456 piso=135712768
COUNTS id=[ 256, 4170 ] end=49152 piso=14209024
COUNTS id=[ 256, 4171 ] end=180224 piso=136767488
COUNTS id=[ 256, 4172 ] end=81920 piso=14837760
COUNTS id=[ 256, 4173 ] end=90112 piso=4147200
COUNTS id=[ 256, 4174 ] end=106496 piso=3516416
COUNTS id=[ 256, 4175 ] end=147456 piso=135706624
COUNTS id=[ 256, 4176 ] end=49152 piso=14202880
COUNTS id=[ 256, 4177 ] end=196608 piso=145301504
COUNTS id=[ 256, 4178 ] end=65536 piso=24551424
COUNTS id=[ 256, 4179 ] end=90112 piso=4767744
COUNTS id=[ 256, 4180 ] end=90112 piso=6033408
COUNTS id=[ 256, 4181 ] end=122880 piso=5175296
COUNTS id=[ 256, 4182 ] end=90112 piso=3180544
COUNTS id=[ 256, 4183 ] end=122880 piso=8962048
COUNTS id=[ 256, 4184 ] end=524288 piso=68785864704
COUNTS id=[ 256, 4185 ] end=327680 piso=114130944
COUNTS id=[ 256, 4186 ] end=131072 piso=79273984
COUNTS id=[ 256, 4187 ] end=163840 piso=94830592
COUNTS id=[ 256, 4188 ] end=163840 piso=94830592
COUNTS id=[ 256, 4189 ] end=147456 piso=81707008
COUNTS id=[ 256, 4190 ] end=114688 piso=10665984
COUNTS id=[ 256, 4191 ] end=229376 piso=110411776
COUNTS id=[ 256, 4192 ] end=98304 piso=6930432
COUNTS id=[ 256, 4193 ] end=196608 piso=54263808
COUNTS id=[ 256, 4194 ] end=73728 piso=2441216
COUNTS id=[ 256, 4195 ] end=180224 piso=24248320
COUNTS id=[ 256, 4196 ] end=147456 piso=15400960
COUNTS id=[ 256, 4197 ] end=81920 piso=9232384
COUNTS id=[ 256, 4198 ] end=163840 piso=12607488
COUNTS id=[ 256, 4199 ] end=131072 piso=6971392
COUNTS id=[ 256, 4200 ] end=81920 piso=3448832
COUNTS id=[ 256, 4201 ] end=98304 piso=2959360
COUNTS id=[ 256, 4202 ] end=49152 piso=2041856
COUNTS id=[ 256, 4203 ] end=73728 piso=3307520
COUNTS id=[ 256, 4204 ] end=57344 piso=3346432
COUNTS id=[ 256, 4205 ] end=90112 piso=6455296
COUNTS id=[ 256, 4206 ] end=40960 piso=1476608
PROGRESS checked=700 hits=0 reversed=0 runtime_ms=1645505
COUNTS id=[ 256, 4207 ] end=131072 piso=15245312
COUNTS id=[ 256, 4208 ] end=131072 piso=15245312
COUNTS id=[ 256, 4209 ] end=40960 piso=2768896
COUNTS id=[ 256, 4210 ] end=212992 piso=110116864
COUNTS id=[ 256, 4211 ] end=65536 piso=2670592
COUNTS id=[ 256, 4212 ] end=122880 piso=3653632
COUNTS id=[ 256, 4213 ] end=90112 piso=3006464
COUNTS id=[ 256, 4214 ] end=98304 piso=10067968
COUNTS id=[ 256, 4215 ] end=147456 piso=15147008
COUNTS id=[ 256, 4216 ] end=147456 piso=15147008
COUNTS id=[ 256, 4217 ] end=65536 piso=2191360
COUNTS id=[ 256, 4218 ] end=32768 piso=1773568
COUNTS id=[ 256, 4219 ] end=147456 piso=13361152
COUNTS id=[ 256, 4220 ] end=147456 piso=13361152
COUNTS id=[ 256, 4221 ] end=49152 piso=2998272
COUNTS id=[ 256, 4222 ] end=65536 piso=2113536
COUNTS id=[ 256, 4223 ] end=32768 piso=1916928
COUNTS id=[ 256, 4224 ] end=65536 piso=2179072
COUNTS id=[ 256, 4225 ] end=32768 piso=1622016
COUNTS id=[ 256, 4226 ] end=81920 piso=3821568
COUNTS id=[ 256, 4227 ] end=81920 piso=3821568
COUNTS id=[ 256, 4228 ] end=49152 piso=1527808
COUNTS id=[ 256, 4229 ] end=49152 piso=1536000
COUNTS id=[ 256, 4230 ] end=65536 piso=3436544
COUNTS id=[ 256, 4231 ] end=49152 piso=2543616
COUNTS id=[ 256, 4232 ] end=49152 piso=2461696
COUNTS id=[ 256, 4233 ] end=49152 piso=1523712
COUNTS id=[ 256, 4234 ] end=49152 piso=1572864
COUNTS id=[ 256, 4235 ] end=40960 piso=1478656
COUNTS id=[ 256, 4236 ] end=24576 piso=1855488
COUNTS id=[ 256, 4237 ] end=57344 piso=3379200
COUNTS id=[ 256, 4238 ] end=24576 piso=1691648
COUNTS id=[ 256, 4239 ] end=40960 piso=1464320
COUNTS id=[ 256, 4240 ] end=32768 piso=2437120
COUNTS id=[ 256, 4241 ] end=49152 piso=2021376
COUNTS id=[ 256, 4242 ] end=24576 piso=1773568
COUNTS id=[ 256, 4243 ] end=98304 piso=10199040
COUNTS id=[ 256, 4244 ] end=114688 piso=13123584
COUNTS id=[ 256, 4245 ] end=114688 piso=13123584
COUNTS id=[ 256, 4246 ] end=49152 piso=2752512
COUNTS id=[ 256, 4247 ] end=40960 piso=1470464
COUNTS id=[ 256, 4248 ] end=40960 piso=1478656
COUNTS id=[ 256, 4249 ] end=40960 piso=2404352
COUNTS id=[ 256, 4250 ] end=73728 piso=3336192
COUNTS id=[ 256, 4251 ] end=73728 piso=3237888
COUNTS id=[ 256, 4252 ] end=24576 piso=1597440
COUNTS id=[ 256, 4253 ] end=40960 piso=1415168
COUNTS id=[ 256, 4254 ] end=24576 piso=1613824
COUNTS id=[ 256, 4255 ] end=147456 piso=19652608
COUNTS id=[ 256, 4256 ] end=147456 piso=13197312
COUNTS id=[ 256, 4257 ] end=32768 piso=2834432
COUNTS id=[ 256, 4258 ] end=81920 piso=3756032
COUNTS id=[ 256, 4259 ] end=81920 piso=3756032
COUNTS id=[ 256, 4260 ] end=32768 piso=1617920
COUNTS id=[ 256, 4261 ] end=40960 piso=1435648
COUNTS id=[ 256, 4262 ] end=49152 piso=1972224
COUNTS id=[ 256, 4263 ] end=40960 piso=2373632
COUNTS id=[ 256, 4264 ] end=98304 piso=6422528
COUNTS id=[ 256, 4265 ] end=57344 piso=1976320
COUNTS id=[ 256, 4266 ] end=40960 piso=1435648
COUNTS id=[ 256, 4267 ] end=114688 piso=53673984
COUNTS id=[ 256, 4268 ] end=40960 piso=1454080
COUNTS id=[ 256, 4269 ] end=40960 piso=1406976
COUNTS id=[ 256, 4270 ] end=73728 piso=3237888
COUNTS id=[ 256, 4271 ] end=49152 piso=1978368
COUNTS id=[ 256, 4272 ] end=40960 piso=1415168
COUNTS id=[ 256, 4273 ] end=65536 piso=2113536
COUNTS id=[ 256, 4274 ] end=49152 piso=2355200
COUNTS id=[ 256, 4275 ] end=147456 piso=110092288
COUNTS id=[ 256, 4276 ] end=49152 piso=1519616
COUNTS id=[ 256, 4277 ] end=40960 piso=2357248
COUNTS id=[ 256, 4278 ] end=57344 piso=3280896
COUNTS id=[ 256, 4279 ] end=40960 piso=2662400
COUNTS id=[ 256, 4280 ] end=122880 piso=14893056
COUNTS id=[ 256, 4281 ] end=122880 piso=14893056
COUNTS id=[ 256, 4282 ] end=49152 piso=2437120
COUNTS id=[ 256, 4283 ] end=32768 piso=1556480
COUNTS id=[ 256, 4284 ] end=98304 piso=6463488
COUNTS id=[ 256, 4285 ] end=32768 piso=1658880
COUNTS id=[ 256, 4286 ] end=90112 piso=10215424
COUNTS id=[ 256, 4287 ] end=40960 piso=2318336
COUNTS id=[ 256, 4288 ] end=40960 piso=2318336
COUNTS id=[ 256, 4289 ] end=40960 piso=1929216
COUNTS id=[ 256, 4290 ] end=40960 piso=1343488
COUNTS id=[ 256, 4291 ] end=40960 piso=3264512
COUNTS id=[ 256, 4292 ] end=40960 piso=2308096
COUNTS id=[ 256, 4293 ] end=40960 piso=1341440
COUNTS id=[ 256, 4294 ] end=24576 piso=1531904
COUNTS id=[ 256, 4295 ] end=57344 piso=1923072
COUNTS id=[ 256, 4296 ] end=40960 piso=1929216
COUNTS id=[ 256, 4297 ] end=57344 piso=1929216
COUNTS id=[ 256, 4298 ] end=40960 piso=1363968
COUNTS id=[ 256, 4299 ] end=57344 piso=1423360
COUNTS id=[ 256, 4300 ] end=40960 piso=2322432
