{"command": ["/project/gap-4.16.1/gap", "-l", "/project/gap-4.16.1", "-q", "-b", "-T", "-m", "128m", "-o", "4g", "-c", "START_ORDER:=360;;END_ORDER:=360;;START_ID:=1;;END_ID:=162;;SKIP_ABELIAN:=true;;LOG_ALL:=true;;", "/project/scripts/search_19_20.g"], "source_hashes": {"scripts/search_19_20.g": "7b6a34e9163b58b0248b3c464ae8070783414cd7d14048136dd0e3547b906318", "scripts/lib_19_20.g": "fbcf2d3c4b0648cc1fa87d6e50fc923133d594c029b8430a365caf596ac7ccd5"}}
PARAMETERS start=360 end=360 start_id=1 end_id=162 skip_abelian=true log_all=true
ORDER_START order=360 groups=162
COUNTS id=[ 360, 1 ] end=1640 piso=3960
CLOSEST id=[ 360, 1 ] end=1640 piso=3960 ratio=99/41
COUNTS id=[ 360, 2 ] end=936 piso=1800
CLOSEST id=[ 360, 2 ] end=936 piso=1800 ratio=25/13
COUNTS id=[ 360, 3 ] end=8104 piso=34200
ABELIAN_SKIPPED id=[ 360, 4 ] reason=known_equality
COUNTS id=[ 360, 5 ] end=648 piso=2160
COUNTS id=[ 360, 6 ] end=4872 piso=27360
COUNTS id=[ 360, 7 ] end=11164 piso=117180
COUNTS id=[ 360, 8 ] end=10400 piso=75600
COUNTS id=[ 360, 9 ] end=11040 piso=104400
COUNTS id=[ 360, 10 ] end=12820 piso=135180
COUNTS id=[ 360, 11 ] end=11808 piso=79200
COUNTS id=[ 360, 12 ] end=8820 piso=71100
COUNTS id=[ 360, 13 ] end=11844 piso=120060
COUNTS id=[ 360, 14 ] end=495 piso=1980
COUNTS id=[ 360, 15 ] end=2556 piso=10620
COUNTS id=[ 360, 16 ] end=2592 piso=7200
COUNTS id=[ 360, 17 ] end=4356 piso=17100
COUNTS id=[ 360, 18 ] end=3744 piso=7200
COUNTS id=[ 360, 19 ] end=2484 piso=8460
COUNTS id=[ 360, 20 ] end=3980 piso=22140
COUNTS id=[ 360, 21 ] end=4000 piso=15120
COUNTS id=[ 360, 22 ] end=7220 piso=37260
COUNTS id=[ 360, 23 ] end=6560 piso=15840
COUNTS id=[ 360, 24 ] end=3860 piso=16380
COUNTS id=[ 360, 25 ] end=16924 piso=169020
COUNTS id=[ 360, 26 ] end=16928 piso=118800
COUNTS id=[ 360, 27 ] end=33124 piso=305100
COUNTS id=[ 360, 28 ] end=32416 piso=136800
COUNTS id=[ 360, 29 ] end=16756 piso=120060
ABELIAN_SKIPPED id=[ 360, 30 ] reason=known_equality
COUNTS id=[ 360, 31 ] end=1620 piso=2700
CLOSEST id=[ 360, 31 ] end=1620 piso=2700 ratio=5/3
COUNTS id=[ 360, 32 ] end=1260 piso=1980
CLOSEST id=[ 360, 32 ] end=1260 piso=1980 ratio=11/7
COUNTS id=[ 360, 33 ] end=8424 piso=16200
COUNTS id=[ 360, 34 ] end=720 piso=2520
COUNTS id=[ 360, 35 ] end=2736 piso=9720
COUNTS id=[ 360, 36 ] end=14600 piso=29160
COUNTS id=[ 360, 37 ] end=72904 piso=249480
ABELIAN_SKIPPED id=[ 360, 38 ] reason=known_equality
COUNTS id=[ 360, 39 ] end=5600 piso=83160
COUNTS id=[ 360, 40 ] end=2450 piso=18900
COUNTS id=[ 360, 41 ] end=12154 piso=139860
COUNTS id=[ 360, 42 ] end=2808 piso=46800
COUNTS id=[ 360, 43 ] end=2016 piso=8280
COUNTS id=[ 360, 44 ] end=13024 piso=101880
COUNTS id=[ 360, 45 ] end=60928 piso=1120320
COUNTS id=[ 360, 46 ] end=1080 piso=9360
COUNTS id=[ 360, 47 ] end=32256 piso=115200
COUNTS id=[ 360, 48 ] end=43520 piso=227520
COUNTS id=[ 360, 49 ] end=146944 piso=1540800
ABELIAN_SKIPPED id=[ 360, 50 ] reason=known_equality
COUNTS id=[ 360, 51 ] end=423 piso=34740
COUNTS id=[ 360, 52 ] end=5832 piso=19440
COUNTS id=[ 360, 53 ] end=1728 piso=14400
COUNTS id=[ 360, 54 ] end=43752 piso=200880
COUNTS id=[ 360, 55 ] end=1720 piso=17640
COUNTS id=[ 360, 56 ] end=8120 piso=42120
COUNTS id=[ 360, 57 ] end=4952 piso=146160
COUNTS id=[ 360, 58 ] end=5184 piso=50400
COUNTS id=[ 360, 59 ] end=5616 piso=32400
COUNTS id=[ 360, 60 ] end=4752 piso=35280
COUNTS id=[ 360, 61 ] end=4356 piso=52380
COUNTS id=[ 360, 62 ] end=6516 piso=81180
COUNTS id=[ 360, 63 ] end=5076 piso=42300
COUNTS id=[ 360, 64 ] end=4716 piso=44460
COUNTS id=[ 360, 65 ] end=105120 piso=583200
COUNTS id=[ 360, 66 ] end=77792 piso=439200
COUNTS id=[ 360, 67 ] end=88800 piso=658080
COUNTS id=[ 360, 68 ] end=76212 piso=456300
COUNTS id=[ 360, 69 ] end=89604 piso=695340
COUNTS id=[ 360, 70 ] end=106132 piso=902700
COUNTS id=[ 360, 71 ] end=88924 piso=599580
COUNTS id=[ 360, 72 ] end=4400 piso=26640
COUNTS id=[ 360, 73 ] end=6800 piso=54720
COUNTS id=[ 360, 74 ] end=4100 piso=32220
COUNTS id=[ 360, 75 ] end=6020 piso=61020
COUNTS id=[ 360, 76 ] end=5420 piso=40140
COUNTS id=[ 360, 77 ] end=11440 piso=196560
COUNTS id=[ 360, 78 ] end=19888 piso=213840
COUNTS id=[ 360, 79 ] end=19696 piso=449280
COUNTS id=[ 360, 80 ] end=10948 piso=209340
COUNTS id=[ 360, 81 ] end=21844 piso=520380
COUNTS id=[ 360, 82 ] end=18628 piso=448380
COUNTS id=[ 360, 83 ] end=14044 piso=277740
COUNTS id=[ 360, 84 ] end=9808 piso=90000
COUNTS id=[ 360, 85 ] end=17488 piso=141120
COUNTS id=[ 360, 86 ] end=9988 piso=124380
COUNTS id=[ 360, 87 ] end=17524 piso=156060
COUNTS id=[ 360, 88 ] end=18364 piso=169740
COUNTS id=[ 360, 89 ] end=2565 piso=13500
COUNTS id=[ 360, 90 ] end=23004 piso=95580
COUNTS id=[ 360, 91 ] end=23328 piso=64800
COUNTS id=[ 360, 92 ] end=39204 piso=153900
COUNTS id=[ 360, 93 ] end=33696 piso=64800
COUNTS id=[ 360, 94 ] end=22356 piso=76140
COUNTS id=[ 360, 95 ] end=1980 piso=8460
COUNTS id=[ 360, 96 ] end=2160 piso=6480
COUNTS id=[ 360, 97 ] end=3060 piso=12060
COUNTS id=[ 360, 98 ] end=2880 piso=10080
COUNTS id=[ 360, 99 ] end=2340 piso=13500
COUNTS id=[ 360, 100 ] end=6156 piso=45900
COUNTS id=[ 360, 101 ] end=6192 piso=32400
COUNTS id=[ 360, 102 ] end=11556 piso=78300
COUNTS id=[ 360, 103 ] end=10944 piso=38880
COUNTS id=[ 360, 104 ] end=6084 piso=39420
PROGRESS checked=100 hits=0 reversed=0 runtime_ms=55554
COUNTS id=[ 360, 105 ] end=29900 piso=118620
COUNTS id=[ 360, 106 ] end=29920 piso=87840
COUNTS id=[ 360, 107 ] end=59060 piso=228780
COUNTS id=[ 360, 108 ] end=58400 piso=116640
COUNTS id=[ 360, 109 ] end=29780 piso=93420
COUNTS id=[ 360, 110 ] end=146524 piso=1025820
COUNTS id=[ 360, 111 ] end=146528 piso=761760
COUNTS id=[ 360, 112 ] end=292324 piso=2017260
COUNTS id=[ 360, 113 ] end=291616 piso=997920
COUNTS id=[ 360, 114 ] end=146356 piso=767340
ABELIAN_SKIPPED id=[ 360, 115 ] reason=known_equality
COUNTS id=[ 360, 116 ] end=14580 piso=24300
COUNTS id=[ 360, 117 ] end=11340 piso=17820
COUNTS id=[ 360, 118 ] end=1441 piso=272700
COUNTS id=[ 360, 119 ] end=558 piso=59220
COUNTS id=[ 360, 120 ] end=1786 piso=292500
COUNTS id=[ 360, 121 ] end=1960 piso=347040
COUNTS id=[ 360, 122 ] end=936 piso=97920
COUNTS id=[ 360, 123 ] end=1040 piso=11160
COUNTS id=[ 360, 124 ] end=4528 piso=29880
COUNTS id=[ 360, 125 ] end=2800 piso=37440
COUNTS id=[ 360, 126 ] end=3024 piso=37080
COUNTS id=[ 360, 127 ] end=41888 piso=471960
COUNTS id=[ 360, 128 ] end=8272 piso=172440
COUNTS id=[ 360, 129 ] end=9472 piso=260280
COUNTS id=[ 360, 130 ] end=7488 piso=244800
COUNTS id=[ 360, 131 ] end=7648 piso=266040
COUNTS id=[ 360, 132 ] end=1940 piso=40140
COUNTS id=[ 360, 133 ] end=4180 piso=112140
COUNTS id=[ 360, 134 ] end=7108 piso=215820
COUNTS id=[ 360, 135 ] end=3380 piso=32940
COUNTS id=[ 360, 136 ] end=7588 piso=145260
COUNTS id=[ 360, 137 ] end=64736 piso=1514880
COUNTS id=[ 360, 138 ] end=990 piso=13140
COUNTS id=[ 360, 139 ] end=4086 piso=44820
COUNTS id=[ 360, 140 ] end=17030 piso=118260
COUNTS id=[ 360, 141 ] end=85054 piso=982260
COUNTS id=[ 360, 142 ] end=14040 piso=118800
COUNTS id=[ 360, 143 ] end=2160 piso=35280
COUNTS id=[ 360, 144 ] end=8208 piso=187920
COUNTS id=[ 360, 145 ] end=18144 piso=74520
COUNTS id=[ 360, 146 ] end=4896 piso=55800
COUNTS id=[ 360, 147 ] end=116704 piso=748440
COUNTS id=[ 360, 148 ] end=4160 piso=54720
COUNTS id=[ 360, 149 ] end=18112 piso=141120
COUNTS id=[ 360, 150 ] end=10624 piso=453240
COUNTS id=[ 360, 151 ] end=40320 piso=414720
COUNTS id=[ 360, 152 ] end=351232 piso=4285440
COUNTS id=[ 360, 153 ] end=46240 piso=313920
COUNTS id=[ 360, 154 ] end=94112 piso=1964160
COUNTS id=[ 360, 155 ] end=72224 piso=1362240
COUNTS id=[ 360, 156 ] end=5400 piso=23760
COUNTS id=[ 360, 157 ] end=290304 piso=1036800
COUNTS id=[ 360, 158 ] end=28800 piso=83520
COUNTS id=[ 360, 159 ] end=61056 piso=440640
COUNTS id=[ 360, 160 ] end=250880 piso=898560
COUNTS id=[ 360, 161 ] end=1183744 piso=7534080
ABELIAN_SKIPPED id=[ 360, 162 ] reason=known_equality
DONE checked=156 abelian=0 hits=0 reversed=0 skipped_abelian=6 closest=[ 360, 32 ] min_ratio=11/7 runtime_ms=85186
