PARAMETERS start=256 end=256 start_id=1 end_id=3506 skip_abelian=true log_all=true
ORDER_START order=256 groups=56092
ABELIAN_SKIPPED id=[ 256, 1 ] reason=known_equality
COUNTS id=[ 256, 2 ] end=65536 piso=802816
CLOSEST id=[ 256, 2 ] end=65536 piso=802816 ratio=49/4
COUNTS id=[ 256, 3 ] end=49152 piso=999424
COUNTS id=[ 256, 4 ] end=49152 piso=2088960
COUNTS id=[ 256, 5 ] end=32768 piso=7380992
COUNTS id=[ 256, 6 ] end=24576 piso=589824
COUNTS id=[ 256, 7 ] end=24576 piso=655360
COUNTS id=[ 256, 8 ] end=24576 piso=2039808
COUNTS id=[ 256, 9 ] end=20480 piso=1363968
COUNTS id=[ 256, 10 ] end=20480 piso=577536
COUNTS id=[ 256, 11 ] end=20480 piso=565248
COUNTS id=[ 256, 12 ] end=28672 piso=4497408
COUNTS id=[ 256, 13 ] end=32768 piso=6725632
COUNTS id=[ 256, 14 ] end=24576 piso=1499136
COUNTS id=[ 256, 15 ] end=20480 piso=593920
COUNTS id=[ 256, 16 ] end=28672 piso=7356416
COUNTS id=[ 256, 17 ] end=20480 piso=2023424
COUNTS id=[ 256, 18 ] end=20480 piso=643072
COUNTS id=[ 256, 19 ] end=20480 piso=749568
COUNTS id=[ 256, 20 ] end=32768 piso=77864960
COUNTS id=[ 256, 21 ] end=20480 piso=1351680
COUNTS id=[ 256, 22 ] end=24576 piso=1449984
COUNTS id=[ 256, 23 ] end=36864 piso=91611136
COUNTS id=[ 256, 24 ] end=20480 piso=4558848
COUNTS id=[ 256, 25 ] end=20480 piso=4599808
COUNTS id=[ 256, 26 ] end=8192 piso=1351680
COUNTS id=[ 256, 27 ] end=20480 piso=4681728
COUNTS id=[ 256, 28 ] end=12288 piso=712704
COUNTS id=[ 256, 29 ] end=8192 piso=565248
COUNTS id=[ 256, 30 ] end=12288 piso=630784
COUNTS id=[ 256, 31 ] end=8192 piso=598016
COUNTS id=[ 256, 32 ] end=12288 piso=1368064
COUNTS id=[ 256, 33 ] end=8192 piso=1445888
COUNTS id=[ 256, 34 ] end=12288 piso=1417216
COUNTS id=[ 256, 35 ] end=28672 piso=68165632
COUNTS id=[ 256, 36 ] end=16384 piso=790528
COUNTS id=[ 256, 37 ] end=12288 piso=630784
COUNTS id=[ 256, 38 ] end=28672 piso=1318912
ABELIAN_SKIPPED id=[ 256, 39 ] reason=known_equality
COUNTS id=[ 256, 40 ] end=24576 piso=49152
CLOSEST id=[ 256, 40 ] end=24576 piso=49152 ratio=2
COUNTS id=[ 256, 41 ] end=8192 piso=30720
COUNTS id=[ 256, 42 ] end=8192 piso=67233792
COUNTS id=[ 256, 43 ] end=6144 piso=1099776
COUNTS id=[ 256, 44 ] end=6144 piso=629760
COUNTS id=[ 256, 45 ] end=4096 piso=187392
COUNTS id=[ 256, 46 ] end=6144 piso=2095104
COUNTS id=[ 256, 47 ] end=4096 piso=268288
COUNTS id=[ 256, 48 ] end=5120 piso=629760
COUNTS id=[ 256, 49 ] end=3072 piso=187392
COUNTS id=[ 256, 50 ] end=5120 piso=313344
COUNTS id=[ 256, 51 ] end=5120 piso=387072
COUNTS id=[ 256, 52 ] end=4096 piso=383488
COUNTS id=[ 256, 53 ] end=3072 piso=122880
COUNTS id=[ 256, 54 ] end=3072 piso=196608
COUNTS id=[ 256, 55 ] end=3072 piso=260608
COUNTS id=[ 256, 56 ] end=3584 piso=52736
COUNTS id=[ 256, 57 ] end=2048 piso=38400
COUNTS id=[ 256, 58 ] end=3584 piso=51712
COUNTS id=[ 256, 59 ] end=2048 piso=37376
COUNTS id=[ 256, 60 ] end=3072 piso=42496
COUNTS id=[ 256, 61 ] end=1536 piso=32256
COUNTS id=[ 256, 62 ] end=3072 piso=43520
COUNTS id=[ 256, 63 ] end=1536 piso=33280
COUNTS id=[ 256, 64 ] end=7680 piso=2484736
COUNTS id=[ 256, 65 ] end=4608 piso=606720
COUNTS id=[ 256, 66 ] end=4608 piso=879104
COUNTS id=[ 256, 67 ] end=4608 piso=606720
COUNTS id=[ 256, 68 ] end=5888 piso=1214976
COUNTS id=[ 256, 69 ] end=2816 piso=180736
COUNTS id=[ 256, 70 ] end=2816 piso=371200
COUNTS id=[ 256, 71 ] end=2816 piso=180736
COUNTS id=[ 256, 72 ] end=6656 piso=2281984
COUNTS id=[ 256, 73 ] end=3584 piso=326144
COUNTS id=[ 256, 74 ] end=3584 piso=610816
COUNTS id=[ 256, 75 ] end=3584 piso=326144
COUNTS id=[ 256, 76 ] end=5888 piso=1225216
COUNTS id=[ 256, 77 ] end=2816 piso=190976
COUNTS id=[ 256, 78 ] end=2816 piso=381440
COUNTS id=[ 256, 79 ] end=2816 piso=190976
COUNTS id=[ 256, 80 ] end=8512 piso=173568
COUNTS id=[ 256, 81 ] end=4416 piso=140800
COUNTS id=[ 256, 82 ] end=6464 piso=158208
COUNTS id=[ 256, 83 ] end=2368 piso=125440
COUNTS id=[ 256, 84 ] end=16704 piso=947712
COUNTS id=[ 256, 85 ] end=4416 piso=239104
COUNTS id=[ 256, 86 ] end=8512 piso=243200
COUNTS id=[ 256, 87 ] end=3584 piso=21504
COUNTS id=[ 256, 88 ] end=4608 piso=22528
COUNTS id=[ 256, 89 ] end=4608 piso=22528
COUNTS id=[ 256, 90 ] end=6144 piso=658432
COUNTS id=[ 256, 91 ] end=12288 piso=137973760
COUNTS id=[ 256, 92 ] end=8192 piso=4198400
COUNTS id=[ 256, 93 ] end=5120 piso=642048
COUNTS id=[ 256, 94 ] end=6144 piso=423936
COUNTS id=[ 256, 95 ] end=9216 piso=1777664
COUNTS id=[ 256, 96 ] end=5120 piso=483328
COUNTS id=[ 256, 97 ] end=4608 piso=119808
COUNTS id=[ 256, 98 ] end=7680 piso=1225728
COUNTS id=[ 256, 99 ] end=3584 piso=381952
COUNTS id=[ 256, 100 ] end=7680 piso=1258496
COUNTS id=[ 256, 101 ] end=3584 piso=414720
COUNTS id=[ 256, 102 ] end=4608 piso=175104
PROGRESS checked=100 hits=0 reversed=0 runtime_ms=75983
COUNTS id=[ 256, 103 ] end=6144 piso=233472
COUNTS id=[ 256, 104 ] end=9216 piso=1742848
COUNTS id=[ 256, 105 ] end=5120 piso=415744
COUNTS id=[ 256, 106 ] end=3072 piso=141824
COUNTS id=[ 256, 107 ] end=2560 piso=125952
COUNTS id=[ 256, 108 ] end=3584 piso=226304
COUNTS id=[ 256, 109 ] end=3584 piso=226304
COUNTS id=[ 256, 110 ] end=6144 piso=4188160
COUNTS id=[ 256, 111 ] end=6144 piso=4884480
COUNTS id=[ 256, 112 ] end=2048 piso=125440
COUNTS id=[ 256, 113 ] end=2560 piso=70656
COUNTS id=[ 256, 114 ] end=3584 piso=185344
COUNTS id=[ 256, 115 ] end=3584 piso=185344
COUNTS id=[ 256, 116 ] end=4096 piso=216064
COUNTS id=[ 256, 117 ] end=4096 piso=186368
COUNTS id=[ 256, 118 ] end=3072 piso=296960
COUNTS id=[ 256, 119 ] end=8192 piso=15945728
COUNTS id=[ 256, 120 ] end=8192 piso=4198400
COUNTS id=[ 256, 121 ] end=3072 piso=199680
COUNTS id=[ 256, 122 ] end=4096 piso=389120
COUNTS id=[ 256, 123 ] end=3072 piso=212992
COUNTS id=[ 256, 124 ] end=32768 piso=204800
COUNTS id=[ 256, 125 ] end=24576 piso=172032
COUNTS id=[ 256, 126 ] end=24576 piso=172032
COUNTS id=[ 256, 127 ] end=24576 piso=139264
COUNTS id=[ 256, 128 ] end=20480 piso=81920
COUNTS id=[ 256, 129 ] end=20480 piso=81920
COUNTS id=[ 256, 130 ] end=16384 piso=339968
COUNTS id=[ 256, 131 ] end=12288 piso=339968
COUNTS id=[ 256, 132 ] end=10240 piso=126976
COUNTS id=[ 256, 133 ] end=12288 piso=118784
COUNTS id=[ 256, 134 ] end=8192 piso=118784
COUNTS id=[ 256, 135 ] end=6144 piso=59392
COUNTS id=[ 256, 136 ] end=16384 piso=544768
COUNTS id=[ 256, 137 ] end=12288 piso=413696
COUNTS id=[ 256, 138 ] end=10240 piso=200704
COUNTS id=[ 256, 139 ] end=12288 piso=184320
COUNTS id=[ 256, 140 ] end=8192 piso=135168
COUNTS id=[ 256, 141 ] end=6144 piso=75776
COUNTS id=[ 256, 142 ] end=18432 piso=204800
COUNTS id=[ 256, 143 ] end=18432 piso=106496
COUNTS id=[ 256, 144 ] end=18432 piso=204800
COUNTS id=[ 256, 145 ] end=18432 piso=106496
COUNTS id=[ 256, 146 ] end=14336 piso=114688
COUNTS id=[ 256, 147 ] end=14336 piso=114688
COUNTS id=[ 256, 148 ] end=6144 piso=73728
COUNTS id=[ 256, 149 ] end=6144 piso=73728
COUNTS id=[ 256, 150 ] end=4096 piso=71680
COUNTS id=[ 256, 151 ] end=10240 piso=73728
COUNTS id=[ 256, 152 ] end=6144 piso=61440
COUNTS id=[ 256, 153 ] end=6144 piso=73728
COUNTS id=[ 256, 154 ] end=6144 piso=61440
COUNTS id=[ 256, 155 ] end=14336 piso=169472
COUNTS id=[ 256, 156 ] end=10240 piso=132608
COUNTS id=[ 256, 157 ] end=10240 piso=148992
COUNTS id=[ 256, 158 ] end=10240 piso=153088
COUNTS id=[ 256, 159 ] end=16384 piso=274432
COUNTS id=[ 256, 160 ] end=10240 piso=102400
COUNTS id=[ 256, 161 ] end=10240 piso=122880
COUNTS id=[ 256, 162 ] end=16384 piso=237568
COUNTS id=[ 256, 163 ] end=16384 piso=237568
COUNTS id=[ 256, 164 ] end=10240 piso=122880
COUNTS id=[ 256, 165 ] end=10240 piso=102400
COUNTS id=[ 256, 166 ] end=16384 piso=274432
COUNTS id=[ 256, 167 ] end=10240 piso=184320
COUNTS id=[ 256, 168 ] end=10240 piso=92160
COUNTS id=[ 256, 169 ] end=10240 piso=92160
COUNTS id=[ 256, 170 ] end=10240 piso=151552
COUNTS id=[ 256, 171 ] end=16384 piso=1650688
COUNTS id=[ 256, 172 ] end=12288 piso=1634304
COUNTS id=[ 256, 173 ] end=12288 piso=466944
COUNTS id=[ 256, 174 ] end=12288 piso=483328
COUNTS id=[ 256, 175 ] end=28672 piso=77533184
COUNTS id=[ 256, 176 ] end=20480 piso=507904
COUNTS id=[ 256, 177 ] end=28672 piso=4657152
COUNTS id=[ 256, 178 ] end=20480 piso=507904
COUNTS id=[ 256, 179 ] end=12288 piso=1236992
COUNTS id=[ 256, 180 ] end=12288 piso=462848
COUNTS id=[ 256, 181 ] end=12288 piso=1236992
COUNTS id=[ 256, 182 ] end=12288 piso=462848
COUNTS id=[ 256, 183 ] end=12288 piso=118784
COUNTS id=[ 256, 184 ] end=8192 piso=118784
COUNTS id=[ 256, 185 ] end=8192 piso=65536
COUNTS id=[ 256, 186 ] end=8192 piso=65536
COUNTS id=[ 256, 187 ] end=14336 piso=435712
COUNTS id=[ 256, 188 ] end=10240 piso=415232
COUNTS id=[ 256, 189 ] end=10240 piso=419328
COUNTS id=[ 256, 190 ] end=10240 piso=415232
COUNTS id=[ 256, 191 ] end=14336 piso=943104
COUNTS id=[ 256, 192 ] end=20480 piso=1090560
COUNTS id=[ 256, 193 ] end=20480 piso=1018880
COUNTS id=[ 256, 194 ] end=14336 piso=265216
COUNTS id=[ 256, 195 ] end=7168 piso=82048
COUNTS id=[ 256, 196 ] end=7168 piso=82048
COUNTS id=[ 256, 197 ] end=10240 piso=67584
COUNTS id=[ 256, 198 ] end=6144 piso=67584
COUNTS id=[ 256, 199 ] end=6144 piso=61440
COUNTS id=[ 256, 200 ] end=6144 piso=61440
COUNTS id=[ 256, 201 ] end=26624 piso=38932480
COUNTS id=[ 256, 202 ] end=14336 piso=507904
PROGRESS checked=200 hits=0 reversed=0 runtime_ms=148753
COUNTS id=[ 256, 203 ] end=18432 piso=4362240
COUNTS id=[ 256, 204 ] end=6144 piso=344064
COUNTS id=[ 256, 205 ] end=13312 piso=331776
COUNTS id=[ 256, 206 ] end=13312 piso=180224
COUNTS id=[ 256, 207 ] end=5120 piso=122880
COUNTS id=[ 256, 208 ] end=5120 piso=86016
COUNTS id=[ 256, 209 ] end=13312 piso=192512
COUNTS id=[ 256, 210 ] end=13312 piso=319488
COUNTS id=[ 256, 211 ] end=5120 piso=122880
COUNTS id=[ 256, 212 ] end=5120 piso=86016
COUNTS id=[ 256, 213 ] end=5120 piso=91648
COUNTS id=[ 256, 214 ] end=5120 piso=60928
COUNTS id=[ 256, 215 ] end=9216 piso=127104
COUNTS id=[ 256, 216 ] end=17408 piso=201856
COUNTS id=[ 256, 217 ] end=5120 piso=187520
COUNTS id=[ 256, 218 ] end=25600 piso=839680
COUNTS id=[ 256, 219 ] end=9216 piso=413696
COUNTS id=[ 256, 220 ] end=13312 piso=487424
COUNTS id=[ 256, 221 ] end=25600 piso=835584
COUNTS id=[ 256, 222 ] end=9216 piso=409600
COUNTS id=[ 256, 223 ] end=13312 piso=483328
COUNTS id=[ 256, 224 ] end=14336 piso=1053696
COUNTS id=[ 256, 225 ] end=24576 piso=1311744
COUNTS id=[ 256, 226 ] end=8192 piso=345088
COUNTS id=[ 256, 227 ] end=3072 piso=31872
COUNTS id=[ 256, 228 ] end=3072 piso=31872
COUNTS id=[ 256, 229 ] end=9216 piso=143360
COUNTS id=[ 256, 230 ] end=9216 piso=94208
COUNTS id=[ 256, 231 ] end=5120 piso=90112
COUNTS id=[ 256, 232 ] end=5120 piso=86016
COUNTS id=[ 256, 233 ] end=9216 piso=139264
COUNTS id=[ 256, 234 ] end=9216 piso=90112
COUNTS id=[ 256, 235 ] end=6144 piso=844800
COUNTS id=[ 256, 236 ] end=8192 piso=267264
COUNTS id=[ 256, 237 ] end=8192 piso=754688
COUNTS id=[ 256, 238 ] end=26624 piso=43741184
COUNTS id=[ 256, 239 ] end=18432 piso=4485120
COUNTS id=[ 256, 240 ] end=14336 piso=794624
COUNTS id=[ 256, 241 ] end=6144 piso=475136
COUNTS id=[ 256, 242 ] end=17408 piso=754688
COUNTS id=[ 256, 243 ] end=11264 piso=631808
COUNTS id=[ 256, 244 ] end=9216 piso=517120
COUNTS id=[ 256, 245 ] end=3072 piso=574464
COUNTS id=[ 256, 246 ] end=21504 piso=2973696
COUNTS id=[ 256, 247 ] end=13312 piso=663552
COUNTS id=[ 256, 248 ] end=13312 piso=618496
COUNTS id=[ 256, 249 ] end=5120 piso=585728
COUNTS id=[ 256, 250 ] end=21504 piso=888832
COUNTS id=[ 256, 251 ] end=13312 piso=659456
COUNTS id=[ 256, 252 ] end=13312 piso=2433024
COUNTS id=[ 256, 253 ] end=5120 piso=581632
COUNTS id=[ 256, 254 ] end=9216 piso=208896
COUNTS id=[ 256, 255 ] end=3072 piso=83968
COUNTS id=[ 256, 256 ] end=19456 piso=405504
COUNTS id=[ 256, 257 ] end=19456 piso=405504
COUNTS id=[ 256, 258 ] end=5120 piso=102400
COUNTS id=[ 256, 259 ] end=15360 piso=212992
COUNTS id=[ 256, 260 ] end=9216 piso=106496
COUNTS id=[ 256, 261 ] end=9216 piso=106496
COUNTS id=[ 256, 262 ] end=15360 piso=434176
COUNTS id=[ 256, 263 ] end=15360 piso=245760
COUNTS id=[ 256, 264 ] end=5120 piso=114688
COUNTS id=[ 256, 265 ] end=5120 piso=114688
COUNTS id=[ 256, 266 ] end=15360 piso=401408
COUNTS id=[ 256, 267 ] end=15360 piso=212992
COUNTS id=[ 256, 268 ] end=5120 piso=147456
COUNTS id=[ 256, 269 ] end=5120 piso=147456
COUNTS id=[ 256, 270 ] end=14336 piso=996352
COUNTS id=[ 256, 271 ] end=24576 piso=1475584
COUNTS id=[ 256, 272 ] end=8192 piso=345088
COUNTS id=[ 256, 273 ] end=6144 piso=762880
COUNTS id=[ 256, 274 ] end=8192 piso=267264
COUNTS id=[ 256, 275 ] end=8192 piso=869376
COUNTS id=[ 256, 276 ] end=5120 piso=126976
COUNTS id=[ 256, 277 ] end=5120 piso=73728
COUNTS id=[ 256, 278 ] end=5120 piso=106496
COUNTS id=[ 256, 279 ] end=5120 piso=86016
COUNTS id=[ 256, 280 ] end=5120 piso=118784
COUNTS id=[ 256, 281 ] end=5120 piso=73728
COUNTS id=[ 256, 282 ] end=5120 piso=106496
COUNTS id=[ 256, 283 ] end=5120 piso=86016
COUNTS id=[ 256, 284 ] end=13312 piso=241664
COUNTS id=[ 256, 285 ] end=5120 piso=86016
COUNTS id=[ 256, 286 ] end=5120 piso=106496
COUNTS id=[ 256, 287 ] end=13312 piso=229376
COUNTS id=[ 256, 288 ] end=5120 piso=106496
COUNTS id=[ 256, 289 ] end=13312 piso=229376
COUNTS id=[ 256, 290 ] end=13312 piso=241664
COUNTS id=[ 256, 291 ] end=5120 piso=86016
COUNTS id=[ 256, 292 ] end=32768 piso=139325440
COUNTS id=[ 256, 293 ] end=36864 piso=2945024
COUNTS id=[ 256, 294 ] end=12288 piso=2355200
COUNTS id=[ 256, 295 ] end=49152 piso=141148160
COUNTS id=[ 256, 296 ] end=24576 piso=16171008
COUNTS id=[ 256, 297 ] end=20480 piso=2473984
COUNTS id=[ 256, 298 ] end=49152 piso=136650752
COUNTS id=[ 256, 299 ] end=24576 piso=134750208
COUNTS id=[ 256, 300 ] end=20480 piso=2473984
COUNTS id=[ 256, 301 ] end=32768 piso=2875392
COUNTS id=[ 256, 302 ] end=36864 piso=135356416
PROGRESS checked=300 hits=0 reversed=0 runtime_ms=221806
COUNTS id=[ 256, 303 ] end=12288 piso=13197312
COUNTS id=[ 256, 304 ] end=36864 piso=135356416
COUNTS id=[ 256, 305 ] end=28672 piso=13213696
COUNTS id=[ 256, 306 ] end=65536 piso=3641344
COUNTS id=[ 256, 307 ] end=24576 piso=2478080
COUNTS id=[ 256, 308 ] end=14336 piso=914432
COUNTS id=[ 256, 309 ] end=8192 piso=771072
COUNTS id=[ 256, 310 ] end=14336 piso=920576
COUNTS id=[ 256, 311 ] end=8192 piso=265216
COUNTS id=[ 256, 312 ] end=20480 piso=37507072
COUNTS id=[ 256, 313 ] end=8192 piso=335872
COUNTS id=[ 256, 314 ] end=20480 piso=4190208
COUNTS id=[ 256, 315 ] end=8192 piso=335872
ABELIAN_SKIPPED id=[ 256, 316 ] reason=known_equality
COUNTS id=[ 256, 317 ] end=12288 piso=16384
CLOSEST id=[ 256, 317 ] end=12288 piso=16384 ratio=4/3
COUNTS id=[ 256, 318 ] end=8192 piso=14336
COUNTS id=[ 256, 319 ] end=6144 piso=14336
COUNTS id=[ 256, 320 ] end=4096 piso=14336
COUNTS id=[ 256, 321 ] end=2560 piso=9216
COUNTS id=[ 256, 322 ] end=4096 piso=278528
COUNTS id=[ 256, 323 ] end=3072 piso=44160
COUNTS id=[ 256, 324 ] end=3072 piso=274432
COUNTS id=[ 256, 325 ] end=3072 piso=44160
COUNTS id=[ 256, 326 ] end=12288 piso=134436864
COUNTS id=[ 256, 327 ] end=8192 piso=2295808
COUNTS id=[ 256, 328 ] end=10240 piso=134180864
COUNTS id=[ 256, 329 ] end=6144 piso=12546048
COUNTS id=[ 256, 330 ] end=10240 piso=134180864
COUNTS id=[ 256, 331 ] end=6144 piso=12546048
COUNTS id=[ 256, 332 ] end=6144 piso=3393024
COUNTS id=[ 256, 333 ] end=4096 piso=1924608
COUNTS id=[ 256, 334 ] end=4096 piso=1076352
COUNTS id=[ 256, 335 ] end=4096 piso=1076352
COUNTS id=[ 256, 336 ] end=8192 piso=460800
COUNTS id=[ 256, 337 ] end=8192 piso=34543616
COUNTS id=[ 256, 338 ] end=4096 piso=260096
COUNTS id=[ 256, 339 ] end=4096 piso=260096
COUNTS id=[ 256, 340 ] end=8192 piso=1751040
COUNTS id=[ 256, 341 ] end=6144 piso=423936
COUNTS id=[ 256, 342 ] end=8192 piso=1785856
COUNTS id=[ 256, 343 ] end=6144 piso=491520
COUNTS id=[ 256, 344 ] end=4096 piso=192512
COUNTS id=[ 256, 345 ] end=4096 piso=382976
COUNTS id=[ 256, 346 ] end=4096 piso=305152
COUNTS id=[ 256, 347 ] end=4096 piso=221184
COUNTS id=[ 256, 348 ] end=3072 piso=145408
COUNTS id=[ 256, 349 ] end=3072 piso=348160
COUNTS id=[ 256, 350 ] end=3072 piso=32768
COUNTS id=[ 256, 351 ] end=2048 piso=17536
COUNTS id=[ 256, 352 ] end=2048 piso=28672
COUNTS id=[ 256, 353 ] end=2048 piso=17536
COUNTS id=[ 256, 354 ] end=7168 piso=186368
COUNTS id=[ 256, 355 ] end=5120 piso=208896
COUNTS id=[ 256, 356 ] end=3072 piso=63488
COUNTS id=[ 256, 357 ] end=3072 piso=63488
COUNTS id=[ 256, 358 ] end=9216 piso=401408
COUNTS id=[ 256, 359 ] end=9216 piso=401408
COUNTS id=[ 256, 360 ] end=5120 piso=233472
COUNTS id=[ 256, 361 ] end=3072 piso=79872
COUNTS id=[ 256, 362 ] end=3072 piso=79872
COUNTS id=[ 256, 363 ] end=5120 piso=472576
COUNTS id=[ 256, 364 ] end=4096 piso=220672
COUNTS id=[ 256, 365 ] end=3072 piso=74880
COUNTS id=[ 256, 366 ] end=3072 piso=74880
COUNTS id=[ 256, 367 ] end=2560 piso=22432
COUNTS id=[ 256, 368 ] end=2048 piso=18336
COUNTS id=[ 256, 369 ] end=1792 piso=11264
COUNTS id=[ 256, 370 ] end=1792 piso=11264
COUNTS id=[ 256, 371 ] end=5248 piso=85504
COUNTS id=[ 256, 372 ] end=2688 piso=56832
COUNTS id=[ 256, 373 ] end=5248 piso=85504
COUNTS id=[ 256, 374 ] end=2688 piso=56832
COUNTS id=[ 256, 375 ] end=2688 piso=19968
COUNTS id=[ 256, 376 ] end=2688 piso=19968
COUNTS id=[ 256, 377 ] end=1920 piso=25344
COUNTS id=[ 256, 378 ] end=2944 piso=80640
COUNTS id=[ 256, 379 ] end=1408 piso=51968
COUNTS id=[ 256, 380 ] end=1536 piso=15264
COUNTS id=[ 256, 381 ] end=1024 piso=13216
COUNTS id=[ 256, 382 ] end=9216 piso=39577600
COUNTS id=[ 256, 383 ] end=5120 piso=1056768
COUNTS id=[ 256, 384 ] end=5120 piso=580608
COUNTS id=[ 256, 385 ] end=4096 piso=365568
COUNTS id=[ 256, 386 ] end=6144 piso=1292928
COUNTS id=[ 256, 387 ] end=4096 piso=426624
COUNTS id=[ 256, 388 ] end=5120 piso=1300096
COUNTS id=[ 256, 389 ] end=3072 piso=425600
COUNTS id=[ 256, 390 ] end=8960 piso=3403264
COUNTS id=[ 256, 391 ] end=5888 piso=880128
COUNTS id=[ 256, 392 ] end=5888 piso=1875456
COUNTS id=[ 256, 393 ] end=2816 piso=826880
COUNTS id=[ 256, 394 ] end=4096 piso=212096
COUNTS id=[ 256, 395 ] end=3072 piso=204928
COUNTS id=[ 256, 396 ] end=6400 piso=709120
COUNTS id=[ 256, 397 ] end=3328 piso=299520
COUNTS id=[ 256, 398 ] end=3072 piso=105088
COUNTS id=[ 256, 399 ] end=2048 piso=91776
COUNTS id=[ 256, 400 ] end=4864 piso=535040
COUNTS id=[ 256, 401 ] end=1792 piso=207360
COUNTS id=[ 256, 402 ] end=2560 piso=137728
COUNTS id=[ 256, 403 ] end=2560 piso=107008
PROGRESS checked=400 hits=0 reversed=0 runtime_ms=278597
COUNTS id=[ 256, 404 ] end=3328 piso=205312
COUNTS id=[ 256, 405 ] end=3328 piso=236032
COUNTS id=[ 256, 406 ] end=5760 piso=179456
COUNTS id=[ 256, 407 ] end=3200 piso=152832
COUNTS id=[ 256, 408 ] end=5248 piso=105728
COUNTS id=[ 256, 409 ] end=2688 piso=62720
COUNTS id=[ 256, 410 ] end=5760 piso=129280
COUNTS id=[ 256, 411 ] end=3200 piso=94464
COUNTS id=[ 256, 412 ] end=5248 piso=104704
COUNTS id=[ 256, 413 ] end=2688 piso=61696
COUNTS id=[ 256, 414 ] end=7168 piso=35049472
COUNTS id=[ 256, 415 ] end=3072 piso=514048
COUNTS id=[ 256, 416 ] end=4352 piso=590336
COUNTS id=[ 256, 417 ] end=2304 piso=250368
COUNTS id=[ 256, 418 ] end=4352 piso=530944
COUNTS id=[ 256, 419 ] end=2304 piso=240128
COUNTS id=[ 256, 420 ] end=2560 piso=369664
COUNTS id=[ 256, 421 ] end=1536 piso=240640
COUNTS id=[ 256, 422 ] end=5376 piso=597504
COUNTS id=[ 256, 423 ] end=5376 piso=597504
COUNTS id=[ 256, 424 ] end=3328 piso=257536
COUNTS id=[ 256, 425 ] end=3328 piso=257536
COUNTS id=[ 256, 426 ] end=3072 piso=94336
COUNTS id=[ 256, 427 ] end=2048 piso=74880
COUNTS id=[ 256, 428 ] end=1536 piso=84480
COUNTS id=[ 256, 429 ] end=1536 piso=53760
COUNTS id=[ 256, 430 ] end=1792 piso=166400
COUNTS id=[ 256, 431 ] end=1792 piso=209408
COUNTS id=[ 256, 432 ] end=10560 piso=382208
COUNTS id=[ 256, 433 ] end=4416 piso=201984
COUNTS id=[ 256, 434 ] end=5440 piso=95488
COUNTS id=[ 256, 435 ] end=5440 piso=91904
COUNTS id=[ 256, 436 ] end=10560 piso=378624
COUNTS id=[ 256, 437 ] end=4416 piso=198400
COUNTS id=[ 256, 438 ] end=4416 piso=103680
COUNTS id=[ 256, 439 ] end=4416 piso=103680
COUNTS id=[ 256, 440 ] end=2368 piso=54528
COUNTS id=[ 256, 441 ] end=2368 piso=98048
COUNTS id=[ 256, 442 ] end=2368 piso=50944
COUNTS id=[ 256, 443 ] end=2560 piso=12288
COUNTS id=[ 256, 444 ] end=1536 piso=12288
COUNTS id=[ 256, 445 ] end=2176 piso=10496
COUNTS id=[ 256, 446 ] end=2560 piso=12288
COUNTS id=[ 256, 447 ] end=1536 piso=12288
COUNTS id=[ 256, 448 ] end=8320 piso=28672
COUNTS id=[ 256, 449 ] end=8320 piso=28672
COUNTS id=[ 256, 450 ] end=2176 piso=13312
COUNTS id=[ 256, 451 ] end=6272 piso=26624
COUNTS id=[ 256, 452 ] end=2176 piso=13312
COUNTS id=[ 256, 453 ] end=8192 piso=51200
COUNTS id=[ 256, 454 ] end=6144 piso=43008
COUNTS id=[ 256, 455 ] end=6144 piso=43008
COUNTS id=[ 256, 456 ] end=6144 piso=43008
COUNTS id=[ 256, 457 ] end=5120 piso=22656
COUNTS id=[ 256, 458 ] end=5120 piso=22656
COUNTS id=[ 256, 459 ] end=20736 piso=360448
COUNTS id=[ 256, 460 ] end=8448 piso=102400
COUNTS id=[ 256, 461 ] end=10496 piso=71680
COUNTS id=[ 256, 462 ] end=10496 piso=122880
COUNTS id=[ 256, 463 ] end=20736 piso=157696
COUNTS id=[ 256, 464 ] end=8448 piso=100352
COUNTS id=[ 256, 465 ] end=16640 piso=178176
COUNTS id=[ 256, 466 ] end=10496 piso=122880
COUNTS id=[ 256, 467 ] end=4352 piso=96256
COUNTS id=[ 256, 468 ] end=10496 piso=69632
COUNTS id=[ 256, 469 ] end=13312 piso=631296
COUNTS id=[ 256, 470 ] end=12288 piso=248320
COUNTS id=[ 256, 471 ] end=9216 piso=459264
COUNTS id=[ 256, 472 ] end=8192 piso=188928
COUNTS id=[ 256, 473 ] end=13312 piso=1942016
COUNTS id=[ 256, 474 ] end=12288 piso=248320
COUNTS id=[ 256, 475 ] end=9216 piso=590336
COUNTS id=[ 256, 476 ] end=8192 piso=188928
COUNTS id=[ 256, 477 ] end=13312 piso=657920
COUNTS id=[ 256, 478 ] end=12288 piso=225792
COUNTS id=[ 256, 479 ] end=9216 piso=481792
COUNTS id=[ 256, 480 ] end=8192 piso=223744
COUNTS id=[ 256, 481 ] end=13312 piso=1923584
COUNTS id=[ 256, 482 ] end=12288 piso=225792
COUNTS id=[ 256, 483 ] end=9216 piso=559616
COUNTS id=[ 256, 484 ] end=8192 piso=223744
COUNTS id=[ 256, 485 ] end=14336 piso=497664
COUNTS id=[ 256, 486 ] end=21504 piso=2117632
COUNTS id=[ 256, 487 ] end=11264 piso=577536
COUNTS id=[ 256, 488 ] end=21504 piso=626688
COUNTS id=[ 256, 489 ] end=11264 piso=462848
COUNTS id=[ 256, 490 ] end=14336 piso=636928
COUNTS id=[ 256, 491 ] end=14336 piso=282624
COUNTS id=[ 256, 492 ] end=21504 piso=2082816
COUNTS id=[ 256, 493 ] end=11264 piso=509952
COUNTS id=[ 256, 494 ] end=21504 piso=387072
COUNTS id=[ 256, 495 ] end=11264 piso=272384
COUNTS id=[ 256, 496 ] end=14336 piso=671744
ABELIAN_SKIPPED id=[ 256, 497 ] reason=known_equality
COUNTS id=[ 256, 498 ] end=3072 piso=4096
COUNTS id=[ 256, 499 ] end=2048 piso=3584
COUNTS id=[ 256, 500 ] end=2048 piso=9728
COUNTS id=[ 256, 501 ] end=1536 piso=7680
COUNTS id=[ 256, 502 ] end=1280 piso=4512
COUNTS id=[ 256, 503 ] end=4672 piso=1453696
COUNTS id=[ 256, 504 ] end=3648 piso=152192
PROGRESS checked=500 hits=0 reversed=0 runtime_ms=332094
COUNTS id=[ 256, 505 ] end=3392 piso=1214080
COUNTS id=[ 256, 506 ] end=2368 piso=88704
COUNTS id=[ 256, 507 ] end=3648 piso=146048
COUNTS id=[ 256, 508 ] end=2624 piso=202368
COUNTS id=[ 256, 509 ] end=2368 piso=98944
COUNTS id=[ 256, 510 ] end=1344 piso=208512
COUNTS id=[ 256, 511 ] end=3136 piso=140416
COUNTS id=[ 256, 512 ] end=2112 piso=168064
COUNTS id=[ 256, 513 ] end=1856 piso=77952
COUNTS id=[ 256, 514 ] end=832 piso=144512
COUNTS id=[ 256, 515 ] end=5184 piso=336384
COUNTS id=[ 256, 516 ] end=4160 piso=135680
COUNTS id=[ 256, 517 ] end=11072 piso=975360
COUNTS id=[ 256, 518 ] end=10048 piso=213504
COUNTS id=[ 256, 519 ] end=5440 piso=193024
COUNTS id=[ 256, 520 ] end=4416 piso=258560
COUNTS id=[ 256, 521 ] end=5952 piso=198144
COUNTS id=[ 256, 522 ] end=2368 piso=161280
COUNTS id=[ 256, 523 ] end=5184 piso=214528
COUNTS id=[ 256, 524 ] end=5184 piso=116224
COUNTS id=[ 256, 525 ] end=9248 piso=170496
COUNTS id=[ 256, 526 ] end=4640 piso=103936
COUNTS id=[ 256, 527 ] end=4640 piso=32256
COUNTS id=[ 256, 528 ] end=4896 piso=45824
COUNTS id=[ 256, 529 ] end=8992 piso=163072
COUNTS id=[ 256, 530 ] end=4384 piso=88320
COUNTS id=[ 256, 531 ] end=1536 piso=3584
COUNTS id=[ 256, 532 ] end=1024 piso=3584
COUNTS id=[ 256, 533 ] end=16416 piso=58880
COUNTS id=[ 256, 534 ] end=16416 piso=58880
COUNTS id=[ 256, 535 ] end=4128 piso=25600
COUNTS id=[ 256, 536 ] end=6176 piso=20736
ABELIAN_SKIPPED id=[ 256, 537 ] reason=known_equality
COUNTS id=[ 256, 538 ] end=768 piso=1024
COUNTS id=[ 256, 539 ] end=16900 piso=90496
COUNTS id=[ 256, 540 ] end=8452 piso=41344
COUNTS id=[ 256, 541 ] end=8196 piso=74112
COUNTS id=[ 256, 542 ] end=7340032 piso=2032009216
COUNTS id=[ 256, 543 ] end=4194304 piso=70599835648
COUNTS id=[ 256, 544 ] end=917504 piso=1885044736
COUNTS id=[ 256, 545 ] end=2621440 piso=1897267200
COUNTS id=[ 256, 546 ] end=229376 piso=140787712
COUNTS id=[ 256, 547 ] end=98304 piso=8192000
COUNTS id=[ 256, 548 ] end=49152 piso=1567232
COUNTS id=[ 256, 549 ] end=131072 piso=18399232
COUNTS id=[ 256, 550 ] end=24576 piso=1112576
COUNTS id=[ 256, 551 ] end=81920 piso=4136960
COUNTS id=[ 256, 552 ] end=57344 piso=2138112
COUNTS id=[ 256, 553 ] end=81920 piso=3945984
COUNTS id=[ 256, 554 ] end=57344 piso=2553344
COUNTS id=[ 256, 555 ] end=57344 piso=1626112
COUNTS id=[ 256, 556 ] end=32768 piso=1161216
COUNTS id=[ 256, 557 ] end=98304 piso=4071424
COUNTS id=[ 256, 558 ] end=32768 piso=1499136
COUNTS id=[ 256, 559 ] end=49152 piso=1523712
COUNTS id=[ 256, 560 ] end=163840 piso=138719232
COUNTS id=[ 256, 561 ] end=65536 piso=6139904
COUNTS id=[ 256, 562 ] end=49152 piso=1534464
COUNTS id=[ 256, 563 ] end=65536 piso=16330752
COUNTS id=[ 256, 564 ] end=65536 piso=6139904
COUNTS id=[ 256, 565 ] end=24576 piso=1079808
COUNTS id=[ 256, 566 ] end=81920 piso=4661248
COUNTS id=[ 256, 567 ] end=57344 piso=2662400
COUNTS id=[ 256, 568 ] end=49152 piso=1546752
COUNTS id=[ 256, 569 ] end=24576 piso=1092096
COUNTS id=[ 256, 570 ] end=73728 piso=3356160
COUNTS id=[ 256, 571 ] end=49152 piso=1963520
COUNTS id=[ 256, 572 ] end=49152 piso=1531904
COUNTS id=[ 256, 573 ] end=24576 piso=1067008
COUNTS id=[ 256, 574 ] end=81920 piso=3933696
COUNTS id=[ 256, 575 ] end=81920 piso=3997696
COUNTS id=[ 256, 576 ] end=32768 piso=1441792
COUNTS id=[ 256, 577 ] end=57344 piso=2541056
COUNTS id=[ 256, 578 ] end=32768 piso=1449984
COUNTS id=[ 256, 579 ] end=32768 piso=1441792
COUNTS id=[ 256, 580 ] end=180224 piso=138756096
COUNTS id=[ 256, 581 ] end=65536 piso=6160384
COUNTS id=[ 256, 582 ] end=49152 piso=1530368
COUNTS id=[ 256, 583 ] end=81920 piso=16367616
COUNTS id=[ 256, 584 ] end=24576 piso=1075712
COUNTS id=[ 256, 585 ] end=81920 piso=4087808
COUNTS id=[ 256, 586 ] end=57344 piso=2088960
COUNTS id=[ 256, 587 ] end=73728 piso=3343872
COUNTS id=[ 256, 588 ] end=49152 piso=1951232
COUNTS id=[ 256, 589 ] end=57344 piso=1560576
COUNTS id=[ 256, 590 ] end=32768 piso=1095680
COUNTS id=[ 256, 591 ] end=98304 piso=4055040
COUNTS id=[ 256, 592 ] end=32768 piso=1482752
COUNTS id=[ 256, 593 ] end=49152 piso=1507328
COUNTS id=[ 256, 594 ] end=155648 piso=138821632
COUNTS id=[ 256, 595 ] end=57344 piso=6242304
COUNTS id=[ 256, 596 ] end=40960 piso=1546752
COUNTS id=[ 256, 597 ] end=57344 piso=16433152
COUNTS id=[ 256, 598 ] end=57344 piso=6242304
COUNTS id=[ 256, 599 ] end=16384 piso=1092096
COUNTS id=[ 256, 600 ] end=57344 piso=4067328
COUNTS id=[ 256, 601 ] end=32768 piso=2068480
COUNTS id=[ 256, 602 ] end=40960 piso=1534464
COUNTS id=[ 256, 603 ] end=16384 piso=1079808
COUNTS id=[ 256, 604 ] end=65536 piso=3442176
COUNTS id=[ 256, 605 ] end=40960 piso=2049536
PROGRESS checked=600 hits=0 reversed=0 runtime_ms=450286
COUNTS id=[ 256, 606 ] end=40960 piso=1536000
COUNTS id=[ 256, 607 ] end=16384 piso=1071104
COUNTS id=[ 256, 608 ] end=57344 piso=3356160
COUNTS id=[ 256, 609 ] end=73728 piso=3993600
COUNTS id=[ 256, 610 ] end=24576 piso=1437696
COUNTS id=[ 256, 611 ] end=32768 piso=1963520
COUNTS id=[ 256, 612 ] end=24576 piso=1445888
COUNTS id=[ 256, 613 ] end=24576 piso=1437696
COUNTS id=[ 256, 614 ] end=163840 piso=138797056
COUNTS id=[ 256, 615 ] end=49152 piso=6201344
COUNTS id=[ 256, 616 ] end=40960 piso=1567232
COUNTS id=[ 256, 617 ] end=65536 piso=16408576
COUNTS id=[ 256, 618 ] end=16384 piso=1112576
COUNTS id=[ 256, 619 ] end=81920 piso=4554752
COUNTS id=[ 256, 620 ] end=57344 piso=2555904
COUNTS id=[ 256, 621 ] end=65536 piso=3454464
COUNTS id=[ 256, 622 ] end=40960 piso=2061824
COUNTS id=[ 256, 623 ] end=49152 piso=1601536
COUNTS id=[ 256, 624 ] end=24576 piso=1136640
COUNTS id=[ 256, 625 ] end=90112 piso=4096000
COUNTS id=[ 256, 626 ] end=24576 piso=1523712
COUNTS id=[ 256, 627 ] end=40960 piso=1548288
COUNTS id=[ 256, 628 ] end=163840 piso=138747904
COUNTS id=[ 256, 629 ] end=49152 piso=6152192
COUNTS id=[ 256, 630 ] end=40960 piso=1530368
COUNTS id=[ 256, 631 ] end=65536 piso=16359424
COUNTS id=[ 256, 632 ] end=16384 piso=1075712
COUNTS id=[ 256, 633 ] end=65536 piso=4096000
COUNTS id=[ 256, 634 ] end=40960 piso=2097152
COUNTS id=[ 256, 635 ] end=57344 piso=3343872
COUNTS id=[ 256, 636 ] end=32768 piso=1951232
COUNTS id=[ 256, 637 ] end=49152 piso=1585152
COUNTS id=[ 256, 638 ] end=24576 piso=1120256
COUNTS id=[ 256, 639 ] end=90112 piso=4030464
COUNTS id=[ 256, 640 ] end=24576 piso=1458176
COUNTS id=[ 256, 641 ] end=40960 piso=1482752
COUNTS id=[ 256, 642 ] end=53248 piso=2888192
COUNTS id=[ 256, 643 ] end=32768 piso=2318848
COUNTS id=[ 256, 644 ] end=36864 piso=1144832
COUNTS id=[ 256, 645 ] end=16384 piso=874496
COUNTS id=[ 256, 646 ] end=53248 piso=2294272
COUNTS id=[ 256, 647 ] end=65536 piso=3254272
COUNTS id=[ 256, 648 ] end=24576 piso=1255424
COUNTS id=[ 256, 649 ] end=32768 piso=1724928
COUNTS id=[ 256, 650 ] end=24576 piso=1910784
COUNTS id=[ 256, 651 ] end=24576 piso=1255424
COUNTS id=[ 256, 652 ] end=81920 piso=5724160
COUNTS id=[ 256, 653 ] end=40960 piso=2643968
COUNTS id=[ 256, 654 ] end=36864 piso=1134080
COUNTS id=[ 256, 655 ] end=40960 piso=2652160
COUNTS id=[ 256, 656 ] end=40960 piso=2643968
COUNTS id=[ 256, 657 ] end=16384 piso=859648
COUNTS id=[ 256, 658 ] end=53248 piso=2316288
COUNTS id=[ 256, 659 ] end=32768 piso=1744896
COUNTS id=[ 256, 660 ] end=36864 piso=1129984
COUNTS id=[ 256, 661 ] end=16384 piso=855552
COUNTS id=[ 256, 662 ] end=53248 piso=2306560
COUNTS id=[ 256, 663 ] end=32768 piso=1737216
COUNTS id=[ 256, 664 ] end=36864 piso=1132544
COUNTS id=[ 256, 665 ] end=16384 piso=862208
COUNTS id=[ 256, 666 ] end=53248 piso=3002880
COUNTS id=[ 256, 667 ] end=65536 piso=3254272
COUNTS id=[ 256, 668 ] end=24576 piso=1255424
COUNTS id=[ 256, 669 ] end=32768 piso=2433536
COUNTS id=[ 256, 670 ] end=24576 piso=1910784
COUNTS id=[ 256, 671 ] end=24576 piso=1255424
COUNTS id=[ 256, 672 ] end=81920 piso=5244928
COUNTS id=[ 256, 673 ] end=40960 piso=2164736
COUNTS id=[ 256, 674 ] end=36864 piso=1142272
COUNTS id=[ 256, 675 ] end=40960 piso=2172928
COUNTS id=[ 256, 676 ] end=40960 piso=2164736
COUNTS id=[ 256, 677 ] end=16384 piso=867840
COUNTS id=[ 256, 678 ] end=53248 piso=2906112
COUNTS id=[ 256, 679 ] end=32768 piso=2334720
COUNTS id=[ 256, 680 ] end=36864 piso=1150464
COUNTS id=[ 256, 681 ] end=16384 piso=876032
COUNTS id=[ 256, 682 ] end=53248 piso=2396672
COUNTS id=[ 256, 683 ] end=32768 piso=1827328
COUNTS id=[ 256, 684 ] end=36864 piso=1132544
COUNTS id=[ 256, 685 ] end=16384 piso=862208
COUNTS id=[ 256, 686 ] end=53248 piso=2294272
COUNTS id=[ 256, 687 ] end=65536 piso=3266560
COUNTS id=[ 256, 688 ] end=24576 piso=1267712
COUNTS id=[ 256, 689 ] end=32768 piso=1724928
COUNTS id=[ 256, 690 ] end=24576 piso=1923072
COUNTS id=[ 256, 691 ] end=24576 piso=1267712
COUNTS id=[ 256, 692 ] end=81920 piso=5146624
COUNTS id=[ 256, 693 ] end=40960 piso=2066432
COUNTS id=[ 256, 694 ] end=36864 piso=1134080
COUNTS id=[ 256, 695 ] end=40960 piso=2074624
COUNTS id=[ 256, 696 ] end=40960 piso=2066432
COUNTS id=[ 256, 697 ] end=16384 piso=859648
COUNTS id=[ 256, 698 ] end=53248 piso=2402304
COUNTS id=[ 256, 699 ] end=32768 piso=1830912
COUNTS id=[ 256, 700 ] end=36864 piso=1129984
COUNTS id=[ 256, 701 ] end=16384 piso=855552
COUNTS id=[ 256, 702 ] end=53248 piso=2306560
COUNTS id=[ 256, 703 ] end=32768 piso=1737216
COUNTS id=[ 256, 704 ] end=36864 piso=1128448
COUNTS id=[ 256, 705 ] end=16384 piso=858112
PROGRESS checked=700 hits=0 reversed=0 runtime_ms=560974
COUNTS id=[ 256, 706 ] end=53248 piso=2314752
COUNTS id=[ 256, 707 ] end=65536 piso=3250176
COUNTS id=[ 256, 708 ] end=24576 piso=1251328
COUNTS id=[ 256, 709 ] end=32768 piso=1745408
COUNTS id=[ 256, 710 ] end=24576 piso=1906688
COUNTS id=[ 256, 711 ] end=24576 piso=1251328
COUNTS id=[ 256, 712 ] end=81920 piso=5134336
COUNTS id=[ 256, 713 ] end=40960 piso=2054144
COUNTS id=[ 256, 714 ] end=36864 piso=1175040
COUNTS id=[ 256, 715 ] end=40960 piso=2062336
COUNTS id=[ 256, 716 ] end=40960 piso=2054144
COUNTS id=[ 256, 717 ] end=16384 piso=900608
COUNTS id=[ 256, 718 ] end=53248 piso=2304000
COUNTS id=[ 256, 719 ] end=32768 piso=1732608
COUNTS id=[ 256, 720 ] end=36864 piso=1150464
COUNTS id=[ 256, 721 ] end=16384 piso=876032
COUNTS id=[ 256, 722 ] end=242176 piso=158715904
COUNTS id=[ 256, 723 ] end=59904 piso=4384768
COUNTS id=[ 256, 724 ] end=59904 piso=4315136
COUNTS id=[ 256, 725 ] end=102912 piso=7927808
COUNTS id=[ 256, 726 ] end=68096 piso=4663296
COUNTS id=[ 256, 727 ] end=37376 piso=2779136
COUNTS id=[ 256, 728 ] end=55808 piso=4057088
COUNTS id=[ 256, 729 ] end=49664 piso=3131392
COUNTS id=[ 256, 730 ] end=90624 piso=7778304
COUNTS id=[ 256, 731 ] end=45568 piso=2566144
COUNTS id=[ 256, 732 ] end=45568 piso=2541568
COUNTS id=[ 256, 733 ] end=59904 piso=4763648
COUNTS id=[ 256, 734 ] end=47616 piso=3960832
COUNTS id=[ 256, 735 ] end=41472 piso=2557952
COUNTS id=[ 256, 736 ] end=53760 piso=2990080
COUNTS id=[ 256, 737 ] end=94720 piso=4722688
COUNTS id=[ 256, 738 ] end=127488 piso=137621504
COUNTS id=[ 256, 739 ] end=18944 piso=1800192
COUNTS id=[ 256, 740 ] end=41472 piso=2918400
COUNTS id=[ 256, 741 ] end=23040 piso=1980416
COUNTS id=[ 256, 742 ] end=31232 piso=2508800
COUNTS id=[ 256, 743 ] end=23040 piso=2199552
COUNTS id=[ 256, 744 ] end=23040 piso=2078720
COUNTS id=[ 256, 745 ] end=25088 piso=2648064
COUNTS id=[ 256, 746 ] end=41472 piso=2920448
COUNTS id=[ 256, 747 ] end=25088 piso=3485696
COUNTS id=[ 256, 748 ] end=8704 piso=1525760
COUNTS id=[ 256, 749 ] end=12800 piso=1814528
COUNTS id=[ 256, 750 ] end=37376 piso=2840576
COUNTS id=[ 256, 751 ] end=4608 piso=1427456
COUNTS id=[ 256, 752 ] end=14848 piso=2361344
COUNTS id=[ 256, 753 ] end=14848 piso=1366016
COUNTS id=[ 256, 754 ] end=4608 piso=2418688
COUNTS id=[ 256, 755 ] end=4608 piso=1292288
COUNTS id=[ 256, 756 ] end=4608 piso=1427456
COUNTS id=[ 256, 757 ] end=4608 piso=1671168
COUNTS id=[ 256, 758 ] end=14848 piso=1652736
COUNTS id=[ 256, 759 ] end=4608 piso=1296384
COUNTS id=[ 256, 760 ] end=4608 piso=1386496
COUNTS id=[ 256, 761 ] end=14848 piso=1372160
COUNTS id=[ 256, 762 ] end=14848 piso=1894400
COUNTS id=[ 256, 763 ] end=4608 piso=1075200
COUNTS id=[ 256, 764 ] end=14848 piso=1366016
COUNTS id=[ 256, 765 ] end=4608 piso=1292288
COUNTS id=[ 256, 766 ] end=45568 piso=2918400
COUNTS id=[ 256, 767 ] end=14848 piso=1458176
COUNTS id=[ 256, 768 ] end=18944 piso=1468416
COUNTS id=[ 256, 769 ] end=41472 piso=2793472
COUNTS id=[ 256, 770 ] end=23040 piso=2269184
COUNTS id=[ 256, 771 ] end=12800 piso=1476608
COUNTS id=[ 256, 772 ] end=20992 piso=1814528
COUNTS id=[ 256, 773 ] end=14848 piso=1556480
COUNTS id=[ 256, 774 ] end=119296 piso=137379840
COUNTS id=[ 256, 775 ] end=14848 piso=1542144
COUNTS id=[ 256, 776 ] end=14848 piso=1501184
COUNTS id=[ 256, 777 ] end=14848 piso=1587200
COUNTS id=[ 256, 778 ] end=37376 piso=2713600
COUNTS id=[ 256, 779 ] end=14848 piso=1873920
COUNTS id=[ 256, 780 ] end=4608 piso=1312768
COUNTS id=[ 256, 781 ] end=14848 piso=1267712
COUNTS id=[ 256, 782 ] end=4608 piso=1538048
COUNTS id=[ 256, 783 ] end=37376 piso=2676736
COUNTS id=[ 256, 784 ] end=37376 piso=2347008
COUNTS id=[ 256, 785 ] end=18944 piso=1996800
COUNTS id=[ 256, 786 ] end=4608 piso=1271808
COUNTS id=[ 256, 787 ] end=14848 piso=1222656
COUNTS id=[ 256, 788 ] end=37376 piso=2680832
COUNTS id=[ 256, 789 ] end=14848 piso=1587200
COUNTS id=[ 256, 790 ] end=8704 piso=1005568
COUNTS id=[ 256, 791 ] end=4608 piso=927744
COUNTS id=[ 256, 792 ] end=14848 piso=1544192
COUNTS id=[ 256, 793 ] end=14848 piso=1007616
COUNTS id=[ 256, 794 ] end=4608 piso=944128
COUNTS id=[ 256, 795 ] end=4608 piso=989184
COUNTS id=[ 256, 796 ] end=14848 piso=1222656
COUNTS id=[ 256, 797 ] end=4608 piso=1126400
COUNTS id=[ 256, 798 ] end=41472 piso=2359296
COUNTS id=[ 256, 799 ] end=14848 piso=995328
COUNTS id=[ 256, 800 ] end=8704 piso=2260992
COUNTS id=[ 256, 801 ] end=4608 piso=948224
COUNTS id=[ 256, 802 ] end=4608 piso=1159168
COUNTS id=[ 256, 803 ] end=4608 piso=1312768
COUNTS id=[ 256, 804 ] end=4608 piso=1122304
COUNTS id=[ 256, 805 ] end=8704 piso=1660928
PROGRESS checked=800 hits=0 reversed=0 runtime_ms=687939
COUNTS id=[ 256, 806 ] end=4608 piso=944128
COUNTS id=[ 256, 807 ] end=18944 piso=1558528
COUNTS id=[ 256, 808 ] end=14848 piso=1007616
COUNTS id=[ 256, 809 ] end=18944 piso=1556480
COUNTS id=[ 256, 810 ] end=135680 piso=137568256
COUNTS id=[ 256, 811 ] end=14848 piso=1558528
COUNTS id=[ 256, 812 ] end=18944 piso=1517568
COUNTS id=[ 256, 813 ] end=37376 piso=2734080
COUNTS id=[ 256, 814 ] end=18944 piso=1890304
COUNTS id=[ 256, 815 ] end=4608 piso=1304576
COUNTS id=[ 256, 816 ] end=14848 piso=1234944
COUNTS id=[ 256, 817 ] end=8704 piso=1554432
COUNTS id=[ 256, 818 ] end=41472 piso=2433024
COUNTS id=[ 256, 819 ] end=8704 piso=964608
COUNTS id=[ 256, 820 ] end=12800 piso=968704
COUNTS id=[ 256, 821 ] end=18944 piso=1630208
COUNTS id=[ 256, 822 ] end=14848 piso=1011712
COUNTS id=[ 256, 823 ] end=4608 piso=956416
COUNTS id=[ 256, 824 ] end=4608 piso=1179648
COUNTS id=[ 256, 825 ] end=25088 piso=2449408
ABELIAN_SKIPPED id=[ 256, 826 ] reason=known_equality
COUNTS id=[ 256, 827 ] end=1572864 piso=3145728
COUNTS id=[ 256, 828 ] end=786432 piso=1368064
COUNTS id=[ 256, 829 ] end=786432 piso=1409024
COUNTS id=[ 256, 830 ] end=458752 piso=1368064
COUNTS id=[ 256, 831 ] end=393216 piso=1409024
COUNTS id=[ 256, 832 ] end=393216 piso=1015808
COUNTS id=[ 256, 833 ] end=360448 piso=1073152
COUNTS id=[ 256, 834 ] end=1048576 piso=1835008
COUNTS id=[ 256, 835 ] end=1048576 piso=10780672
COUNTS id=[ 256, 836 ] end=262144 piso=3178496
COUNTS id=[ 256, 837 ] end=262144 piso=3178496
COUNTS id=[ 256, 838 ] end=163840 piso=1998848
COUNTS id=[ 256, 839 ] end=163840 piso=2129920
COUNTS id=[ 256, 840 ] end=557056 piso=3702784
COUNTS id=[ 256, 841 ] end=393216 piso=9142272
COUNTS id=[ 256, 842 ] end=262144 piso=3448832
COUNTS id=[ 256, 843 ] end=327680 piso=8978432
COUNTS id=[ 256, 844 ] end=229376 piso=3284992
COUNTS id=[ 256, 845 ] end=180224 piso=2088960
COUNTS id=[ 256, 846 ] end=180224 piso=2088960
COUNTS id=[ 256, 847 ] end=262144 piso=2818048
COUNTS id=[ 256, 848 ] end=196608 piso=1900544
COUNTS id=[ 256, 849 ] end=131072 piso=2457600
COUNTS id=[ 256, 850 ] end=163840 piso=1802240
COUNTS id=[ 256, 851 ] end=81920 piso=1548288
COUNTS id=[ 256, 852 ] end=81920 piso=1548288
COUNTS id=[ 256, 853 ] end=393216 piso=34013184
COUNTS id=[ 256, 854 ] end=262144 piso=3448832
COUNTS id=[ 256, 855 ] end=327680 piso=33849344
COUNTS id=[ 256, 856 ] end=229376 piso=3284992
COUNTS id=[ 256, 857 ] end=180224 piso=3260416
COUNTS id=[ 256, 858 ] end=180224 piso=3260416
COUNTS id=[ 256, 859 ] end=393216 piso=7438336
COUNTS id=[ 256, 860 ] end=262144 piso=3112960
COUNTS id=[ 256, 861 ] end=229376 piso=2654208
COUNTS id=[ 256, 862 ] end=196608 piso=3506176
COUNTS id=[ 256, 863 ] end=131072 piso=2850816
COUNTS id=[ 256, 864 ] end=163840 piso=2129920
COUNTS id=[ 256, 865 ] end=98304 piso=2785280
COUNTS id=[ 256, 866 ] end=98304 piso=1736704
COUNTS id=[ 256, 867 ] end=98304 piso=2555904
COUNTS id=[ 256, 868 ] end=98304 piso=1900544
COUNTS id=[ 256, 869 ] end=229376 piso=3080192
COUNTS id=[ 256, 870 ] end=180224 piso=1867776
COUNTS id=[ 256, 871 ] end=81920 piso=1728512
COUNTS id=[ 256, 872 ] end=81920 piso=1662976
COUNTS id=[ 256, 873 ] end=81920 piso=2424832
COUNTS id=[ 256, 874 ] end=81920 piso=1540096
COUNTS id=[ 256, 875 ] end=163840 piso=2383872
COUNTS id=[ 256, 876 ] end=131072 piso=1728512
COUNTS id=[ 256, 877 ] end=458752 piso=10608640
COUNTS id=[ 256, 878 ] end=294912 piso=4448256
COUNTS id=[ 256, 879 ] end=294912 piso=4120576
COUNTS id=[ 256, 880 ] end=360448 piso=8118272
COUNTS id=[ 256, 881 ] end=196608 piso=3137536
COUNTS id=[ 256, 882 ] end=196608 piso=2260992
COUNTS id=[ 256, 883 ] end=196608 piso=3047424
COUNTS id=[ 256, 884 ] end=196608 piso=2482176
COUNTS id=[ 256, 885 ] end=196608 piso=3497984
COUNTS id=[ 256, 886 ] end=196608 piso=3145728
COUNTS id=[ 256, 887 ] end=196608 piso=2293760
COUNTS id=[ 256, 888 ] end=196608 piso=2318336
COUNTS id=[ 256, 889 ] end=327680 piso=8151040
COUNTS id=[ 256, 890 ] end=196608 piso=3301376
COUNTS id=[ 256, 891 ] end=262144 piso=3825664
COUNTS id=[ 256, 892 ] end=327680 piso=8151040
COUNTS id=[ 256, 893 ] end=786432 piso=343015424
COUNTS id=[ 256, 894 ] end=393216 piso=9175040
COUNTS id=[ 256, 895 ] end=524288 piso=82223104
COUNTS id=[ 256, 896 ] end=393216 piso=8167424
COUNTS id=[ 256, 897 ] end=655360 piso=340918272
COUNTS id=[ 256, 898 ] end=327680 piso=9175040
COUNTS id=[ 256, 899 ] end=458752 piso=80125952
COUNTS id=[ 256, 900 ] end=327680 piso=8167424
COUNTS id=[ 256, 901 ] end=360448 piso=79265792
COUNTS id=[ 256, 902 ] end=294912 piso=5341184
COUNTS id=[ 256, 903 ] end=360448 piso=79306752
COUNTS id=[ 256, 904 ] end=294912 piso=5447680
COUNTS id=[ 256, 905 ] end=262144 piso=2818048
COUNTS id=[ 256, 906 ] end=196608 piso=1900544
PROGRESS checked=900 hits=0 reversed=0 runtime_ms=860801
COUNTS id=[ 256, 907 ] end=131072 piso=2457600
COUNTS id=[ 256, 908 ] end=163840 piso=1802240
COUNTS id=[ 256, 909 ] end=81920 piso=1548288
COUNTS id=[ 256, 910 ] end=81920 piso=1548288
COUNTS id=[ 256, 911 ] end=491520 piso=82157568
COUNTS id=[ 256, 912 ] end=245760 piso=3416064
COUNTS id=[ 256, 913 ] end=245760 piso=69541888
COUNTS id=[ 256, 914 ] end=180224 piso=2113536
COUNTS id=[ 256, 915 ] end=245760 piso=69541888
COUNTS id=[ 256, 916 ] end=180224 piso=2113536
COUNTS id=[ 256, 917 ] end=409600 piso=80060416
COUNTS id=[ 256, 918 ] end=180224 piso=3416064
COUNTS id=[ 256, 919 ] end=229376 piso=2621440
COUNTS id=[ 256, 920 ] end=180224 piso=1867776
COUNTS id=[ 256, 921 ] end=81920 piso=1531904
COUNTS id=[ 256, 922 ] end=81920 piso=1728512
COUNTS id=[ 256, 923 ] end=81920 piso=2162688
COUNTS id=[ 256, 924 ] end=81920 piso=1540096
COUNTS id=[ 256, 925 ] end=131072 piso=1728512
COUNTS id=[ 256, 926 ] end=163840 piso=2121728
COUNTS id=[ 256, 927 ] end=557056 piso=93495296
COUNTS id=[ 256, 928 ] end=278528 piso=4538368
COUNTS id=[ 256, 929 ] end=278528 piso=4538368
COUNTS id=[ 256, 930 ] end=442368 piso=81592320
COUNTS id=[ 256, 931 ] end=442368 piso=80158720
COUNTS id=[ 256, 932 ] end=278528 piso=3432448
COUNTS id=[ 256, 933 ] end=278528 piso=3432448
COUNTS id=[ 256, 934 ] end=344064 piso=70713344
COUNTS id=[ 256, 935 ] end=294912 piso=8101888
COUNTS id=[ 256, 936 ] end=180224 piso=3244032
COUNTS id=[ 256, 937 ] end=180224 piso=3244032
COUNTS id=[ 256, 938 ] end=278528 piso=7938048
COUNTS id=[ 256, 939 ] end=180224 piso=2072576
COUNTS id=[ 256, 940 ] end=180224 piso=2433024
COUNTS id=[ 256, 941 ] end=180224 piso=2269184
COUNTS id=[ 256, 942 ] end=180224 piso=2072576
COUNTS id=[ 256, 943 ] end=294912 piso=5472256
COUNTS id=[ 256, 944 ] end=180224 piso=2072576
COUNTS id=[ 256, 945 ] end=180224 piso=2465792
COUNTS id=[ 256, 946 ] end=180224 piso=2072576
COUNTS id=[ 256, 947 ] end=278528 piso=5275648
COUNTS id=[ 256, 948 ] end=180224 piso=2269184
COUNTS id=[ 256, 949 ] end=180224 piso=2269184
COUNTS id=[ 256, 950 ] end=180224 piso=2269184
COUNTS id=[ 256, 951 ] end=98304 piso=1703936
COUNTS id=[ 256, 952 ] end=81920 piso=1531904
COUNTS id=[ 256, 953 ] end=81920 piso=1540096
COUNTS id=[ 256, 954 ] end=81920 piso=1531904
COUNTS id=[ 256, 955 ] end=81920 piso=1662976
COUNTS id=[ 256, 956 ] end=81920 piso=1540096
COUNTS id=[ 256, 957 ] end=81920 piso=1597440
COUNTS id=[ 256, 958 ] end=81920 piso=1540096
COUNTS id=[ 256, 959 ] end=294912 piso=5578752
COUNTS id=[ 256, 960 ] end=180224 piso=2277376
COUNTS id=[ 256, 961 ] end=180224 piso=2269184
COUNTS id=[ 256, 962 ] end=180224 piso=2269184
COUNTS id=[ 256, 963 ] end=278528 piso=5382144
COUNTS id=[ 256, 964 ] end=180224 piso=2080768
COUNTS id=[ 256, 965 ] end=180224 piso=2072576
COUNTS id=[ 256, 966 ] end=180224 piso=2072576
COUNTS id=[ 256, 967 ] end=589824 piso=94470144
COUNTS id=[ 256, 968 ] end=294912 piso=3506176
COUNTS id=[ 256, 969 ] end=294912 piso=4259840
COUNTS id=[ 256, 970 ] end=360448 piso=71270400
COUNTS id=[ 256, 971 ] end=442368 piso=80297984
COUNTS id=[ 256, 972 ] end=278528 piso=3416064
COUNTS id=[ 256, 973 ] end=131072 piso=2686976
COUNTS id=[ 256, 974 ] end=98304 piso=1736704
COUNTS id=[ 256, 975 ] end=98304 piso=1572864
COUNTS id=[ 256, 976 ] end=98304 piso=2195456
COUNTS id=[ 256, 977 ] end=81920 piso=1679360
COUNTS id=[ 256, 978 ] end=81920 piso=1744896
COUNTS id=[ 256, 979 ] end=98304 piso=1867776
COUNTS id=[ 256, 980 ] end=81920 piso=1769472
COUNTS id=[ 256, 981 ] end=81920 piso=1728512
COUNTS id=[ 256, 982 ] end=81920 piso=1728512
COUNTS id=[ 256, 983 ] end=81920 piso=1662976
COUNTS id=[ 256, 984 ] end=81920 piso=1597440
COUNTS id=[ 256, 985 ] end=81920 piso=1540096
COUNTS id=[ 256, 986 ] end=81920 piso=1540096
COUNTS id=[ 256, 987 ] end=131072 piso=3473408
COUNTS id=[ 256, 988 ] end=98304 piso=1572864
COUNTS id=[ 256, 989 ] end=98304 piso=2392064
COUNTS id=[ 256, 990 ] end=98304 piso=2195456
COUNTS id=[ 256, 991 ] end=81920 piso=1744896
COUNTS id=[ 256, 992 ] end=81920 piso=2400256
COUNTS id=[ 256, 993 ] end=196608 piso=69533696
COUNTS id=[ 256, 994 ] end=98304 piso=1572864
COUNTS id=[ 256, 995 ] end=98304 piso=1572864
COUNTS id=[ 256, 996 ] end=163840 piso=69533696
COUNTS id=[ 256, 997 ] end=147456 piso=69517312
COUNTS id=[ 256, 998 ] end=81920 piso=1556480
COUNTS id=[ 256, 999 ] end=786432 piso=368893952
COUNTS id=[ 256, 1000 ] end=458752 piso=82132992
COUNTS id=[ 256, 1001 ] end=393216 piso=10846208
COUNTS id=[ 256, 1002 ] end=393216 piso=10010624
COUNTS id=[ 256, 1003 ] end=557056 piso=92463104
COUNTS id=[ 256, 1004 ] end=458752 piso=80297984
COUNTS id=[ 256, 1005 ] end=393216 piso=6651904
COUNTS id=[ 256, 1006 ] end=393216 piso=6635520
PROGRESS checked=1000 hits=0 reversed=0 runtime_ms=1031287
COUNTS id=[ 256, 1007 ] end=557056 piso=93405184
COUNTS id=[ 256, 1008 ] end=655360 piso=342319104
COUNTS id=[ 256, 1009 ] end=393216 piso=9543680
COUNTS id=[ 256, 1010 ] end=393216 piso=10543104
COUNTS id=[ 256, 1011 ] end=557056 piso=94453760
COUNTS id=[ 256, 1012 ] end=458752 piso=80699392
COUNTS id=[ 256, 1013 ] end=393216 piso=6791168
COUNTS id=[ 256, 1014 ] end=393216 piso=7004160
COUNTS id=[ 256, 1015 ] end=393216 piso=9306112
COUNTS id=[ 256, 1016 ] end=229376 piso=3153920
COUNTS id=[ 256, 1017 ] end=196608 piso=3457024
COUNTS id=[ 256, 1018 ] end=327680 piso=5505024
COUNTS id=[ 256, 1019 ] end=229376 piso=2498560
COUNTS id=[ 256, 1020 ] end=196608 piso=2277376
COUNTS id=[ 256, 1021 ] end=294912 piso=5505024
COUNTS id=[ 256, 1022 ] end=196608 piso=3481600
COUNTS id=[ 256, 1023 ] end=196608 piso=2310144
COUNTS id=[ 256, 1024 ] end=196608 piso=3293184
COUNTS id=[ 256, 1025 ] end=393216 piso=13205504
COUNTS id=[ 256, 1026 ] end=229376 piso=2498560
COUNTS id=[ 256, 1027 ] end=196608 piso=3153920
COUNTS id=[ 256, 1028 ] end=327680 piso=10452992
COUNTS id=[ 256, 1029 ] end=229376 piso=3153920
COUNTS id=[ 256, 1030 ] end=196608 piso=2498560
COUNTS id=[ 256, 1031 ] end=294912 piso=10452992
COUNTS id=[ 256, 1032 ] end=196608 piso=3153920
COUNTS id=[ 256, 1033 ] end=196608 piso=3383296
COUNTS id=[ 256, 1034 ] end=196608 piso=2334720
COUNTS id=[ 256, 1035 ] end=589824 piso=98140160
COUNTS id=[ 256, 1036 ] end=294912 piso=7364608
COUNTS id=[ 256, 1037 ] end=360448 piso=70746112
COUNTS id=[ 256, 1038 ] end=294912 piso=3465216
COUNTS id=[ 256, 1039 ] end=442368 piso=81608704
COUNTS id=[ 256, 1040 ] end=278528 piso=4554752
COUNTS id=[ 256, 1041 ] end=196608 piso=71106560
COUNTS id=[ 256, 1042 ] end=98304 piso=1695744
COUNTS id=[ 256, 1043 ] end=163840 piso=69533696
COUNTS id=[ 256, 1044 ] end=98304 piso=1695744
COUNTS id=[ 256, 1045 ] end=147456 piso=69517312
COUNTS id=[ 256, 1046 ] end=81920 piso=1548288
COUNTS id=[ 256, 1047 ] end=98304 piso=2097152
COUNTS id=[ 256, 1048 ] end=81920 piso=1728512
COUNTS id=[ 256, 1049 ] end=81920 piso=1769472
COUNTS id=[ 256, 1050 ] end=81920 piso=1597440
COUNTS id=[ 256, 1051 ] end=81920 piso=2121728
COUNTS id=[ 256, 1052 ] end=81920 piso=1769472
COUNTS id=[ 256, 1053 ] end=81920 piso=1728512
COUNTS id=[ 256, 1054 ] end=81920 piso=1540096
COUNTS id=[ 256, 1055 ] end=294912 piso=9142272
COUNTS id=[ 256, 1056 ] end=180224 piso=3440640
COUNTS id=[ 256, 1057 ] end=180224 piso=2072576
COUNTS id=[ 256, 1058 ] end=180224 piso=2080768
COUNTS id=[ 256, 1059 ] end=180224 piso=3244032
COUNTS id=[ 256, 1060 ] end=278528 piso=8945664
COUNTS id=[ 256, 1061 ] end=180224 piso=2277376
COUNTS id=[ 256, 1062 ] end=180224 piso=2269184
COUNTS id=[ 256, 1063 ] end=98304 piso=2752512
COUNTS id=[ 256, 1064 ] end=81920 piso=1662976
COUNTS id=[ 256, 1065 ] end=81920 piso=1728512
COUNTS id=[ 256, 1066 ] end=81920 piso=1769472
COUNTS id=[ 256, 1067 ] end=81920 piso=2359296
COUNTS id=[ 256, 1068 ] end=81920 piso=1531904
COUNTS id=[ 256, 1069 ] end=81920 piso=1728512
COUNTS id=[ 256, 1070 ] end=81920 piso=2162688
COUNTS id=[ 256, 1071 ] end=98304 piso=2785280
COUNTS id=[ 256, 1072 ] end=81920 piso=1728512
COUNTS id=[ 256, 1073 ] end=81920 piso=1662976
COUNTS id=[ 256, 1074 ] end=81920 piso=1540096
COUNTS id=[ 256, 1075 ] end=81920 piso=1728512
COUNTS id=[ 256, 1076 ] end=81920 piso=2424832
COUNTS id=[ 256, 1077 ] end=81920 piso=1703936
COUNTS id=[ 256, 1078 ] end=81920 piso=1531904
COUNTS id=[ 256, 1079 ] end=294912 piso=8134656
COUNTS id=[ 256, 1080 ] end=180224 piso=3244032
COUNTS id=[ 256, 1081 ] end=180224 piso=2269184
COUNTS id=[ 256, 1082 ] end=180224 piso=2269184
COUNTS id=[ 256, 1083 ] end=180224 piso=2465792
COUNTS id=[ 256, 1084 ] end=180224 piso=2072576
COUNTS id=[ 256, 1085 ] end=180224 piso=3440640
COUNTS id=[ 256, 1086 ] end=278528 piso=7938048
COUNTS id=[ 256, 1087 ] end=1048576 piso=68785733632
COUNTS id=[ 256, 1088 ] end=458752 piso=73900032
COUNTS id=[ 256, 1089 ] end=950272 piso=68785733632
COUNTS id=[ 256, 1090 ] end=458752 piso=73900032
COUNTS id=[ 256, 1091 ] end=360448 piso=79011840
COUNTS id=[ 256, 1092 ] end=245760 piso=69279744
COUNTS id=[ 256, 1093 ] end=180224 piso=2269184
COUNTS id=[ 256, 1094 ] end=180224 piso=2080768
COUNTS id=[ 256, 1095 ] end=344064 piso=79011840
COUNTS id=[ 256, 1096 ] end=245760 piso=69279744
COUNTS id=[ 256, 1097 ] end=180224 piso=2269184
COUNTS id=[ 256, 1098 ] end=180224 piso=2080768
COUNTS id=[ 256, 1099 ] end=393216 piso=79003648
COUNTS id=[ 256, 1100 ] end=262144 piso=69312512
COUNTS id=[ 256, 1101 ] end=180224 piso=2097152
COUNTS id=[ 256, 1102 ] end=360448 piso=79003648
COUNTS id=[ 256, 1103 ] end=262144 piso=69312512
COUNTS id=[ 256, 1104 ] end=180224 piso=2097152
COUNTS id=[ 256, 1105 ] end=131072 piso=1900544
COUNTS id=[ 256, 1106 ] end=81920 piso=1556480
PROGRESS checked=1100 hits=0 reversed=0 runtime_ms=1213803
COUNTS id=[ 256, 1107 ] end=98304 piso=1802240
COUNTS id=[ 256, 1108 ] end=98304 piso=1695744
COUNTS id=[ 256, 1109 ] end=81920 piso=1744896
COUNTS id=[ 256, 1110 ] end=98304 piso=1630208
COUNTS id=[ 256, 1111 ] end=163840 piso=2031616
COUNTS id=[ 256, 1112 ] end=81920 piso=1572864
COUNTS id=[ 256, 1113 ] end=81920 piso=1695744
COUNTS id=[ 256, 1114 ] end=114688 piso=1662976
COUNTS id=[ 256, 1115 ] end=262144 piso=3604480
COUNTS id=[ 256, 1116 ] end=98304 piso=1867776
COUNTS id=[ 256, 1117 ] end=98304 piso=2482176
COUNTS id=[ 256, 1118 ] end=163840 piso=1761280
COUNTS id=[ 256, 1119 ] end=524288 piso=2916352
COUNTS id=[ 256, 1120 ] end=163840 piso=1171456
COUNTS id=[ 256, 1121 ] end=196608 piso=1179648
COUNTS id=[ 256, 1122 ] end=98304 piso=917504
COUNTS id=[ 256, 1123 ] end=131072 piso=974848
COUNTS id=[ 256, 1124 ] end=229376 piso=1736704
COUNTS id=[ 256, 1125 ] end=98304 piso=342016
COUNTS id=[ 256, 1126 ] end=98304 piso=342016
COUNTS id=[ 256, 1127 ] end=49152 piso=342016
COUNTS id=[ 256, 1128 ] end=49152 piso=342016
COUNTS id=[ 256, 1129 ] end=49152 piso=227328
COUNTS id=[ 256, 1130 ] end=49152 piso=227328
COUNTS id=[ 256, 1131 ] end=524288 piso=3080192
COUNTS id=[ 256, 1132 ] end=262144 piso=2949120
COUNTS id=[ 256, 1133 ] end=212992 piso=2932736
COUNTS id=[ 256, 1134 ] end=212992 piso=1753088
COUNTS id=[ 256, 1135 ] end=147456 piso=1753088
COUNTS id=[ 256, 1136 ] end=122880 piso=1613824
COUNTS id=[ 256, 1137 ] end=73728 piso=1613824
COUNTS id=[ 256, 1138 ] end=360448 piso=79241216
COUNTS id=[ 256, 1139 ] end=262144 piso=7938048
COUNTS id=[ 256, 1140 ] end=311296 piso=79241216
COUNTS id=[ 256, 1141 ] end=212992 piso=7938048
COUNTS id=[ 256, 1142 ] end=122880 piso=4759552
COUNTS id=[ 256, 1143 ] end=163840 piso=37961728
COUNTS id=[ 256, 1144 ] end=90112 piso=651264
COUNTS id=[ 256, 1145 ] end=57344 piso=651264
COUNTS id=[ 256, 1146 ] end=40960 piso=417792
COUNTS id=[ 256, 1147 ] end=163840 piso=1733632
COUNTS id=[ 256, 1148 ] end=110592 piso=1700864
COUNTS id=[ 256, 1149 ] end=90112 piso=1285120
COUNTS id=[ 256, 1150 ] end=114688 piso=1283072
COUNTS id=[ 256, 1151 ] end=65536 piso=447488
COUNTS id=[ 256, 1152 ] end=65536 piso=1283072
COUNTS id=[ 256, 1153 ] end=40960 piso=447488
COUNTS id=[ 256, 1154 ] end=73728 piso=898048
COUNTS id=[ 256, 1155 ] end=36864 piso=357376
COUNTS id=[ 256, 1156 ] end=262144 piso=5689856
COUNTS id=[ 256, 1157 ] end=163840 piso=3265024
COUNTS id=[ 256, 1158 ] end=229376 piso=5427712
COUNTS id=[ 256, 1159 ] end=131072 piso=3002880
COUNTS id=[ 256, 1160 ] end=221184 piso=5526016
COUNTS id=[ 256, 1161 ] end=122880 piso=3101184
COUNTS id=[ 256, 1162 ] end=204800 piso=5394944
COUNTS id=[ 256, 1163 ] end=106496 piso=2970112
COUNTS id=[ 256, 1164 ] end=73728 piso=1298944
COUNTS id=[ 256, 1165 ] end=114688 piso=1753600
COUNTS id=[ 256, 1166 ] end=73728 piso=1102336
COUNTS id=[ 256, 1167 ] end=114688 piso=1556992
COUNTS id=[ 256, 1168 ] end=73728 piso=1200640
COUNTS id=[ 256, 1169 ] end=114688 piso=1655296
COUNTS id=[ 256, 1170 ] end=73728 piso=1135104
COUNTS id=[ 256, 1171 ] end=114688 piso=1589760
COUNTS id=[ 256, 1172 ] end=90112 piso=508416
COUNTS id=[ 256, 1173 ] end=90112 piso=459264
COUNTS id=[ 256, 1174 ] end=45056 piso=463360
COUNTS id=[ 256, 1175 ] end=40960 piso=336384
COUNTS id=[ 256, 1176 ] end=40960 piso=320000
COUNTS id=[ 256, 1177 ] end=36864 piso=307712
COUNTS id=[ 256, 1178 ] end=118784 piso=937472
COUNTS id=[ 256, 1179 ] end=98304 piso=658944
COUNTS id=[ 256, 1180 ] end=79872 piso=740864
COUNTS id=[ 256, 1181 ] end=59392 piso=658944
COUNTS id=[ 256, 1182 ] end=69632 piso=818688
COUNTS id=[ 256, 1183 ] end=65536 piso=589312
COUNTS id=[ 256, 1184 ] end=69632 piso=687616
COUNTS id=[ 256, 1185 ] end=65536 piso=589312
COUNTS id=[ 256, 1186 ] end=147456 piso=1660416
COUNTS id=[ 256, 1187 ] end=98304 piso=742912
COUNTS id=[ 256, 1188 ] end=139264 piso=1627648
COUNTS id=[ 256, 1189 ] end=90112 piso=710144
COUNTS id=[ 256, 1190 ] end=81920 piso=1578496
COUNTS id=[ 256, 1191 ] end=57344 piso=628224
COUNTS id=[ 256, 1192 ] end=73728 piso=1578496
COUNTS id=[ 256, 1193 ] end=49152 piso=628224
COUNTS id=[ 256, 1194 ] end=86016 piso=1070592
COUNTS id=[ 256, 1195 ] end=49152 piso=595456
COUNTS id=[ 256, 1196 ] end=77824 piso=1037824
COUNTS id=[ 256, 1197 ] end=40960 piso=562688
COUNTS id=[ 256, 1198 ] end=86016 piso=1086976
COUNTS id=[ 256, 1199 ] end=49152 piso=579072
COUNTS id=[ 256, 1200 ] end=77824 piso=1086976
COUNTS id=[ 256, 1201 ] end=40960 piso=579072
COUNTS id=[ 256, 1202 ] end=253952 piso=10817024
COUNTS id=[ 256, 1203 ] end=212992 piso=8818176
COUNTS id=[ 256, 1204 ] end=196608 piso=7798272
COUNTS id=[ 256, 1205 ] end=155648 piso=5627392
COUNTS id=[ 256, 1206 ] end=245760 piso=10817024
PROGRESS checked=1200 hits=0 reversed=0 runtime_ms=1363389
COUNTS id=[ 256, 1207 ] end=204800 piso=8818176
COUNTS id=[ 256, 1208 ] end=196608 piso=7798272
COUNTS id=[ 256, 1209 ] end=155648 piso=5627392
COUNTS id=[ 256, 1210 ] end=131072 piso=1953792
COUNTS id=[ 256, 1211 ] end=90112 piso=1488896
COUNTS id=[ 256, 1212 ] end=114688 piso=1658880
COUNTS id=[ 256, 1213 ] end=73728 piso=1193984
COUNTS id=[ 256, 1214 ] end=106496 piso=1708032
COUNTS id=[ 256, 1215 ] end=65536 piso=1243136
COUNTS id=[ 256, 1216 ] end=204800 piso=4128768
COUNTS id=[ 256, 1217 ] end=122880 piso=1581056
COUNTS id=[ 256, 1218 ] end=90112 piso=1531904
COUNTS id=[ 256, 1219 ] end=172032 piso=4128768
COUNTS id=[ 256, 1220 ] end=90112 piso=1581056
COUNTS id=[ 256, 1221 ] end=73728 piso=1531904
COUNTS id=[ 256, 1222 ] end=155648 piso=4063232
COUNTS id=[ 256, 1223 ] end=73728 piso=1515520
COUNTS id=[ 256, 1224 ] end=73728 piso=1482752
COUNTS id=[ 256, 1225 ] end=73728 piso=1482752
COUNTS id=[ 256, 1226 ] end=64512 piso=834048
COUNTS id=[ 256, 1227 ] end=64512 piso=834048
COUNTS id=[ 256, 1228 ] end=62464 piso=791040
COUNTS id=[ 256, 1229 ] end=30720 piso=339968
COUNTS id=[ 256, 1230 ] end=20480 piso=251904
COUNTS id=[ 256, 1231 ] end=30720 piso=339968
COUNTS id=[ 256, 1232 ] end=20480 piso=251904
COUNTS id=[ 256, 1233 ] end=26624 piso=323584
COUNTS id=[ 256, 1234 ] end=16384 piso=235520
COUNTS id=[ 256, 1235 ] end=31744 piso=352256
COUNTS id=[ 256, 1236 ] end=31744 piso=253952
COUNTS id=[ 256, 1237 ] end=31744 piso=352256
COUNTS id=[ 256, 1238 ] end=31744 piso=253952
COUNTS id=[ 256, 1239 ] end=38912 piso=393728
COUNTS id=[ 256, 1240 ] end=28672 piso=315904
COUNTS id=[ 256, 1241 ] end=38912 piso=369152
COUNTS id=[ 256, 1242 ] end=28672 piso=291328
COUNTS id=[ 256, 1243 ] end=38912 piso=369152
COUNTS id=[ 256, 1244 ] end=28672 piso=291328
COUNTS id=[ 256, 1245 ] end=38912 piso=393728
COUNTS id=[ 256, 1246 ] end=28672 piso=315904
COUNTS id=[ 256, 1247 ] end=393216 piso=1245184
COUNTS id=[ 256, 1248 ] end=196608 piso=1114112
COUNTS id=[ 256, 1249 ] end=147456 piso=1097728
COUNTS id=[ 256, 1250 ] end=131072 piso=835584
COUNTS id=[ 256, 1251 ] end=65536 piso=835584
COUNTS id=[ 256, 1252 ] end=90112 piso=770048
COUNTS id=[ 256, 1253 ] end=40960 piso=770048
COUNTS id=[ 256, 1254 ] end=98304 piso=712704
COUNTS id=[ 256, 1255 ] end=49152 piso=712704
COUNTS id=[ 256, 1256 ] end=81920 piso=548864
COUNTS id=[ 256, 1257 ] end=65536 piso=548864
COUNTS id=[ 256, 1258 ] end=36864 piso=446464
COUNTS id=[ 256, 1259 ] end=196608 piso=1064960
COUNTS id=[ 256, 1260 ] end=196608 piso=1064960
COUNTS id=[ 256, 1261 ] end=98304 piso=868352
COUNTS id=[ 256, 1262 ] end=98304 piso=868352
COUNTS id=[ 256, 1263 ] end=131072 piso=770048
COUNTS id=[ 256, 1264 ] end=98304 piso=835584
COUNTS id=[ 256, 1265 ] end=49152 piso=647168
COUNTS id=[ 256, 1266 ] end=49152 piso=647168
COUNTS id=[ 256, 1267 ] end=40960 piso=622592
COUNTS id=[ 256, 1268 ] end=131072 piso=610304
COUNTS id=[ 256, 1269 ] end=131072 piso=610304
COUNTS id=[ 256, 1270 ] end=98304 piso=512000
COUNTS id=[ 256, 1271 ] end=98304 piso=512000
COUNTS id=[ 256, 1272 ] end=114688 piso=577536
COUNTS id=[ 256, 1273 ] end=114688 piso=577536
COUNTS id=[ 256, 1274 ] end=81920 piso=479232
COUNTS id=[ 256, 1275 ] end=81920 piso=479232
COUNTS id=[ 256, 1276 ] end=49152 piso=479232
COUNTS id=[ 256, 1277 ] end=49152 piso=479232
COUNTS id=[ 256, 1278 ] end=65536 piso=479232
COUNTS id=[ 256, 1279 ] end=65536 piso=479232
COUNTS id=[ 256, 1280 ] end=57344 piso=331776
COUNTS id=[ 256, 1281 ] end=28672 piso=282624
COUNTS id=[ 256, 1282 ] end=49152 piso=266240
COUNTS id=[ 256, 1283 ] end=20480 piso=282624
COUNTS id=[ 256, 1284 ] end=16384 piso=258048
COUNTS id=[ 256, 1285 ] end=24576 piso=258048
COUNTS id=[ 256, 1286 ] end=786432 piso=68921458688
COUNTS id=[ 256, 1287 ] end=393216 piso=403308544
COUNTS id=[ 256, 1288 ] end=196608 piso=86769664
COUNTS id=[ 256, 1289 ] end=393216 piso=277774336
COUNTS id=[ 256, 1290 ] end=327680 piso=277577728
COUNTS id=[ 256, 1291 ] end=131072 piso=31162368
COUNTS id=[ 256, 1292 ] end=262144 piso=180387840
COUNTS id=[ 256, 1293 ] end=294912 piso=157646848
COUNTS id=[ 256, 1294 ] end=98304 piso=16089088
COUNTS id=[ 256, 1295 ] end=393216 piso=368050176
COUNTS id=[ 256, 1296 ] end=196608 piso=94371840
COUNTS id=[ 256, 1297 ] end=163840 piso=44433408
COUNTS id=[ 256, 1298 ] end=294912 piso=277442560
COUNTS id=[ 256, 1299 ] end=98304 piso=31027200
COUNTS id=[ 256, 1300 ] end=122880 piso=11620352
COUNTS id=[ 256, 1301 ] end=147456 piso=10973184
COUNTS id=[ 256, 1302 ] end=49152 piso=4550656
COUNTS id=[ 256, 1303 ] end=90112 piso=3936256
COUNTS id=[ 256, 1304 ] end=206848 piso=8700928
COUNTS id=[ 256, 1305 ] end=112640 piso=3607552
COUNTS id=[ 256, 1306 ] end=167936 piso=8315904
PROGRESS checked=1300 hits=0 reversed=0 runtime_ms=1518881
COUNTS id=[ 256, 1307 ] end=45056 piso=5350400
COUNTS id=[ 256, 1308 ] end=86016 piso=2020352
COUNTS id=[ 256, 1309 ] end=36864 piso=1287168
COUNTS id=[ 256, 1310 ] end=253952 piso=143015936
COUNTS id=[ 256, 1311 ] end=57344 piso=20594688
COUNTS id=[ 256, 1312 ] end=98304 piso=9428992
COUNTS id=[ 256, 1313 ] end=90112 piso=2957312
COUNTS id=[ 256, 1314 ] end=147456 piso=6078464
COUNTS id=[ 256, 1315 ] end=49152 piso=2670592
COUNTS id=[ 256, 1316 ] end=425984 piso=379977728
COUNTS id=[ 256, 1317 ] end=229376 piso=107347968
COUNTS id=[ 256, 1318 ] end=106496 piso=8249344
COUNTS id=[ 256, 1319 ] end=253952 piso=90365952
COUNTS id=[ 256, 1320 ] end=163840 piso=16138240
COUNTS id=[ 256, 1321 ] end=65536 piso=8011776
COUNTS id=[ 256, 1322 ] end=294912 piso=157655040
COUNTS id=[ 256, 1323 ] end=98304 piso=16097280
COUNTS id=[ 256, 1324 ] end=90112 piso=4030464
COUNTS id=[ 256, 1325 ] end=163840 piso=11116544
COUNTS id=[ 256, 1326 ] end=65536 piso=4694016
COUNTS id=[ 256, 1327 ] end=557056 piso=699359232
COUNTS id=[ 256, 1328 ] end=98304 piso=67952640
COUNTS id=[ 256, 1329 ] end=147456 piso=11018240
COUNTS id=[ 256, 1330 ] end=163840 piso=68116480
COUNTS id=[ 256, 1331 ] end=49152 piso=4595712
COUNTS id=[ 256, 1332 ] end=163840 piso=11067392
COUNTS id=[ 256, 1333 ] end=65536 piso=4644864
COUNTS id=[ 256, 1334 ] end=249856 piso=44601344
COUNTS id=[ 256, 1335 ] end=77824 piso=5990400
COUNTS id=[ 256, 1336 ] end=83968 piso=1880064
COUNTS id=[ 256, 1337 ] end=59392 piso=1325056
COUNTS id=[ 256, 1338 ] end=233472 piso=13943808
COUNTS id=[ 256, 1339 ] end=86016 piso=3843072
COUNTS id=[ 256, 1340 ] end=124928 piso=3259392
COUNTS id=[ 256, 1341 ] end=212992 piso=13368320
COUNTS id=[ 256, 1342 ] end=65536 piso=7830528
COUNTS id=[ 256, 1343 ] end=65536 piso=3193856
COUNTS id=[ 256, 1344 ] end=16384 piso=3800064
COUNTS id=[ 256, 1345 ] end=36864 piso=1278976
COUNTS id=[ 256, 1346 ] end=86016 piso=2036736
COUNTS id=[ 256, 1347 ] end=290816 piso=145182720
COUNTS id=[ 256, 1348 ] end=131072 piso=5492736
COUNTS id=[ 256, 1349 ] end=192512 piso=14159872
COUNTS id=[ 256, 1350 ] end=131072 piso=5640192
COUNTS id=[ 256, 1351 ] end=81920 piso=3657728
COUNTS id=[ 256, 1352 ] end=143360 piso=10555392
COUNTS id=[ 256, 1353 ] end=81920 piso=3411968
COUNTS id=[ 256, 1354 ] end=143360 piso=18305024
COUNTS id=[ 256, 1355 ] end=270336 piso=144508928
COUNTS id=[ 256, 1356 ] end=65536 piso=2869248
COUNTS id=[ 256, 1357 ] end=122880 piso=17647616
COUNTS id=[ 256, 1358 ] end=114688 piso=4900864
COUNTS id=[ 256, 1359 ] end=65536 piso=3082240
COUNTS id=[ 256, 1360 ] end=73728 piso=5146624
COUNTS id=[ 256, 1361 ] end=114688 piso=5015552
COUNTS id=[ 256, 1362 ] end=24576 piso=5294080
COUNTS id=[ 256, 1363 ] end=462848 piso=570880000
COUNTS id=[ 256, 1364 ] end=131072 piso=10661888
COUNTS id=[ 256, 1365 ] end=135168 piso=18362368
COUNTS id=[ 256, 1366 ] end=131072 piso=5697536
COUNTS id=[ 256, 1367 ] end=118784 piso=50819072
COUNTS id=[ 256, 1368 ] end=81920 piso=5894144
COUNTS id=[ 256, 1369 ] end=282624 piso=145272832
COUNTS id=[ 256, 1370 ] end=81920 piso=3715072
COUNTS id=[ 256, 1371 ] end=425984 piso=570378240
COUNTS id=[ 256, 1372 ] end=172032 piso=13584384
COUNTS id=[ 256, 1373 ] end=180224 piso=13584384
COUNTS id=[ 256, 1374 ] end=122880 piso=4933632
COUNTS id=[ 256, 1375 ] end=122880 piso=9881600
COUNTS id=[ 256, 1376 ] end=81920 piso=50087936
COUNTS id=[ 256, 1377 ] end=73728 piso=2885632
COUNTS id=[ 256, 1378 ] end=32768 piso=5310464
COUNTS id=[ 256, 1379 ] end=81920 piso=50104320
COUNTS id=[ 256, 1380 ] end=24576 piso=5326848
COUNTS id=[ 256, 1381 ] end=131072 piso=9897984
COUNTS id=[ 256, 1382 ] end=73728 piso=2902016
COUNTS id=[ 256, 1383 ] end=73728 piso=5163008
COUNTS id=[ 256, 1384 ] end=32768 piso=14780416
COUNTS id=[ 256, 1385 ] end=122880 piso=4917248
COUNTS id=[ 256, 1386 ] end=81920 piso=5163008
COUNTS id=[ 256, 1387 ] end=126976 piso=3750912
COUNTS id=[ 256, 1388 ] end=102400 piso=2503680
COUNTS id=[ 256, 1389 ] end=108544 piso=3224576
COUNTS id=[ 256, 1390 ] end=34816 piso=1297408
COUNTS id=[ 256, 1391 ] end=409600 piso=316483584
COUNTS id=[ 256, 1392 ] end=163840 piso=16476160
COUNTS id=[ 256, 1393 ] end=212992 piso=48572416
COUNTS id=[ 256, 1394 ] end=65536 piso=8546304
COUNTS id=[ 256, 1395 ] end=102400 piso=8493056
COUNTS id=[ 256, 1396 ] end=249856 piso=45930496
COUNTS id=[ 256, 1397 ] end=135168 piso=7813120
COUNTS id=[ 256, 1398 ] end=36864 piso=2734080
COUNTS id=[ 256, 1399 ] end=59392 piso=1292288
COUNTS id=[ 256, 1400 ] end=111616 piso=2616832
COUNTS id=[ 256, 1401 ] end=37888 piso=1760768
COUNTS id=[ 256, 1402 ] end=62464 piso=2035200
COUNTS id=[ 256, 1403 ] end=37888 piso=1416704
COUNTS id=[ 256, 1404 ] end=149504 piso=4812288
COUNTS id=[ 256, 1405 ] end=24576 piso=2131456
COUNTS id=[ 256, 1406 ] end=73728 piso=2092544
PROGRESS checked=1400 hits=0 reversed=0 runtime_ms=1765838
COUNTS id=[ 256, 1407 ] end=51200 piso=1766912
COUNTS id=[ 256, 1408 ] end=256000 piso=21432320
COUNTS id=[ 256, 1409 ] end=51200 piso=8464384
COUNTS id=[ 256, 1410 ] end=51200 piso=1751040
COUNTS id=[ 256, 1411 ] end=51200 piso=1775616
COUNTS id=[ 256, 1412 ] end=26624 piso=3747840
COUNTS id=[ 256, 1413 ] end=34816 piso=3780608
COUNTS id=[ 256, 1414 ] end=124928 piso=3698688
COUNTS id=[ 256, 1415 ] end=26624 piso=2019328
COUNTS id=[ 256, 1416 ] end=215040 piso=13455360
COUNTS id=[ 256, 1417 ] end=63488 piso=7921664
COUNTS id=[ 256, 1418 ] end=88064 piso=2127872
COUNTS id=[ 256, 1419 ] end=38912 piso=1374208
COUNTS id=[ 256, 1420 ] end=63488 piso=3317760
COUNTS id=[ 256, 1421 ] end=18432 piso=3854336
COUNTS id=[ 256, 1422 ] end=88064 piso=2131968
COUNTS id=[ 256, 1423 ] end=38912 piso=1370112
COUNTS id=[ 256, 1424 ] end=152576 piso=9330688
COUNTS id=[ 256, 1425 ] end=50176 piso=1767424
COUNTS id=[ 256, 1426 ] end=74752 piso=2072576
COUNTS id=[ 256, 1427 ] end=29696 piso=2865152
COUNTS id=[ 256, 1428 ] end=120832 piso=3987456
COUNTS id=[ 256, 1429 ] end=71680 piso=3414016
COUNTS id=[ 256, 1430 ] end=40960 piso=2207744
COUNTS id=[ 256, 1431 ] end=452608 piso=570716160
COUNTS id=[ 256, 1432 ] end=178176 piso=13930496
COUNTS id=[ 256, 1433 ] end=124928 piso=5271552
COUNTS id=[ 256, 1434 ] end=124928 piso=10448896
COUNTS id=[ 256, 1435 ] end=75776 piso=50507776
COUNTS id=[ 256, 1436 ] end=26624 piso=5746688
COUNTS id=[ 256, 1437 ] end=67584 piso=3207168
COUNTS id=[ 256, 1438 ] end=79872 piso=5787648
COUNTS id=[ 256, 1439 ] end=59392 piso=15265792
COUNTS id=[ 256, 1440 ] end=124928 piso=5271552
COUNTS id=[ 256, 1441 ] end=425984 piso=165308416
COUNTS id=[ 256, 1442 ] end=77824 piso=5781504
COUNTS id=[ 256, 1443 ] end=81920 piso=22898688
COUNTS id=[ 256, 1444 ] end=212992 piso=13372416
COUNTS id=[ 256, 1445 ] end=65536 piso=3197952
COUNTS id=[ 256, 1446 ] end=86016 piso=2032640
COUNTS id=[ 256, 1447 ] end=65536 piso=7826432
COUNTS id=[ 256, 1448 ] end=16384 piso=3795968
COUNTS id=[ 256, 1449 ] end=36864 piso=1266688
COUNTS id=[ 256, 1450 ] end=188416 piso=8329216
COUNTS id=[ 256, 1451 ] end=77824 piso=1656832
COUNTS id=[ 256, 1452 ] end=139264 piso=7084032
COUNTS id=[ 256, 1453 ] end=219136 piso=11915776
COUNTS id=[ 256, 1454 ] end=112640 piso=2470400
COUNTS id=[ 256, 1455 ] end=112640 piso=6566400
COUNTS id=[ 256, 1456 ] end=63488 piso=1745408
COUNTS id=[ 256, 1457 ] end=282624 piso=21500416
COUNTS id=[ 256, 1458 ] end=49152 piso=1626624
COUNTS id=[ 256, 1459 ] end=53248 piso=8303104
COUNTS id=[ 256, 1460 ] end=126976 piso=3748352
COUNTS id=[ 256, 1461 ] end=40960 piso=3604992
COUNTS id=[ 256, 1462 ] end=28672 piso=1888768
COUNTS id=[ 256, 1463 ] end=147456 piso=6889984
COUNTS id=[ 256, 1464 ] end=49152 piso=1278464
COUNTS id=[ 256, 1465 ] end=73728 piso=1503744
COUNTS id=[ 256, 1466 ] end=24576 piso=2023936
COUNTS id=[ 256, 1467 ] end=210944 piso=9291264
COUNTS id=[ 256, 1468 ] end=112640 piso=2749952
COUNTS id=[ 256, 1469 ] end=112640 piso=2766336
COUNTS id=[ 256, 1470 ] end=63488 piso=2336256
COUNTS id=[ 256, 1471 ] end=145408 piso=4096000
COUNTS id=[ 256, 1472 ] end=71680 piso=1742848
COUNTS id=[ 256, 1473 ] end=22528 piso=1593344
COUNTS id=[ 256, 1474 ] end=47104 piso=1320960
COUNTS id=[ 256, 1475 ] end=160768 piso=4588032
COUNTS id=[ 256, 1476 ] end=87040 piso=1972736
COUNTS id=[ 256, 1477 ] end=95232 piso=1757184
COUNTS id=[ 256, 1478 ] end=46080 piso=1142784
COUNTS id=[ 256, 1479 ] end=190464 piso=8046592
COUNTS id=[ 256, 1480 ] end=43008 piso=2222080
COUNTS id=[ 256, 1481 ] end=63488 piso=2318336
COUNTS id=[ 256, 1482 ] end=67584 piso=2330624
COUNTS id=[ 256, 1483 ] end=18432 piso=3461120
COUNTS id=[ 256, 1484 ] end=38912 piso=2193408
COUNTS id=[ 256, 1485 ] end=186368 piso=7800832
COUNTS id=[ 256, 1486 ] end=38912 piso=1714176
COUNTS id=[ 256, 1487 ] end=36864 piso=1857536
COUNTS id=[ 256, 1488 ] end=122880 piso=3032576
COUNTS id=[ 256, 1489 ] end=24576 piso=1582592
COUNTS id=[ 256, 1490 ] end=49152 piso=1400320
COUNTS id=[ 256, 1491 ] end=49152 piso=1400320
COUNTS id=[ 256, 1492 ] end=86016 piso=2013184
COUNTS id=[ 256, 1493 ] end=36864 piso=1427456
COUNTS id=[ 256, 1494 ] end=280576 piso=142790656
COUNTS id=[ 256, 1495 ] end=67584 piso=3248128
COUNTS id=[ 256, 1496 ] end=116736 piso=4648960
COUNTS id=[ 256, 1497 ] end=34816 piso=12365824
COUNTS id=[ 256, 1498 ] end=147456 piso=4218368
COUNTS id=[ 256, 1499 ] end=73728 piso=1875456
COUNTS id=[ 256, 1500 ] end=24576 piso=1766912
COUNTS id=[ 256, 1501 ] end=49152 piso=1512960
COUNTS id=[ 256, 1502 ] end=74752 piso=1431040
COUNTS id=[ 256, 1503 ] end=50176 piso=1265152
COUNTS id=[ 256, 1504 ] end=319488 piso=152051712
COUNTS id=[ 256, 1505 ] end=163840 piso=11550720
COUNTS id=[ 256, 1506 ] end=163840 piso=6578176
PROGRESS checked=1500 hits=0 reversed=0 runtime_ms=1995193
COUNTS id=[ 256, 1507 ] end=106496 piso=3391488
COUNTS id=[ 256, 1508 ] end=122880 piso=18292736
COUNTS id=[ 256, 1509 ] end=65536 piso=2973696
COUNTS id=[ 256, 1510 ] end=294912 piso=151666688
COUNTS id=[ 256, 1511 ] end=90112 piso=2990080
COUNTS id=[ 256, 1512 ] end=98304 piso=17776640
COUNTS id=[ 256, 1513 ] end=40960 piso=4546560
COUNTS id=[ 256, 1514 ] end=147456 piso=6111232
COUNTS id=[ 256, 1515 ] end=49152 piso=2703360
COUNTS id=[ 256, 1516 ] end=110592 piso=2353152
COUNTS id=[ 256, 1517 ] end=36864 piso=1343488
COUNTS id=[ 256, 1518 ] end=206848 piso=8458240
COUNTS id=[ 256, 1519 ] end=43008 piso=2510848
COUNTS id=[ 256, 1520 ] end=67584 piso=2615296
COUNTS id=[ 256, 1521 ] end=34816 piso=3868672
COUNTS id=[ 256, 1522 ] end=520192 piso=167221248
COUNTS id=[ 256, 1523 ] end=315392 piso=46018560
COUNTS id=[ 256, 1524 ] end=225280 piso=13448192
COUNTS id=[ 256, 1525 ] end=77824 piso=3273728
COUNTS id=[ 256, 1526 ] end=108544 piso=2739200
COUNTS id=[ 256, 1527 ] end=159744 piso=7915520
COUNTS id=[ 256, 1528 ] end=86016 piso=1933312
COUNTS id=[ 256, 1529 ] end=1245184 piso=70916964352
COUNTS id=[ 256, 1530 ] end=622592 piso=371032064
COUNTS id=[ 256, 1531 ] end=458752 piso=183828480
COUNTS id=[ 256, 1532 ] end=458752 piso=160890880
COUNTS id=[ 256, 1533 ] end=360448 piso=47742976
COUNTS id=[ 256, 1534 ] end=1048576 piso=701562880
COUNTS id=[ 256, 1535 ] end=819200 piso=70913622016
COUNTS id=[ 256, 1536 ] end=294912 piso=180355072
COUNTS id=[ 256, 1537 ] end=425984 piso=367820800
COUNTS id=[ 256, 1538 ] end=229376 piso=94142464
COUNTS id=[ 256, 1539 ] end=229376 piso=68157440
COUNTS id=[ 256, 1540 ] end=294912 piso=157810688
COUNTS id=[ 256, 1541 ] end=262144 piso=180125696
COUNTS id=[ 256, 1542 ] end=65536 piso=16023552
COUNTS id=[ 256, 1543 ] end=163840 piso=93945856
COUNTS id=[ 256, 1544 ] end=163840 piso=44400640
COUNTS id=[ 256, 1545 ] end=163840 piso=79192064
COUNTS id=[ 256, 1546 ] end=114688 piso=7888896
COUNTS id=[ 256, 1547 ] end=147456 piso=79192064
COUNTS id=[ 256, 1548 ] end=98304 piso=7888896
COUNTS id=[ 256, 1549 ] end=98304 piso=37961728
COUNTS id=[ 256, 1550 ] end=57344 piso=4759552
COUNTS id=[ 256, 1551 ] end=86016 piso=5485056
COUNTS id=[ 256, 1552 ] end=61440 piso=3060224
COUNTS id=[ 256, 1553 ] end=69632 piso=5386752
COUNTS id=[ 256, 1554 ] end=45056 piso=2961920
COUNTS id=[ 256, 1555 ] end=53248 piso=1647104
COUNTS id=[ 256, 1556 ] end=28672 piso=1192448
COUNTS id=[ 256, 1557 ] end=53248 piso=1548800
COUNTS id=[ 256, 1558 ] end=28672 piso=1094144
COUNTS id=[ 256, 1559 ] end=110592 piso=8084992
COUNTS id=[ 256, 1560 ] end=90112 piso=6020608
COUNTS id=[ 256, 1561 ] end=86016 piso=7785984
COUNTS id=[ 256, 1562 ] end=65536 piso=5615104
COUNTS id=[ 256, 1563 ] end=86016 piso=7785984
COUNTS id=[ 256, 1564 ] end=65536 piso=5615104
COUNTS id=[ 256, 1565 ] end=102400 piso=8084992
COUNTS id=[ 256, 1566 ] end=81920 piso=6020608
COUNTS id=[ 256, 1567 ] end=73728 piso=1634304
COUNTS id=[ 256, 1568 ] end=53248 piso=1169408
COUNTS id=[ 256, 1569 ] end=49152 piso=1626112
COUNTS id=[ 256, 1570 ] end=28672 piso=1161216
COUNTS id=[ 256, 1571 ] end=57344 piso=1634304
COUNTS id=[ 256, 1572 ] end=36864 piso=1169408
COUNTS id=[ 256, 1573 ] end=135168 piso=4382720
COUNTS id=[ 256, 1574 ] end=61440 piso=1785856
COUNTS id=[ 256, 1575 ] end=94208 piso=1835008
COUNTS id=[ 256, 1576 ] end=86016 piso=4145152
COUNTS id=[ 256, 1577 ] end=45056 piso=1564672
COUNTS id=[ 256, 1578 ] end=45056 piso=1597440
COUNTS id=[ 256, 1579 ] end=45056 piso=1564672
COUNTS id=[ 256, 1580 ] end=102400 piso=4087808
COUNTS id=[ 256, 1581 ] end=45056 piso=1490944
COUNTS id=[ 256, 1582 ] end=61440 piso=1540096
COUNTS id=[ 256, 1583 ] end=98304 piso=2572288
COUNTS id=[ 256, 1584 ] end=98304 piso=2572288
COUNTS id=[ 256, 1585 ] end=73728 piso=1564672
COUNTS id=[ 256, 1586 ] end=32768 piso=1490944
COUNTS id=[ 256, 1587 ] end=32768 piso=1490944
COUNTS id=[ 256, 1588 ] end=24576 piso=1466368
COUNTS id=[ 256, 1589 ] end=49152 piso=618496
COUNTS id=[ 256, 1590 ] end=49152 piso=618496
COUNTS id=[ 256, 1591 ] end=24576 piso=401408
COUNTS id=[ 256, 1592 ] end=36864 piso=377344
COUNTS id=[ 256, 1593 ] end=36864 piso=377344
COUNTS id=[ 256, 1594 ] end=20480 piso=262656
COUNTS id=[ 256, 1595 ] end=20480 piso=262656
COUNTS id=[ 256, 1596 ] end=104448 piso=1934336
COUNTS id=[ 256, 1597 ] end=104448 piso=1934336
COUNTS id=[ 256, 1598 ] end=67584 piso=1541120
COUNTS id=[ 256, 1599 ] end=47104 piso=1319936
COUNTS id=[ 256, 1600 ] end=47104 piso=1319936
COUNTS id=[ 256, 1601 ] end=26624 piso=1008640
COUNTS id=[ 256, 1602 ] end=55296 piso=1360896
COUNTS id=[ 256, 1603 ] end=43008 piso=525312
COUNTS id=[ 256, 1604 ] end=55296 piso=1360896
COUNTS id=[ 256, 1605 ] end=43008 piso=525312
COUNTS id=[ 256, 1606 ] end=47104 piso=1008640
PROGRESS checked=1600 hits=0 reversed=0 runtime_ms=2192108
COUNTS id=[ 256, 1607 ] end=34816 piso=435200
COUNTS id=[ 256, 1608 ] end=38912 piso=1274880
COUNTS id=[ 256, 1609 ] end=26624 piso=422912
COUNTS id=[ 256, 1610 ] end=38912 piso=1274880
COUNTS id=[ 256, 1611 ] end=26624 piso=422912
COUNTS id=[ 256, 1612 ] end=30720 piso=857088
COUNTS id=[ 256, 1613 ] end=18432 piso=365568
COUNTS id=[ 256, 1614 ] end=37888 piso=680448
COUNTS id=[ 256, 1615 ] end=37888 piso=680448
COUNTS id=[ 256, 1616 ] end=37888 piso=680448
COUNTS id=[ 256, 1617 ] end=37888 piso=680448
COUNTS id=[ 256, 1618 ] end=30720 piso=323584
COUNTS id=[ 256, 1619 ] end=24576 piso=243712
COUNTS id=[ 256, 1620 ] end=30720 piso=323584
COUNTS id=[ 256, 1621 ] end=24576 piso=243712
COUNTS id=[ 256, 1622 ] end=22528 piso=315392
COUNTS id=[ 256, 1623 ] end=16384 piso=235520
COUNTS id=[ 256, 1624 ] end=30720 piso=430080
COUNTS id=[ 256, 1625 ] end=24576 piso=333824
COUNTS id=[ 256, 1626 ] end=30720 piso=430080
COUNTS id=[ 256, 1627 ] end=24576 piso=333824
COUNTS id=[ 256, 1628 ] end=22528 piso=405504
COUNTS id=[ 256, 1629 ] end=16384 piso=309248
COUNTS id=[ 256, 1630 ] end=88064 piso=1868800
COUNTS id=[ 256, 1631 ] end=75776 piso=918528
COUNTS id=[ 256, 1632 ] end=88064 piso=1868800
COUNTS id=[ 256, 1633 ] end=75776 piso=918528
COUNTS id=[ 256, 1634 ] end=55296 piso=1811456
COUNTS id=[ 256, 1635 ] end=43008 piso=861184
COUNTS id=[ 256, 1636 ] end=55296 piso=1811456
COUNTS id=[ 256, 1637 ] end=43008 piso=861184
COUNTS id=[ 256, 1638 ] end=71680 piso=1377280
COUNTS id=[ 256, 1639 ] end=59392 piso=852992
COUNTS id=[ 256, 1640 ] end=71680 piso=1377280
COUNTS id=[ 256, 1641 ] end=59392 piso=852992
COUNTS id=[ 256, 1642 ] end=55296 piso=1319936
COUNTS id=[ 256, 1643 ] end=43008 piso=795648
COUNTS id=[ 256, 1644 ] end=55296 piso=1319936
COUNTS id=[ 256, 1645 ] end=43008 piso=795648
COUNTS id=[ 256, 1646 ] end=38912 piso=1268736
COUNTS id=[ 256, 1647 ] end=26624 piso=433152
COUNTS id=[ 256, 1648 ] end=30720 piso=1252352
COUNTS id=[ 256, 1649 ] end=18432 piso=416768
COUNTS id=[ 256, 1650 ] end=30720 piso=900096
COUNTS id=[ 256, 1651 ] end=18432 piso=359424
COUNTS id=[ 256, 1652 ] end=30720 piso=883712
COUNTS id=[ 256, 1653 ] end=18432 piso=343040
COUNTS id=[ 256, 1654 ] end=34816 piso=522752
COUNTS id=[ 256, 1655 ] end=34816 piso=522752
COUNTS id=[ 256, 1656 ] end=26624 piso=481792
COUNTS id=[ 256, 1657 ] end=26624 piso=481792
COUNTS id=[ 256, 1658 ] end=18432 piso=295424
COUNTS id=[ 256, 1659 ] end=18432 piso=295424
COUNTS id=[ 256, 1660 ] end=14336 piso=270848
COUNTS id=[ 256, 1661 ] end=14336 piso=270848
COUNTS id=[ 256, 1662 ] end=30720 piso=442368
COUNTS id=[ 256, 1663 ] end=24576 piso=354304
COUNTS id=[ 256, 1664 ] end=30720 piso=442368
COUNTS id=[ 256, 1665 ] end=24576 piso=354304
COUNTS id=[ 256, 1666 ] end=30720 piso=417792
COUNTS id=[ 256, 1667 ] end=24576 piso=329728
COUNTS id=[ 256, 1668 ] end=30720 piso=417792
COUNTS id=[ 256, 1669 ] end=24576 piso=329728
COUNTS id=[ 256, 1670 ] end=22528 piso=405504
COUNTS id=[ 256, 1671 ] end=16384 piso=301056
COUNTS id=[ 256, 1672 ] end=22528 piso=405504
COUNTS id=[ 256, 1673 ] end=16384 piso=301056
COUNTS id=[ 256, 1674 ] end=22528 piso=389120
COUNTS id=[ 256, 1675 ] end=16384 piso=284672
COUNTS id=[ 256, 1676 ] end=22528 piso=389120
COUNTS id=[ 256, 1677 ] end=16384 piso=284672
COUNTS id=[ 256, 1678 ] end=13312 piso=191488
COUNTS id=[ 256, 1679 ] end=13312 piso=191488
COUNTS id=[ 256, 1680 ] end=13312 piso=191488
COUNTS id=[ 256, 1681 ] end=13312 piso=191488
COUNTS id=[ 256, 1682 ] end=21504 piso=349184
COUNTS id=[ 256, 1683 ] end=21504 piso=349184
COUNTS id=[ 256, 1684 ] end=21504 piso=349184
COUNTS id=[ 256, 1685 ] end=21504 piso=349184
COUNTS id=[ 256, 1686 ] end=196608 piso=340295680
COUNTS id=[ 256, 1687 ] end=98304 piso=8912896
COUNTS id=[ 256, 1688 ] end=163840 piso=79503360
COUNTS id=[ 256, 1689 ] end=98304 piso=7905280
COUNTS id=[ 256, 1690 ] end=163840 piso=78413824
COUNTS id=[ 256, 1691 ] end=65536 piso=5242880
COUNTS id=[ 256, 1692 ] end=131072 piso=78454784
COUNTS id=[ 256, 1693 ] end=65536 piso=5349376
COUNTS id=[ 256, 1694 ] end=65536 piso=7852032
COUNTS id=[ 256, 1695 ] end=65536 piso=7852032
COUNTS id=[ 256, 1696 ] end=57344 piso=3158016
COUNTS id=[ 256, 1697 ] end=49152 piso=2183168
COUNTS id=[ 256, 1698 ] end=49152 piso=2183168
COUNTS id=[ 256, 1699 ] end=40960 piso=1986560
COUNTS id=[ 256, 1700 ] end=147456 piso=91807744
COUNTS id=[ 256, 1701 ] end=147456 piso=91807744
COUNTS id=[ 256, 1702 ] end=57344 piso=5742592
COUNTS id=[ 256, 1703 ] end=139264 piso=79380480
COUNTS id=[ 256, 1704 ] end=65536 piso=5791744
COUNTS id=[ 256, 1705 ] end=65536 piso=5791744
COUNTS id=[ 256, 1706 ] end=65536 piso=5283840
PROGRESS checked=1700 hits=0 reversed=0 runtime_ms=2334800
COUNTS id=[ 256, 1707 ] end=65536 piso=5283840
COUNTS id=[ 256, 1708 ] end=40960 piso=2064384
COUNTS id=[ 256, 1709 ] end=65536 piso=2277376
COUNTS id=[ 256, 1710 ] end=65536 piso=2277376
COUNTS id=[ 256, 1711 ] end=98304 piso=10215424
COUNTS id=[ 256, 1712 ] end=65536 piso=10182656
COUNTS id=[ 256, 1713 ] end=98304 piso=10215424
COUNTS id=[ 256, 1714 ] end=49152 piso=2211840
COUNTS id=[ 256, 1715 ] end=49152 piso=2211840
COUNTS id=[ 256, 1716 ] end=65536 piso=2228224
COUNTS id=[ 256, 1717 ] end=65536 piso=2228224
COUNTS id=[ 256, 1718 ] end=49152 piso=3063808
COUNTS id=[ 256, 1719 ] end=49152 piso=3063808
COUNTS id=[ 256, 1720 ] end=32768 piso=985088
COUNTS id=[ 256, 1721 ] end=32768 piso=985088
COUNTS id=[ 256, 1722 ] end=106496 piso=37961728
COUNTS id=[ 256, 1723 ] end=57344 piso=2064384
COUNTS id=[ 256, 1724 ] end=73728 piso=34832384
COUNTS id=[ 256, 1725 ] end=40960 piso=1515520
COUNTS id=[ 256, 1726 ] end=98304 piso=4579328
COUNTS id=[ 256, 1727 ] end=98304 piso=4579328
COUNTS id=[ 256, 1728 ] end=57344 piso=1361920
COUNTS id=[ 256, 1729 ] end=57344 piso=1361920
COUNTS id=[ 256, 1730 ] end=40960 piso=1982464
COUNTS id=[ 256, 1731 ] end=40960 piso=1982464
COUNTS id=[ 256, 1732 ] end=32768 piso=985088
COUNTS id=[ 256, 1733 ] end=32768 piso=985088
COUNTS id=[ 256, 1734 ] end=212992 piso=139943936
COUNTS id=[ 256, 1735 ] end=212992 piso=139943936
COUNTS id=[ 256, 1736 ] end=196608 piso=138035200
COUNTS id=[ 256, 1737 ] end=196608 piso=138035200
COUNTS id=[ 256, 1738 ] end=106496 piso=37339136
COUNTS id=[ 256, 1739 ] end=163840 piso=137125888
COUNTS id=[ 256, 1740 ] end=163840 piso=137125888
COUNTS id=[ 256, 1741 ] end=81920 piso=13680640
COUNTS id=[ 256, 1742 ] end=81920 piso=13680640
COUNTS id=[ 256, 1743 ] end=40960 piso=1531904
COUNTS id=[ 256, 1744 ] end=90112 piso=37470208
COUNTS id=[ 256, 1745 ] end=40960 piso=1835008
COUNTS id=[ 256, 1746 ] end=40960 piso=1482752
COUNTS id=[ 256, 1747 ] end=73728 piso=34799616
COUNTS id=[ 256, 1748 ] end=53248 piso=3772928
COUNTS id=[ 256, 1749 ] end=53248 piso=3772928
COUNTS id=[ 256, 1750 ] end=53248 piso=2376192
COUNTS id=[ 256, 1751 ] end=53248 piso=2376192
COUNTS id=[ 256, 1752 ] end=49152 piso=3142144
COUNTS id=[ 256, 1753 ] end=49152 piso=3142144
COUNTS id=[ 256, 1754 ] end=16384 piso=1225216
COUNTS id=[ 256, 1755 ] end=16384 piso=1225216
COUNTS id=[ 256, 1756 ] end=16384 piso=823808
COUNTS id=[ 256, 1757 ] end=16384 piso=823808
COUNTS id=[ 256, 1758 ] end=49152 piso=1196544
COUNTS id=[ 256, 1759 ] end=49152 piso=1196544
COUNTS id=[ 256, 1760 ] end=45056 piso=1868288
COUNTS id=[ 256, 1761 ] end=45056 piso=1868288
COUNTS id=[ 256, 1762 ] end=12288 piso=819712
COUNTS id=[ 256, 1763 ] end=12288 piso=819712
COUNTS id=[ 256, 1764 ] end=53248 piso=2515456
COUNTS id=[ 256, 1765 ] end=53248 piso=2515456
COUNTS id=[ 256, 1766 ] end=53248 piso=1786368
COUNTS id=[ 256, 1767 ] end=53248 piso=1786368
COUNTS id=[ 256, 1768 ] end=24576 piso=301056
COUNTS id=[ 256, 1769 ] end=24576 piso=301056
COUNTS id=[ 256, 1770 ] end=12288 piso=210944
COUNTS id=[ 256, 1771 ] end=12288 piso=210944
COUNTS id=[ 256, 1772 ] end=73728 piso=1114112
COUNTS id=[ 256, 1773 ] end=73728 piso=819200
COUNTS id=[ 256, 1774 ] end=57344 piso=745472
COUNTS id=[ 256, 1775 ] end=36864 piso=909312
COUNTS id=[ 256, 1776 ] end=36864 piso=647168
COUNTS id=[ 256, 1777 ] end=20480 piso=688128
COUNTS id=[ 256, 1778 ] end=51200 piso=303104
COUNTS id=[ 256, 1779 ] end=51200 piso=262144
COUNTS id=[ 256, 1780 ] end=51200 piso=262144
COUNTS id=[ 256, 1781 ] end=51200 piso=303104
COUNTS id=[ 256, 1782 ] end=26624 piso=270336
COUNTS id=[ 256, 1783 ] end=26624 piso=278528
COUNTS id=[ 256, 1784 ] end=10240 piso=143360
COUNTS id=[ 256, 1785 ] end=10240 piso=143360
COUNTS id=[ 256, 1786 ] end=10240 piso=143360
COUNTS id=[ 256, 1787 ] end=10240 piso=143360
COUNTS id=[ 256, 1788 ] end=24576 piso=491520
COUNTS id=[ 256, 1789 ] end=24576 piso=491520
COUNTS id=[ 256, 1790 ] end=8192 piso=397312
COUNTS id=[ 256, 1791 ] end=13312 piso=156160
COUNTS id=[ 256, 1792 ] end=13312 piso=156160
COUNTS id=[ 256, 1793 ] end=270336 piso=1245184
COUNTS id=[ 256, 1794 ] end=270336 piso=1245184
COUNTS id=[ 256, 1795 ] end=73728 piso=851968
COUNTS id=[ 256, 1796 ] end=106496 piso=778240
COUNTS id=[ 256, 1797 ] end=69632 piso=1040384
COUNTS id=[ 256, 1798 ] end=69632 piso=1040384
COUNTS id=[ 256, 1799 ] end=36864 piso=679936
COUNTS id=[ 256, 1800 ] end=20480 piso=720896
COUNTS id=[ 256, 1801 ] end=2099200 piso=5423104
COUNTS id=[ 256, 1802 ] end=526336 piso=2113536
COUNTS id=[ 256, 1803 ] end=526336 piso=2146304
COUNTS id=[ 256, 1804 ] end=526336 piso=2146304
COUNTS id=[ 256, 1805 ] end=526336 piso=2375680
COUNTS id=[ 256, 1806 ] end=2099200 piso=5423104
PROGRESS checked=1800 hits=0 reversed=0 runtime_ms=2460100
COUNTS id=[ 256, 1807 ] end=395264 piso=2211840
COUNTS id=[ 256, 1808 ] end=395264 piso=2211840
COUNTS id=[ 256, 1809 ] end=165888 piso=1687552
COUNTS id=[ 256, 1810 ] end=133120 piso=548864
COUNTS id=[ 256, 1811 ] end=133120 piso=548864
COUNTS id=[ 256, 1812 ] end=34816 piso=385024
COUNTS id=[ 256, 1813 ] end=67584 piso=516096
COUNTS id=[ 256, 1814 ] end=67584 piso=516096
COUNTS id=[ 256, 1815 ] end=34816 piso=352256
COUNTS id=[ 256, 1816 ] end=26624 piso=311296
COUNTS id=[ 256, 1817 ] end=86016 piso=2355200
COUNTS id=[ 256, 1818 ] end=86016 piso=2355200
COUNTS id=[ 256, 1819 ] end=40960 piso=1466368
COUNTS id=[ 256, 1820 ] end=40960 piso=1601536
COUNTS id=[ 256, 1821 ] end=40960 piso=1601536
COUNTS id=[ 256, 1822 ] end=20480 piso=1433600
COUNTS id=[ 256, 1823 ] end=47104 piso=930816
COUNTS id=[ 256, 1824 ] end=26624 piso=410624
COUNTS id=[ 256, 1825 ] end=36864 piso=840704
COUNTS id=[ 256, 1826 ] end=16384 piso=336896
COUNTS id=[ 256, 1827 ] end=43008 piso=715264
COUNTS id=[ 256, 1828 ] end=34816 piso=608768
COUNTS id=[ 256, 1829 ] end=21504 piso=641536
COUNTS id=[ 256, 1830 ] end=21504 piso=551424
COUNTS id=[ 256, 1831 ] end=65536 piso=1576448
COUNTS id=[ 256, 1832 ] end=40960 piso=642560
COUNTS id=[ 256, 1833 ] end=65536 piso=1576448
COUNTS id=[ 256, 1834 ] end=40960 piso=642560
COUNTS id=[ 256, 1835 ] end=43008 piso=1035776
COUNTS id=[ 256, 1836 ] end=18432 piso=544256
COUNTS id=[ 256, 1837 ] end=43008 piso=1035776
COUNTS id=[ 256, 1838 ] end=18432 piso=544256
COUNTS id=[ 256, 1839 ] end=63488 piso=1426432
COUNTS id=[ 256, 1840 ] end=32768 piso=1295360
COUNTS id=[ 256, 1841 ] end=131072 piso=44283904
COUNTS id=[ 256, 1842 ] end=131072 piso=44283904
COUNTS id=[ 256, 1843 ] end=61440 piso=5507072
COUNTS id=[ 256, 1844 ] end=98304 piso=5912576
COUNTS id=[ 256, 1845 ] end=98304 piso=5912576
COUNTS id=[ 256, 1846 ] end=77824 piso=39012352
COUNTS id=[ 256, 1847 ] end=30720 piso=955392
COUNTS id=[ 256, 1848 ] end=30720 piso=930816
COUNTS id=[ 256, 1849 ] end=16384 piso=595968
COUNTS id=[ 256, 1850 ] end=16384 piso=595968
COUNTS id=[ 256, 1851 ] end=14336 piso=401408
COUNTS id=[ 256, 1852 ] end=24576 piso=826368
COUNTS id=[ 256, 1853 ] end=12288 piso=322560
COUNTS id=[ 256, 1854 ] end=98304 piso=8275456
COUNTS id=[ 256, 1855 ] end=65536 piso=5264896
COUNTS id=[ 256, 1856 ] end=81920 piso=6194688
COUNTS id=[ 256, 1857 ] end=81920 piso=7452160
COUNTS id=[ 256, 1858 ] end=81920 piso=7452160
COUNTS id=[ 256, 1859 ] end=81920 piso=6194688
COUNTS id=[ 256, 1860 ] end=65536 piso=5264896
COUNTS id=[ 256, 1861 ] end=98304 piso=8275456
COUNTS id=[ 256, 1862 ] end=22528 piso=595456
COUNTS id=[ 256, 1863 ] end=22528 piso=595456
COUNTS id=[ 256, 1864 ] end=11264 piso=330752
COUNTS id=[ 256, 1865 ] end=11264 piso=240640
COUNTS id=[ 256, 1866 ] end=19456 piso=363008
COUNTS id=[ 256, 1867 ] end=13312 piso=285184
COUNTS id=[ 256, 1868 ] end=19456 piso=363008
COUNTS id=[ 256, 1869 ] end=13312 piso=285184
COUNTS id=[ 256, 1870 ] end=108544 piso=4441600
COUNTS id=[ 256, 1871 ] end=38912 piso=1238528
COUNTS id=[ 256, 1872 ] end=71680 piso=2033152
COUNTS id=[ 256, 1873 ] end=51200 piso=1742336
COUNTS id=[ 256, 1874 ] end=108544 piso=4441600
COUNTS id=[ 256, 1875 ] end=38912 piso=1238528
COUNTS id=[ 256, 1876 ] end=71680 piso=2033152
COUNTS id=[ 256, 1877 ] end=51200 piso=1742336
COUNTS id=[ 256, 1878 ] end=92160 piso=4318720
COUNTS id=[ 256, 1879 ] end=38912 piso=1181184
COUNTS id=[ 256, 1880 ] end=55296 piso=1910272
COUNTS id=[ 256, 1881 ] end=51200 piso=1684992
COUNTS id=[ 256, 1882 ] end=92160 piso=4318720
COUNTS id=[ 256, 1883 ] end=38912 piso=1181184
COUNTS id=[ 256, 1884 ] end=55296 piso=1910272
COUNTS id=[ 256, 1885 ] end=51200 piso=1684992
COUNTS id=[ 256, 1886 ] end=16384 piso=261632
COUNTS id=[ 256, 1887 ] end=16384 piso=286208
COUNTS id=[ 256, 1888 ] end=12288 piso=245248
COUNTS id=[ 256, 1889 ] end=12288 piso=269824
COUNTS id=[ 256, 1890 ] end=16384 piso=433152
COUNTS id=[ 256, 1891 ] end=16384 piso=304128
COUNTS id=[ 256, 1892 ] end=16384 piso=433152
COUNTS id=[ 256, 1893 ] end=16384 piso=304128
COUNTS id=[ 256, 1894 ] end=26624 piso=861184
COUNTS id=[ 256, 1895 ] end=14336 piso=332800
COUNTS id=[ 256, 1896 ] end=26624 piso=861184
COUNTS id=[ 256, 1897 ] end=14336 piso=332800
COUNTS id=[ 256, 1898 ] end=53248 piso=1591296
COUNTS id=[ 256, 1899 ] end=49152 piso=1480704
COUNTS id=[ 256, 1900 ] end=34816 piso=1073152
COUNTS id=[ 256, 1901 ] end=38912 piso=1167360
COUNTS id=[ 256, 1902 ] end=53248 piso=1492992
COUNTS id=[ 256, 1903 ] end=38912 piso=1101824
COUNTS id=[ 256, 1904 ] end=9216 piso=200704
COUNTS id=[ 256, 1905 ] end=9216 piso=184320
COUNTS id=[ 256, 1906 ] end=17408 piso=327680
PROGRESS checked=1900 hits=0 reversed=0 runtime_ms=2615488
COUNTS id=[ 256, 1907 ] end=11264 piso=260096
COUNTS id=[ 256, 1908 ] end=88064 piso=3778560
COUNTS id=[ 256, 1909 ] end=79872 piso=3729408
COUNTS id=[ 256, 1910 ] end=43008 piso=1464320
COUNTS id=[ 256, 1911 ] end=43008 piso=1423360
COUNTS id=[ 256, 1912 ] end=88064 piso=3778560
COUNTS id=[ 256, 1913 ] end=43008 piso=1464320
COUNTS id=[ 256, 1914 ] end=43008 piso=1423360
COUNTS id=[ 256, 1915 ] end=43008 piso=1386496
COUNTS id=[ 256, 1916 ] end=51200 piso=1435648
COUNTS id=[ 256, 1917 ] end=51200 piso=1435648
COUNTS id=[ 256, 1918 ] end=15360 piso=326656
COUNTS id=[ 256, 1919 ] end=9216 piso=226304
COUNTS id=[ 256, 1920 ] end=15360 piso=326656
COUNTS id=[ 256, 1921 ] end=9216 piso=226304
COUNTS id=[ 256, 1922 ] end=19456 piso=512000
COUNTS id=[ 256, 1923 ] end=19456 piso=512000
COUNTS id=[ 256, 1924 ] end=11264 piso=462848
COUNTS id=[ 256, 1925 ] end=65536 piso=2797056
COUNTS id=[ 256, 1926 ] end=49152 piso=2059776
COUNTS id=[ 256, 1927 ] end=106496 piso=4189696
COUNTS id=[ 256, 1928 ] end=90112 piso=3452416
COUNTS id=[ 256, 1929 ] end=32768 piso=2027008
COUNTS id=[ 256, 1930 ] end=40960 piso=2174464
COUNTS id=[ 256, 1931 ] end=73728 piso=3419648
COUNTS id=[ 256, 1932 ] end=81920 piso=3567104
COUNTS id=[ 256, 1933 ] end=65536 piso=1687552
COUNTS id=[ 256, 1934 ] end=28672 piso=966656
COUNTS id=[ 256, 1935 ] end=98304 piso=3153920
COUNTS id=[ 256, 1936 ] end=53248 piso=1187840
COUNTS id=[ 256, 1937 ] end=47104 piso=1146880
COUNTS id=[ 256, 1938 ] end=18432 piso=868352
COUNTS id=[ 256, 1939 ] end=71680 piso=2613248
COUNTS id=[ 256, 1940 ] end=34816 piso=1089536
COUNTS id=[ 256, 1941 ] end=28672 piso=485888
COUNTS id=[ 256, 1942 ] end=57344 piso=1010176
COUNTS id=[ 256, 1943 ] end=19456 piso=428544
COUNTS id=[ 256, 1944 ] end=39936 piso=952832
COUNTS id=[ 256, 1945 ] end=65536 piso=1556480
COUNTS id=[ 256, 1946 ] end=20480 piso=1478656
COUNTS id=[ 256, 1947 ] end=110592 piso=4001792
COUNTS id=[ 256, 1948 ] end=49152 piso=1581056
COUNTS id=[ 256, 1949 ] end=57344 piso=1523712
COUNTS id=[ 256, 1950 ] end=16384 piso=1396736
COUNTS id=[ 256, 1951 ] end=102400 piso=3969024
COUNTS id=[ 256, 1952 ] end=45056 piso=1499136
COUNTS id=[ 256, 1953 ] end=159744 piso=72929792
COUNTS id=[ 256, 1954 ] end=73728 piso=2548224
COUNTS id=[ 256, 1955 ] end=122880 piso=72815104
COUNTS id=[ 256, 1956 ] end=53248 piso=2466304
COUNTS id=[ 256, 1957 ] end=30720 piso=711168
COUNTS id=[ 256, 1958 ] end=30720 piso=735744
COUNTS id=[ 256, 1959 ] end=16384 piso=633344
COUNTS id=[ 256, 1960 ] end=16384 piso=657920
COUNTS id=[ 256, 1961 ] end=67584 piso=4453888
COUNTS id=[ 256, 1962 ] end=18432 piso=1562112
COUNTS id=[ 256, 1963 ] end=30720 piso=2209280
COUNTS id=[ 256, 1964 ] end=47104 piso=1869312
COUNTS id=[ 256, 1965 ] end=137216 piso=6919680
COUNTS id=[ 256, 1966 ] end=63488 piso=2831872
COUNTS id=[ 256, 1967 ] end=88064 piso=3413504
COUNTS id=[ 256, 1968 ] end=96256 piso=4531712
COUNTS id=[ 256, 1969 ] end=67584 piso=4445696
COUNTS id=[ 256, 1970 ] end=18432 piso=1553920
COUNTS id=[ 256, 1971 ] end=30720 piso=2201088
COUNTS id=[ 256, 1972 ] end=47104 piso=1861120
COUNTS id=[ 256, 1973 ] end=71680 piso=4535808
COUNTS id=[ 256, 1974 ] end=30720 piso=1725952
COUNTS id=[ 256, 1975 ] end=30720 piso=2373120
COUNTS id=[ 256, 1976 ] end=55296 piso=1951232
COUNTS id=[ 256, 1977 ] end=33792 piso=995840
COUNTS id=[ 256, 1978 ] end=15360 piso=557568
COUNTS id=[ 256, 1979 ] end=50176 piso=1188352
COUNTS id=[ 256, 1980 ] end=27648 piso=537088
COUNTS id=[ 256, 1981 ] end=14336 piso=431616
COUNTS id=[ 256, 1982 ] end=14336 piso=306688
COUNTS id=[ 256, 1983 ] end=28672 piso=525824
COUNTS id=[ 256, 1984 ] end=28672 piso=400896
COUNTS id=[ 256, 1985 ] end=24576 piso=351232
COUNTS id=[ 256, 1986 ] end=12288 piso=291840
