PARAMETERS start=256 end=256 start_id=31555 end_id=35060 skip_abelian=true log_all=true
ORDER_START order=256 groups=56092
COUNTS id=[ 256, 31555 ] end=2097152 piso=16851456
CLOSEST id=[ 256, 31555 ] end=2097152 piso=16851456 ratio=32913/4096
COUNTS id=[ 256, 31556 ] end=34603008 piso=54791168
CLOSEST id=[ 256, 31556 ] end=34603008 piso=54791168 ratio=53507/33792
COUNTS id=[ 256, 31557 ] end=67108864 piso=158745600
COUNTS id=[ 256, 31558 ] end=36634624 piso=61752320
COUNTS id=[ 256, 31559 ] end=34603008 piso=52386816
CLOSEST id=[ 256, 31559 ] end=34603008 piso=52386816 ratio=17053/11264
COUNTS id=[ 256, 31560 ] end=98598912 piso=331016704
COUNTS id=[ 256, 31561 ] end=3112960 piso=20812288
COUNTS id=[ 256, 31562 ] end=68124672 piso=170871296
COUNTS id=[ 256, 31563 ] end=3112960 piso=16974336
COUNTS id=[ 256, 31564 ] end=35618816 piso=59287552
COUNTS id=[ 256, 31565 ] end=68124672 piso=168380416
COUNTS id=[ 256, 31566 ] end=35618816 piso=56590336
COUNTS id=[ 256, 31567 ] end=33587200 piso=49594368
CLOSEST id=[ 256, 31567 ] end=33587200 piso=49594368 ratio=3027/2050
COUNTS id=[ 256, 31568 ] end=4128768 piso=13910016
COUNTS id=[ 256, 31569 ] end=36634624 piso=55908352
COUNTS id=[ 256, 31570 ] end=4128768 piso=12240896
COUNTS id=[ 256, 31571 ] end=2097152 piso=10842112
COUNTS id=[ 256, 31572 ] end=34603008 piso=48098816
CLOSEST id=[ 256, 31572 ] end=34603008 piso=48098816 ratio=93943/67584
COUNTS id=[ 256, 31573 ] end=4128768 piso=12017152
COUNTS id=[ 256, 31574 ] end=4128768 piso=13491712
COUNTS id=[ 256, 31575 ] end=4128768 piso=11136512
COUNTS id=[ 256, 31576 ] end=3112960 piso=12021760
COUNTS id=[ 256, 31577 ] end=35618816 piso=50921472
COUNTS id=[ 256, 31578 ] end=5144576 piso=14804992
COUNTS id=[ 256, 31579 ] end=3112960 piso=10983424
COUNTS id=[ 256, 31580 ] end=35618816 piso=52018688
COUNTS id=[ 256, 31581 ] end=5144576 piso=14650880
COUNTS id=[ 256, 31582 ] end=3112960 piso=12385792
COUNTS id=[ 256, 31583 ] end=3112960 piso=10026496
COUNTS id=[ 256, 31584 ] end=4521984 piso=32377344
COUNTS id=[ 256, 31585 ] end=4128768 piso=21516800
COUNTS id=[ 256, 31586 ] end=2097152 piso=27990528
COUNTS id=[ 256, 31587 ] end=2097152 piso=16822784
COUNTS id=[ 256, 31588 ] end=2097152 piso=16698368
COUNTS id=[ 256, 31589 ] end=4521984 piso=19829760
COUNTS id=[ 256, 31590 ] end=4128768 piso=17351680
COUNTS id=[ 256, 31591 ] end=2097152 piso=14429184
COUNTS id=[ 256, 31592 ] end=3112960 piso=28617216
COUNTS id=[ 256, 31593 ] end=3506176 piso=19841536
COUNTS id=[ 256, 31594 ] end=3112960 piso=28744192
COUNTS id=[ 256, 31595 ] end=3112960 piso=18059776
COUNTS id=[ 256, 31596 ] end=5537792 piso=23060480
COUNTS id=[ 256, 31597 ] end=3112960 piso=17821696
COUNTS id=[ 256, 31598 ] end=1081344 piso=15054848
COUNTS id=[ 256, 31599 ] end=3112960 piso=15386624
COUNTS id=[ 256, 31600 ] end=4128768 piso=12808192
COUNTS id=[ 256, 31601 ] end=2097152 piso=10115072
COUNTS id=[ 256, 31602 ] end=65536 piso=11925504
COUNTS id=[ 256, 31603 ] end=2097152 piso=9900032
COUNTS id=[ 256, 31604 ] end=2097152 piso=9670144
COUNTS id=[ 256, 31605 ] end=2097152 piso=9735680
COUNTS id=[ 256, 31606 ] end=2097152 piso=9170432
COUNTS id=[ 256, 31607 ] end=2097152 piso=9182720
COUNTS id=[ 256, 31608 ] end=1081344 piso=10168320
COUNTS id=[ 256, 31609 ] end=3112960 piso=10610688
COUNTS id=[ 256, 31610 ] end=3112960 piso=10186752
COUNTS id=[ 256, 31611 ] end=1081344 piso=10137600
COUNTS id=[ 256, 31612 ] end=3112960 piso=10534400
COUNTS id=[ 256, 31613 ] end=3112960 piso=10915328
COUNTS id=[ 256, 31614 ] end=1081344 piso=9776640
COUNTS id=[ 256, 31615 ] end=1081344 piso=9993728
COUNTS id=[ 256, 31616 ] end=37421056 piso=62919168
COUNTS id=[ 256, 31617 ] end=4521984 piso=15151616
COUNTS id=[ 256, 31618 ] end=4521984 piso=17306112
COUNTS id=[ 256, 31619 ] end=2097152 piso=11260416
COUNTS id=[ 256, 31620 ] end=2097152 piso=11406848
COUNTS id=[ 256, 31621 ] end=34603008 piso=47246848
CLOSEST id=[ 256, 31621 ] end=34603008 piso=47246848 ratio=8389/6144
COUNTS id=[ 256, 31622 ] end=4128768 piso=12242432
COUNTS id=[ 256, 31623 ] end=2097152 piso=9825792
COUNTS id=[ 256, 31624 ] end=36012032 piso=55224832
COUNTS id=[ 256, 31625 ] end=3112960 piso=13259264
COUNTS id=[ 256, 31626 ] end=5537792 piso=19245568
COUNTS id=[ 256, 31627 ] end=3112960 piso=11321856
COUNTS id=[ 256, 31628 ] end=3112960 piso=13127168
COUNTS id=[ 256, 31629 ] end=35618816 piso=50988544
COUNTS id=[ 256, 31630 ] end=3112960 piso=10558976
COUNTS id=[ 256, 31631 ] end=1081344 piso=10393088
COUNTS id=[ 256, 31632 ] end=4521984 piso=16876032
COUNTS id=[ 256, 31633 ] end=37027840 piso=58720768
COUNTS id=[ 256, 31634 ] end=4128768 piso=14709248
COUNTS id=[ 256, 31635 ] end=2097152 piso=11956736
COUNTS id=[ 256, 31636 ] end=34603008 piso=48422400
COUNTS id=[ 256, 31637 ] end=2097152 piso=10108416
COUNTS id=[ 256, 31638 ] end=4128768 piso=13843968
COUNTS id=[ 256, 31639 ] end=2097152 piso=9199104
COUNTS id=[ 256, 31640 ] end=3112960 piso=15184384
COUNTS id=[ 256, 31641 ] end=35618816 piso=52644352
COUNTS id=[ 256, 31642 ] end=5144576 piso=16652800
COUNTS id=[ 256, 31643 ] end=3112960 piso=12321280
COUNTS id=[ 256, 31644 ] end=35618816 piso=52672000
COUNTS id=[ 256, 31645 ] end=3112960 piso=11038208
COUNTS id=[ 256, 31646 ] end=3112960 piso=11722240
COUNTS id=[ 256, 31647 ] end=1081344 piso=10147328
COUNTS id=[ 256, 31648 ] end=6946816 piso=23319040
COUNTS id=[ 256, 31649 ] end=4521984 piso=14893568
COUNTS id=[ 256, 31650 ] end=4521984 piso=13492736
COUNTS id=[ 256, 31651 ] end=2097152 piso=11862528
COUNTS id=[ 256, 31652 ] end=2097152 piso=9821696
COUNTS id=[ 256, 31653 ] end=4128768 piso=11808256
COUNTS id=[ 256, 31654 ] end=4128768 piso=11148800
PROGRESS checked=100 hits=0 reversed=0 runtime_ms=622822
COUNTS id=[ 256, 31655 ] end=2097152 piso=9223680
COUNTS id=[ 256, 31656 ] end=5537792 piso=17000960
COUNTS id=[ 256, 31657 ] end=3112960 piso=12337664
COUNTS id=[ 256, 31658 ] end=5537792 piso=16071168
COUNTS id=[ 256, 31659 ] end=3112960 piso=11661824
COUNTS id=[ 256, 31660 ] end=5144576 piso=14437888
COUNTS id=[ 256, 31661 ] end=3112960 piso=10581504
COUNTS id=[ 256, 31662 ] end=1081344 piso=9960960
COUNTS id=[ 256, 31663 ] end=3112960 piso=10360320
COUNTS id=[ 256, 31664 ] end=6553600 piso=21258752
COUNTS id=[ 256, 31665 ] end=4521984 piso=14746112
COUNTS id=[ 256, 31666 ] end=2097152 piso=11756032
COUNTS id=[ 256, 31667 ] end=4128768 piso=12849664
COUNTS id=[ 256, 31668 ] end=2097152 piso=9850368
COUNTS id=[ 256, 31669 ] end=4128768 piso=11808256
COUNTS id=[ 256, 31670 ] end=2097152 piso=9162240
COUNTS id=[ 256, 31671 ] end=4128768 piso=11017728
COUNTS id=[ 256, 31672 ] end=3112960 piso=12300800
COUNTS id=[ 256, 31673 ] end=5144576 piso=16509440
COUNTS id=[ 256, 31674 ] end=5144576 piso=15112704
COUNTS id=[ 256, 31675 ] end=3112960 piso=11170304
COUNTS id=[ 256, 31676 ] end=3112960 piso=10491392
COUNTS id=[ 256, 31677 ] end=5144576 piso=14675456
COUNTS id=[ 256, 31678 ] end=1081344 piso=9932288
COUNTS id=[ 256, 31679 ] end=3112960 piso=9917952
COUNTS id=[ 256, 31680 ] end=5537792 piso=19086848
COUNTS id=[ 256, 31681 ] end=3112960 piso=12322304
COUNTS id=[ 256, 31682 ] end=5537792 piso=17526272
COUNTS id=[ 256, 31683 ] end=3112960 piso=11261440
COUNTS id=[ 256, 31684 ] end=3112960 piso=11786752
COUNTS id=[ 256, 31685 ] end=5144576 piso=14422528
COUNTS id=[ 256, 31686 ] end=3112960 piso=10947072
COUNTS id=[ 256, 31687 ] end=1081344 piso=9933312
COUNTS id=[ 256, 31688 ] end=4521984 piso=16807936
COUNTS id=[ 256, 31689 ] end=4128768 piso=14209024
COUNTS id=[ 256, 31690 ] end=6553600 piso=21866496
COUNTS id=[ 256, 31691 ] end=2097152 piso=11153408
COUNTS id=[ 256, 31692 ] end=4128768 piso=13689856
COUNTS id=[ 256, 31693 ] end=4128768 piso=12188672
