{"command": ["/project/gap-4.16.1/gap", "-l", "/project/gap-4.16.1", "-q", "-b", "-T", "-m", "128m", "-o", "4g", "-c", "START_ORDER:=448;;END_ORDER:=448;;START_ID:=513;;END_ID:=768;;SKIP_ABELIAN:=true;;LOG_ALL:=true;;", "/project/scripts/search_19_20.g"], "source_hashes": {"scripts/search_19_20.g": "7b6a34e9163b58b0248b3c464ae8070783414cd7d14048136dd0e3547b906318", "scripts/lib_19_20.g": "fbcf2d3c4b0648cc1fa87d6e50fc923133d594c029b8430a365caf596ac7ccd5"}}
PARAMETERS start=448 end=448 start_id=513 end_id=768 skip_abelian=true log_all=true
ORDER_START order=448 groups=1396
COUNTS id=[ 448, 513 ] end=172544 piso=4310656
CLOSEST id=[ 448, 513 ] end=172544 piso=4310656 ratio=33677/1348
COUNTS id=[ 448, 514 ] end=50688 piso=1873536
COUNTS id=[ 448, 515 ] end=127488 piso=1609216
CLOSEST id=[ 448, 515 ] end=127488 piso=1609216 ratio=3143/249
COUNTS id=[ 448, 516 ] end=50688 piso=1658496
COUNTS id=[ 448, 517 ] end=50688 piso=1809024
COUNTS id=[ 448, 518 ] end=29184 piso=1787520
COUNTS id=[ 448, 519 ] end=304128 piso=2139648
CLOSEST id=[ 448, 519 ] end=304128 piso=2139648 ratio=1393/198
COUNTS id=[ 448, 520 ] end=50688 piso=1680000
COUNTS id=[ 448, 521 ] end=225280 piso=8210944
COUNTS id=[ 448, 522 ] end=389120 piso=15834112
COUNTS id=[ 448, 523 ] end=139264 piso=8117760
COUNTS id=[ 448, 524 ] end=84480 piso=4716544
COUNTS id=[ 448, 525 ] end=215552 piso=15571584
COUNTS id=[ 448, 526 ] end=111616 piso=4912768
COUNTS id=[ 448, 527 ] end=97280 piso=4690560
COUNTS id=[ 448, 528 ] end=79360 piso=4794496
COUNTS id=[ 448, 529 ] end=40960 piso=488320
COUNTS id=[ 448, 530 ] end=13056 piso=213472
COUNTS id=[ 448, 531 ] end=28672 piso=344960
COUNTS id=[ 448, 532 ] end=33792 piso=369152
COUNTS id=[ 448, 533 ] end=26624 piso=344960
COUNTS id=[ 448, 534 ] end=14080 piso=158592
COUNTS id=[ 448, 535 ] end=202240 piso=14286720
COUNTS id=[ 448, 536 ] end=66048 piso=817152
COUNTS id=[ 448, 537 ] end=32768 piso=355040
COUNTS id=[ 448, 538 ] end=58880 piso=3169152
COUNTS id=[ 448, 539 ] end=53504 piso=747264
COUNTS id=[ 448, 540 ] end=58880 piso=900480
COUNTS id=[ 448, 541 ] end=42304 piso=427616
COUNTS id=[ 448, 542 ] end=42304 piso=427616
COUNTS id=[ 448, 543 ] end=13632 piso=244832
COUNTS id=[ 448, 544 ] end=115200 piso=469728
CLOSEST id=[ 448, 544 ] end=115200 piso=469728 ratio=1631/400
COUNTS id=[ 448, 545 ] end=21120 piso=271712
COUNTS id=[ 448, 546 ] end=39936 piso=283360
COUNTS id=[ 448, 547 ] end=56064 piso=465024
COUNTS id=[ 448, 548 ] end=41728 piso=465024
COUNTS id=[ 448, 549 ] end=121280 piso=1556576
COUNTS id=[ 448, 550 ] end=32576 piso=424032
COUNTS id=[ 448, 551 ] end=29184 piso=273280
COUNTS id=[ 448, 552 ] end=16640 piso=273280
COUNTS id=[ 448, 553 ] end=51392 piso=531552
COUNTS id=[ 448, 554 ] end=41664 piso=432992
COUNTS id=[ 448, 555 ] end=41664 piso=432992
COUNTS id=[ 448, 556 ] end=12992 piso=235872
COUNTS id=[ 448, 557 ] end=64000 piso=294112
COUNTS id=[ 448, 558 ] end=13824 piso=200928
COUNTS id=[ 448, 559 ] end=50688 piso=370048
COUNTS id=[ 448, 560 ] end=38144 piso=370048
COUNTS id=[ 448, 561 ] end=116544 piso=1407840
COUNTS id=[ 448, 562 ] end=31424 piso=389984
COUNTS id=[ 448, 563 ] end=30976 piso=318080
COUNTS id=[ 448, 564 ] end=16640 piso=318080
COUNTS id=[ 448, 565 ] end=53824 piso=612192
COUNTS id=[ 448, 566 ] end=91648 piso=2769088
COUNTS id=[ 448, 567 ] end=26880 piso=469728
COUNTS id=[ 448, 568 ] end=26880 piso=469728
COUNTS id=[ 448, 569 ] end=14336 piso=231392
COUNTS id=[ 448, 570 ] end=171008 piso=14628320
COUNTS id=[ 448, 571 ] end=40192 piso=844256
COUNTS id=[ 448, 572 ] end=54272 piso=558208
COUNTS id=[ 448, 573 ] end=39936 piso=511616
COUNTS id=[ 448, 574 ] end=52736 piso=3188192
COUNTS id=[ 448, 575 ] end=27392 piso=328832
COUNTS id=[ 448, 576 ] end=14848 piso=282240
COUNTS id=[ 448, 577 ] end=25600 piso=450016
COUNTS id=[ 448, 578 ] end=25600 piso=450016
COUNTS id=[ 448, 579 ] end=13056 piso=208096
COUNTS id=[ 448, 580 ] end=165376 piso=14282464
COUNTS id=[ 448, 581 ] end=38144 piso=781536
COUNTS id=[ 448, 582 ] end=48896 piso=447104
COUNTS id=[ 448, 583 ] end=36352 piso=400512
COUNTS id=[ 448, 584 ] end=54272 piso=3293920
COUNTS id=[ 448, 585 ] end=29184 piso=353920
COUNTS id=[ 448, 586 ] end=14848 piso=307328
COUNTS id=[ 448, 587 ] end=60032 piso=1239616
COUNTS id=[ 448, 588 ] end=13760 piso=309344
COUNTS id=[ 448, 589 ] end=26432 piso=425600
COUNTS id=[ 448, 590 ] end=26432 piso=267008
COUNTS id=[ 448, 591 ] end=27200 piso=440160
COUNTS id=[ 448, 592 ] end=101696 piso=1719424
COUNTS id=[ 448, 593 ] end=44352 piso=600320
COUNTS id=[ 448, 594 ] end=51520 piso=780416
COUNTS id=[ 448, 595 ] end=64512 piso=1073408
COUNTS id=[ 448, 596 ] end=21504 piso=992768
COUNTS id=[ 448, 597 ] end=15296 piso=241248
COUNTS id=[ 448, 598 ] end=28736 piso=327936
COUNTS id=[ 448, 599 ] end=39488 piso=436352
COUNTS id=[ 448, 600 ] end=25152 piso=346976
COUNTS id=[ 448, 601 ] end=78912 piso=1386112
COUNTS id=[ 448, 602 ] end=39488 piso=353024
COUNTS id=[ 448, 603 ] end=50240 piso=504448
COUNTS id=[ 448, 604 ] end=52800 piso=582400
COUNTS id=[ 448, 605 ] end=52800 piso=439936
COUNTS id=[ 448, 606 ] end=70592 piso=712544
COUNTS id=[ 448, 607 ] end=285248 piso=2646784
COUNTS id=[ 448, 608 ] end=70208 piso=859264
COUNTS id=[ 448, 609 ] end=53568 piso=467040
COUNTS id=[ 448, 610 ] end=206400 piso=1141504
COUNTS id=[ 448, 611 ] end=67328 piso=1257088
COUNTS id=[ 448, 612 ] end=73792 piso=654080
PROGRESS checked=100 hits=0 reversed=0 runtime_ms=90287
COUNTS id=[ 448, 613 ] end=73792 piso=654080
COUNTS id=[ 448, 614 ] end=27200 piso=307328
COUNTS id=[ 448, 615 ] end=50240 piso=553728
COUNTS id=[ 448, 616 ] end=50240 piso=375424
COUNTS id=[ 448, 617 ] end=63680 piso=504672
COUNTS id=[ 448, 618 ] end=38464 piso=400736
COUNTS id=[ 448, 619 ] end=250944 piso=1958656
COUNTS id=[ 448, 620 ] end=64576 piso=737408
COUNTS id=[ 448, 621 ] end=38464 piso=400736
COUNTS id=[ 448, 622 ] end=78912 piso=1399552
COUNTS id=[ 448, 623 ] end=39488 piso=382592
COUNTS id=[ 448, 624 ] end=53824 piso=488544
COUNTS id=[ 448, 625 ] end=28608 piso=309344
COUNTS id=[ 448, 626 ] end=229440 piso=1514240
COUNTS id=[ 448, 627 ] end=50240 piso=553728
COUNTS id=[ 448, 628 ] end=28608 piso=309344
COUNTS id=[ 448, 629 ] end=20224 piso=1008000
COUNTS id=[ 448, 630 ] end=102400 piso=200704
CLOSEST id=[ 448, 630 ] end=102400 piso=200704 ratio=49/25
COUNTS id=[ 448, 631 ] end=27136 piso=107520
COUNTS id=[ 448, 632 ] end=262144 piso=802816
COUNTS id=[ 448, 633 ] end=73728 piso=659456
COUNTS id=[ 448, 634 ] end=245760 piso=802816
COUNTS id=[ 448, 635 ] end=59392 piso=280448
COUNTS id=[ 448, 636 ] end=29696 piso=280448
COUNTS id=[ 448, 637 ] end=115712 piso=3777536
COUNTS id=[ 448, 638 ] end=402432 piso=1533952
COUNTS id=[ 448, 639 ] end=402432 piso=1533952
COUNTS id=[ 448, 640 ] end=101376 piso=584192
COUNTS id=[ 448, 641 ] end=51200 piso=347648
COUNTS id=[ 448, 642 ] end=159744 piso=6680576
COUNTS id=[ 448, 643 ] end=41472 piso=260064
COUNTS id=[ 448, 644 ] end=65536 piso=789376
COUNTS id=[ 448, 645 ] end=34176 piso=217952
COUNTS id=[ 448, 646 ] end=259072 piso=14529536
COUNTS id=[ 448, 647 ] end=69120 piso=860160
COUNTS id=[ 448, 648 ] end=59648 piso=498176
COUNTS id=[ 448, 649 ] end=118784 piso=1136128
COUNTS id=[ 448, 650 ] end=50688 piso=577024
COUNTS id=[ 448, 651 ] end=163840 piso=602112
COUNTS id=[ 448, 652 ] end=40960 piso=602112
COUNTS id=[ 448, 653 ] end=29696 piso=323456
COUNTS id=[ 448, 654 ] end=61952 piso=3298176
COUNTS id=[ 448, 655 ] end=151552 piso=681856
COUNTS id=[ 448, 656 ] end=59392 piso=323456
COUNTS id=[ 448, 657 ] end=29696 piso=315392
COUNTS id=[ 448, 658 ] end=15360 piso=318976
COUNTS id=[ 448, 659 ] end=26112 piso=351232
COUNTS id=[ 448, 660 ] end=126976 piso=6623232
COUNTS id=[ 448, 661 ] end=27264 piso=239456
COUNTS id=[ 448, 662 ] end=29952 piso=224224
COUNTS id=[ 448, 663 ] end=65536 piso=832384
COUNTS id=[ 448, 664 ] end=208896 piso=14314496
COUNTS id=[ 448, 665 ] end=205312 piso=14329728
COUNTS id=[ 448, 666 ] end=54784 piso=778624
COUNTS id=[ 448, 667 ] end=72704 piso=1201536
COUNTS id=[ 448, 668 ] end=47104 piso=494592
COUNTS id=[ 448, 669 ] end=93696 piso=1132544
COUNTS id=[ 448, 670 ] end=65536 piso=3189760
COUNTS id=[ 448, 671 ] end=25600 piso=573440
COUNTS id=[ 448, 672 ] end=72704 piso=1278592
COUNTS id=[ 448, 673 ] end=56576 piso=833280
COUNTS id=[ 448, 674 ] end=10112 piso=87136
COUNTS id=[ 448, 675 ] end=25408 piso=326816
COUNTS id=[ 448, 676 ] end=50496 piso=756000
COUNTS id=[ 448, 677 ] end=12864 piso=460320
COUNTS id=[ 448, 678 ] end=9856 piso=124544
COUNTS id=[ 448, 679 ] end=9856 piso=124544
COUNTS id=[ 448, 680 ] end=88640 piso=921984
COUNTS id=[ 448, 681 ] end=20544 piso=242816
COUNTS id=[ 448, 682 ] end=52800 piso=443520
COUNTS id=[ 448, 683 ] end=134400 piso=924672
COUNTS id=[ 448, 684 ] end=52160 piso=969248
COUNTS id=[ 448, 685 ] end=211520 piso=2904832
COUNTS id=[ 448, 686 ] end=133888 piso=924672
COUNTS id=[ 448, 687 ] end=14912 piso=562464
COUNTS id=[ 448, 688 ] end=88640 piso=1015168
COUNTS id=[ 448, 689 ] end=52800 piso=858368
COUNTS id=[ 448, 690 ] end=154112 piso=13492640
COUNTS id=[ 448, 691 ] end=64256 piso=652288
COUNTS id=[ 448, 692 ] end=42496 piso=1036448
COUNTS id=[ 448, 693 ] end=63744 piso=632576
COUNTS id=[ 448, 694 ] end=18048 piso=299040
COUNTS id=[ 448, 695 ] end=76800 piso=485632
COUNTS id=[ 448, 696 ] end=17600 piso=530208
COUNTS id=[ 448, 697 ] end=48960 piso=793632
COUNTS id=[ 448, 698 ] end=76544 piso=485632
COUNTS id=[ 448, 699 ] end=27200 piso=567840
COUNTS id=[ 448, 700 ] end=13760 piso=404768
COUNTS id=[ 448, 701 ] end=30016 piso=710528
COUNTS id=[ 448, 702 ] end=44352 piso=675584
COUNTS id=[ 448, 703 ] end=140032 piso=12942496
COUNTS id=[ 448, 704 ] end=34304 piso=2552480
COUNTS id=[ 448, 705 ] end=35072 piso=379904
COUNTS id=[ 448, 706 ] end=50176 piso=1310624
COUNTS id=[ 448, 707 ] end=30464 piso=855456
COUNTS id=[ 448, 708 ] end=34816 piso=360192
COUNTS id=[ 448, 709 ] end=105792 piso=1066240
COUNTS id=[ 448, 710 ] end=101696 piso=1391488
COUNTS id=[ 448, 711 ] end=10624 piso=187040
COUNTS id=[ 448, 712 ] end=78912 piso=701568
PROGRESS checked=200 hits=0 reversed=0 runtime_ms=171220
COUNTS id=[ 448, 713 ] end=17984 piso=201600
COUNTS id=[ 448, 714 ] end=57408 piso=531328
COUNTS id=[ 448, 715 ] end=94272 piso=1277696
COUNTS id=[ 448, 716 ] end=18496 piso=487200
COUNTS id=[ 448, 717 ] end=44800 piso=573440
COUNTS id=[ 448, 718 ] end=44288 piso=573440
COUNTS id=[ 448, 719 ] end=26048 piso=420896
COUNTS id=[ 448, 720 ] end=24320 piso=2572192
COUNTS id=[ 448, 721 ] end=38144 piso=1097376
COUNTS id=[ 448, 722 ] end=31488 piso=415744
COUNTS id=[ 448, 723 ] end=30976 piso=396032
COUNTS id=[ 448, 724 ] end=43072 piso=613760
COUNTS id=[ 448, 725 ] end=78912 piso=1051904
COUNTS id=[ 448, 726 ] end=15744 piso=261408
COUNTS id=[ 448, 727 ] end=41664 piso=646016
COUNTS id=[ 448, 728 ] end=12992 piso=163072
COUNTS id=[ 448, 729 ] end=12992 piso=346752
COUNTS id=[ 448, 730 ] end=13312 piso=199808
COUNTS id=[ 448, 731 ] end=13312 piso=199808
COUNTS id=[ 448, 732 ] end=88064 piso=2238208
COUNTS id=[ 448, 733 ] end=22080 piso=399840
COUNTS id=[ 448, 734 ] end=7744 piso=244832
COUNTS id=[ 448, 735 ] end=14592 piso=1049216
COUNTS id=[ 448, 736 ] end=65280 piso=1452416
COUNTS id=[ 448, 737 ] end=20032 piso=309344
COUNTS id=[ 448, 738 ] end=7488 piso=297696
COUNTS id=[ 448, 739 ] end=13312 piso=1064448
COUNTS id=[ 448, 740 ] end=208896 piso=1476608
COUNTS id=[ 448, 741 ] end=108544 piso=1290240
COUNTS id=[ 448, 742 ] end=1048576 piso=27768832
COUNTS id=[ 448, 743 ] end=475136 piso=3322368
COUNTS id=[ 448, 744 ] end=130048 piso=2741760
COUNTS id=[ 448, 745 ] end=409600 piso=3024896
COUNTS id=[ 448, 746 ] end=409600 piso=2920960
COUNTS id=[ 448, 747 ] end=273408 piso=7300608
COUNTS id=[ 448, 748 ] end=160768 piso=2401280
COUNTS id=[ 448, 749 ] end=85504 piso=2158464
COUNTS id=[ 448, 750 ] end=110592 piso=2293760
COUNTS id=[ 448, 751 ] end=100352 piso=2623712
COUNTS id=[ 448, 752 ] end=60928 piso=2159584
COUNTS id=[ 448, 753 ] end=261120 piso=3114496
COUNTS id=[ 448, 754 ] end=463872 piso=10569216
COUNTS id=[ 448, 755 ] end=413696 piso=4566016
COUNTS id=[ 448, 756 ] end=61952 piso=4281984
COUNTS id=[ 448, 757 ] end=339968 piso=12374656
COUNTS id=[ 448, 758 ] end=152576 piso=939008
COUNTS id=[ 448, 759 ] end=77312 piso=674688
COUNTS id=[ 448, 760 ] end=102400 piso=802816
COUNTS id=[ 448, 761 ] end=86528 piso=817376
COUNTS id=[ 448, 762 ] end=54272 piso=804832
COUNTS id=[ 448, 763 ] end=160256 piso=2310784
COUNTS id=[ 448, 764 ] end=208896 piso=2028544
COUNTS id=[ 448, 765 ] end=200704 piso=5170816
COUNTS id=[ 448, 766 ] end=78848 piso=556416
COUNTS id=[ 448, 767 ] end=53760 piso=387072
COUNTS id=[ 448, 768 ] end=28672 piso=423808
DONE checked=256 abelian=0 hits=0 reversed=0 skipped_abelian=0 closest=[ 448, 630 ] min_ratio=49/25 runtime_ms=219065
