{"command": ["/project/gap-4.16.1/gap", "-l", "/project/gap-4.16.1", "-q", "-b", "-T", "-m", "128m", "-o", "4g", "-c", "START_ORDER:=336;;END_ORDER:=336;;START_ID:=1;;END_ID:=228;;SKIP_ABELIAN:=true;;LOG_ALL:=true;;", "/project/scripts/search_19_20.g"], "source_hashes": {"scripts/search_19_20.g": "7b6a34e9163b58b0248b3c464ae8070783414cd7d14048136dd0e3547b906318", "scripts/lib_19_20.g": "fbcf2d3c4b0648cc1fa87d6e50fc923133d594c029b8430a365caf596ac7ccd5"}}
PARAMETERS start=336 end=336 start_id=1 end_id=228 skip_abelian=true log_all=true
ORDER_START order=336 groups=228
COUNTS id=[ 336, 1 ] end=624 piso=3024
CLOSEST id=[ 336, 1 ] end=624 piso=3024 ratio=63/13
COUNTS id=[ 336, 2 ] end=912 piso=2352
CLOSEST id=[ 336, 2 ] end=912 piso=2352 ratio=49/19
COUNTS id=[ 336, 3 ] end=560 piso=1008
CLOSEST id=[ 336, 3 ] end=560 piso=1008 ratio=9/5
COUNTS id=[ 336, 4 ] end=1200 piso=2352
COUNTS id=[ 336, 5 ] end=3536 piso=11088
ABELIAN_SKIPPED id=[ 336, 6 ] reason=known_equality
COUNTS id=[ 336, 7 ] end=1920 piso=10752
COUNTS id=[ 336, 8 ] end=1632 piso=10752
COUNTS id=[ 336, 9 ] end=2412 piso=22344
COUNTS id=[ 336, 10 ] end=4764 piso=49224
COUNTS id=[ 336, 11 ] end=2076 piso=34440
COUNTS id=[ 336, 12 ] end=2496 piso=12096
COUNTS id=[ 336, 13 ] end=1488 piso=12096
COUNTS id=[ 336, 14 ] end=7680 piso=43008
COUNTS id=[ 336, 15 ] end=2496 piso=32256
COUNTS id=[ 336, 16 ] end=4512 piso=33600
COUNTS id=[ 336, 17 ] end=3840 piso=96096
COUNTS id=[ 336, 18 ] end=2892 piso=36456
COUNTS id=[ 336, 19 ] end=1548 piso=20328
COUNTS id=[ 336, 20 ] end=2076 piso=21672
COUNTS id=[ 336, 21 ] end=1404 piso=27048
COUNTS id=[ 336, 22 ] end=4992 piso=97440
COUNTS id=[ 336, 23 ] end=5120 piso=28224
COUNTS id=[ 336, 24 ] end=6400 piso=28224
COUNTS id=[ 336, 25 ] end=5632 piso=36288
COUNTS id=[ 336, 26 ] end=4544 piso=28224
COUNTS id=[ 336, 27 ] end=4832 piso=28224
COUNTS id=[ 336, 28 ] end=5552 piso=36288
COUNTS id=[ 336, 29 ] end=8100 piso=52248
COUNTS id=[ 336, 30 ] end=13332 piso=119784
COUNTS id=[ 336, 31 ] end=10612 piso=98952
COUNTS id=[ 336, 32 ] end=7620 piso=41496
COUNTS id=[ 336, 33 ] end=7204 piso=38808
COUNTS id=[ 336, 34 ] end=7956 piso=62664
COUNTS id=[ 336, 35 ] end=10084 piso=80136
COUNTS id=[ 336, 36 ] end=7252 piso=56616
COUNTS id=[ 336, 37 ] end=9412 piso=76776
COUNTS id=[ 336, 38 ] end=7396 piso=45528
COUNTS id=[ 336, 39 ] end=9412 piso=84840
COUNTS id=[ 336, 40 ] end=8068 piso=72072
COUNTS id=[ 336, 41 ] end=16384 piso=108864
COUNTS id=[ 336, 42 ] end=10240 piso=135744
COUNTS id=[ 336, 43 ] end=12800 piso=102144
COUNTS id=[ 336, 44 ] end=11264 piso=317856
COUNTS id=[ 336, 45 ] end=9344 piso=74592
COUNTS id=[ 336, 46 ] end=7904 piso=69888
COUNTS id=[ 336, 47 ] end=12608 piso=75936
COUNTS id=[ 336, 48 ] end=14592 piso=37632
COUNTS id=[ 336, 49 ] end=7296 piso=89376
COUNTS id=[ 336, 50 ] end=5472 piso=28224
COUNTS id=[ 336, 51 ] end=3648 piso=9408
COUNTS id=[ 336, 52 ] end=2736 piso=9408
COUNTS id=[ 336, 53 ] end=5700 piso=36456
COUNTS id=[ 336, 54 ] end=2964 piso=17640
COUNTS id=[ 336, 55 ] end=2052 piso=27048
COUNTS id=[ 336, 56 ] end=3591 piso=10752
COUNTS id=[ 336, 57 ] end=14337 piso=91392
COUNTS id=[ 336, 58 ] end=3072 piso=9408
COUNTS id=[ 336, 59 ] end=2880 piso=9408
COUNTS id=[ 336, 60 ] end=5052 piso=22680
COUNTS id=[ 336, 61 ] end=10092 piso=53592
COUNTS id=[ 336, 62 ] end=4716 piso=36120
COUNTS id=[ 336, 63 ] end=4800 piso=9408
COUNTS id=[ 336, 64 ] end=2448 piso=9408
COUNTS id=[ 336, 65 ] end=12288 piso=37632
COUNTS id=[ 336, 66 ] end=3456 piso=26208
COUNTS id=[ 336, 67 ] end=9504 piso=28224
COUNTS id=[ 336, 68 ] end=6144 piso=87360
COUNTS id=[ 336, 69 ] end=4476 piso=22344
COUNTS id=[ 336, 70 ] end=2460 piso=13608
COUNTS id=[ 336, 71 ] end=4044 piso=17640
COUNTS id=[ 336, 72 ] end=2700 piso=16968
COUNTS id=[ 336, 73 ] end=9600 piso=36960
COUNTS id=[ 336, 74 ] end=1792 piso=4032
COUNTS id=[ 336, 75 ] end=1568 piso=4032
COUNTS id=[ 336, 76 ] end=2380 piso=9240
COUNTS id=[ 336, 77 ] end=4732 piso=21336
COUNTS id=[ 336, 78 ] end=2044 piso=14616
COUNTS id=[ 336, 79 ] end=2240 piso=4032
COUNTS id=[ 336, 80 ] end=1232 piso=4032
COUNTS id=[ 336, 81 ] end=7168 piso=16128
COUNTS id=[ 336, 82 ] end=2240 piso=11424
COUNTS id=[ 336, 83 ] end=4256 piso=12096
COUNTS id=[ 336, 84 ] end=3584 piso=37632
COUNTS id=[ 336, 85 ] end=2604 piso=10920
COUNTS id=[ 336, 86 ] end=1260 piso=6216
COUNTS id=[ 336, 87 ] end=2044 piso=7560
COUNTS id=[ 336, 88 ] end=1372 piso=8232
COUNTS id=[ 336, 89 ] end=4480 piso=20832
COUNTS id=[ 336, 90 ] end=7744 piso=40320
COUNTS id=[ 336, 91 ] end=7568 piso=40320
COUNTS id=[ 336, 92 ] end=14452 piso=101976
COUNTS id=[ 336, 93 ] end=28900 piso=247128
COUNTS id=[ 336, 94 ] end=14116 piso=159768
COUNTS id=[ 336, 95 ] end=14144 piso=44352
COUNTS id=[ 336, 96 ] end=7088 piso=44352
COUNTS id=[ 336, 97 ] end=30976 piso=161280
COUNTS id=[ 336, 98 ] end=8096 piso=118272
COUNTS id=[ 336, 99 ] end=28256 piso=133056
COUNTS id=[ 336, 100 ] end=15488 piso=333984
COUNTS id=[ 336, 101 ] end=11460 piso=88536
PROGRESS checked=100 hits=0 reversed=0 runtime_ms=42117
COUNTS id=[ 336, 102 ] end=7092 piso=57624
COUNTS id=[ 336, 103 ] end=11092 piso=79128
COUNTS id=[ 336, 104 ] end=7396 piso=65688
COUNTS id=[ 336, 105 ] end=28288 piso=141792
ABELIAN_SKIPPED id=[ 336, 106 ] reason=known_equality
COUNTS id=[ 336, 107 ] end=2688 piso=12768
COUNTS id=[ 336, 108 ] end=2016 piso=4032
ABELIAN_SKIPPED id=[ 336, 109 ] reason=known_equality
COUNTS id=[ 336, 110 ] end=1008 piso=1344
CLOSEST id=[ 336, 110 ] end=1008 piso=1344 ratio=4/3
COUNTS id=[ 336, 111 ] end=2100 piso=5208
COUNTS id=[ 336, 112 ] end=1092 piso=2520
COUNTS id=[ 336, 113 ] end=756 piso=3864
COUNTS id=[ 336, 114 ] end=337 piso=54600
COUNTS id=[ 336, 115 ] end=350 piso=8400
COUNTS id=[ 336, 116 ] end=770 piso=9744
COUNTS id=[ 336, 117 ] end=896 piso=12096
COUNTS id=[ 336, 118 ] end=2354 piso=67872
COUNTS id=[ 336, 119 ] end=5294 piso=107520
COUNTS id=[ 336, 120 ] end=5888 piso=104832
COUNTS id=[ 336, 121 ] end=14400 piso=127008
COUNTS id=[ 336, 122 ] end=26112 piso=161280
COUNTS id=[ 336, 123 ] end=33216 piso=342048
COUNTS id=[ 336, 124 ] end=5664 piso=55776
COUNTS id=[ 336, 125 ] end=27744 piso=315840
COUNTS id=[ 336, 126 ] end=4992 piso=56448
COUNTS id=[ 336, 127 ] end=11424 piso=115584
COUNTS id=[ 336, 128 ] end=7680 piso=68544
COUNTS id=[ 336, 129 ] end=39936 piso=193536
COUNTS id=[ 336, 130 ] end=25152 piso=277536
COUNTS id=[ 336, 131 ] end=2664 piso=34104
COUNTS id=[ 336, 132 ] end=3300 piso=63672
COUNTS id=[ 336, 133 ] end=3600 piso=61152
COUNTS id=[ 336, 134 ] end=1500 piso=37296
COUNTS id=[ 336, 135 ] end=2256 piso=69552
COUNTS id=[ 336, 136 ] end=2304 piso=65856
COUNTS id=[ 336, 137 ] end=22816 piso=349440
COUNTS id=[ 336, 138 ] end=9408 piso=149184
COUNTS id=[ 336, 139 ] end=15744 piso=189504
COUNTS id=[ 336, 140 ] end=28448 piso=366912
COUNTS id=[ 336, 141 ] end=12032 piso=173376
COUNTS id=[ 336, 142 ] end=14336 piso=197568
COUNTS id=[ 336, 143 ] end=21152 piso=302400
COUNTS id=[ 336, 144 ] end=9184 piso=141792
COUNTS id=[ 336, 145 ] end=8896 piso=147840
COUNTS id=[ 336, 146 ] end=17536 piso=212352
COUNTS id=[ 336, 147 ] end=41216 piso=447552
COUNTS id=[ 336, 148 ] end=53728 piso=993216
COUNTS id=[ 336, 149 ] end=62944 piso=1029504
COUNTS id=[ 336, 150 ] end=47584 piso=880320
COUNTS id=[ 336, 151 ] end=58880 piso=451584
COUNTS id=[ 336, 152 ] end=9024 piso=137088
COUNTS id=[ 336, 153 ] end=6720 piso=145152
COUNTS id=[ 336, 154 ] end=89600 piso=451584
COUNTS id=[ 336, 155 ] end=8512 piso=135744
COUNTS id=[ 336, 156 ] end=55808 piso=532224
COUNTS id=[ 336, 157 ] end=37184 piso=319200
COUNTS id=[ 336, 158 ] end=63680 piso=714336
COUNTS id=[ 336, 159 ] end=54208 piso=579936
COUNTS id=[ 336, 160 ] end=45760 piso=448224
COUNTS id=[ 336, 161 ] end=34592 piso=530880
COUNTS id=[ 336, 162 ] end=34720 piso=432768
COUNTS id=[ 336, 163 ] end=45184 piso=940800
COUNTS id=[ 336, 164 ] end=58368 piso=150528
COUNTS id=[ 336, 165 ] end=62016 piso=296352
COUNTS id=[ 336, 166 ] end=25536 piso=108192
COUNTS id=[ 336, 167 ] end=12768 piso=51744
COUNTS id=[ 336, 168 ] end=1008 piso=8736
COUNTS id=[ 336, 169 ] end=924 piso=9240
COUNTS id=[ 336, 170 ] end=504 piso=3864
COUNTS id=[ 336, 171 ] end=3600 piso=22848
COUNTS id=[ 336, 172 ] end=3588 piso=46032
COUNTS id=[ 336, 173 ] end=1800 piso=16464
COUNTS id=[ 336, 174 ] end=24384 piso=128352
COUNTS id=[ 336, 175 ] end=35328 piso=150528
COUNTS id=[ 336, 176 ] end=53952 piso=348768
COUNTS id=[ 336, 177 ] end=7584 piso=47712
COUNTS id=[ 336, 178 ] end=37536 piso=294336
COUNTS id=[ 336, 179 ] end=5568 piso=45696
COUNTS id=[ 336, 180 ] end=15456 piso=102144
COUNTS id=[ 336, 181 ] end=13632 piso=69888
COUNTS id=[ 336, 182 ] end=76800 piso=150528
COUNTS id=[ 336, 183 ] end=29760 piso=147168
COUNTS id=[ 336, 184 ] end=13888 piso=53088
COUNTS id=[ 336, 185 ] end=25088 piso=64512
COUNTS id=[ 336, 186 ] end=32704 piso=144480
COUNTS id=[ 336, 187 ] end=5152 piso=20832
COUNTS id=[ 336, 188 ] end=26656 piso=126336
COUNTS id=[ 336, 189 ] end=4032 piso=20160
COUNTS id=[ 336, 190 ] end=10976 piso=44352
COUNTS id=[ 336, 191 ] end=7616 piso=28224
COUNTS id=[ 336, 192 ] end=35840 piso=64512
COUNTS id=[ 336, 193 ] end=21056 piso=77280
COUNTS id=[ 336, 194 ] end=61888 piso=520800
COUNTS id=[ 336, 195 ] end=72704 piso=564480
COUNTS id=[ 336, 196 ] end=129088 piso=1386336
COUNTS id=[ 336, 197 ] end=16864 piso=190176
COUNTS id=[ 336, 198 ] end=77248 piso=1094016
COUNTS id=[ 336, 199 ] end=12384 piso=185472
COUNTS id=[ 336, 200 ] end=31808 piso=395136
COUNTS id=[ 336, 201 ] end=34784 piso=322560
COUNTS id=[ 336, 202 ] end=226304 piso=709632
COUNTS id=[ 336, 203 ] end=66368 piso=504672
PROGRESS checked=200 hits=0 reversed=0 runtime_ms=90358
ABELIAN_SKIPPED id=[ 336, 204 ] reason=known_equality
COUNTS id=[ 336, 205 ] end=22848 piso=42336
COUNTS id=[ 336, 206 ] end=9408 piso=15456
COUNTS id=[ 336, 207 ] end=4704 piso=7392
COUNTS id=[ 336, 208 ] end=386 piso=101976
COUNTS id=[ 336, 209 ] end=716 piso=237888
COUNTS id=[ 336, 210 ] end=1248 piso=116256
COUNTS id=[ 336, 211 ] end=2240 piso=599760
COUNTS id=[ 336, 212 ] end=6400 piso=454608
COUNTS id=[ 336, 213 ] end=1344 piso=199920
COUNTS id=[ 336, 214 ] end=2800 piso=66528
COUNTS id=[ 336, 215 ] end=12496 piso=441504
COUNTS id=[ 336, 216 ] end=1523712 piso=9977856
COUNTS id=[ 336, 217 ] end=12288 piso=3255168
COUNTS id=[ 336, 218 ] end=7680 piso=3264576
COUNTS id=[ 336, 219 ] end=1970176 piso=28836864
COUNTS id=[ 336, 220 ] end=3735552 piso=9633792
COUNTS id=[ 336, 221 ] end=5376 piso=465024
COUNTS id=[ 336, 222 ] end=14592 piso=521472
COUNTS id=[ 336, 223 ] end=57351 piso=569856
COUNTS id=[ 336, 224 ] end=229377 piso=1569792
COUNTS id=[ 336, 225 ] end=1818624 piso=9633792
COUNTS id=[ 336, 226 ] end=1490944 piso=4128768
COUNTS id=[ 336, 227 ] end=3014656 piso=32772096
ABELIAN_SKIPPED id=[ 336, 228 ] reason=known_equality
DONE checked=223 abelian=0 hits=0 reversed=0 skipped_abelian=5 closest=[ 336, 110 ] min_ratio=4/3 runtime_ms=103249
