{"command": ["/project/gap-4.16.1/gap", "-l", "/project/gap-4.16.1", "-q", "-b", "-T", "-m", "128m", "-o", "4g", "-c", "START_ORDER:=384;;END_ORDER:=384;;START_ID:=15873;;END_ID:=16128;;SKIP_ABELIAN:=true;;LOG_ALL:=true;;", "/project/scripts/search_19_20.g"], "source_hashes": {"scripts/search_19_20.g": "7b6a34e9163b58b0248b3c464ae8070783414cd7d14048136dd0e3547b906318", "scripts/lib_19_20.g": "fbcf2d3c4b0648cc1fa87d6e50fc923133d594c029b8430a365caf596ac7ccd5"}}
PARAMETERS start=384 end=384 start_id=15873 end_id=16128 skip_abelian=true log_all=true
ORDER_START order=384 groups=20169
COUNTS id=[ 384, 15873 ] end=575488 piso=6718464
CLOSEST id=[ 384, 15873 ] end=575488 piso=6718464 ratio=6561/562
COUNTS id=[ 384, 15874 ] end=559104 piso=6398976
CLOSEST id=[ 384, 15874 ] end=559104 piso=6398976 ratio=2083/182
COUNTS id=[ 384, 15875 ] end=92160 piso=1294848
COUNTS id=[ 384, 15876 ] end=509952 piso=6398976
COUNTS id=[ 384, 15877 ] end=92160 piso=1294848
COUNTS id=[ 384, 15878 ] end=1179648 piso=21528576
COUNTS id=[ 384, 15879 ] end=135168 piso=1984512
COUNTS id=[ 384, 15880 ] end=135168 piso=1984512
COUNTS id=[ 384, 15881 ] end=76800 piso=1001472
COUNTS id=[ 384, 15882 ] end=503808 piso=4798464
CLOSEST id=[ 384, 15882 ] end=503808 piso=4798464 ratio=781/82
COUNTS id=[ 384, 15883 ] end=135168 piso=1966080
COUNTS id=[ 384, 15884 ] end=135168 piso=1966080
COUNTS id=[ 384, 15885 ] end=76800 piso=983040
COUNTS id=[ 384, 15886 ] end=196608 piso=2095104
COUNTS id=[ 384, 15887 ] end=76800 piso=949248
COUNTS id=[ 384, 15888 ] end=76800 piso=918528
COUNTS id=[ 384, 15889 ] end=147456 piso=2064384
COUNTS id=[ 384, 15890 ] end=108544 piso=2515968
COUNTS id=[ 384, 15891 ] end=104448 piso=2085888
COUNTS id=[ 384, 15892 ] end=67584 piso=2085888
COUNTS id=[ 384, 15893 ] end=172032 piso=4472832
COUNTS id=[ 384, 15894 ] end=61440 piso=1351680
COUNTS id=[ 384, 15895 ] end=61440 piso=1333248
COUNTS id=[ 384, 15896 ] end=98304 piso=1241088
COUNTS id=[ 384, 15897 ] end=61440 piso=1210368
COUNTS id=[ 384, 15898 ] end=372736 piso=10283520
COUNTS id=[ 384, 15899 ] end=77824 piso=4196352
COUNTS id=[ 384, 15900 ] end=77824 piso=4196352
COUNTS id=[ 384, 15901 ] end=40960 piso=1234944
COUNTS id=[ 384, 15902 ] end=40960 piso=1609728
COUNTS id=[ 384, 15903 ] end=40960 piso=1216512
COUNTS id=[ 384, 15904 ] end=67584 piso=976896
COUNTS id=[ 384, 15905 ] end=67584 piso=976896
COUNTS id=[ 384, 15906 ] end=49152 piso=854016
COUNTS id=[ 384, 15907 ] end=36864 piso=761856
COUNTS id=[ 384, 15908 ] end=55296 piso=884736
COUNTS id=[ 384, 15909 ] end=55296 piso=884736
COUNTS id=[ 384, 15910 ] end=176128 piso=1714176
COUNTS id=[ 384, 15911 ] end=176128 piso=1714176
COUNTS id=[ 384, 15912 ] end=1134592 piso=20545536
COUNTS id=[ 384, 15913 ] end=151552 piso=4767744
COUNTS id=[ 384, 15914 ] end=569344 piso=4546560
CLOSEST id=[ 384, 15914 ] end=569344 piso=4546560 ratio=1110/139
COUNTS id=[ 384, 15915 ] end=167936 piso=1904640
COUNTS id=[ 384, 15916 ] end=167936 piso=1904640
COUNTS id=[ 384, 15917 ] end=487424 piso=4300800
COUNTS id=[ 384, 15918 ] end=94208 piso=2015232
COUNTS id=[ 384, 15919 ] end=176128 piso=1517568
COUNTS id=[ 384, 15920 ] end=102400 piso=1560576
COUNTS id=[ 384, 15921 ] end=56320 piso=801792
COUNTS id=[ 384, 15922 ] end=56320 piso=863232
COUNTS id=[ 384, 15923 ] end=139264 piso=1456128
COUNTS id=[ 384, 15924 ] end=53248 piso=1499136
COUNTS id=[ 384, 15925 ] end=73728 piso=1162752
COUNTS id=[ 384, 15926 ] end=491520 piso=5803008
COUNTS id=[ 384, 15927 ] end=520192 piso=5778432
COUNTS id=[ 384, 15928 ] end=65536 piso=1085952
COUNTS id=[ 384, 15929 ] end=483328 piso=5778432
COUNTS id=[ 384, 15930 ] end=65536 piso=1085952
COUNTS id=[ 384, 15931 ] end=1134592 piso=20269056
COUNTS id=[ 384, 15932 ] end=114688 piso=1572864
COUNTS id=[ 384, 15933 ] end=483328 piso=4448256
COUNTS id=[ 384, 15934 ] end=114688 piso=1554432
COUNTS id=[ 384, 15935 ] end=114688 piso=1413120
COUNTS id=[ 384, 15936 ] end=56320 piso=761856
COUNTS id=[ 384, 15937 ] end=114688 piso=1394688
COUNTS id=[ 384, 15938 ] end=56320 piso=743424
COUNTS id=[ 384, 15939 ] end=151552 piso=1462272
COUNTS id=[ 384, 15940 ] end=56320 piso=807936
COUNTS id=[ 384, 15941 ] end=56320 piso=777216
COUNTS id=[ 384, 15942 ] end=114688 piso=1431552
COUNTS id=[ 384, 15943 ] end=122880 piso=2141184
COUNTS id=[ 384, 15944 ] end=90112 piso=2227200
COUNTS id=[ 384, 15945 ] end=40960 piso=2227200
COUNTS id=[ 384, 15946 ] end=176128 piso=4786176
COUNTS id=[ 384, 15947 ] end=40960 piso=1234944
COUNTS id=[ 384, 15948 ] end=40960 piso=1216512
COUNTS id=[ 384, 15949 ] end=102400 piso=1505280
COUNTS id=[ 384, 15950 ] end=53248 piso=1474560
COUNTS id=[ 384, 15951 ] end=1770496 piso=29766144
COUNTS id=[ 384, 15952 ] end=169984 piso=2150784
COUNTS id=[ 384, 15953 ] end=202752 piso=2934144
COUNTS id=[ 384, 15954 ] end=724992 piso=7560576
COUNTS id=[ 384, 15955 ] end=264192 piso=2517888
COUNTS id=[ 384, 15956 ] end=172032 piso=2115456
COUNTS id=[ 384, 15957 ] end=268288 piso=4144512
COUNTS id=[ 384, 15958 ] end=845824 piso=9698688
COUNTS id=[ 384, 15959 ] end=2007040 piso=38414208
COUNTS id=[ 384, 15960 ] end=669696 piso=7328640
COUNTS id=[ 384, 15961 ] end=227328 piso=2482560
COUNTS id=[ 384, 15962 ] end=203776 piso=2158464
COUNTS id=[ 384, 15963 ] end=640000 piso=6678912
COUNTS id=[ 384, 15964 ] end=242688 piso=2755968
COUNTS id=[ 384, 15965 ] end=193536 piso=1952640
COUNTS id=[ 384, 15966 ] end=286720 piso=19208064
COUNTS id=[ 384, 15967 ] end=202752 piso=3384192
COUNTS id=[ 384, 15968 ] end=166912 piso=2292096
COUNTS id=[ 384, 15969 ] end=168960 piso=1981824
COUNTS id=[ 384, 15970 ] end=1607680 piso=24817152
COUNTS id=[ 384, 15971 ] end=529408 piso=11816448
COUNTS id=[ 384, 15972 ] end=676864 piso=15313920
PROGRESS checked=100 hits=0 reversed=0 runtime_ms=276221
COUNTS id=[ 384, 15973 ] end=36864 piso=1352064
COUNTS id=[ 384, 15974 ] end=563200 piso=4543872
COUNTS id=[ 384, 15975 ] end=65536 piso=2829696
COUNTS id=[ 384, 15976 ] end=114688 piso=1516416
COUNTS id=[ 384, 15977 ] end=36864 piso=1439616
COUNTS id=[ 384, 15978 ] end=661504 piso=6208896
COUNTS id=[ 384, 15979 ] end=108544 piso=4304256
COUNTS id=[ 384, 15980 ] end=1841152 piso=32374656
COUNTS id=[ 384, 15981 ] end=520192 piso=4637568
COUNTS id=[ 384, 15982 ] end=77824 piso=1579392
COUNTS id=[ 384, 15983 ] end=498688 piso=3901824
CLOSEST id=[ 384, 15983 ] end=498688 piso=3901824 ratio=30483/3896
COUNTS id=[ 384, 15984 ] end=68608 piso=1156992
COUNTS id=[ 384, 15985 ] end=105472 piso=1453440
COUNTS id=[ 384, 15986 ] end=56320 piso=1086336
COUNTS id=[ 384, 15987 ] end=120832 piso=19607424
COUNTS id=[ 384, 15988 ] end=53248 piso=3175296
COUNTS id=[ 384, 15989 ] end=37888 piso=1948032
COUNTS id=[ 384, 15990 ] end=31744 piso=1355136
COUNTS id=[ 384, 15991 ] end=139264 piso=17044992
COUNTS id=[ 384, 15992 ] end=363520 piso=10366464
COUNTS id=[ 384, 15993 ] end=375808 piso=11197440
COUNTS id=[ 384, 15994 ] end=49152 piso=1298304
COUNTS id=[ 384, 15995 ] end=49152 piso=1298304
COUNTS id=[ 384, 15996 ] end=141312 piso=1665408
COUNTS id=[ 384, 15997 ] end=141312 piso=1665408
COUNTS id=[ 384, 15998 ] end=565248 piso=4361088
CLOSEST id=[ 384, 15998 ] end=565248 piso=4361088 ratio=11357/1472
COUNTS id=[ 384, 15999 ] end=55296 piso=1749888
COUNTS id=[ 384, 16000 ] end=1841152 piso=32471424
COUNTS id=[ 384, 16001 ] end=500736 piso=4001664
COUNTS id=[ 384, 16002 ] end=82944 piso=1299840
COUNTS id=[ 384, 16003 ] end=120832 piso=18063744
COUNTS id=[ 384, 16004 ] end=33792 piso=1390464
COUNTS id=[ 384, 16005 ] end=82944 piso=1299840
COUNTS id=[ 384, 16006 ] end=33792 piso=988032
COUNTS id=[ 384, 16007 ] end=43008 piso=918912
COUNTS id=[ 384, 16008 ] end=122880 piso=1521024
COUNTS id=[ 384, 16009 ] end=67584 piso=834432
COUNTS id=[ 384, 16010 ] end=76800 piso=1137024
COUNTS id=[ 384, 16011 ] end=485376 piso=4004736
COUNTS id=[ 384, 16012 ] end=537600 piso=5115264
COUNTS id=[ 384, 16013 ] end=67584 piso=822144
COUNTS id=[ 384, 16014 ] end=122880 piso=1508736
COUNTS id=[ 384, 16015 ] end=43008 piso=1670016
COUNTS id=[ 384, 16016 ] end=76800 piso=1748352
COUNTS id=[ 384, 16017 ] end=43008 piso=906624
COUNTS id=[ 384, 16018 ] end=13312 piso=1024896
COUNTS id=[ 384, 16019 ] end=96256 piso=1066368
COUNTS id=[ 384, 16020 ] end=28672 piso=1152384
COUNTS id=[ 384, 16021 ] end=47104 piso=748416
COUNTS id=[ 384, 16022 ] end=56320 piso=995712
COUNTS id=[ 384, 16023 ] end=464896 piso=3543936
CLOSEST id=[ 384, 16023 ] end=464896 piso=3543936 ratio=27687/3632
COUNTS id=[ 384, 16024 ] end=517120 piso=4488576
COUNTS id=[ 384, 16025 ] end=47104 piso=736128
COUNTS id=[ 384, 16026 ] end=96256 piso=1054080
COUNTS id=[ 384, 16027 ] end=22528 piso=1811328
COUNTS id=[ 384, 16028 ] end=56320 piso=1797504
COUNTS id=[ 384, 16029 ] end=28672 piso=1140096
COUNTS id=[ 384, 16030 ] end=22528 piso=937344
COUNTS id=[ 384, 16031 ] end=22528 piso=937344
COUNTS id=[ 384, 16032 ] end=59392 piso=802176
COUNTS id=[ 384, 16033 ] end=59392 piso=802176
COUNTS id=[ 384, 16034 ] end=22528 piso=797568
COUNTS id=[ 384, 16035 ] end=96256 piso=1031040
COUNTS id=[ 384, 16036 ] end=464896 piso=3582336
COUNTS id=[ 384, 16037 ] end=65536 piso=1000320
COUNTS id=[ 384, 16038 ] end=65536 piso=1000320
COUNTS id=[ 384, 16039 ] end=517120 piso=4508544
COUNTS id=[ 384, 16040 ] end=56320 piso=1577856
COUNTS id=[ 384, 16041 ] end=96256 piso=1018752
COUNTS id=[ 384, 16042 ] end=59392 piso=789888
COUNTS id=[ 384, 16043 ] end=22528 piso=1597824
COUNTS id=[ 384, 16044 ] end=22528 piso=785280
COUNTS id=[ 384, 16045 ] end=59392 piso=789888
COUNTS id=[ 384, 16046 ] end=526336 piso=4511616
COUNTS id=[ 384, 16047 ] end=71680 piso=1771392
COUNTS id=[ 384, 16048 ] end=110592 piso=1511808
COUNTS id=[ 384, 16049 ] end=110592 piso=1511808
COUNTS id=[ 384, 16050 ] end=473088 piso=3668352
COUNTS id=[ 384, 16051 ] end=73728 piso=1172352
COUNTS id=[ 384, 16052 ] end=73728 piso=1172352
COUNTS id=[ 384, 16053 ] end=87040 piso=1024896
COUNTS id=[ 384, 16054 ] end=47104 piso=777600
COUNTS id=[ 384, 16055 ] end=47104 piso=777600
COUNTS id=[ 384, 16056 ] end=104448 piso=1831296
COUNTS id=[ 384, 16057 ] end=13312 piso=914304
COUNTS id=[ 384, 16058 ] end=389376 piso=5004384
COUNTS id=[ 384, 16059 ] end=324864 piso=4424544
COUNTS id=[ 384, 16060 ] end=288000 piso=4149984
COUNTS id=[ 384, 16061 ] end=327936 piso=4568544
COUNTS id=[ 384, 16062 ] end=297216 piso=4250208
COUNTS id=[ 384, 16063 ] end=337152 piso=4671840
COUNTS id=[ 384, 16064 ] end=826624 piso=10965216
COUNTS id=[ 384, 16065 ] end=416512 piso=5287008
COUNTS id=[ 384, 16066 ] end=1765120 piso=24904032
COUNTS id=[ 384, 16067 ] end=388864 piso=5614560
COUNTS id=[ 384, 16068 ] end=476416 piso=6295392
COUNTS id=[ 384, 16069 ] end=636160 piso=7778400
COUNTS id=[ 384, 16070 ] end=152832 piso=1567584
COUNTS id=[ 384, 16071 ] end=192768 piso=1794144
COUNTS id=[ 384, 16072 ] end=208128 piso=2157024
PROGRESS checked=200 hits=0 reversed=0 runtime_ms=498015
COUNTS id=[ 384, 16073 ] end=152832 piso=1570272
COUNTS id=[ 384, 16074 ] end=152832 piso=1721568
COUNTS id=[ 384, 16075 ] end=192768 piso=1798368
COUNTS id=[ 384, 16076 ] end=192768 piso=1763424
COUNTS id=[ 384, 16077 ] end=152832 piso=1536864
COUNTS id=[ 384, 16078 ] end=1201408 piso=16806624
COUNTS id=[ 384, 16079 ] end=209152 piso=2338272
COUNTS id=[ 384, 16080 ] end=649984 piso=6256992
COUNTS id=[ 384, 16081 ] end=662272 piso=6644064
COUNTS id=[ 384, 16082 ] end=179968 piso=4073952
COUNTS id=[ 384, 16083 ] end=269056 piso=2971872
COUNTS id=[ 384, 16084 ] end=209152 piso=2552928
COUNTS id=[ 384, 16085 ] end=221440 piso=2847840
COUNTS id=[ 384, 16086 ] end=40192 piso=939360
COUNTS id=[ 384, 16087 ] end=80128 piso=1013856
COUNTS id=[ 384, 16088 ] end=70912 piso=918240
COUNTS id=[ 384, 16089 ] end=30976 piso=837600
COUNTS id=[ 384, 16090 ] end=95488 piso=1453920
COUNTS id=[ 384, 16091 ] end=40192 piso=1110624
COUNTS id=[ 384, 16092 ] end=111872 piso=1718112
COUNTS id=[ 384, 16093 ] end=50432 piso=1264224
COUNTS id=[ 384, 16094 ] end=32000 piso=832992
COUNTS id=[ 384, 16095 ] end=71936 piso=959712
COUNTS id=[ 384, 16096 ] end=41216 piso=914784
COUNTS id=[ 384, 16097 ] end=81152 piso=1035360
COUNTS id=[ 384, 16098 ] end=516352 piso=3937248
COUNTS id=[ 384, 16099 ] end=1098496 piso=12727392
COUNTS id=[ 384, 16100 ] end=118528 piso=1880928
COUNTS id=[ 384, 16101 ] end=989440 piso=12398688
COUNTS id=[ 384, 16102 ] end=491776 piso=3709920
CLOSEST id=[ 384, 16102 ] end=491776 piso=3709920 ratio=115935/15368
COUNTS id=[ 384, 16103 ] end=89344 piso=1407840
COUNTS id=[ 384, 16104 ] end=78592 piso=1769184
COUNTS id=[ 384, 16105 ] end=77056 piso=3416928
COUNTS id=[ 384, 16106 ] end=172288 piso=2195040
COUNTS id=[ 384, 16107 ] end=67840 piso=2913120
COUNTS id=[ 384, 16108 ] end=75520 piso=1495776
COUNTS id=[ 384, 16109 ] end=135424 piso=1850976
COUNTS id=[ 384, 16110 ] end=29440 piso=912480
COUNTS id=[ 384, 16111 ] end=69376 piso=974688
COUNTS id=[ 384, 16112 ] end=84736 piso=1374432
COUNTS id=[ 384, 16113 ] end=29440 piso=967392
COUNTS id=[ 384, 16114 ] end=29440 piso=1115616
COUNTS id=[ 384, 16115 ] end=69376 piso=1031136
COUNTS id=[ 384, 16116 ] end=69376 piso=943968
COUNTS id=[ 384, 16117 ] end=29440 piso=881760
COUNTS id=[ 384, 16118 ] end=1070848 piso=12887520
COUNTS id=[ 384, 16119 ] end=78592 piso=1601760
COUNTS id=[ 384, 16120 ] end=516352 piso=3984480
COUNTS id=[ 384, 16121 ] end=528640 piso=4279392
COUNTS id=[ 384, 16122 ] end=49408 piso=4189920
COUNTS id=[ 384, 16123 ] end=138496 piso=2031072
COUNTS id=[ 384, 16124 ] end=81664 piso=2165088
COUNTS id=[ 384, 16125 ] end=93952 piso=2552160
COUNTS id=[ 384, 16126 ] end=109824 piso=1859424
COUNTS id=[ 384, 16127 ] end=63744 piso=1763424
COUNTS id=[ 384, 16128 ] end=17664 piso=1361376
DONE checked=256 abelian=0 hits=0 reversed=0 skipped_abelian=0 closest=[ 384, 16102 ] min_ratio=115935/15368 runtime_ms=617386
