{"command": ["/project/gap-4.16.1/gap", "-l", "/project/gap-4.16.1", "-q", "-b", "-T", "-m", "128m", "-o", "4g", "-c", "START_ORDER:=462;;END_ORDER:=462;;START_ID:=1;;END_ID:=12;;SKIP_ABELIAN:=true;;LOG_ALL:=true;;", "/project/scripts/search_19_20.g"], "source_hashes": {"scripts/search_19_20.g": "7b6a34e9163b58b0248b3c464ae8070783414cd7d14048136dd0e3547b906318", "scripts/lib_19_20.g": "fbcf2d3c4b0648cc1fa87d6e50fc923133d594c029b8430a365caf596ac7ccd5"}}
PARAMETERS start=462 end=462 start_id=1 end_id=12 skip_abelian=true log_all=true
ORDER_START order=462 groups=12
COUNTS id=[ 462, 1 ] end=6954 piso=35574
CLOSEST id=[ 462, 1 ] end=6954 piso=35574 ratio=5929/1159
COUNTS id=[ 462, 2 ] end=858 piso=4158
CLOSEST id=[ 462, 2 ] end=858 piso=4158 ratio=63/13
COUNTS id=[ 462, 3 ] end=7638 piso=54978
COUNTS id=[ 462, 4 ] end=1254 piso=3234
CLOSEST id=[ 462, 4 ] end=1254 piso=3234 ratio=49/19
COUNTS id=[ 462, 5 ] end=2562 piso=5082
CLOSEST id=[ 462, 5 ] end=2562 piso=5082 ratio=121/61
COUNTS id=[ 462, 6 ] end=1650 piso=3234
CLOSEST id=[ 462, 6 ] end=1650 piso=3234 ratio=49/25
COUNTS id=[ 462, 7 ] end=17790 piso=63294
COUNTS id=[ 462, 8 ] end=770 piso=1386
CLOSEST id=[ 462, 8 ] end=770 piso=1386 ratio=9/5
COUNTS id=[ 462, 9 ] end=7630 piso=24486
COUNTS id=[ 462, 10 ] end=4862 piso=15246
COUNTS id=[ 462, 11 ] end=53362 piso=315546
ABELIAN_SKIPPED id=[ 462, 12 ] reason=known_equality
DONE checked=11 abelian=0 hits=0 reversed=0 skipped_abelian=1 closest=[ 462, 8 ] min_ratio=9/5 runtime_ms=4169
