PARAMETERS start=256 end=256 start_id=45579 end_id=49084 skip_abelian=true log_all=true
ORDER_START order=256 groups=56092
COUNTS id=[ 256, 45579 ] end=4128768 piso=10673664
CLOSEST id=[ 256, 45579 ] end=4128768 piso=10673664 ratio=6949/2688
COUNTS id=[ 256, 45580 ] end=6160384 piso=16455168
COUNTS id=[ 256, 45581 ] end=34603008 piso=46638592
CLOSEST id=[ 256, 45581 ] end=34603008 piso=46638592 ratio=8281/6144
COUNTS id=[ 256, 45582 ] end=36634624 piso=54902272
COUNTS id=[ 256, 45583 ] end=5144576 piso=13946368
COUNTS id=[ 256, 45584 ] end=35618816 piso=48840192
COUNTS id=[ 256, 45585 ] end=37650432 piso=60114432
COUNTS id=[ 256, 45586 ] end=3112960 piso=11030016
COUNTS id=[ 256, 45587 ] end=68124672 piso=156020736
COUNTS id=[ 256, 45588 ] end=3112960 piso=13312000
COUNTS id=[ 256, 45589 ] end=5144576 piso=12451840
COUNTS id=[ 256, 45590 ] end=5144576 piso=12650496
COUNTS id=[ 256, 45591 ] end=33619968 piso=49408512
COUNTS id=[ 256, 45592 ] end=2097152 piso=9777152
COUNTS id=[ 256, 45593 ] end=4128768 piso=11610112
COUNTS id=[ 256, 45594 ] end=4128768 piso=12257280
COUNTS id=[ 256, 45595 ] end=2097152 piso=9678848
COUNTS id=[ 256, 45596 ] end=2097152 piso=9180672
COUNTS id=[ 256, 45597 ] end=4128768 piso=10759680
COUNTS id=[ 256, 45598 ] end=4128768 piso=13372928
COUNTS id=[ 256, 45599 ] end=2097152 piso=11073024
COUNTS id=[ 256, 45600 ] end=3112960 piso=9856512
COUNTS id=[ 256, 45601 ] end=3112960 piso=9897472
COUNTS id=[ 256, 45602 ] end=3112960 piso=10864128
COUNTS id=[ 256, 45603 ] end=3112960 piso=10429952
COUNTS id=[ 256, 45604 ] end=3112960 piso=12259328
COUNTS id=[ 256, 45605 ] end=3112960 piso=12132352
COUNTS id=[ 256, 45606 ] end=3112960 piso=9168896
COUNTS id=[ 256, 45607 ] end=3112960 piso=9193472
COUNTS id=[ 256, 45608 ] end=5144576 piso=14678528
COUNTS id=[ 256, 45609 ] end=5144576 piso=14834176
COUNTS id=[ 256, 45610 ] end=5144576 piso=14551552
COUNTS id=[ 256, 45611 ] end=3145728 piso=11452928
COUNTS id=[ 256, 45612 ] end=3112960 piso=10519552
COUNTS id=[ 256, 45613 ] end=3112960 piso=10971136
COUNTS id=[ 256, 45614 ] end=4128768 piso=10629120
COUNTS id=[ 256, 45615 ] end=2097152 piso=9703424
COUNTS id=[ 256, 45616 ] end=4128768 piso=13549056
COUNTS id=[ 256, 45617 ] end=4128768 piso=13534720
COUNTS id=[ 256, 45618 ] end=2097152 piso=10765824
COUNTS id=[ 256, 45619 ] end=65536 piso=11941376
COUNTS id=[ 256, 45620 ] end=7176192 piso=24744448
COUNTS id=[ 256, 45621 ] end=37650432 piso=60221952
COUNTS id=[ 256, 45622 ] end=37683200 piso=60461568
COUNTS id=[ 256, 45623 ] end=3112960 piso=11262976
COUNTS id=[ 256, 45624 ] end=37650432 piso=60018688
COUNTS id=[ 256, 45625 ] end=6160384 piso=16719872
COUNTS id=[ 256, 45626 ] end=4128768 piso=10625024
COUNTS id=[ 256, 45627 ] end=36634624 piso=54439424
COUNTS id=[ 256, 45628 ] end=36634624 piso=54445568
COUNTS id=[ 256, 45629 ] end=2097152 piso=9930240
COUNTS id=[ 256, 45630 ] end=4128768 piso=11642368
COUNTS id=[ 256, 45631 ] end=5177344 piso=12788224
COUNTS id=[ 256, 45632 ] end=5144576 piso=12540416
COUNTS id=[ 256, 45633 ] end=3112960 piso=9987072
COUNTS id=[ 256, 45634 ] end=5144576 piso=12752896
COUNTS id=[ 256, 45635 ] end=34603008 piso=46991360
COUNTS id=[ 256, 45636 ] end=4128768 piso=12171264
COUNTS id=[ 256, 45637 ] end=36634624 piso=53390848
COUNTS id=[ 256, 45638 ] end=4128768 piso=11771392
COUNTS id=[ 256, 45639 ] end=2097152 piso=9475584
COUNTS id=[ 256, 45640 ] end=2097152 piso=9190912
COUNTS id=[ 256, 45641 ] end=5177344 piso=12804608
COUNTS id=[ 256, 45642 ] end=3112960 piso=9065472
COUNTS id=[ 256, 45643 ] end=5144576 piso=12496896
COUNTS id=[ 256, 45644 ] end=6160384 piso=18370560
COUNTS id=[ 256, 45645 ] end=2097152 piso=9871360
COUNTS id=[ 256, 45646 ] end=4128768 piso=12135936
COUNTS id=[ 256, 45647 ] end=6160384 piso=18025984
COUNTS id=[ 256, 45648 ] end=2097152 piso=9117184
COUNTS id=[ 256, 45649 ] end=2097152 piso=8996352
COUNTS id=[ 256, 45650 ] end=38699008 piso=72034816
COUNTS id=[ 256, 45651 ] end=6193152 piso=21268992
COUNTS id=[ 256, 45652 ] end=6160384 piso=18016768
COUNTS id=[ 256, 45653 ] end=36634624 piso=53326336
COUNTS id=[ 256, 45654 ] end=37650432 piso=60080640
COUNTS id=[ 256, 45655 ] end=3112960 piso=10741248
COUNTS id=[ 256, 45656 ] end=35618816 piso=52023296
COUNTS id=[ 256, 45657 ] end=37683200 piso=64436224
COUNTS id=[ 256, 45658 ] end=3112960 piso=9783296
COUNTS id=[ 256, 45659 ] end=3112960 piso=10293248
COUNTS id=[ 256, 45660 ] end=4161536 piso=14850560
COUNTS id=[ 256, 45661 ] end=36667392 piso=56076800
COUNTS id=[ 256, 45662 ] end=4128768 piso=11710976
COUNTS id=[ 256, 45663 ] end=4128768 piso=12069376
COUNTS id=[ 256, 45664 ] end=3112960 piso=11201024
COUNTS id=[ 256, 45665 ] end=3112960 piso=10716672
COUNTS id=[ 256, 45666 ] end=3145728 piso=14944256
COUNTS id=[ 256, 45667 ] end=1081344 piso=10018816
COUNTS id=[ 256, 45668 ] end=1081344 piso=9799680
COUNTS id=[ 256, 45669 ] end=6160384 piso=16873984
COUNTS id=[ 256, 45670 ] end=6160384 piso=17054208
COUNTS id=[ 256, 45671 ] end=6160384 piso=16626176
COUNTS id=[ 256, 45672 ] end=4128768 piso=10715648
COUNTS id=[ 256, 45673 ] end=5144576 piso=12560896
COUNTS id=[ 256, 45674 ] end=3112960 piso=9143808
COUNTS id=[ 256, 45675 ] end=5177344 piso=13025280
COUNTS id=[ 256, 45676 ] end=5144576 piso=12777472
COUNTS id=[ 256, 45677 ] end=4128768 piso=10682880
COUNTS id=[ 256, 45678 ] end=6160384 piso=16368128
PROGRESS checked=100 hits=0 reversed=0 runtime_ms=572323
COUNTS id=[ 256, 45679 ] end=5144576 piso=13050368
COUNTS id=[ 256, 45680 ] end=3112960 piso=9674240
COUNTS id=[ 256, 45681 ] end=5177344 piso=13864960
COUNTS id=[ 256, 45682 ] end=4128768 piso=11810304
COUNTS id=[ 256, 45683 ] end=36634624 piso=53609984
COUNTS id=[ 256, 45684 ] end=68157440 piso=156248064
COUNTS id=[ 256, 45685 ] end=5144576 piso=16070656
COUNTS id=[ 256, 45686 ] end=3112960 piso=9971712
COUNTS id=[ 256, 45687 ] end=3112960 piso=9938944
COUNTS id=[ 256, 45688 ] end=2097152 piso=9682432
COUNTS id=[ 256, 45689 ] end=4128768 piso=12000768
COUNTS id=[ 256, 45690 ] end=3145728 piso=13404160
COUNTS id=[ 256, 45691 ] end=1081344 piso=9940992
COUNTS id=[ 256, 45692 ] end=1081344 piso=9973760
COUNTS id=[ 256, 45693 ] end=4128768 piso=10802688
COUNTS id=[ 256, 45694 ] end=4128768 piso=10747392
COUNTS id=[ 256, 45695 ] end=5144576 piso=13926400
COUNTS id=[ 256, 45696 ] end=35651584 piso=48832512
COUNTS id=[ 256, 45697 ] end=2097152 piso=9184768
COUNTS id=[ 256, 45698 ] end=6160384 piso=16371200
COUNTS id=[ 256, 45699 ] end=5177344 piso=14303232
COUNTS id=[ 256, 45700 ] end=7208960 piso=23093760
COUNTS id=[ 256, 45701 ] end=5144576 piso=13294080
COUNTS id=[ 256, 45702 ] end=3145728 piso=10355200
COUNTS id=[ 256, 45703 ] end=5144576 piso=13691392
COUNTS id=[ 256, 45704 ] end=5177344 piso=14189056
COUNTS id=[ 256, 45705 ] end=35651584 piso=49025536
COUNTS id=[ 256, 45706 ] end=36634624 piso=58659328
COUNTS id=[ 256, 45707 ] end=34603008 piso=49213952
COUNTS id=[ 256, 45708 ] end=4128768 piso=16521728
COUNTS id=[ 256, 45709 ] end=2097152 piso=14178816
COUNTS id=[ 256, 45710 ] end=2097152 piso=16689664
COUNTS id=[ 256, 45711 ] end=4128768 piso=19687936
COUNTS id=[ 256, 45712 ] end=4128768 piso=10172416
COUNTS id=[ 256, 45713 ] end=4128768 piso=10303488
COUNTS id=[ 256, 45714 ] end=6160384 piso=16784384
COUNTS id=[ 256, 45715 ] end=2097152 piso=8891392
COUNTS id=[ 256, 45716 ] end=4128768 piso=11215872
COUNTS id=[ 256, 45717 ] end=4128768 piso=10580992
COUNTS id=[ 256, 45718 ] end=4128768 piso=10061824
COUNTS id=[ 256, 45719 ] end=4128768 piso=10205184
COUNTS id=[ 256, 45720 ] end=3112960 piso=9192448
COUNTS id=[ 256, 45721 ] end=5144576 piso=12778496
COUNTS id=[ 256, 45722 ] end=5144576 piso=12598272
COUNTS id=[ 256, 45723 ] end=3112960 piso=9079808
COUNTS id=[ 256, 45724 ] end=5144576 piso=12622848
COUNTS id=[ 256, 45725 ] end=3112960 piso=9174016
COUNTS id=[ 256, 45726 ] end=5144576 piso=12489728
COUNTS id=[ 256, 45727 ] end=3112960 piso=9141248
COUNTS id=[ 256, 45728 ] end=3112960 piso=15337472
COUNTS id=[ 256, 45729 ] end=35651584 piso=58478592
COUNTS id=[ 256, 45730 ] end=66256896 piso=152604672
COUNTS id=[ 256, 45731 ] end=5144576 piso=12375552
COUNTS id=[ 256, 45732 ] end=3112960 piso=8965632
COUNTS id=[ 256, 45733 ] end=35618816 piso=48579072
COUNTS id=[ 256, 45734 ] end=3112960 piso=10721792
COUNTS id=[ 256, 45735 ] end=4128768 piso=10328064
COUNTS id=[ 256, 45736 ] end=36667392 piso=53610496
COUNTS id=[ 256, 45737 ] end=2129920 piso=10471424
COUNTS id=[ 256, 45738 ] end=4161536 piso=12226560
COUNTS id=[ 256, 45739 ] end=34635776 piso=46059520
CLOSEST id=[ 256, 45739 ] end=34635776 piso=46059520 ratio=11245/8456
COUNTS id=[ 256, 45740 ] end=4128768 piso=10215424
COUNTS id=[ 256, 45741 ] end=5177344 piso=23543808
COUNTS id=[ 256, 45742 ] end=1114112 piso=15376384
COUNTS id=[ 256, 45743 ] end=3112960 piso=9181696
COUNTS id=[ 256, 45744 ] end=5144576 piso=12718592
COUNTS id=[ 256, 45745 ] end=5144576 piso=13755904
COUNTS id=[ 256, 45746 ] end=3112960 piso=9993728
COUNTS id=[ 256, 45747 ] end=4128768 piso=10125312
COUNTS id=[ 256, 45748 ] end=4161536 piso=12474368
COUNTS id=[ 256, 45749 ] end=4161536 piso=12400640
COUNTS id=[ 256, 45750 ] end=6193152 piso=17948672
COUNTS id=[ 256, 45751 ] end=2129920 piso=10035200
COUNTS id=[ 256, 45752 ] end=4128768 piso=10455040
COUNTS id=[ 256, 45753 ] end=6225920 piso=25695232
COUNTS id=[ 256, 45754 ] end=2097152 piso=15057920
COUNTS id=[ 256, 45755 ] end=3112960 piso=8976896
COUNTS id=[ 256, 45756 ] end=5144576 piso=12751360
COUNTS id=[ 256, 45757 ] end=5144576 piso=12603904
COUNTS id=[ 256, 45758 ] end=3112960 piso=9062912
COUNTS id=[ 256, 45759 ] end=3112960 piso=9153536
COUNTS id=[ 256, 45760 ] end=5144576 piso=12672000
COUNTS id=[ 256, 45761 ] end=5144576 piso=12432384
COUNTS id=[ 256, 45762 ] end=3112960 piso=9116672
COUNTS id=[ 256, 45763 ] end=4128768 piso=10036736
COUNTS id=[ 256, 45764 ] end=4128768 piso=10089984
COUNTS id=[ 256, 45765 ] end=6160384 piso=16635392
COUNTS id=[ 256, 45766 ] end=2097152 piso=8982016
COUNTS id=[ 256, 45767 ] end=6160384 piso=16519168
COUNTS id=[ 256, 45768 ] end=2097152 piso=9084928
COUNTS id=[ 256, 45769 ] end=4128768 piso=10141696
COUNTS id=[ 256, 45770 ] end=4128768 piso=10262528
COUNTS id=[ 256, 45771 ] end=3112960 piso=9405952
COUNTS id=[ 256, 45772 ] end=1081344 piso=9418240
COUNTS id=[ 256, 45773 ] end=3112960 piso=9061888
COUNTS id=[ 256, 45774 ] end=1081344 piso=9387520
COUNTS id=[ 256, 45775 ] end=1081344 piso=9725952
COUNTS id=[ 256, 45776 ] end=3112960 piso=10096640
COUNTS id=[ 256, 45777 ] end=1081344 piso=9175040
COUNTS id=[ 256, 45778 ] end=3112960 piso=9213952
PROGRESS checked=200 hits=0 reversed=0 runtime_ms=1141338
COUNTS id=[ 256, 45779 ] end=2097152 piso=8787456
COUNTS id=[ 256, 45780 ] end=2097152 piso=9168384
COUNTS id=[ 256, 45781 ] end=2097152 piso=9072128
COUNTS id=[ 256, 45782 ] end=2097152 piso=8902144
COUNTS id=[ 256, 45783 ] end=2097152 piso=8880128
COUNTS id=[ 256, 45784 ] end=2097152 piso=8929280
COUNTS id=[ 256, 45785 ] end=2097152 piso=8493056
COUNTS id=[ 256, 45786 ] end=2097152 piso=8683520
COUNTS id=[ 256, 45787 ] end=5177344 piso=20355584
COUNTS id=[ 256, 45788 ] end=3112960 piso=15088128
COUNTS id=[ 256, 45789 ] end=4128768 piso=10673152
COUNTS id=[ 256, 45790 ] end=2097152 piso=8971264
COUNTS id=[ 256, 45791 ] end=4128768 piso=10818560
COUNTS id=[ 256, 45792 ] end=2097152 piso=9174016
COUNTS id=[ 256, 45793 ] end=2097152 piso=9676288
COUNTS id=[ 256, 45794 ] end=4128768 piso=10683904
COUNTS id=[ 256, 45795 ] end=2097152 piso=9033216
COUNTS id=[ 256, 45796 ] end=4128768 piso=10585600
COUNTS id=[ 256, 45797 ] end=3112960 piso=9135616
COUNTS id=[ 256, 45798 ] end=3112960 piso=9799168
COUNTS id=[ 256, 45799 ] end=5144576 piso=13288960
COUNTS id=[ 256, 45800 ] end=1081344 piso=10081792
COUNTS id=[ 256, 45801 ] end=5144576 piso=13180928
COUNTS id=[ 256, 45802 ] end=1081344 piso=9828352
COUNTS id=[ 256, 45803 ] end=3112960 piso=9168896
COUNTS id=[ 256, 45804 ] end=3112960 piso=9207808
COUNTS id=[ 256, 45805 ] end=1114112 piso=15374848
COUNTS id=[ 256, 45806 ] end=65536 piso=11293696
COUNTS id=[ 256, 45807 ] end=2097152 piso=9223168
COUNTS id=[ 256, 45808 ] end=2097152 piso=9266176
COUNTS id=[ 256, 45809 ] end=65536 piso=11996160
COUNTS id=[ 256, 45810 ] end=65536 piso=11572736
COUNTS id=[ 256, 45811 ] end=2097152 piso=9311744
COUNTS id=[ 256, 45812 ] end=2097152 piso=8926720
COUNTS id=[ 256, 45813 ] end=65536 piso=11847168
COUNTS id=[ 256, 45814 ] end=1081344 piso=9360896
COUNTS id=[ 256, 45815 ] end=1081344 piso=9549312
COUNTS id=[ 256, 45816 ] end=1081344 piso=9852416
COUNTS id=[ 256, 45817 ] end=1081344 piso=9690624
COUNTS id=[ 256, 45818 ] end=1081344 piso=9822208
COUNTS id=[ 256, 45819 ] end=1081344 piso=10004480
COUNTS id=[ 256, 45820 ] end=1081344 piso=9222144
COUNTS id=[ 256, 45821 ] end=1081344 piso=9111552
COUNTS id=[ 256, 45822 ] end=4128768 piso=10139648
COUNTS id=[ 256, 45823 ] end=4128768 piso=10264576
COUNTS id=[ 256, 45824 ] end=36634624 piso=53383168
COUNTS id=[ 256, 45825 ] end=2097152 piso=10360832
COUNTS id=[ 256, 45826 ] end=2097152 piso=10079744
COUNTS id=[ 256, 45827 ] end=36634624 piso=53452288
COUNTS id=[ 256, 45828 ] end=4128768 piso=10055168
COUNTS id=[ 256, 45829 ] end=4128768 piso=10034688
COUNTS id=[ 256, 45830 ] end=5144576 piso=12623360
COUNTS id=[ 256, 45831 ] end=3112960 piso=8990208
COUNTS id=[ 256, 45832 ] end=35618816 piso=49397248
COUNTS id=[ 256, 45833 ] end=3112960 piso=10763776
COUNTS id=[ 256, 45834 ] end=5144576 piso=14299136
COUNTS id=[ 256, 45835 ] end=33587200 piso=43030528
CLOSEST id=[ 256, 45835 ] end=33587200 piso=43030528 ratio=21011/16400
COUNTS id=[ 256, 45836 ] end=5144576 piso=12519424
COUNTS id=[ 256, 45837 ] end=3112960 piso=9062400
COUNTS id=[ 256, 45838 ] end=2097152 piso=8511488
COUNTS id=[ 256, 45839 ] end=2097152 piso=8648704
COUNTS id=[ 256, 45840 ] end=2097152 piso=9793536
COUNTS id=[ 256, 45841 ] end=2097152 piso=9844736
COUNTS id=[ 256, 45842 ] end=2097152 piso=9809408
COUNTS id=[ 256, 45843 ] end=2097152 piso=10145280
COUNTS id=[ 256, 45844 ] end=2097152 piso=8416768
COUNTS id=[ 256, 45845 ] end=2097152 piso=8433152
COUNTS id=[ 256, 45846 ] end=1081344 piso=9231872
COUNTS id=[ 256, 45847 ] end=3112960 piso=9043456
COUNTS id=[ 256, 45848 ] end=3112960 piso=9942528
COUNTS id=[ 256, 45849 ] end=1081344 piso=10161664
COUNTS id=[ 256, 45850 ] end=3112960 piso=10125312
COUNTS id=[ 256, 45851 ] end=1081344 piso=10078208
COUNTS id=[ 256, 45852 ] end=1081344 piso=9129984
COUNTS id=[ 256, 45853 ] end=3112960 piso=9160704
COUNTS id=[ 256, 45854 ] end=3112960 piso=8935936
COUNTS id=[ 256, 45855 ] end=3112960 piso=9619968
COUNTS id=[ 256, 45856 ] end=2097152 piso=9025024
COUNTS id=[ 256, 45857 ] end=65536 piso=11716096
COUNTS id=[ 256, 45858 ] end=2097152 piso=9223680
COUNTS id=[ 256, 45859 ] end=2097152 piso=8834560
COUNTS id=[ 256, 45860 ] end=5144576 piso=12886528
COUNTS id=[ 256, 45861 ] end=5144576 piso=12511744
COUNTS id=[ 256, 45862 ] end=2097152 piso=9172480
COUNTS id=[ 256, 45863 ] end=4128768 piso=10941952
COUNTS id=[ 256, 45864 ] end=4128768 piso=10759680
COUNTS id=[ 256, 45865 ] end=4128768 piso=10644992
COUNTS id=[ 256, 45866 ] end=2097152 piso=8494592
COUNTS id=[ 256, 45867 ] end=2097152 piso=8793600
COUNTS id=[ 256, 45868 ] end=4128768 piso=11767296
COUNTS id=[ 256, 45869 ] end=2097152 piso=10145280
COUNTS id=[ 256, 45870 ] end=2097152 piso=8865280
COUNTS id=[ 256, 45871 ] end=2097152 piso=8521216
COUNTS id=[ 256, 45872 ] end=2097152 piso=9735680
COUNTS id=[ 256, 45873 ] end=34603008 piso=45792768
COUNTS id=[ 256, 45874 ] end=6193152 piso=16755200
COUNTS id=[ 256, 45875 ] end=4161536 piso=10922496
COUNTS id=[ 256, 45876 ] end=3112960 piso=9181184
COUNTS id=[ 256, 45877 ] end=3112960 piso=9105408
COUNTS id=[ 256, 45878 ] end=3112960 piso=10602496
PROGRESS checked=300 hits=0 reversed=0 runtime_ms=1704328
COUNTS id=[ 256, 45879 ] end=35651584 piso=49874944
COUNTS id=[ 256, 45880 ] end=2129920 piso=9357824
COUNTS id=[ 256, 45881 ] end=4161536 piso=10828288
COUNTS id=[ 256, 45882 ] end=1081344 piso=9158656
COUNTS id=[ 256, 45883 ] end=1081344 piso=9357312
COUNTS id=[ 256, 45884 ] end=1114112 piso=11581440
COUNTS id=[ 256, 45885 ] end=4128768 piso=10521088
COUNTS id=[ 256, 45886 ] end=4128768 piso=10086912
COUNTS id=[ 256, 45887 ] end=3145728 piso=9465856
COUNTS id=[ 256, 45888 ] end=3112960 piso=9199616
COUNTS id=[ 256, 45889 ] end=3145728 piso=9617408
COUNTS id=[ 256, 45890 ] end=3112960 piso=9207808
COUNTS id=[ 256, 45891 ] end=3112960 piso=9240576
COUNTS id=[ 256, 45892 ] end=5177344 piso=13514752
COUNTS id=[ 256, 45893 ] end=3112960 piso=9875456
COUNTS id=[ 256, 45894 ] end=1081344 piso=9693184
COUNTS id=[ 256, 45895 ] end=1081344 piso=9172992
COUNTS id=[ 256, 45896 ] end=1114112 piso=10287104
COUNTS id=[ 256, 45897 ] end=3112960 piso=10172416
COUNTS id=[ 256, 45898 ] end=3145728 piso=10776576
COUNTS id=[ 256, 45899 ] end=33619968 piso=43962368
COUNTS id=[ 256, 45900 ] end=35651584 piso=68803072
COUNTS id=[ 256, 45901 ] end=3145728 piso=29264384
COUNTS id=[ 256, 45902 ] end=3276800 piso=37026304
