ABELIAN_ID1920 order=257 id=1 invariants=[ 257 ]
ABELIAN_ORDER1920 order=257 count=1
ABELIAN_ID1920 order=258 id=6 invariants=[ 2, 3, 43 ]
ABELIAN_ORDER1920 order=258 count=1
ABELIAN_ID1920 order=259 id=1 invariants=[ 7, 37 ]
ABELIAN_ORDER1920 order=259 count=1
ABELIAN_ID1920 order=260 id=15 invariants=[ 2, 2, 5, 13 ]
ABELIAN_ID1920 order=260 id=4 invariants=[ 4, 5, 13 ]
ABELIAN_ORDER1920 order=260 count=2
ABELIAN_ID1920 order=261 id=2 invariants=[ 3, 3, 29 ]
ABELIAN_ID1920 order=261 id=1 invariants=[ 9, 29 ]
ABELIAN_ORDER1920 order=261 count=2
ABELIAN_ID1920 order=262 id=2 invariants=[ 2, 131 ]
ABELIAN_ORDER1920 order=262 count=1
ABELIAN_ID1920 order=263 id=1 invariants=[ 263 ]
ABELIAN_ORDER1920 order=263 count=1
ABELIAN_ID1920 order=264 id=39 invariants=[ 2, 2, 2, 3, 11 ]
ABELIAN_ID1920 order=264 id=28 invariants=[ 2, 3, 4, 11 ]
ABELIAN_ID1920 order=264 id=4 invariants=[ 3, 8, 11 ]
ABELIAN_ORDER1920 order=264 count=3
ABELIAN_ID1920 order=265 id=1 invariants=[ 5, 53 ]
ABELIAN_ORDER1920 order=265 count=1
ABELIAN_ID1920 order=266 id=4 invariants=[ 2, 7, 19 ]
ABELIAN_ORDER1920 order=266 count=1
ABELIAN_ID1920 order=267 id=1 invariants=[ 3, 89 ]
ABELIAN_ORDER1920 order=267 count=1
ABELIAN_ID1920 order=268 id=4 invariants=[ 2, 2, 67 ]
ABELIAN_ID1920 order=268 id=2 invariants=[ 4, 67 ]
ABELIAN_ORDER1920 order=268 count=2
ABELIAN_ID1920 order=269 id=1 invariants=[ 269 ]
ABELIAN_ORDER1920 order=269 count=1
ABELIAN_ID1920 order=270 id=30 invariants=[ 2, 3, 3, 3, 5 ]
ABELIAN_ID1920 order=270 id=20 invariants=[ 2, 3, 5, 9 ]
ABELIAN_ID1920 order=270 id=4 invariants=[ 2, 5, 27 ]
ABELIAN_ORDER1920 order=270 count=3
ABELIAN_ID1920 order=271 id=1 invariants=[ 271 ]
ABELIAN_ORDER1920 order=271 count=1
ABELIAN_ID1920 order=272 id=54 invariants=[ 2, 2, 2, 2, 17 ]
ABELIAN_ID1920 order=272 id=46 invariants=[ 2, 2, 4, 17 ]
ABELIAN_ID1920 order=272 id=20 invariants=[ 4, 4, 17 ]
ABELIAN_ID1920 order=272 id=23 invariants=[ 2, 8, 17 ]
ABELIAN_ID1920 order=272 id=2 invariants=[ 16, 17 ]
ABELIAN_ORDER1920 order=272 count=5
ABELIAN_ID1920 order=273 id=5 invariants=[ 3, 7, 13 ]
ABELIAN_ORDER1920 order=273 count=1
ABELIAN_ID1920 order=274 id=2 invariants=[ 2, 137 ]
ABELIAN_ORDER1920 order=274 count=1
ABELIAN_ID1920 order=275 id=4 invariants=[ 5, 5, 11 ]
ABELIAN_ID1920 order=275 id=2 invariants=[ 11, 25 ]
ABELIAN_ORDER1920 order=275 count=2
ABELIAN_ID1920 order=276 id=10 invariants=[ 2, 2, 3, 23 ]
ABELIAN_ID1920 order=276 id=4 invariants=[ 3, 4, 23 ]
ABELIAN_ORDER1920 order=276 count=2
ABELIAN_ID1920 order=277 id=1 invariants=[ 277 ]
ABELIAN_ORDER1920 order=277 count=1
ABELIAN_ID1920 order=278 id=2 invariants=[ 2, 139 ]
ABELIAN_ORDER1920 order=278 count=1
ABELIAN_ID1920 order=279 id=4 invariants=[ 3, 3, 31 ]
ABELIAN_ID1920 order=279 id=2 invariants=[ 9, 31 ]
ABELIAN_ORDER1920 order=279 count=2
ABELIAN_ID1920 order=280 id=40 invariants=[ 2, 2, 2, 5, 7 ]
ABELIAN_ID1920 order=280 id=29 invariants=[ 2, 4, 5, 7 ]
ABELIAN_ID1920 order=280 id=4 invariants=[ 5, 7, 8 ]
ABELIAN_ORDER1920 order=280 count=3
ABELIAN_ID1920 order=281 id=1 invariants=[ 281 ]
ABELIAN_ORDER1920 order=281 count=1
ABELIAN_ID1920 order=282 id=4 invariants=[ 2, 3, 47 ]
ABELIAN_ORDER1920 order=282 count=1
ABELIAN_ID1920 order=283 id=1 invariants=[ 283 ]
ABELIAN_ORDER1920 order=283 count=1
ABELIAN_ID1920 order=284 id=4 invariants=[ 2, 2, 71 ]
ABELIAN_ID1920 order=284 id=2 invariants=[ 4, 71 ]
ABELIAN_ORDER1920 order=284 count=2
ABELIAN_ID1920 order=285 id=2 invariants=[ 3, 5, 19 ]
ABELIAN_ORDER1920 order=285 count=1
ABELIAN_ID1920 order=286 id=4 invariants=[ 2, 11, 13 ]
ABELIAN_ORDER1920 order=286 count=1
ABELIAN_ID1920 order=287 id=1 invariants=[ 7, 41 ]
ABELIAN_ORDER1920 order=287 count=1
ABELIAN_ID1920 order=288 id=1045 invariants=[ 2, 2, 2, 2, 2, 3, 3 ]
ABELIAN_ID1920 order=288 id=840 invariants=[ 2, 2, 2, 2, 2, 9 ]
ABELIAN_ID1920 order=288 id=1018 invariants=[ 2, 2, 2, 3, 3, 4 ]
ABELIAN_ID1920 order=288 id=367 invariants=[ 2, 2, 2, 4, 9 ]
ABELIAN_ID1920 order=288 id=811 invariants=[ 2, 3, 3, 4, 4 ]
ABELIAN_ID1920 order=288 id=164 invariants=[ 2, 4, 4, 9 ]
ABELIAN_ID1920 order=288 id=826 invariants=[ 2, 2, 3, 3, 8 ]
ABELIAN_ID1920 order=288 id=179 invariants=[ 2, 2, 8, 9 ]
ABELIAN_ID1920 order=288 id=314 invariants=[ 3, 3, 4, 8 ]
ABELIAN_ID1920 order=288 id=46 invariants=[ 4, 8, 9 ]
ABELIAN_ID1920 order=288 id=327 invariants=[ 2, 3, 3, 16 ]
ABELIAN_ID1920 order=288 id=59 invariants=[ 2, 9, 16 ]
ABELIAN_ID1920 order=288 id=66 invariants=[ 3, 3, 32 ]
ABELIAN_ID1920 order=288 id=2 invariants=[ 9, 32 ]
ABELIAN_ORDER1920 order=288 count=14
ABELIAN_ID1920 order=289 id=2 invariants=[ 17, 17 ]
ABELIAN_ID1920 order=289 id=1 invariants=[ 289 ]
ABELIAN_ORDER1920 order=289 count=2
ABELIAN_ID1920 order=290 id=4 invariants=[ 2, 5, 29 ]
ABELIAN_ORDER1920 order=290 count=1
ABELIAN_ID1920 order=291 id=2 invariants=[ 3, 97 ]
ABELIAN_ORDER1920 order=291 count=1
ABELIAN_ID1920 order=292 id=5 invariants=[ 2, 2, 73 ]
ABELIAN_ID1920 order=292 id=2 invariants=[ 4, 73 ]
ABELIAN_ORDER1920 order=292 count=2
ABELIAN_ID1920 order=293 id=1 invariants=[ 293 ]
ABELIAN_ORDER1920 order=293 count=1
ABELIAN_ID1920 order=294 id=23 invariants=[ 2, 3, 7, 7 ]
ABELIAN_ID1920 order=294 id=6 invariants=[ 2, 3, 49 ]
ABELIAN_ORDER1920 order=294 count=2
ABELIAN_ID1920 order=295 id=1 invariants=[ 5, 59 ]
ABELIAN_ORDER1920 order=295 count=1
ABELIAN_ID1920 order=296 id=14 invariants=[ 2, 2, 2, 37 ]
ABELIAN_ID1920 order=296 id=9 invariants=[ 2, 4, 37 ]
ABELIAN_ID1920 order=296 id=2 invariants=[ 8, 37 ]
ABELIAN_ORDER1920 order=296 count=3
ABELIAN_ID1920 order=297 id=5 invariants=[ 3, 3, 3, 11 ]
ABELIAN_ID1920 order=297 id=2 invariants=[ 3, 9, 11 ]
ABELIAN_ID1920 order=297 id=1 invariants=[ 11, 27 ]
ABELIAN_ORDER1920 order=297 count=3
ABELIAN_ID1920 order=298 id=2 invariants=[ 2, 149 ]
ABELIAN_ORDER1920 order=298 count=1
ABELIAN_ID1920 order=299 id=1 invariants=[ 13, 23 ]
ABELIAN_ORDER1920 order=299 count=1
ABELIAN_ID1920 order=300 id=49 invariants=[ 2, 2, 3, 5, 5 ]
ABELIAN_ID1920 order=300 id=12 invariants=[ 2, 2, 3, 25 ]
ABELIAN_ID1920 order=300 id=21 invariants=[ 3, 4, 5, 5 ]
ABELIAN_ID1920 order=300 id=4 invariants=[ 3, 4, 25 ]
ABELIAN_ORDER1920 order=300 count=4
ABELIAN_ID1920 order=301 id=2 invariants=[ 7, 43 ]
ABELIAN_ORDER1920 order=301 count=1
ABELIAN_ID1920 order=302 id=2 invariants=[ 2, 151 ]
ABELIAN_ORDER1920 order=302 count=1
ABELIAN_ID1920 order=303 id=1 invariants=[ 3, 101 ]
ABELIAN_ORDER1920 order=303 count=1
ABELIAN_ID1920 order=304 id=42 invariants=[ 2, 2, 2, 2, 19 ]
ABELIAN_ID1920 order=304 id=37 invariants=[ 2, 2, 4, 19 ]
ABELIAN_ID1920 order=304 id=19 invariants=[ 4, 4, 19 ]
ABELIAN_ID1920 order=304 id=22 invariants=[ 2, 8, 19 ]
ABELIAN_ID1920 order=304 id=2 invariants=[ 16, 19 ]
ABELIAN_ORDER1920 order=304 count=5
ABELIAN_ID1920 order=305 id=2 invariants=[ 5, 61 ]
ABELIAN_ORDER1920 order=305 count=1
ABELIAN_ID1920 order=306 id=10 invariants=[ 2, 3, 3, 17 ]
ABELIAN_ID1920 order=306 id=4 invariants=[ 2, 9, 17 ]
ABELIAN_ORDER1920 order=306 count=2
ABELIAN_ID1920 order=307 id=1 invariants=[ 307 ]
ABELIAN_ORDER1920 order=307 count=1
ABELIAN_ID1920 order=308 id=9 invariants=[ 2, 2, 7, 11 ]
ABELIAN_ID1920 order=308 id=4 invariants=[ 4, 7, 11 ]
ABELIAN_ORDER1920 order=308 count=2
ABELIAN_ID1920 order=309 id=2 invariants=[ 3, 103 ]
ABELIAN_ORDER1920 order=309 count=1
ABELIAN_ID1920 order=310 id=6 invariants=[ 2, 5, 31 ]
ABELIAN_ORDER1920 order=310 count=1
ABELIAN_ID1920 order=311 id=1 invariants=[ 311 ]
ABELIAN_ORDER1920 order=311 count=1
ABELIAN_ID1920 order=312 id=61 invariants=[ 2, 2, 2, 3, 13 ]
ABELIAN_ID1920 order=312 id=42 invariants=[ 2, 3, 4, 13 ]
ABELIAN_ID1920 order=312 id=6 invariants=[ 3, 8, 13 ]
ABELIAN_ORDER1920 order=312 count=3
ABELIAN_ID1920 order=313 id=1 invariants=[ 313 ]
ABELIAN_ORDER1920 order=313 count=1
ABELIAN_ID1920 order=314 id=2 invariants=[ 2, 157 ]
ABELIAN_ORDER1920 order=314 count=1
ABELIAN_ID1920 order=315 id=4 invariants=[ 3, 3, 5, 7 ]
ABELIAN_ID1920 order=315 id=2 invariants=[ 5, 7, 9 ]
ABELIAN_ORDER1920 order=315 count=2
ABELIAN_ID1920 order=316 id=4 invariants=[ 2, 2, 79 ]
ABELIAN_ID1920 order=316 id=2 invariants=[ 4, 79 ]
ABELIAN_ORDER1920 order=316 count=2
ABELIAN_ID1920 order=317 id=1 invariants=[ 317 ]
ABELIAN_ORDER1920 order=317 count=1
ABELIAN_ID1920 order=318 id=4 invariants=[ 2, 3, 53 ]
ABELIAN_ORDER1920 order=318 count=1
ABELIAN_ID1920 order=319 id=1 invariants=[ 11, 29 ]
ABELIAN_ORDER1920 order=319 count=1
ABELIAN_ID1920 order=320 id=1640 invariants=[ 2, 2, 2, 2, 2, 2, 5 ]
ABELIAN_ID1920 order=320 id=1628 invariants=[ 2, 2, 2, 2, 4, 5 ]
ABELIAN_ID1920 order=320 id=1513 invariants=[ 2, 2, 4, 4, 5 ]
ABELIAN_ID1920 order=320 id=875 invariants=[ 4, 4, 4, 5 ]
ABELIAN_ID1920 order=320 id=1567 invariants=[ 2, 2, 2, 5, 8 ]
ABELIAN_ID1920 order=320 id=903 invariants=[ 2, 4, 5, 8 ]
ABELIAN_ID1920 order=320 id=126 invariants=[ 5, 8, 8 ]
ABELIAN_ID1920 order=320 id=1003 invariants=[ 2, 2, 5, 16 ]
ABELIAN_ID1920 order=320 id=150 invariants=[ 4, 5, 16 ]
ABELIAN_ID1920 order=320 id=174 invariants=[ 2, 5, 32 ]
ABELIAN_ID1920 order=320 id=2 invariants=[ 5, 64 ]
ABELIAN_ORDER1920 order=320 count=11
ABELIAN_ID1920 order=321 id=1 invariants=[ 3, 107 ]
ABELIAN_ORDER1920 order=321 count=1
ABELIAN_ID1920 order=322 id=4 invariants=[ 2, 7, 23 ]
ABELIAN_ORDER1920 order=322 count=1
ABELIAN_ID1920 order=323 id=1 invariants=[ 17, 19 ]
ABELIAN_ORDER1920 order=323 count=1
ABELIAN_ID1920 order=324 id=176 invariants=[ 2, 2, 3, 3, 3, 3 ]
ABELIAN_ID1920 order=324 id=151 invariants=[ 2, 2, 3, 3, 9 ]
ABELIAN_ID1920 order=324 id=81 invariants=[ 2, 2, 9, 9 ]
ABELIAN_ID1920 order=324 id=84 invariants=[ 2, 2, 3, 27 ]
ABELIAN_ID1920 order=324 id=5 invariants=[ 2, 2, 81 ]
ABELIAN_ID1920 order=324 id=159 invariants=[ 3, 3, 3, 3, 4 ]
ABELIAN_ID1920 order=324 id=105 invariants=[ 3, 3, 4, 9 ]
ABELIAN_ID1920 order=324 id=26 invariants=[ 4, 9, 9 ]
ABELIAN_ID1920 order=324 id=29 invariants=[ 3, 4, 27 ]
ABELIAN_ID1920 order=324 id=2 invariants=[ 4, 81 ]
ABELIAN_ORDER1920 order=324 count=10
ABELIAN_ID1920 order=325 id=2 invariants=[ 5, 5, 13 ]
ABELIAN_ID1920 order=325 id=1 invariants=[ 13, 25 ]
ABELIAN_ORDER1920 order=325 count=2
ABELIAN_ID1920 order=326 id=2 invariants=[ 2, 163 ]
ABELIAN_ORDER1920 order=326 count=1
ABELIAN_ID1920 order=327 id=2 invariants=[ 3, 109 ]
ABELIAN_ORDER1920 order=327 count=1
ABELIAN_ID1920 order=328 id=15 invariants=[ 2, 2, 2, 41 ]
ABELIAN_ID1920 order=328 id=9 invariants=[ 2, 4, 41 ]
ABELIAN_ID1920 order=328 id=2 invariants=[ 8, 41 ]
ABELIAN_ORDER1920 order=328 count=3
ABELIAN_ID1920 order=329 id=1 invariants=[ 7, 47 ]
ABELIAN_ORDER1920 order=329 count=1
ABELIAN_ID1920 order=330 id=12 invariants=[ 2, 3, 5, 11 ]
ABELIAN_ORDER1920 order=330 count=1
ABELIAN_ID1920 order=331 id=1 invariants=[ 331 ]
ABELIAN_ORDER1920 order=331 count=1
ABELIAN_ID1920 order=332 id=4 invariants=[ 2, 2, 83 ]
ABELIAN_ID1920 order=332 id=2 invariants=[ 4, 83 ]
ABELIAN_ORDER1920 order=332 count=2
ABELIAN_ID1920 order=333 id=5 invariants=[ 3, 3, 37 ]
ABELIAN_ID1920 order=333 id=2 invariants=[ 9, 37 ]
ABELIAN_ORDER1920 order=333 count=2
ABELIAN_ID1920 order=334 id=2 invariants=[ 2, 167 ]
ABELIAN_ORDER1920 order=334 count=1
ABELIAN_ID1920 order=335 id=1 invariants=[ 5, 67 ]
ABELIAN_ORDER1920 order=335 count=1
ABELIAN_ID1920 order=336 id=228 invariants=[ 2, 2, 2, 2, 3, 7 ]
ABELIAN_ID1920 order=336 id=204 invariants=[ 2, 2, 3, 4, 7 ]
ABELIAN_ID1920 order=336 id=106 invariants=[ 3, 4, 4, 7 ]
ABELIAN_ID1920 order=336 id=109 invariants=[ 2, 3, 7, 8 ]
ABELIAN_ID1920 order=336 id=6 invariants=[ 3, 7, 16 ]
ABELIAN_ORDER1920 order=336 count=5
ABELIAN_ID1920 order=337 id=1 invariants=[ 337 ]
ABELIAN_ORDER1920 order=337 count=1
ABELIAN_ID1920 order=338 id=5 invariants=[ 2, 13, 13 ]
ABELIAN_ID1920 order=338 id=2 invariants=[ 2, 169 ]
ABELIAN_ORDER1920 order=338 count=2
ABELIAN_ID1920 order=339 id=1 invariants=[ 3, 113 ]
ABELIAN_ORDER1920 order=339 count=1
ABELIAN_ID1920 order=340 id=15 invariants=[ 2, 2, 5, 17 ]
ABELIAN_ID1920 order=340 id=4 invariants=[ 4, 5, 17 ]
ABELIAN_ORDER1920 order=340 count=2
ABELIAN_ID1920 order=341 id=1 invariants=[ 11, 31 ]
ABELIAN_ORDER1920 order=341 count=1
ABELIAN_ID1920 order=342 id=18 invariants=[ 2, 3, 3, 19 ]
ABELIAN_ID1920 order=342 id=6 invariants=[ 2, 9, 19 ]
ABELIAN_ORDER1920 order=342 count=2
ABELIAN_ID1920 order=343 id=5 invariants=[ 7, 7, 7 ]
ABELIAN_ID1920 order=343 id=2 invariants=[ 7, 49 ]
ABELIAN_ID1920 order=343 id=1 invariants=[ 343 ]
ABELIAN_ORDER1920 order=343 count=3
ABELIAN_ID1920 order=344 id=12 invariants=[ 2, 2, 2, 43 ]
ABELIAN_ID1920 order=344 id=8 invariants=[ 2, 4, 43 ]
ABELIAN_ID1920 order=344 id=2 invariants=[ 8, 43 ]
ABELIAN_ORDER1920 order=344 count=3
ABELIAN_ID1920 order=345 id=1 invariants=[ 3, 5, 23 ]
ABELIAN_ORDER1920 order=345 count=1
ABELIAN_ID1920 order=346 id=2 invariants=[ 2, 173 ]
ABELIAN_ORDER1920 order=346 count=1
ABELIAN_ID1920 order=347 id=1 invariants=[ 347 ]
ABELIAN_ORDER1920 order=347 count=1
ABELIAN_ID1920 order=348 id=12 invariants=[ 2, 2, 3, 29 ]
ABELIAN_ID1920 order=348 id=4 invariants=[ 3, 4, 29 ]
ABELIAN_ORDER1920 order=348 count=2
ABELIAN_ID1920 order=349 id=1 invariants=[ 349 ]
ABELIAN_ORDER1920 order=349 count=1
ABELIAN_ID1920 order=350 id=10 invariants=[ 2, 5, 5, 7 ]
ABELIAN_ID1920 order=350 id=4 invariants=[ 2, 7, 25 ]
ABELIAN_ORDER1920 order=350 count=2
ABELIAN_ID1920 order=351 id=14 invariants=[ 3, 3, 3, 13 ]
ABELIAN_ID1920 order=351 id=9 invariants=[ 3, 9, 13 ]
ABELIAN_ID1920 order=351 id=2 invariants=[ 13, 27 ]
ABELIAN_ORDER1920 order=351 count=3
ABELIAN_ID1920 order=352 id=195 invariants=[ 2, 2, 2, 2, 2, 11 ]
ABELIAN_ID1920 order=352 id=188 invariants=[ 2, 2, 2, 4, 11 ]
ABELIAN_ID1920 order=352 id=149 invariants=[ 2, 4, 4, 11 ]
ABELIAN_ID1920 order=352 id=164 invariants=[ 2, 2, 8, 11 ]
ABELIAN_ID1920 order=352 id=45 invariants=[ 4, 8, 11 ]
ABELIAN_ID1920 order=352 id=58 invariants=[ 2, 11, 16 ]
ABELIAN_ID1920 order=352 id=2 invariants=[ 11, 32 ]
ABELIAN_ORDER1920 order=352 count=7
ABELIAN_ID1920 order=353 id=1 invariants=[ 353 ]
ABELIAN_ORDER1920 order=353 count=1
ABELIAN_ID1920 order=354 id=4 invariants=[ 2, 3, 59 ]
ABELIAN_ORDER1920 order=354 count=1
ABELIAN_ID1920 order=355 id=2 invariants=[ 5, 71 ]
ABELIAN_ORDER1920 order=355 count=1
ABELIAN_ID1920 order=356 id=5 invariants=[ 2, 2, 89 ]
ABELIAN_ID1920 order=356 id=2 invariants=[ 4, 89 ]
ABELIAN_ORDER1920 order=356 count=2
ABELIAN_ID1920 order=357 id=2 invariants=[ 3, 7, 17 ]
ABELIAN_ORDER1920 order=357 count=1
ABELIAN_ID1920 order=358 id=2 invariants=[ 2, 179 ]
ABELIAN_ORDER1920 order=358 count=1
ABELIAN_ID1920 order=359 id=1 invariants=[ 359 ]
ABELIAN_ORDER1920 order=359 count=1
ABELIAN_ID1920 order=360 id=162 invariants=[ 2, 2, 2, 3, 3, 5 ]
ABELIAN_ID1920 order=360 id=50 invariants=[ 2, 2, 2, 5, 9 ]
ABELIAN_ID1920 order=360 id=115 invariants=[ 2, 3, 3, 4, 5 ]
ABELIAN_ID1920 order=360 id=30 invariants=[ 2, 4, 5, 9 ]
ABELIAN_ID1920 order=360 id=38 invariants=[ 3, 3, 5, 8 ]
ABELIAN_ID1920 order=360 id=4 invariants=[ 5, 8, 9 ]
ABELIAN_ORDER1920 order=360 count=6
ABELIAN_ID1920 order=361 id=2 invariants=[ 19, 19 ]
ABELIAN_ID1920 order=361 id=1 invariants=[ 361 ]
ABELIAN_ORDER1920 order=361 count=2
ABELIAN_ID1920 order=362 id=2 invariants=[ 2, 181 ]
ABELIAN_ORDER1920 order=362 count=1
ABELIAN_ID1920 order=363 id=3 invariants=[ 3, 11, 11 ]
ABELIAN_ID1920 order=363 id=1 invariants=[ 3, 121 ]
ABELIAN_ORDER1920 order=363 count=2
ABELIAN_ID1920 order=364 id=11 invariants=[ 2, 2, 7, 13 ]
ABELIAN_ID1920 order=364 id=4 invariants=[ 4, 7, 13 ]
ABELIAN_ORDER1920 order=364 count=2
ABELIAN_ID1920 order=365 id=1 invariants=[ 5, 73 ]
ABELIAN_ORDER1920 order=365 count=1
ABELIAN_ID1920 order=366 id=6 invariants=[ 2, 3, 61 ]
ABELIAN_ORDER1920 order=366 count=1
ABELIAN_ID1920 order=367 id=1 invariants=[ 367 ]
ABELIAN_ORDER1920 order=367 count=1
ABELIAN_ID1920 order=368 id=42 invariants=[ 2, 2, 2, 2, 23 ]
ABELIAN_ID1920 order=368 id=37 invariants=[ 2, 2, 4, 23 ]
ABELIAN_ID1920 order=368 id=19 invariants=[ 4, 4, 23 ]
ABELIAN_ID1920 order=368 id=22 invariants=[ 2, 8, 23 ]
ABELIAN_ID1920 order=368 id=2 invariants=[ 16, 23 ]
ABELIAN_ORDER1920 order=368 count=5
ABELIAN_ID1920 order=369 id=2 invariants=[ 3, 3, 41 ]
ABELIAN_ID1920 order=369 id=1 invariants=[ 9, 41 ]
ABELIAN_ORDER1920 order=369 count=2
ABELIAN_ID1920 order=370 id=4 invariants=[ 2, 5, 37 ]
ABELIAN_ORDER1920 order=370 count=1
ABELIAN_ID1920 order=371 id=1 invariants=[ 7, 53 ]
ABELIAN_ORDER1920 order=371 count=1
ABELIAN_ID1920 order=372 id=15 invariants=[ 2, 2, 3, 31 ]
ABELIAN_ID1920 order=372 id=6 invariants=[ 3, 4, 31 ]
ABELIAN_ORDER1920 order=372 count=2
ABELIAN_ID1920 order=373 id=1 invariants=[ 373 ]
ABELIAN_ORDER1920 order=373 count=1
ABELIAN_ID1920 order=374 id=4 invariants=[ 2, 11, 17 ]
ABELIAN_ORDER1920 order=374 count=1
ABELIAN_ID1920 order=375 id=7 invariants=[ 3, 5, 5, 5 ]
ABELIAN_ID1920 order=375 id=3 invariants=[ 3, 5, 25 ]
ABELIAN_ID1920 order=375 id=1 invariants=[ 3, 125 ]
ABELIAN_ORDER1920 order=375 count=3
ABELIAN_ID1920 order=376 id=12 invariants=[ 2, 2, 2, 47 ]
ABELIAN_ID1920 order=376 id=8 invariants=[ 2, 4, 47 ]
ABELIAN_ID1920 order=376 id=2 invariants=[ 8, 47 ]
ABELIAN_ORDER1920 order=376 count=3
ABELIAN_ID1920 order=377 id=1 invariants=[ 13, 29 ]
ABELIAN_ORDER1920 order=377 count=1
ABELIAN_ID1920 order=378 id=60 invariants=[ 2, 3, 3, 3, 7 ]
ABELIAN_ID1920 order=378 id=44 invariants=[ 2, 3, 7, 9 ]
ABELIAN_ID1920 order=378 id=6 invariants=[ 2, 7, 27 ]
ABELIAN_ORDER1920 order=378 count=3
ABELIAN_ID1920 order=379 id=1 invariants=[ 379 ]
ABELIAN_ORDER1920 order=379 count=1
ABELIAN_ID1920 order=380 id=11 invariants=[ 2, 2, 5, 19 ]
ABELIAN_ID1920 order=380 id=4 invariants=[ 4, 5, 19 ]
ABELIAN_ORDER1920 order=380 count=2
ABELIAN_ID1920 order=381 id=2 invariants=[ 3, 127 ]
ABELIAN_ORDER1920 order=381 count=1
ABELIAN_ID1920 order=382 id=2 invariants=[ 2, 191 ]
ABELIAN_ORDER1920 order=382 count=1
ABELIAN_ID1920 order=383 id=1 invariants=[ 383 ]
ABELIAN_ORDER1920 order=383 count=1
ABELIAN_ID1920 order=384 id=20169 invariants=[ 2, 2, 2, 2, 2, 2, 2, 3 ]
ABELIAN_ID1920 order=384 id=20153 invariants=[ 2, 2, 2, 2, 2, 3, 4 ]
ABELIAN_ID1920 order=384 id=19878 invariants=[ 2, 2, 2, 3, 4, 4 ]
ABELIAN_ID1920 order=384 id=16705 invariants=[ 2, 3, 4, 4, 4 ]
ABELIAN_ID1920 order=384 id=20029 invariants=[ 2, 2, 2, 2, 3, 8 ]
ABELIAN_ID1920 order=384 id=17309 invariants=[ 2, 2, 3, 4, 8 ]
ABELIAN_ID1920 order=384 id=5015 invariants=[ 3, 4, 4, 8 ]
ABELIAN_ID1920 order=384 id=4738 invariants=[ 2, 3, 8, 8 ]
ABELIAN_ID1920 order=384 id=17844 invariants=[ 2, 2, 2, 3, 16 ]
ABELIAN_ID1920 order=384 id=5396 invariants=[ 2, 3, 4, 16 ]
ABELIAN_ID1920 order=384 id=446 invariants=[ 3, 8, 16 ]
ABELIAN_ID1920 order=384 id=5547 invariants=[ 2, 2, 3, 32 ]
ABELIAN_ID1920 order=384 id=532 invariants=[ 3, 4, 32 ]
ABELIAN_ID1920 order=384 id=563 invariants=[ 2, 3, 64 ]
ABELIAN_ID1920 order=384 id=2 invariants=[ 3, 128 ]
ABELIAN_ORDER1920 order=384 count=15
ABELIAN_ID1920 order=385 id=2 invariants=[ 5, 7, 11 ]
ABELIAN_ORDER1920 order=385 count=1
ABELIAN_ID1920 order=386 id=2 invariants=[ 2, 193 ]
ABELIAN_ORDER1920 order=386 count=1
ABELIAN_ID1920 order=387 id=4 invariants=[ 3, 3, 43 ]
ABELIAN_ID1920 order=387 id=2 invariants=[ 9, 43 ]
ABELIAN_ORDER1920 order=387 count=2
ABELIAN_ID1920 order=388 id=5 invariants=[ 2, 2, 97 ]
ABELIAN_ID1920 order=388 id=2 invariants=[ 4, 97 ]
ABELIAN_ORDER1920 order=388 count=2
ABELIAN_ID1920 order=389 id=1 invariants=[ 389 ]
ABELIAN_ORDER1920 order=389 count=1
ABELIAN_ID1920 order=390 id=12 invariants=[ 2, 3, 5, 13 ]
ABELIAN_ORDER1920 order=390 count=1
ABELIAN_ID1920 order=391 id=1 invariants=[ 17, 23 ]
ABELIAN_ORDER1920 order=391 count=1
ABELIAN_ID1920 order=392 id=44 invariants=[ 2, 2, 2, 7, 7 ]
ABELIAN_ID1920 order=392 id=13 invariants=[ 2, 2, 2, 49 ]
ABELIAN_ID1920 order=392 id=33 invariants=[ 2, 4, 7, 7 ]
ABELIAN_ID1920 order=392 id=8 invariants=[ 2, 4, 49 ]
ABELIAN_ID1920 order=392 id=16 invariants=[ 7, 7, 8 ]
ABELIAN_ID1920 order=392 id=2 invariants=[ 8, 49 ]
ABELIAN_ORDER1920 order=392 count=6
ABELIAN_ID1920 order=393 id=1 invariants=[ 3, 131 ]
ABELIAN_ORDER1920 order=393 count=1
ABELIAN_ID1920 order=394 id=2 invariants=[ 2, 197 ]
ABELIAN_ORDER1920 order=394 count=1
ABELIAN_ID1920 order=395 id=1 invariants=[ 5, 79 ]
ABELIAN_ORDER1920 order=395 count=1
ABELIAN_ID1920 order=396 id=30 invariants=[ 2, 2, 3, 3, 11 ]
ABELIAN_ID1920 order=396 id=10 invariants=[ 2, 2, 9, 11 ]
ABELIAN_ID1920 order=396 id=16 invariants=[ 3, 3, 4, 11 ]
ABELIAN_ID1920 order=396 id=4 invariants=[ 4, 9, 11 ]
ABELIAN_ORDER1920 order=396 count=4
ABELIAN_ID1920 order=397 id=1 invariants=[ 397 ]
ABELIAN_ORDER1920 order=397 count=1
ABELIAN_ID1920 order=398 id=2 invariants=[ 2, 199 ]
ABELIAN_ORDER1920 order=398 count=1
ABELIAN_ID1920 order=399 id=5 invariants=[ 3, 7, 19 ]
ABELIAN_ORDER1920 order=399 count=1
ABELIAN_ID1920 order=400 id=221 invariants=[ 2, 2, 2, 2, 5, 5 ]
ABELIAN_ID1920 order=400 id=55 invariants=[ 2, 2, 2, 2, 25 ]
ABELIAN_ID1920 order=400 id=201 invariants=[ 2, 2, 4, 5, 5 ]
ABELIAN_ID1920 order=400 id=45 invariants=[ 2, 2, 4, 25 ]
ABELIAN_ID1920 order=400 id=108 invariants=[ 4, 4, 5, 5 ]
ABELIAN_ID1920 order=400 id=20 invariants=[ 4, 4, 25 ]
ABELIAN_ID1920 order=400 id=111 invariants=[ 2, 5, 5, 8 ]
ABELIAN_ID1920 order=400 id=23 invariants=[ 2, 8, 25 ]
ABELIAN_ID1920 order=400 id=51 invariants=[ 5, 5, 16 ]
ABELIAN_ID1920 order=400 id=2 invariants=[ 16, 25 ]
ABELIAN_ORDER1920 order=400 count=10
ABELIAN_ID1920 order=401 id=1 invariants=[ 401 ]
ABELIAN_ORDER1920 order=401 count=1
ABELIAN_ID1920 order=402 id=6 invariants=[ 2, 3, 67 ]
ABELIAN_ORDER1920 order=402 count=1
ABELIAN_ID1920 order=403 id=1 invariants=[ 13, 31 ]
ABELIAN_ORDER1920 order=403 count=1
ABELIAN_ID1920 order=404 id=5 invariants=[ 2, 2, 101 ]
ABELIAN_ID1920 order=404 id=2 invariants=[ 4, 101 ]
ABELIAN_ORDER1920 order=404 count=2
ABELIAN_ID1920 order=405 id=16 invariants=[ 3, 3, 3, 3, 5 ]
ABELIAN_ID1920 order=405 id=11 invariants=[ 3, 3, 5, 9 ]
ABELIAN_ID1920 order=405 id=2 invariants=[ 5, 9, 9 ]
ABELIAN_ID1920 order=405 id=5 invariants=[ 3, 5, 27 ]
ABELIAN_ID1920 order=405 id=1 invariants=[ 5, 81 ]
ABELIAN_ORDER1920 order=405 count=5
ABELIAN_ID1920 order=406 id=6 invariants=[ 2, 7, 29 ]
ABELIAN_ORDER1920 order=406 count=1
ABELIAN_ID1920 order=407 id=1 invariants=[ 11, 37 ]
ABELIAN_ORDER1920 order=407 count=1
ABELIAN_ID1920 order=408 id=46 invariants=[ 2, 2, 2, 3, 17 ]
ABELIAN_ID1920 order=408 id=30 invariants=[ 2, 3, 4, 17 ]
ABELIAN_ID1920 order=408 id=4 invariants=[ 3, 8, 17 ]
ABELIAN_ORDER1920 order=408 count=3
ABELIAN_ID1920 order=409 id=1 invariants=[ 409 ]
ABELIAN_ORDER1920 order=409 count=1
ABELIAN_ID1920 order=410 id=6 invariants=[ 2, 5, 41 ]
ABELIAN_ORDER1920 order=410 count=1
ABELIAN_ID1920 order=411 id=1 invariants=[ 3, 137 ]
ABELIAN_ORDER1920 order=411 count=1
ABELIAN_ID1920 order=412 id=4 invariants=[ 2, 2, 103 ]
ABELIAN_ID1920 order=412 id=2 invariants=[ 4, 103 ]
ABELIAN_ORDER1920 order=412 count=2
ABELIAN_ID1920 order=413 id=1 invariants=[ 7, 59 ]
ABELIAN_ORDER1920 order=413 count=1
ABELIAN_ID1920 order=414 id=10 invariants=[ 2, 3, 3, 23 ]
ABELIAN_ID1920 order=414 id=4 invariants=[ 2, 9, 23 ]
ABELIAN_ORDER1920 order=414 count=2
ABELIAN_ID1920 order=415 id=1 invariants=[ 5, 83 ]
ABELIAN_ORDER1920 order=415 count=1
ABELIAN_ID1920 order=416 id=235 invariants=[ 2, 2, 2, 2, 2, 13 ]
ABELIAN_ID1920 order=416 id=227 invariants=[ 2, 2, 2, 4, 13 ]
ABELIAN_ID1920 order=416 id=175 invariants=[ 2, 4, 4, 13 ]
ABELIAN_ID1920 order=416 id=190 invariants=[ 2, 2, 8, 13 ]
ABELIAN_ID1920 order=416 id=46 invariants=[ 4, 8, 13 ]
ABELIAN_ID1920 order=416 id=59 invariants=[ 2, 13, 16 ]
ABELIAN_ID1920 order=416 id=2 invariants=[ 13, 32 ]
ABELIAN_ORDER1920 order=416 count=7
ABELIAN_ID1920 order=417 id=2 invariants=[ 3, 139 ]
ABELIAN_ORDER1920 order=417 count=1
ABELIAN_ID1920 order=418 id=4 invariants=[ 2, 11, 19 ]
ABELIAN_ORDER1920 order=418 count=1
ABELIAN_ID1920 order=419 id=1 invariants=[ 419 ]
ABELIAN_ORDER1920 order=419 count=1
ABELIAN_ID1920 order=420 id=41 invariants=[ 2, 2, 3, 5, 7 ]
ABELIAN_ID1920 order=420 id=12 invariants=[ 3, 4, 5, 7 ]
ABELIAN_ORDER1920 order=420 count=2
ABELIAN_ID1920 order=421 id=1 invariants=[ 421 ]
ABELIAN_ORDER1920 order=421 count=1
ABELIAN_ID1920 order=422 id=2 invariants=[ 2, 211 ]
ABELIAN_ORDER1920 order=422 count=1
ABELIAN_ID1920 order=423 id=2 invariants=[ 3, 3, 47 ]
ABELIAN_ID1920 order=423 id=1 invariants=[ 9, 47 ]
ABELIAN_ORDER1920 order=423 count=2
ABELIAN_ID1920 order=424 id=14 invariants=[ 2, 2, 2, 53 ]
ABELIAN_ID1920 order=424 id=9 invariants=[ 2, 4, 53 ]
ABELIAN_ID1920 order=424 id=2 invariants=[ 8, 53 ]
ABELIAN_ORDER1920 order=424 count=3
ABELIAN_ID1920 order=425 id=2 invariants=[ 5, 5, 17 ]
ABELIAN_ID1920 order=425 id=1 invariants=[ 17, 25 ]
ABELIAN_ORDER1920 order=425 count=2
ABELIAN_ID1920 order=426 id=4 invariants=[ 2, 3, 71 ]
ABELIAN_ORDER1920 order=426 count=1
ABELIAN_ID1920 order=427 id=1 invariants=[ 7, 61 ]
ABELIAN_ORDER1920 order=427 count=1
ABELIAN_ID1920 order=428 id=4 invariants=[ 2, 2, 107 ]
ABELIAN_ID1920 order=428 id=2 invariants=[ 4, 107 ]
ABELIAN_ORDER1920 order=428 count=2
ABELIAN_ID1920 order=429 id=2 invariants=[ 3, 11, 13 ]
ABELIAN_ORDER1920 order=429 count=1
ABELIAN_ID1920 order=430 id=4 invariants=[ 2, 5, 43 ]
ABELIAN_ORDER1920 order=430 count=1
ABELIAN_ID1920 order=431 id=1 invariants=[ 431 ]
ABELIAN_ORDER1920 order=431 count=1
ABELIAN_ID1920 order=432 id=775 invariants=[ 2, 2, 2, 2, 3, 3, 3 ]
ABELIAN_ID1920 order=432 id=562 invariants=[ 2, 2, 2, 2, 3, 9 ]
ABELIAN_ID1920 order=432 id=228 invariants=[ 2, 2, 2, 2, 27 ]
ABELIAN_ID1920 order=432 id=730 invariants=[ 2, 2, 3, 3, 3, 4 ]
ABELIAN_ID1920 order=432 id=400 invariants=[ 2, 2, 3, 4, 9 ]
ABELIAN_ID1920 order=432 id=53 invariants=[ 2, 2, 4, 27 ]
ABELIAN_ID1920 order=432 id=512 invariants=[ 3, 3, 3, 4, 4 ]
ABELIAN_ID1920 order=432 id=200 invariants=[ 3, 4, 4, 9 ]
ABELIAN_ID1920 order=432 id=20 invariants=[ 4, 4, 27 ]
ABELIAN_ID1920 order=432 id=515 invariants=[ 2, 3, 3, 3, 8 ]
ABELIAN_ID1920 order=432 id=209 invariants=[ 2, 3, 8, 9 ]
ABELIAN_ID1920 order=432 id=23 invariants=[ 2, 8, 27 ]
ABELIAN_ID1920 order=432 id=232 invariants=[ 3, 3, 3, 16 ]
ABELIAN_ID1920 order=432 id=34 invariants=[ 3, 9, 16 ]
ABELIAN_ID1920 order=432 id=2 invariants=[ 16, 27 ]
ABELIAN_ORDER1920 order=432 count=15
ABELIAN_ID1920 order=433 id=1 invariants=[ 433 ]
ABELIAN_ORDER1920 order=433 count=1
ABELIAN_ID1920 order=434 id=4 invariants=[ 2, 7, 31 ]
ABELIAN_ORDER1920 order=434 count=1
ABELIAN_ID1920 order=435 id=1 invariants=[ 3, 5, 29 ]
ABELIAN_ORDER1920 order=435 count=1
ABELIAN_ID1920 order=436 id=5 invariants=[ 2, 2, 109 ]
ABELIAN_ID1920 order=436 id=2 invariants=[ 4, 109 ]
ABELIAN_ORDER1920 order=436 count=2
ABELIAN_ID1920 order=437 id=1 invariants=[ 19, 23 ]
ABELIAN_ORDER1920 order=437 count=1
ABELIAN_ID1920 order=438 id=6 invariants=[ 2, 3, 73 ]
ABELIAN_ORDER1920 order=438 count=1
ABELIAN_ID1920 order=439 id=1 invariants=[ 439 ]
ABELIAN_ORDER1920 order=439 count=1
ABELIAN_ID1920 order=440 id=51 invariants=[ 2, 2, 2, 5, 11 ]
ABELIAN_ID1920 order=440 id=39 invariants=[ 2, 4, 5, 11 ]
ABELIAN_ID1920 order=440 id=6 invariants=[ 5, 8, 11 ]
ABELIAN_ORDER1920 order=440 count=3
ABELIAN_ID1920 order=441 id=13 invariants=[ 3, 3, 7, 7 ]
ABELIAN_ID1920 order=441 id=4 invariants=[ 3, 3, 49 ]
ABELIAN_ID1920 order=441 id=8 invariants=[ 7, 7, 9 ]
ABELIAN_ID1920 order=441 id=2 invariants=[ 9, 49 ]
ABELIAN_ORDER1920 order=441 count=4
ABELIAN_ID1920 order=442 id=4 invariants=[ 2, 13, 17 ]
ABELIAN_ORDER1920 order=442 count=1
ABELIAN_ID1920 order=443 id=1 invariants=[ 443 ]
ABELIAN_ORDER1920 order=443 count=1
ABELIAN_ID1920 order=444 id=18 invariants=[ 2, 2, 3, 37 ]
ABELIAN_ID1920 order=444 id=6 invariants=[ 3, 4, 37 ]
ABELIAN_ORDER1920 order=444 count=2
ABELIAN_ID1920 order=445 id=1 invariants=[ 5, 89 ]
ABELIAN_ORDER1920 order=445 count=1
ABELIAN_ID1920 order=446 id=2 invariants=[ 2, 223 ]
ABELIAN_ORDER1920 order=446 count=1
ABELIAN_ID1920 order=447 id=1 invariants=[ 3, 149 ]
ABELIAN_ORDER1920 order=447 count=1
ABELIAN_ID1920 order=448 id=1396 invariants=[ 2, 2, 2, 2, 2, 2, 7 ]
ABELIAN_ID1920 order=448 id=1385 invariants=[ 2, 2, 2, 2, 4, 7 ]
ABELIAN_ID1920 order=448 id=1294 invariants=[ 2, 2, 4, 4, 7 ]
ABELIAN_ID1920 order=448 id=782 invariants=[ 4, 4, 4, 7 ]
ABELIAN_ID1920 order=448 id=1348 invariants=[ 2, 2, 2, 7, 8 ]
ABELIAN_ID1920 order=448 id=810 invariants=[ 2, 4, 7, 8 ]
ABELIAN_ID1920 order=448 id=125 invariants=[ 7, 8, 8 ]
ABELIAN_ID1920 order=448 id=910 invariants=[ 2, 2, 7, 16 ]
ABELIAN_ID1920 order=448 id=149 invariants=[ 4, 7, 16 ]
ABELIAN_ID1920 order=448 id=173 invariants=[ 2, 7, 32 ]
ABELIAN_ID1920 order=448 id=2 invariants=[ 7, 64 ]
ABELIAN_ORDER1920 order=448 count=11
ABELIAN_ID1920 order=449 id=1 invariants=[ 449 ]
ABELIAN_ORDER1920 order=449 count=1
ABELIAN_ID1920 order=450 id=34 invariants=[ 2, 3, 3, 5, 5 ]
ABELIAN_ID1920 order=450 id=10 invariants=[ 2, 3, 3, 25 ]
ABELIAN_ID1920 order=450 id=19 invariants=[ 2, 5, 5, 9 ]
ABELIAN_ID1920 order=450 id=4 invariants=[ 2, 9, 25 ]
ABELIAN_ORDER1920 order=450 count=4
ABELIAN_ID1920 order=451 id=1 invariants=[ 11, 41 ]
ABELIAN_ORDER1920 order=451 count=1
ABELIAN_ID1920 order=452 id=5 invariants=[ 2, 2, 113 ]
ABELIAN_ID1920 order=452 id=2 invariants=[ 4, 113 ]
ABELIAN_ORDER1920 order=452 count=2
ABELIAN_ID1920 order=453 id=2 invariants=[ 3, 151 ]
ABELIAN_ORDER1920 order=453 count=1
ABELIAN_ID1920 order=454 id=2 invariants=[ 2, 227 ]
ABELIAN_ORDER1920 order=454 count=1
ABELIAN_ID1920 order=455 id=1 invariants=[ 5, 7, 13 ]
ABELIAN_ORDER1920 order=455 count=1
ABELIAN_ID1920 order=456 id=54 invariants=[ 2, 2, 2, 3, 19 ]
ABELIAN_ID1920 order=456 id=39 invariants=[ 2, 3, 4, 19 ]
ABELIAN_ID1920 order=456 id=6 invariants=[ 3, 8, 19 ]
ABELIAN_ORDER1920 order=456 count=3
ABELIAN_ID1920 order=457 id=1 invariants=[ 457 ]
ABELIAN_ORDER1920 order=457 count=1
ABELIAN_ID1920 order=458 id=2 invariants=[ 2, 229 ]
ABELIAN_ORDER1920 order=458 count=1
ABELIAN_ID1920 order=459 id=5 invariants=[ 3, 3, 3, 17 ]
ABELIAN_ID1920 order=459 id=2 invariants=[ 3, 9, 17 ]
ABELIAN_ID1920 order=459 id=1 invariants=[ 17, 27 ]
ABELIAN_ORDER1920 order=459 count=3
ABELIAN_ID1920 order=460 id=11 invariants=[ 2, 2, 5, 23 ]
ABELIAN_ID1920 order=460 id=4 invariants=[ 4, 5, 23 ]
ABELIAN_ORDER1920 order=460 count=2
ABELIAN_ID1920 order=461 id=1 invariants=[ 461 ]
ABELIAN_ORDER1920 order=461 count=1
ABELIAN_ID1920 order=462 id=12 invariants=[ 2, 3, 7, 11 ]
ABELIAN_ORDER1920 order=462 count=1
ABELIAN_ID1920 order=463 id=1 invariants=[ 463 ]
ABELIAN_ORDER1920 order=463 count=1
ABELIAN_ID1920 order=464 id=51 invariants=[ 2, 2, 2, 2, 29 ]
ABELIAN_ID1920 order=464 id=45 invariants=[ 2, 2, 4, 29 ]
ABELIAN_ID1920 order=464 id=20 invariants=[ 4, 4, 29 ]
ABELIAN_ID1920 order=464 id=23 invariants=[ 2, 8, 29 ]
ABELIAN_ID1920 order=464 id=2 invariants=[ 16, 29 ]
ABELIAN_ORDER1920 order=464 count=5
ABELIAN_ID1920 order=465 id=4 invariants=[ 3, 5, 31 ]
ABELIAN_ORDER1920 order=465 count=1
ABELIAN_ID1920 order=466 id=2 invariants=[ 2, 233 ]
ABELIAN_ORDER1920 order=466 count=1
ABELIAN_ID1920 order=467 id=1 invariants=[ 467 ]
ABELIAN_ORDER1920 order=467 count=1
ABELIAN_ID1920 order=468 id=55 invariants=[ 2, 2, 3, 3, 13 ]
ABELIAN_ID1920 order=468 id=18 invariants=[ 2, 2, 9, 13 ]
ABELIAN_ID1920 order=468 id=28 invariants=[ 3, 3, 4, 13 ]
ABELIAN_ID1920 order=468 id=6 invariants=[ 4, 9, 13 ]
ABELIAN_ORDER1920 order=468 count=4
ABELIAN_ID1920 order=469 id=1 invariants=[ 7, 67 ]
ABELIAN_ORDER1920 order=469 count=1
ABELIAN_ID1920 order=470 id=4 invariants=[ 2, 5, 47 ]
ABELIAN_ORDER1920 order=470 count=1
ABELIAN_ID1920 order=471 id=2 invariants=[ 3, 157 ]
ABELIAN_ORDER1920 order=471 count=1
ABELIAN_ID1920 order=472 id=12 invariants=[ 2, 2, 2, 59 ]
ABELIAN_ID1920 order=472 id=8 invariants=[ 2, 4, 59 ]
ABELIAN_ID1920 order=472 id=2 invariants=[ 8, 59 ]
ABELIAN_ORDER1920 order=472 count=3
ABELIAN_ID1920 order=473 id=1 invariants=[ 11, 43 ]
ABELIAN_ORDER1920 order=473 count=1
ABELIAN_ID1920 order=474 id=6 invariants=[ 2, 3, 79 ]
ABELIAN_ORDER1920 order=474 count=1
ABELIAN_ID1920 order=475 id=2 invariants=[ 5, 5, 19 ]
ABELIAN_ID1920 order=475 id=1 invariants=[ 19, 25 ]
ABELIAN_ORDER1920 order=475 count=2
ABELIAN_ID1920 order=476 id=11 invariants=[ 2, 2, 7, 17 ]
ABELIAN_ID1920 order=476 id=4 invariants=[ 4, 7, 17 ]
ABELIAN_ORDER1920 order=476 count=2
ABELIAN_ID1920 order=477 id=2 invariants=[ 3, 3, 53 ]
ABELIAN_ID1920 order=477 id=1 invariants=[ 9, 53 ]
ABELIAN_ORDER1920 order=477 count=2
ABELIAN_ID1920 order=478 id=2 invariants=[ 2, 239 ]
ABELIAN_ORDER1920 order=478 count=1
ABELIAN_ID1920 order=479 id=1 invariants=[ 479 ]
ABELIAN_ORDER1920 order=479 count=1
ABELIAN_ID1920 order=480 id=1213 invariants=[ 2, 2, 2, 2, 2, 3, 5 ]
ABELIAN_ID1920 order=480 id=1180 invariants=[ 2, 2, 2, 3, 4, 5 ]
ABELIAN_ID1920 order=480 id=919 invariants=[ 2, 3, 4, 4, 5 ]
ABELIAN_ID1920 order=480 id=934 invariants=[ 2, 2, 3, 5, 8 ]
ABELIAN_ID1920 order=480 id=199 invariants=[ 3, 4, 5, 8 ]
ABELIAN_ID1920 order=480 id=212 invariants=[ 2, 3, 5, 16 ]
ABELIAN_ID1920 order=480 id=4 invariants=[ 3, 5, 32 ]
ABELIAN_ORDER1920 order=480 count=7
ABELIAN_ID1920 order=481 id=1 invariants=[ 13, 37 ]
ABELIAN_ORDER1920 order=481 count=1
ABELIAN_ID1920 order=482 id=2 invariants=[ 2, 241 ]
ABELIAN_ORDER1920 order=482 count=1
ABELIAN_ID1920 order=483 id=2 invariants=[ 3, 7, 23 ]
ABELIAN_ORDER1920 order=483 count=1
ABELIAN_ID1920 order=484 id=12 invariants=[ 2, 2, 11, 11 ]
ABELIAN_ID1920 order=484 id=4 invariants=[ 2, 2, 121 ]
ABELIAN_ID1920 order=484 id=7 invariants=[ 4, 11, 11 ]
ABELIAN_ID1920 order=484 id=2 invariants=[ 4, 121 ]
ABELIAN_ORDER1920 order=484 count=4
ABELIAN_ID1920 order=485 id=1 invariants=[ 5, 97 ]
ABELIAN_ORDER1920 order=485 count=1
ABELIAN_ID1920 order=486 id=261 invariants=[ 2, 3, 3, 3, 3, 3 ]
ABELIAN_ID1920 order=486 id=250 invariants=[ 2, 3, 3, 3, 9 ]
ABELIAN_ID1920 order=486 id=190 invariants=[ 2, 3, 9, 9 ]
ABELIAN_ID1920 order=486 id=207 invariants=[ 2, 3, 3, 27 ]
ABELIAN_ID1920 order=486 id=70 invariants=[ 2, 9, 27 ]
ABELIAN_ID1920 order=486 id=83 invariants=[ 2, 3, 81 ]
ABELIAN_ID1920 order=486 id=2 invariants=[ 2, 243 ]
ABELIAN_ORDER1920 order=486 count=7
ABELIAN_ID1920 order=487 id=1 invariants=[ 487 ]
ABELIAN_ORDER1920 order=487 count=1
ABELIAN_ID1920 order=488 id=14 invariants=[ 2, 2, 2, 61 ]
ABELIAN_ID1920 order=488 id=9 invariants=[ 2, 4, 61 ]
ABELIAN_ID1920 order=488 id=2 invariants=[ 8, 61 ]
ABELIAN_ORDER1920 order=488 count=3
ABELIAN_ID1920 order=489 id=2 invariants=[ 3, 163 ]
ABELIAN_ORDER1920 order=489 count=1
ABELIAN_ID1920 order=490 id=10 invariants=[ 2, 5, 7, 7 ]
ABELIAN_ID1920 order=490 id=4 invariants=[ 2, 5, 49 ]
ABELIAN_ORDER1920 order=490 count=2
ABELIAN_ID1920 order=491 id=1 invariants=[ 491 ]
ABELIAN_ORDER1920 order=491 count=1
ABELIAN_ID1920 order=492 id=12 invariants=[ 2, 2, 3, 41 ]
ABELIAN_ID1920 order=492 id=4 invariants=[ 3, 4, 41 ]
ABELIAN_ORDER1920 order=492 count=2
ABELIAN_ID1920 order=493 id=1 invariants=[ 17, 29 ]
ABELIAN_ORDER1920 order=493 count=1
ABELIAN_ID1920 order=494 id=4 invariants=[ 2, 13, 19 ]
ABELIAN_ORDER1920 order=494 count=1
ABELIAN_ID1920 order=495 id=4 invariants=[ 3, 3, 5, 11 ]
ABELIAN_ID1920 order=495 id=2 invariants=[ 5, 9, 11 ]
ABELIAN_ORDER1920 order=495 count=2
ABELIAN_ID1920 order=496 id=42 invariants=[ 2, 2, 2, 2, 31 ]
ABELIAN_ID1920 order=496 id=37 invariants=[ 2, 2, 4, 31 ]
ABELIAN_ID1920 order=496 id=19 invariants=[ 4, 4, 31 ]
ABELIAN_ID1920 order=496 id=22 invariants=[ 2, 8, 31 ]
ABELIAN_ID1920 order=496 id=2 invariants=[ 16, 31 ]
ABELIAN_ORDER1920 order=496 count=5
ABELIAN_ID1920 order=497 id=2 invariants=[ 7, 71 ]
ABELIAN_ORDER1920 order=497 count=1
ABELIAN_ID1920 order=498 id=4 invariants=[ 2, 3, 83 ]
ABELIAN_ORDER1920 order=498 count=1
ABELIAN_ID1920 order=499 id=1 invariants=[ 499 ]
ABELIAN_ORDER1920 order=499 count=1
ABELIAN_ID1920 order=500 id=56 invariants=[ 2, 2, 5, 5, 5 ]
ABELIAN_ID1920 order=500 id=34 invariants=[ 2, 2, 5, 25 ]
ABELIAN_ID1920 order=500 id=5 invariants=[ 2, 2, 125 ]
ABELIAN_ID1920 order=500 id=40 invariants=[ 4, 5, 5, 5 ]
ABELIAN_ID1920 order=500 id=12 invariants=[ 4, 5, 25 ]
ABELIAN_ID1920 order=500 id=2 invariants=[ 4, 125 ]
ABELIAN_ORDER1920 order=500 count=6
ABELIAN_ID1920 order=501 id=1 invariants=[ 3, 167 ]
ABELIAN_ORDER1920 order=501 count=1
ABELIAN_ID1920 order=502 id=2 invariants=[ 2, 251 ]
ABELIAN_ORDER1920 order=502 count=1
ABELIAN_ID1920 order=503 id=1 invariants=[ 503 ]
ABELIAN_ORDER1920 order=503 count=1
ABELIAN_ID1920 order=504 id=202 invariants=[ 2, 2, 2, 3, 3, 7 ]
ABELIAN_ID1920 order=504 id=66 invariants=[ 2, 2, 2, 7, 9 ]
ABELIAN_ID1920 order=504 id=153 invariants=[ 2, 3, 3, 4, 7 ]
ABELIAN_ID1920 order=504 id=39 invariants=[ 2, 4, 7, 9 ]
ABELIAN_ID1920 order=504 id=51 invariants=[ 3, 3, 7, 8 ]
ABELIAN_ID1920 order=504 id=6 invariants=[ 7, 8, 9 ]
ABELIAN_ORDER1920 order=504 count=6
ABELIAN_ID1920 order=505 id=2 invariants=[ 5, 101 ]
ABELIAN_ORDER1920 order=505 count=1
ABELIAN_ID1920 order=506 id=6 invariants=[ 2, 11, 23 ]
ABELIAN_ORDER1920 order=506 count=1
ABELIAN_ID1920 order=507 id=6 invariants=[ 3, 13, 13 ]
ABELIAN_ID1920 order=507 id=2 invariants=[ 3, 169 ]
ABELIAN_ORDER1920 order=507 count=2
ABELIAN_ID1920 order=508 id=4 invariants=[ 2, 2, 127 ]
ABELIAN_ID1920 order=508 id=2 invariants=[ 4, 127 ]
ABELIAN_ORDER1920 order=508 count=2
ABELIAN_ID1920 order=509 id=1 invariants=[ 509 ]
ABELIAN_ORDER1920 order=509 count=1
ABELIAN_ID1920 order=510 id=8 invariants=[ 2, 3, 5, 17 ]
ABELIAN_ORDER1920 order=510 count=1
ABELIAN_ID1920 order=511 id=1 invariants=[ 7, 73 ]
ABELIAN_ORDER1920 order=511 count=1
PASS_ABELIAN1920 orders=255 groups=514
