PARAMETERS start=256 end=256 start_id=21037 end_id=24542 skip_abelian=true log_all=true
ORDER_START order=256 groups=56092
COUNTS id=[ 256, 21037 ] end=151552 piso=1746944
CLOSEST id=[ 256, 21037 ] end=151552 piso=1746944 ratio=853/74
COUNTS id=[ 256, 21038 ] end=20480 piso=2011136
COUNTS id=[ 256, 21039 ] end=151552 piso=1761280
COUNTS id=[ 256, 21040 ] end=151552 piso=2166784
COUNTS id=[ 256, 21041 ] end=20480 piso=1781760
COUNTS id=[ 256, 21042 ] end=20480 piso=1798144
COUNTS id=[ 256, 21043 ] end=151552 piso=1921024
COUNTS id=[ 256, 21044 ] end=151552 piso=1916928
COUNTS id=[ 256, 21045 ] end=20480 piso=1904640
COUNTS id=[ 256, 21046 ] end=151552 piso=1914880
COUNTS id=[ 256, 21047 ] end=20480 piso=1828864
COUNTS id=[ 256, 21048 ] end=20480 piso=1816576
COUNTS id=[ 256, 21049 ] end=151552 piso=1857536
COUNTS id=[ 256, 21050 ] end=229376 piso=2722816
COUNTS id=[ 256, 21051 ] end=81920 piso=1915904
COUNTS id=[ 256, 21052 ] end=81920 piso=1909760
COUNTS id=[ 256, 21053 ] end=229376 piso=2790400
COUNTS id=[ 256, 21054 ] end=81920 piso=2354176
COUNTS id=[ 256, 21055 ] end=229376 piso=2415616
CLOSEST id=[ 256, 21055 ] end=229376 piso=2415616 ratio=337/32
COUNTS id=[ 256, 21056 ] end=229376 piso=2434048
COUNTS id=[ 256, 21057 ] end=81920 piso=2290688
COUNTS id=[ 256, 21058 ] end=81920 piso=2071552
COUNTS id=[ 256, 21059 ] end=229376 piso=2423808
COUNTS id=[ 256, 21060 ] end=229376 piso=2352128
CLOSEST id=[ 256, 21060 ] end=229376 piso=2352128 ratio=2297/224
COUNTS id=[ 256, 21061 ] end=81920 piso=2081792
COUNTS id=[ 256, 21062 ] end=229376 piso=2513920
COUNTS id=[ 256, 21063 ] end=81920 piso=1817600
COUNTS id=[ 256, 21064 ] end=81920 piso=1893376
COUNTS id=[ 256, 21065 ] end=229376 piso=2499584
COUNTS id=[ 256, 21066 ] end=81920 piso=1954816
COUNTS id=[ 256, 21067 ] end=229376 piso=2651136
COUNTS id=[ 256, 21068 ] end=229376 piso=2636800
COUNTS id=[ 256, 21069 ] end=81920 piso=2030592
COUNTS id=[ 256, 21070 ] end=229376 piso=2561024
COUNTS id=[ 256, 21071 ] end=81920 piso=2208768
COUNTS id=[ 256, 21072 ] end=81920 piso=2219008
COUNTS id=[ 256, 21073 ] end=229376 piso=2489344
COUNTS id=[ 256, 21074 ] end=229376 piso=2270208
CLOSEST id=[ 256, 21074 ] end=229376 piso=2270208 ratio=2217/224
COUNTS id=[ 256, 21075 ] end=81920 piso=2176000
COUNTS id=[ 256, 21076 ] end=81920 piso=2112512
COUNTS id=[ 256, 21077 ] end=229376 piso=2288640
COUNTS id=[ 256, 21078 ] end=81920 piso=1770496
COUNTS id=[ 256, 21079 ] end=229376 piso=2544640
COUNTS id=[ 256, 21080 ] end=229376 piso=2612224
COUNTS id=[ 256, 21081 ] end=81920 piso=1764352
COUNTS id=[ 256, 21082 ] end=2486272 piso=144028672
COUNTS id=[ 256, 21083 ] end=176128 piso=17110016
COUNTS id=[ 256, 21084 ] end=446464 piso=5336064
COUNTS id=[ 256, 21085 ] end=2486272 piso=143979520
COUNTS id=[ 256, 21086 ] end=176128 piso=17142784
COUNTS id=[ 256, 21087 ] end=446464 piso=5336064
COUNTS id=[ 256, 21088 ] end=2469888 piso=142472192
COUNTS id=[ 256, 21089 ] end=446464 piso=6441984
COUNTS id=[ 256, 21090 ] end=159744 piso=15037440
COUNTS id=[ 256, 21091 ] end=446464 piso=6409216
COUNTS id=[ 256, 21092 ] end=2486272 piso=143639552
COUNTS id=[ 256, 21093 ] end=176128 piso=16802816
COUNTS id=[ 256, 21094 ] end=446464 piso=4996096
COUNTS id=[ 256, 21095 ] end=2486272 piso=143688704
COUNTS id=[ 256, 21096 ] end=176128 piso=16770048
COUNTS id=[ 256, 21097 ] end=446464 piso=4996096
COUNTS id=[ 256, 21098 ] end=2469888 piso=142418944
COUNTS id=[ 256, 21099 ] end=446464 piso=6355968
COUNTS id=[ 256, 21100 ] end=159744 piso=14984192
COUNTS id=[ 256, 21101 ] end=446464 piso=6388736
COUNTS id=[ 256, 21102 ] end=2572288 piso=151342592
COUNTS id=[ 256, 21103 ] end=311296 piso=20008448
COUNTS id=[ 256, 21104 ] end=507904 piso=8013312
COUNTS id=[ 256, 21105 ] end=2506752 piso=151342592
COUNTS id=[ 256, 21106 ] end=278528 piso=20008448
COUNTS id=[ 256, 21107 ] end=507904 piso=8013312
COUNTS id=[ 256, 21108 ] end=2359296 piso=140275200
COUNTS id=[ 256, 21109 ] end=163840 piso=19164672
COUNTS id=[ 256, 21110 ] end=327680 piso=5465600
COUNTS id=[ 256, 21111 ] end=2326528 piso=140275200
COUNTS id=[ 256, 21112 ] end=98304 piso=19164672
COUNTS id=[ 256, 21113 ] end=327680 piso=5465600
COUNTS id=[ 256, 21114 ] end=2490368 piso=146632192
COUNTS id=[ 256, 21115 ] end=507904 piso=7620096
COUNTS id=[ 256, 21116 ] end=262144 piso=16018944
COUNTS id=[ 256, 21117 ] end=507904 piso=7620096
COUNTS id=[ 256, 21118 ] end=2310144 piso=136408576
COUNTS id=[ 256, 21119 ] end=327680 piso=5096960
COUNTS id=[ 256, 21120 ] end=81920 piso=15887872
COUNTS id=[ 256, 21121 ] end=327680 piso=5096960
COUNTS id=[ 256, 21122 ] end=2323456 piso=135952896
COUNTS id=[ 256, 21123 ] end=95232 piso=14580224
COUNTS id=[ 256, 21124 ] end=336896 piso=2877952
CLOSEST id=[ 256, 21124 ] end=336896 piso=2877952 ratio=803/94
COUNTS id=[ 256, 21125 ] end=2323456 piso=135182848
COUNTS id=[ 256, 21126 ] end=95232 piso=13351424
COUNTS id=[ 256, 21127 ] end=336896 piso=3828224
COUNTS id=[ 256, 21128 ] end=716800 piso=9483264
COUNTS id=[ 256, 21129 ] end=430080 piso=5252096
COUNTS id=[ 256, 21130 ] end=241664 piso=3929088
COUNTS id=[ 256, 21131 ] end=684032 piso=8655872
COUNTS id=[ 256, 21132 ] end=413696 piso=4805632
COUNTS id=[ 256, 21133 ] end=208896 piso=3511296
COUNTS id=[ 256, 21134 ] end=684032 piso=8262656
COUNTS id=[ 256, 21135 ] end=413696 piso=4412416
COUNTS id=[ 256, 21136 ] end=208896 piso=3118080
PROGRESS checked=100 hits=0 reversed=0 runtime_ms=228150
COUNTS id=[ 256, 21137 ] end=684032 piso=9090048
COUNTS id=[ 256, 21138 ] end=413696 piso=4858880
COUNTS id=[ 256, 21139 ] end=208896 piso=3535872
COUNTS id=[ 256, 21140 ] end=634880 piso=8428544
COUNTS id=[ 256, 21141 ] end=159744 piso=3148800
COUNTS id=[ 256, 21142 ] end=397312 piso=4709376
COUNTS id=[ 256, 21143 ] end=397312 piso=4525056
COUNTS id=[ 256, 21144 ] end=954368 piso=15482880
COUNTS id=[ 256, 21145 ] end=479232 piso=6184960
COUNTS id=[ 256, 21146 ] end=520192 piso=8196096
COUNTS id=[ 256, 21147 ] end=176128 piso=3731456
COUNTS id=[ 256, 21148 ] end=479232 piso=6184960
COUNTS id=[ 256, 21149 ] end=266240 piso=5292032
COUNTS id=[ 256, 21150 ] end=520192 piso=8196096
COUNTS id=[ 256, 21151 ] end=299008 piso=4685824
COUNTS id=[ 256, 21152 ] end=176128 piso=3731456
COUNTS id=[ 256, 21153 ] end=757760 piso=13342720
COUNTS id=[ 256, 21154 ] end=413696 piso=5249024
COUNTS id=[ 256, 21155 ] end=520192 piso=7391232
COUNTS id=[ 256, 21156 ] end=176128 piso=3409920
COUNTS id=[ 256, 21157 ] end=413696 piso=5249024
COUNTS id=[ 256, 21158 ] end=69632 piso=4610048
COUNTS id=[ 256, 21159 ] end=520192 piso=7391232
COUNTS id=[ 256, 21160 ] end=299008 piso=4511744
COUNTS id=[ 256, 21161 ] end=176128 piso=3409920
COUNTS id=[ 256, 21162 ] end=335872 piso=3203072
COUNTS id=[ 256, 21163 ] end=188416 piso=1499136
CLOSEST id=[ 256, 21163 ] end=188416 piso=1499136 ratio=183/23
COUNTS id=[ 256, 21164 ] end=57344 piso=1368064
COUNTS id=[ 256, 21165 ] end=335872 piso=3203072
COUNTS id=[ 256, 21166 ] end=188416 piso=1499136
COUNTS id=[ 256, 21167 ] end=57344 piso=1368064
COUNTS id=[ 256, 21168 ] end=132096 piso=1001984
CLOSEST id=[ 256, 21168 ] end=132096 piso=1001984 ratio=1957/258
COUNTS id=[ 256, 21169 ] end=132096 piso=940544
CLOSEST id=[ 256, 21169 ] end=132096 piso=940544 ratio=1837/258
COUNTS id=[ 256, 21170 ] end=188416 piso=1098368
CLOSEST id=[ 256, 21170 ] end=188416 piso=1098368 ratio=8581/1472
COUNTS id=[ 256, 21171 ] end=342016 piso=2215552
COUNTS id=[ 256, 21172 ] end=38912 piso=1119872
COUNTS id=[ 256, 21173 ] end=380928 piso=4731904
COUNTS id=[ 256, 21174 ] end=192512 piso=2941952
COUNTS id=[ 256, 21175 ] end=102400 piso=3191808
COUNTS id=[ 256, 21176 ] end=348160 piso=4264960
COUNTS id=[ 256, 21177 ] end=176128 piso=2561024
COUNTS id=[ 256, 21178 ] end=69632 piso=2741248
COUNTS id=[ 256, 21179 ] end=348160 piso=4199424
COUNTS id=[ 256, 21180 ] end=176128 piso=2495488
COUNTS id=[ 256, 21181 ] end=69632 piso=2675712
COUNTS id=[ 256, 21182 ] end=348160 piso=4666368
COUNTS id=[ 256, 21183 ] end=176128 piso=2876416
COUNTS id=[ 256, 21184 ] end=69632 piso=3126272
COUNTS id=[ 256, 21185 ] end=299008 piso=4148224
COUNTS id=[ 256, 21186 ] end=20480 piso=2669568
COUNTS id=[ 256, 21187 ] end=159744 piso=2608128
COUNTS id=[ 256, 21188 ] end=159744 piso=2620416
COUNTS id=[ 256, 21189 ] end=413696 piso=5840896
COUNTS id=[ 256, 21190 ] end=413696 piso=5840896
COUNTS id=[ 256, 21191 ] end=176128 piso=3387392
COUNTS id=[ 256, 21192 ] end=176128 piso=3387392
COUNTS id=[ 256, 21193 ] end=69632 piso=4423680
COUNTS id=[ 256, 21194 ] end=69632 piso=4423680
COUNTS id=[ 256, 21195 ] end=380928 piso=5240832
COUNTS id=[ 256, 21196 ] end=159744 piso=2639872
COUNTS id=[ 256, 21197 ] end=36864 piso=3012608
COUNTS id=[ 256, 21198 ] end=380928 piso=4564992
COUNTS id=[ 256, 21199 ] end=176128 piso=2816000
COUNTS id=[ 256, 21200 ] end=176128 piso=2816000
COUNTS id=[ 256, 21201 ] end=36864 piso=3024896
COUNTS id=[ 256, 21202 ] end=380928 piso=4497408
COUNTS id=[ 256, 21203 ] end=159744 piso=2551808
COUNTS id=[ 256, 21204 ] end=36864 piso=2555904
COUNTS id=[ 256, 21205 ] end=299008 piso=2664448
COUNTS id=[ 256, 21206 ] end=151552 piso=1222656
COUNTS id=[ 256, 21207 ] end=20480 piso=1189888
COUNTS id=[ 256, 21208 ] end=299008 piso=2664448
COUNTS id=[ 256, 21209 ] end=151552 piso=1222656
COUNTS id=[ 256, 21210 ] end=20480 piso=1189888
COUNTS id=[ 256, 21211 ] end=577536 piso=5440512
COUNTS id=[ 256, 21212 ] end=462848 piso=4928512
COUNTS id=[ 256, 21213 ] end=774144 piso=8844288
COUNTS id=[ 256, 21214 ] end=217088 piso=3699712
COUNTS id=[ 256, 21215 ] end=1003520 piso=9737216
COUNTS id=[ 256, 21216 ] end=315392 piso=4183040
COUNTS id=[ 256, 21217 ] end=462848 piso=4518912
COUNTS id=[ 256, 21218 ] end=561152 piso=4998144
COUNTS id=[ 256, 21219 ] end=970752 piso=9294848
COUNTS id=[ 256, 21220 ] end=282624 piso=3740672
COUNTS id=[ 256, 21221 ] end=774144 piso=8434688
COUNTS id=[ 256, 21222 ] end=217088 piso=3290112
COUNTS id=[ 256, 21223 ] end=446464 piso=4586496
COUNTS id=[ 256, 21224 ] end=512000 piso=4770816
COUNTS id=[ 256, 21225 ] end=790528 piso=8522752
COUNTS id=[ 256, 21226 ] end=167936 piso=3243008
COUNTS id=[ 256, 21227 ] end=208896 piso=1548288
COUNTS id=[ 256, 21228 ] end=372736 piso=3284992
COUNTS id=[ 256, 21229 ] end=77824 piso=1449984
COUNTS id=[ 256, 21230 ] end=200704 piso=1548288
COUNTS id=[ 256, 21231 ] end=356352 piso=3284992
COUNTS id=[ 256, 21232 ] end=61440 piso=1449984
COUNTS id=[ 256, 21233 ] end=147456 piso=1380352
COUNTS id=[ 256, 21234 ] end=163840 piso=1732608
COUNTS id=[ 256, 21235 ] end=163840 piso=1732608
COUNTS id=[ 256, 21236 ] end=139264 piso=1394688
PROGRESS checked=200 hits=0 reversed=0 runtime_ms=465637
COUNTS id=[ 256, 21237 ] end=73728 piso=1089536
COUNTS id=[ 256, 21238 ] end=73728 piso=1089536
COUNTS id=[ 256, 21239 ] end=1314816 piso=16244736
COUNTS id=[ 256, 21240 ] end=659456 piso=6422528
COUNTS id=[ 256, 21241 ] end=610304 piso=8359936
COUNTS id=[ 256, 21242 ] end=217088 piso=3895296
COUNTS id=[ 256, 21243 ] end=528384 piso=6053888
COUNTS id=[ 256, 21244 ] end=331776 piso=4939776
COUNTS id=[ 256, 21245 ] end=577536 piso=7555072
COUNTS id=[ 256, 21246 ] end=184320 piso=3573760
COUNTS id=[ 256, 21247 ] end=921600 piso=14104576
COUNTS id=[ 256, 21248 ] end=462848 piso=5486592
COUNTS id=[ 256, 21249 ] end=135168 piso=5371904
COUNTS id=[ 256, 21250 ] end=331776 piso=4765696
COUNTS id=[ 256, 21251 ] end=471040 piso=4838400
COUNTS id=[ 256, 21252 ] end=274432 piso=3048448
COUNTS id=[ 256, 21253 ] end=176128 piso=3298304
COUNTS id=[ 256, 21254 ] end=225280 piso=2601984
COUNTS id=[ 256, 21255 ] end=372736 piso=4305920
COUNTS id=[ 256, 21256 ] end=143360 piso=2782208
COUNTS id=[ 256, 21257 ] end=372736 piso=4240384
COUNTS id=[ 256, 21258 ] end=225280 piso=2536448
COUNTS id=[ 256, 21259 ] end=143360 piso=2716672
COUNTS id=[ 256, 21260 ] end=258048 piso=2950144
COUNTS id=[ 256, 21261 ] end=438272 piso=4740096
COUNTS id=[ 256, 21262 ] end=143360 piso=3200000
COUNTS id=[ 256, 21263 ] end=241664 piso=2632704
COUNTS id=[ 256, 21264 ] end=356352 piso=4172800
COUNTS id=[ 256, 21265 ] end=208896 piso=2644992
COUNTS id=[ 256, 21266 ] end=94208 piso=2694144
COUNTS id=[ 256, 21267 ] end=528384 piso=5931008
COUNTS id=[ 256, 21268 ] end=528384 piso=5931008
COUNTS id=[ 256, 21269 ] end=249856 piso=3469312
COUNTS id=[ 256, 21270 ] end=249856 piso=3469312
COUNTS id=[ 256, 21271 ] end=233472 piso=4513792
COUNTS id=[ 256, 21272 ] end=233472 piso=4513792
COUNTS id=[ 256, 21273 ] end=184320 piso=2721792
COUNTS id=[ 256, 21274 ] end=413696 piso=5330944
COUNTS id=[ 256, 21275 ] end=118784 piso=3102720
COUNTS id=[ 256, 21276 ] end=249856 piso=2897920
COUNTS id=[ 256, 21277 ] end=249856 piso=2897920
COUNTS id=[ 256, 21278 ] end=430080 piso=4655104
COUNTS id=[ 256, 21279 ] end=135168 piso=3115008
COUNTS id=[ 256, 21280 ] end=380928 piso=4587520
COUNTS id=[ 256, 21281 ] end=184320 piso=2633728
COUNTS id=[ 256, 21282 ] end=86016 piso=2646016
COUNTS id=[ 256, 21283 ] end=307200 piso=2680832
COUNTS id=[ 256, 21284 ] end=184320 piso=1239040
COUNTS id=[ 256, 21285 ] end=77824 piso=1206272
COUNTS id=[ 256, 21286 ] end=184320 piso=1239040
COUNTS id=[ 256, 21287 ] end=307200 piso=2680832
COUNTS id=[ 256, 21288 ] end=77824 piso=1206272
COUNTS id=[ 256, 21289 ] end=3407872 piso=164366336
COUNTS id=[ 256, 21290 ] end=2686976 piso=141305856
COUNTS id=[ 256, 21291 ] end=2686976 piso=150198272
COUNTS id=[ 256, 21292 ] end=458752 piso=21702656
COUNTS id=[ 256, 21293 ] end=917504 piso=21596160
COUNTS id=[ 256, 21294 ] end=327680 piso=19585024
COUNTS id=[ 256, 21295 ] end=966656 piso=10856448
COUNTS id=[ 256, 21296 ] end=376832 piso=6129664
COUNTS id=[ 256, 21297 ] end=540672 piso=6846464
COUNTS id=[ 256, 21298 ] end=3145728 piso=164366336
COUNTS id=[ 256, 21299 ] end=2555904 piso=141305856
COUNTS id=[ 256, 21300 ] end=2686976 piso=150198272
COUNTS id=[ 256, 21301 ] end=196608 piso=21702656
COUNTS id=[ 256, 21302 ] end=786432 piso=21596160
COUNTS id=[ 256, 21303 ] end=327680 piso=19585024
COUNTS id=[ 256, 21304 ] end=966656 piso=10856448
COUNTS id=[ 256, 21305 ] end=376832 piso=6129664
COUNTS id=[ 256, 21306 ] end=540672 piso=6846464
COUNTS id=[ 256, 21307 ] end=3080192 piso=159649792
COUNTS id=[ 256, 21308 ] end=2490368 piso=137187328
COUNTS id=[ 256, 21309 ] end=2654208 piso=146366464
COUNTS id=[ 256, 21310 ] end=131072 piso=18190336
COUNTS id=[ 256, 21311 ] end=720896 piso=17944576
COUNTS id=[ 256, 21312 ] end=294912 piso=16556032
COUNTS id=[ 256, 21313 ] end=933888 piso=9965568
COUNTS id=[ 256, 21314 ] end=344064 piso=5804032
COUNTS id=[ 256, 21315 ] end=540672 piso=6742016
COUNTS id=[ 256, 21316 ] end=540672 piso=6742016
COUNTS id=[ 256, 21317 ] end=3473408 piso=163618304
COUNTS id=[ 256, 21318 ] end=2490368 piso=137641472
COUNTS id=[ 256, 21319 ] end=2686976 piso=147099136
COUNTS id=[ 256, 21320 ] end=3178496 piso=152210944
COUNTS id=[ 256, 21321 ] end=327680 piso=19742208
COUNTS id=[ 256, 21322 ] end=524288 piso=18021888
COUNTS id=[ 256, 21323 ] end=327680 piso=17919488
COUNTS id=[ 256, 21324 ] end=425984 piso=18779648
COUNTS id=[ 256, 21325 ] end=933888 piso=8932864
COUNTS id=[ 256, 21326 ] end=344064 piso=4611584
COUNTS id=[ 256, 21327 ] end=540672 piso=5713408
COUNTS id=[ 256, 21328 ] end=737280 piso=6389248
COUNTS id=[ 256, 21329 ] end=3276800 piso=163147264
COUNTS id=[ 256, 21330 ] end=2490368 piso=137866752
COUNTS id=[ 256, 21331 ] end=2686976 piso=147602944
COUNTS id=[ 256, 21332 ] end=3080192 piso=152018432
COUNTS id=[ 256, 21333 ] end=131072 piso=19402240
COUNTS id=[ 256, 21334 ] end=524288 piso=18411008
COUNTS id=[ 256, 21335 ] end=327680 piso=18062848
COUNTS id=[ 256, 21336 ] end=327680 piso=18193920
PROGRESS checked=300 hits=0 reversed=0 runtime_ms=757825
COUNTS id=[ 256, 21337 ] end=933888 piso=8932864
COUNTS id=[ 256, 21338 ] end=344064 piso=4611584
COUNTS id=[ 256, 21339 ] end=540672 piso=5713408
COUNTS id=[ 256, 21340 ] end=737280 piso=6389248
COUNTS id=[ 256, 21341 ] end=3244032 piso=162096640
COUNTS id=[ 256, 21342 ] end=933888 piso=9876992
COUNTS id=[ 256, 21343 ] end=98304 piso=17630720
COUNTS id=[ 256, 21344 ] end=344064 piso=5711360
COUNTS id=[ 256, 21345 ] end=2654208 piso=146146816
COUNTS id=[ 256, 21346 ] end=540672 piso=7177728
COUNTS id=[ 256, 21347 ] end=294912 piso=16311808
COUNTS id=[ 256, 21348 ] end=737280 piso=7599616
COUNTS id=[ 256, 21349 ] end=2457600 piso=136541696
COUNTS id=[ 256, 21350 ] end=344064 piso=6002176
COUNTS id=[ 256, 21351 ] end=491520 piso=16545280
COUNTS id=[ 256, 21352 ] end=933888 piso=10282496
COUNTS id=[ 256, 21353 ] end=3047424 piso=150853120
COUNTS id=[ 256, 21354 ] end=737280 piso=7439872
COUNTS id=[ 256, 21355 ] end=294912 piso=16586240
COUNTS id=[ 256, 21356 ] end=540672 piso=6641152
COUNTS id=[ 256, 21357 ] end=1380352 piso=12445696
COUNTS id=[ 256, 21358 ] end=757760 piso=6907904
COUNTS id=[ 256, 21359 ] end=708608 piso=6969344
COUNTS id=[ 256, 21360 ] end=217088 piso=4413440
COUNTS id=[ 256, 21361 ] end=397312 piso=5965824
COUNTS id=[ 256, 21362 ] end=757760 piso=5965824
COUNTS id=[ 256, 21363 ] end=708608 piso=7063552
COUNTS id=[ 256, 21364 ] end=331776 piso=3766272
COUNTS id=[ 256, 21365 ] end=217088 piso=3287040
COUNTS id=[ 256, 21366 ] end=708608 piso=7063552
COUNTS id=[ 256, 21367 ] end=331776 piso=3766272
COUNTS id=[ 256, 21368 ] end=217088 piso=3287040
COUNTS id=[ 256, 21369 ] end=1118208 piso=12445696
COUNTS id=[ 256, 21370 ] end=626688 piso=6907904
COUNTS id=[ 256, 21371 ] end=708608 piso=6969344
COUNTS id=[ 256, 21372 ] end=217088 piso=4413440
COUNTS id=[ 256, 21373 ] end=135168 piso=5965824
COUNTS id=[ 256, 21374 ] end=626688 piso=5965824
COUNTS id=[ 256, 21375 ] end=1052672 piso=10627072
COUNTS id=[ 256, 21376 ] end=561152 piso=5253120
COUNTS id=[ 256, 21377 ] end=675840 piso=5658624
COUNTS id=[ 256, 21378 ] end=184320 piso=3201024
COUNTS id=[ 256, 21379 ] end=69632 piso=4163584
COUNTS id=[ 256, 21380 ] end=561152 piso=4261888
COUNTS id=[ 256, 21381 ] end=675840 piso=6653952
COUNTS id=[ 256, 21382 ] end=331776 piso=4175872
COUNTS id=[ 256, 21383 ] end=331776 piso=4175872
COUNTS id=[ 256, 21384 ] end=184320 piso=3647488
COUNTS id=[ 256, 21385 ] end=1445888 piso=12967424
COUNTS id=[ 256, 21386 ] end=364544 piso=5275136
COUNTS id=[ 256, 21387 ] end=708608 piso=6188544
COUNTS id=[ 256, 21388 ] end=315392 piso=5369344
COUNTS id=[ 256, 21389 ] end=266240 piso=5651968
COUNTS id=[ 256, 21390 ] end=561152 piso=4488704
COUNTS id=[ 256, 21391 ] end=217088 piso=4132352
COUNTS id=[ 256, 21392 ] end=1200128 piso=9678336
COUNTS id=[ 256, 21393 ] end=675840 piso=6278656
COUNTS id=[ 256, 21394 ] end=331776 piso=3821056
COUNTS id=[ 256, 21395 ] end=184320 piso=2940416
COUNTS id=[ 256, 21396 ] end=528384 piso=3956224
COUNTS id=[ 256, 21397 ] end=675840 piso=6262272
COUNTS id=[ 256, 21398 ] end=331776 piso=3804672
COUNTS id=[ 256, 21399 ] end=184320 piso=2924032
COUNTS id=[ 256, 21400 ] end=528384 piso=3939840
COUNTS id=[ 256, 21401 ] end=1249280 piso=12561920
COUNTS id=[ 256, 21402 ] end=364544 piso=5598720
COUNTS id=[ 256, 21403 ] end=708608 piso=6594048
COUNTS id=[ 256, 21404 ] end=217088 piso=4783616
COUNTS id=[ 256, 21405 ] end=69632 piso=5262848
COUNTS id=[ 256, 21406 ] end=561152 piso=4697600
COUNTS id=[ 256, 21407 ] end=217088 piso=4292096
COUNTS id=[ 256, 21408 ] end=1101824 piso=9469440
COUNTS id=[ 256, 21409 ] end=1216512 piso=12305920
COUNTS id=[ 256, 21410 ] end=675840 piso=6608384
COUNTS id=[ 256, 21411 ] end=36864 piso=4154880
COUNTS id=[ 256, 21412 ] end=184320 piso=3671552
COUNTS id=[ 256, 21413 ] end=675840 piso=5785088
COUNTS id=[ 256, 21414 ] end=331776 piso=4752896
COUNTS id=[ 256, 21415 ] end=184320 piso=3237376
COUNTS id=[ 256, 21416 ] end=528384 piso=4634112
COUNTS id=[ 256, 21417 ] end=331776 piso=4544000
COUNTS id=[ 256, 21418 ] end=675840 piso=6964736
COUNTS id=[ 256, 21419 ] end=528384 piso=3905024
COUNTS id=[ 256, 21420 ] end=184320 piso=3913216
COUNTS id=[ 256, 21421 ] end=184320 piso=3872256
COUNTS id=[ 256, 21422 ] end=331776 piso=4298240
COUNTS id=[ 256, 21423 ] end=1069056 piso=9033216
COUNTS id=[ 256, 21424 ] end=528384 piso=4490752
COUNTS id=[ 256, 21425 ] end=4902912 piso=72542208
COUNTS id=[ 256, 21426 ] end=1593344 piso=13297664
COUNTS id=[ 256, 21427 ] end=897024 piso=7870464
COUNTS id=[ 256, 21428 ] end=1576960 piso=14878720
COUNTS id=[ 256, 21429 ] end=3837952 piso=54724608
COUNTS id=[ 256, 21430 ] end=765952 piso=7870464
COUNTS id=[ 256, 21431 ] end=1347584 piso=13264896
COUNTS id=[ 256, 21432 ] end=806912 piso=7374848
COUNTS id=[ 256, 21433 ] end=1216512 piso=13068288
COUNTS id=[ 256, 21434 ] end=765952 piso=7673856
COUNTS id=[ 256, 21435 ] end=675840 piso=7178240
COUNTS id=[ 256, 21436 ] end=3207168 piso=56039424
PROGRESS checked=400 hits=0 reversed=0 runtime_ms=1054273
COUNTS id=[ 256, 21437 ] end=421888 piso=9377792
COUNTS id=[ 256, 21438 ] end=1347584 piso=13068288
COUNTS id=[ 256, 21439 ] end=806912 piso=7178240
COUNTS id=[ 256, 21440 ] end=1347584 piso=12580864
COUNTS id=[ 256, 21441 ] end=348160 piso=6256640
COUNTS id=[ 256, 21442 ] end=1765376 piso=20465664
COUNTS id=[ 256, 21443 ] end=765952 piso=8931328
COUNTS id=[ 256, 21444 ] end=225280 piso=7317504
COUNTS id=[ 256, 21445 ] end=1224704 piso=10725376
COUNTS id=[ 256, 21446 ] end=3952640 piso=38297088
COUNTS id=[ 256, 21447 ] end=577536 piso=7683584
COUNTS id=[ 256, 21448 ] end=897024 piso=7646720
COUNTS id=[ 256, 21449 ] end=1978368 piso=13495808
COUNTS id=[ 256, 21450 ] end=1511424 piso=14220800
COUNTS id=[ 256, 21451 ] end=1347584 piso=11804160
COUNTS id=[ 256, 21452 ] end=733184 piso=7458304
COUNTS id=[ 256, 21453 ] end=1150976 piso=12037632
COUNTS id=[ 256, 21454 ] end=380928 piso=6483456
COUNTS id=[ 256, 21455 ] end=1150976 piso=11726336
COUNTS id=[ 256, 21456 ] end=733184 piso=7147008
COUNTS id=[ 256, 21457 ] end=380928 piso=6172160
COUNTS id=[ 256, 21458 ] end=1961984 piso=19930624
COUNTS id=[ 256, 21459 ] end=356352 piso=7421440
COUNTS id=[ 256, 21460 ] end=1576960 piso=13856256
COUNTS id=[ 256, 21461 ] end=741376 piso=6745600
COUNTS id=[ 256, 21462 ] end=1118208 piso=11003392
COUNTS id=[ 256, 21463 ] end=1798144 piso=20375040
COUNTS id=[ 256, 21464 ] end=348160 piso=6149632
COUNTS id=[ 256, 21465 ] end=192512 piso=7116288
COUNTS id=[ 256, 21466 ] end=577536 piso=6739456
COUNTS id=[ 256, 21467 ] end=733184 piso=7902720
COUNTS id=[ 256, 21468 ] end=1413120 piso=13067776
COUNTS id=[ 256, 21469 ] end=733184 piso=7169536
COUNTS id=[ 256, 21470 ] end=1421312 piso=10650624
COUNTS id=[ 256, 21471 ] end=831488 piso=7840768
COUNTS id=[ 256, 21472 ] end=831488 piso=7840768
COUNTS id=[ 256, 21473 ] end=2682880 piso=28328960
COUNTS id=[ 256, 21474 ] end=552960 piso=7521280
COUNTS id=[ 256, 21475 ] end=831488 piso=7447552
COUNTS id=[ 256, 21476 ] end=2551808 piso=27935744
COUNTS id=[ 256, 21477 ] end=421888 piso=7128064
COUNTS id=[ 256, 21478 ] end=1355776 piso=10257408
COUNTS id=[ 256, 21479 ] end=831488 piso=7447552
COUNTS id=[ 256, 21480 ] end=479232 piso=5354496
COUNTS id=[ 256, 21481 ] end=1544192 piso=13775872
COUNTS id=[ 256, 21482 ] end=657408 piso=4415488
COUNTS id=[ 256, 21483 ] end=395264 piso=3473408
COUNTS id=[ 256, 21484 ] end=395264 piso=3473408
COUNTS id=[ 256, 21485 ] end=1263616 piso=11001856
COUNTS id=[ 256, 21486 ] end=182272 piso=5136384
COUNTS id=[ 256, 21487 ] end=223232 piso=2994176
COUNTS id=[ 256, 21488 ] end=763904 piso=5500928
COUNTS id=[ 256, 21489 ] end=428032 piso=3227648
COUNTS id=[ 256, 21490 ] end=657408 piso=4366336
COUNTS id=[ 256, 21491 ] end=428032 piso=3227648
COUNTS id=[ 256, 21492 ] end=1280000 piso=11640832
COUNTS id=[ 256, 21493 ] end=67584 piso=4399104
COUNTS id=[ 256, 21494 ] end=231424 piso=2674688
COUNTS id=[ 256, 21495 ] end=837632 piso=5763072
COUNTS id=[ 256, 21496 ] end=1118208 piso=11069440
COUNTS id=[ 256, 21497 ] end=1118208 piso=11069440
COUNTS id=[ 256, 21498 ] end=339968 piso=4200448
COUNTS id=[ 256, 21499 ] end=675840 piso=10029056
COUNTS id=[ 256, 21500 ] end=675840 piso=10029056
COUNTS id=[ 256, 21501 ] end=241664 piso=3209216
COUNTS id=[ 256, 21502 ] end=757760 piso=6195200
COUNTS id=[ 256, 21503 ] end=315392 piso=3926016
COUNTS id=[ 256, 21504 ] end=626688 piso=6162432
COUNTS id=[ 256, 21505 ] end=241664 piso=3176448
COUNTS id=[ 256, 21506 ] end=184320 piso=3893248
COUNTS id=[ 256, 21507 ] end=405504 piso=7673856
COUNTS id=[ 256, 21508 ] end=405504 piso=7673856
COUNTS id=[ 256, 21509 ] end=724992 piso=6612992
COUNTS id=[ 256, 21510 ] end=282624 piso=5081088
COUNTS id=[ 256, 21511 ] end=258048 piso=3266560
COUNTS id=[ 256, 21512 ] end=258048 piso=3266560
COUNTS id=[ 256, 21513 ] end=577536 piso=4990976
COUNTS id=[ 256, 21514 ] end=135168 piso=3393536
COUNTS id=[ 256, 21515 ] end=724992 piso=7396864
COUNTS id=[ 256, 21516 ] end=528384 piso=5783040
COUNTS id=[ 256, 21517 ] end=339968 piso=4017664
COUNTS id=[ 256, 21518 ] end=438272 piso=5058048
COUNTS id=[ 256, 21519 ] end=348160 piso=5504512
COUNTS id=[ 256, 21520 ] end=282624 piso=4677120
COUNTS id=[ 256, 21521 ] end=208896 piso=2907648
COUNTS id=[ 256, 21522 ] end=364544 piso=4828672
COUNTS id=[ 256, 21523 ] end=118784 piso=2969088
COUNTS id=[ 256, 21524 ] end=364544 piso=4795904
COUNTS id=[ 256, 21525 ] end=208896 piso=2874880
COUNTS id=[ 256, 21526 ] end=118784 piso=2936320
COUNTS id=[ 256, 21527 ] end=339968 piso=4144640
COUNTS id=[ 256, 21528 ] end=405504 piso=4324864
COUNTS id=[ 256, 21529 ] end=528384 piso=5680640
COUNTS id=[ 256, 21530 ] end=217088 piso=4394496
COUNTS id=[ 256, 21531 ] end=258048 piso=3356160
COUNTS id=[ 256, 21532 ] end=380928 piso=4511232
COUNTS id=[ 256, 21533 ] end=323584 piso=3520000
COUNTS id=[ 256, 21534 ] end=135168 piso=3077632
COUNTS id=[ 256, 21535 ] end=258048 piso=2991616
COUNTS id=[ 256, 21536 ] end=446464 piso=5072384
PROGRESS checked=500 hits=0 reversed=0 runtime_ms=1341337
COUNTS id=[ 256, 21537 ] end=258048 piso=2975232
COUNTS id=[ 256, 21538 ] end=135168 piso=3393024
COUNTS id=[ 256, 21539 ] end=716800 piso=9602048
COUNTS id=[ 256, 21540 ] end=618496 piso=6726656
COUNTS id=[ 256, 21541 ] end=241664 piso=6095872
COUNTS id=[ 256, 21542 ] end=176128 piso=3318784
COUNTS id=[ 256, 21543 ] end=430080 piso=6757376
COUNTS id=[ 256, 21544 ] end=380928 piso=4058112
COUNTS id=[ 256, 21545 ] end=618496 piso=7341056
COUNTS id=[ 256, 21546 ] end=159744 piso=3929088
COUNTS id=[ 256, 21547 ] end=397312 piso=4762624
COUNTS id=[ 256, 21548 ] end=380928 piso=4643840
COUNTS id=[ 256, 21549 ] end=651264 piso=9262080
COUNTS id=[ 256, 21550 ] end=618496 piso=6386688
COUNTS id=[ 256, 21551 ] end=176128 piso=5755904
COUNTS id=[ 256, 21552 ] end=176128 piso=2978816
COUNTS id=[ 256, 21553 ] end=397312 piso=6417408
COUNTS id=[ 256, 21554 ] end=380928 piso=3718144
COUNTS id=[ 256, 21555 ] end=618496 piso=7287808
COUNTS id=[ 256, 21556 ] end=159744 piso=3875840
COUNTS id=[ 256, 21557 ] end=397312 piso=4709376
COUNTS id=[ 256, 21558 ] end=380928 piso=4590592
COUNTS id=[ 256, 21559 ] end=311296 piso=5424640
COUNTS id=[ 256, 21560 ] end=802816 piso=10663424
COUNTS id=[ 256, 21561 ] end=442368 piso=6342144
COUNTS id=[ 256, 21562 ] end=589824 piso=6911488
COUNTS id=[ 256, 21563 ] end=163840 piso=4531712
COUNTS id=[ 256, 21564 ] end=262144 piso=4138496
COUNTS id=[ 256, 21565 ] end=278528 piso=5031424
COUNTS id=[ 256, 21566 ] end=737280 piso=10270208
COUNTS id=[ 256, 21567 ] end=442368 piso=5948928
COUNTS id=[ 256, 21568 ] end=557056 piso=6518272
COUNTS id=[ 256, 21569 ] end=98304 piso=4138496
COUNTS id=[ 256, 21570 ] end=262144 piso=3745280
COUNTS id=[ 256, 21571 ] end=262144 piso=3407360
COUNTS id=[ 256, 21572 ] end=688128 piso=8171008
COUNTS id=[ 256, 21573 ] end=442368 piso=4673024
COUNTS id=[ 256, 21574 ] end=442368 piso=4673024
COUNTS id=[ 256, 21575 ] end=507904 piso=4922880
COUNTS id=[ 256, 21576 ] end=81920 piso=2821632
COUNTS id=[ 256, 21577 ] end=262144 piso=2883072
COUNTS id=[ 256, 21578 ] end=262144 piso=2883072
COUNTS id=[ 256, 21579 ] end=94208 piso=1493504
COUNTS id=[ 256, 21580 ] end=454656 piso=3295744
COUNTS id=[ 256, 21581 ] end=270336 piso=1788416
COUNTS id=[ 256, 21582 ] end=94208 piso=1456640
COUNTS id=[ 256, 21583 ] end=454656 piso=3258880
COUNTS id=[ 256, 21584 ] end=270336 piso=1751552
COUNTS id=[ 256, 21585 ] end=716800 piso=9520128
COUNTS id=[ 256, 21586 ] end=208896 piso=4277248
COUNTS id=[ 256, 21587 ] end=716800 piso=9487360
COUNTS id=[ 256, 21588 ] end=208896 piso=4310016
COUNTS id=[ 256, 21589 ] end=397312 piso=4113408
COUNTS id=[ 256, 21590 ] end=397312 piso=4113408
COUNTS id=[ 256, 21591 ] end=397312 piso=3720192
COUNTS id=[ 256, 21592 ] end=397312 piso=3720192
COUNTS id=[ 256, 21593 ] end=716800 piso=9094144
COUNTS id=[ 256, 21594 ] end=208896 piso=3916800
COUNTS id=[ 256, 21595 ] end=716800 piso=9126912
COUNTS id=[ 256, 21596 ] end=208896 piso=3884032
COUNTS id=[ 256, 21597 ] end=667648 piso=8786944
COUNTS id=[ 256, 21598 ] end=380928 piso=4256768
COUNTS id=[ 256, 21599 ] end=159744 piso=3183616
COUNTS id=[ 256, 21600 ] end=380928 piso=4142080
COUNTS id=[ 256, 21601 ] end=479232 piso=6645760
COUNTS id=[ 256, 21602 ] end=479232 piso=5703680
COUNTS id=[ 256, 21603 ] end=888832 piso=12347392
COUNTS id=[ 256, 21604 ] end=200704 piso=5867520
COUNTS id=[ 256, 21605 ] end=299008 piso=3766272
COUNTS id=[ 256, 21606 ] end=520192 piso=6981632
COUNTS id=[ 256, 21607 ] end=176128 piso=3205120
COUNTS id=[ 256, 21608 ] end=176128 piso=4290560
COUNTS id=[ 256, 21609 ] end=520192 piso=6846464
COUNTS id=[ 256, 21610 ] end=413696 piso=5236736
COUNTS id=[ 256, 21611 ] end=413696 piso=4245504
COUNTS id=[ 256, 21612 ] end=757760 piso=10807296
COUNTS id=[ 256, 21613 ] end=69632 piso=4343808
COUNTS id=[ 256, 21614 ] end=299008 piso=4085760
COUNTS id=[ 256, 21615 ] end=520192 piso=6637568
COUNTS id=[ 256, 21616 ] end=176128 piso=3631104
COUNTS id=[ 256, 21617 ] end=176128 piso=3184640
COUNTS id=[ 256, 21618 ] end=520192 piso=5642240
COUNTS id=[ 256, 21619 ] end=59392 piso=1921024
COUNTS id=[ 256, 21620 ] end=403456 piso=3018752
COUNTS id=[ 256, 21621 ] end=190464 piso=1171456
COUNTS id=[ 256, 21622 ] end=59392 piso=1282048
COUNTS id=[ 256, 21623 ] end=403456 piso=2805760
COUNTS id=[ 256, 21624 ] end=190464 piso=1556480
COUNTS id=[ 256, 21625 ] end=413696 piso=4375552
COUNTS id=[ 256, 21626 ] end=69632 piso=3490816
COUNTS id=[ 256, 21627 ] end=69632 piso=3998720
COUNTS id=[ 256, 21628 ] end=413696 piso=4064256
COUNTS id=[ 256, 21629 ] end=176128 piso=2188288
COUNTS id=[ 256, 21630 ] end=176128 piso=2188288
COUNTS id=[ 256, 21631 ] end=176128 piso=2122752
COUNTS id=[ 256, 21632 ] end=176128 piso=2122752
COUNTS id=[ 256, 21633 ] end=413696 piso=3998720
COUNTS id=[ 256, 21634 ] end=69632 piso=3933184
COUNTS id=[ 256, 21635 ] end=69632 piso=3425280
COUNTS id=[ 256, 21636 ] end=413696 piso=4310016
PROGRESS checked=600 hits=0 reversed=0 runtime_ms=1577556
COUNTS id=[ 256, 21637 ] end=159744 piso=2925568
COUNTS id=[ 256, 21638 ] end=364544 piso=3556352
COUNTS id=[ 256, 21639 ] end=159744 piso=2614272
COUNTS id=[ 256, 21640 ] end=20480 piso=2507776
COUNTS id=[ 256, 21641 ] end=69632 piso=4786176
COUNTS id=[ 256, 21642 ] end=413696 piso=5376000
COUNTS id=[ 256, 21643 ] end=413696 piso=5376000
COUNTS id=[ 256, 21644 ] end=69632 piso=4786176
COUNTS id=[ 256, 21645 ] end=159744 piso=2285568
COUNTS id=[ 256, 21646 ] end=176128 piso=2770944
COUNTS id=[ 256, 21647 ] end=176128 piso=2770944
COUNTS id=[ 256, 21648 ] end=36864 piso=3276800
COUNTS id=[ 256, 21649 ] end=380928 piso=4308992
COUNTS id=[ 256, 21650 ] end=176128 piso=3241984
COUNTS id=[ 256, 21651 ] end=176128 piso=3241984
COUNTS id=[ 256, 21652 ] end=36864 piso=2490368
COUNTS id=[ 256, 21653 ] end=380928 piso=3620864
COUNTS id=[ 256, 21654 ] end=36864 piso=2897920
COUNTS id=[ 256, 21655 ] end=380928 piso=3520512
COUNTS id=[ 256, 21656 ] end=159744 piso=2334720
COUNTS id=[ 256, 21657 ] end=20480 piso=1849344
COUNTS id=[ 256, 21658 ] end=364544 piso=2619392
COUNTS id=[ 256, 21659 ] end=151552 piso=952320
COUNTS id=[ 256, 21660 ] end=151552 piso=1361920
COUNTS id=[ 256, 21661 ] end=20480 piso=1185792
COUNTS id=[ 256, 21662 ] end=364544 piso=2381824
COUNTS id=[ 256, 21663 ] end=643072 piso=5587968
COUNTS id=[ 256, 21664 ] end=446464 piso=4342784
COUNTS id=[ 256, 21665 ] end=479232 piso=4473856
COUNTS id=[ 256, 21666 ] end=118784 piso=2974720
COUNTS id=[ 256, 21667 ] end=118784 piso=2974720
COUNTS id=[ 256, 21668 ] end=118784 piso=2909184
COUNTS id=[ 256, 21669 ] end=118784 piso=2909184
COUNTS id=[ 256, 21670 ] end=446464 piso=4211712
COUNTS id=[ 256, 21671 ] end=643072 piso=5456896
COUNTS id=[ 256, 21672 ] end=479232 piso=4342784
COUNTS id=[ 256, 21673 ] end=299008 piso=3163136
COUNTS id=[ 256, 21674 ] end=200704 piso=2884608
COUNTS id=[ 256, 21675 ] end=921600 piso=9635840
COUNTS id=[ 256, 21676 ] end=462848 piso=4851712
COUNTS id=[ 256, 21677 ] end=921600 piso=9635840
COUNTS id=[ 256, 21678 ] end=69632 piso=3276800
COUNTS id=[ 256, 21679 ] end=200704 piso=3276800
COUNTS id=[ 256, 21680 ] end=200704 piso=3467264
COUNTS id=[ 256, 21681 ] end=266240 piso=3467264
COUNTS id=[ 256, 21682 ] end=528384 piso=6848512
COUNTS id=[ 256, 21683 ] end=331776 piso=3391488
COUNTS id=[ 256, 21684 ] end=299008 piso=3201024
COUNTS id=[ 256, 21685 ] end=299008 piso=3201024
COUNTS id=[ 256, 21686 ] end=151552 piso=2801664
COUNTS id=[ 256, 21687 ] end=315392 piso=2197504
COUNTS id=[ 256, 21688 ] end=315392 piso=2197504
COUNTS id=[ 256, 21689 ] end=53248 piso=1239040
COUNTS id=[ 256, 21690 ] end=53248 piso=1239040
COUNTS id=[ 256, 21691 ] end=159744 piso=1173504
COUNTS id=[ 256, 21692 ] end=405504 piso=4670464
COUNTS id=[ 256, 21693 ] end=274432 piso=4473856
COUNTS id=[ 256, 21694 ] end=274432 piso=4195328
COUNTS id=[ 256, 21695 ] end=208896 piso=3236864
COUNTS id=[ 256, 21696 ] end=208896 piso=3236864
COUNTS id=[ 256, 21697 ] end=208896 piso=2778112
COUNTS id=[ 256, 21698 ] end=208896 piso=2778112
COUNTS id=[ 256, 21699 ] end=274432 piso=3949568
COUNTS id=[ 256, 21700 ] end=405504 piso=4146176
COUNTS id=[ 256, 21701 ] end=274432 piso=3671040
COUNTS id=[ 256, 21702 ] end=225280 piso=2806784
COUNTS id=[ 256, 21703 ] end=159744 piso=2757632
COUNTS id=[ 256, 21704 ] end=610304 piso=10151936
COUNTS id=[ 256, 21705 ] end=266240 piso=9111552
COUNTS id=[ 256, 21706 ] end=479232 piso=6514688
COUNTS id=[ 256, 21707 ] end=135168 piso=4982784
COUNTS id=[ 256, 21708 ] end=225280 piso=3078144
COUNTS id=[ 256, 21709 ] end=290816 piso=3078144
COUNTS id=[ 256, 21710 ] end=479232 piso=6064128
COUNTS id=[ 256, 21711 ] end=135168 piso=3794944
COUNTS id=[ 256, 21712 ] end=610304 piso=6064128
COUNTS id=[ 256, 21713 ] end=266240 piso=3794944
COUNTS id=[ 256, 21714 ] end=290816 piso=7280640
COUNTS id=[ 256, 21715 ] end=225280 piso=4069376
COUNTS id=[ 256, 21716 ] end=380928 piso=4884480
COUNTS id=[ 256, 21717 ] end=36864 piso=3287040
COUNTS id=[ 256, 21718 ] end=176128 piso=3037184
COUNTS id=[ 256, 21719 ] end=75776 piso=1941504
COUNTS id=[ 256, 21720 ] end=75776 piso=1941504
COUNTS id=[ 256, 21721 ] end=75776 piso=1032192
COUNTS id=[ 256, 21722 ] end=75776 piso=1032192
COUNTS id=[ 256, 21723 ] end=51200 piso=1007616
COUNTS id=[ 256, 21724 ] end=1085440 piso=10732544
COUNTS id=[ 256, 21725 ] end=266240 piso=4998144
COUNTS id=[ 256, 21726 ] end=544768 piso=4408320
COUNTS id=[ 256, 21727 ] end=380928 piso=3646464
COUNTS id=[ 256, 21728 ] end=380928 piso=3646464
COUNTS id=[ 256, 21729 ] end=380928 piso=3580928
COUNTS id=[ 256, 21730 ] end=380928 piso=3580928
COUNTS id=[ 256, 21731 ] end=954368 piso=10667008
COUNTS id=[ 256, 21732 ] end=135168 piso=4932608
COUNTS id=[ 256, 21733 ] end=479232 piso=4342784
COUNTS id=[ 256, 21734 ] end=585728 piso=5547008
COUNTS id=[ 256, 21735 ] end=176128 piso=2958336
COUNTS id=[ 256, 21736 ] end=266240 piso=9570304
PROGRESS checked=700 hits=0 reversed=0 runtime_ms=1808007
COUNTS id=[ 256, 21737 ] end=1216512 piso=52037632
COUNTS id=[ 256, 21738 ] end=479232 piso=5376000
COUNTS id=[ 256, 21739 ] end=479232 piso=4554752
COUNTS id=[ 256, 21740 ] end=544768 piso=4554752
COUNTS id=[ 256, 21741 ] end=479232 piso=5376000
COUNTS id=[ 256, 21742 ] end=544768 piso=5376000
COUNTS id=[ 256, 21743 ] end=266240 piso=7634944
COUNTS id=[ 256, 21744 ] end=1216512 piso=51675136
COUNTS id=[ 256, 21745 ] end=479232 piso=4554752
COUNTS id=[ 256, 21746 ] end=225280 piso=4585472
COUNTS id=[ 256, 21747 ] end=700416 piso=9107456
COUNTS id=[ 256, 21748 ] end=225280 piso=3850240
COUNTS id=[ 256, 21749 ] end=700416 piso=8863744
COUNTS id=[ 256, 21750 ] end=69632 piso=3426304
COUNTS id=[ 256, 21751 ] end=757760 piso=8636416
COUNTS id=[ 256, 21752 ] end=380928 piso=3164160
COUNTS id=[ 256, 21753 ] end=348160 piso=2304000
COUNTS id=[ 256, 21754 ] end=348160 piso=2304000
COUNTS id=[ 256, 21755 ] end=176128 piso=1882112
COUNTS id=[ 256, 21756 ] end=520192 piso=4061184
COUNTS id=[ 256, 21757 ] end=360448 piso=6112768
COUNTS id=[ 256, 21758 ] end=98304 piso=4847104
COUNTS id=[ 256, 21759 ] end=360448 piso=6112768
COUNTS id=[ 256, 21760 ] end=98304 piso=4847104
COUNTS id=[ 256, 21761 ] end=212992 piso=2430464
COUNTS id=[ 256, 21762 ] end=212992 piso=2430464
COUNTS id=[ 256, 21763 ] end=212992 piso=5023232
COUNTS id=[ 256, 21764 ] end=212992 piso=5023232
COUNTS id=[ 256, 21765 ] end=360448 piso=2946560
COUNTS id=[ 256, 21766 ] end=98304 piso=2737664
COUNTS id=[ 256, 21767 ] end=360448 piso=2946560
COUNTS id=[ 256, 21768 ] end=98304 piso=2737664
COUNTS id=[ 256, 21769 ] end=212992 piso=3501568
COUNTS id=[ 256, 21770 ] end=344064 piso=3739136
COUNTS id=[ 256, 21771 ] end=212992 piso=3501568
COUNTS id=[ 256, 21772 ] end=344064 piso=3739136
COUNTS id=[ 256, 21773 ] end=212992 piso=3010048
COUNTS id=[ 256, 21774 ] end=81920 piso=3194368
COUNTS id=[ 256, 21775 ] end=212992 piso=3010048
COUNTS id=[ 256, 21776 ] end=81920 piso=3194368
COUNTS id=[ 256, 21777 ] end=364544 piso=4359680
COUNTS id=[ 256, 21778 ] end=36864 piso=2651648
COUNTS id=[ 256, 21779 ] end=364544 piso=4359680
COUNTS id=[ 256, 21780 ] end=36864 piso=2651648
COUNTS id=[ 256, 21781 ] end=159744 piso=2180608
COUNTS id=[ 256, 21782 ] end=159744 piso=2180608
COUNTS id=[ 256, 21783 ] end=159744 piso=2164224
COUNTS id=[ 256, 21784 ] end=159744 piso=2164224
COUNTS id=[ 256, 21785 ] end=364544 piso=3651072
COUNTS id=[ 256, 21786 ] end=36864 piso=3671552
COUNTS id=[ 256, 21787 ] end=364544 piso=3651072
COUNTS id=[ 256, 21788 ] end=36864 piso=3671552
COUNTS id=[ 256, 21789 ] end=348160 piso=3489280
COUNTS id=[ 256, 21790 ] end=159744 piso=2854400
COUNTS id=[ 256, 21791 ] end=348160 piso=3489280
COUNTS id=[ 256, 21792 ] end=159744 piso=2854400
COUNTS id=[ 256, 21793 ] end=20480 piso=2481664
COUNTS id=[ 256, 21794 ] end=159744 piso=2260480
COUNTS id=[ 256, 21795 ] end=20480 piso=2481664
COUNTS id=[ 256, 21796 ] end=159744 piso=2260480
COUNTS id=[ 256, 21797 ] end=1511424 piso=9520640
COUNTS id=[ 256, 21798 ] end=462848 piso=3438080
COUNTS id=[ 256, 21799 ] end=200704 piso=4212224
COUNTS id=[ 256, 21800 ] end=462848 piso=3438080
COUNTS id=[ 256, 21801 ] end=1511424 piso=9520640
COUNTS id=[ 256, 21802 ] end=200704 piso=4212224
COUNTS id=[ 256, 21803 ] end=462848 piso=3323392
COUNTS id=[ 256, 21804 ] end=692224 piso=4539904
COUNTS id=[ 256, 21805 ] end=692224 piso=4539904
COUNTS id=[ 256, 21806 ] end=462848 piso=3323392
COUNTS id=[ 256, 21807 ] end=823296 piso=5246464
COUNTS id=[ 256, 21808 ] end=233472 piso=3083776
COUNTS id=[ 256, 21809 ] end=823296 piso=5246464
COUNTS id=[ 256, 21810 ] end=233472 piso=3083776
COUNTS id=[ 256, 21811 ] end=167936 piso=1445888
COUNTS id=[ 256, 21812 ] end=184320 piso=1880064
COUNTS id=[ 256, 21813 ] end=184320 piso=1880064
COUNTS id=[ 256, 21814 ] end=159744 piso=1501184
COUNTS id=[ 256, 21815 ] end=167936 piso=4310528
COUNTS id=[ 256, 21816 ] end=69632 piso=2582016
COUNTS id=[ 256, 21817 ] end=167936 piso=4310528
COUNTS id=[ 256, 21818 ] end=69632 piso=2582016
COUNTS id=[ 256, 21819 ] end=36864 piso=2188800
COUNTS id=[ 256, 21820 ] end=36864 piso=2188800
COUNTS id=[ 256, 21821 ] end=36864 piso=2123264
COUNTS id=[ 256, 21822 ] end=36864 piso=2123264
COUNTS id=[ 256, 21823 ] end=86016 piso=2749952
COUNTS id=[ 256, 21824 ] end=86016 piso=2749952
COUNTS id=[ 256, 21825 ] end=69632 piso=2629120
COUNTS id=[ 256, 21826 ] end=69632 piso=2629120
COUNTS id=[ 256, 21827 ] end=20480 piso=2182656
COUNTS id=[ 256, 21828 ] end=20480 piso=2182656
COUNTS id=[ 256, 21829 ] end=229376 piso=3246080
COUNTS id=[ 256, 21830 ] end=229376 piso=2936832
COUNTS id=[ 256, 21831 ] end=81920 piso=2142208
COUNTS id=[ 256, 21832 ] end=81920 piso=1910784
COUNTS id=[ 256, 21833 ] end=229376 piso=3166208
COUNTS id=[ 256, 21834 ] end=229376 piso=2951168
COUNTS id=[ 256, 21835 ] end=81920 piso=2205696
COUNTS id=[ 256, 21836 ] end=81920 piso=1896448
PROGRESS checked=800 hits=0 reversed=0 runtime_ms=2020535
COUNTS id=[ 256, 21837 ] end=229376 piso=3024896
COUNTS id=[ 256, 21838 ] end=229376 piso=3043328
COUNTS id=[ 256, 21839 ] end=81920 piso=1986560
COUNTS id=[ 256, 21840 ] end=81920 piso=1951744
COUNTS id=[ 256, 21841 ] end=229376 piso=3043328
COUNTS id=[ 256, 21842 ] end=229376 piso=2967552
COUNTS id=[ 256, 21843 ] end=81920 piso=1968128
COUNTS id=[ 256, 21844 ] end=81920 piso=2027520
COUNTS id=[ 256, 21845 ] end=229376 piso=2906112
COUNTS id=[ 256, 21846 ] end=229376 piso=2830336
COUNTS id=[ 256, 21847 ] end=81920 piso=1830912
COUNTS id=[ 256, 21848 ] end=81920 piso=1890304
COUNTS id=[ 256, 21849 ] end=229376 piso=2887680
COUNTS id=[ 256, 21850 ] end=229376 piso=2906112
COUNTS id=[ 256, 21851 ] end=81920 piso=1849344
COUNTS id=[ 256, 21852 ] end=81920 piso=1814528
COUNTS id=[ 256, 21853 ] end=229376 piso=2996224
COUNTS id=[ 256, 21854 ] end=229376 piso=2813952
COUNTS id=[ 256, 21855 ] end=81920 piso=2035712
COUNTS id=[ 256, 21856 ] end=81920 piso=1759232
COUNTS id=[ 256, 21857 ] end=229376 piso=3076096
COUNTS id=[ 256, 21858 ] end=229376 piso=2799616
COUNTS id=[ 256, 21859 ] end=81920 piso=1972224
COUNTS id=[ 256, 21860 ] end=81920 piso=1773568
COUNTS id=[ 256, 21861 ] end=512000 piso=5391360
COUNTS id=[ 256, 21862 ] end=151552 piso=2350080
COUNTS id=[ 256, 21863 ] end=86016 piso=2475008
COUNTS id=[ 256, 21864 ] end=282624 piso=2780160
COUNTS id=[ 256, 21865 ] end=348160 piso=3490816
COUNTS id=[ 256, 21866 ] end=282624 piso=3025920
COUNTS id=[ 256, 21867 ] end=184320 piso=2188288
COUNTS id=[ 256, 21868 ] end=151552 piso=1956864
COUNTS id=[ 256, 21869 ] end=315392 piso=3458048
COUNTS id=[ 256, 21870 ] end=282624 piso=3124224
COUNTS id=[ 256, 21871 ] end=151552 piso=1995776
COUNTS id=[ 256, 21872 ] end=151552 piso=1952768
COUNTS id=[ 256, 21873 ] end=446464 piso=5198848
COUNTS id=[ 256, 21874 ] end=151552 piso=2313216
COUNTS id=[ 256, 21875 ] end=20480 piso=2401280
COUNTS id=[ 256, 21876 ] end=282624 piso=2903040
COUNTS id=[ 256, 21877 ] end=151552 piso=2315264
COUNTS id=[ 256, 21878 ] end=446464 piso=5200896
COUNTS id=[ 256, 21879 ] end=282624 piso=2905088
COUNTS id=[ 256, 21880 ] end=20480 piso=2403328
COUNTS id=[ 256, 21881 ] end=282624 piso=3122176
COUNTS id=[ 256, 21882 ] end=315392 piso=3456000
COUNTS id=[ 256, 21883 ] end=151552 piso=1950720
COUNTS id=[ 256, 21884 ] end=151552 piso=1993728
COUNTS id=[ 256, 21885 ] end=282624 piso=3007488
COUNTS id=[ 256, 21886 ] end=315392 piso=3472384
COUNTS id=[ 256, 21887 ] end=151552 piso=1938432
COUNTS id=[ 256, 21888 ] end=151552 piso=2169856
COUNTS id=[ 256, 21889 ] end=151552 piso=2327552
COUNTS id=[ 256, 21890 ] end=446464 piso=5368832
COUNTS id=[ 256, 21891 ] end=282624 piso=2757632
COUNTS id=[ 256, 21892 ] end=20480 piso=2452480
COUNTS id=[ 256, 21893 ] end=524288 piso=5898240
COUNTS id=[ 256, 21894 ] end=425984 piso=4612096
COUNTS id=[ 256, 21895 ] end=729088 piso=8599552
COUNTS id=[ 256, 21896 ] end=253952 piso=3291136
COUNTS id=[ 256, 21897 ] end=286720 piso=3663872
COUNTS id=[ 256, 21898 ] end=253952 piso=2807808
COUNTS id=[ 256, 21899 ] end=147456 piso=3637248
COUNTS id=[ 256, 21900 ] end=425984 piso=4222976
COUNTS id=[ 256, 21901 ] end=425984 piso=4980736
COUNTS id=[ 256, 21902 ] end=491520 piso=5419008
COUNTS id=[ 256, 21903 ] end=253952 piso=3667968
COUNTS id=[ 256, 21904 ] end=663552 piso=8226816
COUNTS id=[ 256, 21905 ] end=253952 piso=3176448
COUNTS id=[ 256, 21906 ] end=253952 piso=2881536
COUNTS id=[ 256, 21907 ] end=425984 piso=4567040
COUNTS id=[ 256, 21908 ] end=81920 piso=2748416
COUNTS id=[ 256, 21909 ] end=663552 piso=8466432
COUNTS id=[ 256, 21910 ] end=253952 piso=3158016
COUNTS id=[ 256, 21911 ] end=491520 piso=5765120
COUNTS id=[ 256, 21912 ] end=425984 piso=4478976
COUNTS id=[ 256, 21913 ] end=81920 piso=3504128
COUNTS id=[ 256, 21914 ] end=425984 piso=4089856
COUNTS id=[ 256, 21915 ] end=253952 piso=3530752
COUNTS id=[ 256, 21916 ] end=253952 piso=2674688
COUNTS id=[ 256, 21917 ] end=253952 piso=3801088
COUNTS id=[ 256, 21918 ] end=663552 piso=8359936
COUNTS id=[ 256, 21919 ] end=425984 piso=5113856
COUNTS id=[ 256, 21920 ] end=491520 piso=5552128
COUNTS id=[ 256, 21921 ] end=425984 piso=4700160
COUNTS id=[ 256, 21922 ] end=81920 piso=2881536
COUNTS id=[ 256, 21923 ] end=253952 piso=3309568
COUNTS id=[ 256, 21924 ] end=253952 piso=3014656
COUNTS id=[ 256, 21925 ] end=190464 piso=1212416
COUNTS id=[ 256, 21926 ] end=407552 piso=3119104
COUNTS id=[ 256, 21927 ] end=47104 piso=1357824
COUNTS id=[ 256, 21928 ] end=407552 piso=3063808
COUNTS id=[ 256, 21929 ] end=47104 piso=1253376
COUNTS id=[ 256, 21930 ] end=190464 piso=1275904
COUNTS id=[ 256, 21931 ] end=200704 piso=2737152
COUNTS id=[ 256, 21932 ] end=151552 piso=2327552
COUNTS id=[ 256, 21933 ] end=94208 piso=2438144
COUNTS id=[ 256, 21934 ] end=45056 piso=1983488
COUNTS id=[ 256, 21935 ] end=94208 piso=2489344
COUNTS id=[ 256, 21936 ] end=45056 piso=1969152
PROGRESS checked=900 hits=0 reversed=0 runtime_ms=2234534
COUNTS id=[ 256, 21937 ] end=200704 piso=2673664
COUNTS id=[ 256, 21938 ] end=151552 piso=2329600
COUNTS id=[ 256, 21939 ] end=151552 piso=2655232
COUNTS id=[ 256, 21940 ] end=200704 piso=2454528
COUNTS id=[ 256, 21941 ] end=45056 piso=2139136
COUNTS id=[ 256, 21942 ] end=94208 piso=2212864
COUNTS id=[ 256, 21943 ] end=45056 piso=2292736
COUNTS id=[ 256, 21944 ] end=94208 piso=2219008
COUNTS id=[ 256, 21945 ] end=151552 piso=2497536
COUNTS id=[ 256, 21946 ] end=200704 piso=2460672
COUNTS id=[ 256, 21947 ] end=200704 piso=2462720
COUNTS id=[ 256, 21948 ] end=151552 piso=2499584
COUNTS id=[ 256, 21949 ] end=94208 piso=2221056
COUNTS id=[ 256, 21950 ] end=45056 piso=2294784
COUNTS id=[ 256, 21951 ] end=94208 piso=2214912
COUNTS id=[ 256, 21952 ] end=45056 piso=2141184
COUNTS id=[ 256, 21953 ] end=200704 piso=2456576
COUNTS id=[ 256, 21954 ] end=151552 piso=2657280
COUNTS id=[ 256, 21955 ] end=151552 piso=2315264
COUNTS id=[ 256, 21956 ] end=200704 piso=2610176
COUNTS id=[ 256, 21957 ] end=45056 piso=1954816
COUNTS id=[ 256, 21958 ] end=94208 piso=2425856
COUNTS id=[ 256, 21959 ] end=45056 piso=1969152
COUNTS id=[ 256, 21960 ] end=94208 piso=2374656
COUNTS id=[ 256, 21961 ] end=151552 piso=2313216
COUNTS id=[ 256, 21962 ] end=200704 piso=2673664
COUNTS id=[ 256, 21963 ] end=409600 piso=4801024
COUNTS id=[ 256, 21964 ] end=376832 piso=4481536
COUNTS id=[ 256, 21965 ] end=114688 piso=2703872
COUNTS id=[ 256, 21966 ] end=81920 piso=2150912
COUNTS id=[ 256, 21967 ] end=245760 piso=3387904
COUNTS id=[ 256, 21968 ] end=229376 piso=2986496
COUNTS id=[ 256, 21969 ] end=245760 piso=2945536
COUNTS id=[ 256, 21970 ] end=229376 piso=2466304
COUNTS id=[ 256, 21971 ] end=376832 piso=4598272
COUNTS id=[ 256, 21972 ] end=376832 piso=4696576
COUNTS id=[ 256, 21973 ] end=81920 piso=2222592
COUNTS id=[ 256, 21974 ] end=81920 piso=2619904
COUNTS id=[ 256, 21975 ] end=229376 piso=3082752
COUNTS id=[ 256, 21976 ] end=229376 piso=3295744
COUNTS id=[ 256, 21977 ] end=229376 piso=2574848
COUNTS id=[ 256, 21978 ] end=229376 piso=2849280
COUNTS id=[ 256, 21979 ] end=376832 piso=4465152
COUNTS id=[ 256, 21980 ] end=376832 piso=4563456
COUNTS id=[ 256, 21981 ] end=81920 piso=2089472
COUNTS id=[ 256, 21982 ] end=81920 piso=2486784
COUNTS id=[ 256, 21983 ] end=229376 piso=2949632
COUNTS id=[ 256, 21984 ] end=229376 piso=3162624
COUNTS id=[ 256, 21985 ] end=229376 piso=2441728
COUNTS id=[ 256, 21986 ] end=229376 piso=2716160
COUNTS id=[ 256, 21987 ] end=376832 piso=4667904
COUNTS id=[ 256, 21988 ] end=376832 piso=4348416
COUNTS id=[ 256, 21989 ] end=81920 piso=2570752
COUNTS id=[ 256, 21990 ] end=81920 piso=2017792
COUNTS id=[ 256, 21991 ] end=229376 piso=3254784
COUNTS id=[ 256, 21992 ] end=229376 piso=2853376
COUNTS id=[ 256, 21993 ] end=229376 piso=2812416
COUNTS id=[ 256, 21994 ] end=229376 piso=2333184
COUNTS id=[ 256, 21995 ] end=315392 piso=3668480
COUNTS id=[ 256, 21996 ] end=151552 piso=2161152
COUNTS id=[ 256, 21997 ] end=20480 piso=2214400
COUNTS id=[ 256, 21998 ] end=151552 piso=1833472
COUNTS id=[ 256, 21999 ] end=315392 piso=3602944
COUNTS id=[ 256, 22000 ] end=151552 piso=2161152
COUNTS id=[ 256, 22001 ] end=20480 piso=2279936
COUNTS id=[ 256, 22002 ] end=151552 piso=1833472
COUNTS id=[ 256, 22003 ] end=315392 piso=3441152
COUNTS id=[ 256, 22004 ] end=151552 piso=2298368
COUNTS id=[ 256, 22005 ] end=20480 piso=2040320
COUNTS id=[ 256, 22006 ] end=151552 piso=1933824
COUNTS id=[ 256, 22007 ] end=315392 piso=3441152
COUNTS id=[ 256, 22008 ] end=151552 piso=2232832
COUNTS id=[ 256, 22009 ] end=20480 piso=2040320
COUNTS id=[ 256, 22010 ] end=151552 piso=1999360
COUNTS id=[ 256, 22011 ] end=151552 piso=2230784
COUNTS id=[ 256, 22012 ] end=315392 piso=3439104
COUNTS id=[ 256, 22013 ] end=151552 piso=1997312
COUNTS id=[ 256, 22014 ] end=20480 piso=2038272
COUNTS id=[ 256, 22015 ] end=151552 piso=2296320
COUNTS id=[ 256, 22016 ] end=315392 piso=3439104
COUNTS id=[ 256, 22017 ] end=151552 piso=1931776
COUNTS id=[ 256, 22018 ] end=20480 piso=2038272
COUNTS id=[ 256, 22019 ] end=151552 piso=2142720
COUNTS id=[ 256, 22020 ] end=315392 piso=3584512
COUNTS id=[ 256, 22021 ] end=151552 piso=1815040
COUNTS id=[ 256, 22022 ] end=20480 piso=2261504
COUNTS id=[ 256, 22023 ] end=151552 piso=2142720
COUNTS id=[ 256, 22024 ] end=315392 piso=3650048
COUNTS id=[ 256, 22025 ] end=151552 piso=1815040
COUNTS id=[ 256, 22026 ] end=20480 piso=2195968
COUNTS id=[ 256, 22027 ] end=409600 piso=5474816
COUNTS id=[ 256, 22028 ] end=229376 piso=2996736
COUNTS id=[ 256, 22029 ] end=81920 piso=2386432
COUNTS id=[ 256, 22030 ] end=229376 piso=2468352
COUNTS id=[ 256, 22031 ] end=409600 piso=5405184
COUNTS id=[ 256, 22032 ] end=229376 piso=2980352
COUNTS id=[ 256, 22033 ] end=81920 piso=2439680
COUNTS id=[ 256, 22034 ] end=229376 piso=2484736
COUNTS id=[ 256, 22035 ] end=409600 piso=5353984
COUNTS id=[ 256, 22036 ] end=229376 piso=3101184
PROGRESS checked=1000 hits=0 reversed=0 runtime_ms=2438299
COUNTS id=[ 256, 22037 ] end=81920 piso=2236928
COUNTS id=[ 256, 22038 ] end=229376 piso=2560512
COUNTS id=[ 256, 22039 ] end=409600 piso=5337600
COUNTS id=[ 256, 22040 ] end=229376 piso=3023360
COUNTS id=[ 256, 22041 ] end=81920 piso=2253312
COUNTS id=[ 256, 22042 ] end=229376 piso=2613760
COUNTS id=[ 256, 22043 ] end=229376 piso=2890240
COUNTS id=[ 256, 22044 ] end=409600 piso=5204480
COUNTS id=[ 256, 22045 ] end=229376 piso=2480640
COUNTS id=[ 256, 22046 ] end=81920 piso=2120192
COUNTS id=[ 256, 22047 ] end=229376 piso=2968064
COUNTS id=[ 256, 22048 ] end=409600 piso=5220864
COUNTS id=[ 256, 22049 ] end=229376 piso=2427392
COUNTS id=[ 256, 22050 ] end=81920 piso=2103808
COUNTS id=[ 256, 22051 ] end=229376 piso=2847232
COUNTS id=[ 256, 22052 ] end=409600 piso=5272064
COUNTS id=[ 256, 22053 ] end=229376 piso=2351616
COUNTS id=[ 256, 22054 ] end=81920 piso=2306560
COUNTS id=[ 256, 22055 ] end=229376 piso=2863616
COUNTS id=[ 256, 22056 ] end=409600 piso=5341696
COUNTS id=[ 256, 22057 ] end=229376 piso=2335232
COUNTS id=[ 256, 22058 ] end=81920 piso=2253312
COUNTS id=[ 256, 22059 ] end=315392 piso=3461632
COUNTS id=[ 256, 22060 ] end=282624 piso=3101184
COUNTS id=[ 256, 22061 ] end=53248 piso=2540032
COUNTS id=[ 256, 22062 ] end=20480 piso=2015744
COUNTS id=[ 256, 22063 ] end=167936 piso=2564608
COUNTS id=[ 256, 22064 ] end=151552 piso=2191872
COUNTS id=[ 256, 22065 ] end=167936 piso=2302464
COUNTS id=[ 256, 22066 ] end=151552 piso=1823232
COUNTS id=[ 256, 22067 ] end=282624 piso=3242496
COUNTS id=[ 256, 22068 ] end=282624 piso=3283456
COUNTS id=[ 256, 22069 ] end=20480 piso=2484736
COUNTS id=[ 256, 22070 ] end=20480 piso=2042368
COUNTS id=[ 256, 22071 ] end=151552 piso=2513408
COUNTS id=[ 256, 22072 ] end=151552 piso=2222592
COUNTS id=[ 256, 22073 ] end=151552 piso=2112000
COUNTS id=[ 256, 22074 ] end=151552 piso=1993216
COUNTS id=[ 256, 22075 ] end=282624 piso=3240448
COUNTS id=[ 256, 22076 ] end=282624 piso=3281408
COUNTS id=[ 256, 22077 ] end=20480 piso=2482688
COUNTS id=[ 256, 22078 ] end=20480 piso=2040320
COUNTS id=[ 256, 22079 ] end=151552 piso=2511360
COUNTS id=[ 256, 22080 ] end=151552 piso=2220544
COUNTS id=[ 256, 22081 ] end=151552 piso=2109952
COUNTS id=[ 256, 22082 ] end=151552 piso=1991168
COUNTS id=[ 256, 22083 ] end=282624 piso=3443200
COUNTS id=[ 256, 22084 ] end=282624 piso=3082752
COUNTS id=[ 256, 22085 ] end=20480 piso=2521600
COUNTS id=[ 256, 22086 ] end=20480 piso=1997312
COUNTS id=[ 256, 22087 ] end=151552 piso=2546176
COUNTS id=[ 256, 22088 ] end=151552 piso=2173440
COUNTS id=[ 256, 22089 ] end=151552 piso=2284032
COUNTS id=[ 256, 22090 ] end=151552 piso=1804800
COUNTS id=[ 256, 22091 ] end=2228224 piso=140421120
COUNTS id=[ 256, 22092 ] end=2228224 piso=140075008
COUNTS id=[ 256, 22093 ] end=131072 piso=20228096
COUNTS id=[ 256, 22094 ] end=131072 piso=17702912
COUNTS id=[ 256, 22095 ] end=344064 piso=5523456
COUNTS id=[ 256, 22096 ] end=344064 piso=5038080
COUNTS id=[ 256, 22097 ] end=2228224 piso=140421120
COUNTS id=[ 256, 22098 ] end=2228224 piso=140075008
COUNTS id=[ 256, 22099 ] end=131072 piso=20228096
COUNTS id=[ 256, 22100 ] end=131072 piso=17702912
COUNTS id=[ 256, 22101 ] end=344064 piso=5523456
COUNTS id=[ 256, 22102 ] end=344064 piso=5038080
COUNTS id=[ 256, 22103 ] end=2195456 piso=136419328
COUNTS id=[ 256, 22104 ] end=2195456 piso=136429568
COUNTS id=[ 256, 22105 ] end=98304 piso=14587904
COUNTS id=[ 256, 22106 ] end=98304 piso=16809984
COUNTS id=[ 256, 22107 ] end=327680 piso=5068800
COUNTS id=[ 256, 22108 ] end=327680 piso=5201920
COUNTS id=[ 256, 22109 ] end=364544 piso=5572608
COUNTS id=[ 256, 22110 ] end=184320 piso=2816000
COUNTS id=[ 256, 22111 ] end=69632 piso=3303424
COUNTS id=[ 256, 22112 ] end=364544 piso=5040128
COUNTS id=[ 256, 22113 ] end=184320 piso=2414592
COUNTS id=[ 256, 22114 ] end=69632 piso=2656256
COUNTS id=[ 256, 22115 ] end=364544 piso=5040128
COUNTS id=[ 256, 22116 ] end=184320 piso=2414592
COUNTS id=[ 256, 22117 ] end=69632 piso=2656256
COUNTS id=[ 256, 22118 ] end=364544 piso=5572608
COUNTS id=[ 256, 22119 ] end=184320 piso=2816000
COUNTS id=[ 256, 22120 ] end=69632 piso=3303424
COUNTS id=[ 256, 22121 ] end=331776 piso=4321280
COUNTS id=[ 256, 22122 ] end=167936 piso=2359296
COUNTS id=[ 256, 22123 ] end=36864 piso=2273280
COUNTS id=[ 256, 22124 ] end=331776 piso=4321280
COUNTS id=[ 256, 22125 ] end=167936 piso=2359296
COUNTS id=[ 256, 22126 ] end=36864 piso=2273280
COUNTS id=[ 256, 22127 ] end=528384 piso=9857024
COUNTS id=[ 256, 22128 ] end=241664 piso=2947072
COUNTS id=[ 256, 22129 ] end=282624 piso=8816640
COUNTS id=[ 256, 22130 ] end=339968 piso=3938304
COUNTS id=[ 256, 22131 ] end=430080 piso=5769216
COUNTS id=[ 256, 22132 ] end=184320 piso=3500032
COUNTS id=[ 256, 22133 ] end=528384 piso=6187008
COUNTS id=[ 256, 22134 ] end=241664 piso=2914304
COUNTS id=[ 256, 22135 ] end=282624 piso=4655104
COUNTS id=[ 256, 22136 ] end=339968 piso=7116800
PROGRESS checked=1100 hits=0 reversed=0 runtime_ms=2654877
COUNTS id=[ 256, 22137 ] end=430080 piso=5736448
COUNTS id=[ 256, 22138 ] end=184320 piso=3467264
COUNTS id=[ 256, 22139 ] end=241664 piso=2963456
COUNTS id=[ 256, 22140 ] end=380928 piso=4728832
COUNTS id=[ 256, 22141 ] end=135168 piso=3131392
COUNTS id=[ 256, 22142 ] end=55296 piso=602112
COUNTS id=[ 256, 22143 ] end=55296 piso=602112
COUNTS id=[ 256, 22144 ] end=311296 piso=5268992
COUNTS id=[ 256, 22145 ] end=311296 piso=5268992
COUNTS id=[ 256, 22146 ] end=114688 piso=3495424
COUNTS id=[ 256, 22147 ] end=196608 piso=4113920
COUNTS id=[ 256, 22148 ] end=196608 piso=4113920
COUNTS id=[ 256, 22149 ] end=229376 piso=4859392
COUNTS id=[ 256, 22150 ] end=311296 piso=4826624
COUNTS id=[ 256, 22151 ] end=311296 piso=4826624
COUNTS id=[ 256, 22152 ] end=114688 piso=3102208
COUNTS id=[ 256, 22153 ] end=196608 piso=3671552
COUNTS id=[ 256, 22154 ] end=196608 piso=3671552
COUNTS id=[ 256, 22155 ] end=229376 piso=4466176
COUNTS id=[ 256, 22156 ] end=229376 piso=3227136
COUNTS id=[ 256, 22157 ] end=229376 piso=3227136
COUNTS id=[ 256, 22158 ] end=163840 piso=2371072
COUNTS id=[ 256, 22159 ] end=163840 piso=2371072
COUNTS id=[ 256, 22160 ] end=114688 piso=2244096
COUNTS id=[ 256, 22161 ] end=114688 piso=2244096
COUNTS id=[ 256, 22162 ] end=278528 piso=3218944
COUNTS id=[ 256, 22163 ] end=278528 piso=3218944
COUNTS id=[ 256, 22164 ] end=118784 piso=3295232
COUNTS id=[ 256, 22165 ] end=118784 piso=3295232
COUNTS id=[ 256, 22166 ] end=118784 piso=3328000
COUNTS id=[ 256, 22167 ] end=118784 piso=3328000
COUNTS id=[ 256, 22168 ] end=20480 piso=2179072
COUNTS id=[ 256, 22169 ] end=86016 piso=2525184
COUNTS id=[ 256, 22170 ] end=86016 piso=2525184
COUNTS id=[ 256, 22171 ] end=36864 piso=2785280
COUNTS id=[ 256, 22172 ] end=36864 piso=2785280
COUNTS id=[ 256, 22173 ] end=36864 piso=2283520
COUNTS id=[ 256, 22174 ] end=36864 piso=2283520
COUNTS id=[ 256, 22175 ] end=69632 piso=2056192
COUNTS id=[ 256, 22176 ] end=20480 piso=2193408
COUNTS id=[ 256, 22177 ] end=69632 piso=2056192
COUNTS id=[ 256, 22178 ] end=364544 piso=5662720
COUNTS id=[ 256, 22179 ] end=118784 piso=3393536
COUNTS id=[ 256, 22180 ] end=364544 piso=5662720
COUNTS id=[ 256, 22181 ] end=118784 piso=3393536
COUNTS id=[ 256, 22182 ] end=176128 piso=2422784
COUNTS id=[ 256, 22183 ] end=331776 piso=4999168
