{"command": ["/project/gap-4.16.1/gap", "-l", "/project/gap-4.16.1", "-q", "-b", "-T", "-m", "128m", "-o", "4g", "-c", "START_ORDER:=384;;END_ORDER:=384;;START_ID:=13313;;END_ID:=13568;;SKIP_ABELIAN:=true;;LOG_ALL:=true;;", "/project/scripts/search_19_20.g"], "source_hashes": {"scripts/search_19_20.g": "7b6a34e9163b58b0248b3c464ae8070783414cd7d14048136dd0e3547b906318", "scripts/lib_19_20.g": "fbcf2d3c4b0648cc1fa87d6e50fc923133d594c029b8430a365caf596ac7ccd5"}}
PARAMETERS start=384 end=384 start_id=13313 end_id=13568 skip_abelian=true log_all=true
ORDER_START order=384 groups=20169
COUNTS id=[ 384, 13313 ] end=104704 piso=1867488
CLOSEST id=[ 384, 13313 ] end=104704 piso=1867488 ratio=58359/3272
COUNTS id=[ 384, 13314 ] end=66304 piso=2369376
COUNTS id=[ 384, 13315 ] end=101632 piso=1835616
COUNTS id=[ 384, 13316 ] end=83968 piso=1198080
CLOSEST id=[ 384, 13316 ] end=83968 piso=1198080 ratio=585/41
COUNTS id=[ 384, 13317 ] end=61440 piso=1972224
COUNTS id=[ 384, 13318 ] end=83968 piso=1195392
CLOSEST id=[ 384, 13318 ] end=83968 piso=1195392 ratio=9339/656
COUNTS id=[ 384, 13319 ] end=28672 piso=1588608
COUNTS id=[ 384, 13320 ] end=44032 piso=991104
COUNTS id=[ 384, 13321 ] end=47104 piso=1133568
COUNTS id=[ 384, 13322 ] end=47104 piso=1087488
COUNTS id=[ 384, 13323 ] end=61440 piso=1926144
COUNTS id=[ 384, 13324 ] end=83968 piso=1152000
CLOSEST id=[ 384, 13324 ] end=83968 piso=1152000 ratio=1125/82
COUNTS id=[ 384, 13325 ] end=44032 piso=978816
COUNTS id=[ 384, 13326 ] end=28672 piso=1576320
COUNTS id=[ 384, 13327 ] end=83968 piso=1183104
COUNTS id=[ 384, 13328 ] end=37120 piso=1286880
COUNTS id=[ 384, 13329 ] end=45312 piso=1744608
COUNTS id=[ 384, 13330 ] end=43264 piso=1348320
COUNTS id=[ 384, 13331 ] end=27904 piso=1220448
COUNTS id=[ 384, 13332 ] end=27904 piso=1029216
COUNTS id=[ 384, 13333 ] end=425984 piso=6709248
COUNTS id=[ 384, 13334 ] end=372736 piso=4546560
CLOSEST id=[ 384, 13334 ] end=372736 piso=4546560 ratio=1110/91
COUNTS id=[ 384, 13335 ] end=292864 piso=3558912
CLOSEST id=[ 384, 13335 ] end=292864 piso=3558912 ratio=6951/572
COUNTS id=[ 384, 13336 ] end=80896 piso=3554688
COUNTS id=[ 384, 13337 ] end=197632 piso=2838912
COUNTS id=[ 384, 13338 ] end=120832 piso=2081664
COUNTS id=[ 384, 13339 ] end=270336 piso=4992000
COUNTS id=[ 384, 13340 ] end=262144 piso=3168768
CLOSEST id=[ 384, 13340 ] end=262144 piso=3168768 ratio=6189/512
COUNTS id=[ 384, 13341 ] end=305152 piso=3283968
CLOSEST id=[ 384, 13341 ] end=305152 piso=3283968 ratio=3207/298
COUNTS id=[ 384, 13342 ] end=80896 piso=1851264
COUNTS id=[ 384, 13343 ] end=59392 piso=2937216
COUNTS id=[ 384, 13344 ] end=126976 piso=2577792
COUNTS id=[ 384, 13345 ] end=66304 piso=1396704
COUNTS id=[ 384, 13346 ] end=37120 piso=1187040
COUNTS id=[ 384, 13347 ] end=520960 piso=5953632
COUNTS id=[ 384, 13348 ] end=112384 piso=2484576
COUNTS id=[ 384, 13349 ] end=1015552 piso=13408992
COUNTS id=[ 384, 13350 ] end=140032 piso=2892000
COUNTS id=[ 384, 13351 ] end=482560 piso=3781344
CLOSEST id=[ 384, 13351 ] end=482560 piso=3781344 ratio=118167/15080
COUNTS id=[ 384, 13352 ] end=73984 piso=1257696
COUNTS id=[ 384, 13353 ] end=482560 piso=3908448
COUNTS id=[ 384, 13354 ] end=70912 piso=1304160
COUNTS id=[ 384, 13355 ] end=127744 piso=3703008
COUNTS id=[ 384, 13356 ] end=255744 piso=9853152
COUNTS id=[ 384, 13357 ] end=45312 piso=3163104
COUNTS id=[ 384, 13358 ] end=27904 piso=2599008
COUNTS id=[ 384, 13359 ] end=66304 piso=1541472
COUNTS id=[ 384, 13360 ] end=126976 piso=1520640
COUNTS id=[ 384, 13361 ] end=25600 piso=1213440
COUNTS id=[ 384, 13362 ] end=62464 piso=1106304
COUNTS id=[ 384, 13363 ] end=56320 piso=1137024
COUNTS id=[ 384, 13364 ] end=22528 piso=1101696
COUNTS id=[ 384, 13365 ] end=90112 piso=1206144
COUNTS id=[ 384, 13366 ] end=102400 piso=1542144
COUNTS id=[ 384, 13367 ] end=56320 piso=1056768
COUNTS id=[ 384, 13368 ] end=93184 piso=1499136
COUNTS id=[ 384, 13369 ] end=25600 piso=1191936
COUNTS id=[ 384, 13370 ] end=68608 piso=1520640
COUNTS id=[ 384, 13371 ] end=56320 piso=1035264
COUNTS id=[ 384, 13372 ] end=90112 piso=1193856
COUNTS id=[ 384, 13373 ] end=22528 piso=1089408
COUNTS id=[ 384, 13374 ] end=62464 piso=1094016
COUNTS id=[ 384, 13375 ] end=56320 piso=1124736
COUNTS id=[ 384, 13376 ] end=40192 piso=1071072
COUNTS id=[ 384, 13377 ] end=64768 piso=1302240
COUNTS id=[ 384, 13378 ] end=43264 piso=1183968
COUNTS id=[ 384, 13379 ] end=851968 piso=8933376
COUNTS id=[ 384, 13380 ] end=316416 piso=3237888
COUNTS id=[ 384, 13381 ] end=872448 piso=8941056
COUNTS id=[ 384, 13382 ] end=261120 piso=3399168
COUNTS id=[ 384, 13383 ] end=540672 piso=4614528
COUNTS id=[ 384, 13384 ] end=165888 piso=2467200
COUNTS id=[ 384, 13385 ] end=599040 piso=5089152
COUNTS id=[ 384, 13386 ] end=95232 piso=2054016
COUNTS id=[ 384, 13387 ] end=710656 piso=8377344
COUNTS id=[ 384, 13388 ] end=741376 piso=8618496
COUNTS id=[ 384, 13389 ] end=240640 piso=3076608
COUNTS id=[ 384, 13390 ] end=277504 piso=2866176
COUNTS id=[ 384, 13391 ] end=517120 piso=4849536
COUNTS id=[ 384, 13392 ] end=483328 piso=4224384
COUNTS id=[ 384, 13393 ] end=59392 piso=1814400
COUNTS id=[ 384, 13394 ] end=99328 piso=2212224
COUNTS id=[ 384, 13395 ] end=83200 piso=1509216
COUNTS id=[ 384, 13396 ] end=87808 piso=2146656
COUNTS id=[ 384, 13397 ] end=921856 piso=11324256
COUNTS id=[ 384, 13398 ] end=44800 piso=1693536
COUNTS id=[ 384, 13399 ] end=464128 piso=3525984
CLOSEST id=[ 384, 13399 ] end=464128 piso=3525984 ratio=15741/2072
COUNTS id=[ 384, 13400 ] end=89344 piso=1533792
COUNTS id=[ 384, 13401 ] end=494848 piso=4100448
COUNTS id=[ 384, 13402 ] end=40192 piso=2587488
COUNTS id=[ 384, 13403 ] end=464128 piso=3357408
CLOSEST id=[ 384, 13403 ] end=464128 piso=3357408 ratio=104919/14504
COUNTS id=[ 384, 13404 ] end=78592 piso=1572576
COUNTS id=[ 384, 13405 ] end=61696 piso=1330272
COUNTS id=[ 384, 13406 ] end=40192 piso=1179744
COUNTS id=[ 384, 13407 ] end=40192 piso=1056096
COUNTS id=[ 384, 13408 ] end=40192 piso=996192
COUNTS id=[ 384, 13409 ] end=40192 piso=1068000
COUNTS id=[ 384, 13410 ] end=1083136 piso=13308000
COUNTS id=[ 384, 13411 ] end=496384 piso=5529696
COUNTS id=[ 384, 13412 ] end=579328 piso=5779296
PROGRESS checked=100 hits=0 reversed=0 runtime_ms=272026
COUNTS id=[ 384, 13413 ] end=87808 piso=2479968
COUNTS id=[ 384, 13414 ] end=1092352 piso=13108704
COUNTS id=[ 384, 13415 ] end=972544 piso=11684064
COUNTS id=[ 384, 13416 ] end=494848 piso=4106208
COUNTS id=[ 384, 13417 ] end=924928 piso=11351520
COUNTS id=[ 384, 13418 ] end=95488 piso=2254560
COUNTS id=[ 384, 13419 ] end=90880 piso=3392736
COUNTS id=[ 384, 13420 ] end=115456 piso=3650016
COUNTS id=[ 384, 13421 ] end=44800 piso=1504224
COUNTS id=[ 384, 13422 ] end=43264 piso=2877408
COUNTS id=[ 384, 13423 ] end=92416 piso=1729248
COUNTS id=[ 384, 13424 ] end=105472 piso=1477632
COUNTS id=[ 384, 13425 ] end=40960 piso=1361280
COUNTS id=[ 384, 13426 ] end=120832 piso=1963392
COUNTS id=[ 384, 13427 ] end=68608 piso=1156992
COUNTS id=[ 384, 13428 ] end=40960 piso=1234944
COUNTS id=[ 384, 13429 ] end=200704 piso=2942976
COUNTS id=[ 384, 13430 ] end=71680 piso=1456128
COUNTS id=[ 384, 13431 ] end=133120 piso=2921472
COUNTS id=[ 384, 13432 ] end=40960 piso=1213440
COUNTS id=[ 384, 13433 ] end=68608 piso=1144704
COUNTS id=[ 384, 13434 ] end=120832 piso=1951104
COUNTS id=[ 384, 13435 ] end=40960 piso=1348992
COUNTS id=[ 384, 13436 ] end=77056 piso=1544160
COUNTS id=[ 384, 13437 ] end=55552 piso=1339104
COUNTS id=[ 384, 13438 ] end=1490944 piso=20785152
COUNTS id=[ 384, 13439 ] end=296960 piso=3188736
COUNTS id=[ 384, 13440 ] end=846848 piso=8437248
COUNTS id=[ 384, 13441 ] end=1037312 piso=12684672
COUNTS id=[ 384, 13442 ] end=146432 piso=2457984
COUNTS id=[ 384, 13443 ] end=573440 piso=4674432
COUNTS id=[ 384, 13444 ] end=1208320 piso=19946496
COUNTS id=[ 384, 13445 ] end=719872 piso=8114688
COUNTS id=[ 384, 13446 ] end=262144 piso=2804736
COUNTS id=[ 384, 13447 ] end=495616 piso=4437888
COUNTS id=[ 384, 13448 ] end=931840 piso=12061056
COUNTS id=[ 384, 13449 ] end=83968 piso=2190720
COUNTS id=[ 384, 13450 ] end=485632 piso=4178016
COUNTS id=[ 384, 13451 ] end=101632 piso=1878624
COUNTS id=[ 384, 13452 ] end=934144 piso=11897952
COUNTS id=[ 384, 13453 ] end=57088 piso=1884768
COUNTS id=[ 384, 13454 ] end=476416 piso=3699168
COUNTS id=[ 384, 13455 ] end=73984 piso=1581408
COUNTS id=[ 384, 13456 ] end=52480 piso=1233504
COUNTS id=[ 384, 13457 ] end=1502464 piso=24183648
COUNTS id=[ 384, 13458 ] end=1121536 piso=14373600
COUNTS id=[ 384, 13459 ] end=507136 piso=4605408
COUNTS id=[ 384, 13460 ] end=937216 piso=11931360
COUNTS id=[ 384, 13461 ] end=116992 piso=2870880
COUNTS id=[ 384, 13462 ] end=57088 piso=1675488
COUNTS id=[ 384, 13463 ] end=113920 piso=2511840
COUNTS id=[ 384, 13464 ] end=47104 piso=1096704
COUNTS id=[ 384, 13465 ] end=83968 piso=1201536
COUNTS id=[ 384, 13466 ] end=28672 piso=1594752
COUNTS id=[ 384, 13467 ] end=44032 piso=997248
COUNTS id=[ 384, 13468 ] end=83968 piso=1161216
COUNTS id=[ 384, 13469 ] end=40960 piso=1935360
COUNTS id=[ 384, 13470 ] end=47104 piso=1075200
COUNTS id=[ 384, 13471 ] end=40960 piso=1913856
COUNTS id=[ 384, 13472 ] end=83968 piso=1139712
COUNTS id=[ 384, 13473 ] end=44032 piso=984960
COUNTS id=[ 384, 13474 ] end=28672 piso=1582464
COUNTS id=[ 384, 13475 ] end=83968 piso=1189248
COUNTS id=[ 384, 13476 ] end=30976 piso=1151712
COUNTS id=[ 384, 13477 ] end=30976 piso=1158624
COUNTS id=[ 384, 13478 ] end=319488 piso=5818368
COUNTS id=[ 384, 13479 ] end=348160 piso=3655680
COUNTS id=[ 384, 13480 ] end=286720 piso=3479040
COUNTS id=[ 384, 13481 ] end=80896 piso=3566976
COUNTS id=[ 384, 13482 ] end=197632 piso=2851200
COUNTS id=[ 384, 13483 ] end=120832 piso=2093952
COUNTS id=[ 384, 13484 ] end=249856 piso=4979712
COUNTS id=[ 384, 13485 ] end=262144 piso=3156480
COUNTS id=[ 384, 13486 ] end=305152 piso=3271680
COUNTS id=[ 384, 13487 ] end=80896 piso=1857408
COUNTS id=[ 384, 13488 ] end=59392 piso=2943360
COUNTS id=[ 384, 13489 ] end=126976 piso=2583936
COUNTS id=[ 384, 13490 ] end=482560 piso=3735648
COUNTS id=[ 384, 13491 ] end=27904 piso=2565216
COUNTS id=[ 384, 13492 ] end=70912 piso=1313376
COUNTS id=[ 384, 13493 ] end=66304 piso=1705056
COUNTS id=[ 384, 13494 ] end=66304 piso=1404384
COUNTS id=[ 384, 13495 ] end=27904 piso=1166688
COUNTS id=[ 384, 13496 ] end=27904 piso=1050720
COUNTS id=[ 384, 13497 ] end=550144 piso=5254752
COUNTS id=[ 384, 13498 ] end=550144 piso=5253600
COUNTS id=[ 384, 13499 ] end=86272 piso=3587808
COUNTS id=[ 384, 13500 ] end=482560 piso=3755232
COUNTS id=[ 384, 13501 ] end=73984 piso=1574880
COUNTS id=[ 384, 13502 ] end=77056 piso=5229408
COUNTS id=[ 384, 13503 ] end=30976 piso=2876640
COUNTS id=[ 384, 13504 ] end=519168 piso=4305408
COUNTS id=[ 384, 13505 ] end=117248 piso=1609728
COUNTS id=[ 384, 13506 ] end=550400 piso=4368000
COUNTS id=[ 384, 13507 ] end=77312 piso=1950336
COUNTS id=[ 384, 13508 ] end=306560 piso=3248256
COUNTS id=[ 384, 13509 ] end=92288 piso=2438784
COUNTS id=[ 384, 13510 ] end=193280 piso=2251776
COUNTS id=[ 384, 13511 ] end=207104 piso=2608128
COUNTS id=[ 384, 13512 ] end=985088 piso=11567616
PROGRESS checked=200 hits=0 reversed=0 runtime_ms=509494
COUNTS id=[ 384, 13513 ] end=98304 piso=1677312
COUNTS id=[ 384, 13514 ] end=529920 piso=4063872
COUNTS id=[ 384, 13515 ] end=284160 piso=3009408
COUNTS id=[ 384, 13516 ] end=172416 piso=2313984
COUNTS id=[ 384, 13517 ] end=403584 piso=5111040
COUNTS id=[ 384, 13518 ] end=79872 piso=3672576
COUNTS id=[ 384, 13519 ] end=139264 piso=1855488
COUNTS id=[ 384, 13520 ] end=97792 piso=1910400
COUNTS id=[ 384, 13521 ] end=114688 piso=2404224
COUNTS id=[ 384, 13522 ] end=217216 piso=2518272
COUNTS id=[ 384, 13523 ] end=19840 piso=3493632
COUNTS id=[ 384, 13524 ] end=592896 piso=7747584
COUNTS id=[ 384, 13525 ] end=52224 piso=1568256
COUNTS id=[ 384, 13526 ] end=463872 piso=5769216
COUNTS id=[ 384, 13527 ] end=156672 piso=2330112
COUNTS id=[ 384, 13528 ] end=479232 piso=3816576
COUNTS id=[ 384, 13529 ] end=73728 piso=1266816
COUNTS id=[ 384, 13530 ] end=101376 piso=1251456
COUNTS id=[ 384, 13531 ] end=79104 piso=1221216
COUNTS id=[ 384, 13532 ] end=54528 piso=1843296
COUNTS id=[ 384, 13533 ] end=403200 piso=7478880
COUNTS id=[ 384, 13534 ] end=48384 piso=1556832
COUNTS id=[ 384, 13535 ] end=228096 piso=3075936
COUNTS id=[ 384, 13536 ] end=60672 piso=2098272
COUNTS id=[ 384, 13537 ] end=186624 piso=3284064
COUNTS id=[ 384, 13538 ] end=65280 piso=1556064
COUNTS id=[ 384, 13539 ] end=705536 piso=8604672
COUNTS id=[ 384, 13540 ] end=70656 piso=1580544
COUNTS id=[ 384, 13541 ] end=482304 piso=5769216
COUNTS id=[ 384, 13542 ] end=218112 piso=3592704
COUNTS id=[ 384, 13543 ] end=470016 piso=3610752
COUNTS id=[ 384, 13544 ] end=64512 piso=1454208
COUNTS id=[ 384, 13545 ] end=98304 piso=3935232
COUNTS id=[ 384, 13546 ] end=43008 piso=1104384
COUNTS id=[ 384, 13547 ] end=86016 piso=1483776
COUNTS id=[ 384, 13548 ] end=49152 piso=3076608
COUNTS id=[ 384, 13549 ] end=70656 piso=1162368
COUNTS id=[ 384, 13550 ] end=33792 piso=1099392
COUNTS id=[ 384, 13551 ] end=190464 piso=3271680
COUNTS id=[ 384, 13552 ] end=43008 piso=1162752
COUNTS id=[ 384, 13553 ] end=110592 piso=1706496
COUNTS id=[ 384, 13554 ] end=86016 piso=1523712
COUNTS id=[ 384, 13555 ] end=67584 piso=1084032
COUNTS id=[ 384, 13556 ] end=1019136 piso=13689696
COUNTS id=[ 384, 13557 ] end=69888 piso=1402464
COUNTS id=[ 384, 13558 ] end=475392 piso=3646176
COUNTS id=[ 384, 13559 ] end=509184 piso=4222176
COUNTS id=[ 384, 13560 ] end=939264 piso=11967840
COUNTS id=[ 384, 13561 ] end=131328 piso=2402400
COUNTS id=[ 384, 13562 ] end=131328 piso=2582112
COUNTS id=[ 384, 13563 ] end=60672 piso=1205088
COUNTS id=[ 384, 13564 ] end=51456 piso=1123296
COUNTS id=[ 384, 13565 ] end=85248 piso=1278432
COUNTS id=[ 384, 13566 ] end=72960 piso=1284192
COUNTS id=[ 384, 13567 ] end=106752 piso=1636704
COUNTS id=[ 384, 13568 ] end=168192 piso=3642720
DONE checked=256 abelian=0 hits=0 reversed=0 skipped_abelian=0 closest=[ 384, 13403 ] min_ratio=104919/14504 runtime_ms=647497
