{"command": ["/project/gap-4.16.1/gap", "-l", "/project/gap-4.16.1", "-q", "-b", "-T", "-m", "128m", "-o", "4g", "-c", "START_ORDER:=288;;END_ORDER:=288;;START_ID:=257;;END_ID:=512;;SKIP_ABELIAN:=true;;LOG_ALL:=true;;", "/project/scripts/search_19_20.g"], "source_hashes": {"scripts/search_19_20.g": "7b6a34e9163b58b0248b3c464ae8070783414cd7d14048136dd0e3547b906318", "scripts/lib_19_20.g": "fbcf2d3c4b0648cc1fa87d6e50fc923133d594c029b8430a365caf596ac7ccd5"}}
PARAMETERS start=288 end=288 start_id=257 end_id=512 skip_abelian=true log_all=true
ORDER_START order=288 groups=1045
COUNTS id=[ 288, 257 ] end=5184 piso=78048
CLOSEST id=[ 288, 257 ] end=5184 piso=78048 ratio=271/18
COUNTS id=[ 288, 258 ] end=2880 piso=36576
CLOSEST id=[ 288, 258 ] end=2880 piso=36576 ratio=127/10
COUNTS id=[ 288, 259 ] end=2880 piso=27936
CLOSEST id=[ 288, 259 ] end=2880 piso=27936 ratio=97/10
COUNTS id=[ 288, 260 ] end=4356 piso=46512
COUNTS id=[ 288, 261 ] end=2628 piso=29808
COUNTS id=[ 288, 262 ] end=2916 piso=27504
CLOSEST id=[ 288, 262 ] end=2916 piso=27504 ratio=764/81
COUNTS id=[ 288, 263 ] end=2340 piso=34992
COUNTS id=[ 288, 264 ] end=4608 piso=91584
COUNTS id=[ 288, 265 ] end=13824 piso=243072
COUNTS id=[ 288, 266 ] end=4320 piso=173664
COUNTS id=[ 288, 267 ] end=5184 piso=174816
COUNTS id=[ 288, 268 ] end=6912 piso=186912
COUNTS id=[ 288, 269 ] end=3168 piso=73440
COUNTS id=[ 288, 270 ] end=4032 piso=71136
COUNTS id=[ 288, 271 ] end=2880 piso=41760
COUNTS id=[ 288, 272 ] end=23936 piso=70272
CLOSEST id=[ 288, 272 ] end=23936 piso=70272 ratio=549/187
COUNTS id=[ 288, 273 ] end=23776 piso=70272
COUNTS id=[ 288, 274 ] end=187204 piso=1079856
COUNTS id=[ 288, 275 ] end=93604 piso=452592
COUNTS id=[ 288, 276 ] end=93316 piso=727344
COUNTS id=[ 288, 277 ] end=186880 piso=373248
CLOSEST id=[ 288, 277 ] end=186880 piso=373248 ratio=729/365
COUNTS id=[ 288, 278 ] end=93568 piso=373248
COUNTS id=[ 288, 279 ] end=93376 piso=285120
COUNTS id=[ 288, 280 ] end=47296 piso=253152
COUNTS id=[ 288, 281 ] end=48512 piso=666144
COUNTS id=[ 288, 282 ] end=47904 piso=287424
COUNTS id=[ 288, 283 ] end=47904 piso=287424
COUNTS id=[ 288, 284 ] end=94240 piso=1124064
COUNTS id=[ 288, 285 ] end=47008 piso=533088
COUNTS id=[ 288, 286 ] end=46720 piso=93312
COUNTS id=[ 288, 287 ] end=23392 piso=93312
COUNTS id=[ 288, 288 ] end=95744 piso=281088
COUNTS id=[ 288, 289 ] end=24256 piso=234432
COUNTS id=[ 288, 290 ] end=95104 piso=281088
COUNTS id=[ 288, 291 ] end=47264 piso=786528
COUNTS id=[ 288, 292 ] end=186656 piso=711360
COUNTS id=[ 288, 293 ] end=186656 piso=711360
COUNTS id=[ 288, 294 ] end=46688 piso=270144
COUNTS id=[ 288, 295 ] end=47872 piso=453312
COUNTS id=[ 288, 296 ] end=94496 piso=1202400
COUNTS id=[ 288, 297 ] end=23648 piso=184896
COUNTS id=[ 288, 298 ] end=94784 piso=1119456
COUNTS id=[ 288, 299 ] end=47552 piso=527328
COUNTS id=[ 288, 300 ] end=47552 piso=379872
COUNTS id=[ 288, 301 ] end=59716 piso=354096
COUNTS id=[ 288, 302 ] end=46756 piso=256752
COUNTS id=[ 288, 303 ] end=59044 piso=339696
COUNTS id=[ 288, 304 ] end=47236 piso=259632
COUNTS id=[ 288, 305 ] end=93440 piso=347328
COUNTS id=[ 288, 306 ] end=191488 piso=3118464
COUNTS id=[ 288, 307 ] end=70176 piso=428256
COUNTS id=[ 288, 308 ] end=93504 piso=515808
COUNTS id=[ 288, 309 ] end=140160 piso=781344
COUNTS id=[ 288, 310 ] end=70048 piso=325728
COUNTS id=[ 288, 311 ] end=93376 piso=412128
COUNTS id=[ 288, 312 ] end=46784 piso=255456
COUNTS id=[ 288, 313 ] end=82944 piso=445824
ABELIAN_SKIPPED id=[ 288, 314 ] reason=known_equality
COUNTS id=[ 288, 315 ] end=31104 piso=41472
CLOSEST id=[ 288, 315 ] end=31104 piso=41472 ratio=4/3
COUNTS id=[ 288, 316 ] end=20736 piso=98496
COUNTS id=[ 288, 317 ] end=31104 piso=209952
COUNTS id=[ 288, 318 ] end=25920 piso=184032
COUNTS id=[ 288, 319 ] end=15552 piso=80352
COUNTS id=[ 288, 320 ] end=23328 piso=184032
COUNTS id=[ 288, 321 ] end=12960 piso=90720
COUNTS id=[ 288, 322 ] end=15552 piso=59616
COUNTS id=[ 288, 323 ] end=15552 piso=36288
COUNTS id=[ 288, 324 ] end=23328 piso=57024
COUNTS id=[ 288, 325 ] end=23328 piso=57024
COUNTS id=[ 288, 326 ] end=7776 piso=25920
ABELIAN_SKIPPED id=[ 288, 327 ] reason=known_equality
COUNTS id=[ 288, 328 ] end=7776 piso=10368
COUNTS id=[ 288, 329 ] end=26244 piso=86832
COUNTS id=[ 288, 330 ] end=13284 piso=40176
COUNTS id=[ 288, 331 ] end=10692 piso=66096
COUNTS id=[ 288, 332 ] end=4960 piso=180288
COUNTS id=[ 288, 333 ] end=5312 piso=200160
COUNTS id=[ 288, 334 ] end=9856 piso=425664
COUNTS id=[ 288, 335 ] end=3472 piso=186264
COUNTS id=[ 288, 336 ] end=8368 piso=341784
COUNTS id=[ 288, 337 ] end=2104 piso=78264
COUNTS id=[ 288, 338 ] end=1768 piso=123192
COUNTS id=[ 288, 339 ] end=2128 piso=67032
COUNTS id=[ 288, 340 ] end=4936 piso=254520
COUNTS id=[ 288, 341 ] end=10624 piso=631296
COUNTS id=[ 288, 342 ] end=6160 piso=616608
COUNTS id=[ 288, 343 ] end=4608 piso=398592
COUNTS id=[ 288, 344 ] end=5184 piso=793440
COUNTS id=[ 288, 345 ] end=6336 piso=196632
COUNTS id=[ 288, 346 ] end=4032 piso=151776
COUNTS id=[ 288, 347 ] end=2016 piso=46296
COUNTS id=[ 288, 348 ] end=2592 piso=80568
COUNTS id=[ 288, 349 ] end=1440 piso=58104
COUNTS id=[ 288, 350 ] end=6147 piso=171648
COUNTS id=[ 288, 351 ] end=6147 piso=103392
COUNTS id=[ 288, 352 ] end=815104 piso=5446656
COUNTS id=[ 288, 353 ] end=1703936 piso=11169792
COUNTS id=[ 288, 354 ] end=2363392 piso=24910848
COUNTS id=[ 288, 355 ] end=160768 piso=1116288
COUNTS id=[ 288, 356 ] end=1757184 piso=22193280
COUNTS id=[ 288, 357 ] end=111616 piso=1204992
COUNTS id=[ 288, 358 ] end=226240 piso=1611360
PROGRESS checked=100 hits=0 reversed=0 runtime_ms=89346
COUNTS id=[ 288, 359 ] end=372736 piso=4028544
COUNTS id=[ 288, 360 ] end=283648 piso=1813248
COUNTS id=[ 288, 361 ] end=58432 piso=1489248
COUNTS id=[ 288, 362 ] end=173056 piso=1185408
COUNTS id=[ 288, 363 ] end=323008 piso=2337120
COUNTS id=[ 288, 364 ] end=38464 piso=1500768
COUNTS id=[ 288, 365 ] end=5373952 piso=12976128
COUNTS id=[ 288, 366 ] end=1282048 piso=9243648
ABELIAN_SKIPPED id=[ 288, 367 ] reason=known_equality
COUNTS id=[ 288, 368 ] end=1216512 piso=2350080
COUNTS id=[ 288, 369 ] end=258048 piso=433152
COUNTS id=[ 288, 370 ] end=119808 piso=125568
CLOSEST id=[ 288, 370 ] end=119808 piso=125568 ratio=109/104
COUNTS id=[ 288, 371 ] end=211392 piso=219744
CLOSEST id=[ 288, 371 ] end=211392 piso=219744 ratio=763/734
COUNTS id=[ 288, 372 ] end=28224 piso=152928
COUNTS id=[ 288, 373 ] end=832 piso=8928
COUNTS id=[ 288, 374 ] end=2432 piso=144000
COUNTS id=[ 288, 375 ] end=3488 piso=250272
COUNTS id=[ 288, 376 ] end=2720 piso=115488
COUNTS id=[ 288, 377 ] end=3200 piso=253152
COUNTS id=[ 288, 378 ] end=2432 piso=125280
COUNTS id=[ 288, 379 ] end=1952 piso=82080
COUNTS id=[ 288, 380 ] end=2624 piso=62784
COUNTS id=[ 288, 381 ] end=1952 piso=47808
COUNTS id=[ 288, 382 ] end=4420 piso=79344
COUNTS id=[ 288, 383 ] end=2212 piso=40752
COUNTS id=[ 288, 384 ] end=3460 piso=67824
COUNTS id=[ 288, 385 ] end=10240 piso=648576
COUNTS id=[ 288, 386 ] end=3328 piso=408096
COUNTS id=[ 288, 387 ] end=2848 piso=150624
COUNTS id=[ 288, 388 ] end=2080 piso=160992
COUNTS id=[ 288, 389 ] end=1600 piso=97056
COUNTS id=[ 288, 390 ] end=4384 piso=93888
COUNTS id=[ 288, 391 ] end=4384 piso=93888
COUNTS id=[ 288, 392 ] end=2816 piso=65088
COUNTS id=[ 288, 393 ] end=4832 piso=92736
COUNTS id=[ 288, 394 ] end=4832 piso=92736
COUNTS id=[ 288, 395 ] end=16000 piso=736128
COUNTS id=[ 288, 396 ] end=1888 piso=63936
COUNTS id=[ 288, 397 ] end=1296 piso=45216
COUNTS id=[ 288, 398 ] end=864 piso=16128
COUNTS id=[ 288, 399 ] end=792 piso=32760
COUNTS id=[ 288, 400 ] end=504 piso=17208
COUNTS id=[ 288, 401 ] end=18472 piso=375840
COUNTS id=[ 288, 402 ] end=14272 piso=124416
COUNTS id=[ 288, 403 ] end=13624 piso=334584
COUNTS id=[ 288, 404 ] end=3256 piso=113976
COUNTS id=[ 288, 405 ] end=5148 piso=245376
COUNTS id=[ 288, 406 ] end=3312 piso=63648
COUNTS id=[ 288, 407 ] end=6192 piso=122112
COUNTS id=[ 288, 408 ] end=1728 piso=28224
COUNTS id=[ 288, 409 ] end=1728 piso=56952
COUNTS id=[ 288, 410 ] end=1008 piso=17208
COUNTS id=[ 288, 411 ] end=6228 piso=526464
COUNTS id=[ 288, 412 ] end=3328 piso=44928
COUNTS id=[ 288, 413 ] end=3040 piso=44928
COUNTS id=[ 288, 414 ] end=8960 piso=78336
COUNTS id=[ 288, 415 ] end=7936 piso=78336
COUNTS id=[ 288, 416 ] end=11744 piso=107712
COUNTS id=[ 288, 417 ] end=11744 piso=107712
COUNTS id=[ 288, 418 ] end=5408 piso=67392
COUNTS id=[ 288, 419 ] end=5408 piso=67392
COUNTS id=[ 288, 420 ] end=5504 piso=56448
COUNTS id=[ 288, 421 ] end=2912 piso=56448
COUNTS id=[ 288, 422 ] end=12416 piso=1039392
COUNTS id=[ 288, 423 ] end=13312 piso=175104
COUNTS id=[ 288, 424 ] end=10688 piso=169920
COUNTS id=[ 288, 425 ] end=7552 piso=175104
COUNTS id=[ 288, 426 ] end=6656 piso=388800
COUNTS id=[ 288, 427 ] end=6080 piso=169920
COUNTS id=[ 288, 428 ] end=6080 piso=421344
COUNTS id=[ 288, 429 ] end=17920 piso=772992
COUNTS id=[ 288, 430 ] end=5664 piso=709344
COUNTS id=[ 288, 431 ] end=4800 piso=190944
COUNTS id=[ 288, 432 ] end=4768 piso=316512
COUNTS id=[ 288, 433 ] end=5056 piso=338400
COUNTS id=[ 288, 434 ] end=12160 piso=458784
COUNTS id=[ 288, 435 ] end=11008 piso=775872
COUNTS id=[ 288, 436 ] end=6976 piso=423648
COUNTS id=[ 288, 437 ] end=36992 piso=251136
COUNTS id=[ 288, 438 ] end=25024 piso=198144
COUNTS id=[ 288, 439 ] end=23872 piso=195840
COUNTS id=[ 288, 440 ] end=32912 piso=462240
COUNTS id=[ 288, 441 ] end=65552 piso=1264608
COUNTS id=[ 288, 442 ] end=32048 piso=623520
COUNTS id=[ 288, 443 ] end=27536 piso=420192
COUNTS id=[ 288, 444 ] end=26624 piso=357696
COUNTS id=[ 288, 445 ] end=51584 piso=894528
COUNTS id=[ 288, 446 ] end=23840 piso=330336
COUNTS id=[ 288, 447 ] end=19856 piso=557280
COUNTS id=[ 288, 448 ] end=4688 piso=321696
COUNTS id=[ 288, 449 ] end=9200 piso=260064
COUNTS id=[ 288, 450 ] end=14720 piso=387648
COUNTS id=[ 288, 451 ] end=8704 piso=116640
COUNTS id=[ 288, 452 ] end=6976 piso=109152
COUNTS id=[ 288, 453 ] end=8704 piso=118944
COUNTS id=[ 288, 454 ] end=10160 piso=224352
COUNTS id=[ 288, 455 ] end=7376 piso=265248
COUNTS id=[ 288, 456 ] end=16400 piso=394272
COUNTS id=[ 288, 457 ] end=8576 piso=182592
COUNTS id=[ 288, 458 ] end=8576 piso=182592
COUNTS id=[ 288, 459 ] end=5408 piso=185184
PROGRESS checked=200 hits=0 reversed=0 runtime_ms=162214
COUNTS id=[ 288, 460 ] end=43520 piso=232704
COUNTS id=[ 288, 461 ] end=14144 piso=150336
COUNTS id=[ 288, 462 ] end=5504 piso=122400
COUNTS id=[ 288, 463 ] end=5504 piso=122400
COUNTS id=[ 288, 464 ] end=52736 piso=479232
COUNTS id=[ 288, 465 ] end=9920 piso=194976
COUNTS id=[ 288, 466 ] end=33152 piso=417024
COUNTS id=[ 288, 467 ] end=18176 piso=154368
COUNTS id=[ 288, 468 ] end=47360 piso=451584
COUNTS id=[ 288, 469 ] end=50752 piso=469440
COUNTS id=[ 288, 470 ] end=6976 piso=126144
COUNTS id=[ 288, 471 ] end=10720 piso=198432
COUNTS id=[ 288, 472 ] end=69952 piso=1372608
COUNTS id=[ 288, 473 ] end=42976 piso=1073376
COUNTS id=[ 288, 474 ] end=25408 piso=221760
COUNTS id=[ 288, 475 ] end=6112 piso=147744
COUNTS id=[ 288, 476 ] end=26176 piso=539712
COUNTS id=[ 288, 477 ] end=10432 piso=218304
COUNTS id=[ 288, 478 ] end=16672 piso=295200
COUNTS id=[ 288, 479 ] end=6112 piso=465120
COUNTS id=[ 288, 480 ] end=57664 piso=1090368
COUNTS id=[ 288, 481 ] end=11296 piso=237600
COUNTS id=[ 288, 482 ] end=41536 piso=310464
COUNTS id=[ 288, 483 ] end=27712 piso=621504
COUNTS id=[ 288, 484 ] end=32000 piso=419328
COUNTS id=[ 288, 485 ] end=20480 piso=404064
COUNTS id=[ 288, 486 ] end=22784 piso=506592
COUNTS id=[ 288, 487 ] end=28480 piso=457344
COUNTS id=[ 288, 488 ] end=59968 piso=907776
COUNTS id=[ 288, 489 ] end=29696 piso=339840
COUNTS id=[ 288, 490 ] end=32000 piso=400608
COUNTS id=[ 288, 491 ] end=31232 piso=443232
COUNTS id=[ 288, 492 ] end=27392 piso=591840
COUNTS id=[ 288, 493 ] end=8128 piso=338688
COUNTS id=[ 288, 494 ] end=8128 piso=317952
COUNTS id=[ 288, 495 ] end=9280 piso=334080
COUNTS id=[ 288, 496 ] end=21952 piso=383904
COUNTS id=[ 288, 497 ] end=48128 piso=549504
COUNTS id=[ 288, 498 ] end=24640 piso=438912
COUNTS id=[ 288, 499 ] end=17152 piso=345312
COUNTS id=[ 288, 500 ] end=29248 piso=534528
COUNTS id=[ 288, 501 ] end=22336 piso=527616
COUNTS id=[ 288, 502 ] end=22336 piso=452736
COUNTS id=[ 288, 503 ] end=29696 piso=309888
COUNTS id=[ 288, 504 ] end=14464 piso=309600
COUNTS id=[ 288, 505 ] end=25216 piso=533088
COUNTS id=[ 288, 506 ] end=8512 piso=251424
COUNTS id=[ 288, 507 ] end=10816 piso=274464
COUNTS id=[ 288, 508 ] end=26176 piso=622080
COUNTS id=[ 288, 509 ] end=8512 piso=266400
COUNTS id=[ 288, 510 ] end=8512 piso=266400
COUNTS id=[ 288, 511 ] end=25408 piso=391680
COUNTS id=[ 288, 512 ] end=57664 piso=1188864
DONE checked=253 abelian=0 hits=0 reversed=0 skipped_abelian=3 closest=[ 288, 371 ] min_ratio=763/734 runtime_ms=202753
