{"command": ["/project/gap-4.16.1/gap", "-l", "/project/gap-4.16.1", "-q", "-b", "-T", "-m", "128m", "-o", "4g", "-c", "START_ORDER:=384;;END_ORDER:=384;;START_ID:=18177;;END_ID:=18432;;SKIP_ABELIAN:=true;;LOG_ALL:=true;;", "/project/scripts/search_19_20.g"], "source_hashes": {"scripts/search_19_20.g": "7b6a34e9163b58b0248b3c464ae8070783414cd7d14048136dd0e3547b906318", "scripts/lib_19_20.g": "fbcf2d3c4b0648cc1fa87d6e50fc923133d594c029b8430a365caf596ac7ccd5"}}
PARAMETERS start=384 end=384 start_id=18177 end_id=18432 skip_abelian=true log_all=true
ORDER_START order=384 groups=20169
COUNTS id=[ 384, 18177 ] end=26880 piso=2660424
CLOSEST id=[ 384, 18177 ] end=26880 piso=2660424 ratio=110851/1120
COUNTS id=[ 384, 18178 ] end=15360 piso=1566984
COUNTS id=[ 384, 18179 ] end=16128 piso=1701960
COUNTS id=[ 384, 18180 ] end=23040 piso=2847432
COUNTS id=[ 384, 18181 ] end=56832 piso=21547848
COUNTS id=[ 384, 18182 ] end=32256 piso=6649800
COUNTS id=[ 384, 18183 ] end=62208 piso=11534472
COUNTS id=[ 384, 18184 ] end=37632 piso=6252552
COUNTS id=[ 384, 18185 ] end=32256 piso=7954440
COUNTS id=[ 384, 18186 ] end=112896 piso=21414984
COUNTS id=[ 384, 18187 ] end=51456 piso=8725320
COUNTS id=[ 384, 18188 ] end=45312 piso=6973896
COUNTS id=[ 384, 18189 ] end=19968 piso=3786888
COUNTS id=[ 384, 18190 ] end=31488 piso=3618888
COUNTS id=[ 384, 18191 ] end=13056 piso=2046024
COUNTS id=[ 384, 18192 ] end=11904 piso=1350216
COUNTS id=[ 384, 18193 ] end=11136 piso=1910472
COUNTS id=[ 384, 18194 ] end=13440 piso=1698888
COUNTS id=[ 384, 18195 ] end=13440 piso=1597704
COUNTS id=[ 384, 18196 ] end=15744 piso=2115720
COUNTS id=[ 384, 18197 ] end=9600 piso=1206024
COUNTS id=[ 384, 18198 ] end=112128 piso=45161472
COUNTS id=[ 384, 18199 ] end=142848 piso=142854144
COUNTS id=[ 384, 18200 ] end=196608 piso=134332416
COUNTS id=[ 384, 18201 ] end=122880 piso=75583488
COUNTS id=[ 384, 18202 ] end=43008 piso=4783872
COUNTS id=[ 384, 18203 ] end=55296 piso=4842504
CLOSEST id=[ 384, 18203 ] end=55296 piso=4842504 ratio=22419/256
COUNTS id=[ 384, 18204 ] end=36864 piso=3896328
COUNTS id=[ 384, 18205 ] end=16896 piso=2899848
COUNTS id=[ 384, 18206 ] end=251904 piso=544418304
COUNTS id=[ 384, 18207 ] end=129024 piso=154578432
COUNTS id=[ 384, 18208 ] end=55296 piso=64946688
COUNTS id=[ 384, 18209 ] end=43008 piso=7890432
COUNTS id=[ 384, 18210 ] end=125952 piso=146146560
COUNTS id=[ 384, 18211 ] end=27648 piso=17282304
COUNTS id=[ 384, 18212 ] end=65280 piso=13764936
COUNTS id=[ 384, 18213 ] end=43776 piso=6306504
COUNTS id=[ 384, 18214 ] end=34560 piso=8116296
COUNTS id=[ 384, 18215 ] end=22272 piso=4255176
COUNTS id=[ 384, 18216 ] end=38400 piso=6568200
COUNTS id=[ 384, 18217 ] end=23040 piso=4923528
COUNTS id=[ 384, 18218 ] end=262176 piso=537722880
COUNTS id=[ 384, 18219 ] end=16512 piso=30881664
COUNTS id=[ 384, 18220 ] end=16512 piso=8330688
COUNTS id=[ 384, 18221 ] end=655440 piso=70980108288
COUNTS id=[ 384, 18222 ] end=114720 piso=44937216
COUNTS id=[ 384, 18223 ] end=163920 piso=699727872
COUNTS id=[ 384, 18224 ] end=40992 piso=3108864
CLOSEST id=[ 384, 18224 ] end=40992 piso=3108864 ratio=32384/427
COUNTS id=[ 384, 18225 ] end=10272 piso=42389376
COUNTS id=[ 384, 18226 ] end=5136 piso=2699136
COUNTS id=[ 384, 18227 ] end=3624 piso=3174528
COUNTS id=[ 384, 18228 ] end=12552 piso=15333312
COUNTS id=[ 384, 18229 ] end=3600 piso=2615616
COUNTS id=[ 384, 18230 ] end=4776 piso=2833344
COUNTS id=[ 384, 18231 ] end=200760 piso=144236544
COUNTS id=[ 384, 18232 ] end=12600 piso=143503296
COUNTS id=[ 384, 18233 ] end=4776 piso=1867200
COUNTS id=[ 384, 18234 ] end=126984 piso=12017664
COUNTS id=[ 384, 18235 ] end=102456 piso=46938624
COUNTS id=[ 384, 18236 ] end=77880 piso=8890368
COUNTS id=[ 384, 18237 ] end=16392 piso=3575808
COUNTS id=[ 384, 18238 ] end=10272 piso=1394688
COUNTS id=[ 384, 18239 ] end=71712 piso=2316288
CLOSEST id=[ 384, 18239 ] end=71712 piso=2316288 ratio=24128/747
COUNTS id=[ 384, 18240 ] end=65664 piso=134344704
COUNTS id=[ 384, 18241 ] end=8256 piso=4797312
COUNTS id=[ 384, 18242 ] end=8256 piso=2903616
COUNTS id=[ 384, 18243 ] end=79691776 piso=309460992
CLOSEST id=[ 384, 18243 ] end=79691776 piso=309460992 ratio=2361/608
COUNTS id=[ 384, 18244 ] end=34078720 piso=81494016
CLOSEST id=[ 384, 18244 ] end=34078720 piso=81494016 ratio=2487/1040
COUNTS id=[ 384, 18245 ] end=38797312 piso=185597952
COUNTS id=[ 384, 18246 ] end=202375168 piso=794296320
COUNTS id=[ 384, 18247 ] end=7340032 piso=41287680
COUNTS id=[ 384, 18248 ] end=1677721600 piso=4831838208
COUNTS id=[ 384, 18249 ] end=243269632 piso=769130496
COUNTS id=[ 384, 18250 ] end=457179136 piso=2539782144
COUNTS id=[ 384, 18251 ] end=265289728 piso=1528823808
COUNTS id=[ 384, 18252 ] end=133169152 piso=428212224
COUNTS id=[ 384, 18253 ] end=8126464 piso=24428544
COUNTS id=[ 384, 18254 ] end=982515712 piso=7545028608
COUNTS id=[ 384, 18255 ] end=24641536 piso=98304000
COUNTS id=[ 384, 18256 ] end=2228224 piso=17676288
COUNTS id=[ 384, 18257 ] end=167772160 piso=800587776
COUNTS id=[ 384, 18258 ] end=362807296 piso=2113536000
COUNTS id=[ 384, 18259 ] end=77594624 piso=875692032
COUNTS id=[ 384, 18260 ] end=162529280 piso=1259864064
COUNTS id=[ 384, 18261 ] end=162529280 piso=877658112
COUNTS id=[ 384, 18262 ] end=49283072 piso=208011264
COUNTS id=[ 384, 18263 ] end=41418752 piso=180436992
COUNTS id=[ 384, 18264 ] end=37191680 piso=133017600
COUNTS id=[ 384, 18265 ] end=3774873600 piso=620287229952
COUNTS id=[ 384, 18266 ] end=163840000 piso=710590464
COUNTS id=[ 384, 18267 ] end=3572498432 piso=638554472448
COUNTS id=[ 384, 18268 ] end=291504128 piso=2440691712
COUNTS id=[ 384, 18269 ] end=156237824 piso=1047527424
COUNTS id=[ 384, 18270 ] end=258473984 piso=1922777088
COUNTS id=[ 384, 18271 ] end=40632320 piso=140673024
COUNTS id=[ 384, 18272 ] end=149258240 piso=718811136
COUNTS id=[ 384, 18273 ] end=40239104 piso=134111232
COUNTS id=[ 384, 18274 ] end=243269632 piso=775421952
COUNTS id=[ 384, 18275 ] end=444596224 piso=2541355008
COUNTS id=[ 384, 18276 ] end=67108864 piso=320471040
PROGRESS checked=100 hits=0 reversed=0 runtime_ms=433480
COUNTS id=[ 384, 18277 ] end=19922944 piso=144703488
COUNTS id=[ 384, 18278 ] end=26214400 piso=157286400
COUNTS id=[ 384, 18279 ] end=120586240 piso=403046400
COUNTS id=[ 384, 18280 ] end=139460608 piso=715653120
COUNTS id=[ 384, 18281 ] end=7340032 piso=42762240
COUNTS id=[ 384, 18282 ] end=4882432 piso=20557824
COUNTS id=[ 384, 18283 ] end=6848512 piso=34713600
COUNTS id=[ 384, 18284 ] end=629145600 piso=3623878656
COUNTS id=[ 384, 18285 ] end=32112640 piso=69500928
CLOSEST id=[ 384, 18285 ] end=32112640 piso=69500928 ratio=303/140
COUNTS id=[ 384, 18286 ] end=406847488 piso=3588882432
COUNTS id=[ 384, 18287 ] end=142606336 piso=861536256
COUNTS id=[ 384, 18288 ] end=136314880 piso=848953344
COUNTS id=[ 384, 18289 ] end=227540992 piso=1651507200
COUNTS id=[ 384, 18290 ] end=20709376 piso=99778560
COUNTS id=[ 384, 18291 ] end=8126464 piso=24133632
COUNTS id=[ 384, 18292 ] end=14712832 piso=79048704
COUNTS id=[ 384, 18293 ] end=11370496 piso=34713600
COUNTS id=[ 384, 18294 ] end=1712128 piso=13449216
COUNTS id=[ 384, 18295 ] end=37224448 piso=101744640
COUNTS id=[ 384, 18296 ] end=15204352 piso=212189184
COUNTS id=[ 384, 18297 ] end=6553600 piso=43253760
COUNTS id=[ 384, 18298 ] end=10878976 piso=189874176
COUNTS id=[ 384, 18299 ] end=2228224 piso=25706496
COUNTS id=[ 384, 18300 ] end=6553600 piso=45514752
COUNTS id=[ 384, 18301 ] end=2031616 piso=25178112
COUNTS id=[ 384, 18302 ] end=4685824 piso=24907776
COUNTS id=[ 384, 18303 ] end=1318912 piso=10219008
COUNTS id=[ 384, 18304 ] end=235929600 piso=777781248
COUNTS id=[ 384, 18305 ] end=238551040 piso=1336000512
COUNTS id=[ 384, 18306 ] end=36044800 piso=82673664
COUNTS id=[ 384, 18307 ] end=17563648 piso=41447424
COUNTS id=[ 384, 18308 ] end=117047296 piso=714178560
COUNTS id=[ 384, 18309 ] end=7929856 piso=28999680
COUNTS id=[ 384, 18310 ] end=242089984 piso=1451114496
COUNTS id=[ 384, 18311 ] end=16580608 piso=73838592
COUNTS id=[ 384, 18312 ] end=15204352 piso=55590912
COUNTS id=[ 384, 18313 ] end=8126464 piso=24526848
COUNTS id=[ 384, 18314 ] end=1589248 piso=9455616
COUNTS id=[ 384, 18315 ] end=108494848 piso=349212672
COUNTS id=[ 384, 18316 ] end=4882432 piso=24121344
COUNTS id=[ 384, 18317 ] end=11370496 piso=40980480
COUNTS id=[ 384, 18318 ] end=11960320 piso=40587264
COUNTS id=[ 384, 18319 ] end=5079040 piso=24317952
COUNTS id=[ 384, 18320 ] end=4667392 piso=12197376
COUNTS id=[ 384, 18321 ] end=7610368 piso=13578240
CLOSEST id=[ 384, 18321 ] end=7610368 piso=13578240 ratio=3315/1858
COUNTS id=[ 384, 18322 ] end=1589248 piso=9652224
COUNTS id=[ 384, 18323 ] end=7929856 piso=15527424
COUNTS id=[ 384, 18324 ] end=32505856 piso=99237888
COUNTS id=[ 384, 18325 ] end=30932992 piso=78938112
COUNTS id=[ 384, 18326 ] end=31424512 piso=59440128
COUNTS id=[ 384, 18327 ] end=5701632 piso=27475968
COUNTS id=[ 384, 18328 ] end=5701632 piso=26738688
COUNTS id=[ 384, 18329 ] end=13139968 piso=91766784
COUNTS id=[ 384, 18330 ] end=11567104 piso=173948928
COUNTS id=[ 384, 18331 ] end=66027520 piso=539836416
COUNTS id=[ 384, 18332 ] end=21790720 piso=120815616
COUNTS id=[ 384, 18333 ] end=2654208 piso=25362432
COUNTS id=[ 384, 18334 ] end=9142272 piso=36175872
COUNTS id=[ 384, 18335 ] end=8945664 piso=34947072
COUNTS id=[ 384, 18336 ] end=6193152 piso=49201152
COUNTS id=[ 384, 18337 ] end=5799936 piso=46399488
COUNTS id=[ 384, 18338 ] end=10125312 piso=38436864
COUNTS id=[ 384, 18339 ] end=3244032 piso=26640384
COUNTS id=[ 384, 18340 ] end=2451456 piso=11902464
COUNTS id=[ 384, 18341 ] end=9732096 piso=36028416
COUNTS id=[ 384, 18342 ] end=6144000 piso=27460608
COUNTS id=[ 384, 18343 ] end=2402304 piso=12619776
COUNTS id=[ 384, 18344 ] end=432537600 piso=2494169088
COUNTS id=[ 384, 18345 ] end=232652800 piso=1277902848
COUNTS id=[ 384, 18346 ] end=112525312 piso=681590784
COUNTS id=[ 384, 18347 ] end=5898240 piso=26836992
COUNTS id=[ 384, 18348 ] end=17956864 piso=91226112
COUNTS id=[ 384, 18349 ] end=109510656 piso=351977472
COUNTS id=[ 384, 18350 ] end=12582912 piso=44924928
COUNTS id=[ 384, 18351 ] end=5898240 piso=22118400
COUNTS id=[ 384, 18352 ] end=8675328 piso=18846720
COUNTS id=[ 384, 18353 ] end=2727936 piso=13372416
COUNTS id=[ 384, 18354 ] end=489586688 piso=5332500480
COUNTS id=[ 384, 18355 ] end=219578368 piso=1299775488
COUNTS id=[ 384, 18356 ] end=218398720 piso=1317961728
COUNTS id=[ 384, 18357 ] end=12746752 piso=83902464
COUNTS id=[ 384, 18358 ] end=18503680 piso=72893952
COUNTS id=[ 384, 18359 ] end=106266624 piso=333398016
COUNTS id=[ 384, 18360 ] end=9142272 piso=34406400
COUNTS id=[ 384, 18361 ] end=8773632 piso=20315136
COUNTS id=[ 384, 18362 ] end=33292288 piso=111559680
COUNTS id=[ 384, 18363 ] end=8650752 piso=16008192
COUNTS id=[ 384, 18364 ] end=2727936 piso=13483008
COUNTS id=[ 384, 18365 ] end=8650752 piso=15505920
COUNTS id=[ 384, 18366 ] end=14997504 piso=32090112
COUNTS id=[ 384, 18367 ] end=43515904 piso=113393664
COUNTS id=[ 384, 18368 ] end=41156608 piso=94175232
COUNTS id=[ 384, 18369 ] end=4489216 piso=45825024
COUNTS id=[ 384, 18370 ] end=35422208 piso=175177728
COUNTS id=[ 384, 18371 ] end=7700480 piso=26345472
COUNTS id=[ 384, 18372 ] end=7307264 piso=24625152
COUNTS id=[ 384, 18373 ] end=6717440 piso=55443456
COUNTS id=[ 384, 18374 ] end=3964928 piso=47284224
COUNTS id=[ 384, 18375 ] end=5537792 piso=49496064
COUNTS id=[ 384, 18376 ] end=20873216 piso=141656064
PROGRESS checked=200 hits=0 reversed=0 runtime_ms=1111052
COUNTS id=[ 384, 18377 ] end=14581760 piso=50036736
COUNTS id=[ 384, 18378 ] end=1046528 piso=13204992
COUNTS id=[ 384, 18379 ] end=1163264 piso=35742720
COUNTS id=[ 384, 18380 ] end=346112 piso=15489024
COUNTS id=[ 384, 18381 ] end=65536000 piso=274857984
COUNTS id=[ 384, 18382 ] end=19529728 piso=183975936
COUNTS id=[ 384, 18383 ] end=10354688 piso=35880960
COUNTS id=[ 384, 18384 ] end=6422528 piso=37355520
COUNTS id=[ 384, 18385 ] end=4063232 piso=23396352
COUNTS id=[ 384, 18386 ] end=10354688 piso=27820032
COUNTS id=[ 384, 18387 ] end=573440 piso=9894912
COUNTS id=[ 384, 18388 ] end=18907136 piso=170409984
COUNTS id=[ 384, 18389 ] end=49774592 piso=469254144
COUNTS id=[ 384, 18390 ] end=7110656 piso=28016640
COUNTS id=[ 384, 18391 ] end=9076736 piso=48218112
COUNTS id=[ 384, 18392 ] end=1992704 piso=20424192
COUNTS id=[ 384, 18393 ] end=696320 piso=11910144
COUNTS id=[ 384, 18394 ] end=2883584 piso=77227008
COUNTS id=[ 384, 18395 ] end=573440 piso=9710592
COUNTS id=[ 384, 18396 ] end=512000 piso=9853440
COUNTS id=[ 384, 18397 ] end=972800 piso=13725696
COUNTS id=[ 384, 18398 ] end=3997696 piso=46900224
COUNTS id=[ 384, 18399 ] end=385024 piso=10146816
COUNTS id=[ 384, 18400 ] end=3364864 piso=24774144
COUNTS id=[ 384, 18401 ] end=772096 piso=11779584
COUNTS id=[ 384, 18402 ] end=495616 piso=12933120
COUNTS id=[ 384, 18403 ] end=2904064 piso=82884096
COUNTS id=[ 384, 18404 ] end=6098944 piso=37602816
COUNTS id=[ 384, 18405 ] end=692224 piso=20313600
COUNTS id=[ 384, 18406 ] end=249856 piso=17856000
COUNTS id=[ 384, 18407 ] end=378880 piso=10673664
COUNTS id=[ 384, 18408 ] end=415744 piso=14409216
COUNTS id=[ 384, 18409 ] end=40960000 piso=102297600
COUNTS id=[ 384, 18410 ] end=21569536 piso=43425792
COUNTS id=[ 384, 18411 ] end=39878656 piso=74793984
COUNTS id=[ 384, 18412 ] end=3997696 piso=21841920
COUNTS id=[ 384, 18413 ] end=3629056 piso=9738240
COUNTS id=[ 384, 18414 ] end=6995968 piso=16352256
COUNTS id=[ 384, 18415 ] end=23554048 piso=84469248
COUNTS id=[ 384, 18416 ] end=6731776 piso=14384640
COUNTS id=[ 384, 18417 ] end=6707200 piso=14264832
COUNTS id=[ 384, 18418 ] end=772096 piso=11893248
COUNTS id=[ 384, 18419 ] end=13078528 piso=29571072
COUNTS id=[ 384, 18420 ] end=569344 piso=13473792
COUNTS id=[ 384, 18421 ] end=1527808 piso=24262656
COUNTS id=[ 384, 18422 ] end=51859456 piso=228742656
COUNTS id=[ 384, 18423 ] end=22441984 piso=66811392
COUNTS id=[ 384, 18424 ] end=13471744 piso=35526144
COUNTS id=[ 384, 18425 ] end=6664192 piso=12633600
COUNTS id=[ 384, 18426 ] end=765952 piso=13653504
COUNTS id=[ 384, 18427 ] end=643072 piso=10335744
COUNTS id=[ 384, 18428 ] end=12974080 piso=22273536
CLOSEST id=[ 384, 18428 ] end=12974080 piso=22273536 ratio=43503/25340
COUNTS id=[ 384, 18429 ] end=1042432 piso=16571904
COUNTS id=[ 384, 18430 ] end=6627328 piso=10939392
CLOSEST id=[ 384, 18430 ] end=6627328 piso=10939392 ratio=10683/6472
COUNTS id=[ 384, 18431 ] end=581632 piso=9704448
COUNTS id=[ 384, 18432 ] end=16875520 piso=45010944
DONE checked=256 abelian=0 hits=0 reversed=0 skipped_abelian=0 closest=[ 384, 18430 ] min_ratio=10683/6472 runtime_ms=1445574
