{"command": ["/project/gap-4.16.1/gap", "-l", "/project/gap-4.16.1", "-q", "-b", "-T", "-m", "128m", "-o", "4g", "-c", "START_ORDER:=384;;END_ORDER:=384;;START_ID:=6401;;END_ID:=6656;;SKIP_ABELIAN:=true;;LOG_ALL:=true;;", "/project/scripts/search_19_20.g"], "source_hashes": {"scripts/search_19_20.g": "7b6a34e9163b58b0248b3c464ae8070783414cd7d14048136dd0e3547b906318", "scripts/lib_19_20.g": "fbcf2d3c4b0648cc1fa87d6e50fc923133d594c029b8430a365caf596ac7ccd5"}}
PARAMETERS start=384 end=384 start_id=6401 end_id=6656 skip_abelian=true log_all=true
ORDER_START order=384 groups=20169
COUNTS id=[ 384, 6401 ] end=1478656 piso=120446976
CLOSEST id=[ 384, 6401 ] end=1478656 piso=120446976 ratio=29406/361
COUNTS id=[ 384, 6402 ] end=1490944 piso=122479104
COUNTS id=[ 384, 6403 ] end=5865472 piso=647308800
COUNTS id=[ 384, 6404 ] end=1441792 piso=128091648
COUNTS id=[ 384, 6405 ] end=1515520 piso=120522240
CLOSEST id=[ 384, 6405 ] end=1515520 piso=120522240 ratio=47079/592
COUNTS id=[ 384, 6406 ] end=1146880 piso=112229376
COUNTS id=[ 384, 6407 ] end=1146880 piso=112229376
COUNTS id=[ 384, 6408 ] end=1146880 piso=112570368
COUNTS id=[ 384, 6409 ] end=1343488 piso=128034816
COUNTS id=[ 384, 6410 ] end=1478656 piso=122648064
COUNTS id=[ 384, 6411 ] end=1146880 piso=112866816
COUNTS id=[ 384, 6412 ] end=1318912 piso=113382912
COUNTS id=[ 384, 6413 ] end=1884160 piso=130295808
CLOSEST id=[ 384, 6413 ] end=1884160 piso=130295808 ratio=63621/920
COUNTS id=[ 384, 6414 ] end=1368064 piso=114134016
COUNTS id=[ 384, 6415 ] end=1368064 piso=114134016
COUNTS id=[ 384, 6416 ] end=1380352 piso=114544128
COUNTS id=[ 384, 6417 ] end=1097728 piso=106278912
COUNTS id=[ 384, 6418 ] end=1122304 piso=106303488
COUNTS id=[ 384, 6419 ] end=1171456 piso=106974720
COUNTS id=[ 384, 6420 ] end=3014656 piso=121251840
CLOSEST id=[ 384, 6420 ] end=3014656 piso=121251840 ratio=59205/1472
COUNTS id=[ 384, 6421 ] end=1540096 piso=109357056
COUNTS id=[ 384, 6422 ] end=1908736 piso=614192640
COUNTS id=[ 384, 6423 ] end=2142208 piso=620003328
COUNTS id=[ 384, 6424 ] end=68157440 piso=618541350912
COUNTS id=[ 384, 6425 ] end=7602176 piso=662937600
COUNTS id=[ 384, 6426 ] end=7700480 piso=664983552
COUNTS id=[ 384, 6427 ] end=1703936 piso=114964992
COUNTS id=[ 384, 6428 ] end=13631488 piso=1905666048
COUNTS id=[ 384, 6429 ] end=5767168 piso=651294720
COUNTS id=[ 384, 6430 ] end=6983680 piso=699076608
COUNTS id=[ 384, 6431 ] end=6639616 piso=693983232
COUNTS id=[ 384, 6432 ] end=1478656 piso=120299520
COUNTS id=[ 384, 6433 ] end=1884160 piso=131526144
COUNTS id=[ 384, 6434 ] end=1847296 piso=129490944
COUNTS id=[ 384, 6435 ] end=1380352 piso=115117056
COUNTS id=[ 384, 6436 ] end=1908736 piso=129455616
COUNTS id=[ 384, 6437 ] end=63287296 piso=618818543616
COUNTS id=[ 384, 6438 ] end=7733248 piso=612544512
COUNTS id=[ 384, 6439 ] end=786432 piso=16601088
CLOSEST id=[ 384, 6439 ] end=786432 piso=16601088 ratio=1351/64
COUNTS id=[ 384, 6440 ] end=1441792 piso=18395136
CLOSEST id=[ 384, 6440 ] end=1441792 piso=18395136 ratio=4491/352
COUNTS id=[ 384, 6441 ] end=1867776 piso=26122752
COUNTS id=[ 384, 6442 ] end=884736 piso=16415232
COUNTS id=[ 384, 6443 ] end=786432 piso=11415552
COUNTS id=[ 384, 6444 ] end=393216 piso=5228544
COUNTS id=[ 384, 6445 ] end=1540096 piso=15126528
CLOSEST id=[ 384, 6445 ] end=1540096 piso=15126528 ratio=3693/376
COUNTS id=[ 384, 6446 ] end=737280 piso=6888960
CLOSEST id=[ 384, 6446 ] end=737280 piso=6888960 ratio=299/32
COUNTS id=[ 384, 6447 ] end=319488 piso=6019584
COUNTS id=[ 384, 6448 ] end=1204224 piso=12458496
COUNTS id=[ 384, 6449 ] end=1572864 piso=20479488
COUNTS id=[ 384, 6450 ] end=737280 piso=9973248
COUNTS id=[ 384, 6451 ] end=675840 piso=6474240
COUNTS id=[ 384, 6452 ] end=2326528 piso=141748224
COUNTS id=[ 384, 6453 ] end=1835008 piso=23304192
COUNTS id=[ 384, 6454 ] end=933888 piso=13326336
COUNTS id=[ 384, 6455 ] end=737280 piso=12244992
COUNTS id=[ 384, 6456 ] end=688128 piso=11962368
COUNTS id=[ 384, 6457 ] end=442368 piso=6359040
COUNTS id=[ 384, 6458 ] end=442368 piso=6162432
COUNTS id=[ 384, 6459 ] end=1204224 piso=15416832
COUNTS id=[ 384, 6460 ] end=1056768 piso=13622784
COUNTS id=[ 384, 6461 ] end=884736 piso=8793600
COUNTS id=[ 384, 6462 ] end=319488 piso=4664832
COUNTS id=[ 384, 6463 ] end=1454080 piso=25279488
COUNTS id=[ 384, 6464 ] end=520192 piso=14459904
COUNTS id=[ 384, 6465 ] end=520192 piso=16177152
COUNTS id=[ 384, 6466 ] end=360448 piso=13023744
COUNTS id=[ 384, 6467 ] end=630784 piso=11819520
COUNTS id=[ 384, 6468 ] end=139264 piso=4950528
COUNTS id=[ 384, 6469 ] end=802816 piso=12544512
COUNTS id=[ 384, 6470 ] end=212992 piso=5614080
COUNTS id=[ 384, 6471 ] end=704512 piso=12318720
COUNTS id=[ 384, 6472 ] end=3653632 piso=319415808
COUNTS id=[ 384, 6473 ] end=200704 piso=10025472
COUNTS id=[ 384, 6474 ] end=385024 piso=6825984
COUNTS id=[ 384, 6475 ] end=778240 piso=15691776
COUNTS id=[ 384, 6476 ] end=139264 piso=6094848
COUNTS id=[ 384, 6477 ] end=237568 piso=12724224
COUNTS id=[ 384, 6478 ] end=188416 piso=12109824
COUNTS id=[ 384, 6479 ] end=348160 piso=7260672
COUNTS id=[ 384, 6480 ] end=593920 piso=11463168
COUNTS id=[ 384, 6481 ] end=335872 piso=6372864
COUNTS id=[ 384, 6482 ] end=593920 piso=9630720
COUNTS id=[ 384, 6483 ] end=335872 piso=6360576
COUNTS id=[ 384, 6484 ] end=176128 piso=12054528
COUNTS id=[ 384, 6485 ] end=3506176 piso=310929408
COUNTS id=[ 384, 6486 ] end=397312 piso=11326464
COUNTS id=[ 384, 6487 ] end=520192 piso=13997568
COUNTS id=[ 384, 6488 ] end=397312 piso=13420032
COUNTS id=[ 384, 6489 ] end=139264 piso=5033472
COUNTS id=[ 384, 6490 ] end=630784 piso=9408000
COUNTS id=[ 384, 6491 ] end=851968 piso=12185088
COUNTS id=[ 384, 6492 ] end=360448 piso=8891904
COUNTS id=[ 384, 6493 ] end=102400 piso=9409536
COUNTS id=[ 384, 6494 ] end=139264 piso=4435968
COUNTS id=[ 384, 6495 ] end=139264 piso=4448256
COUNTS id=[ 384, 6496 ] end=139264 piso=4288512
COUNTS id=[ 384, 6497 ] end=139264 piso=4288512
COUNTS id=[ 384, 6498 ] end=262144 piso=5228544
COUNTS id=[ 384, 6499 ] end=262144 piso=5228544
COUNTS id=[ 384, 6500 ] end=139264 piso=4478976
PROGRESS checked=100 hits=0 reversed=0 runtime_ms=363045
COUNTS id=[ 384, 6501 ] end=139264 piso=4466688
COUNTS id=[ 384, 6502 ] end=372736 piso=10146816
COUNTS id=[ 384, 6503 ] end=102400 piso=9252864
COUNTS id=[ 384, 6504 ] end=311296 piso=9873408
COUNTS id=[ 384, 6505 ] end=335872 piso=5749248
COUNTS id=[ 384, 6506 ] end=102400 piso=4260864
COUNTS id=[ 384, 6507 ] end=102400 piso=4008960
COUNTS id=[ 384, 6508 ] end=311296 piso=5001216
COUNTS id=[ 384, 6509 ] end=1134592 piso=22923264
COUNTS id=[ 384, 6510 ] end=421888 piso=7821312
COUNTS id=[ 384, 6511 ] end=1527808 piso=24907776
COUNTS id=[ 384, 6512 ] end=544768 piso=8908800
COUNTS id=[ 384, 6513 ] end=618496 piso=9831936
COUNTS id=[ 384, 6514 ] end=532480 piso=11827200
COUNTS id=[ 384, 6515 ] end=335872 piso=6345216
COUNTS id=[ 384, 6516 ] end=397312 piso=6796800
COUNTS id=[ 384, 6517 ] end=397312 piso=6796800
COUNTS id=[ 384, 6518 ] end=593920 piso=9291264
COUNTS id=[ 384, 6519 ] end=446464 piso=13390848
COUNTS id=[ 384, 6520 ] end=114688 piso=9265152
COUNTS id=[ 384, 6521 ] end=139264 piso=9351168
COUNTS id=[ 384, 6522 ] end=176128 piso=4342272
COUNTS id=[ 384, 6523 ] end=102400 piso=3932160
COUNTS id=[ 384, 6524 ] end=311296 piso=5936640
COUNTS id=[ 384, 6525 ] end=372736 piso=14999040
COUNTS id=[ 384, 6526 ] end=999424 piso=23342592
COUNTS id=[ 384, 6527 ] end=212992 piso=5426688
COUNTS id=[ 384, 6528 ] end=3653632 piso=312221184
COUNTS id=[ 384, 6529 ] end=311296 piso=12578304
COUNTS id=[ 384, 6530 ] end=409600 piso=7120896
COUNTS id=[ 384, 6531 ] end=163840 piso=6623232
COUNTS id=[ 384, 6532 ] end=163840 piso=9953280
COUNTS id=[ 384, 6533 ] end=606208 piso=12908544
COUNTS id=[ 384, 6534 ] end=385024 piso=5763072
COUNTS id=[ 384, 6535 ] end=139264 piso=4700160
COUNTS id=[ 384, 6536 ] end=102400 piso=4667904
COUNTS id=[ 384, 6537 ] end=483328 piso=8240640
COUNTS id=[ 384, 6538 ] end=335872 piso=5658624
COUNTS id=[ 384, 6539 ] end=335872 piso=6422016
COUNTS id=[ 384, 6540 ] end=593920 piso=9936384
COUNTS id=[ 384, 6541 ] end=335872 piso=5558784
COUNTS id=[ 384, 6542 ] end=876544 piso=17144832
COUNTS id=[ 384, 6543 ] end=176128 piso=5435904
COUNTS id=[ 384, 6544 ] end=593920 piso=8916480
COUNTS id=[ 384, 6545 ] end=593920 piso=9824256
COUNTS id=[ 384, 6546 ] end=335872 piso=5661696
COUNTS id=[ 384, 6547 ] end=335872 piso=5644800
COUNTS id=[ 384, 6548 ] end=114688 piso=5256192
COUNTS id=[ 384, 6549 ] end=311296 piso=5211648
COUNTS id=[ 384, 6550 ] end=102400 piso=3883008
COUNTS id=[ 384, 6551 ] end=102400 piso=3858432
COUNTS id=[ 384, 6552 ] end=311296 piso=4755456
COUNTS id=[ 384, 6553 ] end=311296 piso=4807680
COUNTS id=[ 384, 6554 ] end=311296 piso=4795392
COUNTS id=[ 384, 6555 ] end=188416 piso=4416000
COUNTS id=[ 384, 6556 ] end=311296 piso=5955072
COUNTS id=[ 384, 6557 ] end=102400 piso=3867648
COUNTS id=[ 384, 6558 ] end=102400 piso=4213248
COUNTS id=[ 384, 6559 ] end=311296 piso=5902848
COUNTS id=[ 384, 6560 ] end=102400 piso=3879936
COUNTS id=[ 384, 6561 ] end=102400 piso=3879936
COUNTS id=[ 384, 6562 ] end=323584 piso=6317568
COUNTS id=[ 384, 6563 ] end=520192 piso=8317440
COUNTS id=[ 384, 6564 ] end=102400 piso=4509696
COUNTS id=[ 384, 6565 ] end=102400 piso=3876864
COUNTS id=[ 384, 6566 ] end=311296 piso=4727808
COUNTS id=[ 384, 6567 ] end=311296 piso=6237696
COUNTS id=[ 384, 6568 ] end=311296 piso=4743168
COUNTS id=[ 384, 6569 ] end=397312 piso=6392832
COUNTS id=[ 384, 6570 ] end=311296 piso=4730880
COUNTS id=[ 384, 6571 ] end=102400 piso=3919872
COUNTS id=[ 384, 6572 ] end=176128 piso=4333056
COUNTS id=[ 384, 6573 ] end=237568 piso=4959744
COUNTS id=[ 384, 6574 ] end=262144 piso=13842432
COUNTS id=[ 384, 6575 ] end=999424 piso=18230784
COUNTS id=[ 384, 6576 ] end=311296 piso=13966848
COUNTS id=[ 384, 6577 ] end=901120 piso=17043456
COUNTS id=[ 384, 6578 ] end=10223616 piso=701411328
COUNTS id=[ 384, 6579 ] end=1933312 piso=28594176
COUNTS id=[ 384, 6580 ] end=3932160 piso=311611392
COUNTS id=[ 384, 6581 ] end=4980736 piso=332599296
COUNTS id=[ 384, 6582 ] end=1105920 piso=11595264
COUNTS id=[ 384, 6583 ] end=10190848 piso=1275635712
COUNTS id=[ 384, 6584 ] end=2424832 piso=39524352
COUNTS id=[ 384, 6585 ] end=4251648 piso=318861312
COUNTS id=[ 384, 6586 ] end=2572288 piso=29314560
COUNTS id=[ 384, 6587 ] end=1687552 piso=23698944
COUNTS id=[ 384, 6588 ] end=1204224 piso=13413888
COUNTS id=[ 384, 6589 ] end=688128 piso=6228480
CLOSEST id=[ 384, 6589 ] end=688128 piso=6228480 ratio=4055/448
COUNTS id=[ 384, 6590 ] end=1105920 piso=11570688
COUNTS id=[ 384, 6591 ] end=1503232 piso=30420480
COUNTS id=[ 384, 6592 ] end=10547200 piso=1329421824
COUNTS id=[ 384, 6593 ] end=1822720 piso=143273472
COUNTS id=[ 384, 6594 ] end=3862528 piso=339342336
COUNTS id=[ 384, 6595 ] end=1110016 piso=18140160
COUNTS id=[ 384, 6596 ] end=397312 piso=7615488
COUNTS id=[ 384, 6597 ] end=3850240 piso=333500928
COUNTS id=[ 384, 6598 ] end=692224 piso=15126528
COUNTS id=[ 384, 6599 ] end=434176 piso=11934720
COUNTS id=[ 384, 6600 ] end=372736 piso=6600192
PROGRESS checked=200 hits=0 reversed=0 runtime_ms=662899
COUNTS id=[ 384, 6601 ] end=372736 piso=6587904
COUNTS id=[ 384, 6602 ] end=372736 piso=6790656
COUNTS id=[ 384, 6603 ] end=618496 piso=16694784
COUNTS id=[ 384, 6604 ] end=446464 piso=16006656
COUNTS id=[ 384, 6605 ] end=3936256 piso=333676032
COUNTS id=[ 384, 6606 ] end=2179072 piso=44453376
COUNTS id=[ 384, 6607 ] end=4587520 piso=360144384
COUNTS id=[ 384, 6608 ] end=851968 piso=16399872
COUNTS id=[ 384, 6609 ] end=753664 piso=9764352
COUNTS id=[ 384, 6610 ] end=643072 piso=9618432
COUNTS id=[ 384, 6611 ] end=1024000 piso=20049408
COUNTS id=[ 384, 6612 ] end=667648 piso=10513920
COUNTS id=[ 384, 6613 ] end=593920 piso=9988608
COUNTS id=[ 384, 6614 ] end=335872 piso=6515712
COUNTS id=[ 384, 6615 ] end=593920 piso=9667584
COUNTS id=[ 384, 6616 ] end=606208 piso=11933184
COUNTS id=[ 384, 6617 ] end=335872 piso=6461952
COUNTS id=[ 384, 6618 ] end=593920 piso=11586048
COUNTS id=[ 384, 6619 ] end=348160 piso=6810624
COUNTS id=[ 384, 6620 ] end=311296 piso=5838336
COUNTS id=[ 384, 6621 ] end=520192 piso=9338880
COUNTS id=[ 384, 6622 ] end=1060864 piso=16737792
COUNTS id=[ 384, 6623 ] end=372736 piso=6059520
COUNTS id=[ 384, 6624 ] end=5570560 piso=659848704
COUNTS id=[ 384, 6625 ] end=4046848 piso=612810240
COUNTS id=[ 384, 6626 ] end=7733248 piso=612802560
COUNTS id=[ 384, 6627 ] end=786432 piso=16465920
COUNTS id=[ 384, 6628 ] end=1155072 piso=18746880
COUNTS id=[ 384, 6629 ] end=1245184 piso=142442496
COUNTS id=[ 384, 6630 ] end=786432 piso=11894784
COUNTS id=[ 384, 6631 ] end=737280 piso=6925824
COUNTS id=[ 384, 6632 ] end=1130496 piso=15367680
COUNTS id=[ 384, 6633 ] end=319488 piso=5131776
COUNTS id=[ 384, 6634 ] end=1105920 piso=11939328
COUNTS id=[ 384, 6635 ] end=712704 piso=10297344
COUNTS id=[ 384, 6636 ] end=786432 piso=13105152
COUNTS id=[ 384, 6637 ] end=737280 piso=7552512
COUNTS id=[ 384, 6638 ] end=319488 piso=4750848
COUNTS id=[ 384, 6639 ] end=1048576 piso=30842880
COUNTS id=[ 384, 6640 ] end=397312 piso=13424640
COUNTS id=[ 384, 6641 ] end=360448 piso=13017600
COUNTS id=[ 384, 6642 ] end=606208 piso=11613696
COUNTS id=[ 384, 6643 ] end=274432 piso=10252800
COUNTS id=[ 384, 6644 ] end=348160 piso=6896640
COUNTS id=[ 384, 6645 ] end=593920 piso=11509248
COUNTS id=[ 384, 6646 ] end=593920 piso=10089984
COUNTS id=[ 384, 6647 ] end=335872 piso=6504960
COUNTS id=[ 384, 6648 ] end=335872 piso=6526464
COUNTS id=[ 384, 6649 ] end=163840 piso=11698176
COUNTS id=[ 384, 6650 ] end=212992 piso=11845632
COUNTS id=[ 384, 6651 ] end=471040 piso=16135680
COUNTS id=[ 384, 6652 ] end=335872 piso=10354176
COUNTS id=[ 384, 6653 ] end=102400 piso=9277440
COUNTS id=[ 384, 6654 ] end=102400 piso=9277440
COUNTS id=[ 384, 6655 ] end=212992 piso=12019200
COUNTS id=[ 384, 6656 ] end=102400 piso=3990528
DONE checked=256 abelian=0 hits=0 reversed=0 skipped_abelian=0 closest=[ 384, 6589 ] min_ratio=4055/448 runtime_ms=827709
