{"command": ["/project/gap-4.16.1/gap", "-l", "/project/gap-4.16.1", "-q", "-b", "-T", "-m", "128m", "-o", "4g", "-c", "START_ORDER:=384;;END_ORDER:=384;;START_ID:=4353;;END_ID:=4608;;SKIP_ABELIAN:=true;;LOG_ALL:=true;;", "/project/scripts/search_19_20.g"], "source_hashes": {"scripts/search_19_20.g": "7b6a34e9163b58b0248b3c464ae8070783414cd7d14048136dd0e3547b906318", "scripts/lib_19_20.g": "fbcf2d3c4b0648cc1fa87d6e50fc923133d594c029b8430a365caf596ac7ccd5"}}
PARAMETERS start=384 end=384 start_id=4353 end_id=4608 skip_abelian=true log_all=true
ORDER_START order=384 groups=20169
COUNTS id=[ 384, 4353 ] end=77824 piso=1167360
CLOSEST id=[ 384, 4353 ] end=77824 piso=1167360 ratio=15
COUNTS id=[ 384, 4354 ] end=169984 piso=2044416
CLOSEST id=[ 384, 4354 ] end=169984 piso=2044416 ratio=3993/332
COUNTS id=[ 384, 4355 ] end=112640 piso=1651200
COUNTS id=[ 384, 4356 ] end=112640 piso=1651200
COUNTS id=[ 384, 4357 ] end=37376 piso=1944576
COUNTS id=[ 384, 4358 ] end=68096 piso=1674240
COUNTS id=[ 384, 4359 ] end=68096 piso=1674240
COUNTS id=[ 384, 4360 ] end=50176 piso=2096640
COUNTS id=[ 384, 4361 ] end=317440 piso=2752512
CLOSEST id=[ 384, 4361 ] end=317440 piso=2752512 ratio=1344/155
COUNTS id=[ 384, 4362 ] end=169984 piso=2107392
COUNTS id=[ 384, 4363 ] end=112640 piso=2236416
COUNTS id=[ 384, 4364 ] end=112640 piso=1591296
COUNTS id=[ 384, 4365 ] end=225280 piso=1843200
CLOSEST id=[ 384, 4365 ] end=225280 piso=1843200 ratio=90/11
COUNTS id=[ 384, 4366 ] end=57344 piso=1167360
COUNTS id=[ 384, 4367 ] end=194048 piso=5700096
COUNTS id=[ 384, 4368 ] end=80384 piso=3942912
COUNTS id=[ 384, 4369 ] end=172544 piso=5202432
COUNTS id=[ 384, 4370 ] end=52736 piso=2413056
COUNTS id=[ 384, 4371 ] end=32768 piso=1598976
COUNTS id=[ 384, 4372 ] end=40960 piso=1198080
COUNTS id=[ 384, 4373 ] end=46080 piso=620544
COUNTS id=[ 384, 4374 ] end=27648 piso=559104
COUNTS id=[ 384, 4375 ] end=46080 piso=497664
COUNTS id=[ 384, 4376 ] end=27648 piso=482304
COUNTS id=[ 384, 4377 ] end=27648 piso=436224
COUNTS id=[ 384, 4378 ] end=27648 piso=528384
COUNTS id=[ 384, 4379 ] end=27648 piso=405504
COUNTS id=[ 384, 4380 ] end=27648 piso=497664
COUNTS id=[ 384, 4381 ] end=46080 piso=497664
COUNTS id=[ 384, 4382 ] end=27648 piso=543744
COUNTS id=[ 384, 4383 ] end=27648 piso=513024
COUNTS id=[ 384, 4384 ] end=27648 piso=420864
COUNTS id=[ 384, 4385 ] end=27648 piso=451584
COUNTS id=[ 384, 4386 ] end=46080 piso=620544
COUNTS id=[ 384, 4387 ] end=46080 piso=834048
COUNTS id=[ 384, 4388 ] end=46080 piso=921600
COUNTS id=[ 384, 4389 ] end=46080 piso=791040
COUNTS id=[ 384, 4390 ] end=46080 piso=743424
COUNTS id=[ 384, 4391 ] end=109568 piso=2936832
COUNTS id=[ 384, 4392 ] end=72704 piso=1136640
COUNTS id=[ 384, 4393 ] end=33792 piso=735744
COUNTS id=[ 384, 4394 ] end=72704 piso=1018368
COUNTS id=[ 384, 4395 ] end=46080 piso=715776
COUNTS id=[ 384, 4396 ] end=18432 piso=513024
COUNTS id=[ 384, 4397 ] end=39936 piso=516096
COUNTS id=[ 384, 4398 ] end=21504 piso=454656
COUNTS id=[ 384, 4399 ] end=39936 piso=393216
COUNTS id=[ 384, 4400 ] end=21504 piso=377856
COUNTS id=[ 384, 4401 ] end=21504 piso=331776
COUNTS id=[ 384, 4402 ] end=21504 piso=423936
COUNTS id=[ 384, 4403 ] end=21504 piso=301056
COUNTS id=[ 384, 4404 ] end=21504 piso=393216
COUNTS id=[ 384, 4405 ] end=39936 piso=393216
COUNTS id=[ 384, 4406 ] end=21504 piso=439296
COUNTS id=[ 384, 4407 ] end=21504 piso=408576
COUNTS id=[ 384, 4408 ] end=21504 piso=316416
COUNTS id=[ 384, 4409 ] end=21504 piso=347136
COUNTS id=[ 384, 4410 ] end=39936 piso=516096
COUNTS id=[ 384, 4411 ] end=39936 piso=735744
COUNTS id=[ 384, 4412 ] end=39936 piso=804864
COUNTS id=[ 384, 4413 ] end=39936 piso=655872
COUNTS id=[ 384, 4414 ] end=39936 piso=626688
COUNTS id=[ 384, 4415 ] end=66560 piso=2734080
COUNTS id=[ 384, 4416 ] end=66560 piso=897024
COUNTS id=[ 384, 4417 ] end=48128 piso=797184
COUNTS id=[ 384, 4418 ] end=22016 piso=450048
COUNTS id=[ 384, 4419 ] end=29696 piso=2388096
COUNTS id=[ 384, 4420 ] end=29696 piso=2464896
COUNTS id=[ 384, 4421 ] end=118784 piso=8768640
COUNTS id=[ 384, 4422 ] end=38912 piso=2928768
COUNTS id=[ 384, 4423 ] end=71168 piso=2330112
COUNTS id=[ 384, 4424 ] end=157696 piso=4028928
COUNTS id=[ 384, 4425 ] end=51200 piso=6199296
COUNTS id=[ 384, 4426 ] end=34816 piso=5356032
COUNTS id=[ 384, 4427 ] end=352256 piso=322633728
COUNTS id=[ 384, 4428 ] end=32256 piso=1789440
COUNTS id=[ 384, 4429 ] end=125952 piso=2201088
COUNTS id=[ 384, 4430 ] end=52224 piso=1697280
COUNTS id=[ 384, 4431 ] end=43008 piso=1889280
COUNTS id=[ 384, 4432 ] end=257024 piso=11755008
COUNTS id=[ 384, 4433 ] end=51200 piso=2778624
COUNTS id=[ 384, 4434 ] end=55808 piso=1875456
COUNTS id=[ 384, 4435 ] end=39424 piso=1334784
COUNTS id=[ 384, 4436 ] end=117760 piso=2107392
COUNTS id=[ 384, 4437 ] end=62464 piso=1612800
COUNTS id=[ 384, 4438 ] end=34816 piso=1428480
COUNTS id=[ 384, 4439 ] end=14848 piso=763392
COUNTS id=[ 384, 4440 ] end=35840 piso=1457664
COUNTS id=[ 384, 4441 ] end=35840 piso=861696
COUNTS id=[ 384, 4442 ] end=26624 piso=1041408
COUNTS id=[ 384, 4443 ] end=68608 piso=3915264
COUNTS id=[ 384, 4444 ] end=22528 piso=2409984
COUNTS id=[ 384, 4445 ] end=27136 piso=935424
COUNTS id=[ 384, 4446 ] end=29184 piso=499200
COUNTS id=[ 384, 4447 ] end=52224 piso=789504
COUNTS id=[ 384, 4448 ] end=15360 piso=626688
COUNTS id=[ 384, 4449 ] end=24576 piso=580608
COUNTS id=[ 384, 4450 ] end=15360 piso=752256
COUNTS id=[ 384, 4451 ] end=15360 piso=715392
COUNTS id=[ 384, 4452 ] end=31232 piso=1125888
PROGRESS checked=100 hits=0 reversed=0 runtime_ms=194886
COUNTS id=[ 384, 4453 ] end=31232 piso=812544
COUNTS id=[ 384, 4454 ] end=67584 piso=3566208
COUNTS id=[ 384, 4455 ] end=78336 piso=4041216
COUNTS id=[ 384, 4456 ] end=24576 piso=1296000
COUNTS id=[ 384, 4457 ] end=32256 piso=1774080
COUNTS id=[ 384, 4458 ] end=13056 piso=748416
COUNTS id=[ 384, 4459 ] end=13056 piso=828288
COUNTS id=[ 384, 4460 ] end=86784 piso=5304192
COUNTS id=[ 384, 4461 ] end=13056 piso=1298304
COUNTS id=[ 384, 4462 ] end=7168 piso=556416
COUNTS id=[ 384, 4463 ] end=7168 piso=510336
COUNTS id=[ 384, 4464 ] end=44032 piso=3167616
COUNTS id=[ 384, 4465 ] end=7168 piso=1060224
COUNTS id=[ 384, 4466 ] end=13312 piso=876672
COUNTS id=[ 384, 4467 ] end=13312 piso=965760
COUNTS id=[ 384, 4468 ] end=96256 piso=5186688
COUNTS id=[ 384, 4469 ] end=28672 piso=1558656
COUNTS id=[ 384, 4470 ] end=65536 piso=4055040
COUNTS id=[ 384, 4471 ] end=40960 piso=3746304
COUNTS id=[ 384, 4472 ] end=56320 piso=2445312
COUNTS id=[ 384, 4473 ] end=176128 piso=306690048
COUNTS id=[ 384, 4474 ] end=9728 piso=644736
COUNTS id=[ 384, 4475 ] end=9728 piso=589440
COUNTS id=[ 384, 4476 ] end=31232 piso=1033728
COUNTS id=[ 384, 4477 ] end=31232 piso=683520
COUNTS id=[ 384, 4478 ] end=55808 piso=3139200
COUNTS id=[ 384, 4479 ] end=58880 piso=3224064
COUNTS id=[ 384, 4480 ] end=25088 piso=1280640
COUNTS id=[ 384, 4481 ] end=31232 piso=1239552
COUNTS id=[ 384, 4482 ] end=109632 piso=5006208
COUNTS id=[ 384, 4483 ] end=65088 piso=3851136
COUNTS id=[ 384, 4484 ] end=42048 piso=3740544
COUNTS id=[ 384, 4485 ] end=84096 piso=5101056
COUNTS id=[ 384, 4486 ] end=39488 piso=796800
COUNTS id=[ 384, 4487 ] end=13376 piso=446592
COUNTS id=[ 384, 4488 ] end=13376 piso=471168
COUNTS id=[ 384, 4489 ] end=17984 piso=446592
COUNTS id=[ 384, 4490 ] end=35136 piso=1017216
COUNTS id=[ 384, 4491 ] end=10560 piso=875904
COUNTS id=[ 384, 4492 ] end=16704 piso=940416
COUNTS id=[ 384, 4493 ] end=16704 piso=931200
COUNTS id=[ 384, 4494 ] end=49984 piso=1217664
COUNTS id=[ 384, 4495 ] end=26944 piso=618624
COUNTS id=[ 384, 4496 ] end=17728 piso=572544
COUNTS id=[ 384, 4497 ] end=22336 piso=547968
COUNTS id=[ 384, 4498 ] end=42368 piso=983808
COUNTS id=[ 384, 4499 ] end=38208 piso=720000
COUNTS id=[ 384, 4500 ] end=22848 piso=514176
COUNTS id=[ 384, 4501 ] end=12096 piso=394368
COUNTS id=[ 384, 4502 ] end=16704 piso=388224
COUNTS id=[ 384, 4503 ] end=36416 piso=803712
COUNTS id=[ 384, 4504 ] end=22592 piso=551808
COUNTS id=[ 384, 4505 ] end=13376 piso=361344
COUNTS id=[ 384, 4506 ] end=11648 piso=505344
COUNTS id=[ 384, 4507 ] end=24384 piso=528768
COUNTS id=[ 384, 4508 ] end=10560 piso=313728
COUNTS id=[ 384, 4509 ] end=10560 piso=344448
COUNTS id=[ 384, 4510 ] end=10560 piso=353664
COUNTS id=[ 384, 4511 ] end=32320 piso=646272
COUNTS id=[ 384, 4512 ] end=9280 piso=474240
COUNTS id=[ 384, 4513 ] end=15424 piso=474240
COUNTS id=[ 384, 4514 ] end=9280 piso=498816
COUNTS id=[ 384, 4515 ] end=69184 piso=1107840
COUNTS id=[ 384, 4516 ] end=43072 piso=880512
COUNTS id=[ 384, 4517 ] end=15424 piso=723840
COUNTS id=[ 384, 4518 ] end=16768 piso=878592
COUNTS id=[ 384, 4519 ] end=36416 piso=831360
COUNTS id=[ 384, 4520 ] end=22592 piso=475008
COUNTS id=[ 384, 4521 ] end=13376 piso=367488
COUNTS id=[ 384, 4522 ] end=25472 piso=660480
COUNTS id=[ 384, 4523 ] end=47488 piso=1204224
COUNTS id=[ 384, 4524 ] end=55360 piso=2247552
COUNTS id=[ 384, 4525 ] end=23104 piso=1304448
COUNTS id=[ 384, 4526 ] end=69760 piso=2175744
COUNTS id=[ 384, 4527 ] end=30592 piso=1479936
COUNTS id=[ 384, 4528 ] end=27200 piso=803712
COUNTS id=[ 384, 4529 ] end=8768 piso=372096
COUNTS id=[ 384, 4530 ] end=13376 piso=379776
COUNTS id=[ 384, 4531 ] end=24384 piso=594816
COUNTS id=[ 384, 4532 ] end=10560 piso=419712
COUNTS id=[ 384, 4533 ] end=5952 piso=332160
COUNTS id=[ 384, 4534 ] end=22656 piso=579840
COUNTS id=[ 384, 4535 ] end=8832 piso=461568
COUNTS id=[ 384, 4536 ] end=41536 piso=911232
COUNTS id=[ 384, 4537 ] end=9280 piso=591744
COUNTS id=[ 384, 4538 ] end=90112 piso=970752
COUNTS id=[ 384, 4539 ] end=53248 piso=909312
COUNTS id=[ 384, 4540 ] end=524288 piso=12877824
COUNTS id=[ 384, 4541 ] end=212992 piso=2445312
COUNTS id=[ 384, 4542 ] end=229376 piso=1724928
CLOSEST id=[ 384, 4542 ] end=229376 piso=1724928 ratio=3369/448
COUNTS id=[ 384, 4543 ] end=200704 piso=1724928
COUNTS id=[ 384, 4544 ] end=802816 piso=26320896
COUNTS id=[ 384, 4545 ] end=409600 piso=4349952
COUNTS id=[ 384, 4546 ] end=303104 piso=2555904
COUNTS id=[ 384, 4547 ] end=303104 piso=2555904
COUNTS id=[ 384, 4548 ] end=106496 piso=2938368
COUNTS id=[ 384, 4549 ] end=217088 piso=6403584
COUNTS id=[ 384, 4550 ] end=71680 piso=1595904
COUNTS id=[ 384, 4551 ] end=145408 piso=3707904
COUNTS id=[ 384, 4552 ] end=163840 piso=3194880
PROGRESS checked=200 hits=0 reversed=0 runtime_ms=367745
COUNTS id=[ 384, 4553 ] end=81920 piso=1241088
COUNTS id=[ 384, 4554 ] end=30720 piso=599040
COUNTS id=[ 384, 4555 ] end=393216 piso=10518528
COUNTS id=[ 384, 4556 ] end=212992 piso=3624960
COUNTS id=[ 384, 4557 ] end=458752 piso=12570624
COUNTS id=[ 384, 4558 ] end=299008 piso=3809280
COUNTS id=[ 384, 4559 ] end=137216 piso=1227264
COUNTS id=[ 384, 4560 ] end=94208 piso=1677312
COUNTS id=[ 384, 4561 ] end=458752 piso=9744384
COUNTS id=[ 384, 4562 ] end=360448 piso=8060928
COUNTS id=[ 384, 4563 ] end=188416 piso=2224128
COUNTS id=[ 384, 4564 ] end=192512 piso=2076672
COUNTS id=[ 384, 4565 ] end=69632 piso=2643456
COUNTS id=[ 384, 4566 ] end=180224 piso=6108672
COUNTS id=[ 384, 4567 ] end=335872 piso=3870720
COUNTS id=[ 384, 4568 ] end=176128 piso=2119680
COUNTS id=[ 384, 4569 ] end=114688 piso=3932160
COUNTS id=[ 384, 4570 ] end=65536 piso=3047424
COUNTS id=[ 384, 4571 ] end=36864 piso=1227264
COUNTS id=[ 384, 4572 ] end=104448 piso=3339264
COUNTS id=[ 384, 4573 ] end=139264 piso=3256320
COUNTS id=[ 384, 4574 ] end=90112 piso=3096576
COUNTS id=[ 384, 4575 ] end=176128 piso=2119680
COUNTS id=[ 384, 4576 ] end=45056 piso=995328
COUNTS id=[ 384, 4577 ] end=29696 piso=881664
COUNTS id=[ 384, 4578 ] end=174080 piso=5544960
COUNTS id=[ 384, 4579 ] end=63488 piso=1833984
COUNTS id=[ 384, 4580 ] end=16384 piso=206208
COUNTS id=[ 384, 4581 ] end=16384 piso=183168
COUNTS id=[ 384, 4582 ] end=11776 piso=183168
COUNTS id=[ 384, 4583 ] end=16384 piso=206208
COUNTS id=[ 384, 4584 ] end=59392 piso=436224
CLOSEST id=[ 384, 4584 ] end=59392 piso=436224 ratio=213/29
COUNTS id=[ 384, 4585 ] end=59392 piso=436224
COUNTS id=[ 384, 4586 ] end=31232 piso=617472
COUNTS id=[ 384, 4587 ] end=40960 piso=378240
COUNTS id=[ 384, 4588 ] end=60416 piso=642432
COUNTS id=[ 384, 4589 ] end=32768 piso=352128
COUNTS id=[ 384, 4590 ] end=23552 piso=547200
COUNTS id=[ 384, 4591 ] end=60416 piso=570240
COUNTS id=[ 384, 4592 ] end=60416 piso=570240
COUNTS id=[ 384, 4593 ] end=14336 piso=373248
COUNTS id=[ 384, 4594 ] end=63488 piso=3101568
COUNTS id=[ 384, 4595 ] end=20480 piso=1077120
COUNTS id=[ 384, 4596 ] end=29696 piso=479616
COUNTS id=[ 384, 4597 ] end=63488 piso=907776
COUNTS id=[ 384, 4598 ] end=18944 piso=987648
COUNTS id=[ 384, 4599 ] end=61952 piso=3058176
COUNTS id=[ 384, 4600 ] end=35840 piso=1310208
COUNTS id=[ 384, 4601 ] end=115712 piso=3706368
COUNTS id=[ 384, 4602 ] end=17408 piso=378240
COUNTS id=[ 384, 4603 ] end=14336 piso=415104
COUNTS id=[ 384, 4604 ] end=14336 piso=387072
COUNTS id=[ 384, 4605 ] end=69632 piso=1780224
COUNTS id=[ 384, 4606 ] end=112640 piso=3658752
COUNTS id=[ 384, 4607 ] end=32768 piso=1201152
COUNTS id=[ 384, 4608 ] end=115712 piso=3624960
DONE checked=256 abelian=0 hits=0 reversed=0 skipped_abelian=0 closest=[ 384, 4584 ] min_ratio=213/29 runtime_ms=484544
