{"command": ["/project/gap-4.16.1/gap", "-l", "/project/gap-4.16.1", "-q", "-b", "-T", "-m", "128m", "-o", "4g", "-c", "START_ORDER:=384;;END_ORDER:=384;;START_ID:=1;;END_ID:=256;;SKIP_ABELIAN:=true;;LOG_ALL:=true;;", "/project/scripts/search_19_20.g"], "source_hashes": {"scripts/search_19_20.g": "7b6a34e9163b58b0248b3c464ae8070783414cd7d14048136dd0e3547b906318", "scripts/lib_19_20.g": "fbcf2d3c4b0648cc1fa87d6e50fc923133d594c029b8430a365caf596ac7ccd5"}}
PARAMETERS start=384 end=384 start_id=1 end_id=256 skip_abelian=true log_all=true
ORDER_START order=384 groups=20169
COUNTS id=[ 384, 1 ] end=640 piso=1152
CLOSEST id=[ 384, 1 ] end=640 piso=1152 ratio=9/5
ABELIAN_SKIPPED id=[ 384, 2 ] reason=known_equality
COUNTS id=[ 384, 3 ] end=8193 piso=135168
COUNTS id=[ 384, 4 ] end=8193 piso=34590720
COUNTS id=[ 384, 5 ] end=5121 piso=73728
COUNTS id=[ 384, 6 ] end=8193 piso=98304
COUNTS id=[ 384, 7 ] end=2048 piso=4608
COUNTS id=[ 384, 8 ] end=1792 piso=4608
COUNTS id=[ 384, 9 ] end=37636 piso=283200
COUNTS id=[ 384, 10 ] end=18820 piso=126528
COUNTS id=[ 384, 11 ] end=18436 piso=221760
COUNTS id=[ 384, 12 ] end=40960 piso=73728
COUNTS id=[ 384, 13 ] end=22528 piso=73728
COUNTS id=[ 384, 14 ] end=19456 piso=58368
COUNTS id=[ 384, 15 ] end=9472 piso=43008
COUNTS id=[ 384, 16 ] end=9472 piso=43008
COUNTS id=[ 384, 17 ] end=5632 piso=59136
COUNTS id=[ 384, 18 ] end=6144 piso=47616
COUNTS id=[ 384, 19 ] end=5632 piso=56064
COUNTS id=[ 384, 20 ] end=16384 piso=302518272
COUNTS id=[ 384, 21 ] end=10240 piso=1701888
COUNTS id=[ 384, 22 ] end=7680 piso=1661952
COUNTS id=[ 384, 23 ] end=7680 piso=1661952
COUNTS id=[ 384, 24 ] end=14336 piso=5208192
COUNTS id=[ 384, 25 ] end=8192 piso=1580160
COUNTS id=[ 384, 26 ] end=8192 piso=1104000
COUNTS id=[ 384, 27 ] end=8192 piso=1174656
COUNTS id=[ 384, 28 ] end=9216 piso=387072
COUNTS id=[ 384, 29 ] end=9216 piso=688128
COUNTS id=[ 384, 30 ] end=14336 piso=2890752
COUNTS id=[ 384, 31 ] end=8192 piso=820224
COUNTS id=[ 384, 32 ] end=11776 piso=2861184
COUNTS id=[ 384, 33 ] end=5632 piso=836736
COUNTS id=[ 384, 34 ] end=5632 piso=403584
COUNTS id=[ 384, 35 ] end=5632 piso=372864
COUNTS id=[ 384, 36 ] end=5568 piso=252672
COUNTS id=[ 384, 37 ] end=4800 piso=248064
COUNTS id=[ 384, 38 ] end=6208 piso=347520
COUNTS id=[ 384, 39 ] end=4160 piso=240000
COUNTS id=[ 384, 40 ] end=5248 piso=43008
COUNTS id=[ 384, 41 ] end=9088 piso=215040
COUNTS id=[ 384, 42 ] end=5248 piso=138240
COUNTS id=[ 384, 43 ] end=11200 piso=232320
COUNTS id=[ 384, 44 ] end=5056 piso=134016
COUNTS id=[ 384, 45 ] end=8320 piso=49152
COUNTS id=[ 384, 46 ] end=8320 piso=49152
COUNTS id=[ 384, 47 ] end=9088 piso=215040
COUNTS id=[ 384, 48 ] end=5248 piso=138240
COUNTS id=[ 384, 49 ] end=21952 piso=1055616
COUNTS id=[ 384, 50 ] end=9664 piso=453504
COUNTS id=[ 384, 51 ] end=9664 piso=269184
COUNTS id=[ 384, 52 ] end=9664 piso=269184
COUNTS id=[ 384, 53 ] end=6656 piso=519168
COUNTS id=[ 384, 54 ] end=6656 piso=519168
COUNTS id=[ 384, 55 ] end=14336 piso=2964480
COUNTS id=[ 384, 56 ] end=8192 piso=893952
COUNTS id=[ 384, 57 ] end=9600 piso=245376
COUNTS id=[ 384, 58 ] end=5760 piso=147072
COUNTS id=[ 384, 59 ] end=9344 piso=236160
COUNTS id=[ 384, 60 ] end=5504 piso=131712
COUNTS id=[ 384, 61 ] end=9600 piso=280704
COUNTS id=[ 384, 62 ] end=5760 piso=188544
COUNTS id=[ 384, 63 ] end=9344 piso=231552
COUNTS id=[ 384, 64 ] end=5504 piso=127104
COUNTS id=[ 384, 65 ] end=13312 piso=4919424
COUNTS id=[ 384, 66 ] end=7168 piso=1143936
COUNTS id=[ 384, 67 ] end=7168 piso=667776
COUNTS id=[ 384, 68 ] end=7168 piso=738432
COUNTS id=[ 384, 69 ] end=11776 piso=2842752
COUNTS id=[ 384, 70 ] end=5632 piso=818304
COUNTS id=[ 384, 71 ] end=5632 piso=385152
COUNTS id=[ 384, 72 ] end=5632 piso=354432
COUNTS id=[ 384, 73 ] end=32768 piso=73728
COUNTS id=[ 384, 74 ] end=28672 piso=73728
COUNTS id=[ 384, 75 ] end=10240 piso=61440
COUNTS id=[ 384, 76 ] end=18560 piso=82944
COUNTS id=[ 384, 77 ] end=18560 piso=82944
COUNTS id=[ 384, 78 ] end=4736 piso=35328
COUNTS id=[ 384, 79 ] end=6400 piso=101856
COUNTS id=[ 384, 80 ] end=10880 piso=221184
COUNTS id=[ 384, 81 ] end=5504 piso=144384
COUNTS id=[ 384, 82 ] end=3328 piso=63456
COUNTS id=[ 384, 83 ] end=10240 piso=18432
COUNTS id=[ 384, 84 ] end=5632 piso=18432
COUNTS id=[ 384, 85 ] end=4864 piso=14592
COUNTS id=[ 384, 86 ] end=2560 piso=14592
COUNTS id=[ 384, 87 ] end=14336 piso=47616
COUNTS id=[ 384, 88 ] end=8192 piso=47616
COUNTS id=[ 384, 89 ] end=13952 piso=75264
COUNTS id=[ 384, 90 ] end=4736 piso=35328
COUNTS id=[ 384, 91 ] end=5888 piso=86496
COUNTS id=[ 384, 92 ] end=10880 piso=221184
COUNTS id=[ 384, 93 ] end=5504 piso=144384
COUNTS id=[ 384, 94 ] end=2816 piso=57312
COUNTS id=[ 384, 95 ] end=3072 piso=14592
COUNTS id=[ 384, 96 ] end=6592 piso=265344
COUNTS id=[ 384, 97 ] end=3520 piso=139392
COUNTS id=[ 384, 98 ] end=8192 piso=1244160
COUNTS id=[ 384, 99 ] end=7168 piso=163200
COUNTS id=[ 384, 100 ] end=5120 piso=138240
COUNTS id=[ 384, 101 ] end=4096 piso=67968
PROGRESS checked=100 hits=0 reversed=0 runtime_ms=101231
COUNTS id=[ 384, 102 ] end=11648 piso=466560
COUNTS id=[ 384, 103 ] end=10880 piso=257664
COUNTS id=[ 384, 104 ] end=6272 piso=411264
COUNTS id=[ 384, 105 ] end=5504 piso=153216
COUNTS id=[ 384, 106 ] end=7168 piso=1231872
COUNTS id=[ 384, 107 ] end=7168 piso=169344
COUNTS id=[ 384, 108 ] end=4096 piso=125952
COUNTS id=[ 384, 109 ] end=4096 piso=74112
COUNTS id=[ 384, 110 ] end=11648 piso=320640
COUNTS id=[ 384, 111 ] end=10880 piso=268416
COUNTS id=[ 384, 112 ] end=6272 piso=246912
COUNTS id=[ 384, 113 ] end=5504 piso=163968
COUNTS id=[ 384, 114 ] end=5440 piso=329088
COUNTS id=[ 384, 115 ] end=5440 piso=180864
COUNTS id=[ 384, 116 ] end=9536 piso=303360
COUNTS id=[ 384, 117 ] end=12608 piso=598272
COUNTS id=[ 384, 118 ] end=4800 piso=234240
COUNTS id=[ 384, 119 ] end=3520 piso=96000
COUNTS id=[ 384, 120 ] end=8640 piso=356736
COUNTS id=[ 384, 121 ] end=5568 piso=190848
COUNTS id=[ 384, 122 ] end=4800 piso=244992
COUNTS id=[ 384, 123 ] end=4800 piso=114432
COUNTS id=[ 384, 124 ] end=9408 piso=362880
COUNTS id=[ 384, 125 ] end=6336 piso=209280
COUNTS id=[ 384, 126 ] end=4160 piso=230784
COUNTS id=[ 384, 127 ] end=3392 piso=116352
COUNTS id=[ 384, 128 ] end=9536 piso=383232
COUNTS id=[ 384, 129 ] end=6464 piso=327936
COUNTS id=[ 384, 130 ] end=4608 piso=52224
COUNTS id=[ 384, 131 ] end=4608 piso=52224
COUNTS id=[ 384, 132 ] end=6400 piso=103392
COUNTS id=[ 384, 133 ] end=5888 piso=88032
COUNTS id=[ 384, 134 ] end=3328 piso=64992
COUNTS id=[ 384, 135 ] end=2816 piso=58848
COUNTS id=[ 384, 136 ] end=21952 piso=1063296
COUNTS id=[ 384, 137 ] end=9664 piso=461184
COUNTS id=[ 384, 138 ] end=11200 piso=240000
COUNTS id=[ 384, 139 ] end=5056 piso=141696
COUNTS id=[ 384, 140 ] end=9664 piso=276864
COUNTS id=[ 384, 141 ] end=9664 piso=276864
COUNTS id=[ 384, 142 ] end=3200 piso=29184
COUNTS id=[ 384, 143 ] end=3200 piso=29184
COUNTS id=[ 384, 144 ] end=5120 piso=85248
COUNTS id=[ 384, 145 ] end=5120 piso=76032
COUNTS id=[ 384, 146 ] end=12736 piso=387840
COUNTS id=[ 384, 147 ] end=25024 piso=1063680
COUNTS id=[ 384, 148 ] end=12736 piso=461568
COUNTS id=[ 384, 149 ] end=5056 piso=132864
COUNTS id=[ 384, 150 ] end=5056 piso=132864
COUNTS id=[ 384, 151 ] end=16416 piso=89856
COUNTS id=[ 384, 152 ] end=16416 piso=89856
COUNTS id=[ 384, 153 ] end=15136 piso=440064
COUNTS id=[ 384, 154 ] end=9760 piso=241920
COUNTS id=[ 384, 155 ] end=5664 piso=34176
COUNTS id=[ 384, 156 ] end=7840 piso=88704
COUNTS id=[ 384, 157 ] end=6176 piso=39936
COUNTS id=[ 384, 158 ] end=7712 piso=52608
COUNTS id=[ 384, 159 ] end=15008 piso=435072
COUNTS id=[ 384, 160 ] end=9632 piso=230784
COUNTS id=[ 384, 161 ] end=7712 piso=79104
COUNTS id=[ 384, 162 ] end=2560 piso=4608
COUNTS id=[ 384, 163 ] end=1408 piso=4608
COUNTS id=[ 384, 164 ] end=8192 piso=18432
COUNTS id=[ 384, 165 ] end=7168 piso=18432
COUNTS id=[ 384, 166 ] end=2560 piso=15360
COUNTS id=[ 384, 167 ] end=36896 piso=186624
COUNTS id=[ 384, 168 ] end=36896 piso=186624
COUNTS id=[ 384, 169 ] end=9248 piso=78336
COUNTS id=[ 384, 170 ] end=4096 piso=43008
COUNTS id=[ 384, 171 ] end=3200 piso=19680
COUNTS id=[ 384, 172 ] end=20000 piso=469248
COUNTS id=[ 384, 173 ] end=10016 piso=295680
COUNTS id=[ 384, 174 ] end=10016 piso=89856
COUNTS id=[ 384, 175 ] end=2048 piso=15360
COUNTS id=[ 384, 176 ] end=5120 piso=15360
COUNTS id=[ 384, 177 ] end=13856 piso=63360
COUNTS id=[ 384, 178 ] end=3584 piso=35328
COUNTS id=[ 384, 179 ] end=3200 piso=19680
COUNTS id=[ 384, 180 ] end=19616 piso=445824
COUNTS id=[ 384, 181 ] end=9632 piso=241536
COUNTS id=[ 384, 182 ] end=10400 piso=130176
COUNTS id=[ 384, 183 ] end=17284 piso=129984
COUNTS id=[ 384, 184 ] end=10372 piso=77760
COUNTS id=[ 384, 185 ] end=13060 piso=90048
COUNTS id=[ 384, 186 ] end=12292 piso=105408
COUNTS id=[ 384, 187 ] end=40960 piso=940032
COUNTS id=[ 384, 188 ] end=28672 piso=2735616
COUNTS id=[ 384, 189 ] end=40960 piso=2420736
COUNTS id=[ 384, 190 ] end=40960 piso=368640
COUNTS id=[ 384, 191 ] end=13312 piso=353280
COUNTS id=[ 384, 192 ] end=28672 piso=1156608
COUNTS id=[ 384, 193 ] end=31744 piso=960000
COUNTS id=[ 384, 194 ] end=31744 piso=1296384
COUNTS id=[ 384, 195 ] end=31744 piso=536064
COUNTS id=[ 384, 196 ] end=13312 piso=321024
COUNTS id=[ 384, 197 ] end=13312 piso=321024
COUNTS id=[ 384, 198 ] end=20480 piso=100912128
COUNTS id=[ 384, 199 ] end=65536 piso=105031680
COUNTS id=[ 384, 200 ] end=28672 piso=5795328
COUNTS id=[ 384, 201 ] end=31744 piso=1179648
PROGRESS checked=200 hits=0 reversed=0 runtime_ms=192210
COUNTS id=[ 384, 202 ] end=13312 piso=812544
COUNTS id=[ 384, 203 ] end=19456 piso=635904
COUNTS id=[ 384, 204 ] end=28672 piso=1193472
COUNTS id=[ 384, 205 ] end=22528 piso=835584
COUNTS id=[ 384, 206 ] end=22528 piso=651264
COUNTS id=[ 384, 207 ] end=13312 piso=267264
COUNTS id=[ 384, 208 ] end=18944 piso=205824
COUNTS id=[ 384, 209 ] end=13312 piso=284160
COUNTS id=[ 384, 210 ] end=22528 piso=632832
COUNTS id=[ 384, 211 ] end=18944 piso=310272
COUNTS id=[ 384, 212 ] end=10240 piso=617472
COUNTS id=[ 384, 213 ] end=20992 piso=1565184
COUNTS id=[ 384, 214 ] end=9728 piso=427008
COUNTS id=[ 384, 215 ] end=15360 piso=1179648
COUNTS id=[ 384, 216 ] end=15360 piso=964608
COUNTS id=[ 384, 217 ] end=37888 piso=1953792
COUNTS id=[ 384, 218 ] end=14336 piso=534528
COUNTS id=[ 384, 219 ] end=14336 piso=319488
COUNTS id=[ 384, 220 ] end=13312 piso=565248
COUNTS id=[ 384, 221 ] end=11264 piso=2378880
COUNTS id=[ 384, 222 ] end=10240 piso=753792
COUNTS id=[ 384, 223 ] end=6144 piso=953472
COUNTS id=[ 384, 224 ] end=5120 piso=329856
COUNTS id=[ 384, 225 ] end=10240 piso=621696
COUNTS id=[ 384, 226 ] end=5120 piso=216192
COUNTS id=[ 384, 227 ] end=10240 piso=643200
COUNTS id=[ 384, 228 ] end=5120 piso=197760
COUNTS id=[ 384, 229 ] end=65536 piso=706560
COUNTS id=[ 384, 230 ] end=38912 piso=497664
COUNTS id=[ 384, 231 ] end=29696 piso=622080
COUNTS id=[ 384, 232 ] end=17408 piso=211968
COUNTS id=[ 384, 233 ] end=20480 piso=187392
COUNTS id=[ 384, 234 ] end=11264 piso=125952
COUNTS id=[ 384, 235 ] end=28672 piso=595968
COUNTS id=[ 384, 236 ] end=38912 piso=215040
COUNTS id=[ 384, 237 ] end=38912 piso=215040
COUNTS id=[ 384, 238 ] end=10240 piso=175104
COUNTS id=[ 384, 239 ] end=11264 piso=125952
COUNTS id=[ 384, 240 ] end=11264 piso=125952
COUNTS id=[ 384, 241 ] end=25600 piso=623616
COUNTS id=[ 384, 242 ] end=25600 piso=493056
COUNTS id=[ 384, 243 ] end=29696 piso=285696
COUNTS id=[ 384, 244 ] end=29696 piso=233472
COUNTS id=[ 384, 245 ] end=10240 piso=193536
COUNTS id=[ 384, 246 ] end=10240 piso=187392
COUNTS id=[ 384, 247 ] end=6656 piso=87936
COUNTS id=[ 384, 248 ] end=6656 piso=87936
COUNTS id=[ 384, 249 ] end=10240 piso=442368
COUNTS id=[ 384, 250 ] end=32768 piso=5486592
COUNTS id=[ 384, 251 ] end=40960 piso=6790656
COUNTS id=[ 384, 252 ] end=50176 piso=1812480
COUNTS id=[ 384, 253 ] end=29696 piso=1021440
COUNTS id=[ 384, 254 ] end=29696 piso=1021440
COUNTS id=[ 384, 255 ] end=19456 piso=712704
COUNTS id=[ 384, 256 ] end=13312 piso=700416
DONE checked=255 abelian=0 hits=0 reversed=0 skipped_abelian=1 closest=[ 384, 1 ] min_ratio=9/5 runtime_ms=252106
