{"command": ["/project/gap-4.16.1/gap", "-l", "/project/gap-4.16.1", "-q", "-b", "-T", "-m", "128m", "-o", "4g", "-c", "START_ORDER:=384;;END_ORDER:=384;;START_ID:=2561;;END_ID:=2816;;SKIP_ABELIAN:=true;;LOG_ALL:=true;;", "/project/scripts/search_19_20.g"], "source_hashes": {"scripts/search_19_20.g": "7b6a34e9163b58b0248b3c464ae8070783414cd7d14048136dd0e3547b906318", "scripts/lib_19_20.g": "fbcf2d3c4b0648cc1fa87d6e50fc923133d594c029b8430a365caf596ac7ccd5"}}
PARAMETERS start=384 end=384 start_id=2561 end_id=2816 skip_abelian=true log_all=true
ORDER_START order=384 groups=20169
COUNTS id=[ 384, 2561 ] end=149504 piso=5889024
CLOSEST id=[ 384, 2561 ] end=149504 piso=5889024 ratio=5751/146
COUNTS id=[ 384, 2562 ] end=63488 piso=2178048
CLOSEST id=[ 384, 2562 ] end=63488 piso=2178048 ratio=2127/62
COUNTS id=[ 384, 2563 ] end=19456 piso=903168
COUNTS id=[ 384, 2564 ] end=622592 piso=1255636992
COUNTS id=[ 384, 2565 ] end=180224 piso=16625664
COUNTS id=[ 384, 2566 ] end=229376 piso=135757824
COUNTS id=[ 384, 2567 ] end=192512 piso=17392128
COUNTS id=[ 384, 2568 ] end=51200 piso=1162752
CLOSEST id=[ 384, 2568 ] end=51200 piso=1162752 ratio=2271/100
COUNTS id=[ 384, 2569 ] end=83968 piso=2138112
COUNTS id=[ 384, 2570 ] end=22528 piso=496512
CLOSEST id=[ 384, 2570 ] end=22528 piso=496512 ratio=3879/176
COUNTS id=[ 384, 2571 ] end=22528 piso=496512
COUNTS id=[ 384, 2572 ] end=14336 piso=311808
CLOSEST id=[ 384, 2572 ] end=14336 piso=311808 ratio=87/4
COUNTS id=[ 384, 2573 ] end=18944 piso=350208
CLOSEST id=[ 384, 2573 ] end=18944 piso=350208 ratio=684/37
COUNTS id=[ 384, 2574 ] end=18944 piso=350208
COUNTS id=[ 384, 2575 ] end=35840 piso=637440
CLOSEST id=[ 384, 2575 ] end=35840 piso=637440 ratio=249/14
COUNTS id=[ 384, 2576 ] end=35840 piso=637440
COUNTS id=[ 384, 2577 ] end=14336 piso=679296
COUNTS id=[ 384, 2578 ] end=17408 piso=562560
COUNTS id=[ 384, 2579 ] end=59392 piso=3058560
COUNTS id=[ 384, 2580 ] end=13312 piso=1034112
COUNTS id=[ 384, 2581 ] end=13312 piso=335232
COUNTS id=[ 384, 2582 ] end=145408 piso=12308352
COUNTS id=[ 384, 2583 ] end=74752 piso=4293504
COUNTS id=[ 384, 2584 ] end=40960 piso=4179840
COUNTS id=[ 384, 2585 ] end=134144 piso=9376128
COUNTS id=[ 384, 2586 ] end=134144 piso=9336192
COUNTS id=[ 384, 2587 ] end=28160 piso=728064
COUNTS id=[ 384, 2588 ] end=26624 piso=584064
COUNTS id=[ 384, 2589 ] end=47104 piso=1339776
COUNTS id=[ 384, 2590 ] end=181248 piso=309944832
COUNTS id=[ 384, 2591 ] end=59904 piso=3018240
COUNTS id=[ 384, 2592 ] end=58368 piso=2781696
COUNTS id=[ 384, 2593 ] end=73728 piso=3059712
COUNTS id=[ 384, 2594 ] end=135168 piso=11034624
COUNTS id=[ 384, 2595 ] end=61440 piso=2227200
COUNTS id=[ 384, 2596 ] end=63488 piso=2852352
COUNTS id=[ 384, 2597 ] end=179200 piso=5411328
COUNTS id=[ 384, 2598 ] end=280576 piso=313712640
COUNTS id=[ 384, 2599 ] end=90112 piso=5609472
COUNTS id=[ 384, 2600 ] end=114688 piso=4520448
COUNTS id=[ 384, 2601 ] end=49152 piso=2347008
COUNTS id=[ 384, 2602 ] end=327680 piso=7769088
COUNTS id=[ 384, 2603 ] end=176128 piso=19968000
COUNTS id=[ 384, 2604 ] end=126976 piso=7228416
COUNTS id=[ 384, 2605 ] end=68608 piso=4503552
COUNTS id=[ 384, 2606 ] end=121856 piso=5935104
COUNTS id=[ 384, 2607 ] end=92160 piso=6561792
COUNTS id=[ 384, 2608 ] end=68608 piso=5740032
COUNTS id=[ 384, 2609 ] end=320512 piso=26614272
COUNTS id=[ 384, 2610 ] end=114688 piso=4228608
COUNTS id=[ 384, 2611 ] end=688128 piso=1209016320
COUNTS id=[ 384, 2612 ] end=279552 piso=316231680
COUNTS id=[ 384, 2613 ] end=368640 piso=337016832
COUNTS id=[ 384, 2614 ] end=24064 piso=663552
COUNTS id=[ 384, 2615 ] end=31744 piso=979968
COUNTS id=[ 384, 2616 ] end=20480 piso=636288
COUNTS id=[ 384, 2617 ] end=25600 piso=630144
COUNTS id=[ 384, 2618 ] end=29184 piso=536448
COUNTS id=[ 384, 2619 ] end=24064 piso=499584
COUNTS id=[ 384, 2620 ] end=15360 piso=636288
COUNTS id=[ 384, 2621 ] end=55296 piso=981504
CLOSEST id=[ 384, 2621 ] end=55296 piso=981504 ratio=71/4
COUNTS id=[ 384, 2622 ] end=33792 piso=1353216
COUNTS id=[ 384, 2623 ] end=101376 piso=3798528
COUNTS id=[ 384, 2624 ] end=262144 piso=31294464
COUNTS id=[ 384, 2625 ] end=87552 piso=3543552
COUNTS id=[ 384, 2626 ] end=137728 piso=4515840
COUNTS id=[ 384, 2627 ] end=65536 piso=17138688
COUNTS id=[ 384, 2628 ] end=19968 piso=1509888
COUNTS id=[ 384, 2629 ] end=27136 piso=1511424
COUNTS id=[ 384, 2630 ] end=130048 piso=9262464
COUNTS id=[ 384, 2631 ] end=43008 piso=1039872
COUNTS id=[ 384, 2632 ] end=48128 piso=1648128
COUNTS id=[ 384, 2633 ] end=71168 piso=3436032
COUNTS id=[ 384, 2634 ] end=22016 piso=990720
COUNTS id=[ 384, 2635 ] end=29696 piso=1238016
COUNTS id=[ 384, 2636 ] end=38912 piso=903168
COUNTS id=[ 384, 2637 ] end=78848 piso=3621888
COUNTS id=[ 384, 2638 ] end=212992 piso=5354496
COUNTS id=[ 384, 2639 ] end=77824 piso=5354496
COUNTS id=[ 384, 2640 ] end=243712 piso=11010048
COUNTS id=[ 384, 2641 ] end=61440 piso=2408448
COUNTS id=[ 384, 2642 ] end=64000 piso=2437632
COUNTS id=[ 384, 2643 ] end=59392 piso=1826304
COUNTS id=[ 384, 2644 ] end=112640 piso=3128832
COUNTS id=[ 384, 2645 ] end=95232 piso=3970560
COUNTS id=[ 384, 2646 ] end=187392 piso=11742720
COUNTS id=[ 384, 2647 ] end=101376 piso=2883072
COUNTS id=[ 384, 2648 ] end=33280 piso=1094016
COUNTS id=[ 384, 2649 ] end=35328 piso=1978752
COUNTS id=[ 384, 2650 ] end=78336 piso=5784960
COUNTS id=[ 384, 2651 ] end=19968 piso=1106304
COUNTS id=[ 384, 2652 ] end=34816 piso=1330176
COUNTS id=[ 384, 2653 ] end=26112 piso=1370112
COUNTS id=[ 384, 2654 ] end=18944 piso=1084416
COUNTS id=[ 384, 2655 ] end=516096 piso=1207074816
COUNTS id=[ 384, 2656 ] end=155648 piso=17977344
COUNTS id=[ 384, 2657 ] end=112640 piso=4475904
COUNTS id=[ 384, 2658 ] end=285696 piso=13951488
COUNTS id=[ 384, 2659 ] end=76288 piso=5772672
COUNTS id=[ 384, 2660 ] end=98304 piso=3586560
PROGRESS checked=100 hits=0 reversed=0 runtime_ms=232988
COUNTS id=[ 384, 2661 ] end=30208 piso=1966464
COUNTS id=[ 384, 2662 ] end=266240 piso=24092160
COUNTS id=[ 384, 2663 ] end=38400 piso=1483776
COUNTS id=[ 384, 2664 ] end=39936 piso=1551744
COUNTS id=[ 384, 2665 ] end=70656 piso=1999872
COUNTS id=[ 384, 2666 ] end=104448 piso=7124352
COUNTS id=[ 384, 2667 ] end=46080 piso=2765184
COUNTS id=[ 384, 2668 ] end=34816 piso=1395072
COUNTS id=[ 384, 2669 ] end=191488 piso=310245888
COUNTS id=[ 384, 2670 ] end=70144 piso=3356160
COUNTS id=[ 384, 2671 ] end=68608 piso=3525120
COUNTS id=[ 384, 2672 ] end=114688 piso=1594368
CLOSEST id=[ 384, 2672 ] end=114688 piso=1594368 ratio=1557/112
COUNTS id=[ 384, 2673 ] end=53248 piso=1594368
COUNTS id=[ 384, 2674 ] end=86016 piso=2408448
COUNTS id=[ 384, 2675 ] end=88064 piso=3686400
COUNTS id=[ 384, 2676 ] end=28160 piso=1055232
COUNTS id=[ 384, 2677 ] end=38912 piso=1310208
COUNTS id=[ 384, 2678 ] end=69632 piso=1758720
COUNTS id=[ 384, 2679 ] end=48128 piso=3288576
COUNTS id=[ 384, 2680 ] end=115712 piso=4646400
COUNTS id=[ 384, 2681 ] end=48128 piso=1820160
COUNTS id=[ 384, 2682 ] end=25088 piso=470400
COUNTS id=[ 384, 2683 ] end=61952 piso=3342720
COUNTS id=[ 384, 2684 ] end=31232 piso=1944960
COUNTS id=[ 384, 2685 ] end=12800 piso=482688
COUNTS id=[ 384, 2686 ] end=23552 piso=623616
COUNTS id=[ 384, 2687 ] end=18944 piso=731136
COUNTS id=[ 384, 2688 ] end=9728 piso=451584
COUNTS id=[ 384, 2689 ] end=172032 piso=111575040
COUNTS id=[ 384, 2690 ] end=204800 piso=23285760
COUNTS id=[ 384, 2691 ] end=59392 piso=2411520
COUNTS id=[ 384, 2692 ] end=84992 piso=4600320
COUNTS id=[ 384, 2693 ] end=84992 piso=4313472
COUNTS id=[ 384, 2694 ] end=58880 piso=3330432
COUNTS id=[ 384, 2695 ] end=32768 piso=2984448
COUNTS id=[ 384, 2696 ] end=25088 piso=1932672
COUNTS id=[ 384, 2697 ] end=81920 piso=16786944
COUNTS id=[ 384, 2698 ] end=28160 piso=777216
COUNTS id=[ 384, 2699 ] end=29696 piso=854400
COUNTS id=[ 384, 2700 ] end=35840 piso=906240
COUNTS id=[ 384, 2701 ] end=38912 piso=2952576
COUNTS id=[ 384, 2702 ] end=23552 piso=697728
COUNTS id=[ 384, 2703 ] end=94208 piso=3514368
COUNTS id=[ 384, 2704 ] end=26624 piso=678912
COUNTS id=[ 384, 2705 ] end=32768 piso=2052096
COUNTS id=[ 384, 2706 ] end=23552 piso=330240
COUNTS id=[ 384, 2707 ] end=35840 piso=1207296
COUNTS id=[ 384, 2708 ] end=8704 piso=235392
COUNTS id=[ 384, 2709 ] end=34816 piso=562560
COUNTS id=[ 384, 2710 ] end=17408 piso=706944
COUNTS id=[ 384, 2711 ] end=14336 piso=667008
COUNTS id=[ 384, 2712 ] end=63488 piso=1964544
COUNTS id=[ 384, 2713 ] end=100352 piso=3818496
COUNTS id=[ 384, 2714 ] end=32768 piso=1360896
COUNTS id=[ 384, 2715 ] end=266240 piso=31343616
COUNTS id=[ 384, 2716 ] end=53248 piso=3004416
COUNTS id=[ 384, 2717 ] end=69632 piso=17236992
COUNTS id=[ 384, 2718 ] end=13312 piso=933888
COUNTS id=[ 384, 2719 ] end=134144 piso=9376128
COUNTS id=[ 384, 2720 ] end=24064 piso=566784
COUNTS id=[ 384, 2721 ] end=51200 piso=1771008
COUNTS id=[ 384, 2722 ] end=74240 piso=3522048
COUNTS id=[ 384, 2723 ] end=25088 piso=1125888
COUNTS id=[ 384, 2724 ] end=32768 piso=688128
COUNTS id=[ 384, 2725 ] end=72704 piso=3449856
COUNTS id=[ 384, 2726 ] end=23552 piso=992256
COUNTS id=[ 384, 2727 ] end=262144 piso=6279168
COUNTS id=[ 384, 2728 ] end=253952 piso=6279168
COUNTS id=[ 384, 2729 ] end=110592 piso=6434304
COUNTS id=[ 384, 2730 ] end=77824 piso=6059520
COUNTS id=[ 384, 2731 ] end=57344 piso=2004480
COUNTS id=[ 384, 2732 ] end=57344 piso=2004480
COUNTS id=[ 384, 2733 ] end=284672 piso=11526144
COUNTS id=[ 384, 2734 ] end=90112 piso=2709504
COUNTS id=[ 384, 2735 ] end=90112 piso=3010560
COUNTS id=[ 384, 2736 ] end=243712 piso=11225088
COUNTS id=[ 384, 2737 ] end=227328 piso=11309568
COUNTS id=[ 384, 2738 ] end=65536 piso=2830848
COUNTS id=[ 384, 2739 ] end=66048 piso=4210176
COUNTS id=[ 384, 2740 ] end=35328 piso=2366976
COUNTS id=[ 384, 2741 ] end=34304 piso=2158080
COUNTS id=[ 384, 2742 ] end=34304 piso=1783296
COUNTS id=[ 384, 2743 ] end=83968 piso=6107136
COUNTS id=[ 384, 2744 ] end=169984 piso=6179328
COUNTS id=[ 384, 2745 ] end=83968 piso=6107136
COUNTS id=[ 384, 2746 ] end=169984 piso=6179328
COUNTS id=[ 384, 2747 ] end=77824 piso=6825984
COUNTS id=[ 384, 2748 ] end=151552 piso=10358784
COUNTS id=[ 384, 2749 ] end=38912 piso=1993728
COUNTS id=[ 384, 2750 ] end=38912 piso=1993728
COUNTS id=[ 384, 2751 ] end=90112 piso=4695552
COUNTS id=[ 384, 2752 ] end=90112 piso=4695552
COUNTS id=[ 384, 2753 ] end=143872 piso=11109888
COUNTS id=[ 384, 2754 ] end=36352 piso=2649600
COUNTS id=[ 384, 2755 ] end=29184 piso=1878528
COUNTS id=[ 384, 2756 ] end=29184 piso=1878528
COUNTS id=[ 384, 2757 ] end=47616 piso=1883136
COUNTS id=[ 384, 2758 ] end=47616 piso=1883136
COUNTS id=[ 384, 2759 ] end=59904 piso=2368512
COUNTS id=[ 384, 2760 ] end=59904 piso=2368512
PROGRESS checked=200 hits=0 reversed=0 runtime_ms=420159
COUNTS id=[ 384, 2761 ] end=57344 piso=1920000
COUNTS id=[ 384, 2762 ] end=38912 piso=1858560
COUNTS id=[ 384, 2763 ] end=57344 piso=1920000
COUNTS id=[ 384, 2764 ] end=38912 piso=1858560
COUNTS id=[ 384, 2765 ] end=90112 piso=2684928
COUNTS id=[ 384, 2766 ] end=169984 piso=6807552
COUNTS id=[ 384, 2767 ] end=145408 piso=6807552
COUNTS id=[ 384, 2768 ] end=77824 piso=2684928
COUNTS id=[ 384, 2769 ] end=29184 piso=1929216
COUNTS id=[ 384, 2770 ] end=29184 piso=1929216
COUNTS id=[ 384, 2771 ] end=22016 piso=1057152
COUNTS id=[ 384, 2772 ] end=34816 piso=1376640
COUNTS id=[ 384, 2773 ] end=19968 piso=1072512
COUNTS id=[ 384, 2774 ] end=487424 piso=1207128576
COUNTS id=[ 384, 2775 ] end=159744 piso=18633216
COUNTS id=[ 384, 2776 ] end=153600 piso=10464768
COUNTS id=[ 384, 2777 ] end=126976 piso=5058048
COUNTS id=[ 384, 2778 ] end=135168 piso=5799936
COUNTS id=[ 384, 2779 ] end=126976 piso=4988928
COUNTS id=[ 384, 2780 ] end=227328 piso=15108096
COUNTS id=[ 384, 2781 ] end=104448 piso=5750784
COUNTS id=[ 384, 2782 ] end=83968 piso=4684800
COUNTS id=[ 384, 2783 ] end=83968 piso=4684800
COUNTS id=[ 384, 2784 ] end=139264 piso=9043968
COUNTS id=[ 384, 2785 ] end=351744 piso=23467008
COUNTS id=[ 384, 2786 ] end=274944 piso=12721152
COUNTS id=[ 384, 2787 ] end=137728 piso=11073024
COUNTS id=[ 384, 2788 ] end=88576 piso=6690816
COUNTS id=[ 384, 2789 ] end=59392 piso=3244032
COUNTS id=[ 384, 2790 ] end=102912 piso=7848960
COUNTS id=[ 384, 2791 ] end=50688 piso=5188608
COUNTS id=[ 384, 2792 ] end=36352 piso=2612736
COUNTS id=[ 384, 2793 ] end=36352 piso=2586624
COUNTS id=[ 384, 2794 ] end=37888 piso=1536384
COUNTS id=[ 384, 2795 ] end=163840 piso=2445312
COUNTS id=[ 384, 2796 ] end=155648 piso=2445312
COUNTS id=[ 384, 2797 ] end=86016 piso=2477568
COUNTS id=[ 384, 2798 ] end=53248 piso=1955328
COUNTS id=[ 384, 2799 ] end=49152 piso=1304064
COUNTS id=[ 384, 2800 ] end=49152 piso=1304064
COUNTS id=[ 384, 2801 ] end=126976 piso=3514368
COUNTS id=[ 384, 2802 ] end=116736 piso=3938304
COUNTS id=[ 384, 2803 ] end=116736 piso=4239360
COUNTS id=[ 384, 2804 ] end=86016 piso=2820096
COUNTS id=[ 384, 2805 ] end=69632 piso=2904576
COUNTS id=[ 384, 2806 ] end=92160 piso=4059648
COUNTS id=[ 384, 2807 ] end=58880 piso=3958272
COUNTS id=[ 384, 2808 ] end=28160 piso=1598976
COUNTS id=[ 384, 2809 ] end=25088 piso=1390080
COUNTS id=[ 384, 2810 ] end=25088 piso=1150464
COUNTS id=[ 384, 2811 ] end=59392 piso=2076672
COUNTS id=[ 384, 2812 ] end=108544 piso=2198016
COUNTS id=[ 384, 2813 ] end=59392 piso=2076672
COUNTS id=[ 384, 2814 ] end=108544 piso=2198016
COUNTS id=[ 384, 2815 ] end=43008 piso=3188736
COUNTS id=[ 384, 2816 ] end=104448 piso=4657152
DONE checked=256 abelian=0 hits=0 reversed=0 skipped_abelian=0 closest=[ 384, 2672 ] min_ratio=1557/112 runtime_ms=544188
