{"command": ["/project/gap-4.16.1/gap", "-l", "/project/gap-4.16.1", "-q", "-b", "-T", "-m", "128m", "-o", "4g", "-c", "START_ORDER:=480;;END_ORDER:=480;;START_ID:=769;;END_ID:=1024;;SKIP_ABELIAN:=true;;LOG_ALL:=true;;", "/project/scripts/search_19_20.g"], "source_hashes": {"scripts/search_19_20.g": "7b6a34e9163b58b0248b3c464ae8070783414cd7d14048136dd0e3547b906318", "scripts/lib_19_20.g": "fbcf2d3c4b0648cc1fa87d6e50fc923133d594c029b8430a365caf596ac7ccd5"}}
PARAMETERS start=480 end=480 start_id=769 end_id=1024 skip_abelian=true log_all=true
ORDER_START order=480 groups=1213
COUNTS id=[ 480, 769 ] end=8000 piso=99840
CLOSEST id=[ 480, 769 ] end=8000 piso=99840 ratio=312/25
COUNTS id=[ 480, 770 ] end=53760 piso=276480
CLOSEST id=[ 480, 770 ] end=53760 piso=276480 ratio=36/7
COUNTS id=[ 480, 771 ] end=28160 piso=117120
CLOSEST id=[ 480, 771 ] end=28160 piso=117120 ratio=183/44
COUNTS id=[ 480, 772 ] end=43520 piso=222240
COUNTS id=[ 480, 773 ] end=23360 piso=167040
COUNTS id=[ 480, 774 ] end=55040 piso=372000
COUNTS id=[ 480, 775 ] end=18560 piso=126240
COUNTS id=[ 480, 776 ] end=20480 piso=130080
COUNTS id=[ 480, 777 ] end=13760 piso=83040
COUNTS id=[ 480, 778 ] end=35840 piso=92160
CLOSEST id=[ 480, 778 ] end=35840 piso=92160 ratio=18/7
COUNTS id=[ 480, 779 ] end=25600 piso=72960
COUNTS id=[ 480, 780 ] end=7360 piso=35040
COUNTS id=[ 480, 781 ] end=34880 piso=169920
COUNTS id=[ 480, 782 ] end=69440 piso=463680
COUNTS id=[ 480, 783 ] end=9920 piso=70080
COUNTS id=[ 480, 784 ] end=23360 piso=206400
COUNTS id=[ 480, 785 ] end=22400 piso=68160
COUNTS id=[ 480, 786 ] end=7360 piso=35040
COUNTS id=[ 480, 787 ] end=29600 piso=168480
COUNTS id=[ 480, 788 ] end=6560 piso=87840
COUNTS id=[ 480, 789 ] end=45920 piso=373440
COUNTS id=[ 480, 790 ] end=22080 piso=127680
COUNTS id=[ 480, 791 ] end=6240 piso=61440
COUNTS id=[ 480, 792 ] end=23520 piso=138240
COUNTS id=[ 480, 793 ] end=23840 piso=148800
COUNTS id=[ 480, 794 ] end=4160 piso=72000
COUNTS id=[ 480, 795 ] end=7040 piso=58560
COUNTS id=[ 480, 796 ] end=10080 piso=150720
COUNTS id=[ 480, 797 ] end=5920 piso=70080
COUNTS id=[ 480, 798 ] end=9760 piso=80640
COUNTS id=[ 480, 799 ] end=51200 piso=92160
CLOSEST id=[ 480, 799 ] end=51200 piso=92160 ratio=9/5
COUNTS id=[ 480, 800 ] end=16640 piso=53760
COUNTS id=[ 480, 801 ] end=163840 piso=368640
COUNTS id=[ 480, 802 ] end=51200 piso=261120
COUNTS id=[ 480, 803 ] end=17920 piso=108960
COUNTS id=[ 480, 804 ] end=97280 piso=276480
COUNTS id=[ 480, 805 ] end=28160 piso=101760
COUNTS id=[ 480, 806 ] end=112640 piso=3072000
COUNTS id=[ 480, 807 ] end=32000 piso=137760
COUNTS id=[ 480, 808 ] end=20800 piso=111360
COUNTS id=[ 480, 809 ] end=44800 piso=251040
COUNTS id=[ 480, 810 ] end=40000 piso=235200
COUNTS id=[ 480, 811 ] end=11680 piso=72480
COUNTS id=[ 480, 812 ] end=16960 piso=98880
COUNTS id=[ 480, 813 ] end=57600 piso=214560
COUNTS id=[ 480, 814 ] end=11200 piso=134400
COUNTS id=[ 480, 815 ] end=16960 piso=145920
COUNTS id=[ 480, 816 ] end=100800 piso=3173760
COUNTS id=[ 480, 817 ] end=32000 piso=195360
COUNTS id=[ 480, 818 ] end=30080 piso=203040
COUNTS id=[ 480, 819 ] end=91200 piso=551040
COUNTS id=[ 480, 820 ] end=31040 piso=144960
COUNTS id=[ 480, 821 ] end=6560 piso=49440
COUNTS id=[ 480, 822 ] end=15680 piso=116160
COUNTS id=[ 480, 823 ] end=31040 piso=151680
COUNTS id=[ 480, 824 ] end=32000 piso=133920
COUNTS id=[ 480, 825 ] end=16640 piso=110880
COUNTS id=[ 480, 826 ] end=31040 piso=176640
COUNTS id=[ 480, 827 ] end=6080 piso=38880
COUNTS id=[ 480, 828 ] end=23200 piso=135840
COUNTS id=[ 480, 829 ] end=6400 piso=40320
COUNTS id=[ 480, 830 ] end=4000 piso=66720
COUNTS id=[ 480, 831 ] end=112640 piso=1213440
COUNTS id=[ 480, 832 ] end=80960 piso=1284480
COUNTS id=[ 480, 833 ] end=69376 piso=800160
COUNTS id=[ 480, 834 ] end=245824 piso=1737600
COUNTS id=[ 480, 835 ] end=57664 piso=787200
COUNTS id=[ 480, 836 ] end=323584 piso=2273280
COUNTS id=[ 480, 837 ] end=73216 piso=677760
COUNTS id=[ 480, 838 ] end=138496 piso=1433760
COUNTS id=[ 480, 839 ] end=944704 piso=7958400
COUNTS id=[ 480, 840 ] end=126784 piso=1363200
COUNTS id=[ 480, 841 ] end=63424 piso=636000
COUNTS id=[ 480, 842 ] end=40960 piso=915840
COUNTS id=[ 480, 843 ] end=48512 piso=980640
COUNTS id=[ 480, 844 ] end=16832 piso=490080
COUNTS id=[ 480, 845 ] end=242688 piso=17441280
COUNTS id=[ 480, 846 ] end=65920 piso=1124640
COUNTS id=[ 480, 847 ] end=285632 piso=19896960
COUNTS id=[ 480, 848 ] end=37952 piso=670080
COUNTS id=[ 480, 849 ] end=67712 piso=1524000
COUNTS id=[ 480, 850 ] end=39872 piso=798720
COUNTS id=[ 480, 851 ] end=51392 piso=929280
COUNTS id=[ 480, 852 ] end=42496 piso=924960
COUNTS id=[ 480, 853 ] end=111424 piso=1365120
COUNTS id=[ 480, 854 ] end=17344 piso=618240
COUNTS id=[ 480, 855 ] end=30784 piso=675840
COUNTS id=[ 480, 856 ] end=121344 piso=1704960
COUNTS id=[ 480, 857 ] end=73216 piso=746880
COUNTS id=[ 480, 858 ] end=111616 piso=1447200
COUNTS id=[ 480, 859 ] end=57664 piso=1092480
COUNTS id=[ 480, 860 ] end=181504 piso=2725920
COUNTS id=[ 480, 861 ] end=41344 piso=798240
COUNTS id=[ 480, 862 ] end=54784 piso=855840
COUNTS id=[ 480, 863 ] end=36544 piso=536160
COUNTS id=[ 480, 864 ] end=80896 piso=568320
COUNTS id=[ 480, 865 ] end=71168 piso=480000
COUNTS id=[ 480, 866 ] end=18368 piso=227040
COUNTS id=[ 480, 867 ] end=126784 piso=1214400
COUNTS id=[ 480, 868 ] end=253504 piso=3289920
PROGRESS checked=100 hits=0 reversed=0 runtime_ms=118058
COUNTS id=[ 480, 869 ] end=32704 piso=507840
COUNTS id=[ 480, 870 ] end=115264 piso=1558080
COUNTS id=[ 480, 871 ] end=50560 piso=423360
COUNTS id=[ 480, 872 ] end=18368 piso=227040
COUNTS id=[ 480, 873 ] end=92704 piso=1186080
COUNTS id=[ 480, 874 ] end=23584 piso=636960
COUNTS id=[ 480, 875 ] end=103648 piso=2268480
COUNTS id=[ 480, 876 ] end=51264 piso=760320
COUNTS id=[ 480, 877 ] end=18144 piso=433920
COUNTS id=[ 480, 878 ] end=53088 piso=848640
COUNTS id=[ 480, 879 ] end=56416 piso=969600
COUNTS id=[ 480, 880 ] end=10816 piso=462720
COUNTS id=[ 480, 881 ] end=16576 piso=383040
COUNTS id=[ 480, 882 ] end=22752 piso=932160
COUNTS id=[ 480, 883 ] end=15968 piso=464640
COUNTS id=[ 480, 884 ] end=28448 piso=660480
COUNTS id=[ 480, 885 ] end=231424 piso=706560
COUNTS id=[ 480, 886 ] end=58624 piso=360960
COUNTS id=[ 480, 887 ] end=524288 piso=2580480
COUNTS id=[ 480, 888 ] end=139264 piso=1889280
COUNTS id=[ 480, 889 ] end=61952 piso=692640
COUNTS id=[ 480, 890 ] end=461824 piso=2119680
COUNTS id=[ 480, 891 ] end=116224 piso=685440
COUNTS id=[ 480, 892 ] end=292864 piso=17418240
COUNTS id=[ 480, 893 ] end=73984 piso=686880
COUNTS id=[ 480, 894 ] end=64832 piso=610560
COUNTS id=[ 480, 895 ] end=134912 piso=1464480
COUNTS id=[ 480, 896 ] end=104768 piso=1145280
COUNTS id=[ 480, 897 ] end=24608 piso=299040
COUNTS id=[ 480, 898 ] end=58688 piso=571200
COUNTS id=[ 480, 899 ] end=260352 piso=1646880
COUNTS id=[ 480, 900 ] end=29888 piso=933120
COUNTS id=[ 480, 901 ] end=58688 piso=975360
COUNTS id=[ 480, 902 ] end=233664 piso=17366400
COUNTS id=[ 480, 903 ] end=84736 piso=1005600
COUNTS id=[ 480, 904 ] end=71296 piso=1120800
COUNTS id=[ 480, 905 ] end=201024 piso=3070080
COUNTS id=[ 480, 906 ] end=99904 piso=985920
COUNTS id=[ 480, 907 ] end=23584 piso=276000
COUNTS id=[ 480, 908 ] end=61504 piso=657600
COUNTS id=[ 480, 909 ] end=73792 piso=919680
COUNTS id=[ 480, 910 ] end=144640 piso=967200
COUNTS id=[ 480, 911 ] end=49408 piso=667680
COUNTS id=[ 480, 912 ] end=99904 piso=1190400
COUNTS id=[ 480, 913 ] end=21952 piso=307680
COUNTS id=[ 480, 914 ] end=56864 piso=873120
COUNTS id=[ 480, 915 ] end=17024 piso=215040
COUNTS id=[ 480, 916 ] end=14624 piso=435360
COUNTS id=[ 480, 917 ] end=464896 piso=3056640
COUNTS id=[ 480, 918 ] end=248896 piso=2567040
ABELIAN_SKIPPED id=[ 480, 919 ] reason=known_equality
COUNTS id=[ 480, 920 ] end=92160 piso=1029120
COUNTS id=[ 480, 921 ] end=46080 piso=92160
COUNTS id=[ 480, 922 ] end=23040 piso=40320
CLOSEST id=[ 480, 922 ] end=23040 piso=40320 ratio=7/4
COUNTS id=[ 480, 923 ] end=34560 piso=70560
COUNTS id=[ 480, 924 ] end=19200 piso=43680
COUNTS id=[ 480, 925 ] end=91200 piso=1142400
COUNTS id=[ 480, 926 ] end=34560 piso=101280
COUNTS id=[ 480, 927 ] end=15360 piso=43680
COUNTS id=[ 480, 928 ] end=18240 piso=53760
COUNTS id=[ 480, 929 ] end=20160 piso=57600
COUNTS id=[ 480, 930 ] end=4800 piso=34560
COUNTS id=[ 480, 931 ] end=10560 piso=29280
COUNTS id=[ 480, 932 ] end=85440 piso=232320
COUNTS id=[ 480, 933 ] end=31680 piso=63360
ABELIAN_SKIPPED id=[ 480, 934 ] reason=known_equality
COUNTS id=[ 480, 935 ] end=19200 piso=23040
CLOSEST id=[ 480, 935 ] end=19200 piso=23040 ratio=6/5
COUNTS id=[ 480, 936 ] end=6720 piso=12000
COUNTS id=[ 480, 937 ] end=39360 piso=125760
COUNTS id=[ 480, 938 ] end=20160 piso=47040
COUNTS id=[ 480, 939 ] end=8640 piso=52800
COUNTS id=[ 480, 940 ] end=6720 piso=20160
COUNTS id=[ 480, 941 ] end=19680 piso=47520
COUNTS id=[ 480, 942 ] end=4320 piso=24480
COUNTS id=[ 480, 943 ] end=3008 piso=647520
COUNTS id=[ 480, 944 ] end=4464 piso=1161120
COUNTS id=[ 480, 945 ] end=2224 piso=468000
COUNTS id=[ 480, 946 ] end=784 piso=213360
COUNTS id=[ 480, 947 ] end=1144 piso=331920
COUNTS id=[ 480, 948 ] end=2104 piso=706320
COUNTS id=[ 480, 949 ] end=1936 piso=619440
COUNTS id=[ 480, 950 ] end=2416 piso=471600
COUNTS id=[ 480, 951 ] end=3936 piso=3121920
COUNTS id=[ 480, 952 ] end=4736 piso=2576640
COUNTS id=[ 480, 953 ] end=616 piso=240720
COUNTS id=[ 480, 954 ] end=6272 piso=3586560
COUNTS id=[ 480, 955 ] end=2656 piso=656880
COUNTS id=[ 480, 956 ] end=7056 piso=7106880
COUNTS id=[ 480, 957 ] end=1168 piso=583440
COUNTS id=[ 480, 958 ] end=5488 piso=1469760
COUNTS id=[ 480, 959 ] end=4144 piso=932880
COUNTS id=[ 480, 960 ] end=7744 piso=2073840
COUNTS id=[ 480, 961 ] end=1848 piso=105000
COUNTS id=[ 480, 962 ] end=3288 piso=152040
COUNTS id=[ 480, 963 ] end=3648 piso=108480
COUNTS id=[ 480, 964 ] end=1584 piso=40680
COUNTS id=[ 480, 965 ] end=2592 piso=110760
COUNTS id=[ 480, 966 ] end=2592 piso=74880
COUNTS id=[ 480, 967 ] end=3304 piso=277320
COUNTS id=[ 480, 968 ] end=2992 piso=185640
COUNTS id=[ 480, 969 ] end=4144 piso=272040
COUNTS id=[ 480, 970 ] end=6472 piso=619080
PROGRESS checked=200 hits=0 reversed=0 runtime_ms=218948
COUNTS id=[ 480, 971 ] end=3600 piso=479400
COUNTS id=[ 480, 972 ] end=2712 piso=217800
COUNTS id=[ 480, 973 ] end=3864 piso=237000
COUNTS id=[ 480, 974 ] end=9648 piso=798120
COUNTS id=[ 480, 975 ] end=9184 piso=456000
COUNTS id=[ 480, 976 ] end=11648 piso=605280
COUNTS id=[ 480, 977 ] end=9600 piso=563040
COUNTS id=[ 480, 978 ] end=11776 piso=699840
COUNTS id=[ 480, 979 ] end=12672 piso=2400000
COUNTS id=[ 480, 980 ] end=10416 piso=2336160
COUNTS id=[ 480, 981 ] end=15024 piso=3146400
COUNTS id=[ 480, 982 ] end=29184 piso=645600
COUNTS id=[ 480, 983 ] end=31488 piso=606720
COUNTS id=[ 480, 984 ] end=25728 piso=712800
COUNTS id=[ 480, 985 ] end=31488 piso=568320
COUNTS id=[ 480, 986 ] end=43008 piso=503040
COUNTS id=[ 480, 987 ] end=8448 piso=203040
COUNTS id=[ 480, 988 ] end=29568 piso=383040
COUNTS id=[ 480, 989 ] end=8448 piso=203040
COUNTS id=[ 480, 990 ] end=11904 piso=247200
COUNTS id=[ 480, 991 ] end=24448 piso=369600
COUNTS id=[ 480, 992 ] end=11904 piso=247200
COUNTS id=[ 480, 993 ] end=27648 piso=393600
COUNTS id=[ 480, 994 ] end=157696 piso=1904640
COUNTS id=[ 480, 995 ] end=56832 piso=1183200
COUNTS id=[ 480, 996 ] end=69888 piso=1443840
COUNTS id=[ 480, 997 ] end=53376 piso=1192800
COUNTS id=[ 480, 998 ] end=180224 piso=1896960
COUNTS id=[ 480, 999 ] end=24576 piso=639360
COUNTS id=[ 480, 1000 ] end=125952 piso=15429120
COUNTS id=[ 480, 1001 ] end=70656 piso=1359360
COUNTS id=[ 480, 1002 ] end=64512 piso=552960
COUNTS id=[ 480, 1003 ] end=8064 piso=192480
COUNTS id=[ 480, 1004 ] end=24192 piso=384960
COUNTS id=[ 480, 1005 ] end=8064 piso=192480
COUNTS id=[ 480, 1006 ] end=50176 piso=552960
COUNTS id=[ 480, 1007 ] end=25216 piso=409920
COUNTS id=[ 480, 1008 ] end=33792 piso=418560
COUNTS id=[ 480, 1009 ] end=39936 piso=456960
COUNTS id=[ 480, 1010 ] end=38400 piso=738720
COUNTS id=[ 480, 1011 ] end=118272 piso=15515520
COUNTS id=[ 480, 1012 ] end=42432 piso=999840
COUNTS id=[ 480, 1013 ] end=3680 piso=85440
COUNTS id=[ 480, 1014 ] end=4480 piso=117600
COUNTS id=[ 480, 1015 ] end=7040 piso=221760
COUNTS id=[ 480, 1016 ] end=2000 piso=101160
COUNTS id=[ 480, 1017 ] end=5360 piso=164520
COUNTS id=[ 480, 1018 ] end=1400 piso=42120
COUNTS id=[ 480, 1019 ] end=1160 piso=59400
COUNTS id=[ 480, 1020 ] end=1520 piso=37800
COUNTS id=[ 480, 1021 ] end=3560 piso=124680
COUNTS id=[ 480, 1022 ] end=7040 piso=480000
COUNTS id=[ 480, 1023 ] end=5360 piso=587040
COUNTS id=[ 480, 1024 ] end=13024 piso=553920
DONE checked=254 abelian=0 hits=0 reversed=0 skipped_abelian=2 closest=[ 480, 935 ] min_ratio=6/5 runtime_ms=271887
