{"command": ["/project/gap-4.16.1/gap", "-l", "/project/gap-4.16.1", "-q", "-b", "-T", "-m", "128m", "-o", "4g", "-c", "START_ORDER:=488;;END_ORDER:=488;;START_ID:=1;;END_ID:=14;;SKIP_ABELIAN:=true;;LOG_ALL:=true;;", "/project/scripts/search_19_20.g"], "source_hashes": {"scripts/search_19_20.g": "7b6a34e9163b58b0248b3c464ae8070783414cd7d14048136dd0e3547b906318", "scripts/lib_19_20.g": "fbcf2d3c4b0648cc1fa87d6e50fc923133d594c029b8430a365caf596ac7ccd5"}}
PARAMETERS start=488 end=488 start_id=1 end_id=14 skip_abelian=true log_all=true
ORDER_START order=488 groups=14
COUNTS id=[ 488, 1 ] end=14888 piso=29768
CLOSEST id=[ 488, 1 ] end=14888 piso=29768 ratio=3721/1861
ABELIAN_SKIPPED id=[ 488, 2 ] reason=known_equality
COUNTS id=[ 488, 3 ] end=7688 piso=37088
COUNTS id=[ 488, 4 ] end=30748 piso=178364
COUNTS id=[ 488, 5 ] end=30752 piso=119072
COUNTS id=[ 488, 6 ] end=60516 piso=296460
COUNTS id=[ 488, 7 ] end=59552 piso=119072
COUNTS id=[ 488, 8 ] end=30516 piso=120780
ABELIAN_SKIPPED id=[ 488, 9 ] reason=known_equality
COUNTS id=[ 488, 10 ] end=2196 piso=3660
CLOSEST id=[ 488, 10 ] end=2196 piso=3660 ratio=5/3
COUNTS id=[ 488, 11 ] end=1708 piso=2684
CLOSEST id=[ 488, 11 ] end=1708 piso=2684 ratio=11/7
COUNTS id=[ 488, 12 ] end=16352 piso=141032
COUNTS id=[ 488, 13 ] end=261632 piso=1905152
ABELIAN_SKIPPED id=[ 488, 14 ] reason=known_equality
DONE checked=11 abelian=0 hits=0 reversed=0 skipped_abelian=3 closest=[ 488, 11 ] min_ratio=11/7 runtime_ms=3145
