{"command": ["/project/gap-4.16.1/gap", "-l", "/project/gap-4.16.1", "-q", "-b", "-T", "-m", "128m", "-o", "4g", "-c", "START_ORDER:=320;;END_ORDER:=320;;START_ID:=1;;END_ID:=256;;SKIP_ABELIAN:=true;;LOG_ALL:=true;;", "/project/scripts/search_19_20.g"], "source_hashes": {"scripts/search_19_20.g": "7b6a34e9163b58b0248b3c464ae8070783414cd7d14048136dd0e3547b906318", "scripts/lib_19_20.g": "fbcf2d3c4b0648cc1fa87d6e50fc923133d594c029b8430a365caf596ac7ccd5"}}
PARAMETERS start=320 end=320 start_id=1 end_id=256 skip_abelian=true log_all=true
ORDER_START order=320 groups=1640
COUNTS id=[ 320, 1 ] end=832 piso=1600
CLOSEST id=[ 320, 1 ] end=832 piso=1600 ratio=25/13
ABELIAN_SKIPPED id=[ 320, 2 ] reason=known_equality
COUNTS id=[ 320, 3 ] end=576 piso=1920
COUNTS id=[ 320, 4 ] end=2304 piso=6400
COUNTS id=[ 320, 5 ] end=2112 piso=6400
COUNTS id=[ 320, 6 ] end=26244 piso=187360
COUNTS id=[ 320, 7 ] end=13124 piso=82400
COUNTS id=[ 320, 8 ] end=12804 piso=141280
COUNTS id=[ 320, 9 ] end=7936 piso=172960
COUNTS id=[ 320, 10 ] end=4096 piso=100000
COUNTS id=[ 320, 11 ] end=36864 piso=102400
COUNTS id=[ 320, 12 ] end=10752 piso=71680
COUNTS id=[ 320, 13 ] end=26112 piso=76800
COUNTS id=[ 320, 14 ] end=3968 piso=85280
COUNTS id=[ 320, 15 ] end=12928 piso=51200
COUNTS id=[ 320, 16 ] end=12928 piso=51200
COUNTS id=[ 320, 17 ] end=7808 piso=140320
COUNTS id=[ 320, 18 ] end=13312 piso=25600
COUNTS id=[ 320, 19 ] end=6912 piso=25600
COUNTS id=[ 320, 20 ] end=6528 piso=19840
COUNTS id=[ 320, 21 ] end=3328 piso=19840
COUNTS id=[ 320, 22 ] end=8064 piso=135680
COUNTS id=[ 320, 23 ] end=4224 piso=87040
COUNTS id=[ 320, 24 ] end=3584 piso=19840
COUNTS id=[ 320, 25 ] end=4608 piso=225440
COUNTS id=[ 320, 26 ] end=9216 piso=1725440
COUNTS id=[ 320, 27 ] end=5376 piso=163840
COUNTS id=[ 320, 28 ] end=8448 piso=277920
COUNTS id=[ 320, 29 ] end=8384 piso=1758400
COUNTS id=[ 320, 30 ] end=4544 piso=97600
COUNTS id=[ 320, 31 ] end=6144 piso=166400
COUNTS id=[ 320, 32 ] end=9984 piso=339840
COUNTS id=[ 320, 33 ] end=9152 piso=1786560
COUNTS id=[ 320, 34 ] end=5312 piso=151360
COUNTS id=[ 320, 35 ] end=8064 piso=122880
COUNTS id=[ 320, 36 ] end=4224 piso=104320
COUNTS id=[ 320, 37 ] end=4992 piso=46080
COUNTS id=[ 320, 38 ] end=4992 piso=46080
COUNTS id=[ 320, 39 ] end=8064 piso=163200
COUNTS id=[ 320, 40 ] end=6784 piso=156800
COUNTS id=[ 320, 41 ] end=7808 piso=142880
COUNTS id=[ 320, 42 ] end=3968 piso=87840
COUNTS id=[ 320, 43 ] end=15744 piso=608640
COUNTS id=[ 320, 44 ] end=6784 piso=156800
COUNTS id=[ 320, 45 ] end=3488 piso=21120
COUNTS id=[ 320, 46 ] end=5856 piso=53760
COUNTS id=[ 320, 47 ] end=9248 piso=53120
COUNTS id=[ 320, 48 ] end=9248 piso=53120
COUNTS id=[ 320, 49 ] end=11296 piso=284800
COUNTS id=[ 320, 50 ] end=6816 piso=140160
COUNTS id=[ 320, 51 ] end=3872 piso=24320
COUNTS id=[ 320, 52 ] end=4512 piso=33920
COUNTS id=[ 320, 53 ] end=11232 piso=282880
COUNTS id=[ 320, 54 ] end=6752 piso=135680
COUNTS id=[ 320, 55 ] end=5792 piso=49920
COUNTS id=[ 320, 56 ] end=3328 piso=6400
COUNTS id=[ 320, 57 ] end=1728 piso=6400
COUNTS id=[ 320, 58 ] end=9216 piso=25600
COUNTS id=[ 320, 59 ] end=2688 piso=21120
COUNTS id=[ 320, 60 ] end=8448 piso=25600
COUNTS id=[ 320, 61 ] end=7072 piso=178560
COUNTS id=[ 320, 62 ] end=25632 piso=117120
COUNTS id=[ 320, 63 ] end=25632 piso=117120
COUNTS id=[ 320, 64 ] end=6432 piso=47360
COUNTS id=[ 320, 65 ] end=4608 piso=59520
COUNTS id=[ 320, 66 ] end=3904 piso=25760
COUNTS id=[ 320, 67 ] end=14112 piso=302720
COUNTS id=[ 320, 68 ] end=7072 piso=55040
COUNTS id=[ 320, 69 ] end=2304 piso=21120
COUNTS id=[ 320, 70 ] end=6144 piso=21120
COUNTS id=[ 320, 71 ] end=9632 piso=39040
COUNTS id=[ 320, 72 ] end=4224 piso=49280
COUNTS id=[ 320, 73 ] end=3904 piso=25760
COUNTS id=[ 320, 74 ] end=13792 piso=288000
COUNTS id=[ 320, 75 ] end=6752 piso=140800
COUNTS id=[ 320, 76 ] end=7392 piso=81920
COUNTS id=[ 320, 77 ] end=10244 piso=75360
COUNTS id=[ 320, 78 ] end=6724 piso=47200
COUNTS id=[ 320, 79 ] end=8644 piso=57440
COUNTS id=[ 320, 80 ] end=7684 piso=60000
COUNTS id=[ 320, 81 ] end=16384 piso=137600
COUNTS id=[ 320, 82 ] end=26624 piso=248320
COUNTS id=[ 320, 83 ] end=13312 piso=389120
COUNTS id=[ 320, 84 ] end=31744 piso=980480
COUNTS id=[ 320, 85 ] end=26624 piso=975360
COUNTS id=[ 320, 86 ] end=13056 piso=76800
COUNTS id=[ 320, 87 ] end=17664 piso=273920
COUNTS id=[ 320, 88 ] end=13824 piso=145920
COUNTS id=[ 320, 89 ] end=17664 piso=115200
COUNTS id=[ 320, 90 ] end=16384 piso=260480
COUNTS id=[ 320, 91 ] end=7424 piso=117120
COUNTS id=[ 320, 92 ] end=6784 piso=60960
COUNTS id=[ 320, 93 ] end=6528 piso=52000
COUNTS id=[ 320, 94 ] end=8640 piso=422080
COUNTS id=[ 320, 95 ] end=6912 piso=165280
COUNTS id=[ 320, 96 ] end=6656 piso=148640
COUNTS id=[ 320, 97 ] end=8384 piso=61760
COUNTS id=[ 320, 98 ] end=6784 piso=76800
COUNTS id=[ 320, 99 ] end=16384 piso=122880
COUNTS id=[ 320, 100 ] end=6784 piso=76800
COUNTS id=[ 320, 101 ] end=6528 piso=69120
PROGRESS checked=100 hits=0 reversed=0 runtime_ms=60110
COUNTS id=[ 320, 102 ] end=13440 piso=135040
COUNTS id=[ 320, 103 ] end=16640 piso=173440
COUNTS id=[ 320, 104 ] end=12928 piso=78720
COUNTS id=[ 320, 105 ] end=6528 piso=67200
COUNTS id=[ 320, 106 ] end=6528 piso=78720
COUNTS id=[ 320, 107 ] end=6656 piso=27520
COUNTS id=[ 320, 108 ] end=18432 piso=284160
COUNTS id=[ 320, 109 ] end=30976 piso=606720
COUNTS id=[ 320, 110 ] end=13056 piso=130560
COUNTS id=[ 320, 111 ] end=3456 piso=24960
COUNTS id=[ 320, 112 ] end=16896 piso=202240
COUNTS id=[ 320, 113 ] end=24576 piso=362880
COUNTS id=[ 320, 114 ] end=15616 piso=96640
COUNTS id=[ 320, 115 ] end=30976 piso=222720
COUNTS id=[ 320, 116 ] end=7936 piso=125440
COUNTS id=[ 320, 117 ] end=15616 piso=96640
COUNTS id=[ 320, 118 ] end=18176 piso=158720
COUNTS id=[ 320, 119 ] end=1856 piso=15520
COUNTS id=[ 320, 120 ] end=8480 piso=80000
COUNTS id=[ 320, 121 ] end=6880 piso=65280
COUNTS id=[ 320, 122 ] end=8096 piso=58240
COUNTS id=[ 320, 123 ] end=6496 piso=40960
COUNTS id=[ 320, 124 ] end=5088 piso=40960
COUNTS id=[ 320, 125 ] end=3488 piso=24320
ABELIAN_SKIPPED id=[ 320, 126 ] reason=known_equality
COUNTS id=[ 320, 127 ] end=7680 piso=15360
COUNTS id=[ 320, 128 ] end=5120 piso=348160
COUNTS id=[ 320, 129 ] end=3840 piso=35840
COUNTS id=[ 320, 130 ] end=3200 piso=27680
COUNTS id=[ 320, 131 ] end=1920 piso=18720
COUNTS id=[ 320, 132 ] end=3840 piso=60320
COUNTS id=[ 320, 133 ] end=2560 piso=43680
COUNTS id=[ 320, 134 ] end=3200 piso=25600
COUNTS id=[ 320, 135 ] end=1920 piso=17920
COUNTS id=[ 320, 136 ] end=5760 piso=83840
COUNTS id=[ 320, 137 ] end=1920 piso=26240
COUNTS id=[ 320, 138 ] end=3200 piso=27520
COUNTS id=[ 320, 139 ] end=3200 piso=10240
COUNTS id=[ 320, 140 ] end=3200 piso=10240
COUNTS id=[ 320, 141 ] end=10240 piso=64000
COUNTS id=[ 320, 142 ] end=11520 piso=38400
COUNTS id=[ 320, 143 ] end=8960 piso=35840
COUNTS id=[ 320, 144 ] end=10240 piso=65920
COUNTS id=[ 320, 145 ] end=11520 piso=94720
COUNTS id=[ 320, 146 ] end=3840 piso=28160
COUNTS id=[ 320, 147 ] end=15360 piso=468480
COUNTS id=[ 320, 148 ] end=7680 piso=43520
COUNTS id=[ 320, 149 ] end=6400 piso=24960
ABELIAN_SKIPPED id=[ 320, 150 ] reason=known_equality
COUNTS id=[ 320, 151 ] end=3840 piso=5120
CLOSEST id=[ 320, 151 ] end=3840 piso=5120 ratio=4/3
COUNTS id=[ 320, 152 ] end=2560 piso=4480
COUNTS id=[ 320, 153 ] end=2560 piso=12160
COUNTS id=[ 320, 154 ] end=1920 piso=9600
COUNTS id=[ 320, 155 ] end=1600 piso=5280
COUNTS id=[ 320, 156 ] end=4800 piso=388800
COUNTS id=[ 320, 157 ] end=3520 piso=28480
COUNTS id=[ 320, 158 ] end=6400 piso=91520
COUNTS id=[ 320, 159 ] end=5120 piso=40960
COUNTS id=[ 320, 160 ] end=3200 piso=25600
COUNTS id=[ 320, 161 ] end=1920 piso=27520
COUNTS id=[ 320, 162 ] end=4000 piso=46720
COUNTS id=[ 320, 163 ] end=2080 piso=24960
COUNTS id=[ 320, 164 ] end=2080 piso=8960
COUNTS id=[ 320, 165 ] end=2400 piso=12800
COUNTS id=[ 320, 166 ] end=3680 piso=44800
COUNTS id=[ 320, 167 ] end=1760 piso=20480
COUNTS id=[ 320, 168 ] end=1920 piso=4480
COUNTS id=[ 320, 169 ] end=1280 piso=4480
COUNTS id=[ 320, 170 ] end=2080 piso=5760
COUNTS id=[ 320, 171 ] end=5280 piso=14720
COUNTS id=[ 320, 172 ] end=5280 piso=14720
COUNTS id=[ 320, 173 ] end=1440 piso=6400
ABELIAN_SKIPPED id=[ 320, 174 ] reason=known_equality
COUNTS id=[ 320, 175 ] end=960 piso=1280
COUNTS id=[ 320, 176 ] end=5780 piso=23520
COUNTS id=[ 320, 177 ] end=2900 piso=10720
COUNTS id=[ 320, 178 ] end=2580 piso=18400
COUNTS id=[ 320, 179 ] end=1792 piso=7680
COUNTS id=[ 320, 180 ] end=1472 piso=7680
COUNTS id=[ 320, 181 ] end=6144 piso=26880
COUNTS id=[ 320, 182 ] end=4992 piso=26880
COUNTS id=[ 320, 183 ] end=3776 piso=23680
COUNTS id=[ 320, 184 ] end=3776 piso=23680
COUNTS id=[ 320, 185 ] end=4608 piso=33920
COUNTS id=[ 320, 186 ] end=4608 piso=33920
COUNTS id=[ 320, 187 ] end=10368 piso=87680
COUNTS id=[ 320, 188 ] end=10368 piso=87680
COUNTS id=[ 320, 189 ] end=3968 piso=40960
COUNTS id=[ 320, 190 ] end=3968 piso=40960
COUNTS id=[ 320, 191 ] end=11264 piso=649600
COUNTS id=[ 320, 192 ] end=9984 piso=220160
COUNTS id=[ 320, 193 ] end=4224 piso=176000
COUNTS id=[ 320, 194 ] end=5504 piso=153600
COUNTS id=[ 320, 195 ] end=9216 piso=30720
COUNTS id=[ 320, 196 ] end=4224 piso=26240
COUNTS id=[ 320, 197 ] end=5376 piso=30720
COUNTS id=[ 320, 198 ] end=2816 piso=26240
COUNTS id=[ 320, 199 ] end=2304 piso=26240
COUNTS id=[ 320, 200 ] end=11776 piso=323200
COUNTS id=[ 320, 201 ] end=13056 piso=177920
COUNTS id=[ 320, 202 ] end=6208 piso=1970880
COUNTS id=[ 320, 203 ] end=4928 piso=125760
COUNTS id=[ 320, 204 ] end=18176 piso=2364160
PROGRESS checked=200 hits=0 reversed=0 runtime_ms=107855
COUNTS id=[ 320, 205 ] end=6656 piso=149120
COUNTS id=[ 320, 206 ] end=5504 piso=344480
COUNTS id=[ 320, 207 ] end=4224 piso=215200
COUNTS id=[ 320, 208 ] end=2944 piso=96000
COUNTS id=[ 320, 209 ] end=4224 piso=153120
COUNTS id=[ 320, 210 ] end=2944 piso=105760
COUNTS id=[ 320, 211 ] end=2944 piso=150400
COUNTS id=[ 320, 212 ] end=13056 piso=472320
COUNTS id=[ 320, 213 ] end=11776 piso=330880
COUNTS id=[ 320, 214 ] end=2304 piso=7680
COUNTS id=[ 320, 215 ] end=1344 piso=7680
COUNTS id=[ 320, 216 ] end=24576 piso=107520
COUNTS id=[ 320, 217 ] end=12288 piso=81920
COUNTS id=[ 320, 218 ] end=8448 piso=80640
COUNTS id=[ 320, 219 ] end=8064 piso=56320
COUNTS id=[ 320, 220 ] end=8064 piso=56320
COUNTS id=[ 320, 221 ] end=5504 piso=56320
COUNTS id=[ 320, 222 ] end=5504 piso=56320
COUNTS id=[ 320, 223 ] end=7168 piso=30720
COUNTS id=[ 320, 224 ] end=5888 piso=30720
COUNTS id=[ 320, 225 ] end=3584 piso=64640
COUNTS id=[ 320, 226 ] end=2944 piso=26240
COUNTS id=[ 320, 227 ] end=2304 piso=26240
COUNTS id=[ 320, 228 ] end=3584 piso=26240
COUNTS id=[ 320, 229 ] end=2944 piso=54400
COUNTS id=[ 320, 230 ] end=12288 piso=328960
COUNTS id=[ 320, 231 ] end=16384 piso=517120
COUNTS id=[ 320, 232 ] end=8704 piso=131200
COUNTS id=[ 320, 233 ] end=16384 piso=209920
COUNTS id=[ 320, 234 ] end=6144 piso=158720
COUNTS id=[ 320, 235 ] end=11264 piso=192000
COUNTS id=[ 320, 236 ] end=1984 piso=28320
COUNTS id=[ 320, 237 ] end=9984 piso=225280
COUNTS id=[ 320, 238 ] end=13824 piso=348800
COUNTS id=[ 320, 239 ] end=4864 piso=148480
COUNTS id=[ 320, 240 ] end=8704 piso=128640
COUNTS id=[ 320, 241 ] end=3520 piso=69120
COUNTS id=[ 320, 242 ] end=5120 piso=235520
COUNTS id=[ 320, 243 ] end=2880 piso=48640
COUNTS id=[ 320, 244 ] end=4480 piso=224640
COUNTS id=[ 320, 245 ] end=3904 piso=79360
COUNTS id=[ 320, 246 ] end=3584 piso=121600
COUNTS id=[ 320, 247 ] end=3264 piso=61440
COUNTS id=[ 320, 248 ] end=2944 piso=100480
COUNTS id=[ 320, 249 ] end=4608 piso=64640
COUNTS id=[ 320, 250 ] end=2688 piso=41600
COUNTS id=[ 320, 251 ] end=8448 piso=189440
COUNTS id=[ 320, 252 ] end=5888 piso=179200
COUNTS id=[ 320, 253 ] end=7168 piso=1740800
COUNTS id=[ 320, 254 ] end=5568 piso=105280
COUNTS id=[ 320, 255 ] end=19456 piso=2304000
COUNTS id=[ 320, 256 ] end=14336 piso=363520
DONE checked=252 abelian=0 hits=0 reversed=0 skipped_abelian=4 closest=[ 320, 151 ] min_ratio=4/3 runtime_ms=138470
