PARAMETERS start=2 end=63
ORDER_START order=2 groups=1
ORDER_START order=3 groups=1
ORDER_START order=4 groups=2
ORDER_START order=5 groups=1
ORDER_START order=6 groups=2
CLOSEST id=[ 6, 1 ] end=10 piso=18 ratio=9/5
ORDER_START order=7 groups=1
ORDER_START order=8 groups=5
CLOSEST id=[ 8, 3 ] end=36 piso=60 ratio=5/3
CLOSEST id=[ 8, 4 ] end=28 piso=44 ratio=11/7
ORDER_START order=9 groups=2
ORDER_START order=10 groups=2
ORDER_START order=11 groups=1
ORDER_START order=12 groups=5
ORDER_START order=13 groups=1
ORDER_START order=14 groups=2
ORDER_START order=15 groups=1
ORDER_START order=16 groups=14
CLOSEST id=[ 16, 6 ] end=48 piso=64 ratio=4/3
ORDER_START order=17 groups=1
ORDER_START order=18 groups=5
ORDER_START order=19 groups=1
ORDER_START order=20 groups=5
ORDER_START order=21 groups=2
ORDER_START order=22 groups=2
ORDER_START order=23 groups=1
ORDER_START order=24 groups=15
ORDER_START order=25 groups=2
ORDER_START order=26 groups=2
ORDER_START order=27 groups=5
ORDER_START order=28 groups=4
ORDER_START order=29 groups=1
ORDER_START order=30 groups=4
ORDER_START order=31 groups=1
ORDER_START order=32 groups=51
PROGRESS checked=100 hits=0 reversed=0 runtime_ms=6470
CLOSEST id=[ 32, 37 ] end=1280 piso=1536 ratio=6/5
CLOSEST id=[ 32, 48 ] end=13312 piso=13952 ratio=109/104
CLOSEST id=[ 32, 49 ] end=23488 piso=24416 ratio=763/734
ORDER_START order=33 groups=1
ORDER_START order=34 groups=2
ORDER_START order=35 groups=1
ORDER_START order=36 groups=14
ORDER_START order=37 groups=1
ORDER_START order=38 groups=2
ORDER_START order=39 groups=2
ORDER_START order=40 groups=14
ORDER_START order=41 groups=1
ORDER_START order=42 groups=6
ORDER_START order=43 groups=1
ORDER_START order=44 groups=4
ORDER_START order=45 groups=2
ORDER_START order=46 groups=2
ORDER_START order=47 groups=1
ORDER_START order=48 groups=52
PROGRESS checked=200 hits=0 reversed=0 runtime_ms=16762
ORDER_START order=49 groups=2
ORDER_START order=50 groups=5
ORDER_START order=51 groups=1
ORDER_START order=52 groups=5
ORDER_START order=53 groups=1
ORDER_START order=54 groups=15
ORDER_START order=55 groups=2
ORDER_START order=56 groups=13
ORDER_START order=57 groups=2
ORDER_START order=58 groups=2
ORDER_START order=59 groups=1
ORDER_START order=60 groups=13
PROGRESS checked=300 hits=0 reversed=0 runtime_ms=29811
ORDER_START order=61 groups=1
ORDER_START order=62 groups=2
ORDER_START order=63 groups=4
DONE checked=318 abelian=105 hits=0 reversed=0 closest=[ 32, 49 ] min_ratio=
763/734 runtime_ms=31382
