{"command": ["/project/gap-4.16.1/gap", "-l", "/project/gap-4.16.1", "-q", "-b", "-T", "-m", "128m", "-o", "4g", "-c", "START_ORDER:=384;;END_ORDER:=384;;START_ID:=6913;;END_ID:=7168;;SKIP_ABELIAN:=true;;LOG_ALL:=true;;", "/project/scripts/search_19_20.g"], "source_hashes": {"scripts/search_19_20.g": "7b6a34e9163b58b0248b3c464ae8070783414cd7d14048136dd0e3547b906318", "scripts/lib_19_20.g": "fbcf2d3c4b0648cc1fa87d6e50fc923133d594c029b8430a365caf596ac7ccd5"}}
PARAMETERS start=384 end=384 start_id=6913 end_id=7168 skip_abelian=true log_all=true
ORDER_START order=384 groups=20169
COUNTS id=[ 384, 6913 ] end=249856 piso=7581696
CLOSEST id=[ 384, 6913 ] end=249856 piso=7581696 ratio=1851/61
COUNTS id=[ 384, 6914 ] end=225280 piso=5543424
CLOSEST id=[ 384, 6914 ] end=225280 piso=5543424 ratio=10827/440
COUNTS id=[ 384, 6915 ] end=593920 piso=9831936
CLOSEST id=[ 384, 6915 ] end=593920 piso=9831936 ratio=19203/1160
COUNTS id=[ 384, 6916 ] end=962560 piso=10397184
CLOSEST id=[ 384, 6916 ] end=962560 piso=10397184 ratio=20307/1880
COUNTS id=[ 384, 6917 ] end=77824 piso=4300800
COUNTS id=[ 384, 6918 ] end=299008 piso=5763072
COUNTS id=[ 384, 6919 ] end=593920 piso=8669184
COUNTS id=[ 384, 6920 ] end=360448 piso=6819840
COUNTS id=[ 384, 6921 ] end=151552 piso=4792320
COUNTS id=[ 384, 6922 ] end=741376 piso=8091648
COUNTS id=[ 384, 6923 ] end=323584 piso=5813760
COUNTS id=[ 384, 6924 ] end=249856 piso=4627968
COUNTS id=[ 384, 6925 ] end=40960 piso=4263936
COUNTS id=[ 384, 6926 ] end=225280 piso=5027328
COUNTS id=[ 384, 6927 ] end=249856 piso=3838464
COUNTS id=[ 384, 6928 ] end=77824 piso=4227072
COUNTS id=[ 384, 6929 ] end=495616 piso=6342144
COUNTS id=[ 384, 6930 ] end=348160 piso=5604864
COUNTS id=[ 384, 6931 ] end=790528 piso=9535488
COUNTS id=[ 384, 6932 ] end=8753152 piso=47652864
CLOSEST id=[ 384, 6932 ] end=8753152 piso=47652864 ratio=11634/2137
COUNTS id=[ 384, 6933 ] end=14483456 piso=89653248
COUNTS id=[ 384, 6934 ] end=720896 piso=5732352
COUNTS id=[ 384, 6935 ] end=1753088 piso=13664256
COUNTS id=[ 384, 6936 ] end=2981888 piso=32214528
COUNTS id=[ 384, 6937 ] end=634880 piso=5354496
COUNTS id=[ 384, 6938 ] end=950272 piso=16919040
COUNTS id=[ 384, 6939 ] end=360448 piso=5933568
COUNTS id=[ 384, 6940 ] end=409600 piso=5726208
COUNTS id=[ 384, 6941 ] end=286720 piso=4952064
COUNTS id=[ 384, 6942 ] end=360448 piso=5985792
COUNTS id=[ 384, 6943 ] end=851968 piso=12781056
COUNTS id=[ 384, 6944 ] end=2461696 piso=33589248
COUNTS id=[ 384, 6945 ] end=888832 piso=11286528
COUNTS id=[ 384, 6946 ] end=1146880 piso=13731840
COUNTS id=[ 384, 6947 ] end=544768 piso=10291200
COUNTS id=[ 384, 6948 ] end=483328 piso=7243776
COUNTS id=[ 384, 6949 ] end=249856 piso=4909056
COUNTS id=[ 384, 6950 ] end=716800 piso=8689152
COUNTS id=[ 384, 6951 ] end=5029888 piso=58294272
COUNTS id=[ 384, 6952 ] end=1196032 piso=17326080
COUNTS id=[ 384, 6953 ] end=1179648 piso=18734592
COUNTS id=[ 384, 6954 ] end=999424 piso=17436672
COUNTS id=[ 384, 6955 ] end=8011776 piso=650522112
COUNTS id=[ 384, 6956 ] end=1130496 piso=18710016
COUNTS id=[ 384, 6957 ] end=860160 piso=16316928
COUNTS id=[ 384, 6958 ] end=1392640 piso=14807040
COUNTS id=[ 384, 6959 ] end=1032192 piso=12946944
COUNTS id=[ 384, 6960 ] end=1105920 piso=14777856
COUNTS id=[ 384, 6961 ] end=1179648 piso=12252672
COUNTS id=[ 384, 6962 ] end=761856 piso=7882752
COUNTS id=[ 384, 6963 ] end=712704 piso=9887232
COUNTS id=[ 384, 6964 ] end=282624 piso=4737024
COUNTS id=[ 384, 6965 ] end=282624 piso=4746240
COUNTS id=[ 384, 6966 ] end=675840 piso=6425088
COUNTS id=[ 384, 6967 ] end=688128 piso=7056384
COUNTS id=[ 384, 6968 ] end=688128 piso=10199040
COUNTS id=[ 384, 6969 ] end=2498560 piso=29062656
COUNTS id=[ 384, 6970 ] end=1662976 piso=23594496
COUNTS id=[ 384, 6971 ] end=1069056 piso=13662720
COUNTS id=[ 384, 6972 ] end=835584 piso=12799488
COUNTS id=[ 384, 6973 ] end=1769472 piso=21186048
COUNTS id=[ 384, 6974 ] end=737280 piso=8193024
COUNTS id=[ 384, 6975 ] end=712704 piso=10375680
COUNTS id=[ 384, 6976 ] end=282624 piso=5572608
COUNTS id=[ 384, 6977 ] end=1081344 piso=11478528
COUNTS id=[ 384, 6978 ] end=712704 piso=6832128
COUNTS id=[ 384, 6979 ] end=307200 piso=4697088
COUNTS id=[ 384, 6980 ] end=1380352 piso=30325248
COUNTS id=[ 384, 6981 ] end=1724416 piso=142984704
COUNTS id=[ 384, 6982 ] end=3960832 piso=339499008
COUNTS id=[ 384, 6983 ] end=397312 piso=13756416
COUNTS id=[ 384, 6984 ] end=360448 piso=13017600
COUNTS id=[ 384, 6985 ] end=729088 piso=12384768
COUNTS id=[ 384, 6986 ] end=741376 piso=16883712
COUNTS id=[ 384, 6987 ] end=974848 piso=21990912
COUNTS id=[ 384, 6988 ] end=3850240 piso=153675264
COUNTS id=[ 384, 6989 ] end=3678208 piso=319520256
COUNTS id=[ 384, 6990 ] end=200704 piso=10056192
COUNTS id=[ 384, 6991 ] end=200704 piso=10062336
COUNTS id=[ 384, 6992 ] end=704512 piso=15280128
COUNTS id=[ 384, 6993 ] end=188416 piso=12158976
COUNTS id=[ 384, 6994 ] end=716800 piso=17771520
COUNTS id=[ 384, 6995 ] end=593920 piso=16124928
COUNTS id=[ 384, 6996 ] end=348160 piso=6908928
COUNTS id=[ 384, 6997 ] end=507904 piso=16072704
COUNTS id=[ 384, 6998 ] end=532480 piso=16551936
COUNTS id=[ 384, 6999 ] end=434176 piso=13335552
COUNTS id=[ 384, 7000 ] end=434176 piso=13335552
COUNTS id=[ 384, 7001 ] end=569344 piso=9404928
COUNTS id=[ 384, 7002 ] end=348160 piso=7279104
COUNTS id=[ 384, 7003 ] end=1024000 piso=19616256
COUNTS id=[ 384, 7004 ] end=335872 piso=5952000
COUNTS id=[ 384, 7005 ] end=335872 piso=6357504
COUNTS id=[ 384, 7006 ] end=335872 piso=6434304
COUNTS id=[ 384, 7007 ] end=667648 piso=10498560
COUNTS id=[ 384, 7008 ] end=1024000 piso=19487232
COUNTS id=[ 384, 7009 ] end=249856 piso=6325248
COUNTS id=[ 384, 7010 ] end=335872 piso=6320640
COUNTS id=[ 384, 7011 ] end=335872 piso=6336000
COUNTS id=[ 384, 7012 ] end=335872 piso=6357504
PROGRESS checked=100 hits=0 reversed=0 runtime_ms=337155
COUNTS id=[ 384, 7013 ] end=335872 piso=6375936
COUNTS id=[ 384, 7014 ] end=335872 piso=6409728
COUNTS id=[ 384, 7015 ] end=335872 piso=6461952
COUNTS id=[ 384, 7016 ] end=176128 piso=12026880
COUNTS id=[ 384, 7017 ] end=176128 piso=12183552
COUNTS id=[ 384, 7018 ] end=200704 piso=12582912
COUNTS id=[ 384, 7019 ] end=200704 piso=11974656
COUNTS id=[ 384, 7020 ] end=335872 piso=5912064
COUNTS id=[ 384, 7021 ] end=102400 piso=4773888
COUNTS id=[ 384, 7022 ] end=102400 piso=4810752
COUNTS id=[ 384, 7023 ] end=593920 piso=9796608
COUNTS id=[ 384, 7024 ] end=335872 piso=6752256
COUNTS id=[ 384, 7025 ] end=102400 piso=4764672
COUNTS id=[ 384, 7026 ] end=102400 piso=4764672
COUNTS id=[ 384, 7027 ] end=335872 piso=5796864
COUNTS id=[ 384, 7028 ] end=3506176 piso=310929408
COUNTS id=[ 384, 7029 ] end=3506176 piso=310929408
COUNTS id=[ 384, 7030 ] end=397312 piso=11716608
COUNTS id=[ 384, 7031 ] end=3555328 piso=319100928
COUNTS id=[ 384, 7032 ] end=163840 piso=11882496
COUNTS id=[ 384, 7033 ] end=397312 piso=15336960
COUNTS id=[ 384, 7034 ] end=102400 piso=9409536
COUNTS id=[ 384, 7035 ] end=102400 piso=9409536
COUNTS id=[ 384, 7036 ] end=409600 piso=13420032
COUNTS id=[ 384, 7037 ] end=102400 piso=9351168
COUNTS id=[ 384, 7038 ] end=102400 piso=9231360
COUNTS id=[ 384, 7039 ] end=102400 piso=9289728
COUNTS id=[ 384, 7040 ] end=102400 piso=9246720
COUNTS id=[ 384, 7041 ] end=311296 piso=9864192
COUNTS id=[ 384, 7042 ] end=102400 piso=3962880
COUNTS id=[ 384, 7043 ] end=139264 piso=4297728
COUNTS id=[ 384, 7044 ] end=102400 piso=4263936
COUNTS id=[ 384, 7045 ] end=139264 piso=4747776
COUNTS id=[ 384, 7046 ] end=102400 piso=4551168
COUNTS id=[ 384, 7047 ] end=102400 piso=4070400
COUNTS id=[ 384, 7048 ] end=507904 piso=11710464
COUNTS id=[ 384, 7049 ] end=335872 piso=6388224
COUNTS id=[ 384, 7050 ] end=176128 piso=5214720
COUNTS id=[ 384, 7051 ] end=335872 piso=5624832
COUNTS id=[ 384, 7052 ] end=593920 piso=9744384
COUNTS id=[ 384, 7053 ] end=372736 piso=7546368
COUNTS id=[ 384, 7054 ] end=114688 piso=9314304
COUNTS id=[ 384, 7055 ] end=102400 piso=3950592
COUNTS id=[ 384, 7056 ] end=176128 piso=4342272
COUNTS id=[ 384, 7057 ] end=102400 piso=3975168
COUNTS id=[ 384, 7058 ] end=311296 piso=6025728
COUNTS id=[ 384, 7059 ] end=102400 piso=3990528
COUNTS id=[ 384, 7060 ] end=311296 piso=5942784
COUNTS id=[ 384, 7061 ] end=372736 piso=15250944
COUNTS id=[ 384, 7062 ] end=372736 piso=15140352
COUNTS id=[ 384, 7063 ] end=446464 piso=7477248
COUNTS id=[ 384, 7064 ] end=360448 piso=13284864
COUNTS id=[ 384, 7065 ] end=360448 piso=12891648
COUNTS id=[ 384, 7066 ] end=102400 piso=4291584
COUNTS id=[ 384, 7067 ] end=102400 piso=4288512
COUNTS id=[ 384, 7068 ] end=176128 piso=4351488
COUNTS id=[ 384, 7069 ] end=176128 piso=4348416
COUNTS id=[ 384, 7070 ] end=311296 piso=4893696
COUNTS id=[ 384, 7071 ] end=311296 piso=4902912
COUNTS id=[ 384, 7072 ] end=606208 piso=11736576
COUNTS id=[ 384, 7073 ] end=114688 piso=5107200
COUNTS id=[ 384, 7074 ] end=335872 piso=5729280
COUNTS id=[ 384, 7075 ] end=606208 piso=9787392
COUNTS id=[ 384, 7076 ] end=348160 piso=7143936
COUNTS id=[ 384, 7077 ] end=114688 piso=4933632
COUNTS id=[ 384, 7078 ] end=262144 piso=12547584
COUNTS id=[ 384, 7079 ] end=372736 piso=6796800
COUNTS id=[ 384, 7080 ] end=139264 piso=9824256
COUNTS id=[ 384, 7081 ] end=102400 piso=3883008
COUNTS id=[ 384, 7082 ] end=102400 piso=3886080
COUNTS id=[ 384, 7083 ] end=311296 piso=5217792
COUNTS id=[ 384, 7084 ] end=360448 piso=7735296
COUNTS id=[ 384, 7085 ] end=1171456 piso=18101760
COUNTS id=[ 384, 7086 ] end=507904 piso=11082240
COUNTS id=[ 384, 7087 ] end=1036288 piso=18109440
COUNTS id=[ 384, 7088 ] end=593920 piso=10031616
COUNTS id=[ 384, 7089 ] end=102400 piso=4655616
COUNTS id=[ 384, 7090 ] end=102400 piso=4670976
COUNTS id=[ 384, 7091 ] end=593920 piso=9664512
COUNTS id=[ 384, 7092 ] end=483328 piso=8283648
COUNTS id=[ 384, 7093 ] end=679936 piso=12089856
COUNTS id=[ 384, 7094 ] end=335872 piso=5673984
COUNTS id=[ 384, 7095 ] end=335872 piso=6486528
COUNTS id=[ 384, 7096 ] end=335872 piso=6535680
COUNTS id=[ 384, 7097 ] end=102400 piso=4667904
COUNTS id=[ 384, 7098 ] end=593920 piso=9618432
COUNTS id=[ 384, 7099 ] end=225280 piso=5555712
COUNTS id=[ 384, 7100 ] end=593920 piso=9836544
COUNTS id=[ 384, 7101 ] end=335872 piso=5701632
COUNTS id=[ 384, 7102 ] end=593920 piso=9077760
COUNTS id=[ 384, 7103 ] end=593920 piso=9042432
COUNTS id=[ 384, 7104 ] end=593920 piso=9024000
COUNTS id=[ 384, 7105 ] end=679936 piso=11254272
COUNTS id=[ 384, 7106 ] end=876544 piso=16485888
COUNTS id=[ 384, 7107 ] end=335872 piso=5724672
COUNTS id=[ 384, 7108 ] end=335872 piso=5673984
COUNTS id=[ 384, 7109 ] end=335872 piso=5673984
COUNTS id=[ 384, 7110 ] end=225280 piso=5546496
COUNTS id=[ 384, 7111 ] end=176128 piso=5515776
COUNTS id=[ 384, 7112 ] end=139264 piso=5557248
PROGRESS checked=200 hits=0 reversed=0 runtime_ms=613181
COUNTS id=[ 384, 7113 ] end=335872 piso=5595648
COUNTS id=[ 384, 7114 ] end=372736 piso=6916608
COUNTS id=[ 384, 7115 ] end=249856 piso=6389760
COUNTS id=[ 384, 7116 ] end=348160 piso=6383616
COUNTS id=[ 384, 7117 ] end=421888 piso=7378944
COUNTS id=[ 384, 7118 ] end=102400 piso=3913728
COUNTS id=[ 384, 7119 ] end=102400 piso=3879936
COUNTS id=[ 384, 7120 ] end=262144 piso=4704768
COUNTS id=[ 384, 7121 ] end=102400 piso=3892224
COUNTS id=[ 384, 7122 ] end=102400 piso=4247040
COUNTS id=[ 384, 7123 ] end=102400 piso=3935232
COUNTS id=[ 384, 7124 ] end=311296 piso=5159424
COUNTS id=[ 384, 7125 ] end=520192 piso=8314368
COUNTS id=[ 384, 7126 ] end=311296 piso=4764672
COUNTS id=[ 384, 7127 ] end=311296 piso=4804608
COUNTS id=[ 384, 7128 ] end=311296 piso=4795392
COUNTS id=[ 384, 7129 ] end=262144 piso=5839872
COUNTS id=[ 384, 7130 ] end=385024 piso=5858304
COUNTS id=[ 384, 7131 ] end=114688 piso=4419072
COUNTS id=[ 384, 7132 ] end=102400 piso=3929088
COUNTS id=[ 384, 7133 ] end=102400 piso=3929088
COUNTS id=[ 384, 7134 ] end=102400 piso=4454400
COUNTS id=[ 384, 7135 ] end=102400 piso=4506624
COUNTS id=[ 384, 7136 ] end=102400 piso=3895296
COUNTS id=[ 384, 7137 ] end=102400 piso=3861504
COUNTS id=[ 384, 7138 ] end=114688 piso=3969024
COUNTS id=[ 384, 7139 ] end=311296 piso=4783104
COUNTS id=[ 384, 7140 ] end=311296 piso=6237696
COUNTS id=[ 384, 7141 ] end=311296 piso=6228480
COUNTS id=[ 384, 7142 ] end=311296 piso=4795392
COUNTS id=[ 384, 7143 ] end=323584 piso=5958144
COUNTS id=[ 384, 7144 ] end=323584 piso=5982720
COUNTS id=[ 384, 7145 ] end=397312 piso=6414336
COUNTS id=[ 384, 7146 ] end=311296 piso=4737024
COUNTS id=[ 384, 7147 ] end=102400 piso=3929088
COUNTS id=[ 384, 7148 ] end=102400 piso=3901440
COUNTS id=[ 384, 7149 ] end=176128 piso=4286976
COUNTS id=[ 384, 7150 ] end=225280 piso=4326912
COUNTS id=[ 384, 7151 ] end=102400 piso=4540416
COUNTS id=[ 384, 7152 ] end=102400 piso=4543488
COUNTS id=[ 384, 7153 ] end=102400 piso=4512768
COUNTS id=[ 384, 7154 ] end=311296 piso=4767744
COUNTS id=[ 384, 7155 ] end=311296 piso=4737024
COUNTS id=[ 384, 7156 ] end=520192 piso=8295936
COUNTS id=[ 384, 7157 ] end=495616 piso=8142336
COUNTS id=[ 384, 7158 ] end=114688 piso=4632576
COUNTS id=[ 384, 7159 ] end=139264 piso=4647936
COUNTS id=[ 384, 7160 ] end=188416 piso=5071872
COUNTS id=[ 384, 7161 ] end=188416 piso=4907520
COUNTS id=[ 384, 7162 ] end=212992 piso=13682688
COUNTS id=[ 384, 7163 ] end=421888 piso=13845504
COUNTS id=[ 384, 7164 ] end=421888 piso=13867008
COUNTS id=[ 384, 7165 ] end=262144 piso=13739520
COUNTS id=[ 384, 7166 ] end=8945664 piso=700231680
COUNTS id=[ 384, 7167 ] end=4931584 piso=332500992
COUNTS id=[ 384, 7168 ] end=4300800 piso=333725184
DONE checked=256 abelian=0 hits=0 reversed=0 skipped_abelian=0 closest=[ 384, 6932 ] min_ratio=11634/2137 runtime_ms=748448
