{"command": ["/project/gap-4.16.1/gap", "-l", "/project/gap-4.16.1", "-q", "-b", "-T", "-m", "128m", "-o", "4g", "-c", "START_ORDER:=384;;END_ORDER:=384;;START_ID:=6657;;END_ID:=6912;;SKIP_ABELIAN:=true;;LOG_ALL:=true;;", "/project/scripts/search_19_20.g"], "source_hashes": {"scripts/search_19_20.g": "7b6a34e9163b58b0248b3c464ae8070783414cd7d14048136dd0e3547b906318", "scripts/lib_19_20.g": "fbcf2d3c4b0648cc1fa87d6e50fc923133d594c029b8430a365caf596ac7ccd5"}}
PARAMETERS start=384 end=384 start_id=6657 end_id=6912 skip_abelian=true log_all=true
ORDER_START order=384 groups=20169
COUNTS id=[ 384, 6657 ] end=311296 piso=4955136
CLOSEST id=[ 384, 6657 ] end=311296 piso=4955136 ratio=4839/304
COUNTS id=[ 384, 6658 ] end=311296 piso=5044224
COUNTS id=[ 384, 6659 ] end=102400 piso=4459008
COUNTS id=[ 384, 6660 ] end=323584 piso=6718464
COUNTS id=[ 384, 6661 ] end=102400 piso=3984384
COUNTS id=[ 384, 6662 ] end=102400 piso=4012032
COUNTS id=[ 384, 6663 ] end=311296 piso=5982720
COUNTS id=[ 384, 6664 ] end=458752 piso=6303744
CLOSEST id=[ 384, 6664 ] end=458752 piso=6303744 ratio=1539/112
COUNTS id=[ 384, 6665 ] end=212992 piso=5105664
COUNTS id=[ 384, 6666 ] end=335872 piso=13174272
COUNTS id=[ 384, 6667 ] end=372736 piso=6832128
COUNTS id=[ 384, 6668 ] end=385024 piso=5812224
COUNTS id=[ 384, 6669 ] end=139264 piso=4995072
COUNTS id=[ 384, 6670 ] end=335872 piso=6610944
COUNTS id=[ 384, 6671 ] end=102400 piso=4821504
COUNTS id=[ 384, 6672 ] end=102400 piso=4827648
COUNTS id=[ 384, 6673 ] end=888832 piso=17387520
COUNTS id=[ 384, 6674 ] end=335872 piso=6884352
COUNTS id=[ 384, 6675 ] end=593920 piso=9756672
COUNTS id=[ 384, 6676 ] end=311296 piso=5214720
COUNTS id=[ 384, 6677 ] end=102400 piso=3993600
COUNTS id=[ 384, 6678 ] end=102400 piso=3969024
COUNTS id=[ 384, 6679 ] end=311296 piso=4887552
COUNTS id=[ 384, 6680 ] end=311296 piso=5991936
COUNTS id=[ 384, 6681 ] end=102400 piso=3987456
COUNTS id=[ 384, 6682 ] end=102400 piso=4197888
COUNTS id=[ 384, 6683 ] end=311296 piso=5970432
COUNTS id=[ 384, 6684 ] end=311296 piso=5113344
COUNTS id=[ 384, 6685 ] end=557056 piso=8424960
COUNTS id=[ 384, 6686 ] end=311296 piso=4872192
COUNTS id=[ 384, 6687 ] end=139264 piso=4468224
COUNTS id=[ 384, 6688 ] end=102400 piso=4064256
COUNTS id=[ 384, 6689 ] end=139264 piso=4153344
COUNTS id=[ 384, 6690 ] end=360448 piso=7704576
COUNTS id=[ 384, 6691 ] end=262144 piso=5346816
COUNTS id=[ 384, 6692 ] end=471040 piso=14063616
COUNTS id=[ 384, 6693 ] end=335872 piso=13776384
COUNTS id=[ 384, 6694 ] end=10223616 piso=701153280
COUNTS id=[ 384, 6695 ] end=9895936 piso=1275912192
COUNTS id=[ 384, 6696 ] end=1105920 piso=11558400
CLOSEST id=[ 384, 6696 ] end=1105920 piso=11558400 ratio=1505/144
COUNTS id=[ 384, 6697 ] end=2326528 piso=39942144
COUNTS id=[ 384, 6698 ] end=4251648 piso=318947328
COUNTS id=[ 384, 6699 ] end=1105920 piso=12135936
COUNTS id=[ 384, 6700 ] end=1105920 piso=11607552
COUNTS id=[ 384, 6701 ] end=5128192 piso=372719616
COUNTS id=[ 384, 6702 ] end=3862528 piso=339499008
COUNTS id=[ 384, 6703 ] end=360448 piso=11570688
COUNTS id=[ 384, 6704 ] end=593920 piso=14604288
COUNTS id=[ 384, 6705 ] end=3555328 piso=311721984
COUNTS id=[ 384, 6706 ] end=3555328 piso=318941184
COUNTS id=[ 384, 6707 ] end=3837952 piso=333792768
COUNTS id=[ 384, 6708 ] end=3506176 piso=311539200
COUNTS id=[ 384, 6709 ] end=679936 piso=11871744
COUNTS id=[ 384, 6710 ] end=10031104 piso=1328855040
COUNTS id=[ 384, 6711 ] end=839680 piso=142473216
COUNTS id=[ 384, 6712 ] end=471040 piso=13105152
COUNTS id=[ 384, 6713 ] end=1060864 piso=17332224
COUNTS id=[ 384, 6714 ] end=593920 piso=10034688
COUNTS id=[ 384, 6715 ] end=876544 piso=19327488
COUNTS id=[ 384, 6716 ] end=311296 piso=5942784
COUNTS id=[ 384, 6717 ] end=520192 piso=9283584
COUNTS id=[ 384, 6718 ] end=311296 piso=5878272
COUNTS id=[ 384, 6719 ] end=606208 piso=13062144
COUNTS id=[ 384, 6720 ] end=1736704 piso=33779712
COUNTS id=[ 384, 6721 ] end=753664 piso=10088448
COUNTS id=[ 384, 6722 ] end=4354048 piso=631332864
COUNTS id=[ 384, 6723 ] end=1114112 piso=15876096
COUNTS id=[ 384, 6724 ] end=1769472 piso=18063360
CLOSEST id=[ 384, 6724 ] end=1769472 piso=18063360 ratio=245/24
COUNTS id=[ 384, 6725 ] end=1212416 piso=12816384
COUNTS id=[ 384, 6726 ] end=327680 piso=8398848
COUNTS id=[ 384, 6727 ] end=229376 piso=5524992
COUNTS id=[ 384, 6728 ] end=425984 piso=9166848
COUNTS id=[ 384, 6729 ] end=2293760 piso=33226752
COUNTS id=[ 384, 6730 ] end=425984 piso=7311360
COUNTS id=[ 384, 6731 ] end=561152 piso=5452800
CLOSEST id=[ 384, 6731 ] end=561152 piso=5452800 ratio=5325/548
COUNTS id=[ 384, 6732 ] end=671744 piso=6690816
COUNTS id=[ 384, 6733 ] end=786432 piso=10587648
COUNTS id=[ 384, 6734 ] end=376832 piso=6618624
COUNTS id=[ 384, 6735 ] end=278528 piso=6753792
COUNTS id=[ 384, 6736 ] end=1064960 piso=10083840
CLOSEST id=[ 384, 6736 ] end=1064960 piso=10083840 ratio=303/32
COUNTS id=[ 384, 6737 ] end=229376 piso=5062656
COUNTS id=[ 384, 6738 ] end=434176 piso=7501824
COUNTS id=[ 384, 6739 ] end=335872 piso=12269568
COUNTS id=[ 384, 6740 ] end=262144 piso=5555712
COUNTS id=[ 384, 6741 ] end=360448 piso=5985792
COUNTS id=[ 384, 6742 ] end=851968 piso=12928512
COUNTS id=[ 384, 6743 ] end=409600 piso=12252672
COUNTS id=[ 384, 6744 ] end=901120 piso=17696256
COUNTS id=[ 384, 6745 ] end=77824 piso=4651008
COUNTS id=[ 384, 6746 ] end=53248 piso=4623360
COUNTS id=[ 384, 6747 ] end=77824 piso=4712448
COUNTS id=[ 384, 6748 ] end=495616 piso=6744576
COUNTS id=[ 384, 6749 ] end=77824 piso=4975104
COUNTS id=[ 384, 6750 ] end=249856 piso=4623360
COUNTS id=[ 384, 6751 ] end=249856 piso=5015040
COUNTS id=[ 384, 6752 ] end=114688 piso=4416000
COUNTS id=[ 384, 6753 ] end=40960 piso=4134912
COUNTS id=[ 384, 6754 ] end=40960 piso=4113408
COUNTS id=[ 384, 6755 ] end=249856 piso=4059648
COUNTS id=[ 384, 6756 ] end=618496 piso=7550976
PROGRESS checked=100 hits=0 reversed=0 runtime_ms=319532
COUNTS id=[ 384, 6757 ] end=483328 piso=8910336
COUNTS id=[ 384, 6758 ] end=790528 piso=12068352
COUNTS id=[ 384, 6759 ] end=225280 piso=5985792
COUNTS id=[ 384, 6760 ] end=593920 piso=10470912
COUNTS id=[ 384, 6761 ] end=421888 piso=9623040
COUNTS id=[ 384, 6762 ] end=77824 piso=4755456
COUNTS id=[ 384, 6763 ] end=77824 piso=4546560
COUNTS id=[ 384, 6764 ] end=151552 piso=5246976
COUNTS id=[ 384, 6765 ] end=323584 piso=5061120
COUNTS id=[ 384, 6766 ] end=716800 piso=10432512
COUNTS id=[ 384, 6767 ] end=299008 piso=7704576
COUNTS id=[ 384, 6768 ] end=200704 piso=4855296
COUNTS id=[ 384, 6769 ] end=507904 piso=9320448
COUNTS id=[ 384, 6770 ] end=507904 piso=8398848
COUNTS id=[ 384, 6771 ] end=151552 piso=5529600
COUNTS id=[ 384, 6772 ] end=741376 piso=9025536
COUNTS id=[ 384, 6773 ] end=163840 piso=4489728
COUNTS id=[ 384, 6774 ] end=741376 piso=13946880
COUNTS id=[ 384, 6775 ] end=40960 piso=5486592
COUNTS id=[ 384, 6776 ] end=483328 piso=7540224
COUNTS id=[ 384, 6777 ] end=249856 piso=4107264
COUNTS id=[ 384, 6778 ] end=114688 piso=4354560
COUNTS id=[ 384, 6779 ] end=40960 piso=4216320
COUNTS id=[ 384, 6780 ] end=409600 piso=6531072
COUNTS id=[ 384, 6781 ] end=40960 piso=4021248
COUNTS id=[ 384, 6782 ] end=40960 piso=3996672
COUNTS id=[ 384, 6783 ] end=40960 piso=4008960
COUNTS id=[ 384, 6784 ] end=249856 piso=5320704
COUNTS id=[ 384, 6785 ] end=77824 piso=4177920
COUNTS id=[ 384, 6786 ] end=249856 piso=3921408
COUNTS id=[ 384, 6787 ] end=249856 piso=3985920
COUNTS id=[ 384, 6788 ] end=114688 piso=4394496
COUNTS id=[ 384, 6789 ] end=249856 piso=4079616
COUNTS id=[ 384, 6790 ] end=249856 piso=3912192
COUNTS id=[ 384, 6791 ] end=544768 piso=7041024
COUNTS id=[ 384, 6792 ] end=77824 piso=4560384
COUNTS id=[ 384, 6793 ] end=299008 piso=7655424
COUNTS id=[ 384, 6794 ] end=495616 piso=7587840
COUNTS id=[ 384, 6795 ] end=249856 piso=7016448
COUNTS id=[ 384, 6796 ] end=593920 piso=10272768
COUNTS id=[ 384, 6797 ] end=1675264 piso=17031168
COUNTS id=[ 384, 6798 ] end=200704 piso=6070272
COUNTS id=[ 384, 6799 ] end=4259840 piso=45268992
COUNTS id=[ 384, 6800 ] end=720896 piso=6076416
CLOSEST id=[ 384, 6800 ] end=720896 piso=6076416 ratio=2967/352
COUNTS id=[ 384, 6801 ] end=1818624 piso=14696448
CLOSEST id=[ 384, 6801 ] end=1818624 piso=14696448 ratio=299/37
COUNTS id=[ 384, 6802 ] end=1384448 piso=15355392
COUNTS id=[ 384, 6803 ] end=1040384 piso=10481664
COUNTS id=[ 384, 6804 ] end=2064384 piso=27938304
COUNTS id=[ 384, 6805 ] end=1482752 piso=17100288
COUNTS id=[ 384, 6806 ] end=1015808 piso=9504768
COUNTS id=[ 384, 6807 ] end=778240 piso=16366080
COUNTS id=[ 384, 6808 ] end=286720 piso=5663232
COUNTS id=[ 384, 6809 ] end=483328 piso=11902464
COUNTS id=[ 384, 6810 ] end=286720 piso=5154816
COUNTS id=[ 384, 6811 ] end=286720 piso=5007360
COUNTS id=[ 384, 6812 ] end=249856 piso=9676800
COUNTS id=[ 384, 6813 ] end=262144 piso=4850688
COUNTS id=[ 384, 6814 ] end=458752 piso=6850560
COUNTS id=[ 384, 6815 ] end=1724416 piso=30916608
COUNTS id=[ 384, 6816 ] end=667648 piso=10813440
COUNTS id=[ 384, 6817 ] end=249856 piso=4641792
COUNTS id=[ 384, 6818 ] end=458752 piso=8504832
COUNTS id=[ 384, 6819 ] end=569344 piso=9807360
COUNTS id=[ 384, 6820 ] end=2473984 piso=44218368
COUNTS id=[ 384, 6821 ] end=925696 piso=13996032
COUNTS id=[ 384, 6822 ] end=286720 piso=5240832
COUNTS id=[ 384, 6823 ] end=249856 piso=5429760
COUNTS id=[ 384, 6824 ] end=249856 piso=4638720
COUNTS id=[ 384, 6825 ] end=667648 piso=11668992
COUNTS id=[ 384, 6826 ] end=458752 piso=6749184
COUNTS id=[ 384, 6827 ] end=249856 piso=4709376
COUNTS id=[ 384, 6828 ] end=458752 piso=6718464
COUNTS id=[ 384, 6829 ] end=495616 piso=8627712
COUNTS id=[ 384, 6830 ] end=1576960 piso=25866240
COUNTS id=[ 384, 6831 ] end=643072 piso=8417280
COUNTS id=[ 384, 6832 ] end=1196032 piso=20606976
COUNTS id=[ 384, 6833 ] end=409600 piso=13805568
COUNTS id=[ 384, 6834 ] end=1114112 piso=15814656
COUNTS id=[ 384, 6835 ] end=671744 piso=8193024
COUNTS id=[ 384, 6836 ] end=229376 piso=5561856
COUNTS id=[ 384, 6837 ] end=204800 piso=5406720
COUNTS id=[ 384, 6838 ] end=991232 piso=9652224
COUNTS id=[ 384, 6839 ] end=671744 piso=6617088
COUNTS id=[ 384, 6840 ] end=229376 piso=6569472
COUNTS id=[ 384, 6841 ] end=327680 piso=7071744
COUNTS id=[ 384, 6842 ] end=262144 piso=4921344
COUNTS id=[ 384, 6843 ] end=53248 piso=4790784
COUNTS id=[ 384, 6844 ] end=249856 piso=4712448
COUNTS id=[ 384, 6845 ] end=458752 piso=6951936
COUNTS id=[ 384, 6846 ] end=40960 piso=4159488
COUNTS id=[ 384, 6847 ] end=40960 piso=4159488
COUNTS id=[ 384, 6848 ] end=249856 piso=4167168
COUNTS id=[ 384, 6849 ] end=249856 piso=4457472
COUNTS id=[ 384, 6850 ] end=40960 piso=4220928
COUNTS id=[ 384, 6851 ] end=323584 piso=5990400
COUNTS id=[ 384, 6852 ] end=77824 piso=4976640
COUNTS id=[ 384, 6853 ] end=643072 piso=10194432
COUNTS id=[ 384, 6854 ] end=151552 piso=5783040
COUNTS id=[ 384, 6855 ] end=163840 piso=4778496
COUNTS id=[ 384, 6856 ] end=40960 piso=4323840
PROGRESS checked=200 hits=0 reversed=0 runtime_ms=592062
COUNTS id=[ 384, 6857 ] end=40960 piso=4317696
COUNTS id=[ 384, 6858 ] end=249856 piso=5641728
COUNTS id=[ 384, 6859 ] end=40960 piso=4265472
COUNTS id=[ 384, 6860 ] end=262144 piso=5119488
COUNTS id=[ 384, 6861 ] end=40960 piso=4165632
COUNTS id=[ 384, 6862 ] end=53248 piso=4208640
COUNTS id=[ 384, 6863 ] end=249856 piso=4813824
COUNTS id=[ 384, 6864 ] end=249856 piso=4171776
COUNTS id=[ 384, 6865 ] end=40960 piso=4174848
COUNTS id=[ 384, 6866 ] end=249856 piso=4161024
COUNTS id=[ 384, 6867 ] end=360448 piso=7570944
COUNTS id=[ 384, 6868 ] end=274432 piso=6176256
COUNTS id=[ 384, 6869 ] end=274432 piso=6093312
COUNTS id=[ 384, 6870 ] end=4259840 piso=46411776
COUNTS id=[ 384, 6871 ] end=1384448 piso=15367680
COUNTS id=[ 384, 6872 ] end=1040384 piso=10481664
COUNTS id=[ 384, 6873 ] end=1384448 piso=15834624
COUNTS id=[ 384, 6874 ] end=2293760 piso=34007040
COUNTS id=[ 384, 6875 ] end=634880 piso=5981184
COUNTS id=[ 384, 6876 ] end=249856 piso=9738240
COUNTS id=[ 384, 6877 ] end=458752 piso=11341824
COUNTS id=[ 384, 6878 ] end=262144 piso=5227008
COUNTS id=[ 384, 6879 ] end=471040 piso=9209856
COUNTS id=[ 384, 6880 ] end=249856 piso=4703232
COUNTS id=[ 384, 6881 ] end=249856 piso=4703232
COUNTS id=[ 384, 6882 ] end=458752 piso=8440320
COUNTS id=[ 384, 6883 ] end=925696 piso=16541184
COUNTS id=[ 384, 6884 ] end=286720 piso=6010368
COUNTS id=[ 384, 6885 ] end=1429504 piso=24915456
COUNTS id=[ 384, 6886 ] end=643072 piso=9309696
COUNTS id=[ 384, 6887 ] end=458752 piso=7168512
COUNTS id=[ 384, 6888 ] end=249856 piso=4829184
COUNTS id=[ 384, 6889 ] end=667648 piso=13363200
COUNTS id=[ 384, 6890 ] end=667648 piso=11791872
COUNTS id=[ 384, 6891 ] end=458752 piso=6890496
COUNTS id=[ 384, 6892 ] end=2228224 piso=44373504
COUNTS id=[ 384, 6893 ] end=643072 piso=14988288
COUNTS id=[ 384, 6894 ] end=1900544 piso=17719296
COUNTS id=[ 384, 6895 ] end=4653056 piso=42172416
COUNTS id=[ 384, 6896 ] end=1310720 piso=12115968
COUNTS id=[ 384, 6897 ] end=1163264 piso=10530816
COUNTS id=[ 384, 6898 ] end=278528 piso=5720064
COUNTS id=[ 384, 6899 ] end=1212416 piso=11374080
COUNTS id=[ 384, 6900 ] end=1310720 piso=11214336
COUNTS id=[ 384, 6901 ] end=425984 piso=6655488
COUNTS id=[ 384, 6902 ] end=778240 piso=14622720
COUNTS id=[ 384, 6903 ] end=286720 piso=6107136
COUNTS id=[ 384, 6904 ] end=1245184 piso=21321216
COUNTS id=[ 384, 6905 ] end=557056 piso=12731904
COUNTS id=[ 384, 6906 ] end=225280 piso=5763072
COUNTS id=[ 384, 6907 ] end=77824 piso=4988928
COUNTS id=[ 384, 6908 ] end=151552 piso=4581888
COUNTS id=[ 384, 6909 ] end=643072 piso=7604736
COUNTS id=[ 384, 6910 ] end=1036288 piso=15005184
COUNTS id=[ 384, 6911 ] end=2560000 piso=21073920
COUNTS id=[ 384, 6912 ] end=348160 piso=7901184
DONE checked=256 abelian=0 hits=0 reversed=0 skipped_abelian=0 closest=[ 384, 6801 ] min_ratio=299/37 runtime_ms=741755
