PARAMETERS start=64 end=127
ORDER_START order=64 groups=267
CLOSEST id=[ 64, 3 ] end=1536 piso=3072 ratio=2
CLOSEST id=[ 64, 27 ] end=768 piso=1024 ratio=4/3
CLOSEST id=[ 64, 85 ] end=10240 piso=12288 ratio=6/5
PROGRESS checked=100 hits=0 reversed=0 runtime_ms=26501
PROGRESS checked=200 hits=0 reversed=0 runtime_ms=54403
CLOSEST id=[ 64, 247 ] end=147456 piso=163840 ratio=10/9
STRONG_INEQUALITY_COUNTEREXAMPLE id=[ 64, 263 ] end=3276800 piso=1970176
CLOSEST id=[ 64, 263 ] end=3276800 piso=1970176 ratio=481/800
STRONG_INEQUALITY_COUNTEREXAMPLE id=[ 64, 264 ] end=6074368 piso=3277312
CLOSEST id=[ 64, 264 ] end=6074368 piso=3277312 ratio=6401/11864
ORDER_START order=65 groups=1
ORDER_START order=66 groups=4
ORDER_START order=67 groups=1
ORDER_START order=68 groups=5
ORDER_START order=69 groups=1
ORDER_START order=70 groups=4
ORDER_START order=71 groups=1
ORDER_START order=72 groups=50
PROGRESS checked=300 hits=0 reversed=2 runtime_ms=99387
ORDER_START order=73 groups=1
ORDER_START order=74 groups=2
ORDER_START order=75 groups=3
ORDER_START order=76 groups=4
ORDER_START order=77 groups=1
ORDER_START order=78 groups=6
ORDER_START order=79 groups=1
ORDER_START order=80 groups=52
PROGRESS checked=400 hits=0 reversed=2 runtime_ms=116264
ORDER_START order=81 groups=15
ORDER_START order=82 groups=2
ORDER_START order=83 groups=1
ORDER_START order=84 groups=15
ORDER_START order=85 groups=1
ORDER_START order=86 groups=2
ORDER_START order=87 groups=1
ORDER_START order=88 groups=12
ORDER_START order=89 groups=1
ORDER_START order=90 groups=10
ORDER_START order=91 groups=1
ORDER_START order=92 groups=4
ORDER_START order=93 groups=2
ORDER_START order=94 groups=2
ORDER_START order=95 groups=1
ORDER_START order=96 groups=231
PROGRESS checked=500 hits=0 reversed=2 runtime_ms=131553
PROGRESS checked=600 hits=0 reversed=2 runtime_ms=164077
PROGRESS checked=700 hits=0 reversed=2 runtime_ms=207534
ORDER_START order=97 groups=1
ORDER_START order=98 groups=5
ORDER_START order=99 groups=2
ORDER_START order=100 groups=16
ORDER_START order=101 groups=1
ORDER_START order=102 groups=4
ORDER_START order=103 groups=1
ORDER_START order=104 groups=14
ORDER_START order=105 groups=2
ORDER_START order=106 groups=2
ORDER_START order=107 groups=1
ORDER_START order=108 groups=45
ORDER_START order=109 groups=1
PROGRESS checked=800 hits=0 reversed=2 runtime_ms=228998
ORDER_START order=110 groups=6
ORDER_START order=111 groups=2
ORDER_START order=112 groups=43
ORDER_START order=113 groups=1
ORDER_START order=114 groups=6
ORDER_START order=115 groups=1
ORDER_START order=116 groups=5
ORDER_START order=117 groups=4
ORDER_START order=118 groups=2
ORDER_START order=119 groups=1
ORDER_START order=120 groups=47
PROGRESS checked=900 hits=0 reversed=2 runtime_ms=246111
ORDER_START order=121 groups=2
ORDER_START order=122 groups=2
ORDER_START order=123 groups=1
ORDER_START order=124 groups=4
ORDER_START order=125 groups=5
ORDER_START order=126 groups=16
ORDER_START order=127 groups=1
DONE checked=949 abelian=126 hits=0 reversed=2 closest=[ 64, 264 ] min_ratio=
6401/11864 runtime_ms=252875
