{"command": ["/project/gap-4.16.1/gap", "-l", "/project/gap-4.16.1", "-q", "-b", "-T", "-m", "128m", "-o", "4g", "-c", "START_ORDER:=384;;END_ORDER:=384;;START_ID:=16897;;END_ID:=17152;;SKIP_ABELIAN:=true;;LOG_ALL:=true;;", "/project/scripts/search_19_20.g"], "source_hashes": {"scripts/search_19_20.g": "7b6a34e9163b58b0248b3c464ae8070783414cd7d14048136dd0e3547b906318", "scripts/lib_19_20.g": "fbcf2d3c4b0648cc1fa87d6e50fc923133d594c029b8430a365caf596ac7ccd5"}}
PARAMETERS start=384 end=384 start_id=16897 end_id=17152 skip_abelian=true log_all=true
ORDER_START order=384 groups=20169
COUNTS id=[ 384, 16897 ] end=651264 piso=5119488
CLOSEST id=[ 384, 16897 ] end=651264 piso=5119488 ratio=3333/424
COUNTS id=[ 384, 16898 ] end=417792 piso=2597376
CLOSEST id=[ 384, 16898 ] end=417792 piso=2597376 ratio=1691/272
COUNTS id=[ 384, 16899 ] end=651264 piso=4372992
COUNTS id=[ 384, 16900 ] end=417792 piso=3076608
COUNTS id=[ 384, 16901 ] end=724992 piso=4471296
CLOSEST id=[ 384, 16901 ] end=724992 piso=4471296 ratio=2911/472
COUNTS id=[ 384, 16902 ] end=98304 piso=1943040
COUNTS id=[ 384, 16903 ] end=737280 piso=5452800
COUNTS id=[ 384, 16904 ] end=1056768 piso=7574016
COUNTS id=[ 384, 16905 ] end=356352 piso=2405376
COUNTS id=[ 384, 16906 ] end=417792 piso=3064320
COUNTS id=[ 384, 16907 ] end=651264 piso=4257792
COUNTS id=[ 384, 16908 ] end=417792 piso=3070464
COUNTS id=[ 384, 16909 ] end=208896 piso=1732608
COUNTS id=[ 384, 16910 ] end=417792 piso=3067392
COUNTS id=[ 384, 16911 ] end=651264 piso=4294656
COUNTS id=[ 384, 16912 ] end=3538944 piso=110636544
COUNTS id=[ 384, 16913 ] end=258048 piso=4285440
COUNTS id=[ 384, 16914 ] end=417792 piso=2572800
CLOSEST id=[ 384, 16914 ] end=417792 piso=2572800 ratio=1675/272
COUNTS id=[ 384, 16915 ] end=208896 piso=1990656
COUNTS id=[ 384, 16916 ] end=651264 piso=4276224
COUNTS id=[ 384, 16917 ] end=417792 piso=3111936
COUNTS id=[ 384, 16918 ] end=208896 piso=1987584
COUNTS id=[ 384, 16919 ] end=417792 piso=2555904
CLOSEST id=[ 384, 16919 ] end=417792 piso=2555904 ratio=104/17
COUNTS id=[ 384, 16920 ] end=3194880 piso=103873536
COUNTS id=[ 384, 16921 ] end=454656 piso=4371456
COUNTS id=[ 384, 16922 ] end=3194880 piso=103956480
COUNTS id=[ 384, 16923 ] end=3244032 piso=107145216
COUNTS id=[ 384, 16924 ] end=245760 piso=4128768
COUNTS id=[ 384, 16925 ] end=430080 piso=3128832
COUNTS id=[ 384, 16926 ] end=528384 piso=6041088
COUNTS id=[ 384, 16927 ] end=454656 piso=5893632
COUNTS id=[ 384, 16928 ] end=417792 piso=4062720
COUNTS id=[ 384, 16929 ] end=221184 piso=2029056
COUNTS id=[ 384, 16930 ] end=663552 piso=3835392
CLOSEST id=[ 384, 16930 ] end=663552 piso=3835392 ratio=2497/432
COUNTS id=[ 384, 16931 ] end=835584 piso=4597248
CLOSEST id=[ 384, 16931 ] end=835584 piso=4597248 ratio=2993/544
COUNTS id=[ 384, 16932 ] end=442368 piso=3085824
COUNTS id=[ 384, 16933 ] end=208896 piso=3526656
COUNTS id=[ 384, 16934 ] end=221184 piso=1898496
COUNTS id=[ 384, 16935 ] end=221184 piso=1849344
COUNTS id=[ 384, 16936 ] end=294912 piso=2138112
COUNTS id=[ 384, 16937 ] end=221184 piso=1929216
COUNTS id=[ 384, 16938 ] end=454656 piso=4030464
COUNTS id=[ 384, 16939 ] end=245760 piso=2084352
COUNTS id=[ 384, 16940 ] end=688128 piso=3866112
COUNTS id=[ 384, 16941 ] end=983040 piso=6901248
COUNTS id=[ 384, 16942 ] end=442368 piso=4701696
COUNTS id=[ 384, 16943 ] end=294912 piso=4271616
COUNTS id=[ 384, 16944 ] end=737280 piso=5635584
COUNTS id=[ 384, 16945 ] end=208896 piso=3505152
COUNTS id=[ 384, 16946 ] end=135168 piso=2199552
COUNTS id=[ 384, 16947 ] end=36864 piso=1990656
COUNTS id=[ 384, 16948 ] end=36864 piso=1714176
COUNTS id=[ 384, 16949 ] end=36864 piso=1701888
COUNTS id=[ 384, 16950 ] end=393216 piso=3938304
COUNTS id=[ 384, 16951 ] end=110592 piso=1669632
COUNTS id=[ 384, 16952 ] end=503808 piso=2529792
CLOSEST id=[ 384, 16952 ] end=503808 piso=2529792 ratio=1647/328
COUNTS id=[ 384, 16953 ] end=405504 piso=2173440
COUNTS id=[ 384, 16954 ] end=36864 piso=1755648
COUNTS id=[ 384, 16955 ] end=208896 piso=1763328
COUNTS id=[ 384, 16956 ] end=393216 piso=2325504
COUNTS id=[ 384, 16957 ] end=221184 piso=1852416
COUNTS id=[ 384, 16958 ] end=393216 piso=2350080
COUNTS id=[ 384, 16959 ] end=208896 piso=1746432
COUNTS id=[ 384, 16960 ] end=98304 piso=1605120
COUNTS id=[ 384, 16961 ] end=417792 piso=2557440
COUNTS id=[ 384, 16962 ] end=208896 piso=1867776
COUNTS id=[ 384, 16963 ] end=221184 piso=1958400
COUNTS id=[ 384, 16964 ] end=24576 piso=1548288
COUNTS id=[ 384, 16965 ] end=208896 piso=1469952
COUNTS id=[ 384, 16966 ] end=393216 piso=2350080
COUNTS id=[ 384, 16967 ] end=208896 piso=1909248
COUNTS id=[ 384, 16968 ] end=24576 piso=1539072
COUNTS id=[ 384, 16969 ] end=208896 piso=1482240
COUNTS id=[ 384, 16970 ] end=208896 piso=1781760
COUNTS id=[ 384, 16971 ] end=393216 piso=2350080
COUNTS id=[ 384, 16972 ] end=208896 piso=1569792
COUNTS id=[ 384, 16973 ] end=24576 piso=1536000
COUNTS id=[ 384, 16974 ] end=3502080 piso=111361536
COUNTS id=[ 384, 16975 ] end=1142784 piso=8921088
COUNTS id=[ 384, 16976 ] end=479232 piso=3465216
COUNTS id=[ 384, 16977 ] end=1486848 piso=9553920
COUNTS id=[ 384, 16978 ] end=602112 piso=3790848
COUNTS id=[ 384, 16979 ] end=4079616 piso=119188992
COUNTS id=[ 384, 16980 ] end=1241088 piso=7220736
COUNTS id=[ 384, 16981 ] end=3674112 piso=22433280
COUNTS id=[ 384, 16982 ] end=798720 piso=4935168
COUNTS id=[ 384, 16983 ] end=1142784 piso=8945664
COUNTS id=[ 384, 16984 ] end=1093632 piso=7441920
COUNTS id=[ 384, 16985 ] end=479232 piso=3239424
COUNTS id=[ 384, 16986 ] end=847872 piso=4406784
COUNTS id=[ 384, 16987 ] end=626688 piso=4062720
COUNTS id=[ 384, 16988 ] end=1241088 piso=7048704
COUNTS id=[ 384, 16989 ] end=516096 piso=4184064
COUNTS id=[ 384, 16990 ] end=430080 piso=2451456
COUNTS id=[ 384, 16991 ] end=1781760 piso=6426624
CLOSEST id=[ 384, 16991 ] end=1781760 piso=6426624 ratio=523/145
COUNTS id=[ 384, 16992 ] end=159744 piso=2936832
COUNTS id=[ 384, 16993 ] end=417792 piso=3067392
COUNTS id=[ 384, 16994 ] end=651264 piso=3761664
COUNTS id=[ 384, 16995 ] end=1069056 piso=7067136
COUNTS id=[ 384, 16996 ] end=282624 piso=2121216
PROGRESS checked=100 hits=0 reversed=0 runtime_ms=293782
COUNTS id=[ 384, 16997 ] end=651264 piso=4388352
COUNTS id=[ 384, 16998 ] end=417792 piso=2531328
COUNTS id=[ 384, 16999 ] end=651264 piso=4270080
COUNTS id=[ 384, 17000 ] end=417792 piso=2514432
COUNTS id=[ 384, 17001 ] end=3194880 piso=104037888
COUNTS id=[ 384, 17002 ] end=454656 piso=3202560
COUNTS id=[ 384, 17003 ] end=651264 piso=3915264
COUNTS id=[ 384, 17004 ] end=528384 piso=5376000
COUNTS id=[ 384, 17005 ] end=135168 piso=2010624
COUNTS id=[ 384, 17006 ] end=454656 piso=3448320
COUNTS id=[ 384, 17007 ] end=872448 piso=3472896
COUNTS id=[ 384, 17008 ] end=331776 piso=3042816
COUNTS id=[ 384, 17009 ] end=221184 piso=3526656
COUNTS id=[ 384, 17010 ] end=36864 piso=1671168
COUNTS id=[ 384, 17011 ] end=110592 piso=1929216
COUNTS id=[ 384, 17012 ] end=405504 piso=3201024
COUNTS id=[ 384, 17013 ] end=208896 piso=1760256
COUNTS id=[ 384, 17014 ] end=282624 piso=1869312
COUNTS id=[ 384, 17015 ] end=208896 piso=1766400
COUNTS id=[ 384, 17016 ] end=393216 piso=2959872
COUNTS id=[ 384, 17017 ] end=208896 piso=1760256
COUNTS id=[ 384, 17018 ] end=393216 piso=2935296
COUNTS id=[ 384, 17019 ] end=430080 piso=5832192
COUNTS id=[ 384, 17020 ] end=528384 piso=3403776
COUNTS id=[ 384, 17021 ] end=208896 piso=2445312
COUNTS id=[ 384, 17022 ] end=405504 piso=2820096
COUNTS id=[ 384, 17023 ] end=393216 piso=4529664
COUNTS id=[ 384, 17024 ] end=208896 piso=2416128
COUNTS id=[ 384, 17025 ] end=24576 piso=1625088
COUNTS id=[ 384, 17026 ] end=331776 piso=2058240
COUNTS id=[ 384, 17027 ] end=208896 piso=1876992
COUNTS id=[ 384, 17028 ] end=98304 piso=1595904
COUNTS id=[ 384, 17029 ] end=282624 piso=1872384
COUNTS id=[ 384, 17030 ] end=24576 piso=1625088
COUNTS id=[ 384, 17031 ] end=688128 piso=5512704
COUNTS id=[ 384, 17032 ] end=503808 piso=2784768
COUNTS id=[ 384, 17033 ] end=405504 piso=2151936
COUNTS id=[ 384, 17034 ] end=208896 piso=1488384
COUNTS id=[ 384, 17035 ] end=393216 piso=2316288
COUNTS id=[ 384, 17036 ] end=208896 piso=1469952
COUNTS id=[ 384, 17037 ] end=393216 piso=2316288
COUNTS id=[ 384, 17038 ] end=663552 piso=5199360
COUNTS id=[ 384, 17039 ] end=221184 piso=2065920
COUNTS id=[ 384, 17040 ] end=663552 piso=5199360
COUNTS id=[ 384, 17041 ] end=417792 piso=2537472
COUNTS id=[ 384, 17042 ] end=651264 piso=4227072
COUNTS id=[ 384, 17043 ] end=663552 piso=4306944
COUNTS id=[ 384, 17044 ] end=221184 piso=1781760
COUNTS id=[ 384, 17045 ] end=184320 piso=2009088
COUNTS id=[ 384, 17046 ] end=36864 piso=1683456
COUNTS id=[ 384, 17047 ] end=393216 piso=2371584
COUNTS id=[ 384, 17048 ] end=245760 piso=2009088
COUNTS id=[ 384, 17049 ] end=430080 piso=3282432
COUNTS id=[ 384, 17050 ] end=663552 piso=3913728
COUNTS id=[ 384, 17051 ] end=221184 piso=2039808
COUNTS id=[ 384, 17052 ] end=110592 piso=1721856
COUNTS id=[ 384, 17053 ] end=8073216 piso=422836224
COUNTS id=[ 384, 17054 ] end=749568 piso=40089600
COUNTS id=[ 384, 17055 ] end=1818624 piso=14519808
COUNTS id=[ 384, 17056 ] end=933888 piso=8351232
COUNTS id=[ 384, 17057 ] end=3932160 piso=118930944
COUNTS id=[ 384, 17058 ] end=786432 piso=6004224
COUNTS id=[ 384, 17059 ] end=1572864 piso=10942464
COUNTS id=[ 384, 17060 ] end=786432 piso=4147200
COUNTS id=[ 384, 17061 ] end=294912 piso=2783232
COUNTS id=[ 384, 17062 ] end=3452928 piso=110518272
COUNTS id=[ 384, 17063 ] end=479232 piso=4552704
COUNTS id=[ 384, 17064 ] end=688128 piso=3841536
COUNTS id=[ 384, 17065 ] end=245760 piso=2059776
COUNTS id=[ 384, 17066 ] end=3293184 piso=104185344
COUNTS id=[ 384, 17067 ] end=344064 piso=4394496
COUNTS id=[ 384, 17068 ] end=393216 piso=2623488
COUNTS id=[ 384, 17069 ] end=245760 piso=2519040
COUNTS id=[ 384, 17070 ] end=651264 piso=4254720
COUNTS id=[ 384, 17071 ] end=946176 piso=6901248
COUNTS id=[ 384, 17072 ] end=454656 piso=2747904
COUNTS id=[ 384, 17073 ] end=454656 piso=3239424
COUNTS id=[ 384, 17074 ] end=61440 piso=1826304
COUNTS id=[ 384, 17075 ] end=921600 piso=6604800
COUNTS id=[ 384, 17076 ] end=663552 piso=4313088
COUNTS id=[ 384, 17077 ] end=221184 piso=1751040
COUNTS id=[ 384, 17078 ] end=430080 piso=3133440
COUNTS id=[ 384, 17079 ] end=688128 piso=5351424
COUNTS id=[ 384, 17080 ] end=552960 piso=3545088
COUNTS id=[ 384, 17081 ] end=1093632 piso=6641664
COUNTS id=[ 384, 17082 ] end=208896 piso=2463744
COUNTS id=[ 384, 17083 ] end=417792 piso=4018176
COUNTS id=[ 384, 17084 ] end=454656 piso=2253312
COUNTS id=[ 384, 17085 ] end=86016 piso=1798656
COUNTS id=[ 384, 17086 ] end=245760 piso=3698688
COUNTS id=[ 384, 17087 ] end=61440 piso=1794048
COUNTS id=[ 384, 17088 ] end=577536 piso=3543552
COUNTS id=[ 384, 17089 ] end=393216 piso=2291712
COUNTS id=[ 384, 17090 ] end=208896 piso=1459200
COUNTS id=[ 384, 17091 ] end=393216 piso=2032128
COUNTS id=[ 384, 17092 ] end=208896 piso=1769472
COUNTS id=[ 384, 17093 ] end=393216 piso=2409984
COUNTS id=[ 384, 17094 ] end=208896 piso=1420800
COUNTS id=[ 384, 17095 ] end=24576 piso=1502208
COUNTS id=[ 384, 17096 ] end=1966080 piso=13363200
PROGRESS checked=200 hits=0 reversed=0 runtime_ms=581883
COUNTS id=[ 384, 17097 ] end=3698688 piso=22714368
COUNTS id=[ 384, 17098 ] end=1044480 piso=6395904
COUNTS id=[ 384, 17099 ] end=589824 piso=4564992
COUNTS id=[ 384, 17100 ] end=503808 piso=2856960
COUNTS id=[ 384, 17101 ] end=921600 piso=6053376
COUNTS id=[ 384, 17102 ] end=663552 piso=3595776
COUNTS id=[ 384, 17103 ] end=430080 piso=2514432
COUNTS id=[ 384, 17104 ] end=221184 piso=1777152
COUNTS id=[ 384, 17105 ] end=368640 piso=2248704
COUNTS id=[ 384, 17106 ] end=98304 piso=1614336
COUNTS id=[ 384, 17107 ] end=221184 piso=1996800
COUNTS id=[ 384, 17108 ] end=3883008 piso=118390272
COUNTS id=[ 384, 17109 ] end=4608000 piso=129567744
COUNTS id=[ 384, 17110 ] end=3883008 piso=117934080
COUNTS id=[ 384, 17111 ] end=1056768 piso=7761408
COUNTS id=[ 384, 17112 ] end=724992 piso=4505088
COUNTS id=[ 384, 17113 ] end=1437696 piso=11312640
COUNTS id=[ 384, 17114 ] end=442368 piso=3099648
COUNTS id=[ 384, 17115 ] end=1744896 piso=13003776
COUNTS id=[ 384, 17116 ] end=1056768 piso=6833664
COUNTS id=[ 384, 17117 ] end=442368 piso=3697152
COUNTS id=[ 384, 17118 ] end=3870720 piso=117762048
COUNTS id=[ 384, 17119 ] end=7090176 piso=411201024
COUNTS id=[ 384, 17120 ] end=454656 piso=3508224
COUNTS id=[ 384, 17121 ] end=724992 piso=4535808
COUNTS id=[ 384, 17122 ] end=1069056 piso=6872064
COUNTS id=[ 384, 17123 ] end=626688 piso=4308480
COUNTS id=[ 384, 17124 ] end=3428352 piso=109532160
COUNTS id=[ 384, 17125 ] end=3416064 piso=109206528
COUNTS id=[ 384, 17126 ] end=651264 piso=4351488
COUNTS id=[ 384, 17127 ] end=417792 piso=3096576
COUNTS id=[ 384, 17128 ] end=909312 piso=7558656
COUNTS id=[ 384, 17129 ] end=208896 piso=1961472
COUNTS id=[ 384, 17130 ] end=208896 piso=1970688
COUNTS id=[ 384, 17131 ] end=651264 piso=4273152
COUNTS id=[ 384, 17132 ] end=565248 piso=3589632
COUNTS id=[ 384, 17133 ] end=663552 piso=5282304
COUNTS id=[ 384, 17134 ] end=417792 piso=2558976
COUNTS id=[ 384, 17135 ] end=417792 piso=3113472
COUNTS id=[ 384, 17136 ] end=651264 piso=4326912
COUNTS id=[ 384, 17137 ] end=3428352 piso=109370880
COUNTS id=[ 384, 17138 ] end=208896 piso=1964544
COUNTS id=[ 384, 17139 ] end=921600 piso=6666240
COUNTS id=[ 384, 17140 ] end=417792 piso=2844672
COUNTS id=[ 384, 17141 ] end=651264 piso=4254720
COUNTS id=[ 384, 17142 ] end=417792 piso=2505216
COUNTS id=[ 384, 17143 ] end=909312 piso=6577152
COUNTS id=[ 384, 17144 ] end=282624 piso=2204160
COUNTS id=[ 384, 17145 ] end=651264 piso=3734016
COUNTS id=[ 384, 17146 ] end=651264 piso=4325376
COUNTS id=[ 384, 17147 ] end=417792 piso=2558976
COUNTS id=[ 384, 17148 ] end=651264 piso=5168640
COUNTS id=[ 384, 17149 ] end=921600 piso=7050240
COUNTS id=[ 384, 17150 ] end=651264 piso=3757056
COUNTS id=[ 384, 17151 ] end=651264 piso=3770880
COUNTS id=[ 384, 17152 ] end=663552 piso=4336128
DONE checked=256 abelian=0 hits=0 reversed=0 skipped_abelian=0 closest=[ 384, 16991 ] min_ratio=523/145 runtime_ms=749208
