{"command": ["/project/gap-4.16.1/gap", "-l", "/project/gap-4.16.1", "-q", "-b", "-T", "-m", "128m", "-o", "4g", "-c", "START_ORDER:=480;;END_ORDER:=480;;START_ID:=513;;END_ID:=768;;SKIP_ABELIAN:=true;;LOG_ALL:=true;;", "/project/scripts/search_19_20.g"], "source_hashes": {"scripts/search_19_20.g": "7b6a34e9163b58b0248b3c464ae8070783414cd7d14048136dd0e3547b906318", "scripts/lib_19_20.g": "fbcf2d3c4b0648cc1fa87d6e50fc923133d594c029b8430a365caf596ac7ccd5"}}
PARAMETERS start=480 end=480 start_id=513 end_id=768 skip_abelian=true log_all=true
ORDER_START order=480 groups=1213
COUNTS id=[ 480, 513 ] end=103936 piso=1520640
CLOSEST id=[ 480, 513 ] end=103936 piso=1520640 ratio=2970/203
COUNTS id=[ 480, 514 ] end=31552 piso=627840
COUNTS id=[ 480, 515 ] end=43264 piso=462240
CLOSEST id=[ 480, 515 ] end=43264 piso=462240 ratio=14445/1352
COUNTS id=[ 480, 516 ] end=37888 piso=663840
COUNTS id=[ 480, 517 ] end=40064 piso=617760
COUNTS id=[ 480, 518 ] end=42368 piso=907680
COUNTS id=[ 480, 519 ] end=70912 piso=773280
COUNTS id=[ 480, 520 ] end=55552 piso=786720
COUNTS id=[ 480, 521 ] end=63744 piso=690720
COUNTS id=[ 480, 522 ] end=52224 piso=702240
COUNTS id=[ 480, 523 ] end=26432 piso=443520
COUNTS id=[ 480, 524 ] end=54272 piso=1113120
COUNTS id=[ 480, 525 ] end=71936 piso=823200
COUNTS id=[ 480, 526 ] end=114944 piso=1798560
COUNTS id=[ 480, 527 ] end=279616 piso=3972480
COUNTS id=[ 480, 528 ] end=30272 piso=433920
COUNTS id=[ 480, 529 ] end=38528 piso=915360
COUNTS id=[ 480, 530 ] end=63872 piso=1103520
COUNTS id=[ 480, 531 ] end=46784 piso=708480
COUNTS id=[ 480, 532 ] end=76032 piso=878880
COUNTS id=[ 480, 533 ] end=26432 piso=608640
COUNTS id=[ 480, 534 ] end=377664 piso=4406400
COUNTS id=[ 480, 535 ] end=82304 piso=1836960
COUNTS id=[ 480, 536 ] end=109312 piso=1677600
COUNTS id=[ 480, 537 ] end=44672 piso=1184160
COUNTS id=[ 480, 538 ] end=24512 piso=631680
COUNTS id=[ 480, 539 ] end=167232 piso=2440320
COUNTS id=[ 480, 540 ] end=24512 piso=622080
COUNTS id=[ 480, 541 ] end=94464 piso=1297440
COUNTS id=[ 480, 542 ] end=84736 piso=1120800
COUNTS id=[ 480, 543 ] end=52992 piso=613920
COUNTS id=[ 480, 544 ] end=115264 piso=1299840
COUNTS id=[ 480, 545 ] end=134464 piso=1326720
CLOSEST id=[ 480, 545 ] end=134464 piso=1326720 ratio=20730/2101
COUNTS id=[ 480, 546 ] end=96064 piso=1196160
COUNTS id=[ 480, 547 ] end=157696 piso=15329280
COUNTS id=[ 480, 548 ] end=164864 piso=15313920
COUNTS id=[ 480, 549 ] end=156672 piso=15459840
COUNTS id=[ 480, 550 ] end=156352 piso=15982080
COUNTS id=[ 480, 551 ] end=152000 piso=15686400
COUNTS id=[ 480, 552 ] end=178112 piso=17629440
COUNTS id=[ 480, 553 ] end=56000 piso=1149120
COUNTS id=[ 480, 554 ] end=36256 piso=643680
COUNTS id=[ 480, 555 ] end=57568 piso=1010880
COUNTS id=[ 480, 556 ] end=36928 piso=651840
COUNTS id=[ 480, 557 ] end=67488 piso=1968960
COUNTS id=[ 480, 558 ] end=34816 piso=639360
COUNTS id=[ 480, 559 ] end=23744 piso=473280
COUNTS id=[ 480, 560 ] end=9376 piso=332640
COUNTS id=[ 480, 561 ] end=26208 piso=433920
COUNTS id=[ 480, 562 ] end=10048 piso=327360
COUNTS id=[ 480, 563 ] end=36512 piso=787200
COUNTS id=[ 480, 564 ] end=9856 piso=384000
COUNTS id=[ 480, 565 ] end=17696 piso=338400
COUNTS id=[ 480, 566 ] end=11776 piso=230400
COUNTS id=[ 480, 567 ] end=20576 piso=407520
COUNTS id=[ 480, 568 ] end=12736 piso=232320
COUNTS id=[ 480, 569 ] end=11488 piso=209280
COUNTS id=[ 480, 570 ] end=15808 piso=283200
COUNTS id=[ 480, 571 ] end=12928 piso=214080
COUNTS id=[ 480, 572 ] end=18208 piso=331200
COUNTS id=[ 480, 573 ] end=12256 piso=332160
COUNTS id=[ 480, 574 ] end=35776 piso=777600
COUNTS id=[ 480, 575 ] end=12736 piso=335040
COUNTS id=[ 480, 576 ] end=35296 piso=756480
COUNTS id=[ 480, 577 ] end=43456 piso=703680
COUNTS id=[ 480, 578 ] end=37088 piso=693600
COUNTS id=[ 480, 579 ] end=49504 piso=710400
COUNTS id=[ 480, 580 ] end=37280 piso=680640
COUNTS id=[ 480, 581 ] end=36384 piso=729600
COUNTS id=[ 480, 582 ] end=38048 piso=798720
COUNTS id=[ 480, 583 ] end=21952 piso=546240
COUNTS id=[ 480, 584 ] end=10208 piso=321120
COUNTS id=[ 480, 585 ] end=27104 piso=511680
COUNTS id=[ 480, 586 ] end=10400 piso=317760
COUNTS id=[ 480, 587 ] end=17440 piso=774720
COUNTS id=[ 480, 588 ] end=13088 piso=405120
COUNTS id=[ 480, 589 ] end=10528 piso=257760
COUNTS id=[ 480, 590 ] end=10688 piso=213120
COUNTS id=[ 480, 591 ] end=13408 piso=265440
COUNTS id=[ 480, 592 ] end=15488 piso=288000
COUNTS id=[ 480, 593 ] end=10880 piso=194880
COUNTS id=[ 480, 594 ] end=12224 piso=235200
COUNTS id=[ 480, 595 ] end=14240 piso=247680
COUNTS id=[ 480, 596 ] end=14624 piso=244800
COUNTS id=[ 480, 597 ] end=16448 piso=438720
COUNTS id=[ 480, 598 ] end=10688 piso=387840
COUNTS id=[ 480, 599 ] end=15008 piso=416640
COUNTS id=[ 480, 600 ] end=10208 piso=389760
COUNTS id=[ 480, 601 ] end=31424 piso=662400
COUNTS id=[ 480, 602 ] end=32192 piso=693120
COUNTS id=[ 480, 603 ] end=294912 piso=1781760
CLOSEST id=[ 480, 603 ] end=294912 piso=1781760 ratio=145/24
COUNTS id=[ 480, 604 ] end=44544 piso=539520
COUNTS id=[ 480, 605 ] end=53248 piso=516480
COUNTS id=[ 480, 606 ] end=16832 piso=344160
COUNTS id=[ 480, 607 ] end=16832 piso=344160
COUNTS id=[ 480, 608 ] end=39936 piso=739200
COUNTS id=[ 480, 609 ] end=46592 piso=955680
COUNTS id=[ 480, 610 ] end=27712 piso=654720
COUNTS id=[ 480, 611 ] end=194560 piso=5913600
COUNTS id=[ 480, 612 ] end=34752 piso=472320
PROGRESS checked=100 hits=0 reversed=0 runtime_ms=120882
COUNTS id=[ 480, 613 ] end=33472 piso=702720
COUNTS id=[ 480, 614 ] end=219136 piso=4055040
COUNTS id=[ 480, 615 ] end=31808 piso=495360
COUNTS id=[ 480, 616 ] end=227328 piso=17172480
COUNTS id=[ 480, 617 ] end=168960 piso=1228800
COUNTS id=[ 480, 618 ] end=47552 piso=552960
COUNTS id=[ 480, 619 ] end=31424 piso=698880
COUNTS id=[ 480, 620 ] end=135168 piso=1152000
COUNTS id=[ 480, 621 ] end=206848 piso=1244160
CLOSEST id=[ 480, 621 ] end=206848 piso=1244160 ratio=1215/202
COUNTS id=[ 480, 622 ] end=45632 piso=579840
COUNTS id=[ 480, 623 ] end=157696 piso=6067200
COUNTS id=[ 480, 624 ] end=21952 piso=551040
COUNTS id=[ 480, 625 ] end=38272 piso=709920
COUNTS id=[ 480, 626 ] end=44672 piso=986400
COUNTS id=[ 480, 627 ] end=83200 piso=708000
COUNTS id=[ 480, 628 ] end=55296 piso=677280
COUNTS id=[ 480, 629 ] end=62720 piso=631200
COUNTS id=[ 480, 630 ] end=193536 piso=4193280
COUNTS id=[ 480, 631 ] end=21824 piso=564480
COUNTS id=[ 480, 632 ] end=56448 piso=631200
COUNTS id=[ 480, 633 ] end=50048 piso=890400
COUNTS id=[ 480, 634 ] end=46208 piso=928800
COUNTS id=[ 480, 635 ] end=75264 piso=1061280
COUNTS id=[ 480, 636 ] end=102016 piso=1092000
COUNTS id=[ 480, 637 ] end=179200 piso=17349120
COUNTS id=[ 480, 638 ] end=30272 piso=568320
COUNTS id=[ 480, 639 ] end=119104 piso=5823360
COUNTS id=[ 480, 640 ] end=146752 piso=6675840
COUNTS id=[ 480, 641 ] end=36352 piso=717600
COUNTS id=[ 480, 642 ] end=61952 piso=836640
COUNTS id=[ 480, 643 ] end=117056 piso=2227200
COUNTS id=[ 480, 644 ] end=125376 piso=3934080
COUNTS id=[ 480, 645 ] end=68992 piso=884640
COUNTS id=[ 480, 646 ] end=149696 piso=4490880
COUNTS id=[ 480, 647 ] end=42112 piso=788640
COUNTS id=[ 480, 648 ] end=184512 piso=17942400
COUNTS id=[ 480, 649 ] end=178112 piso=17646720
COUNTS id=[ 480, 650 ] end=42752 piso=575520
COUNTS id=[ 480, 651 ] end=44672 piso=548640
COUNTS id=[ 480, 652 ] end=40832 piso=794400
COUNTS id=[ 480, 653 ] end=142016 piso=15283200
COUNTS id=[ 480, 654 ] end=5160 piso=53760
COUNTS id=[ 480, 655 ] end=1440 piso=20520
COUNTS id=[ 480, 656 ] end=5220 piso=466560
COUNTS id=[ 480, 657 ] end=2280 piso=21600
COUNTS id=[ 480, 658 ] end=3300 piso=90240
COUNTS id=[ 480, 659 ] end=1440 piso=12480
COUNTS id=[ 480, 660 ] end=720 piso=6120
COUNTS id=[ 480, 661 ] end=31488 piso=204960
COUNTS id=[ 480, 662 ] end=92352 piso=401280
CLOSEST id=[ 480, 662 ] end=92352 piso=401280 ratio=2090/481
COUNTS id=[ 480, 663 ] end=19392 piso=188160
COUNTS id=[ 480, 664 ] end=172032 piso=614400
CLOSEST id=[ 480, 664 ] end=172032 piso=614400 ratio=25/7
COUNTS id=[ 480, 665 ] end=35328 piso=178560
COUNTS id=[ 480, 666 ] end=62208 piso=370080
COUNTS id=[ 480, 667 ] end=330432 piso=1737600
COUNTS id=[ 480, 668 ] end=50112 piso=334080
COUNTS id=[ 480, 669 ] end=25152 piso=152160
COUNTS id=[ 480, 670 ] end=23040 piso=209280
COUNTS id=[ 480, 671 ] end=20736 piso=228000
COUNTS id=[ 480, 672 ] end=8256 piso=121440
COUNTS id=[ 480, 673 ] end=129024 piso=5145600
COUNTS id=[ 480, 674 ] end=38400 piso=297120
COUNTS id=[ 480, 675 ] end=142656 piso=5796480
COUNTS id=[ 480, 676 ] end=19776 piso=188160
COUNTS id=[ 480, 677 ] end=39936 piso=420000
COUNTS id=[ 480, 678 ] end=21696 piso=218880
COUNTS id=[ 480, 679 ] end=23616 piso=222720
COUNTS id=[ 480, 680 ] end=23808 piso=231840
COUNTS id=[ 480, 681 ] end=53952 piso=347520
COUNTS id=[ 480, 682 ] end=7872 piso=157440
COUNTS id=[ 480, 683 ] end=11712 piso=165120
COUNTS id=[ 480, 684 ] end=64512 piso=460800
COUNTS id=[ 480, 685 ] end=35328 piso=193920
COUNTS id=[ 480, 686 ] end=54528 piso=373920
COUNTS id=[ 480, 687 ] end=28992 piso=280320
COUNTS id=[ 480, 688 ] end=76032 piso=642720
COUNTS id=[ 480, 689 ] end=22272 piso=208800
COUNTS id=[ 480, 690 ] end=26112 piso=216480
COUNTS id=[ 480, 691 ] end=17472 piso=136800
COUNTS id=[ 480, 692 ] end=43008 piso=153600
COUNTS id=[ 480, 693 ] end=33024 piso=122880
COUNTS id=[ 480, 694 ] end=9024 piso=58080
COUNTS id=[ 480, 695 ] end=50112 piso=292800
COUNTS id=[ 480, 696 ] end=100032 piso=801600
COUNTS id=[ 480, 697 ] end=13632 piso=120000
COUNTS id=[ 480, 698 ] end=38592 piso=360000
COUNTS id=[ 480, 699 ] end=26880 piso=113280
COUNTS id=[ 480, 700 ] end=9024 piso=58080
COUNTS id=[ 480, 701 ] end=40032 piso=289440
COUNTS id=[ 480, 702 ] end=9312 piso=151200
COUNTS id=[ 480, 703 ] end=55104 piso=621120
COUNTS id=[ 480, 704 ] end=26592 piso=207840
COUNTS id=[ 480, 705 ] end=7872 piso=102720
COUNTS id=[ 480, 706 ] end=28224 piso=229440
COUNTS id=[ 480, 707 ] end=29088 piso=250080
COUNTS id=[ 480, 708 ] end=5088 piso=119520
COUNTS id=[ 480, 709 ] end=8448 piso=96960
COUNTS id=[ 480, 710 ] end=12096 piso=248640
COUNTS id=[ 480, 711 ] end=7584 piso=115680
COUNTS id=[ 480, 712 ] end=12864 piso=141120
PROGRESS checked=200 hits=0 reversed=0 runtime_ms=218004
COUNTS id=[ 480, 713 ] end=79872 piso=153600
CLOSEST id=[ 480, 713 ] end=79872 piso=153600 ratio=25/13
COUNTS id=[ 480, 714 ] end=22272 piso=84480
COUNTS id=[ 480, 715 ] end=221184 piso=614400
COUNTS id=[ 480, 716 ] end=64512 piso=430080
COUNTS id=[ 480, 717 ] end=24576 piso=174240
COUNTS id=[ 480, 718 ] end=156672 piso=460800
COUNTS id=[ 480, 719 ] end=41472 piso=163200
COUNTS id=[ 480, 720 ] end=141312 piso=5114880
COUNTS id=[ 480, 721 ] end=37632 piso=204960
COUNTS id=[ 480, 722 ] end=27456 piso=168960
COUNTS id=[ 480, 723 ] end=59136 piso=400800
COUNTS id=[ 480, 724 ] end=49344 piso=344640
COUNTS id=[ 480, 725 ] end=12384 piso=97440
COUNTS id=[ 480, 726 ] end=22464 piso=150720
COUNTS id=[ 480, 727 ] end=89856 piso=358560
COUNTS id=[ 480, 728 ] end=12864 piso=215040
COUNTS id=[ 480, 729 ] end=22464 piso=234240
COUNTS id=[ 480, 730 ] end=121152 piso=5205120
COUNTS id=[ 480, 731 ] end=39168 piso=289440
COUNTS id=[ 480, 732 ] end=35328 piso=304800
COUNTS id=[ 480, 733 ] end=107712 piso=869760
COUNTS id=[ 480, 734 ] end=42432 piso=242880
COUNTS id=[ 480, 735 ] end=9312 piso=74400
COUNTS id=[ 480, 736 ] end=23232 piso=179520
COUNTS id=[ 480, 737 ] end=37056 piso=240000
COUNTS id=[ 480, 738 ] end=49920 piso=224160
COUNTS id=[ 480, 739 ] end=21504 piso=178080
COUNTS id=[ 480, 740 ] end=42432 piso=295680
COUNTS id=[ 480, 741 ] end=8256 piso=65760
COUNTS id=[ 480, 742 ] end=28512 piso=224160
COUNTS id=[ 480, 743 ] end=7872 piso=60480
COUNTS id=[ 480, 744 ] end=5472 piso=108960
COUNTS id=[ 480, 745 ] end=165888 piso=1397760
COUNTS id=[ 480, 746 ] end=103488 piso=1426560
COUNTS id=[ 480, 747 ] end=24320 piso=124320
COUNTS id=[ 480, 748 ] end=61760 piso=232320
COUNTS id=[ 480, 749 ] end=11840 piso=111360
COUNTS id=[ 480, 750 ] end=143360 piso=368640
COUNTS id=[ 480, 751 ] end=28160 piso=109440
COUNTS id=[ 480, 752 ] end=47360 piso=220320
COUNTS id=[ 480, 753 ] end=207680 piso=984960
COUNTS id=[ 480, 754 ] end=34880 piso=195840
COUNTS id=[ 480, 755 ] end=17600 piso=90720
COUNTS id=[ 480, 756 ] end=20480 piso=124800
COUNTS id=[ 480, 757 ] end=16000 piso=135840
COUNTS id=[ 480, 758 ] end=7360 piso=75360
COUNTS id=[ 480, 759 ] end=107520 piso=3087360
COUNTS id=[ 480, 760 ] end=33920 piso=183840
COUNTS id=[ 480, 761 ] end=114880 piso=3469440
COUNTS id=[ 480, 762 ] end=16960 piso=120960
COUNTS id=[ 480, 763 ] end=35200 piso=260640
COUNTS id=[ 480, 764 ] end=18880 piso=138240
COUNTS id=[ 480, 765 ] end=18880 piso=138240
COUNTS id=[ 480, 766 ] end=20480 piso=137760
COUNTS id=[ 480, 767 ] end=42560 piso=205440
COUNTS id=[ 480, 768 ] end=6080 piso=96000
DONE checked=256 abelian=0 hits=0 reversed=0 skipped_abelian=0 closest=[ 480, 713 ] min_ratio=25/13 runtime_ms=271484
