{"command": ["/project/gap-4.16.1/gap", "-l", "/project/gap-4.16.1", "-q", "-b", "-T", "-m", "128m", "-o", "4g", "-c", "START_ORDER:=320;;END_ORDER:=320;;START_ID:=257;;END_ID:=512;;SKIP_ABELIAN:=true;;LOG_ALL:=true;;", "/project/scripts/search_19_20.g"], "source_hashes": {"scripts/search_19_20.g": "7b6a34e9163b58b0248b3c464ae8070783414cd7d14048136dd0e3547b906318", "scripts/lib_19_20.g": "fbcf2d3c4b0648cc1fa87d6e50fc923133d594c029b8430a365caf596ac7ccd5"}}
PARAMETERS start=320 end=320 start_id=257 end_id=512 skip_abelian=true log_all=true
ORDER_START order=320 groups=1640
COUNTS id=[ 320, 257 ] end=9216 piso=230400
CLOSEST id=[ 320, 257 ] end=9216 piso=230400 ratio=25
COUNTS id=[ 320, 258 ] end=4992 piso=236960
COUNTS id=[ 320, 259 ] end=4992 piso=120320
CLOSEST id=[ 320, 259 ] end=4992 piso=120320 ratio=940/39
COUNTS id=[ 320, 260 ] end=9472 piso=370560
COUNTS id=[ 320, 261 ] end=4992 piso=120320
COUNTS id=[ 320, 262 ] end=4992 piso=148000
COUNTS id=[ 320, 263 ] end=7552 piso=332160
COUNTS id=[ 320, 264 ] end=4224 piso=202400
COUNTS id=[ 320, 265 ] end=5504 piso=140800
COUNTS id=[ 320, 266 ] end=8704 piso=207360
CLOSEST id=[ 320, 266 ] end=8704 piso=207360 ratio=405/17
COUNTS id=[ 320, 267 ] end=4224 piso=122240
COUNTS id=[ 320, 268 ] end=4224 piso=103200
COUNTS id=[ 320, 269 ] end=5504 piso=122240
CLOSEST id=[ 320, 269 ] end=5504 piso=122240 ratio=955/43
COUNTS id=[ 320, 270 ] end=1728 piso=30880
CLOSEST id=[ 320, 270 ] end=1728 piso=30880 ratio=965/54
COUNTS id=[ 320, 271 ] end=9216 piso=501760
COUNTS id=[ 320, 272 ] end=6336 piso=521920
COUNTS id=[ 320, 273 ] end=83968 piso=2135040
COUNTS id=[ 320, 274 ] end=48128 piso=1128960
COUNTS id=[ 320, 275 ] end=204800 piso=1822720
CLOSEST id=[ 320, 275 ] end=204800 piso=1822720 ratio=89/10
COUNTS id=[ 320, 276 ] end=122880 piso=1564160
COUNTS id=[ 320, 277 ] end=63488 piso=942080
COUNTS id=[ 320, 278 ] end=63488 piso=1052160
COUNTS id=[ 320, 279 ] end=25088 piso=842240
COUNTS id=[ 320, 280 ] end=25088 piso=832000
COUNTS id=[ 320, 281 ] end=25088 piso=832000
COUNTS id=[ 320, 282 ] end=25088 piso=832000
COUNTS id=[ 320, 283 ] end=123392 piso=2295680
COUNTS id=[ 320, 284 ] end=15872 piso=1072000
COUNTS id=[ 320, 285 ] end=15872 piso=846720
COUNTS id=[ 320, 286 ] end=26112 piso=846720
COUNTS id=[ 320, 287 ] end=15872 piso=836480
COUNTS id=[ 320, 288 ] end=26112 piso=1164160
COUNTS id=[ 320, 289 ] end=84992 piso=1217920
COUNTS id=[ 320, 290 ] end=458752 piso=16875520
COUNTS id=[ 320, 291 ] end=114688 piso=4280320
COUNTS id=[ 320, 292 ] end=160768 piso=9464320
COUNTS id=[ 320, 293 ] end=204800 piso=4513280
COUNTS id=[ 320, 294 ] end=114688 piso=4267520
COUNTS id=[ 320, 295 ] end=89088 piso=4221440
COUNTS id=[ 320, 296 ] end=50688 piso=2411520
COUNTS id=[ 320, 297 ] end=50688 piso=2421760
COUNTS id=[ 320, 298 ] end=438272 piso=20840320
COUNTS id=[ 320, 299 ] end=123392 piso=7922560
COUNTS id=[ 320, 300 ] end=79872 piso=3754880
COUNTS id=[ 320, 301 ] end=54272 piso=2387840
COUNTS id=[ 320, 302 ] end=44032 piso=2367360
COUNTS id=[ 320, 303 ] end=67072 piso=2631040
COUNTS id=[ 320, 304 ] end=105472 piso=2792320
COUNTS id=[ 320, 305 ] end=20992 piso=139680
CLOSEST id=[ 320, 305 ] end=20992 piso=139680 ratio=4365/656
COUNTS id=[ 320, 306 ] end=16896 piso=124320
COUNTS id=[ 320, 307 ] end=112704 piso=712960
CLOSEST id=[ 320, 307 ] end=112704 piso=712960 ratio=11140/1761
COUNTS id=[ 320, 308 ] end=25664 piso=620800
COUNTS id=[ 320, 309 ] end=112704 piso=712960
COUNTS id=[ 320, 310 ] end=25664 piso=336640
COUNTS id=[ 320, 311 ] end=114688 piso=409600
CLOSEST id=[ 320, 311 ] end=114688 piso=409600 ratio=25/7
COUNTS id=[ 320, 312 ] end=23552 piso=256000
COUNTS id=[ 320, 313 ] end=41472 piso=249760
COUNTS id=[ 320, 314 ] end=88064 piso=327680
COUNTS id=[ 320, 315 ] end=34816 piso=208800
COUNTS id=[ 320, 316 ] end=26624 piso=149120
COUNTS id=[ 320, 317 ] end=18176 piso=103040
COUNTS id=[ 320, 318 ] end=34816 piso=262400
COUNTS id=[ 320, 319 ] end=66816 piso=558080
COUNTS id=[ 320, 320 ] end=212544 piso=1081600
COUNTS id=[ 320, 321 ] end=58944 piso=805120
COUNTS id=[ 320, 322 ] end=425024 piso=3047680
COUNTS id=[ 320, 323 ] end=58944 piso=623360
COUNTS id=[ 320, 324 ] end=29504 piso=231680
COUNTS id=[ 320, 325 ] end=28416 piso=337920
COUNTS id=[ 320, 326 ] end=204864 piso=1265920
COUNTS id=[ 320, 327 ] end=9216 piso=101760
COUNTS id=[ 320, 328 ] end=14336 piso=114080
COUNTS id=[ 320, 329 ] end=43584 piso=337280
COUNTS id=[ 320, 330 ] end=25664 piso=360320
COUNTS id=[ 320, 331 ] end=86016 piso=409600
COUNTS id=[ 320, 332 ] end=22016 piso=256000
COUNTS id=[ 320, 333 ] end=25216 piso=190240
COUNTS id=[ 320, 334 ] end=77824 piso=327680
COUNTS id=[ 320, 335 ] end=26624 piso=149120
COUNTS id=[ 320, 336 ] end=18176 piso=103040
COUNTS id=[ 320, 337 ] end=28416 piso=262400
COUNTS id=[ 320, 338 ] end=54016 piso=558080
COUNTS id=[ 320, 339 ] end=152384 piso=1243520
COUNTS id=[ 320, 340 ] end=58944 piso=734080
COUNTS id=[ 320, 341 ] end=29504 piso=375680
COUNTS id=[ 320, 342 ] end=42304 piso=583040
COUNTS id=[ 320, 343 ] end=15616 piso=337920
COUNTS id=[ 320, 344 ] end=9216 piso=101760
COUNTS id=[ 320, 345 ] end=15360 piso=261120
COUNTS id=[ 320, 346 ] end=13824 piso=261120
COUNTS id=[ 320, 347 ] end=7424 piso=92800
COUNTS id=[ 320, 348 ] end=13312 piso=335520
COUNTS id=[ 320, 349 ] end=13312 piso=335520
COUNTS id=[ 320, 350 ] end=6912 piso=189600
COUNTS id=[ 320, 351 ] end=86016 piso=3430400
COUNTS id=[ 320, 352 ] end=25600 piso=196000
COUNTS id=[ 320, 353 ] end=77824 piso=3389440
COUNTS id=[ 320, 354 ] end=24064 piso=400000
COUNTS id=[ 320, 355 ] end=14464 piso=136480
COUNTS id=[ 320, 356 ] end=16384 piso=144800
PROGRESS checked=100 hits=0 reversed=0 runtime_ms=92274
COUNTS id=[ 320, 357 ] end=17024 piso=146720
COUNTS id=[ 320, 358 ] end=118272 piso=7279520
COUNTS id=[ 320, 359 ] end=146432 piso=8458400
COUNTS id=[ 320, 360 ] end=22272 piso=499360
COUNTS id=[ 320, 361 ] end=37632 piso=733600
COUNTS id=[ 320, 362 ] end=24832 piso=375200
COUNTS id=[ 320, 363 ] end=24832 piso=375200
COUNTS id=[ 320, 364 ] end=18432 piso=242080
COUNTS id=[ 320, 365 ] end=41472 piso=1725600
COUNTS id=[ 320, 366 ] end=38912 piso=1985440
COUNTS id=[ 320, 367 ] end=23552 piso=545920
COUNTS id=[ 320, 368 ] end=93184 piso=3664960
COUNTS id=[ 320, 369 ] end=32384 piso=724160
COUNTS id=[ 320, 370 ] end=107520 piso=6963200
COUNTS id=[ 320, 371 ] end=86016 piso=6638080
COUNTS id=[ 320, 372 ] end=23040 piso=423040
COUNTS id=[ 320, 373 ] end=34304 piso=643840
COUNTS id=[ 320, 374 ] end=53504 piso=1297280
COUNTS id=[ 320, 375 ] end=6336 piso=141920
COUNTS id=[ 320, 376 ] end=15296 piso=242400
COUNTS id=[ 320, 377 ] end=28672 piso=1292800
COUNTS id=[ 320, 378 ] end=32256 piso=556160
COUNTS id=[ 320, 379 ] end=12544 piso=658560
COUNTS id=[ 320, 380 ] end=24064 piso=637440
COUNTS id=[ 320, 381 ] end=13504 piso=180320
COUNTS id=[ 320, 382 ] end=5824 piso=177120
COUNTS id=[ 320, 383 ] end=32000 piso=400640
COUNTS id=[ 320, 384 ] end=14080 piso=256000
COUNTS id=[ 320, 385 ] end=15360 piso=256000
COUNTS id=[ 320, 386 ] end=17728 piso=297120
COUNTS id=[ 320, 387 ] end=21568 piso=456960
COUNTS id=[ 320, 388 ] end=17728 piso=297120
COUNTS id=[ 320, 389 ] end=24896 piso=440480
COUNTS id=[ 320, 390 ] end=7488 piso=229280
COUNTS id=[ 320, 391 ] end=21568 piso=396160
COUNTS id=[ 320, 392 ] end=10048 piso=304000
COUNTS id=[ 320, 393 ] end=7488 piso=229280
COUNTS id=[ 320, 394 ] end=7616 piso=262560
COUNTS id=[ 320, 395 ] end=10048 piso=170240
COUNTS id=[ 320, 396 ] end=93184 piso=6722560
COUNTS id=[ 320, 397 ] end=83968 piso=6623360
COUNTS id=[ 320, 398 ] end=30208 piso=594560
COUNTS id=[ 320, 399 ] end=25088 piso=445440
COUNTS id=[ 320, 400 ] end=108544 piso=7733280
COUNTS id=[ 320, 401 ] end=13568 piso=286240
COUNTS id=[ 320, 402 ] end=29696 piso=456960
COUNTS id=[ 320, 403 ] end=85504 piso=6644000
COUNTS id=[ 320, 404 ] end=13568 piso=286240
COUNTS id=[ 320, 405 ] end=15616 piso=224000
COUNTS id=[ 320, 406 ] end=12288 piso=181280
COUNTS id=[ 320, 407 ] end=14336 piso=213760
COUNTS id=[ 320, 408 ] end=35584 piso=663840
COUNTS id=[ 320, 409 ] end=27136 piso=446720
COUNTS id=[ 320, 410 ] end=15104 piso=503840
COUNTS id=[ 320, 411 ] end=12288 piso=181280
COUNTS id=[ 320, 412 ] end=29440 piso=400640
COUNTS id=[ 320, 413 ] end=35776 piso=705440
COUNTS id=[ 320, 414 ] end=15936 piso=297120
COUNTS id=[ 320, 415 ] end=24064 piso=245760
COUNTS id=[ 320, 416 ] end=9984 piso=272640
COUNTS id=[ 320, 417 ] end=12544 piso=272640
COUNTS id=[ 320, 418 ] end=17088 piso=265120
COUNTS id=[ 320, 419 ] end=10304 piso=390400
COUNTS id=[ 320, 420 ] end=12864 piso=345760
COUNTS id=[ 320, 421 ] end=17088 piso=265120
COUNTS id=[ 320, 422 ] end=16704 piso=257920
COUNTS id=[ 320, 423 ] end=6848 piso=197280
COUNTS id=[ 320, 424 ] end=10304 piso=232320
COUNTS id=[ 320, 425 ] end=14784 piso=239520
COUNTS id=[ 320, 426 ] end=6848 piso=197280
COUNTS id=[ 320, 427 ] end=16704 piso=185600
COUNTS id=[ 320, 428 ] end=35840 piso=1479680
COUNTS id=[ 320, 429 ] end=26624 piso=1293440
COUNTS id=[ 320, 430 ] end=39424 piso=727680
COUNTS id=[ 320, 431 ] end=34304 piso=568320
COUNTS id=[ 320, 432 ] end=11264 piso=264480
COUNTS id=[ 320, 433 ] end=34304 piso=1443360
COUNTS id=[ 320, 434 ] end=22784 piso=321280
COUNTS id=[ 320, 435 ] end=16384 piso=1552160
COUNTS id=[ 320, 436 ] end=11264 piso=264480
COUNTS id=[ 320, 437 ] end=30464 piso=588320
COUNTS id=[ 320, 438 ] end=50944 piso=978720
COUNTS id=[ 320, 439 ] end=21504 piso=311040
COUNTS id=[ 320, 440 ] end=13824 piso=226560
COUNTS id=[ 320, 441 ] end=9984 piso=151840
COUNTS id=[ 320, 442 ] end=9984 piso=151840
COUNTS id=[ 320, 443 ] end=11264 piso=216320
COUNTS id=[ 320, 444 ] end=22784 piso=245760
COUNTS id=[ 320, 445 ] end=18624 piso=288160
COUNTS id=[ 320, 446 ] end=23104 piso=422560
COUNTS id=[ 320, 447 ] end=35840 piso=638080
COUNTS id=[ 320, 448 ] end=29696 piso=414720
COUNTS id=[ 320, 449 ] end=74880 piso=1669760
COUNTS id=[ 320, 450 ] end=4736 piso=88960
COUNTS id=[ 320, 451 ] end=4736 piso=88960
COUNTS id=[ 320, 452 ] end=45440 piso=775680
COUNTS id=[ 320, 453 ] end=7040 piso=682880
COUNTS id=[ 320, 454 ] end=18560 piso=600320
COUNTS id=[ 320, 455 ] end=9216 piso=116640
COUNTS id=[ 320, 456 ] end=8384 piso=224800
PROGRESS checked=200 hits=0 reversed=0 runtime_ms=174946
COUNTS id=[ 320, 457 ] end=15872 piso=147360
COUNTS id=[ 320, 458 ] end=11776 piso=121760
COUNTS id=[ 320, 459 ] end=43008 piso=358400
COUNTS id=[ 320, 460 ] end=23552 piso=261120
COUNTS id=[ 320, 461 ] end=36352 piso=252320
COUNTS id=[ 320, 462 ] end=22016 piso=261120
COUNTS id=[ 320, 463 ] end=20096 piso=192800
COUNTS id=[ 320, 464 ] end=34816 piso=317440
COUNTS id=[ 320, 465 ] end=29696 piso=211360
COUNTS id=[ 320, 466 ] end=14336 piso=144000
COUNTS id=[ 320, 467 ] end=13056 piso=97920
COUNTS id=[ 320, 468 ] end=36544 piso=396320
COUNTS id=[ 320, 469 ] end=26944 piso=350240
COUNTS id=[ 320, 470 ] end=86464 piso=1174560
COUNTS id=[ 320, 471 ] end=28224 piso=448800
COUNTS id=[ 320, 472 ] end=17344 piso=296480
COUNTS id=[ 320, 473 ] end=26944 piso=350240
COUNTS id=[ 320, 474 ] end=16704 piso=256800
COUNTS id=[ 320, 475 ] end=62784 piso=750880
COUNTS id=[ 320, 476 ] end=38464 piso=494880
COUNTS id=[ 320, 477 ] end=18624 piso=379680
COUNTS id=[ 320, 478 ] end=18624 piso=379680
COUNTS id=[ 320, 479 ] end=26624 piso=247040
COUNTS id=[ 320, 480 ] end=15104 piso=327680
COUNTS id=[ 320, 481 ] end=13504 piso=318880
COUNTS id=[ 320, 482 ] end=56384 piso=538880
COUNTS id=[ 320, 483 ] end=25664 piso=252800
COUNTS id=[ 320, 484 ] end=8384 piso=184480
COUNTS id=[ 320, 485 ] end=15424 piso=254720
COUNTS id=[ 320, 486 ] end=64512 piso=563200
COUNTS id=[ 320, 487 ] end=25600 piso=253440
COUNTS id=[ 320, 488 ] end=30720 piso=272000
COUNTS id=[ 320, 489 ] end=11264 piso=267040
COUNTS id=[ 320, 490 ] end=20224 piso=383520
COUNTS id=[ 320, 491 ] end=33024 piso=332800
COUNTS id=[ 320, 492 ] end=59904 piso=762880
COUNTS id=[ 320, 493 ] end=18944 piso=293920
COUNTS id=[ 320, 494 ] end=9984 piso=164640
COUNTS id=[ 320, 495 ] end=16384 piso=281600
COUNTS id=[ 320, 496 ] end=48384 piso=537600
COUNTS id=[ 320, 497 ] end=19264 piso=281760
COUNTS id=[ 320, 498 ] end=14144 piso=213920
COUNTS id=[ 320, 499 ] end=50944 piso=537600
COUNTS id=[ 320, 500 ] end=17664 piso=327680
COUNTS id=[ 320, 501 ] end=56384 piso=538880
COUNTS id=[ 320, 502 ] end=13504 piso=318880
COUNTS id=[ 320, 503 ] end=25664 piso=252800
COUNTS id=[ 320, 504 ] end=8384 piso=184480
COUNTS id=[ 320, 505 ] end=15424 piso=254720
COUNTS id=[ 320, 506 ] end=64512 piso=563200
COUNTS id=[ 320, 507 ] end=25600 piso=253440
COUNTS id=[ 320, 508 ] end=30720 piso=272000
COUNTS id=[ 320, 509 ] end=20224 piso=383520
COUNTS id=[ 320, 510 ] end=62464 piso=773120
COUNTS id=[ 320, 511 ] end=11264 piso=267040
COUNTS id=[ 320, 512 ] end=18944 piso=293920
DONE checked=256 abelian=0 hits=0 reversed=0 skipped_abelian=0 closest=[ 320, 311 ] min_ratio=25/7 runtime_ms=212186
