{"command": ["/project/gap-4.16.1/gap", "-l", "/project/gap-4.16.1", "-q", "-b", "-T", "-m", "128m", "-o", "4g", "-c", "START_ORDER:=384;;END_ORDER:=384;;START_ID:=17665;;END_ID:=17920;;SKIP_ABELIAN:=true;;LOG_ALL:=true;;", "/project/scripts/search_19_20.g"], "source_hashes": {"scripts/search_19_20.g": "7b6a34e9163b58b0248b3c464ae8070783414cd7d14048136dd0e3547b906318", "scripts/lib_19_20.g": "fbcf2d3c4b0648cc1fa87d6e50fc923133d594c029b8430a365caf596ac7ccd5"}}
PARAMETERS start=384 end=384 start_id=17665 end_id=17920 skip_abelian=true log_all=true
ORDER_START order=384 groups=20169
COUNTS id=[ 384, 17665 ] end=70656 piso=628608
CLOSEST id=[ 384, 17665 ] end=70656 piso=628608 ratio=1637/184
COUNTS id=[ 384, 17666 ] end=98304 piso=1351680
COUNTS id=[ 384, 17667 ] end=98304 piso=1351680
COUNTS id=[ 384, 17668 ] end=86016 piso=528384
CLOSEST id=[ 384, 17668 ] end=86016 piso=528384 ratio=43/7
COUNTS id=[ 384, 17669 ] end=36864 piso=1370112
COUNTS id=[ 384, 17670 ] end=36864 piso=1370112
COUNTS id=[ 384, 17671 ] end=24576 piso=571392
COUNTS id=[ 384, 17672 ] end=46080 piso=503808
COUNTS id=[ 384, 17673 ] end=46080 piso=380928
COUNTS id=[ 384, 17674 ] end=86016 piso=645120
COUNTS id=[ 384, 17675 ] end=86016 piso=522240
CLOSEST id=[ 384, 17675 ] end=86016 piso=522240 ratio=85/14
COUNTS id=[ 384, 17676 ] end=24576 piso=589824
COUNTS id=[ 384, 17677 ] end=24576 piso=565248
COUNTS id=[ 384, 17678 ] end=52224 piso=1062912
COUNTS id=[ 384, 17679 ] end=52224 piso=1062912
COUNTS id=[ 384, 17680 ] end=46080 piso=374784
COUNTS id=[ 384, 17681 ] end=76800 piso=432000
CLOSEST id=[ 384, 17681 ] end=76800 piso=432000 ratio=45/8
COUNTS id=[ 384, 17682 ] end=15360 piso=468864
COUNTS id=[ 384, 17683 ] end=43008 piso=412032
COUNTS id=[ 384, 17684 ] end=43008 piso=412032
COUNTS id=[ 384, 17685 ] end=184320 piso=1019904
CLOSEST id=[ 384, 17685 ] end=184320 piso=1019904 ratio=83/15
COUNTS id=[ 384, 17686 ] end=98304 piso=534528
CLOSEST id=[ 384, 17686 ] end=98304 piso=534528 ratio=87/16
COUNTS id=[ 384, 17687 ] end=107520 piso=531456
CLOSEST id=[ 384, 17687 ] end=107520 piso=531456 ratio=173/35
COUNTS id=[ 384, 17688 ] end=46080 piso=390144
COUNTS id=[ 384, 17689 ] end=61440 piso=651264
COUNTS id=[ 384, 17690 ] end=73728 piso=368640
COUNTS id=[ 384, 17691 ] end=107520 piso=525312
CLOSEST id=[ 384, 17691 ] end=107520 piso=525312 ratio=171/35
COUNTS id=[ 384, 17692 ] end=46080 piso=384000
COUNTS id=[ 384, 17693 ] end=159744 piso=1013760
COUNTS id=[ 384, 17694 ] end=86016 piso=528384
COUNTS id=[ 384, 17695 ] end=36864 piso=645120
COUNTS id=[ 384, 17696 ] end=73728 piso=362496
COUNTS id=[ 384, 17697 ] end=104448 piso=438144
CLOSEST id=[ 384, 17697 ] end=104448 piso=438144 ratio=1141/272
COUNTS id=[ 384, 17698 ] end=43008 piso=352128
COUNTS id=[ 384, 17699 ] end=147456 piso=737664
COUNTS id=[ 384, 17700 ] end=79872 piso=393600
COUNTS id=[ 384, 17701 ] end=24576 piso=516480
COUNTS id=[ 384, 17702 ] end=73728 piso=399744
COUNTS id=[ 384, 17703 ] end=73728 piso=399744
COUNTS id=[ 384, 17704 ] end=1380096 piso=8011872
COUNTS id=[ 384, 17705 ] end=988416 piso=4324704
COUNTS id=[ 384, 17706 ] end=466176 piso=1851744
CLOSEST id=[ 384, 17706 ] end=466176 piso=1851744 ratio=19289/4856
COUNTS id=[ 384, 17707 ] end=498432 piso=1569120
CLOSEST id=[ 384, 17707 ] end=498432 piso=1569120 ratio=16345/5192
COUNTS id=[ 384, 17708 ] end=549120 piso=1875552
COUNTS id=[ 384, 17709 ] end=106752 piso=812640
COUNTS id=[ 384, 17710 ] end=74496 piso=1735776
COUNTS id=[ 384, 17711 ] end=157440 piso=954720
COUNTS id=[ 384, 17712 ] end=997632 piso=4249056
COUNTS id=[ 384, 17713 ] end=893184 piso=3775200
COUNTS id=[ 384, 17714 ] end=1048320 piso=4868832
COUNTS id=[ 384, 17715 ] end=498432 piso=1605600
COUNTS id=[ 384, 17716 ] end=83712 piso=1197792
COUNTS id=[ 384, 17717 ] end=109824 piso=1114848
COUNTS id=[ 384, 17718 ] end=134400 piso=1198560
COUNTS id=[ 384, 17719 ] end=2069760 piso=14537952
COUNTS id=[ 384, 17720 ] end=899328 piso=3870432
COUNTS id=[ 384, 17721 ] end=1048320 piso=4574688
COUNTS id=[ 384, 17722 ] end=504576 piso=1670112
COUNTS id=[ 384, 17723 ] end=128256 piso=899808
COUNTS id=[ 384, 17724 ] end=172800 piso=978912
COUNTS id=[ 384, 17725 ] end=115968 piso=1210080
COUNTS id=[ 384, 17726 ] end=241920 piso=3116256
COUNTS id=[ 384, 17727 ] end=229632 piso=1409760
COUNTS id=[ 384, 17728 ] end=292992 piso=1070976
COUNTS id=[ 384, 17729 ] end=102528 piso=809856
COUNTS id=[ 384, 17730 ] end=191616 piso=771840
COUNTS id=[ 384, 17731 ] end=205440 piso=891648
COUNTS id=[ 384, 17732 ] end=398976 piso=1767168
COUNTS id=[ 384, 17733 ] end=18048 piso=1183488
COUNTS id=[ 384, 17734 ] end=900864 piso=4186080
COUNTS id=[ 384, 17735 ] end=851712 piso=3779808
COUNTS id=[ 384, 17736 ] end=433920 piso=1171680
CLOSEST id=[ 384, 17736 ] end=433920 piso=1171680 ratio=2441/904
COUNTS id=[ 384, 17737 ] end=464640 piso=1375200
COUNTS id=[ 384, 17738 ] end=80640 piso=1076448
COUNTS id=[ 384, 17739 ] end=49920 piso=1083360
COUNTS id=[ 384, 17740 ] end=63744 piso=505824
COUNTS id=[ 384, 17741 ] end=94464 piso=566496
COUNTS id=[ 384, 17742 ] end=71424 piso=448224
COUNTS id=[ 384, 17743 ] end=102144 piso=524256
COUNTS id=[ 384, 17744 ] end=108288 piso=550368
COUNTS id=[ 384, 17745 ] end=139008 piso=710880
COUNTS id=[ 384, 17746 ] end=473856 piso=1515360
COUNTS id=[ 384, 17747 ] end=99072 piso=530016
COUNTS id=[ 384, 17748 ] end=103680 piso=743520
COUNTS id=[ 384, 17749 ] end=135936 piso=699744
COUNTS id=[ 384, 17750 ] end=839424 piso=3709536
COUNTS id=[ 384, 17751 ] end=433920 piso=1162080
CLOSEST id=[ 384, 17751 ] end=433920 piso=1162080 ratio=2421/904
COUNTS id=[ 384, 17752 ] end=28416 piso=888672
COUNTS id=[ 384, 17753 ] end=63744 piso=548448
COUNTS id=[ 384, 17754 ] end=433920 piso=1228896
COUNTS id=[ 384, 17755 ] end=68352 piso=450912
COUNTS id=[ 384, 17756 ] end=63744 piso=612192
COUNTS id=[ 384, 17757 ] end=105216 piso=533088
COUNTS id=[ 384, 17758 ] end=870144 piso=4083552
COUNTS id=[ 384, 17759 ] end=464640 piso=1367136
COUNTS id=[ 384, 17760 ] end=59136 piso=858720
COUNTS id=[ 384, 17761 ] end=94464 piso=610656
COUNTS id=[ 384, 17762 ] end=464640 piso=1369056
COUNTS id=[ 384, 17763 ] end=433920 piso=1165536
COUNTS id=[ 384, 17764 ] end=842496 piso=3720672
PROGRESS checked=100 hits=0 reversed=0 runtime_ms=238170
COUNTS id=[ 384, 17765 ] end=873216 piso=4094688
COUNTS id=[ 384, 17766 ] end=94464 piso=560352
COUNTS id=[ 384, 17767 ] end=63744 piso=499680
COUNTS id=[ 384, 17768 ] end=31488 piso=984288
COUNTS id=[ 384, 17769 ] end=62208 piso=945120
COUNTS id=[ 384, 17770 ] end=111360 piso=772320
COUNTS id=[ 384, 17771 ] end=71424 piso=553440
COUNTS id=[ 384, 17772 ] end=148224 piso=894432
COUNTS id=[ 384, 17773 ] end=108288 piso=609504
COUNTS id=[ 384, 17774 ] end=129792 piso=847584
COUNTS id=[ 384, 17775 ] end=77568 piso=591840
COUNTS id=[ 384, 17776 ] end=31488 piso=399072
COUNTS id=[ 384, 17777 ] end=59136 piso=373728
COUNTS id=[ 384, 17778 ] end=43776 piso=595680
COUNTS id=[ 384, 17779 ] end=92928 piso=485088
COUNTS id=[ 384, 17780 ] end=62208 piso=404448
COUNTS id=[ 384, 17781 ] end=99072 piso=544992
COUNTS id=[ 384, 17782 ] end=37632 piso=455904
COUNTS id=[ 384, 17783 ] end=71424 piso=450912
COUNTS id=[ 384, 17784 ] end=28416 piso=413280
COUNTS id=[ 384, 17785 ] end=102144 piso=545376
COUNTS id=[ 384, 17786 ] end=59136 piso=410976
COUNTS id=[ 384, 17787 ] end=89856 piso=435552
COUNTS id=[ 384, 17788 ] end=59136 piso=356448
COUNTS id=[ 384, 17789 ] end=28416 piso=357216
COUNTS id=[ 384, 17790 ] end=59136 piso=339552
COUNTS id=[ 384, 17791 ] end=59136 piso=364512
COUNTS id=[ 384, 17792 ] end=31488 piso=389856
COUNTS id=[ 384, 17793 ] end=74496 piso=443616
COUNTS id=[ 384, 17794 ] end=105216 piso=535008
COUNTS id=[ 384, 17795 ] end=92928 piso=475872
COUNTS id=[ 384, 17796 ] end=31488 piso=416736
COUNTS id=[ 384, 17797 ] end=62208 piso=414432
COUNTS id=[ 384, 17798 ] end=163584 piso=1216992
COUNTS id=[ 384, 17799 ] end=52992 piso=1099488
COUNTS id=[ 384, 17800 ] end=56064 piso=407520
COUNTS id=[ 384, 17801 ] end=86784 piso=460512
COUNTS id=[ 384, 17802 ] end=129792 piso=869088
COUNTS id=[ 384, 17803 ] end=37632 piso=1023456
COUNTS id=[ 384, 17804 ] end=31488 piso=471264
COUNTS id=[ 384, 17805 ] end=62208 piso=439776
COUNTS id=[ 384, 17806 ] end=132864 piso=718560
COUNTS id=[ 384, 17807 ] end=56064 piso=927456
COUNTS id=[ 384, 17808 ] end=108288 piso=631776
COUNTS id=[ 384, 17809 ] end=31488 piso=708576
COUNTS id=[ 384, 17810 ] end=83712 piso=446688
COUNTS id=[ 384, 17811 ] end=59136 piso=427488
COUNTS id=[ 384, 17812 ] end=31488 piso=521184
COUNTS id=[ 384, 17813 ] end=86784 piso=946656
COUNTS id=[ 384, 17814 ] end=6912 piso=773856
COUNTS id=[ 384, 17815 ] end=62208 piso=649440
COUNTS id=[ 384, 17816 ] end=52992 piso=395232
COUNTS id=[ 384, 17817 ] end=28416 piso=457440
COUNTS id=[ 384, 17818 ] end=392448 piso=2457312
COUNTS id=[ 384, 17819 ] end=231168 piso=1534944
COUNTS id=[ 384, 17820 ] end=85248 piso=584928
COUNTS id=[ 384, 17821 ] end=59136 piso=513504
COUNTS id=[ 384, 17822 ] end=112896 piso=1652448
COUNTS id=[ 384, 17823 ] end=45312 piso=775392
COUNTS id=[ 384, 17824 ] end=217344 piso=1055712
COUNTS id=[ 384, 17825 ] end=77568 piso=720096
COUNTS id=[ 384, 17826 ] end=197376 piso=1042656
COUNTS id=[ 384, 17827 ] end=57600 piso=960480
COUNTS id=[ 384, 17828 ] end=56064 piso=495072
COUNTS id=[ 384, 17829 ] end=79104 piso=560352
COUNTS id=[ 384, 17830 ] end=39168 piso=750816
COUNTS id=[ 384, 17831 ] end=314112 piso=1761504
COUNTS id=[ 384, 17832 ] end=157440 piso=768480
COUNTS id=[ 384, 17833 ] end=62208 piso=478944
COUNTS id=[ 384, 17834 ] end=86784 piso=452064
COUNTS id=[ 384, 17835 ] end=92928 piso=1097952
COUNTS id=[ 384, 17836 ] end=123648 piso=635616
COUNTS id=[ 384, 17837 ] end=142080 piso=654816
COUNTS id=[ 384, 17838 ] end=31488 piso=568032
COUNTS id=[ 384, 17839 ] end=172800 piso=907488
COUNTS id=[ 384, 17840 ] end=62208 piso=496608
COUNTS id=[ 384, 17841 ] end=83712 piso=433632
COUNTS id=[ 384, 17842 ] end=56064 piso=451296
COUNTS id=[ 384, 17843 ] end=117504 piso=607968
ABELIAN_SKIPPED id=[ 384, 17844 ] reason=known_equality
COUNTS id=[ 384, 17845 ] end=884736 piso=983040
CLOSEST id=[ 384, 17845 ] end=884736 piso=983040 ratio=10/9
COUNTS id=[ 384, 17846 ] end=159744 piso=212352
COUNTS id=[ 384, 17847 ] end=150528 piso=212352
COUNTS id=[ 384, 17848 ] end=2174976 piso=13357056
COUNTS id=[ 384, 17849 ] end=1093632 piso=4288512
COUNTS id=[ 384, 17850 ] end=405504 piso=3575808
COUNTS id=[ 384, 17851 ] end=159744 piso=700416
COUNTS id=[ 384, 17852 ] end=983040 piso=3939840
COUNTS id=[ 384, 17853 ] end=98304 piso=1175040
COUNTS id=[ 384, 17854 ] end=141312 piso=666624
COUNTS id=[ 384, 17855 ] end=352704 piso=1278432
COUNTS id=[ 384, 17856 ] end=182208 piso=693984
COUNTS id=[ 384, 17857 ] end=20928 piso=935904
COUNTS id=[ 384, 17858 ] end=59392 piso=5559552
COUNTS id=[ 384, 17859 ] end=102400 piso=7723008
COUNTS id=[ 384, 17860 ] end=22528 piso=4764672
COUNTS id=[ 384, 17861 ] end=50176 piso=17193984
COUNTS id=[ 384, 17862 ] end=360448 piso=24562176
COUNTS id=[ 384, 17863 ] end=65536 piso=7355904
COUNTS id=[ 384, 17864 ] end=108544 piso=13436160
COUNTS id=[ 384, 17865 ] end=372736 piso=33994752
PROGRESS checked=200 hits=0 reversed=0 runtime_ms=446123
COUNTS id=[ 384, 17866 ] end=65536 piso=8788992
COUNTS id=[ 384, 17867 ] end=31744 piso=5068032
COUNTS id=[ 384, 17868 ] end=83968 piso=43941888
COUNTS id=[ 384, 17869 ] end=57344 piso=44613888
COUNTS id=[ 384, 17870 ] end=40448 piso=38176512
COUNTS id=[ 384, 17871 ] end=307200 piso=562403328
COUNTS id=[ 384, 17872 ] end=114688 piso=54843648
COUNTS id=[ 384, 17873 ] end=313856 piso=598311936
COUNTS id=[ 384, 17874 ] end=61952 piso=47093760
COUNTS id=[ 384, 17875 ] end=112640 piso=60622080
COUNTS id=[ 384, 17876 ] end=65024 piso=46295040
COUNTS id=[ 384, 17877 ] end=65024 piso=51419136
COUNTS id=[ 384, 17878 ] end=53248 piso=5321472
COUNTS id=[ 384, 17879 ] end=71680 piso=7107072
COUNTS id=[ 384, 17880 ] end=13312 piso=4489728
COUNTS id=[ 384, 17881 ] end=16384 piso=4606464
COUNTS id=[ 384, 17882 ] end=135168 piso=16538112
COUNTS id=[ 384, 17883 ] end=65536 piso=7060992
COUNTS id=[ 384, 17884 ] end=102400 piso=13170432
COUNTS id=[ 384, 17885 ] end=47104 piso=9595392
COUNTS id=[ 384, 17886 ] end=119296 piso=17735424
COUNTS id=[ 384, 17887 ] end=39424 piso=7536384
COUNTS id=[ 384, 17888 ] end=42496 piso=7699200
COUNTS id=[ 384, 17889 ] end=25600 piso=4736256
COUNTS id=[ 384, 17890 ] end=71168 piso=5385864
COUNTS id=[ 384, 17891 ] end=34816 piso=3357960
COUNTS id=[ 384, 17892 ] end=22528 piso=3308808
COUNTS id=[ 384, 17893 ] end=15872 piso=1687176
COUNTS id=[ 384, 17894 ] end=14336 piso=1106568
COUNTS id=[ 384, 17895 ] end=3584 piso=1197576
COUNTS id=[ 384, 17896 ] end=49664 piso=6069384
COUNTS id=[ 384, 17897 ] end=46592 piso=4107912
COUNTS id=[ 384, 17898 ] end=6656 piso=1206792
COUNTS id=[ 384, 17899 ] end=96256 piso=7118088
COUNTS id=[ 384, 17900 ] end=160256 piso=20569224
COUNTS id=[ 384, 17901 ] end=20480 piso=1421832
COUNTS id=[ 384, 17902 ] end=71680 piso=6479112
COUNTS id=[ 384, 17903 ] end=20992 piso=1190664
COUNTS id=[ 384, 17904 ] end=49664 piso=5467272
COUNTS id=[ 384, 17905 ] end=6272 piso=713736
COUNTS id=[ 384, 17906 ] end=6272 piso=716808
COUNTS id=[ 384, 17907 ] end=22016 piso=1550472
COUNTS id=[ 384, 17908 ] end=14336 piso=1265160
COUNTS id=[ 384, 17909 ] end=17920 piso=1693896
COUNTS id=[ 384, 17910 ] end=12544 piso=824904
COUNTS id=[ 384, 17911 ] end=4864 piso=777672
COUNTS id=[ 384, 17912 ] end=26368 piso=3397704
COUNTS id=[ 384, 17913 ] end=32512 piso=2923080
COUNTS id=[ 384, 17914 ] end=4864 piso=786888
COUNTS id=[ 384, 17915 ] end=7936 piso=1190472
COUNTS id=[ 384, 17916 ] end=28672 piso=1357512
COUNTS id=[ 384, 17917 ] end=22528 piso=1246920
COUNTS id=[ 384, 17918 ] end=60928 piso=5503176
COUNTS id=[ 384, 17919 ] end=7552 piso=591816
COUNTS id=[ 384, 17920 ] end=23296 piso=1471560
DONE checked=255 abelian=0 hits=0 reversed=0 skipped_abelian=1 closest=[ 384, 17845 ] min_ratio=10/9 runtime_ms=543303
