{"command": ["/project/gap-4.16.1/gap", "-l", "/project/gap-4.16.1", "-q", "-b", "-T", "-m", "128m", "-o", "4g", "-c", "START_ORDER:=384;;END_ORDER:=384;;START_ID:=2049;;END_ID:=2304;;SKIP_ABELIAN:=true;;LOG_ALL:=true;;", "/project/scripts/search_19_20.g"], "source_hashes": {"scripts/search_19_20.g": "7b6a34e9163b58b0248b3c464ae8070783414cd7d14048136dd0e3547b906318", "scripts/lib_19_20.g": "fbcf2d3c4b0648cc1fa87d6e50fc923133d594c029b8430a365caf596ac7ccd5"}}
PARAMETERS start=384 end=384 start_id=2049 end_id=2304 skip_abelian=true log_all=true
ORDER_START order=384 groups=20169
COUNTS id=[ 384, 2049 ] end=131072 piso=1986048
CLOSEST id=[ 384, 2049 ] end=131072 piso=1986048 ratio=3879/256
COUNTS id=[ 384, 2050 ] end=217088 piso=5869056
COUNTS id=[ 384, 2051 ] end=94208 piso=1986048
COUNTS id=[ 384, 2052 ] end=245760 piso=1104384
CLOSEST id=[ 384, 2052 ] end=245760 piso=1104384 ratio=719/160
COUNTS id=[ 384, 2053 ] end=135168 piso=858624
COUNTS id=[ 384, 2054 ] end=43008 piso=827904
COUNTS id=[ 384, 2055 ] end=172032 piso=1234944
COUNTS id=[ 384, 2056 ] end=172032 piso=1234944
COUNTS id=[ 384, 2057 ] end=98304 piso=1087488
COUNTS id=[ 384, 2058 ] end=50176 piso=658944
COUNTS id=[ 384, 2059 ] end=13312 piso=658944
COUNTS id=[ 384, 2060 ] end=116736 piso=827904
COUNTS id=[ 384, 2061 ] end=24576 piso=827904
COUNTS id=[ 384, 2062 ] end=157696 piso=4022784
COUNTS id=[ 384, 2063 ] end=501760 piso=19997184
COUNTS id=[ 384, 2064 ] end=145408 piso=4219392
COUNTS id=[ 384, 2065 ] end=182272 piso=3629568
COUNTS id=[ 384, 2066 ] end=182272 piso=3629568
COUNTS id=[ 384, 2067 ] end=47104 piso=1491456
COUNTS id=[ 384, 2068 ] end=99328 piso=1276416
COUNTS id=[ 384, 2069 ] end=50176 piso=834048
COUNTS id=[ 384, 2070 ] end=55296 piso=1038336
COUNTS id=[ 384, 2071 ] end=163840 piso=111083520
COUNTS id=[ 384, 2072 ] end=216064 piso=117946368
COUNTS id=[ 384, 2073 ] end=94208 piso=105504768
COUNTS id=[ 384, 2074 ] end=557056 piso=642121728
COUNTS id=[ 384, 2075 ] end=182272 piso=112742400
COUNTS id=[ 384, 2076 ] end=303104 piso=126314496
COUNTS id=[ 384, 2077 ] end=110592 piso=7844352
COUNTS id=[ 384, 2078 ] end=110592 piso=7844352
COUNTS id=[ 384, 2079 ] end=73728 piso=1749504
COUNTS id=[ 384, 2080 ] end=147456 piso=7905792
COUNTS id=[ 384, 2081 ] end=147456 piso=7905792
COUNTS id=[ 384, 2082 ] end=43008 piso=1743360
COUNTS id=[ 384, 2083 ] end=22528 piso=1290240
COUNTS id=[ 384, 2084 ] end=43008 piso=1139712
COUNTS id=[ 384, 2085 ] end=104448 piso=5518848
COUNTS id=[ 384, 2086 ] end=43008 piso=1857024
COUNTS id=[ 384, 2087 ] end=139264 piso=3348480
COUNTS id=[ 384, 2088 ] end=139264 piso=3348480
COUNTS id=[ 384, 2089 ] end=65536 piso=1726464
COUNTS id=[ 384, 2090 ] end=98304 piso=3878400
COUNTS id=[ 384, 2091 ] end=184320 piso=7540224
COUNTS id=[ 384, 2092 ] end=61440 piso=2403840
COUNTS id=[ 384, 2093 ] end=147456 piso=6065664
COUNTS id=[ 384, 2094 ] end=28672 piso=1308672
COUNTS id=[ 384, 2095 ] end=28672 piso=1308672
COUNTS id=[ 384, 2096 ] end=22528 piso=1290240
COUNTS id=[ 384, 2097 ] end=581632 piso=1255617024
COUNTS id=[ 384, 2098 ] end=176128 piso=16863744
COUNTS id=[ 384, 2099 ] end=102400 piso=5666304
COUNTS id=[ 384, 2100 ] end=102400 piso=5666304
COUNTS id=[ 384, 2101 ] end=188416 piso=135934464
COUNTS id=[ 384, 2102 ] end=22528 piso=2004480
COUNTS id=[ 384, 2103 ] end=22528 piso=2004480
COUNTS id=[ 384, 2104 ] end=165888 piso=6435840
COUNTS id=[ 384, 2105 ] end=79872 piso=2749440
COUNTS id=[ 384, 2106 ] end=120832 piso=4377600
COUNTS id=[ 384, 2107 ] end=104448 piso=5483520
COUNTS id=[ 384, 2108 ] end=43008 piso=1168896
COUNTS id=[ 384, 2109 ] end=43008 piso=1797120
COUNTS id=[ 384, 2110 ] end=114688 piso=2592768
COUNTS id=[ 384, 2111 ] end=95232 piso=3661824
COUNTS id=[ 384, 2112 ] end=65536 piso=2820096
COUNTS id=[ 384, 2113 ] end=212992 piso=17977344
COUNTS id=[ 384, 2114 ] end=104448 piso=3901440
COUNTS id=[ 384, 2115 ] end=133120 piso=7028736
COUNTS id=[ 384, 2116 ] end=36864 piso=907776
COUNTS id=[ 384, 2117 ] end=18944 piso=844800
COUNTS id=[ 384, 2118 ] end=18944 piso=820224
COUNTS id=[ 384, 2119 ] end=68096 piso=794112
COUNTS id=[ 384, 2120 ] end=31744 piso=479232
COUNTS id=[ 384, 2121 ] end=56320 piso=1038336
COUNTS id=[ 384, 2122 ] end=25600 piso=700416
COUNTS id=[ 384, 2123 ] end=133120 piso=1032192
COUNTS id=[ 384, 2124 ] end=108544 piso=1492992
COUNTS id=[ 384, 2125 ] end=133120 piso=1327104
COUNTS id=[ 384, 2126 ] end=182272 piso=1787904
COUNTS id=[ 384, 2127 ] end=157696 piso=4257792
COUNTS id=[ 384, 2128 ] end=157696 piso=4122624
COUNTS id=[ 384, 2129 ] end=354304 piso=20097024
COUNTS id=[ 384, 2130 ] end=83968 piso=1529856
COUNTS id=[ 384, 2131 ] end=133120 piso=3606528
COUNTS id=[ 384, 2132 ] end=129024 piso=5784576
COUNTS id=[ 384, 2133 ] end=71168 piso=3260928
COUNTS id=[ 384, 2134 ] end=74240 piso=3334656
COUNTS id=[ 384, 2135 ] end=67584 piso=1827840
COUNTS id=[ 384, 2136 ] end=37376 piso=1251840
COUNTS id=[ 384, 2137 ] end=46592 piso=1325568
COUNTS id=[ 384, 2138 ] end=52224 piso=837120
COUNTS id=[ 384, 2139 ] end=74240 piso=1144320
COUNTS id=[ 384, 2140 ] end=56320 piso=1049088
COUNTS id=[ 384, 2141 ] end=31744 piso=480768
COUNTS id=[ 384, 2142 ] end=25600 piso=692736
COUNTS id=[ 384, 2143 ] end=108544 piso=1171968
COUNTS id=[ 384, 2144 ] end=108544 piso=1171968
COUNTS id=[ 384, 2145 ] end=37376 piso=1158144
COUNTS id=[ 384, 2146 ] end=37376 piso=1158144
COUNTS id=[ 384, 2147 ] end=37376 piso=1035264
COUNTS id=[ 384, 2148 ] end=37376 piso=1035264
PROGRESS checked=100 hits=0 reversed=0 runtime_ms=198428
COUNTS id=[ 384, 2149 ] end=68096 piso=947712
COUNTS id=[ 384, 2150 ] end=133120 piso=1892352
COUNTS id=[ 384, 2151 ] end=108544 piso=1050624
COUNTS id=[ 384, 2152 ] end=526336 piso=2777088
COUNTS id=[ 384, 2153 ] end=526336 piso=2777088
COUNTS id=[ 384, 2154 ] end=133120 piso=1345536
COUNTS id=[ 384, 2155 ] end=305152 piso=4325376
COUNTS id=[ 384, 2156 ] end=501760 piso=20201472
COUNTS id=[ 384, 2157 ] end=157696 piso=4362240
COUNTS id=[ 384, 2158 ] end=133120 piso=3809280
COUNTS id=[ 384, 2159 ] end=83968 piso=1781760
COUNTS id=[ 384, 2160 ] end=169984 piso=5913600
COUNTS id=[ 384, 2161 ] end=71168 piso=3389952
COUNTS id=[ 384, 2162 ] end=111104 piso=3623424
COUNTS id=[ 384, 2163 ] end=111104 piso=3623424
COUNTS id=[ 384, 2164 ] end=108544 piso=2006016
COUNTS id=[ 384, 2165 ] end=37376 piso=1344000
COUNTS id=[ 384, 2166 ] end=83456 piso=1577472
COUNTS id=[ 384, 2167 ] end=83456 piso=1577472
COUNTS id=[ 384, 2168 ] end=56320 piso=984576
COUNTS id=[ 384, 2169 ] end=74240 piso=1261056
COUNTS id=[ 384, 2170 ] end=53248 piso=2695680
COUNTS id=[ 384, 2171 ] end=80896 piso=3657216
COUNTS id=[ 384, 2172 ] end=96256 piso=6038016
COUNTS id=[ 384, 2173 ] end=80896 piso=3660288
COUNTS id=[ 384, 2174 ] end=308224 piso=25133568
COUNTS id=[ 384, 2175 ] end=71680 piso=4425216
COUNTS id=[ 384, 2176 ] end=28672 piso=895488
COUNTS id=[ 384, 2177 ] end=28672 piso=895488
COUNTS id=[ 384, 2178 ] end=28672 piso=895488
COUNTS id=[ 384, 2179 ] end=28672 piso=895488
COUNTS id=[ 384, 2180 ] end=141824 piso=3677184
COUNTS id=[ 384, 2181 ] end=141824 piso=3677184
COUNTS id=[ 384, 2182 ] end=18944 piso=1496064
COUNTS id=[ 384, 2183 ] end=37376 piso=1588224
COUNTS id=[ 384, 2184 ] end=37376 piso=1588224
COUNTS id=[ 384, 2185 ] end=18944 piso=832512
COUNTS id=[ 384, 2186 ] end=18944 piso=909312
COUNTS id=[ 384, 2187 ] end=37376 piso=1465344
COUNTS id=[ 384, 2188 ] end=37376 piso=1465344
COUNTS id=[ 384, 2189 ] end=18944 piso=807936
COUNTS id=[ 384, 2190 ] end=28672 piso=1282560
COUNTS id=[ 384, 2191 ] end=59392 piso=3310080
COUNTS id=[ 384, 2192 ] end=28672 piso=1282560
COUNTS id=[ 384, 2193 ] end=59392 piso=3310080
COUNTS id=[ 384, 2194 ] end=55296 piso=1075200
COUNTS id=[ 384, 2195 ] end=55296 piso=1075200
COUNTS id=[ 384, 2196 ] end=55296 piso=976896
COUNTS id=[ 384, 2197 ] end=55296 piso=976896
COUNTS id=[ 384, 2198 ] end=25088 piso=927744
COUNTS id=[ 384, 2199 ] end=25088 piso=927744
COUNTS id=[ 384, 2200 ] end=18944 piso=909312
COUNTS id=[ 384, 2201 ] end=100352 piso=5787648
COUNTS id=[ 384, 2202 ] end=100352 piso=5787648
COUNTS id=[ 384, 2203 ] end=203264 piso=19872768
COUNTS id=[ 384, 2204 ] end=71168 piso=4125696
COUNTS id=[ 384, 2205 ] end=61952 piso=3310080
COUNTS id=[ 384, 2206 ] end=61952 piso=3310080
COUNTS id=[ 384, 2207 ] end=51200 piso=1855488
COUNTS id=[ 384, 2208 ] end=51200 piso=1855488
COUNTS id=[ 384, 2209 ] end=37376 piso=3947520
COUNTS id=[ 384, 2210 ] end=28160 piso=1282560
COUNTS id=[ 384, 2211 ] end=28160 piso=1282560
COUNTS id=[ 384, 2212 ] end=36864 piso=1643520
COUNTS id=[ 384, 2213 ] end=36864 piso=1643520
COUNTS id=[ 384, 2214 ] end=78336 piso=4250112
COUNTS id=[ 384, 2215 ] end=47616 piso=2161152
COUNTS id=[ 384, 2216 ] end=46592 piso=2124288
COUNTS id=[ 384, 2217 ] end=46592 piso=1552896
COUNTS id=[ 384, 2218 ] end=51200 piso=2096640
COUNTS id=[ 384, 2219 ] end=44544 piso=1589760
COUNTS id=[ 384, 2220 ] end=36864 piso=1614336
COUNTS id=[ 384, 2221 ] end=36864 piso=1614336
COUNTS id=[ 384, 2222 ] end=100352 piso=2390016
COUNTS id=[ 384, 2223 ] end=180224 piso=6365184
COUNTS id=[ 384, 2224 ] end=131072 piso=6365184
COUNTS id=[ 384, 2225 ] end=63488 piso=2390016
COUNTS id=[ 384, 2226 ] end=107008 piso=6242304
COUNTS id=[ 384, 2227 ] end=48640 piso=2285568
COUNTS id=[ 384, 2228 ] end=29184 piso=1614336
COUNTS id=[ 384, 2229 ] end=29184 piso=1614336
COUNTS id=[ 384, 2230 ] end=47616 piso=1626624
COUNTS id=[ 384, 2231 ] end=84480 piso=2357760
COUNTS id=[ 384, 2232 ] end=84480 piso=2357760
COUNTS id=[ 384, 2233 ] end=141312 piso=8566272
COUNTS id=[ 384, 2234 ] end=425472 piso=26356224
COUNTS id=[ 384, 2235 ] end=102912 piso=7395840
COUNTS id=[ 384, 2236 ] end=61440 piso=2840064
COUNTS id=[ 384, 2237 ] end=161280 piso=6007296
COUNTS id=[ 384, 2238 ] end=237568 piso=23551488
COUNTS id=[ 384, 2239 ] end=58368 piso=1807872
COUNTS id=[ 384, 2240 ] end=84480 piso=2628096
COUNTS id=[ 384, 2241 ] end=60928 piso=1924608
COUNTS id=[ 384, 2242 ] end=28672 piso=1041408
COUNTS id=[ 384, 2243 ] end=28672 piso=1041408
COUNTS id=[ 384, 2244 ] end=71168 piso=4145664
COUNTS id=[ 384, 2245 ] end=40448 piso=1540608
COUNTS id=[ 384, 2246 ] end=37376 piso=1503744
COUNTS id=[ 384, 2247 ] end=37376 piso=969216
COUNTS id=[ 384, 2248 ] end=32768 piso=1439232
PROGRESS checked=200 hits=0 reversed=0 runtime_ms=368989
COUNTS id=[ 384, 2249 ] end=37376 piso=1030656
COUNTS id=[ 384, 2250 ] end=28672 piso=1012224
COUNTS id=[ 384, 2251 ] end=28672 piso=1012224
COUNTS id=[ 384, 2252 ] end=139264 piso=3815424
COUNTS id=[ 384, 2253 ] end=108544 piso=2408448
COUNTS id=[ 384, 2254 ] end=59392 piso=2408448
COUNTS id=[ 384, 2255 ] end=102400 piso=3815424
COUNTS id=[ 384, 2256 ] end=83456 piso=3710976
COUNTS id=[ 384, 2257 ] end=49664 piso=2285568
COUNTS id=[ 384, 2258 ] end=22016 piso=1012224
COUNTS id=[ 384, 2259 ] end=22016 piso=1012224
COUNTS id=[ 384, 2260 ] end=77312 piso=1737216
COUNTS id=[ 384, 2261 ] end=77312 piso=1737216
COUNTS id=[ 384, 2262 ] end=40448 piso=1042944
COUNTS id=[ 384, 2263 ] end=120832 piso=6188544
COUNTS id=[ 384, 2264 ] end=387584 piso=21385728
COUNTS id=[ 384, 2265 ] end=89600 piso=5448192
COUNTS id=[ 384, 2266 ] end=53248 piso=2772480
COUNTS id=[ 384, 2267 ] end=172544 piso=6935040
COUNTS id=[ 384, 2268 ] end=77824 piso=16393728
COUNTS id=[ 384, 2269 ] end=44032 piso=1095168
COUNTS id=[ 384, 2270 ] end=71168 piso=1786368
COUNTS id=[ 384, 2271 ] end=31232 piso=800256
COUNTS id=[ 384, 2272 ] end=106496 piso=8495232
COUNTS id=[ 384, 2273 ] end=41216 piso=2825088
COUNTS id=[ 384, 2274 ] end=38912 piso=2947200
COUNTS id=[ 384, 2275 ] end=83968 piso=4805760
COUNTS id=[ 384, 2276 ] end=24832 piso=969600
COUNTS id=[ 384, 2277 ] end=28672 piso=1469568
COUNTS id=[ 384, 2278 ] end=23040 piso=1395072
COUNTS id=[ 384, 2279 ] end=55296 piso=2186880
COUNTS id=[ 384, 2280 ] end=29184 piso=1538688
COUNTS id=[ 384, 2281 ] end=12800 piso=688512
COUNTS id=[ 384, 2282 ] end=38912 piso=1317504
COUNTS id=[ 384, 2283 ] end=25088 piso=1080960
COUNTS id=[ 384, 2284 ] end=74752 piso=4609152
COUNTS id=[ 384, 2285 ] end=24832 piso=763776
COUNTS id=[ 384, 2286 ] end=13312 piso=1131648
COUNTS id=[ 384, 2287 ] end=12800 piso=504192
COUNTS id=[ 384, 2288 ] end=29696 piso=1093248
COUNTS id=[ 384, 2289 ] end=9728 piso=764544
COUNTS id=[ 384, 2290 ] end=74752 piso=4636800
COUNTS id=[ 384, 2291 ] end=24832 piso=794496
COUNTS id=[ 384, 2292 ] end=13312 piso=1171584
COUNTS id=[ 384, 2293 ] end=12800 piso=470400
COUNTS id=[ 384, 2294 ] end=29696 piso=1068672
COUNTS id=[ 384, 2295 ] end=9728 piso=721536
COUNTS id=[ 384, 2296 ] end=524288 piso=1179648
CLOSEST id=[ 384, 2296 ] end=524288 piso=1179648 ratio=9/4
COUNTS id=[ 384, 2297 ] end=163840 piso=835584
COUNTS id=[ 384, 2298 ] end=311296 piso=884736
COUNTS id=[ 384, 2299 ] end=65536 piso=319488
COUNTS id=[ 384, 2300 ] end=90112 piso=356352
COUNTS id=[ 384, 2301 ] end=51200 piso=319488
COUNTS id=[ 384, 2302 ] end=45056 piso=356352
COUNTS id=[ 384, 2303 ] end=151552 piso=589824
COUNTS id=[ 384, 2304 ] end=151552 piso=589824
DONE checked=256 abelian=0 hits=0 reversed=0 skipped_abelian=0 closest=[ 384, 2296 ] min_ratio=9/4 runtime_ms=460831
