{"command": ["/project/gap-4.16.1/gap", "-l", "/project/gap-4.16.1", "-q", "-b", "-T", "-m", "128m", "-o", "4g", "-c", "START_ORDER:=448;;END_ORDER:=448;;START_ID:=1281;;END_ID:=1396;;SKIP_ABELIAN:=true;;LOG_ALL:=true;;", "/project/scripts/search_19_20.g"], "source_hashes": {"scripts/search_19_20.g": "7b6a34e9163b58b0248b3c464ae8070783414cd7d14048136dd0e3547b906318", "scripts/lib_19_20.g": "fbcf2d3c4b0648cc1fa87d6e50fc923133d594c029b8430a365caf596ac7ccd5"}}
PARAMETERS start=448 end=448 start_id=1281 end_id=1396 skip_abelian=true log_all=true
ORDER_START order=448 groups=1396
COUNTS id=[ 448, 1281 ] end=726016 piso=7888384
CLOSEST id=[ 448, 1281 ] end=726016 piso=7888384 ratio=15407/1418
COUNTS id=[ 448, 1282 ] end=1324800 piso=14636160
COUNTS id=[ 448, 1283 ] end=1489920 piso=17798144
COUNTS id=[ 448, 1284 ] end=170752 piso=3769472
COUNTS id=[ 448, 1285 ] end=260096 piso=2781184
CLOSEST id=[ 448, 1285 ] end=260096 piso=2781184 ratio=1358/127
COUNTS id=[ 448, 1286 ] end=235520 piso=2881536
COUNTS id=[ 448, 1287 ] end=364288 piso=4534656
COUNTS id=[ 448, 1288 ] end=291136 piso=2439136
CLOSEST id=[ 448, 1288 ] end=291136 piso=2439136 ratio=76223/9098
COUNTS id=[ 448, 1289 ] end=55488 piso=1569120
COUNTS id=[ 448, 1290 ] end=263616 piso=1966944
CLOSEST id=[ 448, 1290 ] end=263616 piso=1966944 ratio=20489/2746
COUNTS id=[ 448, 1291 ] end=33344 piso=1838816
COUNTS id=[ 448, 1292 ] end=13893632 piso=270663680
COUNTS id=[ 448, 1293 ] end=4919296 piso=265904128
ABELIAN_SKIPPED id=[ 448, 1294 ] reason=known_equality
COUNTS id=[ 448, 1295 ] end=9175040 piso=237633536
COUNTS id=[ 448, 1296 ] end=2752512 piso=5505024
CLOSEST id=[ 448, 1296 ] end=2752512 piso=5505024 ratio=2
COUNTS id=[ 448, 1297 ] end=1146880 piso=1519616
CLOSEST id=[ 448, 1297 ] end=1146880 piso=1519616 ratio=53/40
COUNTS id=[ 448, 1298 ] end=1949696 piso=3920896
COUNTS id=[ 448, 1299 ] end=573440 piso=996352
COUNTS id=[ 448, 1300 ] end=372736 piso=577024
COUNTS id=[ 448, 1301 ] end=1161216 piso=2254336
COUNTS id=[ 448, 1302 ] end=215040 piso=820736
COUNTS id=[ 448, 1303 ] end=351232 piso=483840
COUNTS id=[ 448, 1304 ] end=8458240 piso=250765312
COUNTS id=[ 448, 1305 ] end=1720320 piso=5411840
COUNTS id=[ 448, 1306 ] end=688128 piso=1684480
COUNTS id=[ 448, 1307 ] end=1003520 piso=2666496
COUNTS id=[ 448, 1308 ] end=566272 piso=1351168
COUNTS id=[ 448, 1309 ] end=1060864 piso=2523136
COUNTS id=[ 448, 1310 ] end=143360 piso=630784
COUNTS id=[ 448, 1311 ] end=544768 piso=867328
COUNTS id=[ 448, 1312 ] end=86016 piso=258048
COUNTS id=[ 448, 1313 ] end=3469312 piso=11382784
COUNTS id=[ 448, 1314 ] end=946176 piso=1863680
COUNTS id=[ 448, 1315 ] end=229376 piso=587776
COUNTS id=[ 448, 1316 ] end=86016 piso=344064
COUNTS id=[ 448, 1317 ] end=1462272 piso=4548096
COUNTS id=[ 448, 1318 ] end=1053696 piso=2616320
COUNTS id=[ 448, 1319 ] end=107520 piso=637952
COUNTS id=[ 448, 1320 ] end=186368 piso=602112
COUNTS id=[ 448, 1321 ] end=516096 piso=813568
COUNTS id=[ 448, 1322 ] end=86016 piso=258048
COUNTS id=[ 448, 1323 ] end=143360 piso=408576
COUNTS id=[ 448, 1324 ] end=35840 piso=265216
COUNTS id=[ 448, 1325 ] end=86016 piso=240128
COUNTS id=[ 448, 1326 ] end=544768 piso=921088
COUNTS id=[ 448, 1327 ] end=86016 piso=358400
COUNTS id=[ 448, 1328 ] end=2195200 piso=8252160
COUNTS id=[ 448, 1329 ] end=1005312 piso=2279424
COUNTS id=[ 448, 1330 ] end=159488 piso=503552
COUNTS id=[ 448, 1331 ] end=152320 piso=637952
COUNTS id=[ 448, 1332 ] end=413952 piso=1392384
COUNTS id=[ 448, 1333 ] end=259840 piso=811776
COUNTS id=[ 448, 1334 ] end=489216 piso=740096
COUNTS id=[ 448, 1335 ] end=59136 piso=240128
COUNTS id=[ 448, 1336 ] end=112896 piso=318976
COUNTS id=[ 448, 1337 ] end=94976 piso=331520
COUNTS id=[ 448, 1338 ] end=123648 piso=331520
COUNTS id=[ 448, 1339 ] end=62720 piso=252672
COUNTS id=[ 448, 1340 ] end=66304 piso=467712
COUNTS id=[ 448, 1341 ] end=302848 piso=926464
COUNTS id=[ 448, 1342 ] end=123648 piso=331520
COUNTS id=[ 448, 1343 ] end=550144 piso=1012480
COUNTS id=[ 448, 1344 ] end=980224 piso=2367232
COUNTS id=[ 448, 1345 ] end=116480 piso=295680
COUNTS id=[ 448, 1346 ] end=62720 piso=245504
COUNTS id=[ 448, 1347 ] end=109312 piso=754432
ABELIAN_SKIPPED id=[ 448, 1348 ] reason=known_equality
COUNTS id=[ 448, 1349 ] end=1032192 piso=1146880
CLOSEST id=[ 448, 1349 ] end=1032192 piso=1146880 ratio=10/9
COUNTS id=[ 448, 1350 ] end=186368 piso=230272
COUNTS id=[ 448, 1351 ] end=175616 piso=230272
COUNTS id=[ 448, 1352 ] end=2093056 piso=7497728
COUNTS id=[ 448, 1353 ] end=1060864 piso=2365440
COUNTS id=[ 448, 1354 ] end=258048 piso=1705984
COUNTS id=[ 448, 1355 ] end=172032 piso=383488
COUNTS id=[ 448, 1356 ] end=1025024 piso=2233728
COUNTS id=[ 448, 1357 ] end=107520 piso=577920
COUNTS id=[ 448, 1358 ] end=161280 piso=361984
COUNTS id=[ 448, 1359 ] end=368704 piso=704032
COUNTS id=[ 448, 1360 ] end=192192 piso=387744
COUNTS id=[ 448, 1361 ] end=21056 piso=501536
COUNTS id=[ 448, 1362 ] end=8960 piso=67126528
COUNTS id=[ 448, 1363 ] end=10080 piso=134119776
COUNTS id=[ 448, 1364 ] end=7840 piso=12476128
COUNTS id=[ 448, 1365 ] end=133169152 piso=769785856
COUNTS id=[ 448, 1366 ] end=545259520 piso=3288334336
COUNTS id=[ 448, 1367 ] end=646971392 piso=6906052608
COUNTS id=[ 448, 1368 ] end=22151168 piso=85356544
COUNTS id=[ 448, 1369 ] end=553779200 piso=6567493632
COUNTS id=[ 448, 1370 ] end=14680064 piso=94990336
COUNTS id=[ 448, 1371 ] end=35811328 piso=116182528
COUNTS id=[ 448, 1372 ] end=59637760 piso=601882624
COUNTS id=[ 448, 1373 ] end=35127296 piso=132149248
COUNTS id=[ 448, 1374 ] end=2985984 piso=86564352
COUNTS id=[ 448, 1375 ] end=26624000 piso=95119360
COUNTS id=[ 448, 1376 ] end=50458624 piso=171146752
COUNTS id=[ 448, 1377 ] end=2002944 piso=92671488
COUNTS id=[ 448, 1378 ] end=3372032 piso=48678784
COUNTS id=[ 448, 1379 ] end=49354240 piso=158378752
COUNTS id=[ 448, 1380 ] end=2733056 piso=49619584
COUNTS id=[ 448, 1381 ] end=2296320 piso=84720384
COUNTS id=[ 448, 1382 ] end=4140032 piso=52909696
PROGRESS checked=100 hits=0 reversed=0 runtime_ms=186231
COUNTS id=[ 448, 1383 ] end=1677721600 piso=3288334336
COUNTS id=[ 448, 1384 ] end=363855872 piso=2601123840
ABELIAN_SKIPPED id=[ 448, 1385 ] reason=known_equality
COUNTS id=[ 448, 1386 ] end=477102080 piso=938606592
COUNTS id=[ 448, 1387 ] end=51380224 piso=87162880
COUNTS id=[ 448, 1388 ] end=22937600 piso=13791232
STRONG_INEQUALITY_COUNTEREXAMPLE id=[ 448, 1388 ] end=22937600 piso=13791232
CLOSEST id=[ 448, 1388 ] end=22937600 piso=13791232 ratio=481/800
COUNTS id=[ 448, 1389 ] end=42520576 piso=22941184
STRONG_INEQUALITY_COUNTEREXAMPLE id=[ 448, 1389 ] end=42520576 piso=22941184
CLOSEST id=[ 448, 1389 ] end=42520576 piso=22941184 ratio=6401/11864
COUNTS id=[ 448, 1390 ] end=1978368 piso=12590592
COUNTS id=[ 448, 1391 ] end=3390464 piso=7305088
COUNTS id=[ 448, 1392 ] end=372736 piso=68719759360
COUNTS id=[ 448, 1393 ] end=786625 piso=68721049600
COUNTS id=[ 448, 1394 ] end=24577 piso=68719563136
COUNTS id=[ 448, 1395 ] end=519691042816 piso=3367254360064
ABELIAN_SKIPPED id=[ 448, 1396 ] reason=known_equality
DONE checked=112 abelian=0 hits=0 reversed=2 skipped_abelian=4 closest=[ 448, 1389 ] min_ratio=6401/11864 runtime_ms=236648
