{"command": ["/project/gap-4.16.1/gap", "-l", "/project/gap-4.16.1", "-q", "-b", "-T", "-m", "128m", "-o", "4g", "-c", "START_ORDER:=480;;END_ORDER:=480;;START_ID:=1025;;END_ID:=1213;;SKIP_ABELIAN:=true;;LOG_ALL:=true;;", "/project/scripts/search_19_20.g"], "source_hashes": {"scripts/search_19_20.g": "7b6a34e9163b58b0248b3c464ae8070783414cd7d14048136dd0e3547b906318", "scripts/lib_19_20.g": "fbcf2d3c4b0648cc1fa87d6e50fc923133d594c029b8430a365caf596ac7ccd5"}}
PARAMETERS start=480 end=480 start_id=1025 end_id=1213 skip_abelian=true log_all=true
ORDER_START order=480 groups=1213
COUNTS id=[ 480, 1025 ] end=13568 piso=578400
CLOSEST id=[ 480, 1025 ] end=13568 piso=578400 ratio=18075/424
COUNTS id=[ 480, 1026 ] end=25984 piso=1273920
COUNTS id=[ 480, 1027 ] end=9616 piso=558120
COUNTS id=[ 480, 1028 ] end=22576 piso=1197480
COUNTS id=[ 480, 1029 ] end=5656 piso=245640
COUNTS id=[ 480, 1030 ] end=4840 piso=389640
COUNTS id=[ 480, 1031 ] end=5680 piso=212520
CLOSEST id=[ 480, 1031 ] end=5680 piso=212520 ratio=5313/142
COUNTS id=[ 480, 1032 ] end=13000 piso=792840
COUNTS id=[ 480, 1033 ] end=29056 piso=1662720
COUNTS id=[ 480, 1034 ] end=15856 piso=1497120
COUNTS id=[ 480, 1035 ] end=13632 piso=1535520
COUNTS id=[ 480, 1036 ] end=13824 piso=3321600
COUNTS id=[ 480, 1037 ] end=23232 piso=7228320
COUNTS id=[ 480, 1038 ] end=11424 piso=507240
COUNTS id=[ 480, 1039 ] end=19008 piso=1610280
COUNTS id=[ 480, 1040 ] end=4704 piso=459720
COUNTS id=[ 480, 1041 ] end=9312 piso=721800
COUNTS id=[ 480, 1042 ] end=6048 piso=376680
COUNTS id=[ 480, 1043 ] end=7392 piso=507720
COUNTS id=[ 480, 1044 ] end=19968 piso=3321600
COUNTS id=[ 480, 1045 ] end=13248 piso=3119520
COUNTS id=[ 480, 1046 ] end=1155 piso=58080
COUNTS id=[ 480, 1047 ] end=36864 piso=168960
CLOSEST id=[ 480, 1047 ] end=36864 piso=168960 ratio=55/12
COUNTS id=[ 480, 1048 ] end=25344 piso=130560
COUNTS id=[ 480, 1049 ] end=19584 piso=124800
COUNTS id=[ 480, 1050 ] end=135168 piso=637440
COUNTS id=[ 480, 1051 ] end=59904 piso=483840
COUNTS id=[ 480, 1052 ] end=25344 piso=207360
COUNTS id=[ 480, 1053 ] end=6144 piso=64800
COUNTS id=[ 480, 1054 ] end=41472 piso=380640
COUNTS id=[ 480, 1055 ] end=9216 piso=82080
COUNTS id=[ 480, 1056 ] end=23040 piso=227040
COUNTS id=[ 480, 1057 ] end=55296 piso=184320
CLOSEST id=[ 480, 1057 ] end=55296 piso=184320 ratio=10/3
COUNTS id=[ 480, 1058 ] end=20736 piso=130560
COUNTS id=[ 480, 1059 ] end=101376 piso=5184000
COUNTS id=[ 480, 1060 ] end=73728 piso=537600
COUNTS id=[ 480, 1061 ] end=39168 piso=345600
COUNTS id=[ 480, 1062 ] end=21888 piso=316800
COUNTS id=[ 480, 1063 ] end=208896 piso=2019840
COUNTS id=[ 480, 1064 ] end=142848 piso=1559040
COUNTS id=[ 480, 1065 ] end=39168 piso=568320
COUNTS id=[ 480, 1066 ] end=8448 piso=229920
COUNTS id=[ 480, 1067 ] end=82944 piso=1223520
COUNTS id=[ 480, 1068 ] end=14592 piso=270240
COUNTS id=[ 480, 1069 ] end=46080 piso=747360
COUNTS id=[ 480, 1070 ] end=141312 piso=614400
COUNTS id=[ 480, 1071 ] end=37632 piso=345600
COUNTS id=[ 480, 1072 ] end=156672 piso=6259200
COUNTS id=[ 480, 1073 ] end=761856 piso=12487680
COUNTS id=[ 480, 1074 ] end=192512 piso=3120000
COUNTS id=[ 480, 1075 ] end=321536 piso=4095360
COUNTS id=[ 480, 1076 ] end=78656 piso=3774240
COUNTS id=[ 480, 1077 ] end=58688 piso=4008480
COUNTS id=[ 480, 1078 ] end=945152 piso=12933120
COUNTS id=[ 480, 1079 ] end=268288 piso=3895680
COUNTS id=[ 480, 1080 ] end=71488 piso=3791520
COUNTS id=[ 480, 1081 ] end=335872 piso=3964800
COUNTS id=[ 480, 1082 ] end=615424 piso=10544640
COUNTS id=[ 480, 1083 ] end=218112 piso=2843520
COUNTS id=[ 480, 1084 ] end=181248 piso=3143040
COUNTS id=[ 480, 1085 ] end=377856 piso=4187520
COUNTS id=[ 480, 1086 ] end=2555904 piso=29429760
COUNTS id=[ 480, 1087 ] end=2973696 piso=62929920
COUNTS id=[ 480, 1088 ] end=3208192 piso=63836160
COUNTS id=[ 480, 1089 ] end=2694144 piso=58621440
COUNTS id=[ 480, 1090 ] end=227328 piso=2776320
COUNTS id=[ 480, 1091 ] end=229632 piso=2740800
COUNTS id=[ 480, 1092 ] end=263936 piso=3046080
COUNTS id=[ 480, 1093 ] end=390848 piso=4793760
COUNTS id=[ 480, 1094 ] end=367808 piso=4523040
COUNTS id=[ 480, 1095 ] end=498368 piso=6400800
COUNTS id=[ 480, 1096 ] end=57792 piso=3910560
COUNTS id=[ 480, 1097 ] end=2635776 piso=58469760
COUNTS id=[ 480, 1098 ] end=172032 piso=2908800
COUNTS id=[ 480, 1099 ] end=163072 piso=2896320
COUNTS id=[ 480, 1100 ] end=264960 piso=3132480
COUNTS id=[ 480, 1101 ] end=255552 piso=3559200
COUNTS id=[ 480, 1102 ] end=386112 piso=4880160
COUNTS id=[ 480, 1103 ] end=363072 piso=4609440
COUNTS id=[ 480, 1104 ] end=79552 piso=3822240
COUNTS id=[ 480, 1105 ] end=92352 piso=3816480
COUNTS id=[ 480, 1106 ] end=72384 piso=3839520
COUNTS id=[ 480, 1107 ] end=559104 piso=10300800
COUNTS id=[ 480, 1108 ] end=319488 piso=3853440
COUNTS id=[ 480, 1109 ] end=362752 piso=4040640
COUNTS id=[ 480, 1110 ] end=270592 piso=3086400
COUNTS id=[ 480, 1111 ] end=503104 piso=6272160
COUNTS id=[ 480, 1112 ] end=3932160 piso=29491200
COUNTS id=[ 480, 1113 ] end=208896 piso=2897280
COUNTS id=[ 480, 1114 ] end=141312 piso=3304320
COUNTS id=[ 480, 1115 ] end=5537792 piso=29491200
COUNTS id=[ 480, 1116 ] end=197632 piso=2920320
COUNTS id=[ 480, 1117 ] end=3047424 piso=32194560
COUNTS id=[ 480, 1118 ] end=1585152 piso=16389120
COUNTS id=[ 480, 1119 ] end=2912256 piso=38876160
COUNTS id=[ 480, 1120 ] end=2609152 piso=32793600
COUNTS id=[ 480, 1121 ] end=1601536 piso=15959040
COUNTS id=[ 480, 1122 ] end=1941504 piso=32640000
COUNTS id=[ 480, 1123 ] end=1876992 piso=27463680
COUNTS id=[ 480, 1124 ] end=2679808 piso=60986880
PROGRESS checked=100 hits=0 reversed=0 runtime_ms=158635
COUNTS id=[ 480, 1125 ] end=299712 piso=3733920
COUNTS id=[ 480, 1126 ] end=7680 piso=664320
COUNTS id=[ 480, 1127 ] end=8640 piso=1322400
COUNTS id=[ 480, 1128 ] end=10560 piso=327720
COUNTS id=[ 480, 1129 ] end=6720 piso=252960
COUNTS id=[ 480, 1130 ] end=3360 piso=77160
COUNTS id=[ 480, 1131 ] end=4320 piso=134280
COUNTS id=[ 480, 1132 ] end=2400 piso=96840
COUNTS id=[ 480, 1133 ] end=10245 piso=286080
COUNTS id=[ 480, 1134 ] end=10245 piso=172320
COUNTS id=[ 480, 1135 ] end=872448 piso=4408320
COUNTS id=[ 480, 1136 ] end=2359296 piso=9830400
COUNTS id=[ 480, 1137 ] end=2961408 piso=21365760
COUNTS id=[ 480, 1138 ] end=211968 piso=946560
COUNTS id=[ 480, 1139 ] end=2433024 piso=19553280
COUNTS id=[ 480, 1140 ] end=150528 piso=992640
COUNTS id=[ 480, 1141 ] end=322368 piso=1426080
COUNTS id=[ 480, 1142 ] end=516096 piso=3517440
COUNTS id=[ 480, 1143 ] end=334848 piso=1392000
COUNTS id=[ 480, 1144 ] end=70848 piso=1253280
COUNTS id=[ 480, 1145 ] end=239616 piso=1017600
COUNTS id=[ 480, 1146 ] end=441408 piso=1967520
COUNTS id=[ 480, 1147 ] end=51648 piso=1287840
COUNTS id=[ 480, 1148 ] end=5111808 piso=9830400
CLOSEST id=[ 480, 1148 ] end=5111808 piso=9830400 ratio=25/13
COUNTS id=[ 480, 1149 ] end=1732608 piso=9200640
COUNTS id=[ 480, 1150 ] end=634880 piso=2565120
COUNTS id=[ 480, 1151 ] end=2129920 piso=5898240
COUNTS id=[ 480, 1152 ] end=2478080 piso=12641280
COUNTS id=[ 480, 1153 ] end=189440 piso=577920
COUNTS id=[ 480, 1154 ] end=2196480 piso=11735040
COUNTS id=[ 480, 1155 ] end=143360 piso=600960
COUNTS id=[ 480, 1156 ] end=305600 piso=896160
COUNTS id=[ 480, 1157 ] end=465920 piso=2119680
COUNTS id=[ 480, 1158 ] end=266240 piso=800640
COUNTS id=[ 480, 1159 ] end=57920 piso=754080
COUNTS id=[ 480, 1160 ] end=216320 piso=613440
COUNTS id=[ 480, 1161 ] end=393920 piso=1166880
COUNTS id=[ 480, 1162 ] end=46400 piso=771360
COUNTS id=[ 480, 1163 ] end=3276800 piso=5898240
CLOSEST id=[ 480, 1163 ] end=3276800 piso=5898240 ratio=9/5
COUNTS id=[ 480, 1164 ] end=1617920 piso=6558720
COUNTS id=[ 480, 1165 ] end=2093056 piso=17556480
COUNTS id=[ 480, 1166 ] end=3571712 piso=33177600
COUNTS id=[ 480, 1167 ] end=5410816 piso=75801600
COUNTS id=[ 480, 1168 ] end=357376 piso=3496320
COUNTS id=[ 480, 1169 ] end=3683328 piso=65840640
COUNTS id=[ 480, 1170 ] end=249856 piso=3880320
COUNTS id=[ 480, 1171 ] end=469696 piso=4874400
COUNTS id=[ 480, 1172 ] end=781312 piso=12111360
COUNTS id=[ 480, 1173 ] end=679936 piso=6138240
COUNTS id=[ 480, 1174 ] end=137536 piso=4670880
COUNTS id=[ 480, 1175 ] end=362752 piso=3637440
COUNTS id=[ 480, 1176 ] end=684736 piso=7276320
COUNTS id=[ 480, 1177 ] end=83776 piso=4592160
COUNTS id=[ 480, 1178 ] end=14811136 piso=45219840
COUNTS id=[ 480, 1179 ] end=2830336 piso=26096640
ABELIAN_SKIPPED id=[ 480, 1180 ] reason=known_equality
COUNTS id=[ 480, 1181 ] end=2027520 piso=3916800
COUNTS id=[ 480, 1182 ] end=430080 piso=721920
CLOSEST id=[ 480, 1182 ] end=430080 piso=721920 ratio=47/28
COUNTS id=[ 480, 1183 ] end=199680 piso=209280
CLOSEST id=[ 480, 1183 ] end=199680 piso=209280 ratio=109/104
COUNTS id=[ 480, 1184 ] end=352320 piso=366240
CLOSEST id=[ 480, 1184 ] end=352320 piso=366240 ratio=763/734
COUNTS id=[ 480, 1185 ] end=47040 piso=254880
COUNTS id=[ 480, 1186 ] end=72704 piso=29510400
COUNTS id=[ 480, 1187 ] end=223232 piso=848240640
COUNTS id=[ 480, 1188 ] end=2148 piso=247680
COUNTS id=[ 480, 1189 ] end=6272 piso=632160
COUNTS id=[ 480, 1190 ] end=2400 piso=33596160
COUNTS id=[ 480, 1191 ] end=12544 piso=2529600
COUNTS id=[ 480, 1192 ] end=10752 piso=3481920
COUNTS id=[ 480, 1193 ] end=125440 piso=27459840
COUNTS id=[ 480, 1194 ] end=3948 piso=556800
COUNTS id=[ 480, 1195 ] end=11716 piso=1340160
COUNTS id=[ 480, 1196 ] end=10400 piso=302025600
COUNTS id=[ 480, 1197 ] end=2342912 piso=30812160
COUNTS id=[ 480, 1198 ] end=89600 piso=5514240
COUNTS id=[ 480, 1199 ] end=165376 piso=21903360
COUNTS id=[ 480, 1200 ] end=7820 piso=682560
COUNTS id=[ 480, 1201 ] end=38716 piso=1757760
COUNTS id=[ 480, 1202 ] end=344064 piso=839577600
COUNTS id=[ 480, 1203 ] end=213408 piso=839654400
COUNTS id=[ 480, 1204 ] end=6240 piso=100675200
COUNTS id=[ 480, 1205 ] end=2162688 piso=10291200
COUNTS id=[ 480, 1206 ] end=3997696 piso=31795200
COUNTS id=[ 480, 1207 ] end=576716800 piso=7545815040
COUNTS id=[ 480, 1208 ] end=245760 piso=167915520
COUNTS id=[ 480, 1209 ] end=82080 piso=167930880
COUNTS id=[ 480, 1210 ] end=553648128 piso=2516582400
COUNTS id=[ 480, 1211 ] end=524288000 piso=1509949440
COUNTS id=[ 480, 1212 ] end=708837376 piso=8037335040
ABELIAN_SKIPPED id=[ 480, 1213 ] reason=known_equality
DONE checked=187 abelian=0 hits=0 reversed=0 skipped_abelian=2 closest=[ 480, 1184 ] min_ratio=763/734 runtime_ms=319049
