{"command": ["/project/gap-4.16.1/gap", "-l", "/project/gap-4.16.1", "-q", "-b", "-T", "-m", "128m", "-o", "4g", "-c", "START_ORDER:=448;;END_ORDER:=448;;START_ID:=1025;;END_ID:=1280;;SKIP_ABELIAN:=true;;LOG_ALL:=true;;", "/project/scripts/search_19_20.g"], "source_hashes": {"scripts/search_19_20.g": "7b6a34e9163b58b0248b3c464ae8070783414cd7d14048136dd0e3547b906318", "scripts/lib_19_20.g": "fbcf2d3c4b0648cc1fa87d6e50fc923133d594c029b8430a365caf596ac7ccd5"}}
PARAMETERS start=448 end=448 start_id=1025 end_id=1280 skip_abelian=true log_all=true
ORDER_START order=448 groups=1396
COUNTS id=[ 448, 1025 ] end=310272 piso=5444096
CLOSEST id=[ 448, 1025 ] end=310272 piso=5444096 ratio=10633/606
COUNTS id=[ 448, 1026 ] end=618496 piso=4555264
CLOSEST id=[ 448, 1026 ] end=618496 piso=4555264 ratio=8897/1208
COUNTS id=[ 448, 1027 ] end=532480 piso=3827712
CLOSEST id=[ 448, 1027 ] end=532480 piso=3827712 ratio=1869/260
COUNTS id=[ 448, 1028 ] end=704256 piso=10655232
COUNTS id=[ 448, 1029 ] end=387328 piso=5180672
COUNTS id=[ 448, 1030 ] end=903424 piso=9149952
COUNTS id=[ 448, 1031 ] end=107520 piso=2118144
COUNTS id=[ 448, 1032 ] end=148736 piso=2390528
COUNTS id=[ 448, 1033 ] end=138240 piso=1892352
COUNTS id=[ 448, 1034 ] end=100608 piso=1654016
COUNTS id=[ 448, 1035 ] end=138240 piso=1745408
COUNTS id=[ 448, 1036 ] end=66560 piso=1727488
COUNTS id=[ 448, 1037 ] end=125696 piso=1666560
COUNTS id=[ 448, 1038 ] end=208128 piso=2756096
COUNTS id=[ 448, 1039 ] end=216064 piso=8974336
COUNTS id=[ 448, 1040 ] end=94464 piso=2750720
COUNTS id=[ 448, 1041 ] end=11176960 piso=1755099136
COUNTS id=[ 448, 1042 ] end=1413120 piso=19256832
COUNTS id=[ 448, 1043 ] end=2362624 piso=42110208
COUNTS id=[ 448, 1044 ] end=784128 piso=7977984
COUNTS id=[ 448, 1045 ] end=832512 piso=9916928
COUNTS id=[ 448, 1046 ] end=121344 piso=2297344
COUNTS id=[ 448, 1047 ] end=800512 piso=8409856
COUNTS id=[ 448, 1048 ] end=176896 piso=3162880
COUNTS id=[ 448, 1049 ] end=235520 piso=3824128
COUNTS id=[ 448, 1050 ] end=149504 piso=3876096
COUNTS id=[ 448, 1051 ] end=126208 piso=4796288
COUNTS id=[ 448, 1052 ] end=233728 piso=5072256
COUNTS id=[ 448, 1053 ] end=36864 piso=1935360
COUNTS id=[ 448, 1054 ] end=63744 piso=1907584
COUNTS id=[ 448, 1055 ] end=36864 piso=1929984
COUNTS id=[ 448, 1056 ] end=36864 piso=1777664
COUNTS id=[ 448, 1057 ] end=2273280 piso=37667840
COUNTS id=[ 448, 1058 ] end=1941504 piso=31433472
COUNTS id=[ 448, 1059 ] end=701440 piso=8705536
COUNTS id=[ 448, 1060 ] end=1360896 piso=17389568
COUNTS id=[ 448, 1061 ] end=149504 piso=3634176
COUNTS id=[ 448, 1062 ] end=2912512 piso=59149440
COUNTS id=[ 448, 1063 ] end=1291008 piso=14964096
COUNTS id=[ 448, 1064 ] end=154880 piso=3436160
COUNTS id=[ 448, 1065 ] end=1301760 piso=15001728
COUNTS id=[ 448, 1066 ] end=628224 piso=4724608
COUNTS id=[ 448, 1067 ] end=74496 piso=1816192
COUNTS id=[ 448, 1068 ] end=104960 piso=2158464
COUNTS id=[ 448, 1069 ] end=85248 piso=1979264
COUNTS id=[ 448, 1070 ] end=638976 piso=4893952
COUNTS id=[ 448, 1071 ] end=74496 piso=1982848
COUNTS id=[ 448, 1072 ] end=115712 piso=2214912
COUNTS id=[ 448, 1073 ] end=673024 piso=5969152
COUNTS id=[ 448, 1074 ] end=67328 piso=1661184
COUNTS id=[ 448, 1075 ] end=73728 piso=2376192
COUNTS id=[ 448, 1076 ] end=73728 piso=2449664
COUNTS id=[ 448, 1077 ] end=104448 piso=1720320
COUNTS id=[ 448, 1078 ] end=32768 piso=1856512
COUNTS id=[ 448, 1079 ] end=909312 piso=11705344
COUNTS id=[ 448, 1080 ] end=821248 piso=9866752
COUNTS id=[ 448, 1081 ] end=125952 piso=4207616
COUNTS id=[ 448, 1082 ] end=226304 piso=4472832
COUNTS id=[ 448, 1083 ] end=1421568 piso=17931648
COUNTS id=[ 448, 1084 ] end=188672 piso=3516800
COUNTS id=[ 448, 1085 ] end=476928 piso=9937536
COUNTS id=[ 448, 1086 ] end=181504 piso=4307072
COUNTS id=[ 448, 1087 ] end=704512 piso=6108928
COUNTS id=[ 448, 1088 ] end=93440 piso=2027648
COUNTS id=[ 448, 1089 ] end=82688 piso=1995392
COUNTS id=[ 448, 1090 ] end=658176 piso=5081216
COUNTS id=[ 448, 1091 ] end=93696 piso=1524096
COUNTS id=[ 448, 1092 ] end=66816 piso=1500800
COUNTS id=[ 448, 1093 ] end=93696 piso=1398656
COUNTS id=[ 448, 1094 ] end=70400 piso=1599360
COUNTS id=[ 448, 1095 ] end=66816 piso=1635200
COUNTS id=[ 448, 1096 ] end=104448 piso=1455104
COUNTS id=[ 448, 1097 ] end=706560 piso=5926144
COUNTS id=[ 448, 1098 ] end=104448 piso=1628928
COUNTS id=[ 448, 1099 ] end=59648 piso=1438976
COUNTS id=[ 448, 1100 ] end=134912 piso=1833216
COUNTS id=[ 448, 1101 ] end=89088 piso=5014016
COUNTS id=[ 448, 1102 ] end=59904 piso=1645056
COUNTS id=[ 448, 1103 ] end=22272 piso=1707776
COUNTS id=[ 448, 1104 ] end=36608 piso=1772288
COUNTS id=[ 448, 1105 ] end=1326080 piso=18622464
COUNTS id=[ 448, 1106 ] end=1959936 piso=33535488
COUNTS id=[ 448, 1107 ] end=1330944 piso=15950592
COUNTS id=[ 448, 1108 ] end=141056 piso=3293696
COUNTS id=[ 448, 1109 ] end=719872 piso=9146368
COUNTS id=[ 448, 1110 ] end=662016 piso=5186944
COUNTS id=[ 448, 1111 ] end=624384 piso=4702208
COUNTS id=[ 448, 1112 ] end=635136 piso=4696832
COUNTS id=[ 448, 1113 ] end=59904 piso=1481088
COUNTS id=[ 448, 1114 ] end=97536 piso=1835008
COUNTS id=[ 448, 1115 ] end=59904 piso=1484672
COUNTS id=[ 448, 1116 ] end=138752 piso=2491776
COUNTS id=[ 448, 1117 ] end=119040 piso=2051840
COUNTS id=[ 448, 1118 ] end=59904 piso=1602048
COUNTS id=[ 448, 1119 ] end=717568 piso=6818560
COUNTS id=[ 448, 1120 ] end=101120 piso=1704192
COUNTS id=[ 448, 1121 ] end=253952 piso=4221952
COUNTS id=[ 448, 1122 ] end=59904 piso=1436288
COUNTS id=[ 448, 1123 ] end=119040 piso=2041088
COUNTS id=[ 448, 1124 ] end=36608 piso=1790208
PROGRESS checked=100 hits=0 reversed=0 runtime_ms=136288
COUNTS id=[ 448, 1125 ] end=58112 piso=1879808
COUNTS id=[ 448, 1126 ] end=1401856 piso=17532928
COUNTS id=[ 448, 1127 ] end=1422336 piso=19109888
COUNTS id=[ 448, 1128 ] end=110592 piso=4444160
COUNTS id=[ 448, 1129 ] end=1341696 piso=16267776
COUNTS id=[ 448, 1130 ] end=144640 piso=4239872
COUNTS id=[ 448, 1131 ] end=662016 piso=5267584
COUNTS id=[ 448, 1132 ] end=635136 piso=4836608
COUNTS id=[ 448, 1133 ] end=70656 piso=1741824
COUNTS id=[ 448, 1134 ] end=119040 piso=2041088
COUNTS id=[ 448, 1135 ] end=70656 piso=1498112
COUNTS id=[ 448, 1136 ] end=1319680 piso=16559872
COUNTS id=[ 448, 1137 ] end=111872 piso=1865472
COUNTS id=[ 448, 1138 ] end=86272 piso=3273984
COUNTS id=[ 448, 1139 ] end=150784 piso=5055232
COUNTS id=[ 448, 1140 ] end=189440 piso=4372480
COUNTS id=[ 448, 1141 ] end=138240 piso=2515968
COUNTS id=[ 448, 1142 ] end=116736 piso=2444288
COUNTS id=[ 448, 1143 ] end=136448 piso=2342144
COUNTS id=[ 448, 1144 ] end=138240 piso=1956864
COUNTS id=[ 448, 1145 ] end=127488 piso=1841280
COUNTS id=[ 448, 1146 ] end=89856 piso=1541120
COUNTS id=[ 448, 1147 ] end=100608 piso=1605632
COUNTS id=[ 448, 1148 ] end=175872 piso=2673664
COUNTS id=[ 448, 1149 ] end=55808 piso=1644160
COUNTS id=[ 448, 1150 ] end=88064 piso=1802752
COUNTS id=[ 448, 1151 ] end=238592 piso=4053504
COUNTS id=[ 448, 1152 ] end=104192 piso=1729280
COUNTS id=[ 448, 1153 ] end=200960 piso=2618112
COUNTS id=[ 448, 1154 ] end=22016 piso=1837696
COUNTS id=[ 448, 1155 ] end=59648 piso=1680000
COUNTS id=[ 448, 1156 ] end=719872 piso=6039040
COUNTS id=[ 448, 1157 ] end=695808 piso=5934208
COUNTS id=[ 448, 1158 ] end=658176 piso=5188736
COUNTS id=[ 448, 1159 ] end=93696 piso=1688064
COUNTS id=[ 448, 1160 ] end=93696 piso=1680000
COUNTS id=[ 448, 1161 ] end=56064 piso=1549184
COUNTS id=[ 448, 1162 ] end=131328 piso=2197888
COUNTS id=[ 448, 1163 ] end=93696 piso=1597568
COUNTS id=[ 448, 1164 ] end=762112 piso=7990528
COUNTS id=[ 448, 1165 ] end=59648 piso=1632512
COUNTS id=[ 448, 1166 ] end=115968 piso=2632448
COUNTS id=[ 448, 1167 ] end=4584448 piso=78647296
COUNTS id=[ 448, 1168 ] end=1339392 piso=16099328
COUNTS id=[ 448, 1169 ] end=300032 piso=3963904
COUNTS id=[ 448, 1170 ] end=2967808 piso=56829696
COUNTS id=[ 448, 1171 ] end=255232 piso=4585728
COUNTS id=[ 448, 1172 ] end=103424 piso=2354688
COUNTS id=[ 448, 1173 ] end=692992 piso=5700352
COUNTS id=[ 448, 1174 ] end=89344 piso=3048192
COUNTS id=[ 448, 1175 ] end=350464 piso=6065920
COUNTS id=[ 448, 1176 ] end=1250304 piso=12701696
COUNTS id=[ 448, 1177 ] end=181248 piso=4358144
COUNTS id=[ 448, 1178 ] end=625664 piso=5942272
COUNTS id=[ 448, 1179 ] end=372992 piso=4589312
COUNTS id=[ 448, 1180 ] end=587520 piso=9467136
COUNTS id=[ 448, 1181 ] end=119808 piso=2214912
COUNTS id=[ 448, 1182 ] end=98304 piso=2078720
COUNTS id=[ 448, 1183 ] end=139520 piso=2256128
COUNTS id=[ 448, 1184 ] end=88064 piso=1824256
COUNTS id=[ 448, 1185 ] end=125696 piso=1747200
COUNTS id=[ 448, 1186 ] end=138240 piso=1648640
COUNTS id=[ 448, 1187 ] end=251136 piso=2976512
COUNTS id=[ 448, 1188 ] end=104192 piso=1514240
COUNTS id=[ 448, 1189 ] end=2424832 piso=12845056
CLOSEST id=[ 448, 1189 ] end=2424832 piso=12845056 ratio=196/37
COUNTS id=[ 448, 1190 ] end=1671168 piso=8544256
CLOSEST id=[ 448, 1190 ] end=1671168 piso=8544256 ratio=1043/204
COUNTS id=[ 448, 1191 ] end=223232 piso=1542016
COUNTS id=[ 448, 1192 ] end=2412544 piso=19568640
COUNTS id=[ 448, 1193 ] end=4820992 piso=61171712
COUNTS id=[ 448, 1194 ] end=319488 piso=3136000
COUNTS id=[ 448, 1195 ] end=1609728 piso=16844800
COUNTS id=[ 448, 1196 ] end=1363968 piso=7985152
COUNTS id=[ 448, 1197 ] end=223232 piso=1628032
COUNTS id=[ 448, 1198 ] end=180224 piso=1509760
COUNTS id=[ 448, 1199 ] end=1817600 piso=17587584
COUNTS id=[ 448, 1200 ] end=211968 piso=5093760
COUNTS id=[ 448, 1201 ] end=244224 piso=2899456
COUNTS id=[ 448, 1202 ] end=246272 piso=1555456
COUNTS id=[ 448, 1203 ] end=236672 piso=1555456
COUNTS id=[ 448, 1204 ] end=326976 piso=3108000
COUNTS id=[ 448, 1205 ] end=637888 piso=5956384
COUNTS id=[ 448, 1206 ] end=53696 piso=4162592
COUNTS id=[ 448, 1207 ] end=2765824 piso=52312064
COUNTS id=[ 448, 1208 ] end=1323008 piso=14394240
COUNTS id=[ 448, 1209 ] end=168960 piso=2963968
COUNTS id=[ 448, 1210 ] end=369664 piso=3816736
COUNTS id=[ 448, 1211 ] end=1401856 piso=16429056
COUNTS id=[ 448, 1212 ] end=1393664 piso=16050048
COUNTS id=[ 448, 1213 ] end=110592 piso=4072320
COUNTS id=[ 448, 1214 ] end=196608 piso=2748928
COUNTS id=[ 448, 1215 ] end=193920 piso=2382240
COUNTS id=[ 448, 1216 ] end=340992 piso=11597824
COUNTS id=[ 448, 1217 ] end=181248 piso=3964800
COUNTS id=[ 448, 1218 ] end=310272 piso=3910144
COUNTS id=[ 448, 1219 ] end=34304 piso=3420704
COUNTS id=[ 448, 1220 ] end=227328 piso=2576896
COUNTS id=[ 448, 1221 ] end=217344 piso=2453248
COUNTS id=[ 448, 1222 ] end=506752 piso=5413408
COUNTS id=[ 448, 1223 ] end=257664 piso=2677920
COUNTS id=[ 448, 1224 ] end=24704 piso=3651872
PROGRESS checked=200 hits=0 reversed=0 runtime_ms=273454
COUNTS id=[ 448, 1225 ] end=1354496 piso=15544704
COUNTS id=[ 448, 1226 ] end=147456 piso=2302720
COUNTS id=[ 448, 1227 ] end=432832 piso=4396000
COUNTS id=[ 448, 1228 ] end=189120 piso=2429280
COUNTS id=[ 448, 1229 ] end=142080 piso=3911040
COUNTS id=[ 448, 1230 ] end=218112 piso=2732800
COUNTS id=[ 448, 1231 ] end=262464 piso=2821728
COUNTS id=[ 448, 1232 ] end=24128 piso=3327968
COUNTS id=[ 448, 1233 ] end=6553600 piso=12845056
CLOSEST id=[ 448, 1233 ] end=6553600 piso=12845056 ratio=49/25
COUNTS id=[ 448, 1234 ] end=933888 piso=3899392
COUNTS id=[ 448, 1235 ] end=16777216 piso=51380224
COUNTS id=[ 448, 1236 ] end=4718592 piso=35782656
COUNTS id=[ 448, 1237 ] end=983040 piso=6673408
COUNTS id=[ 448, 1238 ] end=12976128 piso=38535168
COUNTS id=[ 448, 1239 ] end=1736704 piso=5648384
COUNTS id=[ 448, 1240 ] end=13893632 piso=1660682240
COUNTS id=[ 448, 1241 ] end=1851392 piso=12436480
COUNTS id=[ 448, 1242 ] end=1298432 piso=8515584
COUNTS id=[ 448, 1243 ] end=2703360 piso=25195520
COUNTS id=[ 448, 1244 ] end=345088 piso=3157504
COUNTS id=[ 448, 1245 ] end=2314240 piso=23410688
COUNTS id=[ 448, 1246 ] end=343040 piso=3545472
COUNTS id=[ 448, 1247 ] end=937984 piso=7440384
COUNTS id=[ 448, 1248 ] end=6963200 piso=27575296
COUNTS id=[ 448, 1249 ] end=536576 piso=11784192
COUNTS id=[ 448, 1250 ] end=937984 piso=9232384
COUNTS id=[ 448, 1251 ] end=1837056 piso=6727168
COUNTS id=[ 448, 1252 ] end=10989568 piso=1666416640
COUNTS id=[ 448, 1253 ] end=1720320 piso=16851968
COUNTS id=[ 448, 1254 ] end=2087680 piso=26721408
COUNTS id=[ 448, 1255 ] end=1548288 piso=19088384
COUNTS id=[ 448, 1256 ] end=4280320 piso=50434048
COUNTS id=[ 448, 1257 ] end=1081344 piso=10526208
COUNTS id=[ 448, 1258 ] end=457728 piso=6056960
COUNTS id=[ 448, 1259 ] end=301824 piso=4545408
COUNTS id=[ 448, 1260 ] end=2068480 piso=17074176
COUNTS id=[ 448, 1261 ] end=211968 piso=1889664
COUNTS id=[ 448, 1262 ] end=921600 piso=7985152
COUNTS id=[ 448, 1263 ] end=1314816 piso=9261056
COUNTS id=[ 448, 1264 ] end=2048000 piso=7103488
COUNTS id=[ 448, 1265 ] end=718848 piso=5981696
COUNTS id=[ 448, 1266 ] end=1032192 piso=9856000
COUNTS id=[ 448, 1267 ] end=2068480 piso=18178048
COUNTS id=[ 448, 1268 ] end=392448 piso=4701312
COUNTS id=[ 448, 1269 ] end=211968 piso=2358272
COUNTS id=[ 448, 1270 ] end=321280 piso=2710400
COUNTS id=[ 448, 1271 ] end=174080 piso=1821568
COUNTS id=[ 448, 1272 ] end=98816 piso=1821568
COUNTS id=[ 448, 1273 ] end=1375232 piso=15243648
COUNTS id=[ 448, 1274 ] end=178176 piso=1501696
COUNTS id=[ 448, 1275 ] end=135168 piso=1275904
COUNTS id=[ 448, 1276 ] end=113664 piso=3954048
COUNTS id=[ 448, 1277 ] end=134912 piso=2441600
COUNTS id=[ 448, 1278 ] end=113664 piso=4551680
COUNTS id=[ 448, 1279 ] end=1331200 piso=4361728
COUNTS id=[ 448, 1280 ] end=1328128 piso=3709440
DONE checked=256 abelian=0 hits=0 reversed=0 skipped_abelian=0 closest=[ 448, 1233 ] min_ratio=49/25 runtime_ms=361997
