{"command": ["/project/gap-4.16.1/gap", "-l", "/project/gap-4.16.1", "-q", "-b", "-T", "-m", "128m", "-o", "4g", "-c", "START_ORDER:=384;;END_ORDER:=384;;START_ID:=15105;;END_ID:=15360;;SKIP_ABELIAN:=true;;LOG_ALL:=true;;", "/project/scripts/search_19_20.g"], "source_hashes": {"scripts/search_19_20.g": "7b6a34e9163b58b0248b3c464ae8070783414cd7d14048136dd0e3547b906318", "scripts/lib_19_20.g": "fbcf2d3c4b0648cc1fa87d6e50fc923133d594c029b8430a365caf596ac7ccd5"}}
PARAMETERS start=384 end=384 start_id=15105 end_id=15360 skip_abelian=true log_all=true
ORDER_START order=384 groups=20169
COUNTS id=[ 384, 15105 ] end=139264 piso=1479168
CLOSEST id=[ 384, 15105 ] end=139264 piso=1479168 ratio=2889/272
COUNTS id=[ 384, 15106 ] end=59392 piso=784896
COUNTS id=[ 384, 15107 ] end=139264 piso=1479168
COUNTS id=[ 384, 15108 ] end=139264 piso=2145792
COUNTS id=[ 384, 15109 ] end=163840 piso=4511232
COUNTS id=[ 384, 15110 ] end=34816 piso=1049088
COUNTS id=[ 384, 15111 ] end=34816 piso=1049088
COUNTS id=[ 384, 15112 ] end=507904 piso=10128384
COUNTS id=[ 384, 15113 ] end=343040 piso=2235264
CLOSEST id=[ 384, 15113 ] end=343040 piso=2235264 ratio=17463/2680
COUNTS id=[ 384, 15114 ] end=779264 piso=6967680
COUNTS id=[ 384, 15115 ] end=190464 piso=1892736
COUNTS id=[ 384, 15116 ] end=800768 piso=7949184
COUNTS id=[ 384, 15117 ] end=178176 piso=1646976
COUNTS id=[ 384, 15118 ] end=227328 piso=2265984
COUNTS id=[ 384, 15119 ] end=238592 piso=2937216
COUNTS id=[ 384, 15120 ] end=229376 piso=3193728
COUNTS id=[ 384, 15121 ] end=153600 piso=1657728
COUNTS id=[ 384, 15122 ] end=1757184 piso=25996800
COUNTS id=[ 384, 15123 ] end=187392 piso=1485696
COUNTS id=[ 384, 15124 ] end=611328 piso=4264320
COUNTS id=[ 384, 15125 ] end=95232 piso=3268992
COUNTS id=[ 384, 15126 ] end=83968 piso=1382784
COUNTS id=[ 384, 15127 ] end=661504 piso=5331840
COUNTS id=[ 384, 15128 ] end=47104 piso=989568
COUNTS id=[ 384, 15129 ] end=96256 piso=1258368
COUNTS id=[ 384, 15130 ] end=90112 piso=3058560
COUNTS id=[ 384, 15131 ] end=22528 piso=1252224
COUNTS id=[ 384, 15132 ] end=438272 piso=18980352
COUNTS id=[ 384, 15133 ] end=228352 piso=1502592
COUNTS id=[ 384, 15134 ] end=228352 piso=1502592
COUNTS id=[ 384, 15135 ] end=71680 piso=1129344
COUNTS id=[ 384, 15136 ] end=71680 piso=1129344
COUNTS id=[ 384, 15137 ] end=288768 piso=2264448
COUNTS id=[ 384, 15138 ] end=288768 piso=2264448
COUNTS id=[ 384, 15139 ] end=1884160 piso=32196480
COUNTS id=[ 384, 15140 ] end=627712 piso=3967872
CLOSEST id=[ 384, 15140 ] end=627712 piso=3967872 ratio=30999/4904
COUNTS id=[ 384, 15141 ] end=655360 piso=4835712
COUNTS id=[ 384, 15142 ] end=501760 piso=3858816
COUNTS id=[ 384, 15143 ] end=96256 piso=1163136
COUNTS id=[ 384, 15144 ] end=99328 piso=1130880
COUNTS id=[ 384, 15145 ] end=59392 piso=797568
COUNTS id=[ 384, 15146 ] end=311296 piso=18114432
COUNTS id=[ 384, 15147 ] end=99328 piso=1891200
COUNTS id=[ 384, 15148 ] end=83968 piso=1868160
COUNTS id=[ 384, 15149 ] end=40960 piso=1450368
COUNTS id=[ 384, 15150 ] end=96256 piso=1163136
COUNTS id=[ 384, 15151 ] end=25600 piso=842112
COUNTS id=[ 384, 15152 ] end=59392 piso=797568
COUNTS id=[ 384, 15153 ] end=12206080 piso=650866176
COUNTS id=[ 384, 15154 ] end=3137536 piso=124571136
COUNTS id=[ 384, 15155 ] end=4415488 piso=142840320
COUNTS id=[ 384, 15156 ] end=2154496 piso=115720704
COUNTS id=[ 384, 15157 ] end=2228224 piso=146092032
COUNTS id=[ 384, 15158 ] end=7057408 piso=673814016
COUNTS id=[ 384, 15159 ] end=1232896 piso=120692736
COUNTS id=[ 384, 15160 ] end=1306624 piso=135124992
COUNTS id=[ 384, 15161 ] end=1269760 piso=124389888
COUNTS id=[ 384, 15162 ] end=1921024 piso=132839424
COUNTS id=[ 384, 15163 ] end=1921024 piso=134504448
COUNTS id=[ 384, 15164 ] end=9453568 piso=738313728
COUNTS id=[ 384, 15165 ] end=1343488 piso=120866304
COUNTS id=[ 384, 15166 ] end=1232896 piso=124503552
COUNTS id=[ 384, 15167 ] end=1884160 piso=131163648
COUNTS id=[ 384, 15168 ] end=1810432 piso=130192896
COUNTS id=[ 384, 15169 ] end=1282048 piso=120446976
COUNTS id=[ 384, 15170 ] end=2535424 piso=147188736
COUNTS id=[ 384, 15171 ] end=1712128 piso=125313024
COUNTS id=[ 384, 15172 ] end=1699840 piso=124962816
COUNTS id=[ 384, 15173 ] end=5312512 piso=627322368
COUNTS id=[ 384, 15174 ] end=1208320 piso=115799040
COUNTS id=[ 384, 15175 ] end=1171456 piso=114342912
COUNTS id=[ 384, 15176 ] end=1208320 piso=115146240
COUNTS id=[ 384, 15177 ] end=2744320 piso=629995008
COUNTS id=[ 384, 15178 ] end=1798144 piso=619757568
COUNTS id=[ 384, 15179 ] end=3217408 piso=169144320
COUNTS id=[ 384, 15180 ] end=13189120 piso=1833547776
COUNTS id=[ 384, 15181 ] end=7081984 piso=676614144
COUNTS id=[ 384, 15182 ] end=7081984 piso=679735296
COUNTS id=[ 384, 15183 ] end=6639616 piso=671324160
COUNTS id=[ 384, 15184 ] end=1712128 piso=126801408
COUNTS id=[ 384, 15185 ] end=2510848 piso=146709504
COUNTS id=[ 384, 15186 ] end=1699840 piso=124588032
COUNTS id=[ 384, 15187 ] end=1687552 piso=124313088
COUNTS id=[ 384, 15188 ] end=62353408 piso=618611662848
COUNTS id=[ 384, 15189 ] end=507904 piso=10300416
COUNTS id=[ 384, 15190 ] end=360448 piso=3910656
COUNTS id=[ 384, 15191 ] end=507904 piso=10300416
COUNTS id=[ 384, 15192 ] end=249856 piso=3677184
COUNTS id=[ 384, 15193 ] end=540672 piso=6303744
COUNTS id=[ 384, 15194 ] end=1277952 piso=12742656
COUNTS id=[ 384, 15195 ] end=393216 piso=4829184
COUNTS id=[ 384, 15196 ] end=1081344 piso=11268096
COUNTS id=[ 384, 15197 ] end=347136 piso=3866112
COUNTS id=[ 384, 15198 ] end=8814592 piso=1286532096
COUNTS id=[ 384, 15199 ] end=1097728 piso=21949440
COUNTS id=[ 384, 15200 ] end=1024000 piso=21163008
COUNTS id=[ 384, 15201 ] end=851968 piso=10057728
COUNTS id=[ 384, 15202 ] end=277504 piso=3380736
COUNTS id=[ 384, 15203 ] end=802816 piso=10027008
COUNTS id=[ 384, 15204 ] end=277504 piso=3350016
PROGRESS checked=100 hits=0 reversed=0 runtime_ms=353539
COUNTS id=[ 384, 15205 ] end=851968 piso=139570176
COUNTS id=[ 384, 15206 ] end=286720 piso=3913728
COUNTS id=[ 384, 15207 ] end=249856 piso=3883008
COUNTS id=[ 384, 15208 ] end=3194880 piso=28936704
COUNTS id=[ 384, 15209 ] end=1761280 piso=12483072
COUNTS id=[ 384, 15210 ] end=2867200 piso=23121408
COUNTS id=[ 384, 15211 ] end=1662976 piso=11877888
COUNTS id=[ 384, 15212 ] end=3186688 piso=26208768
COUNTS id=[ 384, 15213 ] end=1761280 piso=12950016
COUNTS id=[ 384, 15214 ] end=2867200 piso=23440896
COUNTS id=[ 384, 15215 ] end=1662976 piso=11558400
COUNTS id=[ 384, 15216 ] end=9179136 piso=1239246336
COUNTS id=[ 384, 15217 ] end=1150976 piso=19725312
COUNTS id=[ 384, 15218 ] end=1052672 piso=22597632
COUNTS id=[ 384, 15219 ] end=286720 piso=11622912
COUNTS id=[ 384, 15220 ] end=458752 piso=12532224
COUNTS id=[ 384, 15221 ] end=282624 piso=16889856
COUNTS id=[ 384, 15222 ] end=319488 piso=8659968
COUNTS id=[ 384, 15223 ] end=319488 piso=12426240
COUNTS id=[ 384, 15224 ] end=1597440 piso=25728000
COUNTS id=[ 384, 15225 ] end=1548288 piso=26993664
COUNTS id=[ 384, 15226 ] end=1474560 piso=25792512
COUNTS id=[ 384, 15227 ] end=1011712 piso=31687680
COUNTS id=[ 384, 15228 ] end=1638400 piso=33209856
COUNTS id=[ 384, 15229 ] end=11714560 piso=1337089536
COUNTS id=[ 384, 15230 ] end=851968 piso=143248896
COUNTS id=[ 384, 15231 ] end=348160 piso=17974272
COUNTS id=[ 384, 15232 ] end=249856 piso=16223232
COUNTS id=[ 384, 15233 ] end=704512 piso=14221824
COUNTS id=[ 384, 15234 ] end=704512 piso=13966848
COUNTS id=[ 384, 15235 ] end=704512 piso=13899264
COUNTS id=[ 384, 15236 ] end=249856 piso=8530944
COUNTS id=[ 384, 15237 ] end=286720 piso=7736832
COUNTS id=[ 384, 15238 ] end=606208 piso=10759680
COUNTS id=[ 384, 15239 ] end=360448 piso=7859712
COUNTS id=[ 384, 15240 ] end=851968 piso=18832896
COUNTS id=[ 384, 15241 ] end=507904 piso=13929984
COUNTS id=[ 384, 15242 ] end=798720 piso=18438144
COUNTS id=[ 384, 15243 ] end=1126400 piso=20152320
COUNTS id=[ 384, 15244 ] end=864256 piso=13592064
COUNTS id=[ 384, 15245 ] end=3723264 piso=55051776
COUNTS id=[ 384, 15246 ] end=823296 piso=20026368
COUNTS id=[ 384, 15247 ] end=798720 piso=18345984
COUNTS id=[ 384, 15248 ] end=716800 piso=13324800
COUNTS id=[ 384, 15249 ] end=249856 piso=8481792
COUNTS id=[ 384, 15250 ] end=360448 piso=12971520
COUNTS id=[ 384, 15251 ] end=393216 piso=14790144
COUNTS id=[ 384, 15252 ] end=1376256 piso=22480896
COUNTS id=[ 384, 15253 ] end=393216 piso=8927232
COUNTS id=[ 384, 15254 ] end=360448 piso=7761408
COUNTS id=[ 384, 15255 ] end=360448 piso=12355584
COUNTS id=[ 384, 15256 ] end=1736704 piso=29411328
COUNTS id=[ 384, 15257 ] end=704512 piso=15508992
COUNTS id=[ 384, 15258 ] end=274432 piso=9435648
COUNTS id=[ 384, 15259 ] end=1183744 piso=23007744
COUNTS id=[ 384, 15260 ] end=704512 piso=12501504
COUNTS id=[ 384, 15261 ] end=274432 piso=9454080
COUNTS id=[ 384, 15262 ] end=716800 piso=12589056
COUNTS id=[ 384, 15263 ] end=249856 piso=8913408
COUNTS id=[ 384, 15264 ] end=606208 piso=13877760
COUNTS id=[ 384, 15265 ] end=606208 piso=14925312
COUNTS id=[ 384, 15266 ] end=249856 piso=8466432
COUNTS id=[ 384, 15267 ] end=618496 piso=11848704
COUNTS id=[ 384, 15268 ] end=249856 piso=8454144
COUNTS id=[ 384, 15269 ] end=606208 piso=11827200
COUNTS id=[ 384, 15270 ] end=249856 piso=11589120
COUNTS id=[ 384, 15271 ] end=249856 piso=7309824
COUNTS id=[ 384, 15272 ] end=606208 piso=10516992
COUNTS id=[ 384, 15273 ] end=360448 piso=8146944
COUNTS id=[ 384, 15274 ] end=540672 piso=16490496
COUNTS id=[ 384, 15275 ] end=540672 piso=16326144
COUNTS id=[ 384, 15276 ] end=2818048 piso=34885632
COUNTS id=[ 384, 15277 ] end=1036288 piso=26027520
COUNTS id=[ 384, 15278 ] end=9129984 piso=1242971136
COUNTS id=[ 384, 15279 ] end=823296 piso=12229632
COUNTS id=[ 384, 15280 ] end=774144 piso=12174336
COUNTS id=[ 384, 15281 ] end=1101824 piso=21120000
COUNTS id=[ 384, 15282 ] end=4091904 piso=331502592
COUNTS id=[ 384, 15283 ] end=4067328 piso=329708544
COUNTS id=[ 384, 15284 ] end=4145152 piso=329793024
COUNTS id=[ 384, 15285 ] end=1589248 piso=33111552
COUNTS id=[ 384, 15286 ] end=4030464 piso=328748544
COUNTS id=[ 384, 15287 ] end=643072 piso=11470848
COUNTS id=[ 384, 15288 ] end=643072 piso=10563072
COUNTS id=[ 384, 15289 ] end=3923968 piso=326530560
COUNTS id=[ 384, 15290 ] end=4698112 piso=358742016
COUNTS id=[ 384, 15291 ] end=704512 piso=14381568
COUNTS id=[ 384, 15292 ] end=704512 piso=14350848
COUNTS id=[ 384, 15293 ] end=1183744 piso=22562304
COUNTS id=[ 384, 15294 ] end=1441792 piso=26806272
COUNTS id=[ 384, 15295 ] end=704512 piso=12172800
COUNTS id=[ 384, 15296 ] end=3911680 piso=325100544
COUNTS id=[ 384, 15297 ] end=643072 piso=10778112
COUNTS id=[ 384, 15298 ] end=1146880 piso=21958656
COUNTS id=[ 384, 15299 ] end=4882432 piso=629190144
COUNTS id=[ 384, 15300 ] end=360448 piso=8899584
COUNTS id=[ 384, 15301 ] end=212992 piso=2362368
COUNTS id=[ 384, 15302 ] end=360448 piso=8899584
COUNTS id=[ 384, 15303 ] end=102400 piso=2128896
COUNTS id=[ 384, 15304 ] end=999424 piso=8417280
PROGRESS checked=200 hits=0 reversed=0 runtime_ms=692737
COUNTS id=[ 384, 15305 ] end=458752 piso=5615616
COUNTS id=[ 384, 15306 ] end=851968 piso=6942720
COUNTS id=[ 384, 15307 ] end=262144 piso=4141056
COUNTS id=[ 384, 15308 ] end=166912 piso=2072064
COUNTS id=[ 384, 15309 ] end=8519680 piso=1257753600
COUNTS id=[ 384, 15310 ] end=901120 piso=18533376
COUNTS id=[ 384, 15311 ] end=827392 piso=17746944
COUNTS id=[ 384, 15312 ] end=679936 piso=6027264
COUNTS id=[ 384, 15313 ] end=130048 piso=1586688
COUNTS id=[ 384, 15314 ] end=643072 piso=5996544
COUNTS id=[ 384, 15315 ] end=130048 piso=1555968
COUNTS id=[ 384, 15316 ] end=753664 piso=142347264
COUNTS id=[ 384, 15317 ] end=163840 piso=2930688
COUNTS id=[ 384, 15318 ] end=114688 piso=2899968
COUNTS id=[ 384, 15319 ] end=1802240 piso=16255488
COUNTS id=[ 384, 15320 ] end=516096 piso=5995008
COUNTS id=[ 384, 15321 ] end=1572864 piso=9764352
CLOSEST id=[ 384, 15321 ] end=1572864 piso=9764352 ratio=6357/1024
COUNTS id=[ 384, 15322 ] end=516096 piso=4849152
COUNTS id=[ 384, 15323 ] end=1794048 piso=13195776
COUNTS id=[ 384, 15324 ] end=516096 piso=6547968
COUNTS id=[ 384, 15325 ] end=1572864 piso=10206720
COUNTS id=[ 384, 15326 ] end=516096 piso=4480512
COUNTS id=[ 384, 15327 ] end=1781760 piso=116565504
COUNTS id=[ 384, 15328 ] end=479232 piso=13796352
COUNTS id=[ 384, 15329 ] end=139264 piso=4741632
COUNTS id=[ 384, 15330 ] end=163840 piso=5245440
COUNTS id=[ 384, 15331 ] end=778240 piso=10060800
COUNTS id=[ 384, 15332 ] end=778240 piso=12217344
COUNTS id=[ 384, 15333 ] end=237568 piso=6626304
COUNTS id=[ 384, 15334 ] end=237568 piso=6749184
COUNTS id=[ 384, 15335 ] end=1048576 piso=21241344
COUNTS id=[ 384, 15336 ] end=3162112 piso=145264128
COUNTS id=[ 384, 15337 ] end=8519680 piso=1263853056
COUNTS id=[ 384, 15338 ] end=135168 piso=9613824
COUNTS id=[ 384, 15339 ] end=540672 piso=14032896
COUNTS id=[ 384, 15340 ] end=491520 piso=15332352
COUNTS id=[ 384, 15341 ] end=393216 piso=12963840
COUNTS id=[ 384, 15342 ] end=528384 piso=8133120
COUNTS id=[ 384, 15343 ] end=716800 piso=10096128
COUNTS id=[ 384, 15344 ] end=200704 piso=5210112
COUNTS id=[ 384, 15345 ] end=3973120 piso=332183040
COUNTS id=[ 384, 15346 ] end=360448 piso=6285312
COUNTS id=[ 384, 15347 ] end=360448 piso=10114560
COUNTS id=[ 384, 15348 ] end=139264 piso=4701696
COUNTS id=[ 384, 15349 ] end=311296 piso=7183872
COUNTS id=[ 384, 15350 ] end=212992 piso=4947456
COUNTS id=[ 384, 15351 ] end=409600 piso=13389312
COUNTS id=[ 384, 15352 ] end=360448 piso=12467712
COUNTS id=[ 384, 15353 ] end=446464 piso=7366656
COUNTS id=[ 384, 15354 ] end=503808 piso=8282112
COUNTS id=[ 384, 15355 ] end=1306624 piso=18949632
COUNTS id=[ 384, 15356 ] end=700416 piso=11109888
COUNTS id=[ 384, 15357 ] end=311296 piso=10450944
COUNTS id=[ 384, 15358 ] end=126976 piso=4710912
COUNTS id=[ 384, 15359 ] end=360448 piso=5245440
COUNTS id=[ 384, 15360 ] end=430080 piso=13129728
DONE checked=256 abelian=0 hits=0 reversed=0 skipped_abelian=0 closest=[ 384, 15321 ] min_ratio=6357/1024 runtime_ms=863970
