{"command": ["/project/gap-4.16.1/gap", "-l", "/project/gap-4.16.1", "-q", "-b", "-T", "-m", "128m", "-o", "4g", "-c", "START_ORDER:=384;;END_ORDER:=384;;START_ID:=17153;;END_ID:=17408;;SKIP_ABELIAN:=true;;LOG_ALL:=true;;", "/project/scripts/search_19_20.g"], "source_hashes": {"scripts/search_19_20.g": "7b6a34e9163b58b0248b3c464ae8070783414cd7d14048136dd0e3547b906318", "scripts/lib_19_20.g": "fbcf2d3c4b0648cc1fa87d6e50fc923133d594c029b8430a365caf596ac7ccd5"}}
PARAMETERS start=384 end=384 start_id=17153 end_id=17408 skip_abelian=true log_all=true
ORDER_START order=384 groups=20169
COUNTS id=[ 384, 17153 ] end=172032 piso=2190336
CLOSEST id=[ 384, 17153 ] end=172032 piso=2190336 ratio=713/56
COUNTS id=[ 384, 17154 ] end=909312 piso=6068736
CLOSEST id=[ 384, 17154 ] end=909312 piso=6068736 ratio=3951/592
COUNTS id=[ 384, 17155 ] end=417792 piso=2545152
CLOSEST id=[ 384, 17155 ] end=417792 piso=2545152 ratio=1657/272
COUNTS id=[ 384, 17156 ] end=208896 piso=2032128
COUNTS id=[ 384, 17157 ] end=430080 piso=3210240
COUNTS id=[ 384, 17158 ] end=417792 piso=2562048
COUNTS id=[ 384, 17159 ] end=24576 piso=1923072
COUNTS id=[ 384, 17160 ] end=282624 piso=2231808
COUNTS id=[ 384, 17161 ] end=208896 piso=1795584
COUNTS id=[ 384, 17162 ] end=221184 piso=2178048
COUNTS id=[ 384, 17163 ] end=417792 piso=2514432
CLOSEST id=[ 384, 17163 ] end=417792 piso=2514432 ratio=1637/272
COUNTS id=[ 384, 17164 ] end=454656 piso=3264000
COUNTS id=[ 384, 17165 ] end=208896 piso=1786368
COUNTS id=[ 384, 17166 ] end=36864 piso=2337792
COUNTS id=[ 384, 17167 ] end=430080 piso=2502144
CLOSEST id=[ 384, 17167 ] end=430080 piso=2502144 ratio=1629/280
COUNTS id=[ 384, 17168 ] end=430080 piso=3182592
COUNTS id=[ 384, 17169 ] end=356352 piso=2445312
COUNTS id=[ 384, 17170 ] end=651264 piso=3757056
CLOSEST id=[ 384, 17170 ] end=651264 piso=3757056 ratio=1223/212
COUNTS id=[ 384, 17171 ] end=430080 piso=2698752
COUNTS id=[ 384, 17172 ] end=503808 piso=3376128
COUNTS id=[ 384, 17173 ] end=946176 piso=6225408
COUNTS id=[ 384, 17174 ] end=503808 piso=3350016
COUNTS id=[ 384, 17175 ] end=3170304 piso=102567936
COUNTS id=[ 384, 17176 ] end=3219456 piso=102759936
COUNTS id=[ 384, 17177 ] end=393216 piso=2406912
COUNTS id=[ 384, 17178 ] end=208896 piso=1763328
COUNTS id=[ 384, 17179 ] end=208896 piso=1754112
COUNTS id=[ 384, 17180 ] end=393216 piso=2297856
COUNTS id=[ 384, 17181 ] end=393216 piso=2307072
COUNTS id=[ 384, 17182 ] end=294912 piso=1927680
COUNTS id=[ 384, 17183 ] end=393216 piso=2962944
COUNTS id=[ 384, 17184 ] end=208896 piso=1757184
COUNTS id=[ 384, 17185 ] end=208896 piso=1835520
COUNTS id=[ 384, 17186 ] end=393216 piso=2944512
COUNTS id=[ 384, 17187 ] end=208896 piso=1766400
COUNTS id=[ 384, 17188 ] end=405504 piso=3091968
COUNTS id=[ 384, 17189 ] end=577536 piso=4171776
COUNTS id=[ 384, 17190 ] end=393216 piso=2929152
COUNTS id=[ 384, 17191 ] end=393216 piso=2385408
COUNTS id=[ 384, 17192 ] end=589824 piso=3571200
COUNTS id=[ 384, 17193 ] end=577536 piso=3555840
COUNTS id=[ 384, 17194 ] end=208896 piso=1465344
COUNTS id=[ 384, 17195 ] end=98304 piso=1586688
COUNTS id=[ 384, 17196 ] end=577536 piso=3565056
COUNTS id=[ 384, 17197 ] end=393216 piso=2307072
COUNTS id=[ 384, 17198 ] end=24576 piso=1589760
COUNTS id=[ 384, 17199 ] end=208896 piso=1893888
COUNTS id=[ 384, 17200 ] end=638976 piso=5664768
COUNTS id=[ 384, 17201 ] end=393216 piso=2304000
COUNTS id=[ 384, 17202 ] end=24576 piso=1543680
COUNTS id=[ 384, 17203 ] end=368640 piso=2282496
COUNTS id=[ 384, 17204 ] end=221184 piso=1900032
COUNTS id=[ 384, 17205 ] end=208896 piso=1778688
COUNTS id=[ 384, 17206 ] end=24576 piso=1499136
COUNTS id=[ 384, 17207 ] end=24576 piso=1514496
COUNTS id=[ 384, 17208 ] end=208896 piso=1950720
COUNTS id=[ 384, 17209 ] end=36864 piso=1536000
COUNTS id=[ 384, 17210 ] end=208896 piso=1760256
COUNTS id=[ 384, 17211 ] end=221184 piso=1794048
COUNTS id=[ 384, 17212 ] end=208896 piso=1430016
COUNTS id=[ 384, 17213 ] end=208896 piso=1448448
COUNTS id=[ 384, 17214 ] end=98304 piso=1602048
COUNTS id=[ 384, 17215 ] end=208896 piso=1462272
COUNTS id=[ 384, 17216 ] end=24576 piso=1502208
COUNTS id=[ 384, 17217 ] end=208896 piso=1439232
COUNTS id=[ 384, 17218 ] end=577536 piso=4180992
COUNTS id=[ 384, 17219 ] end=393216 piso=2291712
COUNTS id=[ 384, 17220 ] end=393216 piso=3064320
COUNTS id=[ 384, 17221 ] end=393216 piso=2294784
COUNTS id=[ 384, 17222 ] end=405504 piso=2975232
COUNTS id=[ 384, 17223 ] end=208896 piso=1430016
COUNTS id=[ 384, 17224 ] end=479232 piso=3096576
COUNTS id=[ 384, 17225 ] end=454656 piso=2285568
CLOSEST id=[ 384, 17225 ] end=454656 piso=2285568 ratio=186/37
COUNTS id=[ 384, 17226 ] end=393216 piso=2294784
COUNTS id=[ 384, 17227 ] end=208896 piso=1772544
COUNTS id=[ 384, 17228 ] end=282624 piso=1878528
COUNTS id=[ 384, 17229 ] end=36864 piso=1635840
COUNTS id=[ 384, 17230 ] end=208896 piso=1966080
COUNTS id=[ 384, 17231 ] end=24576 piso=1708032
COUNTS id=[ 384, 17232 ] end=184320 piso=1918464
COUNTS id=[ 384, 17233 ] end=208896 piso=1466880
COUNTS id=[ 384, 17234 ] end=36864 piso=1572864
COUNTS id=[ 384, 17235 ] end=405504 piso=2102784
COUNTS id=[ 384, 17236 ] end=393216 piso=2297856
COUNTS id=[ 384, 17237 ] end=577536 piso=3555840
COUNTS id=[ 384, 17238 ] end=208896 piso=1462272
COUNTS id=[ 384, 17239 ] end=184320 piso=1966080
COUNTS id=[ 384, 17240 ] end=393216 piso=2035200
COUNTS id=[ 384, 17241 ] end=417792 piso=2124288
COUNTS id=[ 384, 17242 ] end=24576 piso=1686528
COUNTS id=[ 384, 17243 ] end=577536 piso=3336192
COUNTS id=[ 384, 17244 ] end=577536 piso=3571200
COUNTS id=[ 384, 17245 ] end=110592 piso=1641984
COUNTS id=[ 384, 17246 ] end=331776 piso=2085888
COUNTS id=[ 384, 17247 ] end=221184 piso=1993728
COUNTS id=[ 384, 17248 ] end=405504 piso=2104320
COUNTS id=[ 384, 17249 ] end=135168 piso=1654272
COUNTS id=[ 384, 17250 ] end=86016 piso=1600512
COUNTS id=[ 384, 17251 ] end=1560576 piso=5549568
CLOSEST id=[ 384, 17251 ] end=1560576 piso=5549568 ratio=3613/1016
COUNTS id=[ 384, 17252 ] end=3760128 piso=117646848
PROGRESS checked=100 hits=0 reversed=0 runtime_ms=261157
COUNTS id=[ 384, 17253 ] end=921600 piso=6133248
COUNTS id=[ 384, 17254 ] end=430080 piso=2631168
COUNTS id=[ 384, 17255 ] end=1277952 piso=10825728
COUNTS id=[ 384, 17256 ] end=688128 piso=3944448
COUNTS id=[ 384, 17257 ] end=294912 piso=2641920
COUNTS id=[ 384, 17258 ] end=1327104 piso=10778112
COUNTS id=[ 384, 17259 ] end=995328 piso=6746112
COUNTS id=[ 384, 17260 ] end=454656 piso=2519040
COUNTS id=[ 384, 17261 ] end=245760 piso=2188800
COUNTS id=[ 384, 17262 ] end=110592 piso=2297856
COUNTS id=[ 384, 17263 ] end=479232 piso=2778624
COUNTS id=[ 384, 17264 ] end=589824 piso=3763200
COUNTS id=[ 384, 17265 ] end=786432 piso=6093312
COUNTS id=[ 384, 17266 ] end=589824 piso=3629568
COUNTS id=[ 384, 17267 ] end=393216 piso=2399232
COUNTS id=[ 384, 17268 ] end=774144 piso=5793792
COUNTS id=[ 384, 17269 ] end=577536 piso=3357696
COUNTS id=[ 384, 17270 ] end=405504 piso=2150400
COUNTS id=[ 384, 17271 ] end=208896 piso=1514496
COUNTS id=[ 384, 17272 ] end=405504 piso=2557440
COUNTS id=[ 384, 17273 ] end=36864 piso=1721856
COUNTS id=[ 384, 17274 ] end=270336 piso=2135040
COUNTS id=[ 384, 17275 ] end=270336 piso=2056704
COUNTS id=[ 384, 17276 ] end=208896 piso=1537536
COUNTS id=[ 384, 17277 ] end=393216 piso=2112000
COUNTS id=[ 384, 17278 ] end=208896 piso=1542144
COUNTS id=[ 384, 17279 ] end=24576 piso=1668096
COUNTS id=[ 384, 17280 ] end=4325376 piso=106653696
COUNTS id=[ 384, 17281 ] end=294912 piso=2090496
COUNTS id=[ 384, 17282 ] end=3440640 piso=103409664
COUNTS id=[ 384, 17283 ] end=159744 piso=1955328
COUNTS id=[ 384, 17284 ] end=307200 piso=2476032
COUNTS id=[ 384, 17285 ] end=159744 piso=2347008
COUNTS id=[ 384, 17286 ] end=57397248 piso=206270521344
COUNTS id=[ 384, 17287 ] end=4718592 piso=219151872
COUNTS id=[ 384, 17288 ] end=3588096 piso=204652032
COUNTS id=[ 384, 17289 ] end=3821568 piso=210616320
COUNTS id=[ 384, 17290 ] end=835584 piso=6451200
COUNTS id=[ 384, 17291 ] end=294912 piso=4737024
COUNTS id=[ 384, 17292 ] end=479232 piso=5041152
COUNTS id=[ 384, 17293 ] end=479232 piso=5019648
COUNTS id=[ 384, 17294 ] end=835584 piso=6409728
COUNTS id=[ 384, 17295 ] end=344064 piso=4701696
COUNTS id=[ 384, 17296 ] end=2949120 piso=14893056
COUNTS id=[ 384, 17297 ] end=786432 piso=5677056
COUNTS id=[ 384, 17298 ] end=2273280 piso=9216000
COUNTS id=[ 384, 17299 ] end=405504 piso=3244032
COUNTS id=[ 384, 17300 ] end=552960 piso=2916864
COUNTS id=[ 384, 17301 ] end=552960 piso=2899968
COUNTS id=[ 384, 17302 ] end=1191936 piso=5185536
COUNTS id=[ 384, 17303 ] end=159744 piso=2093568
COUNTS id=[ 384, 17304 ] end=110592 piso=2088960
COUNTS id=[ 384, 17305 ] end=282624 piso=1970688
COUNTS id=[ 384, 17306 ] end=282624 piso=1970688
COUNTS id=[ 384, 17307 ] end=51720192 piso=149004288
CLOSEST id=[ 384, 17307 ] end=51720192 piso=149004288 ratio=4042/1403
COUNTS id=[ 384, 17308 ] end=7090176 piso=14917632
CLOSEST id=[ 384, 17308 ] end=7090176 piso=14917632 ratio=1214/577
ABELIAN_SKIPPED id=[ 384, 17309 ] reason=known_equality
COUNTS id=[ 384, 17310 ] end=4718592 piso=6291456
CLOSEST id=[ 384, 17310 ] end=4718592 piso=6291456 ratio=4/3
COUNTS id=[ 384, 17311 ] end=3538944 piso=3932160
CLOSEST id=[ 384, 17311 ] end=3538944 piso=3932160 ratio=10/9
COUNTS id=[ 384, 17312 ] end=1179648 piso=1486848
COUNTS id=[ 384, 17313 ] end=1130496 piso=1290240
COUNTS id=[ 384, 17314 ] end=638976 piso=701952
CLOSEST id=[ 384, 17314 ] end=638976 piso=701952 ratio=457/416
COUNTS id=[ 384, 17315 ] end=602112 piso=701952
COUNTS id=[ 384, 17316 ] end=7864320 piso=203685888
COUNTS id=[ 384, 17317 ] end=6684672 piso=202113024
COUNTS id=[ 384, 17318 ] end=1376256 piso=6746112
COUNTS id=[ 384, 17319 ] end=1327104 piso=6549504
COUNTS id=[ 384, 17320 ] end=1314816 piso=6316032
COUNTS id=[ 384, 17321 ] end=8847360 piso=408895488
COUNTS id=[ 384, 17322 ] end=1523712 piso=7286784
COUNTS id=[ 384, 17323 ] end=1953792 piso=11005440
COUNTS id=[ 384, 17324 ] end=356352 piso=6594048
COUNTS id=[ 384, 17325 ] end=7471104 piso=403341312
COUNTS id=[ 384, 17326 ] end=1179648 piso=38436864
COUNTS id=[ 384, 17327 ] end=1327104 piso=6500352
COUNTS id=[ 384, 17328 ] end=1597440 piso=10323456
COUNTS id=[ 384, 17329 ] end=294912 piso=5887488
COUNTS id=[ 384, 17330 ] end=8257536 piso=405405696
COUNTS id=[ 384, 17331 ] end=1966080 piso=42074112
COUNTS id=[ 384, 17332 ] end=1474560 piso=6930432
COUNTS id=[ 384, 17333 ] end=7372800 piso=403009536
COUNTS id=[ 384, 17334 ] end=1081344 piso=38301696
COUNTS id=[ 384, 17335 ] end=1769472 piso=9646080
COUNTS id=[ 384, 17336 ] end=1400832 piso=6561792
COUNTS id=[ 384, 17337 ] end=1658880 piso=10268544
COUNTS id=[ 384, 17338 ] end=356352 piso=5918592
COUNTS id=[ 384, 17339 ] end=1769472 piso=10407936
COUNTS id=[ 384, 17340 ] end=1400832 piso=6537216
COUNTS id=[ 384, 17341 ] end=528384 piso=3634176
COUNTS id=[ 384, 17342 ] end=2359296 piso=5505024
COUNTS id=[ 384, 17343 ] end=1179648 piso=3932160
COUNTS id=[ 384, 17344 ] end=589824 piso=1486848
COUNTS id=[ 384, 17345 ] end=540672 piso=1290240
COUNTS id=[ 384, 17346 ] end=196608 piso=652800
COUNTS id=[ 384, 17347 ] end=3538944 piso=8650752
COUNTS id=[ 384, 17348 ] end=3538944 piso=8650752
COUNTS id=[ 384, 17349 ] end=786432 piso=2015232
COUNTS id=[ 384, 17350 ] end=1376256 piso=3256320
COUNTS id=[ 384, 17351 ] end=638976 piso=1572864
COUNTS id=[ 384, 17352 ] end=399360 piso=894336
COUNTS id=[ 384, 17353 ] end=399360 piso=894336
PROGRESS checked=200 hits=0 reversed=0 runtime_ms=591280
COUNTS id=[ 384, 17354 ] end=589824 piso=1720320
COUNTS id=[ 384, 17355 ] end=442368 piso=1474560
COUNTS id=[ 384, 17356 ] end=98304 piso=682368
COUNTS id=[ 384, 17357 ] end=983040 piso=3440640
COUNTS id=[ 384, 17358 ] end=884736 piso=3440640
COUNTS id=[ 384, 17359 ] end=540672 piso=847872
COUNTS id=[ 384, 17360 ] end=835584 piso=3317760
COUNTS id=[ 384, 17361 ] end=516096 piso=823296
COUNTS id=[ 384, 17362 ] end=172032 piso=382464
COUNTS id=[ 384, 17363 ] end=172032 piso=382464
COUNTS id=[ 384, 17364 ] end=497664 piso=761856
COUNTS id=[ 384, 17365 ] end=165888 piso=357888
COUNTS id=[ 384, 17366 ] end=1671168 piso=3369984
COUNTS id=[ 384, 17367 ] end=909312 piso=2350080
COUNTS id=[ 384, 17368 ] end=983040 piso=2190336
COUNTS id=[ 384, 17369 ] end=488448 piso=1175040
COUNTS id=[ 384, 17370 ] end=470016 piso=867840
COUNTS id=[ 384, 17371 ] end=221184 piso=552960
COUNTS id=[ 384, 17372 ] end=184320 piso=552960
COUNTS id=[ 384, 17373 ] end=476160 piso=858624
COUNTS id=[ 384, 17374 ] end=940032 piso=2128896
COUNTS id=[ 384, 17375 ] end=196608 piso=528384
COUNTS id=[ 384, 17376 ] end=1818624 piso=6684672
COUNTS id=[ 384, 17377 ] end=983040 piso=2482176
COUNTS id=[ 384, 17378 ] end=344064 piso=1867776
COUNTS id=[ 384, 17379 ] end=294912 piso=847872
COUNTS id=[ 384, 17380 ] end=933888 piso=2482176
COUNTS id=[ 384, 17381 ] end=245760 piso=1867776
COUNTS id=[ 384, 17382 ] end=1720320 piso=6684672
COUNTS id=[ 384, 17383 ] end=282624 piso=847872
COUNTS id=[ 384, 17384 ] end=958464 piso=2385408
COUNTS id=[ 384, 17385 ] end=221184 piso=935424
COUNTS id=[ 384, 17386 ] end=660480 piso=1547136
COUNTS id=[ 384, 17387 ] end=193536 piso=797568
COUNTS id=[ 384, 17388 ] end=1041408 piso=3969408
COUNTS id=[ 384, 17389 ] end=562176 piso=1536384
COUNTS id=[ 384, 17390 ] end=107520 piso=1597824
COUNTS id=[ 384, 17391 ] end=304128 piso=808320
COUNTS id=[ 384, 17392 ] end=304128 piso=808320
COUNTS id=[ 384, 17393 ] end=172032 piso=488448
COUNTS id=[ 384, 17394 ] end=172032 piso=488448
COUNTS id=[ 384, 17395 ] end=141312 piso=415104
COUNTS id=[ 384, 17396 ] end=162816 piso=459264
COUNTS id=[ 384, 17397 ] end=141312 piso=422784
COUNTS id=[ 384, 17398 ] end=491520 piso=863232
COUNTS id=[ 384, 17399 ] end=294912 piso=666624
COUNTS id=[ 384, 17400 ] end=104448 piso=313344
COUNTS id=[ 384, 17401 ] end=104448 piso=313344
COUNTS id=[ 384, 17402 ] end=98304 piso=288768
COUNTS id=[ 384, 17403 ] end=276480 piso=617472
COUNTS id=[ 384, 17404 ] end=319488 piso=517632
COUNTS id=[ 384, 17405 ] end=178176 piso=370176
COUNTS id=[ 384, 17406 ] end=101376 piso=230400
COUNTS id=[ 384, 17407 ] end=101376 piso=211968
COUNTS id=[ 384, 17408 ] end=101376 piso=230400
DONE checked=255 abelian=0 hits=0 reversed=0 skipped_abelian=1 closest=[ 384, 17314 ] min_ratio=457/416 runtime_ms=734392
