{"command": ["/project/gap-4.16.1/gap", "-l", "/project/gap-4.16.1", "-q", "-b", "-T", "-m", "128m", "-o", "4g", "-c", "START_ORDER:=384;;END_ORDER:=384;;START_ID:=16385;;END_ID:=16640;;SKIP_ABELIAN:=true;;LOG_ALL:=true;;", "/project/scripts/search_19_20.g"], "source_hashes": {"scripts/search_19_20.g": "7b6a34e9163b58b0248b3c464ae8070783414cd7d14048136dd0e3547b906318", "scripts/lib_19_20.g": "fbcf2d3c4b0648cc1fa87d6e50fc923133d594c029b8430a365caf596ac7ccd5"}}
PARAMETERS start=384 end=384 start_id=16385 end_id=16640 skip_abelian=true log_all=true
ORDER_START order=384 groups=20169
COUNTS id=[ 384, 16385 ] end=90112 piso=4499328
CLOSEST id=[ 384, 16385 ] end=90112 piso=4499328 ratio=35151/704
COUNTS id=[ 384, 16386 ] end=63488 piso=2027904
CLOSEST id=[ 384, 16386 ] end=63488 piso=2027904 ratio=15843/496
COUNTS id=[ 384, 16387 ] end=124928 piso=906240
CLOSEST id=[ 384, 16387 ] end=124928 piso=906240 ratio=885/122
COUNTS id=[ 384, 16388 ] end=103424 piso=828288
COUNTS id=[ 384, 16389 ] end=1875968 piso=32515584
COUNTS id=[ 384, 16390 ] end=590848 piso=4225536
CLOSEST id=[ 384, 16390 ] end=590848 piso=4225536 ratio=8253/1154
COUNTS id=[ 384, 16391 ] end=303104 piso=18347520
COUNTS id=[ 384, 16392 ] end=74752 piso=1896960
COUNTS id=[ 384, 16393 ] end=561152 piso=10785792
COUNTS id=[ 384, 16394 ] end=2068480 piso=23113728
COUNTS id=[ 384, 16395 ] end=446464 piso=4775424
COUNTS id=[ 384, 16396 ] end=888832 piso=7852032
COUNTS id=[ 384, 16397 ] end=3031040 piso=20152320
CLOSEST id=[ 384, 16397 ] end=3031040 piso=20152320 ratio=246/37
COUNTS id=[ 384, 16398 ] end=2998272 piso=20152320
COUNTS id=[ 384, 16399 ] end=961536 piso=6804864
COUNTS id=[ 384, 16400 ] end=1372160 piso=20677632
COUNTS id=[ 384, 16401 ] end=430080 piso=10257408
COUNTS id=[ 384, 16402 ] end=405504 piso=5709696
COUNTS id=[ 384, 16403 ] end=4689920 piso=52518912
COUNTS id=[ 384, 16404 ] end=888832 piso=12017664
COUNTS id=[ 384, 16405 ] end=1970176 piso=19550208
COUNTS id=[ 384, 16406 ] end=655360 piso=7926144
COUNTS id=[ 384, 16407 ] end=8552448 piso=1241576448
COUNTS id=[ 384, 16408 ] end=1048576 piso=24990720
COUNTS id=[ 384, 16409 ] end=1810432 piso=31032192
COUNTS id=[ 384, 16410 ] end=1261568 piso=12779520
COUNTS id=[ 384, 16411 ] end=1228800 piso=11968512
COUNTS id=[ 384, 16412 ] end=509952 piso=6451584
COUNTS id=[ 384, 16413 ] end=940800 piso=11609952
COUNTS id=[ 384, 16414 ] end=1675520 piso=25406688
COUNTS id=[ 384, 16415 ] end=374016 piso=5286624
COUNTS id=[ 384, 16416 ] end=399360 piso=4987776
COUNTS id=[ 384, 16417 ] end=1638400 piso=7544832
CLOSEST id=[ 384, 16417 ] end=1638400 piso=7544832 ratio=921/200
COUNTS id=[ 384, 16418 ] end=1622016 piso=7544832
COUNTS id=[ 384, 16419 ] end=506880 piso=3265920
COUNTS id=[ 384, 16420 ] end=405504 piso=8856576
COUNTS id=[ 384, 16421 ] end=757760 piso=11265024
COUNTS id=[ 384, 16422 ] end=1167360 piso=13108224
COUNTS id=[ 384, 16423 ] end=290816 piso=4850688
COUNTS id=[ 384, 16424 ] end=223232 piso=2981760
COUNTS id=[ 384, 16425 ] end=266240 piso=3301248
COUNTS id=[ 384, 16426 ] end=2347008 piso=17817600
COUNTS id=[ 384, 16427 ] end=1036288 piso=11083776
COUNTS id=[ 384, 16428 ] end=2314240 piso=25694208
COUNTS id=[ 384, 16429 ] end=544768 piso=9621504
COUNTS id=[ 384, 16430 ] end=372736 piso=3649920
COUNTS id=[ 384, 16431 ] end=8142848 piso=1208521728
COUNTS id=[ 384, 16432 ] end=819200 piso=115381248
COUNTS id=[ 384, 16433 ] end=1343488 piso=30274560
COUNTS id=[ 384, 16434 ] end=704512 piso=20247552
COUNTS id=[ 384, 16435 ] end=1595392 piso=24193920
COUNTS id=[ 384, 16436 ] end=360448 piso=18400128
COUNTS id=[ 384, 16437 ] end=737280 piso=6635520
COUNTS id=[ 384, 16438 ] end=720896 piso=5824512
COUNTS id=[ 384, 16439 ] end=278528 piso=2673024
COUNTS id=[ 384, 16440 ] end=827648 piso=7956576
COUNTS id=[ 384, 16441 ] end=848640 piso=8076768
COUNTS id=[ 384, 16442 ] end=200960 piso=2995296
COUNTS id=[ 384, 16443 ] end=245504 piso=2680800
COUNTS id=[ 384, 16444 ] end=223232 piso=2164608
COUNTS id=[ 384, 16445 ] end=1576960 piso=13357056
COUNTS id=[ 384, 16446 ] end=151552 piso=2010624
COUNTS id=[ 384, 16447 ] end=790528 piso=7827456
COUNTS id=[ 384, 16448 ] end=573440 piso=5701632
COUNTS id=[ 384, 16449 ] end=540672 piso=5701632
COUNTS id=[ 384, 16450 ] end=125952 piso=4777344
COUNTS id=[ 384, 16451 ] end=331776 piso=5858304
COUNTS id=[ 384, 16452 ] end=618496 piso=5907456
COUNTS id=[ 384, 16453 ] end=83968 piso=2637696
COUNTS id=[ 384, 16454 ] end=1839104 piso=18112512
COUNTS id=[ 384, 16455 ] end=1576960 piso=17227776
COUNTS id=[ 384, 16456 ] end=888832 piso=9474048
COUNTS id=[ 384, 16457 ] end=163840 piso=3613056
COUNTS id=[ 384, 16458 ] end=540672 piso=117175296
COUNTS id=[ 384, 16459 ] end=999424 piso=25187328
COUNTS id=[ 384, 16460 ] end=145408 piso=18172800
COUNTS id=[ 384, 16461 ] end=540672 piso=5898240
COUNTS id=[ 384, 16462 ] end=507904 piso=5087232
COUNTS id=[ 384, 16463 ] end=120832 piso=2494848
COUNTS id=[ 384, 16464 ] end=87808 piso=2833248
COUNTS id=[ 384, 16465 ] end=147712 piso=2515680
COUNTS id=[ 384, 16466 ] end=195840 piso=5592288
COUNTS id=[ 384, 16467 ] end=120832 piso=2364288
COUNTS id=[ 384, 16468 ] end=147456 piso=1413120
COUNTS id=[ 384, 16469 ] end=1081344 piso=12049920
COUNTS id=[ 384, 16470 ] end=110592 piso=1274880
COUNTS id=[ 384, 16471 ] end=98304 piso=3780096
COUNTS id=[ 384, 16472 ] end=491520 piso=2789376
COUNTS id=[ 384, 16473 ] end=487424 piso=2789376
COUNTS id=[ 384, 16474 ] end=551936 piso=2746752
COUNTS id=[ 384, 16475 ] end=551936 piso=2746752
COUNTS id=[ 384, 16476 ] end=122880 piso=1936896
COUNTS id=[ 384, 16477 ] end=557056 piso=4550016
COUNTS id=[ 384, 16478 ] end=47104 piso=2196864
COUNTS id=[ 384, 16479 ] end=327680 piso=3477504
COUNTS id=[ 384, 16480 ] end=286720 piso=3477504
COUNTS id=[ 384, 16481 ] end=655360 piso=5714304
COUNTS id=[ 384, 16482 ] end=1282048 piso=15421824
COUNTS id=[ 384, 16483 ] end=102400 piso=5603712
COUNTS id=[ 384, 16484 ] end=155648 piso=1539072
PROGRESS checked=100 hits=0 reversed=0 runtime_ms=338481
COUNTS id=[ 384, 16485 ] end=155648 piso=1539072
COUNTS id=[ 384, 16486 ] end=63488 piso=1372032
COUNTS id=[ 384, 16487 ] end=924672 piso=19023360
COUNTS id=[ 384, 16488 ] end=1859584 piso=32941440
COUNTS id=[ 384, 16489 ] end=139264 piso=18361728
COUNTS id=[ 384, 16490 ] end=333824 piso=3772416
COUNTS id=[ 384, 16491 ] end=329728 piso=2961408
COUNTS id=[ 384, 16492 ] end=182272 piso=2172288
COUNTS id=[ 384, 16493 ] end=182272 piso=2172288
COUNTS id=[ 384, 16494 ] end=969984 piso=11094240
COUNTS id=[ 384, 16495 ] end=516864 piso=4276704
COUNTS id=[ 384, 16496 ] end=82176 piso=3346656
COUNTS id=[ 384, 16497 ] end=514816 piso=3972192
COUNTS id=[ 384, 16498 ] end=577792 piso=4856160
COUNTS id=[ 384, 16499 ] end=133888 piso=2282592
COUNTS id=[ 384, 16500 ] end=220416 piso=3656928
COUNTS id=[ 384, 16501 ] end=70912 piso=1919328
COUNTS id=[ 384, 16502 ] end=94464 piso=2176224
COUNTS id=[ 384, 16503 ] end=145152 piso=2166240
COUNTS id=[ 384, 16504 ] end=80896 piso=1169280
COUNTS id=[ 384, 16505 ] end=1597440 piso=7300608
CLOSEST id=[ 384, 16505 ] end=1597440 piso=7300608 ratio=4753/1040
COUNTS id=[ 384, 16506 ] end=719872 piso=3460992
COUNTS id=[ 384, 16507 ] end=262144 piso=6715392
COUNTS id=[ 384, 16508 ] end=983040 piso=12126720
COUNTS id=[ 384, 16509 ] end=192512 piso=3549696
COUNTS id=[ 384, 16510 ] end=702464 piso=7691136
COUNTS id=[ 384, 16511 ] end=192512 piso=3648384
COUNTS id=[ 384, 16512 ] end=260096 piso=2918784
COUNTS id=[ 384, 16513 ] end=1648640 piso=14721024
COUNTS id=[ 384, 16514 ] end=305152 piso=4313088
COUNTS id=[ 384, 16515 ] end=342016 piso=4202880
COUNTS id=[ 384, 16516 ] end=944128 piso=9904512
COUNTS id=[ 384, 16517 ] end=192512 piso=2875776
COUNTS id=[ 384, 16518 ] end=671744 piso=7013760
COUNTS id=[ 384, 16519 ] end=207872 piso=2190336
COUNTS id=[ 384, 16520 ] end=7998464 piso=1208873472
COUNTS id=[ 384, 16521 ] end=646144 piso=19137024
COUNTS id=[ 384, 16522 ] end=1228800 piso=24213504
COUNTS id=[ 384, 16523 ] end=2056192 piso=39200640
COUNTS id=[ 384, 16524 ] end=335872 piso=19490688
COUNTS id=[ 384, 16525 ] end=1613824 piso=25166208
COUNTS id=[ 384, 16526 ] end=633856 piso=5408256
COUNTS id=[ 384, 16527 ] end=309248 piso=2987904
COUNTS id=[ 384, 16528 ] end=1236736 piso=16454496
COUNTS id=[ 384, 16529 ] end=792832 piso=7901280
COUNTS id=[ 384, 16530 ] end=208640 piso=2717280
COUNTS id=[ 384, 16531 ] end=271616 piso=3189600
COUNTS id=[ 384, 16532 ] end=2394112 piso=49353216
COUNTS id=[ 384, 16533 ] end=572416 piso=12284928
COUNTS id=[ 384, 16534 ] end=802048 piso=7606752
COUNTS id=[ 384, 16535 ] end=865024 piso=9261792
COUNTS id=[ 384, 16536 ] end=280576 piso=19352064
COUNTS id=[ 384, 16537 ] end=655616 piso=6344928
COUNTS id=[ 384, 16538 ] end=208640 piso=2808288
COUNTS id=[ 384, 16539 ] end=207872 piso=2124288
COUNTS id=[ 384, 16540 ] end=368640 piso=2950656
COUNTS id=[ 384, 16541 ] end=302080 piso=2539392
COUNTS id=[ 384, 16542 ] end=122880 piso=2390016
COUNTS id=[ 384, 16543 ] end=81920 piso=3475968
COUNTS id=[ 384, 16544 ] end=520192 piso=4704768
COUNTS id=[ 384, 16545 ] end=563200 piso=5208960
COUNTS id=[ 384, 16546 ] end=53248 piso=3378048
COUNTS id=[ 384, 16547 ] end=77824 piso=1782144
COUNTS id=[ 384, 16548 ] end=223232 piso=4521984
COUNTS id=[ 384, 16549 ] end=649216 piso=5812224
COUNTS id=[ 384, 16550 ] end=686080 piso=5800320
COUNTS id=[ 384, 16551 ] end=108544 piso=4067712
COUNTS id=[ 384, 16552 ] end=520192 piso=4252032
COUNTS id=[ 384, 16553 ] end=65536 piso=3014016
COUNTS id=[ 384, 16554 ] end=68608 piso=1410048
COUNTS id=[ 384, 16555 ] end=330752 piso=112169472
COUNTS id=[ 384, 16556 ] end=941056 piso=24420864
COUNTS id=[ 384, 16557 ] end=884736 piso=19298304
COUNTS id=[ 384, 16558 ] end=1841152 piso=32276352
COUNTS id=[ 384, 16559 ] end=120832 piso=19472256
COUNTS id=[ 384, 16560 ] end=163840 piso=17418624
COUNTS id=[ 384, 16561 ] end=273408 piso=2975232
COUNTS id=[ 384, 16562 ] end=114688 piso=1630080
COUNTS id=[ 384, 16563 ] end=496896 piso=4451424
COUNTS id=[ 384, 16564 ] end=95488 piso=1739616
COUNTS id=[ 384, 16565 ] end=52992 piso=3788640
COUNTS id=[ 384, 16566 ] end=158464 piso=2385504
COUNTS id=[ 384, 16567 ] end=539392 piso=4252128
COUNTS id=[ 384, 16568 ] end=1853440 piso=32537088
COUNTS id=[ 384, 16569 ] end=357376 piso=10171392
COUNTS id=[ 384, 16570 ] end=98560 piso=2234592
COUNTS id=[ 384, 16571 ] end=133120 piso=19788288
COUNTS id=[ 384, 16572 ] end=62208 piso=2438880
COUNTS id=[ 384, 16573 ] end=125184 piso=2479584
COUNTS id=[ 384, 16574 ] end=68608 piso=1344000
COUNTS id=[ 384, 16575 ] end=63488 piso=1345920
COUNTS id=[ 384, 16576 ] end=128000 piso=1448448
COUNTS id=[ 384, 16577 ] end=77824 piso=1210752
COUNTS id=[ 384, 16578 ] end=504832 piso=4055040
COUNTS id=[ 384, 16579 ] end=37888 piso=1898496
COUNTS id=[ 384, 16580 ] end=388096 piso=10630656
COUNTS id=[ 384, 16581 ] end=1908736 piso=33537024
COUNTS id=[ 384, 16582 ] end=108544 piso=17912832
COUNTS id=[ 384, 16583 ] end=265024 piso=2368992
COUNTS id=[ 384, 16584 ] end=77632 piso=1468128
PROGRESS checked=200 hits=0 reversed=0 runtime_ms=624149
COUNTS id=[ 384, 16585 ] end=187072 piso=1895808
COUNTS id=[ 384, 16586 ] end=310336 piso=3502848
COUNTS id=[ 384, 16587 ] end=71488 piso=1679616
COUNTS id=[ 384, 16588 ] end=138944 piso=1473024
COUNTS id=[ 384, 16589 ] end=40256 piso=1721472
COUNTS id=[ 384, 16590 ] end=158912 piso=1737216
COUNTS id=[ 384, 16591 ] end=256064 piso=2331264
COUNTS id=[ 384, 16592 ] end=205120 piso=1695456
COUNTS id=[ 384, 16593 ] end=26944 piso=1799136
COUNTS id=[ 384, 16594 ] end=16704 piso=2376960
COUNTS id=[ 384, 16595 ] end=109248 piso=1539456
COUNTS id=[ 384, 16596 ] end=209472 piso=1890048
COUNTS id=[ 384, 16597 ] end=6815744 piso=213123072
COUNTS id=[ 384, 16598 ] end=3276800 piso=205258752
COUNTS id=[ 384, 16599 ] end=67108864 piso=2663743488
COUNTS id=[ 384, 16600 ] end=16777216 piso=272130048
COUNTS id=[ 384, 16601 ] end=11534336 piso=262692864
COUNTS id=[ 384, 16602 ] end=11534336 piso=261193728
COUNTS id=[ 384, 16603 ] end=4456448 piso=211083264
COUNTS id=[ 384, 16604 ] end=5636096 piso=259153920
COUNTS id=[ 384, 16605 ] end=11927552 piso=782917632
COUNTS id=[ 384, 16606 ] end=3915776 piso=223483392
COUNTS id=[ 384, 16607 ] end=2277376 piso=211103232
COUNTS id=[ 384, 16608 ] end=4194304 piso=232582656
COUNTS id=[ 384, 16609 ] end=2510848 piso=216563712
COUNTS id=[ 384, 16610 ] end=5898240 piso=414842880
COUNTS id=[ 384, 16611 ] end=3244032 piso=405565440
COUNTS id=[ 384, 16612 ] end=3538944 piso=407666688
COUNTS id=[ 384, 16613 ] end=3899392 piso=436866048
COUNTS id=[ 384, 16614 ] end=2685952 piso=404860416
COUNTS id=[ 384, 16615 ] end=3014656 piso=405974016
COUNTS id=[ 384, 16616 ] end=7667712 piso=429146112
COUNTS id=[ 384, 16617 ] end=17956864 piso=999972864
COUNTS id=[ 384, 16618 ] end=12058624 piso=461242368
COUNTS id=[ 384, 16619 ] end=8257536 piso=435560448
COUNTS id=[ 384, 16620 ] end=5308416 piso=418234368
COUNTS id=[ 384, 16621 ] end=8093696 piso=434755584
COUNTS id=[ 384, 16622 ] end=3735552 piso=454760448
COUNTS id=[ 384, 16623 ] end=2719744 piso=419874816
COUNTS id=[ 384, 16624 ] end=4239360 piso=439603200
COUNTS id=[ 384, 16625 ] end=7159808 piso=478723584
COUNTS id=[ 384, 16626 ] end=3014656 piso=415317504
COUNTS id=[ 384, 16627 ] end=15204352 piso=1346967552
COUNTS id=[ 384, 16628 ] end=11141120 piso=1189914624
COUNTS id=[ 384, 16629 ] end=4362240 piso=434474496
COUNTS id=[ 384, 16630 ] end=4108288 piso=433551360
COUNTS id=[ 384, 16631 ] end=3801088 piso=51511296
COUNTS id=[ 384, 16632 ] end=1146880 piso=40857600
COUNTS id=[ 384, 16633 ] end=1441792 piso=42762240
COUNTS id=[ 384, 16634 ] end=1441792 piso=44878848
COUNTS id=[ 384, 16635 ] end=326656 piso=39169536
COUNTS id=[ 384, 16636 ] end=753664 piso=45542400
COUNTS id=[ 384, 16637 ] end=5767168 piso=71270400
COUNTS id=[ 384, 16638 ] end=2031616 piso=46940160
COUNTS id=[ 384, 16639 ] end=2129920 piso=45668352
COUNTS id=[ 384, 16640 ] end=4784128 piso=79681536
DONE checked=256 abelian=0 hits=0 reversed=0 skipped_abelian=0 closest=[ 384, 16505 ] min_ratio=4753/1040 runtime_ms=873495
