{"command": ["/project/gap-4.16.1/gap", "-l", "/project/gap-4.16.1", "-q", "-b", "-T", "-m", "128m", "-o", "4g", "-c", "START_ORDER:=384;;END_ORDER:=384;;START_ID:=5377;;END_ID:=5632;;SKIP_ABELIAN:=true;;LOG_ALL:=true;;", "/project/scripts/search_19_20.g"], "source_hashes": {"scripts/search_19_20.g": "7b6a34e9163b58b0248b3c464ae8070783414cd7d14048136dd0e3547b906318", "scripts/lib_19_20.g": "fbcf2d3c4b0648cc1fa87d6e50fc923133d594c029b8430a365caf596ac7ccd5"}}
PARAMETERS start=384 end=384 start_id=5377 end_id=5632 skip_abelian=true log_all=true
ORDER_START order=384 groups=20169
COUNTS id=[ 384, 5377 ] end=13824 piso=480768
CLOSEST id=[ 384, 5377 ] end=13824 piso=480768 ratio=313/9
COUNTS id=[ 384, 5378 ] end=13824 piso=480768
COUNTS id=[ 384, 5379 ] end=7680 piso=474624
COUNTS id=[ 384, 5380 ] end=7680 piso=149376
CLOSEST id=[ 384, 5380 ] end=7680 piso=149376 ratio=389/20
COUNTS id=[ 384, 5381 ] end=7680 piso=149376
COUNTS id=[ 384, 5382 ] end=21504 piso=559104
COUNTS id=[ 384, 5383 ] end=44544 piso=1104384
COUNTS id=[ 384, 5384 ] end=56832 piso=1270272
COUNTS id=[ 384, 5385 ] end=56832 piso=1270272
COUNTS id=[ 384, 5386 ] end=35328 piso=649728
CLOSEST id=[ 384, 5386 ] end=35328 piso=649728 ratio=423/23
COUNTS id=[ 384, 5387 ] end=35328 piso=649728
COUNTS id=[ 384, 5388 ] end=23040 piso=520704
COUNTS id=[ 384, 5389 ] end=15360 piso=126336
CLOSEST id=[ 384, 5389 ] end=15360 piso=126336 ratio=329/40
COUNTS id=[ 384, 5390 ] end=13824 piso=599040
COUNTS id=[ 384, 5391 ] end=13824 piso=599040
COUNTS id=[ 384, 5392 ] end=7680 piso=408576
COUNTS id=[ 384, 5393 ] end=4608 piso=102912
COUNTS id=[ 384, 5394 ] end=4608 piso=83328
COUNTS id=[ 384, 5395 ] end=23040 piso=734208
ABELIAN_SKIPPED id=[ 384, 5396 ] reason=known_equality
COUNTS id=[ 384, 5397 ] end=73728 piso=98304
CLOSEST id=[ 384, 5397 ] end=73728 piso=98304 ratio=4/3
COUNTS id=[ 384, 5398 ] end=61440 piso=73728
CLOSEST id=[ 384, 5398 ] end=61440 piso=73728 ratio=6/5
COUNTS id=[ 384, 5399 ] end=24576 piso=40320
COUNTS id=[ 384, 5400 ] end=43008 piso=70656
COUNTS id=[ 384, 5401 ] end=18432 piso=40320
COUNTS id=[ 384, 5402 ] end=73728 piso=823296
COUNTS id=[ 384, 5403 ] end=61440 piso=811008
COUNTS id=[ 384, 5404 ] end=24576 piso=120192
COUNTS id=[ 384, 5405 ] end=43008 piso=513024
COUNTS id=[ 384, 5406 ] end=24576 piso=120192
COUNTS id=[ 384, 5407 ] end=24576 piso=115584
COUNTS id=[ 384, 5408 ] end=23040 piso=115584
COUNTS id=[ 384, 5409 ] end=162816 piso=107610624
COUNTS id=[ 384, 5410 ] end=76800 piso=1380864
COUNTS id=[ 384, 5411 ] end=46080 piso=652800
COUNTS id=[ 384, 5412 ] end=78336 piso=2084352
COUNTS id=[ 384, 5413 ] end=56832 piso=1187328
COUNTS id=[ 384, 5414 ] end=26112 piso=351744
COUNTS id=[ 384, 5415 ] end=129024 piso=5136384
COUNTS id=[ 384, 5416 ] end=92160 piso=1486848
COUNTS id=[ 384, 5417 ] end=39936 piso=408576
COUNTS id=[ 384, 5418 ] end=82944 piso=1406976
COUNTS id=[ 384, 5419 ] end=64512 piso=1268736
COUNTS id=[ 384, 5420 ] end=33792 piso=445440
COUNTS id=[ 384, 5421 ] end=61440 piso=1161216
COUNTS id=[ 384, 5422 ] end=24576 piso=878592
COUNTS id=[ 384, 5423 ] end=30720 piso=304128
COUNTS id=[ 384, 5424 ] end=21504 piso=344064
COUNTS id=[ 384, 5425 ] end=55296 piso=1182720
COUNTS id=[ 384, 5426 ] end=24576 piso=334848
COUNTS id=[ 384, 5427 ] end=101376 piso=3305472
COUNTS id=[ 384, 5428 ] end=39936 piso=872448
COUNTS id=[ 384, 5429 ] end=30720 piso=215040
COUNTS id=[ 384, 5430 ] end=33792 piso=284160
COUNTS id=[ 384, 5431 ] end=86016 piso=3264000
COUNTS id=[ 384, 5432 ] end=24576 piso=794112
COUNTS id=[ 384, 5433 ] end=27648 piso=193536
COUNTS id=[ 384, 5434 ] end=24576 piso=190464
COUNTS id=[ 384, 5435 ] end=33792 piso=281088
COUNTS id=[ 384, 5436 ] end=27648 piso=208896
COUNTS id=[ 384, 5437 ] end=82944 piso=3248640
COUNTS id=[ 384, 5438 ] end=21504 piso=766464
COUNTS id=[ 384, 5439 ] end=24576 piso=190464
COUNTS id=[ 384, 5440 ] end=36864 piso=86016
COUNTS id=[ 384, 5441 ] end=24576 piso=73728
COUNTS id=[ 384, 5442 ] end=12288 piso=40320
COUNTS id=[ 384, 5443 ] end=18432 piso=70656
COUNTS id=[ 384, 5444 ] end=12288 piso=40320
COUNTS id=[ 384, 5445 ] end=33792 piso=93696
COUNTS id=[ 384, 5446 ] end=12288 piso=55296
COUNTS id=[ 384, 5447 ] end=101376 piso=282624
COUNTS id=[ 384, 5448 ] end=101376 piso=282624
COUNTS id=[ 384, 5449 ] end=27648 piso=122880
COUNTS id=[ 384, 5450 ] end=39936 piso=136704
COUNTS id=[ 384, 5451 ] end=15360 piso=79872
COUNTS id=[ 384, 5452 ] end=9216 piso=76800
COUNTS id=[ 384, 5453 ] end=18432 piso=61440
COUNTS id=[ 384, 5454 ] end=15360 piso=61440
COUNTS id=[ 384, 5455 ] end=10752 piso=28032
COUNTS id=[ 384, 5456 ] end=10752 piso=46080
COUNTS id=[ 384, 5457 ] end=7680 piso=28032
COUNTS id=[ 384, 5458 ] end=27648 piso=57312
COUNTS id=[ 384, 5459 ] end=16128 piso=44256
COUNTS id=[ 384, 5460 ] end=18432 piso=45024
COUNTS id=[ 384, 5461 ] end=6144 piso=25344
COUNTS id=[ 384, 5462 ] end=6144 piso=25344
COUNTS id=[ 384, 5463 ] end=43776 piso=228864
COUNTS id=[ 384, 5464 ] end=23808 piso=112128
COUNTS id=[ 384, 5465 ] end=16128 piso=142848
COUNTS id=[ 384, 5466 ] end=20736 piso=112128
COUNTS id=[ 384, 5467 ] end=9984 piso=142848
COUNTS id=[ 384, 5468 ] end=37632 piso=228864
COUNTS id=[ 384, 5469 ] end=6912 piso=46080
COUNTS id=[ 384, 5470 ] end=6912 piso=46080
COUNTS id=[ 384, 5471 ] end=4992 piso=56064
COUNTS id=[ 384, 5472 ] end=17280 piso=83712
COUNTS id=[ 384, 5473 ] end=15360 piso=35808
COUNTS id=[ 384, 5474 ] end=9216 piso=29664
COUNTS id=[ 384, 5475 ] end=107520 piso=3770496
COUNTS id=[ 384, 5476 ] end=27648 piso=827520
COUNTS id=[ 384, 5477 ] end=32256 piso=334464
PROGRESS checked=100 hits=0 reversed=0 runtime_ms=129662
COUNTS id=[ 384, 5478 ] end=87552 piso=3266688
COUNTS id=[ 384, 5479 ] end=19968 piso=938112
COUNTS id=[ 384, 5480 ] end=18432 piso=236160
COUNTS id=[ 384, 5481 ] end=30720 piso=320640
COUNTS id=[ 384, 5482 ] end=16896 piso=222336
COUNTS id=[ 384, 5483 ] end=46848 piso=515040
COUNTS id=[ 384, 5484 ] end=15744 piso=280800
COUNTS id=[ 384, 5485 ] end=36480 piso=346848
COUNTS id=[ 384, 5486 ] end=5376 piso=333792
COUNTS id=[ 384, 5487 ] end=113664 piso=4543488
COUNTS id=[ 384, 5488 ] end=38400 piso=641280
COUNTS id=[ 384, 5489 ] end=25344 piso=385536
COUNTS id=[ 384, 5490 ] end=70656 piso=1618176
COUNTS id=[ 384, 5491 ] end=53760 piso=861696
COUNTS id=[ 384, 5492 ] end=16896 piso=304896
COUNTS id=[ 384, 5493 ] end=48384 piso=1168128
COUNTS id=[ 384, 5494 ] end=7680 piso=223488
COUNTS id=[ 384, 5495 ] end=16128 piso=267264
COUNTS id=[ 384, 5496 ] end=6912 piso=566784
COUNTS id=[ 384, 5497 ] end=53184 piso=455040
COUNTS id=[ 384, 5498 ] end=38592 piso=292224
COUNTS id=[ 384, 5499 ] end=20928 piso=190848
COUNTS id=[ 384, 5500 ] end=18624 piso=236928
COUNTS id=[ 384, 5501 ] end=20160 piso=186240
COUNTS id=[ 384, 5502 ] end=11712 piso=127872
COUNTS id=[ 384, 5503 ] end=11904 piso=89856
COUNTS id=[ 384, 5504 ] end=31104 piso=286464
COUNTS id=[ 384, 5505 ] end=4992 piso=135936
COUNTS id=[ 384, 5506 ] end=41472 piso=253440
COUNTS id=[ 384, 5507 ] end=13824 piso=124416
COUNTS id=[ 384, 5508 ] end=21504 piso=118272
COUNTS id=[ 384, 5509 ] end=35328 piso=250368
COUNTS id=[ 384, 5510 ] end=7680 piso=121344
COUNTS id=[ 384, 5511 ] end=18432 piso=115200
COUNTS id=[ 384, 5512 ] end=22464 piso=163296
COUNTS id=[ 384, 5513 ] end=4032 piso=103392
COUNTS id=[ 384, 5514 ] end=11712 piso=76512
COUNTS id=[ 384, 5515 ] end=18624 piso=144768
COUNTS id=[ 384, 5516 ] end=13248 piso=153984
COUNTS id=[ 384, 5517 ] end=18624 piso=144768
COUNTS id=[ 384, 5518 ] end=13248 piso=153984
COUNTS id=[ 384, 5519 ] end=10944 piso=109440
COUNTS id=[ 384, 5520 ] end=5568 piso=94080
COUNTS id=[ 384, 5521 ] end=8064 piso=82176
COUNTS id=[ 384, 5522 ] end=3456 piso=48384
COUNTS id=[ 384, 5523 ] end=16896 piso=157824
COUNTS id=[ 384, 5524 ] end=16896 piso=157824
COUNTS id=[ 384, 5525 ] end=13824 piso=110208
COUNTS id=[ 384, 5526 ] end=7680 piso=133248
COUNTS id=[ 384, 5527 ] end=7680 piso=133248
COUNTS id=[ 384, 5528 ] end=4608 piso=79488
COUNTS id=[ 384, 5529 ] end=10752 piso=90240
COUNTS id=[ 384, 5530 ] end=3072 piso=53376
COUNTS id=[ 384, 5531 ] end=33984 piso=314880
COUNTS id=[ 384, 5532 ] end=12480 piso=265728
COUNTS id=[ 384, 5533 ] end=17088 piso=99840
COUNTS id=[ 384, 5534 ] end=17088 piso=156672
COUNTS id=[ 384, 5535 ] end=33984 piso=285696
COUNTS id=[ 384, 5536 ] end=12480 piso=175104
COUNTS id=[ 384, 5537 ] end=215232 piso=1113600
COUNTS id=[ 384, 5538 ] end=98496 piso=572928
COUNTS id=[ 384, 5539 ] end=107712 piso=425472
COUNTS id=[ 384, 5540 ] end=33984 piso=259584
COUNTS id=[ 384, 5541 ] end=81600 piso=476160
COUNTS id=[ 384, 5542 ] end=23232 piso=267264
COUNTS id=[ 384, 5543 ] end=61632 piso=278016
COUNTS id=[ 384, 5544 ] end=12480 piso=136704
COUNTS id=[ 384, 5545 ] end=61632 piso=278016
COUNTS id=[ 384, 5546 ] end=24768 piso=138240
ABELIAN_SKIPPED id=[ 384, 5547 ] reason=known_equality
COUNTS id=[ 384, 5548 ] end=15360 piso=18432
COUNTS id=[ 384, 5549 ] end=5376 piso=10464
COUNTS id=[ 384, 5550 ] end=67776 piso=460032
COUNTS id=[ 384, 5551 ] end=33984 piso=175872
COUNTS id=[ 384, 5552 ] end=24768 piso=235776
COUNTS id=[ 384, 5553 ] end=9408 piso=73728
COUNTS id=[ 384, 5554 ] end=27840 piso=168576
COUNTS id=[ 384, 5555 ] end=6336 piso=99456
COUNTS id=[ 384, 5556 ] end=4288 piso=811008
COUNTS id=[ 384, 5557 ] end=4736 piso=1138944
COUNTS id=[ 384, 5558 ] end=7744 piso=1158144
COUNTS id=[ 384, 5559 ] end=3328 piso=1801344
COUNTS id=[ 384, 5560 ] end=7552 piso=5303424
COUNTS id=[ 384, 5561 ] end=2080 piso=1234560
COUNTS id=[ 384, 5562 ] end=1600 piso=528000
COUNTS id=[ 384, 5563 ] end=1888 piso=371328
COUNTS id=[ 384, 5564 ] end=3712 piso=835200
COUNTS id=[ 384, 5565 ] end=5248 piso=36902400
COUNTS id=[ 384, 5566 ] end=6656 piso=44174592
COUNTS id=[ 384, 5567 ] end=11008 piso=56216064
COUNTS id=[ 384, 5568 ] end=4288 piso=668160
COUNTS id=[ 384, 5569 ] end=3968 piso=742656
COUNTS id=[ 384, 5570 ] end=6208 piso=941568
COUNTS id=[ 384, 5571 ] end=2176 piso=1379328
COUNTS id=[ 384, 5572 ] end=2464 piso=1363200
COUNTS id=[ 384, 5573 ] end=4864 piso=6663168
COUNTS id=[ 384, 5574 ] end=3328 piso=1031424
COUNTS id=[ 384, 5575 ] end=7552 piso=4257024
COUNTS id=[ 384, 5576 ] end=2080 piso=631296
COUNTS id=[ 384, 5577 ] end=1600 piso=794880
COUNTS id=[ 384, 5578 ] end=1888 piso=477696
PROGRESS checked=200 hits=0 reversed=0 runtime_ms=233601
COUNTS id=[ 384, 5579 ] end=3712 piso=1000704
COUNTS id=[ 384, 5580 ] end=1792 piso=818688
COUNTS id=[ 384, 5581 ] end=6016 piso=4173312
COUNTS id=[ 384, 5582 ] end=2080 piso=535296
COUNTS id=[ 384, 5583 ] end=2560 piso=166920
COUNTS id=[ 384, 5584 ] end=1792 piso=154632
COUNTS id=[ 384, 5585 ] end=1088 piso=126984
COUNTS id=[ 384, 5586 ] end=1856 piso=130056
COUNTS id=[ 384, 5587 ] end=1552 piso=338952
COUNTS id=[ 384, 5588 ] end=3088 piso=333576
COUNTS id=[ 384, 5589 ] end=6160 piso=439944
COUNTS id=[ 384, 5590 ] end=3088 piso=389256
COUNTS id=[ 384, 5591 ] end=7696 piso=576648
COUNTS id=[ 384, 5592 ] end=1552 piso=313224
COUNTS id=[ 384, 5593 ] end=4864 piso=193032
COUNTS id=[ 384, 5594 ] end=4160 piso=157704
COUNTS id=[ 384, 5595 ] end=3328 piso=168456
COUNTS id=[ 384, 5596 ] end=2624 piso=142344
COUNTS id=[ 384, 5597 ] end=8464 piso=507144
COUNTS id=[ 384, 5598 ] end=16144 piso=1158792
COUNTS id=[ 384, 5599 ] end=4624 piso=361992
COUNTS id=[ 384, 5600 ] end=4240 piso=383880
COUNTS id=[ 384, 5601 ] end=1216 piso=659904
COUNTS id=[ 384, 5602 ] end=6496 piso=9047232
COUNTS id=[ 384, 5603 ] end=3328 piso=2297280
COUNTS id=[ 384, 5604 ] end=2272 piso=923328
COUNTS id=[ 384, 5605 ] end=1024 piso=532416
COUNTS id=[ 384, 5606 ] end=3136 piso=1225152
COUNTS id=[ 384, 5607 ] end=2080 piso=634560
COUNTS id=[ 384, 5608 ] end=4192 piso=1795776
COUNTS id=[ 384, 5609 ] end=3584 piso=96672
COUNTS id=[ 384, 5610 ] end=2944 piso=75936
COUNTS id=[ 384, 5611 ] end=16960 piso=771456
COUNTS id=[ 384, 5612 ] end=8512 piso=330624
COUNTS id=[ 384, 5613 ] end=7744 piso=390528
COUNTS id=[ 384, 5614 ] end=1408 piso=48648
COUNTS id=[ 384, 5615 ] end=1408 piso=48648
COUNTS id=[ 384, 5616 ] end=9280 piso=541704
COUNTS id=[ 384, 5617 ] end=4672 piso=236808
COUNTS id=[ 384, 5618 ] end=3136 piso=346632
COUNTS id=[ 384, 5619 ] end=22528 piso=1554432
COUNTS id=[ 384, 5620 ] end=13312 piso=1554432
COUNTS id=[ 384, 5621 ] end=10240 piso=1436160
COUNTS id=[ 384, 5622 ] end=7936 piso=1658112
COUNTS id=[ 384, 5623 ] end=7936 piso=2540544
COUNTS id=[ 384, 5624 ] end=4288 piso=1670400
COUNTS id=[ 384, 5625 ] end=14336 piso=44101632
COUNTS id=[ 384, 5626 ] end=9216 piso=1651200
COUNTS id=[ 384, 5627 ] end=9216 piso=1651200
COUNTS id=[ 384, 5628 ] end=7168 piso=2157312
COUNTS id=[ 384, 5629 ] end=13312 piso=5422848
COUNTS id=[ 384, 5630 ] end=8192 piso=517512
COUNTS id=[ 384, 5631 ] end=3968 piso=339336
COUNTS id=[ 384, 5632 ] end=4352 piso=308616
DONE checked=254 abelian=0 hits=0 reversed=0 skipped_abelian=2 closest=[ 384, 5398 ] min_ratio=6/5 runtime_ms=295486
