{"command": ["/project/gap-4.16.1/gap", "-l", "/project/gap-4.16.1", "-q", "-b", "-T", "-m", "128m", "-o", "4g", "-c", "START_ORDER:=384;;END_ORDER:=384;;START_ID:=14593;;END_ID:=14848;;SKIP_ABELIAN:=true;;LOG_ALL:=true;;", "/project/scripts/search_19_20.g"], "source_hashes": {"scripts/search_19_20.g": "7b6a34e9163b58b0248b3c464ae8070783414cd7d14048136dd0e3547b906318", "scripts/lib_19_20.g": "fbcf2d3c4b0648cc1fa87d6e50fc923133d594c029b8430a365caf596ac7ccd5"}}
PARAMETERS start=384 end=384 start_id=14593 end_id=14848 skip_abelian=true log_all=true
ORDER_START order=384 groups=20169
COUNTS id=[ 384, 14593 ] end=136192 piso=2463744
CLOSEST id=[ 384, 14593 ] end=136192 piso=2463744 ratio=2406/133
COUNTS id=[ 384, 14594 ] end=1045504 piso=11096064
CLOSEST id=[ 384, 14594 ] end=1045504 piso=11096064 ratio=10836/1021
COUNTS id=[ 384, 14595 ] end=313216 piso=3196128
CLOSEST id=[ 384, 14595 ] end=313216 piso=3196128 ratio=99879/9788
COUNTS id=[ 384, 14596 ] end=1184768 piso=12767232
COUNTS id=[ 384, 14597 ] end=154624 piso=2217984
COUNTS id=[ 384, 14598 ] end=1088512 piso=12079104
COUNTS id=[ 384, 14599 ] end=87040 piso=3588096
COUNTS id=[ 384, 14600 ] end=162688 piso=1889760
COUNTS id=[ 384, 14601 ] end=439296 piso=10481664
COUNTS id=[ 384, 14602 ] end=222208 piso=2955264
COUNTS id=[ 384, 14603 ] end=130048 piso=3440640
COUNTS id=[ 384, 14604 ] end=27520 piso=2736864
COUNTS id=[ 384, 14605 ] end=173056 piso=2024448
COUNTS id=[ 384, 14606 ] end=155648 piso=1936896
COUNTS id=[ 384, 14607 ] end=394880 piso=4160736
COUNTS id=[ 384, 14608 ] end=200576 piso=2075616
COUNTS id=[ 384, 14609 ] end=21632 piso=2936544
COUNTS id=[ 384, 14610 ] end=1064960 piso=11748480
COUNTS id=[ 384, 14611 ] end=113664 piso=1916544
COUNTS id=[ 384, 14612 ] end=350976 piso=3526368
CLOSEST id=[ 384, 14612 ] end=350976 piso=3526368 ratio=36733/3656
COUNTS id=[ 384, 14613 ] end=159744 piso=1935840
COUNTS id=[ 384, 14614 ] end=106496 piso=3429504
COUNTS id=[ 384, 14615 ] end=156672 piso=2137728
COUNTS id=[ 384, 14616 ] end=203520 piso=2152416
COUNTS id=[ 384, 14617 ] end=21504 piso=2690784
COUNTS id=[ 384, 14618 ] end=10485760 piso=18874368
CLOSEST id=[ 384, 14618 ] end=10485760 piso=18874368 ratio=9/5
COUNTS id=[ 384, 14619 ] end=5767168 piso=18874368
COUNTS id=[ 384, 14620 ] end=2228224 piso=7077888
COUNTS id=[ 384, 14621 ] end=4980736 piso=14942208
COUNTS id=[ 384, 14622 ] end=1441792 piso=7077888
COUNTS id=[ 384, 14623 ] end=851968 piso=4620288
COUNTS id=[ 384, 14624 ] end=557056 piso=4620288
COUNTS id=[ 384, 14625 ] end=409600 piso=4005888
COUNTS id=[ 384, 14626 ] end=1638400 piso=21712896
COUNTS id=[ 384, 14627 ] end=117440512 piso=301989888
COUNTS id=[ 384, 14628 ] end=16777216 piso=66158592
COUNTS id=[ 384, 14629 ] end=19922944 piso=678715392
COUNTS id=[ 384, 14630 ] end=8912896 piso=55861248
COUNTS id=[ 384, 14631 ] end=13631488 piso=58220544
COUNTS id=[ 384, 14632 ] end=4194304 piso=18997248
COUNTS id=[ 384, 14633 ] end=5767168 piso=28687872
COUNTS id=[ 384, 14634 ] end=9699328 piso=42565632
COUNTS id=[ 384, 14635 ] end=9699328 piso=42688512
COUNTS id=[ 384, 14636 ] end=851968 piso=9191424
COUNTS id=[ 384, 14637 ] end=38010880 piso=117964800
COUNTS id=[ 384, 14638 ] end=2621440 piso=12509184
COUNTS id=[ 384, 14639 ] end=1638400 piso=34111488
COUNTS id=[ 384, 14640 ] end=4784128 piso=334848000
COUNTS id=[ 384, 14641 ] end=1024000 piso=10268160
COUNTS id=[ 384, 14642 ] end=4587520 piso=49963008
COUNTS id=[ 384, 14643 ] end=16777216 piso=1294860288
COUNTS id=[ 384, 14644 ] end=7340032 piso=162496512
COUNTS id=[ 384, 14645 ] end=1146880 piso=10346496
COUNTS id=[ 384, 14646 ] end=2621440 piso=24993792
COUNTS id=[ 384, 14647 ] end=1785856 piso=16876032
COUNTS id=[ 384, 14648 ] end=999424 piso=10176000
COUNTS id=[ 384, 14649 ] end=753664 piso=8618496
COUNTS id=[ 384, 14650 ] end=360448 piso=7931904
COUNTS id=[ 384, 14651 ] end=409600 piso=7761408
COUNTS id=[ 384, 14652 ] end=1441792 piso=12115968
COUNTS id=[ 384, 14653 ] end=1097728 piso=12349440
COUNTS id=[ 384, 14654 ] end=544768 piso=8076288
COUNTS id=[ 384, 14655 ] end=544768 piso=7968768
COUNTS id=[ 384, 14656 ] end=1097728 piso=12221952
COUNTS id=[ 384, 14657 ] end=5963776 piso=44728320
COUNTS id=[ 384, 14658 ] end=25165824 piso=710172672
COUNTS id=[ 384, 14659 ] end=7340032 piso=137994240
COUNTS id=[ 384, 14660 ] end=8388608 piso=699162624
COUNTS id=[ 384, 14661 ] end=8388608 piso=698449920
COUNTS id=[ 384, 14662 ] end=7471104 piso=697982976
COUNTS id=[ 384, 14663 ] end=15335424 piso=699555840
COUNTS id=[ 384, 14664 ] end=12713984 piso=1199726592
COUNTS id=[ 384, 14665 ] end=4128768 piso=138240000
COUNTS id=[ 384, 14666 ] end=2555904 piso=137846784
COUNTS id=[ 384, 14667 ] end=2555904 piso=137846784
COUNTS id=[ 384, 14668 ] end=9568256 piso=675151872
COUNTS id=[ 384, 14669 ] end=1769472 piso=108552192
COUNTS id=[ 384, 14670 ] end=4718592 piso=133865472
COUNTS id=[ 384, 14671 ] end=2752512 piso=133177344
COUNTS id=[ 384, 14672 ] end=1941504 piso=116700672
COUNTS id=[ 384, 14673 ] end=2727936 piso=115937280
COUNTS id=[ 384, 14674 ] end=1794048 piso=115789824
COUNTS id=[ 384, 14675 ] end=2433024 piso=126595584
COUNTS id=[ 384, 14676 ] end=4980736 piso=266065920
COUNTS id=[ 384, 14677 ] end=7143424 piso=670242816
COUNTS id=[ 384, 14678 ] end=2031616 piso=145496064
COUNTS id=[ 384, 14679 ] end=1835008 piso=135124992
COUNTS id=[ 384, 14680 ] end=2228224 piso=135911424
COUNTS id=[ 384, 14681 ] end=3014656 piso=147658752
COUNTS id=[ 384, 14682 ] end=1552384 piso=115802112
COUNTS id=[ 384, 14683 ] end=1626112 piso=123205632
COUNTS id=[ 384, 14684 ] end=1626112 piso=123279360
COUNTS id=[ 384, 14685 ] end=2240512 piso=131751936
COUNTS id=[ 384, 14686 ] end=1392640 piso=116510208
COUNTS id=[ 384, 14687 ] end=1589248 piso=115846656
COUNTS id=[ 384, 14688 ] end=1146880 piso=107633664
COUNTS id=[ 384, 14689 ] end=1196032 piso=108134400
COUNTS id=[ 384, 14690 ] end=1245184 piso=116238336
COUNTS id=[ 384, 14691 ] end=2277376 piso=131538432
COUNTS id=[ 384, 14692 ] end=1196032 piso=108424704
PROGRESS checked=100 hits=0 reversed=0 runtime_ms=385577
COUNTS id=[ 384, 14693 ] end=1392640 piso=108867072
COUNTS id=[ 384, 14694 ] end=7208960 piso=655294464
COUNTS id=[ 384, 14695 ] end=69206016 piso=618538205184
COUNTS id=[ 384, 14696 ] end=11927552 piso=999972864
COUNTS id=[ 384, 14697 ] end=7602176 piso=658808832
COUNTS id=[ 384, 14698 ] end=7700480 piso=654858240
COUNTS id=[ 384, 14699 ] end=18350080 piso=2082674688
COUNTS id=[ 384, 14700 ] end=7143424 piso=669849600
COUNTS id=[ 384, 14701 ] end=2670592 piso=142344192
COUNTS id=[ 384, 14702 ] end=6258688 piso=648136704
COUNTS id=[ 384, 14703 ] end=7647232 piso=695660544
COUNTS id=[ 384, 14704 ] end=1564672 piso=116562432
COUNTS id=[ 384, 14705 ] end=1552384 piso=116743680
COUNTS id=[ 384, 14706 ] end=2228224 piso=130493952
COUNTS id=[ 384, 14707 ] end=1552384 piso=115482624
COUNTS id=[ 384, 14708 ] end=4325376 piso=19660800
COUNTS id=[ 384, 14709 ] end=4325376 piso=19660800
COUNTS id=[ 384, 14710 ] end=786432 piso=5124096
COUNTS id=[ 384, 14711 ] end=10878976 piso=1262616576
COUNTS id=[ 384, 14712 ] end=1638400 piso=21049344
COUNTS id=[ 384, 14713 ] end=901120 piso=8408064
COUNTS id=[ 384, 14714 ] end=901120 piso=8408064
COUNTS id=[ 384, 14715 ] end=173056 piso=3313152
COUNTS id=[ 384, 14716 ] end=3014656 piso=144310272
COUNTS id=[ 384, 14717 ] end=360448 piso=4893696
COUNTS id=[ 384, 14718 ] end=360448 piso=4893696
COUNTS id=[ 384, 14719 ] end=12582912 piso=68444160
COUNTS id=[ 384, 14720 ] end=3211264 piso=13787136
COUNTS id=[ 384, 14721 ] end=4718592 piso=39419904
COUNTS id=[ 384, 14722 ] end=15204352 piso=83361792
COUNTS id=[ 384, 14723 ] end=3211264 piso=34111488
COUNTS id=[ 384, 14724 ] end=1638400 piso=33718272
COUNTS id=[ 384, 14725 ] end=4784128 piso=336814080
COUNTS id=[ 384, 14726 ] end=4325376 piso=45244416
COUNTS id=[ 384, 14727 ] end=7471104 piso=49963008
COUNTS id=[ 384, 14728 ] end=3145728 piso=46030848
COUNTS id=[ 384, 14729 ] end=15204352 piso=1296433152
COUNTS id=[ 384, 14730 ] end=5767168 piso=164069376
COUNTS id=[ 384, 14731 ] end=851968 piso=7225344
COUNTS id=[ 384, 14732 ] end=2162688 piso=11231232
COUNTS id=[ 384, 14733 ] end=1277952 piso=9854976
COUNTS id=[ 384, 14734 ] end=925696 piso=9057792
COUNTS id=[ 384, 14735 ] end=999424 piso=8669184
COUNTS id=[ 384, 14736 ] end=704512 piso=7440384
COUNTS id=[ 384, 14737 ] end=1024000 piso=9506304
COUNTS id=[ 384, 14738 ] end=630784 piso=7948800
COUNTS id=[ 384, 14739 ] end=1662976 piso=16095744
COUNTS id=[ 384, 14740 ] end=6356992 piso=166582272
COUNTS id=[ 384, 14741 ] end=851968 piso=41539584
COUNTS id=[ 384, 14742 ] end=1245184 piso=43112448
COUNTS id=[ 384, 14743 ] end=1245184 piso=41932800
COUNTS id=[ 384, 14744 ] end=1245184 piso=32593920
COUNTS id=[ 384, 14745 ] end=1245184 piso=32200704
COUNTS id=[ 384, 14746 ] end=421888 piso=8312832
COUNTS id=[ 384, 14747 ] end=827392 piso=10051584
COUNTS id=[ 384, 14748 ] end=237568 piso=7108608
COUNTS id=[ 384, 14749 ] end=532480 piso=9974784
COUNTS id=[ 384, 14750 ] end=176128 piso=6841344
COUNTS id=[ 384, 14751 ] end=421888 piso=6988800
COUNTS id=[ 384, 14752 ] end=212992 piso=7077888
COUNTS id=[ 384, 14753 ] end=1343488 piso=15515136
COUNTS id=[ 384, 14754 ] end=507904 piso=8498688
COUNTS id=[ 384, 14755 ] end=360448 piso=8166912
COUNTS id=[ 384, 14756 ] end=901120 piso=11300352
COUNTS id=[ 384, 14757 ] end=360448 piso=7785984
COUNTS id=[ 384, 14758 ] end=753664 piso=10735104
COUNTS id=[ 384, 14759 ] end=409600 piso=7503360
COUNTS id=[ 384, 14760 ] end=11010048 piso=673996800
COUNTS id=[ 384, 14761 ] end=8650752 piso=672030720
COUNTS id=[ 384, 14762 ] end=2129920 piso=24010752
COUNTS id=[ 384, 14763 ] end=2162688 piso=19447296
COUNTS id=[ 384, 14764 ] end=10289152 piso=1290344448
COUNTS id=[ 384, 14765 ] end=4390912 piso=340531200
COUNTS id=[ 384, 14766 ] end=4587520 piso=334485504
COUNTS id=[ 384, 14767 ] end=5373952 piso=343087104
COUNTS id=[ 384, 14768 ] end=1146880 piso=23863296
COUNTS id=[ 384, 14769 ] end=1822720 piso=21992448
COUNTS id=[ 384, 14770 ] end=593920 piso=10263552
COUNTS id=[ 384, 14771 ] end=765952 piso=12257280
COUNTS id=[ 384, 14772 ] end=643072 piso=10120704
COUNTS id=[ 384, 14773 ] end=471040 piso=9334272
COUNTS id=[ 384, 14774 ] end=397312 piso=9051648
COUNTS id=[ 384, 14775 ] end=950272 piso=11865600
COUNTS id=[ 384, 14776 ] end=544768 piso=7550976
COUNTS id=[ 384, 14777 ] end=655360 piso=4829184
COUNTS id=[ 384, 14778 ] end=507904 piso=3846144
COUNTS id=[ 384, 14779 ] end=458752 piso=4829184
COUNTS id=[ 384, 14780 ] end=311296 piso=3846144
COUNTS id=[ 384, 14781 ] end=655360 piso=5357568
COUNTS id=[ 384, 14782 ] end=1245184 piso=9252864
COUNTS id=[ 384, 14783 ] end=360448 piso=3293184
COUNTS id=[ 384, 14784 ] end=311296 piso=1634304
COUNTS id=[ 384, 14785 ] end=237568 piso=1511424
COUNTS id=[ 384, 14786 ] end=182272 piso=1204224
COUNTS id=[ 384, 14787 ] end=1540096 piso=19513344
COUNTS id=[ 384, 14788 ] end=9011200 piso=1257467904
COUNTS id=[ 384, 14789 ] end=1318912 piso=17670144
COUNTS id=[ 384, 14790 ] end=753664 piso=6147072
COUNTS id=[ 384, 14791 ] end=154624 piso=1512960
COUNTS id=[ 384, 14792 ] end=173056 piso=1555968
PROGRESS checked=200 hits=0 reversed=0 runtime_ms=771510
COUNTS id=[ 384, 14793 ] end=643072 piso=5913600
COUNTS id=[ 384, 14794 ] end=1146880 piso=137785344
COUNTS id=[ 384, 14795 ] end=212992 piso=2485248
COUNTS id=[ 384, 14796 ] end=102400 piso=2251776
COUNTS id=[ 384, 14797 ] end=1318912 piso=17547264
COUNTS id=[ 384, 14798 ] end=6291456 piso=27058176
COUNTS id=[ 384, 14799 ] end=4194304 piso=16736256
COUNTS id=[ 384, 14800 ] end=1572864 piso=17129472
COUNTS id=[ 384, 14801 ] end=901120 piso=8941056
COUNTS id=[ 384, 14802 ] end=1343488 piso=16244736
COUNTS id=[ 384, 14803 ] end=2523136 piso=16736256
COUNTS id=[ 384, 14804 ] end=2621440 piso=33251328
COUNTS id=[ 384, 14805 ] end=606208 piso=6813696
COUNTS id=[ 384, 14806 ] end=1441792 piso=142491648
COUNTS id=[ 384, 14807 ] end=606208 piso=5093376
COUNTS id=[ 384, 14808 ] end=1835008 piso=14868480
COUNTS id=[ 384, 14809 ] end=3702784 piso=16048128
COUNTS id=[ 384, 14810 ] end=1736704 piso=14573568
COUNTS id=[ 384, 14811 ] end=319488 piso=5374464
COUNTS id=[ 384, 14812 ] end=1253376 piso=11960832
COUNTS id=[ 384, 14813 ] end=1564672 piso=9891840
COUNTS id=[ 384, 14814 ] end=753664 piso=12023808
COUNTS id=[ 384, 14815 ] end=606208 piso=5781504
COUNTS id=[ 384, 14816 ] end=606208 piso=5634048
COUNTS id=[ 384, 14817 ] end=901120 piso=7724544
COUNTS id=[ 384, 14818 ] end=1093632 piso=13198848
COUNTS id=[ 384, 14819 ] end=319488 piso=5835264
COUNTS id=[ 384, 14820 ] end=1253376 piso=12335616
COUNTS id=[ 384, 14821 ] end=262144 piso=5426688
COUNTS id=[ 384, 14822 ] end=421888 piso=12699648
COUNTS id=[ 384, 14823 ] end=249856 piso=9884160
COUNTS id=[ 384, 14824 ] end=385024 piso=6432768
COUNTS id=[ 384, 14825 ] end=139264 piso=5627904
COUNTS id=[ 384, 14826 ] end=360448 piso=5448192
COUNTS id=[ 384, 14827 ] end=102400 piso=4380672
COUNTS id=[ 384, 14828 ] end=102400 piso=4371456
COUNTS id=[ 384, 14829 ] end=360448 piso=5289984
COUNTS id=[ 384, 14830 ] end=212992 piso=11649024
COUNTS id=[ 384, 14831 ] end=471040 piso=10113024
COUNTS id=[ 384, 14832 ] end=212992 piso=4972032
COUNTS id=[ 384, 14833 ] end=753664 piso=9162240
COUNTS id=[ 384, 14834 ] end=139264 piso=4806144
COUNTS id=[ 384, 14835 ] end=360448 piso=5296128
COUNTS id=[ 384, 14836 ] end=679936 piso=9394176
COUNTS id=[ 384, 14837 ] end=139264 piso=4694016
COUNTS id=[ 384, 14838 ] end=360448 piso=8189952
COUNTS id=[ 384, 14839 ] end=212992 piso=5021184
COUNTS id=[ 384, 14840 ] end=458752 piso=7243776
COUNTS id=[ 384, 14841 ] end=212992 piso=6598656
COUNTS id=[ 384, 14842 ] end=1441792 piso=19083264
COUNTS id=[ 384, 14843 ] end=7864320 piso=612065280
COUNTS id=[ 384, 14844 ] end=1220608 piso=15797760
COUNTS id=[ 384, 14845 ] end=10092544 piso=1265221632
COUNTS id=[ 384, 14846 ] end=2326528 piso=30695424
COUNTS id=[ 384, 14847 ] end=4218880 piso=318455808
COUNTS id=[ 384, 14848 ] end=1220608 piso=12885504
DONE checked=256 abelian=0 hits=0 reversed=0 skipped_abelian=0 closest=[ 384, 14618 ] min_ratio=9/5 runtime_ms=950930
