{"command": ["/project/gap-4.16.1/gap", "-l", "/project/gap-4.16.1", "-q", "-b", "-T", "-m", "128m", "-o", "4g", "-c", "START_ORDER:=320;;END_ORDER:=320;;START_ID:=1025;;END_ID:=1280;;SKIP_ABELIAN:=true;;LOG_ALL:=true;;", "/project/scripts/search_19_20.g"], "source_hashes": {"scripts/search_19_20.g": "7b6a34e9163b58b0248b3c464ae8070783414cd7d14048136dd0e3547b906318", "scripts/lib_19_20.g": "fbcf2d3c4b0648cc1fa87d6e50fc923133d594c029b8430a365caf596ac7ccd5"}}
PARAMETERS start=320 end=320 start_id=1025 end_id=1280 skip_abelian=true log_all=true
ORDER_START order=320 groups=1640
COUNTS id=[ 320, 1025 ] end=139264 piso=1536000
CLOSEST id=[ 320, 1025 ] end=139264 piso=1536000 ratio=375/34
COUNTS id=[ 320, 1026 ] end=254976 piso=2119680
CLOSEST id=[ 320, 1026 ] end=254976 piso=2119680 ratio=690/83
COUNTS id=[ 320, 1027 ] end=70656 piso=1116160
COUNTS id=[ 320, 1028 ] end=70656 piso=1259520
COUNTS id=[ 320, 1029 ] end=19456 piso=187520
COUNTS id=[ 320, 1030 ] end=24320 piso=243360
COUNTS id=[ 320, 1031 ] end=14720 piso=188960
COUNTS id=[ 320, 1032 ] end=12160 piso=181280
COUNTS id=[ 320, 1033 ] end=14080 piso=184480
COUNTS id=[ 320, 1034 ] end=10240 piso=187520
COUNTS id=[ 320, 1035 ] end=7680 piso=119680
COUNTS id=[ 320, 1036 ] end=180224 piso=5007360
COUNTS id=[ 320, 1037 ] end=84480 piso=4776960
COUNTS id=[ 320, 1038 ] end=42240 piso=2515200
COUNTS id=[ 320, 1039 ] end=20480 piso=174720
COUNTS id=[ 320, 1040 ] end=29696 piso=271520
COUNTS id=[ 320, 1041 ] end=14336 piso=169120
COUNTS id=[ 320, 1042 ] end=13696 piso=208160
COUNTS id=[ 320, 1043 ] end=22016 piso=220320
COUNTS id=[ 320, 1044 ] end=9216 piso=114560
COUNTS id=[ 320, 1045 ] end=7936 piso=139680
COUNTS id=[ 320, 1046 ] end=11264 piso=174720
COUNTS id=[ 320, 1047 ] end=9216 piso=143520
COUNTS id=[ 320, 1048 ] end=135168 piso=1566720
COUNTS id=[ 320, 1049 ] end=28416 piso=1004800
COUNTS id=[ 320, 1050 ] end=59904 piso=1223680
COUNTS id=[ 320, 1051 ] end=24576 piso=112640
CLOSEST id=[ 320, 1051 ] end=24576 piso=112640 ratio=55/12
COUNTS id=[ 320, 1052 ] end=16896 piso=87040
COUNTS id=[ 320, 1053 ] end=13056 piso=83200
COUNTS id=[ 320, 1054 ] end=90112 piso=424960
COUNTS id=[ 320, 1055 ] end=70656 piso=424960
COUNTS id=[ 320, 1056 ] end=22016 piso=163200
COUNTS id=[ 320, 1057 ] end=66048 piso=619520
COUNTS id=[ 320, 1058 ] end=66048 piso=619520
COUNTS id=[ 320, 1059 ] end=19968 piso=263680
COUNTS id=[ 320, 1060 ] end=19968 piso=197120
COUNTS id=[ 320, 1061 ] end=19968 piso=197120
COUNTS id=[ 320, 1062 ] end=12288 piso=181760
COUNTS id=[ 320, 1063 ] end=4480 piso=46880
COUNTS id=[ 320, 1064 ] end=56320 piso=317440
COUNTS id=[ 320, 1065 ] end=27648 piso=309120
COUNTS id=[ 320, 1066 ] end=22016 piso=165760
COUNTS id=[ 320, 1067 ] end=8448 piso=189440
COUNTS id=[ 320, 1068 ] end=32256 piso=495360
COUNTS id=[ 320, 1069 ] end=29952 piso=495360
COUNTS id=[ 320, 1070 ] end=5632 piso=111360
COUNTS id=[ 320, 1071 ] end=5632 piso=111360
COUNTS id=[ 320, 1072 ] end=18432 piso=252800
COUNTS id=[ 320, 1073 ] end=17280 piso=252800
COUNTS id=[ 320, 1074 ] end=5440 piso=106880
COUNTS id=[ 320, 1075 ] end=5440 piso=106880
COUNTS id=[ 320, 1076 ] end=10752 piso=293120
COUNTS id=[ 320, 1077 ] end=8448 piso=293120
COUNTS id=[ 320, 1078 ] end=6528 piso=129280
COUNTS id=[ 320, 1079 ] end=6528 piso=129280
COUNTS id=[ 320, 1080 ] end=36864 piso=122880
CLOSEST id=[ 320, 1080 ] end=36864 piso=122880 ratio=10/3
COUNTS id=[ 320, 1081 ] end=13824 piso=87040
COUNTS id=[ 320, 1082 ] end=93184 piso=7554560
COUNTS id=[ 320, 1083 ] end=26624 piso=538240
COUNTS id=[ 320, 1084 ] end=114688 piso=471040
COUNTS id=[ 320, 1085 ] end=67584 piso=419840
COUNTS id=[ 320, 1086 ] end=21504 piso=273920
COUNTS id=[ 320, 1087 ] end=73728 piso=471040
COUNTS id=[ 320, 1088 ] end=53248 piso=337920
COUNTS id=[ 320, 1089 ] end=77824 piso=3491840
COUNTS id=[ 320, 1090 ] end=47104 piso=419840
COUNTS id=[ 320, 1091 ] end=67584 piso=3461120
COUNTS id=[ 320, 1092 ] end=16384 piso=273920
COUNTS id=[ 320, 1093 ] end=57344 piso=3420160
COUNTS id=[ 320, 1094 ] end=57344 piso=3409920
COUNTS id=[ 320, 1095 ] end=13824 piso=273920
COUNTS id=[ 320, 1096 ] end=26624 piso=337920
COUNTS id=[ 320, 1097 ] end=13824 piso=273920
COUNTS id=[ 320, 1098 ] end=26624 piso=1633280
COUNTS id=[ 320, 1099 ] end=18944 piso=425600
COUNTS id=[ 320, 1100 ] end=360448 piso=17152000
COUNTS id=[ 320, 1101 ] end=176128 piso=4792320
COUNTS id=[ 320, 1102 ] end=98304 piso=4648960
COUNTS id=[ 320, 1103 ] end=98304 piso=4587520
COUNTS id=[ 320, 1104 ] end=69120 piso=6743040
COUNTS id=[ 320, 1105 ] end=57600 piso=6636160
COUNTS id=[ 320, 1106 ] end=28160 piso=652160
COUNTS id=[ 320, 1107 ] end=20480 piso=436480
COUNTS id=[ 320, 1108 ] end=84480 piso=7014400
COUNTS id=[ 320, 1109 ] end=28160 piso=576640
COUNTS id=[ 320, 1110 ] end=41472 piso=286880
COUNTS id=[ 320, 1111 ] end=12672 piso=210720
COUNTS id=[ 320, 1112 ] end=18432 piso=215200
COUNTS id=[ 320, 1113 ] end=17920 piso=448640
COUNTS id=[ 320, 1114 ] end=20480 piso=448640
COUNTS id=[ 320, 1115 ] end=17920 piso=448640
COUNTS id=[ 320, 1116 ] end=61440 piso=6673920
COUNTS id=[ 320, 1117 ] end=124416 piso=9410560
COUNTS id=[ 320, 1118 ] end=116736 piso=7488000
COUNTS id=[ 320, 1119 ] end=32256 piso=1489920
COUNTS id=[ 320, 1120 ] end=20736 piso=1311360
COUNTS id=[ 320, 1121 ] end=32256 piso=775040
COUNTS id=[ 320, 1122 ] end=24576 piso=564480
COUNTS id=[ 320, 1123 ] end=32256 piso=699520
COUNTS id=[ 320, 1124 ] end=23040 piso=174240
PROGRESS checked=100 hits=0 reversed=0 runtime_ms=92622
COUNTS id=[ 320, 1125 ] end=24576 piso=581760
COUNTS id=[ 320, 1126 ] end=7680 piso=138400
COUNTS id=[ 320, 1127 ] end=24576 piso=1328640
COUNTS id=[ 320, 1128 ] end=67584 piso=2019840
COUNTS id=[ 320, 1129 ] end=4992 piso=53280
COUNTS id=[ 320, 1130 ] end=27648 piso=645760
COUNTS id=[ 320, 1131 ] end=27648 piso=600960
COUNTS id=[ 320, 1132 ] end=23808 piso=458240
COUNTS id=[ 320, 1133 ] end=22528 piso=439040
COUNTS id=[ 320, 1134 ] end=80896 piso=3581440
COUNTS id=[ 320, 1135 ] end=86016 piso=3491840
COUNTS id=[ 320, 1136 ] end=55296 piso=3420160
COUNTS id=[ 320, 1137 ] end=55296 piso=3230720
COUNTS id=[ 320, 1138 ] end=393216 piso=840499200
COUNTS id=[ 320, 1139 ] end=671744 piso=3742720
COUNTS id=[ 320, 1140 ] end=1970176 piso=8867840
COUNTS id=[ 320, 1141 ] end=413696 piso=2744320
COUNTS id=[ 320, 1142 ] end=126976 piso=1310720
COUNTS id=[ 320, 1143 ] end=6291456 piso=26214400
COUNTS id=[ 320, 1144 ] end=1081344 piso=5181440
COUNTS id=[ 320, 1145 ] end=1982464 piso=14515200
COUNTS id=[ 320, 1146 ] end=282624 piso=1600000
COUNTS id=[ 320, 1147 ] end=7704576 piso=55644160
COUNTS id=[ 320, 1148 ] end=1396736 piso=10321920
COUNTS id=[ 320, 1149 ] end=311296 piso=2222080
COUNTS id=[ 320, 1150 ] end=700416 piso=3404800
COUNTS id=[ 320, 1151 ] end=65536 piso=716800
COUNTS id=[ 320, 1152 ] end=688128 piso=5672960
COUNTS id=[ 320, 1153 ] end=475136 piso=6364160
COUNTS id=[ 320, 1154 ] end=208896 piso=1930240
COUNTS id=[ 320, 1155 ] end=208896 piso=2173440
COUNTS id=[ 320, 1156 ] end=7864320 piso=848691200
COUNTS id=[ 320, 1157 ] end=1343488 piso=11607040
COUNTS id=[ 320, 1158 ] end=657408 piso=4416000
COUNTS id=[ 320, 1159 ] end=7663616 piso=898457600
COUNTS id=[ 320, 1160 ] end=618496 piso=5959680
COUNTS id=[ 320, 1161 ] end=1212416 piso=14474240
COUNTS id=[ 320, 1162 ] end=558336 piso=4504320
COUNTS id=[ 320, 1163 ] end=659456 piso=5816320
COUNTS id=[ 320, 1164 ] end=700416 piso=7393280
COUNTS id=[ 320, 1165 ] end=1028096 piso=11317760
COUNTS id=[ 320, 1166 ] end=126976 piso=1297920
COUNTS id=[ 320, 1167 ] end=97536 piso=1105920
COUNTS id=[ 320, 1168 ] end=507904 piso=4029440
COUNTS id=[ 320, 1169 ] end=1150976 piso=7802880
COUNTS id=[ 320, 1170 ] end=167936 piso=2170880
COUNTS id=[ 320, 1171 ] end=249856 piso=2334720
COUNTS id=[ 320, 1172 ] end=126976 piso=1361920
COUNTS id=[ 320, 1173 ] end=2359296 piso=19660800
COUNTS id=[ 320, 1174 ] end=1081344 piso=5345280
COUNTS id=[ 320, 1175 ] end=1818624 piso=14556160
COUNTS id=[ 320, 1176 ] end=246784 piso=1431040
COUNTS id=[ 320, 1177 ] end=946176 piso=9891840
COUNTS id=[ 320, 1178 ] end=2113536 piso=22748160
COUNTS id=[ 320, 1179 ] end=143616 piso=1617920
COUNTS id=[ 320, 1180 ] end=638976 piso=5995520
COUNTS id=[ 320, 1181 ] end=720896 piso=6159360
COUNTS id=[ 320, 1182 ] end=239616 piso=2273280
COUNTS id=[ 320, 1183 ] end=66816 piso=952320
COUNTS id=[ 320, 1184 ] end=536576 piso=3077120
COUNTS id=[ 320, 1185 ] end=41216 piso=707840
COUNTS id=[ 320, 1186 ] end=89856 piso=958720
COUNTS id=[ 320, 1187 ] end=65536 piso=716800
COUNTS id=[ 320, 1188 ] end=157696 piso=3248640
COUNTS id=[ 320, 1189 ] end=106496 piso=1310720
COUNTS id=[ 320, 1190 ] end=29696 piso=988160
COUNTS id=[ 320, 1191 ] end=106496 piso=1423360
COUNTS id=[ 320, 1192 ] end=983040 piso=5406720
COUNTS id=[ 320, 1193 ] end=1038336 piso=8696320
COUNTS id=[ 320, 1194 ] end=290816 piso=2009600
COUNTS id=[ 320, 1195 ] end=275456 piso=1656320
COUNTS id=[ 320, 1196 ] end=551936 piso=5040640
COUNTS id=[ 320, 1197 ] end=1207296 piso=11023360
COUNTS id=[ 320, 1198 ] end=121856 piso=2728960
COUNTS id=[ 320, 1199 ] end=425216 piso=2590720
COUNTS id=[ 320, 1200 ] end=60416 piso=778240
COUNTS id=[ 320, 1201 ] end=41216 piso=756480
COUNTS id=[ 320, 1202 ] end=89856 piso=1073920
COUNTS id=[ 320, 1203 ] end=36096 piso=764160
COUNTS id=[ 320, 1204 ] end=97536 piso=1113600
COUNTS id=[ 320, 1205 ] end=43776 piso=847360
COUNTS id=[ 320, 1206 ] end=65536 piso=806400
COUNTS id=[ 320, 1207 ] end=126976 piso=1582080
COUNTS id=[ 320, 1208 ] end=241664 piso=1937920
COUNTS id=[ 320, 1209 ] end=599808 piso=5999360
COUNTS id=[ 320, 1210 ] end=39936 piso=747520
COUNTS id=[ 320, 1211 ] end=77056 piso=1212160
COUNTS id=[ 320, 1212 ] end=64256 piso=901120
COUNTS id=[ 320, 1213 ] end=20736 piso=829440
COUNTS id=[ 320, 1214 ] end=33536 piso=966400
COUNTS id=[ 320, 1215 ] end=87296 piso=1268480
COUNTS id=[ 320, 1216 ] end=1671168 piso=13982720
COUNTS id=[ 320, 1217 ] end=958464 piso=7846400
COUNTS id=[ 320, 1218 ] end=216064 piso=1569280
COUNTS id=[ 320, 1219 ] end=473088 piso=4482560
COUNTS id=[ 320, 1220 ] end=176128 piso=1960960
COUNTS id=[ 320, 1221 ] end=2248960 piso=32034560
COUNTS id=[ 320, 1222 ] end=868608 piso=8296960
COUNTS id=[ 320, 1223 ] end=131328 piso=1698560
COUNTS id=[ 320, 1224 ] end=105728 piso=2352640
PROGRESS checked=200 hits=0 reversed=0 runtime_ms=223588
COUNTS id=[ 320, 1225 ] end=213248 piso=2942720
COUNTS id=[ 320, 1226 ] end=899328 piso=8143360
COUNTS id=[ 320, 1227 ] end=141568 piso=1852160
COUNTS id=[ 320, 1228 ] end=404736 piso=2353920
COUNTS id=[ 320, 1229 ] end=45056 piso=757760
COUNTS id=[ 320, 1230 ] end=69376 piso=901120
COUNTS id=[ 320, 1231 ] end=77056 piso=997120
COUNTS id=[ 320, 1232 ] end=429056 piso=2649600
COUNTS id=[ 320, 1233 ] end=45056 piso=765440
COUNTS id=[ 320, 1234 ] end=96256 piso=1264640
COUNTS id=[ 320, 1235 ] end=87296 piso=1063680
COUNTS id=[ 320, 1236 ] end=39936 piso=762880
COUNTS id=[ 320, 1237 ] end=69376 piso=926720
COUNTS id=[ 320, 1238 ] end=336128 piso=3444480
COUNTS id=[ 320, 1239 ] end=60672 piso=1570560
COUNTS id=[ 320, 1240 ] end=64256 piso=817920
COUNTS id=[ 320, 1241 ] end=101632 piso=1626880
COUNTS id=[ 320, 1242 ] end=132352 piso=1785600
COUNTS id=[ 320, 1243 ] end=491520 piso=3496960
COUNTS id=[ 320, 1244 ] end=196608 piso=2787840
COUNTS id=[ 320, 1245 ] end=380928 piso=2306560
COUNTS id=[ 320, 1246 ] end=334848 piso=1937920
COUNTS id=[ 320, 1247 ] end=431872 piso=5405440
COUNTS id=[ 320, 1248 ] end=220416 piso=2618880
COUNTS id=[ 320, 1249 ] end=491776 piso=4550400
COUNTS id=[ 320, 1250 ] end=69632 piso=1090560
COUNTS id=[ 320, 1251 ] end=91392 piso=1217280
COUNTS id=[ 320, 1252 ] end=86016 piso=962560
COUNTS id=[ 320, 1253 ] end=61696 piso=844800
COUNTS id=[ 320, 1254 ] end=86016 piso=888320
COUNTS id=[ 320, 1255 ] end=39936 piso=885760
COUNTS id=[ 320, 1256 ] end=74496 piso=853760
COUNTS id=[ 320, 1257 ] end=128256 piso=1391360
COUNTS id=[ 320, 1258 ] end=156672 piso=4595200
COUNTS id=[ 320, 1259 ] end=82176 piso=1486080
COUNTS id=[ 320, 1260 ] end=7249920 piso=895467520
COUNTS id=[ 320, 1261 ] end=940032 piso=10252800
COUNTS id=[ 320, 1262 ] end=1564928 piso=22017280
COUNTS id=[ 320, 1263 ] end=531712 piso=4341760
COUNTS id=[ 320, 1264 ] end=566272 piso=5345280
COUNTS id=[ 320, 1265 ] end=101376 piso=1287680
COUNTS id=[ 320, 1266 ] end=535296 piso=4568320
COUNTS id=[ 320, 1267 ] end=135936 piso=1747200
COUNTS id=[ 320, 1268 ] end=151552 piso=1960960
COUNTS id=[ 320, 1269 ] end=100352 piso=1989120
COUNTS id=[ 320, 1270 ] end=81152 piso=2435840
COUNTS id=[ 320, 1271 ] end=157952 piso=2608640
COUNTS id=[ 320, 1272 ] end=24576 piso=983040
COUNTS id=[ 320, 1273 ] end=43776 piso=984320
COUNTS id=[ 320, 1274 ] end=24576 piso=980480
COUNTS id=[ 320, 1275 ] end=24576 piso=903680
COUNTS id=[ 320, 1276 ] end=1474560 piso=19225600
COUNTS id=[ 320, 1277 ] end=1257472 piso=16051200
COUNTS id=[ 320, 1278 ] end=453632 piso=4467200
COUNTS id=[ 320, 1279 ] end=883712 piso=8903680
COUNTS id=[ 320, 1280 ] end=100352 piso=1873920
DONE checked=256 abelian=0 hits=0 reversed=0 skipped_abelian=0 closest=[ 320, 1080 ] min_ratio=10/3 runtime_ms=292342
