{"command": ["/project/gap-4.16.1/gap", "-l", "/project/gap-4.16.1", "-q", "-b", "-T", "-m", "128m", "-o", "4g", "-c", "START_ORDER:=384;;END_ORDER:=384;;START_ID:=8705;;END_ID:=8960;;SKIP_ABELIAN:=true;;LOG_ALL:=true;;", "/project/scripts/search_19_20.g"], "source_hashes": {"scripts/search_19_20.g": "7b6a34e9163b58b0248b3c464ae8070783414cd7d14048136dd0e3547b906318", "scripts/lib_19_20.g": "fbcf2d3c4b0648cc1fa87d6e50fc923133d594c029b8430a365caf596ac7ccd5"}}
PARAMETERS start=384 end=384 start_id=8705 end_id=8960 skip_abelian=true log_all=true
ORDER_START order=384 groups=20169
COUNTS id=[ 384, 8705 ] end=77824 piso=6515712
CLOSEST id=[ 384, 8705 ] end=77824 piso=6515712 ratio=6363/76
COUNTS id=[ 384, 8706 ] end=495616 piso=7604736
CLOSEST id=[ 384, 8706 ] end=495616 piso=7604736 ratio=14853/968
COUNTS id=[ 384, 8707 ] end=569344 piso=7822848
CLOSEST id=[ 384, 8707 ] end=569344 piso=7822848 ratio=15279/1112
COUNTS id=[ 384, 8708 ] end=520192 piso=7613952
COUNTS id=[ 384, 8709 ] end=397312 piso=7031808
COUNTS id=[ 384, 8710 ] end=593920 piso=9937920
COUNTS id=[ 384, 8711 ] end=692224 piso=10501632
COUNTS id=[ 384, 8712 ] end=114688 piso=4262400
COUNTS id=[ 384, 8713 ] end=163840 piso=4286976
COUNTS id=[ 384, 8714 ] end=458752 piso=6721536
COUNTS id=[ 384, 8715 ] end=40960 piso=4449792
COUNTS id=[ 384, 8716 ] end=40960 piso=3962880
COUNTS id=[ 384, 8717 ] end=40960 piso=3965952
COUNTS id=[ 384, 8718 ] end=40960 piso=4030464
COUNTS id=[ 384, 8719 ] end=249856 piso=5074944
COUNTS id=[ 384, 8720 ] end=249856 piso=5078016
COUNTS id=[ 384, 8721 ] end=53248 piso=4064256
COUNTS id=[ 384, 8722 ] end=249856 piso=4638720
COUNTS id=[ 384, 8723 ] end=249856 piso=3838464
COUNTS id=[ 384, 8724 ] end=249856 piso=3792384
COUNTS id=[ 384, 8725 ] end=249856 piso=3909120
COUNTS id=[ 384, 8726 ] end=249856 piso=3915264
COUNTS id=[ 384, 8727 ] end=114688 piso=4283904
COUNTS id=[ 384, 8728 ] end=114688 piso=4265472
COUNTS id=[ 384, 8729 ] end=163840 piso=4277760
COUNTS id=[ 384, 8730 ] end=249856 piso=4131840
COUNTS id=[ 384, 8731 ] end=40960 piso=3975168
COUNTS id=[ 384, 8732 ] end=40960 piso=3962880
COUNTS id=[ 384, 8733 ] end=40960 piso=3935232
COUNTS id=[ 384, 8734 ] end=249856 piso=3832320
COUNTS id=[ 384, 8735 ] end=249856 piso=3875328
COUNTS id=[ 384, 8736 ] end=249856 piso=3810816
COUNTS id=[ 384, 8737 ] end=249856 piso=3832320
COUNTS id=[ 384, 8738 ] end=249856 piso=3795456
COUNTS id=[ 384, 8739 ] end=249856 piso=4694016
COUNTS id=[ 384, 8740 ] end=323584 piso=5011968
COUNTS id=[ 384, 8741 ] end=249856 piso=5145600
COUNTS id=[ 384, 8742 ] end=40960 piso=4503552
COUNTS id=[ 384, 8743 ] end=40960 piso=4475904
COUNTS id=[ 384, 8744 ] end=200704 piso=5162496
COUNTS id=[ 384, 8745 ] end=249856 piso=5153280
COUNTS id=[ 384, 8746 ] end=249856 piso=4119552
COUNTS id=[ 384, 8747 ] end=458752 piso=6120960
CLOSEST id=[ 384, 8747 ] end=458752 piso=6120960 ratio=11955/896
COUNTS id=[ 384, 8748 ] end=458752 piso=6148608
COUNTS id=[ 384, 8749 ] end=483328 piso=6391296
CLOSEST id=[ 384, 8749 ] end=483328 piso=6391296 ratio=12483/944
COUNTS id=[ 384, 8750 ] end=40960 piso=4349952
COUNTS id=[ 384, 8751 ] end=40960 piso=4423680
COUNTS id=[ 384, 8752 ] end=40960 piso=4365312
COUNTS id=[ 384, 8753 ] end=40960 piso=4408320
COUNTS id=[ 384, 8754 ] end=40960 piso=4386816
COUNTS id=[ 384, 8755 ] end=667648 piso=11341824
COUNTS id=[ 384, 8756 ] end=200704 piso=4652544
COUNTS id=[ 384, 8757 ] end=151552 piso=4431360
COUNTS id=[ 384, 8758 ] end=126976 piso=4412928
COUNTS id=[ 384, 8759 ] end=471040 piso=6104064
CLOSEST id=[ 384, 8759 ] end=471040 piso=6104064 ratio=5961/460
COUNTS id=[ 384, 8760 ] end=348160 piso=5956608
COUNTS id=[ 384, 8761 ] end=495616 piso=6638592
COUNTS id=[ 384, 8762 ] end=176128 piso=4492800
COUNTS id=[ 384, 8763 ] end=126976 piso=4316160
COUNTS id=[ 384, 8764 ] end=249856 piso=4362240
COUNTS id=[ 384, 8765 ] end=40960 piso=4518912
COUNTS id=[ 384, 8766 ] end=495616 piso=9326592
COUNTS id=[ 384, 8767 ] end=692224 piso=9097728
COUNTS id=[ 384, 8768 ] end=200704 piso=6038016
COUNTS id=[ 384, 8769 ] end=151552 piso=5812224
COUNTS id=[ 384, 8770 ] end=3833856 piso=53784576
COUNTS id=[ 384, 8771 ] end=1835008 piso=14340096
CLOSEST id=[ 384, 8771 ] end=1835008 piso=14340096 ratio=3501/448
COUNTS id=[ 384, 8772 ] end=1409024 piso=16605696
COUNTS id=[ 384, 8773 ] end=598016 piso=6455808
COUNTS id=[ 384, 8774 ] end=1531904 piso=16876032
COUNTS id=[ 384, 8775 ] end=1040384 piso=10169856
COUNTS id=[ 384, 8776 ] end=1212416 piso=12693504
COUNTS id=[ 384, 8777 ] end=1015808 piso=11710464
COUNTS id=[ 384, 8778 ] end=2867200 piso=32577024
COUNTS id=[ 384, 8779 ] end=1982464 piso=27760128
COUNTS id=[ 384, 8780 ] end=1396736 piso=15911424
COUNTS id=[ 384, 8781 ] end=1138688 piso=12526080
COUNTS id=[ 384, 8782 ] end=2170880 piso=27025920
COUNTS id=[ 384, 8783 ] end=966656 piso=8686080
COUNTS id=[ 384, 8784 ] end=520192 piso=13867008
COUNTS id=[ 384, 8785 ] end=1650688 piso=24548352
COUNTS id=[ 384, 8786 ] end=593920 piso=10386432
COUNTS id=[ 384, 8787 ] end=2043904 piso=33481728
COUNTS id=[ 384, 8788 ] end=716800 piso=18410496
COUNTS id=[ 384, 8789 ] end=778240 piso=16427520
COUNTS id=[ 384, 8790 ] end=286720 piso=5638656
COUNTS id=[ 384, 8791 ] end=950272 piso=17054208
COUNTS id=[ 384, 8792 ] end=360448 piso=6154752
COUNTS id=[ 384, 8793 ] end=839680 piso=20474880
COUNTS id=[ 384, 8794 ] end=1073152 piso=13728768
COUNTS id=[ 384, 8795 ] end=1073152 piso=17249280
COUNTS id=[ 384, 8796 ] end=2646016 piso=49142784
COUNTS id=[ 384, 8797 ] end=434176 piso=9016320
COUNTS id=[ 384, 8798 ] end=348160 piso=10360320
COUNTS id=[ 384, 8799 ] end=434176 piso=7624704
COUNTS id=[ 384, 8800 ] end=286720 piso=6549504
COUNTS id=[ 384, 8801 ] end=630784 piso=17937408
COUNTS id=[ 384, 8802 ] end=827392 piso=17158656
COUNTS id=[ 384, 8803 ] end=397312 piso=6976512
COUNTS id=[ 384, 8804 ] end=483328 piso=8824320
PROGRESS checked=100 hits=0 reversed=0 runtime_ms=280412
COUNTS id=[ 384, 8805 ] end=520192 piso=9156096
COUNTS id=[ 384, 8806 ] end=520192 piso=9168384
COUNTS id=[ 384, 8807 ] end=667648 piso=17708544
COUNTS id=[ 384, 8808 ] end=544768 piso=17131008
COUNTS id=[ 384, 8809 ] end=286720 piso=5210112
COUNTS id=[ 384, 8810 ] end=286720 piso=5154816
COUNTS id=[ 384, 8811 ] end=286720 piso=5062656
COUNTS id=[ 384, 8812 ] end=286720 piso=4995072
COUNTS id=[ 384, 8813 ] end=409600 piso=5842944
COUNTS id=[ 384, 8814 ] end=409600 piso=6008832
COUNTS id=[ 384, 8815 ] end=286720 piso=5093376
COUNTS id=[ 384, 8816 ] end=286720 piso=5222400
COUNTS id=[ 384, 8817 ] end=249856 piso=9646080
COUNTS id=[ 384, 8818 ] end=249856 piso=4819968
COUNTS id=[ 384, 8819 ] end=458752 piso=6912000
COUNTS id=[ 384, 8820 ] end=557056 piso=12039168
COUNTS id=[ 384, 8821 ] end=483328 piso=8821248
COUNTS id=[ 384, 8822 ] end=249856 piso=4651008
COUNTS id=[ 384, 8823 ] end=434176 piso=12529152
COUNTS id=[ 384, 8824 ] end=286720 piso=5256192
COUNTS id=[ 384, 8825 ] end=802816 piso=12609024
COUNTS id=[ 384, 8826 ] end=458752 piso=7686144
COUNTS id=[ 384, 8827 ] end=311296 piso=6991872
COUNTS id=[ 384, 8828 ] end=544768 piso=6898176
COUNTS id=[ 384, 8829 ] end=458752 piso=6690816
COUNTS id=[ 384, 8830 ] end=249856 piso=4635648
COUNTS id=[ 384, 8831 ] end=495616 piso=7457280
COUNTS id=[ 384, 8832 ] end=262144 piso=5246976
COUNTS id=[ 384, 8833 ] end=815104 piso=14605824
COUNTS id=[ 384, 8834 ] end=507904 piso=9643008
COUNTS id=[ 384, 8835 ] end=962560 piso=14599680
COUNTS id=[ 384, 8836 ] end=1503232 piso=24615936
COUNTS id=[ 384, 8837 ] end=765952 piso=13303296
COUNTS id=[ 384, 8838 ] end=249856 piso=5392896
COUNTS id=[ 384, 8839 ] end=249856 piso=5322240
COUNTS id=[ 384, 8840 ] end=249856 piso=5380608
COUNTS id=[ 384, 8841 ] end=741376 piso=13596672
COUNTS id=[ 384, 8842 ] end=532480 piso=7441920
COUNTS id=[ 384, 8843 ] end=323584 piso=5998080
COUNTS id=[ 384, 8844 ] end=741376 piso=12533760
COUNTS id=[ 384, 8845 ] end=483328 piso=7529472
COUNTS id=[ 384, 8846 ] end=262144 piso=5892096
COUNTS id=[ 384, 8847 ] end=544768 piso=9530880
COUNTS id=[ 384, 8848 ] end=249856 piso=4641792
COUNTS id=[ 384, 8849 ] end=249856 piso=4577280
COUNTS id=[ 384, 8850 ] end=335872 piso=5162496
COUNTS id=[ 384, 8851 ] end=249856 piso=4666368
COUNTS id=[ 384, 8852 ] end=262144 piso=4746240
COUNTS id=[ 384, 8853 ] end=458752 piso=6672384
COUNTS id=[ 384, 8854 ] end=458752 piso=8772096
COUNTS id=[ 384, 8855 ] end=323584 piso=4993536
COUNTS id=[ 384, 8856 ] end=458752 piso=6736896
COUNTS id=[ 384, 8857 ] end=262144 piso=5197824
COUNTS id=[ 384, 8858 ] end=262144 piso=5188608
COUNTS id=[ 384, 8859 ] end=249856 piso=4167168
COUNTS id=[ 384, 8860 ] end=458752 piso=6406656
COUNTS id=[ 384, 8861 ] end=360448 piso=13400064
COUNTS id=[ 384, 8862 ] end=999424 piso=20116992
COUNTS id=[ 384, 8863 ] end=409600 piso=13469184
COUNTS id=[ 384, 8864 ] end=901120 piso=16650240
COUNTS id=[ 384, 8865 ] end=917504 piso=12559872
COUNTS id=[ 384, 8866 ] end=2260992 piso=34725888
COUNTS id=[ 384, 8867 ] end=1785856 piso=26829312
COUNTS id=[ 384, 8868 ] end=819200 piso=12754944
COUNTS id=[ 384, 8869 ] end=2998272 piso=31592448
COUNTS id=[ 384, 8870 ] end=1867776 piso=31727616
COUNTS id=[ 384, 8871 ] end=688128 piso=9438720
COUNTS id=[ 384, 8872 ] end=1114112 piso=13788672
COUNTS id=[ 384, 8873 ] end=770048 piso=10764288
COUNTS id=[ 384, 8874 ] end=1753088 piso=25104384
COUNTS id=[ 384, 8875 ] end=1032192 piso=13410816
COUNTS id=[ 384, 8876 ] end=626688 piso=9014784
COUNTS id=[ 384, 8877 ] end=1720320 piso=24397824
COUNTS id=[ 384, 8878 ] end=917504 piso=11300352
COUNTS id=[ 384, 8879 ] end=688128 piso=9948672
COUNTS id=[ 384, 8880 ] end=1138688 piso=14350848
COUNTS id=[ 384, 8881 ] end=1114112 piso=14234112
COUNTS id=[ 384, 8882 ] end=2031616 piso=26400768
COUNTS id=[ 384, 8883 ] end=696320 piso=10776576
COUNTS id=[ 384, 8884 ] end=663552 piso=9871872
COUNTS id=[ 384, 8885 ] end=663552 piso=9024000
COUNTS id=[ 384, 8886 ] end=1032192 piso=13137408
COUNTS id=[ 384, 8887 ] end=905216 piso=15995904
COUNTS id=[ 384, 8888 ] end=524288 piso=9249792
COUNTS id=[ 384, 8889 ] end=1884160 piso=41461248
COUNTS id=[ 384, 8890 ] end=12124160 piso=1352713728
COUNTS id=[ 384, 8891 ] end=8175616 piso=1214940672
COUNTS id=[ 384, 8892 ] end=978944 piso=16948224
COUNTS id=[ 384, 8893 ] end=1077248 piso=18736128
COUNTS id=[ 384, 8894 ] end=978944 piso=16954368
COUNTS id=[ 384, 8895 ] end=208896 piso=9925632
COUNTS id=[ 384, 8896 ] end=208896 piso=5932032
COUNTS id=[ 384, 8897 ] end=208896 piso=5938176
COUNTS id=[ 384, 8898 ] end=561152 piso=12418560
COUNTS id=[ 384, 8899 ] end=561152 piso=12142080
COUNTS id=[ 384, 8900 ] end=208896 piso=10108416
COUNTS id=[ 384, 8901 ] end=208896 piso=10077696
COUNTS id=[ 384, 8902 ] end=172032 piso=6701568
COUNTS id=[ 384, 8903 ] end=487424 piso=10308096
COUNTS id=[ 384, 8904 ] end=430080 piso=9520128
PROGRESS checked=200 hits=0 reversed=0 runtime_ms=572680
COUNTS id=[ 384, 8905 ] end=430080 piso=9682944
COUNTS id=[ 384, 8906 ] end=3670016 piso=318521856
COUNTS id=[ 384, 8907 ] end=430080 piso=9615360
COUNTS id=[ 384, 8908 ] end=172032 piso=6481920
COUNTS id=[ 384, 8909 ] end=442368 piso=8305152
COUNTS id=[ 384, 8910 ] end=540672 piso=8185344
COUNTS id=[ 384, 8911 ] end=901120 piso=18101760
COUNTS id=[ 384, 8912 ] end=589824 piso=13542912
COUNTS id=[ 384, 8913 ] end=331776 piso=6228480
COUNTS id=[ 384, 8914 ] end=331776 piso=6099456
COUNTS id=[ 384, 8915 ] end=331776 piso=6099456
COUNTS id=[ 384, 8916 ] end=200704 piso=4889088
COUNTS id=[ 384, 8917 ] end=200704 piso=4907520
COUNTS id=[ 384, 8918 ] end=200704 piso=4907520
COUNTS id=[ 384, 8919 ] end=163840 piso=5677056
COUNTS id=[ 384, 8920 ] end=163840 piso=5778432
COUNTS id=[ 384, 8921 ] end=163840 piso=5760000
COUNTS id=[ 384, 8922 ] end=462848 piso=11593728
COUNTS id=[ 384, 8923 ] end=1011712 piso=17241600
COUNTS id=[ 384, 8924 ] end=3649536 piso=65791488
COUNTS id=[ 384, 8925 ] end=790528 piso=15914496
COUNTS id=[ 384, 8926 ] end=954368 piso=18015744
COUNTS id=[ 384, 8927 ] end=290816 piso=9438720
COUNTS id=[ 384, 8928 ] end=1101824 piso=16885248
COUNTS id=[ 384, 8929 ] end=1101824 piso=16639488
COUNTS id=[ 384, 8930 ] end=430080 piso=8136192
COUNTS id=[ 384, 8931 ] end=430080 piso=8133120
COUNTS id=[ 384, 8932 ] end=880640 piso=16590336
COUNTS id=[ 384, 8933 ] end=430080 piso=10089984
COUNTS id=[ 384, 8934 ] end=172032 piso=6402048
COUNTS id=[ 384, 8935 ] end=430080 piso=9590784
COUNTS id=[ 384, 8936 ] end=172032 piso=6372864
COUNTS id=[ 384, 8937 ] end=577536 piso=12142080
COUNTS id=[ 384, 8938 ] end=282624 piso=10642944
COUNTS id=[ 384, 8939 ] end=282624 piso=10446336
COUNTS id=[ 384, 8940 ] end=356352 piso=10248192
COUNTS id=[ 384, 8941 ] end=282624 piso=7239168
COUNTS id=[ 384, 8942 ] end=200704 piso=4867584
COUNTS id=[ 384, 8943 ] end=163840 piso=5643264
COUNTS id=[ 384, 8944 ] end=163840 piso=5683200
COUNTS id=[ 384, 8945 ] end=172032 piso=6414336
COUNTS id=[ 384, 8946 ] end=430080 piso=9455616
COUNTS id=[ 384, 8947 ] end=442368 piso=9658368
COUNTS id=[ 384, 8948 ] end=442368 piso=8724480
COUNTS id=[ 384, 8949 ] end=380928 piso=10131456
COUNTS id=[ 384, 8950 ] end=970752 piso=15390720
COUNTS id=[ 384, 8951 ] end=249856 piso=5190144
COUNTS id=[ 384, 8952 ] end=163840 piso=4449792
COUNTS id=[ 384, 8953 ] end=442368 piso=7352832
COUNTS id=[ 384, 8954 ] end=843776 piso=16227840
COUNTS id=[ 384, 8955 ] end=929792 piso=17685504
COUNTS id=[ 384, 8956 ] end=536576 piso=13807104
COUNTS id=[ 384, 8957 ] end=430080 piso=9729024
COUNTS id=[ 384, 8958 ] end=417792 piso=11045376
COUNTS id=[ 384, 8959 ] end=172032 piso=6567936
COUNTS id=[ 384, 8960 ] end=430080 piso=9954816
DONE checked=256 abelian=0 hits=0 reversed=0 skipped_abelian=0 closest=[ 384, 8771 ] min_ratio=3501/448 runtime_ms=727617
