{"command": ["/project/gap-4.16.1/gap", "-l", "/project/gap-4.16.1", "-q", "-b", "-T", "-m", "128m", "-o", "4g", "-c", "START_ORDER:=384;;END_ORDER:=384;;START_ID:=10497;;END_ID:=10752;;SKIP_ABELIAN:=true;;LOG_ALL:=true;;", "/project/scripts/search_19_20.g"], "source_hashes": {"scripts/search_19_20.g": "7b6a34e9163b58b0248b3c464ae8070783414cd7d14048136dd0e3547b906318", "scripts/lib_19_20.g": "fbcf2d3c4b0648cc1fa87d6e50fc923133d594c029b8430a365caf596ac7ccd5"}}
PARAMETERS start=384 end=384 start_id=10497 end_id=10752 skip_abelian=true log_all=true
ORDER_START order=384 groups=20169
COUNTS id=[ 384, 10497 ] end=348160 piso=5984256
CLOSEST id=[ 384, 10497 ] end=348160 piso=5984256 ratio=1461/85
COUNTS id=[ 384, 10498 ] end=348160 piso=5996544
COUNTS id=[ 384, 10499 ] end=262144 piso=5234688
COUNTS id=[ 384, 10500 ] end=151552 piso=4428288
COUNTS id=[ 384, 10501 ] end=311296 piso=6597120
COUNTS id=[ 384, 10502 ] end=151552 piso=6325248
COUNTS id=[ 384, 10503 ] end=151552 piso=6355968
COUNTS id=[ 384, 10504 ] end=249856 piso=4214784
CLOSEST id=[ 384, 10504 ] end=249856 piso=4214784 ratio=1029/61
COUNTS id=[ 384, 10505 ] end=249856 piso=4190208
CLOSEST id=[ 384, 10505 ] end=249856 piso=4190208 ratio=1023/61
COUNTS id=[ 384, 10506 ] end=77824 piso=4772352
COUNTS id=[ 384, 10507 ] end=53248 piso=4741632
COUNTS id=[ 384, 10508 ] end=249856 piso=4090368
CLOSEST id=[ 384, 10508 ] end=249856 piso=4090368 ratio=7989/488
COUNTS id=[ 384, 10509 ] end=249856 piso=4068864
CLOSEST id=[ 384, 10509 ] end=249856 piso=4068864 ratio=7947/488
COUNTS id=[ 384, 10510 ] end=249856 piso=4096512
COUNTS id=[ 384, 10511 ] end=458752 piso=6360576
CLOSEST id=[ 384, 10511 ] end=458752 piso=6360576 ratio=12423/896
COUNTS id=[ 384, 10512 ] end=458752 piso=6369792
COUNTS id=[ 384, 10513 ] end=249856 piso=4291584
COUNTS id=[ 384, 10514 ] end=40960 piso=4377600
COUNTS id=[ 384, 10515 ] end=40960 piso=4368384
COUNTS id=[ 384, 10516 ] end=40960 piso=4374528
COUNTS id=[ 384, 10517 ] end=40960 piso=4377600
COUNTS id=[ 384, 10518 ] end=40960 piso=4368384
COUNTS id=[ 384, 10519 ] end=176128 piso=5282304
COUNTS id=[ 384, 10520 ] end=176128 piso=6325248
COUNTS id=[ 384, 10521 ] end=638976 piso=51121152
COUNTS id=[ 384, 10522 ] end=520192 piso=13882368
COUNTS id=[ 384, 10523 ] end=507904 piso=15426048
COUNTS id=[ 384, 10524 ] end=839680 piso=20462592
COUNTS id=[ 384, 10525 ] end=348160 piso=10430976
COUNTS id=[ 384, 10526 ] end=348160 piso=10351104
COUNTS id=[ 384, 10527 ] end=839680 piso=21175296
COUNTS id=[ 384, 10528 ] end=630784 piso=17885184
COUNTS id=[ 384, 10529 ] end=581632 piso=15793152
COUNTS id=[ 384, 10530 ] end=311296 piso=11473920
COUNTS id=[ 384, 10531 ] end=544768 piso=11805696
COUNTS id=[ 384, 10532 ] end=249856 piso=9627648
COUNTS id=[ 384, 10533 ] end=1282048 piso=31048704
COUNTS id=[ 384, 10534 ] end=557056 piso=12072960
COUNTS id=[ 384, 10535 ] end=262144 piso=9738240
COUNTS id=[ 384, 10536 ] end=495616 piso=16842240
COUNTS id=[ 384, 10537 ] end=458752 piso=12673536
COUNTS id=[ 384, 10538 ] end=901120 piso=18670080
COUNTS id=[ 384, 10539 ] end=569344 piso=13040640
COUNTS id=[ 384, 10540 ] end=385024 piso=12145152
COUNTS id=[ 384, 10541 ] end=286720 piso=10109952
COUNTS id=[ 384, 10542 ] end=655360 piso=13200384
COUNTS id=[ 384, 10543 ] end=1171456 piso=27333120
COUNTS id=[ 384, 10544 ] end=483328 piso=11484672
COUNTS id=[ 384, 10545 ] end=520192 piso=10349568
COUNTS id=[ 384, 10546 ] end=815104 piso=14667264
COUNTS id=[ 384, 10547 ] end=483328 piso=9043968
COUNTS id=[ 384, 10548 ] end=483328 piso=9056256
COUNTS id=[ 384, 10549 ] end=249856 piso=5432832
COUNTS id=[ 384, 10550 ] end=249856 piso=5356032
COUNTS id=[ 384, 10551 ] end=630784 piso=10842624
COUNTS id=[ 384, 10552 ] end=249856 piso=5334528
COUNTS id=[ 384, 10553 ] end=249856 piso=5334528
COUNTS id=[ 384, 10554 ] end=1060864 piso=24007680
COUNTS id=[ 384, 10555 ] end=741376 piso=13584384
COUNTS id=[ 384, 10556 ] end=323584 piso=5973504
COUNTS id=[ 384, 10557 ] end=323584 piso=6007296
COUNTS id=[ 384, 10558 ] end=741376 piso=16240128
COUNTS id=[ 384, 10559 ] end=483328 piso=7489536
COUNTS id=[ 384, 10560 ] end=544768 piso=9521664
COUNTS id=[ 384, 10561 ] end=397312 piso=7074816
COUNTS id=[ 384, 10562 ] end=569344 piso=9833472
COUNTS id=[ 384, 10563 ] end=249856 piso=4629504
COUNTS id=[ 384, 10564 ] end=249856 piso=4589568
COUNTS id=[ 384, 10565 ] end=249856 piso=4623360
COUNTS id=[ 384, 10566 ] end=458752 piso=6743040
COUNTS id=[ 384, 10567 ] end=458752 piso=6749184
COUNTS id=[ 384, 10568 ] end=249856 piso=4626432
COUNTS id=[ 384, 10569 ] end=249856 piso=4583424
COUNTS id=[ 384, 10570 ] end=458752 piso=8483328
COUNTS id=[ 384, 10571 ] end=249856 piso=4611072
COUNTS id=[ 384, 10572 ] end=471040 piso=8812032
COUNTS id=[ 384, 10573 ] end=458752 piso=6736896
COUNTS id=[ 384, 10574 ] end=249856 piso=4684800
COUNTS id=[ 384, 10575 ] end=249856 piso=4644864
COUNTS id=[ 384, 10576 ] end=458752 piso=8738304
COUNTS id=[ 384, 10577 ] end=458752 piso=6733824
COUNTS id=[ 384, 10578 ] end=249856 piso=4623360
COUNTS id=[ 384, 10579 ] end=249856 piso=4681728
COUNTS id=[ 384, 10580 ] end=323584 piso=5005824
COUNTS id=[ 384, 10581 ] end=495616 piso=7733760
COUNTS id=[ 384, 10582 ] end=520192 piso=7850496
COUNTS id=[ 384, 10583 ] end=802816 piso=13071360
COUNTS id=[ 384, 10584 ] end=569344 piso=8532480
COUNTS id=[ 384, 10585 ] end=458752 piso=6936576
COUNTS id=[ 384, 10586 ] end=458752 piso=6930432
COUNTS id=[ 384, 10587 ] end=667648 piso=11372544
COUNTS id=[ 384, 10588 ] end=495616 piso=6700032
CLOSEST id=[ 384, 10588 ] end=495616 piso=6700032 ratio=6543/484
COUNTS id=[ 384, 10589 ] end=311296 piso=5630976
COUNTS id=[ 384, 10590 ] end=249856 piso=4087296
COUNTS id=[ 384, 10591 ] end=335872 piso=5564928
COUNTS id=[ 384, 10592 ] end=335872 piso=5571072
COUNTS id=[ 384, 10593 ] end=372736 piso=8600064
COUNTS id=[ 384, 10594 ] end=212992 piso=7021056
COUNTS id=[ 384, 10595 ] end=1576960 piso=31104000
COUNTS id=[ 384, 10596 ] end=188416 piso=6474240
PROGRESS checked=100 hits=0 reversed=0 runtime_ms=262665
COUNTS id=[ 384, 10597 ] end=114688 piso=6825984
COUNTS id=[ 384, 10598 ] end=348160 piso=6018048
COUNTS id=[ 384, 10599 ] end=348160 piso=8695296
COUNTS id=[ 384, 10600 ] end=704512 piso=14765568
COUNTS id=[ 384, 10601 ] end=593920 piso=11157504
COUNTS id=[ 384, 10602 ] end=593920 piso=11329536
COUNTS id=[ 384, 10603 ] end=335872 piso=6027264
COUNTS id=[ 384, 10604 ] end=335872 piso=6561792
COUNTS id=[ 384, 10605 ] end=397312 piso=16175616
COUNTS id=[ 384, 10606 ] end=950272 piso=18645504
COUNTS id=[ 384, 10607 ] end=311296 piso=5919744
COUNTS id=[ 384, 10608 ] end=139264 piso=5455872
COUNTS id=[ 384, 10609 ] end=102400 piso=4637184
COUNTS id=[ 384, 10610 ] end=335872 piso=6222336
COUNTS id=[ 384, 10611 ] end=102400 piso=5302272
COUNTS id=[ 384, 10612 ] end=1232896 piso=20476416
COUNTS id=[ 384, 10613 ] end=741376 piso=14123520
COUNTS id=[ 384, 10614 ] end=335872 piso=8034816
COUNTS id=[ 384, 10615 ] end=176128 piso=6167040
COUNTS id=[ 384, 10616 ] end=102400 piso=5081088
COUNTS id=[ 384, 10617 ] end=471040 piso=9077760
COUNTS id=[ 384, 10618 ] end=176128 piso=5414400
COUNTS id=[ 384, 10619 ] end=102400 piso=3826176
COUNTS id=[ 384, 10620 ] end=630784 piso=13994496
COUNTS id=[ 384, 10621 ] end=139264 piso=4948992
COUNTS id=[ 384, 10622 ] end=311296 piso=7326720
COUNTS id=[ 384, 10623 ] end=139264 piso=6030336
COUNTS id=[ 384, 10624 ] end=655360 piso=9527808
COUNTS id=[ 384, 10625 ] end=311296 piso=8014848
COUNTS id=[ 384, 10626 ] end=397312 piso=7217664
COUNTS id=[ 384, 10627 ] end=397312 piso=8409600
COUNTS id=[ 384, 10628 ] end=913408 piso=18766848
COUNTS id=[ 384, 10629 ] end=630784 piso=10859520
COUNTS id=[ 384, 10630 ] end=311296 piso=5713920
COUNTS id=[ 384, 10631 ] end=311296 piso=4545024
COUNTS id=[ 384, 10632 ] end=102400 piso=3528192
COUNTS id=[ 384, 10633 ] end=1085440 piso=19319808
COUNTS id=[ 384, 10634 ] end=372736 piso=6136320
COUNTS id=[ 384, 10635 ] end=139264 piso=4772352
COUNTS id=[ 384, 10636 ] end=114688 piso=5560320
COUNTS id=[ 384, 10637 ] end=360448 piso=11933184
COUNTS id=[ 384, 10638 ] end=483328 piso=9779712
COUNTS id=[ 384, 10639 ] end=335872 piso=5925888
COUNTS id=[ 384, 10640 ] end=335872 piso=6558720
COUNTS id=[ 384, 10641 ] end=593920 piso=9153024
COUNTS id=[ 384, 10642 ] end=593920 piso=11289600
COUNTS id=[ 384, 10643 ] end=593920 piso=9266688
COUNTS id=[ 384, 10644 ] end=176128 piso=6498816
COUNTS id=[ 384, 10645 ] end=102400 piso=4652544
COUNTS id=[ 384, 10646 ] end=102400 piso=4683264
COUNTS id=[ 384, 10647 ] end=335872 piso=5958144
COUNTS id=[ 384, 10648 ] end=348160 piso=5948928
COUNTS id=[ 384, 10649 ] end=593920 piso=9403392
COUNTS id=[ 384, 10650 ] end=102400 piso=4958208
COUNTS id=[ 384, 10651 ] end=311296 piso=5207040
COUNTS id=[ 384, 10652 ] end=212992 piso=5617152
COUNTS id=[ 384, 10653 ] end=311296 piso=7512576
COUNTS id=[ 384, 10654 ] end=557056 piso=9300480
COUNTS id=[ 384, 10655 ] end=102400 piso=3852288
COUNTS id=[ 384, 10656 ] end=102400 piso=5465088
COUNTS id=[ 384, 10657 ] end=139264 piso=5200896
COUNTS id=[ 384, 10658 ] end=102400 piso=3580416
COUNTS id=[ 384, 10659 ] end=102400 piso=3601920
COUNTS id=[ 384, 10660 ] end=102400 piso=3595776
COUNTS id=[ 384, 10661 ] end=311296 piso=7792128
COUNTS id=[ 384, 10662 ] end=102400 piso=3830784
COUNTS id=[ 384, 10663 ] end=385024 piso=4984320
CLOSEST id=[ 384, 10663 ] end=385024 piso=4984320 ratio=9735/752
COUNTS id=[ 384, 10664 ] end=139264 piso=5646336
COUNTS id=[ 384, 10665 ] end=139264 piso=5707776
COUNTS id=[ 384, 10666 ] end=655360 piso=9913344
COUNTS id=[ 384, 10667 ] end=397312 piso=6140928
COUNTS id=[ 384, 10668 ] end=163840 piso=6265344
COUNTS id=[ 384, 10669 ] end=520192 piso=8171520
COUNTS id=[ 384, 10670 ] end=286720 piso=6340608
COUNTS id=[ 384, 10671 ] end=102400 piso=3847680
COUNTS id=[ 384, 10672 ] end=311296 piso=4717056
COUNTS id=[ 384, 10673 ] end=311296 piso=4713984
COUNTS id=[ 384, 10674 ] end=102400 piso=4015104
COUNTS id=[ 384, 10675 ] end=212992 piso=6050304
COUNTS id=[ 384, 10676 ] end=4685824 piso=348171264
COUNTS id=[ 384, 10677 ] end=3825664 piso=334241280
COUNTS id=[ 384, 10678 ] end=3653632 piso=321225216
COUNTS id=[ 384, 10679 ] end=692224 piso=18465792
COUNTS id=[ 384, 10680 ] end=483328 piso=16945152
COUNTS id=[ 384, 10681 ] end=3506176 piso=311190528
COUNTS id=[ 384, 10682 ] end=397312 piso=10527744
COUNTS id=[ 384, 10683 ] end=4440064 piso=360731136
COUNTS id=[ 384, 10684 ] end=471040 piso=14994432
COUNTS id=[ 384, 10685 ] end=421888 piso=11787264
COUNTS id=[ 384, 10686 ] end=3604480 piso=311874048
COUNTS id=[ 384, 10687 ] end=2080768 piso=41659392
COUNTS id=[ 384, 10688 ] end=4243456 piso=358550016
COUNTS id=[ 384, 10689 ] end=1024000 piso=21723648
COUNTS id=[ 384, 10690 ] end=667648 piso=11475456
COUNTS id=[ 384, 10691 ] end=360448 piso=8036352
COUNTS id=[ 384, 10692 ] end=3727360 piso=328304640
COUNTS id=[ 384, 10693 ] end=593920 piso=9369600
COUNTS id=[ 384, 10694 ] end=335872 piso=5993472
COUNTS id=[ 384, 10695 ] end=421888 piso=8838144
COUNTS id=[ 384, 10696 ] end=3481600 piso=307485696
PROGRESS checked=200 hits=0 reversed=0 runtime_ms=520535
COUNTS id=[ 384, 10697 ] end=311296 piso=5179392
COUNTS id=[ 384, 10698 ] end=311296 piso=7601664
COUNTS id=[ 384, 10699 ] end=323584 piso=7816704
COUNTS id=[ 384, 10700 ] end=311296 piso=5207040
COUNTS id=[ 384, 10701 ] end=913408 piso=16943616
COUNTS id=[ 384, 10702 ] end=557056 piso=9408000
COUNTS id=[ 384, 10703 ] end=311296 piso=5437440
COUNTS id=[ 384, 10704 ] end=3850240 piso=309998592
COUNTS id=[ 384, 10705 ] end=520192 piso=9705984
COUNTS id=[ 384, 10706 ] end=360448 piso=6996480
COUNTS id=[ 384, 10707 ] end=544768 piso=10460160
COUNTS id=[ 384, 10708 ] end=274432 piso=5747712
COUNTS id=[ 384, 10709 ] end=77824 piso=5716992
COUNTS id=[ 384, 10710 ] end=262144 piso=5703168
COUNTS id=[ 384, 10711 ] end=311296 piso=12235776
COUNTS id=[ 384, 10712 ] end=200704 piso=6825984
COUNTS id=[ 384, 10713 ] end=126976 piso=5767680
COUNTS id=[ 384, 10714 ] end=741376 piso=16184832
COUNTS id=[ 384, 10715 ] end=249856 piso=5219328
COUNTS id=[ 384, 10716 ] end=483328 piso=9045504
COUNTS id=[ 384, 10717 ] end=299008 piso=12174336
COUNTS id=[ 384, 10718 ] end=249856 piso=5624832
COUNTS id=[ 384, 10719 ] end=483328 piso=9277440
COUNTS id=[ 384, 10720 ] end=520192 piso=12702720
COUNTS id=[ 384, 10721 ] end=520192 piso=12699648
COUNTS id=[ 384, 10722 ] end=544768 piso=17392128
COUNTS id=[ 384, 10723 ] end=262144 piso=5730816
COUNTS id=[ 384, 10724 ] end=483328 piso=9638400
COUNTS id=[ 384, 10725 ] end=262144 piso=5065728
COUNTS id=[ 384, 10726 ] end=335872 piso=6110208
COUNTS id=[ 384, 10727 ] end=262144 piso=5339136
COUNTS id=[ 384, 10728 ] end=360448 piso=12145152
COUNTS id=[ 384, 10729 ] end=151552 piso=6601728
COUNTS id=[ 384, 10730 ] end=53248 piso=4896768
COUNTS id=[ 384, 10731 ] end=53248 piso=4832256
COUNTS id=[ 384, 10732 ] end=53248 piso=4795392
COUNTS id=[ 384, 10733 ] end=126976 piso=4710912
COUNTS id=[ 384, 10734 ] end=126976 piso=4760064
COUNTS id=[ 384, 10735 ] end=53248 piso=5015040
COUNTS id=[ 384, 10736 ] end=249856 piso=4752384
COUNTS id=[ 384, 10737 ] end=458752 piso=6982656
COUNTS id=[ 384, 10738 ] end=114688 piso=4554240
COUNTS id=[ 384, 10739 ] end=40960 piso=4279296
COUNTS id=[ 384, 10740 ] end=40960 piso=4303872
COUNTS id=[ 384, 10741 ] end=249856 piso=4253184
COUNTS id=[ 384, 10742 ] end=458752 piso=7019520
COUNTS id=[ 384, 10743 ] end=249856 piso=5300736
COUNTS id=[ 384, 10744 ] end=40960 piso=4245504
COUNTS id=[ 384, 10745 ] end=40960 piso=4276224
COUNTS id=[ 384, 10746 ] end=249856 piso=4323840
COUNTS id=[ 384, 10747 ] end=249856 piso=4850688
COUNTS id=[ 384, 10748 ] end=249856 piso=4807680
COUNTS id=[ 384, 10749 ] end=249856 piso=4598784
COUNTS id=[ 384, 10750 ] end=40960 piso=4224000
COUNTS id=[ 384, 10751 ] end=40960 piso=4211712
COUNTS id=[ 384, 10752 ] end=40960 piso=4236288
DONE checked=256 abelian=0 hits=0 reversed=0 skipped_abelian=0 closest=[ 384, 10663 ] min_ratio=9735/752 runtime_ms=653835
