{"command": ["/project/gap-4.16.1/gap", "-l", "/project/gap-4.16.1", "-q", "-b", "-T", "-m", "128m", "-o", "4g", "-c", "START_ORDER:=384;;END_ORDER:=384;;START_ID:=3841;;END_ID:=4096;;SKIP_ABELIAN:=true;;LOG_ALL:=true;;", "/project/scripts/search_19_20.g"], "source_hashes": {"scripts/search_19_20.g": "7b6a34e9163b58b0248b3c464ae8070783414cd7d14048136dd0e3547b906318", "scripts/lib_19_20.g": "fbcf2d3c4b0648cc1fa87d6e50fc923133d594c029b8430a365caf596ac7ccd5"}}
PARAMETERS start=384 end=384 start_id=3841 end_id=4096 skip_abelian=true log_all=true
ORDER_START order=384 groups=20169
COUNTS id=[ 384, 3841 ] end=36416 piso=923520
CLOSEST id=[ 384, 3841 ] end=36416 piso=923520 ratio=14430/569
COUNTS id=[ 384, 3842 ] end=119872 piso=10649472
COUNTS id=[ 384, 3843 ] end=28608 piso=335712
CLOSEST id=[ 384, 3843 ] end=28608 piso=335712 ratio=3497/298
COUNTS id=[ 384, 3844 ] end=27584 piso=311136
CLOSEST id=[ 384, 3844 ] end=27584 piso=311136 ratio=9723/862
COUNTS id=[ 384, 3845 ] end=30784 piso=1436544
COUNTS id=[ 384, 3846 ] end=22592 piso=662400
COUNTS id=[ 384, 3847 ] end=31296 piso=1016448
COUNTS id=[ 384, 3848 ] end=25408 piso=274272
CLOSEST id=[ 384, 3848 ] end=25408 piso=274272 ratio=8571/794
COUNTS id=[ 384, 3849 ] end=22848 piso=268128
COUNTS id=[ 384, 3850 ] end=166976 piso=1245696
CLOSEST id=[ 384, 3850 ] end=166976 piso=1245696 ratio=19464/2609
COUNTS id=[ 384, 3851 ] end=166976 piso=1430016
COUNTS id=[ 384, 3852 ] end=932928 piso=7451136
COUNTS id=[ 384, 3853 ] end=158784 piso=1236480
COUNTS id=[ 384, 3854 ] end=48192 piso=927744
COUNTS id=[ 384, 3855 ] end=136256 piso=1978368
COUNTS id=[ 384, 3856 ] end=209984 piso=2029056
COUNTS id=[ 384, 3857 ] end=138304 piso=11417472
COUNTS id=[ 384, 3858 ] end=61120 piso=737376
COUNTS id=[ 384, 3859 ] end=52928 piso=712800
COUNTS id=[ 384, 3860 ] end=26688 piso=852864
COUNTS id=[ 384, 3861 ] end=39488 piso=1339008
COUNTS id=[ 384, 3862 ] end=45632 piso=513120
COUNTS id=[ 384, 3863 ] end=43584 piso=506976
COUNTS id=[ 384, 3864 ] end=44096 piso=603648
COUNTS id=[ 384, 3865 ] end=44096 piso=476160
COUNTS id=[ 384, 3866 ] end=277568 piso=2508288
COUNTS id=[ 384, 3867 ] end=166976 piso=1156608
CLOSEST id=[ 384, 3867 ] end=166976 piso=1156608 ratio=18072/2609
COUNTS id=[ 384, 3868 ] end=68672 piso=875520
COUNTS id=[ 384, 3869 ] end=61760 piso=746880
COUNTS id=[ 384, 3870 ] end=45632 piso=491904
COUNTS id=[ 384, 3871 ] end=20096 piso=383232
COUNTS id=[ 384, 3872 ] end=81984 piso=901632
COUNTS id=[ 384, 3873 ] end=208960 piso=1896960
COUNTS id=[ 384, 3874 ] end=262208 piso=1921536
COUNTS id=[ 384, 3875 ] end=73792 piso=1039872
COUNTS id=[ 384, 3876 ] end=55360 piso=774144
COUNTS id=[ 384, 3877 ] end=92224 piso=972288
COUNTS id=[ 384, 3878 ] end=45120 piso=792576
COUNTS id=[ 384, 3879 ] end=15936 piso=598656
COUNTS id=[ 384, 3880 ] end=32320 piso=739200
COUNTS id=[ 384, 3881 ] end=24768 piso=344160
COUNTS id=[ 384, 3882 ] end=22720 piso=319584
COUNTS id=[ 384, 3883 ] end=22592 piso=1424256
COUNTS id=[ 384, 3884 ] end=20544 piso=316512
COUNTS id=[ 384, 3885 ] end=18496 piso=310368
COUNTS id=[ 384, 3886 ] end=36928 piso=554496
COUNTS id=[ 384, 3887 ] end=36928 piso=365568
COUNTS id=[ 384, 3888 ] end=196672 piso=1500672
COUNTS id=[ 384, 3889 ] end=208960 piso=1623552
COUNTS id=[ 384, 3890 ] end=49216 piso=666624
COUNTS id=[ 384, 3891 ] end=46912 piso=445824
COUNTS id=[ 384, 3892 ] end=43072 piso=473472
COUNTS id=[ 384, 3893 ] end=11392 piso=232704
COUNTS id=[ 384, 3894 ] end=22080 piso=241152
COUNTS id=[ 384, 3895 ] end=22080 piso=396288
COUNTS id=[ 384, 3896 ] end=40512 piso=572928
COUNTS id=[ 384, 3897 ] end=101952 piso=1514496
COUNTS id=[ 384, 3898 ] end=40512 piso=838656
COUNTS id=[ 384, 3899 ] end=22080 piso=395136
COUNTS id=[ 384, 3900 ] end=12096 piso=281472
COUNTS id=[ 384, 3901 ] end=9600 piso=155904
COUNTS id=[ 384, 3902 ] end=67648 piso=3795840
COUNTS id=[ 384, 3903 ] end=22336 piso=679296
COUNTS id=[ 384, 3904 ] end=14656 piso=600960
COUNTS id=[ 384, 3905 ] end=57408 piso=3215232
COUNTS id=[ 384, 3906 ] end=10560 piso=542592
COUNTS id=[ 384, 3907 ] end=16704 piso=484224
COUNTS id=[ 384, 3908 ] end=301120 piso=1804800
CLOSEST id=[ 384, 3908 ] end=301120 piso=1804800 ratio=5640/941
COUNTS id=[ 384, 3909 ] end=98368 piso=889344
COUNTS id=[ 384, 3910 ] end=104512 piso=870912
COUNTS id=[ 384, 3911 ] end=79936 piso=1032192
COUNTS id=[ 384, 3912 ] end=184384 piso=1850880
COUNTS id=[ 384, 3913 ] end=49216 piso=989184
COUNTS id=[ 384, 3914 ] end=73792 piso=1089024
COUNTS id=[ 384, 3915 ] end=36928 piso=829440
COUNTS id=[ 384, 3916 ] end=55360 piso=884736
COUNTS id=[ 384, 3917 ] end=86080 piso=892416
COUNTS id=[ 384, 3918 ] end=16960 piso=1986432
COUNTS id=[ 384, 3919 ] end=24640 piso=950400
COUNTS id=[ 384, 3920 ] end=24256 piso=275808
COUNTS id=[ 384, 3921 ] end=22720 piso=251232
COUNTS id=[ 384, 3922 ] end=13888 piso=487296
COUNTS id=[ 384, 3923 ] end=9280 piso=769152
COUNTS id=[ 384, 3924 ] end=20032 piso=260448
COUNTS id=[ 384, 3925 ] end=20032 piso=254304
COUNTS id=[ 384, 3926 ] end=8320 piso=129792
COUNTS id=[ 384, 3927 ] end=30784 piso=314880
COUNTS id=[ 384, 3928 ] end=61504 piso=1188864
COUNTS id=[ 384, 3929 ] end=36928 piso=611328
COUNTS id=[ 384, 3930 ] end=24640 piso=302592
COUNTS id=[ 384, 3931 ] end=36928 piso=390144
COUNTS id=[ 384, 3932 ] end=18496 piso=287616
COUNTS id=[ 384, 3933 ] end=11584 piso=216960
COUNTS id=[ 384, 3934 ] end=6784 piso=96000
COUNTS id=[ 384, 3935 ] end=208960 piso=1860096
COUNTS id=[ 384, 3936 ] end=98368 piso=1049088
COUNTS id=[ 384, 3937 ] end=98368 piso=1036800
COUNTS id=[ 384, 3938 ] end=294976 piso=1970688
COUNTS id=[ 384, 3939 ] end=104512 piso=935424
COUNTS id=[ 384, 3940 ] end=36928 piso=829440
PROGRESS checked=100 hits=0 reversed=0 runtime_ms=161896
COUNTS id=[ 384, 3941 ] end=55360 piso=749568
COUNTS id=[ 384, 3942 ] end=67648 piso=958464
COUNTS id=[ 384, 3943 ] end=86080 piso=843264
COUNTS id=[ 384, 3944 ] end=61504 piso=829440
COUNTS id=[ 384, 3945 ] end=23104 piso=956544
COUNTS id=[ 384, 3946 ] end=13888 piso=478080
COUNTS id=[ 384, 3947 ] end=41152 piso=374880
COUNTS id=[ 384, 3948 ] end=22720 piso=322656
COUNTS id=[ 384, 3949 ] end=41152 piso=350304
COUNTS id=[ 384, 3950 ] end=22720 piso=298080
COUNTS id=[ 384, 3951 ] end=12352 piso=763008
COUNTS id=[ 384, 3952 ] end=16960 piso=1995648
COUNTS id=[ 384, 3953 ] end=40000 piso=402528
COUNTS id=[ 384, 3954 ] end=18496 piso=307296
COUNTS id=[ 384, 3955 ] end=40000 piso=396384
COUNTS id=[ 384, 3956 ] end=18496 piso=301152
COUNTS id=[ 384, 3957 ] end=61504 piso=1218048
COUNTS id=[ 384, 3958 ] end=36928 piso=701952
COUNTS id=[ 384, 3959 ] end=30784 piso=371712
COUNTS id=[ 384, 3960 ] end=73792 piso=615936
COUNTS id=[ 384, 3961 ] end=73792 piso=615936
COUNTS id=[ 384, 3962 ] end=24640 piso=291840
COUNTS id=[ 384, 3963 ] end=29248 piso=344448
COUNTS id=[ 384, 3964 ] end=29248 piso=344448
COUNTS id=[ 384, 3965 ] end=22336 piso=298368
COUNTS id=[ 384, 3966 ] end=22336 piso=298368
COUNTS id=[ 384, 3967 ] end=10816 piso=528768
COUNTS id=[ 384, 3968 ] end=18496 piso=636288
COUNTS id=[ 384, 3969 ] end=6208 piso=1098624
COUNTS id=[ 384, 3970 ] end=9280 piso=475008
COUNTS id=[ 384, 3971 ] end=40960 piso=73728
CLOSEST id=[ 384, 3971 ] end=40960 piso=73728 ratio=9/5
COUNTS id=[ 384, 3972 ] end=13312 piso=43008
COUNTS id=[ 384, 3973 ] end=131072 piso=294912
COUNTS id=[ 384, 3974 ] end=114688 piso=294912
COUNTS id=[ 384, 3975 ] end=28672 piso=117120
COUNTS id=[ 384, 3976 ] end=40960 piso=245760
COUNTS id=[ 384, 3977 ] end=14336 piso=117120
COUNTS id=[ 384, 3978 ] end=295936 piso=1265664
COUNTS id=[ 384, 3979 ] end=295936 piso=1265664
COUNTS id=[ 384, 3980 ] end=74752 piso=516096
COUNTS id=[ 384, 3981 ] end=37888 piso=325632
COUNTS id=[ 384, 3982 ] end=25600 piso=113376
COUNTS id=[ 384, 3983 ] end=18176 piso=92640
COUNTS id=[ 384, 3984 ] end=90112 piso=2457600
COUNTS id=[ 384, 3985 ] end=32768 piso=350592
COUNTS id=[ 384, 3986 ] end=32768 piso=333696
COUNTS id=[ 384, 3987 ] end=197632 piso=11268096
COUNTS id=[ 384, 3988 ] end=53248 piso=755712
COUNTS id=[ 384, 3989 ] end=89600 piso=892416
COUNTS id=[ 384, 3990 ] end=45056 piso=400896
COUNTS id=[ 384, 3991 ] end=87040 piso=3526656
COUNTS id=[ 384, 3992 ] end=37376 piso=493056
COUNTS id=[ 384, 3993 ] end=50176 piso=666624
COUNTS id=[ 384, 3994 ] end=81920 piso=221184
COUNTS id=[ 384, 3995 ] end=28672 piso=129408
COUNTS id=[ 384, 3996 ] end=24576 piso=221184
COUNTS id=[ 384, 3997 ] end=14336 piso=129408
COUNTS id=[ 384, 3998 ] end=20480 piso=208896
COUNTS id=[ 384, 3999 ] end=11264 piso=114048
COUNTS id=[ 384, 4000 ] end=69632 piso=208896
COUNTS id=[ 384, 4001 ] end=23552 piso=114048
COUNTS id=[ 384, 4002 ] end=93184 piso=370176
COUNTS id=[ 384, 4003 ] end=28672 piso=208896
COUNTS id=[ 384, 4004 ] end=111616 piso=579072
COUNTS id=[ 384, 4005 ] end=19456 piso=322560
COUNTS id=[ 384, 4006 ] end=17920 piso=94944
COUNTS id=[ 384, 4007 ] end=73728 piso=2433024
COUNTS id=[ 384, 4008 ] end=32768 piso=362880
COUNTS id=[ 384, 4009 ] end=15616 piso=98784
COUNTS id=[ 384, 4010 ] end=57344 piso=1609728
COUNTS id=[ 384, 4011 ] end=29696 piso=347520
COUNTS id=[ 384, 4012 ] end=32768 piso=345984
COUNTS id=[ 384, 4013 ] end=28160 piso=333696
COUNTS id=[ 384, 4014 ] end=28160 piso=333696
COUNTS id=[ 384, 4015 ] end=56320 piso=1021440
COUNTS id=[ 384, 4016 ] end=157696 piso=11103744
COUNTS id=[ 384, 4017 ] end=154624 piso=11033088
COUNTS id=[ 384, 4018 ] end=40960 piso=663552
COUNTS id=[ 384, 4019 ] end=71168 piso=889344
COUNTS id=[ 384, 4020 ] end=35840 piso=397824
COUNTS id=[ 384, 4021 ] end=47104 piso=3177984
COUNTS id=[ 384, 4022 ] end=44032 piso=3045888
COUNTS id=[ 384, 4023 ] end=18944 piso=489984
COUNTS id=[ 384, 4024 ] end=40960 piso=663552
COUNTS id=[ 384, 4025 ] end=56320 piso=1006080
COUNTS id=[ 384, 4026 ] end=44032 piso=737280
COUNTS id=[ 384, 4027 ] end=4864 piso=31968
COUNTS id=[ 384, 4028 ] end=5888 piso=54912
COUNTS id=[ 384, 4029 ] end=5888 piso=54912
COUNTS id=[ 384, 4030 ] end=40256 piso=605664
COUNTS id=[ 384, 4031 ] end=20288 piso=270048
COUNTS id=[ 384, 4032 ] end=9536 piso=398304
COUNTS id=[ 384, 4033 ] end=80960 piso=879360
COUNTS id=[ 384, 4034 ] end=20288 piso=262272
COUNTS id=[ 384, 4035 ] end=44096 piso=410880
COUNTS id=[ 384, 4036 ] end=72960 piso=701952
COUNTS id=[ 384, 4037 ] end=70912 piso=701952
COUNTS id=[ 384, 4038 ] end=48448 piso=960768
COUNTS id=[ 384, 4039 ] end=14912 piso=483072
COUNTS id=[ 384, 4040 ] end=244800 piso=2803200
PROGRESS checked=200 hits=0 reversed=0 runtime_ms=303479
COUNTS id=[ 384, 4041 ] end=44096 piso=824832
COUNTS id=[ 384, 4042 ] end=93248 piso=1038336
COUNTS id=[ 384, 4043 ] end=117504 piso=10411008
COUNTS id=[ 384, 4044 ] end=29440 piso=873984
COUNTS id=[ 384, 4045 ] end=50944 piso=548352
COUNTS id=[ 384, 4046 ] end=48896 piso=540672
COUNTS id=[ 384, 4047 ] end=45760 piso=1038048
COUNTS id=[ 384, 4048 ] end=17408 piso=294624
COUNTS id=[ 384, 4049 ] end=39680 piso=351744
COUNTS id=[ 384, 4050 ] end=38656 piso=351744
COUNTS id=[ 384, 4051 ] end=41536 piso=745728
COUNTS id=[ 384, 4052 ] end=19264 piso=524544
COUNTS id=[ 384, 4053 ] end=22080 piso=489216
COUNTS id=[ 384, 4054 ] end=12096 piso=354048
COUNTS id=[ 384, 4055 ] end=122432 piso=1085952
COUNTS id=[ 384, 4056 ] end=40512 piso=674304
COUNTS id=[ 384, 4057 ] end=101952 piso=1293312
COUNTS id=[ 384, 4058 ] end=28224 piso=758784
COUNTS id=[ 384, 4059 ] end=27392 piso=2359296
COUNTS id=[ 384, 4060 ] end=35584 piso=1006080
COUNTS id=[ 384, 4061 ] end=104192 piso=9753600
COUNTS id=[ 384, 4062 ] end=20224 piso=708096
COUNTS id=[ 384, 4063 ] end=26368 piso=284160
COUNTS id=[ 384, 4064 ] end=25344 piso=276480
COUNTS id=[ 384, 4065 ] end=13120 piso=751584
COUNTS id=[ 384, 4066 ] end=41536 piso=845280
COUNTS id=[ 384, 4067 ] end=9216 piso=158688
COUNTS id=[ 384, 4068 ] end=61504 piso=558336
COUNTS id=[ 384, 4069 ] end=13120 piso=193152
COUNTS id=[ 384, 4070 ] end=49216 piso=507648
COUNTS id=[ 384, 4071 ] end=26880 piso=443904
COUNTS id=[ 384, 4072 ] end=24832 piso=443904
COUNTS id=[ 384, 4073 ] end=20544 piso=536832
COUNTS id=[ 384, 4074 ] end=19264 piso=366336
COUNTS id=[ 384, 4075 ] end=114752 piso=1506816
COUNTS id=[ 384, 4076 ] end=61504 piso=941568
COUNTS id=[ 384, 4077 ] end=36928 piso=669696
COUNTS id=[ 384, 4078 ] end=22272 piso=2457600
COUNTS id=[ 384, 4079 ] end=26368 piso=821760
COUNTS id=[ 384, 4080 ] end=22272 piso=333312
COUNTS id=[ 384, 4081 ] end=20224 piso=325632
COUNTS id=[ 384, 4082 ] end=8896 piso=829152
COUNTS id=[ 384, 4083 ] end=10240 piso=234720
COUNTS id=[ 384, 4084 ] end=11072 piso=152064
COUNTS id=[ 384, 4085 ] end=34880 piso=520320
COUNTS id=[ 384, 4086 ] end=10304 piso=303744
COUNTS id=[ 384, 4087 ] end=7424 piso=148992
COUNTS id=[ 384, 4088 ] end=7424 piso=148992
COUNTS id=[ 384, 4089 ] end=8064 piso=240768
COUNTS id=[ 384, 4090 ] end=31872 piso=676992
COUNTS id=[ 384, 4091 ] end=29312 piso=230016
COUNTS id=[ 384, 4092 ] end=30208 piso=764160
COUNTS id=[ 384, 4093 ] end=49984 piso=1279968
COUNTS id=[ 384, 4094 ] end=11968 piso=792288
COUNTS id=[ 384, 4095 ] end=15232 piso=268416
COUNTS id=[ 384, 4096 ] end=6784 piso=339072
DONE checked=256 abelian=0 hits=0 reversed=0 skipped_abelian=0 closest=[ 384, 3971 ] min_ratio=9/5 runtime_ms=375110
