{"command": ["/project/gap-4.16.1/gap", "-l", "/project/gap-4.16.1", "-q", "-b", "-T", "-m", "128m", "-o", "4g", "-c", "START_ORDER:=384;;END_ORDER:=384;;START_ID:=13569;;END_ID:=13824;;SKIP_ABELIAN:=true;;LOG_ALL:=true;;", "/project/scripts/search_19_20.g"], "source_hashes": {"scripts/search_19_20.g": "7b6a34e9163b58b0248b3c464ae8070783414cd7d14048136dd0e3547b906318", "scripts/lib_19_20.g": "fbcf2d3c4b0648cc1fa87d6e50fc923133d594c029b8430a365caf596ac7ccd5"}}
PARAMETERS start=384 end=384 start_id=13569 end_id=13824 skip_abelian=true log_all=true
ORDER_START order=384 groups=20169
COUNTS id=[ 384, 13569 ] end=54528 piso=2701920
CLOSEST id=[ 384, 13569 ] end=54528 piso=2701920 ratio=28145/568
COUNTS id=[ 384, 13570 ] end=26880 piso=1453152
COUNTS id=[ 384, 13571 ] end=109824 piso=1905504
CLOSEST id=[ 384, 13571 ] end=109824 piso=1905504 ratio=19849/1144
COUNTS id=[ 384, 13572 ] end=154624 piso=2697216
COUNTS id=[ 384, 13573 ] end=80896 piso=1611264
COUNTS id=[ 384, 13574 ] end=37888 piso=2611200
COUNTS id=[ 384, 13575 ] end=185344 piso=2790912
CLOSEST id=[ 384, 13575 ] end=185344 piso=2790912 ratio=5451/362
COUNTS id=[ 384, 13576 ] end=53248 piso=1764480
COUNTS id=[ 384, 13577 ] end=102400 piso=1451136
CLOSEST id=[ 384, 13577 ] end=102400 piso=1451136 ratio=11337/800
COUNTS id=[ 384, 13578 ] end=117760 piso=1772544
COUNTS id=[ 384, 13579 ] end=53248 piso=999552
COUNTS id=[ 384, 13580 ] end=40192 piso=1963872
COUNTS id=[ 384, 13581 ] end=64768 piso=1145184
COUNTS id=[ 384, 13582 ] end=47872 piso=2304096
COUNTS id=[ 384, 13583 ] end=54016 piso=2701152
COUNTS id=[ 384, 13584 ] end=55552 piso=1398624
COUNTS id=[ 384, 13585 ] end=359424 piso=6122496
COUNTS id=[ 384, 13586 ] end=87040 piso=1648128
COUNTS id=[ 384, 13587 ] end=136192 piso=2488320
COUNTS id=[ 384, 13588 ] end=234496 piso=3648000
COUNTS id=[ 384, 13589 ] end=123904 piso=2013312
COUNTS id=[ 384, 13590 ] end=80896 piso=1552512
COUNTS id=[ 384, 13591 ] end=50176 piso=3910656
COUNTS id=[ 384, 13592 ] end=62464 piso=1110528
COUNTS id=[ 384, 13593 ] end=37888 piso=1545216
COUNTS id=[ 384, 13594 ] end=68608 piso=3070464
COUNTS id=[ 384, 13595 ] end=22528 piso=1291392
COUNTS id=[ 384, 13596 ] end=53248 piso=1127040
COUNTS id=[ 384, 13597 ] end=50176 piso=1806336
COUNTS id=[ 384, 13598 ] end=116992 piso=3363936
COUNTS id=[ 384, 13599 ] end=147712 piso=2134368
COUNTS id=[ 384, 13600 ] end=84736 piso=1849824
COUNTS id=[ 384, 13601 ] end=118528 piso=2040288
COUNTS id=[ 384, 13602 ] end=46336 piso=2943072
COUNTS id=[ 384, 13603 ] end=209152 piso=3774816
COUNTS id=[ 384, 13604 ] end=95488 piso=1936224
COUNTS id=[ 384, 13605 ] end=52480 piso=1339488
COUNTS id=[ 384, 13606 ] end=37120 piso=1202400
COUNTS id=[ 384, 13607 ] end=70912 piso=1144032
COUNTS id=[ 384, 13608 ] end=92416 piso=1456224
COUNTS id=[ 384, 13609 ] end=46336 piso=1192800
COUNTS id=[ 384, 13610 ] end=62464 piso=1144320
COUNTS id=[ 384, 13611 ] end=130048 piso=2007552
COUNTS id=[ 384, 13612 ] end=87040 piso=1209984
CLOSEST id=[ 384, 13612 ] end=87040 piso=1209984 ratio=9453/680
COUNTS id=[ 384, 13613 ] end=67840 piso=3119712
COUNTS id=[ 384, 13614 ] end=107776 piso=2905440
COUNTS id=[ 384, 13615 ] end=255232 piso=4455264
COUNTS id=[ 384, 13616 ] end=221440 piso=3026016
CLOSEST id=[ 384, 13616 ] end=221440 piso=3026016 ratio=94563/6920
COUNTS id=[ 384, 13617 ] end=80128 piso=1317216
COUNTS id=[ 384, 13618 ] end=18688 piso=2250336
COUNTS id=[ 384, 13619 ] end=60160 piso=2741088
COUNTS id=[ 384, 13620 ] end=476160 piso=5769216
CLOSEST id=[ 384, 13620 ] end=476160 piso=5769216 ratio=1878/155
COUNTS id=[ 384, 13621 ] end=156672 piso=2330112
COUNTS id=[ 384, 13622 ] end=568320 piso=7747584
COUNTS id=[ 384, 13623 ] end=52224 piso=1568256
COUNTS id=[ 384, 13624 ] end=479232 piso=3816576
CLOSEST id=[ 384, 13624 ] end=479232 piso=3816576 ratio=3313/416
COUNTS id=[ 384, 13625 ] end=73728 piso=1266816
COUNTS id=[ 384, 13626 ] end=101376 piso=1251456
COUNTS id=[ 384, 13627 ] end=51456 piso=1200480
COUNTS id=[ 384, 13628 ] end=82176 piso=2691936
COUNTS id=[ 384, 13629 ] end=220416 piso=4833120
COUNTS id=[ 384, 13630 ] end=77568 piso=1692768
COUNTS id=[ 384, 13631 ] end=221952 piso=3016032
COUNTS id=[ 384, 13632 ] end=66816 piso=2144352
COUNTS id=[ 384, 13633 ] end=39168 piso=1443168
COUNTS id=[ 384, 13634 ] end=705536 piso=8604672
COUNTS id=[ 384, 13635 ] end=70656 piso=1580544
COUNTS id=[ 384, 13636 ] end=482304 piso=5769216
COUNTS id=[ 384, 13637 ] end=218112 piso=3592704
COUNTS id=[ 384, 13638 ] end=470016 piso=3610752
CLOSEST id=[ 384, 13638 ] end=470016 piso=3610752 ratio=9403/1224
COUNTS id=[ 384, 13639 ] end=64512 piso=1454208
COUNTS id=[ 384, 13640 ] end=98304 piso=3935232
COUNTS id=[ 384, 13641 ] end=43008 piso=1104384
COUNTS id=[ 384, 13642 ] end=86016 piso=1483776
COUNTS id=[ 384, 13643 ] end=49152 piso=3076608
COUNTS id=[ 384, 13644 ] end=70656 piso=1162368
COUNTS id=[ 384, 13645 ] end=33792 piso=1099392
COUNTS id=[ 384, 13646 ] end=98304 piso=1539072
COUNTS id=[ 384, 13647 ] end=110592 piso=1721856
COUNTS id=[ 384, 13648 ] end=43008 piso=1147392
COUNTS id=[ 384, 13649 ] end=165888 piso=3256320
COUNTS id=[ 384, 13650 ] end=67584 piso=1084032
COUNTS id=[ 384, 13651 ] end=948480 piso=12094560
COUNTS id=[ 384, 13652 ] end=103680 piso=1635168
COUNTS id=[ 384, 13653 ] end=536832 piso=4680672
COUNTS id=[ 384, 13654 ] end=475392 piso=3496416
CLOSEST id=[ 384, 13654 ] end=475392 piso=3496416 ratio=36421/4952
COUNTS id=[ 384, 13655 ] end=973056 piso=13404768
COUNTS id=[ 384, 13656 ] end=69888 piso=1673568
COUNTS id=[ 384, 13657 ] end=76032 piso=1711968
COUNTS id=[ 384, 13658 ] end=100608 piso=1658976
COUNTS id=[ 384, 13659 ] end=97536 piso=1637088
COUNTS id=[ 384, 13660 ] end=51456 piso=944352
COUNTS id=[ 384, 13661 ] end=106752 piso=1599840
COUNTS id=[ 384, 13662 ] end=60672 piso=1175136
COUNTS id=[ 384, 13663 ] end=54528 piso=1162080
COUNTS id=[ 384, 13664 ] end=137472 piso=2191968
COUNTS id=[ 384, 13665 ] end=209664 piso=3217248
COUNTS id=[ 384, 13666 ] end=131328 piso=2575968
COUNTS id=[ 384, 13667 ] end=26880 piso=2154336
COUNTS id=[ 384, 13668 ] end=62464 piso=2611200
PROGRESS checked=100 hits=0 reversed=0 runtime_ms=249382
COUNTS id=[ 384, 13669 ] end=185344 piso=2790912
COUNTS id=[ 384, 13670 ] end=142336 piso=2697216
COUNTS id=[ 384, 13671 ] end=80896 piso=1611264
COUNTS id=[ 384, 13672 ] end=53248 piso=1764480
COUNTS id=[ 384, 13673 ] end=102400 piso=1451136
COUNTS id=[ 384, 13674 ] end=105472 piso=1757184
COUNTS id=[ 384, 13675 ] end=53248 piso=999552
COUNTS id=[ 384, 13676 ] end=67840 piso=2657376
COUNTS id=[ 384, 13677 ] end=37120 piso=1251936
COUNTS id=[ 384, 13678 ] end=115456 piso=4809312
COUNTS id=[ 384, 13679 ] end=215296 piso=2947680
COUNTS id=[ 384, 13680 ] end=60160 piso=2771808
COUNTS id=[ 384, 13681 ] end=35584 piso=2135136
COUNTS id=[ 384, 13682 ] end=359424 piso=6122496
COUNTS id=[ 384, 13683 ] end=87040 piso=1648128
COUNTS id=[ 384, 13684 ] end=136192 piso=2488320
COUNTS id=[ 384, 13685 ] end=234496 piso=3648000
COUNTS id=[ 384, 13686 ] end=123904 piso=2013312
COUNTS id=[ 384, 13687 ] end=80896 piso=1552512
COUNTS id=[ 384, 13688 ] end=50176 piso=3910656
COUNTS id=[ 384, 13689 ] end=62464 piso=1110528
COUNTS id=[ 384, 13690 ] end=37888 piso=1545216
COUNTS id=[ 384, 13691 ] end=68608 piso=3070464
COUNTS id=[ 384, 13692 ] end=22528 piso=1291392
COUNTS id=[ 384, 13693 ] end=53248 piso=1127040
COUNTS id=[ 384, 13694 ] end=74752 piso=1821696
COUNTS id=[ 384, 13695 ] end=64768 piso=3251040
COUNTS id=[ 384, 13696 ] end=181504 piso=2986080
COUNTS id=[ 384, 13697 ] end=146176 piso=2587872
COUNTS id=[ 384, 13698 ] end=84736 piso=1647840
COUNTS id=[ 384, 13699 ] end=80128 piso=2903904
COUNTS id=[ 384, 13700 ] end=147712 piso=2328672
COUNTS id=[ 384, 13701 ] end=58624 piso=1761888
COUNTS id=[ 384, 13702 ] end=80128 piso=1300320
COUNTS id=[ 384, 13703 ] end=83200 piso=1499616
COUNTS id=[ 384, 13704 ] end=37120 piso=1014240
COUNTS id=[ 384, 13705 ] end=46336 piso=1211232
COUNTS id=[ 384, 13706 ] end=80128 piso=1316448
COUNTS id=[ 384, 13707 ] end=130048 piso=2022912
COUNTS id=[ 384, 13708 ] end=62464 piso=1128960
COUNTS id=[ 384, 13709 ] end=87040 piso=1209984
COUNTS id=[ 384, 13710 ] end=107776 piso=1540704
COUNTS id=[ 384, 13711 ] end=46336 piso=1478496
COUNTS id=[ 384, 13712 ] end=64768 piso=1553760
COUNTS id=[ 384, 13713 ] end=83200 piso=2052192
COUNTS id=[ 384, 13714 ] end=49408 piso=2951520
COUNTS id=[ 384, 13715 ] end=80128 piso=1892448
COUNTS id=[ 384, 13716 ] end=73728 piso=1422336
COUNTS id=[ 384, 13717 ] end=482304 piso=6216192
COUNTS id=[ 384, 13718 ] end=73728 piso=1422336
COUNTS id=[ 384, 13719 ] end=482304 piso=6216192
COUNTS id=[ 384, 13720 ] end=110592 piso=1758336
COUNTS id=[ 384, 13721 ] end=43008 piso=1291392
COUNTS id=[ 384, 13722 ] end=519168 piso=4851840
COUNTS id=[ 384, 13723 ] end=451584 piso=3463296
COUNTS id=[ 384, 13724 ] end=104448 piso=1568256
COUNTS id=[ 384, 13725 ] end=104448 piso=1552896
COUNTS id=[ 384, 13726 ] end=82176 piso=1291872
COUNTS id=[ 384, 13727 ] end=54528 piso=1289568
COUNTS id=[ 384, 13728 ] end=131328 piso=2182752
COUNTS id=[ 384, 13729 ] end=103680 piso=1919328
COUNTS id=[ 384, 13730 ] end=45312 piso=1155936
COUNTS id=[ 384, 13731 ] end=17664 piso=1465440
COUNTS id=[ 384, 13732 ] end=77568 piso=1671264
COUNTS id=[ 384, 13733 ] end=48384 piso=1562976
COUNTS id=[ 384, 13734 ] end=209664 piso=3441504
COUNTS id=[ 384, 13735 ] end=186624 piso=3522144
COUNTS id=[ 384, 13736 ] end=45312 piso=1504608
COUNTS id=[ 384, 13737 ] end=45312 piso=1515360
COUNTS id=[ 384, 13738 ] end=71424 piso=1594464
COUNTS id=[ 384, 13739 ] end=71424 piso=1612896
COUNTS id=[ 384, 13740 ] end=492544 piso=6810624
COUNTS id=[ 384, 13741 ] end=70656 piso=1611264
COUNTS id=[ 384, 13742 ] end=482304 piso=5784576
COUNTS id=[ 384, 13743 ] end=52224 piso=1912320
COUNTS id=[ 384, 13744 ] end=476160 piso=3662976
COUNTS id=[ 384, 13745 ] end=476160 piso=3662976
COUNTS id=[ 384, 13746 ] end=70656 piso=1527936
COUNTS id=[ 384, 13747 ] end=70656 piso=1527936
COUNTS id=[ 384, 13748 ] end=79872 piso=1566720
COUNTS id=[ 384, 13749 ] end=36864 piso=1423872
COUNTS id=[ 384, 13750 ] end=79872 piso=1846272
COUNTS id=[ 384, 13751 ] end=36864 piso=1089024
COUNTS id=[ 384, 13752 ] end=70656 piso=1208448
COUNTS id=[ 384, 13753 ] end=70656 piso=1208448
COUNTS id=[ 384, 13754 ] end=33792 piso=1222272
COUNTS id=[ 384, 13755 ] end=33792 piso=1222272
COUNTS id=[ 384, 13756 ] end=67584 piso=1029120
COUNTS id=[ 384, 13757 ] end=67584 piso=1013760
COUNTS id=[ 384, 13758 ] end=101376 piso=1369728
COUNTS id=[ 384, 13759 ] end=33792 piso=1080960
COUNTS id=[ 384, 13760 ] end=147456 piso=2342016
COUNTS id=[ 384, 13761 ] end=73728 piso=1137792
COUNTS id=[ 384, 13762 ] end=475392 piso=3512928
COUNTS id=[ 384, 13763 ] end=509184 piso=4207968
COUNTS id=[ 384, 13764 ] end=94464 piso=1612512
COUNTS id=[ 384, 13765 ] end=930048 piso=11889888
COUNTS id=[ 384, 13766 ] end=60672 piso=1393632
COUNTS id=[ 384, 13767 ] end=963840 piso=13297632
COUNTS id=[ 384, 13768 ] end=509184 piso=4192608
PROGRESS checked=200 hits=0 reversed=0 runtime_ms=449159
COUNTS id=[ 384, 13769 ] end=475392 piso=3497568
COUNTS id=[ 384, 13770 ] end=51456 piso=1028448
COUNTS id=[ 384, 13771 ] end=88320 piso=1373280
COUNTS id=[ 384, 13772 ] end=63744 piso=1301472
COUNTS id=[ 384, 13773 ] end=97536 piso=1600224
COUNTS id=[ 384, 13774 ] end=85248 piso=1269216
COUNTS id=[ 384, 13775 ] end=51456 piso=1031904
COUNTS id=[ 384, 13776 ] end=51456 piso=1000800
COUNTS id=[ 384, 13777 ] end=88320 piso=1345632
COUNTS id=[ 384, 13778 ] end=79104 piso=1253472
COUNTS id=[ 384, 13779 ] end=51456 piso=1255776
COUNTS id=[ 384, 13780 ] end=102400 piso=1625088
COUNTS id=[ 384, 13781 ] end=56320 piso=2013696
COUNTS id=[ 384, 13782 ] end=102400 piso=1625088
COUNTS id=[ 384, 13783 ] end=56320 piso=2013696
COUNTS id=[ 384, 13784 ] end=139264 piso=2111616
COUNTS id=[ 384, 13785 ] end=71680 piso=1331328
COUNTS id=[ 384, 13786 ] end=93184 piso=2010240
COUNTS id=[ 384, 13787 ] end=25600 piso=2077824
COUNTS id=[ 384, 13788 ] end=56320 piso=1125888
COUNTS id=[ 384, 13789 ] end=56320 piso=1110528
COUNTS id=[ 384, 13790 ] end=93184 piso=1309824
COUNTS id=[ 384, 13791 ] end=67840 piso=1220448
COUNTS id=[ 384, 13792 ] end=40192 piso=1342560
COUNTS id=[ 384, 13793 ] end=98560 piso=1493088
COUNTS id=[ 384, 13794 ] end=70912 piso=1297248
COUNTS id=[ 384, 13795 ] end=40192 piso=1493856
COUNTS id=[ 384, 13796 ] end=12544 piso=2276448
COUNTS id=[ 384, 13797 ] end=64768 piso=1489248
COUNTS id=[ 384, 13798 ] end=47872 piso=2254944
COUNTS id=[ 384, 13799 ] end=83200 piso=2202720
COUNTS id=[ 384, 13800 ] end=60160 piso=2923872
COUNTS id=[ 384, 13801 ] end=61696 piso=1480032
COUNTS id=[ 384, 13802 ] end=41728 piso=2178144
COUNTS id=[ 384, 13803 ] end=41728 piso=2213472
COUNTS id=[ 384, 13804 ] end=146432 piso=2890752
COUNTS id=[ 384, 13805 ] end=87040 piso=1641984
COUNTS id=[ 384, 13806 ] end=136192 piso=2589696
COUNTS id=[ 384, 13807 ] end=68608 piso=2053632
COUNTS id=[ 384, 13808 ] end=130048 piso=2151552
COUNTS id=[ 384, 13809 ] end=130048 piso=2151552
COUNTS id=[ 384, 13810 ] end=87040 piso=1613952
COUNTS id=[ 384, 13811 ] end=87040 piso=1613952
COUNTS id=[ 384, 13812 ] end=31744 piso=1640448
COUNTS id=[ 384, 13813 ] end=56320 piso=1503744
COUNTS id=[ 384, 13814 ] end=31744 piso=1686528
COUNTS id=[ 384, 13815 ] end=56320 piso=1082880
COUNTS id=[ 384, 13816 ] end=22528 piso=1325184
COUNTS id=[ 384, 13817 ] end=22528 piso=1325184
COUNTS id=[ 384, 13818 ] end=53248 piso=1225344
COUNTS id=[ 384, 13819 ] end=53248 piso=1225344
COUNTS id=[ 384, 13820 ] end=31744 piso=1506432
COUNTS id=[ 384, 13821 ] end=84736 piso=1618272
COUNTS id=[ 384, 13822 ] end=118528 piso=1973856
COUNTS id=[ 384, 13823 ] end=172288 piso=2921952
COUNTS id=[ 384, 13824 ] end=37120 piso=2823648
DONE checked=256 abelian=0 hits=0 reversed=0 skipped_abelian=0 closest=[ 384, 13654 ] min_ratio=36421/4952 runtime_ms=555390
