{"command": ["/project/gap-4.16.1/gap", "-l", "/project/gap-4.16.1", "-q", "-b", "-T", "-m", "128m", "-o", "4g", "-c", "START_ORDER:=384;;END_ORDER:=384;;START_ID:=513;;END_ID:=768;;SKIP_ABELIAN:=true;;LOG_ALL:=true;;", "/project/scripts/search_19_20.g"], "source_hashes": {"scripts/search_19_20.g": "7b6a34e9163b58b0248b3c464ae8070783414cd7d14048136dd0e3547b906318", "scripts/lib_19_20.g": "fbcf2d3c4b0648cc1fa87d6e50fc923133d594c029b8430a365caf596ac7ccd5"}}
PARAMETERS start=384 end=384 start_id=513 end_id=768 skip_abelian=true log_all=true
ORDER_START order=384 groups=20169
COUNTS id=[ 384, 513 ] end=9216 piso=64512
CLOSEST id=[ 384, 513 ] end=9216 piso=64512 ratio=7
COUNTS id=[ 384, 514 ] end=7680 piso=32640
CLOSEST id=[ 384, 514 ] end=7680 piso=32640 ratio=17/4
COUNTS id=[ 384, 515 ] end=7680 piso=32640
COUNTS id=[ 384, 516 ] end=19200 piso=239616
COUNTS id=[ 384, 517 ] end=6912 piso=67584
COUNTS id=[ 384, 518 ] end=9984 piso=52224
COUNTS id=[ 384, 519 ] end=9984 piso=87552
COUNTS id=[ 384, 520 ] end=19200 piso=101376
COUNTS id=[ 384, 521 ] end=6912 piso=64512
COUNTS id=[ 384, 522 ] end=16128 piso=121344
COUNTS id=[ 384, 523 ] end=9984 piso=87552
COUNTS id=[ 384, 524 ] end=3840 piso=61440
COUNTS id=[ 384, 525 ] end=9984 piso=49152
COUNTS id=[ 384, 526 ] end=19968 piso=1331712
COUNTS id=[ 384, 527 ] end=18432 piso=144768
COUNTS id=[ 384, 528 ] end=6144 piso=117120
COUNTS id=[ 384, 529 ] end=27648 piso=1277952
COUNTS id=[ 384, 530 ] end=15360 piso=307200
COUNTS id=[ 384, 531 ] end=10752 piso=100224
ABELIAN_SKIPPED id=[ 384, 532 ] reason=known_equality
COUNTS id=[ 384, 533 ] end=4608 piso=6144
CLOSEST id=[ 384, 533 ] end=4608 piso=6144 ratio=4/3
COUNTS id=[ 384, 534 ] end=3072 piso=5376
COUNTS id=[ 384, 535 ] end=3072 piso=14592
COUNTS id=[ 384, 536 ] end=2304 piso=11520
COUNTS id=[ 384, 537 ] end=1920 piso=6624
COUNTS id=[ 384, 538 ] end=5184 piso=183168
COUNTS id=[ 384, 539 ] end=3264 piso=99072
COUNTS id=[ 384, 540 ] end=4032 piso=94464
COUNTS id=[ 384, 541 ] end=2112 piso=91008
COUNTS id=[ 384, 542 ] end=5568 piso=120192
COUNTS id=[ 384, 543 ] end=4032 piso=71040
COUNTS id=[ 384, 544 ] end=10560 piso=263424
COUNTS id=[ 384, 545 ] end=9024 piso=122112
COUNTS id=[ 384, 546 ] end=5184 piso=103680
COUNTS id=[ 384, 547 ] end=3648 piso=115968
COUNTS id=[ 384, 548 ] end=5952 piso=96384
COUNTS id=[ 384, 549 ] end=2112 piso=50304
COUNTS id=[ 384, 550 ] end=4032 piso=43776
COUNTS id=[ 384, 551 ] end=7776 piso=119040
COUNTS id=[ 384, 552 ] end=3936 piso=68352
COUNTS id=[ 384, 553 ] end=3936 piso=22272
COUNTS id=[ 384, 554 ] end=4320 piso=31872
COUNTS id=[ 384, 555 ] end=7392 piso=114048
COUNTS id=[ 384, 556 ] end=3552 piso=57216
COUNTS id=[ 384, 557 ] end=2304 piso=5376
COUNTS id=[ 384, 558 ] end=1536 piso=5376
COUNTS id=[ 384, 559 ] end=12384 piso=39168
COUNTS id=[ 384, 560 ] end=12384 piso=39168
COUNTS id=[ 384, 561 ] end=3168 piso=16896
COUNTS id=[ 384, 562 ] end=4704 piso=14208
ABELIAN_SKIPPED id=[ 384, 563 ] reason=known_equality
COUNTS id=[ 384, 564 ] end=1152 piso=1536
COUNTS id=[ 384, 565 ] end=13068 piso=62016
COUNTS id=[ 384, 566 ] end=6540 piso=28224
COUNTS id=[ 384, 567 ] end=6156 piso=49728
COUNTS id=[ 384, 568 ] end=3100 piso=100608
COUNTS id=[ 384, 569 ] end=776 piso=118272
COUNTS id=[ 384, 570 ] end=1592 piso=241152
COUNTS id=[ 384, 571 ] end=1792 piso=367872
COUNTS id=[ 384, 572 ] end=1696 piso=1278336
COUNTS id=[ 384, 573 ] end=832 piso=167808
COUNTS id=[ 384, 574 ] end=1792 piso=33700608
COUNTS id=[ 384, 575 ] end=1792 piso=137472
COUNTS id=[ 384, 576 ] end=928 piso=920832
COUNTS id=[ 384, 577 ] end=1696 piso=436224
COUNTS id=[ 384, 578 ] end=832 piso=150528
COUNTS id=[ 384, 579 ] end=1696 piso=392448
COUNTS id=[ 384, 580 ] end=1024 piso=29832
COUNTS id=[ 384, 581 ] end=1024 piso=13824
COUNTS id=[ 384, 582 ] end=448 piso=9096
COUNTS id=[ 384, 583 ] end=4224 piso=7240320
COUNTS id=[ 384, 584 ] end=16416 piso=38363136
COUNTS id=[ 384, 585 ] end=1920 piso=4222848
COUNTS id=[ 384, 586 ] end=2688 piso=4807296
COUNTS id=[ 384, 587 ] end=4224 piso=15887232
COUNTS id=[ 384, 588 ] end=16392 piso=184320
COUNTS id=[ 384, 589 ] end=7176 piso=86016
COUNTS id=[ 384, 590 ] end=10248 piso=110592
COUNTS id=[ 384, 591 ] end=7212 piso=1483392
COUNTS id=[ 384, 592 ] end=4116 piso=402048
COUNTS id=[ 384, 593 ] end=8724 piso=241152
COUNTS id=[ 384, 594 ] end=5652 piso=152064
COUNTS id=[ 384, 595 ] end=8772 piso=984576
COUNTS id=[ 384, 596 ] end=4224 piso=534528
COUNTS id=[ 384, 597 ] end=2112 piso=196224
COUNTS id=[ 384, 598 ] end=2064 piso=492672
COUNTS id=[ 384, 599 ] end=1032 piso=51456
COUNTS id=[ 384, 600 ] end=4224 piso=67292160
COUNTS id=[ 384, 601 ] end=2112 piso=2115456
COUNTS id=[ 384, 602 ] end=2688 piso=3731904
COUNTS id=[ 384, 603 ] end=2112 piso=1108032
COUNTS id=[ 384, 604 ] end=1920 piso=318720
COUNTS id=[ 384, 605 ] end=1344 piso=127872
COUNTS id=[ 384, 606 ] end=2688 piso=387072
COUNTS id=[ 384, 607 ] end=2112 piso=196224
COUNTS id=[ 384, 608 ] end=1056 piso=180480
COUNTS id=[ 384, 609 ] end=4128 piso=34598784
COUNTS id=[ 384, 610 ] end=3600 piso=530304
COUNTS id=[ 384, 611 ] end=2712 piso=515328
COUNTS id=[ 384, 612 ] end=1296 piso=512640
COUNTS id=[ 384, 613 ] end=1560 piso=380544
COUNTS id=[ 384, 614 ] end=1032 piso=153216
PROGRESS checked=100 hits=0 reversed=0 runtime_ms=77205
COUNTS id=[ 384, 615 ] end=1296 piso=216192
COUNTS id=[ 384, 616 ] end=1152 piso=16776
COUNTS id=[ 384, 617 ] end=1380 piso=465216
COUNTS id=[ 384, 618 ] end=588 piso=261696
COUNTS id=[ 384, 619 ] end=1152 piso=9984
COUNTS id=[ 384, 620 ] end=576 piso=5256
COUNTS id=[ 384, 621 ] end=458752 piso=1179648
COUNTS id=[ 384, 622 ] end=90112 piso=348672
COUNTS id=[ 384, 623 ] end=90112 piso=374784
COUNTS id=[ 384, 624 ] end=59392 piso=301056
COUNTS id=[ 384, 625 ] end=56320 piso=345600
COUNTS id=[ 384, 626 ] end=194560 piso=626688
COUNTS id=[ 384, 627 ] end=56320 piso=414720
COUNTS id=[ 384, 628 ] end=47872 piso=350208
COUNTS id=[ 384, 629 ] end=30208 piso=210432
COUNTS id=[ 384, 630 ] end=22528 piso=261120
COUNTS id=[ 384, 631 ] end=24832 piso=178176
COUNTS id=[ 384, 632 ] end=20224 piso=233472
COUNTS id=[ 384, 633 ] end=594496 piso=2640384
COUNTS id=[ 384, 634 ] end=304192 piso=2019840
COUNTS id=[ 384, 635 ] end=152128 piso=1165824
COUNTS id=[ 384, 636 ] end=304192 piso=2204160
COUNTS id=[ 384, 637 ] end=152128 piso=1350144
COUNTS id=[ 384, 638 ] end=2377792 piso=13459968
COUNTS id=[ 384, 639 ] end=147520 piso=1528320
COUNTS id=[ 384, 640 ] end=147520 piso=1712640
COUNTS id=[ 384, 641 ] end=589888 piso=3187200
COUNTS id=[ 384, 642 ] end=172032 piso=884736
COUNTS id=[ 384, 643 ] end=83968 piso=373248
COUNTS id=[ 384, 644 ] end=90112 piso=399360
COUNTS id=[ 384, 645 ] end=59392 piso=360960
COUNTS id=[ 384, 646 ] end=53248 piso=360960
COUNTS id=[ 384, 647 ] end=47104 piso=374784
COUNTS id=[ 384, 648 ] end=47104 piso=288768
COUNTS id=[ 384, 649 ] end=59392 piso=301056
COUNTS id=[ 384, 650 ] end=44032 piso=321024
COUNTS id=[ 384, 651 ] end=133120 piso=577536
COUNTS id=[ 384, 652 ] end=25600 piso=207360
COUNTS id=[ 384, 653 ] end=47104 piso=411648
COUNTS id=[ 384, 654 ] end=34048 piso=317952
COUNTS id=[ 384, 655 ] end=19456 piso=198144
COUNTS id=[ 384, 656 ] end=14848 piso=198144
COUNTS id=[ 384, 657 ] end=24832 piso=317952
COUNTS id=[ 384, 658 ] end=20224 piso=175104
COUNTS id=[ 384, 659 ] end=38656 piso=347136
COUNTS id=[ 384, 660 ] end=13312 piso=258048
COUNTS id=[ 384, 661 ] end=20992 piso=184320
COUNTS id=[ 384, 662 ] end=15616 piso=211968
COUNTS id=[ 384, 663 ] end=6400 piso=211968
COUNTS id=[ 384, 664 ] end=16384 piso=184320
COUNTS id=[ 384, 665 ] end=11008 piso=230400
COUNTS id=[ 384, 666 ] end=152128 piso=1347072
COUNTS id=[ 384, 667 ] end=230464 piso=2016768
COUNTS id=[ 384, 668 ] end=119872 piso=1709568
COUNTS id=[ 384, 669 ] end=78400 piso=1101312
COUNTS id=[ 384, 670 ] end=419392 piso=4394496
COUNTS id=[ 384, 671 ] end=73792 piso=1771008
COUNTS id=[ 384, 672 ] end=36928 piso=1402368
COUNTS id=[ 384, 673 ] end=78400 piso=1285632
COUNTS id=[ 384, 674 ] end=115264 piso=1469952
COUNTS id=[ 384, 675 ] end=110656 piso=1463808
COUNTS id=[ 384, 676 ] end=40960 piso=2150400
COUNTS id=[ 384, 677 ] end=77824 piso=4475904
COUNTS id=[ 384, 678 ] end=36864 piso=2150400
COUNTS id=[ 384, 679 ] end=73728 piso=4475904
COUNTS id=[ 384, 680 ] end=49152 piso=2393088
COUNTS id=[ 384, 681 ] end=24576 piso=850944
COUNTS id=[ 384, 682 ] end=163840 piso=16067712
COUNTS id=[ 384, 683 ] end=84736 piso=6216576
COUNTS id=[ 384, 684 ] end=83968 piso=5460096
COUNTS id=[ 384, 685 ] end=23296 piso=1694592
COUNTS id=[ 384, 686 ] end=74752 piso=4937856
COUNTS id=[ 384, 687 ] end=23296 piso=1089408
COUNTS id=[ 384, 688 ] end=74752 piso=5026944
COUNTS id=[ 384, 689 ] end=23296 piso=1193856
COUNTS id=[ 384, 690 ] end=83968 piso=5776512
COUNTS id=[ 384, 691 ] end=40960 piso=2578560
COUNTS id=[ 384, 692 ] end=13312 piso=1644672
COUNTS id=[ 384, 693 ] end=13312 piso=1782912
COUNTS id=[ 384, 694 ] end=229376 piso=305823744
COUNTS id=[ 384, 695 ] end=96256 piso=4586496
COUNTS id=[ 384, 696 ] end=208896 piso=305762304
COUNTS id=[ 384, 697 ] end=86016 piso=4525056
COUNTS id=[ 384, 698 ] end=55296 piso=2512896
COUNTS id=[ 384, 699 ] end=79872 piso=5677056
COUNTS id=[ 384, 700 ] end=55296 piso=2052096
COUNTS id=[ 384, 701 ] end=30720 piso=1575936
COUNTS id=[ 384, 702 ] end=51200 piso=2052096
COUNTS id=[ 384, 703 ] end=26624 piso=1575936
COUNTS id=[ 384, 704 ] end=17408 piso=893952
COUNTS id=[ 384, 705 ] end=35840 piso=1195008
COUNTS id=[ 384, 706 ] end=55808 piso=3705216
COUNTS id=[ 384, 707 ] end=103424 piso=4905600
COUNTS id=[ 384, 708 ] end=12800 piso=1395072
COUNTS id=[ 384, 709 ] end=41984 piso=2070144
COUNTS id=[ 384, 710 ] end=12800 piso=842112
COUNTS id=[ 384, 711 ] end=32768 piso=1421952
COUNTS id=[ 384, 712 ] end=12800 piso=753024
COUNTS id=[ 384, 713 ] end=32768 piso=1372800
COUNTS id=[ 384, 714 ] end=61952 piso=3507840
PROGRESS checked=200 hits=0 reversed=0 runtime_ms=226793
COUNTS id=[ 384, 715 ] end=37376 piso=1993344
COUNTS id=[ 384, 716 ] end=9728 piso=1117824
COUNTS id=[ 384, 717 ] end=9728 piso=1001088
COUNTS id=[ 384, 718 ] end=114688 piso=7372800
COUNTS id=[ 384, 719 ] end=110592 piso=5471232
COUNTS id=[ 384, 720 ] end=94208 piso=7311360
COUNTS id=[ 384, 721 ] end=100352 piso=5409792
COUNTS id=[ 384, 722 ] end=66560 piso=3692544
COUNTS id=[ 384, 723 ] end=48128 piso=2334720
COUNTS id=[ 384, 724 ] end=34304 piso=348288
COUNTS id=[ 384, 725 ] end=17408 piso=222336
COUNTS id=[ 384, 726 ] end=15872 piso=211584
COUNTS id=[ 384, 727 ] end=31232 piso=337536
COUNTS id=[ 384, 728 ] end=20736 piso=256128
COUNTS id=[ 384, 729 ] end=19200 piso=240768
COUNTS id=[ 384, 730 ] end=9216 piso=196224
COUNTS id=[ 384, 731 ] end=10752 piso=170112
COUNTS id=[ 384, 732 ] end=7680 piso=197760
COUNTS id=[ 384, 733 ] end=17664 piso=257664
COUNTS id=[ 384, 734 ] end=16128 piso=242304
COUNTS id=[ 384, 735 ] end=9216 piso=171648
COUNTS id=[ 384, 736 ] end=23808 piso=262272
COUNTS id=[ 384, 737 ] end=11520 piso=165504
COUNTS id=[ 384, 738 ] end=9984 piso=154752
COUNTS id=[ 384, 739 ] end=20736 piso=251520
COUNTS id=[ 384, 740 ] end=100352 piso=5274624
COUNTS id=[ 384, 741 ] end=33792 piso=850944
COUNTS id=[ 384, 742 ] end=33792 piso=821760
COUNTS id=[ 384, 743 ] end=86016 piso=5140992
COUNTS id=[ 384, 744 ] end=34816 piso=846336
COUNTS id=[ 384, 745 ] end=20992 piso=373248
COUNTS id=[ 384, 746 ] end=20992 piso=414720
COUNTS id=[ 384, 747 ] end=34816 piso=826368
COUNTS id=[ 384, 748 ] end=85504 piso=5145600
COUNTS id=[ 384, 749 ] end=24064 piso=780288
COUNTS id=[ 384, 750 ] end=33280 piso=852480
COUNTS id=[ 384, 751 ] end=85504 piso=5153280
COUNTS id=[ 384, 752 ] end=34816 piso=877056
COUNTS id=[ 384, 753 ] end=20992 piso=410112
COUNTS id=[ 384, 754 ] end=20992 piso=377856
COUNTS id=[ 384, 755 ] end=34816 piso=804864
COUNTS id=[ 384, 756 ] end=45120 piso=1285248
COUNTS id=[ 384, 757 ] end=20544 piso=905856
COUNTS id=[ 384, 758 ] end=128064 piso=11563392
COUNTS id=[ 384, 759 ] end=20544 piso=670080
COUNTS id=[ 384, 760 ] end=20544 piso=947328
COUNTS id=[ 384, 761 ] end=25152 piso=987264
COUNTS id=[ 384, 762 ] end=65856 piso=2365056
COUNTS id=[ 384, 763 ] end=36672 piso=2491776
COUNTS id=[ 384, 764 ] end=41280 piso=1346688
COUNTS id=[ 384, 765 ] end=10560 piso=2668416
COUNTS id=[ 384, 766 ] end=38208 piso=1302144
COUNTS id=[ 384, 767 ] end=19776 piso=822912
COUNTS id=[ 384, 768 ] end=19776 piso=2740608
DONE checked=254 abelian=0 hits=0 reversed=0 skipped_abelian=2 closest=[ 384, 533 ] min_ratio=4/3 runtime_ms=309201
