{"command": ["/project/gap-4.16.1/gap", "-l", "/project/gap-4.16.1", "-q", "-b", "-T", "-m", "128m", "-o", "4g", "-c", "START_ORDER:=384;;END_ORDER:=384;;START_ID:=13825;;END_ID:=14080;;SKIP_ABELIAN:=true;;LOG_ALL:=true;;", "/project/scripts/search_19_20.g"], "source_hashes": {"scripts/search_19_20.g": "7b6a34e9163b58b0248b3c464ae8070783414cd7d14048136dd0e3547b906318", "scripts/lib_19_20.g": "fbcf2d3c4b0648cc1fa87d6e50fc923133d594c029b8430a365caf596ac7ccd5"}}
PARAMETERS start=384 end=384 start_id=13825 end_id=14080 skip_abelian=true log_all=true
ORDER_START order=384 groups=20169
COUNTS id=[ 384, 13825 ] end=138496 piso=2087136
CLOSEST id=[ 384, 13825 ] end=138496 piso=2087136 ratio=65223/4328
COUNTS id=[ 384, 13826 ] end=70912 piso=2782944
COUNTS id=[ 384, 13827 ] end=118528 piso=1958496
COUNTS id=[ 384, 13828 ] end=84736 piso=1602912
COUNTS id=[ 384, 13829 ] end=40192 piso=1149024
COUNTS id=[ 384, 13830 ] end=70912 piso=1169760
COUNTS id=[ 384, 13831 ] end=37120 piso=1205472
COUNTS id=[ 384, 13832 ] end=70912 piso=1296864
COUNTS id=[ 384, 13833 ] end=37120 piso=1048032
COUNTS id=[ 384, 13834 ] end=70912 piso=1071840
COUNTS id=[ 384, 13835 ] end=70912 piso=1142112
COUNTS id=[ 384, 13836 ] end=40192 piso=1121376
COUNTS id=[ 384, 13837 ] end=87040 piso=1170432
CLOSEST id=[ 384, 13837 ] end=87040 piso=1170432 ratio=1143/85
COUNTS id=[ 384, 13838 ] end=87040 piso=1155072
CLOSEST id=[ 384, 13838 ] end=87040 piso=1155072 ratio=1128/85
COUNTS id=[ 384, 13839 ] end=120832 piso=1643136
COUNTS id=[ 384, 13840 ] end=53248 piso=1047168
COUNTS id=[ 384, 13841 ] end=64768 piso=1186656
COUNTS id=[ 384, 13842 ] end=61696 piso=1430880
COUNTS id=[ 384, 13843 ] end=37120 piso=1304160
COUNTS id=[ 384, 13844 ] end=560128 piso=7432704
CLOSEST id=[ 384, 13844 ] end=560128 piso=7432704 ratio=14517/1094
COUNTS id=[ 384, 13845 ] end=31744 piso=2279424
COUNTS id=[ 384, 13846 ] end=93184 piso=2664960
COUNTS id=[ 384, 13847 ] end=474112 piso=6162432
CLOSEST id=[ 384, 13847 ] end=474112 piso=6162432 ratio=6018/463
COUNTS id=[ 384, 13848 ] end=99328 piso=1520256
COUNTS id=[ 384, 13849 ] end=62464 piso=1256064
COUNTS id=[ 384, 13850 ] end=87040 piso=4414464
COUNTS id=[ 384, 13851 ] end=31744 piso=1611264
COUNTS id=[ 384, 13852 ] end=74752 piso=1916928
COUNTS id=[ 384, 13853 ] end=37888 piso=3604992
COUNTS id=[ 384, 13854 ] end=59392 piso=1206912
COUNTS id=[ 384, 13855 ] end=22528 piso=1308288
COUNTS id=[ 384, 13856 ] end=798720 piso=13974528
COUNTS id=[ 384, 13857 ] end=259072 piso=2876928
CLOSEST id=[ 384, 13857 ] end=259072 piso=2876928 ratio=5619/506
COUNTS id=[ 384, 13858 ] end=265216 piso=8154624
COUNTS id=[ 384, 13859 ] end=716800 piso=8131584
COUNTS id=[ 384, 13860 ] end=492544 piso=3984000
CLOSEST id=[ 384, 13860 ] end=492544 piso=3984000 ratio=31125/3848
COUNTS id=[ 384, 13861 ] end=80896 piso=1561728
COUNTS id=[ 384, 13862 ] end=716800 piso=8449536
COUNTS id=[ 384, 13863 ] end=517120 piso=4862592
COUNTS id=[ 384, 13864 ] end=123136 piso=1940448
COUNTS id=[ 384, 13865 ] end=464128 piso=3489504
CLOSEST id=[ 384, 13865 ] end=464128 piso=3489504 ratio=109047/14504
COUNTS id=[ 384, 13866 ] end=497920 piso=3906912
COUNTS id=[ 384, 13867 ] end=113920 piso=2366304
COUNTS id=[ 384, 13868 ] end=40192 piso=1049184
COUNTS id=[ 384, 13869 ] end=52480 piso=1263840
COUNTS id=[ 384, 13870 ] end=86272 piso=1473504
COUNTS id=[ 384, 13871 ] end=40192 piso=1087968
COUNTS id=[ 384, 13872 ] end=73984 piso=1146336
COUNTS id=[ 384, 13873 ] end=77056 piso=1224288
COUNTS id=[ 384, 13874 ] end=43264 piso=1141344
COUNTS id=[ 384, 13875 ] end=1245184 piso=21268992
COUNTS id=[ 384, 13876 ] end=738304 piso=9203712
COUNTS id=[ 384, 13877 ] end=99328 piso=2185344
COUNTS id=[ 384, 13878 ] end=986368 piso=12811872
COUNTS id=[ 384, 13879 ] end=921856 piso=11300832
COUNTS id=[ 384, 13880 ] end=246784 piso=3247104
COUNTS id=[ 384, 13881 ] end=44800 piso=1569888
COUNTS id=[ 384, 13882 ] end=87808 piso=2201568
COUNTS id=[ 384, 13883 ] end=92416 piso=1672800
COUNTS id=[ 384, 13884 ] end=105472 piso=2664960
COUNTS id=[ 384, 13885 ] end=474112 piso=6162432
COUNTS id=[ 384, 13886 ] end=535552 piso=7432704
COUNTS id=[ 384, 13887 ] end=31744 piso=2279424
COUNTS id=[ 384, 13888 ] end=99328 piso=1520256
COUNTS id=[ 384, 13889 ] end=62464 piso=1256064
COUNTS id=[ 384, 13890 ] end=87040 piso=4414464
COUNTS id=[ 384, 13891 ] end=37888 piso=3604992
COUNTS id=[ 384, 13892 ] end=59392 piso=1206912
COUNTS id=[ 384, 13893 ] end=22528 piso=1308288
COUNTS id=[ 384, 13894 ] end=31744 piso=1611264
COUNTS id=[ 384, 13895 ] end=74752 piso=1916928
COUNTS id=[ 384, 13896 ] end=58624 piso=1666656
COUNTS id=[ 384, 13897 ] end=86272 piso=1458144
COUNTS id=[ 384, 13898 ] end=40192 piso=1125600
COUNTS id=[ 384, 13899 ] end=798720 piso=13974528
COUNTS id=[ 384, 13900 ] end=259072 piso=2876928
COUNTS id=[ 384, 13901 ] end=265216 piso=8154624
COUNTS id=[ 384, 13902 ] end=716800 piso=8131584
COUNTS id=[ 384, 13903 ] end=492544 piso=3984000
COUNTS id=[ 384, 13904 ] end=80896 piso=1561728
COUNTS id=[ 384, 13905 ] end=729088 piso=8464896
COUNTS id=[ 384, 13906 ] end=517120 piso=4862592
COUNTS id=[ 384, 13907 ] end=507136 piso=4385760
COUNTS id=[ 384, 13908 ] end=89344 piso=1468128
COUNTS id=[ 384, 13909 ] end=464128 piso=3317856
CLOSEST id=[ 384, 13909 ] end=464128 piso=3317856 ratio=103683/14504
COUNTS id=[ 384, 13910 ] end=77056 piso=1294176
COUNTS id=[ 384, 13911 ] end=86272 piso=1432800
COUNTS id=[ 384, 13912 ] end=40192 piso=1001184
COUNTS id=[ 384, 13913 ] end=40192 piso=982368
COUNTS id=[ 384, 13914 ] end=89344 piso=1444704
COUNTS id=[ 384, 13915 ] end=738304 piso=9219072
COUNTS id=[ 384, 13916 ] end=1220608 piso=21253632
COUNTS id=[ 384, 13917 ] end=99328 piso=2185344
COUNTS id=[ 384, 13918 ] end=934144 piso=11479392
COUNTS id=[ 384, 13919 ] end=955648 piso=12508896
COUNTS id=[ 384, 13920 ] end=246784 piso=3231744
COUNTS id=[ 384, 13921 ] end=78592 piso=1641312
COUNTS id=[ 384, 13922 ] end=44800 piso=1890528
COUNTS id=[ 384, 13923 ] end=135424 piso=2558304
COUNTS id=[ 384, 13924 ] end=62464 piso=1437696
PROGRESS checked=100 hits=0 reversed=0 runtime_ms=266247
COUNTS id=[ 384, 13925 ] end=120832 piso=2145792
COUNTS id=[ 384, 13926 ] end=62464 piso=1437696
COUNTS id=[ 384, 13927 ] end=120832 piso=2145792
COUNTS id=[ 384, 13928 ] end=464896 piso=3865728
COUNTS id=[ 384, 13929 ] end=22528 piso=2123904
COUNTS id=[ 384, 13930 ] end=504832 piso=4698240
COUNTS id=[ 384, 13931 ] end=62464 piso=1911936
COUNTS id=[ 384, 13932 ] end=68608 piso=1582080
COUNTS id=[ 384, 13933 ] end=25600 piso=1205760
COUNTS id=[ 384, 13934 ] end=68608 piso=1560576
COUNTS id=[ 384, 13935 ] end=25600 piso=1184256
COUNTS id=[ 384, 13936 ] end=59392 piso=1271424
COUNTS id=[ 384, 13937 ] end=59392 piso=1271424
COUNTS id=[ 384, 13938 ] end=22528 piso=1357440
COUNTS id=[ 384, 13939 ] end=22528 piso=1357440
COUNTS id=[ 384, 13940 ] end=43264 piso=1176672
COUNTS id=[ 384, 13941 ] end=73984 piso=1167072
COUNTS id=[ 384, 13942 ] end=40192 piso=1001952
COUNTS id=[ 384, 13943 ] end=55552 piso=1341024
COUNTS id=[ 384, 13944 ] end=89344 piso=1536864
COUNTS id=[ 384, 13945 ] end=77056 piso=1324128
COUNTS id=[ 384, 13946 ] end=745472 piso=8297472
COUNTS id=[ 384, 13947 ] end=252928 piso=2843136
COUNTS id=[ 384, 13948 ] end=259072 piso=2855424
COUNTS id=[ 384, 13949 ] end=710656 piso=8162304
COUNTS id=[ 384, 13950 ] end=492544 piso=4039296
COUNTS id=[ 384, 13951 ] end=492544 piso=4039296
COUNTS id=[ 384, 13952 ] end=80896 piso=1699968
COUNTS id=[ 384, 13953 ] end=80896 piso=1699968
COUNTS id=[ 384, 13954 ] end=741376 piso=8649216
COUNTS id=[ 384, 13955 ] end=741376 piso=8633856
COUNTS id=[ 384, 13956 ] end=483328 piso=4412544
COUNTS id=[ 384, 13957 ] end=464128 piso=3390816
COUNTS id=[ 384, 13958 ] end=497920 piso=3999840
COUNTS id=[ 384, 13959 ] end=921856 piso=11329248
COUNTS id=[ 384, 13960 ] end=44800 piso=1787616
COUNTS id=[ 384, 13961 ] end=955648 piso=12560352
COUNTS id=[ 384, 13962 ] end=78592 piso=1868256
COUNTS id=[ 384, 13963 ] end=40192 piso=1064544
COUNTS id=[ 384, 13964 ] end=77056 piso=1332576
COUNTS id=[ 384, 13965 ] end=83200 piso=1510752
COUNTS id=[ 384, 13966 ] end=52480 piso=1352160
COUNTS id=[ 384, 13967 ] end=86272 piso=1572576
COUNTS id=[ 384, 13968 ] end=73984 piso=1168608
COUNTS id=[ 384, 13969 ] end=73984 piso=1195488
COUNTS id=[ 384, 13970 ] end=40192 piso=962016
COUNTS id=[ 384, 13971 ] end=40192 piso=991968
COUNTS id=[ 384, 13972 ] end=40192 piso=1059168
COUNTS id=[ 384, 13973 ] end=277504 piso=2909184
COUNTS id=[ 384, 13974 ] end=277504 piso=2893824
COUNTS id=[ 384, 13975 ] end=514048 piso=5089920
COUNTS id=[ 384, 13976 ] end=944128 piso=12968064
COUNTS id=[ 384, 13977 ] end=464128 piso=3371232
COUNTS id=[ 384, 13978 ] end=497920 piso=3969504
COUNTS id=[ 384, 13979 ] end=924928 piso=11373408
COUNTS id=[ 384, 13980 ] end=958720 piso=12589152
COUNTS id=[ 384, 13981 ] end=59392 piso=2057856
COUNTS id=[ 384, 13982 ] end=92416 piso=1582176
COUNTS id=[ 384, 13983 ] end=126208 piso=2043744
COUNTS id=[ 384, 13984 ] end=123136 piso=2013408
COUNTS id=[ 384, 13985 ] end=89344 piso=1518048
COUNTS id=[ 384, 13986 ] end=78592 piso=1685088
COUNTS id=[ 384, 13987 ] end=44800 piso=1593696
COUNTS id=[ 384, 13988 ] end=483328 piso=5933568
COUNTS id=[ 384, 13989 ] end=53248 piso=2113536
COUNTS id=[ 384, 13990 ] end=28672 piso=2935296
COUNTS id=[ 384, 13991 ] end=495616 piso=6463488
COUNTS id=[ 384, 13992 ] end=53248 piso=1200768
COUNTS id=[ 384, 13993 ] end=83968 piso=1259136
COUNTS id=[ 384, 13994 ] end=40960 piso=4445184
COUNTS id=[ 384, 13995 ] end=53248 piso=1543680
COUNTS id=[ 384, 13996 ] end=28672 piso=1787904
COUNTS id=[ 384, 13997 ] end=59392 piso=3414528
COUNTS id=[ 384, 13998 ] end=13312 piso=1421952
COUNTS id=[ 384, 13999 ] end=44032 piso=1188480
COUNTS id=[ 384, 14000 ] end=73984 piso=1260768
COUNTS id=[ 384, 14001 ] end=319488 piso=9790464
COUNTS id=[ 384, 14002 ] end=280576 piso=3018240
COUNTS id=[ 384, 14003 ] end=286720 piso=8308224
COUNTS id=[ 384, 14004 ] end=237568 piso=3456000
COUNTS id=[ 384, 14005 ] end=62464 piso=1652352
COUNTS id=[ 384, 14006 ] end=102400 piso=1675392
COUNTS id=[ 384, 14007 ] end=80896 piso=1910400
COUNTS id=[ 384, 14008 ] end=104704 piso=1531104
COUNTS id=[ 384, 14009 ] end=66304 piso=1720800
COUNTS id=[ 384, 14010 ] end=100096 piso=1635936
COUNTS id=[ 384, 14011 ] end=80128 piso=1623648
COUNTS id=[ 384, 14012 ] end=30976 piso=1140576
COUNTS id=[ 384, 14013 ] end=27904 piso=1107936
COUNTS id=[ 384, 14014 ] end=27904 piso=1087200
COUNTS id=[ 384, 14015 ] end=61696 piso=952032
COUNTS id=[ 384, 14016 ] end=61696 piso=999264
COUNTS id=[ 384, 14017 ] end=30976 piso=1137504
COUNTS id=[ 384, 14018 ] end=741376 piso=9417216
COUNTS id=[ 384, 14019 ] end=759808 piso=9990144
COUNTS id=[ 384, 14020 ] end=120832 piso=2446464
COUNTS id=[ 384, 14021 ] end=482560 piso=3736416
COUNTS id=[ 384, 14022 ] end=525568 piso=4907232
COUNTS id=[ 384, 14023 ] end=73984 piso=1518432
COUNTS id=[ 384, 14024 ] end=268288 piso=3271680
PROGRESS checked=200 hits=0 reversed=0 runtime_ms=474774
COUNTS id=[ 384, 14025 ] end=249856 piso=5027328
COUNTS id=[ 384, 14026 ] end=83200 piso=3206496
COUNTS id=[ 384, 14027 ] end=27904 piso=2660064
COUNTS id=[ 384, 14028 ] end=53248 piso=2935296
COUNTS id=[ 384, 14029 ] end=495616 piso=6463488
COUNTS id=[ 384, 14030 ] end=471040 piso=5933568
COUNTS id=[ 384, 14031 ] end=53248 piso=2113536
COUNTS id=[ 384, 14032 ] end=53248 piso=1200768
COUNTS id=[ 384, 14033 ] end=83968 piso=1259136
COUNTS id=[ 384, 14034 ] end=40960 piso=4445184
COUNTS id=[ 384, 14035 ] end=59392 piso=3414528
COUNTS id=[ 384, 14036 ] end=13312 piso=1421952
COUNTS id=[ 384, 14037 ] end=44032 piso=1188480
COUNTS id=[ 384, 14038 ] end=53248 piso=1543680
COUNTS id=[ 384, 14039 ] end=28672 piso=1787904
COUNTS id=[ 384, 14040 ] end=61696 piso=1067616
COUNTS id=[ 384, 14041 ] end=27904 piso=1123296
COUNTS id=[ 384, 14042 ] end=319488 piso=9790464
COUNTS id=[ 384, 14043 ] end=280576 piso=3018240
COUNTS id=[ 384, 14044 ] end=286720 piso=8308224
COUNTS id=[ 384, 14045 ] end=237568 piso=3456000
COUNTS id=[ 384, 14046 ] end=62464 piso=1652352
COUNTS id=[ 384, 14047 ] end=102400 piso=1675392
COUNTS id=[ 384, 14048 ] end=80896 piso=1910400
COUNTS id=[ 384, 14049 ] end=109312 piso=2216160
COUNTS id=[ 384, 14050 ] end=70912 piso=1244640
COUNTS id=[ 384, 14051 ] end=66304 piso=1410912
COUNTS id=[ 384, 14052 ] end=43264 piso=1604448
COUNTS id=[ 384, 14053 ] end=73984 piso=1230816
COUNTS id=[ 384, 14054 ] end=61696 piso=1097952
COUNTS id=[ 384, 14055 ] end=27904 piso=1020384
COUNTS id=[ 384, 14056 ] end=30976 piso=1078368
COUNTS id=[ 384, 14057 ] end=77056 piso=1236576
COUNTS id=[ 384, 14058 ] end=759808 piso=10005504
COUNTS id=[ 384, 14059 ] end=729088 piso=9401856
COUNTS id=[ 384, 14060 ] end=120832 piso=2446464
COUNTS id=[ 384, 14061 ] end=516352 piso=4500576
COUNTS id=[ 384, 14062 ] end=482560 piso=3866592
COUNTS id=[ 384, 14063 ] end=116992 piso=2282592
COUNTS id=[ 384, 14064 ] end=274432 piso=5042688
COUNTS id=[ 384, 14065 ] end=268288 piso=3256320
COUNTS id=[ 384, 14066 ] end=49408 piso=3236448
COUNTS id=[ 384, 14067 ] end=61696 piso=2533344
COUNTS id=[ 384, 14068 ] end=83968 piso=1462272
COUNTS id=[ 384, 14069 ] end=56320 piso=1537536
COUNTS id=[ 384, 14070 ] end=83968 piso=1462272
COUNTS id=[ 384, 14071 ] end=56320 piso=1537536
COUNTS id=[ 384, 14072 ] end=486400 piso=4129920
COUNTS id=[ 384, 14073 ] end=44032 piso=1951872
COUNTS id=[ 384, 14074 ] end=458752 piso=3693696
COUNTS id=[ 384, 14075 ] end=16384 piso=2216064
COUNTS id=[ 384, 14076 ] end=22528 piso=1717248
COUNTS id=[ 384, 14077 ] end=47104 piso=1107456
COUNTS id=[ 384, 14078 ] end=22528 piso=1695744
COUNTS id=[ 384, 14079 ] end=47104 piso=1085952
COUNTS id=[ 384, 14080 ] end=13312 piso=1431168
DONE checked=256 abelian=0 hits=0 reversed=0 skipped_abelian=0 closest=[ 384, 13909 ] min_ratio=103683/14504 runtime_ms=584469
