{"command": ["/project/gap-4.16.1/gap", "-l", "/project/gap-4.16.1", "-q", "-b", "-T", "-m", "128m", "-o", "4g", "-c", "START_ORDER:=384;;END_ORDER:=384;;START_ID:=11521;;END_ID:=11776;;SKIP_ABELIAN:=true;;LOG_ALL:=true;;", "/project/scripts/search_19_20.g"], "source_hashes": {"scripts/search_19_20.g": "7b6a34e9163b58b0248b3c464ae8070783414cd7d14048136dd0e3547b906318", "scripts/lib_19_20.g": "fbcf2d3c4b0648cc1fa87d6e50fc923133d594c029b8430a365caf596ac7ccd5"}}
PARAMETERS start=384 end=384 start_id=11521 end_id=11776 skip_abelian=true log_all=true
ORDER_START order=384 groups=20169
COUNTS id=[ 384, 11521 ] end=253952 piso=3820416
CLOSEST id=[ 384, 11521 ] end=253952 piso=3820416 ratio=29847/1984
COUNTS id=[ 384, 11522 ] end=217088 piso=2760192
CLOSEST id=[ 384, 11522 ] end=217088 piso=2760192 ratio=5391/424
COUNTS id=[ 384, 11523 ] end=613376 piso=4967808
CLOSEST id=[ 384, 11523 ] end=613376 piso=4967808 ratio=38811/4792
COUNTS id=[ 384, 11524 ] end=97280 piso=4599168
COUNTS id=[ 384, 11525 ] end=96256 piso=2506752
COUNTS id=[ 384, 11526 ] end=90112 piso=2120064
COUNTS id=[ 384, 11527 ] end=71680 piso=1462656
COUNTS id=[ 384, 11528 ] end=71680 piso=1713024
COUNTS id=[ 384, 11529 ] end=77824 piso=3809280
COUNTS id=[ 384, 11530 ] end=544768 piso=4313088
CLOSEST id=[ 384, 11530 ] end=544768 piso=4313088 ratio=1053/133
COUNTS id=[ 384, 11531 ] end=1171456 piso=113688576
COUNTS id=[ 384, 11532 ] end=1548288 piso=24834048
COUNTS id=[ 384, 11533 ] end=362496 piso=17496960
COUNTS id=[ 384, 11534 ] end=375808 piso=113146368
COUNTS id=[ 384, 11535 ] end=1125376 piso=26061312
COUNTS id=[ 384, 11536 ] end=790528 piso=21481344
COUNTS id=[ 384, 11537 ] end=157696 piso=20946816
COUNTS id=[ 384, 11538 ] end=295936 piso=3294720
COUNTS id=[ 384, 11539 ] end=581632 piso=5222784
COUNTS id=[ 384, 11540 ] end=96256 piso=3176832
COUNTS id=[ 384, 11541 ] end=237568 piso=3244032
COUNTS id=[ 384, 11542 ] end=27904 piso=1884768
COUNTS id=[ 384, 11543 ] end=66304 piso=1257312
COUNTS id=[ 384, 11544 ] end=61696 piso=1816416
COUNTS id=[ 384, 11545 ] end=100096 piso=1517664
COUNTS id=[ 384, 11546 ] end=100096 piso=1442016
COUNTS id=[ 384, 11547 ] end=66304 piso=1170912
COUNTS id=[ 384, 11548 ] end=30976 piso=2102496
COUNTS id=[ 384, 11549 ] end=64768 piso=1991136
COUNTS id=[ 384, 11550 ] end=120832 piso=3635712
COUNTS id=[ 384, 11551 ] end=550912 piso=5011968
COUNTS id=[ 384, 11552 ] end=550912 piso=5122944
COUNTS id=[ 384, 11553 ] end=83968 piso=3402624
COUNTS id=[ 384, 11554 ] end=120832 piso=1393152
COUNTS id=[ 384, 11555 ] end=120832 piso=1393152
COUNTS id=[ 384, 11556 ] end=102400 piso=1241088
COUNTS id=[ 384, 11557 ] end=1916928 piso=31002624
COUNTS id=[ 384, 11558 ] end=1503232 piso=19169280
COUNTS id=[ 384, 11559 ] end=510976 piso=10301952
COUNTS id=[ 384, 11560 ] end=3014656 piso=66243072
COUNTS id=[ 384, 11561 ] end=1982464 piso=33133056
COUNTS id=[ 384, 11562 ] end=424960 piso=11761152
COUNTS id=[ 384, 11563 ] end=667648 piso=21348864
COUNTS id=[ 384, 11564 ] end=126976 piso=23063040
COUNTS id=[ 384, 11565 ] end=95232 piso=1183104
COUNTS id=[ 384, 11566 ] end=95232 piso=1196928
COUNTS id=[ 384, 11567 ] end=1517568 piso=19381248
COUNTS id=[ 384, 11568 ] end=523264 piso=10504704
COUNTS id=[ 384, 11569 ] end=2080768 piso=35288064
COUNTS id=[ 384, 11570 ] end=990208 piso=16100352
COUNTS id=[ 384, 11571 ] end=357376 piso=11381760
COUNTS id=[ 384, 11572 ] end=133120 piso=18914304
COUNTS id=[ 384, 11573 ] end=1114112 piso=10469376
COUNTS id=[ 384, 11574 ] end=1048576 piso=10469376
COUNTS id=[ 384, 11575 ] end=606208 piso=2519040
CLOSEST id=[ 384, 11575 ] end=606208 piso=2519040 ratio=615/148
COUNTS id=[ 384, 11576 ] end=157696 piso=984576
COUNTS id=[ 384, 11577 ] end=1900544 piso=10447872
COUNTS id=[ 384, 11578 ] end=1024000 piso=7289856
COUNTS id=[ 384, 11579 ] end=1245184 piso=7203840
COUNTS id=[ 384, 11580 ] end=200704 piso=1683456
COUNTS id=[ 384, 11581 ] end=524288 piso=2780160
COUNTS id=[ 384, 11582 ] end=360448 piso=2190336
COUNTS id=[ 384, 11583 ] end=311296 piso=2092032
COUNTS id=[ 384, 11584 ] end=77824 piso=927744
COUNTS id=[ 384, 11585 ] end=2555904 piso=16515072
COUNTS id=[ 384, 11586 ] end=1441792 piso=12189696
COUNTS id=[ 384, 11587 ] end=655360 piso=4386816
COUNTS id=[ 384, 11588 ] end=200704 piso=1820160
COUNTS id=[ 384, 11589 ] end=272384 piso=1221120
COUNTS id=[ 384, 11590 ] end=163840 piso=969216
COUNTS id=[ 384, 11591 ] end=139264 piso=929280
COUNTS id=[ 384, 11592 ] end=80896 piso=571392
COUNTS id=[ 384, 11593 ] end=80896 piso=571392
COUNTS id=[ 384, 11594 ] end=2830336 piso=40270848
COUNTS id=[ 384, 11595 ] end=1110016 piso=11516928
COUNTS id=[ 384, 11596 ] end=1183744 piso=15989760
COUNTS id=[ 384, 11597 ] end=219136 piso=2747904
COUNTS id=[ 384, 11598 ] end=937984 piso=10042368
COUNTS id=[ 384, 11599 ] end=937984 piso=10042368
COUNTS id=[ 384, 11600 ] end=643072 piso=7461888
COUNTS id=[ 384, 11601 ] end=90112 piso=1678848
COUNTS id=[ 384, 11602 ] end=323584 piso=3796992
COUNTS id=[ 384, 11603 ] end=163840 piso=1886208
COUNTS id=[ 384, 11604 ] end=142336 piso=1772544
COUNTS id=[ 384, 11605 ] end=56320 piso=1311744
COUNTS id=[ 384, 11606 ] end=90112 piso=1179648
COUNTS id=[ 384, 11607 ] end=2019328 piso=23043072
COUNTS id=[ 384, 11608 ] end=888832 piso=11099136
COUNTS id=[ 384, 11609 ] end=667648 piso=7756800
COUNTS id=[ 384, 11610 ] end=520192 piso=7904256
COUNTS id=[ 384, 11611 ] end=520192 piso=7904256
COUNTS id=[ 384, 11612 ] end=225280 piso=3554304
COUNTS id=[ 384, 11613 ] end=151552 piso=2543616
COUNTS id=[ 384, 11614 ] end=917504 piso=10027008
COUNTS id=[ 384, 11615 ] end=557056 piso=2469888
COUNTS id=[ 384, 11616 ] end=157696 piso=1009152
COUNTS id=[ 384, 11617 ] end=249856 piso=1855488
COUNTS id=[ 384, 11618 ] end=188416 piso=1855488
COUNTS id=[ 384, 11619 ] end=1026048 piso=6577152
COUNTS id=[ 384, 11620 ] end=96256 piso=1075200
PROGRESS checked=100 hits=0 reversed=0 runtime_ms=335952
COUNTS id=[ 384, 11621 ] end=96256 piso=1075200
COUNTS id=[ 384, 11622 ] end=251904 piso=1920000
COUNTS id=[ 384, 11623 ] end=1277952 piso=11747328
COUNTS id=[ 384, 11624 ] end=581632 piso=3796992
COUNTS id=[ 384, 11625 ] end=200704 piso=1869312
COUNTS id=[ 384, 11626 ] end=141312 piso=913920
COUNTS id=[ 384, 11627 ] end=141312 piso=1021440
COUNTS id=[ 384, 11628 ] end=165888 piso=1138176
COUNTS id=[ 384, 11629 ] end=80896 piso=556032
COUNTS id=[ 384, 11630 ] end=80896 piso=556032
COUNTS id=[ 384, 11631 ] end=710656 piso=8426496
COUNTS id=[ 384, 11632 ] end=1619968 piso=21861888
COUNTS id=[ 384, 11633 ] end=194560 piso=5174784
COUNTS id=[ 384, 11634 ] end=600064 piso=5432832
COUNTS id=[ 384, 11635 ] end=557056 piso=6183936
COUNTS id=[ 384, 11636 ] end=231424 piso=4437504
COUNTS id=[ 384, 11637 ] end=83968 piso=2201088
COUNTS id=[ 384, 11638 ] end=142336 piso=1766400
COUNTS id=[ 384, 11639 ] end=56320 piso=1305600
COUNTS id=[ 384, 11640 ] end=249856 piso=3790848
COUNTS id=[ 384, 11641 ] end=126976 piso=1880064
COUNTS id=[ 384, 11642 ] end=90112 piso=1173504
COUNTS id=[ 384, 11643 ] end=194560 piso=3290112
COUNTS id=[ 384, 11644 ] end=139264 piso=3062784
COUNTS id=[ 384, 11645 ] end=77824 piso=2537472
COUNTS id=[ 384, 11646 ] end=176128 piso=1181184
COUNTS id=[ 384, 11647 ] end=176128 piso=1181184
COUNTS id=[ 384, 11648 ] end=544768 piso=2304000
COUNTS id=[ 384, 11649 ] end=537600 piso=3663360
COUNTS id=[ 384, 11650 ] end=519168 piso=2790912
COUNTS id=[ 384, 11651 ] end=519168 piso=2658816
COUNTS id=[ 384, 11652 ] end=98304 piso=1001472
COUNTS id=[ 384, 11653 ] end=98304 piso=1001472
COUNTS id=[ 384, 11654 ] end=86016 piso=903168
COUNTS id=[ 384, 11655 ] end=638976 piso=4435968
COUNTS id=[ 384, 11656 ] end=593920 piso=3895296
COUNTS id=[ 384, 11657 ] end=194560 piso=1906176
COUNTS id=[ 384, 11658 ] end=95232 piso=594432
COUNTS id=[ 384, 11659 ] end=95232 piso=560640
COUNTS id=[ 384, 11660 ] end=95232 piso=594432
COUNTS id=[ 384, 11661 ] end=95232 piso=560640
COUNTS id=[ 384, 11662 ] end=1183744 piso=14403456
COUNTS id=[ 384, 11663 ] end=600064 piso=5777280
COUNTS id=[ 384, 11664 ] end=692224 piso=5803392
COUNTS id=[ 384, 11665 ] end=108544 piso=2712960
COUNTS id=[ 384, 11666 ] end=538624 piso=4138368
COUNTS id=[ 384, 11667 ] end=90112 piso=1795968
COUNTS id=[ 384, 11668 ] end=90112 piso=1795968
COUNTS id=[ 384, 11669 ] end=133120 piso=1488768
COUNTS id=[ 384, 11670 ] end=47104 piso=1193856
COUNTS id=[ 384, 11671 ] end=212992 piso=2740608
COUNTS id=[ 384, 11672 ] end=108544 piso=1364352
COUNTS id=[ 384, 11673 ] end=90112 piso=1370496
COUNTS id=[ 384, 11674 ] end=90112 piso=1370496
COUNTS id=[ 384, 11675 ] end=667648 piso=6195072
COUNTS id=[ 384, 11676 ] end=83968 piso=4941696
COUNTS id=[ 384, 11677 ] end=120832 piso=2620800
COUNTS id=[ 384, 11678 ] end=40960 piso=1929600
COUNTS id=[ 384, 11679 ] end=1179648 piso=7839744
COUNTS id=[ 384, 11680 ] end=393216 piso=6832128
COUNTS id=[ 384, 11681 ] end=2162688 piso=21774336
COUNTS id=[ 384, 11682 ] end=316416 piso=2316672
COUNTS id=[ 384, 11683 ] end=1675264 piso=13197312
COUNTS id=[ 384, 11684 ] end=397312 piso=4497408
COUNTS id=[ 384, 11685 ] end=741376 piso=4927488
COUNTS id=[ 384, 11686 ] end=212992 piso=2264448
COUNTS id=[ 384, 11687 ] end=360448 piso=3818496
COUNTS id=[ 384, 11688 ] end=114688 piso=1633152
COUNTS id=[ 384, 11689 ] end=3833856 piso=25952256
COUNTS id=[ 384, 11690 ] end=950272 piso=6438912
COUNTS id=[ 384, 11691 ] end=1540096 piso=9646080
COUNTS id=[ 384, 11692 ] end=372736 piso=2445696
COUNTS id=[ 384, 11693 ] end=1196032 piso=11206656
COUNTS id=[ 384, 11694 ] end=2080768 piso=25780224
COUNTS id=[ 384, 11695 ] end=507904 piso=7004160
COUNTS id=[ 384, 11696 ] end=268288 piso=2884992
COUNTS id=[ 384, 11697 ] end=409600 piso=9667584
COUNTS id=[ 384, 11698 ] end=851968 piso=9446400
COUNTS id=[ 384, 11699 ] end=901120 piso=14853120
COUNTS id=[ 384, 11700 ] end=89344 piso=1516512
COUNTS id=[ 384, 11701 ] end=61696 piso=969696
COUNTS id=[ 384, 11702 ] end=27904 piso=1079136
COUNTS id=[ 384, 11703 ] end=116992 piso=1490784
COUNTS id=[ 384, 11704 ] end=790528 piso=9040896
COUNTS id=[ 384, 11705 ] end=593920 piso=6902784
COUNTS id=[ 384, 11706 ] end=90112 piso=1427328
COUNTS id=[ 384, 11707 ] end=421888 piso=7074816
COUNTS id=[ 384, 11708 ] end=225280 piso=3118080
COUNTS id=[ 384, 11709 ] end=2260992 piso=21774336
COUNTS id=[ 384, 11710 ] end=491520 piso=6832128
COUNTS id=[ 384, 11711 ] end=1130496 piso=7839744
COUNTS id=[ 384, 11712 ] end=316416 piso=2316672
COUNTS id=[ 384, 11713 ] end=1675264 piso=13197312
COUNTS id=[ 384, 11714 ] end=741376 piso=4927488
COUNTS id=[ 384, 11715 ] end=212992 piso=2264448
COUNTS id=[ 384, 11716 ] end=851968 piso=9446400
COUNTS id=[ 384, 11717 ] end=114688 piso=1633152
COUNTS id=[ 384, 11718 ] end=397312 piso=4497408
COUNTS id=[ 384, 11719 ] end=3833856 piso=25952256
COUNTS id=[ 384, 11720 ] end=950272 piso=6438912
PROGRESS checked=200 hits=0 reversed=0 runtime_ms=596830
COUNTS id=[ 384, 11721 ] end=1540096 piso=9646080
COUNTS id=[ 384, 11722 ] end=372736 piso=2445696
COUNTS id=[ 384, 11723 ] end=2179072 piso=26591232
COUNTS id=[ 384, 11724 ] end=606208 piso=7815168
COUNTS id=[ 384, 11725 ] end=1146880 piso=10395648
COUNTS id=[ 384, 11726 ] end=268288 piso=2884992
COUNTS id=[ 384, 11727 ] end=901120 piso=14853120
COUNTS id=[ 384, 11728 ] end=360448 piso=3818496
COUNTS id=[ 384, 11729 ] end=409600 piso=9667584
COUNTS id=[ 384, 11730 ] end=160000 piso=2438880
COUNTS id=[ 384, 11731 ] end=37120 piso=1136352
COUNTS id=[ 384, 11732 ] end=49408 piso=1591008
COUNTS id=[ 384, 11733 ] end=104704 piso=1382112
COUNTS id=[ 384, 11734 ] end=83200 piso=1172064
COUNTS id=[ 384, 11735 ] end=61696 piso=1024608
COUNTS id=[ 384, 11736 ] end=790528 piso=9040896
COUNTS id=[ 384, 11737 ] end=593920 piso=6902784
COUNTS id=[ 384, 11738 ] end=90112 piso=1427328
COUNTS id=[ 384, 11739 ] end=421888 piso=7074816
COUNTS id=[ 384, 11740 ] end=225280 piso=3118080
COUNTS id=[ 384, 11741 ] end=335872 piso=2715648
COUNTS id=[ 384, 11742 ] end=323584 piso=2715648
COUNTS id=[ 384, 11743 ] end=1217536 piso=13501824
COUNTS id=[ 384, 11744 ] end=640000 piso=5084544
COUNTS id=[ 384, 11745 ] end=136192 piso=5748096
COUNTS id=[ 384, 11746 ] end=212992 piso=2396160
COUNTS id=[ 384, 11747 ] end=212992 piso=2396160
COUNTS id=[ 384, 11748 ] end=200704 piso=2375040
COUNTS id=[ 384, 11749 ] end=200704 piso=2375040
COUNTS id=[ 384, 11750 ] end=520192 piso=4679040
COUNTS id=[ 384, 11751 ] end=71680 piso=1938816
COUNTS id=[ 384, 11752 ] end=851968 piso=5996544
COUNTS id=[ 384, 11753 ] end=712704 piso=4792320
COUNTS id=[ 384, 11754 ] end=430080 piso=2728320
COUNTS id=[ 384, 11755 ] end=430080 piso=2728320
COUNTS id=[ 384, 11756 ] end=415744 piso=4632576
COUNTS id=[ 384, 11757 ] end=403456 piso=3821568
COUNTS id=[ 384, 11758 ] end=667648 piso=5659008
COUNTS id=[ 384, 11759 ] end=1288192 piso=15630720
COUNTS id=[ 384, 11760 ] end=120832 piso=4743552
COUNTS id=[ 384, 11761 ] end=277504 piso=2944512
COUNTS id=[ 384, 11762 ] end=37120 piso=1171680
COUNTS id=[ 384, 11763 ] end=61696 piso=1049568
COUNTS id=[ 384, 11764 ] end=104704 piso=1500384
COUNTS id=[ 384, 11765 ] end=64768 piso=1138656
COUNTS id=[ 384, 11766 ] end=110848 piso=1646304
COUNTS id=[ 384, 11767 ] end=43264 piso=1369824
COUNTS id=[ 384, 11768 ] end=95488 piso=1296480
COUNTS id=[ 384, 11769 ] end=61696 piso=988512
COUNTS id=[ 384, 11770 ] end=27904 piso=1021536
COUNTS id=[ 384, 11771 ] end=61696 piso=962400
COUNTS id=[ 384, 11772 ] end=83968 piso=1562112
COUNTS id=[ 384, 11773 ] end=489472 piso=3984768
COUNTS id=[ 384, 11774 ] end=120832 piso=2430336
COUNTS id=[ 384, 11775 ] end=1101824 piso=7509504
COUNTS id=[ 384, 11776 ] end=217088 piso=3012096
DONE checked=256 abelian=0 hits=0 reversed=0 skipped_abelian=0 closest=[ 384, 11575 ] min_ratio=615/148 runtime_ms=730705
