{"command": ["/project/gap-4.16.1/gap", "-l", "/project/gap-4.16.1", "-q", "-b", "-T", "-m", "128m", "-o", "4g", "-c", "START_ORDER:=384;;END_ORDER:=384;;START_ID:=8193;;END_ID:=8448;;SKIP_ABELIAN:=true;;LOG_ALL:=true;;", "/project/scripts/search_19_20.g"], "source_hashes": {"scripts/search_19_20.g": "7b6a34e9163b58b0248b3c464ae8070783414cd7d14048136dd0e3547b906318", "scripts/lib_19_20.g": "fbcf2d3c4b0648cc1fa87d6e50fc923133d594c029b8430a365caf596ac7ccd5"}}
PARAMETERS start=384 end=384 start_id=8193 end_id=8448 skip_abelian=true log_all=true
ORDER_START order=384 groups=20169
COUNTS id=[ 384, 8193 ] end=225280 piso=5531136
CLOSEST id=[ 384, 8193 ] end=225280 piso=5531136 ratio=10803/440
COUNTS id=[ 384, 8194 ] end=225280 piso=5417472
CLOSEST id=[ 384, 8194 ] end=225280 piso=5417472 ratio=10581/440
COUNTS id=[ 384, 8195 ] end=421888 piso=7282176
CLOSEST id=[ 384, 8195 ] end=421888 piso=7282176 ratio=14223/824
COUNTS id=[ 384, 8196 ] end=323584 piso=4910592
CLOSEST id=[ 384, 8196 ] end=323584 piso=4910592 ratio=9591/632
COUNTS id=[ 384, 8197 ] end=323584 piso=4959744
COUNTS id=[ 384, 8198 ] end=323584 piso=4953600
COUNTS id=[ 384, 8199 ] end=323584 piso=4904448
CLOSEST id=[ 384, 8199 ] end=323584 piso=4904448 ratio=9579/632
COUNTS id=[ 384, 8200 ] end=102400 piso=3801600
COUNTS id=[ 384, 8201 ] end=102400 piso=3783168
COUNTS id=[ 384, 8202 ] end=102400 piso=3780096
COUNTS id=[ 384, 8203 ] end=102400 piso=3783168
COUNTS id=[ 384, 8204 ] end=102400 piso=3804672
COUNTS id=[ 384, 8205 ] end=311296 piso=5240832
COUNTS id=[ 384, 8206 ] end=311296 piso=5787648
COUNTS id=[ 384, 8207 ] end=311296 piso=5237760
COUNTS id=[ 384, 8208 ] end=311296 piso=5231616
COUNTS id=[ 384, 8209 ] end=102400 piso=3746304
COUNTS id=[ 384, 8210 ] end=102400 piso=3724800
COUNTS id=[ 384, 8211 ] end=102400 piso=3715584
COUNTS id=[ 384, 8212 ] end=102400 piso=3715584
COUNTS id=[ 384, 8213 ] end=102400 piso=3740160
COUNTS id=[ 384, 8214 ] end=311296 piso=5234688
COUNTS id=[ 384, 8215 ] end=311296 piso=5265408
COUNTS id=[ 384, 8216 ] end=311296 piso=5766144
COUNTS id=[ 384, 8217 ] end=311296 piso=5237760
COUNTS id=[ 384, 8218 ] end=114688 piso=6114816
COUNTS id=[ 384, 8219 ] end=335872 piso=6629376
COUNTS id=[ 384, 8220 ] end=335872 piso=6070272
COUNTS id=[ 384, 8221 ] end=593920 piso=11034624
COUNTS id=[ 384, 8222 ] end=593920 piso=10610688
COUNTS id=[ 384, 8223 ] end=606208 piso=11280384
COUNTS id=[ 384, 8224 ] end=114688 piso=4872192
COUNTS id=[ 384, 8225 ] end=114688 piso=4866048
COUNTS id=[ 384, 8226 ] end=606208 piso=9879552
COUNTS id=[ 384, 8227 ] end=114688 piso=5996544
COUNTS id=[ 384, 8228 ] end=372736 piso=7171584
COUNTS id=[ 384, 8229 ] end=114688 piso=4832256
COUNTS id=[ 384, 8230 ] end=102400 piso=3793920
COUNTS id=[ 384, 8231 ] end=102400 piso=3796992
COUNTS id=[ 384, 8232 ] end=102400 piso=3790848
COUNTS id=[ 384, 8233 ] end=311296 piso=4631040
CLOSEST id=[ 384, 8233 ] end=311296 piso=4631040 ratio=9045/608
COUNTS id=[ 384, 8234 ] end=311296 piso=4609536
CLOSEST id=[ 384, 8234 ] end=311296 piso=4609536 ratio=9003/608
COUNTS id=[ 384, 8235 ] end=311296 piso=5666304
COUNTS id=[ 384, 8236 ] end=102400 piso=3629568
COUNTS id=[ 384, 8237 ] end=102400 piso=3635712
COUNTS id=[ 384, 8238 ] end=102400 piso=3638784
COUNTS id=[ 384, 8239 ] end=606208 piso=9110016
COUNTS id=[ 384, 8240 ] end=114688 piso=4901376
COUNTS id=[ 384, 8241 ] end=716800 piso=12323328
COUNTS id=[ 384, 8242 ] end=360448 piso=9142272
COUNTS id=[ 384, 8243 ] end=483328 piso=12209664
COUNTS id=[ 384, 8244 ] end=372736 piso=9885696
COUNTS id=[ 384, 8245 ] end=716800 piso=12335616
COUNTS id=[ 384, 8246 ] end=335872 piso=8226816
COUNTS id=[ 384, 8247 ] end=102400 piso=5924352
COUNTS id=[ 384, 8248 ] end=102400 piso=5955072
COUNTS id=[ 384, 8249 ] end=102400 piso=5847552
COUNTS id=[ 384, 8250 ] end=335872 piso=6306816
COUNTS id=[ 384, 8251 ] end=335872 piso=6865920
COUNTS id=[ 384, 8252 ] end=335872 piso=8320512
COUNTS id=[ 384, 8253 ] end=593920 piso=11493888
COUNTS id=[ 384, 8254 ] end=102400 piso=5939712
COUNTS id=[ 384, 8255 ] end=335872 piso=7842816
COUNTS id=[ 384, 8256 ] end=335872 piso=6633984
COUNTS id=[ 384, 8257 ] end=335872 piso=6557184
COUNTS id=[ 384, 8258 ] end=335872 piso=6056448
COUNTS id=[ 384, 8259 ] end=876544 piso=18216960
COUNTS id=[ 384, 8260 ] end=225280 piso=6790656
COUNTS id=[ 384, 8261 ] end=225280 piso=6726144
COUNTS id=[ 384, 8262 ] end=593920 piso=9294336
COUNTS id=[ 384, 8263 ] end=643072 piso=11599872
COUNTS id=[ 384, 8264 ] end=335872 piso=6217728
COUNTS id=[ 384, 8265 ] end=335872 piso=6749184
COUNTS id=[ 384, 8266 ] end=643072 piso=10088448
COUNTS id=[ 384, 8267 ] end=593920 piso=9441792
COUNTS id=[ 384, 8268 ] end=606208 piso=11493888
COUNTS id=[ 384, 8269 ] end=335872 piso=6237696
COUNTS id=[ 384, 8270 ] end=102400 piso=5881344
COUNTS id=[ 384, 8271 ] end=102400 piso=6114816
COUNTS id=[ 384, 8272 ] end=335872 piso=7114752
COUNTS id=[ 384, 8273 ] end=225280 piso=6873600
COUNTS id=[ 384, 8274 ] end=225280 piso=6968832
COUNTS id=[ 384, 8275 ] end=102400 piso=5045760
COUNTS id=[ 384, 8276 ] end=102400 piso=5073408
COUNTS id=[ 384, 8277 ] end=335872 piso=6676992
COUNTS id=[ 384, 8278 ] end=102400 piso=5048832
COUNTS id=[ 384, 8279 ] end=102400 piso=4947456
COUNTS id=[ 384, 8280 ] end=348160 piso=6302208
COUNTS id=[ 384, 8281 ] end=348160 piso=8435712
COUNTS id=[ 384, 8282 ] end=348160 piso=7898112
COUNTS id=[ 384, 8283 ] end=348160 piso=7584768
COUNTS id=[ 384, 8284 ] end=593920 piso=10036224
COUNTS id=[ 384, 8285 ] end=593920 piso=9394176
COUNTS id=[ 384, 8286 ] end=348160 piso=7272960
COUNTS id=[ 384, 8287 ] end=348160 piso=7017984
COUNTS id=[ 384, 8288 ] end=913408 piso=17607168
COUNTS id=[ 384, 8289 ] end=311296 piso=6200832
COUNTS id=[ 384, 8290 ] end=102400 piso=5090304
COUNTS id=[ 384, 8291 ] end=102400 piso=5096448
COUNTS id=[ 384, 8292 ] end=102400 piso=5022720
PROGRESS checked=100 hits=0 reversed=0 runtime_ms=279646
COUNTS id=[ 384, 8293 ] end=102400 piso=5068800
COUNTS id=[ 384, 8294 ] end=311296 piso=5793792
COUNTS id=[ 384, 8295 ] end=311296 piso=5815296
COUNTS id=[ 384, 8296 ] end=311296 piso=5815296
COUNTS id=[ 384, 8297 ] end=311296 piso=5259264
COUNTS id=[ 384, 8298 ] end=237568 piso=5663232
COUNTS id=[ 384, 8299 ] end=311296 piso=7647744
COUNTS id=[ 384, 8300 ] end=102400 piso=5050368
COUNTS id=[ 384, 8301 ] end=102400 piso=5078016
COUNTS id=[ 384, 8302 ] end=102400 piso=5340672
COUNTS id=[ 384, 8303 ] end=102400 piso=5377536
COUNTS id=[ 384, 8304 ] end=311296 piso=7589376
COUNTS id=[ 384, 8305 ] end=102400 piso=5114880
COUNTS id=[ 384, 8306 ] end=102400 piso=5114880
COUNTS id=[ 384, 8307 ] end=311296 piso=7540224
COUNTS id=[ 384, 8308 ] end=311296 piso=6130176
COUNTS id=[ 384, 8309 ] end=520192 piso=8627712
COUNTS id=[ 384, 8310 ] end=520192 piso=8618496
COUNTS id=[ 384, 8311 ] end=520192 piso=9192960
COUNTS id=[ 384, 8312 ] end=102400 piso=3827712
COUNTS id=[ 384, 8313 ] end=102400 piso=3833856
COUNTS id=[ 384, 8314 ] end=102400 piso=3830784
COUNTS id=[ 384, 8315 ] end=520192 piso=8658432
COUNTS id=[ 384, 8316 ] end=520192 piso=8643072
COUNTS id=[ 384, 8317 ] end=520192 piso=9208320
COUNTS id=[ 384, 8318 ] end=311296 piso=5274624
COUNTS id=[ 384, 8319 ] end=311296 piso=5806080
COUNTS id=[ 384, 8320 ] end=102400 piso=5408256
COUNTS id=[ 384, 8321 ] end=102400 piso=5402112
COUNTS id=[ 384, 8322 ] end=102400 piso=5402112
COUNTS id=[ 384, 8323 ] end=311296 piso=5818368
COUNTS id=[ 384, 8324 ] end=360448 piso=7056384
COUNTS id=[ 384, 8325 ] end=114688 piso=5568000
COUNTS id=[ 384, 8326 ] end=102400 piso=5105664
COUNTS id=[ 384, 8327 ] end=102400 piso=5124096
COUNTS id=[ 384, 8328 ] end=102400 piso=5821440
COUNTS id=[ 384, 8329 ] end=102400 piso=5723136
COUNTS id=[ 384, 8330 ] end=102400 piso=5081088
COUNTS id=[ 384, 8331 ] end=102400 piso=5099520
COUNTS id=[ 384, 8332 ] end=114688 piso=5154816
COUNTS id=[ 384, 8333 ] end=102400 piso=3675648
COUNTS id=[ 384, 8334 ] end=102400 piso=3657216
COUNTS id=[ 384, 8335 ] end=102400 piso=3684864
COUNTS id=[ 384, 8336 ] end=102400 piso=3749376
COUNTS id=[ 384, 8337 ] end=102400 piso=3727872
COUNTS id=[ 384, 8338 ] end=102400 piso=3752448
COUNTS id=[ 384, 8339 ] end=102400 piso=3830784
COUNTS id=[ 384, 8340 ] end=102400 piso=3806208
COUNTS id=[ 384, 8341 ] end=102400 piso=3818496
COUNTS id=[ 384, 8342 ] end=102400 piso=3715584
COUNTS id=[ 384, 8343 ] end=102400 piso=3681792
COUNTS id=[ 384, 8344 ] end=102400 piso=3684864
COUNTS id=[ 384, 8345 ] end=520192 piso=10893312
COUNTS id=[ 384, 8346 ] end=520192 piso=10896384
COUNTS id=[ 384, 8347 ] end=311296 piso=5744640
COUNTS id=[ 384, 8348 ] end=311296 piso=5763072
COUNTS id=[ 384, 8349 ] end=311296 piso=5210112
COUNTS id=[ 384, 8350 ] end=311296 piso=5772288
COUNTS id=[ 384, 8351 ] end=311296 piso=5225472
COUNTS id=[ 384, 8352 ] end=311296 piso=5775360
COUNTS id=[ 384, 8353 ] end=323584 piso=7696896
COUNTS id=[ 384, 8354 ] end=102400 piso=3678720
COUNTS id=[ 384, 8355 ] end=102400 piso=3684864
COUNTS id=[ 384, 8356 ] end=102400 piso=3678720
COUNTS id=[ 384, 8357 ] end=372736 piso=5452800
CLOSEST id=[ 384, 8357 ] end=372736 piso=5452800 ratio=5325/364
COUNTS id=[ 384, 8358 ] end=311296 piso=5781504
COUNTS id=[ 384, 8359 ] end=102400 piso=5133312
COUNTS id=[ 384, 8360 ] end=102400 piso=5081088
COUNTS id=[ 384, 8361 ] end=225280 piso=5494272
COUNTS id=[ 384, 8362 ] end=225280 piso=5583360
COUNTS id=[ 384, 8363 ] end=102400 piso=6076416
COUNTS id=[ 384, 8364 ] end=102400 piso=5778432
COUNTS id=[ 384, 8365 ] end=102400 piso=3918336
COUNTS id=[ 384, 8366 ] end=102400 piso=3789312
COUNTS id=[ 384, 8367 ] end=102400 piso=3798528
COUNTS id=[ 384, 8368 ] end=323584 piso=4990464
COUNTS id=[ 384, 8369 ] end=323584 piso=4812288
COUNTS id=[ 384, 8370 ] end=323584 piso=4815360
COUNTS id=[ 384, 8371 ] end=311296 piso=5803008
COUNTS id=[ 384, 8372 ] end=520192 piso=9183744
COUNTS id=[ 384, 8373 ] end=102400 piso=3800064
COUNTS id=[ 384, 8374 ] end=102400 piso=3824640
COUNTS id=[ 384, 8375 ] end=102400 piso=3818496
COUNTS id=[ 384, 8376 ] end=311296 piso=4624896
COUNTS id=[ 384, 8377 ] end=311296 piso=4612608
COUNTS id=[ 384, 8378 ] end=311296 piso=4603392
COUNTS id=[ 384, 8379 ] end=311296 piso=4612608
COUNTS id=[ 384, 8380 ] end=335872 piso=4889088
CLOSEST id=[ 384, 8380 ] end=335872 piso=4889088 ratio=9549/656
COUNTS id=[ 384, 8381 ] end=335872 piso=4873728
CLOSEST id=[ 384, 8381 ] end=335872 piso=4873728 ratio=9519/656
COUNTS id=[ 384, 8382 ] end=520192 piso=8165376
COUNTS id=[ 384, 8383 ] end=520192 piso=8146944
COUNTS id=[ 384, 8384 ] end=520192 piso=8150016
COUNTS id=[ 384, 8385 ] end=520192 piso=8143872
COUNTS id=[ 384, 8386 ] end=520192 piso=8162304
COUNTS id=[ 384, 8387 ] end=114688 piso=5947392
COUNTS id=[ 384, 8388 ] end=323584 piso=4881408
COUNTS id=[ 384, 8389 ] end=323584 piso=4875264
COUNTS id=[ 384, 8390 ] end=102400 piso=4067328
COUNTS id=[ 384, 8391 ] end=323584 piso=6609408
COUNTS id=[ 384, 8392 ] end=102400 piso=4114944
PROGRESS checked=200 hits=0 reversed=0 runtime_ms=509875
COUNTS id=[ 384, 8393 ] end=311296 piso=4984320
COUNTS id=[ 384, 8394 ] end=311296 piso=4978176
COUNTS id=[ 384, 8395 ] end=102400 piso=4150272
COUNTS id=[ 384, 8396 ] end=471040 piso=7444992
COUNTS id=[ 384, 8397 ] end=471040 piso=7409664
COUNTS id=[ 384, 8398 ] end=176128 piso=5288448
COUNTS id=[ 384, 8399 ] end=176128 piso=5288448
COUNTS id=[ 384, 8400 ] end=4898816 piso=339849216
COUNTS id=[ 384, 8401 ] end=4022272 piso=311291904
COUNTS id=[ 384, 8402 ] end=4440064 piso=334311936
COUNTS id=[ 384, 8403 ] end=4440064 piso=334311936
COUNTS id=[ 384, 8404 ] end=1245184 piso=15929856
CLOSEST id=[ 384, 8404 ] end=1245184 piso=15929856 ratio=31113/2432
COUNTS id=[ 384, 8405 ] end=1712128 piso=22525440
COUNTS id=[ 384, 8406 ] end=1196032 piso=13902336
CLOSEST id=[ 384, 8406 ] end=1196032 piso=13902336 ratio=27153/2336
COUNTS id=[ 384, 8407 ] end=790528 piso=7908864
CLOSEST id=[ 384, 8407 ] end=790528 piso=7908864 ratio=15447/1544
COUNTS id=[ 384, 8408 ] end=4390912 piso=320434176
COUNTS id=[ 384, 8409 ] end=4390912 piso=320434176
COUNTS id=[ 384, 8410 ] end=1294336 piso=16117248
COUNTS id=[ 384, 8411 ] end=1196032 piso=14851584
COUNTS id=[ 384, 8412 ] end=4980736 piso=345973248
COUNTS id=[ 384, 8413 ] end=1232896 piso=14974464
COUNTS id=[ 384, 8414 ] end=1232896 piso=14977536
COUNTS id=[ 384, 8415 ] end=1712128 piso=22811136
COUNTS id=[ 384, 8416 ] end=3997696 piso=328849920
COUNTS id=[ 384, 8417 ] end=802816 piso=7838208
CLOSEST id=[ 384, 8417 ] end=802816 piso=7838208 ratio=2187/224
COUNTS id=[ 384, 8418 ] end=3813376 piso=332107776
COUNTS id=[ 384, 8419 ] end=372736 piso=12994560
COUNTS id=[ 384, 8420 ] end=3923968 piso=334342656
COUNTS id=[ 384, 8421 ] end=3825664 piso=334299648
COUNTS id=[ 384, 8422 ] end=4673536 piso=362560512
COUNTS id=[ 384, 8423 ] end=692224 piso=17786880
COUNTS id=[ 384, 8424 ] end=692224 piso=18705408
COUNTS id=[ 384, 8425 ] end=593920 piso=17240064
COUNTS id=[ 384, 8426 ] end=729088 piso=14900736
COUNTS id=[ 384, 8427 ] end=643072 piso=13619712
COUNTS id=[ 384, 8428 ] end=593920 piso=13622784
COUNTS id=[ 384, 8429 ] end=335872 piso=6280704
COUNTS id=[ 384, 8430 ] end=335872 piso=6277632
COUNTS id=[ 384, 8431 ] end=335872 piso=8096256
COUNTS id=[ 384, 8432 ] end=679936 piso=14794752
COUNTS id=[ 384, 8433 ] end=1024000 piso=21250560
COUNTS id=[ 384, 8434 ] end=1171456 piso=21563904
COUNTS id=[ 384, 8435 ] end=593920 piso=11215872
COUNTS id=[ 384, 8436 ] end=335872 piso=8056320
COUNTS id=[ 384, 8437 ] end=593920 piso=10838016
COUNTS id=[ 384, 8438 ] end=593920 piso=10758144
COUNTS id=[ 384, 8439 ] end=643072 piso=11222016
COUNTS id=[ 384, 8440 ] end=593920 piso=10755072
COUNTS id=[ 384, 8441 ] end=335872 piso=8208384
COUNTS id=[ 384, 8442 ] end=3481600 piso=311199744
COUNTS id=[ 384, 8443 ] end=335872 piso=10636800
COUNTS id=[ 384, 8444 ] end=335872 piso=10710528
COUNTS id=[ 384, 8445 ] end=372736 piso=10490880
COUNTS id=[ 384, 8446 ] end=311296 piso=10177536
COUNTS id=[ 384, 8447 ] end=311296 piso=10149888
COUNTS id=[ 384, 8448 ] end=311296 piso=5342208
DONE checked=256 abelian=0 hits=0 reversed=0 skipped_abelian=0 closest=[ 384, 8417 ] min_ratio=2187/224 runtime_ms=682599
