{"command": ["/project/gap-4.16.1/gap", "-l", "/project/gap-4.16.1", "-q", "-b", "-T", "-m", "128m", "-o", "4g", "-c", "START_ORDER:=384;;END_ORDER:=384;;START_ID:=12033;;END_ID:=12288;;SKIP_ABELIAN:=true;;LOG_ALL:=true;;", "/project/scripts/search_19_20.g"], "source_hashes": {"scripts/search_19_20.g": "7b6a34e9163b58b0248b3c464ae8070783414cd7d14048136dd0e3547b906318", "scripts/lib_19_20.g": "fbcf2d3c4b0648cc1fa87d6e50fc923133d594c029b8430a365caf596ac7ccd5"}}
PARAMETERS start=384 end=384 start_id=12033 end_id=12288 skip_abelian=true log_all=true
ORDER_START order=384 groups=20169
COUNTS id=[ 384, 12033 ] end=74752 piso=626688
CLOSEST id=[ 384, 12033 ] end=74752 piso=626688 ratio=612/73
COUNTS id=[ 384, 12034 ] end=77824 piso=615936
CLOSEST id=[ 384, 12034 ] end=77824 piso=615936 ratio=1203/152
COUNTS id=[ 384, 12035 ] end=74752 piso=574464
CLOSEST id=[ 384, 12035 ] end=74752 piso=574464 ratio=561/73
COUNTS id=[ 384, 12036 ] end=152576 piso=1145856
CLOSEST id=[ 384, 12036 ] end=152576 piso=1145856 ratio=1119/149
COUNTS id=[ 384, 12037 ] end=134144 piso=1030656
COUNTS id=[ 384, 12038 ] end=128000 piso=1064448
COUNTS id=[ 384, 12039 ] end=74752 piso=612864
COUNTS id=[ 384, 12040 ] end=77824 piso=605184
COUNTS id=[ 384, 12041 ] end=74752 piso=572928
COUNTS id=[ 384, 12042 ] end=74752 piso=619008
COUNTS id=[ 384, 12043 ] end=74752 piso=566784
COUNTS id=[ 384, 12044 ] end=77824 piso=571392
CLOSEST id=[ 384, 12044 ] end=77824 piso=571392 ratio=279/38
COUNTS id=[ 384, 12045 ] end=79104 piso=1552224
COUNTS id=[ 384, 12046 ] end=17664 piso=1506912
COUNTS id=[ 384, 12047 ] end=115968 piso=1835616
COUNTS id=[ 384, 12048 ] end=54528 piso=1389408
COUNTS id=[ 384, 12049 ] end=91392 piso=1397088
COUNTS id=[ 384, 12050 ] end=54528 piso=1165920
COUNTS id=[ 384, 12051 ] end=17664 piso=1288032
COUNTS id=[ 384, 12052 ] end=54528 piso=1112160
COUNTS id=[ 384, 12053 ] end=985088 piso=7034880
CLOSEST id=[ 384, 12053 ] end=985088 piso=7034880 ratio=3435/481
COUNTS id=[ 384, 12054 ] end=515072 piso=3429888
CLOSEST id=[ 384, 12054 ] end=515072 piso=3429888 ratio=6699/1006
COUNTS id=[ 384, 12055 ] end=490496 piso=2486784
CLOSEST id=[ 384, 12055 ] end=490496 piso=2486784 ratio=4857/958
COUNTS id=[ 384, 12056 ] end=164864 piso=1592832
COUNTS id=[ 384, 12057 ] end=502784 piso=2517504
CLOSEST id=[ 384, 12057 ] end=502784 piso=2517504 ratio=4917/982
COUNTS id=[ 384, 12058 ] end=496640 piso=2446848
CLOSEST id=[ 384, 12058 ] end=496640 piso=2446848 ratio=4779/970
COUNTS id=[ 384, 12059 ] end=1016832 piso=6429696
COUNTS id=[ 384, 12060 ] end=177152 piso=1528320
COUNTS id=[ 384, 12061 ] end=877568 piso=5506560
COUNTS id=[ 384, 12062 ] end=871424 piso=5442048
COUNTS id=[ 384, 12063 ] end=467968 piso=2009088
CLOSEST id=[ 384, 12063 ] end=467968 piso=2009088 ratio=1962/457
COUNTS id=[ 384, 12064 ] end=467968 piso=1996800
CLOSEST id=[ 384, 12064 ] end=467968 piso=1996800 ratio=1950/457
COUNTS id=[ 384, 12065 ] end=471040 piso=2135040
COUNTS id=[ 384, 12066 ] end=471040 piso=2036736
COUNTS id=[ 384, 12067 ] end=136192 piso=1185792
COUNTS id=[ 384, 12068 ] end=130048 piso=1121280
COUNTS id=[ 384, 12069 ] end=1693952 piso=26589792
COUNTS id=[ 384, 12070 ] end=1210112 piso=14271840
COUNTS id=[ 384, 12071 ] end=564992 piso=6330720
COUNTS id=[ 384, 12072 ] end=591104 piso=5085024
COUNTS id=[ 384, 12073 ] end=660224 piso=6185568
COUNTS id=[ 384, 12074 ] end=107264 piso=2787936
COUNTS id=[ 384, 12075 ] end=567552 piso=4822368
COUNTS id=[ 384, 12076 ] end=100608 piso=1663584
COUNTS id=[ 384, 12077 ] end=1031424 piso=12014688
COUNTS id=[ 384, 12078 ] end=521472 piso=3665760
COUNTS id=[ 384, 12079 ] end=521472 piso=3883104
COUNTS id=[ 384, 12080 ] end=63744 piso=1466208
COUNTS id=[ 384, 12081 ] end=1068288 piso=13250400
COUNTS id=[ 384, 12082 ] end=558336 piso=4314720
COUNTS id=[ 384, 12083 ] end=81152 piso=6538848
COUNTS id=[ 384, 12084 ] end=176384 piso=3247968
COUNTS id=[ 384, 12085 ] end=105216 piso=2488416
COUNTS id=[ 384, 12086 ] end=155904 piso=2243424
COUNTS id=[ 384, 12087 ] end=17664 piso=3247968
COUNTS id=[ 384, 12088 ] end=59136 piso=1867872
COUNTS id=[ 384, 12089 ] end=59136 piso=2106720
COUNTS id=[ 384, 12090 ] end=119040 piso=1715808
COUNTS id=[ 384, 12091 ] end=54528 piso=3013728
COUNTS id=[ 384, 12092 ] end=96000 piso=2002272
COUNTS id=[ 384, 12093 ] end=159744 piso=1081344
COUNTS id=[ 384, 12094 ] end=80896 piso=674304
COUNTS id=[ 384, 12095 ] end=74752 piso=574464
COUNTS id=[ 384, 12096 ] end=74752 piso=568320
COUNTS id=[ 384, 12097 ] end=80896 piso=600576
COUNTS id=[ 384, 12098 ] end=178176 piso=1222656
COUNTS id=[ 384, 12099 ] end=135168 piso=1058304
COUNTS id=[ 384, 12100 ] end=153600 piso=1239552
COUNTS id=[ 384, 12101 ] end=74752 piso=566784
COUNTS id=[ 384, 12102 ] end=80896 piso=599040
COUNTS id=[ 384, 12103 ] end=80896 piso=663552
COUNTS id=[ 384, 12104 ] end=74752 piso=572928
COUNTS id=[ 384, 12105 ] end=54528 piso=1190880
COUNTS id=[ 384, 12106 ] end=26880 piso=1420512
COUNTS id=[ 384, 12107 ] end=88320 piso=1549536
COUNTS id=[ 384, 12108 ] end=125184 piso=1820640
COUNTS id=[ 384, 12109 ] end=100608 piso=1555680
COUNTS id=[ 384, 12110 ] end=26880 piso=1536480
COUNTS id=[ 384, 12111 ] end=63744 piso=1422048
COUNTS id=[ 384, 12112 ] end=1064960 piso=6534144
COUNTS id=[ 384, 12113 ] end=490496 piso=2468352
COUNTS id=[ 384, 12114 ] end=217088 piso=1669632
COUNTS id=[ 384, 12115 ] end=496640 piso=2459136
COUNTS id=[ 384, 12116 ] end=1024000 piso=6371328
COUNTS id=[ 384, 12117 ] end=192512 piso=1605120
COUNTS id=[ 384, 12118 ] end=872448 piso=5488128
COUNTS id=[ 384, 12119 ] end=903168 piso=5736960
COUNTS id=[ 384, 12120 ] end=467968 piso=2015232
COUNTS id=[ 384, 12121 ] end=471040 piso=2024448
COUNTS id=[ 384, 12122 ] end=139264 piso=1231872
COUNTS id=[ 384, 12123 ] end=133120 piso=1167360
COUNTS id=[ 384, 12124 ] end=1237760 piso=13951968
COUNTS id=[ 384, 12125 ] end=1084160 piso=12375264
COUNTS id=[ 384, 12126 ] end=1306880 piso=16222944
COUNTS id=[ 384, 12127 ] end=591104 piso=5227488
COUNTS id=[ 384, 12128 ] end=108800 piso=4386528
COUNTS id=[ 384, 12129 ] end=558336 piso=4290528
COUNTS id=[ 384, 12130 ] end=521472 piso=3646176
COUNTS id=[ 384, 12131 ] end=1040640 piso=12098016
COUNTS id=[ 384, 12132 ] end=1077504 piso=13336800
PROGRESS checked=100 hits=0 reversed=0 runtime_ms=256727
COUNTS id=[ 384, 12133 ] end=119040 piso=2512608
COUNTS id=[ 384, 12134 ] end=72960 piso=1859040
COUNTS id=[ 384, 12135 ] end=116480 piso=3988704
COUNTS id=[ 384, 12136 ] end=177920 piso=4290528
COUNTS id=[ 384, 12137 ] end=96000 piso=1812192
COUNTS id=[ 384, 12138 ] end=59136 piso=1682400
COUNTS id=[ 384, 12139 ] end=26880 piso=3615456
COUNTS id=[ 384, 12140 ] end=63744 piso=3350496
COUNTS id=[ 384, 12141 ] end=174336 piso=2943456
COUNTS id=[ 384, 12142 ] end=128256 piso=2011872
COUNTS id=[ 384, 12143 ] end=150784 piso=3782880
COUNTS id=[ 384, 12144 ] end=35072 piso=1274592
COUNTS id=[ 384, 12145 ] end=62720 piso=1197024
COUNTS id=[ 384, 12146 ] end=124160 piso=2021856
COUNTS id=[ 384, 12147 ] end=35072 piso=3155424
COUNTS id=[ 384, 12148 ] end=59648 piso=1164768
COUNTS id=[ 384, 12149 ] end=579328 piso=8646624
COUNTS id=[ 384, 12150 ] end=91904 piso=1945056
COUNTS id=[ 384, 12151 ] end=79616 piso=1825248
COUNTS id=[ 384, 12152 ] end=303872 piso=3607776
COUNTS id=[ 384, 12153 ] end=73472 piso=1766880
COUNTS id=[ 384, 12154 ] end=338176 piso=5511648
COUNTS id=[ 384, 12155 ] end=53504 piso=1753056
COUNTS id=[ 384, 12156 ] end=108800 piso=1756128
COUNTS id=[ 384, 12157 ] end=139520 piso=1919712
COUNTS id=[ 384, 12158 ] end=102656 piso=1682400
COUNTS id=[ 384, 12159 ] end=54272 piso=1087488
COUNTS id=[ 384, 12160 ] end=1970176 piso=20004864
COUNTS id=[ 384, 12161 ] end=258048 piso=2555904
COUNTS id=[ 384, 12162 ] end=1007616 piso=6775296
COUNTS id=[ 384, 12163 ] end=660480 piso=4273536
COUNTS id=[ 384, 12164 ] end=1099776 piso=11706240
COUNTS id=[ 384, 12165 ] end=258048 piso=2370432
COUNTS id=[ 384, 12166 ] end=550912 piso=7007232
COUNTS id=[ 384, 12167 ] end=54272 piso=1331712
COUNTS id=[ 384, 12168 ] end=462848 piso=5769216
COUNTS id=[ 384, 12169 ] end=118784 piso=1973760
COUNTS id=[ 384, 12170 ] end=459776 piso=3514752
COUNTS id=[ 384, 12171 ] end=91136 piso=1474944
COUNTS id=[ 384, 12172 ] end=499712 piso=4315008
COUNTS id=[ 384, 12173 ] end=54272 piso=1230720
COUNTS id=[ 384, 12174 ] end=234496 piso=3004416
COUNTS id=[ 384, 12175 ] end=118784 piso=1413120
COUNTS id=[ 384, 12176 ] end=54272 piso=1212288
COUNTS id=[ 384, 12177 ] end=134144 piso=2060160
COUNTS id=[ 384, 12178 ] end=81920 piso=1155456
COUNTS id=[ 384, 12179 ] end=1201920 piso=13255392
COUNTS id=[ 384, 12180 ] end=993024 piso=11460576
COUNTS id=[ 384, 12181 ] end=2503424 piso=46808544
COUNTS id=[ 384, 12182 ] end=999168 piso=11718624
COUNTS id=[ 384, 12183 ] end=148224 piso=3181536
COUNTS id=[ 384, 12184 ] end=983296 piso=12895968
COUNTS id=[ 384, 12185 ] end=489728 piso=3812064
COUNTS id=[ 384, 12186 ] end=84224 piso=1554144
COUNTS id=[ 384, 12187 ] end=489728 piso=3796704
COUNTS id=[ 384, 12188 ] end=953600 piso=12663264
COUNTS id=[ 384, 12189 ] end=99584 piso=2263008
COUNTS id=[ 384, 12190 ] end=144640 piso=2600928
COUNTS id=[ 384, 12191 ] end=75008 piso=1310688
COUNTS id=[ 384, 12192 ] end=93440 piso=1690080
COUNTS id=[ 384, 12193 ] end=99584 piso=1541856
COUNTS id=[ 384, 12194 ] end=75008 piso=1286112
COUNTS id=[ 384, 12195 ] end=46336 piso=3585504
COUNTS id=[ 384, 12196 ] end=48384 piso=1144032
COUNTS id=[ 384, 12197 ] end=88320 piso=1382880
COUNTS id=[ 384, 12198 ] end=135424 piso=2679264
COUNTS id=[ 384, 12199 ] end=26880 piso=1522656
COUNTS id=[ 384, 12200 ] end=54528 piso=1237728
COUNTS id=[ 384, 12201 ] end=115968 piso=1971936
COUNTS id=[ 384, 12202 ] end=26880 piso=2254560
COUNTS id=[ 384, 12203 ] end=51456 piso=1207008
COUNTS id=[ 384, 12204 ] end=26880 piso=1603296
COUNTS id=[ 384, 12205 ] end=88320 piso=3064032
COUNTS id=[ 384, 12206 ] end=45312 piso=1113312
COUNTS id=[ 384, 12207 ] end=341248 piso=5116128
COUNTS id=[ 384, 12208 ] end=66816 piso=1704672
COUNTS id=[ 384, 12209 ] end=60672 piso=1569504
COUNTS id=[ 384, 12210 ] end=97536 piso=2322912
COUNTS id=[ 384, 12211 ] end=297216 piso=3524064
COUNTS id=[ 384, 12212 ] end=57600 piso=1523424
COUNTS id=[ 384, 12213 ] end=169216 piso=2334432
COUNTS id=[ 384, 12214 ] end=88320 piso=1372896
COUNTS id=[ 384, 12215 ] end=82176 piso=1262304
COUNTS id=[ 384, 12216 ] end=26880 piso=1842144
COUNTS id=[ 384, 12217 ] end=192768 piso=3004896
COUNTS id=[ 384, 12218 ] end=79104 piso=1216224
COUNTS id=[ 384, 12219 ] end=1064960 piso=7409664
COUNTS id=[ 384, 12220 ] end=288768 piso=2482176
COUNTS id=[ 384, 12221 ] end=1050624 piso=7279104
COUNTS id=[ 384, 12222 ] end=208896 piso=2744832
COUNTS id=[ 384, 12223 ] end=703488 piso=4639104
COUNTS id=[ 384, 12224 ] end=172032 piso=2310528
COUNTS id=[ 384, 12225 ] end=592896 piso=4490112
COUNTS id=[ 384, 12226 ] end=294912 piso=2336640
COUNTS id=[ 384, 12227 ] end=467968 piso=5704704
COUNTS id=[ 384, 12228 ] end=73728 piso=1362432
COUNTS id=[ 384, 12229 ] end=114688 piso=2411520
COUNTS id=[ 384, 12230 ] end=482304 piso=6205440
COUNTS id=[ 384, 12231 ] end=46080 piso=1476096
COUNTS id=[ 384, 12232 ] end=36864 piso=1923072
PROGRESS checked=200 hits=0 reversed=0 runtime_ms=504849
COUNTS id=[ 384, 12233 ] end=43008 piso=1226112
COUNTS id=[ 384, 12234 ] end=33792 piso=1815936
COUNTS id=[ 384, 12235 ] end=451584 piso=3414912
COUNTS id=[ 384, 12236 ] end=73728 piso=1258368
COUNTS id=[ 384, 12237 ] end=73728 piso=1746816
COUNTS id=[ 384, 12238 ] end=123904 piso=1542144
COUNTS id=[ 384, 12239 ] end=67584 piso=1044480
COUNTS id=[ 384, 12240 ] end=138240 piso=1554432
COUNTS id=[ 384, 12241 ] end=36864 piso=1093632
COUNTS id=[ 384, 12242 ] end=67584 piso=1129344
COUNTS id=[ 384, 12243 ] end=73728 piso=1110912
COUNTS id=[ 384, 12244 ] end=33792 piso=1017216
COUNTS id=[ 384, 12245 ] end=101376 piso=1275264
COUNTS id=[ 384, 12246 ] end=1319168 piso=16652256
COUNTS id=[ 384, 12247 ] end=569600 piso=4993248
COUNTS id=[ 384, 12248 ] end=96512 piso=3967968
COUNTS id=[ 384, 12249 ] end=1267968 piso=14671584
COUNTS id=[ 384, 12250 ] end=575744 piso=5171424
COUNTS id=[ 384, 12251 ] end=234752 piso=3444960
COUNTS id=[ 384, 12252 ] end=946432 piso=12111840
COUNTS id=[ 384, 12253 ] end=475392 piso=3494880
COUNTS id=[ 384, 12254 ] end=83200 piso=3368928
COUNTS id=[ 384, 12255 ] end=89856 piso=1660896
COUNTS id=[ 384, 12256 ] end=69888 piso=1395168
COUNTS id=[ 384, 12257 ] end=143616 piso=2505696
COUNTS id=[ 384, 12258 ] end=475392 piso=3479520
COUNTS id=[ 384, 12259 ] end=939264 piso=11954400
COUNTS id=[ 384, 12260 ] end=89856 piso=1645536
COUNTS id=[ 384, 12261 ] end=60672 piso=2961120
COUNTS id=[ 384, 12262 ] end=69888 piso=1696992
COUNTS id=[ 384, 12263 ] end=158976 piso=3076320
COUNTS id=[ 384, 12264 ] end=86272 piso=1786080
COUNTS id=[ 384, 12265 ] end=51456 piso=1051872
COUNTS id=[ 384, 12266 ] end=60672 piso=1223904
COUNTS id=[ 384, 12267 ] end=51456 piso=1027296
COUNTS id=[ 384, 12268 ] end=85248 piso=1327584
COUNTS id=[ 384, 12269 ] end=60672 piso=1224672
COUNTS id=[ 384, 12270 ] end=73728 piso=1393152
COUNTS id=[ 384, 12271 ] end=138240 piso=2170368
COUNTS id=[ 384, 12272 ] end=479232 piso=3818880
COUNTS id=[ 384, 12273 ] end=110592 piso=1686912
COUNTS id=[ 384, 12274 ] end=73728 piso=1273728
COUNTS id=[ 384, 12275 ] end=45312 piso=3005664
COUNTS id=[ 384, 12276 ] end=40192 piso=1281504
COUNTS id=[ 384, 12277 ] end=80128 piso=1380576
COUNTS id=[ 384, 12278 ] end=18688 piso=2279904
COUNTS id=[ 384, 12279 ] end=80128 piso=1992672
COUNTS id=[ 384, 12280 ] end=37120 piso=1249248
COUNTS id=[ 384, 12281 ] end=166656 piso=5218272
COUNTS id=[ 384, 12282 ] end=78592 piso=2584032
COUNTS id=[ 384, 12283 ] end=66304 piso=2341344
COUNTS id=[ 384, 12284 ] end=90880 piso=3008736
COUNTS id=[ 384, 12285 ] end=60160 piso=2282976
COUNTS id=[ 384, 12286 ] end=80128 piso=1439712
COUNTS id=[ 384, 12287 ] end=112896 piso=3342816
COUNTS id=[ 384, 12288 ] end=160000 piso=2456544
DONE checked=256 abelian=0 hits=0 reversed=0 skipped_abelian=0 closest=[ 384, 12064 ] min_ratio=1950/457 runtime_ms=623282
