{"command": ["/project/gap-4.16.1/gap", "-l", "/project/gap-4.16.1", "-q", "-b", "-T", "-m", "128m", "-o", "4g", "-c", "START_ORDER:=384;;END_ORDER:=384;;START_ID:=16129;;END_ID:=16384;;SKIP_ABELIAN:=true;;LOG_ALL:=true;;", "/project/scripts/search_19_20.g"], "source_hashes": {"scripts/search_19_20.g": "7b6a34e9163b58b0248b3c464ae8070783414cd7d14048136dd0e3547b906318", "scripts/lib_19_20.g": "fbcf2d3c4b0648cc1fa87d6e50fc923133d594c029b8430a365caf596ac7ccd5"}}
PARAMETERS start=384 end=384 start_id=16129 end_id=16384 skip_abelian=true log_all=true
ORDER_START order=384 groups=20169
COUNTS id=[ 384, 16129 ] end=57600 piso=1311456
CLOSEST id=[ 384, 16129 ] end=57600 piso=1311456 ratio=13661/600
COUNTS id=[ 384, 16130 ] end=26880 piso=1549152
COUNTS id=[ 384, 16131 ] end=66816 piso=1486944
CLOSEST id=[ 384, 16131 ] end=66816 piso=1486944 ratio=5163/232
COUNTS id=[ 384, 16132 ] end=338688 piso=4421472
CLOSEST id=[ 384, 16132 ] end=338688 piso=4421472 ratio=46057/3528
COUNTS id=[ 384, 16133 ] end=155904 piso=2895456
COUNTS id=[ 384, 16134 ] end=91392 piso=1639776
COUNTS id=[ 384, 16135 ] end=521984 piso=4573152
CLOSEST id=[ 384, 16135 ] end=521984 piso=4573152 ratio=142911/16312
COUNTS id=[ 384, 16136 ] end=111872 piso=2317152
COUNTS id=[ 384, 16137 ] end=1352960 piso=14119008
COUNTS id=[ 384, 16138 ] end=229632 piso=2923104
COUNTS id=[ 384, 16139 ] end=54528 piso=1354080
COUNTS id=[ 384, 16140 ] end=114432 piso=1605216
COUNTS id=[ 384, 16141 ] end=84224 piso=3257568
COUNTS id=[ 384, 16142 ] end=171776 piso=2543712
COUNTS id=[ 384, 16143 ] end=439040 piso=7141728
COUNTS id=[ 384, 16144 ] end=91392 piso=2008416
COUNTS id=[ 384, 16145 ] end=88320 piso=1531488
COUNTS id=[ 384, 16146 ] end=52480 piso=1027680
COUNTS id=[ 384, 16147 ] end=92416 piso=1214304
COUNTS id=[ 384, 16148 ] end=83200 piso=1098720
COUNTS id=[ 384, 16149 ] end=43264 piso=909024
COUNTS id=[ 384, 16150 ] end=107776 piso=1589856
COUNTS id=[ 384, 16151 ] end=52480 piso=1152864
COUNTS id=[ 384, 16152 ] end=83200 piso=1287264
COUNTS id=[ 384, 16153 ] end=533248 piso=4263648
CLOSEST id=[ 384, 16153 ] end=533248 piso=4263648 ratio=133239/16664
COUNTS id=[ 384, 16154 ] end=1115392 piso=13428576
COUNTS id=[ 384, 16155 ] end=129280 piso=1887840
COUNTS id=[ 384, 16156 ] end=153856 piso=3055200
COUNTS id=[ 384, 16157 ] end=80128 piso=1357152
COUNTS id=[ 384, 16158 ] end=341248 piso=4220256
COUNTS id=[ 384, 16159 ] end=95488 piso=1891296
COUNTS id=[ 384, 16160 ] end=93952 piso=3336288
COUNTS id=[ 384, 16161 ] end=195328 piso=2698080
COUNTS id=[ 384, 16162 ] end=116992 piso=2177376
COUNTS id=[ 384, 16163 ] end=52480 piso=1311840
COUNTS id=[ 384, 16164 ] end=175360 piso=2061408
COUNTS id=[ 384, 16165 ] end=116992 piso=1778016
COUNTS id=[ 384, 16166 ] end=20736 piso=844128
COUNTS id=[ 384, 16167 ] end=57600 piso=795744
COUNTS id=[ 384, 16168 ] end=69888 piso=1083360
COUNTS id=[ 384, 16169 ] end=17664 piso=927456
COUNTS id=[ 384, 16170 ] end=57600 piso=775392
COUNTS id=[ 384, 16171 ] end=17664 piso=783840
COUNTS id=[ 384, 16172 ] end=57600 piso=752736
COUNTS id=[ 384, 16173 ] end=20736 piso=801120
COUNTS id=[ 384, 16174 ] end=478464 piso=3370848
CLOSEST id=[ 384, 16174 ] end=478464 piso=3370848 ratio=35113/4984
COUNTS id=[ 384, 16175 ] end=930048 piso=11794656
COUNTS id=[ 384, 16176 ] end=66816 piso=1041888
COUNTS id=[ 384, 16177 ] end=478464 piso=3340128
CLOSEST id=[ 384, 16177 ] end=478464 piso=3340128 ratio=34793/4984
COUNTS id=[ 384, 16178 ] end=62208 piso=1284192
COUNTS id=[ 384, 16179 ] end=17664 piso=2665440
COUNTS id=[ 384, 16180 ] end=112896 piso=1420512
COUNTS id=[ 384, 16181 ] end=62208 piso=1253472
COUNTS id=[ 384, 16182 ] end=27904 piso=783456
COUNTS id=[ 384, 16183 ] end=70912 piso=942432
COUNTS id=[ 384, 16184 ] end=80128 piso=1197792
COUNTS id=[ 384, 16185 ] end=27904 piso=905184
COUNTS id=[ 384, 16186 ] end=67840 piso=874464
COUNTS id=[ 384, 16187 ] end=27904 piso=746208
COUNTS id=[ 384, 16188 ] end=27904 piso=740448
COUNTS id=[ 384, 16189 ] end=70912 piso=899424
COUNTS id=[ 384, 16190 ] end=488704 piso=3585120
COUNTS id=[ 384, 16191 ] end=77056 piso=1110240
COUNTS id=[ 384, 16192 ] end=940288 piso=12200928
COUNTS id=[ 384, 16193 ] end=488704 piso=3554400
COUNTS id=[ 384, 16194 ] end=72448 piso=1334112
COUNTS id=[ 384, 16195 ] end=123136 piso=1597920
COUNTS id=[ 384, 16196 ] end=27904 piso=2603232
COUNTS id=[ 384, 16197 ] end=72448 piso=1303392
COUNTS id=[ 384, 16198 ] end=88320 piso=1402464
COUNTS id=[ 384, 16199 ] end=45312 piso=1327968
COUNTS id=[ 384, 16200 ] end=17664 piso=815328
COUNTS id=[ 384, 16201 ] end=57600 piso=805344
COUNTS id=[ 384, 16202 ] end=26880 piso=904800
COUNTS id=[ 384, 16203 ] end=66816 piso=897888
COUNTS id=[ 384, 16204 ] end=74496 piso=1178976
COUNTS id=[ 384, 16205 ] end=45312 piso=1130592
COUNTS id=[ 384, 16206 ] end=225024 piso=2634336
COUNTS id=[ 384, 16207 ] end=63744 piso=1781088
COUNTS id=[ 384, 16208 ] end=36096 piso=1047648
COUNTS id=[ 384, 16209 ] end=62208 piso=1077600
COUNTS id=[ 384, 16210 ] end=966912 piso=11957088
COUNTS id=[ 384, 16211 ] end=478464 piso=3412704
COUNTS id=[ 384, 16212 ] end=76032 piso=1202784
COUNTS id=[ 384, 16213 ] end=54528 piso=829536
COUNTS id=[ 384, 16214 ] end=155904 piso=2254176
COUNTS id=[ 384, 16215 ] end=79104 piso=974688
COUNTS id=[ 384, 16216 ] end=63744 piso=2955360
COUNTS id=[ 384, 16217 ] end=62208 piso=1375200
COUNTS id=[ 384, 16218 ] end=122112 piso=1552224
COUNTS id=[ 384, 16219 ] end=88320 piso=1040736
COUNTS id=[ 384, 16220 ] end=26880 piso=1265760
COUNTS id=[ 384, 16221 ] end=45312 piso=768096
COUNTS id=[ 384, 16222 ] end=37120 piso=895584
COUNTS id=[ 384, 16223 ] end=83200 piso=1096032
COUNTS id=[ 384, 16224 ] end=67840 piso=836064
COUNTS id=[ 384, 16225 ] end=27904 piso=724704
COUNTS id=[ 384, 16226 ] end=89344 piso=1235040
COUNTS id=[ 384, 16227 ] end=37120 piso=959328
COUNTS id=[ 384, 16228 ] end=86272 piso=1167456
PROGRESS checked=100 hits=0 reversed=0 runtime_ms=267951
COUNTS id=[ 384, 16229 ] end=488704 piso=3550944
COUNTS id=[ 384, 16230 ] end=949504 piso=12265824
COUNTS id=[ 384, 16231 ] end=132352 piso=1675104
COUNTS id=[ 384, 16232 ] end=72448 piso=1352160
COUNTS id=[ 384, 16233 ] end=37120 piso=2740320
COUNTS id=[ 384, 16234 ] end=66816 piso=907872
COUNTS id=[ 384, 16235 ] end=33024 piso=994656
COUNTS id=[ 384, 16236 ] end=17664 piso=745440
COUNTS id=[ 384, 16237 ] end=57600 piso=720096
COUNTS id=[ 384, 16238 ] end=79104 piso=1126752
COUNTS id=[ 384, 16239 ] end=26880 piso=978528
COUNTS id=[ 384, 16240 ] end=76032 piso=1105248
COUNTS id=[ 384, 16241 ] end=478464 piso=3335136
CLOSEST id=[ 384, 16241 ] end=478464 piso=3335136 ratio=4963/712
COUNTS id=[ 384, 16242 ] end=939264 piso=11856480
COUNTS id=[ 384, 16243 ] end=54528 piso=921696
COUNTS id=[ 384, 16244 ] end=54528 piso=2475360
COUNTS id=[ 384, 16245 ] end=45312 piso=860256
COUNTS id=[ 384, 16246 ] end=60672 piso=1091424
COUNTS id=[ 384, 16247 ] end=146688 piso=2276448
COUNTS id=[ 384, 16248 ] end=79104 piso=1056864
COUNTS id=[ 384, 16249 ] end=122112 piso=1500768
COUNTS id=[ 384, 16250 ] end=62208 piso=1300704
COUNTS id=[ 384, 16251 ] end=26880 piso=2814816
COUNTS id=[ 384, 16252 ] end=26880 piso=1076064
COUNTS id=[ 384, 16253 ] end=26880 piso=1781856
COUNTS id=[ 384, 16254 ] end=17664 piso=1010016
COUNTS id=[ 384, 16255 ] end=88320 piso=1142880
COUNTS id=[ 384, 16256 ] end=26880 piso=1527648
COUNTS id=[ 384, 16257 ] end=48384 piso=977760
COUNTS id=[ 384, 16258 ] end=44800 piso=1446240
COUNTS id=[ 384, 16259 ] end=57088 piso=2050656
COUNTS id=[ 384, 16260 ] end=32512 piso=1344864
COUNTS id=[ 384, 16261 ] end=258304 piso=2817120
COUNTS id=[ 384, 16262 ] end=46336 piso=1294176
COUNTS id=[ 384, 16263 ] end=80128 piso=1273440
COUNTS id=[ 384, 16264 ] end=110848 piso=2896224
COUNTS id=[ 384, 16265 ] end=46336 piso=907104
COUNTS id=[ 384, 16266 ] end=147712 piso=2132064
COUNTS id=[ 384, 16267 ] end=70912 piso=944736
COUNTS id=[ 384, 16268 ] end=46336 piso=1124448
COUNTS id=[ 384, 16269 ] end=61696 piso=1053792
COUNTS id=[ 384, 16270 ] end=218368 piso=2592096
COUNTS id=[ 384, 16271 ] end=52480 piso=970848
COUNTS id=[ 384, 16272 ] end=92416 piso=2373216
COUNTS id=[ 384, 16273 ] end=80128 piso=1006176
COUNTS id=[ 384, 16274 ] end=18688 piso=1553760
COUNTS id=[ 384, 16275 ] end=18688 piso=1489248
COUNTS id=[ 384, 16276 ] end=37120 piso=841056
COUNTS id=[ 384, 16277 ] end=184576 piso=2800992
COUNTS id=[ 384, 16278 ] end=130816 piso=3128160
COUNTS id=[ 384, 16279 ] end=212224 piso=2533728
COUNTS id=[ 384, 16280 ] end=46336 piso=1149024
COUNTS id=[ 384, 16281 ] end=270592 piso=3383904
COUNTS id=[ 384, 16282 ] end=67840 piso=1240416
COUNTS id=[ 384, 16283 ] end=92416 piso=1973856
COUNTS id=[ 384, 16284 ] end=80128 piso=1220448
COUNTS id=[ 384, 16285 ] end=44800 piso=1586784
COUNTS id=[ 384, 16286 ] end=64768 piso=998496
COUNTS id=[ 384, 16287 ] end=156928 piso=2622816
COUNTS id=[ 384, 16288 ] end=55552 piso=912480
COUNTS id=[ 384, 16289 ] end=64768 piso=988512
COUNTS id=[ 384, 16290 ] end=55552 piso=922464
COUNTS id=[ 384, 16291 ] end=64768 piso=2508384
COUNTS id=[ 384, 16292 ] end=92416 piso=1278816
COUNTS id=[ 384, 16293 ] end=37120 piso=1030752
COUNTS id=[ 384, 16294 ] end=27904 piso=969312
COUNTS id=[ 384, 16295 ] end=37120 piso=1708896
COUNTS id=[ 384, 16296 ] end=104704 piso=1392480
COUNTS id=[ 384, 16297 ] end=37120 piso=1362528
COUNTS id=[ 384, 16298 ] end=2621440 piso=4718592
CLOSEST id=[ 384, 16298 ] end=2621440 piso=4718592 ratio=9/5
COUNTS id=[ 384, 16299 ] end=557056 piso=1769472
COUNTS id=[ 384, 16300 ] end=8388608 piso=18874368
COUNTS id=[ 384, 16301 ] end=7340032 piso=18874368
COUNTS id=[ 384, 16302 ] end=1048576 piso=3354624
COUNTS id=[ 384, 16303 ] end=2621440 piso=15728640
COUNTS id=[ 384, 16304 ] end=524288 piso=3354624
COUNTS id=[ 384, 16305 ] end=9568256 piso=33816576
COUNTS id=[ 384, 16306 ] end=9568256 piso=33816576
COUNTS id=[ 384, 16307 ] end=1310720 piso=5947392
COUNTS id=[ 384, 16308 ] end=1343488 piso=5827584
COUNTS id=[ 384, 16309 ] end=843776 piso=4144128
COUNTS id=[ 384, 16310 ] end=275456 piso=1746432
COUNTS id=[ 384, 16311 ] end=720896 piso=4669440
COUNTS id=[ 384, 16312 ] end=8912896 piso=610271232
COUNTS id=[ 384, 16313 ] end=1507328 piso=18247680
COUNTS id=[ 384, 16314 ] end=11141120 piso=1265762304
COUNTS id=[ 384, 16315 ] end=1605632 piso=18923520
COUNTS id=[ 384, 16316 ] end=1097728 piso=7766016
COUNTS id=[ 384, 16317 ] end=2129920 piso=20004864
COUNTS id=[ 384, 16318 ] end=292864 piso=2764800
COUNTS id=[ 384, 16319 ] end=3276800 piso=153747456
COUNTS id=[ 384, 16320 ] end=655360 piso=6537216
COUNTS id=[ 384, 16321 ] end=4718592 piso=11796480
COUNTS id=[ 384, 16322 ] end=1048576 piso=4534272
COUNTS id=[ 384, 16323 ] end=851968 piso=3010560
COUNTS id=[ 384, 16324 ] end=1048576 piso=11796480
COUNTS id=[ 384, 16325 ] end=524288 piso=4534272
COUNTS id=[ 384, 16326 ] end=327680 piso=3010560
COUNTS id=[ 384, 16327 ] end=3080192 piso=10727424
COUNTS id=[ 384, 16328 ] end=868352 piso=4915200
PROGRESS checked=200 hits=0 reversed=0 runtime_ms=534734
COUNTS id=[ 384, 16329 ] end=524288 piso=5111808
COUNTS id=[ 384, 16330 ] end=229376 piso=3637248
COUNTS id=[ 384, 16331 ] end=835584 piso=4058112
COUNTS id=[ 384, 16332 ] end=244736 piso=1439232
COUNTS id=[ 384, 16333 ] end=250880 piso=1430016
COUNTS id=[ 384, 16334 ] end=755712 piso=3738624
COUNTS id=[ 384, 16335 ] end=278528 piso=3833856
COUNTS id=[ 384, 16336 ] end=7340032 piso=606339072
COUNTS id=[ 384, 16337 ] end=1507328 piso=19427328
COUNTS id=[ 384, 16338 ] end=1310720 piso=17903616
COUNTS id=[ 384, 16339 ] end=761856 piso=4733952
COUNTS id=[ 384, 16340 ] end=9175040 piso=1258291200
COUNTS id=[ 384, 16341 ] end=1310720 piso=17707008
COUNTS id=[ 384, 16342 ] end=9076736 piso=1257664512
COUNTS id=[ 384, 16343 ] end=1900544 piso=28520448
COUNTS id=[ 384, 16344 ] end=1384448 piso=18259968
COUNTS id=[ 384, 16345 ] end=950272 piso=7471104
COUNTS id=[ 384, 16346 ] end=1835008 piso=19709952
COUNTS id=[ 384, 16347 ] end=256000 piso=2469888
COUNTS id=[ 384, 16348 ] end=916480 piso=7091712
COUNTS id=[ 384, 16349 ] end=1310720 piso=138412032
COUNTS id=[ 384, 16350 ] end=1212416 piso=138768384
COUNTS id=[ 384, 16351 ] end=360448 piso=6242304
COUNTS id=[ 384, 16352 ] end=179200 piso=2692608
COUNTS id=[ 384, 16353 ] end=1900544 piso=30756864
COUNTS id=[ 384, 16354 ] end=1384448 piso=18137088
COUNTS id=[ 384, 16355 ] end=102400 piso=667008
COUNTS id=[ 384, 16356 ] end=74752 piso=667008
COUNTS id=[ 384, 16357 ] end=851968 piso=2151936
COUNTS id=[ 384, 16358 ] end=827392 piso=2151936
COUNTS id=[ 384, 16359 ] end=155648 piso=1955328
COUNTS id=[ 384, 16360 ] end=985088 piso=3646848
COUNTS id=[ 384, 16361 ] end=985088 piso=3646848
COUNTS id=[ 384, 16362 ] end=192512 piso=1234944
COUNTS id=[ 384, 16363 ] end=167936 piso=1234944
COUNTS id=[ 384, 16364 ] end=167936 piso=1136640
COUNTS id=[ 384, 16365 ] end=81920 piso=2304384
COUNTS id=[ 384, 16366 ] end=143360 piso=1030656
COUNTS id=[ 384, 16367 ] end=143360 piso=1030656
COUNTS id=[ 384, 16368 ] end=103424 piso=805248
COUNTS id=[ 384, 16369 ] end=1433600 piso=18696192
COUNTS id=[ 384, 16370 ] end=496640 piso=3079680
COUNTS id=[ 384, 16371 ] end=490496 piso=2280960
COUNTS id=[ 384, 16372 ] end=484352 piso=2148864
COUNTS id=[ 384, 16373 ] end=1937408 piso=32601984
COUNTS id=[ 384, 16374 ] end=624640 piso=4980096
COUNTS id=[ 384, 16375 ] end=1232896 piso=14116224
COUNTS id=[ 384, 16376 ] end=225280 piso=2500992
COUNTS id=[ 384, 16377 ] end=225280 piso=2500992
COUNTS id=[ 384, 16378 ] end=692224 piso=5122944
COUNTS id=[ 384, 16379 ] end=569344 piso=4490112
COUNTS id=[ 384, 16380 ] end=1122304 piso=12627840
COUNTS id=[ 384, 16381 ] end=123904 piso=1405824
COUNTS id=[ 384, 16382 ] end=364544 piso=18864000
COUNTS id=[ 384, 16383 ] end=90112 piso=4556160
COUNTS id=[ 384, 16384 ] end=120832 piso=2155392
DONE checked=256 abelian=0 hits=0 reversed=0 skipped_abelian=0 closest=[ 384, 16298 ] min_ratio=9/5 runtime_ms=706189
