{"order": 259, "low": 1, "high": 1, "status": "completed", "returncode": 0}
{"order": 262, "low": 1, "high": 2, "status": "completed", "returncode": 0}
{"order": 261, "low": 1, "high": 2, "status": "completed", "returncode": 0}
{"order": 263, "low": 1, "high": 1, "status": "completed", "returncode": 0}
{"order": 257, "low": 1, "high": 1, "status": "completed", "returncode": 0}
{"order": 258, "low": 1, "high": 6, "status": "completed", "returncode": 0}
{"order": 265, "low": 1, "high": 1, "status": "completed", "returncode": 0}
{"order": 267, "low": 1, "high": 1, "status": "completed", "returncode": 0}
{"order": 269, "low": 1, "high": 1, "status": "completed", "returncode": 0}
{"order": 260, "low": 1, "high": 15, "status": "completed", "returncode": 0}
{"order": 268, "low": 1, "high": 4, "status": "completed", "returncode": 0}
{"order": 266, "low": 1, "high": 4, "status": "completed", "returncode": 0}
{"order": 271, "low": 1, "high": 1, "status": "completed", "returncode": 0}
{"order": 274, "low": 1, "high": 2, "status": "completed", "returncode": 0}
{"order": 275, "low": 1, "high": 4, "status": "completed", "returncode": 0}
{"order": 273, "low": 1, "high": 5, "status": "completed", "returncode": 0}
{"order": 276, "low": 1, "high": 10, "status": "completed", "returncode": 0}
{"order": 277, "low": 1, "high": 1, "status": "completed", "returncode": 0}
{"order": 278, "low": 1, "high": 2, "status": "completed", "returncode": 0}
{"order": 279, "low": 1, "high": 4, "status": "completed", "returncode": 0}
{"order": 281, "low": 1, "high": 1, "status": "completed", "returncode": 0}
{"order": 282, "low": 1, "high": 4, "status": "completed", "returncode": 0}
{"order": 283, "low": 1, "high": 1, "status": "completed", "returncode": 0}
{"order": 284, "low": 1, "high": 4, "status": "completed", "returncode": 0}
{"order": 264, "low": 1, "high": 39, "status": "completed", "returncode": 0}
{"order": 285, "low": 1, "high": 2, "status": "completed", "returncode": 0}
{"order": 286, "low": 1, "high": 4, "status": "completed", "returncode": 0}
{"order": 287, "low": 1, "high": 1, "status": "completed", "returncode": 0}
{"order": 289, "low": 1, "high": 2, "status": "completed", "returncode": 0}
{"order": 290, "low": 1, "high": 4, "status": "completed", "returncode": 0}
{"order": 291, "low": 1, "high": 2, "status": "completed", "returncode": 0}
{"order": 292, "low": 1, "high": 5, "status": "completed", "returncode": 0}
{"order": 270, "low": 1, "high": 30, "status": "completed", "returncode": 0}
{"order": 293, "low": 1, "high": 1, "status": "completed", "returncode": 0}
{"order": 272, "low": 1, "high": 54, "status": "completed", "returncode": 0}
{"order": 295, "low": 1, "high": 1, "status": "completed", "returncode": 0}
{"order": 297, "low": 1, "high": 5, "status": "completed", "returncode": 0}
{"order": 298, "low": 1, "high": 2, "status": "completed", "returncode": 0}
{"order": 299, "low": 1, "high": 1, "status": "completed", "returncode": 0}
{"order": 296, "low": 1, "high": 14, "status": "completed", "returncode": 0}
{"order": 280, "low": 1, "high": 40, "status": "completed", "returncode": 0}
{"order": 301, "low": 1, "high": 2, "status": "completed", "returncode": 0}
{"order": 302, "low": 1, "high": 2, "status": "completed", "returncode": 0}
{"order": 303, "low": 1, "high": 1, "status": "completed", "returncode": 0}
{"order": 294, "low": 1, "high": 23, "status": "completed", "returncode": 0}
{"order": 305, "low": 1, "high": 2, "status": "completed", "returncode": 0}
{"order": 307, "low": 1, "high": 1, "status": "completed", "returncode": 0}
{"order": 309, "low": 1, "high": 2, "status": "completed", "returncode": 0}
{"order": 306, "low": 1, "high": 10, "status": "completed", "returncode": 0}
{"order": 308, "low": 1, "high": 9, "status": "completed", "returncode": 0}
{"order": 311, "low": 1, "high": 1, "status": "completed", "returncode": 0}
{"order": 310, "low": 1, "high": 6, "status": "completed", "returncode": 0}
{"order": 313, "low": 1, "high": 1, "status": "completed", "returncode": 0}
{"order": 314, "low": 1, "high": 2, "status": "completed", "returncode": 0}
{"order": 315, "low": 1, "high": 4, "status": "completed", "returncode": 0}
{"order": 316, "low": 1, "high": 4, "status": "completed", "returncode": 0}
{"order": 317, "low": 1, "high": 1, "status": "completed", "returncode": 0}
{"order": 318, "low": 1, "high": 4, "status": "completed", "returncode": 0}
{"order": 319, "low": 1, "high": 1, "status": "completed", "returncode": 0}
{"order": 304, "low": 1, "high": 42, "status": "completed", "returncode": 0}
{"order": 321, "low": 1, "high": 1, "status": "completed", "returncode": 0}
{"order": 322, "low": 1, "high": 4, "status": "completed", "returncode": 0}
{"order": 323, "low": 1, "high": 1, "status": "completed", "returncode": 0}
{"order": 325, "low": 1, "high": 2, "status": "completed", "returncode": 0}
{"order": 326, "low": 1, "high": 2, "status": "completed", "returncode": 0}
{"order": 327, "low": 1, "high": 2, "status": "completed", "returncode": 0}
{"order": 300, "low": 1, "high": 49, "status": "completed", "returncode": 0}
{"order": 329, "low": 1, "high": 1, "status": "completed", "returncode": 0}
{"order": 331, "low": 1, "high": 1, "status": "completed", "returncode": 0}
{"order": 328, "low": 1, "high": 15, "status": "completed", "returncode": 0}
{"order": 332, "low": 1, "high": 4, "status": "completed", "returncode": 0}
{"order": 333, "low": 1, "high": 5, "status": "completed", "returncode": 0}
{"order": 330, "low": 1, "high": 12, "status": "completed", "returncode": 0}
{"order": 334, "low": 1, "high": 2, "status": "completed", "returncode": 0}
{"order": 335, "low": 1, "high": 1, "status": "completed", "returncode": 0}
{"order": 337, "low": 1, "high": 1, "status": "completed", "returncode": 0}
{"order": 338, "low": 1, "high": 5, "status": "completed", "returncode": 0}
{"order": 339, "low": 1, "high": 1, "status": "completed", "returncode": 0}
{"order": 341, "low": 1, "high": 1, "status": "completed", "returncode": 0}
{"order": 312, "low": 1, "high": 61, "status": "completed", "returncode": 0}
{"order": 340, "low": 1, "high": 15, "status": "completed", "returncode": 0}
{"order": 343, "low": 1, "high": 5, "status": "completed", "returncode": 0}
{"order": 345, "low": 1, "high": 1, "status": "completed", "returncode": 0}
{"order": 344, "low": 1, "high": 12, "status": "completed", "returncode": 0}
{"order": 342, "low": 1, "high": 18, "status": "completed", "returncode": 0}
{"order": 346, "low": 1, "high": 2, "status": "completed", "returncode": 0}
{"order": 347, "low": 1, "high": 1, "status": "completed", "returncode": 0}
{"order": 349, "low": 1, "high": 1, "status": "completed", "returncode": 0}
{"order": 348, "low": 1, "high": 12, "status": "completed", "returncode": 0}
{"order": 350, "low": 1, "high": 10, "status": "completed", "returncode": 0}
{"order": 351, "low": 1, "high": 14, "status": "completed", "returncode": 0}
{"order": 353, "low": 1, "high": 1, "status": "completed", "returncode": 0}
{"order": 354, "low": 1, "high": 4, "status": "completed", "returncode": 0}
{"order": 355, "low": 1, "high": 2, "status": "completed", "returncode": 0}
{"order": 356, "low": 1, "high": 5, "status": "completed", "returncode": 0}
{"order": 357, "low": 1, "high": 2, "status": "completed", "returncode": 0}
{"order": 358, "low": 1, "high": 2, "status": "completed", "returncode": 0}
{"order": 359, "low": 1, "high": 1, "status": "completed", "returncode": 0}
{"order": 361, "low": 1, "high": 2, "status": "completed", "returncode": 0}
{"order": 362, "low": 1, "high": 2, "status": "completed", "returncode": 0}
{"order": 363, "low": 1, "high": 3, "status": "completed", "returncode": 0}
{"order": 365, "low": 1, "high": 1, "status": "completed", "returncode": 0}
{"order": 364, "low": 1, "high": 11, "status": "completed", "returncode": 0}
{"order": 367, "low": 1, "high": 1, "status": "completed", "returncode": 0}
{"order": 366, "low": 1, "high": 6, "status": "completed", "returncode": 0}
{"order": 369, "low": 1, "high": 2, "status": "completed", "returncode": 0}
{"order": 370, "low": 1, "high": 4, "status": "completed", "returncode": 0}
{"order": 371, "low": 1, "high": 1, "status": "completed", "returncode": 0}
{"order": 368, "low": 1, "high": 42, "status": "completed", "returncode": 0}
{"order": 372, "low": 1, "high": 15, "status": "completed", "returncode": 0}
{"order": 373, "low": 1, "high": 1, "status": "completed", "returncode": 0}
{"order": 374, "low": 1, "high": 4, "status": "completed", "returncode": 0}
{"order": 375, "low": 1, "high": 7, "status": "completed", "returncode": 0}
{"order": 376, "low": 1, "high": 12, "status": "completed", "returncode": 0}
{"order": 377, "low": 1, "high": 1, "status": "completed", "returncode": 0}
{"order": 379, "low": 1, "high": 1, "status": "completed", "returncode": 0}
{"order": 380, "low": 1, "high": 11, "status": "completed", "returncode": 0}
{"order": 381, "low": 1, "high": 2, "status": "completed", "returncode": 0}
{"order": 382, "low": 1, "high": 2, "status": "completed", "returncode": 0}
{"order": 383, "low": 1, "high": 1, "status": "completed", "returncode": 0}
{"order": 378, "low": 1, "high": 60, "status": "completed", "returncode": 0}
{"order": 385, "low": 1, "high": 2, "status": "completed", "returncode": 0}
{"order": 386, "low": 1, "high": 2, "status": "completed", "returncode": 0}
{"order": 387, "low": 1, "high": 4, "status": "completed", "returncode": 0}
{"order": 388, "low": 1, "high": 5, "status": "completed", "returncode": 0}
{"order": 389, "low": 1, "high": 1, "status": "completed", "returncode": 0}
{"order": 390, "low": 1, "high": 12, "status": "completed", "returncode": 0}
{"order": 391, "low": 1, "high": 1, "status": "completed", "returncode": 0}
{"order": 392, "low": 1, "high": 44, "status": "completed", "returncode": 0}
{"order": 393, "low": 1, "high": 1, "status": "completed", "returncode": 0}
{"order": 394, "low": 1, "high": 2, "status": "completed", "returncode": 0}
{"order": 352, "low": 1, "high": 195, "status": "completed", "returncode": 0}
{"order": 395, "low": 1, "high": 1, "status": "completed", "returncode": 0}
{"order": 397, "low": 1, "high": 1, "status": "completed", "returncode": 0}
{"order": 324, "low": 1, "high": 176, "status": "completed", "returncode": 0}
{"order": 398, "low": 1, "high": 2, "status": "completed", "returncode": 0}
{"order": 399, "low": 1, "high": 5, "status": "completed", "returncode": 0}
{"order": 360, "low": 1, "high": 162, "status": "completed", "returncode": 0}
{"order": 336, "low": 1, "high": 228, "status": "completed", "returncode": 0}
{"order": 401, "low": 1, "high": 1, "status": "completed", "returncode": 0}
{"order": 402, "low": 1, "high": 6, "status": "completed", "returncode": 0}
{"order": 403, "low": 1, "high": 1, "status": "completed", "returncode": 0}
{"order": 396, "low": 1, "high": 30, "status": "completed", "returncode": 0}
{"order": 404, "low": 1, "high": 5, "status": "completed", "returncode": 0}
{"order": 406, "low": 1, "high": 6, "status": "completed", "returncode": 0}
{"order": 407, "low": 1, "high": 1, "status": "completed", "returncode": 0}
{"order": 405, "low": 1, "high": 16, "status": "completed", "returncode": 0}
{"order": 409, "low": 1, "high": 1, "status": "completed", "returncode": 0}
{"order": 410, "low": 1, "high": 6, "status": "completed", "returncode": 0}
{"order": 411, "low": 1, "high": 1, "status": "completed", "returncode": 0}
{"order": 412, "low": 1, "high": 4, "status": "completed", "returncode": 0}
{"order": 413, "low": 1, "high": 1, "status": "completed", "returncode": 0}
{"order": 415, "low": 1, "high": 1, "status": "completed", "returncode": 0}
{"order": 414, "low": 1, "high": 10, "status": "completed", "returncode": 0}
{"order": 417, "low": 1, "high": 2, "status": "completed", "returncode": 0}
{"order": 418, "low": 1, "high": 4, "status": "completed", "returncode": 0}
{"order": 419, "low": 1, "high": 1, "status": "completed", "returncode": 0}
{"order": 421, "low": 1, "high": 1, "status": "completed", "returncode": 0}
{"order": 408, "low": 1, "high": 46, "status": "completed", "returncode": 0}
{"order": 422, "low": 1, "high": 2, "status": "completed", "returncode": 0}
{"order": 423, "low": 1, "high": 2, "status": "completed", "returncode": 0}
{"order": 425, "low": 1, "high": 2, "status": "completed", "returncode": 0}
{"order": 424, "low": 1, "high": 14, "status": "completed", "returncode": 0}
{"order": 426, "low": 1, "high": 4, "status": "completed", "returncode": 0}
{"order": 427, "low": 1, "high": 1, "status": "completed", "returncode": 0}
{"order": 429, "low": 1, "high": 2, "status": "completed", "returncode": 0}
{"order": 428, "low": 1, "high": 4, "status": "completed", "returncode": 0}
{"order": 320, "low": 1, "high": 256, "status": "completed", "returncode": 0}
{"order": 431, "low": 1, "high": 1, "status": "completed", "returncode": 0}
{"order": 430, "low": 1, "high": 4, "status": "completed", "returncode": 0}
{"order": 433, "low": 1, "high": 1, "status": "completed", "returncode": 0}
{"order": 434, "low": 1, "high": 4, "status": "completed", "returncode": 0}
{"order": 420, "low": 1, "high": 41, "status": "completed", "returncode": 0}
{"order": 435, "low": 1, "high": 1, "status": "completed", "returncode": 0}
{"order": 436, "low": 1, "high": 5, "status": "completed", "returncode": 0}
{"order": 437, "low": 1, "high": 1, "status": "completed", "returncode": 0}
{"order": 438, "low": 1, "high": 6, "status": "completed", "returncode": 0}
{"order": 439, "low": 1, "high": 1, "status": "completed", "returncode": 0}
{"order": 442, "low": 1, "high": 4, "status": "completed", "returncode": 0}
{"order": 441, "low": 1, "high": 13, "status": "completed", "returncode": 0}
{"order": 443, "low": 1, "high": 1, "status": "completed", "returncode": 0}
{"order": 445, "low": 1, "high": 1, "status": "completed", "returncode": 0}
{"order": 444, "low": 1, "high": 18, "status": "completed", "returncode": 0}
{"order": 446, "low": 1, "high": 2, "status": "completed", "returncode": 0}
{"order": 447, "low": 1, "high": 1, "status": "completed", "returncode": 0}
{"order": 449, "low": 1, "high": 1, "status": "completed", "returncode": 0}
{"order": 440, "low": 1, "high": 51, "status": "completed", "returncode": 0}
{"order": 451, "low": 1, "high": 1, "status": "completed", "returncode": 0}
{"order": 452, "low": 1, "high": 5, "status": "completed", "returncode": 0}
{"order": 453, "low": 1, "high": 2, "status": "completed", "returncode": 0}
{"order": 288, "low": 1, "high": 256, "status": "completed", "returncode": 0}
{"order": 454, "low": 1, "high": 2, "status": "completed", "returncode": 0}
{"order": 455, "low": 1, "high": 1, "status": "completed", "returncode": 0}
{"order": 450, "low": 1, "high": 34, "status": "completed", "returncode": 0}
{"order": 457, "low": 1, "high": 1, "status": "completed", "returncode": 0}
{"order": 458, "low": 1, "high": 2, "status": "completed", "returncode": 0}
{"order": 459, "low": 1, "high": 5, "status": "completed", "returncode": 0}
{"order": 461, "low": 1, "high": 1, "status": "completed", "returncode": 0}
{"order": 460, "low": 1, "high": 11, "status": "completed", "returncode": 0}
{"order": 463, "low": 1, "high": 1, "status": "completed", "returncode": 0}
{"order": 462, "low": 1, "high": 12, "status": "completed", "returncode": 0}
{"order": 465, "low": 1, "high": 4, "status": "completed", "returncode": 0}
{"order": 466, "low": 1, "high": 2, "status": "completed", "returncode": 0}
{"order": 456, "low": 1, "high": 54, "status": "completed", "returncode": 0}
{"order": 467, "low": 1, "high": 1, "status": "completed", "returncode": 0}
{"order": 469, "low": 1, "high": 1, "status": "completed", "returncode": 0}
{"order": 470, "low": 1, "high": 4, "status": "completed", "returncode": 0}
{"order": 464, "low": 1, "high": 51, "status": "completed", "returncode": 0}
{"order": 471, "low": 1, "high": 2, "status": "completed", "returncode": 0}
{"order": 472, "low": 1, "high": 12, "status": "completed", "returncode": 0}
{"order": 473, "low": 1, "high": 1, "status": "completed", "returncode": 0}
{"order": 474, "low": 1, "high": 6, "status": "completed", "returncode": 0}
{"order": 475, "low": 1, "high": 2, "status": "completed", "returncode": 0}
{"order": 477, "low": 1, "high": 2, "status": "completed", "returncode": 0}
{"order": 476, "low": 1, "high": 11, "status": "completed", "returncode": 0}
{"order": 478, "low": 1, "high": 2, "status": "completed", "returncode": 0}
{"order": 479, "low": 1, "high": 1, "status": "completed", "returncode": 0}
{"order": 481, "low": 1, "high": 1, "status": "completed", "returncode": 0}
{"order": 468, "low": 1, "high": 55, "status": "completed", "returncode": 0}
{"order": 482, "low": 1, "high": 2, "status": "completed", "returncode": 0}
{"order": 483, "low": 1, "high": 2, "status": "completed", "returncode": 0}
{"order": 400, "low": 1, "high": 221, "status": "completed", "returncode": 0}
{"order": 485, "low": 1, "high": 1, "status": "completed", "returncode": 0}
{"order": 484, "low": 1, "high": 12, "status": "completed", "returncode": 0}
{"order": 487, "low": 1, "high": 1, "status": "completed", "returncode": 0}
{"order": 489, "low": 1, "high": 2, "status": "completed", "returncode": 0}
{"order": 488, "low": 1, "high": 14, "status": "completed", "returncode": 0}
{"order": 491, "low": 1, "high": 1, "status": "completed", "returncode": 0}
{"order": 490, "low": 1, "high": 10, "status": "completed", "returncode": 0}
{"order": 493, "low": 1, "high": 1, "status": "completed", "returncode": 0}
{"order": 492, "low": 1, "high": 12, "status": "completed", "returncode": 0}
{"order": 494, "low": 1, "high": 4, "status": "completed", "returncode": 0}
{"order": 495, "low": 1, "high": 4, "status": "completed", "returncode": 0}
{"order": 497, "low": 1, "high": 2, "status": "completed", "returncode": 0}
{"order": 498, "low": 1, "high": 4, "status": "completed", "returncode": 0}
{"order": 416, "low": 1, "high": 235, "status": "completed", "returncode": 0}
{"order": 499, "low": 1, "high": 1, "status": "completed", "returncode": 0}
{"order": 501, "low": 1, "high": 1, "status": "completed", "returncode": 0}
{"order": 502, "low": 1, "high": 2, "status": "completed", "returncode": 0}
{"order": 496, "low": 1, "high": 42, "status": "completed", "returncode": 0}
{"order": 503, "low": 1, "high": 1, "status": "completed", "returncode": 0}
{"order": 505, "low": 1, "high": 2, "status": "completed", "returncode": 0}
{"order": 506, "low": 1, "high": 6, "status": "completed", "returncode": 0}
{"order": 507, "low": 1, "high": 6, "status": "completed", "returncode": 0}
{"order": 508, "low": 1, "high": 4, "status": "completed", "returncode": 0}
{"order": 509, "low": 1, "high": 1, "status": "completed", "returncode": 0}
{"order": 500, "low": 1, "high": 56, "status": "completed", "returncode": 0}
{"order": 510, "low": 1, "high": 8, "status": "completed", "returncode": 0}
{"order": 511, "low": 1, "high": 1, "status": "completed", "returncode": 0}
{"order": 448, "low": 1, "high": 256, "status": "completed", "returncode": 0}
{"order": 384, "low": 1, "high": 256, "status": "completed", "returncode": 0}
{"order": 432, "low": 1, "high": 256, "status": "completed", "returncode": 0}
{"order": 504, "low": 1, "high": 202, "status": "completed", "returncode": 0}
{"order": 480, "low": 1, "high": 256, "status": "completed", "returncode": 0}
{"order": 486, "low": 1, "high": 256, "status": "completed", "returncode": 0}
{"order": 486, "low": 257, "high": 261, "status": "completed", "returncode": 0}
{"order": 288, "low": 257, "high": 512, "status": "completed", "returncode": 0}
{"order": 320, "low": 257, "high": 512, "status": "completed", "returncode": 0}
{"order": 384, "low": 257, "high": 512, "status": "completed", "returncode": 0}
{"order": 448, "low": 257, "high": 512, "status": "completed", "returncode": 0}
{"order": 432, "low": 257, "high": 512, "status": "completed", "returncode": 0}
{"order": 480, "low": 257, "high": 512, "status": "completed", "returncode": 0}
{"order": 288, "low": 513, "high": 768, "status": "completed", "returncode": 0}
{"order": 320, "low": 513, "high": 768, "status": "completed", "returncode": 0}
{"order": 432, "low": 769, "high": 775, "status": "completed", "returncode": 0}
{"order": 384, "low": 513, "high": 768, "status": "completed", "returncode": 0}
{"order": 448, "low": 513, "high": 768, "status": "completed", "returncode": 0}
{"order": 432, "low": 513, "high": 768, "status": "completed", "returncode": 0}
{"order": 320, "low": 769, "high": 1024, "status": "completed", "returncode": 0}
{"order": 288, "low": 1025, "high": 1045, "status": "completed", "returncode": 0}
{"order": 480, "low": 513, "high": 768, "status": "completed", "returncode": 0}
{"order": 288, "low": 769, "high": 1024, "status": "completed", "returncode": 0}
{"order": 448, "low": 769, "high": 1024, "status": "completed", "returncode": 0}
{"order": 384, "low": 769, "high": 1024, "status": "completed", "returncode": 0}
{"order": 480, "low": 769, "high": 1024, "status": "completed", "returncode": 0}
{"order": 320, "low": 1025, "high": 1280, "status": "completed", "returncode": 0}
{"order": 480, "low": 1025, "high": 1213, "status": "completed", "returncode": 0}
{"order": 448, "low": 1025, "high": 1280, "status": "completed", "returncode": 0}
{"order": 384, "low": 1025, "high": 1280, "status": "completed", "returncode": 0}
{"order": 448, "low": 1281, "high": 1396, "status": "completed", "returncode": 0}
{"order": 320, "low": 1281, "high": 1536, "status": "completed", "returncode": 0}
{"order": 320, "low": 1537, "high": 1640, "status": "completed", "returncode": 0}
{"order": 384, "low": 1281, "high": 1536, "status": "completed", "returncode": 0}
{"order": 384, "low": 1537, "high": 1792, "status": "completed", "returncode": 0}
{"order": 384, "low": 1793, "high": 2048, "status": "completed", "returncode": 0}
{"order": 384, "low": 2049, "high": 2304, "status": "completed", "returncode": 0}
{"order": 384, "low": 2305, "high": 2560, "status": "completed", "returncode": 0}
{"order": 384, "low": 3073, "high": 3328, "status": "completed", "returncode": 0}
{"order": 384, "low": 2817, "high": 3072, "status": "completed", "returncode": 0}
{"order": 384, "low": 2561, "high": 2816, "status": "completed", "returncode": 0}
{"order": 384, "low": 3329, "high": 3584, "status": "completed", "returncode": 0}
{"order": 384, "low": 3585, "high": 3840, "status": "completed", "returncode": 0}
{"order": 384, "low": 3841, "high": 4096, "status": "completed", "returncode": 0}
{"order": 384, "low": 5377, "high": 5632, "status": "completed", "returncode": 0}
{"order": 384, "low": 4865, "high": 5120, "status": "completed", "returncode": 0}
{"order": 384, "low": 4353, "high": 4608, "status": "completed", "returncode": 0}
{"order": 384, "low": 4097, "high": 4352, "status": "completed", "returncode": 0}
{"order": 384, "low": 4609, "high": 4864, "status": "completed", "returncode": 0}
{"order": 384, "low": 5633, "high": 5888, "status": "completed", "returncode": 0}
{"order": 384, "low": 5121, "high": 5376, "status": "completed", "returncode": 0}
{"order": 384, "low": 5889, "high": 6144, "status": "completed", "returncode": 0}
{"order": 384, "low": 6145, "high": 6400, "status": "completed", "returncode": 0}
{"order": 384, "low": 7681, "high": 7936, "status": "completed", "returncode": 0}
{"order": 384, "low": 6657, "high": 6912, "status": "completed", "returncode": 0}
{"order": 384, "low": 7425, "high": 7680, "status": "completed", "returncode": 0}
{"order": 384, "low": 6913, "high": 7168, "status": "completed", "returncode": 0}
{"order": 384, "low": 6401, "high": 6656, "status": "completed", "returncode": 0}
{"order": 384, "low": 7169, "high": 7424, "status": "completed", "returncode": 0}
{"order": 384, "low": 7937, "high": 8192, "status": "completed", "returncode": 0}
{"order": 384, "low": 8193, "high": 8448, "status": "completed", "returncode": 0}
{"order": 384, "low": 8449, "high": 8704, "status": "completed", "returncode": 0}
{"order": 384, "low": 8705, "high": 8960, "status": "completed", "returncode": 0}
{"order": 384, "low": 8961, "high": 9216, "status": "completed", "returncode": 0}
{"order": 384, "low": 9217, "high": 9472, "status": "completed", "returncode": 0}
{"order": 384, "low": 9729, "high": 9984, "status": "completed", "returncode": 0}
{"order": 384, "low": 9473, "high": 9728, "status": "completed", "returncode": 0}
{"order": 384, "low": 9985, "high": 10240, "status": "completed", "returncode": 0}
{"order": 384, "low": 10241, "high": 10496, "status": "completed", "returncode": 0}
{"order": 384, "low": 10497, "high": 10752, "status": "completed", "returncode": 0}
{"order": 384, "low": 10753, "high": 11008, "status": "completed", "returncode": 0}
{"order": 384, "low": 11009, "high": 11264, "status": "completed", "returncode": 0}
{"order": 384, "low": 11777, "high": 12032, "status": "completed", "returncode": 0}
{"order": 384, "low": 11521, "high": 11776, "status": "completed", "returncode": 0}
{"order": 384, "low": 11265, "high": 11520, "status": "completed", "returncode": 0}
{"order": 384, "low": 12033, "high": 12288, "status": "completed", "returncode": 0}
{"order": 384, "low": 12289, "high": 12544, "status": "completed", "returncode": 0}
{"order": 384, "low": 12545, "high": 12800, "status": "completed", "returncode": 0}
{"order": 384, "low": 13057, "high": 13312, "status": "completed", "returncode": 0}
{"order": 384, "low": 13569, "high": 13824, "status": "completed", "returncode": 0}
{"order": 384, "low": 12801, "high": 13056, "status": "completed", "returncode": 0}
{"order": 384, "low": 13825, "high": 14080, "status": "completed", "returncode": 0}
{"order": 384, "low": 13313, "high": 13568, "status": "completed", "returncode": 0}
{"order": 384, "low": 14081, "high": 14336, "status": "completed", "returncode": 0}
{"order": 384, "low": 14337, "high": 14592, "status": "completed", "returncode": 0}
{"order": 384, "low": 15873, "high": 16128, "status": "completed", "returncode": 0}
{"order": 384, "low": 14849, "high": 15104, "status": "completed", "returncode": 0}
{"order": 384, "low": 15617, "high": 15872, "status": "completed", "returncode": 0}
{"order": 384, "low": 15361, "high": 15616, "status": "completed", "returncode": 0}
{"order": 384, "low": 15105, "high": 15360, "status": "completed", "returncode": 0}
{"order": 384, "low": 14593, "high": 14848, "status": "completed", "returncode": 0}
{"order": 384, "low": 16129, "high": 16384, "status": "completed", "returncode": 0}
{"order": 384, "low": 17921, "high": 18176, "status": "completed", "returncode": 0}
{"order": 384, "low": 16385, "high": 16640, "status": "completed", "returncode": 0}
{"order": 384, "low": 17665, "high": 17920, "status": "completed", "returncode": 0}
{"order": 384, "low": 17409, "high": 17664, "status": "completed", "returncode": 0}
{"order": 384, "low": 17153, "high": 17408, "status": "completed", "returncode": 0}
{"order": 384, "low": 16897, "high": 17152, "status": "completed", "returncode": 0}
{"order": 384, "low": 16641, "high": 16896, "status": "completed", "returncode": 0}
{"order": 384, "low": 18177, "high": 18432, "status": "completed", "returncode": 0}
{"order": 384, "low": 18945, "high": 19200, "status": "completed", "returncode": 0}
{"order": 384, "low": 19201, "high": 19456, "status": "completed", "returncode": 0}
{"order": 384, "low": 18689, "high": 18944, "status": "completed", "returncode": 0}
{"order": 384, "low": 19457, "high": 19712, "status": "completed", "returncode": 0}
{"order": 384, "low": 18433, "high": 18688, "status": "completed", "returncode": 0}
{"order": 384, "low": 19713, "high": 19968, "status": "completed", "returncode": 0}
{"order": 384, "low": 19969, "high": 20169, "status": "completed", "returncode": 0}
{
  "observed_utc": "2026-09-11T10:38:23.216691+00:00",
  "status": "COMPLETE_BOUNDED_SEARCH",
  "catalogue_groups": 29700,
  "jobs": 356,
  "completed_jobs": 356,
  "live_workers": 0,
  "all_log_checks_pass": true,
  "counted": 29186,
  "skipped_abelian": 514,
  "equalities": 0,
  "reversals": 58
}
