PARAMETERS start=256 end=256 start_id=49085 end_id=52590 skip_abelian=true log_all=true
ORDER_START order=256 groups=56092
COUNTS id=[ 256, 49085 ] end=4128768 piso=10463232
CLOSEST id=[ 256, 49085 ] end=4128768 piso=10463232 ratio=1703/672
COUNTS id=[ 256, 49086 ] end=2097152 piso=8968192
COUNTS id=[ 256, 49087 ] end=3112960 piso=8890880
COUNTS id=[ 256, 49088 ] end=3112960 piso=8900096
COUNTS id=[ 256, 49089 ] end=4128768 piso=10317312
CLOSEST id=[ 256, 49089 ] end=4128768 piso=10317312 ratio=2239/896
COUNTS id=[ 256, 49090 ] end=4128768 piso=10518016
COUNTS id=[ 256, 49091 ] end=4128768 piso=10790400
COUNTS id=[ 256, 49092 ] end=2097152 piso=8376832
COUNTS id=[ 256, 49093 ] end=3112960 piso=9009152
COUNTS id=[ 256, 49094 ] end=5144576 piso=12679168
CLOSEST id=[ 256, 49094 ] end=5144576 piso=12679168 ratio=6191/2512
COUNTS id=[ 256, 49095 ] end=1081344 piso=9424384
COUNTS id=[ 256, 49096 ] end=5144576 piso=12417536
CLOSEST id=[ 256, 49096 ] end=5144576 piso=12417536 ratio=24253/10048
COUNTS id=[ 256, 49097 ] end=3112960 piso=8923648
COUNTS id=[ 256, 49098 ] end=1081344 piso=9545216
COUNTS id=[ 256, 49099 ] end=4128768 piso=10093568
COUNTS id=[ 256, 49100 ] end=4128768 piso=10343424
COUNTS id=[ 256, 49101 ] end=5144576 piso=13775872
COUNTS id=[ 256, 49102 ] end=5144576 piso=15801344
COUNTS id=[ 256, 49103 ] end=4128768 piso=12000768
COUNTS id=[ 256, 49104 ] end=6160384 piso=18286080
COUNTS id=[ 256, 49105 ] end=4128768 piso=10626560
COUNTS id=[ 256, 49106 ] end=34603008 piso=46756352
CLOSEST id=[ 256, 49106 ] end=34603008 piso=46756352 ratio=91321/67584
COUNTS id=[ 256, 49107 ] end=4128768 piso=11934720
COUNTS id=[ 256, 49108 ] end=69140480 piso=174434304
COUNTS id=[ 256, 49109 ] end=2097152 piso=11220992
COUNTS id=[ 256, 49110 ] end=3112960 piso=9819648
COUNTS id=[ 256, 49111 ] end=3112960 piso=10386944
COUNTS id=[ 256, 49112 ] end=35618816 piso=50312704
COUNTS id=[ 256, 49113 ] end=3112960 piso=9330176
COUNTS id=[ 256, 49114 ] end=67108864 piso=153657856
COUNTS id=[ 256, 49115 ] end=4128768 piso=11672064
COUNTS id=[ 256, 49116 ] end=1081344 piso=10878976
COUNTS id=[ 256, 49117 ] end=3112960 piso=9838592
COUNTS id=[ 256, 49118 ] end=5144576 piso=12740608
COUNTS id=[ 256, 49119 ] end=35618816 piso=51523584
COUNTS id=[ 256, 49120 ] end=68124672 piso=162210304
COUNTS id=[ 256, 49121 ] end=5144576 piso=16697856
COUNTS id=[ 256, 49122 ] end=4128768 piso=11292672
COUNTS id=[ 256, 49123 ] end=4128768 piso=12346368
COUNTS id=[ 256, 49124 ] end=36634624 piso=55163904
COUNTS id=[ 256, 49125 ] end=4128768 piso=10360832
COUNTS id=[ 256, 49126 ] end=5144576 piso=13994496
COUNTS id=[ 256, 49127 ] end=5144576 piso=14019072
COUNTS id=[ 256, 49128 ] end=4128768 piso=10192896
COUNTS id=[ 256, 49129 ] end=4128768 piso=10554368
COUNTS id=[ 256, 49130 ] end=4128768 piso=10482688
COUNTS id=[ 256, 49131 ] end=2097152 piso=8636416
COUNTS id=[ 256, 49132 ] end=6160384 piso=17888768
COUNTS id=[ 256, 49133 ] end=4128768 piso=11867648
COUNTS id=[ 256, 49134 ] end=2097152 piso=10273280
COUNTS id=[ 256, 49135 ] end=1081344 piso=9079808
COUNTS id=[ 256, 49136 ] end=3112960 piso=8766464
COUNTS id=[ 256, 49137 ] end=3112960 piso=8722432
COUNTS id=[ 256, 49138 ] end=3112960 piso=9180160
COUNTS id=[ 256, 49139 ] end=4128768 piso=11286528
COUNTS id=[ 256, 49140 ] end=4128768 piso=11781120
COUNTS id=[ 256, 49141 ] end=1081344 piso=9128448
COUNTS id=[ 256, 49142 ] end=1081344 piso=9173504
COUNTS id=[ 256, 49143 ] end=3112960 piso=8900096
COUNTS id=[ 256, 49144 ] end=5144576 piso=12378624
COUNTS id=[ 256, 49145 ] end=3112960 piso=11113472
COUNTS id=[ 256, 49146 ] end=5144576 piso=13798400
COUNTS id=[ 256, 49147 ] end=4128768 piso=10409472
COUNTS id=[ 256, 49148 ] end=2097152 piso=8801792
COUNTS id=[ 256, 49149 ] end=4128768 piso=10436096
COUNTS id=[ 256, 49150 ] end=4128768 piso=10031616
COUNTS id=[ 256, 49151 ] end=4128768 piso=14062592
COUNTS id=[ 256, 49152 ] end=4161536 piso=13701120
COUNTS id=[ 256, 49153 ] end=4128768 piso=12432384
COUNTS id=[ 256, 49154 ] end=1081344 piso=9177088
COUNTS id=[ 256, 49155 ] end=3112960 piso=11209728
COUNTS id=[ 256, 49156 ] end=3112960 piso=9744384
COUNTS id=[ 256, 49157 ] end=3112960 piso=10146816
COUNTS id=[ 256, 49158 ] end=3112960 piso=12195328
COUNTS id=[ 256, 49159 ] end=1081344 piso=10811904
COUNTS id=[ 256, 49160 ] end=3112960 piso=12749312
COUNTS id=[ 256, 49161 ] end=2097152 piso=10262016
COUNTS id=[ 256, 49162 ] end=2097152 piso=8800768
COUNTS id=[ 256, 49163 ] end=2097152 piso=9387520
COUNTS id=[ 256, 49164 ] end=65536 piso=11265536
COUNTS id=[ 256, 49165 ] end=3112960 piso=13239296
COUNTS id=[ 256, 49166 ] end=1081344 piso=10713088
COUNTS id=[ 256, 49167 ] end=2097152 piso=8983552
COUNTS id=[ 256, 49168 ] end=2097152 piso=10093568
COUNTS id=[ 256, 49169 ] end=65536 piso=11360256
COUNTS id=[ 256, 49170 ] end=2097152 piso=9591808
COUNTS id=[ 256, 49171 ] end=4128768 piso=13175296
COUNTS id=[ 256, 49172 ] end=4128768 piso=14775808
COUNTS id=[ 256, 49173 ] end=3112960 piso=10439168
COUNTS id=[ 256, 49174 ] end=1081344 piso=10364416
COUNTS id=[ 256, 49175 ] end=3112960 piso=9949696
COUNTS id=[ 256, 49176 ] end=3112960 piso=9495040
COUNTS id=[ 256, 49177 ] end=5144576 piso=14578688
COUNTS id=[ 256, 49178 ] end=5144576 piso=12344320
COUNTS id=[ 256, 49179 ] end=3112960 piso=8902144
COUNTS id=[ 256, 49180 ] end=5144576 piso=14245376
COUNTS id=[ 256, 49181 ] end=4128768 piso=10073600
COUNTS id=[ 256, 49182 ] end=4128768 piso=10074112
COUNTS id=[ 256, 49183 ] end=4128768 piso=10064384
COUNTS id=[ 256, 49184 ] end=4128768 piso=11933184
PROGRESS checked=100 hits=0 reversed=0 runtime_ms=570468
COUNTS id=[ 256, 49185 ] end=4128768 piso=11419648
COUNTS id=[ 256, 49186 ] end=2097152 piso=8382464
COUNTS id=[ 256, 49187 ] end=1081344 piso=9666560
COUNTS id=[ 256, 49188 ] end=5144576 piso=14258176
COUNTS id=[ 256, 49189 ] end=1081344 piso=9160192
COUNTS id=[ 256, 49190 ] end=2097152 piso=9952256
COUNTS id=[ 256, 49191 ] end=2097152 piso=8936448
COUNTS id=[ 256, 49192 ] end=4128768 piso=10821120
COUNTS id=[ 256, 49193 ] end=2097152 piso=9642496
COUNTS id=[ 256, 49194 ] end=3112960 piso=10330624
COUNTS id=[ 256, 49195 ] end=3112960 piso=8839680
COUNTS id=[ 256, 49196 ] end=1081344 piso=9156096
COUNTS id=[ 256, 49197 ] end=5144576 piso=14167552
COUNTS id=[ 256, 49198 ] end=5144576 piso=13826048
COUNTS id=[ 256, 49199 ] end=3112960 piso=10001408
COUNTS id=[ 256, 49200 ] end=4128768 piso=12003328
COUNTS id=[ 256, 49201 ] end=4128768 piso=10040832
COUNTS id=[ 256, 49202 ] end=5144576 piso=14331392
COUNTS id=[ 256, 49203 ] end=3112960 piso=10961408
COUNTS id=[ 256, 49204 ] end=3112960 piso=10797056
COUNTS id=[ 256, 49205 ] end=3112960 piso=9972736
COUNTS id=[ 256, 49206 ] end=2097152 piso=8396800
COUNTS id=[ 256, 49207 ] end=2097152 piso=9572864
COUNTS id=[ 256, 49208 ] end=2097152 piso=8826880
COUNTS id=[ 256, 49209 ] end=4128768 piso=11481088
COUNTS id=[ 256, 49210 ] end=2097152 piso=9603584
COUNTS id=[ 256, 49211 ] end=2097152 piso=10012160
COUNTS id=[ 256, 49212 ] end=3112960 piso=10894848
COUNTS id=[ 256, 49213 ] end=1081344 piso=9213440
COUNTS id=[ 256, 49214 ] end=1081344 piso=10393600
COUNTS id=[ 256, 49215 ] end=2097152 piso=9541120
COUNTS id=[ 256, 49216 ] end=65536 piso=12600832
COUNTS id=[ 256, 49217 ] end=2097152 piso=10850304
COUNTS id=[ 256, 49218 ] end=2097152 piso=9170944
COUNTS id=[ 256, 49219 ] end=1081344 piso=9157632
COUNTS id=[ 256, 49220 ] end=3112960 piso=10318848
COUNTS id=[ 256, 49221 ] end=1081344 piso=9640960
COUNTS id=[ 256, 49222 ] end=3112960 piso=9880576
COUNTS id=[ 256, 49223 ] end=3112960 piso=8954368
COUNTS id=[ 256, 49224 ] end=3112960 piso=11219456
COUNTS id=[ 256, 49225 ] end=4128768 piso=12000768
COUNTS id=[ 256, 49226 ] end=4128768 piso=12249088
COUNTS id=[ 256, 49227 ] end=4128768 piso=11146240
COUNTS id=[ 256, 49228 ] end=4128768 piso=10420224
COUNTS id=[ 256, 49229 ] end=4128768 piso=10659328
COUNTS id=[ 256, 49230 ] end=6160384 piso=16342528
COUNTS id=[ 256, 49231 ] end=3112960 piso=8759296
COUNTS id=[ 256, 49232 ] end=3112960 piso=8961536
COUNTS id=[ 256, 49233 ] end=5144576 piso=12597248
COUNTS id=[ 256, 49234 ] end=5144576 piso=12660736
COUNTS id=[ 256, 49235 ] end=3112960 piso=9509376
COUNTS id=[ 256, 49236 ] end=1081344 piso=9129472
COUNTS id=[ 256, 49237 ] end=2097152 piso=8421376
COUNTS id=[ 256, 49238 ] end=2097152 piso=8490496
COUNTS id=[ 256, 49239 ] end=4128768 piso=10637824
COUNTS id=[ 256, 49240 ] end=5144576 piso=12706304
COUNTS id=[ 256, 49241 ] end=3112960 piso=9656832
COUNTS id=[ 256, 49242 ] end=1081344 piso=9686016
COUNTS id=[ 256, 49243 ] end=1081344 piso=9166848
COUNTS id=[ 256, 49244 ] end=4128768 piso=10316800
COUNTS id=[ 256, 49245 ] end=4128768 piso=10380288
COUNTS id=[ 256, 49246 ] end=2097152 piso=8867328
COUNTS id=[ 256, 49247 ] end=4128768 piso=10127872
COUNTS id=[ 256, 49248 ] end=4128768 piso=10191872
COUNTS id=[ 256, 49249 ] end=4128768 piso=10463232
COUNTS id=[ 256, 49250 ] end=3112960 piso=8932864
COUNTS id=[ 256, 49251 ] end=5144576 piso=13452288
COUNTS id=[ 256, 49252 ] end=36634624 piso=55848448
COUNTS id=[ 256, 49253 ] end=4128768 piso=10510848
COUNTS id=[ 256, 49254 ] end=6160384 piso=18269184
COUNTS id=[ 256, 49255 ] end=6160384 piso=18837504
COUNTS id=[ 256, 49256 ] end=5144576 piso=13697536
COUNTS id=[ 256, 49257 ] end=5144576 piso=12911616
COUNTS id=[ 256, 49258 ] end=35651584 piso=52137984
COUNTS id=[ 256, 49259 ] end=5144576 piso=12466688
COUNTS id=[ 256, 49260 ] end=37650432 piso=61914624
COUNTS id=[ 256, 49261 ] end=3112960 piso=11146240
COUNTS id=[ 256, 49262 ] end=3112960 piso=10129408
COUNTS id=[ 256, 49263 ] end=2097152 piso=10210816
COUNTS id=[ 256, 49264 ] end=36634624 piso=55127040
COUNTS id=[ 256, 49265 ] end=2097152 piso=9607168
COUNTS id=[ 256, 49266 ] end=35618816 piso=50634752
COUNTS id=[ 256, 49267 ] end=5144576 piso=13667328
COUNTS id=[ 256, 49268 ] end=3112960 piso=10976768
COUNTS id=[ 256, 49269 ] end=1081344 piso=10434048
COUNTS id=[ 256, 49270 ] end=4128768 piso=10427904
COUNTS id=[ 256, 49271 ] end=36634624 piso=55010816
COUNTS id=[ 256, 49272 ] end=2097152 piso=8928256
COUNTS id=[ 256, 49273 ] end=36634624 piso=55236608
COUNTS id=[ 256, 49274 ] end=6160384 piso=18309632
COUNTS id=[ 256, 49275 ] end=4128768 piso=11611648
COUNTS id=[ 256, 49276 ] end=5144576 piso=13789184
COUNTS id=[ 256, 49277 ] end=37650432 piso=61961728
COUNTS id=[ 256, 49278 ] end=99614720 piso=337353216
COUNTS id=[ 256, 49279 ] end=132120576 piso=608897536
COUNTS id=[ 256, 49280 ] end=37650432 piso=61778432
COUNTS id=[ 256, 49281 ] end=37650432 piso=61997568
COUNTS id=[ 256, 49282 ] end=37650432 piso=61806080
COUNTS id=[ 256, 49283 ] end=68124672 piso=157904384
COUNTS id=[ 256, 49284 ] end=5144576 piso=17025536
PROGRESS checked=200 hits=0 reversed=0 runtime_ms=1134544
COUNTS id=[ 256, 49285 ] end=3112960 piso=14785024
COUNTS id=[ 256, 49286 ] end=99614720 piso=337368576
COUNTS id=[ 256, 49287 ] end=69140480 piso=172125696
COUNTS id=[ 256, 49288 ] end=67108864 piso=155942400
COUNTS id=[ 256, 49289 ] end=67108864 piso=152772096
COUNTS id=[ 256, 49290 ] end=68124672 piso=162899968
COUNTS id=[ 256, 49291 ] end=100630528 piso=353718272
COUNTS id=[ 256, 49292 ] end=3112960 piso=23632896
COUNTS id=[ 256, 49293 ] end=6160384 piso=18275328
COUNTS id=[ 256, 49294 ] end=6160384 piso=19344384
COUNTS id=[ 256, 49295 ] end=6160384 piso=18863104
COUNTS id=[ 256, 49296 ] end=36634624 piso=53951488
COUNTS id=[ 256, 49297 ] end=38666240 piso=71456768
COUNTS id=[ 256, 49298 ] end=6160384 piso=18977792
COUNTS id=[ 256, 49299 ] end=100663296 piso=354172928
COUNTS id=[ 256, 49300 ] end=5144576 piso=25484288
COUNTS id=[ 256, 49301 ] end=68124672 piso=161912832
COUNTS id=[ 256, 49302 ] end=3112960 piso=26346496
COUNTS id=[ 256, 49303 ] end=69140480 piso=174126080
COUNTS id=[ 256, 49304 ] end=69140480 piso=173787136
COUNTS id=[ 256, 49305 ] end=68157440 piso=158611456
COUNTS id=[ 256, 49306 ] end=35618816 piso=48558080
COUNTS id=[ 256, 49307 ] end=35618816 piso=48662528
COUNTS id=[ 256, 49308 ] end=37650432 piso=64241664
COUNTS id=[ 256, 49309 ] end=3112960 piso=12457984
COUNTS id=[ 256, 49310 ] end=3112960 piso=12376064
COUNTS id=[ 256, 49311 ] end=36634624 piso=55169024
COUNTS id=[ 256, 49312 ] end=69140480 piso=173436928
COUNTS id=[ 256, 49313 ] end=36634624 piso=60624896
COUNTS id=[ 256, 49314 ] end=34603008 piso=46802944
COUNTS id=[ 256, 49315 ] end=3112960 piso=10819072
COUNTS id=[ 256, 49316 ] end=5144576 piso=14792192
COUNTS id=[ 256, 49317 ] end=5144576 piso=20081152
COUNTS id=[ 256, 49318 ] end=36634624 piso=53349888
COUNTS id=[ 256, 49319 ] end=4128768 piso=11689472
COUNTS id=[ 256, 49320 ] end=6160384 piso=18405888
COUNTS id=[ 256, 49321 ] end=4128768 piso=11588096
COUNTS id=[ 256, 49322 ] end=4128768 piso=10599936
COUNTS id=[ 256, 49323 ] end=4128768 piso=10594816
COUNTS id=[ 256, 49324 ] end=5144576 piso=16819712
COUNTS id=[ 256, 49325 ] end=3112960 piso=12320256
COUNTS id=[ 256, 49326 ] end=5144576 piso=16632320
COUNTS id=[ 256, 49327 ] end=131104768 piso=582708736
COUNTS id=[ 256, 49328 ] end=36634624 piso=55264256
COUNTS id=[ 256, 49329 ] end=36634624 piso=58079232
COUNTS id=[ 256, 49330 ] end=66125824 piso=149215744
COUNTS id=[ 256, 49331 ] end=68157440 piso=165534208
COUNTS id=[ 256, 49332 ] end=131268608 piso=587061760
COUNTS id=[ 256, 49333 ] end=68157440 piso=160893440
COUNTS id=[ 256, 49334 ] end=132153344 piso=611320320
COUNTS id=[ 256, 49335 ] end=4161536 piso=24867328
COUNTS id=[ 256, 49336 ] end=67141632 piso=154763776
COUNTS id=[ 256, 49337 ] end=5144576 piso=16907264
COUNTS id=[ 256, 49338 ] end=37650432 piso=62415872
COUNTS id=[ 256, 49339 ] end=5144576 piso=15104000
COUNTS id=[ 256, 49340 ] end=4128768 piso=26333696
COUNTS id=[ 256, 49341 ] end=70156288 piso=189740032
COUNTS id=[ 256, 49342 ] end=68124672 piso=160304128
COUNTS id=[ 256, 49343 ] end=36634624 piso=53814784
COUNTS id=[ 256, 49344 ] end=36634624 piso=53351936
COUNTS id=[ 256, 49345 ] end=36634624 piso=53540352
COUNTS id=[ 256, 49346 ] end=4128768 piso=12774912
COUNTS id=[ 256, 49347 ] end=6160384 piso=18324992
COUNTS id=[ 256, 49348 ] end=35618816 piso=50702336
COUNTS id=[ 256, 49349 ] end=35618816 piso=50700288
COUNTS id=[ 256, 49350 ] end=37650432 piso=62096384
COUNTS id=[ 256, 49351 ] end=6160384 piso=18897920
COUNTS id=[ 256, 49352 ] end=6160384 piso=19252224
COUNTS id=[ 256, 49353 ] end=2097152 piso=10819584
COUNTS id=[ 256, 49354 ] end=5144576 piso=12374528
COUNTS id=[ 256, 49355 ] end=3112960 piso=10740224
COUNTS id=[ 256, 49356 ] end=7208960 piso=23355904
COUNTS id=[ 256, 49357 ] end=5144576 piso=12403200
COUNTS id=[ 256, 49358 ] end=7176192 piso=23279104
COUNTS id=[ 256, 49359 ] end=5144576 piso=13284864
COUNTS id=[ 256, 49360 ] end=4128768 piso=12751872
COUNTS id=[ 256, 49361 ] end=6160384 piso=18095104
COUNTS id=[ 256, 49362 ] end=4128768 piso=11877376
COUNTS id=[ 256, 49363 ] end=70156288 piso=188874240
COUNTS id=[ 256, 49364 ] end=68124672 piso=165088768
COUNTS id=[ 256, 49365 ] end=68124672 piso=162556416
COUNTS id=[ 256, 49366 ] end=6160384 piso=20542464
COUNTS id=[ 256, 49367 ] end=36634624 piso=58515456
COUNTS id=[ 256, 49368 ] end=6160384 piso=21147648
COUNTS id=[ 256, 49369 ] end=6160384 piso=24293376
COUNTS id=[ 256, 49370 ] end=4128768 piso=14849024
COUNTS id=[ 256, 49371 ] end=68124672 piso=164680192
COUNTS id=[ 256, 49372 ] end=100663296 piso=359817728
COUNTS id=[ 256, 49373 ] end=4128768 piso=24441344
COUNTS id=[ 256, 49374 ] end=69140480 piso=174050816
COUNTS id=[ 256, 49375 ] end=2097152 piso=26931712
COUNTS id=[ 256, 49376 ] end=5144576 piso=15622144
COUNTS id=[ 256, 49377 ] end=7176192 piso=24569856
COUNTS id=[ 256, 49378 ] end=5144576 piso=14648320
COUNTS id=[ 256, 49379 ] end=5144576 piso=17811456
COUNTS id=[ 256, 49380 ] end=5144576 piso=15172608
COUNTS id=[ 256, 49381 ] end=67108864 piso=153829888
COUNTS id=[ 256, 49382 ] end=99614720 piso=337405440
COUNTS id=[ 256, 49383 ] end=4128768 piso=27304448
COUNTS id=[ 256, 49384 ] end=67108864 piso=155793920
PROGRESS checked=300 hits=0 reversed=0 runtime_ms=1751276
COUNTS id=[ 256, 49385 ] end=69140480 piso=174981632
COUNTS id=[ 256, 49386 ] end=69140480 piso=172342784
COUNTS id=[ 256, 49387 ] end=37650432 piso=64432640
COUNTS id=[ 256, 49388 ] end=5144576 piso=16996864
COUNTS id=[ 256, 49389 ] end=37650432 piso=65524224
COUNTS id=[ 256, 49390 ] end=37650432 piso=62291456
COUNTS id=[ 256, 49391 ] end=5144576 piso=16962048
COUNTS id=[ 256, 49392 ] end=99614720 piso=339797504
COUNTS id=[ 256, 49393 ] end=100630528 piso=355804160
COUNTS id=[ 256, 49394 ] end=3112960 piso=23569408
COUNTS id=[ 256, 49395 ] end=3112960 piso=27862016
COUNTS id=[ 256, 49396 ] end=6160384 piso=18468864
COUNTS id=[ 256, 49397 ] end=36634624 piso=53958656
COUNTS id=[ 256, 49398 ] end=4128768 piso=13431808
COUNTS id=[ 256, 49399 ] end=38666240 piso=71894016
COUNTS id=[ 256, 49400 ] end=36634624 piso=56690688
COUNTS id=[ 256, 49401 ] end=131137536 piso=582273024
COUNTS id=[ 256, 49402 ] end=5144576 piso=25478144
COUNTS id=[ 256, 49403 ] end=66093056 piso=147106816
COUNTS id=[ 256, 49404 ] end=34603008 piso=49003520
COUNTS id=[ 256, 49405 ] end=34603008 piso=48882688
COUNTS id=[ 256, 49406 ] end=36634624 piso=55677952
COUNTS id=[ 256, 49407 ] end=3145728 piso=12587008
COUNTS id=[ 256, 49408 ] end=3112960 piso=10037248
COUNTS id=[ 256, 49409 ] end=3112960 piso=11475968
COUNTS id=[ 256, 49410 ] end=5144576 piso=16332800
COUNTS id=[ 256, 49411 ] end=1081344 piso=10205184
COUNTS id=[ 256, 49412 ] end=34603008 piso=46770176
COUNTS id=[ 256, 49413 ] end=3112960 piso=14471680
COUNTS id=[ 256, 49414 ] end=3112960 piso=10822144
COUNTS id=[ 256, 49415 ] end=3112960 piso=11056640
COUNTS id=[ 256, 49416 ] end=2097152 piso=9135616
COUNTS id=[ 256, 49417 ] end=4128768 piso=10868224
COUNTS id=[ 256, 49418 ] end=2097152 piso=9562624
COUNTS id=[ 256, 49419 ] end=4128768 piso=13093376
COUNTS id=[ 256, 49420 ] end=2097152 piso=8761856
COUNTS id=[ 256, 49421 ] end=3112960 piso=10905088
COUNTS id=[ 256, 49422 ] end=1081344 piso=10814976
COUNTS id=[ 256, 49423 ] end=37650432 piso=64498688
COUNTS id=[ 256, 49424 ] end=6160384 piso=17945600
COUNTS id=[ 256, 49425 ] end=4128768 piso=13240832
COUNTS id=[ 256, 49426 ] end=6160384 piso=24072704
COUNTS id=[ 256, 49427 ] end=36634624 piso=57835008
COUNTS id=[ 256, 49428 ] end=5144576 piso=15776768
COUNTS id=[ 256, 49429 ] end=37683200 piso=68020736
COUNTS id=[ 256, 49430 ] end=5144576 piso=13912576
COUNTS id=[ 256, 49431 ] end=4128768 piso=10936320
COUNTS id=[ 256, 49432 ] end=6160384 piso=17969664
COUNTS id=[ 256, 49433 ] end=3112960 piso=10758656
COUNTS id=[ 256, 49434 ] end=37650432 piso=62187520
COUNTS id=[ 256, 49435 ] end=3112960 piso=10486784
COUNTS id=[ 256, 49436 ] end=3112960 piso=10402816
COUNTS id=[ 256, 49437 ] end=3112960 piso=9977344
COUNTS id=[ 256, 49438 ] end=36634624 piso=55007744
COUNTS id=[ 256, 49439 ] end=4128768 piso=13083648
COUNTS id=[ 256, 49440 ] end=4128768 piso=11485184
COUNTS id=[ 256, 49441 ] end=3112960 piso=10839552
COUNTS id=[ 256, 49442 ] end=4128768 piso=12425728
COUNTS id=[ 256, 49443 ] end=2097152 piso=10209280
COUNTS id=[ 256, 49444 ] end=2097152 piso=12342272
COUNTS id=[ 256, 49445 ] end=4128768 piso=14734336
COUNTS id=[ 256, 49446 ] end=3112960 piso=10757632
COUNTS id=[ 256, 49447 ] end=3112960 piso=12404736
COUNTS id=[ 256, 49448 ] end=4128768 piso=12782080
COUNTS id=[ 256, 49449 ] end=65536 piso=12046336
COUNTS id=[ 256, 49450 ] end=1081344 piso=9684992
COUNTS id=[ 256, 49451 ] end=1114112 piso=12739072
COUNTS id=[ 256, 49452 ] end=3112960 piso=10912256
COUNTS id=[ 256, 49453 ] end=3112960 piso=12694016
COUNTS id=[ 256, 49454 ] end=1081344 piso=10742784
COUNTS id=[ 256, 49455 ] end=2097152 piso=8873984
COUNTS id=[ 256, 49456 ] end=2097152 piso=10814976
COUNTS id=[ 256, 49457 ] end=65536 piso=12297728
COUNTS id=[ 256, 49458 ] end=4128768 piso=13854208
COUNTS id=[ 256, 49459 ] end=3112960 piso=12006912
COUNTS id=[ 256, 49460 ] end=3112960 piso=10471936
COUNTS id=[ 256, 49461 ] end=5144576 piso=14730240
COUNTS id=[ 256, 49462 ] end=3112960 piso=12701184
COUNTS id=[ 256, 49463 ] end=4128768 piso=12119040
COUNTS id=[ 256, 49464 ] end=4128768 piso=13529600
COUNTS id=[ 256, 49465 ] end=5144576 piso=14760448
COUNTS id=[ 256, 49466 ] end=1081344 piso=9763840
COUNTS id=[ 256, 49467 ] end=4128768 piso=12133888
COUNTS id=[ 256, 49468 ] end=2097152 piso=8898560
COUNTS id=[ 256, 49469 ] end=4128768 piso=12383232
COUNTS id=[ 256, 49470 ] end=2097152 piso=10506752
COUNTS id=[ 256, 49471 ] end=3145728 piso=11939840
COUNTS id=[ 256, 49472 ] end=3112960 piso=9088000
COUNTS id=[ 256, 49473 ] end=3112960 piso=9815552
COUNTS id=[ 256, 49474 ] end=6160384 piso=21252096
COUNTS id=[ 256, 49475 ] end=5177344 piso=20379648
COUNTS id=[ 256, 49476 ] end=3112960 piso=12519424
COUNTS id=[ 256, 49477 ] end=5144576 piso=14276096
COUNTS id=[ 256, 49478 ] end=3112960 piso=15956992
COUNTS id=[ 256, 49479 ] end=34603008 piso=46303744
CLOSEST id=[ 256, 49479 ] end=34603008 piso=46303744 ratio=90437/67584
COUNTS id=[ 256, 49480 ] end=4128768 piso=11384832
COUNTS id=[ 256, 49481 ] end=3112960 piso=10140672
COUNTS id=[ 256, 49482 ] end=35618816 piso=51259904
COUNTS id=[ 256, 49483 ] end=4128768 piso=14583808
COUNTS id=[ 256, 49484 ] end=4128768 piso=12643840
PROGRESS checked=400 hits=0 reversed=0 runtime_ms=2324720
COUNTS id=[ 256, 49485 ] end=2097152 piso=10124800
COUNTS id=[ 256, 49486 ] end=2097152 piso=11713536
COUNTS id=[ 256, 49487 ] end=35618816 piso=51139072
COUNTS id=[ 256, 49488 ] end=3112960 piso=10421248
COUNTS id=[ 256, 49489 ] end=5144576 piso=13739520
COUNTS id=[ 256, 49490 ] end=5144576 piso=12494336
COUNTS id=[ 256, 49491 ] end=4128768 piso=11505664
COUNTS id=[ 256, 49492 ] end=4128768 piso=10893312
COUNTS id=[ 256, 49493 ] end=4128768 piso=10476544
COUNTS id=[ 256, 49494 ] end=4128768 piso=11844608
COUNTS id=[ 256, 49495 ] end=5144576 piso=12666368
COUNTS id=[ 256, 49496 ] end=5177344 piso=14828032
COUNTS id=[ 256, 49497 ] end=6160384 piso=18262528
COUNTS id=[ 256, 49498 ] end=2097152 piso=9119232
COUNTS id=[ 256, 49499 ] end=5144576 piso=14080000
COUNTS id=[ 256, 49500 ] end=7176192 piso=23146496
COUNTS id=[ 256, 49501 ] end=3112960 piso=10470400
COUNTS id=[ 256, 49502 ] end=4128768 piso=11171328
COUNTS id=[ 256, 49503 ] end=6160384 piso=18233856
COUNTS id=[ 256, 49504 ] end=36634624 piso=55141888
COUNTS id=[ 256, 49505 ] end=3112960 piso=8969728
COUNTS id=[ 256, 49506 ] end=3112960 piso=9821696
COUNTS id=[ 256, 49507 ] end=35618816 piso=50503168
COUNTS id=[ 256, 49508 ] end=1081344 piso=10450432
COUNTS id=[ 256, 49509 ] end=4128768 piso=10108416
COUNTS id=[ 256, 49510 ] end=3112960 piso=9109504
COUNTS id=[ 256, 49511 ] end=5144576 piso=13694976
COUNTS id=[ 256, 49512 ] end=36634624 piso=55054336
COUNTS id=[ 256, 49513 ] end=2097152 piso=9598976
COUNTS id=[ 256, 49514 ] end=4128768 piso=10496000
COUNTS id=[ 256, 49515 ] end=35651584 piso=50274304
COUNTS id=[ 256, 49516 ] end=4128768 piso=12353536
COUNTS id=[ 256, 49517 ] end=4128768 piso=10466304
COUNTS id=[ 256, 49518 ] end=3145728 piso=10680320
COUNTS id=[ 256, 49519 ] end=3112960 piso=10839040
COUNTS id=[ 256, 49520 ] end=5144576 piso=14453760
COUNTS id=[ 256, 49521 ] end=1081344 piso=9641984
COUNTS id=[ 256, 49522 ] end=4128768 piso=11736064
COUNTS id=[ 256, 49523 ] end=5144576 piso=14600704
COUNTS id=[ 256, 49524 ] end=1081344 piso=9504256
COUNTS id=[ 256, 49525 ] end=4128768 piso=11924992
COUNTS id=[ 256, 49526 ] end=4128768 piso=13155840
COUNTS id=[ 256, 49527 ] end=4128768 piso=11344384
COUNTS id=[ 256, 49528 ] end=35618816 piso=52711936
COUNTS id=[ 256, 49529 ] end=36634624 piso=55282688
COUNTS id=[ 256, 49530 ] end=36634624 piso=54513152
COUNTS id=[ 256, 49531 ] end=36634624 piso=53263872
COUNTS id=[ 256, 49532 ] end=5144576 piso=16313344
COUNTS id=[ 256, 49533 ] end=68157440 piso=165276160
COUNTS id=[ 256, 49534 ] end=69140480 piso=177467392
COUNTS id=[ 256, 49535 ] end=5144576 piso=13939200
COUNTS id=[ 256, 49536 ] end=35618816 piso=48806912
COUNTS id=[ 256, 49537 ] end=6160384 piso=18374144
COUNTS id=[ 256, 49538 ] end=34603008 piso=49032192
COUNTS id=[ 256, 49539 ] end=35618816 piso=50017280
COUNTS id=[ 256, 49540 ] end=4128768 piso=10157568
COUNTS id=[ 256, 49541 ] end=4128768 piso=10229760
COUNTS id=[ 256, 49542 ] end=4128768 piso=11029504
COUNTS id=[ 256, 49543 ] end=3112960 piso=10672640
COUNTS id=[ 256, 49544 ] end=4128768 piso=11909632
COUNTS id=[ 256, 49545 ] end=3112960 piso=10116096
COUNTS id=[ 256, 49546 ] end=5177344 piso=13165056
COUNTS id=[ 256, 49547 ] end=36634624 piso=53297152
COUNTS id=[ 256, 49548 ] end=2097152 piso=10480128
COUNTS id=[ 256, 49549 ] end=34603008 piso=49557504
COUNTS id=[ 256, 49550 ] end=3112960 piso=10634752
COUNTS id=[ 256, 49551 ] end=3112960 piso=10051584
COUNTS id=[ 256, 49552 ] end=1081344 piso=10867200
COUNTS id=[ 256, 49553 ] end=2097152 piso=10595840
COUNTS id=[ 256, 49554 ] end=35618816 piso=52934656
COUNTS id=[ 256, 49555 ] end=4128768 piso=11528192
COUNTS id=[ 256, 49556 ] end=33619968 piso=46729216
COUNTS id=[ 256, 49557 ] end=3112960 piso=11056640
COUNTS id=[ 256, 49558 ] end=34603008 piso=46469632
