{"command": ["/project/gap-4.16.1/gap", "-l", "/project/gap-4.16.1", "-q", "-b", "-T", "-m", "128m", "-o", "4g", "-c", "START_ORDER:=480;;END_ORDER:=480;;START_ID:=1;;END_ID:=256;;SKIP_ABELIAN:=true;;LOG_ALL:=true;;", "/project/scripts/search_19_20.g"], "source_hashes": {"scripts/search_19_20.g": "7b6a34e9163b58b0248b3c464ae8070783414cd7d14048136dd0e3547b906318", "scripts/lib_19_20.g": "fbcf2d3c4b0648cc1fa87d6e50fc923133d594c029b8430a365caf596ac7ccd5"}}
PARAMETERS start=480 end=480 start_id=1 end_id=256 skip_abelian=true log_all=true
ORDER_START order=480 groups=1213
COUNTS id=[ 480, 1 ] end=800 piso=1440
CLOSEST id=[ 480, 1 ] end=800 piso=1440 ratio=9/5
COUNTS id=[ 480, 2 ] end=1248 piso=2400
COUNTS id=[ 480, 3 ] end=3616 piso=11040
ABELIAN_SKIPPED id=[ 480, 4 ] reason=known_equality
COUNTS id=[ 480, 5 ] end=864 piso=2880
COUNTS id=[ 480, 6 ] end=2208 piso=9600
COUNTS id=[ 480, 7 ] end=5760 piso=28800
COUNTS id=[ 480, 8 ] end=6656 piso=28800
COUNTS id=[ 480, 9 ] end=6144 piso=36480
COUNTS id=[ 480, 10 ] end=4896 piso=28800
COUNTS id=[ 480, 11 ] end=5056 piso=28800
COUNTS id=[ 480, 12 ] end=6016 piso=36480
COUNTS id=[ 480, 13 ] end=16548 piso=111600
COUNTS id=[ 480, 14 ] end=26724 piso=271920
COUNTS id=[ 480, 15 ] end=22276 piso=235920
COUNTS id=[ 480, 16 ] end=15204 piso=85680
COUNTS id=[ 480, 17 ] end=14788 piso=81840
COUNTS id=[ 480, 18 ] end=16164 piso=150000
COUNTS id=[ 480, 19 ] end=20164 piso=184560
COUNTS id=[ 480, 20 ] end=15076 piso=138960
COUNTS id=[ 480, 21 ] end=18724 piso=177360
COUNTS id=[ 480, 22 ] end=15364 piso=96240
COUNTS id=[ 480, 23 ] end=19204 piso=202800
COUNTS id=[ 480, 24 ] end=17284 piso=178320
COUNTS id=[ 480, 25 ] end=23040 piso=115200
COUNTS id=[ 480, 26 ] end=26624 piso=115200
COUNTS id=[ 480, 27 ] end=24576 piso=145920
COUNTS id=[ 480, 28 ] end=19584 piso=115200
COUNTS id=[ 480, 29 ] end=20224 piso=115200
COUNTS id=[ 480, 30 ] end=24064 piso=145920
COUNTS id=[ 480, 31 ] end=11520 piso=139200
COUNTS id=[ 480, 32 ] end=13312 piso=115200
COUNTS id=[ 480, 33 ] end=12288 piso=320640
COUNTS id=[ 480, 34 ] end=19392 piso=272160
COUNTS id=[ 480, 35 ] end=20096 piso=206880
COUNTS id=[ 480, 36 ] end=23552 piso=759840
COUNTS id=[ 480, 37 ] end=17472 piso=160800
COUNTS id=[ 480, 38 ] end=19328 piso=141600
COUNTS id=[ 480, 39 ] end=15872 piso=325920
COUNTS id=[ 480, 40 ] end=16800 piso=249120
COUNTS id=[ 480, 41 ] end=17952 piso=287520
COUNTS id=[ 480, 42 ] end=16096 piso=181920
COUNTS id=[ 480, 43 ] end=17696 piso=216480
COUNTS id=[ 480, 44 ] end=22752 piso=754080
COUNTS id=[ 480, 45 ] end=22688 piso=750240
COUNTS id=[ 480, 46 ] end=14880 piso=139680
COUNTS id=[ 480, 47 ] end=16032 piso=193440
COUNTS id=[ 480, 48 ] end=15328 piso=118560
COUNTS id=[ 480, 49 ] end=16928 piso=160800
COUNTS id=[ 480, 50 ] end=15072 piso=337440
COUNTS id=[ 480, 51 ] end=15008 piso=325920
COUNTS id=[ 480, 52 ] end=9792 piso=137760
COUNTS id=[ 480, 53 ] end=8640 piso=80160
COUNTS id=[ 480, 54 ] end=10112 piso=126240
COUNTS id=[ 480, 55 ] end=8512 piso=78240
COUNTS id=[ 480, 56 ] end=11648 piso=137760
COUNTS id=[ 480, 57 ] end=11712 piso=147360
COUNTS id=[ 480, 58 ] end=10560 piso=81600
COUNTS id=[ 480, 59 ] end=8448 piso=117120
COUNTS id=[ 480, 60 ] end=12928 piso=80640
COUNTS id=[ 480, 61 ] end=20768 piso=160320
COUNTS id=[ 480, 62 ] end=15904 piso=104640
COUNTS id=[ 480, 63 ] end=25632 piso=177600
COUNTS id=[ 480, 64 ] end=20768 piso=160320
COUNTS id=[ 480, 65 ] end=15904 piso=104640
COUNTS id=[ 480, 66 ] end=25632 piso=177600
COUNTS id=[ 480, 67 ] end=8672 piso=72000
COUNTS id=[ 480, 68 ] end=7712 piso=65280
COUNTS id=[ 480, 69 ] end=9632 piso=74880
COUNTS id=[ 480, 70 ] end=36864 piso=827520
COUNTS id=[ 480, 71 ] end=13440 piso=209760
COUNTS id=[ 480, 72 ] end=16640 piso=199200
COUNTS id=[ 480, 73 ] end=13056 piso=324000
COUNTS id=[ 480, 74 ] end=2565 piso=38400
COUNTS id=[ 480, 75 ] end=3456 piso=9600
COUNTS id=[ 480, 76 ] end=3168 piso=9600
COUNTS id=[ 480, 77 ] end=20172 piso=123600
COUNTS id=[ 480, 78 ] end=10092 piso=53520
COUNTS id=[ 480, 79 ] end=9612 piso=89040
COUNTS id=[ 480, 80 ] end=19968 piso=38400
COUNTS id=[ 480, 81 ] end=10368 piso=38400
COUNTS id=[ 480, 82 ] end=9792 piso=29760
COUNTS id=[ 480, 83 ] end=5952 piso=37920
COUNTS id=[ 480, 84 ] end=8064 piso=113760
COUNTS id=[ 480, 85 ] end=7008 piso=37440
COUNTS id=[ 480, 86 ] end=7008 piso=37440
COUNTS id=[ 480, 87 ] end=11232 piso=191520
COUNTS id=[ 480, 88 ] end=5472 piso=82080
COUNTS id=[ 480, 89 ] end=4992 piso=9600
COUNTS id=[ 480, 90 ] end=2592 piso=9600
COUNTS id=[ 480, 91 ] end=13824 piso=38400
COUNTS id=[ 480, 92 ] end=4032 piso=31680
COUNTS id=[ 480, 93 ] end=12672 piso=38400
COUNTS id=[ 480, 94 ] end=5856 piso=105120
COUNTS id=[ 480, 95 ] end=19296 piso=72000
COUNTS id=[ 480, 96 ] end=19296 piso=72000
COUNTS id=[ 480, 97 ] end=4896 piso=27840
COUNTS id=[ 480, 98 ] end=6912 piso=89280
COUNTS id=[ 480, 99 ] end=11616 piso=199200
COUNTS id=[ 480, 100 ] end=2976 piso=22080
COUNTS id=[ 480, 101 ] end=12096 piso=195360
PROGRESS checked=100 hits=0 reversed=0 runtime_ms=82280
COUNTS id=[ 480, 102 ] end=6336 piso=84000
COUNTS id=[ 480, 103 ] end=6336 piso=57120
COUNTS id=[ 480, 104 ] end=8460 piso=51600
COUNTS id=[ 480, 105 ] end=5100 piso=31440
COUNTS id=[ 480, 106 ] end=7212 piso=39120
COUNTS id=[ 480, 107 ] end=5772 piso=40080
COUNTS id=[ 480, 108 ] end=9984 piso=41280
COUNTS id=[ 480, 109 ] end=27648 piso=359040
COUNTS id=[ 480, 110 ] end=7776 piso=57120
COUNTS id=[ 480, 111 ] end=10176 piso=64800
COUNTS id=[ 480, 112 ] end=14976 piso=92640
COUNTS id=[ 480, 113 ] end=7392 piso=39840
COUNTS id=[ 480, 114 ] end=9792 piso=45600
COUNTS id=[ 480, 115 ] end=5184 piso=34080
COUNTS id=[ 480, 116 ] end=2560 piso=5760
COUNTS id=[ 480, 117 ] end=2240 piso=5760
COUNTS id=[ 480, 118 ] end=12500 piso=69840
COUNTS id=[ 480, 119 ] end=6260 piso=30480
COUNTS id=[ 480, 120 ] end=5780 piso=50640
COUNTS id=[ 480, 121 ] end=12800 piso=23040
COUNTS id=[ 480, 122 ] end=7040 piso=23040
COUNTS id=[ 480, 123 ] end=6080 piso=18240
COUNTS id=[ 480, 124 ] end=4160 piso=24480
COUNTS id=[ 480, 125 ] end=6400 piso=76320
COUNTS id=[ 480, 126 ] end=5280 piso=24000
COUNTS id=[ 480, 127 ] end=5280 piso=24000
COUNTS id=[ 480, 128 ] end=7520 piso=112800
COUNTS id=[ 480, 129 ] end=3680 piso=49440
COUNTS id=[ 480, 130 ] end=3200 piso=5760
COUNTS id=[ 480, 131 ] end=1760 piso=5760
COUNTS id=[ 480, 132 ] end=10240 piso=23040
COUNTS id=[ 480, 133 ] end=3200 piso=19200
COUNTS id=[ 480, 134 ] end=8960 piso=23040
COUNTS id=[ 480, 135 ] end=4000 piso=60960
COUNTS id=[ 480, 136 ] end=11680 piso=41280
COUNTS id=[ 480, 137 ] end=11680 piso=41280
COUNTS id=[ 480, 138 ] end=3040 piso=16320
COUNTS id=[ 480, 139 ] end=5120 piso=53760
COUNTS id=[ 480, 140 ] end=7840 piso=116640
COUNTS id=[ 480, 141 ] end=2080 piso=13440
COUNTS id=[ 480, 142 ] end=8320 piso=114720
COUNTS id=[ 480, 143 ] end=4480 piso=49440
COUNTS id=[ 480, 144 ] end=4480 piso=34080
COUNTS id=[ 480, 145 ] end=6260 piso=33840
COUNTS id=[ 480, 146 ] end=3380 piso=19440
COUNTS id=[ 480, 147 ] end=4820 piso=23280
COUNTS id=[ 480, 148 ] end=3860 piso=26160
COUNTS id=[ 480, 149 ] end=6400 piso=29760
COUNTS id=[ 480, 150 ] end=20480 piso=220800
COUNTS id=[ 480, 151 ] end=5280 piso=45600
COUNTS id=[ 480, 152 ] end=6720 piso=49440
COUNTS id=[ 480, 153 ] end=9600 piso=65760
COUNTS id=[ 480, 154 ] end=4640 piso=28320
COUNTS id=[ 480, 155 ] end=6080 piso=30240
COUNTS id=[ 480, 156 ] end=3520 piso=22560
COUNTS id=[ 480, 157 ] end=8192 piso=40320
COUNTS id=[ 480, 158 ] end=7936 piso=40320
COUNTS id=[ 480, 159 ] end=58564 piso=576720
COUNTS id=[ 480, 160 ] end=29284 piso=245520
COUNTS id=[ 480, 161 ] end=28804 piso=403920
COUNTS id=[ 480, 162 ] end=57856 piso=176640
COUNTS id=[ 480, 163 ] end=29056 piso=176640
COUNTS id=[ 480, 164 ] end=28864 piso=133440
COUNTS id=[ 480, 165 ] end=15424 piso=143520
COUNTS id=[ 480, 166 ] end=17408 piso=400800
COUNTS id=[ 480, 167 ] end=16416 piso=150720
COUNTS id=[ 480, 168 ] end=16416 piso=150720
COUNTS id=[ 480, 169 ] end=30304 piso=761760
COUNTS id=[ 480, 170 ] end=14944 piso=329760
COUNTS id=[ 480, 171 ] end=14464 piso=44160
COUNTS id=[ 480, 172 ] end=7264 piso=44160
COUNTS id=[ 480, 173 ] end=32768 piso=161280
COUNTS id=[ 480, 174 ] end=8704 piso=132480
COUNTS id=[ 480, 175 ] end=31744 piso=161280
COUNTS id=[ 480, 176 ] end=15392 piso=456480
COUNTS id=[ 480, 177 ] end=57632 piso=348480
COUNTS id=[ 480, 178 ] end=57632 piso=348480
COUNTS id=[ 480, 179 ] end=14432 piso=131520
COUNTS id=[ 480, 180 ] end=16384 piso=336000
COUNTS id=[ 480, 181 ] end=30752 piso=804000
COUNTS id=[ 480, 182 ] end=7712 piso=96000
COUNTS id=[ 480, 183 ] end=31232 piso=775200
COUNTS id=[ 480, 184 ] end=15872 piso=341280
COUNTS id=[ 480, 185 ] end=15872 piso=233760
COUNTS id=[ 480, 186 ] end=20260 piso=196080
COUNTS id=[ 480, 187 ] end=14500 piso=131760
COUNTS id=[ 480, 188 ] end=19204 piso=174000
COUNTS id=[ 480, 189 ] end=15364 piso=150000
COUNTS id=[ 480, 190 ] end=28928 piso=144960
COUNTS id=[ 480, 191 ] end=65536 piso=1572480
COUNTS id=[ 480, 192 ] end=21792 piso=160800
COUNTS id=[ 480, 193 ] end=28992 piso=203040
COUNTS id=[ 480, 194 ] end=43392 piso=334560
COUNTS id=[ 480, 195 ] end=21664 piso=143520
COUNTS id=[ 480, 196 ] end=28864 piso=183840
COUNTS id=[ 480, 197 ] end=14528 piso=130080
COUNTS id=[ 480, 198 ] end=15360 piso=82560
ABELIAN_SKIPPED id=[ 480, 199 ] reason=known_equality
COUNTS id=[ 480, 200 ] end=5760 piso=7680
CLOSEST id=[ 480, 200 ] end=5760 piso=7680 ratio=4/3
COUNTS id=[ 480, 201 ] end=3840 piso=18240
COUNTS id=[ 480, 202 ] end=5760 piso=38880
PROGRESS checked=200 hits=0 reversed=0 runtime_ms=141811
COUNTS id=[ 480, 203 ] end=4800 piso=34080
COUNTS id=[ 480, 204 ] end=2880 piso=14880
COUNTS id=[ 480, 205 ] end=4320 piso=34080
COUNTS id=[ 480, 206 ] end=2400 piso=16800
COUNTS id=[ 480, 207 ] end=2880 piso=11040
COUNTS id=[ 480, 208 ] end=2880 piso=6720
COUNTS id=[ 480, 209 ] end=4320 piso=10560
COUNTS id=[ 480, 210 ] end=4320 piso=10560
COUNTS id=[ 480, 211 ] end=1440 piso=4800
ABELIAN_SKIPPED id=[ 480, 212 ] reason=known_equality
COUNTS id=[ 480, 213 ] end=1440 piso=1920
COUNTS id=[ 480, 214 ] end=4860 piso=16080
COUNTS id=[ 480, 215 ] end=2460 piso=7440
COUNTS id=[ 480, 216 ] end=1980 piso=12240
COUNTS id=[ 480, 217 ] end=704 piso=102720
COUNTS id=[ 480, 218 ] end=664 piso=119760
COUNTS id=[ 480, 219 ] end=584 piso=138000
COUNTS id=[ 480, 220 ] end=1088 piso=90240
COUNTS id=[ 480, 221 ] end=544 piso=58320
COUNTS id=[ 480, 222 ] end=1088 piso=210960
COUNTS id=[ 480, 223 ] end=15360 piso=120960
COUNTS id=[ 480, 224 ] end=13824 piso=128640
COUNTS id=[ 480, 225 ] end=10176 piso=120960
COUNTS id=[ 480, 226 ] end=12736 piso=128640
COUNTS id=[ 480, 227 ] end=9664 piso=565920
COUNTS id=[ 480, 228 ] end=10304 piso=588960
COUNTS id=[ 480, 229 ] end=6592 piso=245280
COUNTS id=[ 480, 230 ] end=7232 piso=299040
COUNTS id=[ 480, 231 ] end=6944 piso=185760
COUNTS id=[ 480, 232 ] end=6304 piso=133920
COUNTS id=[ 480, 233 ] end=7712 piso=206880
COUNTS id=[ 480, 234 ] end=7072 piso=162720
COUNTS id=[ 480, 235 ] end=10368 piso=141120
COUNTS id=[ 480, 236 ] end=10368 piso=141120
COUNTS id=[ 480, 237 ] end=5888 piso=76800
COUNTS id=[ 480, 238 ] end=5888 piso=76800
COUNTS id=[ 480, 239 ] end=4608 piso=34560
COUNTS id=[ 480, 240 ] end=4352 piso=38400
COUNTS id=[ 480, 241 ] end=3648 piso=34560
COUNTS id=[ 480, 242 ] end=4032 piso=38400
COUNTS id=[ 480, 243 ] end=24576 piso=1119360
COUNTS id=[ 480, 244 ] end=14336 piso=128640
COUNTS id=[ 480, 245 ] end=11776 piso=128640
COUNTS id=[ 480, 246 ] end=9216 piso=284160
COUNTS id=[ 480, 247 ] end=8704 piso=322560
COUNTS id=[ 480, 248 ] end=10496 piso=299040
COUNTS id=[ 480, 249 ] end=11264 piso=464160
COUNTS id=[ 480, 250 ] end=11136 piso=383520
COUNTS id=[ 480, 251 ] end=8064 piso=299040
COUNTS id=[ 480, 252 ] end=8064 piso=109440
COUNTS id=[ 480, 253 ] end=6784 piso=109440
COUNTS id=[ 480, 254 ] end=2000 piso=34080
COUNTS id=[ 480, 255 ] end=1280 piso=17280
COUNTS id=[ 480, 256 ] end=1160 piso=26280
DONE checked=253 abelian=0 hits=0 reversed=0 skipped_abelian=3 closest=[ 480, 200 ] min_ratio=4/3 runtime_ms=183534
