{"command": ["/project/gap-4.16.1/gap", "-l", "/project/gap-4.16.1", "-q", "-b", "-T", "-m", "128m", "-o", "4g", "-c", "START_ORDER:=384;;END_ORDER:=384;;START_ID:=9217;;END_ID:=9472;;SKIP_ABELIAN:=true;;LOG_ALL:=true;;", "/project/scripts/search_19_20.g"], "source_hashes": {"scripts/search_19_20.g": "7b6a34e9163b58b0248b3c464ae8070783414cd7d14048136dd0e3547b906318", "scripts/lib_19_20.g": "fbcf2d3c4b0648cc1fa87d6e50fc923133d594c029b8430a365caf596ac7ccd5"}}
PARAMETERS start=384 end=384 start_id=9217 end_id=9472 skip_abelian=true log_all=true
ORDER_START order=384 groups=20169
COUNTS id=[ 384, 9217 ] end=409600 piso=7735296
CLOSEST id=[ 384, 9217 ] end=409600 piso=7735296 ratio=3777/200
COUNTS id=[ 384, 9218 ] end=311296 piso=5654016
CLOSEST id=[ 384, 9218 ] end=311296 piso=5654016 ratio=11043/608
COUNTS id=[ 384, 9219 ] end=692224 piso=10278912
CLOSEST id=[ 384, 9219 ] end=692224 piso=10278912 ratio=5019/338
COUNTS id=[ 384, 9220 ] end=249856 piso=3867648
COUNTS id=[ 384, 9221 ] end=360448 piso=5566464
COUNTS id=[ 384, 9222 ] end=483328 piso=8942592
COUNTS id=[ 384, 9223 ] end=249856 piso=5297664
COUNTS id=[ 384, 9224 ] end=249856 piso=5392896
COUNTS id=[ 384, 9225 ] end=483328 piso=7959552
COUNTS id=[ 384, 9226 ] end=483328 piso=7959552
COUNTS id=[ 384, 9227 ] end=741376 piso=12303360
COUNTS id=[ 384, 9228 ] end=753664 piso=13653504
COUNTS id=[ 384, 9229 ] end=483328 piso=7638528
COUNTS id=[ 384, 9230 ] end=569344 piso=9424896
COUNTS id=[ 384, 9231 ] end=348160 piso=6475776
COUNTS id=[ 384, 9232 ] end=593920 piso=10294272
COUNTS id=[ 384, 9233 ] end=249856 piso=4784640
COUNTS id=[ 384, 9234 ] end=458752 piso=6870528
COUNTS id=[ 384, 9235 ] end=618496 piso=9874944
COUNTS id=[ 384, 9236 ] end=249856 piso=4131840
COUNTS id=[ 384, 9237 ] end=495616 piso=7349760
CLOSEST id=[ 384, 9237 ] end=495616 piso=7349760 ratio=1305/88
COUNTS id=[ 384, 9238 ] end=999424 piso=20299776
COUNTS id=[ 384, 9239 ] end=360448 piso=13284864
COUNTS id=[ 384, 9240 ] end=802816 piso=16330752
COUNTS id=[ 384, 9241 ] end=1257472 piso=31431168
COUNTS id=[ 384, 9242 ] end=311296 piso=17072640
COUNTS id=[ 384, 9243 ] end=1134592 piso=28228608
COUNTS id=[ 384, 9244 ] end=987136 piso=30033408
COUNTS id=[ 384, 9245 ] end=9023488 piso=1240871424
COUNTS id=[ 384, 9246 ] end=692224 piso=14942208
COUNTS id=[ 384, 9247 ] end=1343488 piso=29205504
COUNTS id=[ 384, 9248 ] end=1466368 piso=35947008
COUNTS id=[ 384, 9249 ] end=11223040 piso=1315766784
COUNTS id=[ 384, 9250 ] end=311296 piso=16473600
COUNTS id=[ 384, 9251 ] end=630784 piso=18925056
COUNTS id=[ 384, 9252 ] end=630784 piso=17066496
COUNTS id=[ 384, 9253 ] end=630784 piso=17001984
COUNTS id=[ 384, 9254 ] end=249856 piso=14949888
COUNTS id=[ 384, 9255 ] end=249856 piso=11248128
COUNTS id=[ 384, 9256 ] end=274432 piso=11681280
COUNTS id=[ 384, 9257 ] end=311296 piso=16343040
COUNTS id=[ 384, 9258 ] end=630784 piso=18706944
COUNTS id=[ 384, 9259 ] end=630784 piso=17032704
COUNTS id=[ 384, 9260 ] end=249856 piso=10748928
COUNTS id=[ 384, 9261 ] end=249856 piso=10936320
COUNTS id=[ 384, 9262 ] end=741376 piso=22656000
COUNTS id=[ 384, 9263 ] end=790528 piso=16396800
COUNTS id=[ 384, 9264 ] end=3223552 piso=57008640
COUNTS id=[ 384, 9265 ] end=249856 piso=8409600
COUNTS id=[ 384, 9266 ] end=643072 piso=14615040
COUNTS id=[ 384, 9267 ] end=249856 piso=11321856
COUNTS id=[ 384, 9268 ] end=286720 piso=15272448
COUNTS id=[ 384, 9269 ] end=286720 piso=15389184
COUNTS id=[ 384, 9270 ] end=249856 piso=10678272
COUNTS id=[ 384, 9271 ] end=286720 piso=11013120
COUNTS id=[ 384, 9272 ] end=286720 piso=9010176
COUNTS id=[ 384, 9273 ] end=1392640 piso=36143616
COUNTS id=[ 384, 9274 ] end=1196032 piso=23276544
COUNTS id=[ 384, 9275 ] end=249856 piso=10798080
COUNTS id=[ 384, 9276 ] end=593920 piso=14995968
COUNTS id=[ 384, 9277 ] end=593920 piso=13976064
COUNTS id=[ 384, 9278 ] end=544768 piso=13983744
COUNTS id=[ 384, 9279 ] end=569344 piso=12954624
COUNTS id=[ 384, 9280 ] end=286720 piso=10994688
COUNTS id=[ 384, 9281 ] end=225280 piso=7518720
COUNTS id=[ 384, 9282 ] end=3395584 piso=57707520
COUNTS id=[ 384, 9283 ] end=544768 piso=11367936
COUNTS id=[ 384, 9284 ] end=569344 piso=11051520
COUNTS id=[ 384, 9285 ] end=286720 piso=7696896
COUNTS id=[ 384, 9286 ] end=630784 piso=17637888
COUNTS id=[ 384, 9287 ] end=1036288 piso=24165888
COUNTS id=[ 384, 9288 ] end=1036288 piso=24168960
COUNTS id=[ 384, 9289 ] end=1417216 piso=33208320
COUNTS id=[ 384, 9290 ] end=630784 piso=14999040
COUNTS id=[ 384, 9291 ] end=630784 piso=13776384
COUNTS id=[ 384, 9292 ] end=643072 piso=13922304
COUNTS id=[ 384, 9293 ] end=532480 piso=16839168
COUNTS id=[ 384, 9294 ] end=286720 piso=15705600
COUNTS id=[ 384, 9295 ] end=249856 piso=11017728
COUNTS id=[ 384, 9296 ] end=544768 piso=13126656
COUNTS id=[ 384, 9297 ] end=532480 piso=12794880
COUNTS id=[ 384, 9298 ] end=532480 piso=13910016
COUNTS id=[ 384, 9299 ] end=532480 piso=12853248
COUNTS id=[ 384, 9300 ] end=249856 piso=8274432
COUNTS id=[ 384, 9301 ] end=249856 piso=11136000
COUNTS id=[ 384, 9302 ] end=249856 piso=8420352
COUNTS id=[ 384, 9303 ] end=286720 piso=10802688
COUNTS id=[ 384, 9304 ] end=532480 piso=11429376
COUNTS id=[ 384, 9305 ] end=532480 piso=11389440
COUNTS id=[ 384, 9306 ] end=532480 piso=10990080
COUNTS id=[ 384, 9307 ] end=249856 piso=8392704
COUNTS id=[ 384, 9308 ] end=569344 piso=11675136
COUNTS id=[ 384, 9309 ] end=225280 piso=10398720
COUNTS id=[ 384, 9310 ] end=262144 piso=7678464
COUNTS id=[ 384, 9311 ] end=225280 piso=7558656
COUNTS id=[ 384, 9312 ] end=225280 piso=7586304
COUNTS id=[ 384, 9313 ] end=409600 piso=16972800
COUNTS id=[ 384, 9314 ] end=225280 piso=10444800
COUNTS id=[ 384, 9315 ] end=225280 piso=7586304
COUNTS id=[ 384, 9316 ] end=225280 piso=6638592
PROGRESS checked=100 hits=0 reversed=0 runtime_ms=318537
COUNTS id=[ 384, 9317 ] end=544768 piso=11665920
COUNTS id=[ 384, 9318 ] end=950272 piso=22152192
COUNTS id=[ 384, 9319 ] end=950272 piso=22625280
COUNTS id=[ 384, 9320 ] end=999424 piso=22202880
COUNTS id=[ 384, 9321 ] end=643072 piso=13538304
COUNTS id=[ 384, 9322 ] end=262144 piso=8361984
COUNTS id=[ 384, 9323 ] end=458752 piso=11355648
COUNTS id=[ 384, 9324 ] end=262144 piso=7884288
COUNTS id=[ 384, 9325 ] end=446464 piso=10119168
COUNTS id=[ 384, 9326 ] end=446464 piso=10146816
COUNTS id=[ 384, 9327 ] end=225280 piso=6736896
COUNTS id=[ 384, 9328 ] end=18743296 piso=2945756160
COUNTS id=[ 384, 9329 ] end=15204352 piso=2781680640
COUNTS id=[ 384, 9330 ] end=4341760 piso=344540160
COUNTS id=[ 384, 9331 ] end=8974336 piso=1244141568
COUNTS id=[ 384, 9332 ] end=3985408 piso=331975680
COUNTS id=[ 384, 9333 ] end=1011712 piso=33696768
COUNTS id=[ 384, 9334 ] end=3997696 piso=329937408
COUNTS id=[ 384, 9335 ] end=741376 piso=20751360
COUNTS id=[ 384, 9336 ] end=8507392 piso=1238805504
COUNTS id=[ 384, 9337 ] end=3899392 piso=328917504
COUNTS id=[ 384, 9338 ] end=1638400 piso=30968832
COUNTS id=[ 384, 9339 ] end=3850240 piso=328935936
COUNTS id=[ 384, 9340 ] end=4526080 piso=359678976
COUNTS id=[ 384, 9341 ] end=4526080 piso=359181312
COUNTS id=[ 384, 9342 ] end=3825664 piso=326283264
COUNTS id=[ 384, 9343 ] end=3850240 piso=326329344
COUNTS id=[ 384, 9344 ] end=1036288 piso=23794176
COUNTS id=[ 384, 9345 ] end=1036288 piso=24141312
COUNTS id=[ 384, 9346 ] end=1318912 piso=29558784
COUNTS id=[ 384, 9347 ] end=3813376 piso=325991424
COUNTS id=[ 384, 9348 ] end=3813376 piso=325976064
COUNTS id=[ 384, 9349 ] end=532480 piso=16808448
COUNTS id=[ 384, 9350 ] end=3776512 piso=325194240
COUNTS id=[ 384, 9351 ] end=569344 piso=11266560
COUNTS id=[ 384, 9352 ] end=507904 piso=11036160
COUNTS id=[ 384, 9353 ] end=1798144 piso=37255680
COUNTS id=[ 384, 9354 ] end=163840 piso=7217664
COUNTS id=[ 384, 9355 ] end=397312 piso=9206784
COUNTS id=[ 384, 9356 ] end=1773568 piso=119763456
COUNTS id=[ 384, 9357 ] end=950272 piso=119591424
COUNTS id=[ 384, 9358 ] end=212992 piso=7053312
COUNTS id=[ 384, 9359 ] end=520192 piso=10366464
COUNTS id=[ 384, 9360 ] end=335872 piso=6919680
COUNTS id=[ 384, 9361 ] end=335872 piso=6311424
COUNTS id=[ 384, 9362 ] end=593920 piso=11438592
COUNTS id=[ 384, 9363 ] end=704512 piso=14868480
COUNTS id=[ 384, 9364 ] end=200704 piso=6752256
COUNTS id=[ 384, 9365 ] end=102400 piso=4838400
COUNTS id=[ 384, 9366 ] end=3850240 piso=332152320
COUNTS id=[ 384, 9367 ] end=335872 piso=8036352
COUNTS id=[ 384, 9368 ] end=778240 piso=11601408
COUNTS id=[ 384, 9369 ] end=286720 piso=8348160
COUNTS id=[ 384, 9370 ] end=139264 piso=5611008
COUNTS id=[ 384, 9371 ] end=102400 piso=5386752
COUNTS id=[ 384, 9372 ] end=102400 piso=4027392
COUNTS id=[ 384, 9373 ] end=593920 piso=11512320
COUNTS id=[ 384, 9374 ] end=335872 piso=5921280
COUNTS id=[ 384, 9375 ] end=544768 piso=10105344
COUNTS id=[ 384, 9376 ] end=323584 piso=8110080
COUNTS id=[ 384, 9377 ] end=126976 piso=5346816
COUNTS id=[ 384, 9378 ] end=421888 piso=9225216
COUNTS id=[ 384, 9379 ] end=126976 piso=5325312
COUNTS id=[ 384, 9380 ] end=446464 piso=6664704
COUNTS id=[ 384, 9381 ] end=139264 piso=6253056
COUNTS id=[ 384, 9382 ] end=139264 piso=5047296
COUNTS id=[ 384, 9383 ] end=262144 piso=6343680
COUNTS id=[ 384, 9384 ] end=630784 piso=10460160
COUNTS id=[ 384, 9385 ] end=1933312 piso=48824832
COUNTS id=[ 384, 9386 ] end=262144 piso=7449600
COUNTS id=[ 384, 9387 ] end=937984 piso=19456512
COUNTS id=[ 384, 9388 ] end=397312 piso=6578688
COUNTS id=[ 384, 9389 ] end=139264 piso=5004288
COUNTS id=[ 384, 9390 ] end=372736 piso=8131584
COUNTS id=[ 384, 9391 ] end=495616 piso=8432640
COUNTS id=[ 384, 9392 ] end=102400 piso=3621888
COUNTS id=[ 384, 9393 ] end=311296 piso=5359104
COUNTS id=[ 384, 9394 ] end=311296 piso=5918208
COUNTS id=[ 384, 9395 ] end=630784 piso=9159168
CLOSEST id=[ 384, 9395 ] end=630784 piso=9159168 ratio=17889/1232
COUNTS id=[ 384, 9396 ] end=372736 piso=5976576
COUNTS id=[ 384, 9397 ] end=212992 piso=5885952
COUNTS id=[ 384, 9398 ] end=1024000 piso=19020288
COUNTS id=[ 384, 9399 ] end=311296 piso=10962432
COUNTS id=[ 384, 9400 ] end=434176 piso=9027072
COUNTS id=[ 384, 9401 ] end=434176 piso=9033216
COUNTS id=[ 384, 9402 ] end=593920 piso=10728960
COUNTS id=[ 384, 9403 ] end=593920 piso=11195904
COUNTS id=[ 384, 9404 ] end=335872 piso=5896704
COUNTS id=[ 384, 9405 ] end=606208 piso=10489344
COUNTS id=[ 384, 9406 ] end=102400 piso=5051904
COUNTS id=[ 384, 9407 ] end=102400 piso=5054976
COUNTS id=[ 384, 9408 ] end=335872 piso=5924352
COUNTS id=[ 384, 9409 ] end=200704 piso=6862848
COUNTS id=[ 384, 9410 ] end=348160 piso=6243840
COUNTS id=[ 384, 9411 ] end=311296 piso=5899776
COUNTS id=[ 384, 9412 ] end=163840 piso=5641728
COUNTS id=[ 384, 9413 ] end=102400 piso=5101056
COUNTS id=[ 384, 9414 ] end=311296 piso=5835264
COUNTS id=[ 384, 9415 ] end=102400 piso=3680256
COUNTS id=[ 384, 9416 ] end=102400 piso=4434432
PROGRESS checked=200 hits=0 reversed=0 runtime_ms=607284
COUNTS id=[ 384, 9417 ] end=102400 piso=4403712
COUNTS id=[ 384, 9418 ] end=606208 piso=15031296
COUNTS id=[ 384, 9419 ] end=237568 piso=6094848
COUNTS id=[ 384, 9420 ] end=237568 piso=6168576
COUNTS id=[ 384, 9421 ] end=139264 piso=5442048
COUNTS id=[ 384, 9422 ] end=102400 piso=3634176
COUNTS id=[ 384, 9423 ] end=348160 piso=7867392
COUNTS id=[ 384, 9424 ] end=421888 piso=5394432
CLOSEST id=[ 384, 9424 ] end=421888 piso=5394432 ratio=1317/103
COUNTS id=[ 384, 9425 ] end=126976 piso=5340672
COUNTS id=[ 384, 9426 ] end=102400 piso=3667968
COUNTS id=[ 384, 9427 ] end=446464 piso=8686080
COUNTS id=[ 384, 9428 ] end=323584 piso=4657152
COUNTS id=[ 384, 9429 ] end=655360 piso=9839616
COUNTS id=[ 384, 9430 ] end=163840 piso=5626368
COUNTS id=[ 384, 9431 ] end=323584 piso=4829184
COUNTS id=[ 384, 9432 ] end=102400 piso=3824640
COUNTS id=[ 384, 9433 ] end=323584 piso=5481984
COUNTS id=[ 384, 9434 ] end=323584 piso=5481984
COUNTS id=[ 384, 9435 ] end=286720 piso=6114816
COUNTS id=[ 384, 9436 ] end=102400 piso=3962880
COUNTS id=[ 384, 9437 ] end=163840 piso=6197760
COUNTS id=[ 384, 9438 ] end=5963776 piso=443943936
COUNTS id=[ 384, 9439 ] end=4882432 piso=376685568
COUNTS id=[ 384, 9440 ] end=1355776 piso=40467456
COUNTS id=[ 384, 9441 ] end=3604480 piso=321372672
COUNTS id=[ 384, 9442 ] end=385024 piso=14668800
COUNTS id=[ 384, 9443 ] end=335872 piso=10394112
COUNTS id=[ 384, 9444 ] end=3506176 piso=311284224
COUNTS id=[ 384, 9445 ] end=421888 piso=14834688
COUNTS id=[ 384, 9446 ] end=790528 piso=117894144
COUNTS id=[ 384, 9447 ] end=3555328 piso=311898624
COUNTS id=[ 384, 9448 ] end=655360 piso=13814784
COUNTS id=[ 384, 9449 ] end=4243456 piso=357688320
COUNTS id=[ 384, 9450 ] end=360448 piso=7452672
COUNTS id=[ 384, 9451 ] end=667648 piso=11755008
COUNTS id=[ 384, 9452 ] end=3739648 piso=328946688
COUNTS id=[ 384, 9453 ] end=593920 piso=10913280
COUNTS id=[ 384, 9454 ] end=335872 piso=8060928
COUNTS id=[ 384, 9455 ] end=335872 piso=6383616
COUNTS id=[ 384, 9456 ] end=593920 piso=9292800
COUNTS id=[ 384, 9457 ] end=3530752 piso=307849728
COUNTS id=[ 384, 9458 ] end=311296 piso=5392896
COUNTS id=[ 384, 9459 ] end=311296 piso=5282304
COUNTS id=[ 384, 9460 ] end=372736 piso=6388224
COUNTS id=[ 384, 9461 ] end=987136 piso=18428928
COUNTS id=[ 384, 9462 ] end=557056 piso=9639936
COUNTS id=[ 384, 9463 ] end=532480 piso=9028608
COUNTS id=[ 384, 9464 ] end=4685824 piso=318698496
COUNTS id=[ 384, 9465 ] end=1404928 piso=32094720
COUNTS id=[ 384, 9466 ] end=499712 piso=14805504
COUNTS id=[ 384, 9467 ] end=524288 piso=14860800
COUNTS id=[ 384, 9468 ] end=184320 piso=9638400
COUNTS id=[ 384, 9469 ] end=233472 piso=10460160
COUNTS id=[ 384, 9470 ] end=1134592 piso=30733824
COUNTS id=[ 384, 9471 ] end=9302016 piso=1271284224
COUNTS id=[ 384, 9472 ] end=905216 piso=16146432
DONE checked=256 abelian=0 hits=0 reversed=0 skipped_abelian=0 closest=[ 384, 9424 ] min_ratio=1317/103 runtime_ms=761351
