{"command": ["/project/gap-4.16.1/gap", "-l", "/project/gap-4.16.1", "-q", "-b", "-T", "-m", "128m", "-o", "4g", "-c", "START_ORDER:=448;;END_ORDER:=448;;START_ID:=1;;END_ID:=256;;SKIP_ABELIAN:=true;;LOG_ALL:=true;;", "/project/scripts/search_19_20.g"], "source_hashes": {"scripts/search_19_20.g": "7b6a34e9163b58b0248b3c464ae8070783414cd7d14048136dd0e3547b906318", "scripts/lib_19_20.g": "fbcf2d3c4b0648cc1fa87d6e50fc923133d594c029b8430a365caf596ac7ccd5"}}
PARAMETERS start=448 end=448 start_id=1 end_id=256 skip_abelian=true log_all=true
ORDER_START order=448 groups=1396
COUNTS id=[ 448, 1 ] end=1600 piso=3136
CLOSEST id=[ 448, 1 ] end=1600 piso=3136 ratio=49/25
ABELIAN_SKIPPED id=[ 448, 2 ] reason=known_equality
COUNTS id=[ 448, 3 ] end=4096 piso=12544
COUNTS id=[ 448, 4 ] end=3840 piso=12544
COUNTS id=[ 448, 5 ] end=51076 piso=376992
COUNTS id=[ 448, 6 ] end=25540 piso=165536
COUNTS id=[ 448, 7 ] end=25092 piso=283808
COUNTS id=[ 448, 8 ] end=14592 piso=320992
COUNTS id=[ 448, 9 ] end=7424 piso=179424
COUNTS id=[ 448, 10 ] end=65536 piso=200704
COUNTS id=[ 448, 11 ] end=18432 piso=139776
COUNTS id=[ 448, 12 ] end=50688 piso=150528
COUNTS id=[ 448, 13 ] end=7296 piso=165984
COUNTS id=[ 448, 14 ] end=25216 piso=100352
COUNTS id=[ 448, 15 ] end=25216 piso=100352
COUNTS id=[ 448, 16 ] end=14464 piso=275296
COUNTS id=[ 448, 17 ] end=25600 piso=50176
COUNTS id=[ 448, 18 ] end=13056 piso=50176
COUNTS id=[ 448, 19 ] end=12672 piso=38528
COUNTS id=[ 448, 20 ] end=6400 piso=38528
COUNTS id=[ 448, 21 ] end=14848 piso=267008
COUNTS id=[ 448, 22 ] end=7680 piso=170240
COUNTS id=[ 448, 23 ] end=6656 piso=38528
COUNTS id=[ 448, 24 ] end=8192 piso=442848
COUNTS id=[ 448, 25 ] end=16384 piso=3379712
COUNTS id=[ 448, 26 ] end=9216 piso=318976
COUNTS id=[ 448, 27 ] end=15360 piso=541408
COUNTS id=[ 448, 28 ] end=15168 piso=3420480
COUNTS id=[ 448, 29 ] end=8000 piso=185024
COUNTS id=[ 448, 30 ] end=10240 piso=320768
COUNTS id=[ 448, 31 ] end=17408 piso=649600
COUNTS id=[ 448, 32 ] end=16320 piso=3479616
COUNTS id=[ 448, 33 ] end=9152 piso=297920
COUNTS id=[ 448, 34 ] end=14848 piso=240128
COUNTS id=[ 448, 35 ] end=7680 piso=199808
COUNTS id=[ 448, 36 ] end=8704 piso=89600
COUNTS id=[ 448, 37 ] end=8704 piso=89600
COUNTS id=[ 448, 38 ] end=14848 piso=323456
COUNTS id=[ 448, 39 ] end=13056 piso=310912
COUNTS id=[ 448, 40 ] end=14464 piso=280672
COUNTS id=[ 448, 41 ] end=7296 piso=171360
COUNTS id=[ 448, 42 ] end=29184 piso=1219456
COUNTS id=[ 448, 43 ] end=13056 piso=310912
COUNTS id=[ 448, 44 ] end=6560 piso=40320
COUNTS id=[ 448, 45 ] end=10848 piso=103936
COUNTS id=[ 448, 46 ] end=16416 piso=101248
COUNTS id=[ 448, 47 ] end=16416 piso=101248
COUNTS id=[ 448, 48 ] end=21152 piso=565376
COUNTS id=[ 448, 49 ] end=13088 piso=276864
COUNTS id=[ 448, 50 ] end=7200 piso=46592
COUNTS id=[ 448, 51 ] end=8096 piso=67200
COUNTS id=[ 448, 52 ] end=21088 piso=562688
COUNTS id=[ 448, 53 ] end=13024 piso=270592
COUNTS id=[ 448, 54 ] end=10784 piso=98560
COUNTS id=[ 448, 55 ] end=6400 piso=12544
COUNTS id=[ 448, 56 ] end=3264 piso=12544
COUNTS id=[ 448, 57 ] end=16384 piso=50176
COUNTS id=[ 448, 58 ] end=4608 piso=41216
COUNTS id=[ 448, 59 ] end=15360 piso=50176
COUNTS id=[ 448, 60 ] end=13472 piso=357504
COUNTS id=[ 448, 61 ] end=50208 piso=235648
COUNTS id=[ 448, 62 ] end=50208 piso=235648
COUNTS id=[ 448, 63 ] end=12576 piso=94976
COUNTS id=[ 448, 64 ] end=8192 piso=116480
COUNTS id=[ 448, 65 ] end=7232 piso=50400
COUNTS id=[ 448, 66 ] end=26912 piso=603008
COUNTS id=[ 448, 67 ] end=13472 piso=109312
COUNTS id=[ 448, 68 ] end=4096 piso=41216
COUNTS id=[ 448, 69 ] end=11264 piso=41216
COUNTS id=[ 448, 70 ] end=18848 piso=77952
COUNTS id=[ 448, 71 ] end=7680 piso=96768
COUNTS id=[ 448, 72 ] end=7232 piso=50400
COUNTS id=[ 448, 73 ] end=26464 piso=573440
COUNTS id=[ 448, 74 ] end=13024 piso=281344
COUNTS id=[ 448, 75 ] end=13920 piso=163072
COUNTS id=[ 448, 76 ] end=18244 piso=141792
COUNTS id=[ 448, 77 ] end=12868 piso=91616
COUNTS id=[ 448, 78 ] end=16132 piso=113120
COUNTS id=[ 448, 79 ] end=14340 piso=113120
COUNTS id=[ 448, 80 ] end=29696 piso=242816
COUNTS id=[ 448, 81 ] end=51200 piso=476672
COUNTS id=[ 448, 82 ] end=25600 piso=573440
COUNTS id=[ 448, 83 ] end=58368 piso=1731072
COUNTS id=[ 448, 84 ] end=47616 piso=1720320
COUNTS id=[ 448, 85 ] end=25344 piso=136192
COUNTS id=[ 448, 86 ] end=31488 piso=508928
COUNTS id=[ 448, 87 ] end=26112 piso=275968
COUNTS id=[ 448, 88 ] end=31488 piso=215040
COUNTS id=[ 448, 89 ] end=29696 piso=500864
COUNTS id=[ 448, 90 ] end=13568 piso=228480
COUNTS id=[ 448, 91 ] end=12928 piso=108640
COUNTS id=[ 448, 92 ] end=12672 piso=96096
COUNTS id=[ 448, 93 ] end=16320 piso=614208
COUNTS id=[ 448, 94 ] end=13056 piso=304864
COUNTS id=[ 448, 95 ] end=12800 piso=281568
COUNTS id=[ 448, 96 ] end=16064 piso=109760
COUNTS id=[ 448, 97 ] end=12928 piso=143360
COUNTS id=[ 448, 98 ] end=31744 piso=229376
COUNTS id=[ 448, 99 ] end=12928 piso=143360
COUNTS id=[ 448, 100 ] end=12672 piso=132608
COUNTS id=[ 448, 101 ] end=25728 piso=224896
PROGRESS checked=100 hits=0 reversed=0 runtime_ms=59331
COUNTS id=[ 448, 102 ] end=32000 piso=300160
COUNTS id=[ 448, 103 ] end=25216 piso=146048
COUNTS id=[ 448, 104 ] end=12672 piso=122752
COUNTS id=[ 448, 105 ] end=12672 piso=146048
COUNTS id=[ 448, 106 ] end=12800 piso=49280
COUNTS id=[ 448, 107 ] end=32768 piso=551936
COUNTS id=[ 448, 108 ] end=57600 piso=1207808
COUNTS id=[ 448, 109 ] end=25344 piso=254464
COUNTS id=[ 448, 110 ] end=6528 piso=45696
COUNTS id=[ 448, 111 ] end=30720 piso=394240
COUNTS id=[ 448, 112 ] end=45056 piso=715904
COUNTS id=[ 448, 113 ] end=28928 piso=185472
COUNTS id=[ 448, 114 ] end=57600 piso=440832
COUNTS id=[ 448, 115 ] end=14592 piso=243712
COUNTS id=[ 448, 116 ] end=28928 piso=185472
COUNTS id=[ 448, 117 ] end=32512 piso=308224
COUNTS id=[ 448, 118 ] end=3392 piso=28896
COUNTS id=[ 448, 119 ] end=16160 piso=135296
COUNTS id=[ 448, 120 ] end=13024 piso=105728
COUNTS id=[ 448, 121 ] end=15776 piso=104832
COUNTS id=[ 448, 122 ] end=12640 piso=71680
COUNTS id=[ 448, 123 ] end=9696 piso=77056
COUNTS id=[ 448, 124 ] end=6560 piso=44800
ABELIAN_SKIPPED id=[ 448, 125 ] reason=known_equality
COUNTS id=[ 448, 126 ] end=10752 piso=21504
COUNTS id=[ 448, 127 ] end=7168 piso=487424
COUNTS id=[ 448, 128 ] end=5376 piso=50176
COUNTS id=[ 448, 129 ] end=4480 piso=38752
COUNTS id=[ 448, 130 ] end=2688 piso=26208
COUNTS id=[ 448, 131 ] end=5376 piso=84448
COUNTS id=[ 448, 132 ] end=3584 piso=61152
COUNTS id=[ 448, 133 ] end=4480 piso=35840
COUNTS id=[ 448, 134 ] end=2688 piso=25088
COUNTS id=[ 448, 135 ] end=8064 piso=117376
COUNTS id=[ 448, 136 ] end=2688 piso=36736
COUNTS id=[ 448, 137 ] end=4480 piso=38528
COUNTS id=[ 448, 138 ] end=4480 piso=14336
COUNTS id=[ 448, 139 ] end=4480 piso=14336
COUNTS id=[ 448, 140 ] end=14336 piso=89600
COUNTS id=[ 448, 141 ] end=16128 piso=53760
COUNTS id=[ 448, 142 ] end=12544 piso=50176
COUNTS id=[ 448, 143 ] end=14336 piso=92288
COUNTS id=[ 448, 144 ] end=16128 piso=132608
COUNTS id=[ 448, 145 ] end=5376 piso=39424
COUNTS id=[ 448, 146 ] end=21504 piso=655872
COUNTS id=[ 448, 147 ] end=10752 piso=60928
COUNTS id=[ 448, 148 ] end=8960 piso=34944
ABELIAN_SKIPPED id=[ 448, 149 ] reason=known_equality
COUNTS id=[ 448, 150 ] end=5376 piso=7168
CLOSEST id=[ 448, 150 ] end=5376 piso=7168 ratio=4/3
COUNTS id=[ 448, 151 ] end=3584 piso=6272
COUNTS id=[ 448, 152 ] end=3584 piso=17024
COUNTS id=[ 448, 153 ] end=2688 piso=13440
COUNTS id=[ 448, 154 ] end=2240 piso=7392
COUNTS id=[ 448, 155 ] end=6720 piso=544320
COUNTS id=[ 448, 156 ] end=4928 piso=39872
COUNTS id=[ 448, 157 ] end=8960 piso=128128
COUNTS id=[ 448, 158 ] end=7168 piso=57344
COUNTS id=[ 448, 159 ] end=4480 piso=35840
COUNTS id=[ 448, 160 ] end=2688 piso=38528
COUNTS id=[ 448, 161 ] end=5600 piso=65408
COUNTS id=[ 448, 162 ] end=2912 piso=34944
COUNTS id=[ 448, 163 ] end=2912 piso=12544
COUNTS id=[ 448, 164 ] end=3360 piso=17920
COUNTS id=[ 448, 165 ] end=5152 piso=62720
COUNTS id=[ 448, 166 ] end=2464 piso=28672
COUNTS id=[ 448, 167 ] end=2688 piso=6272
COUNTS id=[ 448, 168 ] end=1792 piso=6272
COUNTS id=[ 448, 169 ] end=2912 piso=8064
COUNTS id=[ 448, 170 ] end=7392 piso=20608
COUNTS id=[ 448, 171 ] end=7392 piso=20608
COUNTS id=[ 448, 172 ] end=2016 piso=8960
ABELIAN_SKIPPED id=[ 448, 173 ] reason=known_equality
COUNTS id=[ 448, 174 ] end=1344 piso=1792
COUNTS id=[ 448, 175 ] end=8092 piso=32928
COUNTS id=[ 448, 176 ] end=4060 piso=15008
COUNTS id=[ 448, 177 ] end=3612 piso=25760
COUNTS id=[ 448, 178 ] end=12481 piso=308224
COUNTS id=[ 448, 179 ] end=3073 piso=91840
COUNTS id=[ 448, 180 ] end=138240 piso=4200448
COUNTS id=[ 448, 181 ] end=73728 piso=2204160
COUNTS id=[ 448, 182 ] end=327680 piso=3576832
COUNTS id=[ 448, 183 ] end=184320 piso=3071488
COUNTS id=[ 448, 184 ] end=102400 piso=1827840
COUNTS id=[ 448, 185 ] end=102400 piso=2039296
COUNTS id=[ 448, 186 ] end=41472 piso=1630720
COUNTS id=[ 448, 187 ] end=41472 piso=1609216
COUNTS id=[ 448, 188 ] end=41472 piso=1609216
COUNTS id=[ 448, 189 ] end=41472 piso=1609216
COUNTS id=[ 448, 190 ] end=215552 piso=4525696
COUNTS id=[ 448, 191 ] end=29184 piso=2088576
COUNTS id=[ 448, 192 ] end=29184 piso=1636992
COUNTS id=[ 448, 193 ] end=50688 piso=1636992
COUNTS id=[ 448, 194 ] end=29184 piso=1615488
COUNTS id=[ 448, 195 ] end=50688 piso=2282112
COUNTS id=[ 448, 196 ] end=140288 piso=2364544
COUNTS id=[ 448, 197 ] end=753664 piso=33080320
COUNTS id=[ 448, 198 ] end=188416 piso=8336384
COUNTS id=[ 448, 199 ] end=267264 piso=18590208
COUNTS id=[ 448, 200 ] end=327680 piso=8805888
COUNTS id=[ 448, 201 ] end=188416 piso=8318464
COUNTS id=[ 448, 202 ] end=145408 piso=8225280
COUNTS id=[ 448, 203 ] end=84480 piso=4716544
COUNTS id=[ 448, 204 ] end=84480 piso=4738048
PROGRESS checked=200 hits=0 reversed=0 runtime_ms=114339
COUNTS id=[ 448, 205 ] end=806912 piso=41340544
COUNTS id=[ 448, 206 ] end=215552 piso=15614592
COUNTS id=[ 448, 207 ] end=133120 piso=7385728
COUNTS id=[ 448, 208 ] end=97280 piso=4669056
COUNTS id=[ 448, 209 ] end=75776 piso=4626048
COUNTS id=[ 448, 210 ] end=122368 piso=5160064
COUNTS id=[ 448, 211 ] end=197632 piso=5493376
COUNTS id=[ 448, 212 ] end=36352 piso=272608
COUNTS id=[ 448, 213 ] end=30720 piso=243936
COUNTS id=[ 448, 214 ] end=215104 piso=1428224
COUNTS id=[ 448, 215 ] end=50240 piso=1241856
COUNTS id=[ 448, 216 ] end=215104 piso=1428224
COUNTS id=[ 448, 217 ] end=50240 piso=672000
COUNTS id=[ 448, 218 ] end=188416 piso=802816
COUNTS id=[ 448, 219 ] end=39936 piso=501760
COUNTS id=[ 448, 220 ] end=72192 piso=491232
COUNTS id=[ 448, 221 ] end=151552 piso=645120
COUNTS id=[ 448, 222 ] end=62976 piso=412384
COUNTS id=[ 448, 223 ] end=44032 piso=291200
COUNTS id=[ 448, 224 ] end=32512 piso=201600
COUNTS id=[ 448, 225 ] end=62976 piso=517888
COUNTS id=[ 448, 226 ] end=122112 piso=1107456
COUNTS id=[ 448, 227 ] end=412224 piso=2173696
COUNTS id=[ 448, 228 ] end=111168 piso=1614592
COUNTS id=[ 448, 229 ] end=824384 piso=6130432
COUNTS id=[ 448, 230 ] end=111168 piso=1245440
COUNTS id=[ 448, 231 ] end=55616 piso=460544
COUNTS id=[ 448, 232 ] end=54016 piso=670208
COUNTS id=[ 448, 233 ] end=401472 piso=2546432
COUNTS id=[ 448, 234 ] end=16384 piso=199808
COUNTS id=[ 448, 235 ] end=25344 piso=222432
COUNTS id=[ 448, 236 ] end=82496 piso=672896
COUNTS id=[ 448, 237 ] end=50240 piso=719488
COUNTS id=[ 448, 238 ] end=141312 piso=802816
COUNTS id=[ 448, 239 ] end=37888 piso=501760
COUNTS id=[ 448, 240 ] end=44160 piso=373856
COUNTS id=[ 448, 241 ] end=130048 piso=645120
COUNTS id=[ 448, 242 ] end=44032 piso=291200
COUNTS id=[ 448, 243 ] end=32512 piso=201600
COUNTS id=[ 448, 244 ] end=50432 piso=517888
COUNTS id=[ 448, 245 ] end=97024 piso=1107456
COUNTS id=[ 448, 246 ] end=292160 piso=2493568
COUNTS id=[ 448, 247 ] end=111168 piso=1472128
COUNTS id=[ 448, 248 ] end=55616 piso=748160
COUNTS id=[ 448, 249 ] end=80704 piso=1167488
COUNTS id=[ 448, 250 ] end=28928 piso=670208
COUNTS id=[ 448, 251 ] end=16384 piso=199808
COUNTS id=[ 448, 252 ] end=24576 piso=512512
COUNTS id=[ 448, 253 ] end=22528 piso=512512
COUNTS id=[ 448, 254 ] end=11776 piso=180096
COUNTS id=[ 448, 255 ] end=25600 piso=665056
COUNTS id=[ 448, 256 ] end=25600 piso=665056
DONE checked=252 abelian=0 hits=0 reversed=0 skipped_abelian=4 closest=[ 448, 150 ] min_ratio=4/3 runtime_ms=155015
