{"command": ["/project/gap-4.16.1/gap", "-l", "/project/gap-4.16.1", "-q", "-b", "-T", "-m", "128m", "-o", "4g", "-c", "START_ORDER:=384;;END_ORDER:=384;;START_ID:=16641;;END_ID:=16896;;SKIP_ABELIAN:=true;;LOG_ALL:=true;;", "/project/scripts/search_19_20.g"], "source_hashes": {"scripts/search_19_20.g": "7b6a34e9163b58b0248b3c464ae8070783414cd7d14048136dd0e3547b906318", "scripts/lib_19_20.g": "fbcf2d3c4b0648cc1fa87d6e50fc923133d594c029b8430a365caf596ac7ccd5"}}
PARAMETERS start=384 end=384 start_id=16641 end_id=16896 skip_abelian=true log_all=true
ORDER_START order=384 groups=20169
COUNTS id=[ 384, 16641 ] end=1687552 piso=48557568
CLOSEST id=[ 384, 16641 ] end=1687552 piso=48557568 ratio=94839/3296
COUNTS id=[ 384, 16642 ] end=1441792 piso=48016896
COUNTS id=[ 384, 16643 ] end=7340032 piso=373413888
COUNTS id=[ 384, 16644 ] end=1110016 piso=44785152
COUNTS id=[ 384, 16645 ] end=1306624 piso=46479360
COUNTS id=[ 384, 16646 ] end=1015808 piso=9879552
CLOSEST id=[ 384, 16646 ] end=1015808 piso=9879552 ratio=603/62
COUNTS id=[ 384, 16647 ] end=1900544 piso=15544320
CLOSEST id=[ 384, 16647 ] end=1900544 piso=15544320 ratio=3795/464
COUNTS id=[ 384, 16648 ] end=794624 piso=8036352
COUNTS id=[ 384, 16649 ] end=720896 piso=10088448
COUNTS id=[ 384, 16650 ] end=573440 piso=9105408
COUNTS id=[ 384, 16651 ] end=536576 piso=7938048
COUNTS id=[ 384, 16652 ] end=573440 piso=8859648
COUNTS id=[ 384, 16653 ] end=1900544 piso=17780736
COUNTS id=[ 384, 16654 ] end=794624 piso=7913472
COUNTS id=[ 384, 16655 ] end=1196032 piso=14552064
COUNTS id=[ 384, 16656 ] end=418816 piso=7607808
COUNTS id=[ 384, 16657 ] end=412672 piso=7577088
COUNTS id=[ 384, 16658 ] end=1122304 piso=13765632
COUNTS id=[ 384, 16659 ] end=409600 piso=9022464
COUNTS id=[ 384, 16660 ] end=335872 piso=8236032
COUNTS id=[ 384, 16661 ] end=1163264 piso=10432512
COUNTS id=[ 384, 16662 ] end=2883584 piso=22732800
CLOSEST id=[ 384, 16662 ] end=2883584 piso=22732800 ratio=2775/352
COUNTS id=[ 384, 16663 ] end=2785280 piso=19783680
CLOSEST id=[ 384, 16663 ] end=2785280 piso=19783680 ratio=483/68
COUNTS id=[ 384, 16664 ] end=3571712 piso=30148608
COUNTS id=[ 384, 16665 ] end=2097152 piso=15599616
COUNTS id=[ 384, 16666 ] end=458752 piso=19439616
COUNTS id=[ 384, 16667 ] end=1036288 piso=20428800
COUNTS id=[ 384, 16668 ] end=1835008 piso=25861632
COUNTS id=[ 384, 16669 ] end=458752 piso=12713472
COUNTS id=[ 384, 16670 ] end=704512 piso=14360064
COUNTS id=[ 384, 16671 ] end=1232896 piso=17524224
COUNTS id=[ 384, 16672 ] end=4538368 piso=333348864
COUNTS id=[ 384, 16673 ] end=1036288 piso=15969792
COUNTS id=[ 384, 16674 ] end=2080768 piso=26770944
COUNTS id=[ 384, 16675 ] end=815104 piso=11485056
COUNTS id=[ 384, 16676 ] end=630784 piso=12289536
COUNTS id=[ 384, 16677 ] end=1171456 piso=19410816
COUNTS id=[ 384, 16678 ] end=655360 piso=11624832
COUNTS id=[ 384, 16679 ] end=1705984 piso=25886208
COUNTS id=[ 384, 16680 ] end=747520 piso=11988480
COUNTS id=[ 384, 16681 ] end=587776 piso=11761536
COUNTS id=[ 384, 16682 ] end=624640 piso=12191232
COUNTS id=[ 384, 16683 ] end=1699840 piso=14347776
COUNTS id=[ 384, 16684 ] end=661504 piso=16183296
COUNTS id=[ 384, 16685 ] end=5109760 piso=355239936
COUNTS id=[ 384, 16686 ] end=1156096 piso=17379840
COUNTS id=[ 384, 16687 ] end=380928 piso=7135104
COUNTS id=[ 384, 16688 ] end=196608 piso=7853568
COUNTS id=[ 384, 16689 ] end=655360 piso=9936768
COUNTS id=[ 384, 16690 ] end=139264 piso=6949248
COUNTS id=[ 384, 16691 ] end=600064 piso=9844224
COUNTS id=[ 384, 16692 ] end=102400 piso=6723072
COUNTS id=[ 384, 16693 ] end=71680 piso=8726400
COUNTS id=[ 384, 16694 ] end=108544 piso=9002496
COUNTS id=[ 384, 16695 ] end=380928 piso=10919424
COUNTS id=[ 384, 16696 ] end=413696 piso=4758528
COUNTS id=[ 384, 16697 ] end=206848 piso=4686336
COUNTS id=[ 384, 16698 ] end=713728 piso=8074752
COUNTS id=[ 384, 16699 ] end=130048 piso=5015040
COUNTS id=[ 384, 16700 ] end=166912 piso=6761472
COUNTS id=[ 384, 16701 ] end=486400 piso=7322112
COUNTS id=[ 384, 16702 ] end=934912 piso=12020736
COUNTS id=[ 384, 16703 ] end=54525952 piso=206268530688
COUNTS id=[ 384, 16704 ] end=36425728 piso=206320115712
ABELIAN_SKIPPED id=[ 384, 16705 ] reason=known_equality
COUNTS id=[ 384, 16706 ] end=50331648 piso=1019314176
COUNTS id=[ 384, 16707 ] end=12582912 piso=26050560
CLOSEST id=[ 384, 16707 ] end=12582912 piso=26050560 ratio=265/128
COUNTS id=[ 384, 16708 ] end=18874368 piso=236937216
COUNTS id=[ 384, 16709 ] end=9437184 piso=23027712
COUNTS id=[ 384, 16710 ] end=4718592 piso=8970240
CLOSEST id=[ 384, 16710 ] end=4718592 piso=8970240 ratio=365/192
COUNTS id=[ 384, 16711 ] end=7077888 piso=15625728
COUNTS id=[ 384, 16712 ] end=3145728 piso=8351232
COUNTS id=[ 384, 16713 ] end=7864320 piso=113418240
COUNTS id=[ 384, 16714 ] end=3342336 piso=5726208
CLOSEST id=[ 384, 16714 ] end=3342336 piso=5726208 ratio=233/136
COUNTS id=[ 384, 16715 ] end=4767744 piso=9948672
COUNTS id=[ 384, 16716 ] end=2113536 piso=5180928
COUNTS id=[ 384, 16717 ] end=62914560 piso=206180450304
COUNTS id=[ 384, 16718 ] end=9437184 piso=233791488
COUNTS id=[ 384, 16719 ] end=9437184 piso=233668608
COUNTS id=[ 384, 16720 ] end=7077888 piso=204595200
COUNTS id=[ 384, 16721 ] end=3932160 piso=15040512
COUNTS id=[ 384, 16722 ] end=3932160 piso=15360000
COUNTS id=[ 384, 16723 ] end=983040 piso=5455872
COUNTS id=[ 384, 16724 ] end=13369344 piso=29884416
COUNTS id=[ 384, 16725 ] end=1572864 piso=6021120
COUNTS id=[ 384, 16726 ] end=8257536 piso=233398272
COUNTS id=[ 384, 16727 ] end=12976128 piso=527523840
COUNTS id=[ 384, 16728 ] end=1769472 piso=13664256
COUNTS id=[ 384, 16729 ] end=4521984 piso=113270784
COUNTS id=[ 384, 16730 ] end=1351680 piso=6790656
COUNTS id=[ 384, 16731 ] end=3538944 piso=17915904
COUNTS id=[ 384, 16732 ] end=11010048 piso=415629312
COUNTS id=[ 384, 16733 ] end=1081344 piso=4111872
COUNTS id=[ 384, 16734 ] end=4718592 piso=48463872
COUNTS id=[ 384, 16735 ] end=393216 piso=2747904
COUNTS id=[ 384, 16736 ] end=1277952 piso=5726208
COUNTS id=[ 384, 16737 ] end=2359296 piso=11722752
COUNTS id=[ 384, 16738 ] end=638976 piso=2734080
COUNTS id=[ 384, 16739 ] end=7323648 piso=216872448
COUNTS id=[ 384, 16740 ] end=1916928 piso=9576960
COUNTS id=[ 384, 16741 ] end=1327104 piso=6759936
PROGRESS checked=100 hits=0 reversed=0 runtime_ms=465817
COUNTS id=[ 384, 16742 ] end=1081344 piso=5399040
COUNTS id=[ 384, 16743 ] end=1032192 piso=4116480
COUNTS id=[ 384, 16744 ] end=614400 piso=2724864
COUNTS id=[ 384, 16745 ] end=294912 piso=2721792
COUNTS id=[ 384, 16746 ] end=3047424 piso=11452416
COUNTS id=[ 384, 16747 ] end=983040 piso=3809280
COUNTS id=[ 384, 16748 ] end=9043968 piso=410198016
COUNTS id=[ 384, 16749 ] end=8060928 piso=405651456
COUNTS id=[ 384, 16750 ] end=1376256 piso=39862272
COUNTS id=[ 384, 16751 ] end=2064384 piso=10739712
COUNTS id=[ 384, 16752 ] end=3735552 piso=104030208
COUNTS id=[ 384, 16753 ] end=983040 piso=4079616
COUNTS id=[ 384, 16754 ] end=638976 piso=2095104
COUNTS id=[ 384, 16755 ] end=4718592 piso=112041984
COUNTS id=[ 384, 16756 ] end=1769472 piso=5136384
COUNTS id=[ 384, 16757 ] end=1671168 piso=5038080
COUNTS id=[ 384, 16758 ] end=1253376 piso=5230080
COUNTS id=[ 384, 16759 ] end=933888 piso=3202560
COUNTS id=[ 384, 16760 ] end=245760 piso=1936896
COUNTS id=[ 384, 16761 ] end=4104192 piso=111367680
COUNTS id=[ 384, 16762 ] end=1302528 piso=5740032
COUNTS id=[ 384, 16763 ] end=565248 piso=2290176
COUNTS id=[ 384, 16764 ] end=1351680 piso=5337600
COUNTS id=[ 384, 16765 ] end=1720320 piso=8044032
COUNTS id=[ 384, 16766 ] end=983040 piso=3502080
COUNTS id=[ 384, 16767 ] end=294912 piso=2777088
COUNTS id=[ 384, 16768 ] end=1867776 piso=9437184
COUNTS id=[ 384, 16769 ] end=983040 piso=3657216
COUNTS id=[ 384, 16770 ] end=245760 piso=2107392
COUNTS id=[ 384, 16771 ] end=393216 piso=2322432
COUNTS id=[ 384, 16772 ] end=565248 piso=2035200
COUNTS id=[ 384, 16773 ] end=1253376 piso=5230080
COUNTS id=[ 384, 16774 ] end=552960 piso=1987584
COUNTS id=[ 384, 16775 ] end=897024 piso=3070464
COUNTS id=[ 384, 16776 ] end=221184 piso=1818624
COUNTS id=[ 384, 16777 ] end=909312 piso=3237888
COUNTS id=[ 384, 16778 ] end=9338880 piso=410032128
COUNTS id=[ 384, 16779 ] end=2457600 piso=14469120
COUNTS id=[ 384, 16780 ] end=2457600 piso=39622656
COUNTS id=[ 384, 16781 ] end=1966080 piso=8374272
COUNTS id=[ 384, 16782 ] end=4055040 piso=107016192
COUNTS id=[ 384, 16783 ] end=958464 piso=3723264
COUNTS id=[ 384, 16784 ] end=1032192 piso=4466688
COUNTS id=[ 384, 16785 ] end=933888 piso=4220928
COUNTS id=[ 384, 16786 ] end=638976 piso=2365440
COUNTS id=[ 384, 16787 ] end=638976 piso=2316288
COUNTS id=[ 384, 16788 ] end=2654208 piso=10894848
COUNTS id=[ 384, 16789 ] end=1867776 piso=9199104
COUNTS id=[ 384, 16790 ] end=1179648 piso=4013568
COUNTS id=[ 384, 16791 ] end=786432 piso=3448320
COUNTS id=[ 384, 16792 ] end=1351680 piso=5795328
COUNTS id=[ 384, 16793 ] end=1253376 piso=5389824
COUNTS id=[ 384, 16794 ] end=1081344 piso=3730944
COUNTS id=[ 384, 16795 ] end=393216 piso=2268672
COUNTS id=[ 384, 16796 ] end=245760 piso=2244096
COUNTS id=[ 384, 16797 ] end=933888 piso=3362304
COUNTS id=[ 384, 16798 ] end=4595712 piso=115143168
COUNTS id=[ 384, 16799 ] end=1290240 piso=5408256
COUNTS id=[ 384, 16800 ] end=1056768 piso=4452864
COUNTS id=[ 384, 16801 ] end=1892352 piso=8692224
COUNTS id=[ 384, 16802 ] end=565248 piso=2449920
COUNTS id=[ 384, 16803 ] end=1351680 piso=5485056
COUNTS id=[ 384, 16804 ] end=1720320 piso=8142336
COUNTS id=[ 384, 16805 ] end=540672 piso=3016704
COUNTS id=[ 384, 16806 ] end=2162688 piso=9910272
COUNTS id=[ 384, 16807 ] end=958464 piso=3551232
COUNTS id=[ 384, 16808 ] end=983040 piso=3780096
COUNTS id=[ 384, 16809 ] end=589824 piso=2832384
COUNTS id=[ 384, 16810 ] end=221184 piso=2254848
COUNTS id=[ 384, 16811 ] end=245760 piso=2162688
COUNTS id=[ 384, 16812 ] end=933888 piso=3631104
COUNTS id=[ 384, 16813 ] end=552960 piso=2190336
COUNTS id=[ 384, 16814 ] end=909312 piso=3310080
COUNTS id=[ 384, 16815 ] end=3710976 piso=109478400
COUNTS id=[ 384, 16816 ] end=909312 piso=3039744
COUNTS id=[ 384, 16817 ] end=1253376 piso=5131776
COUNTS id=[ 384, 16818 ] end=565248 piso=1936896
COUNTS id=[ 384, 16819 ] end=933888 piso=3213312
COUNTS id=[ 384, 16820 ] end=1867776 piso=9738240
COUNTS id=[ 384, 16821 ] end=294912 piso=2267136
COUNTS id=[ 384, 16822 ] end=245760 piso=1794048
COUNTS id=[ 384, 16823 ] end=577536 piso=2006016
COUNTS id=[ 384, 16824 ] end=17301504 piso=983095296
COUNTS id=[ 384, 16825 ] end=5505024 piso=148346880
COUNTS id=[ 384, 16826 ] end=8060928 piso=414111744
COUNTS id=[ 384, 16827 ] end=4915200 piso=50436096
COUNTS id=[ 384, 16828 ] end=1560576 piso=11318784
COUNTS id=[ 384, 16829 ] end=3735552 piso=115464192
COUNTS id=[ 384, 16830 ] end=3538944 piso=112564224
COUNTS id=[ 384, 16831 ] end=589824 piso=17012736
COUNTS id=[ 384, 16832 ] end=737280 piso=5586432
COUNTS id=[ 384, 16833 ] end=4325376 piso=116054016
COUNTS id=[ 384, 16834 ] end=589824 piso=13178880
COUNTS id=[ 384, 16835 ] end=430080 piso=3208704
COUNTS id=[ 384, 16836 ] end=294912 piso=2317824
COUNTS id=[ 384, 16837 ] end=1486848 piso=10475520
COUNTS id=[ 384, 16838 ] end=454656 piso=3422208
COUNTS id=[ 384, 16839 ] end=405504 piso=2955264
COUNTS id=[ 384, 16840 ] end=4325376 piso=16668672
COUNTS id=[ 384, 16841 ] end=233472 piso=2033664
PROGRESS checked=200 hits=0 reversed=0 runtime_ms=851114
COUNTS id=[ 384, 16842 ] end=61440 piso=1941504
COUNTS id=[ 384, 16843 ] end=14155776 piso=929261568
COUNTS id=[ 384, 16844 ] end=4374528 piso=123224064
COUNTS id=[ 384, 16845 ] end=7372800 piso=406505472
COUNTS id=[ 384, 16846 ] end=983040 piso=10788864
COUNTS id=[ 384, 16847 ] end=1363968 piso=10931712
COUNTS id=[ 384, 16848 ] end=8589312 piso=423341568
COUNTS id=[ 384, 16849 ] end=1732608 piso=40680960
COUNTS id=[ 384, 16850 ] end=8564736 piso=424611840
COUNTS id=[ 384, 16851 ] end=3502080 piso=110592000
COUNTS id=[ 384, 16852 ] end=3526656 piso=113571840
COUNTS id=[ 384, 16853 ] end=454656 piso=4798464
COUNTS id=[ 384, 16854 ] end=1118208 piso=6835200
COUNTS id=[ 384, 16855 ] end=454656 piso=3388416
COUNTS id=[ 384, 16856 ] end=1413120 piso=9686016
COUNTS id=[ 384, 16857 ] end=577536 piso=6165504
COUNTS id=[ 384, 16858 ] end=3514368 piso=111333888
COUNTS id=[ 384, 16859 ] end=442368 piso=5257728
COUNTS id=[ 384, 16860 ] end=663552 piso=5171712
COUNTS id=[ 384, 16861 ] end=221184 piso=2013696
COUNTS id=[ 384, 16862 ] end=786432 piso=5392896
COUNTS id=[ 384, 16863 ] end=294912 piso=2222592
COUNTS id=[ 384, 16864 ] end=4091904 piso=119814144
COUNTS id=[ 384, 16865 ] end=749568 piso=6540288
COUNTS id=[ 384, 16866 ] end=761856 piso=4088832
COUNTS id=[ 384, 16867 ] end=761856 piso=5360640
COUNTS id=[ 384, 16868 ] end=1794048 piso=12555264
COUNTS id=[ 384, 16869 ] end=368640 piso=2866176
COUNTS id=[ 384, 16870 ] end=1363968 piso=12552192
COUNTS id=[ 384, 16871 ] end=1867776 piso=14446080
COUNTS id=[ 384, 16872 ] end=983040 piso=8031744
COUNTS id=[ 384, 16873 ] end=10764288 piso=448237056
COUNTS id=[ 384, 16874 ] end=2998272 piso=42941952
COUNTS id=[ 384, 16875 ] end=7471104 piso=405081600
COUNTS id=[ 384, 16876 ] end=983040 piso=40926720
COUNTS id=[ 384, 16877 ] end=3342336 piso=107238912
COUNTS id=[ 384, 16878 ] end=307200 piso=3697152
COUNTS id=[ 384, 16879 ] end=368640 piso=2525184
COUNTS id=[ 384, 16880 ] end=663552 piso=5197824
COUNTS id=[ 384, 16881 ] end=221184 piso=2359296
COUNTS id=[ 384, 16882 ] end=270336 piso=4319232
COUNTS id=[ 384, 16883 ] end=749568 piso=6856704
COUNTS id=[ 384, 16884 ] end=651264 piso=6383616
COUNTS id=[ 384, 16885 ] end=1118208 piso=7209984
COUNTS id=[ 384, 16886 ] end=184320 piso=2227200
COUNTS id=[ 384, 16887 ] end=430080 piso=3216384
COUNTS id=[ 384, 16888 ] end=430080 piso=2436096
COUNTS id=[ 384, 16889 ] end=565248 piso=6116352
COUNTS id=[ 384, 16890 ] end=516096 piso=5351424
COUNTS id=[ 384, 16891 ] end=479232 piso=2938368
COUNTS id=[ 384, 16892 ] end=651264 piso=3921408
COUNTS id=[ 384, 16893 ] end=110592 piso=1943040
COUNTS id=[ 384, 16894 ] end=430080 piso=3356160
COUNTS id=[ 384, 16895 ] end=737280 piso=5448192
COUNTS id=[ 384, 16896 ] end=1056768 piso=7613952
DONE checked=255 abelian=0 hits=0 reversed=0 skipped_abelian=1 closest=[ 384, 16714 ] min_ratio=233/136 runtime_ms=1036655
