{"command": ["/project/gap-4.16.1/gap", "-l", "/project/gap-4.16.1", "-q", "-b", "-T", "-m", "128m", "-o", "4g", "-c", "START_ORDER:=384;;END_ORDER:=384;;START_ID:=18945;;END_ID:=19200;;SKIP_ABELIAN:=true;;LOG_ALL:=true;;", "/project/scripts/search_19_20.g"], "source_hashes": {"scripts/search_19_20.g": "7b6a34e9163b58b0248b3c464ae8070783414cd7d14048136dd0e3547b906318", "scripts/lib_19_20.g": "fbcf2d3c4b0648cc1fa87d6e50fc923133d594c029b8430a365caf596ac7ccd5"}}
PARAMETERS start=384 end=384 start_id=18945 end_id=19200 skip_abelian=true log_all=true
ORDER_START order=384 groups=20169
COUNTS id=[ 384, 18945 ] end=442368 piso=10544640
CLOSEST id=[ 384, 18945 ] end=442368 piso=10544640 ratio=6865/288
COUNTS id=[ 384, 18946 ] end=9713664 piso=18322944
CLOSEST id=[ 384, 18946 ] end=9713664 piso=18322944 ratio=11929/6324
COUNTS id=[ 384, 18947 ] end=3631104 piso=12049920
COUNTS id=[ 384, 18948 ] end=12957696 piso=24225792
CLOSEST id=[ 384, 18948 ] end=12957696 piso=24225792 ratio=3943/2109
COUNTS id=[ 384, 18949 ] end=387072 piso=10377216
COUNTS id=[ 384, 18950 ] end=626688 piso=16662528
COUNTS id=[ 384, 18951 ] end=6672384 piso=11538432
CLOSEST id=[ 384, 18951 ] end=6672384 piso=11538432 ratio=313/181
COUNTS id=[ 384, 18952 ] end=387072 piso=10404864
COUNTS id=[ 384, 18953 ] end=9707520 piso=14051328
CLOSEST id=[ 384, 18953 ] end=9707520 piso=14051328 ratio=2287/1580
COUNTS id=[ 384, 18954 ] end=18841600 piso=96215040
COUNTS id=[ 384, 18955 ] end=32153600 piso=104437248
COUNTS id=[ 384, 18956 ] end=10797056 piso=52753920
COUNTS id=[ 384, 18957 ] end=3612672 piso=17725440
COUNTS id=[ 384, 18958 ] end=35987456 piso=123245568
COUNTS id=[ 384, 18959 ] end=19034112 piso=36109824
COUNTS id=[ 384, 18960 ] end=9713664 piso=18107904
COUNTS id=[ 384, 18961 ] end=3422208 piso=11023872
COUNTS id=[ 384, 18962 ] end=15992832 piso=28939776
COUNTS id=[ 384, 18963 ] end=1388544 piso=10493952
COUNTS id=[ 384, 18964 ] end=10727424 piso=25181184
COUNTS id=[ 384, 18965 ] end=4706304 piso=15830016
COUNTS id=[ 384, 18966 ] end=1388544 piso=10807296
COUNTS id=[ 384, 18967 ] end=4706304 piso=15891456
COUNTS id=[ 384, 18968 ] end=10715136 piso=18780672
COUNTS id=[ 384, 18969 ] end=4405248 piso=9980928
COUNTS id=[ 384, 18970 ] end=7612416 piso=13734912
COUNTS id=[ 384, 18971 ] end=7624704 piso=18169344
COUNTS id=[ 384, 18972 ] end=26290176 piso=76629504
COUNTS id=[ 384, 18973 ] end=7618560 piso=14358528
COUNTS id=[ 384, 18974 ] end=1327104 piso=11627520
COUNTS id=[ 384, 18975 ] end=1327104 piso=11741184
COUNTS id=[ 384, 18976 ] end=13897728 piso=26892288
COUNTS id=[ 384, 18977 ] end=10862592 piso=23086080
COUNTS id=[ 384, 18978 ] end=4577280 piso=11097600
COUNTS id=[ 384, 18979 ] end=16951296 piso=32553984
COUNTS id=[ 384, 18980 ] end=7618560 piso=13142016
COUNTS id=[ 384, 18981 ] end=4380672 piso=14251008
COUNTS id=[ 384, 18982 ] end=4571136 piso=10936320
COUNTS id=[ 384, 18983 ] end=4571136 piso=10907136
COUNTS id=[ 384, 18984 ] end=1130496 piso=10266624
COUNTS id=[ 384, 18985 ] end=1324032 piso=7785984
COUNTS id=[ 384, 18986 ] end=1324032 piso=7775232
COUNTS id=[ 384, 18987 ] end=1324032 piso=7784448
COUNTS id=[ 384, 18988 ] end=4380672 piso=10003968
COUNTS id=[ 384, 18989 ] end=111411200 piso=367423488
COUNTS id=[ 384, 18990 ] end=111316992 piso=359860224
COUNTS id=[ 384, 18991 ] end=10702848 piso=20216832
COUNTS id=[ 384, 18992 ] end=10708992 piso=19613184
COUNTS id=[ 384, 18993 ] end=17018880 piso=37294080
COUNTS id=[ 384, 18994 ] end=117516288 piso=412667904
COUNTS id=[ 384, 18995 ] end=7612416 piso=13151232
COUNTS id=[ 384, 18996 ] end=16945152 piso=33363456
COUNTS id=[ 384, 18997 ] end=16939008 piso=33131520
COUNTS id=[ 384, 18998 ] end=4374528 piso=11933184
COUNTS id=[ 384, 18999 ] end=10659840 piso=16352256
COUNTS id=[ 384, 19000 ] end=16945152 piso=32212992
COUNTS id=[ 384, 19001 ] end=7612416 piso=12687360
COUNTS id=[ 384, 19002 ] end=7612416 piso=12684288
COUNTS id=[ 384, 19003 ] end=3616768 piso=10297344
COUNTS id=[ 384, 19004 ] end=12955648 piso=27939840
COUNTS id=[ 384, 19005 ] end=372736 piso=10626048
COUNTS id=[ 384, 19006 ] end=3690496 piso=17817600
COUNTS id=[ 384, 19007 ] end=372736 piso=10429440
COUNTS id=[ 384, 19008 ] end=372736 piso=10262016
COUNTS id=[ 384, 19009 ] end=6633472 piso=10748928
COUNTS id=[ 384, 19010 ] end=9852928 piso=20190720
COUNTS id=[ 384, 19011 ] end=3377152 piso=16762368
COUNTS id=[ 384, 19012 ] end=3764224 piso=13306368
COUNTS id=[ 384, 19013 ] end=3555328 piso=11257344
COUNTS id=[ 384, 19014 ] end=317440 piso=15023616
COUNTS id=[ 384, 19015 ] end=317440 piso=9583104
COUNTS id=[ 384, 19016 ] end=520192 piso=10827264
COUNTS id=[ 384, 19017 ] end=317440 piso=8555520
COUNTS id=[ 384, 19018 ] end=526336 piso=10847232
COUNTS id=[ 384, 19019 ] end=9846784 piso=15187968
COUNTS id=[ 384, 19020 ] end=6799360 piso=12550656
COUNTS id=[ 384, 19021 ] end=120832 piso=14146560
COUNTS id=[ 384, 19022 ] end=3358720 piso=9406464
COUNTS id=[ 384, 19023 ] end=311296 piso=8377344
COUNTS id=[ 384, 19024 ] end=3552256 piso=8017920
COUNTS id=[ 384, 19025 ] end=3552256 piso=8001024
COUNTS id=[ 384, 19026 ] end=3552256 piso=7991808
COUNTS id=[ 384, 19027 ] end=526336 piso=9133056
COUNTS id=[ 384, 19028 ] end=9830400 piso=32673792
COUNTS id=[ 384, 19029 ] end=9662464 piso=15532032
COUNTS id=[ 384, 19030 ] end=12931072 piso=22889472
COUNTS id=[ 384, 19031 ] end=12937216 piso=22485504
COUNTS id=[ 384, 19032 ] end=6676480 piso=15654912
COUNTS id=[ 384, 19033 ] end=9840640 piso=15505920
COUNTS id=[ 384, 19034 ] end=19167232 piso=39281664
COUNTS id=[ 384, 19035 ] end=19173376 piso=39022080
COUNTS id=[ 384, 19036 ] end=6596608 piso=12558336
COUNTS id=[ 384, 19037 ] end=6602752 piso=12639744
COUNTS id=[ 384, 19038 ] end=6596608 piso=12433920
COUNTS id=[ 384, 19039 ] end=317440 piso=9444864
COUNTS id=[ 384, 19040 ] end=520192 piso=10642944
COUNTS id=[ 384, 19041 ] end=9840640 piso=15069696
COUNTS id=[ 384, 19042 ] end=3352576 piso=9214464
COUNTS id=[ 384, 19043 ] end=3489792 piso=10426368
COUNTS id=[ 384, 19044 ] end=6795264 piso=16041984
PROGRESS checked=100 hits=0 reversed=0 runtime_ms=550581
COUNTS id=[ 384, 19045 ] end=466944 piso=10403328
COUNTS id=[ 384, 19046 ] end=780288 piso=15550464
COUNTS id=[ 384, 19047 ] end=430080 piso=9871872
COUNTS id=[ 384, 19048 ] end=3643392 piso=12744192
COUNTS id=[ 384, 19049 ] end=3624960 piso=12427776
COUNTS id=[ 384, 19050 ] end=15986688 piso=29340672
COUNTS id=[ 384, 19051 ] end=387072 piso=11321856
COUNTS id=[ 384, 19052 ] end=638976 piso=18665472
COUNTS id=[ 384, 19053 ] end=6666240 piso=11936256
COUNTS id=[ 384, 19054 ] end=387072 piso=11326464
COUNTS id=[ 384, 19055 ] end=196608 piso=10211328
COUNTS id=[ 384, 19056 ] end=6666240 piso=11957760
COUNTS id=[ 384, 19057 ] end=6660096 piso=11759616
COUNTS id=[ 384, 19058 ] end=3412992 piso=8205312
COUNTS id=[ 384, 19059 ] end=387072 piso=9211392
COUNTS id=[ 384, 19060 ] end=16384000 piso=52924416
COUNTS id=[ 384, 19061 ] end=9805824 piso=16654848
COUNTS id=[ 384, 19062 ] end=13172736 piso=30211584
COUNTS id=[ 384, 19063 ] end=12804096 piso=21731328
COUNTS id=[ 384, 19064 ] end=19113984 piso=40346112
COUNTS id=[ 384, 19065 ] end=9701376 piso=14607360
COUNTS id=[ 384, 19066 ] end=19027968 piso=36235776
COUNTS id=[ 384, 19067 ] end=28391424 piso=81643008
COUNTS id=[ 384, 19068 ] end=15992832 piso=29471232
COUNTS id=[ 384, 19069 ] end=25337856 piso=69444096
COUNTS id=[ 384, 19070 ] end=387072 piso=11011584
COUNTS id=[ 384, 19071 ] end=3768320 piso=11433984
COUNTS id=[ 384, 19072 ] end=512000 piso=10389504
COUNTS id=[ 384, 19073 ] end=745472 piso=11496960
COUNTS id=[ 384, 19074 ] end=3921920 piso=16221696
COUNTS id=[ 384, 19075 ] end=260096 piso=12407808
COUNTS id=[ 384, 19076 ] end=260096 piso=12366336
COUNTS id=[ 384, 19077 ] end=253952 piso=12286464
COUNTS id=[ 384, 19078 ] end=204800 piso=29085696
COUNTS id=[ 384, 19079 ] end=475136 piso=8982528
COUNTS id=[ 384, 19080 ] end=6944768 piso=15115776
COUNTS id=[ 384, 19081 ] end=450560 piso=8325120
COUNTS id=[ 384, 19082 ] end=3691520 piso=8878080
COUNTS id=[ 384, 19083 ] end=3691520 piso=8882688
COUNTS id=[ 384, 19084 ] end=3686400 piso=22450176
COUNTS id=[ 384, 19085 ] end=3522560 piso=11346432
COUNTS id=[ 384, 19086 ] end=327680 piso=15306240
COUNTS id=[ 384, 19087 ] end=518144 piso=10573824
COUNTS id=[ 384, 19088 ] end=487424 piso=10592256
COUNTS id=[ 384, 19089 ] end=6778880 piso=12089856
COUNTS id=[ 384, 19090 ] end=284672 piso=16267776
COUNTS id=[ 384, 19091 ] end=3528704 piso=16971264
COUNTS id=[ 384, 19092 ] end=3700736 piso=12550656
COUNTS id=[ 384, 19093 ] end=462848 piso=14787072
COUNTS id=[ 384, 19094 ] end=456704 piso=9595392
COUNTS id=[ 384, 19095 ] end=253952 piso=12840960
COUNTS id=[ 384, 19096 ] end=260096 piso=12977664
COUNTS id=[ 384, 19097 ] end=3491840 piso=9183744
COUNTS id=[ 384, 19098 ] end=3491840 piso=9203712
COUNTS id=[ 384, 19099 ] end=3616768 piso=10303488
COUNTS id=[ 384, 19100 ] end=6934528 piso=17129472
COUNTS id=[ 384, 19101 ] end=372736 piso=10309632
COUNTS id=[ 384, 19102 ] end=667648 piso=12916224
COUNTS id=[ 384, 19103 ] end=366592 piso=13624320
COUNTS id=[ 384, 19104 ] end=569344 piso=9752064
COUNTS id=[ 384, 19105 ] end=9852928 piso=16651776
COUNTS id=[ 384, 19106 ] end=9846784 piso=16502784
COUNTS id=[ 384, 19107 ] end=3555328 piso=11241984
COUNTS id=[ 384, 19108 ] end=13096960 piso=27532800
COUNTS id=[ 384, 19109 ] end=520192 piso=10712064
COUNTS id=[ 384, 19110 ] end=360448 piso=17743872
COUNTS id=[ 384, 19111 ] end=526336 piso=10816512
COUNTS id=[ 384, 19112 ] end=526336 piso=10808832
COUNTS id=[ 384, 19113 ] end=120832 piso=13507584
COUNTS id=[ 384, 19114 ] end=323584 piso=8632320
COUNTS id=[ 384, 19115 ] end=317440 piso=8500224
COUNTS id=[ 384, 19116 ] end=6602752 piso=14206464
COUNTS id=[ 384, 19117 ] end=317440 piso=8458752
COUNTS id=[ 384, 19118 ] end=317440 piso=8440320
COUNTS id=[ 384, 19119 ] end=311296 piso=8308224
COUNTS id=[ 384, 19120 ] end=311296 piso=8286720
COUNTS id=[ 384, 19121 ] end=3552256 piso=8105472
COUNTS id=[ 384, 19122 ] end=3552256 piso=8077824
COUNTS id=[ 384, 19123 ] end=3552256 piso=8082432
COUNTS id=[ 384, 19124 ] end=6608896 piso=10816512
COUNTS id=[ 384, 19125 ] end=9830400 piso=25509888
COUNTS id=[ 384, 19126 ] end=9945088 piso=17871360
COUNTS id=[ 384, 19127 ] end=3383296 piso=11211264
COUNTS id=[ 384, 19128 ] end=6639616 piso=12166656
COUNTS id=[ 384, 19129 ] end=12943360 piso=23141376
COUNTS id=[ 384, 19130 ] end=12949504 piso=21740544
COUNTS id=[ 384, 19131 ] end=348160 piso=10570752
COUNTS id=[ 384, 19132 ] end=6682624 piso=15896064
COUNTS id=[ 384, 19133 ] end=6639616 piso=11011584
COUNTS id=[ 384, 19134 ] end=698368 piso=13063680
COUNTS id=[ 384, 19135 ] end=9840640 piso=15662592
COUNTS id=[ 384, 19136 ] end=6596608 piso=12582912
COUNTS id=[ 384, 19137 ] end=9852928 piso=20338176
COUNTS id=[ 384, 19138 ] end=3561472 piso=11383296
COUNTS id=[ 384, 19139 ] end=16132096 piso=32358912
COUNTS id=[ 384, 19140 ] end=335872 piso=12731904
COUNTS id=[ 384, 19141 ] end=12888064 piso=19372032
COUNTS id=[ 384, 19142 ] end=323584 piso=14618112
COUNTS id=[ 384, 19143 ] end=19179520 piso=38324736
COUNTS id=[ 384, 19144 ] end=9840640 piso=15278592
PROGRESS checked=200 hits=0 reversed=0 runtime_ms=1058539
COUNTS id=[ 384, 19145 ] end=6608896 piso=14350848
COUNTS id=[ 384, 19146 ] end=3352576 piso=9259008
COUNTS id=[ 384, 19147 ] end=1736704 piso=25104384
COUNTS id=[ 384, 19148 ] end=11001856 piso=27214848
COUNTS id=[ 384, 19149 ] end=7610368 piso=15446016
COUNTS id=[ 384, 19150 ] end=6750208 piso=25543680
COUNTS id=[ 384, 19151 ] end=7763968 piso=18310656
COUNTS id=[ 384, 19152 ] end=4519936 piso=12948480
COUNTS id=[ 384, 19153 ] end=1269760 piso=8878080
COUNTS id=[ 384, 19154 ] end=109772800 piso=373948416
COUNTS id=[ 384, 19155 ] end=111640576 piso=363700224
COUNTS id=[ 384, 19156 ] end=4513792 piso=11195904
COUNTS id=[ 384, 19157 ] end=3866624 piso=22720512
COUNTS id=[ 384, 19158 ] end=7258112 piso=20044800
COUNTS id=[ 384, 19159 ] end=548864 piso=11086848
COUNTS id=[ 384, 19160 ] end=3792896 piso=12380160
COUNTS id=[ 384, 19161 ] end=1064960 piso=33506304
COUNTS id=[ 384, 19162 ] end=3915776 piso=30451200
COUNTS id=[ 384, 19163 ] end=524288 piso=16528896
COUNTS id=[ 384, 19164 ] end=3516416 piso=15932928
COUNTS id=[ 384, 19165 ] end=665600 piso=11331072
COUNTS id=[ 384, 19166 ] end=260096 piso=12338688
COUNTS id=[ 384, 19167 ] end=260096 piso=12936192
COUNTS id=[ 384, 19168 ] end=3497984 piso=9338880
COUNTS id=[ 384, 19169 ] end=456704 piso=8283648
COUNTS id=[ 384, 19170 ] end=456704 piso=8308224
COUNTS id=[ 384, 19171 ] end=6553600 piso=39149568
COUNTS id=[ 384, 19172 ] end=4014080 piso=19666944
COUNTS id=[ 384, 19173 ] end=10244096 piso=20964864
COUNTS id=[ 384, 19174 ] end=3534848 piso=11613696
COUNTS id=[ 384, 19175 ] end=9076736 piso=27878400
COUNTS id=[ 384, 19176 ] end=6742016 piso=13647360
COUNTS id=[ 384, 19177 ] end=475136 piso=12237312
COUNTS id=[ 384, 19178 ] end=462848 piso=14135808
COUNTS id=[ 384, 19179 ] end=665600 piso=11758080
COUNTS id=[ 384, 19180 ] end=260096 piso=12857856
COUNTS id=[ 384, 19181 ] end=13711360 piso=77168640
COUNTS id=[ 384, 19182 ] end=4485120 piso=30053376
COUNTS id=[ 384, 19183 ] end=23056384 piso=81495552
COUNTS id=[ 384, 19184 ] end=35467264 piso=158969856
COUNTS id=[ 384, 19185 ] end=4276224 piso=18448896
COUNTS id=[ 384, 19186 ] end=4294656 piso=16704000
COUNTS id=[ 384, 19187 ] end=10598400 piso=28248576
COUNTS id=[ 384, 19188 ] end=10610688 piso=27025920
COUNTS id=[ 384, 19189 ] end=10463232 piso=23354880
COUNTS id=[ 384, 19190 ] end=19814400 piso=55624704
COUNTS id=[ 384, 19191 ] end=7428096 piso=19224576
COUNTS id=[ 384, 19192 ] end=16773120 piso=46589952
COUNTS id=[ 384, 19193 ] end=16932864 piso=50002944
COUNTS id=[ 384, 19194 ] end=10475520 piso=22565376
COUNTS id=[ 384, 19195 ] end=459673600 piso=5125447680
COUNTS id=[ 384, 19196 ] end=224407552 piso=1381645824
COUNTS id=[ 384, 19197 ] end=26927104 piso=93139968
COUNTS id=[ 384, 19198 ] end=111046656 piso=365291520
COUNTS id=[ 384, 19199 ] end=19814400 piso=54864384
COUNTS id=[ 384, 19200 ] end=16809984 piso=46792704
DONE checked=256 abelian=0 hits=0 reversed=0 skipped_abelian=0 closest=[ 384, 18953 ] min_ratio=2287/1580 runtime_ms=1360654
