{"command": ["/project/gap-4.16.1/gap", "-l", "/project/gap-4.16.1", "-q", "-b", "-T", "-m", "128m", "-o", "4g", "-c", "START_ORDER:=384;;END_ORDER:=384;;START_ID:=14337;;END_ID:=14592;;SKIP_ABELIAN:=true;;LOG_ALL:=true;;", "/project/scripts/search_19_20.g"], "source_hashes": {"scripts/search_19_20.g": "7b6a34e9163b58b0248b3c464ae8070783414cd7d14048136dd0e3547b906318", "scripts/lib_19_20.g": "fbcf2d3c4b0648cc1fa87d6e50fc923133d594c029b8430a365caf596ac7ccd5"}}
PARAMETERS start=384 end=384 start_id=14337 end_id=14592 skip_abelian=true log_all=true
ORDER_START order=384 groups=20169
COUNTS id=[ 384, 14337 ] end=1924096 piso=20401152
CLOSEST id=[ 384, 14337 ] end=1924096 piso=20401152 ratio=19923/1879
COUNTS id=[ 384, 14338 ] end=259072 piso=5876736
COUNTS id=[ 384, 14339 ] end=624640 piso=5608320
CLOSEST id=[ 384, 14339 ] end=624640 piso=5608320 ratio=8763/976
COUNTS id=[ 384, 14340 ] end=103424 piso=4131840
COUNTS id=[ 384, 14341 ] end=142336 piso=2985984
COUNTS id=[ 384, 14342 ] end=1037312 piso=15436800
COUNTS id=[ 384, 14343 ] end=74752 piso=1732608
COUNTS id=[ 384, 14344 ] end=87040 piso=1829760
COUNTS id=[ 384, 14345 ] end=489472 piso=3703680
CLOSEST id=[ 384, 14345 ] end=489472 piso=3703680 ratio=28935/3824
COUNTS id=[ 384, 14346 ] end=1110784 piso=12780768
COUNTS id=[ 384, 14347 ] end=1150208 piso=13442784
COUNTS id=[ 384, 14348 ] end=160000 piso=2861280
COUNTS id=[ 384, 14349 ] end=118528 piso=3444960
COUNTS id=[ 384, 14350 ] end=184192 piso=2329344
COUNTS id=[ 384, 14351 ] end=242688 piso=3176448
COUNTS id=[ 384, 14352 ] end=99328 piso=2017152
COUNTS id=[ 384, 14353 ] end=234496 piso=3145728
COUNTS id=[ 384, 14354 ] end=278784 piso=4437984
COUNTS id=[ 384, 14355 ] end=73984 piso=2132448
COUNTS id=[ 384, 14356 ] end=126208 piso=2252256
COUNTS id=[ 384, 14357 ] end=4912128 piso=68788224
COUNTS id=[ 384, 14358 ] end=406528 piso=5081088
COUNTS id=[ 384, 14359 ] end=1856512 piso=18533376
COUNTS id=[ 384, 14360 ] end=1156096 piso=13601664
COUNTS id=[ 384, 14361 ] end=1078272 piso=17132544
COUNTS id=[ 384, 14362 ] end=99328 piso=2936832
COUNTS id=[ 384, 14363 ] end=514048 piso=4582272
COUNTS id=[ 384, 14364 ] end=1115392 piso=13245408
COUNTS id=[ 384, 14365 ] end=2270976 piso=42850272
COUNTS id=[ 384, 14366 ] end=195328 piso=3868128
COUNTS id=[ 384, 14367 ] end=356224 piso=4163328
COUNTS id=[ 384, 14368 ] end=95232 piso=2021376
COUNTS id=[ 384, 14369 ] end=50176 piso=1599360
COUNTS id=[ 384, 14370 ] end=87040 piso=1990656
COUNTS id=[ 384, 14371 ] end=92416 piso=1533408
COUNTS id=[ 384, 14372 ] end=100608 piso=2969568
COUNTS id=[ 384, 14373 ] end=46336 piso=1516512
COUNTS id=[ 384, 14374 ] end=1717248 piso=20520960
COUNTS id=[ 384, 14375 ] end=541696 piso=6162432
COUNTS id=[ 384, 14376 ] end=326656 piso=5704704
COUNTS id=[ 384, 14377 ] end=142336 piso=4803456
COUNTS id=[ 384, 14378 ] end=95232 piso=4058112
COUNTS id=[ 384, 14379 ] end=117760 piso=1880064
COUNTS id=[ 384, 14380 ] end=62464 piso=1639296
COUNTS id=[ 384, 14381 ] end=113920 piso=3479520
COUNTS id=[ 384, 14382 ] end=186112 piso=3419616
COUNTS id=[ 384, 14383 ] end=277248 piso=8966112
COUNTS id=[ 384, 14384 ] end=30592 piso=3456768
COUNTS id=[ 384, 14385 ] end=54272 piso=1185792
COUNTS id=[ 384, 14386 ] end=54272 piso=1206144
COUNTS id=[ 384, 14387 ] end=54272 piso=1206144
COUNTS id=[ 384, 14388 ] end=54272 piso=1155072
COUNTS id=[ 384, 14389 ] end=41216 piso=1456608
COUNTS id=[ 384, 14390 ] end=62720 piso=1203936
COUNTS id=[ 384, 14391 ] end=108800 piso=1773024
COUNTS id=[ 384, 14392 ] end=59648 piso=1164000
COUNTS id=[ 384, 14393 ] end=35072 piso=1389024
COUNTS id=[ 384, 14394 ] end=102656 piso=1705440
COUNTS id=[ 384, 14395 ] end=1184768 piso=15261696
COUNTS id=[ 384, 14396 ] end=326656 piso=4392960
COUNTS id=[ 384, 14397 ] end=624640 piso=5864448
COUNTS id=[ 384, 14398 ] end=649216 piso=5884800
COUNTS id=[ 384, 14399 ] end=1248256 piso=15641472
COUNTS id=[ 384, 14400 ] end=99328 piso=5208960
COUNTS id=[ 384, 14401 ] end=462848 piso=3978240
COUNTS id=[ 384, 14402 ] end=84992 piso=1548288
COUNTS id=[ 384, 14403 ] end=508928 piso=4304256
COUNTS id=[ 384, 14404 ] end=45056 piso=1797504
COUNTS id=[ 384, 14405 ] end=977664 piso=11541984
COUNTS id=[ 384, 14406 ] end=524544 piso=4590816
COUNTS id=[ 384, 14407 ] end=983808 piso=11800032
COUNTS id=[ 384, 14408 ] end=530688 piso=4756704
COUNTS id=[ 384, 14409 ] end=89856 piso=3333600
COUNTS id=[ 384, 14410 ] end=96000 piso=3591648
COUNTS id=[ 384, 14411 ] end=175488 piso=2117376
COUNTS id=[ 384, 14412 ] end=116736 piso=1575936
COUNTS id=[ 384, 14413 ] end=58368 piso=1223040
COUNTS id=[ 384, 14414 ] end=116736 piso=1606656
COUNTS id=[ 384, 14415 ] end=109824 piso=1706976
COUNTS id=[ 384, 14416 ] end=143616 piso=2337504
COUNTS id=[ 384, 14417 ] end=36096 piso=1362912
COUNTS id=[ 384, 14418 ] end=72960 piso=1614048
COUNTS id=[ 384, 14419 ] end=2302976 piso=31438848
COUNTS id=[ 384, 14420 ] end=231424 piso=4227072
COUNTS id=[ 384, 14421 ] end=1828864 piso=19375104
COUNTS id=[ 384, 14422 ] end=590848 piso=5833728
COUNTS id=[ 384, 14423 ] end=603136 piso=5589888
COUNTS id=[ 384, 14424 ] end=1189888 piso=14295936
COUNTS id=[ 384, 14425 ] end=488448 piso=4878336
COUNTS id=[ 384, 14426 ] end=110592 piso=2700288
COUNTS id=[ 384, 14427 ] end=1007616 piso=15611904
COUNTS id=[ 384, 14428 ] end=67584 piso=1582080
COUNTS id=[ 384, 14429 ] end=531456 piso=5058432
COUNTS id=[ 384, 14430 ] end=67584 piso=1937280
COUNTS id=[ 384, 14431 ] end=491520 piso=3898752
COUNTS id=[ 384, 14432 ] end=1506560 piso=23801184
COUNTS id=[ 384, 14433 ] end=1062656 piso=12391008
COUNTS id=[ 384, 14434 ] end=549632 piso=5038944
COUNTS id=[ 384, 14435 ] end=105728 piso=2704992
COUNTS id=[ 384, 14436 ] end=258944 piso=2656128
PROGRESS checked=100 hits=0 reversed=0 runtime_ms=279765
COUNTS id=[ 384, 14437 ] end=43008 piso=1170432
COUNTS id=[ 384, 14438 ] end=33792 piso=1026432
COUNTS id=[ 384, 14439 ] end=43008 piso=1201152
COUNTS id=[ 384, 14440 ] end=20736 piso=1604832
COUNTS id=[ 384, 14441 ] end=54528 piso=1355232
COUNTS id=[ 384, 14442 ] end=79104 piso=1246176
COUNTS id=[ 384, 14443 ] end=48384 piso=1226976
COUNTS id=[ 384, 14444 ] end=705536 piso=11040768
COUNTS id=[ 384, 14445 ] end=299008 piso=4743168
COUNTS id=[ 384, 14446 ] end=231424 piso=5477376
COUNTS id=[ 384, 14447 ] end=658432 piso=6460416
COUNTS id=[ 384, 14448 ] end=670720 piso=6259584
COUNTS id=[ 384, 14449 ] end=108544 piso=4766592
COUNTS id=[ 384, 14450 ] end=463872 piso=4141056
COUNTS id=[ 384, 14451 ] end=86016 piso=1582080
COUNTS id=[ 384, 14452 ] end=49152 piso=3201024
COUNTS id=[ 384, 14453 ] end=110592 piso=1790976
COUNTS id=[ 384, 14454 ] end=506880 piso=4161408
COUNTS id=[ 384, 14455 ] end=43008 piso=1765248
COUNTS id=[ 384, 14456 ] end=64512 piso=1693056
COUNTS id=[ 384, 14457 ] end=509696 piso=5439072
COUNTS id=[ 384, 14458 ] end=545024 piso=5070432
COUNTS id=[ 384, 14459 ] end=101120 piso=2412384
COUNTS id=[ 384, 14460 ] end=65792 piso=5037408
COUNTS id=[ 384, 14461 ] end=96128 piso=2333568
COUNTS id=[ 384, 14462 ] end=203776 piso=1898496
COUNTS id=[ 384, 14463 ] end=93184 piso=1267584
COUNTS id=[ 384, 14464 ] end=369664 piso=4374528
COUNTS id=[ 384, 14465 ] end=87040 piso=2138112
COUNTS id=[ 384, 14466 ] end=1291264 piso=11329536
COUNTS id=[ 384, 14467 ] end=177152 piso=2304000
COUNTS id=[ 384, 14468 ] end=128000 piso=1845120
COUNTS id=[ 384, 14469 ] end=521216 piso=3910656
CLOSEST id=[ 384, 14469 ] end=521216 piso=3910656 ratio=3819/509
COUNTS id=[ 384, 14470 ] end=130048 piso=4045824
COUNTS id=[ 384, 14471 ] end=117760 piso=1806336
COUNTS id=[ 384, 14472 ] end=62464 piso=3800064
COUNTS id=[ 384, 14473 ] end=50176 piso=1708032
COUNTS id=[ 384, 14474 ] end=53248 piso=1061760
COUNTS id=[ 384, 14475 ] end=120064 piso=1884384
COUNTS id=[ 384, 14476 ] end=80128 piso=1325280
COUNTS id=[ 384, 14477 ] end=150784 piso=1921248
COUNTS id=[ 384, 14478 ] end=46336 piso=1197792
COUNTS id=[ 384, 14479 ] end=258304 piso=4191456
COUNTS id=[ 384, 14480 ] end=61696 piso=1437408
COUNTS id=[ 384, 14481 ] end=247552 piso=3007200
COUNTS id=[ 384, 14482 ] end=57088 piso=2678496
COUNTS id=[ 384, 14483 ] end=93184 piso=1308672
COUNTS id=[ 384, 14484 ] end=99328 piso=1390464
COUNTS id=[ 384, 14485 ] end=185344 piso=3129216
COUNTS id=[ 384, 14486 ] end=50176 piso=1765248
COUNTS id=[ 384, 14487 ] end=93184 piso=1277952
COUNTS id=[ 384, 14488 ] end=103168 piso=1823712
COUNTS id=[ 384, 14489 ] end=67840 piso=1477344
COUNTS id=[ 384, 14490 ] end=57088 piso=2358240
COUNTS id=[ 384, 14491 ] end=226304 piso=4005888
COUNTS id=[ 384, 14492 ] end=185344 piso=2353152
COUNTS id=[ 384, 14493 ] end=160768 piso=2097024
COUNTS id=[ 384, 14494 ] end=160768 piso=2097024
COUNTS id=[ 384, 14495 ] end=99328 piso=1975296
COUNTS id=[ 384, 14496 ] end=56320 piso=1440768
COUNTS id=[ 384, 14497 ] end=56320 piso=1155072
COUNTS id=[ 384, 14498 ] end=90112 piso=1428864
COUNTS id=[ 384, 14499 ] end=22528 piso=1379712
COUNTS id=[ 384, 14500 ] end=46336 piso=1207776
COUNTS id=[ 384, 14501 ] end=70912 piso=1156320
COUNTS id=[ 384, 14502 ] end=113920 piso=1717728
COUNTS id=[ 384, 14503 ] end=70912 piso=1131744
COUNTS id=[ 384, 14504 ] end=46336 piso=1183200
COUNTS id=[ 384, 14505 ] end=113920 piso=1693152
COUNTS id=[ 384, 14506 ] end=64768 piso=1437408
COUNTS id=[ 384, 14507 ] end=97024 piso=1765344
COUNTS id=[ 384, 14508 ] end=50944 piso=2299872
COUNTS id=[ 384, 14509 ] end=394240 piso=4405248
COUNTS id=[ 384, 14510 ] end=111616 piso=2168832
COUNTS id=[ 384, 14511 ] end=93184 piso=1267584
COUNTS id=[ 384, 14512 ] end=191488 piso=1867776
COUNTS id=[ 384, 14513 ] end=1291264 piso=11329536
COUNTS id=[ 384, 14514 ] end=177152 piso=2304000
COUNTS id=[ 384, 14515 ] end=128000 piso=1845120
COUNTS id=[ 384, 14516 ] end=521216 piso=3910656
COUNTS id=[ 384, 14517 ] end=130048 piso=4045824
COUNTS id=[ 384, 14518 ] end=117760 piso=1806336
COUNTS id=[ 384, 14519 ] end=62464 piso=3800064
COUNTS id=[ 384, 14520 ] end=50176 piso=1708032
COUNTS id=[ 384, 14521 ] end=53248 piso=1061760
COUNTS id=[ 384, 14522 ] end=212224 piso=3164640
COUNTS id=[ 384, 14523 ] end=70912 piso=1806816
COUNTS id=[ 384, 14524 ] end=132352 piso=2063328
COUNTS id=[ 384, 14525 ] end=64768 piso=1452000
COUNTS id=[ 384, 14526 ] end=116992 piso=1425888
COUNTS id=[ 384, 14527 ] end=80128 piso=1283040
COUNTS id=[ 384, 14528 ] end=459520 piso=7259616
COUNTS id=[ 384, 14529 ] end=103168 piso=1854432
COUNTS id=[ 384, 14530 ] end=80128 piso=1917408
COUNTS id=[ 384, 14531 ] end=224512 piso=2842080
COUNTS id=[ 384, 14532 ] end=124672 piso=4740576
COUNTS id=[ 384, 14533 ] end=57088 piso=2309088
COUNTS id=[ 384, 14534 ] end=203776 piso=2067456
COUNTS id=[ 384, 14535 ] end=62464 piso=1231872
COUNTS id=[ 384, 14536 ] end=53248 piso=1084800
PROGRESS checked=200 hits=0 reversed=0 runtime_ms=503866
COUNTS id=[ 384, 14537 ] end=120832 piso=1656192
COUNTS id=[ 384, 14538 ] end=203776 piso=2098176
COUNTS id=[ 384, 14539 ] end=62464 piso=1262592
COUNTS id=[ 384, 14540 ] end=247552 piso=3163104
COUNTS id=[ 384, 14541 ] end=80128 piso=2053344
COUNTS id=[ 384, 14542 ] end=224512 piso=3024096
COUNTS id=[ 384, 14543 ] end=57088 piso=2834400
COUNTS id=[ 384, 14544 ] end=58624 piso=1361376
COUNTS id=[ 384, 14545 ] end=58624 piso=1367520
COUNTS id=[ 384, 14546 ] end=84736 piso=1678560
COUNTS id=[ 384, 14547 ] end=38656 piso=2167008
COUNTS id=[ 384, 14548 ] end=545792 piso=4466688
COUNTS id=[ 384, 14549 ] end=156672 piso=2150400
COUNTS id=[ 384, 14550 ] end=138240 piso=1906560
COUNTS id=[ 384, 14551 ] end=138240 piso=1906560
COUNTS id=[ 384, 14552 ] end=525312 piso=4137984
COUNTS id=[ 384, 14553 ] end=82944 piso=1999872
COUNTS id=[ 384, 14554 ] end=105472 piso=2193408
COUNTS id=[ 384, 14555 ] end=105472 piso=1784832
COUNTS id=[ 384, 14556 ] end=37888 piso=1726464
COUNTS id=[ 384, 14557 ] end=37888 piso=1649664
COUNTS id=[ 384, 14558 ] end=68608 piso=3145728
COUNTS id=[ 384, 14559 ] end=68608 piso=3145728
COUNTS id=[ 384, 14560 ] end=62464 piso=1108992
COUNTS id=[ 384, 14561 ] end=62464 piso=1108992
COUNTS id=[ 384, 14562 ] end=90112 piso=1379712
COUNTS id=[ 384, 14563 ] end=22528 piso=1293696
COUNTS id=[ 384, 14564 ] end=53248 piso=1147776
COUNTS id=[ 384, 14565 ] end=53248 piso=1147776
COUNTS id=[ 384, 14566 ] end=107776 piso=1473120
COUNTS id=[ 384, 14567 ] end=37120 piso=1211232
COUNTS id=[ 384, 14568 ] end=141568 piso=1954656
COUNTS id=[ 384, 14569 ] end=70912 piso=1273440
COUNTS id=[ 384, 14570 ] end=104704 piso=1580640
COUNTS id=[ 384, 14571 ] end=70912 piso=1154400
COUNTS id=[ 384, 14572 ] end=37120 piso=1075296
COUNTS id=[ 384, 14573 ] end=70912 piso=1076064
COUNTS id=[ 384, 14574 ] end=1703936 piso=4718592
CLOSEST id=[ 384, 14574 ] end=1703936 piso=4718592 ratio=36/13
COUNTS id=[ 384, 14575 ] end=1048576 piso=3096576
COUNTS id=[ 384, 14576 ] end=151552 piso=627072
COUNTS id=[ 384, 14577 ] end=3739648 piso=46780416
COUNTS id=[ 384, 14578 ] end=1871872 piso=15495168
COUNTS id=[ 384, 14579 ] end=249856 piso=2666496
COUNTS id=[ 384, 14580 ] end=1183744 piso=14979072
COUNTS id=[ 384, 14581 ] end=958464 piso=2936832
COUNTS id=[ 384, 14582 ] end=151552 piso=651648
COUNTS id=[ 384, 14583 ] end=133120 piso=617856
COUNTS id=[ 384, 14584 ] end=1441792 piso=13622784
COUNTS id=[ 384, 14585 ] end=194560 piso=2509824
COUNTS id=[ 384, 14586 ] end=163840 piso=4664832
COUNTS id=[ 384, 14587 ] end=173056 piso=618624
COUNTS id=[ 384, 14588 ] end=164608 piso=618624
COUNTS id=[ 384, 14589 ] end=507712 piso=4719072
COUNTS id=[ 384, 14590 ] end=260416 piso=2509536
COUNTS id=[ 384, 14591 ] end=40768 piso=3467232
COUNTS id=[ 384, 14592 ] end=2356224 piso=39923712
DONE checked=256 abelian=0 hits=0 reversed=0 skipped_abelian=0 closest=[ 384, 14574 ] min_ratio=36/13 runtime_ms=632053
