{"command": ["/project/gap-4.16.1/gap", "-l", "/project/gap-4.16.1", "-q", "-b", "-T", "-m", "128m", "-o", "4g", "-c", "START_ORDER:=384;;END_ORDER:=384;;START_ID:=9473;;END_ID:=9728;;SKIP_ABELIAN:=true;;LOG_ALL:=true;;", "/project/scripts/search_19_20.g"], "source_hashes": {"scripts/search_19_20.g": "7b6a34e9163b58b0248b3c464ae8070783414cd7d14048136dd0e3547b906318", "scripts/lib_19_20.g": "fbcf2d3c4b0648cc1fa87d6e50fc923133d594c029b8430a365caf596ac7ccd5"}}
PARAMETERS start=384 end=384 start_id=9473 end_id=9728 skip_abelian=true log_all=true
ORDER_START order=384 groups=20169
COUNTS id=[ 384, 9473 ] end=192512 piso=10291200
CLOSEST id=[ 384, 9473 ] end=192512 piso=10291200 ratio=5025/94
COUNTS id=[ 384, 9474 ] end=1183744 piso=24757248
CLOSEST id=[ 384, 9474 ] end=1183744 piso=24757248 ratio=24177/1156
COUNTS id=[ 384, 9475 ] end=442368 piso=13324800
COUNTS id=[ 384, 9476 ] end=548864 piso=14095872
COUNTS id=[ 384, 9477 ] end=524288 piso=9449472
CLOSEST id=[ 384, 9477 ] end=524288 piso=9449472 ratio=2307/128
COUNTS id=[ 384, 9478 ] end=524288 piso=14011392
COUNTS id=[ 384, 9479 ] end=1589248 piso=33119232
COUNTS id=[ 384, 9480 ] end=778240 piso=23677440
COUNTS id=[ 384, 9481 ] end=8126464 piso=1214722560
COUNTS id=[ 384, 9482 ] end=905216 piso=17335296
COUNTS id=[ 384, 9483 ] end=905216 piso=17366016
COUNTS id=[ 384, 9484 ] end=499712 piso=14307840
COUNTS id=[ 384, 9485 ] end=430080 piso=13214208
COUNTS id=[ 384, 9486 ] end=172032 piso=6818304
COUNTS id=[ 384, 9487 ] end=430080 piso=11195904
COUNTS id=[ 384, 9488 ] end=430080 piso=10046976
COUNTS id=[ 384, 9489 ] end=172032 piso=9103872
COUNTS id=[ 384, 9490 ] end=172032 piso=9159168
COUNTS id=[ 384, 9491 ] end=487424 piso=11586048
COUNTS id=[ 384, 9492 ] end=499712 piso=14370816
COUNTS id=[ 384, 9493 ] end=843776 piso=18310656
COUNTS id=[ 384, 9494 ] end=172032 piso=9073152
COUNTS id=[ 384, 9495 ] end=172032 piso=9088512
COUNTS id=[ 384, 9496 ] end=430080 piso=10748928
COUNTS id=[ 384, 9497 ] end=430080 piso=9590784
COUNTS id=[ 384, 9498 ] end=172032 piso=9116160
COUNTS id=[ 384, 9499 ] end=172032 piso=9100800
COUNTS id=[ 384, 9500 ] end=172032 piso=9113088
COUNTS id=[ 384, 9501 ] end=3670016 piso=318610944
COUNTS id=[ 384, 9502 ] end=3670016 piso=318660096
COUNTS id=[ 384, 9503 ] end=172032 piso=6796800
COUNTS id=[ 384, 9504 ] end=430080 piso=10807296
COUNTS id=[ 384, 9505 ] end=430080 piso=9689088
COUNTS id=[ 384, 9506 ] end=430080 piso=9713664
COUNTS id=[ 384, 9507 ] end=172032 piso=9295872
COUNTS id=[ 384, 9508 ] end=172032 piso=6610944
COUNTS id=[ 384, 9509 ] end=184320 piso=9321984
COUNTS id=[ 384, 9510 ] end=442368 piso=8517120
COUNTS id=[ 384, 9511 ] end=598016 piso=11318784
COUNTS id=[ 384, 9512 ] end=466944 piso=8606208
COUNTS id=[ 384, 9513 ] end=163840 piso=5806080
COUNTS id=[ 384, 9514 ] end=163840 piso=5864448
COUNTS id=[ 384, 9515 ] end=163840 piso=5855232
COUNTS id=[ 384, 9516 ] end=172032 piso=6716928
COUNTS id=[ 384, 9517 ] end=163840 piso=5895168
COUNTS id=[ 384, 9518 ] end=163840 piso=5882880
COUNTS id=[ 384, 9519 ] end=241664 piso=10576896
COUNTS id=[ 384, 9520 ] end=1282048 piso=25482240
COUNTS id=[ 384, 9521 ] end=880640 piso=18141696
COUNTS id=[ 384, 9522 ] end=1052672 piso=17011200
CLOSEST id=[ 384, 9522 ] end=1052672 piso=17011200 ratio=33225/2056
COUNTS id=[ 384, 9523 ] end=172032 piso=9100800
COUNTS id=[ 384, 9524 ] end=430080 piso=7807488
COUNTS id=[ 384, 9525 ] end=880640 piso=18215424
COUNTS id=[ 384, 9526 ] end=172032 piso=6567936
COUNTS id=[ 384, 9527 ] end=430080 piso=10736640
COUNTS id=[ 384, 9528 ] end=430080 piso=9633792
COUNTS id=[ 384, 9529 ] end=430080 piso=9670656
COUNTS id=[ 384, 9530 ] end=172032 piso=6486528
COUNTS id=[ 384, 9531 ] end=233472 piso=9589248
COUNTS id=[ 384, 9532 ] end=200704 piso=9643008
COUNTS id=[ 384, 9533 ] end=163840 piso=8698368
COUNTS id=[ 384, 9534 ] end=163840 piso=8627712
COUNTS id=[ 384, 9535 ] end=176128 piso=4950528
COUNTS id=[ 384, 9536 ] end=163840 piso=5781504
COUNTS id=[ 384, 9537 ] end=163840 piso=5769216
COUNTS id=[ 384, 9538 ] end=466944 piso=13613568
COUNTS id=[ 384, 9539 ] end=442368 piso=13423104
COUNTS id=[ 384, 9540 ] end=172032 piso=6543360
COUNTS id=[ 384, 9541 ] end=430080 piso=10727424
COUNTS id=[ 384, 9542 ] end=430080 piso=9529344
COUNTS id=[ 384, 9543 ] end=466944 piso=10976256
COUNTS id=[ 384, 9544 ] end=208896 piso=9982464
COUNTS id=[ 384, 9545 ] end=466944 piso=8530944
COUNTS id=[ 384, 9546 ] end=704512 piso=24715776
COUNTS id=[ 384, 9547 ] end=1409024 piso=27945984
COUNTS id=[ 384, 9548 ] end=548864 piso=9581568
COUNTS id=[ 384, 9549 ] end=466944 piso=8501760
COUNTS id=[ 384, 9550 ] end=430080 piso=9550848
COUNTS id=[ 384, 9551 ] end=430080 piso=9593856
COUNTS id=[ 384, 9552 ] end=430080 piso=10748928
COUNTS id=[ 384, 9553 ] end=233472 piso=7217664
COUNTS id=[ 384, 9554 ] end=233472 piso=9662976
COUNTS id=[ 384, 9555 ] end=724992 piso=15292416
COUNTS id=[ 384, 9556 ] end=749568 piso=15043584
COUNTS id=[ 384, 9557 ] end=442368 piso=9725952
COUNTS id=[ 384, 9558 ] end=466944 piso=10970112
COUNTS id=[ 384, 9559 ] end=184320 piso=9320448
COUNTS id=[ 384, 9560 ] end=921600 piso=15338496
COUNTS id=[ 384, 9561 ] end=372736 piso=7463424
COUNTS id=[ 384, 9562 ] end=372736 piso=6993408
COUNTS id=[ 384, 9563 ] end=372736 piso=7472640
COUNTS id=[ 384, 9564 ] end=163840 piso=5630976
COUNTS id=[ 384, 9565 ] end=163840 piso=5612544
COUNTS id=[ 384, 9566 ] end=163840 piso=4520448
COUNTS id=[ 384, 9567 ] end=163840 piso=4505088
COUNTS id=[ 384, 9568 ] end=163840 piso=6074880
COUNTS id=[ 384, 9569 ] end=163840 piso=6084096
COUNTS id=[ 384, 9570 ] end=724992 piso=13813248
COUNTS id=[ 384, 9571 ] end=749568 piso=13361664
COUNTS id=[ 384, 9572 ] end=442368 piso=7454208
PROGRESS checked=100 hits=0 reversed=0 runtime_ms=310193
COUNTS id=[ 384, 9573 ] end=466944 piso=7598592
COUNTS id=[ 384, 9574 ] end=184320 piso=6465024
COUNTS id=[ 384, 9575 ] end=843776 piso=18869760
COUNTS id=[ 384, 9576 ] end=487424 piso=11632128
COUNTS id=[ 384, 9577 ] end=487424 piso=10544640
COUNTS id=[ 384, 9578 ] end=180224 piso=8699904
COUNTS id=[ 384, 9579 ] end=843776 piso=15779328
COUNTS id=[ 384, 9580 ] end=217088 piso=10884096
COUNTS id=[ 384, 9581 ] end=487424 piso=10621440
COUNTS id=[ 384, 9582 ] end=487424 piso=11770368
COUNTS id=[ 384, 9583 ] end=856064 piso=16210944
COUNTS id=[ 384, 9584 ] end=430080 piso=9921024
COUNTS id=[ 384, 9585 ] end=430080 piso=9936384
COUNTS id=[ 384, 9586 ] end=172032 piso=9225216
COUNTS id=[ 384, 9587 ] end=712704 piso=18138624
COUNTS id=[ 384, 9588 ] end=430080 piso=10708992
COUNTS id=[ 384, 9589 ] end=430080 piso=9606144
COUNTS id=[ 384, 9590 ] end=430080 piso=9643008
COUNTS id=[ 384, 9591 ] end=172032 piso=6604800
COUNTS id=[ 384, 9592 ] end=172032 piso=9257472
COUNTS id=[ 384, 9593 ] end=430080 piso=9862656
COUNTS id=[ 384, 9594 ] end=724992 piso=15464448
COUNTS id=[ 384, 9595 ] end=172032 piso=7787520
COUNTS id=[ 384, 9596 ] end=430080 piso=9550848
COUNTS id=[ 384, 9597 ] end=430080 piso=9560064
COUNTS id=[ 384, 9598 ] end=172032 piso=6403584
COUNTS id=[ 384, 9599 ] end=172032 piso=6406656
COUNTS id=[ 384, 9600 ] end=430080 piso=7669248
COUNTS id=[ 384, 9601 ] end=430080 piso=7666176
COUNTS id=[ 384, 9602 ] end=430080 piso=9833472
COUNTS id=[ 384, 9603 ] end=172032 piso=6601728
COUNTS id=[ 384, 9604 ] end=430080 piso=13398528
COUNTS id=[ 384, 9605 ] end=724992 piso=16727040
COUNTS id=[ 384, 9606 ] end=430080 piso=8322048
COUNTS id=[ 384, 9607 ] end=430080 piso=8234496
COUNTS id=[ 384, 9608 ] end=430080 piso=8345088
COUNTS id=[ 384, 9609 ] end=430080 piso=7841280
COUNTS id=[ 384, 9610 ] end=430080 piso=7785984
COUNTS id=[ 384, 9611 ] end=442368 piso=9884160
COUNTS id=[ 384, 9612 ] end=712704 piso=13346304
COUNTS id=[ 384, 9613 ] end=712704 piso=13386240
COUNTS id=[ 384, 9614 ] end=172032 piso=6643200
COUNTS id=[ 384, 9615 ] end=172032 piso=6592512
COUNTS id=[ 384, 9616 ] end=172032 piso=6592512
COUNTS id=[ 384, 9617 ] end=172032 piso=6465024
COUNTS id=[ 384, 9618 ] end=184320 piso=6145536
COUNTS id=[ 384, 9619 ] end=208896 piso=9575424
COUNTS id=[ 384, 9620 ] end=430080 piso=7888896
COUNTS id=[ 384, 9621 ] end=430080 piso=8266752
COUNTS id=[ 384, 9622 ] end=184320 piso=7017984
COUNTS id=[ 384, 9623 ] end=774144 piso=14203392
COUNTS id=[ 384, 9624 ] end=163840 piso=6081024
COUNTS id=[ 384, 9625 ] end=163840 piso=5652480
COUNTS id=[ 384, 9626 ] end=163840 piso=5689344
COUNTS id=[ 384, 9627 ] end=163840 piso=5683200
COUNTS id=[ 384, 9628 ] end=163840 piso=8689152
COUNTS id=[ 384, 9629 ] end=163840 piso=8603136
COUNTS id=[ 384, 9630 ] end=163840 piso=8547840
COUNTS id=[ 384, 9631 ] end=163840 piso=6013440
COUNTS id=[ 384, 9632 ] end=372736 piso=7549440
COUNTS id=[ 384, 9633 ] end=372736 piso=7036416
COUNTS id=[ 384, 9634 ] end=372736 piso=7042560
COUNTS id=[ 384, 9635 ] end=372736 piso=7534080
COUNTS id=[ 384, 9636 ] end=372736 piso=7073280
COUNTS id=[ 384, 9637 ] end=372736 piso=7060992
COUNTS id=[ 384, 9638 ] end=163840 piso=5766144
COUNTS id=[ 384, 9639 ] end=163840 piso=5677056
COUNTS id=[ 384, 9640 ] end=372736 piso=9283584
COUNTS id=[ 384, 9641 ] end=163840 piso=5621760
COUNTS id=[ 384, 9642 ] end=163840 piso=5621760
COUNTS id=[ 384, 9643 ] end=163840 piso=5634048
COUNTS id=[ 384, 9644 ] end=163840 piso=5637120
COUNTS id=[ 384, 9645 ] end=200704 piso=8851968
COUNTS id=[ 384, 9646 ] end=249856 piso=5385216
COUNTS id=[ 384, 9647 ] end=163840 piso=5646336
COUNTS id=[ 384, 9648 ] end=200704 piso=4772352
COUNTS id=[ 384, 9649 ] end=176128 piso=4720128
COUNTS id=[ 384, 9650 ] end=163840 piso=5658624
COUNTS id=[ 384, 9651 ] end=372736 piso=7518720
COUNTS id=[ 384, 9652 ] end=163840 piso=4535808
COUNTS id=[ 384, 9653 ] end=163840 piso=4508160
COUNTS id=[ 384, 9654 ] end=188416 piso=4775424
COUNTS id=[ 384, 9655 ] end=372736 piso=6564864
COUNTS id=[ 384, 9656 ] end=372736 piso=6500352
COUNTS id=[ 384, 9657 ] end=372736 piso=6500352
COUNTS id=[ 384, 9658 ] end=372736 piso=6537216
COUNTS id=[ 384, 9659 ] end=176128 piso=4792320
COUNTS id=[ 384, 9660 ] end=184320 piso=6867456
COUNTS id=[ 384, 9661 ] end=491520 piso=8401920
COUNTS id=[ 384, 9662 ] end=466944 piso=8795136
COUNTS id=[ 384, 9663 ] end=823296 piso=15989760
COUNTS id=[ 384, 9664 ] end=233472 piso=6300672
COUNTS id=[ 384, 9665 ] end=258048 piso=7107072
COUNTS id=[ 384, 9666 ] end=385024 piso=7724544
COUNTS id=[ 384, 9667 ] end=163840 piso=5959680
COUNTS id=[ 384, 9668 ] end=163840 piso=5965824
COUNTS id=[ 384, 9669 ] end=593920 piso=12558336
COUNTS id=[ 384, 9670 ] end=593920 piso=12558336
COUNTS id=[ 384, 9671 ] end=372736 piso=6524928
COUNTS id=[ 384, 9672 ] end=372736 piso=6528000
PROGRESS checked=200 hits=0 reversed=0 runtime_ms=573722
COUNTS id=[ 384, 9673 ] end=372736 piso=6521856
COUNTS id=[ 384, 9674 ] end=372736 piso=6524928
COUNTS id=[ 384, 9675 ] end=176128 piso=4921344
COUNTS id=[ 384, 9676 ] end=200704 piso=6492672
COUNTS id=[ 384, 9677 ] end=176128 piso=6449664
COUNTS id=[ 384, 9678 ] end=163840 piso=4763136
COUNTS id=[ 384, 9679 ] end=163840 piso=4753920
COUNTS id=[ 384, 9680 ] end=163840 piso=4753920
COUNTS id=[ 384, 9681 ] end=8732672 piso=1241951232
COUNTS id=[ 384, 9682 ] end=8003584 piso=1218456576
COUNTS id=[ 384, 9683 ] end=802816 piso=31847424
COUNTS id=[ 384, 9684 ] end=9252864 piso=1274800128
COUNTS id=[ 384, 9685 ] end=3633152 piso=318379008
COUNTS id=[ 384, 9686 ] end=3657728 piso=327407616
COUNTS id=[ 384, 9687 ] end=3645440 piso=320921088
COUNTS id=[ 384, 9688 ] end=3645440 piso=320908800
COUNTS id=[ 384, 9689 ] end=4231168 piso=346073088
COUNTS id=[ 384, 9690 ] end=4231168 piso=346324992
COUNTS id=[ 384, 9691 ] end=512000 piso=16653312
COUNTS id=[ 384, 9692 ] end=1159168 piso=35798016
COUNTS id=[ 384, 9693 ] end=512000 piso=17550336
COUNTS id=[ 384, 9694 ] end=430080 piso=16066560
COUNTS id=[ 384, 9695 ] end=3633152 piso=320957952
COUNTS id=[ 384, 9696 ] end=954368 piso=22385664
COUNTS id=[ 384, 9697 ] end=491520 piso=13103616
COUNTS id=[ 384, 9698 ] end=8753152 piso=1269648384
COUNTS id=[ 384, 9699 ] end=4087808 piso=343245312
COUNTS id=[ 384, 9700 ] end=573440 piso=14762496
COUNTS id=[ 384, 9701 ] end=3600384 piso=317998080
COUNTS id=[ 384, 9702 ] end=491520 piso=12733440
COUNTS id=[ 384, 9703 ] end=4038656 piso=342219264
COUNTS id=[ 384, 9704 ] end=4771840 piso=377542656
COUNTS id=[ 384, 9705 ] end=4038656 piso=340875264
COUNTS id=[ 384, 9706 ] end=843776 piso=19877376
COUNTS id=[ 384, 9707 ] end=843776 piso=18792960
COUNTS id=[ 384, 9708 ] end=487424 piso=10566144
COUNTS id=[ 384, 9709 ] end=1249280 piso=29299200
COUNTS id=[ 384, 9710 ] end=1249280 piso=28918272
COUNTS id=[ 384, 9711 ] end=843776 piso=16154112
COUNTS id=[ 384, 9712 ] end=4026368 piso=339993600
COUNTS id=[ 384, 9713 ] end=4026368 piso=340039680
COUNTS id=[ 384, 9714 ] end=7622656 piso=1236023808
COUNTS id=[ 384, 9715 ] end=487424 piso=10603008
COUNTS id=[ 384, 9716 ] end=3575808 piso=315927552
COUNTS id=[ 384, 9717 ] end=3563520 piso=314492928
COUNTS id=[ 384, 9718 ] end=3563520 piso=314492928
COUNTS id=[ 384, 9719 ] end=3563520 piso=314511360
COUNTS id=[ 384, 9720 ] end=3563520 piso=314517504
COUNTS id=[ 384, 9721 ] end=430080 piso=9948672
COUNTS id=[ 384, 9722 ] end=3575808 piso=315354624
COUNTS id=[ 384, 9723 ] end=749568 piso=15197184
COUNTS id=[ 384, 9724 ] end=430080 piso=9686016
COUNTS id=[ 384, 9725 ] end=712704 piso=14822400
COUNTS id=[ 384, 9726 ] end=430080 piso=13284864
COUNTS id=[ 384, 9727 ] end=724992 piso=16705536
COUNTS id=[ 384, 9728 ] end=724992 piso=16309248
DONE checked=256 abelian=0 hits=0 reversed=0 skipped_abelian=0 closest=[ 384, 9522 ] min_ratio=33225/2056 runtime_ms=753478
