{"command": ["/project/gap-4.16.1/gap", "-l", "/project/gap-4.16.1", "-q", "-b", "-T", "-m", "128m", "-o", "4g", "-c", "START_ORDER:=384;;END_ORDER:=384;;START_ID:=8449;;END_ID:=8704;;SKIP_ABELIAN:=true;;LOG_ALL:=true;;", "/project/scripts/search_19_20.g"], "source_hashes": {"scripts/search_19_20.g": "7b6a34e9163b58b0248b3c464ae8070783414cd7d14048136dd0e3547b906318", "scripts/lib_19_20.g": "fbcf2d3c4b0648cc1fa87d6e50fc923133d594c029b8430a365caf596ac7ccd5"}}
PARAMETERS start=384 end=384 start_id=8449 end_id=8704 skip_abelian=true log_all=true
ORDER_START order=384 groups=20169
COUNTS id=[ 384, 8449 ] end=311296 piso=5296128
CLOSEST id=[ 384, 8449 ] end=311296 piso=5296128 ratio=1293/76
COUNTS id=[ 384, 8450 ] end=311296 piso=5425152
COUNTS id=[ 384, 8451 ] end=335872 piso=6142464
COUNTS id=[ 384, 8452 ] end=335872 piso=6142464
COUNTS id=[ 384, 8453 ] end=311296 piso=5360640
COUNTS id=[ 384, 8454 ] end=311296 piso=5351424
COUNTS id=[ 384, 8455 ] end=311296 piso=5360640
COUNTS id=[ 384, 8456 ] end=311296 piso=5376000
COUNTS id=[ 384, 8457 ] end=3813376 piso=334379520
COUNTS id=[ 384, 8458 ] end=1110016 piso=25500672
COUNTS id=[ 384, 8459 ] end=593920 piso=9392640
CLOSEST id=[ 384, 8459 ] end=593920 piso=9392640 ratio=3669/232
COUNTS id=[ 384, 8460 ] end=593920 piso=11174400
COUNTS id=[ 384, 8461 ] end=335872 piso=6018048
COUNTS id=[ 384, 8462 ] end=335872 piso=6119424
COUNTS id=[ 384, 8463 ] end=593920 piso=10721280
COUNTS id=[ 384, 8464 ] end=593920 piso=10785792
COUNTS id=[ 384, 8465 ] end=335872 piso=5998080
COUNTS id=[ 384, 8466 ] end=3481600 piso=311508480
COUNTS id=[ 384, 8467 ] end=323584 piso=8438784
COUNTS id=[ 384, 8468 ] end=311296 piso=7601664
COUNTS id=[ 384, 8469 ] end=311296 piso=7515648
COUNTS id=[ 384, 8470 ] end=630784 piso=14415360
COUNTS id=[ 384, 8471 ] end=606208 piso=13899264
COUNTS id=[ 384, 8472 ] end=606208 piso=13883904
COUNTS id=[ 384, 8473 ] end=335872 piso=6067200
COUNTS id=[ 384, 8474 ] end=593920 piso=10626048
COUNTS id=[ 384, 8475 ] end=348160 piso=8710656
COUNTS id=[ 384, 8476 ] end=606208 piso=9873408
COUNTS id=[ 384, 8477 ] end=593920 piso=10785792
COUNTS id=[ 384, 8478 ] end=888832 piso=18275328
COUNTS id=[ 384, 8479 ] end=520192 piso=8584704
COUNTS id=[ 384, 8480 ] end=520192 piso=8593920
COUNTS id=[ 384, 8481 ] end=311296 piso=5225472
COUNTS id=[ 384, 8482 ] end=311296 piso=5268480
COUNTS id=[ 384, 8483 ] end=311296 piso=4634112
CLOSEST id=[ 384, 8483 ] end=311296 piso=4634112 ratio=9051/608
COUNTS id=[ 384, 8484 ] end=311296 piso=4600320
CLOSEST id=[ 384, 8484 ] end=311296 piso=4600320 ratio=8985/608
COUNTS id=[ 384, 8485 ] end=311296 piso=5700096
COUNTS id=[ 384, 8486 ] end=888832 piso=16685568
COUNTS id=[ 384, 8487 ] end=348160 piso=6062592
COUNTS id=[ 384, 8488 ] end=5410816 piso=398923776
COUNTS id=[ 384, 8489 ] end=4464640 piso=357516288
COUNTS id=[ 384, 8490 ] end=1429504 piso=35682816
COUNTS id=[ 384, 8491 ] end=360448 piso=8423424
COUNTS id=[ 384, 8492 ] end=4452352 piso=356622336
COUNTS id=[ 384, 8493 ] end=3739648 piso=329312256
COUNTS id=[ 384, 8494 ] end=3825664 piso=328393728
COUNTS id=[ 384, 8495 ] end=3727360 piso=328363008
COUNTS id=[ 384, 8496 ] end=3727360 piso=328430592
COUNTS id=[ 384, 8497 ] end=593920 piso=11214336
COUNTS id=[ 384, 8498 ] end=335872 piso=8223744
COUNTS id=[ 384, 8499 ] end=3739648 piso=328628736
COUNTS id=[ 384, 8500 ] end=888832 piso=18465792
COUNTS id=[ 384, 8501 ] end=335872 piso=7317504
COUNTS id=[ 384, 8502 ] end=593920 piso=10761216
COUNTS id=[ 384, 8503 ] end=1024000 piso=18653184
COUNTS id=[ 384, 8504 ] end=593920 piso=9495552
COUNTS id=[ 384, 8505 ] end=593920 piso=9503232
COUNTS id=[ 384, 8506 ] end=876544 piso=16814592
COUNTS id=[ 384, 8507 ] end=335872 piso=6309888
COUNTS id=[ 384, 8508 ] end=335872 piso=6263808
COUNTS id=[ 384, 8509 ] end=3457024 piso=307427328
COUNTS id=[ 384, 8510 ] end=3457024 piso=307427328
COUNTS id=[ 384, 8511 ] end=3457024 piso=307427328
COUNTS id=[ 384, 8512 ] end=3506176 piso=308098560
COUNTS id=[ 384, 8513 ] end=311296 piso=5650944
COUNTS id=[ 384, 8514 ] end=311296 piso=5253120
COUNTS id=[ 384, 8515 ] end=311296 piso=5265408
COUNTS id=[ 384, 8516 ] end=311296 piso=7644672
COUNTS id=[ 384, 8517 ] end=311296 piso=7601664
COUNTS id=[ 384, 8518 ] end=520192 piso=10911744
COUNTS id=[ 384, 8519 ] end=311296 piso=7540224
COUNTS id=[ 384, 8520 ] end=311296 piso=5589504
COUNTS id=[ 384, 8521 ] end=532480 piso=8683008
COUNTS id=[ 384, 8522 ] end=520192 piso=8664576
COUNTS id=[ 384, 8523 ] end=520192 piso=8707584
COUNTS id=[ 384, 8524 ] end=311296 piso=5265408
COUNTS id=[ 384, 8525 ] end=520192 piso=10438656
COUNTS id=[ 384, 8526 ] end=311296 piso=5219328
COUNTS id=[ 384, 8527 ] end=311296 piso=5268480
COUNTS id=[ 384, 8528 ] end=311296 piso=5228544
COUNTS id=[ 384, 8529 ] end=311296 piso=5243904
COUNTS id=[ 384, 8530 ] end=520192 piso=8633856
COUNTS id=[ 384, 8531 ] end=741376 piso=16112640
COUNTS id=[ 384, 8532 ] end=520192 piso=8318976
COUNTS id=[ 384, 8533 ] end=778240 piso=17412096
COUNTS id=[ 384, 8534 ] end=397312 piso=13464576
COUNTS id=[ 384, 8535 ] end=397312 piso=13375488
COUNTS id=[ 384, 8536 ] end=778240 piso=17217024
COUNTS id=[ 384, 8537 ] end=1261568 piso=12596736
CLOSEST id=[ 384, 8537 ] end=1261568 piso=12596736 ratio=24603/2464
COUNTS id=[ 384, 8538 ] end=376832 piso=8332800
COUNTS id=[ 384, 8539 ] end=1294336 piso=16650240
COUNTS id=[ 384, 8540 ] end=2244608 piso=30294528
COUNTS id=[ 384, 8541 ] end=1163264 piso=15745536
COUNTS id=[ 384, 8542 ] end=278528 piso=8067072
COUNTS id=[ 384, 8543 ] end=1064960 piso=11833344
COUNTS id=[ 384, 8544 ] end=1736704 piso=14118912
CLOSEST id=[ 384, 8544 ] end=1736704 piso=14118912 ratio=3447/424
COUNTS id=[ 384, 8545 ] end=1015808 piso=9401856
COUNTS id=[ 384, 8546 ] end=229376 piso=5604864
COUNTS id=[ 384, 8547 ] end=573440 piso=6372864
COUNTS id=[ 384, 8548 ] end=229376 piso=5769216
PROGRESS checked=100 hits=0 reversed=0 runtime_ms=304761
COUNTS id=[ 384, 8549 ] end=204800 piso=5707776
COUNTS id=[ 384, 8550 ] end=376832 piso=6942720
COUNTS id=[ 384, 8551 ] end=561152 piso=5277696
COUNTS id=[ 384, 8552 ] end=561152 piso=5274624
COUNTS id=[ 384, 8553 ] end=954368 piso=8864256
COUNTS id=[ 384, 8554 ] end=180224 piso=4936704
COUNTS id=[ 384, 8555 ] end=720896 piso=6782976
COUNTS id=[ 384, 8556 ] end=720896 piso=6586368
COUNTS id=[ 384, 8557 ] end=1097728 piso=12056064
COUNTS id=[ 384, 8558 ] end=704512 piso=10237440
COUNTS id=[ 384, 8559 ] end=1114112 piso=12443136
COUNTS id=[ 384, 8560 ] end=598016 piso=7119360
COUNTS id=[ 384, 8561 ] end=1482752 piso=17490432
COUNTS id=[ 384, 8562 ] end=622592 piso=9277440
COUNTS id=[ 384, 8563 ] end=573440 piso=8466432
COUNTS id=[ 384, 8564 ] end=204800 piso=6377472
COUNTS id=[ 384, 8565 ] end=204800 piso=6365184
COUNTS id=[ 384, 8566 ] end=180224 piso=6282240
COUNTS id=[ 384, 8567 ] end=561152 piso=6064128
COUNTS id=[ 384, 8568 ] end=573440 piso=5230080
COUNTS id=[ 384, 8569 ] end=204800 piso=4749312
COUNTS id=[ 384, 8570 ] end=585728 piso=5250048
COUNTS id=[ 384, 8571 ] end=520192 piso=10048512
COUNTS id=[ 384, 8572 ] end=409600 piso=8389632
COUNTS id=[ 384, 8573 ] end=434176 piso=7452672
COUNTS id=[ 384, 8574 ] end=778240 piso=15249408
COUNTS id=[ 384, 8575 ] end=827392 piso=15396864
COUNTS id=[ 384, 8576 ] end=286720 piso=6893568
COUNTS id=[ 384, 8577 ] end=262144 piso=6380544
COUNTS id=[ 384, 8578 ] end=335872 piso=12036096
COUNTS id=[ 384, 8579 ] end=335872 piso=12060672
COUNTS id=[ 384, 8580 ] end=1306624 piso=26323968
COUNTS id=[ 384, 8581 ] end=225280 piso=6902784
COUNTS id=[ 384, 8582 ] end=520192 piso=9710592
COUNTS id=[ 384, 8583 ] end=520192 piso=7762944
COUNTS id=[ 384, 8584 ] end=520192 piso=9186816
COUNTS id=[ 384, 8585 ] end=520192 piso=9254400
COUNTS id=[ 384, 8586 ] end=790528 piso=11988480
COUNTS id=[ 384, 8587 ] end=888832 piso=12142080
COUNTS id=[ 384, 8588 ] end=151552 piso=5414400
COUNTS id=[ 384, 8589 ] end=151552 piso=5555712
COUNTS id=[ 384, 8590 ] end=126976 piso=5316096
COUNTS id=[ 384, 8591 ] end=520192 piso=9752064
COUNTS id=[ 384, 8592 ] end=569344 piso=9930240
COUNTS id=[ 384, 8593 ] end=114688 piso=5334528
COUNTS id=[ 384, 8594 ] end=114688 piso=5334528
COUNTS id=[ 384, 8595 ] end=483328 piso=8821248
COUNTS id=[ 384, 8596 ] end=483328 piso=8851968
COUNTS id=[ 384, 8597 ] end=249856 piso=4915200
COUNTS id=[ 384, 8598 ] end=483328 piso=8827392
COUNTS id=[ 384, 8599 ] end=299008 piso=11774976
COUNTS id=[ 384, 8600 ] end=249856 piso=5289984
COUNTS id=[ 384, 8601 ] end=249856 piso=5293056
COUNTS id=[ 384, 8602 ] end=249856 piso=5274624
COUNTS id=[ 384, 8603 ] end=483328 piso=7486464
COUNTS id=[ 384, 8604 ] end=274432 piso=6561792
COUNTS id=[ 384, 8605 ] end=225280 piso=6076416
COUNTS id=[ 384, 8606 ] end=225280 piso=6076416
COUNTS id=[ 384, 8607 ] end=274432 piso=6322176
COUNTS id=[ 384, 8608 ] end=77824 piso=5677056
COUNTS id=[ 384, 8609 ] end=77824 piso=5314560
COUNTS id=[ 384, 8610 ] end=77824 piso=5302272
COUNTS id=[ 384, 8611 ] end=77824 piso=5412864
COUNTS id=[ 384, 8612 ] end=53248 piso=5311488
COUNTS id=[ 384, 8613 ] end=77824 piso=4626432
COUNTS id=[ 384, 8614 ] end=77824 piso=4546560
COUNTS id=[ 384, 8615 ] end=77824 piso=4546560
COUNTS id=[ 384, 8616 ] end=77824 piso=4829184
COUNTS id=[ 384, 8617 ] end=77824 piso=4577280
COUNTS id=[ 384, 8618 ] end=77824 piso=4472832
COUNTS id=[ 384, 8619 ] end=77824 piso=4485120
COUNTS id=[ 384, 8620 ] end=77824 piso=4730880
COUNTS id=[ 384, 8621 ] end=53248 piso=4448256
COUNTS id=[ 384, 8622 ] end=151552 piso=4624896
COUNTS id=[ 384, 8623 ] end=643072 piso=7795200
COUNTS id=[ 384, 8624 ] end=495616 piso=6763008
COUNTS id=[ 384, 8625 ] end=77824 piso=5140992
COUNTS id=[ 384, 8626 ] end=458752 piso=6912000
COUNTS id=[ 384, 8627 ] end=249856 piso=4818432
COUNTS id=[ 384, 8628 ] end=249856 piso=4813824
COUNTS id=[ 384, 8629 ] end=249856 piso=3982848
COUNTS id=[ 384, 8630 ] end=40960 piso=4125696
COUNTS id=[ 384, 8631 ] end=249856 piso=4035072
COUNTS id=[ 384, 8632 ] end=249856 piso=4746240
COUNTS id=[ 384, 8633 ] end=40960 piso=4171776
COUNTS id=[ 384, 8634 ] end=40960 piso=4091904
COUNTS id=[ 384, 8635 ] end=741376 piso=11286528
COUNTS id=[ 384, 8636 ] end=1183744 piso=14009856
COUNTS id=[ 384, 8637 ] end=569344 piso=7563264
COUNTS id=[ 384, 8638 ] end=618496 piso=7243776
COUNTS id=[ 384, 8639 ] end=446464 piso=7123968
COUNTS id=[ 384, 8640 ] end=2166784 piso=20938752
COUNTS id=[ 384, 8641 ] end=200704 piso=8478720
COUNTS id=[ 384, 8642 ] end=249856 piso=8429568
COUNTS id=[ 384, 8643 ] end=323584 piso=5736960
COUNTS id=[ 384, 8644 ] end=323584 piso=5733888
COUNTS id=[ 384, 8645 ] end=483328 piso=7412736
COUNTS id=[ 384, 8646 ] end=741376 piso=13698048
COUNTS id=[ 384, 8647 ] end=1110016 piso=10692096
COUNTS id=[ 384, 8648 ] end=77824 piso=4571136
PROGRESS checked=200 hits=0 reversed=0 runtime_ms=572614
COUNTS id=[ 384, 8649 ] end=77824 piso=4448256
COUNTS id=[ 384, 8650 ] end=151552 piso=5210112
COUNTS id=[ 384, 8651 ] end=618496 piso=10014720
COUNTS id=[ 384, 8652 ] end=249856 piso=7249920
COUNTS id=[ 384, 8653 ] end=446464 piso=8312832
COUNTS id=[ 384, 8654 ] end=299008 piso=6821376
COUNTS id=[ 384, 8655 ] end=299008 piso=6821376
COUNTS id=[ 384, 8656 ] end=225280 piso=6729216
COUNTS id=[ 384, 8657 ] end=40960 piso=4233216
COUNTS id=[ 384, 8658 ] end=40960 piso=4211712
COUNTS id=[ 384, 8659 ] end=40960 piso=4211712
COUNTS id=[ 384, 8660 ] end=348160 piso=5993472
COUNTS id=[ 384, 8661 ] end=249856 piso=4841472
COUNTS id=[ 384, 8662 ] end=249856 piso=4850688
COUNTS id=[ 384, 8663 ] end=249856 piso=4853760
COUNTS id=[ 384, 8664 ] end=114688 piso=4329984
COUNTS id=[ 384, 8665 ] end=323584 piso=5048832
COUNTS id=[ 384, 8666 ] end=40960 piso=4217856
COUNTS id=[ 384, 8667 ] end=40960 piso=4230144
COUNTS id=[ 384, 8668 ] end=40960 piso=4220928
COUNTS id=[ 384, 8669 ] end=249856 piso=4044288
COUNTS id=[ 384, 8670 ] end=249856 piso=4062720
COUNTS id=[ 384, 8671 ] end=483328 piso=7440384
COUNTS id=[ 384, 8672 ] end=741376 piso=13565952
COUNTS id=[ 384, 8673 ] end=262144 piso=5068800
COUNTS id=[ 384, 8674 ] end=53248 piso=4402176
COUNTS id=[ 384, 8675 ] end=53248 piso=4389888
COUNTS id=[ 384, 8676 ] end=262144 piso=5437440
COUNTS id=[ 384, 8677 ] end=126976 piso=4704768
COUNTS id=[ 384, 8678 ] end=311296 piso=5740032
COUNTS id=[ 384, 8679 ] end=126976 piso=5165568
COUNTS id=[ 384, 8680 ] end=102400 piso=4780032
COUNTS id=[ 384, 8681 ] end=102400 piso=4780032
COUNTS id=[ 384, 8682 ] end=249856 piso=3792384
COUNTS id=[ 384, 8683 ] end=40960 piso=3950592
COUNTS id=[ 384, 8684 ] end=262144 piso=4846080
COUNTS id=[ 384, 8685 ] end=114688 piso=4391424
COUNTS id=[ 384, 8686 ] end=483328 piso=7468032
COUNTS id=[ 384, 8687 ] end=483328 piso=9033216
COUNTS id=[ 384, 8688 ] end=323584 piso=5998080
COUNTS id=[ 384, 8689 ] end=888832 piso=12203520
COUNTS id=[ 384, 8690 ] end=532480 piso=7446528
COUNTS id=[ 384, 8691 ] end=286720 piso=6417408
COUNTS id=[ 384, 8692 ] end=483328 piso=7660032
COUNTS id=[ 384, 8693 ] end=40960 piso=5265408
COUNTS id=[ 384, 8694 ] end=40960 piso=5203968
COUNTS id=[ 384, 8695 ] end=323584 piso=6167040
COUNTS id=[ 384, 8696 ] end=249856 piso=4999680
COUNTS id=[ 384, 8697 ] end=483328 piso=7549440
COUNTS id=[ 384, 8698 ] end=249856 piso=4944384
COUNTS id=[ 384, 8699 ] end=249856 piso=4907520
COUNTS id=[ 384, 8700 ] end=249856 piso=4873728
COUNTS id=[ 384, 8701 ] end=249856 piso=4929024
COUNTS id=[ 384, 8702 ] end=53248 piso=6500352
COUNTS id=[ 384, 8703 ] end=77824 piso=6650880
COUNTS id=[ 384, 8704 ] end=77824 piso=6736896
DONE checked=256 abelian=0 hits=0 reversed=0 skipped_abelian=0 closest=[ 384, 8544 ] min_ratio=3447/424 runtime_ms=711683
