{"command": ["/project/gap-4.16.1/gap", "-l", "/project/gap-4.16.1", "-q", "-b", "-T", "-m", "128m", "-o", "4g", "-c", "START_ORDER:=384;;END_ORDER:=384;;START_ID:=9729;;END_ID:=9984;;SKIP_ABELIAN:=true;;LOG_ALL:=true;;", "/project/scripts/search_19_20.g"], "source_hashes": {"scripts/search_19_20.g": "7b6a34e9163b58b0248b3c464ae8070783414cd7d14048136dd0e3547b906318", "scripts/lib_19_20.g": "fbcf2d3c4b0648cc1fa87d6e50fc923133d594c029b8430a365caf596ac7ccd5"}}
PARAMETERS start=384 end=384 start_id=9729 end_id=9984 skip_abelian=true log_all=true
ORDER_START order=384 groups=20169
COUNTS id=[ 384, 9729 ] end=430080 piso=7802880
CLOSEST id=[ 384, 9729 ] end=430080 piso=7802880 ratio=127/7
COUNTS id=[ 384, 9730 ] end=372736 piso=9268224
COUNTS id=[ 384, 9731 ] end=385024 piso=7107072
COUNTS id=[ 384, 9732 ] end=372736 piso=9329664
COUNTS id=[ 384, 9733 ] end=372736 piso=7045632
COUNTS id=[ 384, 9734 ] end=3932160 piso=339712512
COUNTS id=[ 384, 9735 ] end=724992 piso=14019072
COUNTS id=[ 384, 9736 ] end=724992 piso=13515264
COUNTS id=[ 384, 9737 ] end=749568 piso=13588992
CLOSEST id=[ 384, 9737 ] end=749568 piso=13588992 ratio=8847/488
COUNTS id=[ 384, 9738 ] end=1179648 piso=27449856
COUNTS id=[ 384, 9739 ] end=385024 piso=8232960
COUNTS id=[ 384, 9740 ] end=385024 piso=7732224
COUNTS id=[ 384, 9741 ] end=606208 piso=13358592
COUNTS id=[ 384, 9742 ] end=385024 piso=7229952
COUNTS id=[ 384, 9743 ] end=618496 piso=12678144
COUNTS id=[ 384, 9744 ] end=372736 piso=6564864
CLOSEST id=[ 384, 9744 ] end=372736 piso=6564864 ratio=6411/364
COUNTS id=[ 384, 9745 ] end=2240512 piso=42490368
COUNTS id=[ 384, 9746 ] end=311296 piso=6775296
COUNTS id=[ 384, 9747 ] end=348160 piso=8248320
COUNTS id=[ 384, 9748 ] end=1921024 piso=120660480
COUNTS id=[ 384, 9749 ] end=3260416 piso=127148544
COUNTS id=[ 384, 9750 ] end=606208 piso=14251008
COUNTS id=[ 384, 9751 ] end=397312 piso=7703040
COUNTS id=[ 384, 9752 ] end=815104 piso=14329344
CLOSEST id=[ 384, 9752 ] end=815104 piso=14329344 ratio=27987/1592
COUNTS id=[ 384, 9753 ] end=65536 piso=5429760
COUNTS id=[ 384, 9754 ] end=65536 piso=5515776
COUNTS id=[ 384, 9755 ] end=348160 piso=6316032
COUNTS id=[ 384, 9756 ] end=348160 piso=6104064
CLOSEST id=[ 384, 9756 ] end=348160 piso=6104064 ratio=5961/340
COUNTS id=[ 384, 9757 ] end=249856 piso=4998144
COUNTS id=[ 384, 9758 ] end=483328 piso=7675392
CLOSEST id=[ 384, 9758 ] end=483328 piso=7675392 ratio=14991/944
COUNTS id=[ 384, 9759 ] end=65536 piso=4274688
COUNTS id=[ 384, 9760 ] end=483328 piso=7601664
CLOSEST id=[ 384, 9760 ] end=483328 piso=7601664 ratio=14847/944
COUNTS id=[ 384, 9761 ] end=348160 piso=6488064
COUNTS id=[ 384, 9762 ] end=1675264 piso=18816000
CLOSEST id=[ 384, 9762 ] end=1675264 piso=18816000 ratio=18375/1636
COUNTS id=[ 384, 9763 ] end=1208320 piso=25588224
COUNTS id=[ 384, 9764 ] end=274432 piso=5795328
COUNTS id=[ 384, 9765 ] end=765952 piso=9404928
COUNTS id=[ 384, 9766 ] end=274432 piso=4892160
COUNTS id=[ 384, 9767 ] end=200704 piso=6583296
COUNTS id=[ 384, 9768 ] end=151552 piso=7021056
COUNTS id=[ 384, 9769 ] end=249856 piso=5068800
COUNTS id=[ 384, 9770 ] end=274432 piso=5207040
COUNTS id=[ 384, 9771 ] end=65536 piso=4256256
COUNTS id=[ 384, 9772 ] end=286720 piso=5798400
COUNTS id=[ 384, 9773 ] end=286720 piso=5329920
COUNTS id=[ 384, 9774 ] end=151552 piso=5084160
COUNTS id=[ 384, 9775 ] end=778240 piso=12979200
COUNTS id=[ 384, 9776 ] end=102400 piso=4833792
COUNTS id=[ 384, 9777 ] end=1146880 piso=29852160
COUNTS id=[ 384, 9778 ] end=409600 piso=6859776
COUNTS id=[ 384, 9779 ] end=544768 piso=8028672
COUNTS id=[ 384, 9780 ] end=102400 piso=5042688
COUNTS id=[ 384, 9781 ] end=286720 piso=4979712
COUNTS id=[ 384, 9782 ] end=520192 piso=9016320
COUNTS id=[ 384, 9783 ] end=249856 piso=3861504
COUNTS id=[ 384, 9784 ] end=446464 piso=7695360
COUNTS id=[ 384, 9785 ] end=778240 piso=12182016
COUNTS id=[ 384, 9786 ] end=520192 piso=7352832
COUNTS id=[ 384, 9787 ] end=360448 piso=5505024
COUNTS id=[ 384, 9788 ] end=65536 piso=4139520
COUNTS id=[ 384, 9789 ] end=65536 piso=4139520
COUNTS id=[ 384, 9790 ] end=249856 piso=5156352
COUNTS id=[ 384, 9791 ] end=581632 piso=9881088
COUNTS id=[ 384, 9792 ] end=274432 piso=5875200
COUNTS id=[ 384, 9793 ] end=139264 piso=5575680
COUNTS id=[ 384, 9794 ] end=139264 piso=5609472
COUNTS id=[ 384, 9795 ] end=483328 piso=7423488
COUNTS id=[ 384, 9796 ] end=274432 piso=5955072
COUNTS id=[ 384, 9797 ] end=274432 piso=5961216
COUNTS id=[ 384, 9798 ] end=483328 piso=7269888
COUNTS id=[ 384, 9799 ] end=348160 piso=6260736
COUNTS id=[ 384, 9800 ] end=421888 piso=8805888
COUNTS id=[ 384, 9801 ] end=65536 piso=4105728
COUNTS id=[ 384, 9802 ] end=40960 piso=4231680
COUNTS id=[ 384, 9803 ] end=249856 piso=4827648
COUNTS id=[ 384, 9804 ] end=40960 piso=4050432
COUNTS id=[ 384, 9805 ] end=360448 piso=5612544
COUNTS id=[ 384, 9806 ] end=65536 piso=4093440
COUNTS id=[ 384, 9807 ] end=65536 piso=4105728
COUNTS id=[ 384, 9808 ] end=249856 piso=3929088
COUNTS id=[ 384, 9809 ] end=643072 piso=7265280
COUNTS id=[ 384, 9810 ] end=77824 piso=4428288
COUNTS id=[ 384, 9811 ] end=126976 piso=5128704
COUNTS id=[ 384, 9812 ] end=102400 piso=5144064
COUNTS id=[ 384, 9813 ] end=176128 piso=4893696
COUNTS id=[ 384, 9814 ] end=77824 piso=4219392
COUNTS id=[ 384, 9815 ] end=249856 piso=5105664
COUNTS id=[ 384, 9816 ] end=1552384 piso=15530496
CLOSEST id=[ 384, 9816 ] end=1552384 piso=15530496 ratio=30333/3032
COUNTS id=[ 384, 9817 ] end=360448 piso=6706176
COUNTS id=[ 384, 9818 ] end=495616 piso=7365120
COUNTS id=[ 384, 9819 ] end=53248 piso=4480512
COUNTS id=[ 384, 9820 ] end=249856 piso=4008960
COUNTS id=[ 384, 9821 ] end=249856 piso=4067328
COUNTS id=[ 384, 9822 ] end=151552 piso=5227008
COUNTS id=[ 384, 9823 ] end=299008 piso=6288384
COUNTS id=[ 384, 9824 ] end=5324800 piso=150211584
COUNTS id=[ 384, 9825 ] end=1245184 piso=37131264
COUNTS id=[ 384, 9826 ] end=1798144 piso=45542400
COUNTS id=[ 384, 9827 ] end=299008 piso=10160640
COUNTS id=[ 384, 9828 ] end=581632 piso=17888256
PROGRESS checked=100 hits=0 reversed=0 runtime_ms=291745
COUNTS id=[ 384, 9829 ] end=458752 piso=11175936
COUNTS id=[ 384, 9830 ] end=569344 piso=15657984
COUNTS id=[ 384, 9831 ] end=360448 piso=12526080
COUNTS id=[ 384, 9832 ] end=937984 piso=119147520
COUNTS id=[ 384, 9833 ] end=360448 piso=12108288
COUNTS id=[ 384, 9834 ] end=557056 piso=12241920
COUNTS id=[ 384, 9835 ] end=815104 piso=14353920
COUNTS id=[ 384, 9836 ] end=507904 piso=8862720
COUNTS id=[ 384, 9837 ] end=434176 piso=9822720
COUNTS id=[ 384, 9838 ] end=544768 piso=10368000
COUNTS id=[ 384, 9839 ] end=667648 piso=12360192
COUNTS id=[ 384, 9840 ] end=741376 piso=13862400
COUNTS id=[ 384, 9841 ] end=249856 piso=5128704
COUNTS id=[ 384, 9842 ] end=249856 piso=5156352
COUNTS id=[ 384, 9843 ] end=483328 piso=7977984
COUNTS id=[ 384, 9844 ] end=495616 piso=9188352
COUNTS id=[ 384, 9845 ] end=458752 piso=6978048
COUNTS id=[ 384, 9846 ] end=286720 piso=4907520
COUNTS id=[ 384, 9847 ] end=249856 piso=4744704
COUNTS id=[ 384, 9848 ] end=520192 piso=8825856
COUNTS id=[ 384, 9849 ] end=274432 piso=4806144
COUNTS id=[ 384, 9850 ] end=520192 piso=7678464
COUNTS id=[ 384, 9851 ] end=544768 piso=7676928
COUNTS id=[ 384, 9852 ] end=311296 piso=5736960
COUNTS id=[ 384, 9853 ] end=495616 piso=6466560
COUNTS id=[ 384, 9854 ] end=249856 piso=3959808
COUNTS id=[ 384, 9855 ] end=360448 piso=5478912
COUNTS id=[ 384, 9856 ] end=286720 piso=5392896
COUNTS id=[ 384, 9857 ] end=679936 piso=15235584
COUNTS id=[ 384, 9858 ] end=188416 piso=6965760
COUNTS id=[ 384, 9859 ] end=176128 piso=6294528
COUNTS id=[ 384, 9860 ] end=1380352 piso=27675648
COUNTS id=[ 384, 9861 ] end=495616 piso=17083392
COUNTS id=[ 384, 9862 ] end=704512 piso=10506240
COUNTS id=[ 384, 9863 ] end=262144 piso=8841216
COUNTS id=[ 384, 9864 ] end=262144 piso=7753728
COUNTS id=[ 384, 9865 ] end=114688 piso=6862848
COUNTS id=[ 384, 9866 ] end=569344 piso=10900992
COUNTS id=[ 384, 9867 ] end=348160 piso=8787456
COUNTS id=[ 384, 9868 ] end=1024000 piso=21742080
COUNTS id=[ 384, 9869 ] end=593920 piso=13730304
COUNTS id=[ 384, 9870 ] end=335872 piso=7985664
COUNTS id=[ 384, 9871 ] end=667648 piso=11543040
COUNTS id=[ 384, 9872 ] end=249856 piso=7369728
COUNTS id=[ 384, 9873 ] end=335872 piso=7918080
COUNTS id=[ 384, 9874 ] end=102400 piso=4752384
COUNTS id=[ 384, 9875 ] end=335872 piso=8080896
COUNTS id=[ 384, 9876 ] end=593920 piso=11323392
COUNTS id=[ 384, 9877 ] end=335872 piso=6274560
COUNTS id=[ 384, 9878 ] end=102400 piso=5827584
COUNTS id=[ 384, 9879 ] end=3481600 piso=310914048
COUNTS id=[ 384, 9880 ] end=372736 piso=11304960
COUNTS id=[ 384, 9881 ] end=114688 piso=5492736
COUNTS id=[ 384, 9882 ] end=421888 piso=6182400
COUNTS id=[ 384, 9883 ] end=102400 piso=5087232
COUNTS id=[ 384, 9884 ] end=311296 piso=6070272
COUNTS id=[ 384, 9885 ] end=102400 piso=4692480
COUNTS id=[ 384, 9886 ] end=102400 piso=5268480
COUNTS id=[ 384, 9887 ] end=102400 piso=3866112
COUNTS id=[ 384, 9888 ] end=311296 piso=6024192
COUNTS id=[ 384, 9889 ] end=102400 piso=3856896
COUNTS id=[ 384, 9890 ] end=520192 piso=10214400
COUNTS id=[ 384, 9891 ] end=397312 piso=8821248
COUNTS id=[ 384, 9892 ] end=593920 piso=9917952
COUNTS id=[ 384, 9893 ] end=176128 piso=6179328
COUNTS id=[ 384, 9894 ] end=335872 piso=6617088
COUNTS id=[ 384, 9895 ] end=335872 piso=5944320
COUNTS id=[ 384, 9896 ] end=372736 piso=8974848
COUNTS id=[ 384, 9897 ] end=102400 piso=5087232
COUNTS id=[ 384, 9898 ] end=176128 piso=5414400
COUNTS id=[ 384, 9899 ] end=311296 piso=7672320
COUNTS id=[ 384, 9900 ] end=102400 piso=5339136
COUNTS id=[ 384, 9901 ] end=102400 piso=5329920
COUNTS id=[ 384, 9902 ] end=102400 piso=3869184
COUNTS id=[ 384, 9903 ] end=335872 piso=6531072
COUNTS id=[ 384, 9904 ] end=335872 piso=6027264
COUNTS id=[ 384, 9905 ] end=139264 piso=5673984
COUNTS id=[ 384, 9906 ] end=348160 piso=8618496
COUNTS id=[ 384, 9907 ] end=729088 piso=10515456
COUNTS id=[ 384, 9908 ] end=139264 piso=7302144
COUNTS id=[ 384, 9909 ] end=593920 piso=10638336
COUNTS id=[ 384, 9910 ] end=593920 piso=11031552
COUNTS id=[ 384, 9911 ] end=606208 piso=11212800
COUNTS id=[ 384, 9912 ] end=114688 piso=4669440
COUNTS id=[ 384, 9913 ] end=421888 piso=5399040
COUNTS id=[ 384, 9914 ] end=520192 piso=9192960
COUNTS id=[ 384, 9915 ] end=311296 piso=5197824
COUNTS id=[ 384, 9916 ] end=102400 piso=3846144
COUNTS id=[ 384, 9917 ] end=311296 piso=4618752
COUNTS id=[ 384, 9918 ] end=102400 piso=5028864
COUNTS id=[ 384, 9919 ] end=102400 piso=3561984
COUNTS id=[ 384, 9920 ] end=606208 piso=9076224
COUNTS id=[ 384, 9921 ] end=114688 piso=4621824
COUNTS id=[ 384, 9922 ] end=262144 piso=6807552
COUNTS id=[ 384, 9923 ] end=114688 piso=5597184
COUNTS id=[ 384, 9924 ] end=606208 piso=14074368
COUNTS id=[ 384, 9925 ] end=335872 piso=5971968
COUNTS id=[ 384, 9926 ] end=335872 piso=8071680
COUNTS id=[ 384, 9927 ] end=176128 piso=6375936
COUNTS id=[ 384, 9928 ] end=176128 piso=6379008
PROGRESS checked=200 hits=0 reversed=0 runtime_ms=562498
COUNTS id=[ 384, 9929 ] end=593920 piso=9146880
COUNTS id=[ 384, 9930 ] end=593920 piso=9702912
COUNTS id=[ 384, 9931 ] end=593920 piso=10822656
COUNTS id=[ 384, 9932 ] end=335872 piso=5968896
COUNTS id=[ 384, 9933 ] end=335872 piso=5935104
COUNTS id=[ 384, 9934 ] end=335872 piso=6571008
COUNTS id=[ 384, 9935 ] end=593920 piso=9272832
COUNTS id=[ 384, 9936 ] end=335872 piso=6041088
COUNTS id=[ 384, 9937 ] end=335872 piso=6038016
COUNTS id=[ 384, 9938 ] end=102400 piso=5850624
COUNTS id=[ 384, 9939 ] end=176128 piso=6452736
COUNTS id=[ 384, 9940 ] end=102400 piso=4713984
COUNTS id=[ 384, 9941 ] end=102400 piso=4634112
COUNTS id=[ 384, 9942 ] end=102400 piso=4667904
COUNTS id=[ 384, 9943 ] end=102400 piso=4729344
COUNTS id=[ 384, 9944 ] end=348160 piso=6001152
COUNTS id=[ 384, 9945 ] end=249856 piso=7385088
COUNTS id=[ 384, 9946 ] end=593920 piso=9384960
COUNTS id=[ 384, 9947 ] end=348160 piso=7033344
COUNTS id=[ 384, 9948 ] end=421888 piso=8835072
COUNTS id=[ 384, 9949 ] end=102400 piso=4939776
COUNTS id=[ 384, 9950 ] end=311296 piso=5744640
COUNTS id=[ 384, 9951 ] end=311296 piso=7589376
COUNTS id=[ 384, 9952 ] end=102400 piso=4958208
COUNTS id=[ 384, 9953 ] end=323584 piso=7887360
COUNTS id=[ 384, 9954 ] end=520192 piso=10902528
COUNTS id=[ 384, 9955 ] end=311296 piso=7509504
COUNTS id=[ 384, 9956 ] end=311296 piso=5219328
COUNTS id=[ 384, 9957 ] end=311296 piso=5744640
COUNTS id=[ 384, 9958 ] end=102400 piso=5096448
COUNTS id=[ 384, 9959 ] end=102400 piso=5575680
COUNTS id=[ 384, 9960 ] end=102400 piso=3565056
COUNTS id=[ 384, 9961 ] end=102400 piso=3568128
COUNTS id=[ 384, 9962 ] end=102400 piso=3830784
COUNTS id=[ 384, 9963 ] end=102400 piso=3601920
COUNTS id=[ 384, 9964 ] end=311296 piso=7742976
COUNTS id=[ 384, 9965 ] end=311296 piso=7773696
COUNTS id=[ 384, 9966 ] end=311296 piso=5182464
COUNTS id=[ 384, 9967 ] end=102400 piso=3565056
COUNTS id=[ 384, 9968 ] end=102400 piso=3552768
COUNTS id=[ 384, 9969 ] end=176128 piso=5448192
COUNTS id=[ 384, 9970 ] end=102400 piso=5508096
COUNTS id=[ 384, 9971 ] end=102400 piso=5505024
COUNTS id=[ 384, 9972 ] end=102400 piso=3675648
COUNTS id=[ 384, 9973 ] end=102400 piso=3672576
COUNTS id=[ 384, 9974 ] end=323584 piso=4763136
COUNTS id=[ 384, 9975 ] end=311296 piso=4600320
COUNTS id=[ 384, 9976 ] end=311296 piso=4551168
COUNTS id=[ 384, 9977 ] end=385024 piso=5140992
COUNTS id=[ 384, 9978 ] end=372736 piso=6048768
COUNTS id=[ 384, 9979 ] end=520192 piso=8150016
COUNTS id=[ 384, 9980 ] end=323584 piso=4998144
COUNTS id=[ 384, 9981 ] end=102400 piso=3895296
COUNTS id=[ 384, 9982 ] end=102400 piso=3922944
COUNTS id=[ 384, 9983 ] end=102400 piso=3832320
COUNTS id=[ 384, 9984 ] end=102400 piso=3866112
DONE checked=256 abelian=0 hits=0 reversed=0 skipped_abelian=0 closest=[ 384, 9816 ] min_ratio=30333/3032 runtime_ms=699742
