{"command": ["/project/gap-4.16.1/gap", "-l", "/project/gap-4.16.1", "-q", "-b", "-T", "-m", "128m", "-o", "4g", "-c", "START_ORDER:=340;;END_ORDER:=340;;START_ID:=1;;END_ID:=15;;SKIP_ABELIAN:=true;;LOG_ALL:=true;;", "/project/scripts/search_19_20.g"], "source_hashes": {"scripts/search_19_20.g": "7b6a34e9163b58b0248b3c464ae8070783414cd7d14048136dd0e3547b906318", "scripts/lib_19_20.g": "fbcf2d3c4b0648cc1fa87d6e50fc923133d594c029b8430a365caf596ac7ccd5"}}
PARAMETERS start=340 end=340 start_id=1 end_id=15 skip_abelian=true log_all=true
ORDER_START order=340 groups=15
COUNTS id=[ 340, 1 ] end=884 piso=1700
CLOSEST id=[ 340, 1 ] end=884 piso=1700 ratio=25/13
COUNTS id=[ 340, 2 ] end=2900 piso=5780
COUNTS id=[ 340, 3 ] end=14452 piso=50660
ABELIAN_SKIPPED id=[ 340, 4 ] reason=known_equality
COUNTS id=[ 340, 5 ] end=1620 piso=7140
COUNTS id=[ 340, 6 ] end=7668 piso=41140
COUNTS id=[ 340, 7 ] end=612 piso=2040
COUNTS id=[ 340, 8 ] end=8676 piso=40120
COUNTS id=[ 340, 9 ] end=7396 piso=57800
COUNTS id=[ 340, 10 ] end=7396 piso=57800
COUNTS id=[ 340, 11 ] end=11664 piso=110160
COUNTS id=[ 340, 12 ] end=6480 piso=23120
COUNTS id=[ 340, 13 ] end=2448 piso=6800
COUNTS id=[ 340, 14 ] end=29584 piso=180880
ABELIAN_SKIPPED id=[ 340, 15 ] reason=known_equality
DONE checked=13 abelian=0 hits=0 reversed=0 skipped_abelian=2 closest=[ 340, 1 ] min_ratio=25/13 runtime_ms=3762
