{"command": ["/project/gap-4.16.1/gap", "-l", "/project/gap-4.16.1", "-q", "-b", "-T", "-m", "128m", "-o", "4g", "-c", "START_ORDER:=384;;END_ORDER:=384;;START_ID:=7937;;END_ID:=8192;;SKIP_ABELIAN:=true;;LOG_ALL:=true;;", "/project/scripts/search_19_20.g"], "source_hashes": {"scripts/search_19_20.g": "7b6a34e9163b58b0248b3c464ae8070783414cd7d14048136dd0e3547b906318", "scripts/lib_19_20.g": "fbcf2d3c4b0648cc1fa87d6e50fc923133d594c029b8430a365caf596ac7ccd5"}}
PARAMETERS start=384 end=384 start_id=7937 end_id=8192 skip_abelian=true log_all=true
ORDER_START order=384 groups=20169
COUNTS id=[ 384, 7937 ] end=262144 piso=9759744
CLOSEST id=[ 384, 7937 ] end=262144 piso=9759744 ratio=9531/256
COUNTS id=[ 384, 7938 ] end=262144 piso=9759744
COUNTS id=[ 384, 7939 ] end=249856 piso=4651008
CLOSEST id=[ 384, 7939 ] end=249856 piso=4651008 ratio=2271/122
COUNTS id=[ 384, 7940 ] end=249856 piso=4638720
CLOSEST id=[ 384, 7940 ] end=249856 piso=4638720 ratio=2265/122
COUNTS id=[ 384, 7941 ] end=249856 piso=4709376
COUNTS id=[ 384, 7942 ] end=458752 piso=8535552
COUNTS id=[ 384, 7943 ] end=249856 piso=4617216
CLOSEST id=[ 384, 7943 ] end=249856 piso=4617216 ratio=4509/244
COUNTS id=[ 384, 7944 ] end=249856 piso=4651008
COUNTS id=[ 384, 7945 ] end=458752 piso=8458752
CLOSEST id=[ 384, 7945 ] end=458752 piso=8458752 ratio=16521/896
COUNTS id=[ 384, 7946 ] end=495616 piso=17146368
COUNTS id=[ 384, 7947 ] end=262144 piso=5776896
COUNTS id=[ 384, 7948 ] end=753664 piso=16402944
COUNTS id=[ 384, 7949 ] end=483328 piso=7633920
CLOSEST id=[ 384, 7949 ] end=483328 piso=7633920 ratio=7455/472
COUNTS id=[ 384, 7950 ] end=741376 piso=13587456
COUNTS id=[ 384, 7951 ] end=495616 piso=9650688
COUNTS id=[ 384, 7952 ] end=262144 piso=5640192
COUNTS id=[ 384, 7953 ] end=741376 piso=13716480
COUNTS id=[ 384, 7954 ] end=262144 piso=5108736
COUNTS id=[ 384, 7955 ] end=495616 piso=9268224
COUNTS id=[ 384, 7956 ] end=667648 piso=11665920
COUNTS id=[ 384, 7957 ] end=458752 piso=6739968
CLOSEST id=[ 384, 7957 ] end=458752 piso=6739968 ratio=3291/224
COUNTS id=[ 384, 7958 ] end=249856 piso=4110336
COUNTS id=[ 384, 7959 ] end=249856 piso=4088832
COUNTS id=[ 384, 7960 ] end=458752 piso=6246912
CLOSEST id=[ 384, 7960 ] end=458752 piso=6246912 ratio=1743/128
COUNTS id=[ 384, 7961 ] end=249856 piso=4697088
COUNTS id=[ 384, 7962 ] end=458752 piso=7199232
COUNTS id=[ 384, 7963 ] end=2068480 piso=44837376
COUNTS id=[ 384, 7964 ] end=557056 piso=9916416
COUNTS id=[ 384, 7965 ] end=1466368 piso=24697344
COUNTS id=[ 384, 7966 ] end=483328 piso=11914752
COUNTS id=[ 384, 7967 ] end=741376 piso=14194176
COUNTS id=[ 384, 7968 ] end=249856 piso=5552640
COUNTS id=[ 384, 7969 ] end=249856 piso=5574144
COUNTS id=[ 384, 7970 ] end=679936 piso=11026944
COUNTS id=[ 384, 7971 ] end=249856 piso=5534208
COUNTS id=[ 384, 7972 ] end=483328 piso=8914944
COUNTS id=[ 384, 7973 ] end=1036288 piso=25743360
COUNTS id=[ 384, 7974 ] end=495616 piso=9578496
COUNTS id=[ 384, 7975 ] end=741376 piso=12579840
COUNTS id=[ 384, 7976 ] end=458752 piso=7196160
COUNTS id=[ 384, 7977 ] end=458752 piso=7217664
COUNTS id=[ 384, 7978 ] end=249856 piso=4681728
COUNTS id=[ 384, 7979 ] end=249856 piso=4678656
COUNTS id=[ 384, 7980 ] end=249856 piso=4657152
COUNTS id=[ 384, 7981 ] end=249856 piso=4638720
COUNTS id=[ 384, 7982 ] end=249856 piso=4654080
COUNTS id=[ 384, 7983 ] end=458752 piso=6746112
COUNTS id=[ 384, 7984 ] end=458752 piso=6749184
COUNTS id=[ 384, 7985 ] end=458752 piso=6743040
COUNTS id=[ 384, 7986 ] end=458752 piso=6782976
COUNTS id=[ 384, 7987 ] end=335872 piso=5273088
COUNTS id=[ 384, 7988 ] end=458752 piso=8593920
COUNTS id=[ 384, 7989 ] end=249856 piso=4660224
COUNTS id=[ 384, 7990 ] end=249856 piso=4657152
COUNTS id=[ 384, 7991 ] end=249856 piso=4681728
COUNTS id=[ 384, 7992 ] end=249856 piso=4984320
COUNTS id=[ 384, 7993 ] end=249856 piso=4975104
COUNTS id=[ 384, 7994 ] end=249856 piso=5008896
COUNTS id=[ 384, 7995 ] end=458752 piso=8523264
COUNTS id=[ 384, 7996 ] end=249856 piso=4694016
COUNTS id=[ 384, 7997 ] end=249856 piso=4675584
COUNTS id=[ 384, 7998 ] end=471040 piso=9017856
COUNTS id=[ 384, 7999 ] end=458752 piso=8477184
COUNTS id=[ 384, 8000 ] end=458752 piso=7122432
COUNTS id=[ 384, 8001 ] end=458752 piso=7125504
COUNTS id=[ 384, 8002 ] end=679936 piso=11736576
COUNTS id=[ 384, 8003 ] end=458752 piso=6816768
COUNTS id=[ 384, 8004 ] end=458752 piso=6786048
COUNTS id=[ 384, 8005 ] end=458752 piso=6795264
COUNTS id=[ 384, 8006 ] end=249856 piso=4724736
COUNTS id=[ 384, 8007 ] end=249856 piso=4761600
COUNTS id=[ 384, 8008 ] end=262144 piso=4801536
COUNTS id=[ 384, 8009 ] end=544768 piso=9083904
COUNTS id=[ 384, 8010 ] end=458752 piso=6730752
COUNTS id=[ 384, 8011 ] end=249856 piso=4700160
COUNTS id=[ 384, 8012 ] end=249856 piso=4727808
COUNTS id=[ 384, 8013 ] end=323584 piso=5125632
COUNTS id=[ 384, 8014 ] end=249856 piso=5480448
COUNTS id=[ 384, 8015 ] end=458752 piso=6752256
COUNTS id=[ 384, 8016 ] end=458752 piso=6758400
COUNTS id=[ 384, 8017 ] end=667648 piso=11687424
COUNTS id=[ 384, 8018 ] end=667648 piso=11696640
COUNTS id=[ 384, 8019 ] end=667648 piso=11495424
COUNTS id=[ 384, 8020 ] end=471040 piso=6724608
COUNTS id=[ 384, 8021 ] end=335872 piso=13498368
COUNTS id=[ 384, 8022 ] end=544768 piso=14754816
COUNTS id=[ 384, 8023 ] end=544768 piso=14665728
COUNTS id=[ 384, 8024 ] end=385024 piso=13432320
COUNTS id=[ 384, 8025 ] end=1294336 piso=19183104
COUNTS id=[ 384, 8026 ] end=974848 piso=11386368
CLOSEST id=[ 384, 8026 ] end=974848 piso=11386368 ratio=3177/272
COUNTS id=[ 384, 8027 ] end=483328 piso=8208384
COUNTS id=[ 384, 8028 ] end=1908736 piso=27296256
COUNTS id=[ 384, 8029 ] end=1269760 piso=19054080
COUNTS id=[ 384, 8030 ] end=925696 piso=11452416
COUNTS id=[ 384, 8031 ] end=458752 piso=8180736
COUNTS id=[ 384, 8032 ] end=483328 piso=6119424
COUNTS id=[ 384, 8033 ] end=1196032 piso=14353920
COUNTS id=[ 384, 8034 ] end=827392 piso=8326656
CLOSEST id=[ 384, 8034 ] end=827392 piso=8326656 ratio=16263/1616
COUNTS id=[ 384, 8035 ] end=409600 piso=6870528
COUNTS id=[ 384, 8036 ] end=409600 piso=6870528
PROGRESS checked=100 hits=0 reversed=0 runtime_ms=273838
COUNTS id=[ 384, 8037 ] end=1294336 piso=14329344
COUNTS id=[ 384, 8038 ] end=876544 piso=9406464
COUNTS id=[ 384, 8039 ] end=409600 piso=5908992
COUNTS id=[ 384, 8040 ] end=409600 piso=5915136
COUNTS id=[ 384, 8041 ] end=397312 piso=5763072
COUNTS id=[ 384, 8042 ] end=397312 piso=5720064
COUNTS id=[ 384, 8043 ] end=397312 piso=5735424
COUNTS id=[ 384, 8044 ] end=790528 piso=7939584
CLOSEST id=[ 384, 8044 ] end=790528 piso=7939584 ratio=15507/1544
COUNTS id=[ 384, 8045 ] end=790528 piso=7945728
COUNTS id=[ 384, 8046 ] end=790528 piso=7911936
CLOSEST id=[ 384, 8046 ] end=790528 piso=7911936 ratio=15453/1544
COUNTS id=[ 384, 8047 ] end=802816 piso=8494080
COUNTS id=[ 384, 8048 ] end=802816 piso=8500224
COUNTS id=[ 384, 8049 ] end=483328 piso=6967296
COUNTS id=[ 384, 8050 ] end=483328 piso=6807552
COUNTS id=[ 384, 8051 ] end=974848 piso=10151424
COUNTS id=[ 384, 8052 ] end=827392 piso=8824320
COUNTS id=[ 384, 8053 ] end=1884160 piso=24565248
COUNTS id=[ 384, 8054 ] end=409600 piso=7371264
COUNTS id=[ 384, 8055 ] end=409600 piso=7365120
COUNTS id=[ 384, 8056 ] end=1294336 piso=14799360
COUNTS id=[ 384, 8057 ] end=851968 piso=9593856
COUNTS id=[ 384, 8058 ] end=851968 piso=9563136
COUNTS id=[ 384, 8059 ] end=827392 piso=9768960
COUNTS id=[ 384, 8060 ] end=397312 piso=6420480
COUNTS id=[ 384, 8061 ] end=397312 piso=6423552
COUNTS id=[ 384, 8062 ] end=397312 piso=6395904
COUNTS id=[ 384, 8063 ] end=802816 piso=8664576
COUNTS id=[ 384, 8064 ] end=802816 piso=8729088
COUNTS id=[ 384, 8065 ] end=802816 piso=7881216
CLOSEST id=[ 384, 8065 ] end=802816 piso=7881216 ratio=2199/224
COUNTS id=[ 384, 8066 ] end=1196032 piso=13628928
COUNTS id=[ 384, 8067 ] end=409600 piso=5623296
COUNTS id=[ 384, 8068 ] end=409600 piso=5623296
COUNTS id=[ 384, 8069 ] end=827392 piso=8429568
COUNTS id=[ 384, 8070 ] end=421888 piso=5821440
COUNTS id=[ 384, 8071 ] end=1085440 piso=19117056
COUNTS id=[ 384, 8072 ] end=372736 piso=9139200
COUNTS id=[ 384, 8073 ] end=114688 piso=5921280
COUNTS id=[ 384, 8074 ] end=237568 piso=6655488
COUNTS id=[ 384, 8075 ] end=704512 piso=10503168
COUNTS id=[ 384, 8076 ] end=360448 piso=9047040
COUNTS id=[ 384, 8077 ] end=348160 piso=6002688
COUNTS id=[ 384, 8078 ] end=348160 piso=6002688
COUNTS id=[ 384, 8079 ] end=1171456 piso=21689856
COUNTS id=[ 384, 8080 ] end=1024000 piso=21351936
COUNTS id=[ 384, 8081 ] end=335872 piso=6833664
COUNTS id=[ 384, 8082 ] end=335872 piso=6280704
COUNTS id=[ 384, 8083 ] end=643072 piso=11549184
COUNTS id=[ 384, 8084 ] end=593920 piso=11143680
COUNTS id=[ 384, 8085 ] end=593920 piso=11165184
COUNTS id=[ 384, 8086 ] end=335872 piso=8016384
COUNTS id=[ 384, 8087 ] end=667648 piso=12031488
COUNTS id=[ 384, 8088 ] end=667648 piso=11509248
COUNTS id=[ 384, 8089 ] end=716800 piso=12083712
COUNTS id=[ 384, 8090 ] end=348160 piso=7366656
COUNTS id=[ 384, 8091 ] end=348160 piso=7412736
COUNTS id=[ 384, 8092 ] end=335872 piso=8031744
COUNTS id=[ 384, 8093 ] end=593920 piso=10721280
COUNTS id=[ 384, 8094 ] end=335872 piso=8065536
COUNTS id=[ 384, 8095 ] end=335872 piso=8037888
COUNTS id=[ 384, 8096 ] end=335872 piso=7976448
COUNTS id=[ 384, 8097 ] end=102400 piso=4700160
COUNTS id=[ 384, 8098 ] end=102400 piso=4700160
COUNTS id=[ 384, 8099 ] end=102400 piso=4706304
COUNTS id=[ 384, 8100 ] end=102400 piso=4694016
COUNTS id=[ 384, 8101 ] end=335872 piso=8034816
COUNTS id=[ 384, 8102 ] end=3850240 piso=332382720
COUNTS id=[ 384, 8103 ] end=3948544 piso=332333568
COUNTS id=[ 384, 8104 ] end=335872 piso=6210048
COUNTS id=[ 384, 8105 ] end=335872 piso=6784512
COUNTS id=[ 384, 8106 ] end=335872 piso=6206976
COUNTS id=[ 384, 8107 ] end=335872 piso=6213120
COUNTS id=[ 384, 8108 ] end=102400 piso=5935104
COUNTS id=[ 384, 8109 ] end=102400 piso=5830656
COUNTS id=[ 384, 8110 ] end=335872 piso=8189952
COUNTS id=[ 384, 8111 ] end=102400 piso=5987328
COUNTS id=[ 384, 8112 ] end=335872 piso=6758400
COUNTS id=[ 384, 8113 ] end=335872 piso=6125568
COUNTS id=[ 384, 8114 ] end=335872 piso=6140928
COUNTS id=[ 384, 8115 ] end=3481600 piso=310996992
COUNTS id=[ 384, 8116 ] end=3481600 piso=310957056
COUNTS id=[ 384, 8117 ] end=3481600 piso=310923264
COUNTS id=[ 384, 8118 ] end=372736 piso=11470848
COUNTS id=[ 384, 8119 ] end=348160 piso=8219136
COUNTS id=[ 384, 8120 ] end=114688 piso=5961216
COUNTS id=[ 384, 8121 ] end=606208 piso=9558528
COUNTS id=[ 384, 8122 ] end=778240 piso=12360192
COUNTS id=[ 384, 8123 ] end=483328 piso=9831936
COUNTS id=[ 384, 8124 ] end=114688 piso=5446656
COUNTS id=[ 384, 8125 ] end=114688 piso=5308416
COUNTS id=[ 384, 8126 ] end=114688 piso=5575680
COUNTS id=[ 384, 8127 ] end=630784 piso=9659904
COUNTS id=[ 384, 8128 ] end=421888 piso=6332928
COUNTS id=[ 384, 8129 ] end=323584 piso=5027328
COUNTS id=[ 384, 8130 ] end=323584 piso=5051904
COUNTS id=[ 384, 8131 ] end=102400 piso=5010432
COUNTS id=[ 384, 8132 ] end=102400 piso=5038080
COUNTS id=[ 384, 8133 ] end=311296 piso=5803008
COUNTS id=[ 384, 8134 ] end=311296 piso=5296128
COUNTS id=[ 384, 8135 ] end=311296 piso=5385216
COUNTS id=[ 384, 8136 ] end=311296 piso=5348352
PROGRESS checked=200 hits=0 reversed=0 runtime_ms=552238
COUNTS id=[ 384, 8137 ] end=311296 piso=5382144
COUNTS id=[ 384, 8138 ] end=102400 piso=4756992
COUNTS id=[ 384, 8139 ] end=102400 piso=4713984
COUNTS id=[ 384, 8140 ] end=102400 piso=4713984
COUNTS id=[ 384, 8141 ] end=102400 piso=4812288
COUNTS id=[ 384, 8142 ] end=335872 piso=6206976
COUNTS id=[ 384, 8143 ] end=102400 piso=5382144
COUNTS id=[ 384, 8144 ] end=102400 piso=5360640
COUNTS id=[ 384, 8145 ] end=102400 piso=3755520
COUNTS id=[ 384, 8146 ] end=102400 piso=3740160
COUNTS id=[ 384, 8147 ] end=102400 piso=3734016
COUNTS id=[ 384, 8148 ] end=102400 piso=3727872
COUNTS id=[ 384, 8149 ] end=102400 piso=3712512
COUNTS id=[ 384, 8150 ] end=311296 piso=5895168
COUNTS id=[ 384, 8151 ] end=311296 piso=5360640
COUNTS id=[ 384, 8152 ] end=102400 piso=5555712
COUNTS id=[ 384, 8153 ] end=102400 piso=5543424
COUNTS id=[ 384, 8154 ] end=102400 piso=3807744
COUNTS id=[ 384, 8155 ] end=102400 piso=3773952
COUNTS id=[ 384, 8156 ] end=102400 piso=3770880
COUNTS id=[ 384, 8157 ] end=102400 piso=3795456
COUNTS id=[ 384, 8158 ] end=102400 piso=3789312
COUNTS id=[ 384, 8159 ] end=102400 piso=5071872
COUNTS id=[ 384, 8160 ] end=102400 piso=5059584
COUNTS id=[ 384, 8161 ] end=311296 piso=5889024
COUNTS id=[ 384, 8162 ] end=311296 piso=5360640
COUNTS id=[ 384, 8163 ] end=102400 piso=4131840
COUNTS id=[ 384, 8164 ] end=102400 piso=4107264
COUNTS id=[ 384, 8165 ] end=102400 piso=4131840
COUNTS id=[ 384, 8166 ] end=102400 piso=4128768
COUNTS id=[ 384, 8167 ] end=102400 piso=4110336
COUNTS id=[ 384, 8168 ] end=397312 piso=9357312
COUNTS id=[ 384, 8169 ] end=397312 piso=8855040
COUNTS id=[ 384, 8170 ] end=335872 piso=8031744
COUNTS id=[ 384, 8171 ] end=593920 piso=9318912
COUNTS id=[ 384, 8172 ] end=593920 piso=9328128
COUNTS id=[ 384, 8173 ] end=1036288 piso=19874304
COUNTS id=[ 384, 8174 ] end=225280 piso=6375936
COUNTS id=[ 384, 8175 ] end=225280 piso=6345216
COUNTS id=[ 384, 8176 ] end=335872 piso=6574080
COUNTS id=[ 384, 8177 ] end=335872 piso=6048768
COUNTS id=[ 384, 8178 ] end=335872 piso=6523392
COUNTS id=[ 384, 8179 ] end=335872 piso=6041088
COUNTS id=[ 384, 8180 ] end=372736 piso=8406528
COUNTS id=[ 384, 8181 ] end=102400 piso=4998144
COUNTS id=[ 384, 8182 ] end=102400 piso=4988928
COUNTS id=[ 384, 8183 ] end=225280 piso=5395968
COUNTS id=[ 384, 8184 ] end=225280 piso=5414400
COUNTS id=[ 384, 8185 ] end=102400 piso=5013504
COUNTS id=[ 384, 8186 ] end=102400 piso=5013504
COUNTS id=[ 384, 8187 ] end=311296 piso=7564800
COUNTS id=[ 384, 8188 ] end=102400 piso=4985856
COUNTS id=[ 384, 8189 ] end=102400 piso=4988928
COUNTS id=[ 384, 8190 ] end=311296 piso=7478784
COUNTS id=[ 384, 8191 ] end=102400 piso=5422080
COUNTS id=[ 384, 8192 ] end=102400 piso=5412864
DONE checked=256 abelian=0 hits=0 reversed=0 skipped_abelian=0 closest=[ 384, 8065 ] min_ratio=2199/224 runtime_ms=686222
