TARGET 45001 1 1 0 2 0
TARGET 45002 1 1 0 2 0
TARGET 45003 1 1 0 3 0
TARGET 45004 1 1 0 2 0
TARGET 45005 1 0 0 1 0
TARGET 45006 1 0 0 1 0
TARGET 45007 1 1 0 2 0
TARGET 45008 1 0 0 1 0
TARGET 45009 1 0 0 2 0
TARGET 45010 1 0 0 0 0
TARGET 45011 1 0 0 1 0
TARGET 45012 1 1 0 2 0
TARGET 45013 1 0 0 1 0
TARGET 45014 1 0 0 0 0
TARGET 45015 1 2 0 3 0
TARGET 45016 1 1 0 2 0
TARGET 45017 1 0 0 2 0
TARGET 45018 1 0 0 1 0
TARGET 45019 1 0 0 0 0
TARGET 45020 1 1 0 1 0
TARGET 45021 1 1 0 1 0
TARGET 45022 1 1 0 1 0
TARGET 45023 1 1 0 2 0
TARGET 45024 1 1 0 1 0
TARGET 45025 1 1 0 2 0
TARGET 45026 1 1 0 1 0
TARGET 45027 1 0 0 1 0
TARGET 45028 1 1 0 2 0
TARGET 45029 1 0 0 1 0
TARGET 45030 1 0 0 0 0
TARGET 45031 1 1 0 1 0
TARGET 45032 1 1 0 1 0
TARGET 45033 1 1 0 2 0
TARGET 45034 1 1 0 1 0
TARGET 45035 1 1 0 2 0
TARGET 45036 1 1 0 1 0
TARGET 45037 1 0 0 1 0
TARGET 45038 1 1 0 2 0
TARGET 45039 1 0 0 1 0
TARGET 45040 1 0 0 0 0
TARGET 45041 1 1 0 1 0
TARGET 45042 1 1 0 2 0
TARGET 45043 1 1 0 1 0
TARGET 45044 1 1 0 2 0
TARGET 45045 1 1 0 1 0
TARGET 45046 1 0 0 1 0
TARGET 45047 1 1 0 2 0
TARGET 45048 1 0 0 1 0
TARGET 45049 1 0 0 0 0
TARGET 45050 1 1 0 3 0
TARGET 45051 1 1 0 2 0
TARGET 45052 1 1 0 3 0
TARGET 45053 1 1 0 2 0
TARGET 45054 1 1 0 2 0
TARGET 45055 1 1 0 3 0
TARGET 45056 1 1 0 2 0
TARGET 45057 1 1 0 1 0
TARGET 45058 1 1 0 2 0
TARGET 45059 1 1 0 1 0
TARGET 45060 1 0 0 1 0
TARGET 45061 1 1 0 2 0
TARGET 45062 1 0 0 1 0
TARGET 45063 1 0 0 2 0
TARGET 45064 1 0 0 0 0
TARGET 45065 1 1 0 3 0
TARGET 45066 1 1 0 2 0
TARGET 45067 1 1 0 2 0
TARGET 45068 1 1 0 3 0
TARGET 45069 1 1 0 2 0
TARGET 45070 1 1 0 1 0
TARGET 45071 1 0 0 1 0
TARGET 45072 1 1 0 2 0
TARGET 45073 1 0 0 1 0
TARGET 45074 1 0 0 2 0
TARGET 45075 1 0 0 0 0
TARGET 45076 1 0 0 1 0
TARGET 45077 1 1 0 2 0
TARGET 45078 1 0 0 1 0
TARGET 45079 1 0 0 0 0
TARGET 45080 1 2 0 3 0
TARGET 45081 1 1 0 2 0
TARGET 45082 1 0 0 2 0
TARGET 45083 1 0 0 1 0
TARGET 45084 1 0 0 0 0
TARGET 45085 1 1 0 1 0
TARGET 45086 1 1 0 1 0
TARGET 45087 1 0 0 1 0
TARGET 45088 1 0 0 1 0
TARGET 45089 1 1 0 1 0
TARGET 45090 1 1 0 1 0
TARGET 45091 1 1 0 2 0
TARGET 45092 1 1 0 1 0
TARGET 45093 1 1 0 2 0
TARGET 45094 1 1 0 1 0
TARGET 45095 1 0 0 1 0
TARGET 45096 1 1 0 2 0
TARGET 45097 1 0 0 1 0
TARGET 45098 1 1 0 1 0
TARGET 45099 1 0 0 1 0
TARGET 45100 1 0 0 1 0
TARGET 45101 1 1 0 1 0
TARGET 45102 1 1 0 2 0
TARGET 45103 1 1 0 1 0
TARGET 45104 1 1 0 2 0
TARGET 45105 1 1 0 1 0
TARGET 45106 1 0 0 1 0
TARGET 45107 1 1 0 2 0
TARGET 45108 1 0 0 1 0
TARGET 45109 1 0 0 1 0
TARGET 45110 1 1 0 2 0
TARGET 45111 1 0 0 1 0
TARGET 45112 1 1 0 2 0
TARGET 45113 1 0 0 1 0
TARGET 45114 1 0 0 1 0
TARGET 45115 1 1 0 2 0
TARGET 45116 1 0 0 1 0
TARGET 45117 1 0 0 1 0
TARGET 45118 1 1 0 2 0
TARGET 45119 1 0 0 1 0
TARGET 45120 1 1 0 2 0
TARGET 45121 1 0 0 1 0
TARGET 45122 1 0 0 1 0
TARGET 45123 1 1 0 2 0
TARGET 45124 1 0 0 1 0
TARGET 45125 1 0 0 0 0
TARGET 45126 1 0 0 0 0
TARGET 45127 1 0 0 0 0
TARGET 45128 1 0 0 0 0
TARGET 45129 1 1 0 1 0
TARGET 45130 1 1 0 1 0
TARGET 45131 1 1 0 2 0
TARGET 45132 1 1 0 1 0
TARGET 45133 1 1 0 2 0
TARGET 45134 1 1 0 1 0
TARGET 45135 1 0 0 1 0
TARGET 45136 1 1 0 2 0
TARGET 45137 1 0 0 1 0
TARGET 45138 1 0 0 0 0
TARGET 45139 1 1 0 1 0
TARGET 45140 1 1 0 2 0
TARGET 45141 1 1 0 1 0
TARGET 45142 1 1 0 2 0
TARGET 45143 1 1 0 1 0
TARGET 45144 1 0 0 1 0
TARGET 45145 1 1 0 2 0
TARGET 45146 1 0 0 1 0
TARGET 45147 1 0 0 0 0
TARGET 45148 1 1 0 3 0
TARGET 45149 1 1 0 2 0
TARGET 45150 1 1 0 3 0
TARGET 45151 1 1 0 2 0
TARGET 45152 1 1 0 2 0
TARGET 45153 1 1 0 3 0
TARGET 45154 1 1 0 2 0
TARGET 45155 1 1 0 1 0
TARGET 45156 1 1 0 2 0
TARGET 45157 1 1 0 1 0
TARGET 45158 1 0 0 1 0
TARGET 45159 1 1 0 2 0
TARGET 45160 1 0 0 1 0
TARGET 45161 1 0 0 2 0
TARGET 45162 1 0 0 0 0
TARGET 45163 1 2 0 3 0
TARGET 45164 1 1 0 2 0
TARGET 45165 1 1 0 2 0
TARGET 45166 1 1 0 3 0
TARGET 45167 1 1 0 2 0
TARGET 45168 1 1 0 1 0
TARGET 45169 1 0 0 1 0
TARGET 45170 1 1 0 2 0
TARGET 45171 1 0 0 1 0
TARGET 45172 1 0 0 2 0
TARGET 45173 1 0 0 0 0
TARGET 45174 1 0 0 1 0
TARGET 45175 1 1 0 2 0
TARGET 45176 1 0 0 1 0
TARGET 45177 1 0 0 0 0
TARGET 45178 1 1 0 3 0
TARGET 45179 1 1 0 2 0
TARGET 45180 1 0 0 2 0
TARGET 45181 1 0 0 1 0
TARGET 45182 1 0 0 0 0
TARGET 45183 1 1 0 1 0
TARGET 45184 1 0 0 1 0
TARGET 45185 1 0 0 1 0
TARGET 45186 1 1 0 1 0
TARGET 45187 1 1 0 2 0
TARGET 45188 1 1 0 1 0
TARGET 45189 1 1 0 2 0
TARGET 45190 1 1 0 1 0
TARGET 45191 1 0 0 1 0
TARGET 45192 1 1 0 2 0
TARGET 45193 1 0 0 1 0
TARGET 45194 1 0 0 1 0
TARGET 45195 1 1 0 2 0
TARGET 45196 1 0 0 1 0
TARGET 45197 1 1 0 2 0
TARGET 45198 1 0 0 1 0
TARGET 45199 1 0 0 1 0
TARGET 45200 1 1 0 2 0
TARGET 45201 1 0 0 1 0
TARGET 45202 1 0 0 1 0
TARGET 45203 1 1 0 2 0
TARGET 45204 1 0 0 1 0
TARGET 45205 1 1 0 2 0
TARGET 45206 1 0 0 1 0
TARGET 45207 1 0 0 1 0
TARGET 45208 1 1 0 2 0
TARGET 45209 1 0 0 1 0
TARGET 45210 1 0 0 0 0
TARGET 45211 1 0 0 0 0
TARGET 45212 1 0 0 0 0
TARGET 45213 1 1 0 1 0
TARGET 45214 1 1 0 2 0
TARGET 45215 1 1 0 1 0
TARGET 45216 1 1 0 2 0
TARGET 45217 1 1 0 1 0
TARGET 45218 1 0 0 1 0
TARGET 45219 1 1 0 2 0
TARGET 45220 1 0 0 1 0
TARGET 45221 1 0 0 0 0
TARGET 45222 1 2 0 3 0
TARGET 45223 1 1 0 2 0
TARGET 45224 1 1 0 3 0
TARGET 45225 1 1 0 2 0
TARGET 45226 1 1 0 2 0
TARGET 45227 1 1 0 3 0
TARGET 45228 1 1 0 2 0
TARGET 45229 1 1 0 1 0
TARGET 45230 1 1 0 2 0
TARGET 45231 1 1 0 1 0
TARGET 45232 1 0 0 1 0
TARGET 45233 1 1 0 2 0
TARGET 45234 1 0 0 1 0
TARGET 45235 1 0 0 2 0
TARGET 45236 1 0 0 0 0
TARGET 45237 1 1 0 3 0
TARGET 45238 1 1 0 2 0
TARGET 45239 1 1 0 2 0
TARGET 45240 1 1 0 3 0
TARGET 45241 1 1 0 2 0
TARGET 45242 1 1 0 1 0
TARGET 45243 1 0 0 1 0
TARGET 45244 1 1 0 2 0
TARGET 45245 1 0 0 1 0
TARGET 45246 1 0 0 2 0
TARGET 45247 1 0 0 0 0
TARGET 45248 1 0 0 1 0
TARGET 45249 1 1 0 2 0
TARGET 45250 1 0 0 1 0
TARGET 45251 1 0 0 0 0
TARGET 45252 1 1 0 3 0
TARGET 45253 1 1 0 2 0
TARGET 45254 1 0 0 2 0
TARGET 45255 1 0 0 1 0
TARGET 45256 1 0 0 0 0
TARGET 45257 1 0 0 1 0
TARGET 45258 1 1 0 2 0
TARGET 45259 1 0 0 1 0
TARGET 45260 1 1 0 2 0
TARGET 45261 1 0 0 1 0
TARGET 45262 1 0 0 1 0
TARGET 45263 1 1 0 2 0
TARGET 45264 1 0 0 1 0
TARGET 45265 1 0 0 0 0
TARGET 45266 1 2 0 3 0
TARGET 45267 1 1 0 2 0
TARGET 45268 1 1 0 3 0
TARGET 45269 1 1 0 2 0
TARGET 45270 1 1 0 2 0
TARGET 45271 1 1 0 3 0
TARGET 45272 1 1 0 2 0
TARGET 45273 1 0 0 1 0
TARGET 45274 1 1 0 2 0
TARGET 45275 1 0 0 1 0
TARGET 45276 1 0 0 1 0
TARGET 45277 1 1 0 2 0
TARGET 45278 1 0 0 1 0
TARGET 45279 1 0 0 2 0
TARGET 45280 1 0 0 0 0
TARGET 45281 1 2 0 3 0
TARGET 45282 1 1 0 2 0
TARGET 45283 1 1 0 2 0
TARGET 45284 1 1 0 3 0
TARGET 45285 1 1 0 2 0
TARGET 45286 1 0 0 1 0
TARGET 45287 1 0 0 1 0
TARGET 45288 1 1 0 2 0
TARGET 45289 1 0 0 1 0
TARGET 45290 1 0 0 2 0
TARGET 45291 1 0 0 0 0
TARGET 45292 1 0 0 1 0
TARGET 45293 1 1 0 2 0
TARGET 45294 1 0 0 1 0
TARGET 45295 1 0 0 0 0
TARGET 45296 1 2 0 3 0
TARGET 45297 1 1 0 2 0
TARGET 45298 1 0 0 2 0
TARGET 45299 1 0 0 1 0
TARGET 45300 1 0 0 0 0
TARGET 45301 1 0 0 1 0
TARGET 45302 1 1 0 2 0
TARGET 45303 1 0 0 1 0
TARGET 45304 1 1 0 2 0
TARGET 45305 1 0 0 1 0
TARGET 45306 1 0 0 1 0
TARGET 45307 1 1 0 2 0
TARGET 45308 1 0 0 1 0
TARGET 45309 1 0 0 0 0
TARGET 45310 1 2 0 3 0
TARGET 45311 1 1 0 2 0
TARGET 45312 1 1 0 3 0
TARGET 45313 1 1 0 2 0
TARGET 45314 1 1 0 2 0
TARGET 45315 1 1 0 3 0
TARGET 45316 1 1 0 2 0
TARGET 45317 1 0 0 1 0
TARGET 45318 1 1 0 2 0
TARGET 45319 1 0 0 1 0
TARGET 45320 1 0 0 1 0
TARGET 45321 1 1 0 2 0
TARGET 45322 1 0 0 1 0
TARGET 45323 1 0 0 2 0
TARGET 45324 1 0 0 0 0
TARGET 45325 1 2 0 3 0
TARGET 45326 1 1 0 2 0
TARGET 45327 1 1 0 2 0
TARGET 45328 1 1 0 3 0
TARGET 45329 1 1 0 2 0
TARGET 45330 1 0 0 1 0
TARGET 45331 1 0 0 1 0
TARGET 45332 1 1 0 2 0
TARGET 45333 1 0 0 1 0
TARGET 45334 1 0 0 2 0
TARGET 45335 1 0 0 0 0
TARGET 45336 1 0 0 1 0
TARGET 45337 1 1 0 2 0
TARGET 45338 1 0 0 1 0
TARGET 45339 1 0 0 0 0
TARGET 45340 1 2 0 3 0
TARGET 45341 1 1 0 2 0
TARGET 45342 1 0 0 2 0
TARGET 45343 1 0 0 1 0
TARGET 45344 1 0 0 0 0
TARGET 45345 1 0 0 1 0
TARGET 45346 1 0 0 1 0
TARGET 45347 1 1 0 2 0
TARGET 45348 1 0 0 1 0
TARGET 45349 1 1 0 2 0
TARGET 45350 1 0 0 1 0
TARGET 45351 1 0 0 1 0
TARGET 45352 1 1 0 2 0
TARGET 45353 1 0 0 1 0
TARGET 45354 1 0 0 1 0
TARGET 45355 1 0 0 1 0
TARGET 45356 1 0 0 1 0
TARGET 45357 1 0 0 1 0
TARGET 45358 1 0 0 1 0
TARGET 45359 1 0 0 1 0
TARGET 45360 1 0 0 1 0
TARGET 45361 1 0 0 1 0
TARGET 45362 1 0 0 1 0
TARGET 45363 1 1 0 2 0
TARGET 45364 1 0 0 1 0
TARGET 45365 1 1 0 2 0
TARGET 45366 1 0 0 1 0
TARGET 45367 1 0 0 1 0
TARGET 45368 1 1 0 2 0
TARGET 45369 1 0 0 1 0
TARGET 45370 1 0 0 1 0
TARGET 45371 1 1 0 2 0
TARGET 45372 1 0 0 1 0
TARGET 45373 1 1 0 2 0
TARGET 45374 1 0 0 1 0
TARGET 45375 1 0 0 1 0
TARGET 45376 1 1 0 2 0
TARGET 45377 1 0 0 1 0
TARGET 45378 1 0 0 1 0
TARGET 45379 1 0 0 1 0
TARGET 45380 1 0 0 1 0
TARGET 45381 1 1 0 2 0
TARGET 45382 1 0 0 1 0
TARGET 45383 1 1 0 2 0
TARGET 45384 1 0 0 1 0
TARGET 45385 1 0 0 1 0
TARGET 45386 1 1 0 2 0
TARGET 45387 1 0 0 1 0
TARGET 45388 1 0 0 1 0
TARGET 45389 1 0 0 1 0
TARGET 45390 1 0 0 1 0
TARGET 45391 1 0 0 1 0
TARGET 45392 1 0 0 1 0
TARGET 45393 1 1 0 2 0
TARGET 45394 1 1 0 2 0
TARGET 45395 1 1 0 2 0
TARGET 45396 1 1 0 2 0
TARGET 45397 1 2 0 3 0
TARGET 45398 1 1 0 2 0
TARGET 45399 1 1 0 3 0
TARGET 45400 1 1 0 2 0
TARGET 45401 1 1 0 2 0
TARGET 45402 1 1 0 3 0
TARGET 45403 1 1 0 2 0
TARGET 45404 1 0 0 1 0
TARGET 45405 1 0 0 1 0
TARGET 45406 1 0 0 1 0
TARGET 45407 1 0 0 1 0
TARGET 45408 1 1 0 2 0
TARGET 45409 1 0 0 1 0
TARGET 45410 1 1 0 2 0
TARGET 45411 1 0 0 1 0
TARGET 45412 1 0 0 1 0
TARGET 45413 1 1 0 2 0
TARGET 45414 1 0 0 1 0
TARGET 45415 1 1 0 2 0
TARGET 45416 1 1 0 2 0
TARGET 45417 1 1 0 2 0
TARGET 45418 1 1 0 2 0
TARGET 45419 1 1 0 3 0
TARGET 45420 1 1 0 2 0
TARGET 45421 1 2 0 3 0
TARGET 45422 1 1 0 2 0
TARGET 45423 1 1 0 2 0
TARGET 45424 1 1 0 3 0
TARGET 45425 1 1 0 2 0
TARGET 45426 1 0 0 1 0
TARGET 45427 1 0 0 1 0
TARGET 45428 1 0 0 1 0
TARGET 45429 1 0 0 1 0
TARGET 45430 1 1 0 2 0
TARGET 45431 1 0 0 1 0
TARGET 45432 1 1 0 2 0
TARGET 45433 1 0 0 1 0
TARGET 45434 1 0 0 1 0
TARGET 45435 1 1 0 2 0
TARGET 45436 1 0 0 1 0
TARGET 45437 1 0 0 1 0
TARGET 45438 1 0 0 1 0
TARGET 45439 1 0 0 1 0
TARGET 45440 1 0 0 1 0
TARGET 45441 1 1 0 2 0
TARGET 45442 1 0 0 1 0
TARGET 45443 1 1 0 2 0
TARGET 45444 1 0 0 1 0
TARGET 45445 1 0 0 1 0
TARGET 45446 1 1 0 2 0
TARGET 45447 1 0 0 1 0
TARGET 45448 1 1 0 2 0
TARGET 45449 1 1 0 2 0
TARGET 45450 1 1 0 2 0
TARGET 45451 1 1 0 2 0
TARGET 45452 1 1 0 3 0
TARGET 45453 1 1 0 2 0
TARGET 45454 1 1 0 3 0
TARGET 45455 1 1 0 2 0
TARGET 45456 1 1 0 2 0
TARGET 45457 1 2 0 3 0
TARGET 45458 1 1 0 2 0
TARGET 45459 1 0 0 1 0
TARGET 45460 1 0 0 1 0
TARGET 45461 1 0 0 1 0
TARGET 45462 1 0 0 1 0
TARGET 45463 1 0 0 1 0
TARGET 45464 1 0 0 1 0
TARGET 45465 1 0 0 1 0
TARGET 45466 1 0 0 1 0
TARGET 45467 1 1 0 2 0
TARGET 45468 1 0 0 1 0
TARGET 45469 1 1 0 2 0
TARGET 45470 1 0 0 1 0
TARGET 45471 1 0 0 1 0
TARGET 45472 1 1 0 2 0
TARGET 45473 1 0 0 1 0
TARGET 45474 1 0 0 1 0
TARGET 45475 1 0 0 1 0
TARGET 45476 1 0 0 1 0
TARGET 45477 1 1 0 2 0
TARGET 45478 1 0 0 1 0
TARGET 45479 1 1 0 2 0
TARGET 45480 1 0 0 1 0
TARGET 45481 1 0 0 1 0
TARGET 45482 1 1 0 2 0
TARGET 45483 1 0 0 1 0
TARGET 45484 1 0 0 1 0
TARGET 45485 1 0 0 1 0
TARGET 45486 1 0 0 1 0
TARGET 45487 1 0 0 1 0
TARGET 45488 1 0 0 1 0
TARGET 45489 1 1 0 2 0
TARGET 45490 1 0 0 1 0
TARGET 45491 1 1 0 2 0
TARGET 45492 1 0 0 1 0
TARGET 45493 1 0 0 1 0
TARGET 45494 1 1 0 2 0
TARGET 45495 1 0 0 1 0
TARGET 45496 1 0 0 1 0
TARGET 45497 1 0 0 1 0
TARGET 45498 1 1 0 2 0
TARGET 45499 1 0 0 1 0
TARGET 45500 1 1 0 2 0
TARGET 45501 1 0 0 1 0
TARGET 45502 1 0 0 1 0
TARGET 45503 1 1 0 2 0
TARGET 45504 1 0 0 1 0
TARGET 45505 1 0 0 1 0
TARGET 45506 1 0 0 1 0
TARGET 45507 1 1 0 2 0
TARGET 45508 1 0 0 1 0
TARGET 45509 1 1 0 2 0
TARGET 45510 1 0 0 1 0
TARGET 45511 1 0 0 1 0
TARGET 45512 1 1 0 2 0
TARGET 45513 1 0 0 1 0
TARGET 45514 1 0 0 0 0
TARGET 45515 1 0 0 0 0
TARGET 45516 1 1 0 1 0
TARGET 45517 1 0 0 0 0
TARGET 45518 1 1 0 1 0
TARGET 45519 1 0 0 0 0
TARGET 45520 1 0 0 0 0
TARGET 45521 1 1 0 1 0
TARGET 45522 1 0 0 0 0
TARGET 45523 1 0 0 0 0
TARGET 45524 1 0 0 0 0
TARGET 45525 1 0 0 0 0
TARGET 45526 1 0 0 0 0
TARGET 45527 1 0 0 1 0
TARGET 45528 1 0 0 1 0
TARGET 45529 1 0 0 1 0
TARGET 45530 1 0 0 1 0
TARGET 45531 1 0 0 1 0
TARGET 45532 1 1 0 2 0
TARGET 45533 1 0 0 1 0
TARGET 45534 1 1 0 2 0
TARGET 45535 1 0 0 1 0
TARGET 45536 1 0 0 1 0
TARGET 45537 1 1 0 2 0
TARGET 45538 1 0 0 1 0
TARGET 45539 1 0 0 0 0
TARGET 45540 1 0 0 1 0
TARGET 45541 1 0 0 1 0
TARGET 45542 1 0 0 1 0
TARGET 45543 1 0 0 1 0
TARGET 45544 1 1 0 2 0
TARGET 45545 1 0 0 1 0
TARGET 45546 1 1 0 2 0
TARGET 45547 1 0 0 1 0
TARGET 45548 1 0 0 1 0
TARGET 45549 1 1 0 2 0
TARGET 45550 1 0 0 1 0
TARGET 45551 1 0 0 0 0
TARGET 45552 1 0 0 1 0
TARGET 45553 1 0 0 1 0
TARGET 45554 1 0 0 1 0
TARGET 45555 1 1 0 2 0
TARGET 45556 1 0 0 1 0
TARGET 45557 1 1 0 2 0
TARGET 45558 1 0 0 1 0
TARGET 45559 1 0 0 1 0
TARGET 45560 1 1 0 2 0
TARGET 45561 1 0 0 1 0
TARGET 45562 1 0 0 0 0
TARGET 45563 1 0 0 1 0
TARGET 45564 1 0 0 1 0
TARGET 45565 1 1 0 2 0
TARGET 45566 1 0 0 1 0
TARGET 45567 1 1 0 2 0
TARGET 45568 1 0 0 1 0
TARGET 45569 1 0 0 1 0
TARGET 45570 1 1 0 2 0
TARGET 45571 1 0 0 1 0
TARGET 45572 1 0 0 0 0
TARGET 45573 1 0 0 1 0
TARGET 45574 1 1 0 2 0
TARGET 45575 1 0 0 1 0
TARGET 45576 1 1 0 2 0
TARGET 45577 1 0 0 1 0
TARGET 45578 1 0 0 1 0
TARGET 45579 1 1 0 2 0
TARGET 45580 1 0 0 1 0
TARGET 45581 1 0 0 0 0
TARGET 45582 1 2 0 3 0
TARGET 45583 1 1 0 2 0
TARGET 45584 1 1 0 3 0
TARGET 45585 1 1 0 2 0
TARGET 45586 1 1 0 2 0
TARGET 45587 1 1 0 3 0
TARGET 45588 1 1 0 2 0
TARGET 45589 1 0 0 1 0
TARGET 45590 1 1 0 2 0
TARGET 45591 1 0 0 1 0
TARGET 45592 1 0 0 1 0
TARGET 45593 1 1 0 2 0
TARGET 45594 1 0 0 1 0
TARGET 45595 1 0 0 2 0
TARGET 45596 1 0 0 0 0
TARGET 45597 1 2 0 3 0
TARGET 45598 1 1 0 2 0
TARGET 45599 1 1 0 2 0
TARGET 45600 1 1 0 3 0
TARGET 45601 1 1 0 2 0
TARGET 45602 1 0 0 1 0
TARGET 45603 1 0 0 1 0
TARGET 45604 1 1 0 2 0
TARGET 45605 1 0 0 1 0
TARGET 45606 1 0 0 2 0
TARGET 45607 1 0 0 0 0
TARGET 45608 1 0 0 1 0
TARGET 45609 1 1 0 2 0
TARGET 45610 1 0 0 1 0
TARGET 45611 1 0 0 0 0
TARGET 45612 1 2 0 3 0
TARGET 45613 1 1 0 2 0
TARGET 45614 1 0 0 2 0
TARGET 45615 1 0 0 1 0
TARGET 45616 1 0 0 0 0
TARGET 45617 1 1 0 1 0
TARGET 45618 1 1 0 2 0
TARGET 45619 1 1 0 1 0
TARGET 45620 1 1 0 2 0
TARGET 45621 1 1 0 1 0
TARGET 45622 1 0 0 1 0
TARGET 45623 1 1 0 2 0
TARGET 45624 1 1 0 1 0
TARGET 45625 1 1 0 1 0
TARGET 45626 1 0 0 1 0
TARGET 45627 1 1 0 1 0
TARGET 45628 1 1 0 2 0
TARGET 45629 1 1 0 1 0
TARGET 45630 1 1 0 2 0
TARGET 45631 1 1 0 1 0
TARGET 45632 1 0 0 1 0
TARGET 45633 1 1 0 2 0
TARGET 45634 1 0 0 1 0
TARGET 45635 1 0 0 1 0
TARGET 45636 1 1 0 1 0
TARGET 45637 1 1 0 1 0
TARGET 45638 1 1 0 1 0
TARGET 45639 1 0 0 1 0
TARGET 45640 1 0 0 0 0
TARGET 45641 1 1 0 2 0
TARGET 45642 1 1 0 2 0
TARGET 45643 1 1 0 2 0
TARGET 45644 1 1 0 2 0
TARGET 45645 1 1 0 3 0
TARGET 45646 1 1 0 2 0
TARGET 45647 1 1 0 3 0
TARGET 45648 1 1 0 2 0
TARGET 45649 1 1 0 2 0
TARGET 45650 1 1 0 3 0
TARGET 45651 1 1 0 2 0
TARGET 45652 1 1 0 1 0
TARGET 45653 1 1 0 1 0
TARGET 45654 1 0 0 1 0
TARGET 45655 1 1 0 1 0
TARGET 45656 1 1 0 2 0
TARGET 45657 1 1 0 1 0
TARGET 45658 1 1 0 2 0
TARGET 45659 1 1 0 1 0
TARGET 45660 1 0 0 1 0
TARGET 45661 1 1 0 2 0
TARGET 45662 1 0 0 1 0
TARGET 45663 1 1 0 2 0
TARGET 45664 1 1 0 2 0
TARGET 45665 1 1 0 2 0
TARGET 45666 1 1 0 2 0
TARGET 45667 1 1 0 3 0
TARGET 45668 1 1 0 2 0
TARGET 45669 1 1 0 3 0
TARGET 45670 1 1 0 2 0
TARGET 45671 1 1 0 2 0
TARGET 45672 1 1 0 3 0
TARGET 45673 1 1 0 2 0
TARGET 45674 1 1 0 1 0
TARGET 45675 1 1 0 1 0
TARGET 45676 1 0 0 1 0
TARGET 45677 1 1 0 1 0
TARGET 45678 1 1 0 2 0
TARGET 45679 1 1 0 1 0
TARGET 45680 1 1 0 2 0
TARGET 45681 1 1 0 1 0
TARGET 45682 1 0 0 1 0
TARGET 45683 1 1 0 2 0
TARGET 45684 1 0 0 1 0
TARGET 45685 1 0 0 1 0
TARGET 45686 1 0 0 1 0
TARGET 45687 1 0 0 1 0
TARGET 45688 1 0 0 1 0
TARGET 45689 1 1 0 2 0
TARGET 45690 1 0 0 1 0
TARGET 45691 1 1 0 2 0
TARGET 45692 1 0 0 1 0
TARGET 45693 1 0 0 1 0
TARGET 45694 1 1 0 2 0
TARGET 45695 1 0 0 1 0
TARGET 45696 1 1 0 2 0
TARGET 45697 1 1 0 2 0
TARGET 45698 1 1 0 2 0
TARGET 45699 1 1 0 2 0
TARGET 45700 1 1 0 3 0
TARGET 45701 1 1 0 2 0
TARGET 45702 1 1 0 3 0
TARGET 45703 1 1 0 2 0
TARGET 45704 1 1 0 2 0
TARGET 45705 1 2 0 3 0
TARGET 45706 1 1 0 2 0
TARGET 45707 1 1 0 1 0
TARGET 45708 1 1 0 1 0
TARGET 45709 1 0 0 1 0
TARGET 45710 1 1 0 1 0
TARGET 45711 1 1 0 2 0
TARGET 45712 1 1 0 1 0
TARGET 45713 1 1 0 2 0
TARGET 45714 1 1 0 1 0
TARGET 45715 1 0 0 1 0
TARGET 45716 1 1 0 2 0
TARGET 45717 1 0 0 1 0
TARGET 45718 1 0 0 0 0
TARGET 45719 1 1 0 1 0
TARGET 45720 1 0 0 1 0
TARGET 45721 1 1 0 1 0
TARGET 45722 1 1 0 2 0
TARGET 45723 1 1 0 1 0
TARGET 45724 1 1 0 2 0
TARGET 45725 1 1 0 1 0
TARGET 45726 1 0 0 1 0
TARGET 45727 1 1 0 2 0
TARGET 45728 1 0 0 1 0
TARGET 45729 1 0 0 0 0
TARGET 45730 1 0 0 1 0
TARGET 45731 1 0 0 1 0
TARGET 45732 1 1 0 2 0
TARGET 45733 1 0 0 1 0
TARGET 45734 1 1 0 2 0
TARGET 45735 1 0 0 1 0
TARGET 45736 1 0 0 1 0
TARGET 45737 1 1 0 2 0
TARGET 45738 1 0 0 1 0
TARGET 45739 1 0 0 0 0
TARGET 45740 1 1 0 1 0
TARGET 45741 1 1 0 2 0
TARGET 45742 1 1 0 1 0
TARGET 45743 1 1 0 2 0
TARGET 45744 1 1 0 1 0
TARGET 45745 1 0 0 1 0
TARGET 45746 1 1 0 2 0
TARGET 45747 1 0 0 1 0
TARGET 45748 1 0 0 0 0
TARGET 45749 1 1 0 3 0
TARGET 45750 1 1 0 2 0
TARGET 45751 1 1 0 3 0
TARGET 45752 1 1 0 2 0
TARGET 45753 1 1 0 2 0
TARGET 45754 1 1 0 3 0
TARGET 45755 1 1 0 2 0
TARGET 45756 1 1 0 1 0
TARGET 45757 1 1 0 2 0
TARGET 45758 1 1 0 1 0
TARGET 45759 1 0 0 1 0
TARGET 45760 1 1 0 2 0
TARGET 45761 1 0 0 1 0
TARGET 45762 1 0 0 2 0
TARGET 45763 1 0 0 0 0
TARGET 45764 1 1 0 3 0
TARGET 45765 1 1 0 2 0
TARGET 45766 1 1 0 2 0
TARGET 45767 1 1 0 3 0
TARGET 45768 1 1 0 2 0
TARGET 45769 1 1 0 1 0
TARGET 45770 1 0 0 1 0
TARGET 45771 1 1 0 2 0
TARGET 45772 1 0 0 1 0
TARGET 45773 1 0 0 2 0
TARGET 45774 1 0 0 0 0
TARGET 45775 1 0 0 1 0
TARGET 45776 1 1 0 2 0
TARGET 45777 1 0 0 1 0
TARGET 45778 1 0 0 0 0
TARGET 45779 1 2 0 3 0
TARGET 45780 1 1 0 2 0
TARGET 45781 1 0 0 2 0
TARGET 45782 1 0 0 1 0
TARGET 45783 1 0 0 0 0
TARGET 45784 1 0 0 1 0
TARGET 45785 1 1 0 1 0
TARGET 45786 1 1 0 1 0
TARGET 45787 1 1 0 1 0
TARGET 45788 1 0 0 1 0
TARGET 45789 1 0 0 1 0
TARGET 45790 1 0 0 1 0
TARGET 45791 1 0 0 1 0
TARGET 45792 1 1 0 2 0
TARGET 45793 1 0 0 1 0
TARGET 45794 1 1 0 2 0
TARGET 45795 1 0 0 1 0
TARGET 45796 1 0 0 1 0
TARGET 45797 1 1 0 2 0
TARGET 45798 1 0 0 1 0
TARGET 45799 1 1 0 1 0
TARGET 45800 1 0 0 1 0
TARGET 45801 1 1 0 1 0
TARGET 45802 1 1 0 2 0
TARGET 45803 1 1 0 1 0
TARGET 45804 1 1 0 2 0
TARGET 45805 1 1 0 1 0
TARGET 45806 1 0 0 1 0
TARGET 45807 1 1 0 2 0
TARGET 45808 1 0 0 1 0
TARGET 45809 1 1 0 1 0
TARGET 45810 1 1 0 1 0
TARGET 45811 1 0 0 1 0
TARGET 45812 1 0 0 1 0
TARGET 45813 1 1 0 1 0
TARGET 45814 1 1 0 2 0
TARGET 45815 1 1 0 1 0
TARGET 45816 1 1 0 2 0
TARGET 45817 1 1 0 1 0
TARGET 45818 1 0 0 1 0
TARGET 45819 1 1 0 2 0
TARGET 45820 1 0 0 1 0
TARGET 45821 1 0 0 1 0
TARGET 45822 1 1 0 1 0
TARGET 45823 1 1 0 2 0
TARGET 45824 1 1 0 1 0
TARGET 45825 1 1 0 2 0
TARGET 45826 1 1 0 1 0
TARGET 45827 1 0 0 1 0
TARGET 45828 1 1 0 2 0
TARGET 45829 1 0 0 1 0
TARGET 45830 1 0 0 1 0
TARGET 45831 1 0 0 1 0
TARGET 45832 1 1 0 2 0
TARGET 45833 1 0 0 1 0
TARGET 45834 1 1 0 2 0
TARGET 45835 1 0 0 1 0
TARGET 45836 1 0 0 1 0
TARGET 45837 1 1 0 2 0
TARGET 45838 1 0 0 1 0
TARGET 45839 1 1 0 1 0
TARGET 45840 1 0 0 0 0
TARGET 45841 1 1 0 1 0
TARGET 45842 1 0 0 0 0
TARGET 45843 1 0 0 0 0
TARGET 45844 1 1 0 1 0
TARGET 45845 1 0 0 0 0
TARGET 45846 1 0 0 0 0
TARGET 45847 1 0 0 0 0
TARGET 45848 1 0 0 0 0
TARGET 45849 1 0 0 0 0
TARGET 45850 1 1 0 2 0
TARGET 45851 1 1 0 2 0
TARGET 45852 1 1 0 2 0
TARGET 45853 1 1 0 2 0
TARGET 45854 1 1 0 3 0
TARGET 45855 1 1 0 2 0
TARGET 45856 1 1 0 3 0
TARGET 45857 1 1 0 2 0
TARGET 45858 1 1 0 2 0
TARGET 45859 1 1 0 3 0
TARGET 45860 1 1 0 2 0
TARGET 45861 1 1 0 1 0
TARGET 45862 1 1 0 2 0
TARGET 45863 1 1 0 2 0
TARGET 45864 1 1 0 2 0
TARGET 45865 1 2 0 3 0
TARGET 45866 1 1 0 2 0
TARGET 45867 1 1 0 3 0
TARGET 45868 1 1 0 2 0
TARGET 45869 1 1 0 2 0
TARGET 45870 1 1 0 3 0
TARGET 45871 1 1 0 2 0
TARGET 45872 1 1 0 1 0
TARGET 45873 1 1 0 2 0
TARGET 45874 1 1 0 2 0
TARGET 45875 1 2 0 3 0
TARGET 45876 1 1 0 2 0
TARGET 45877 1 1 0 3 0
TARGET 45878 1 1 0 2 0
TARGET 45879 1 1 0 2 0
TARGET 45880 1 1 0 3 0
TARGET 45881 1 1 0 2 0
TARGET 45882 1 1 0 1 0
TARGET 45883 1 1 0 2 0
TARGET 45884 1 1 0 3 0
TARGET 45885 1 1 0 2 0
TARGET 45886 1 1 0 3 0
TARGET 45887 1 1 0 2 0
TARGET 45888 1 1 0 2 0
TARGET 45889 1 1 0 3 0
TARGET 45890 1 1 0 2 0
TARGET 45891 1 1 0 1 0
TARGET 45892 1 3 0 4 0
TARGET 45893 1 2 0 3 0
TARGET 45894 1 1 0 4 0
TARGET 45895 1 1 0 3 0
TARGET 45896 1 2 0 3 0
TARGET 45897 1 1 0 4 0
TARGET 45898 1 2 0 3 0
TARGET 45899 1 1 0 2 0
TARGET 45900 1 1 0 3 0
TARGET 45901 1 1 0 2 0
TARGET 45902 1 1 0 2 0
TARGET 45903 1 1 0 3 0
TARGET 45904 1 1 0 2 0
TARGET 45905 1 1 0 3 0
TARGET 45906 1 1 0 1 0
TARGET 45907 1 1 0 4 0
TARGET 45908 1 1 0 3 0
TARGET 45909 1 1 0 3 0
TARGET 45910 1 1 0 4 0
TARGET 45911 1 1 0 3 0
TARGET 45912 1 1 0 2 0
TARGET 45913 1 1 0 2 0
TARGET 45914 1 1 0 3 0
TARGET 45915 1 1 0 2 0
TARGET 45916 1 1 0 3 0
TARGET 45917 1 1 0 1 0
TARGET 45918 1 1 0 2 0
TARGET 45919 1 1 0 3 0
TARGET 45920 1 1 0 2 0
TARGET 45921 1 1 0 1 0
TARGET 45922 1 1 0 4 0
TARGET 45923 1 1 0 3 0
TARGET 45924 1 1 0 3 0
TARGET 45925 1 1 0 2 0
TARGET 45926 1 1 0 1 0
TARGET 45927 1 1 0 1 0
TARGET 45928 1 1 0 1 0
TARGET 45929 1 0 0 1 0
TARGET 45930 1 1 0 1 0
TARGET 45931 1 1 0 2 0
TARGET 45932 1 1 0 1 0
TARGET 45933 1 1 0 2 0
TARGET 45934 1 1 0 1 0
TARGET 45935 1 0 0 1 0
TARGET 45936 1 1 0 2 0
TARGET 45937 1 0 0 1 0
TARGET 45938 1 0 0 0 0
TARGET 45939 1 1 0 1 0
TARGET 45940 1 0 0 1 0
TARGET 45941 1 1 0 1 0
TARGET 45942 1 1 0 2 0
TARGET 45943 1 1 0 1 0
TARGET 45944 1 1 0 2 0
TARGET 45945 1 1 0 1 0
TARGET 45946 1 0 0 1 0
TARGET 45947 1 1 0 2 0
TARGET 45948 1 0 0 1 0
TARGET 45949 1 0 0 0 0
TARGET 45950 1 0 0 1 0
TARGET 45951 1 0 0 1 0
TARGET 45952 1 1 0 2 0
TARGET 45953 1 0 0 1 0
TARGET 45954 1 1 0 2 0
TARGET 45955 1 0 0 1 0
TARGET 45956 1 0 0 1 0
TARGET 45957 1 1 0 2 0
TARGET 45958 1 0 0 1 0
TARGET 45959 1 0 0 0 0
TARGET 45960 1 1 0 1 0
TARGET 45961 1 1 0 2 0
TARGET 45962 1 1 0 1 0
TARGET 45963 1 1 0 2 0
TARGET 45964 1 1 0 1 0
TARGET 45965 1 0 0 1 0
TARGET 45966 1 1 0 2 0
TARGET 45967 1 0 0 1 0
TARGET 45968 1 0 0 0 0
TARGET 45969 1 2 0 3 0
TARGET 45970 1 1 0 2 0
TARGET 45971 1 1 0 3 0
TARGET 45972 1 1 0 2 0
TARGET 45973 1 1 0 2 0
TARGET 45974 1 1 0 3 0
TARGET 45975 1 1 0 2 0
TARGET 45976 1 1 0 1 0
TARGET 45977 1 1 0 2 0
TARGET 45978 1 1 0 1 0
TARGET 45979 1 0 0 1 0
TARGET 45980 1 1 0 2 0
TARGET 45981 1 0 0 1 0
TARGET 45982 1 0 0 2 0
TARGET 45983 1 0 0 0 0
TARGET 45984 1 1 0 3 0
TARGET 45985 1 1 0 2 0
TARGET 45986 1 1 0 2 0
TARGET 45987 1 1 0 3 0
TARGET 45988 1 1 0 2 0
TARGET 45989 1 1 0 1 0
TARGET 45990 1 0 0 1 0
TARGET 45991 1 1 0 2 0
TARGET 45992 1 0 0 1 0
TARGET 45993 1 0 0 2 0
TARGET 45994 1 0 0 0 0
TARGET 45995 1 0 0 1 0
TARGET 45996 1 1 0 2 0
TARGET 45997 1 0 0 1 0
TARGET 45998 1 0 0 0 0
TARGET 45999 1 1 0 3 0
TARGET 46000 1 1 0 2 0
PASS_1962_MONOMIAL_INTERVAL 45001 46000 1000 0
