TARGET 48001 1 0 0 1 0
TARGET 48002 1 1 0 2 0
TARGET 48003 1 0 0 1 0
TARGET 48004 1 0 0 0 0
TARGET 48005 1 0 0 1 0
TARGET 48006 1 1 0 2 0
TARGET 48007 1 0 0 1 0
TARGET 48008 1 0 0 1 0
TARGET 48009 1 1 0 2 0
TARGET 48010 1 0 0 1 0
TARGET 48011 1 1 0 2 0
TARGET 48012 1 0 0 1 0
TARGET 48013 1 0 0 0 0
TARGET 48014 1 2 0 3 0
TARGET 48015 1 1 0 2 0
TARGET 48016 1 1 0 2 0
TARGET 48017 1 1 0 3 0
TARGET 48018 1 1 0 2 0
TARGET 48019 1 1 0 3 0
TARGET 48020 1 1 0 2 0
TARGET 48021 1 1 0 1 0
TARGET 48022 1 1 0 1 0
TARGET 48023 1 1 0 2 0
TARGET 48024 1 0 0 1 0
TARGET 48025 1 1 0 2 0
TARGET 48026 1 0 0 1 0
TARGET 48027 1 0 0 2 0
TARGET 48028 1 0 0 0 0
TARGET 48029 1 1 0 1 0
TARGET 48030 1 1 0 2 0
TARGET 48031 1 0 0 1 0
TARGET 48032 1 1 0 2 0
TARGET 48033 1 0 0 1 0
TARGET 48034 1 0 0 0 0
TARGET 48035 1 1 0 3 0
TARGET 48036 1 1 0 2 0
TARGET 48037 1 1 0 3 0
TARGET 48038 1 1 0 2 0
TARGET 48039 1 0 0 2 0
TARGET 48040 1 0 0 1 0
TARGET 48041 1 1 0 2 0
TARGET 48042 1 0 0 1 0
TARGET 48043 1 0 0 0 0
TARGET 48044 1 1 0 3 0
TARGET 48045 1 1 0 2 0
TARGET 48046 1 0 0 2 0
TARGET 48047 1 0 0 1 0
TARGET 48048 1 0 0 0 0
PASS_1962_MONOMIAL_INTERVAL 48001 48048 48 0
