TARGET 10001 1 0 0 1 0
TARGET 10002 1 0 0 1 0
TARGET 10003 1 0 0 1 0
TARGET 10004 1 0 0 1 0
TARGET 10005 1 0 0 0 0
TARGET 10006 1 0 0 1 0
TARGET 10007 1 0 0 1 0
TARGET 10008 1 0 0 1 0
TARGET 10009 1 0 0 1 0
TARGET 10010 1 0 0 1 0
TARGET 10011 1 0 0 1 0
TARGET 10012 1 0 0 1 0
TARGET 10013 1 0 0 1 0
TARGET 10014 1 0 0 1 0
TARGET 10015 1 0 0 1 0
TARGET 10016 1 0 0 1 0
TARGET 10017 1 0 0 1 0
TARGET 10018 1 0 0 1 0
TARGET 10019 1 0 0 1 0
TARGET 10020 1 0 0 1 0
TARGET 10021 1 0 0 1 0
TARGET 10022 1 0 0 0 0
TARGET 10023 1 1 0 1 0
TARGET 10024 1 1 0 1 0
TARGET 10025 1 1 0 1 0
TARGET 10026 1 0 0 1 0
TARGET 10027 1 0 0 1 0
TARGET 10028 1 1 0 1 0
TARGET 10029 1 1 0 1 0
TARGET 10030 1 0 0 1 0
TARGET 10031 1 0 0 1 0
TARGET 10032 1 0 0 1 0
TARGET 10033 1 0 0 1 0
TARGET 10034 1 0 0 1 0
TARGET 10035 1 0 0 1 0
TARGET 10036 1 0 0 1 0
TARGET 10037 1 0 0 1 0
TARGET 10038 1 0 0 1 0
TARGET 10039 1 0 0 1 0
TARGET 10040 1 0 0 1 0
TARGET 10041 1 0 0 1 0
TARGET 10042 1 0 0 1 0
TARGET 10043 1 0 0 1 0
TARGET 10044 1 1 0 1 0
TARGET 10045 1 1 0 1 0
TARGET 10046 1 1 0 1 0
TARGET 10047 1 1 0 1 0
TARGET 10048 1 0 0 1 0
TARGET 10049 1 0 0 1 0
TARGET 10050 1 1 0 1 0
TARGET 10051 1 1 0 1 0
TARGET 10052 1 1 0 1 0
TARGET 10053 1 0 0 1 0
TARGET 10054 1 0 0 1 0
TARGET 10055 1 1 0 1 0
TARGET 10056 1 1 0 1 0
TARGET 10057 1 0 0 1 0
TARGET 10058 1 0 0 1 0
TARGET 10059 1 1 0 1 0
TARGET 10060 1 0 0 1 0
TARGET 10061 1 0 0 1 0
TARGET 10062 1 1 0 1 0
TARGET 10063 1 1 0 1 0
TARGET 10064 1 1 0 1 0
TARGET 10065 1 0 0 1 0
TARGET 10066 1 0 0 1 0
TARGET 10067 1 0 0 1 0
TARGET 10068 1 0 0 1 0
TARGET 10069 1 0 0 1 0
TARGET 10070 1 0 0 1 0
TARGET 10071 1 0 0 1 0
TARGET 10072 1 0 0 1 0
TARGET 10073 1 1 0 1 0
TARGET 10074 1 0 0 1 0
TARGET 10075 1 0 0 1 0
TARGET 10076 1 1 0 1 0
TARGET 10077 1 0 0 1 0
TARGET 10078 1 0 0 1 0
TARGET 10079 1 1 0 1 0
TARGET 10080 1 1 0 1 0
TARGET 10081 1 1 0 1 0
TARGET 10082 1 0 0 1 0
TARGET 10083 1 0 0 1 0
TARGET 10084 1 1 0 1 0
TARGET 10085 1 1 0 1 0
TARGET 10086 1 0 0 0 0
TARGET 10087 1 1 0 1 0
TARGET 10088 1 1 0 1 0
TARGET 10089 1 0 0 1 0
TARGET 10090 1 0 0 1 0
TARGET 10091 1 1 0 1 0
TARGET 10092 1 1 0 1 0
TARGET 10093 1 0 0 0 0
TARGET 10094 1 1 0 1 0
TARGET 10095 1 0 0 1 0
TARGET 10096 1 0 0 1 0
TARGET 10097 1 1 0 1 0
TARGET 10098 1 1 0 1 0
TARGET 10099 1 0 0 0 0
TARGET 10100 1 0 0 1 0
TARGET 10101 1 0 0 1 0
TARGET 10102 1 0 0 1 0
TARGET 10103 1 0 0 1 0
TARGET 10104 1 0 0 0 0
TARGET 10105 1 0 0 1 0
TARGET 10106 1 0 0 1 0
TARGET 10107 1 0 0 1 0
TARGET 10108 1 0 0 0 0
TARGET 10109 1 1 0 1 0
TARGET 10110 1 1 0 1 0
TARGET 10111 1 0 0 0 0
TARGET 10112 1 1 0 1 0
TARGET 10113 1 0 0 0 0
TARGET 10114 1 0 0 0 0
TARGET 10115 1 0 0 0 0
TARGET 10116 1 0 0 0 0
TARGET 10117 1 0 0 0 0
TARGET 10118 1 0 0 0 0
TARGET 10119 1 0 0 0 0
TARGET 10120 1 0 0 0 0
TARGET 10121 1 0 0 0 0
TARGET 10122 1 0 0 0 0
TARGET 10123 1 0 0 1 0
TARGET 10124 1 0 0 1 0
TARGET 10125 1 0 0 1 0
TARGET 10126 1 0 0 1 0
TARGET 10127 1 0 0 1 0
TARGET 10128 1 0 0 1 0
TARGET 10129 1 0 0 1 0
TARGET 10130 1 0 0 1 0
TARGET 10131 1 0 0 1 0
TARGET 10132 1 0 0 0 0
TARGET 10133 1 0 0 1 0
TARGET 10134 1 0 0 1 0
TARGET 10135 1 0 0 1 0
TARGET 10136 1 0 0 1 0
TARGET 10137 1 0 0 1 0
TARGET 10138 1 0 0 1 0
TARGET 10139 1 0 0 1 0
TARGET 10140 1 0 0 1 0
TARGET 10141 1 0 0 0 0
TARGET 10142 1 1 0 1 0
TARGET 10143 1 1 0 1 0
TARGET 10144 1 1 0 1 0
TARGET 10145 1 0 0 1 0
TARGET 10146 1 0 0 1 0
TARGET 10147 1 1 0 1 0
TARGET 10148 1 1 0 1 0
TARGET 10149 1 0 0 0 0
TARGET 10150 1 1 0 1 0
TARGET 10151 1 1 0 1 0
TARGET 10152 1 0 0 1 0
TARGET 10153 1 0 0 1 0
TARGET 10154 1 1 0 1 0
TARGET 10155 1 1 0 1 0
TARGET 10156 1 0 0 0 0
TARGET 10157 1 1 0 1 0
TARGET 10158 1 0 0 1 0
TARGET 10159 1 0 0 1 0
TARGET 10160 1 1 0 1 0
TARGET 10161 1 1 0 1 0
TARGET 10162 1 0 0 0 0
TARGET 10163 1 0 0 1 0
TARGET 10164 1 0 0 1 0
TARGET 10165 1 0 0 1 0
TARGET 10166 1 0 0 1 0
TARGET 10167 1 0 0 0 0
TARGET 10168 1 0 0 1 0
TARGET 10169 1 0 0 1 0
TARGET 10170 1 0 0 1 0
TARGET 10171 1 0 0 0 0
TARGET 10172 1 1 0 1 0
TARGET 10173 1 1 0 1 0
TARGET 10174 1 0 0 0 0
TARGET 10175 1 1 0 1 0
TARGET 10176 1 0 0 0 0
TARGET 10177 1 0 0 1 0
TARGET 10178 1 0 0 1 0
TARGET 10179 1 0 0 1 0
TARGET 10180 1 0 0 1 0
TARGET 10181 1 0 0 1 0
TARGET 10182 1 0 0 1 0
TARGET 10183 1 0 0 1 0
TARGET 10184 1 0 0 1 0
TARGET 10185 1 0 0 1 0
TARGET 10186 1 0 0 1 0
TARGET 10187 1 0 0 1 0
TARGET 10188 1 0 0 1 0
TARGET 10189 1 0 0 1 0
TARGET 10190 1 0 0 1 0
TARGET 10191 1 0 0 1 0
TARGET 10192 1 0 0 1 0
TARGET 10193 1 0 0 1 0
TARGET 10194 1 0 0 1 0
TARGET 10195 1 0 0 1 0
TARGET 10196 1 0 0 1 0
TARGET 10197 1 0 0 1 0
TARGET 10198 1 0 0 1 0
TARGET 10199 1 0 0 1 0
TARGET 10200 1 0 0 1 0
TARGET 10201 1 0 0 1 0
TARGET 10202 1 0 0 1 0
TARGET 10203 1 0 0 1 0
TARGET 10204 1 0 0 1 0
TARGET 10205 1 0 0 1 0
TARGET 10206 1 0 0 1 0
TARGET 10207 1 0 0 1 0
TARGET 10208 1 0 0 1 0
TARGET 10209 1 0 0 1 0
TARGET 10210 1 0 0 1 0
TARGET 10211 1 0 0 1 0
TARGET 10212 1 0 0 1 0
TARGET 10213 1 0 0 1 0
TARGET 10214 1 0 0 1 0
TARGET 10215 1 0 0 1 0
TARGET 10216 1 0 0 1 0
TARGET 10217 1 0 0 1 0
TARGET 10218 1 0 0 1 0
TARGET 10219 1 0 0 1 0
TARGET 10220 1 0 0 1 0
TARGET 10221 1 0 0 1 0
TARGET 10222 1 0 0 1 0
TARGET 10223 1 0 0 1 0
TARGET 10224 1 0 0 1 0
TARGET 10225 1 0 0 1 0
TARGET 10226 1 0 0 1 0
TARGET 10227 1 0 0 1 0
TARGET 10228 1 0 0 1 0
TARGET 10229 1 0 0 1 0
TARGET 10230 1 0 0 1 0
TARGET 10231 1 0 0 1 0
TARGET 10232 1 0 0 1 0
TARGET 10233 1 0 0 1 0
TARGET 10234 1 0 0 1 0
TARGET 10235 1 0 0 1 0
TARGET 10236 1 0 0 1 0
TARGET 10237 1 0 0 1 0
TARGET 10238 1 0 0 1 0
TARGET 10239 1 0 0 1 0
TARGET 10240 1 0 0 1 0
TARGET 10241 1 0 0 1 0
TARGET 10242 1 0 0 1 0
TARGET 10243 1 0 0 1 0
TARGET 10244 1 0 0 1 0
TARGET 10245 1 0 0 1 0
TARGET 10246 1 0 0 1 0
TARGET 10247 1 0 0 1 0
TARGET 10248 1 0 0 1 0
TARGET 10249 1 0 0 0 0
TARGET 10250 1 0 0 0 0
TARGET 10251 1 0 0 0 0
TARGET 10252 1 0 0 0 0
TARGET 10253 1 0 0 0 0
TARGET 10254 1 0 0 0 0
TARGET 10255 1 0 0 0 0
TARGET 10256 1 0 0 0 0
TARGET 10257 1 0 0 1 0
TARGET 10258 1 0 0 1 0
TARGET 10259 1 0 0 1 0
TARGET 10260 1 0 0 1 0
TARGET 10261 1 0 0 1 0
TARGET 10262 1 0 0 1 0
TARGET 10263 1 0 0 1 0
TARGET 10264 1 0 0 1 0
TARGET 10265 1 0 0 1 0
TARGET 10266 1 0 0 1 0
TARGET 10267 1 0 0 1 0
TARGET 10268 1 0 0 1 0
TARGET 10269 1 0 0 1 0
TARGET 10270 1 0 0 1 0
TARGET 10271 1 0 0 1 0
TARGET 10272 1 0 0 1 0
TARGET 10273 1 0 0 1 0
TARGET 10274 1 0 0 1 0
TARGET 10275 1 0 0 1 0
TARGET 10276 1 0 0 1 0
TARGET 10277 1 0 0 1 0
TARGET 10278 1 0 0 1 0
TARGET 10279 1 0 0 1 0
TARGET 10280 1 0 0 1 0
TARGET 10281 1 0 0 1 0
TARGET 10282 1 0 0 1 0
TARGET 10283 1 0 0 1 0
TARGET 10284 1 0 0 1 0
TARGET 10285 1 0 0 1 0
TARGET 10286 1 0 0 1 0
TARGET 10287 1 0 0 1 0
TARGET 10288 1 0 0 1 0
TARGET 10289 1 0 0 1 0
TARGET 10290 1 0 0 1 0
TARGET 10291 1 0 0 1 0
TARGET 10292 1 0 0 1 0
TARGET 10293 1 0 0 1 0
TARGET 10294 1 0 0 1 0
TARGET 10295 1 0 0 1 0
TARGET 10296 1 0 0 1 0
TARGET 10297 1 0 0 1 0
TARGET 10298 1 0 0 1 0
TARGET 10299 1 0 0 1 0
TARGET 10300 1 0 0 1 0
TARGET 10301 1 0 0 1 0
TARGET 10302 1 0 0 1 0
TARGET 10303 1 0 0 1 0
TARGET 10304 1 0 0 1 0
TARGET 10305 1 0 0 1 0
TARGET 10306 1 0 0 1 0
TARGET 10307 1 0 0 1 0
TARGET 10308 1 0 0 1 0
TARGET 10309 1 0 0 1 0
TARGET 10310 1 0 0 1 0
TARGET 10311 1 0 0 1 0
TARGET 10312 1 0 0 1 0
TARGET 10313 1 0 0 1 0
TARGET 10314 1 0 0 1 0
TARGET 10315 1 0 0 1 0
TARGET 10316 1 0 0 1 0
TARGET 10317 1 0 0 1 0
TARGET 10318 1 0 0 1 0
TARGET 10319 1 0 0 1 0
TARGET 10320 1 0 0 1 0
TARGET 10321 1 0 0 0 0
TARGET 10322 1 0 0 0 0
TARGET 10323 1 0 0 0 0
TARGET 10324 1 0 0 0 0
TARGET 10325 1 0 0 0 0
TARGET 10326 1 0 0 0 0
TARGET 10327 1 0 0 0 0
TARGET 10328 1 0 0 0 0
TARGET 10329 1 1 0 1 0
TARGET 10330 1 1 0 1 0
TARGET 10331 1 1 0 1 0
TARGET 10332 1 0 0 1 0
TARGET 10333 1 0 0 1 0
TARGET 10334 1 1 0 1 0
TARGET 10335 1 1 0 1 0
TARGET 10336 1 0 0 0 0
TARGET 10337 1 1 0 1 0
TARGET 10338 1 1 0 1 0
TARGET 10339 1 0 0 1 0
TARGET 10340 1 0 0 1 0
TARGET 10341 1 1 0 1 0
TARGET 10342 1 1 0 1 0
TARGET 10343 1 0 0 0 0
TARGET 10344 1 1 0 1 0
TARGET 10345 1 0 0 1 0
TARGET 10346 1 0 0 1 0
TARGET 10347 1 1 0 1 0
TARGET 10348 1 1 0 1 0
TARGET 10349 1 0 0 0 0
TARGET 10350 1 0 0 1 0
TARGET 10351 1 0 0 1 0
TARGET 10352 1 0 0 1 0
TARGET 10353 1 0 0 1 0
TARGET 10354 1 0 0 0 0
TARGET 10355 1 0 0 1 0
TARGET 10356 1 0 0 1 0
TARGET 10357 1 0 0 1 0
TARGET 10358 1 0 0 0 0
TARGET 10359 1 1 0 1 0
TARGET 10360 1 1 0 1 0
TARGET 10361 1 0 0 0 0
TARGET 10362 1 1 0 1 0
TARGET 10363 1 0 0 0 0
TARGET 10364 1 0 0 1 0
TARGET 10365 1 0 0 1 0
TARGET 10366 1 0 0 1 0
TARGET 10367 1 0 0 1 0
TARGET 10368 1 0 0 1 0
TARGET 10369 1 0 0 1 0
TARGET 10370 1 0 0 1 0
TARGET 10371 1 0 0 0 0
TARGET 10372 1 0 0 1 0
TARGET 10373 1 0 0 1 0
TARGET 10374 1 0 0 1 0
TARGET 10375 1 0 0 1 0
TARGET 10376 1 0 0 1 0
TARGET 10377 1 0 0 1 0
TARGET 10378 1 0 0 0 0
TARGET 10379 1 0 0 1 0
TARGET 10380 1 0 0 1 0
TARGET 10381 1 0 0 1 0
TARGET 10382 1 0 0 1 0
TARGET 10383 1 0 0 1 0
TARGET 10384 1 0 0 0 0
TARGET 10385 1 0 0 1 0
TARGET 10386 1 0 0 1 0
TARGET 10387 1 0 0 1 0
TARGET 10388 1 0 0 1 0
TARGET 10389 1 0 0 0 0
TARGET 10390 1 0 0 1 0
TARGET 10391 1 0 0 1 0
TARGET 10392 1 0 0 1 0
TARGET 10393 1 0 0 0 0
TARGET 10394 1 0 0 1 0
TARGET 10395 1 0 0 1 0
TARGET 10396 1 0 0 0 0
TARGET 10397 1 0 0 1 0
TARGET 10398 1 0 0 0 0
TARGET 10399 1 0 0 1 0
TARGET 10400 1 0 0 1 0
TARGET 10401 1 0 0 1 0
TARGET 10402 1 0 0 1 0
TARGET 10403 1 0 0 1 0
TARGET 10404 1 0 0 1 0
TARGET 10405 1 0 0 1 0
TARGET 10406 1 0 0 0 0
TARGET 10407 1 0 0 1 0
TARGET 10408 1 0 0 1 0
TARGET 10409 1 0 0 1 0
TARGET 10410 1 0 0 1 0
TARGET 10411 1 0 0 1 0
TARGET 10412 1 0 0 1 0
TARGET 10413 1 0 0 0 0
TARGET 10414 1 0 0 1 0
TARGET 10415 1 0 0 1 0
TARGET 10416 1 0 0 1 0
TARGET 10417 1 0 0 1 0
TARGET 10418 1 0 0 1 0
TARGET 10419 1 0 0 0 0
TARGET 10420 1 0 0 1 0
TARGET 10421 1 0 0 1 0
TARGET 10422 1 0 0 1 0
TARGET 10423 1 0 0 1 0
TARGET 10424 1 0 0 0 0
TARGET 10425 1 0 0 1 0
TARGET 10426 1 0 0 1 0
TARGET 10427 1 0 0 1 0
TARGET 10428 1 0 0 0 0
TARGET 10429 1 0 0 1 0
TARGET 10430 1 0 0 1 0
TARGET 10431 1 0 0 0 0
TARGET 10432 1 0 0 1 0
TARGET 10433 1 0 0 0 0
TARGET 10434 1 1 0 1 0
TARGET 10435 1 1 0 1 0
TARGET 10436 1 1 0 1 0
TARGET 10437 1 1 0 1 0
TARGET 10438 1 0 0 1 0
TARGET 10439 1 0 0 1 0
TARGET 10440 1 1 0 1 0
TARGET 10441 1 1 0 1 0
TARGET 10442 1 1 0 1 0
TARGET 10443 1 0 0 1 0
TARGET 10444 1 0 0 1 0
TARGET 10445 1 0 0 0 0
TARGET 10446 1 1 0 1 0
TARGET 10447 1 1 0 1 0
TARGET 10448 1 1 0 1 0
TARGET 10449 1 0 0 1 0
TARGET 10450 1 0 0 1 0
TARGET 10451 1 1 0 1 0
TARGET 10452 1 1 0 1 0
TARGET 10453 1 1 0 1 0
TARGET 10454 1 0 0 1 0
TARGET 10455 1 0 0 1 0
TARGET 10456 1 0 0 0 0
TARGET 10457 1 1 0 1 0
TARGET 10458 1 1 0 1 0
TARGET 10459 1 0 0 1 0
TARGET 10460 1 0 0 1 0
TARGET 10461 1 0 0 1 0
TARGET 10462 1 0 0 1 0
TARGET 10463 1 1 0 1 0
TARGET 10464 1 1 0 1 0
TARGET 10465 1 1 0 1 0
TARGET 10466 1 1 0 1 0
TARGET 10467 1 1 0 1 0
TARGET 10468 1 0 0 1 0
TARGET 10469 1 0 0 1 0
TARGET 10470 1 0 0 0 0
TARGET 10471 1 0 0 1 0
TARGET 10472 1 0 0 1 0
TARGET 10473 1 0 0 1 0
TARGET 10474 1 0 0 1 0
TARGET 10475 1 0 0 1 0
TARGET 10476 1 0 0 1 0
TARGET 10477 1 0 0 1 0
TARGET 10478 1 0 0 0 0
TARGET 10479 1 0 0 1 0
TARGET 10480 1 0 0 1 0
TARGET 10481 1 0 0 1 0
TARGET 10482 1 0 0 1 0
TARGET 10483 1 0 0 1 0
TARGET 10484 1 0 0 1 0
TARGET 10485 1 0 0 0 0
TARGET 10486 1 1 0 1 0
TARGET 10487 1 1 0 1 0
TARGET 10488 1 1 0 1 0
TARGET 10489 1 0 0 1 0
TARGET 10490 1 0 0 1 0
TARGET 10491 1 0 0 0 0
TARGET 10492 1 1 0 1 0
TARGET 10493 1 1 0 1 0
TARGET 10494 1 0 0 1 0
TARGET 10495 1 0 0 1 0
TARGET 10496 1 0 0 0 0
TARGET 10497 1 0 0 0 0
TARGET 10498 1 0 0 0 0
TARGET 10499 1 0 0 0 0
TARGET 10500 1 0 0 0 0
TARGET 10501 1 1 0 1 0
TARGET 10502 1 1 0 1 0
TARGET 10503 1 0 0 1 0
TARGET 10504 1 0 0 1 0
TARGET 10505 1 1 0 1 0
TARGET 10506 1 0 0 1 0
TARGET 10507 1 0 0 1 0
TARGET 10508 1 1 0 1 0
TARGET 10509 1 1 0 1 0
TARGET 10510 1 1 0 1 0
TARGET 10511 1 0 0 1 0
TARGET 10512 1 0 0 1 0
TARGET 10513 1 0 0 1 0
TARGET 10514 1 0 0 1 0
TARGET 10515 1 0 0 1 0
TARGET 10516 1 0 0 1 0
TARGET 10517 1 0 0 1 0
TARGET 10518 1 0 0 1 0
TARGET 10519 1 1 0 1 0
TARGET 10520 1 0 0 1 0
TARGET 10521 1 0 0 1 0
TARGET 10522 1 1 0 1 0
TARGET 10523 1 0 0 1 0
TARGET 10524 1 0 0 1 0
TARGET 10525 1 0 0 0 0
TARGET 10526 1 0 0 0 0
TARGET 10527 1 0 0 0 0
TARGET 10528 1 0 0 0 0
TARGET 10529 1 1 0 1 0
TARGET 10530 1 0 0 1 0
TARGET 10531 1 0 0 1 0
TARGET 10532 1 1 0 1 0
TARGET 10533 1 1 0 1 0
TARGET 10534 1 1 0 1 0
TARGET 10535 1 0 0 1 0
TARGET 10536 1 0 0 1 0
TARGET 10537 1 0 0 0 0
TARGET 10538 1 0 0 1 0
TARGET 10539 1 0 0 1 0
TARGET 10540 1 0 0 1 0
TARGET 10541 1 0 0 1 0
TARGET 10542 1 0 0 1 0
TARGET 10543 1 0 0 1 0
TARGET 10544 1 0 0 1 0
TARGET 10545 1 0 0 0 0
TARGET 10546 1 0 0 1 0
TARGET 10547 1 0 0 1 0
TARGET 10548 1 0 0 1 0
TARGET 10549 1 0 0 1 0
TARGET 10550 1 0 0 1 0
TARGET 10551 1 0 0 1 0
TARGET 10552 1 0 0 0 0
TARGET 10553 1 1 0 1 0
TARGET 10554 1 1 0 1 0
TARGET 10555 1 1 0 1 0
TARGET 10556 1 0 0 1 0
TARGET 10557 1 0 0 1 0
TARGET 10558 1 0 0 0 0
TARGET 10559 1 1 0 1 0
TARGET 10560 1 1 0 1 0
TARGET 10561 1 0 0 1 0
TARGET 10562 1 0 0 1 0
TARGET 10563 1 0 0 0 0
TARGET 10564 1 0 0 0 0
TARGET 10565 1 0 0 0 0
TARGET 10566 1 0 0 0 0
TARGET 10567 1 0 0 1 0
TARGET 10568 1 0 0 1 0
TARGET 10569 1 0 0 1 0
TARGET 10570 1 0 0 1 0
TARGET 10571 1 0 0 1 0
TARGET 10572 1 0 0 1 0
TARGET 10573 1 0 0 1 0
TARGET 10574 1 0 0 1 0
TARGET 10575 1 0 0 1 0
TARGET 10576 1 0 0 1 0
TARGET 10577 1 0 0 1 0
TARGET 10578 1 0 0 1 0
TARGET 10579 1 0 0 0 0
TARGET 10580 1 0 0 0 0
TARGET 10581 1 0 0 0 0
TARGET 10582 1 0 0 1 0
TARGET 10583 1 0 0 1 0
TARGET 10584 1 0 0 1 0
TARGET 10585 1 0 0 1 0
TARGET 10586 1 0 0 1 0
TARGET 10587 1 0 0 1 0
TARGET 10588 1 0 0 1 0
TARGET 10589 1 0 0 1 0
TARGET 10590 1 0 0 1 0
TARGET 10591 1 0 0 0 0
TARGET 10592 1 0 0 0 0
TARGET 10593 1 0 0 0 0
TARGET 10594 1 1 0 1 0
TARGET 10595 1 0 0 1 0
TARGET 10596 1 0 0 1 0
TARGET 10597 1 1 0 1 0
TARGET 10598 1 0 0 1 0
TARGET 10599 1 0 0 1 0
TARGET 10600 1 0 0 0 0
TARGET 10601 1 0 0 0 0
TARGET 10602 1 0 0 0 0
TARGET 10603 1 1 0 1 0
TARGET 10604 1 0 0 1 0
TARGET 10605 1 0 0 1 0
TARGET 10606 1 0 0 0 0
TARGET 10607 1 0 0 0 0
TARGET 10608 1 0 0 0 0
TARGET 10609 1 1 0 2 0
TARGET 10610 1 1 0 3 0
TARGET 10611 1 1 0 2 0
TARGET 10612 1 1 0 2 0
TARGET 10613 1 2 0 3 0
TARGET 10614 1 1 0 2 0
TARGET 10615 1 1 0 2 0
TARGET 10616 1 1 0 2 0
TARGET 10617 1 1 0 3 0
TARGET 10618 1 1 0 2 0
TARGET 10619 1 1 0 2 0
TARGET 10620 1 1 0 2 0
TARGET 10621 1 1 0 2 0
TARGET 10622 1 1 0 1 0
TARGET 10623 1 1 0 4 0
TARGET 10624 1 1 0 3 0
TARGET 10625 1 1 0 3 0
TARGET 10626 1 1 0 4 0
TARGET 10627 1 1 0 3 0
TARGET 10628 1 1 0 3 0
TARGET 10629 1 1 0 3 0
TARGET 10630 1 1 0 4 0
TARGET 10631 1 1 0 3 0
TARGET 10632 1 1 0 3 0
TARGET 10633 1 1 0 3 0
TARGET 10634 1 1 0 3 0
TARGET 10635 1 1 0 2 0
TARGET 10636 1 1 0 2 0
TARGET 10637 1 1 0 3 0
TARGET 10638 1 1 0 2 0
TARGET 10639 1 1 0 2 0
TARGET 10640 1 1 0 2 0
TARGET 10641 1 1 0 3 0
TARGET 10642 1 1 0 2 0
TARGET 10643 1 1 0 2 0
TARGET 10644 1 1 0 2 0
TARGET 10645 1 1 0 2 0
TARGET 10646 1 1 0 3 0
TARGET 10647 1 1 0 1 0
TARGET 10648 1 1 0 2 0
TARGET 10649 1 1 0 3 0
TARGET 10650 1 1 0 2 0
TARGET 10651 1 1 0 2 0
TARGET 10652 1 1 0 2 0
TARGET 10653 1 1 0 3 0
TARGET 10654 1 1 0 2 0
TARGET 10655 1 1 0 2 0
TARGET 10656 1 1 0 2 0
TARGET 10657 1 1 0 2 0
TARGET 10658 1 1 0 1 0
TARGET 10659 1 3 0 4 0
TARGET 10660 1 2 0 3 0
TARGET 10661 1 2 0 3 0
TARGET 10662 1 2 0 3 0
TARGET 10663 1 1 0 4 0
TARGET 10664 1 1 0 3 0
TARGET 10665 1 2 0 3 0
TARGET 10666 1 1 0 3 0
TARGET 10667 1 2 0 3 0
TARGET 10668 1 1 0 2 0
TARGET 10669 1 1 0 2 0
TARGET 10670 1 1 0 2 0
TARGET 10671 1 1 0 3 0
TARGET 10672 1 1 0 2 0
TARGET 10673 1 1 0 2 0
TARGET 10674 1 1 0 2 0
TARGET 10675 1 1 0 2 0
TARGET 10676 1 1 0 3 0
TARGET 10677 1 1 0 1 0
TARGET 10678 1 1 0 2 0
TARGET 10679 1 1 0 2 0
TARGET 10680 1 1 0 3 0
TARGET 10681 1 1 0 2 0
TARGET 10682 1 1 0 2 0
TARGET 10683 1 1 0 2 0
TARGET 10684 1 1 0 2 0
TARGET 10685 1 1 0 1 0
TARGET 10686 1 1 0 2 0
TARGET 10687 1 1 0 3 0
TARGET 10688 1 1 0 2 0
TARGET 10689 1 1 0 2 0
TARGET 10690 1 1 0 2 0
TARGET 10691 1 1 0 2 0
TARGET 10692 1 1 0 1 0
TARGET 10693 1 1 0 4 0
TARGET 10694 1 1 0 3 0
TARGET 10695 1 1 0 3 0
TARGET 10696 1 1 0 3 0
TARGET 10697 1 1 0 3 0
TARGET 10698 1 1 0 2 0
TARGET 10699 1 1 0 2 0
TARGET 10700 1 1 0 2 0
TARGET 10701 1 1 0 2 0
TARGET 10702 1 1 0 3 0
TARGET 10703 1 1 0 1 0
TARGET 10704 1 1 0 2 0
TARGET 10705 1 1 0 2 0
TARGET 10706 1 1 0 2 0
TARGET 10707 1 1 0 1 0
TARGET 10708 1 1 0 2 0
TARGET 10709 1 1 0 2 0
TARGET 10710 1 1 0 1 0
TARGET 10711 1 1 0 2 0
TARGET 10712 1 1 0 1 0
TARGET 10713 1 0 0 1 0
TARGET 10714 1 1 0 2 0
TARGET 10715 1 0 0 1 0
TARGET 10716 1 0 0 1 0
TARGET 10717 1 1 0 2 0
TARGET 10718 1 0 0 1 0
TARGET 10719 1 0 0 1 0
TARGET 10720 1 0 0 1 0
TARGET 10721 1 1 0 2 0
TARGET 10722 1 0 0 1 0
TARGET 10723 1 0 0 1 0
TARGET 10724 1 0 0 1 0
TARGET 10725 1 0 0 1 0
TARGET 10726 1 0 0 0 0
TARGET 10727 1 1 0 3 0
TARGET 10728 1 1 0 2 0
TARGET 10729 1 1 0 2 0
TARGET 10730 1 1 0 3 0
TARGET 10731 1 1 0 2 0
TARGET 10732 1 1 0 2 0
TARGET 10733 1 1 0 2 0
TARGET 10734 1 1 0 3 0
TARGET 10735 1 1 0 2 0
TARGET 10736 1 1 0 2 0
TARGET 10737 1 1 0 2 0
TARGET 10738 1 1 0 2 0
TARGET 10739 1 1 0 1 0
TARGET 10740 1 1 0 1 0
TARGET 10741 1 1 0 2 0
TARGET 10742 1 1 0 1 0
TARGET 10743 1 0 0 1 0
TARGET 10744 1 1 0 1 0
TARGET 10745 1 1 0 2 0
TARGET 10746 1 1 0 1 0
TARGET 10747 1 0 0 1 0
TARGET 10748 1 1 0 1 0
TARGET 10749 1 0 0 1 0
TARGET 10750 1 0 0 2 0
TARGET 10751 1 0 0 0 0
TARGET 10752 1 1 0 1 0
TARGET 10753 1 1 0 2 0
TARGET 10754 1 1 0 1 0
TARGET 10755 1 0 0 1 0
TARGET 10756 1 1 0 1 0
TARGET 10757 1 1 0 2 0
TARGET 10758 1 1 0 1 0
TARGET 10759 1 0 0 1 0
TARGET 10760 1 1 0 1 0
TARGET 10761 1 0 0 1 0
TARGET 10762 1 0 0 0 0
TARGET 10763 1 2 0 3 0
TARGET 10764 1 1 0 2 0
TARGET 10765 1 1 0 2 0
TARGET 10766 1 1 0 2 0
TARGET 10767 1 1 0 3 0
TARGET 10768 1 1 0 2 0
TARGET 10769 1 1 0 2 0
TARGET 10770 1 1 0 2 0
TARGET 10771 1 1 0 2 0
TARGET 10772 1 1 0 1 0
TARGET 10773 1 0 0 1 0
TARGET 10774 1 1 0 1 0
TARGET 10775 1 1 0 2 0
TARGET 10776 1 1 0 1 0
TARGET 10777 1 0 0 1 0
TARGET 10778 1 1 0 1 0
TARGET 10779 1 0 0 1 0
TARGET 10780 1 0 0 2 0
TARGET 10781 1 0 0 0 0
TARGET 10782 1 0 0 1 0
TARGET 10783 1 0 0 1 0
TARGET 10784 1 1 0 2 0
TARGET 10785 1 0 0 1 0
TARGET 10786 1 0 0 1 0
TARGET 10787 1 0 0 1 0
TARGET 10788 1 0 0 1 0
TARGET 10789 1 0 0 0 0
TARGET 10790 1 1 0 1 0
TARGET 10791 1 1 0 2 0
TARGET 10792 1 1 0 1 0
TARGET 10793 1 0 0 1 0
TARGET 10794 1 1 0 1 0
TARGET 10795 1 0 0 1 0
TARGET 10796 1 0 0 0 0
TARGET 10797 1 1 0 3 0
TARGET 10798 1 1 0 2 0
TARGET 10799 1 1 0 2 0
TARGET 10800 1 1 0 2 0
TARGET 10801 1 1 0 2 0
TARGET 10802 1 1 0 1 0
TARGET 10803 1 0 0 1 0
TARGET 10804 1 1 0 1 0
TARGET 10805 1 0 0 1 0
TARGET 10806 1 0 0 2 0
TARGET 10807 1 0 0 0 0
TARGET 10808 1 0 0 1 0
TARGET 10809 1 0 0 1 0
TARGET 10810 1 0 0 1 0
TARGET 10811 1 0 0 0 0
TARGET 10812 1 1 0 1 0
TARGET 10813 1 0 0 1 0
TARGET 10814 1 0 0 0 0
TARGET 10815 1 0 0 1 0
TARGET 10816 1 0 0 0 0
TARGET 10817 1 0 0 1 0
TARGET 10818 1 0 0 1 0
TARGET 10819 1 1 0 2 0
TARGET 10820 1 0 0 1 0
TARGET 10821 1 0 0 1 0
TARGET 10822 1 0 0 1 0
TARGET 10823 1 0 0 1 0
TARGET 10824 1 0 0 1 0
TARGET 10825 1 0 0 1 0
TARGET 10826 1 1 0 2 0
TARGET 10827 1 0 0 1 0
TARGET 10828 1 1 0 2 0
TARGET 10829 1 1 0 2 0
TARGET 10830 1 1 0 3 0
TARGET 10831 1 1 0 2 0
TARGET 10832 1 1 0 2 0
TARGET 10833 1 1 0 2 0
TARGET 10834 1 1 0 2 0
TARGET 10835 1 1 0 2 0
TARGET 10836 1 1 0 2 0
TARGET 10837 1 2 0 3 0
TARGET 10838 1 1 0 2 0
TARGET 10839 1 0 0 1 0
TARGET 10840 1 0 0 1 0
TARGET 10841 1 1 0 2 0
TARGET 10842 1 0 0 1 0
TARGET 10843 1 0 0 1 0
TARGET 10844 1 0 0 1 0
TARGET 10845 1 0 0 1 0
TARGET 10846 1 0 0 1 0
TARGET 10847 1 0 0 1 0
TARGET 10848 1 1 0 2 0
TARGET 10849 1 0 0 1 0
TARGET 10850 1 0 0 1 0
TARGET 10851 1 1 0 2 0
TARGET 10852 1 0 0 1 0
TARGET 10853 1 0 0 1 0
TARGET 10854 1 0 0 1 0
TARGET 10855 1 1 0 2 0
TARGET 10856 1 0 0 1 0
TARGET 10857 1 0 0 1 0
TARGET 10858 1 0 0 1 0
TARGET 10859 1 0 0 1 0
TARGET 10860 1 0 0 1 0
TARGET 10861 1 1 0 2 0
TARGET 10862 1 0 0 1 0
TARGET 10863 1 0 0 1 0
TARGET 10864 1 0 0 1 0
TARGET 10865 1 1 0 2 0
TARGET 10866 1 0 0 1 0
TARGET 10867 1 0 0 1 0
TARGET 10868 1 0 0 1 0
TARGET 10869 1 0 0 1 0
TARGET 10870 1 1 0 2 0
TARGET 10871 1 1 0 3 0
TARGET 10872 1 1 0 2 0
TARGET 10873 1 1 0 2 0
TARGET 10874 1 1 0 2 0
TARGET 10875 1 2 0 3 0
TARGET 10876 1 1 0 2 0
TARGET 10877 1 1 0 2 0
TARGET 10878 1 1 0 2 0
TARGET 10879 1 1 0 2 0
TARGET 10880 1 0 0 1 0
TARGET 10881 1 1 0 2 0
TARGET 10882 1 0 0 1 0
TARGET 10883 1 0 0 1 0
TARGET 10884 1 0 0 1 0
TARGET 10885 1 1 0 2 0
TARGET 10886 1 0 0 1 0
TARGET 10887 1 0 0 1 0
TARGET 10888 1 0 0 1 0
TARGET 10889 1 0 0 1 0
TARGET 10890 1 0 0 1 0
TARGET 10891 1 0 0 1 0
TARGET 10892 1 0 0 1 0
TARGET 10893 1 0 0 1 0
TARGET 10894 1 0 0 1 0
TARGET 10895 1 1 0 2 0
TARGET 10896 1 0 0 1 0
TARGET 10897 1 1 0 2 0
TARGET 10898 1 1 0 2 0
TARGET 10899 1 1 0 2 0
TARGET 10900 1 1 0 2 0
TARGET 10901 1 1 0 2 0
TARGET 10902 1 1 0 3 0
TARGET 10903 1 1 0 2 0
TARGET 10904 1 0 0 1 0
TARGET 10905 1 0 0 1 0
TARGET 10906 1 0 0 1 0
TARGET 10907 1 0 0 1 0
TARGET 10908 1 0 0 1 0
TARGET 10909 1 1 0 2 0
TARGET 10910 1 0 0 1 0
TARGET 10911 1 0 0 1 0
TARGET 10912 1 0 0 1 0
TARGET 10913 1 1 0 2 0
TARGET 10914 1 0 0 1 0
TARGET 10915 1 0 0 1 0
TARGET 10916 1 0 0 1 0
TARGET 10917 1 0 0 1 0
TARGET 10918 1 0 0 1 0
TARGET 10919 1 0 0 1 0
TARGET 10920 1 0 0 1 0
TARGET 10921 1 0 0 1 0
TARGET 10922 1 1 0 2 0
TARGET 10923 1 0 0 1 0
TARGET 10924 1 0 0 1 0
TARGET 10925 1 1 0 2 0
TARGET 10926 1 0 0 1 0
TARGET 10927 1 0 0 1 0
TARGET 10928 1 0 0 1 0
TARGET 10929 1 0 0 1 0
TARGET 10930 1 0 0 1 0
TARGET 10931 1 0 0 1 0
TARGET 10932 1 0 0 1 0
TARGET 10933 1 1 0 2 0
TARGET 10934 1 0 0 1 0
TARGET 10935 1 1 0 2 0
TARGET 10936 1 1 0 2 0
TARGET 10937 1 1 0 2 0
TARGET 10938 1 1 0 3 0
TARGET 10939 1 1 0 2 0
TARGET 10940 1 0 0 1 0
TARGET 10941 1 0 0 1 0
TARGET 10942 1 0 0 1 0
TARGET 10943 1 1 0 2 0
TARGET 10944 1 0 0 1 0
TARGET 10945 1 0 0 1 0
TARGET 10946 1 0 0 1 0
TARGET 10947 1 0 0 1 0
TARGET 10948 1 0 0 1 0
TARGET 10949 1 0 0 1 0
TARGET 10950 1 1 0 2 0
TARGET 10951 1 0 0 1 0
TARGET 10952 1 0 0 1 0
TARGET 10953 1 0 0 1 0
TARGET 10954 1 0 0 1 0
TARGET 10955 1 1 0 2 0
TARGET 10956 1 0 0 1 0
TARGET 10957 1 0 0 1 0
TARGET 10958 1 1 0 2 0
TARGET 10959 1 0 0 1 0
TARGET 10960 1 0 0 0 0
TARGET 10961 1 0 0 0 0
TARGET 10962 1 1 0 1 0
TARGET 10963 1 0 0 0 0
TARGET 10964 1 0 0 0 0
TARGET 10965 1 0 0 0 0
TARGET 10966 1 0 0 0 0
TARGET 10967 1 0 0 0 0
TARGET 10968 1 0 0 0 0
TARGET 10969 1 1 0 1 0
TARGET 10970 1 0 0 0 0
TARGET 10971 1 2 0 3 0
TARGET 10972 1 2 0 3 0
TARGET 10973 1 1 0 4 0
TARGET 10974 1 1 0 3 0
TARGET 10975 1 2 0 3 0
TARGET 10976 1 1 0 3 0
TARGET 10977 1 2 0 3 0
TARGET 10978 1 1 0 3 0
TARGET 10979 1 2 0 3 0
TARGET 10980 1 3 0 4 0
TARGET 10981 1 2 0 3 0
TARGET 10982 1 1 0 2 0
TARGET 10983 1 1 0 2 0
TARGET 10984 1 1 0 3 0
TARGET 10985 1 1 0 2 0
TARGET 10986 1 1 0 2 0
TARGET 10987 1 1 0 2 0
TARGET 10988 1 1 0 2 0
TARGET 10989 1 1 0 2 0
TARGET 10990 1 1 0 2 0
TARGET 10991 1 2 0 3 0
TARGET 10992 1 1 0 2 0
TARGET 10993 1 1 0 2 0
TARGET 10994 1 1 0 3 0
TARGET 10995 1 1 0 2 0
TARGET 10996 1 1 0 2 0
TARGET 10997 1 1 0 2 0
TARGET 10998 1 1 0 3 0
TARGET 10999 1 1 0 2 0
TARGET 11000 1 1 0 2 0
PASS_1962_MONOMIAL_INTERVAL 10001 11000 1000 0
