TARGET 24001 1 1 0 1 0
TARGET 24002 1 0 0 0 0
TARGET 24003 1 1 0 1 0
TARGET 24004 1 0 0 0 0
TARGET 24005 1 0 0 1 0
TARGET 24006 1 1 0 1 0
TARGET 24007 1 0 0 1 0
TARGET 24008 1 1 0 2 0
TARGET 24009 1 1 0 1 0
TARGET 24010 1 1 0 1 0
TARGET 24011 1 1 0 2 0
TARGET 24012 1 0 0 1 0
TARGET 24013 1 1 0 2 0
TARGET 24014 1 0 0 1 0
TARGET 24015 1 0 0 0 0
TARGET 24016 1 0 0 0 0
TARGET 24017 1 0 0 0 0
TARGET 24018 1 1 0 1 0
TARGET 24019 1 0 0 0 0
TARGET 24020 1 0 0 0 0
TARGET 24021 1 1 0 1 0
TARGET 24022 1 0 0 0 0
TARGET 24023 1 1 0 1 0
TARGET 24024 1 0 0 0 0
TARGET 24025 1 0 0 1 0
TARGET 24026 1 0 0 1 0
TARGET 24027 1 0 0 1 0
TARGET 24028 1 0 0 1 0
TARGET 24029 1 0 0 1 0
TARGET 24030 1 0 0 1 0
TARGET 24031 1 0 0 1 0
TARGET 24032 1 0 0 1 0
TARGET 24033 1 0 0 1 0
TARGET 24034 1 0 0 1 0
TARGET 24035 1 0 0 1 0
TARGET 24036 1 0 0 1 0
TARGET 24037 1 0 0 1 0
TARGET 24038 1 0 0 1 0
TARGET 24039 1 0 0 1 0
TARGET 24040 1 0 0 1 0
TARGET 24041 1 0 0 1 0
TARGET 24042 1 0 0 1 0
TARGET 24043 1 0 0 1 0
TARGET 24044 1 0 0 1 0
TARGET 24045 1 0 0 1 0
TARGET 24046 1 0 0 1 0
TARGET 24047 1 0 0 1 0
TARGET 24048 1 0 0 1 0
TARGET 24049 1 0 0 1 0
TARGET 24050 1 0 0 1 0
TARGET 24051 1 0 0 1 0
TARGET 24052 1 0 0 1 0
TARGET 24053 1 0 0 1 0
TARGET 24054 1 0 0 1 0
TARGET 24055 1 0 0 1 0
TARGET 24056 1 0 0 1 0
TARGET 24057 1 0 0 1 0
TARGET 24058 1 0 0 1 0
TARGET 24059 1 0 0 1 0
TARGET 24060 1 0 0 1 0
TARGET 24061 1 0 0 1 0
TARGET 24062 1 0 0 1 0
TARGET 24063 1 0 0 1 0
TARGET 24064 1 0 0 1 0
TARGET 24065 1 0 0 1 0
TARGET 24066 1 0 0 1 0
TARGET 24067 1 0 0 1 0
TARGET 24068 1 0 0 1 0
TARGET 24069 1 0 0 1 0
TARGET 24070 1 0 0 1 0
TARGET 24071 1 0 0 1 0
TARGET 24072 1 0 0 1 0
TARGET 24073 1 0 0 1 0
TARGET 24074 1 0 0 1 0
TARGET 24075 1 0 0 1 0
TARGET 24076 1 0 0 1 0
TARGET 24077 1 0 0 1 0
TARGET 24078 1 0 0 1 0
TARGET 24079 1 0 0 1 0
TARGET 24080 1 0 0 1 0
TARGET 24081 1 0 0 1 0
TARGET 24082 1 0 0 1 0
TARGET 24083 1 0 0 1 0
TARGET 24084 1 0 0 1 0
TARGET 24085 1 0 0 1 0
TARGET 24086 1 0 0 1 0
TARGET 24087 1 0 0 1 0
TARGET 24088 1 0 0 1 0
TARGET 24089 1 0 0 1 0
TARGET 24090 1 0 0 1 0
TARGET 24091 1 0 0 1 0
TARGET 24092 1 0 0 1 0
TARGET 24093 1 0 0 1 0
TARGET 24094 1 0 0 1 0
TARGET 24095 1 0 0 1 0
TARGET 24096 1 0 0 1 0
TARGET 24097 1 0 0 1 0
TARGET 24098 1 0 0 1 0
TARGET 24099 1 0 0 1 0
TARGET 24100 1 0 0 1 0
TARGET 24101 1 0 0 1 0
TARGET 24102 1 0 0 1 0
TARGET 24103 1 0 0 1 0
TARGET 24104 1 0 0 1 0
TARGET 24105 1 0 0 1 0
TARGET 24106 1 0 0 1 0
TARGET 24107 1 0 0 1 0
TARGET 24108 1 0 0 1 0
TARGET 24109 1 0 0 1 0
TARGET 24110 1 0 0 1 0
TARGET 24111 1 0 0 1 0
TARGET 24112 1 0 0 1 0
TARGET 24113 1 0 0 1 0
TARGET 24114 1 0 0 1 0
TARGET 24115 1 0 0 1 0
TARGET 24116 1 0 0 1 0
TARGET 24117 1 0 0 1 0
TARGET 24118 1 0 0 1 0
TARGET 24119 1 0 0 1 0
TARGET 24120 1 0 0 1 0
TARGET 24121 1 0 0 1 0
TARGET 24122 1 0 0 1 0
TARGET 24123 1 0 0 1 0
TARGET 24124 1 0 0 1 0
TARGET 24125 1 0 0 0 0
TARGET 24126 1 0 0 0 0
TARGET 24127 1 0 0 0 0
TARGET 24128 1 0 0 0 0
TARGET 24129 1 0 0 0 0
TARGET 24130 1 0 0 0 0
TARGET 24131 1 0 0 0 0
TARGET 24132 1 0 0 0 0
TARGET 24133 1 0 0 0 0
TARGET 24134 1 0 0 0 0
TARGET 24135 1 0 0 1 0
TARGET 24136 1 0 0 1 0
TARGET 24137 1 0 0 1 0
TARGET 24138 1 0 0 1 0
TARGET 24139 1 0 0 1 0
TARGET 24140 1 0 0 1 0
TARGET 24141 1 0 0 1 0
TARGET 24142 1 0 0 1 0
TARGET 24143 1 0 0 1 0
TARGET 24144 1 0 0 0 0
TARGET 24145 1 0 0 1 0
TARGET 24146 1 0 0 1 0
TARGET 24147 1 0 0 1 0
TARGET 24148 1 0 0 1 0
TARGET 24149 1 0 0 1 0
TARGET 24150 1 0 0 1 0
TARGET 24151 1 0 0 1 0
TARGET 24152 1 0 0 1 0
TARGET 24153 1 0 0 0 0
TARGET 24154 1 0 0 1 0
TARGET 24155 1 0 0 1 0
TARGET 24156 1 0 0 1 0
TARGET 24157 1 0 0 1 0
TARGET 24158 1 0 0 1 0
TARGET 24159 1 0 0 1 0
TARGET 24160 1 0 0 1 0
TARGET 24161 1 0 0 0 0
TARGET 24162 1 0 0 1 0
TARGET 24163 1 0 0 1 0
TARGET 24164 1 0 0 1 0
TARGET 24165 1 0 0 1 0
TARGET 24166 1 0 0 1 0
TARGET 24167 1 0 0 1 0
TARGET 24168 1 0 0 0 0
TARGET 24169 1 0 0 1 0
TARGET 24170 1 0 0 1 0
TARGET 24171 1 0 0 1 0
TARGET 24172 1 0 0 1 0
TARGET 24173 1 0 0 1 0
TARGET 24174 1 0 0 0 0
TARGET 24175 1 0 0 1 0
TARGET 24176 1 0 0 1 0
TARGET 24177 1 0 0 1 0
TARGET 24178 1 0 0 1 0
TARGET 24179 1 0 0 0 0
TARGET 24180 1 0 0 1 0
TARGET 24181 1 0 0 1 0
TARGET 24182 1 0 0 1 0
TARGET 24183 1 0 0 0 0
TARGET 24184 1 0 0 1 0
TARGET 24185 1 0 0 1 0
TARGET 24186 1 0 0 0 0
TARGET 24187 1 0 0 1 0
TARGET 24188 1 0 0 0 0
TARGET 24189 1 0 0 1 0
TARGET 24190 1 0 0 1 0
TARGET 24191 1 0 0 1 0
TARGET 24192 1 0 0 1 0
TARGET 24193 1 0 0 1 0
TARGET 24194 1 0 0 1 0
TARGET 24195 1 0 0 1 0
TARGET 24196 1 0 0 1 0
TARGET 24197 1 0 0 1 0
TARGET 24198 1 0 0 1 0
TARGET 24199 1 0 0 1 0
TARGET 24200 1 0 0 1 0
TARGET 24201 1 0 0 1 0
TARGET 24202 1 0 0 1 0
TARGET 24203 1 0 0 1 0
TARGET 24204 1 0 0 1 0
TARGET 24205 1 0 0 1 0
TARGET 24206 1 0 0 1 0
TARGET 24207 1 0 0 1 0
TARGET 24208 1 0 0 1 0
TARGET 24209 1 0 0 1 0
TARGET 24210 1 0 0 1 0
TARGET 24211 1 0 0 1 0
TARGET 24212 1 0 0 1 0
TARGET 24213 1 0 0 1 0
TARGET 24214 1 0 0 1 0
TARGET 24215 1 0 0 1 0
TARGET 24216 1 0 0 1 0
TARGET 24217 1 0 0 1 0
TARGET 24218 1 0 0 1 0
TARGET 24219 1 0 0 1 0
TARGET 24220 1 0 0 1 0
TARGET 24221 1 0 0 1 0
TARGET 24222 1 0 0 1 0
TARGET 24223 1 0 0 1 0
TARGET 24224 1 0 0 1 0
TARGET 24225 1 0 0 1 0
TARGET 24226 1 0 0 1 0
TARGET 24227 1 0 0 1 0
TARGET 24228 1 0 0 1 0
TARGET 24229 1 0 0 1 0
TARGET 24230 1 0 0 1 0
TARGET 24231 1 0 0 1 0
TARGET 24232 1 0 0 1 0
TARGET 24233 1 0 0 1 0
TARGET 24234 1 0 0 1 0
TARGET 24235 1 0 0 1 0
TARGET 24236 1 0 0 1 0
TARGET 24237 1 0 0 1 0
TARGET 24238 1 0 0 1 0
TARGET 24239 1 0 0 1 0
TARGET 24240 1 0 0 1 0
TARGET 24241 1 0 0 1 0
TARGET 24242 1 0 0 1 0
TARGET 24243 1 0 0 1 0
TARGET 24244 1 0 0 1 0
TARGET 24245 1 0 0 1 0
TARGET 24246 1 0 0 1 0
TARGET 24247 1 0 0 1 0
TARGET 24248 1 0 0 1 0
TARGET 24249 1 0 0 1 0
TARGET 24250 1 0 0 1 0
TARGET 24251 1 0 0 1 0
TARGET 24252 1 0 0 1 0
TARGET 24253 1 0 0 1 0
TARGET 24254 1 0 0 1 0
TARGET 24255 1 0 0 1 0
TARGET 24256 1 0 0 1 0
TARGET 24257 1 0 0 1 0
TARGET 24258 1 0 0 1 0
TARGET 24259 1 0 0 1 0
TARGET 24260 1 0 0 1 0
TARGET 24261 1 0 0 1 0
TARGET 24262 1 0 0 1 0
TARGET 24263 1 0 0 1 0
TARGET 24264 1 0 0 1 0
TARGET 24265 1 0 0 1 0
TARGET 24266 1 0 0 1 0
TARGET 24267 1 0 0 1 0
TARGET 24268 1 0 0 1 0
TARGET 24269 1 0 0 1 0
TARGET 24270 1 0 0 0 0
TARGET 24271 1 0 0 0 0
TARGET 24272 1 0 0 0 0
TARGET 24273 1 0 0 0 0
TARGET 24274 1 0 0 0 0
TARGET 24275 1 0 0 0 0
TARGET 24276 1 0 0 0 0
TARGET 24277 1 0 0 0 0
TARGET 24278 1 0 0 0 0
TARGET 24279 1 0 0 1 0
TARGET 24280 1 0 0 1 0
TARGET 24281 1 0 0 1 0
TARGET 24282 1 0 0 1 0
TARGET 24283 1 0 0 1 0
TARGET 24284 1 0 0 1 0
TARGET 24285 1 0 0 1 0
TARGET 24286 1 0 0 1 0
TARGET 24287 1 0 0 0 0
TARGET 24288 1 0 0 1 0
TARGET 24289 1 0 0 1 0
TARGET 24290 1 0 0 1 0
TARGET 24291 1 0 0 1 0
TARGET 24292 1 0 0 1 0
TARGET 24293 1 0 0 1 0
TARGET 24294 1 0 0 1 0
TARGET 24295 1 0 0 0 0
TARGET 24296 1 0 0 1 0
TARGET 24297 1 0 0 1 0
TARGET 24298 1 0 0 1 0
TARGET 24299 1 0 0 1 0
TARGET 24300 1 0 0 1 0
TARGET 24301 1 0 0 1 0
TARGET 24302 1 0 0 0 0
TARGET 24303 1 0 0 1 0
TARGET 24304 1 0 0 1 0
TARGET 24305 1 0 0 1 0
TARGET 24306 1 0 0 1 0
TARGET 24307 1 0 0 1 0
TARGET 24308 1 0 0 0 0
TARGET 24309 1 0 0 1 0
TARGET 24310 1 0 0 1 0
TARGET 24311 1 0 0 1 0
TARGET 24312 1 0 0 1 0
TARGET 24313 1 0 0 0 0
TARGET 24314 1 0 0 1 0
TARGET 24315 1 0 0 1 0
TARGET 24316 1 0 0 1 0
TARGET 24317 1 0 0 0 0
TARGET 24318 1 0 0 1 0
TARGET 24319 1 0 0 1 0
TARGET 24320 1 0 0 0 0
TARGET 24321 1 0 0 1 0
TARGET 24322 1 0 0 0 0
TARGET 24323 1 0 0 1 0
TARGET 24324 1 0 0 1 0
TARGET 24325 1 0 0 1 0
TARGET 24326 1 0 0 1 0
TARGET 24327 1 0 0 1 0
TARGET 24328 1 0 0 1 0
TARGET 24329 1 0 0 1 0
TARGET 24330 1 0 0 1 0
TARGET 24331 1 0 0 1 0
TARGET 24332 1 0 0 1 0
TARGET 24333 1 0 0 1 0
TARGET 24334 1 0 0 1 0
TARGET 24335 1 0 0 1 0
TARGET 24336 1 0 0 1 0
TARGET 24337 1 0 0 1 0
TARGET 24338 1 0 0 1 0
TARGET 24339 1 0 0 1 0
TARGET 24340 1 0 0 1 0
TARGET 24341 1 0 0 1 0
TARGET 24342 1 0 0 1 0
TARGET 24343 1 0 0 1 0
TARGET 24344 1 0 0 1 0
TARGET 24345 1 0 0 1 0
TARGET 24346 1 0 0 1 0
TARGET 24347 1 0 0 1 0
TARGET 24348 1 0 0 1 0
TARGET 24349 1 0 0 1 0
TARGET 24350 1 0 0 1 0
TARGET 24351 1 0 0 1 0
TARGET 24352 1 0 0 1 0
TARGET 24353 1 0 0 1 0
TARGET 24354 1 0 0 1 0
TARGET 24355 1 0 0 1 0
TARGET 24356 1 0 0 1 0
TARGET 24357 1 0 0 1 0
TARGET 24358 1 0 0 1 0
TARGET 24359 1 0 0 1 0
TARGET 24360 1 0 0 1 0
TARGET 24361 1 0 0 1 0
TARGET 24362 1 0 0 1 0
TARGET 24363 1 0 0 1 0
TARGET 24364 1 0 0 1 0
TARGET 24365 1 0 0 1 0
TARGET 24366 1 0 0 1 0
TARGET 24367 1 0 0 1 0
TARGET 24368 1 0 0 1 0
TARGET 24369 1 0 0 1 0
TARGET 24370 1 0 0 1 0
TARGET 24371 1 0 0 1 0
TARGET 24372 1 0 0 1 0
TARGET 24373 1 0 0 1 0
TARGET 24374 1 0 0 1 0
TARGET 24375 1 0 0 1 0
TARGET 24376 1 0 0 1 0
TARGET 24377 1 0 0 1 0
TARGET 24378 1 0 0 1 0
TARGET 24379 1 0 0 1 0
TARGET 24380 1 0 0 1 0
TARGET 24381 1 0 0 1 0
TARGET 24382 1 0 0 1 0
TARGET 24383 1 0 0 1 0
TARGET 24384 1 0 0 1 0
TARGET 24385 1 0 0 1 0
TARGET 24386 1 0 0 1 0
TARGET 24387 1 0 0 0 0
TARGET 24388 1 0 0 0 0
TARGET 24389 1 0 0 0 0
TARGET 24390 1 0 0 0 0
TARGET 24391 1 0 0 0 0
TARGET 24392 1 0 0 0 0
TARGET 24393 1 0 0 0 0
TARGET 24394 1 0 0 0 0
TARGET 24395 1 0 0 1 0
TARGET 24396 1 1 0 1 0
TARGET 24397 1 1 0 1 0
TARGET 24398 1 1 0 1 0
TARGET 24399 1 1 0 1 0
TARGET 24400 1 1 0 1 0
TARGET 24401 1 1 0 1 0
TARGET 24402 1 0 0 1 0
TARGET 24403 1 0 0 1 0
TARGET 24404 1 0 0 1 0
TARGET 24405 1 0 0 1 0
TARGET 24406 1 0 0 1 0
TARGET 24407 1 0 0 1 0
TARGET 24408 1 0 0 1 0
TARGET 24409 1 1 0 1 0
TARGET 24410 1 1 0 1 0
TARGET 24411 1 1 0 1 0
TARGET 24412 1 1 0 1 0
TARGET 24413 1 1 0 1 0
TARGET 24414 1 1 0 1 0
TARGET 24415 1 1 0 1 0
TARGET 24416 1 1 0 1 0
TARGET 24417 1 1 0 1 0
TARGET 24418 1 0 0 1 0
TARGET 24419 1 1 0 1 0
TARGET 24420 1 0 0 1 0
TARGET 24421 1 1 0 1 0
TARGET 24422 1 1 0 1 0
TARGET 24423 1 1 0 1 0
TARGET 24424 1 1 0 1 0
TARGET 24425 1 1 0 1 0
TARGET 24426 1 0 0 1 0
TARGET 24427 1 1 0 1 0
TARGET 24428 1 1 0 1 0
TARGET 24429 1 1 0 1 0
TARGET 24430 1 1 0 1 0
TARGET 24431 1 1 0 1 0
TARGET 24432 1 1 0 1 0
TARGET 24433 1 0 0 1 0
TARGET 24434 1 1 0 1 0
TARGET 24435 1 0 0 1 0
TARGET 24436 1 1 0 1 0
TARGET 24437 1 1 0 1 0
TARGET 24438 1 0 0 1 0
TARGET 24439 1 1 0 1 0
TARGET 24440 1 1 0 1 0
TARGET 24441 1 1 0 1 0
TARGET 24442 1 0 0 1 0
TARGET 24443 1 1 0 1 0
TARGET 24444 1 1 0 1 0
TARGET 24445 1 0 0 1 0
TARGET 24446 1 1 0 1 0
TARGET 24447 1 0 0 1 0
TARGET 24448 1 0 0 1 0
TARGET 24449 1 0 0 1 0
TARGET 24450 1 0 0 1 0
TARGET 24451 1 0 0 0 0
TARGET 24452 1 0 0 0 0
TARGET 24453 1 0 0 0 0
TARGET 24454 1 0 0 0 0
TARGET 24455 1 0 0 0 0
TARGET 24456 1 0 0 0 0
TARGET 24457 1 0 0 0 0
TARGET 24458 1 0 0 0 0
TARGET 24459 1 0 0 1 0
TARGET 24460 1 0 0 1 0
TARGET 24461 1 0 0 1 0
TARGET 24462 1 0 0 1 0
TARGET 24463 1 0 0 1 0
TARGET 24464 1 0 0 1 0
TARGET 24465 1 0 0 0 0
TARGET 24466 1 0 0 1 0
TARGET 24467 1 0 0 1 0
TARGET 24468 1 0 0 1 0
TARGET 24469 1 0 0 1 0
TARGET 24470 1 0 0 1 0
TARGET 24471 1 0 0 0 0
TARGET 24472 1 0 0 1 0
TARGET 24473 1 0 0 1 0
TARGET 24474 1 0 0 1 0
TARGET 24475 1 0 0 1 0
TARGET 24476 1 0 0 0 0
TARGET 24477 1 0 0 1 0
TARGET 24478 1 0 0 1 0
TARGET 24479 1 0 0 1 0
TARGET 24480 1 0 0 0 0
TARGET 24481 1 0 0 1 0
TARGET 24482 1 0 0 1 0
TARGET 24483 1 0 0 0 0
TARGET 24484 1 0 0 1 0
TARGET 24485 1 0 0 0 0
TARGET 24486 1 1 0 1 0
TARGET 24487 1 1 0 1 0
TARGET 24488 1 1 0 1 0
TARGET 24489 1 1 0 1 0
TARGET 24490 1 1 0 1 0
TARGET 24491 1 1 0 1 0
TARGET 24492 1 1 0 1 0
TARGET 24493 1 1 0 1 0
TARGET 24494 1 1 0 1 0
TARGET 24495 1 0 0 1 0
TARGET 24496 1 1 0 1 0
TARGET 24497 1 0 0 1 0
TARGET 24498 1 0 0 0 0
TARGET 24499 1 1 0 1 0
TARGET 24500 1 1 0 1 0
TARGET 24501 1 1 0 1 0
TARGET 24502 1 1 0 1 0
TARGET 24503 1 1 0 1 0
TARGET 24504 1 1 0 1 0
TARGET 24505 1 1 0 1 0
TARGET 24506 1 1 0 1 0
TARGET 24507 1 0 0 1 0
TARGET 24508 1 1 0 1 0
TARGET 24509 1 0 0 1 0
TARGET 24510 1 0 0 0 0
TARGET 24511 1 1 0 1 0
TARGET 24512 1 1 0 1 0
TARGET 24513 1 1 0 1 0
TARGET 24514 1 1 0 1 0
TARGET 24515 1 1 0 1 0
TARGET 24516 1 1 0 1 0
TARGET 24517 1 1 0 1 0
TARGET 24518 1 1 0 1 0
TARGET 24519 1 1 0 1 0
TARGET 24520 1 0 0 1 0
TARGET 24521 1 0 0 1 0
TARGET 24522 1 1 0 1 0
TARGET 24523 1 0 0 1 0
TARGET 24524 1 0 0 0 0
TARGET 24525 1 1 0 1 0
TARGET 24526 1 1 0 1 0
TARGET 24527 1 0 0 1 0
TARGET 24528 1 1 0 1 0
TARGET 24529 1 1 0 1 0
TARGET 24530 1 1 0 1 0
TARGET 24531 1 1 0 1 0
TARGET 24532 1 0 0 1 0
TARGET 24533 1 1 0 1 0
TARGET 24534 1 0 0 1 0
TARGET 24535 1 0 0 0 0
TARGET 24536 1 1 0 1 0
TARGET 24537 1 1 0 1 0
TARGET 24538 1 1 0 1 0
TARGET 24539 1 0 0 1 0
TARGET 24540 1 0 0 1 0
TARGET 24541 1 1 0 1 0
TARGET 24542 1 0 0 1 0
TARGET 24543 1 0 0 0 0
TARGET 24544 1 0 0 1 0
TARGET 24545 1 0 0 1 0
TARGET 24546 1 0 0 1 0
TARGET 24547 1 0 0 1 0
TARGET 24548 1 0 0 0 0
TARGET 24549 1 0 0 0 0
TARGET 24550 1 0 0 0 0
TARGET 24551 1 0 0 0 0
TARGET 24552 1 0 0 0 0
TARGET 24553 1 0 0 0 0
TARGET 24554 1 0 0 0 0
TARGET 24555 1 1 0 1 0
TARGET 24556 1 1 0 1 0
TARGET 24557 1 1 0 1 0
TARGET 24558 1 1 0 1 0
TARGET 24559 1 1 0 1 0
TARGET 24560 1 0 0 1 0
TARGET 24561 1 1 0 1 0
TARGET 24562 1 1 0 1 0
TARGET 24563 1 1 0 1 0
TARGET 24564 1 1 0 1 0
TARGET 24565 1 1 0 1 0
TARGET 24566 1 1 0 1 0
TARGET 24567 1 0 0 1 0
TARGET 24568 1 1 0 1 0
TARGET 24569 1 0 0 1 0
TARGET 24570 1 1 0 1 0
TARGET 24571 1 1 0 1 0
TARGET 24572 1 0 0 1 0
TARGET 24573 1 1 0 1 0
TARGET 24574 1 1 0 1 0
TARGET 24575 1 1 0 1 0
TARGET 24576 1 0 0 1 0
TARGET 24577 1 1 0 1 0
TARGET 24578 1 1 0 1 0
TARGET 24579 1 0 0 1 0
TARGET 24580 1 1 0 1 0
TARGET 24581 1 0 0 1 0
TARGET 24582 1 0 0 1 0
TARGET 24583 1 0 0 1 0
TARGET 24584 1 0 0 1 0
TARGET 24585 1 0 0 0 0
TARGET 24586 1 0 0 0 0
TARGET 24587 1 0 0 0 0
TARGET 24588 1 0 0 0 0
TARGET 24589 1 0 0 0 0
TARGET 24590 1 0 0 0 0
TARGET 24591 1 1 0 1 0
TARGET 24592 1 1 0 1 0
TARGET 24593 1 1 0 1 0
TARGET 24594 1 1 0 1 0
TARGET 24595 1 1 0 1 0
TARGET 24596 1 1 0 1 0
TARGET 24597 1 0 0 1 0
TARGET 24598 1 1 0 1 0
TARGET 24599 1 0 0 1 0
TARGET 24600 1 0 0 0 0
TARGET 24601 1 1 0 1 0
TARGET 24602 1 1 0 1 0
TARGET 24603 1 0 0 1 0
TARGET 24604 1 1 0 1 0
TARGET 24605 1 1 0 1 0
TARGET 24606 1 1 0 1 0
TARGET 24607 1 1 0 1 0
TARGET 24608 1 0 0 1 0
TARGET 24609 1 1 0 1 0
TARGET 24610 1 0 0 1 0
TARGET 24611 1 0 0 0 0
TARGET 24612 1 1 0 1 0
TARGET 24613 1 1 0 1 0
TARGET 24614 1 1 0 1 0
TARGET 24615 1 0 0 1 0
TARGET 24616 1 0 0 1 0
TARGET 24617 1 1 0 1 0
TARGET 24618 1 0 0 1 0
TARGET 24619 1 0 0 0 0
TARGET 24620 1 0 0 1 0
TARGET 24621 1 0 0 1 0
TARGET 24622 1 0 0 1 0
TARGET 24623 1 0 0 1 0
TARGET 24624 1 0 0 0 0
TARGET 24625 1 0 0 0 0
TARGET 24626 1 0 0 0 0
TARGET 24627 1 0 0 0 0
TARGET 24628 1 0 0 0 0
TARGET 24629 1 0 0 0 0
TARGET 24630 1 1 0 1 0
TARGET 24631 1 1 0 1 0
TARGET 24632 1 0 0 1 0
TARGET 24633 1 0 0 0 0
TARGET 24634 1 1 0 1 0
TARGET 24635 1 0 0 1 0
TARGET 24636 1 0 0 0 0
TARGET 24637 1 0 0 1 0
TARGET 24638 1 0 0 0 0
TARGET 24639 1 1 0 1 0
TARGET 24640 1 1 0 1 0
TARGET 24641 1 1 0 1 0
TARGET 24642 1 0 0 1 0
TARGET 24643 1 1 0 1 0
TARGET 24644 1 1 0 1 0
TARGET 24645 1 0 0 1 0
TARGET 24646 1 1 0 1 0
TARGET 24647 1 0 0 1 0
TARGET 24648 1 0 0 1 0
TARGET 24649 1 0 0 1 0
TARGET 24650 1 0 0 1 0
TARGET 24651 1 0 0 0 0
TARGET 24652 1 0 0 0 0
TARGET 24653 1 0 0 0 0
TARGET 24654 1 0 0 0 0
TARGET 24655 1 1 0 1 0
TARGET 24656 1 1 0 1 0
TARGET 24657 1 0 0 1 0
TARGET 24658 1 1 0 1 0
TARGET 24659 1 0 0 1 0
TARGET 24660 1 0 0 0 0
TARGET 24661 1 0 0 1 0
TARGET 24662 1 0 0 1 0
TARGET 24663 1 0 0 1 0
TARGET 24664 1 0 0 1 0
TARGET 24665 1 0 0 0 0
TARGET 24666 1 0 0 0 0
TARGET 24667 1 0 0 0 0
TARGET 24668 1 0 0 0 0
TARGET 24669 1 0 0 1 0
TARGET 24670 1 0 0 0 0
TARGET 24671 1 0 0 1 0
TARGET 24672 1 0 0 1 0
TARGET 24673 1 0 0 0 0
TARGET 24674 1 0 0 0 0
TARGET 24675 1 0 0 1 0
TARGET 24676 1 1 0 2 0
TARGET 24677 1 0 0 1 0
TARGET 24678 1 1 0 2 0
TARGET 24679 1 0 0 1 0
TARGET 24680 1 0 0 1 0
TARGET 24681 1 1 0 2 0
TARGET 24682 1 0 0 1 0
TARGET 24683 1 0 0 1 0
TARGET 24684 1 0 0 1 0
TARGET 24685 1 0 0 1 0
TARGET 24686 1 0 0 1 0
TARGET 24687 1 0 0 1 0
TARGET 24688 1 1 0 2 0
TARGET 24689 1 0 0 1 0
TARGET 24690 1 1 0 2 0
TARGET 24691 1 0 0 1 0
TARGET 24692 1 0 0 1 0
TARGET 24693 1 1 0 2 0
TARGET 24694 1 0 0 1 0
TARGET 24695 1 0 0 1 0
TARGET 24696 1 0 0 1 0
TARGET 24697 1 0 0 1 0
TARGET 24698 1 0 0 1 0
TARGET 24699 1 0 0 1 0
TARGET 24700 1 2 0 3 0
TARGET 24701 1 1 0 2 0
TARGET 24702 1 1 0 3 0
TARGET 24703 1 1 0 2 0
TARGET 24704 1 1 0 2 0
TARGET 24705 1 1 0 3 0
TARGET 24706 1 1 0 2 0
TARGET 24707 1 1 0 2 0
TARGET 24708 1 1 0 2 0
TARGET 24709 1 1 0 2 0
TARGET 24710 1 1 0 2 0
TARGET 24711 1 1 0 2 0
TARGET 24712 1 1 0 2 0
TARGET 24713 1 0 0 1 0
TARGET 24714 1 1 0 2 0
TARGET 24715 1 0 0 1 0
TARGET 24716 1 0 0 1 0
TARGET 24717 1 1 0 2 0
TARGET 24718 1 0 0 1 0
TARGET 24719 1 0 0 1 0
TARGET 24720 1 0 0 1 0
TARGET 24721 1 0 0 1 0
TARGET 24722 1 0 0 1 0
TARGET 24723 1 0 0 1 0
TARGET 24724 1 1 0 3 0
TARGET 24725 1 1 0 2 0
TARGET 24726 1 2 0 3 0
TARGET 24727 1 1 0 2 0
TARGET 24728 1 1 0 2 0
TARGET 24729 1 1 0 3 0
TARGET 24730 1 1 0 2 0
TARGET 24731 1 1 0 2 0
TARGET 24732 1 1 0 2 0
TARGET 24733 1 1 0 2 0
TARGET 24734 1 1 0 2 0
TARGET 24735 1 1 0 2 0
TARGET 24736 1 1 0 2 0
TARGET 24737 1 0 0 1 0
TARGET 24738 1 1 0 2 0
TARGET 24739 1 0 0 1 0
TARGET 24740 1 0 0 1 0
TARGET 24741 1 1 0 2 0
TARGET 24742 1 0 0 1 0
TARGET 24743 1 0 0 1 0
TARGET 24744 1 0 0 1 0
TARGET 24745 1 0 0 1 0
TARGET 24746 1 0 0 1 0
TARGET 24747 1 0 0 1 0
TARGET 24748 1 1 0 2 0
TARGET 24749 1 1 0 3 0
TARGET 24750 1 1 0 2 0
TARGET 24751 1 1 0 2 0
TARGET 24752 1 1 0 2 0
TARGET 24753 1 1 0 2 0
TARGET 24754 1 1 0 2 0
TARGET 24755 1 1 0 2 0
TARGET 24756 1 0 0 1 0
TARGET 24757 1 1 0 2 0
TARGET 24758 1 0 0 1 0
TARGET 24759 1 0 0 1 0
TARGET 24760 1 0 0 1 0
TARGET 24761 1 0 0 1 0
TARGET 24762 1 0 0 1 0
TARGET 24763 1 0 0 1 0
TARGET 24764 1 1 0 2 0
TARGET 24765 1 0 0 1 0
TARGET 24766 1 0 0 1 0
TARGET 24767 1 1 0 2 0
TARGET 24768 1 0 0 1 0
TARGET 24769 1 0 0 1 0
TARGET 24770 1 0 0 1 0
TARGET 24771 1 0 0 1 0
TARGET 24772 1 0 0 1 0
TARGET 24773 1 0 0 1 0
TARGET 24774 1 1 0 3 0
TARGET 24775 1 1 0 2 0
TARGET 24776 1 1 0 2 0
TARGET 24777 1 1 0 2 0
TARGET 24778 1 1 0 2 0
TARGET 24779 1 1 0 2 0
TARGET 24780 1 1 0 2 0
TARGET 24781 1 1 0 2 0
TARGET 24782 1 0 0 1 0
TARGET 24783 1 0 0 1 0
TARGET 24784 1 0 0 1 0
TARGET 24785 1 0 0 1 0
TARGET 24786 1 0 0 1 0
TARGET 24787 1 0 0 1 0
TARGET 24788 1 1 0 2 0
TARGET 24789 1 2 0 3 0
TARGET 24790 1 1 0 2 0
TARGET 24791 1 1 0 2 0
TARGET 24792 1 1 0 2 0
TARGET 24793 1 1 0 2 0
TARGET 24794 1 1 0 2 0
TARGET 24795 1 1 0 2 0
TARGET 24796 1 0 0 1 0
TARGET 24797 1 1 0 2 0
TARGET 24798 1 0 0 1 0
TARGET 24799 1 0 0 1 0
TARGET 24800 1 0 0 1 0
TARGET 24801 1 0 0 1 0
TARGET 24802 1 0 0 1 0
TARGET 24803 1 0 0 1 0
TARGET 24804 1 0 0 1 0
TARGET 24805 1 0 0 1 0
TARGET 24806 1 0 0 1 0
TARGET 24807 1 0 0 1 0
TARGET 24808 1 0 0 1 0
TARGET 24809 1 1 0 2 0
TARGET 24810 1 1 0 2 0
TARGET 24811 1 1 0 2 0
TARGET 24812 1 1 0 2 0
TARGET 24813 1 1 0 2 0
TARGET 24814 1 0 0 1 0
TARGET 24815 1 0 0 1 0
TARGET 24816 1 0 0 1 0
TARGET 24817 1 0 0 1 0
TARGET 24818 1 0 0 1 0
TARGET 24819 1 0 0 1 0
TARGET 24820 1 0 0 1 0
TARGET 24821 1 0 0 1 0
TARGET 24822 1 0 0 1 0
TARGET 24823 1 0 0 1 0
TARGET 24824 1 0 0 1 0
TARGET 24825 1 0 0 1 0
TARGET 24826 1 0 0 1 0
TARGET 24827 1 0 0 1 0
TARGET 24828 1 0 0 1 0
TARGET 24829 1 0 0 1 0
TARGET 24830 1 0 0 1 0
TARGET 24831 1 0 0 1 0
TARGET 24832 1 0 0 1 0
TARGET 24833 1 0 0 1 0
TARGET 24834 1 0 0 1 0
TARGET 24835 1 0 0 1 0
TARGET 24836 1 0 0 1 0
TARGET 24837 1 0 0 1 0
TARGET 24838 1 0 0 1 0
TARGET 24839 1 0 0 1 0
TARGET 24840 1 0 0 1 0
TARGET 24841 1 0 0 1 0
TARGET 24842 1 0 0 1 0
TARGET 24843 1 0 0 1 0
TARGET 24844 1 0 0 0 0
TARGET 24845 1 1 0 1 0
TARGET 24846 1 0 0 0 0
TARGET 24847 1 1 0 1 0
TARGET 24848 1 0 0 0 0
TARGET 24849 1 0 0 0 0
TARGET 24850 1 1 0 1 0
TARGET 24851 1 0 0 0 0
TARGET 24852 1 0 0 0 0
TARGET 24853 1 0 0 0 0
TARGET 24854 1 0 0 0 0
TARGET 24855 1 0 0 0 0
TARGET 24856 1 0 0 0 0
TARGET 24857 1 2 0 3 0
TARGET 24858 1 1 0 2 0
TARGET 24859 1 1 0 3 0
TARGET 24860 1 1 0 2 0
TARGET 24861 1 1 0 2 0
TARGET 24862 1 1 0 3 0
TARGET 24863 1 1 0 2 0
TARGET 24864 1 1 0 2 0
TARGET 24865 1 1 0 2 0
TARGET 24866 1 1 0 2 0
TARGET 24867 1 1 0 2 0
TARGET 24868 1 1 0 2 0
TARGET 24869 1 0 0 1 0
TARGET 24870 1 1 0 2 0
TARGET 24871 1 0 0 1 0
TARGET 24872 1 0 0 1 0
TARGET 24873 1 1 0 2 0
TARGET 24874 1 0 0 1 0
TARGET 24875 1 0 0 1 0
TARGET 24876 1 0 0 1 0
TARGET 24877 1 0 0 1 0
TARGET 24878 1 0 0 1 0
TARGET 24879 1 0 0 1 0
TARGET 24880 1 0 0 2 0
TARGET 24881 1 0 0 0 0
TARGET 24882 1 2 0 3 0
TARGET 24883 1 1 0 2 0
TARGET 24884 1 1 0 2 0
TARGET 24885 1 1 0 3 0
TARGET 24886 1 1 0 2 0
TARGET 24887 1 1 0 2 0
TARGET 24888 1 1 0 2 0
TARGET 24889 1 1 0 2 0
TARGET 24890 1 1 0 2 0
TARGET 24891 1 1 0 2 0
TARGET 24892 1 0 0 1 0
TARGET 24893 1 0 0 1 0
TARGET 24894 1 1 0 2 0
TARGET 24895 1 0 0 1 0
TARGET 24896 1 0 0 1 0
TARGET 24897 1 0 0 1 0
TARGET 24898 1 0 0 1 0
TARGET 24899 1 0 0 1 0
TARGET 24900 1 0 0 1 0
TARGET 24901 1 0 0 2 0
TARGET 24902 1 0 0 0 0
TARGET 24903 1 0 0 1 0
TARGET 24904 1 1 0 2 0
TARGET 24905 1 0 0 1 0
TARGET 24906 1 0 0 1 0
TARGET 24907 1 0 0 1 0
TARGET 24908 1 0 0 1 0
TARGET 24909 1 0 0 1 0
TARGET 24910 1 0 0 1 0
TARGET 24911 1 0 0 0 0
TARGET 24912 1 2 0 3 0
TARGET 24913 1 1 0 2 0
TARGET 24914 1 1 0 2 0
TARGET 24915 1 1 0 2 0
TARGET 24916 1 1 0 2 0
TARGET 24917 1 1 0 2 0
TARGET 24918 1 1 0 2 0
TARGET 24919 1 0 0 1 0
TARGET 24920 1 0 0 1 0
TARGET 24921 1 0 0 1 0
TARGET 24922 1 0 0 1 0
TARGET 24923 1 0 0 1 0
TARGET 24924 1 0 0 1 0
TARGET 24925 1 0 0 2 0
TARGET 24926 1 0 0 0 0
TARGET 24927 1 0 0 1 0
TARGET 24928 1 0 0 1 0
TARGET 24929 1 0 0 1 0
TARGET 24930 1 0 0 1 0
TARGET 24931 1 0 0 1 0
TARGET 24932 1 0 0 0 0
TARGET 24933 1 0 0 1 0
TARGET 24934 1 0 0 1 0
TARGET 24935 1 0 0 1 0
TARGET 24936 1 0 0 1 0
TARGET 24937 1 0 0 0 0
TARGET 24938 1 0 0 1 0
TARGET 24939 1 0 0 1 0
TARGET 24940 1 0 0 1 0
TARGET 24941 1 0 0 0 0
TARGET 24942 1 0 0 1 0
TARGET 24943 1 0 0 1 0
TARGET 24944 1 0 0 0 0
TARGET 24945 1 0 0 1 0
TARGET 24946 1 0 0 0 0
TARGET 24947 1 3 0 4 0
TARGET 24948 1 2 0 3 0
TARGET 24949 1 1 0 4 0
TARGET 24950 1 1 0 3 0
TARGET 24951 1 2 0 3 0
TARGET 24952 1 1 0 4 0
TARGET 24953 1 1 0 3 0
TARGET 24954 1 2 0 3 0
TARGET 24955 1 2 0 3 0
TARGET 24956 1 1 0 3 0
TARGET 24957 1 1 0 3 0
TARGET 24958 1 2 0 3 0
TARGET 24959 1 2 0 3 0
TARGET 24960 1 1 0 2 0
TARGET 24961 1 1 0 3 0
TARGET 24962 1 1 0 2 0
TARGET 24963 1 1 0 2 0
TARGET 24964 1 1 0 3 0
TARGET 24965 1 1 0 2 0
TARGET 24966 1 1 0 2 0
TARGET 24967 1 1 0 2 0
TARGET 24968 1 1 0 2 0
TARGET 24969 1 1 0 2 0
TARGET 24970 1 1 0 2 0
TARGET 24971 1 1 0 4 0
TARGET 24972 1 1 0 3 0
TARGET 24973 1 1 0 4 0
TARGET 24974 1 1 0 3 0
TARGET 24975 1 1 0 3 0
TARGET 24976 1 1 0 4 0
TARGET 24977 1 1 0 3 0
TARGET 24978 1 1 0 3 0
TARGET 24979 1 1 0 3 0
TARGET 24980 1 1 0 3 0
TARGET 24981 1 1 0 3 0
TARGET 24982 1 1 0 3 0
TARGET 24983 1 1 0 3 0
TARGET 24984 1 1 0 2 0
TARGET 24985 1 1 0 3 0
TARGET 24986 1 1 0 2 0
TARGET 24987 1 1 0 2 0
TARGET 24988 1 1 0 3 0
TARGET 24989 1 1 0 2 0
TARGET 24990 1 1 0 2 0
TARGET 24991 1 1 0 2 0
TARGET 24992 1 1 0 2 0
TARGET 24993 1 1 0 2 0
TARGET 24994 1 1 0 2 0
TARGET 24995 1 2 0 3 0
TARGET 24996 1 1 0 4 0
TARGET 24997 1 1 0 3 0
TARGET 24998 1 2 0 3 0
TARGET 24999 1 2 0 3 0
TARGET 25000 1 1 0 3 0
PASS_1962_MONOMIAL_INTERVAL 24001 25000 1000 0
