TARGET 39001 1 1 0 3 0
TARGET 39002 1 0 0 1 0
TARGET 39003 1 0 0 1 0
TARGET 39004 1 0 0 1 0
TARGET 39005 1 0 0 1 0
TARGET 39006 1 0 0 1 0
TARGET 39007 1 0 0 1 0
TARGET 39008 1 1 0 2 0
TARGET 39009 1 1 0 2 0
TARGET 39010 1 0 0 1 0
TARGET 39011 1 0 0 1 0
TARGET 39012 1 0 0 1 0
TARGET 39013 1 0 0 1 0
TARGET 39014 1 0 0 1 0
TARGET 39015 1 1 0 2 0
TARGET 39016 1 1 0 2 0
TARGET 39017 1 1 0 2 0
TARGET 39018 1 1 0 2 0
TARGET 39019 1 1 0 2 0
TARGET 39020 1 1 0 3 0
TARGET 39021 1 0 0 1 0
TARGET 39022 1 0 0 1 0
TARGET 39023 1 0 0 1 0
TARGET 39024 1 0 0 1 0
TARGET 39025 1 0 0 1 0
TARGET 39026 1 1 0 2 0
TARGET 39027 1 0 0 1 0
TARGET 39028 1 0 0 1 0
TARGET 39029 1 0 0 1 0
TARGET 39030 1 0 0 1 0
TARGET 39031 1 0 0 1 0
TARGET 39032 1 0 0 1 0
TARGET 39033 1 0 0 1 0
TARGET 39034 1 0 0 1 0
TARGET 39035 1 1 0 2 0
TARGET 39036 1 0 0 1 0
TARGET 39037 1 0 0 1 0
TARGET 39038 1 0 0 1 0
TARGET 39039 1 0 0 1 0
TARGET 39040 1 0 0 1 0
TARGET 39041 1 0 0 1 0
TARGET 39042 1 1 0 2 0
TARGET 39043 1 0 0 1 0
TARGET 39044 1 0 0 1 0
TARGET 39045 1 0 0 1 0
TARGET 39046 1 1 0 2 0
TARGET 39047 1 0 0 1 0
TARGET 39048 1 0 0 1 0
TARGET 39049 1 0 0 1 0
TARGET 39050 1 1 0 2 0
TARGET 39051 1 1 0 1 0
TARGET 39052 1 0 0 0 0
TARGET 39053 1 1 0 1 0
TARGET 39054 1 0 0 0 0
TARGET 39055 1 0 0 0 0
TARGET 39056 1 0 0 0 0
TARGET 39057 1 0 0 0 0
TARGET 39058 1 0 0 0 0
TARGET 39059 1 1 0 2 0
TARGET 39060 1 1 0 2 0
TARGET 39061 1 1 0 2 0
TARGET 39062 1 1 0 2 0
TARGET 39063 1 1 0 2 0
TARGET 39064 1 1 0 2 0
TARGET 39065 1 1 0 3 0
TARGET 39066 1 1 0 1 0
TARGET 39067 1 1 0 2 0
TARGET 39068 1 1 0 2 0
TARGET 39069 1 1 0 2 0
TARGET 39070 1 1 0 2 0
TARGET 39071 1 1 0 2 0
TARGET 39072 1 1 0 3 0
TARGET 39073 1 1 0 1 0
TARGET 39074 1 1 0 2 0
TARGET 39075 1 1 0 2 0
TARGET 39076 1 1 0 2 0
TARGET 39077 1 1 0 2 0
TARGET 39078 1 1 0 3 0
TARGET 39079 1 1 0 1 0
TARGET 39080 1 1 0 2 0
TARGET 39081 1 1 0 2 0
TARGET 39082 1 1 0 2 0
TARGET 39083 1 1 0 3 0
TARGET 39084 1 1 0 1 0
TARGET 39085 1 1 0 2 0
TARGET 39086 1 1 0 2 0
TARGET 39087 1 1 0 3 0
TARGET 39088 1 1 0 1 0
TARGET 39089 1 1 0 2 0
TARGET 39090 1 1 0 3 0
TARGET 39091 1 1 0 1 0
TARGET 39092 1 1 0 4 0
TARGET 39093 1 1 0 3 0
TARGET 39094 1 0 0 1 0
TARGET 39095 1 0 0 1 0
TARGET 39096 1 0 0 1 0
TARGET 39097 1 0 0 1 0
TARGET 39098 1 0 0 1 0
TARGET 39099 1 0 0 1 0
TARGET 39100 1 1 0 2 0
TARGET 39101 1 0 0 0 0
TARGET 39102 1 1 0 1 0
TARGET 39103 1 1 0 1 0
TARGET 39104 1 1 0 1 0
TARGET 39105 1 0 0 1 0
TARGET 39106 1 0 0 1 0
TARGET 39107 1 1 0 2 0
TARGET 39108 1 0 0 0 0
TARGET 39109 1 1 0 1 0
TARGET 39110 1 1 0 1 0
TARGET 39111 1 0 0 1 0
TARGET 39112 1 0 0 1 0
TARGET 39113 1 1 0 2 0
TARGET 39114 1 0 0 0 0
TARGET 39115 1 1 0 1 0
TARGET 39116 1 0 0 1 0
TARGET 39117 1 0 0 1 0
TARGET 39118 1 1 0 2 0
TARGET 39119 1 0 0 0 0
TARGET 39120 1 0 0 1 0
TARGET 39121 1 0 0 1 0
TARGET 39122 1 1 0 2 0
TARGET 39123 1 0 0 0 0
TARGET 39124 1 0 0 1 0
TARGET 39125 1 1 0 2 0
TARGET 39126 1 0 0 0 0
TARGET 39127 1 1 0 3 0
TARGET 39128 1 0 0 2 0
TARGET 39129 1 1 0 2 0
TARGET 39130 1 0 0 1 0
TARGET 39131 1 0 0 1 0
TARGET 39132 1 0 0 1 0
TARGET 39133 1 0 0 1 0
TARGET 39134 1 0 0 1 0
TARGET 39135 1 1 0 2 0
TARGET 39136 1 1 0 2 0
TARGET 39137 1 1 0 2 0
TARGET 39138 1 1 0 2 0
TARGET 39139 1 1 0 2 0
TARGET 39140 1 1 0 3 0
TARGET 39141 1 0 0 1 0
TARGET 39142 1 0 0 1 0
TARGET 39143 1 0 0 1 0
TARGET 39144 1 0 0 1 0
TARGET 39145 1 0 0 1 0
TARGET 39146 1 1 0 2 0
TARGET 39147 1 0 0 1 0
TARGET 39148 1 0 0 1 0
TARGET 39149 1 0 0 1 0
TARGET 39150 1 0 0 1 0
TARGET 39151 1 0 0 1 0
TARGET 39152 1 0 0 1 0
TARGET 39153 1 0 0 1 0
TARGET 39154 1 0 0 1 0
TARGET 39155 1 1 0 2 0
TARGET 39156 1 0 0 1 0
TARGET 39157 1 0 0 1 0
TARGET 39158 1 0 0 1 0
TARGET 39159 1 0 0 1 0
TARGET 39160 1 0 0 1 0
TARGET 39161 1 0 0 1 0
TARGET 39162 1 1 0 2 0
TARGET 39163 1 0 0 1 0
TARGET 39164 1 0 0 1 0
TARGET 39165 1 0 0 1 0
TARGET 39166 1 1 0 2 0
TARGET 39167 1 0 0 1 0
TARGET 39168 1 0 0 1 0
TARGET 39169 1 0 0 1 0
TARGET 39170 1 1 0 2 0
TARGET 39171 1 1 0 1 0
TARGET 39172 1 0 0 0 0
TARGET 39173 1 0 0 0 0
TARGET 39174 1 0 0 0 0
TARGET 39175 1 0 0 0 0
TARGET 39176 1 0 0 0 0
TARGET 39177 1 1 0 2 0
TARGET 39178 1 1 0 2 0
TARGET 39179 1 1 0 2 0
TARGET 39180 1 1 0 2 0
TARGET 39181 1 1 0 2 0
TARGET 39182 1 1 0 3 0
TARGET 39183 1 1 0 1 0
TARGET 39184 1 1 0 2 0
TARGET 39185 1 1 0 2 0
TARGET 39186 1 1 0 2 0
TARGET 39187 1 1 0 2 0
TARGET 39188 1 1 0 3 0
TARGET 39189 1 1 0 1 0
TARGET 39190 1 1 0 2 0
TARGET 39191 1 1 0 2 0
TARGET 39192 1 1 0 2 0
TARGET 39193 1 1 0 3 0
TARGET 39194 1 1 0 1 0
TARGET 39195 1 1 0 2 0
TARGET 39196 1 1 0 2 0
TARGET 39197 1 1 0 3 0
TARGET 39198 1 1 0 1 0
TARGET 39199 1 1 0 2 0
TARGET 39200 1 1 0 3 0
TARGET 39201 1 1 0 1 0
TARGET 39202 1 1 0 4 0
TARGET 39203 1 1 0 3 0
TARGET 39204 1 1 0 1 0
TARGET 39205 1 1 0 1 0
TARGET 39206 1 1 0 1 0
TARGET 39207 1 0 0 1 0
TARGET 39208 1 0 0 1 0
TARGET 39209 1 1 0 2 0
TARGET 39210 1 0 0 0 0
TARGET 39211 1 1 0 1 0
TARGET 39212 1 1 0 1 0
TARGET 39213 1 0 0 1 0
TARGET 39214 1 0 0 1 0
TARGET 39215 1 1 0 2 0
TARGET 39216 1 0 0 0 0
TARGET 39217 1 1 0 1 0
TARGET 39218 1 0 0 1 0
TARGET 39219 1 0 0 1 0
TARGET 39220 1 1 0 2 0
TARGET 39221 1 0 0 0 0
TARGET 39222 1 0 0 1 0
TARGET 39223 1 0 0 1 0
TARGET 39224 1 1 0 2 0
TARGET 39225 1 0 0 0 0
TARGET 39226 1 0 0 1 0
TARGET 39227 1 1 0 2 0
TARGET 39228 1 0 0 0 0
TARGET 39229 1 1 0 3 0
TARGET 39230 1 0 0 2 0
TARGET 39231 1 1 0 1 0
TARGET 39232 1 1 0 1 0
TARGET 39233 1 1 0 1 0
TARGET 39234 1 0 0 1 0
TARGET 39235 1 0 0 1 0
TARGET 39236 1 1 0 1 0
TARGET 39237 1 0 0 1 0
TARGET 39238 1 0 0 1 0
TARGET 39239 1 1 0 2 0
TARGET 39240 1 0 0 0 0
TARGET 39241 1 1 0 1 0
TARGET 39242 1 1 0 1 0
TARGET 39243 1 0 0 1 0
TARGET 39244 1 0 0 1 0
TARGET 39245 1 1 0 1 0
TARGET 39246 1 0 0 1 0
TARGET 39247 1 0 0 1 0
TARGET 39248 1 1 0 2 0
TARGET 39249 1 1 0 1 0
TARGET 39250 1 0 0 1 0
TARGET 39251 1 0 0 1 0
TARGET 39252 1 1 0 2 0
TARGET 39253 1 0 0 0 0
TARGET 39254 1 0 0 1 0
TARGET 39255 1 0 0 1 0
TARGET 39256 1 0 0 1 0
TARGET 39257 1 1 0 2 0
TARGET 39258 1 0 0 1 0
TARGET 39259 1 0 0 1 0
TARGET 39260 1 0 0 1 0
TARGET 39261 1 1 0 2 0
TARGET 39262 1 1 0 1 0
TARGET 39263 1 0 0 1 0
TARGET 39264 1 0 0 1 0
TARGET 39265 1 1 0 2 0
TARGET 39266 1 0 0 0 0
TARGET 39267 1 0 0 1 0
TARGET 39268 1 0 0 1 0
TARGET 39269 1 1 0 2 0
TARGET 39270 1 0 0 0 0
TARGET 39271 1 0 0 1 0
TARGET 39272 1 1 0 2 0
TARGET 39273 1 0 0 0 0
TARGET 39274 1 1 0 3 0
TARGET 39275 1 0 0 2 0
TARGET 39276 1 0 0 0 0
TARGET 39277 1 0 0 0 0
TARGET 39278 1 0 0 0 0
TARGET 39279 1 1 0 1 0
TARGET 39280 1 0 0 1 0
TARGET 39281 1 0 0 1 0
TARGET 39282 1 1 0 1 0
TARGET 39283 1 0 0 1 0
TARGET 39284 1 0 0 1 0
TARGET 39285 1 1 0 2 0
TARGET 39286 1 0 0 0 0
TARGET 39287 1 0 0 1 0
TARGET 39288 1 0 0 1 0
TARGET 39289 1 0 0 1 0
TARGET 39290 1 1 0 2 0
TARGET 39291 1 0 0 1 0
TARGET 39292 1 0 0 1 0
TARGET 39293 1 0 0 1 0
TARGET 39294 1 1 0 2 0
TARGET 39295 1 1 0 1 0
TARGET 39296 1 0 0 1 0
TARGET 39297 1 0 0 1 0
TARGET 39298 1 1 0 2 0
TARGET 39299 1 0 0 0 0
TARGET 39300 1 0 0 1 0
TARGET 39301 1 0 0 1 0
TARGET 39302 1 1 0 2 0
TARGET 39303 1 0 0 0 0
TARGET 39304 1 0 0 1 0
TARGET 39305 1 1 0 2 0
TARGET 39306 1 0 0 0 0
TARGET 39307 1 1 0 3 0
TARGET 39308 1 0 0 2 0
TARGET 39309 1 0 0 0 0
TARGET 39310 1 0 0 0 0
TARGET 39311 1 0 0 1 0
TARGET 39312 1 0 0 1 0
TARGET 39313 1 0 0 1 0
TARGET 39314 1 1 0 2 0
TARGET 39315 1 0 0 0 0
TARGET 39316 1 0 0 1 0
TARGET 39317 1 0 0 1 0
TARGET 39318 1 1 0 2 0
TARGET 39319 1 0 0 0 0
TARGET 39320 1 0 0 1 0
TARGET 39321 1 1 0 2 0
TARGET 39322 1 0 0 0 0
TARGET 39323 1 2 0 3 0
TARGET 39324 1 0 0 2 0
TARGET 39325 1 0 0 1 0
TARGET 39326 1 0 0 1 0
TARGET 39327 1 0 0 1 0
TARGET 39328 1 1 0 2 0
TARGET 39329 1 0 0 0 0
TARGET 39330 1 0 0 1 0
TARGET 39331 1 0 0 1 0
TARGET 39332 1 1 0 2 0
TARGET 39333 1 0 0 0 0
TARGET 39334 1 0 0 1 0
TARGET 39335 1 1 0 2 0
TARGET 39336 1 0 0 0 0
TARGET 39337 1 2 0 3 0
TARGET 39338 1 0 0 2 0
TARGET 39339 1 1 0 1 0
TARGET 39340 1 0 0 1 0
TARGET 39341 1 1 0 1 0
TARGET 39342 1 0 0 1 0
TARGET 39343 1 1 0 1 0
TARGET 39344 1 0 0 1 0
TARGET 39345 1 0 0 1 0
TARGET 39346 1 1 0 1 0
TARGET 39347 1 1 0 1 0
TARGET 39348 1 1 0 1 0
TARGET 39349 1 1 0 1 0
TARGET 39350 1 1 0 1 0
TARGET 39351 1 0 0 1 0
TARGET 39352 1 0 0 1 0
TARGET 39353 1 0 0 1 0
TARGET 39354 1 1 0 1 0
TARGET 39355 1 0 0 1 0
TARGET 39356 1 1 0 1 0
TARGET 39357 1 1 0 1 0
TARGET 39358 1 0 0 0 0
TARGET 39359 1 0 0 1 0
TARGET 39360 1 0 0 1 0
TARGET 39361 1 0 0 1 0
TARGET 39362 1 0 0 1 0
TARGET 39363 1 0 0 1 0
TARGET 39364 1 0 0 1 0
TARGET 39365 1 0 0 1 0
TARGET 39366 1 0 0 1 0
TARGET 39367 1 0 0 1 0
TARGET 39368 1 0 0 1 0
TARGET 39369 1 0 0 1 0
TARGET 39370 1 0 0 1 0
TARGET 39371 1 0 0 1 0
TARGET 39372 1 0 0 1 0
TARGET 39373 1 0 0 1 0
TARGET 39374 1 0 0 1 0
TARGET 39375 1 0 0 1 0
TARGET 39376 1 0 0 1 0
TARGET 39377 1 0 0 0 0
TARGET 39378 1 0 0 1 0
TARGET 39379 1 1 0 1 0
TARGET 39380 1 1 0 1 0
TARGET 39381 1 1 0 1 0
TARGET 39382 1 1 0 1 0
TARGET 39383 1 1 0 1 0
TARGET 39384 1 0 0 1 0
TARGET 39385 1 0 0 1 0
TARGET 39386 1 0 0 1 0
TARGET 39387 1 0 0 1 0
TARGET 39388 1 0 0 1 0
TARGET 39389 1 0 0 1 0
TARGET 39390 1 0 0 1 0
TARGET 39391 1 0 0 1 0
TARGET 39392 1 0 0 1 0
TARGET 39393 1 0 0 1 0
TARGET 39394 1 0 0 1 0
TARGET 39395 1 0 0 1 0
TARGET 39396 1 0 0 1 0
TARGET 39397 1 0 0 1 0
TARGET 39398 1 0 0 1 0
TARGET 39399 1 0 0 1 0
TARGET 39400 1 0 0 1 0
TARGET 39401 1 0 0 1 0
TARGET 39402 1 0 0 0 0
TARGET 39403 1 1 0 1 0
TARGET 39404 1 1 0 1 0
TARGET 39405 1 1 0 1 0
TARGET 39406 1 1 0 1 0
TARGET 39407 1 1 0 1 0
TARGET 39408 1 0 0 1 0
TARGET 39409 1 0 0 1 0
TARGET 39410 1 0 0 1 0
TARGET 39411 1 0 0 1 0
TARGET 39412 1 0 0 1 0
TARGET 39413 1 0 0 1 0
TARGET 39414 1 0 0 1 0
TARGET 39415 1 0 0 1 0
TARGET 39416 1 0 0 1 0
TARGET 39417 1 0 0 1 0
TARGET 39418 1 0 0 1 0
TARGET 39419 1 0 0 1 0
TARGET 39420 1 0 0 1 0
TARGET 39421 1 0 0 1 0
TARGET 39422 1 0 0 1 0
TARGET 39423 1 0 0 1 0
TARGET 39424 1 1 0 1 0
TARGET 39425 1 1 0 1 0
TARGET 39426 1 1 0 1 0
TARGET 39427 1 1 0 1 0
TARGET 39428 1 1 0 1 0
TARGET 39429 1 0 0 1 0
TARGET 39430 1 0 0 1 0
TARGET 39431 1 0 0 1 0
TARGET 39432 1 1 0 1 0
TARGET 39433 1 0 0 1 0
TARGET 39434 1 1 0 1 0
TARGET 39435 1 1 0 1 0
TARGET 39436 1 0 0 0 0
TARGET 39437 1 1 0 1 0
TARGET 39438 1 1 0 1 0
TARGET 39439 1 1 0 1 0
TARGET 39440 1 1 0 1 0
TARGET 39441 1 0 0 1 0
TARGET 39442 1 0 0 1 0
TARGET 39443 1 0 0 1 0
TARGET 39444 1 1 0 1 0
TARGET 39445 1 0 0 1 0
TARGET 39446 1 1 0 1 0
TARGET 39447 1 1 0 1 0
TARGET 39448 1 0 0 0 0
TARGET 39449 1 1 0 1 0
TARGET 39450 1 1 0 1 0
TARGET 39451 1 1 0 1 0
TARGET 39452 1 0 0 1 0
TARGET 39453 1 0 0 1 0
TARGET 39454 1 0 0 0 0
TARGET 39455 1 1 0 1 0
TARGET 39456 1 1 0 1 0
TARGET 39457 1 0 0 1 0
TARGET 39458 1 0 0 1 0
TARGET 39459 1 0 0 0 0
TARGET 39460 1 1 0 1 0
TARGET 39461 1 0 0 1 0
TARGET 39462 1 0 0 1 0
TARGET 39463 1 0 0 0 0
TARGET 39464 1 0 0 1 0
TARGET 39465 1 0 0 1 0
TARGET 39466 1 0 0 0 0
TARGET 39467 1 0 0 1 0
TARGET 39468 1 0 0 0 0
TARGET 39469 1 0 0 1 0
TARGET 39470 1 0 0 1 0
TARGET 39471 1 0 0 1 0
TARGET 39472 1 0 0 1 0
TARGET 39473 1 0 0 1 0
TARGET 39474 1 1 0 1 0
TARGET 39475 1 1 0 1 0
TARGET 39476 1 1 0 1 0
TARGET 39477 1 0 0 1 0
TARGET 39478 1 0 0 1 0
TARGET 39479 1 0 0 1 0
TARGET 39480 1 0 0 1 0
TARGET 39481 1 0 0 1 0
TARGET 39482 1 0 0 1 0
TARGET 39483 1 0 0 1 0
TARGET 39484 1 1 0 1 0
TARGET 39485 1 1 0 1 0
TARGET 39486 1 1 0 1 0
TARGET 39487 1 0 0 1 0
TARGET 39488 1 0 0 1 0
TARGET 39489 1 1 0 1 0
TARGET 39490 1 1 0 1 0
TARGET 39491 1 1 0 1 0
TARGET 39492 1 0 0 1 0
TARGET 39493 1 0 0 1 0
TARGET 39494 1 0 0 0 0
TARGET 39495 1 0 0 0 0
TARGET 39496 1 0 0 0 0
TARGET 39497 1 0 0 0 0
TARGET 39498 1 0 0 0 0
TARGET 39499 1 0 0 0 0
TARGET 39500 1 0 0 0 0
TARGET 39501 1 0 0 0 0
TARGET 39502 1 0 0 0 0
TARGET 39503 1 0 0 1 0
TARGET 39504 1 0 0 1 0
TARGET 39505 1 0 0 1 0
TARGET 39506 1 0 0 1 0
TARGET 39507 1 0 0 1 0
TARGET 39508 1 0 0 1 0
TARGET 39509 1 0 0 1 0
TARGET 39510 1 0 0 1 0
TARGET 39511 1 0 0 1 0
TARGET 39512 1 0 0 1 0
TARGET 39513 1 0 0 1 0
TARGET 39514 1 0 0 1 0
TARGET 39515 1 0 0 1 0
TARGET 39516 1 0 0 1 0
TARGET 39517 1 0 0 1 0
TARGET 39518 1 0 0 1 0
TARGET 39519 1 0 0 1 0
TARGET 39520 1 0 0 1 0
TARGET 39521 1 0 0 1 0
TARGET 39522 1 0 0 1 0
TARGET 39523 1 0 0 1 0
TARGET 39524 1 0 0 1 0
TARGET 39525 1 0 0 1 0
TARGET 39526 1 0 0 1 0
TARGET 39527 1 0 0 1 0
TARGET 39528 1 0 0 1 0
TARGET 39529 1 0 0 1 0
TARGET 39530 1 0 0 1 0
TARGET 39531 1 0 0 1 0
TARGET 39532 1 0 0 1 0
TARGET 39533 1 0 0 1 0
TARGET 39534 1 0 0 1 0
TARGET 39535 1 0 0 1 0
TARGET 39536 1 0 0 1 0
TARGET 39537 1 0 0 1 0
TARGET 39538 1 0 0 1 0
TARGET 39539 1 0 0 1 0
TARGET 39540 1 0 0 1 0
TARGET 39541 1 0 0 1 0
TARGET 39542 1 0 0 1 0
TARGET 39543 1 0 0 1 0
TARGET 39544 1 0 0 1 0
TARGET 39545 1 0 0 1 0
TARGET 39546 1 0 0 1 0
TARGET 39547 1 0 0 1 0
TARGET 39548 1 0 0 1 0
TARGET 39549 1 0 0 1 0
TARGET 39550 1 0 0 1 0
TARGET 39551 1 0 0 1 0
TARGET 39552 1 0 0 1 0
TARGET 39553 1 0 0 1 0
TARGET 39554 1 0 0 1 0
TARGET 39555 1 0 0 1 0
TARGET 39556 1 0 0 1 0
TARGET 39557 1 0 0 1 0
TARGET 39558 1 0 0 1 0
TARGET 39559 1 0 0 1 0
TARGET 39560 1 0 0 1 0
TARGET 39561 1 0 0 1 0
TARGET 39562 1 0 0 1 0
TARGET 39563 1 0 0 1 0
TARGET 39564 1 0 0 1 0
TARGET 39565 1 0 0 1 0
TARGET 39566 1 0 0 1 0
TARGET 39567 1 0 0 1 0
TARGET 39568 1 0 0 1 0
TARGET 39569 1 0 0 1 0
TARGET 39570 1 0 0 1 0
TARGET 39571 1 0 0 1 0
TARGET 39572 1 0 0 1 0
TARGET 39573 1 0 0 1 0
TARGET 39574 1 0 0 1 0
TARGET 39575 1 0 0 1 0
TARGET 39576 1 0 0 1 0
TARGET 39577 1 0 0 1 0
TARGET 39578 1 0 0 1 0
TARGET 39579 1 0 0 1 0
TARGET 39580 1 0 0 1 0
TARGET 39581 1 0 0 1 0
TARGET 39582 1 0 0 1 0
TARGET 39583 1 0 0 1 0
TARGET 39584 1 0 0 0 0
TARGET 39585 1 0 0 0 0
TARGET 39586 1 0 0 0 0
TARGET 39587 1 0 0 0 0
TARGET 39588 1 0 0 0 0
TARGET 39589 1 0 0 0 0
TARGET 39590 1 0 0 0 0
TARGET 39591 1 0 0 0 0
TARGET 39592 1 0 0 0 0
TARGET 39593 1 0 0 1 0
TARGET 39594 1 0 0 1 0
TARGET 39595 1 0 0 1 0
TARGET 39596 1 0 0 1 0
TARGET 39597 1 0 0 1 0
TARGET 39598 1 0 0 1 0
TARGET 39599 1 0 0 1 0
TARGET 39600 1 0 0 1 0
TARGET 39601 1 0 0 0 0
TARGET 39602 1 1 0 1 0
TARGET 39603 1 1 0 1 0
TARGET 39604 1 1 0 1 0
TARGET 39605 1 1 0 1 0
TARGET 39606 1 1 0 1 0
TARGET 39607 1 0 0 1 0
TARGET 39608 1 0 0 1 0
TARGET 39609 1 0 0 0 0
TARGET 39610 1 1 0 1 0
TARGET 39611 1 1 0 1 0
TARGET 39612 1 1 0 1 0
TARGET 39613 1 1 0 1 0
TARGET 39614 1 0 0 1 0
TARGET 39615 1 0 0 1 0
TARGET 39616 1 0 0 0 0
TARGET 39617 1 1 0 1 0
TARGET 39618 1 1 0 1 0
TARGET 39619 1 1 0 1 0
TARGET 39620 1 0 0 1 0
TARGET 39621 1 0 0 1 0
TARGET 39622 1 0 0 0 0
TARGET 39623 1 1 0 1 0
TARGET 39624 1 1 0 1 0
TARGET 39625 1 0 0 1 0
TARGET 39626 1 0 0 1 0
TARGET 39627 1 0 0 0 0
TARGET 39628 1 1 0 1 0
TARGET 39629 1 0 0 1 0
TARGET 39630 1 0 0 1 0
TARGET 39631 1 0 0 0 0
TARGET 39632 1 0 0 1 0
TARGET 39633 1 0 0 1 0
TARGET 39634 1 0 0 0 0
TARGET 39635 1 0 0 1 0
TARGET 39636 1 0 0 0 0
TARGET 39637 1 0 0 1 0
TARGET 39638 1 0 0 1 0
TARGET 39639 1 0 0 1 0
TARGET 39640 1 0 0 1 0
TARGET 39641 1 0 0 1 0
TARGET 39642 1 0 0 1 0
TARGET 39643 1 0 0 1 0
TARGET 39644 1 0 0 1 0
TARGET 39645 1 0 0 1 0
TARGET 39646 1 0 0 1 0
TARGET 39647 1 0 0 1 0
TARGET 39648 1 0 0 1 0
TARGET 39649 1 0 0 1 0
TARGET 39650 1 0 0 1 0
TARGET 39651 1 0 0 1 0
TARGET 39652 1 0 0 1 0
TARGET 39653 1 0 0 1 0
TARGET 39654 1 0 0 1 0
TARGET 39655 1 0 0 1 0
TARGET 39656 1 0 0 1 0
TARGET 39657 1 0 0 1 0
TARGET 39658 1 0 0 1 0
TARGET 39659 1 0 0 1 0
TARGET 39660 1 0 0 1 0
TARGET 39661 1 0 0 1 0
TARGET 39662 1 0 0 1 0
TARGET 39663 1 0 0 1 0
TARGET 39664 1 0 0 1 0
TARGET 39665 1 0 0 1 0
TARGET 39666 1 0 0 1 0
TARGET 39667 1 0 0 1 0
TARGET 39668 1 0 0 1 0
TARGET 39669 1 0 0 1 0
TARGET 39670 1 0 0 1 0
TARGET 39671 1 0 0 1 0
TARGET 39672 1 0 0 1 0
TARGET 39673 1 0 0 1 0
TARGET 39674 1 0 0 1 0
TARGET 39675 1 0 0 1 0
TARGET 39676 1 0 0 1 0
TARGET 39677 1 0 0 1 0
TARGET 39678 1 0 0 1 0
TARGET 39679 1 0 0 1 0
TARGET 39680 1 0 0 1 0
TARGET 39681 1 0 0 1 0
TARGET 39682 1 0 0 1 0
TARGET 39683 1 0 0 1 0
TARGET 39684 1 0 0 1 0
TARGET 39685 1 0 0 1 0
TARGET 39686 1 0 0 1 0
TARGET 39687 1 0 0 1 0
TARGET 39688 1 0 0 1 0
TARGET 39689 1 0 0 1 0
TARGET 39690 1 0 0 1 0
TARGET 39691 1 0 0 1 0
TARGET 39692 1 0 0 1 0
TARGET 39693 1 0 0 1 0
TARGET 39694 1 0 0 1 0
TARGET 39695 1 0 0 1 0
TARGET 39696 1 0 0 1 0
TARGET 39697 1 0 0 1 0
TARGET 39698 1 0 0 1 0
TARGET 39699 1 0 0 1 0
TARGET 39700 1 0 0 1 0
TARGET 39701 1 0 0 0 0
TARGET 39702 1 0 0 0 0
TARGET 39703 1 0 0 0 0
TARGET 39704 1 0 0 0 0
TARGET 39705 1 0 0 0 0
TARGET 39706 1 0 0 0 0
TARGET 39707 1 0 0 0 0
TARGET 39708 1 0 0 0 0
TARGET 39709 1 1 0 1 0
TARGET 39710 1 1 0 1 0
TARGET 39711 1 1 0 1 0
TARGET 39712 1 1 0 1 0
TARGET 39713 1 1 0 1 0
TARGET 39714 1 0 0 1 0
TARGET 39715 1 0 0 1 0
TARGET 39716 1 0 0 0 0
TARGET 39717 1 1 0 1 0
TARGET 39718 1 1 0 1 0
TARGET 39719 1 1 0 1 0
TARGET 39720 1 1 0 1 0
TARGET 39721 1 0 0 1 0
TARGET 39722 1 0 0 1 0
TARGET 39723 1 0 0 0 0
TARGET 39724 1 1 0 1 0
TARGET 39725 1 1 0 1 0
TARGET 39726 1 1 0 1 0
TARGET 39727 1 0 0 1 0
TARGET 39728 1 0 0 1 0
TARGET 39729 1 0 0 0 0
TARGET 39730 1 1 0 1 0
TARGET 39731 1 1 0 1 0
TARGET 39732 1 0 0 1 0
TARGET 39733 1 0 0 1 0
TARGET 39734 1 0 0 0 0
TARGET 39735 1 1 0 1 0
TARGET 39736 1 0 0 1 0
TARGET 39737 1 0 0 1 0
TARGET 39738 1 0 0 0 0
TARGET 39739 1 0 0 1 0
TARGET 39740 1 0 0 1 0
TARGET 39741 1 0 0 0 0
TARGET 39742 1 0 0 1 0
TARGET 39743 1 0 0 0 0
TARGET 39744 1 0 0 1 0
TARGET 39745 1 0 0 1 0
TARGET 39746 1 0 0 1 0
TARGET 39747 1 0 0 1 0
TARGET 39748 1 0 0 1 0
TARGET 39749 1 0 0 1 0
TARGET 39750 1 0 0 1 0
TARGET 39751 1 0 0 0 0
TARGET 39752 1 0 0 1 0
TARGET 39753 1 0 0 1 0
TARGET 39754 1 0 0 1 0
TARGET 39755 1 0 0 1 0
TARGET 39756 1 0 0 1 0
TARGET 39757 1 0 0 1 0
TARGET 39758 1 0 0 0 0
TARGET 39759 1 0 0 1 0
TARGET 39760 1 0 0 1 0
TARGET 39761 1 0 0 1 0
TARGET 39762 1 0 0 1 0
TARGET 39763 1 0 0 1 0
TARGET 39764 1 0 0 0 0
TARGET 39765 1 0 0 1 0
TARGET 39766 1 0 0 1 0
TARGET 39767 1 0 0 1 0
TARGET 39768 1 0 0 1 0
TARGET 39769 1 0 0 0 0
TARGET 39770 1 0 0 1 0
TARGET 39771 1 0 0 1 0
TARGET 39772 1 0 0 1 0
TARGET 39773 1 0 0 0 0
TARGET 39774 1 0 0 1 0
TARGET 39775 1 0 0 1 0
TARGET 39776 1 0 0 0 0
TARGET 39777 1 0 0 1 0
TARGET 39778 1 0 0 0 0
TARGET 39779 1 0 0 1 0
TARGET 39780 1 0 0 1 0
TARGET 39781 1 0 0 1 0
TARGET 39782 1 0 0 1 0
TARGET 39783 1 0 0 1 0
TARGET 39784 1 0 0 1 0
TARGET 39785 1 0 0 1 0
TARGET 39786 1 0 0 0 0
TARGET 39787 1 0 0 1 0
TARGET 39788 1 0 0 1 0
TARGET 39789 1 0 0 1 0
TARGET 39790 1 0 0 1 0
TARGET 39791 1 0 0 1 0
TARGET 39792 1 0 0 1 0
TARGET 39793 1 0 0 0 0
TARGET 39794 1 0 0 1 0
TARGET 39795 1 0 0 1 0
TARGET 39796 1 0 0 1 0
TARGET 39797 1 0 0 1 0
TARGET 39798 1 0 0 1 0
TARGET 39799 1 0 0 0 0
TARGET 39800 1 0 0 1 0
TARGET 39801 1 0 0 1 0
TARGET 39802 1 0 0 1 0
TARGET 39803 1 0 0 1 0
TARGET 39804 1 0 0 0 0
TARGET 39805 1 0 0 1 0
TARGET 39806 1 0 0 1 0
TARGET 39807 1 0 0 1 0
TARGET 39808 1 0 0 0 0
TARGET 39809 1 0 0 1 0
TARGET 39810 1 0 0 1 0
TARGET 39811 1 0 0 0 0
TARGET 39812 1 0 0 1 0
TARGET 39813 1 0 0 0 0
TARGET 39814 1 0 0 1 0
TARGET 39815 1 1 0 1 0
TARGET 39816 1 0 0 1 0
TARGET 39817 1 1 0 1 0
TARGET 39818 1 1 0 1 0
TARGET 39819 1 0 0 1 0
TARGET 39820 1 1 0 1 0
TARGET 39821 1 0 0 1 0
TARGET 39822 1 1 0 1 0
TARGET 39823 1 1 0 1 0
TARGET 39824 1 0 0 1 0
TARGET 39825 1 0 0 1 0
TARGET 39826 1 0 0 1 0
TARGET 39827 1 0 0 1 0
TARGET 39828 1 0 0 1 0
TARGET 39829 1 1 0 1 0
TARGET 39830 1 1 0 1 0
TARGET 39831 1 1 0 1 0
TARGET 39832 1 0 0 1 0
TARGET 39833 1 0 0 1 0
TARGET 39834 1 0 0 1 0
TARGET 39835 1 0 0 1 0
TARGET 39836 1 0 0 1 0
TARGET 39837 1 0 0 1 0
TARGET 39838 1 0 0 1 0
TARGET 39839 1 1 0 1 0
TARGET 39840 1 1 0 1 0
TARGET 39841 1 1 0 1 0
TARGET 39842 1 0 0 1 0
TARGET 39843 1 0 0 1 0
TARGET 39844 1 1 0 1 0
TARGET 39845 1 1 0 1 0
TARGET 39846 1 1 0 1 0
TARGET 39847 1 0 0 1 0
TARGET 39848 1 0 0 1 0
TARGET 39849 1 0 0 0 0
TARGET 39850 1 0 0 0 0
TARGET 39851 1 0 0 0 0
TARGET 39852 1 0 0 0 0
TARGET 39853 1 0 0 0 0
TARGET 39854 1 0 0 1 0
TARGET 39855 1 1 0 1 0
TARGET 39856 1 0 0 1 0
TARGET 39857 1 1 0 1 0
TARGET 39858 1 1 0 1 0
TARGET 39859 1 0 0 1 0
TARGET 39860 1 0 0 1 0
TARGET 39861 1 0 0 1 0
TARGET 39862 1 0 0 1 0
TARGET 39863 1 0 0 1 0
TARGET 39864 1 1 0 1 0
TARGET 39865 1 1 0 1 0
TARGET 39866 1 1 0 1 0
TARGET 39867 1 0 0 1 0
TARGET 39868 1 0 0 1 0
TARGET 39869 1 0 0 1 0
TARGET 39870 1 0 0 1 0
TARGET 39871 1 0 0 1 0
TARGET 39872 1 0 0 1 0
TARGET 39873 1 0 0 1 0
TARGET 39874 1 1 0 1 0
TARGET 39875 1 1 0 1 0
TARGET 39876 1 1 0 1 0
TARGET 39877 1 0 0 1 0
TARGET 39878 1 0 0 1 0
TARGET 39879 1 1 0 1 0
TARGET 39880 1 1 0 1 0
TARGET 39881 1 1 0 1 0
TARGET 39882 1 0 0 1 0
TARGET 39883 1 0 0 1 0
TARGET 39884 1 0 0 0 0
TARGET 39885 1 0 0 0 0
TARGET 39886 1 0 0 0 0
TARGET 39887 1 0 0 0 0
TARGET 39888 1 0 0 0 0
TARGET 39889 1 0 0 1 0
TARGET 39890 1 0 0 1 0
TARGET 39891 1 0 0 1 0
TARGET 39892 1 0 0 1 0
TARGET 39893 1 0 0 1 0
TARGET 39894 1 0 0 0 0
TARGET 39895 1 0 0 1 0
TARGET 39896 1 0 0 1 0
TARGET 39897 1 0 0 1 0
TARGET 39898 1 0 0 1 0
TARGET 39899 1 0 0 0 0
TARGET 39900 1 0 0 1 0
TARGET 39901 1 0 0 1 0
TARGET 39902 1 0 0 1 0
TARGET 39903 1 0 0 0 0
TARGET 39904 1 0 0 1 0
TARGET 39905 1 0 0 1 0
TARGET 39906 1 0 0 0 0
TARGET 39907 1 0 0 1 0
TARGET 39908 1 0 0 0 0
TARGET 39909 1 1 0 1 0
TARGET 39910 1 1 0 1 0
TARGET 39911 1 1 0 1 0
TARGET 39912 1 0 0 1 0
TARGET 39913 1 0 0 1 0
TARGET 39914 1 0 0 0 0
TARGET 39915 1 1 0 1 0
TARGET 39916 1 1 0 1 0
TARGET 39917 1 0 0 1 0
TARGET 39918 1 0 0 1 0
TARGET 39919 1 0 0 0 0
TARGET 39920 1 1 0 1 0
TARGET 39921 1 0 0 1 0
TARGET 39922 1 0 0 1 0
TARGET 39923 1 0 0 0 0
TARGET 39924 1 0 0 1 0
TARGET 39925 1 0 0 1 0
TARGET 39926 1 0 0 0 0
TARGET 39927 1 0 0 1 0
TARGET 39928 1 0 0 0 0
TARGET 39929 1 0 0 1 0
TARGET 39930 1 0 0 1 0
TARGET 39931 1 0 0 1 0
TARGET 39932 1 0 0 1 0
TARGET 39933 1 0 0 1 0
TARGET 39934 1 0 0 0 0
TARGET 39935 1 0 0 1 0
TARGET 39936 1 0 0 1 0
TARGET 39937 1 0 0 1 0
TARGET 39938 1 0 0 1 0
TARGET 39939 1 0 0 0 0
TARGET 39940 1 0 0 1 0
TARGET 39941 1 0 0 1 0
TARGET 39942 1 0 0 1 0
TARGET 39943 1 0 0 0 0
TARGET 39944 1 0 0 1 0
TARGET 39945 1 0 0 1 0
TARGET 39946 1 0 0 0 0
TARGET 39947 1 0 0 1 0
TARGET 39948 1 0 0 0 0
TARGET 39949 1 1 0 1 0
TARGET 39950 1 1 0 1 0
TARGET 39951 1 1 0 1 0
TARGET 39952 1 0 0 1 0
TARGET 39953 1 0 0 1 0
TARGET 39954 1 0 0 0 0
TARGET 39955 1 1 0 1 0
TARGET 39956 1 1 0 1 0
TARGET 39957 1 0 0 1 0
TARGET 39958 1 0 0 1 0
TARGET 39959 1 0 0 0 0
TARGET 39960 1 1 0 1 0
TARGET 39961 1 0 0 1 0
TARGET 39962 1 0 0 1 0
TARGET 39963 1 0 0 0 0
TARGET 39964 1 0 0 1 0
TARGET 39965 1 0 0 1 0
TARGET 39966 1 0 0 0 0
TARGET 39967 1 0 0 1 0
TARGET 39968 1 0 0 0 0
TARGET 39969 1 1 0 1 0
TARGET 39970 1 1 0 1 0
TARGET 39971 1 1 0 1 0
TARGET 39972 1 0 0 1 0
TARGET 39973 1 0 0 1 0
TARGET 39974 1 0 0 0 0
TARGET 39975 1 1 0 1 0
TARGET 39976 1 1 0 1 0
TARGET 39977 1 0 0 1 0
TARGET 39978 1 0 0 1 0
TARGET 39979 1 0 0 0 0
TARGET 39980 1 1 0 1 0
TARGET 39981 1 0 0 1 0
TARGET 39982 1 0 0 1 0
TARGET 39983 1 0 0 0 0
TARGET 39984 1 0 0 1 0
TARGET 39985 1 0 0 1 0
TARGET 39986 1 0 0 0 0
TARGET 39987 1 0 0 1 0
TARGET 39988 1 0 0 0 0
TARGET 39989 1 1 0 2 0
TARGET 39990 1 1 0 2 0
TARGET 39991 1 1 0 3 0
TARGET 39992 1 1 0 2 0
TARGET 39993 1 1 0 2 0
TARGET 39994 1 1 0 2 0
TARGET 39995 1 1 0 2 0
TARGET 39996 1 1 0 2 0
TARGET 39997 1 2 0 3 0
TARGET 39998 1 1 0 2 0
TARGET 39999 1 1 0 2 0
TARGET 40000 1 1 0 3 0
PASS_1962_MONOMIAL_INTERVAL 39001 40000 1000 0
