PASS_1961_AMBIENT g2f9-shard0 order=22594320403200
PROGRESS_1961 g2f9-shard0 [ 100, 397, 0, 0 ]
PROGRESS_1961 g2f9-shard0 [ 200, 797, 0, 0 ]
PROGRESS_1961 g2f9-shard0 [ 300, 1197, 0, 0 ]
PROGRESS_1961 g2f9-shard0 [ 400, 1597, 0, 0 ]
PROGRESS_1961 g2f9-shard0 [ 500, 1997, 0, 0 ]
PROGRESS_1961 g2f9-shard0 [ 600, 2397, 0, 0 ]
PROGRESS_1961 g2f9-shard0 [ 700, 2797, 0, 0 ]
PROGRESS_1961 g2f9-shard0 [ 800, 3197, 0, 0 ]
PROGRESS_1961 g2f9-shard0 [ 900, 3597, 0, 0 ]
PROGRESS_1961 g2f9-shard0 [ 1000, 3997, 0, 0 ]
PROGRESS_1961 g2f9-shard0 [ 1100, 4397, 0, 0 ]
PROGRESS_1961 g2f9-shard0 [ 1200, 4797, 0, 0 ]
PROGRESS_1961 g2f9-shard0 [ 1300, 5197, 0, 0 ]
PROGRESS_1961 g2f9-shard0 [ 1400, 5597, 0, 0 ]
PROGRESS_1961 g2f9-shard0 [ 1500, 5997, 0, 0 ]
PROGRESS_1961 g2f9-shard0 [ 1600, 6397, 0, 0 ]
PROGRESS_1961 g2f9-shard0 [ 1700, 6797, 36, 0 ]
PROGRESS_1961 g2f9-shard0 [ 1800, 7197, 54, 0 ]
PROGRESS_1961 g2f9-shard0 [ 1900, 7597, 78, 0 ]
PROGRESS_1961 g2f9-shard0 [ 2000, 7997, 96, 0 ]
PROGRESS_1961 g2f9-shard0 [ 2100, 8397, 112, 0 ]
PROGRESS_1961 g2f9-shard0 [ 2200, 8797, 151, 0 ]
PROGRESS_1961 g2f9-shard0 [ 2300, 9197, 163, 0 ]
PROGRESS_1961 g2f9-shard0 [ 2400, 9597, 197, 0 ]
PROGRESS_1961 g2f9-shard0 [ 2500, 9997, 240, 0 ]
PROGRESS_1961 g2f9-shard0 [ 2600, 10397, 249, 0 ]
PROGRESS_1961 g2f9-shard0 [ 2700, 10797, 282, 0 ]
PROGRESS_1961 g2f9-shard0 [ 2800, 11197, 333, 0 ]
PROGRESS_1961 g2f9-shard0 [ 2900, 11597, 338, 0 ]
PROGRESS_1961 g2f9-shard0 [ 3000, 11997, 347, 0 ]
PROGRESS_1961 g2f9-shard0 [ 3100, 12397, 358, 0 ]
PROGRESS_1961 g2f9-shard0 [ 3200, 12797, 389, 0 ]
PROGRESS_1961 g2f9-shard0 [ 3300, 13197, 389, 0 ]
PROGRESS_1961 g2f9-shard0 [ 3400, 13597, 389, 0 ]
PROGRESS_1961 g2f9-shard0 [ 3500, 13997, 390, 0 ]
PROGRESS_1961 g2f9-shard0 [ 3600, 14397, 401, 0 ]
PROGRESS_1961 g2f9-shard0 [ 3700, 14797, 401, 0 ]
PROGRESS_1961 g2f9-shard0 [ 3800, 15197, 439, 0 ]
PROGRESS_1961 g2f9-shard0 [ 3900, 15597, 443, 0 ]
PROGRESS_1961 g2f9-shard0 [ 4000, 15997, 443, 0 ]
PROGRESS_1961 g2f9-shard0 [ 4100, 16397, 443, 0 ]
PROGRESS_1961 g2f9-shard0 [ 4200, 16797, 446, 0 ]
PROGRESS_1961 g2f9-shard0 [ 4300, 17197, 455, 0 ]
PROGRESS_1961 g2f9-shard0 [ 4400, 17597, 467, 0 ]
PROGRESS_1961 g2f9-shard0 [ 4500, 17997, 500, 0 ]
PROGRESS_1961 g2f9-shard0 [ 4600, 18397, 500, 0 ]
PROGRESS_1961 g2f9-shard0 [ 4700, 18797, 500, 0 ]
PROGRESS_1961 g2f9-shard0 [ 4800, 19197, 501, 0 ]
PROGRESS_1961 g2f9-shard0 [ 4900, 19597, 512, 0 ]
PROGRESS_1961 g2f9-shard0 [ 5000, 19997, 512, 0 ]
PROGRESS_1961 g2f9-shard0 [ 5100, 20397, 546, 0 ]
PROGRESS_1961 g2f9-shard0 [ 5200, 20797, 557, 0 ]
PROGRESS_1961 g2f9-shard0 [ 5300, 21197, 557, 0 ]
PROGRESS_1961 g2f9-shard0 [ 5400, 21597, 557, 0 ]
PROGRESS_1961 g2f9-shard0 [ 5500, 21997, 560, 0 ]
PROGRESS_1961 g2f9-shard0 [ 5600, 22397, 572, 0 ]
PROGRESS_1961 g2f9-shard0 [ 5700, 22797, 597, 0 ]
PROGRESS_1961 g2f9-shard0 [ 5800, 23197, 647, 0 ]
PROGRESS_1961 g2f9-shard0 [ 5900, 23597, 650, 0 ]
PROGRESS_1961 g2f9-shard0 [ 6000, 23997, 656, 0 ]
PROGRESS_1961 g2f9-shard0 [ 6100, 24397, 660, 0 ]
PROGRESS_1961 g2f9-shard0 [ 6200, 24797, 667, 0 ]
PROGRESS_1961 g2f9-shard0 [ 6300, 25197, 672, 0 ]
PROGRESS_1961 g2f9-shard0 [ 6400, 25597, 688, 0 ]
PROGRESS_1961 g2f9-shard0 [ 6500, 25997, 692, 0 ]
PROGRESS_1961 g2f9-shard0 [ 6600, 26397, 713, 0 ]
PROGRESS_1961 g2f9-shard0 [ 6700, 26797, 736, 0 ]
PROGRESS_1961 g2f9-shard0 [ 6800, 27197, 742, 0 ]
PROGRESS_1961 g2f9-shard0 [ 6900, 27597, 742, 0 ]
PROGRESS_1961 g2f9-shard0 [ 7000, 27997, 742, 0 ]
PROGRESS_1961 g2f9-shard0 [ 7100, 28397, 746, 0 ]
PROGRESS_1961 g2f9-shard0 [ 7200, 28797, 746, 0 ]
PROGRESS_1961 g2f9-shard0 [ 7300, 29197, 783, 0 ]
PROGRESS_1961 g2f9-shard0 [ 7400, 29597, 784, 0 ]
PROGRESS_1961 g2f9-shard0 [ 7500, 29997, 786, 0 ]
PROGRESS_1961 g2f9-shard0 [ 7600, 30397, 786, 0 ]
PROGRESS_1961 g2f9-shard0 [ 7700, 30797, 786, 0 ]
PROGRESS_1961 g2f9-shard0 [ 7800, 31197, 789, 0 ]
PROGRESS_1961 g2f9-shard0 [ 7900, 31597, 789, 0 ]
PROGRESS_1961 g2f9-shard0 [ 8000, 31997, 832, 0 ]
PROGRESS_1961 g2f9-shard0 [ 8100, 32397, 832, 0 ]
PROGRESS_1961 g2f9-shard0 [ 8200, 32797, 838, 0 ]
PROGRESS_1961 g2f9-shard0 [ 8300, 33197, 838, 0 ]
PROGRESS_1961 g2f9-shard0 [ 8400, 33597, 839, 0 ]
PROGRESS_1961 g2f9-shard0 [ 8500, 33997, 841, 0 ]
PROGRESS_1961 g2f9-shard0 [ 8600, 34397, 848, 0 ]
PROGRESS_1961 g2f9-shard0 [ 8700, 34797, 880, 0 ]
PROGRESS_1961 g2f9-shard0 [ 8800, 35197, 882, 0 ]
PROGRESS_1961 g2f9-shard0 [ 8900, 35597, 882, 0 ]
PROGRESS_1961 g2f9-shard0 [ 9000, 35997, 882, 0 ]
PROGRESS_1961 g2f9-shard0 [ 9100, 36397, 885, 0 ]
PROGRESS_1961 g2f9-shard0 [ 9200, 36797, 886, 0 ]
PROGRESS_1961 g2f9-shard0 [ 9300, 37197, 936, 0 ]
PROGRESS_1961 g2f9-shard0 [ 9400, 37597, 940, 0 ]
PROGRESS_1961 g2f9-shard0 [ 9500, 37997, 947, 0 ]
PROGRESS_1961 g2f9-shard0 [ 9600, 38397, 954, 0 ]
PROGRESS_1961 g2f9-shard0 [ 9700, 38797, 960, 0 ]
PROGRESS_1961 g2f9-shard0 [ 9800, 39197, 967, 0 ]
PROGRESS_1961 g2f9-shard0 [ 9900, 39597, 976, 0 ]
PROGRESS_1961 g2f9-shard0 [ 10000, 39997, 1000, 0 ]
PASS_1961_SEARCH g2f9-shard0 [ 10027, 1013, 0 ]
