TARGET 44001 1 1 0 2 0
TARGET 44002 1 1 0 1 0
TARGET 44003 1 1 0 1 0
TARGET 44004 1 1 0 1 0
TARGET 44005 1 1 0 2 0
TARGET 44006 1 1 0 1 0
TARGET 44007 1 1 0 2 0
TARGET 44008 1 1 0 1 0
TARGET 44009 1 0 0 1 0
TARGET 44010 1 1 0 2 0
TARGET 44011 1 0 0 1 0
TARGET 44012 1 0 0 1 0
TARGET 44013 1 1 0 1 0
TARGET 44014 1 1 0 1 0
TARGET 44015 1 1 0 1 0
TARGET 44016 1 0 0 1 0
TARGET 44017 1 0 0 1 0
TARGET 44018 1 0 0 0 0
TARGET 44019 1 1 0 2 0
TARGET 44020 1 1 0 2 0
TARGET 44021 1 1 0 2 0
TARGET 44022 1 1 0 2 0
TARGET 44023 1 1 0 2 0
TARGET 44024 1 1 0 3 0
TARGET 44025 1 1 0 2 0
TARGET 44026 1 1 0 3 0
TARGET 44027 1 1 0 2 0
TARGET 44028 1 1 0 2 0
TARGET 44029 1 1 0 3 0
TARGET 44030 1 1 0 2 0
TARGET 44031 1 0 0 1 0
TARGET 44032 1 0 0 1 0
TARGET 44033 1 1 0 1 0
TARGET 44034 1 1 0 1 0
TARGET 44035 1 1 0 1 0
TARGET 44036 1 1 0 2 0
TARGET 44037 1 1 0 1 0
TARGET 44038 1 1 0 2 0
TARGET 44039 1 1 0 1 0
TARGET 44040 1 0 0 1 0
TARGET 44041 1 1 0 2 0
TARGET 44042 1 0 0 1 0
TARGET 44043 1 0 0 1 0
TARGET 44044 1 1 0 2 0
TARGET 44045 1 0 0 1 0
TARGET 44046 1 0 0 1 0
TARGET 44047 1 0 0 1 0
TARGET 44048 1 1 0 2 0
TARGET 44049 1 0 0 1 0
TARGET 44050 1 0 0 1 0
TARGET 44051 1 0 0 1 0
TARGET 44052 1 1 0 2 0
TARGET 44053 1 0 0 1 0
TARGET 44054 1 1 0 2 0
TARGET 44055 1 0 0 1 0
TARGET 44056 1 0 0 1 0
TARGET 44057 1 1 0 2 0
TARGET 44058 1 0 0 1 0
TARGET 44059 1 0 0 1 0
TARGET 44060 1 0 0 1 0
TARGET 44061 1 0 0 1 0
TARGET 44062 1 0 0 1 0
TARGET 44063 1 0 0 1 0
TARGET 44064 1 0 0 1 0
TARGET 44065 1 0 0 0 0
TARGET 44066 1 1 0 2 0
TARGET 44067 1 1 0 2 0
TARGET 44068 1 1 0 2 0
TARGET 44069 1 1 0 2 0
TARGET 44070 1 1 0 3 0
TARGET 44071 1 1 0 2 0
TARGET 44072 1 1 0 3 0
TARGET 44073 1 1 0 2 0
TARGET 44074 1 1 0 2 0
TARGET 44075 1 1 0 3 0
TARGET 44076 1 1 0 2 0
TARGET 44077 1 0 0 1 0
TARGET 44078 1 1 0 1 0
TARGET 44079 1 1 0 1 0
TARGET 44080 1 1 0 1 0
TARGET 44081 1 1 0 2 0
TARGET 44082 1 1 0 1 0
TARGET 44083 1 1 0 2 0
TARGET 44084 1 1 0 1 0
TARGET 44085 1 0 0 1 0
TARGET 44086 1 1 0 2 0
TARGET 44087 1 0 0 1 0
TARGET 44088 1 0 0 1 0
TARGET 44089 1 0 0 1 0
TARGET 44090 1 1 0 2 0
TARGET 44091 1 0 0 1 0
TARGET 44092 1 0 0 1 0
TARGET 44093 1 0 0 1 0
TARGET 44094 1 1 0 2 0
TARGET 44095 1 0 0 1 0
TARGET 44096 1 1 0 2 0
TARGET 44097 1 0 0 1 0
TARGET 44098 1 0 0 1 0
TARGET 44099 1 1 0 2 0
TARGET 44100 1 0 0 1 0
TARGET 44101 1 0 0 1 0
TARGET 44102 1 0 0 1 0
TARGET 44103 1 0 0 1 0
TARGET 44104 1 0 0 1 0
TARGET 44105 1 0 0 1 0
TARGET 44106 1 0 0 1 0
TARGET 44107 1 0 0 0 0
TARGET 44108 1 0 0 1 0
TARGET 44109 1 0 0 1 0
TARGET 44110 1 0 0 1 0
TARGET 44111 1 1 0 2 0
TARGET 44112 1 0 0 1 0
TARGET 44113 1 1 0 2 0
TARGET 44114 1 0 0 1 0
TARGET 44115 1 0 0 1 0
TARGET 44116 1 1 0 2 0
TARGET 44117 1 0 0 1 0
TARGET 44118 1 1 0 2 0
TARGET 44119 1 1 0 2 0
TARGET 44120 1 1 0 2 0
TARGET 44121 1 1 0 3 0
TARGET 44122 1 1 0 2 0
TARGET 44123 1 1 0 3 0
TARGET 44124 1 1 0 2 0
TARGET 44125 1 1 0 2 0
TARGET 44126 1 2 0 3 0
TARGET 44127 1 1 0 2 0
TARGET 44128 1 1 0 1 0
TARGET 44129 1 1 0 1 0
TARGET 44130 1 1 0 1 0
TARGET 44131 1 1 0 2 0
TARGET 44132 1 1 0 1 0
TARGET 44133 1 1 0 2 0
TARGET 44134 1 1 0 1 0
TARGET 44135 1 0 0 1 0
TARGET 44136 1 1 0 2 0
TARGET 44137 1 0 0 1 0
TARGET 44138 1 0 0 0 0
TARGET 44139 1 1 0 1 0
TARGET 44140 1 1 0 1 0
TARGET 44141 1 1 0 2 0
TARGET 44142 1 1 0 1 0
TARGET 44143 1 1 0 2 0
TARGET 44144 1 1 0 1 0
TARGET 44145 1 0 0 1 0
TARGET 44146 1 1 0 2 0
TARGET 44147 1 0 0 1 0
TARGET 44148 1 0 0 0 0
TARGET 44149 1 1 0 1 0
TARGET 44150 1 1 0 2 0
TARGET 44151 1 1 0 1 0
TARGET 44152 1 1 0 2 0
TARGET 44153 1 1 0 1 0
TARGET 44154 1 0 0 1 0
TARGET 44155 1 1 0 2 0
TARGET 44156 1 0 0 1 0
TARGET 44157 1 0 0 0 0
TARGET 44158 1 1 0 3 0
TARGET 44159 1 1 0 2 0
TARGET 44160 1 1 0 3 0
TARGET 44161 1 1 0 2 0
TARGET 44162 1 1 0 2 0
TARGET 44163 1 1 0 3 0
TARGET 44164 1 1 0 2 0
TARGET 44165 1 1 0 1 0
TARGET 44166 1 1 0 2 0
TARGET 44167 1 1 0 1 0
TARGET 44168 1 0 0 1 0
TARGET 44169 1 1 0 2 0
TARGET 44170 1 0 0 1 0
TARGET 44171 1 0 0 2 0
TARGET 44172 1 0 0 0 0
TARGET 44173 1 1 0 3 0
TARGET 44174 1 1 0 2 0
TARGET 44175 1 1 0 2 0
TARGET 44176 1 1 0 3 0
TARGET 44177 1 1 0 2 0
TARGET 44178 1 1 0 1 0
TARGET 44179 1 0 0 1 0
TARGET 44180 1 1 0 2 0
TARGET 44181 1 0 0 1 0
TARGET 44182 1 0 0 2 0
TARGET 44183 1 0 0 0 0
TARGET 44184 1 0 0 1 0
TARGET 44185 1 1 0 2 0
TARGET 44186 1 0 0 1 0
TARGET 44187 1 0 0 0 0
TARGET 44188 1 2 0 3 0
TARGET 44189 1 1 0 2 0
TARGET 44190 1 0 0 2 0
TARGET 44191 1 0 0 1 0
TARGET 44192 1 0 0 0 0
TARGET 44193 1 0 0 1 0
TARGET 44194 1 0 0 1 0
TARGET 44195 1 0 0 1 0
TARGET 44196 1 1 0 2 0
TARGET 44197 1 0 0 1 0
TARGET 44198 1 1 0 2 0
TARGET 44199 1 0 0 1 0
TARGET 44200 1 0 0 1 0
TARGET 44201 1 1 0 2 0
TARGET 44202 1 0 0 1 0
TARGET 44203 1 1 0 1 0
TARGET 44204 1 1 0 1 0
TARGET 44205 1 1 0 1 0
TARGET 44206 1 1 0 2 0
TARGET 44207 1 1 0 1 0
TARGET 44208 1 1 0 2 0
TARGET 44209 1 1 0 1 0
TARGET 44210 1 0 0 1 0
TARGET 44211 1 1 0 2 0
TARGET 44212 1 0 0 1 0
TARGET 44213 1 1 0 1 0
TARGET 44214 1 1 0 1 0
TARGET 44215 1 0 0 1 0
TARGET 44216 1 0 0 1 0
TARGET 44217 1 1 0 1 0
TARGET 44218 1 1 0 1 0
TARGET 44219 1 1 0 2 0
TARGET 44220 1 1 0 1 0
TARGET 44221 1 1 0 2 0
TARGET 44222 1 1 0 1 0
TARGET 44223 1 0 0 1 0
TARGET 44224 1 1 0 2 0
TARGET 44225 1 0 0 1 0
TARGET 44226 1 1 0 1 0
TARGET 44227 1 0 0 1 0
TARGET 44228 1 0 0 1 0
TARGET 44229 1 1 0 1 0
TARGET 44230 1 1 0 2 0
TARGET 44231 1 1 0 1 0
TARGET 44232 1 1 0 2 0
TARGET 44233 1 1 0 1 0
TARGET 44234 1 0 0 1 0
TARGET 44235 1 1 0 2 0
TARGET 44236 1 0 0 1 0
TARGET 44237 1 0 0 1 0
TARGET 44238 1 1 0 2 0
TARGET 44239 1 0 0 1 0
TARGET 44240 1 1 0 2 0
TARGET 44241 1 0 0 1 0
TARGET 44242 1 0 0 1 0
TARGET 44243 1 1 0 2 0
TARGET 44244 1 0 0 1 0
TARGET 44245 1 0 0 1 0
TARGET 44246 1 1 0 2 0
TARGET 44247 1 0 0 1 0
TARGET 44248 1 1 0 2 0
TARGET 44249 1 0 0 1 0
TARGET 44250 1 0 0 1 0
TARGET 44251 1 1 0 2 0
TARGET 44252 1 0 0 1 0
TARGET 44253 1 1 0 1 0
TARGET 44254 1 0 0 0 0
TARGET 44255 1 1 0 1 0
TARGET 44256 1 0 0 0 0
TARGET 44257 1 0 0 0 0
TARGET 44258 1 1 0 1 0
TARGET 44259 1 0 0 0 0
TARGET 44260 1 0 0 0 0
TARGET 44261 1 0 0 0 0
TARGET 44262 1 0 0 0 0
TARGET 44263 1 0 0 0 0
TARGET 44264 1 0 0 0 0
TARGET 44265 1 1 0 2 0
TARGET 44266 1 1 0 2 0
TARGET 44267 1 1 0 2 0
TARGET 44268 1 1 0 2 0
TARGET 44269 1 1 0 2 0
TARGET 44270 1 2 0 3 0
TARGET 44271 1 1 0 2 0
TARGET 44272 1 1 0 3 0
TARGET 44273 1 1 0 2 0
TARGET 44274 1 1 0 2 0
TARGET 44275 1 1 0 3 0
TARGET 44276 1 1 0 2 0
TARGET 44277 1 1 0 1 0
TARGET 44278 1 1 0 2 0
TARGET 44279 1 1 0 2 0
TARGET 44280 1 1 0 2 0
TARGET 44281 1 1 0 2 0
TARGET 44282 1 2 0 3 0
TARGET 44283 1 1 0 2 0
TARGET 44284 1 1 0 3 0
TARGET 44285 1 1 0 2 0
TARGET 44286 1 1 0 2 0
TARGET 44287 1 1 0 3 0
TARGET 44288 1 1 0 2 0
TARGET 44289 1 1 0 1 0
TARGET 44290 1 1 0 2 0
TARGET 44291 1 1 0 2 0
TARGET 44292 1 1 0 2 0
TARGET 44293 1 1 0 3 0
TARGET 44294 1 1 0 2 0
TARGET 44295 1 1 0 3 0
TARGET 44296 1 1 0 2 0
TARGET 44297 1 1 0 2 0
TARGET 44298 1 1 0 3 0
TARGET 44299 1 1 0 2 0
TARGET 44300 1 1 0 1 0
TARGET 44301 1 1 0 2 0
TARGET 44302 1 1 0 2 0
TARGET 44303 1 2 0 3 0
TARGET 44304 1 1 0 2 0
TARGET 44305 1 1 0 3 0
TARGET 44306 1 1 0 2 0
TARGET 44307 1 1 0 2 0
TARGET 44308 1 1 0 3 0
TARGET 44309 1 1 0 2 0
TARGET 44310 1 1 0 1 0
TARGET 44311 1 1 0 2 0
TARGET 44312 1 1 0 3 0
TARGET 44313 1 1 0 2 0
TARGET 44314 1 1 0 3 0
TARGET 44315 1 1 0 2 0
TARGET 44316 1 1 0 2 0
TARGET 44317 1 1 0 3 0
TARGET 44318 1 1 0 2 0
TARGET 44319 1 1 0 1 0
TARGET 44320 1 3 0 4 0
TARGET 44321 1 2 0 3 0
TARGET 44322 1 1 0 4 0
TARGET 44323 1 1 0 3 0
TARGET 44324 1 2 0 3 0
TARGET 44325 1 1 0 4 0
TARGET 44326 1 2 0 3 0
TARGET 44327 1 1 0 2 0
TARGET 44328 1 1 0 3 0
TARGET 44329 1 1 0 2 0
TARGET 44330 1 1 0 2 0
TARGET 44331 1 1 0 3 0
TARGET 44332 1 1 0 2 0
TARGET 44333 1 1 0 3 0
TARGET 44334 1 1 0 1 0
TARGET 44335 1 1 0 4 0
TARGET 44336 1 1 0 3 0
TARGET 44337 1 1 0 3 0
TARGET 44338 1 1 0 4 0
TARGET 44339 1 1 0 3 0
TARGET 44340 1 1 0 2 0
TARGET 44341 1 1 0 2 0
TARGET 44342 1 1 0 3 0
TARGET 44343 1 1 0 2 0
TARGET 44344 1 1 0 3 0
TARGET 44345 1 1 0 1 0
TARGET 44346 1 1 0 2 0
TARGET 44347 1 1 0 3 0
TARGET 44348 1 1 0 2 0
TARGET 44349 1 1 0 1 0
TARGET 44350 1 1 0 4 0
TARGET 44351 1 1 0 3 0
TARGET 44352 1 1 0 3 0
TARGET 44353 1 1 0 2 0
TARGET 44354 1 1 0 1 0
TARGET 44355 1 0 0 1 0
TARGET 44356 1 0 0 1 0
TARGET 44357 1 0 0 1 0
TARGET 44358 1 0 0 1 0
TARGET 44359 1 0 0 1 0
TARGET 44360 1 1 0 2 0
TARGET 44361 1 0 0 1 0
TARGET 44362 1 1 0 2 0
TARGET 44363 1 0 0 1 0
TARGET 44364 1 0 0 1 0
TARGET 44365 1 1 0 2 0
TARGET 44366 1 0 0 1 0
TARGET 44367 1 0 0 0 0
TARGET 44368 1 0 0 1 0
TARGET 44369 1 0 0 1 0
TARGET 44370 1 0 0 1 0
TARGET 44371 1 0 0 1 0
TARGET 44372 1 1 0 2 0
TARGET 44373 1 0 0 1 0
TARGET 44374 1 1 0 2 0
TARGET 44375 1 0 0 1 0
TARGET 44376 1 0 0 1 0
TARGET 44377 1 1 0 2 0
TARGET 44378 1 0 0 1 0
TARGET 44379 1 0 0 0 0
TARGET 44380 1 1 0 1 0
TARGET 44381 1 1 0 1 0
TARGET 44382 1 1 0 1 0
TARGET 44383 1 1 0 2 0
TARGET 44384 1 1 0 1 0
TARGET 44385 1 1 0 2 0
TARGET 44386 1 1 0 1 0
TARGET 44387 1 0 0 1 0
TARGET 44388 1 1 0 2 0
TARGET 44389 1 0 0 1 0
TARGET 44390 1 0 0 0 0
TARGET 44391 1 1 0 1 0
TARGET 44392 1 1 0 1 0
TARGET 44393 1 1 0 2 0
TARGET 44394 1 1 0 1 0
TARGET 44395 1 1 0 2 0
TARGET 44396 1 1 0 1 0
TARGET 44397 1 0 0 1 0
TARGET 44398 1 1 0 2 0
TARGET 44399 1 0 0 1 0
TARGET 44400 1 0 0 0 0
TARGET 44401 1 1 0 1 0
TARGET 44402 1 1 0 2 0
TARGET 44403 1 1 0 1 0
TARGET 44404 1 1 0 2 0
TARGET 44405 1 1 0 1 0
TARGET 44406 1 0 0 1 0
TARGET 44407 1 1 0 2 0
TARGET 44408 1 0 0 1 0
TARGET 44409 1 0 0 0 0
TARGET 44410 1 2 0 3 0
TARGET 44411 1 1 0 2 0
TARGET 44412 1 1 0 3 0
TARGET 44413 1 1 0 2 0
TARGET 44414 1 1 0 2 0
TARGET 44415 1 1 0 3 0
TARGET 44416 1 1 0 2 0
TARGET 44417 1 1 0 1 0
TARGET 44418 1 1 0 2 0
TARGET 44419 1 1 0 1 0
TARGET 44420 1 0 0 1 0
TARGET 44421 1 1 0 2 0
TARGET 44422 1 0 0 1 0
TARGET 44423 1 0 0 2 0
TARGET 44424 1 0 0 0 0
TARGET 44425 1 1 0 3 0
TARGET 44426 1 1 0 2 0
TARGET 44427 1 1 0 2 0
TARGET 44428 1 1 0 3 0
TARGET 44429 1 1 0 2 0
TARGET 44430 1 1 0 1 0
TARGET 44431 1 0 0 1 0
TARGET 44432 1 1 0 2 0
TARGET 44433 1 0 0 1 0
TARGET 44434 1 0 0 2 0
TARGET 44435 1 0 0 0 0
TARGET 44436 1 0 0 1 0
TARGET 44437 1 1 0 2 0
TARGET 44438 1 0 0 1 0
TARGET 44439 1 0 0 0 0
TARGET 44440 1 1 0 3 0
TARGET 44441 1 1 0 2 0
TARGET 44442 1 0 0 2 0
TARGET 44443 1 0 0 1 0
TARGET 44444 1 0 0 0 0
TARGET 44445 1 1 0 2 0
TARGET 44446 1 0 0 1 0
TARGET 44447 1 0 0 1 0
TARGET 44448 1 1 0 2 0
TARGET 44449 1 0 0 1 0
TARGET 44450 1 0 0 1 0
TARGET 44451 1 0 0 1 0
TARGET 44452 1 0 0 1 0
TARGET 44453 1 0 0 1 0
TARGET 44454 1 0 0 1 0
TARGET 44455 1 1 0 2 0
TARGET 44456 1 1 0 2 0
TARGET 44457 1 1 0 2 0
TARGET 44458 1 1 0 2 0
TARGET 44459 1 1 0 3 0
TARGET 44460 1 1 0 2 0
TARGET 44461 1 2 0 3 0
TARGET 44462 1 1 0 2 0
TARGET 44463 1 1 0 2 0
TARGET 44464 1 1 0 3 0
TARGET 44465 1 1 0 2 0
TARGET 44466 1 0 0 1 0
TARGET 44467 1 0 0 1 0
TARGET 44468 1 0 0 1 0
TARGET 44469 1 0 0 1 0
TARGET 44470 1 1 0 2 0
TARGET 44471 1 0 0 1 0
TARGET 44472 1 1 0 2 0
TARGET 44473 1 0 0 1 0
TARGET 44474 1 0 0 1 0
TARGET 44475 1 1 0 2 0
TARGET 44476 1 0 0 1 0
TARGET 44477 1 0 0 1 0
TARGET 44478 1 1 0 2 0
TARGET 44479 1 0 0 1 0
TARGET 44480 1 0 0 1 0
TARGET 44481 1 0 0 1 0
TARGET 44482 1 0 0 1 0
TARGET 44483 1 0 0 1 0
TARGET 44484 1 0 0 1 0
TARGET 44485 1 0 0 1 0
TARGET 44486 1 0 0 1 0
TARGET 44487 1 0 0 1 0
TARGET 44488 1 1 0 2 0
TARGET 44489 1 0 0 1 0
TARGET 44490 1 1 0 2 0
TARGET 44491 1 0 0 1 0
TARGET 44492 1 0 0 1 0
TARGET 44493 1 1 0 2 0
TARGET 44494 1 0 0 1 0
TARGET 44495 1 1 0 2 0
TARGET 44496 1 1 0 2 0
TARGET 44497 1 1 0 2 0
TARGET 44498 1 1 0 3 0
TARGET 44499 1 1 0 2 0
TARGET 44500 1 1 0 3 0
TARGET 44501 1 1 0 2 0
TARGET 44502 1 1 0 2 0
TARGET 44503 1 2 0 3 0
TARGET 44504 1 1 0 2 0
TARGET 44505 1 0 0 1 0
TARGET 44506 1 0 0 1 0
TARGET 44507 1 0 0 1 0
TARGET 44508 1 1 0 2 0
TARGET 44509 1 0 0 1 0
TARGET 44510 1 1 0 2 0
TARGET 44511 1 0 0 1 0
TARGET 44512 1 0 0 1 0
TARGET 44513 1 1 0 2 0
TARGET 44514 1 0 0 1 0
TARGET 44515 1 0 0 1 0
TARGET 44516 1 0 0 1 0
TARGET 44517 1 0 0 1 0
TARGET 44518 1 1 0 2 0
TARGET 44519 1 0 0 1 0
TARGET 44520 1 1 0 2 0
TARGET 44521 1 0 0 1 0
TARGET 44522 1 0 0 1 0
TARGET 44523 1 1 0 2 0
TARGET 44524 1 0 0 1 0
TARGET 44525 1 0 0 1 0
TARGET 44526 1 0 0 1 0
TARGET 44527 1 0 0 1 0
TARGET 44528 1 0 0 1 0
TARGET 44529 1 0 0 1 0
TARGET 44530 1 0 0 1 0
TARGET 44531 1 1 0 2 0
TARGET 44532 1 0 0 1 0
TARGET 44533 1 1 0 2 0
TARGET 44534 1 0 0 1 0
TARGET 44535 1 0 0 1 0
TARGET 44536 1 1 0 2 0
TARGET 44537 1 0 0 1 0
TARGET 44538 1 0 0 1 0
TARGET 44539 1 0 0 1 0
TARGET 44540 1 0 0 1 0
TARGET 44541 1 0 0 1 0
TARGET 44542 1 1 0 2 0
TARGET 44543 1 0 0 1 0
TARGET 44544 1 1 0 2 0
TARGET 44545 1 0 0 1 0
TARGET 44546 1 0 0 1 0
TARGET 44547 1 1 0 2 0
TARGET 44548 1 0 0 1 0
TARGET 44549 1 0 0 1 0
TARGET 44550 1 1 0 2 0
TARGET 44551 1 0 0 1 0
TARGET 44552 1 1 0 2 0
TARGET 44553 1 0 0 1 0
TARGET 44554 1 0 0 1 0
TARGET 44555 1 1 0 2 0
TARGET 44556 1 0 0 1 0
TARGET 44557 1 0 0 1 0
TARGET 44558 1 1 0 2 0
TARGET 44559 1 0 0 1 0
TARGET 44560 1 1 0 2 0
TARGET 44561 1 0 0 1 0
TARGET 44562 1 0 0 1 0
TARGET 44563 1 1 0 2 0
TARGET 44564 1 0 0 1 0
TARGET 44565 1 1 0 1 0
TARGET 44566 1 0 0 0 0
TARGET 44567 1 0 0 0 0
TARGET 44568 1 1 0 1 0
TARGET 44569 1 0 0 0 0
TARGET 44570 1 0 0 0 0
TARGET 44571 1 0 0 0 0
TARGET 44572 1 0 0 0 0
TARGET 44573 1 0 0 0 0
TARGET 44574 1 0 0 0 0
TARGET 44575 1 1 0 2 0
TARGET 44576 1 1 0 2 0
TARGET 44577 1 1 0 2 0
TARGET 44578 1 1 0 2 0
TARGET 44579 1 1 0 3 0
TARGET 44580 1 1 0 2 0
TARGET 44581 1 2 0 3 0
TARGET 44582 1 1 0 2 0
TARGET 44583 1 1 0 2 0
TARGET 44584 1 1 0 3 0
TARGET 44585 1 1 0 2 0
TARGET 44586 1 1 0 1 0
TARGET 44587 1 1 0 2 0
TARGET 44588 1 1 0 2 0
TARGET 44589 1 1 0 2 0
TARGET 44590 1 1 0 3 0
TARGET 44591 1 1 0 2 0
TARGET 44592 1 2 0 3 0
TARGET 44593 1 1 0 2 0
TARGET 44594 1 1 0 2 0
TARGET 44595 1 1 0 3 0
TARGET 44596 1 1 0 2 0
TARGET 44597 1 1 0 1 0
TARGET 44598 1 1 0 2 0
TARGET 44599 1 1 0 2 0
TARGET 44600 1 1 0 3 0
TARGET 44601 1 1 0 2 0
TARGET 44602 1 1 0 3 0
TARGET 44603 1 1 0 2 0
TARGET 44604 1 1 0 2 0
TARGET 44605 1 1 0 3 0
TARGET 44606 1 1 0 2 0
TARGET 44607 1 1 0 1 0
TARGET 44608 1 1 0 2 0
TARGET 44609 1 1 0 3 0
TARGET 44610 1 1 0 2 0
TARGET 44611 1 1 0 3 0
TARGET 44612 1 1 0 2 0
TARGET 44613 1 1 0 2 0
TARGET 44614 1 1 0 3 0
TARGET 44615 1 1 0 2 0
TARGET 44616 1 1 0 1 0
TARGET 44617 1 1 0 4 0
TARGET 44618 1 1 0 3 0
TARGET 44619 1 1 0 4 0
TARGET 44620 1 1 0 3 0
TARGET 44621 1 1 0 3 0
TARGET 44622 1 1 0 4 0
TARGET 44623 1 1 0 3 0
TARGET 44624 1 1 0 2 0
TARGET 44625 1 1 0 3 0
TARGET 44626 1 1 0 2 0
TARGET 44627 1 1 0 2 0
TARGET 44628 1 1 0 3 0
TARGET 44629 1 1 0 2 0
TARGET 44630 1 1 0 3 0
TARGET 44631 1 1 0 1 0
TARGET 44632 1 3 0 4 0
TARGET 44633 1 2 0 3 0
TARGET 44634 1 2 0 3 0
TARGET 44635 1 1 0 4 0
TARGET 44636 1 2 0 3 0
TARGET 44637 1 1 0 2 0
TARGET 44638 1 1 0 2 0
TARGET 44639 1 1 0 3 0
TARGET 44640 1 1 0 2 0
TARGET 44641 1 1 0 3 0
TARGET 44642 1 1 0 1 0
TARGET 44643 1 1 0 2 0
TARGET 44644 1 1 0 3 0
TARGET 44645 1 1 0 2 0
TARGET 44646 1 1 0 1 0
TARGET 44647 1 1 0 4 0
TARGET 44648 1 1 0 3 0
TARGET 44649 1 1 0 3 0
TARGET 44650 1 1 0 2 0
TARGET 44651 1 1 0 1 0
TARGET 44652 1 0 0 1 0
TARGET 44653 1 0 0 1 0
TARGET 44654 1 0 0 1 0
TARGET 44655 1 0 0 1 0
TARGET 44656 1 1 0 2 0
TARGET 44657 1 0 0 1 0
TARGET 44658 1 1 0 2 0
TARGET 44659 1 0 0 1 0
TARGET 44660 1 0 0 1 0
TARGET 44661 1 1 0 2 0
TARGET 44662 1 0 0 1 0
TARGET 44663 1 0 0 0 0
TARGET 44664 1 1 0 1 0
TARGET 44665 1 1 0 1 0
TARGET 44666 1 1 0 1 0
TARGET 44667 1 1 0 2 0
TARGET 44668 1 1 0 1 0
TARGET 44669 1 1 0 2 0
TARGET 44670 1 1 0 1 0
TARGET 44671 1 0 0 1 0
TARGET 44672 1 1 0 2 0
TARGET 44673 1 0 0 1 0
TARGET 44674 1 0 0 0 0
TARGET 44675 1 1 0 1 0
TARGET 44676 1 1 0 1 0
TARGET 44677 1 1 0 2 0
TARGET 44678 1 1 0 1 0
TARGET 44679 1 1 0 2 0
TARGET 44680 1 1 0 1 0
TARGET 44681 1 0 0 1 0
TARGET 44682 1 1 0 2 0
TARGET 44683 1 0 0 1 0
TARGET 44684 1 0 0 0 0
TARGET 44685 1 1 0 1 0
TARGET 44686 1 1 0 2 0
TARGET 44687 1 1 0 1 0
TARGET 44688 1 1 0 2 0
TARGET 44689 1 1 0 1 0
TARGET 44690 1 0 0 1 0
TARGET 44691 1 1 0 2 0
TARGET 44692 1 0 0 1 0
TARGET 44693 1 0 0 0 0
TARGET 44694 1 1 0 3 0
TARGET 44695 1 1 0 2 0
TARGET 44696 1 1 0 3 0
TARGET 44697 1 1 0 2 0
TARGET 44698 1 1 0 2 0
TARGET 44699 1 1 0 3 0
TARGET 44700 1 1 0 2 0
TARGET 44701 1 1 0 1 0
TARGET 44702 1 1 0 2 0
TARGET 44703 1 1 0 1 0
TARGET 44704 1 0 0 1 0
TARGET 44705 1 1 0 2 0
TARGET 44706 1 0 0 1 0
TARGET 44707 1 0 0 2 0
TARGET 44708 1 0 0 0 0
TARGET 44709 1 2 0 3 0
TARGET 44710 1 1 0 2 0
TARGET 44711 1 1 0 2 0
TARGET 44712 1 1 0 3 0
TARGET 44713 1 1 0 2 0
TARGET 44714 1 1 0 1 0
TARGET 44715 1 0 0 1 0
TARGET 44716 1 1 0 2 0
TARGET 44717 1 0 0 1 0
TARGET 44718 1 0 0 2 0
TARGET 44719 1 0 0 0 0
TARGET 44720 1 0 0 1 0
TARGET 44721 1 1 0 2 0
TARGET 44722 1 0 0 1 0
TARGET 44723 1 0 0 0 0
TARGET 44724 1 1 0 3 0
TARGET 44725 1 1 0 2 0
TARGET 44726 1 0 0 2 0
TARGET 44727 1 0 0 1 0
TARGET 44728 1 0 0 0 0
TARGET 44729 1 0 0 1 0
TARGET 44730 1 1 0 2 0
TARGET 44731 1 0 0 1 0
TARGET 44732 1 0 0 1 0
TARGET 44733 1 0 0 1 0
TARGET 44734 1 0 0 1 0
TARGET 44735 1 0 0 1 0
TARGET 44736 1 0 0 1 0
TARGET 44737 1 0 0 1 0
TARGET 44738 1 0 0 1 0
TARGET 44739 1 0 0 1 0
TARGET 44740 1 1 0 2 0
TARGET 44741 1 0 0 1 0
TARGET 44742 1 1 0 2 0
TARGET 44743 1 0 0 1 0
TARGET 44744 1 0 0 1 0
TARGET 44745 1 1 0 2 0
TARGET 44746 1 0 0 1 0
TARGET 44747 1 1 0 2 0
TARGET 44748 1 1 0 2 0
TARGET 44749 1 1 0 2 0
TARGET 44750 1 1 0 3 0
TARGET 44751 1 1 0 2 0
TARGET 44752 1 1 0 3 0
TARGET 44753 1 1 0 2 0
TARGET 44754 1 1 0 2 0
TARGET 44755 1 2 0 3 0
TARGET 44756 1 1 0 2 0
TARGET 44757 1 0 0 1 0
TARGET 44758 1 0 0 1 0
TARGET 44759 1 0 0 1 0
TARGET 44760 1 1 0 2 0
TARGET 44761 1 0 0 1 0
TARGET 44762 1 1 0 2 0
TARGET 44763 1 0 0 1 0
TARGET 44764 1 0 0 1 0
TARGET 44765 1 1 0 2 0
TARGET 44766 1 0 0 1 0
TARGET 44767 1 0 0 1 0
TARGET 44768 1 0 0 1 0
TARGET 44769 1 0 0 1 0
TARGET 44770 1 1 0 2 0
TARGET 44771 1 0 0 1 0
TARGET 44772 1 1 0 2 0
TARGET 44773 1 0 0 1 0
TARGET 44774 1 0 0 1 0
TARGET 44775 1 1 0 2 0
TARGET 44776 1 0 0 1 0
TARGET 44777 1 0 0 1 0
TARGET 44778 1 0 0 1 0
TARGET 44779 1 0 0 1 0
TARGET 44780 1 0 0 1 0
TARGET 44781 1 0 0 1 0
TARGET 44782 1 0 0 1 0
TARGET 44783 1 1 0 2 0
TARGET 44784 1 0 0 1 0
TARGET 44785 1 1 0 2 0
TARGET 44786 1 0 0 1 0
TARGET 44787 1 0 0 1 0
TARGET 44788 1 1 0 2 0
TARGET 44789 1 0 0 1 0
TARGET 44790 1 0 0 1 0
TARGET 44791 1 0 0 1 0
TARGET 44792 1 0 0 1 0
TARGET 44793 1 0 0 1 0
TARGET 44794 1 1 0 2 0
TARGET 44795 1 0 0 1 0
TARGET 44796 1 1 0 2 0
TARGET 44797 1 0 0 1 0
TARGET 44798 1 0 0 1 0
TARGET 44799 1 1 0 2 0
TARGET 44800 1 0 0 1 0
TARGET 44801 1 0 0 1 0
TARGET 44802 1 1 0 2 0
TARGET 44803 1 0 0 1 0
TARGET 44804 1 1 0 2 0
TARGET 44805 1 0 0 1 0
TARGET 44806 1 0 0 1 0
TARGET 44807 1 1 0 2 0
TARGET 44808 1 0 0 1 0
TARGET 44809 1 0 0 1 0
TARGET 44810 1 1 0 2 0
TARGET 44811 1 0 0 1 0
TARGET 44812 1 1 0 2 0
TARGET 44813 1 0 0 1 0
TARGET 44814 1 0 0 1 0
TARGET 44815 1 1 0 2 0
TARGET 44816 1 0 0 1 0
TARGET 44817 1 0 0 0 0
TARGET 44818 1 1 0 1 0
TARGET 44819 1 0 0 0 0
TARGET 44820 1 0 0 0 0
TARGET 44821 1 0 0 0 0
TARGET 44822 1 0 0 0 0
TARGET 44823 1 0 0 0 0
TARGET 44824 1 0 0 0 0
TARGET 44825 1 0 0 1 0
TARGET 44826 1 0 0 1 0
TARGET 44827 1 0 0 1 0
TARGET 44828 1 1 0 2 0
TARGET 44829 1 0 0 1 0
TARGET 44830 1 1 0 2 0
TARGET 44831 1 0 0 1 0
TARGET 44832 1 0 0 1 0
TARGET 44833 1 1 0 2 0
TARGET 44834 1 0 0 1 0
TARGET 44835 1 0 0 0 0
TARGET 44836 1 0 0 1 0
TARGET 44837 1 0 0 1 0
TARGET 44838 1 1 0 2 0
TARGET 44839 1 0 0 1 0
TARGET 44840 1 1 0 2 0
TARGET 44841 1 0 0 1 0
TARGET 44842 1 0 0 1 0
TARGET 44843 1 1 0 2 0
TARGET 44844 1 0 0 1 0
TARGET 44845 1 0 0 0 0
TARGET 44846 1 0 0 1 0
TARGET 44847 1 1 0 2 0
TARGET 44848 1 0 0 1 0
TARGET 44849 1 1 0 2 0
TARGET 44850 1 0 0 1 0
TARGET 44851 1 0 0 1 0
TARGET 44852 1 1 0 2 0
TARGET 44853 1 0 0 1 0
TARGET 44854 1 0 0 0 0
TARGET 44855 1 2 0 3 0
TARGET 44856 1 1 0 2 0
TARGET 44857 1 1 0 3 0
TARGET 44858 1 1 0 2 0
TARGET 44859 1 1 0 2 0
TARGET 44860 1 1 0 3 0
TARGET 44861 1 1 0 2 0
TARGET 44862 1 0 0 1 0
TARGET 44863 1 1 0 2 0
TARGET 44864 1 0 0 1 0
TARGET 44865 1 0 0 1 0
TARGET 44866 1 1 0 2 0
TARGET 44867 1 0 0 1 0
TARGET 44868 1 0 0 2 0
TARGET 44869 1 0 0 0 0
TARGET 44870 1 2 0 3 0
TARGET 44871 1 1 0 2 0
TARGET 44872 1 1 0 2 0
TARGET 44873 1 1 0 3 0
TARGET 44874 1 1 0 2 0
TARGET 44875 1 0 0 1 0
TARGET 44876 1 0 0 1 0
TARGET 44877 1 1 0 2 0
TARGET 44878 1 0 0 1 0
TARGET 44879 1 0 0 2 0
TARGET 44880 1 0 0 0 0
TARGET 44881 1 0 0 1 0
TARGET 44882 1 1 0 2 0
TARGET 44883 1 0 0 1 0
TARGET 44884 1 0 0 0 0
TARGET 44885 1 2 0 3 0
TARGET 44886 1 1 0 2 0
TARGET 44887 1 0 0 2 0
TARGET 44888 1 0 0 1 0
TARGET 44889 1 0 0 0 0
TARGET 44890 1 1 0 2 0
TARGET 44891 1 1 0 2 0
TARGET 44892 1 1 0 2 0
TARGET 44893 1 1 0 3 0
TARGET 44894 1 1 0 2 0
TARGET 44895 1 1 0 3 0
TARGET 44896 1 1 0 2 0
TARGET 44897 1 1 0 2 0
TARGET 44898 1 1 0 3 0
TARGET 44899 1 1 0 2 0
TARGET 44900 1 1 0 1 0
TARGET 44901 1 1 0 2 0
TARGET 44902 1 1 0 2 0
TARGET 44903 1 1 0 3 0
TARGET 44904 1 1 0 2 0
TARGET 44905 1 1 0 3 0
TARGET 44906 1 1 0 2 0
TARGET 44907 1 1 0 2 0
TARGET 44908 1 1 0 3 0
TARGET 44909 1 1 0 2 0
TARGET 44910 1 1 0 1 0
TARGET 44911 1 1 0 2 0
TARGET 44912 1 1 0 3 0
TARGET 44913 1 1 0 2 0
TARGET 44914 1 1 0 3 0
TARGET 44915 1 1 0 2 0
TARGET 44916 1 1 0 2 0
TARGET 44917 1 2 0 3 0
TARGET 44918 1 1 0 2 0
TARGET 44919 1 1 0 1 0
TARGET 44920 1 1 0 4 0
TARGET 44921 1 1 0 3 0
TARGET 44922 1 1 0 4 0
TARGET 44923 1 1 0 3 0
TARGET 44924 1 1 0 3 0
TARGET 44925 1 1 0 4 0
TARGET 44926 1 1 0 3 0
TARGET 44927 1 1 0 2 0
TARGET 44928 1 1 0 3 0
TARGET 44929 1 1 0 2 0
TARGET 44930 1 1 0 2 0
TARGET 44931 1 1 0 3 0
TARGET 44932 1 1 0 2 0
TARGET 44933 1 1 0 3 0
TARGET 44934 1 1 0 1 0
TARGET 44935 1 1 0 4 0
TARGET 44936 1 1 0 3 0
TARGET 44937 1 1 0 3 0
TARGET 44938 1 1 0 4 0
TARGET 44939 1 1 0 3 0
TARGET 44940 1 1 0 2 0
TARGET 44941 1 1 0 2 0
TARGET 44942 1 1 0 3 0
TARGET 44943 1 1 0 2 0
TARGET 44944 1 1 0 3 0
TARGET 44945 1 1 0 1 0
TARGET 44946 1 1 0 2 0
TARGET 44947 1 2 0 3 0
TARGET 44948 1 1 0 2 0
TARGET 44949 1 1 0 1 0
TARGET 44950 1 3 0 4 0
TARGET 44951 1 2 0 3 0
TARGET 44952 1 1 0 3 0
TARGET 44953 1 1 0 2 0
TARGET 44954 1 1 0 1 0
TARGET 44955 1 0 0 1 0
TARGET 44956 1 0 0 1 0
TARGET 44957 1 0 0 1 0
TARGET 44958 1 1 0 2 0
TARGET 44959 1 0 0 1 0
TARGET 44960 1 1 0 2 0
TARGET 44961 1 0 0 1 0
TARGET 44962 1 0 0 1 0
TARGET 44963 1 1 0 2 0
TARGET 44964 1 0 0 1 0
TARGET 44965 1 0 0 0 0
TARGET 44966 1 0 0 1 0
TARGET 44967 1 0 0 1 0
TARGET 44968 1 1 0 2 0
TARGET 44969 1 0 0 1 0
TARGET 44970 1 1 0 2 0
TARGET 44971 1 0 0 1 0
TARGET 44972 1 0 0 1 0
TARGET 44973 1 1 0 2 0
TARGET 44974 1 0 0 1 0
TARGET 44975 1 0 0 0 0
TARGET 44976 1 0 0 1 0
TARGET 44977 1 1 0 2 0
TARGET 44978 1 0 0 1 0
TARGET 44979 1 1 0 2 0
TARGET 44980 1 0 0 1 0
TARGET 44981 1 0 0 1 0
TARGET 44982 1 1 0 2 0
TARGET 44983 1 0 0 1 0
TARGET 44984 1 0 0 0 0
TARGET 44985 1 2 0 3 0
TARGET 44986 1 1 0 2 0
TARGET 44987 1 1 0 3 0
TARGET 44988 1 1 0 2 0
TARGET 44989 1 1 0 2 0
TARGET 44990 1 1 0 3 0
TARGET 44991 1 1 0 2 0
TARGET 44992 1 0 0 1 0
TARGET 44993 1 1 0 2 0
TARGET 44994 1 0 0 1 0
TARGET 44995 1 0 0 1 0
TARGET 44996 1 1 0 2 0
TARGET 44997 1 0 0 1 0
TARGET 44998 1 0 0 2 0
TARGET 44999 1 0 0 0 0
TARGET 45000 1 2 0 3 0
PASS_1962_MONOMIAL_INTERVAL 44001 45000 1000 0
