TARGET 33001 1 1 0 2 0
TARGET 33002 1 0 0 1 0
TARGET 33003 1 0 0 2 0
TARGET 33004 1 1 0 1 0
TARGET 33005 1 0 0 1 0
TARGET 33006 1 0 0 1 0
TARGET 33007 1 1 0 2 0
TARGET 33008 1 1 0 1 0
TARGET 33009 1 0 0 1 0
TARGET 33010 1 0 0 1 0
TARGET 33011 1 0 0 1 0
TARGET 33012 1 1 0 1 0
TARGET 33013 1 1 0 1 0
TARGET 33014 1 1 0 2 0
TARGET 33015 1 1 0 1 0
TARGET 33016 1 0 0 2 0
TARGET 33017 1 0 0 1 0
TARGET 33018 1 0 0 1 0
TARGET 33019 1 0 0 1 0
TARGET 33020 1 1 0 2 0
TARGET 33021 1 0 0 1 0
TARGET 33022 1 0 0 2 0
TARGET 33023 1 1 0 2 0
TARGET 33024 1 0 0 1 0
TARGET 33025 1 0 0 1 0
TARGET 33026 1 0 0 1 0
TARGET 33027 1 0 0 1 0
TARGET 33028 1 1 0 2 0
TARGET 33029 1 1 0 2 0
TARGET 33030 1 1 0 3 0
TARGET 33031 1 1 0 2 0
TARGET 33032 1 1 0 3 0
TARGET 33033 1 0 0 1 0
TARGET 33034 1 1 0 1 0
TARGET 33035 1 1 0 2 0
TARGET 33036 1 1 0 1 0
TARGET 33037 1 0 0 2 0
TARGET 33038 1 0 0 1 0
TARGET 33039 1 0 0 1 0
TARGET 33040 1 0 0 1 0
TARGET 33041 1 0 0 1 0
TARGET 33042 1 1 0 2 0
TARGET 33043 1 0 0 1 0
TARGET 33044 1 0 0 2 0
TARGET 33045 1 0 0 1 0
TARGET 33046 1 1 0 2 0
TARGET 33047 1 0 0 1 0
TARGET 33048 1 0 0 2 0
TARGET 33049 1 1 0 1 0
TARGET 33050 1 1 0 2 0
TARGET 33051 1 1 0 1 0
TARGET 33052 1 0 0 2 0
TARGET 33053 1 1 0 1 0
TARGET 33054 1 0 0 0 0
TARGET 33055 1 0 0 0 0
TARGET 33056 1 0 0 0 0
TARGET 33057 1 0 0 0 0
TARGET 33058 1 1 0 1 0
TARGET 33059 1 0 0 0 0
TARGET 33060 1 0 0 0 0
TARGET 33061 1 0 0 0 0
TARGET 33062 1 0 0 0 0
TARGET 33063 1 1 0 2 0
TARGET 33064 1 1 0 2 0
TARGET 33065 1 1 0 2 0
TARGET 33066 1 1 0 2 0
TARGET 33067 1 1 0 3 0
TARGET 33068 1 1 0 2 0
TARGET 33069 1 1 0 1 0
TARGET 33070 1 1 0 2 0
TARGET 33071 1 1 0 2 0
TARGET 33072 1 1 0 2 0
TARGET 33073 1 1 0 3 0
TARGET 33074 1 1 0 2 0
TARGET 33075 1 1 0 1 0
TARGET 33076 1 1 0 2 0
TARGET 33077 1 1 0 2 0
TARGET 33078 1 1 0 3 0
TARGET 33079 1 1 0 2 0
TARGET 33080 1 1 0 1 0
TARGET 33081 1 1 0 2 0
TARGET 33082 1 1 0 3 0
TARGET 33083 1 1 0 2 0
TARGET 33084 1 1 0 1 0
TARGET 33085 1 1 0 4 0
TARGET 33086 1 1 0 3 0
TARGET 33087 1 1 0 2 0
TARGET 33088 1 1 0 3 0
TARGET 33089 1 1 0 1 0
TARGET 33090 1 1 0 1 0
TARGET 33091 1 0 0 1 0
TARGET 33092 1 0 0 1 0
TARGET 33093 1 1 0 1 0
TARGET 33094 1 1 0 2 0
TARGET 33095 1 1 0 1 0
TARGET 33096 1 0 0 0 0
TARGET 33097 1 0 0 1 0
TARGET 33098 1 0 0 1 0
TARGET 33099 1 0 0 1 0
TARGET 33100 1 1 0 2 0
TARGET 33101 1 0 0 1 0
TARGET 33102 1 0 0 0 0
TARGET 33103 1 0 0 1 0
TARGET 33104 1 0 0 1 0
TARGET 33105 1 1 0 2 0
TARGET 33106 1 0 0 1 0
TARGET 33107 1 0 0 0 0
TARGET 33108 1 1 0 1 0
TARGET 33109 1 1 0 2 0
TARGET 33110 1 1 0 1 0
TARGET 33111 1 0 0 0 0
TARGET 33112 1 1 0 3 0
TARGET 33113 1 1 0 2 0
TARGET 33114 1 1 0 1 0
TARGET 33115 1 0 0 2 0
TARGET 33116 1 0 0 0 0
TARGET 33117 1 0 0 1 0
TARGET 33118 1 0 0 1 0
TARGET 33119 1 0 0 1 0
TARGET 33120 1 0 0 1 0
TARGET 33121 1 1 0 2 0
TARGET 33122 1 0 0 1 0
TARGET 33123 1 0 0 0 0
TARGET 33124 1 0 0 1 0
TARGET 33125 1 0 0 1 0
TARGET 33126 1 0 0 1 0
TARGET 33127 1 1 0 2 0
TARGET 33128 1 0 0 1 0
TARGET 33129 1 0 0 0 0
TARGET 33130 1 0 0 1 0
TARGET 33131 1 0 0 1 0
TARGET 33132 1 1 0 2 0
TARGET 33133 1 0 0 1 0
TARGET 33134 1 0 0 0 0
TARGET 33135 1 0 0 1 0
TARGET 33136 1 1 0 2 0
TARGET 33137 1 0 0 1 0
TARGET 33138 1 0 0 0 0
TARGET 33139 1 2 0 3 0
TARGET 33140 1 1 0 2 0
TARGET 33141 1 0 0 1 0
TARGET 33142 1 0 0 2 0
TARGET 33143 1 0 0 0 0
TARGET 33144 1 1 0 1 0
TARGET 33145 1 0 0 1 0
TARGET 33146 1 0 0 1 0
TARGET 33147 1 1 0 2 0
TARGET 33148 1 1 0 1 0
TARGET 33149 1 0 0 1 0
TARGET 33150 1 0 0 1 0
TARGET 33151 1 0 0 1 0
TARGET 33152 1 1 0 1 0
TARGET 33153 1 1 0 1 0
TARGET 33154 1 1 0 2 0
TARGET 33155 1 1 0 1 0
TARGET 33156 1 0 0 0 0
TARGET 33157 1 0 0 1 0
TARGET 33158 1 0 0 1 0
TARGET 33159 1 0 0 1 0
TARGET 33160 1 1 0 2 0
TARGET 33161 1 0 0 1 0
TARGET 33162 1 0 0 1 0
TARGET 33163 1 1 0 2 0
TARGET 33164 1 0 0 1 0
TARGET 33165 1 0 0 1 0
TARGET 33166 1 0 0 1 0
TARGET 33167 1 0 0 1 0
TARGET 33168 1 0 0 1 0
TARGET 33169 1 0 0 1 0
TARGET 33170 1 1 0 2 0
TARGET 33171 1 0 0 1 0
TARGET 33172 1 0 0 0 0
TARGET 33173 1 1 0 2 0
TARGET 33174 1 1 0 2 0
TARGET 33175 1 1 0 3 0
TARGET 33176 1 1 0 2 0
TARGET 33177 1 0 0 1 0
TARGET 33178 1 1 0 1 0
TARGET 33179 1 1 0 2 0
TARGET 33180 1 1 0 1 0
TARGET 33181 1 0 0 1 0
TARGET 33182 1 0 0 1 0
TARGET 33183 1 0 0 1 0
TARGET 33184 1 0 0 1 0
TARGET 33185 1 0 0 1 0
TARGET 33186 1 1 0 2 0
TARGET 33187 1 0 0 1 0
TARGET 33188 1 0 0 0 0
TARGET 33189 1 0 0 1 0
TARGET 33190 1 1 0 2 0
TARGET 33191 1 0 0 1 0
TARGET 33192 1 0 0 1 0
TARGET 33193 1 1 0 2 0
TARGET 33194 1 0 0 1 0
TARGET 33195 1 1 0 1 0
TARGET 33196 1 1 0 1 0
TARGET 33197 1 1 0 2 0
TARGET 33198 1 1 0 1 0
TARGET 33199 1 1 0 2 0
TARGET 33200 1 1 0 1 0
TARGET 33201 1 0 0 0 0
TARGET 33202 1 1 0 3 0
TARGET 33203 1 1 0 2 0
TARGET 33204 1 1 0 1 0
TARGET 33205 1 0 0 2 0
TARGET 33206 1 0 0 0 0
TARGET 33207 1 0 0 0 0
TARGET 33208 1 1 0 1 0
TARGET 33209 1 0 0 0 0
TARGET 33210 1 0 0 0 0
TARGET 33211 1 0 0 0 0
TARGET 33212 1 0 0 0 0
TARGET 33213 1 0 0 1 0
TARGET 33214 1 0 0 1 0
TARGET 33215 1 0 0 1 0
TARGET 33216 1 1 0 2 0
TARGET 33217 1 0 0 1 0
TARGET 33218 1 0 0 0 0
TARGET 33219 1 0 0 1 0
TARGET 33220 1 0 0 1 0
TARGET 33221 1 1 0 2 0
TARGET 33222 1 0 0 1 0
TARGET 33223 1 0 0 0 0
TARGET 33224 1 0 0 1 0
TARGET 33225 1 1 0 2 0
TARGET 33226 1 0 0 1 0
TARGET 33227 1 0 0 0 0
TARGET 33228 1 2 0 3 0
TARGET 33229 1 1 0 2 0
TARGET 33230 1 0 0 1 0
TARGET 33231 1 0 0 2 0
TARGET 33232 1 0 0 0 0
TARGET 33233 1 1 0 2 0
TARGET 33234 1 0 0 1 0
TARGET 33235 1 0 0 1 0
TARGET 33236 1 0 0 1 0
TARGET 33237 1 0 0 1 0
TARGET 33238 1 1 0 2 0
TARGET 33239 1 1 0 2 0
TARGET 33240 1 1 0 3 0
TARGET 33241 1 1 0 2 0
TARGET 33242 1 0 0 1 0
TARGET 33243 1 0 0 1 0
TARGET 33244 1 1 0 2 0
TARGET 33245 1 0 0 1 0
TARGET 33246 1 0 0 1 0
TARGET 33247 1 0 0 1 0
TARGET 33248 1 0 0 1 0
TARGET 33249 1 0 0 1 0
TARGET 33250 1 1 0 2 0
TARGET 33251 1 0 0 1 0
TARGET 33252 1 0 0 1 0
TARGET 33253 1 1 0 2 0
TARGET 33254 1 0 0 1 0
TARGET 33255 1 0 0 1 0
TARGET 33256 1 1 0 2 0
TARGET 33257 1 0 0 1 0
TARGET 33258 1 1 0 1 0
TARGET 33259 1 0 0 0 0
TARGET 33260 1 0 0 0 0
TARGET 33261 1 0 0 0 0
TARGET 33262 1 0 0 0 0
TARGET 33263 1 1 0 2 0
TARGET 33264 1 1 0 2 0
TARGET 33265 1 1 0 3 0
TARGET 33266 1 1 0 2 0
TARGET 33267 1 1 0 1 0
TARGET 33268 1 1 0 2 0
TARGET 33269 1 1 0 3 0
TARGET 33270 1 1 0 2 0
TARGET 33271 1 1 0 1 0
TARGET 33272 1 1 0 4 0
TARGET 33273 1 1 0 3 0
TARGET 33274 1 1 0 2 0
TARGET 33275 1 1 0 3 0
TARGET 33276 1 1 0 1 0
TARGET 33277 1 0 0 1 0
TARGET 33278 1 0 0 1 0
TARGET 33279 1 1 0 2 0
TARGET 33280 1 0 0 1 0
TARGET 33281 1 0 0 0 0
TARGET 33282 1 1 0 1 0
TARGET 33283 1 1 0 2 0
TARGET 33284 1 1 0 1 0
TARGET 33285 1 0 0 0 0
TARGET 33286 1 1 0 3 0
TARGET 33287 1 1 0 2 0
TARGET 33288 1 1 0 1 0
TARGET 33289 1 0 0 2 0
TARGET 33290 1 0 0 0 0
TARGET 33291 1 0 0 1 0
TARGET 33292 1 0 0 1 0
TARGET 33293 1 0 0 1 0
TARGET 33294 1 0 0 1 0
TARGET 33295 1 1 0 2 0
TARGET 33296 1 0 0 1 0
TARGET 33297 1 0 0 1 0
TARGET 33298 1 1 0 2 0
TARGET 33299 1 0 0 1 0
TARGET 33300 1 0 0 1 0
TARGET 33301 1 1 0 2 0
TARGET 33302 1 0 0 1 0
TARGET 33303 1 0 0 0 0
TARGET 33304 1 0 0 0 0
TARGET 33305 1 0 0 0 0
TARGET 33306 1 0 0 1 0
TARGET 33307 1 1 0 2 0
TARGET 33308 1 0 0 1 0
TARGET 33309 1 0 0 0 0
TARGET 33310 1 2 0 3 0
TARGET 33311 1 1 0 2 0
TARGET 33312 1 0 0 1 0
TARGET 33313 1 0 0 2 0
TARGET 33314 1 0 0 0 0
TARGET 33315 1 0 0 1 0
TARGET 33316 1 1 0 2 0
TARGET 33317 1 0 0 1 0
TARGET 33318 1 0 0 0 0
TARGET 33319 1 2 0 3 0
TARGET 33320 1 1 0 2 0
TARGET 33321 1 0 0 1 0
TARGET 33322 1 0 0 2 0
TARGET 33323 1 0 0 0 0
TARGET 33324 1 1 0 1 0
TARGET 33325 1 1 0 2 0
TARGET 33326 1 1 0 1 0
TARGET 33327 1 0 0 0 0
TARGET 33328 1 1 0 3 0
TARGET 33329 1 1 0 2 0
TARGET 33330 1 1 0 1 0
TARGET 33331 1 0 0 2 0
TARGET 33332 1 0 0 0 0
TARGET 33333 1 0 0 1 0
TARGET 33334 1 0 0 1 0
TARGET 33335 1 0 0 1 0
TARGET 33336 1 0 0 1 0
TARGET 33337 1 0 0 1 0
TARGET 33338 1 0 0 1 0
TARGET 33339 1 0 0 1 0
TARGET 33340 1 0 0 1 0
TARGET 33341 1 0 0 1 0
TARGET 33342 1 0 0 1 0
TARGET 33343 1 0 0 0 0
TARGET 33344 1 0 0 1 0
TARGET 33345 1 0 0 1 0
TARGET 33346 1 0 0 1 0
TARGET 33347 1 0 0 1 0
TARGET 33348 1 0 0 1 0
TARGET 33349 1 0 0 1 0
TARGET 33350 1 0 0 1 0
TARGET 33351 1 0 0 1 0
TARGET 33352 1 0 0 1 0
TARGET 33353 1 0 0 0 0
TARGET 33354 1 0 0 1 0
TARGET 33355 1 0 0 1 0
TARGET 33356 1 0 0 1 0
TARGET 33357 1 0 0 1 0
TARGET 33358 1 0 0 1 0
TARGET 33359 1 0 0 1 0
TARGET 33360 1 0 0 1 0
TARGET 33361 1 0 0 1 0
TARGET 33362 1 0 0 0 0
TARGET 33363 1 0 0 1 0
TARGET 33364 1 0 0 1 0
TARGET 33365 1 0 0 1 0
TARGET 33366 1 0 0 1 0
TARGET 33367 1 0 0 1 0
TARGET 33368 1 0 0 1 0
TARGET 33369 1 0 0 1 0
TARGET 33370 1 0 0 0 0
TARGET 33371 1 0 0 1 0
TARGET 33372 1 0 0 1 0
TARGET 33373 1 0 0 1 0
TARGET 33374 1 0 0 1 0
TARGET 33375 1 0 0 1 0
TARGET 33376 1 0 0 1 0
TARGET 33377 1 0 0 0 0
TARGET 33378 1 0 0 1 0
TARGET 33379 1 0 0 1 0
TARGET 33380 1 0 0 1 0
TARGET 33381 1 0 0 1 0
TARGET 33382 1 0 0 1 0
TARGET 33383 1 0 0 0 0
TARGET 33384 1 0 0 1 0
TARGET 33385 1 0 0 1 0
TARGET 33386 1 0 0 1 0
TARGET 33387 1 0 0 1 0
TARGET 33388 1 0 0 0 0
TARGET 33389 1 0 0 1 0
TARGET 33390 1 0 0 1 0
TARGET 33391 1 0 0 1 0
TARGET 33392 1 0 0 0 0
TARGET 33393 1 0 0 1 0
TARGET 33394 1 0 0 1 0
TARGET 33395 1 0 0 0 0
TARGET 33396 1 0 0 1 0
TARGET 33397 1 0 0 0 0
TARGET 33398 1 0 0 1 0
TARGET 33399 1 0 0 1 0
TARGET 33400 1 0 0 1 0
TARGET 33401 1 0 0 1 0
TARGET 33402 1 0 0 1 0
TARGET 33403 1 0 0 1 0
TARGET 33404 1 0 0 1 0
TARGET 33405 1 0 0 1 0
TARGET 33406 1 0 0 1 0
TARGET 33407 1 0 0 1 0
TARGET 33408 1 0 0 0 0
TARGET 33409 1 1 0 1 0
TARGET 33410 1 0 0 1 0
TARGET 33411 1 1 0 1 0
TARGET 33412 1 1 0 1 0
TARGET 33413 1 0 0 1 0
TARGET 33414 1 1 0 1 0
TARGET 33415 1 0 0 1 0
TARGET 33416 1 1 0 1 0
TARGET 33417 1 1 0 1 0
TARGET 33418 1 0 0 0 0
TARGET 33419 1 0 0 1 0
TARGET 33420 1 0 0 1 0
TARGET 33421 1 0 0 1 0
TARGET 33422 1 0 0 1 0
TARGET 33423 1 0 0 1 0
TARGET 33424 1 0 0 1 0
TARGET 33425 1 0 0 1 0
TARGET 33426 1 0 0 1 0
TARGET 33427 1 0 0 0 0
TARGET 33428 1 1 0 1 0
TARGET 33429 1 1 0 1 0
TARGET 33430 1 0 0 1 0
TARGET 33431 1 1 0 1 0
TARGET 33432 1 0 0 1 0
TARGET 33433 1 1 0 1 0
TARGET 33434 1 1 0 1 0
TARGET 33435 1 0 0 0 0
TARGET 33436 1 1 0 1 0
TARGET 33437 1 0 0 1 0
TARGET 33438 1 1 0 1 0
TARGET 33439 1 0 0 1 0
TARGET 33440 1 1 0 1 0
TARGET 33441 1 1 0 1 0
TARGET 33442 1 0 0 0 0
TARGET 33443 1 0 0 1 0
TARGET 33444 1 0 0 1 0
TARGET 33445 1 0 0 1 0
TARGET 33446 1 0 0 1 0
TARGET 33447 1 0 0 1 0
TARGET 33448 1 0 0 0 0
TARGET 33449 1 1 0 1 0
TARGET 33450 1 0 0 1 0
TARGET 33451 1 1 0 1 0
TARGET 33452 1 1 0 1 0
TARGET 33453 1 0 0 0 0
TARGET 33454 1 0 0 1 0
TARGET 33455 1 0 0 1 0
TARGET 33456 1 0 0 1 0
TARGET 33457 1 0 0 0 0
TARGET 33458 1 1 0 1 0
TARGET 33459 1 1 0 1 0
TARGET 33460 1 0 0 0 0
TARGET 33461 1 1 0 1 0
TARGET 33462 1 0 0 0 0
TARGET 33463 1 0 0 1 0
TARGET 33464 1 0 0 1 0
TARGET 33465 1 0 0 1 0
TARGET 33466 1 0 0 1 0
TARGET 33467 1 0 0 1 0
TARGET 33468 1 0 0 1 0
TARGET 33469 1 0 0 1 0
TARGET 33470 1 0 0 1 0
TARGET 33471 1 0 0 1 0
TARGET 33472 1 0 0 1 0
TARGET 33473 1 0 0 1 0
TARGET 33474 1 0 0 1 0
TARGET 33475 1 0 0 1 0
TARGET 33476 1 0 0 1 0
TARGET 33477 1 0 0 1 0
TARGET 33478 1 0 0 1 0
TARGET 33479 1 0 0 1 0
TARGET 33480 1 0 0 1 0
TARGET 33481 1 0 0 1 0
TARGET 33482 1 0 0 1 0
TARGET 33483 1 0 0 1 0
TARGET 33484 1 0 0 1 0
TARGET 33485 1 0 0 1 0
TARGET 33486 1 0 0 1 0
TARGET 33487 1 0 0 1 0
TARGET 33488 1 0 0 1 0
TARGET 33489 1 0 0 1 0
TARGET 33490 1 0 0 1 0
TARGET 33491 1 0 0 1 0
TARGET 33492 1 0 0 1 0
TARGET 33493 1 0 0 1 0
TARGET 33494 1 0 0 1 0
TARGET 33495 1 0 0 1 0
TARGET 33496 1 0 0 1 0
TARGET 33497 1 0 0 1 0
TARGET 33498 1 0 0 1 0
TARGET 33499 1 0 0 1 0
TARGET 33500 1 0 0 1 0
TARGET 33501 1 0 0 1 0
TARGET 33502 1 0 0 1 0
TARGET 33503 1 0 0 1 0
TARGET 33504 1 0 0 1 0
TARGET 33505 1 0 0 1 0
TARGET 33506 1 0 0 1 0
TARGET 33507 1 0 0 1 0
TARGET 33508 1 0 0 1 0
TARGET 33509 1 0 0 1 0
TARGET 33510 1 0 0 1 0
TARGET 33511 1 0 0 1 0
TARGET 33512 1 0 0 1 0
TARGET 33513 1 0 0 1 0
TARGET 33514 1 0 0 1 0
TARGET 33515 1 0 0 1 0
TARGET 33516 1 0 0 1 0
TARGET 33517 1 0 0 1 0
TARGET 33518 1 0 0 1 0
TARGET 33519 1 0 0 1 0
TARGET 33520 1 0 0 1 0
TARGET 33521 1 0 0 1 0
TARGET 33522 1 0 0 1 0
TARGET 33523 1 0 0 1 0
TARGET 33524 1 0 0 1 0
TARGET 33525 1 0 0 1 0
TARGET 33526 1 0 0 1 0
TARGET 33527 1 0 0 1 0
TARGET 33528 1 0 0 1 0
TARGET 33529 1 0 0 1 0
TARGET 33530 1 0 0 1 0
TARGET 33531 1 0 0 1 0
TARGET 33532 1 0 0 1 0
TARGET 33533 1 0 0 1 0
TARGET 33534 1 0 0 1 0
TARGET 33535 1 0 0 1 0
TARGET 33536 1 0 0 1 0
TARGET 33537 1 0 0 1 0
TARGET 33538 1 0 0 1 0
TARGET 33539 1 0 0 1 0
TARGET 33540 1 0 0 1 0
TARGET 33541 1 0 0 1 0
TARGET 33542 1 0 0 1 0
TARGET 33543 1 0 0 0 0
TARGET 33544 1 0 0 0 0
TARGET 33545 1 0 0 0 0
TARGET 33546 1 0 0 0 0
TARGET 33547 1 0 0 0 0
TARGET 33548 1 0 0 0 0
TARGET 33549 1 0 0 0 0
TARGET 33550 1 0 0 0 0
TARGET 33551 1 1 0 1 0
TARGET 33552 1 0 0 1 0
TARGET 33553 1 1 0 1 0
TARGET 33554 1 1 0 1 0
TARGET 33555 1 0 0 1 0
TARGET 33556 1 1 0 1 0
TARGET 33557 1 0 0 1 0
TARGET 33558 1 1 0 1 0
TARGET 33559 1 1 0 1 0
TARGET 33560 1 0 0 1 0
TARGET 33561 1 0 0 1 0
TARGET 33562 1 1 0 1 0
TARGET 33563 1 1 0 1 0
TARGET 33564 1 1 0 1 0
TARGET 33565 1 0 0 1 0
TARGET 33566 1 1 0 1 0
TARGET 33567 1 0 0 0 0
TARGET 33568 1 0 0 1 0
TARGET 33569 1 0 0 1 0
TARGET 33570 1 0 0 1 0
TARGET 33571 1 0 0 1 0
TARGET 33572 1 0 0 1 0
TARGET 33573 1 0 0 1 0
TARGET 33574 1 0 0 1 0
TARGET 33575 1 0 0 1 0
TARGET 33576 1 0 0 0 0
TARGET 33577 1 1 0 1 0
TARGET 33578 1 1 0 1 0
TARGET 33579 1 0 0 1 0
TARGET 33580 1 1 0 1 0
TARGET 33581 1 0 0 1 0
TARGET 33582 1 1 0 1 0
TARGET 33583 1 1 0 1 0
TARGET 33584 1 0 0 0 0
TARGET 33585 1 1 0 1 0
TARGET 33586 1 0 0 1 0
TARGET 33587 1 1 0 1 0
TARGET 33588 1 0 0 1 0
TARGET 33589 1 1 0 1 0
TARGET 33590 1 1 0 1 0
TARGET 33591 1 0 0 0 0
TARGET 33592 1 0 0 1 0
TARGET 33593 1 0 0 1 0
TARGET 33594 1 0 0 1 0
TARGET 33595 1 0 0 1 0
TARGET 33596 1 0 0 1 0
TARGET 33597 1 0 0 0 0
TARGET 33598 1 1 0 1 0
TARGET 33599 1 0 0 1 0
TARGET 33600 1 1 0 1 0
TARGET 33601 1 1 0 1 0
TARGET 33602 1 0 0 0 0
TARGET 33603 1 0 0 1 0
TARGET 33604 1 0 0 1 0
TARGET 33605 1 0 0 1 0
TARGET 33606 1 0 0 0 0
TARGET 33607 1 1 0 1 0
TARGET 33608 1 1 0 1 0
TARGET 33609 1 0 0 0 0
TARGET 33610 1 1 0 1 0
TARGET 33611 1 0 0 0 0
TARGET 33612 1 0 0 1 0
TARGET 33613 1 0 0 1 0
TARGET 33614 1 0 0 1 0
TARGET 33615 1 0 0 1 0
TARGET 33616 1 0 0 1 0
TARGET 33617 1 0 0 1 0
TARGET 33618 1 0 0 1 0
TARGET 33619 1 0 0 1 0
TARGET 33620 1 0 0 1 0
TARGET 33621 1 1 0 1 0
TARGET 33622 1 1 0 1 0
TARGET 33623 1 1 0 1 0
TARGET 33624 1 0 0 1 0
TARGET 33625 1 1 0 1 0
TARGET 33626 1 0 0 1 0
TARGET 33627 1 0 0 1 0
TARGET 33628 1 1 0 1 0
TARGET 33629 1 1 0 1 0
TARGET 33630 1 1 0 1 0
TARGET 33631 1 0 0 1 0
TARGET 33632 1 1 0 1 0
TARGET 33633 1 0 0 1 0
TARGET 33634 1 0 0 1 0
TARGET 33635 1 0 0 1 0
TARGET 33636 1 0 0 1 0
TARGET 33637 1 0 0 1 0
TARGET 33638 1 0 0 1 0
TARGET 33639 1 0 0 1 0
TARGET 33640 1 0 0 1 0
TARGET 33641 1 0 0 1 0
TARGET 33642 1 0 0 1 0
TARGET 33643 1 0 0 1 0
TARGET 33644 1 0 0 1 0
TARGET 33645 1 0 0 1 0
TARGET 33646 1 0 0 1 0
TARGET 33647 1 0 0 1 0
TARGET 33648 1 1 0 1 0
TARGET 33649 1 0 0 1 0
TARGET 33650 1 1 0 1 0
TARGET 33651 1 1 0 1 0
TARGET 33652 1 1 0 1 0
TARGET 33653 1 1 0 1 0
TARGET 33654 1 0 0 1 0
TARGET 33655 1 1 0 1 0
TARGET 33656 1 0 0 1 0
TARGET 33657 1 1 0 1 0
TARGET 33658 1 1 0 1 0
TARGET 33659 1 0 0 1 0
TARGET 33660 1 1 0 1 0
TARGET 33661 1 1 0 1 0
TARGET 33662 1 0 0 1 0
TARGET 33663 1 0 0 1 0
TARGET 33664 1 0 0 1 0
TARGET 33665 1 0 0 1 0
TARGET 33666 1 1 0 1 0
TARGET 33667 1 1 0 1 0
TARGET 33668 1 0 0 0 0
TARGET 33669 1 0 0 0 0
TARGET 33670 1 0 0 0 0
TARGET 33671 1 0 0 0 0
TARGET 33672 1 0 0 0 0
TARGET 33673 1 0 0 0 0
TARGET 33674 1 0 0 0 0
TARGET 33675 1 0 0 1 0
TARGET 33676 1 0 0 1 0
TARGET 33677 1 0 0 1 0
TARGET 33678 1 0 0 1 0
TARGET 33679 1 0 0 1 0
TARGET 33680 1 0 0 1 0
TARGET 33681 1 0 0 1 0
TARGET 33682 1 0 0 1 0
TARGET 33683 1 0 0 1 0
TARGET 33684 1 0 0 1 0
TARGET 33685 1 0 0 1 0
TARGET 33686 1 0 0 1 0
TARGET 33687 1 0 0 1 0
TARGET 33688 1 0 0 1 0
TARGET 33689 1 0 0 1 0
TARGET 33690 1 0 0 1 0
TARGET 33691 1 0 0 1 0
TARGET 33692 1 0 0 1 0
TARGET 33693 1 0 0 1 0
TARGET 33694 1 0 0 1 0
TARGET 33695 1 0 0 1 0
TARGET 33696 1 0 0 1 0
TARGET 33697 1 0 0 1 0
TARGET 33698 1 0 0 1 0
TARGET 33699 1 0 0 1 0
TARGET 33700 1 0 0 1 0
TARGET 33701 1 0 0 1 0
TARGET 33702 1 0 0 1 0
TARGET 33703 1 0 0 1 0
TARGET 33704 1 0 0 1 0
TARGET 33705 1 0 0 1 0
TARGET 33706 1 0 0 1 0
TARGET 33707 1 0 0 1 0
TARGET 33708 1 0 0 1 0
TARGET 33709 1 0 0 1 0
TARGET 33710 1 0 0 1 0
TARGET 33711 1 0 0 1 0
TARGET 33712 1 0 0 1 0
TARGET 33713 1 0 0 1 0
TARGET 33714 1 0 0 1 0
TARGET 33715 1 0 0 1 0
TARGET 33716 1 0 0 1 0
TARGET 33717 1 0 0 1 0
TARGET 33718 1 0 0 1 0
TARGET 33719 1 0 0 1 0
TARGET 33720 1 0 0 1 0
TARGET 33721 1 0 0 1 0
TARGET 33722 1 0 0 1 0
TARGET 33723 1 0 0 1 0
TARGET 33724 1 0 0 1 0
TARGET 33725 1 0 0 1 0
TARGET 33726 1 0 0 1 0
TARGET 33727 1 0 0 1 0
TARGET 33728 1 0 0 1 0
TARGET 33729 1 0 0 1 0
TARGET 33730 1 0 0 1 0
TARGET 33731 1 0 0 0 0
TARGET 33732 1 0 0 0 0
TARGET 33733 1 0 0 0 0
TARGET 33734 1 0 0 0 0
TARGET 33735 1 0 0 0 0
TARGET 33736 1 0 0 0 0
TARGET 33737 1 0 0 0 0
TARGET 33738 1 0 0 1 0
TARGET 33739 1 0 0 1 0
TARGET 33740 1 1 0 1 0
TARGET 33741 1 1 0 1 0
TARGET 33742 1 1 0 1 0
TARGET 33743 1 0 0 1 0
TARGET 33744 1 1 0 1 0
TARGET 33745 1 0 0 1 0
TARGET 33746 1 0 0 1 0
TARGET 33747 1 1 0 1 0
TARGET 33748 1 1 0 1 0
TARGET 33749 1 1 0 1 0
TARGET 33750 1 0 0 1 0
TARGET 33751 1 1 0 1 0
TARGET 33752 1 0 0 1 0
TARGET 33753 1 0 0 1 0
TARGET 33754 1 0 0 1 0
TARGET 33755 1 0 0 1 0
TARGET 33756 1 0 0 1 0
TARGET 33757 1 0 0 1 0
TARGET 33758 1 0 0 1 0
TARGET 33759 1 0 0 1 0
TARGET 33760 1 0 0 1 0
TARGET 33761 1 0 0 1 0
TARGET 33762 1 0 0 1 0
TARGET 33763 1 0 0 1 0
TARGET 33764 1 0 0 1 0
TARGET 33765 1 0 0 1 0
TARGET 33766 1 0 0 1 0
TARGET 33767 1 1 0 1 0
TARGET 33768 1 0 0 1 0
TARGET 33769 1 1 0 1 0
TARGET 33770 1 1 0 1 0
TARGET 33771 1 1 0 1 0
TARGET 33772 1 1 0 1 0
TARGET 33773 1 0 0 1 0
TARGET 33774 1 1 0 1 0
TARGET 33775 1 0 0 1 0
TARGET 33776 1 1 0 1 0
TARGET 33777 1 1 0 1 0
TARGET 33778 1 0 0 1 0
TARGET 33779 1 1 0 1 0
TARGET 33780 1 1 0 1 0
TARGET 33781 1 0 0 1 0
TARGET 33782 1 0 0 1 0
TARGET 33783 1 0 0 1 0
TARGET 33784 1 0 0 1 0
TARGET 33785 1 1 0 1 0
TARGET 33786 1 1 0 1 0
TARGET 33787 1 0 0 0 0
TARGET 33788 1 0 0 0 0
TARGET 33789 1 0 0 0 0
TARGET 33790 1 0 0 0 0
TARGET 33791 1 0 0 0 0
TARGET 33792 1 0 0 0 0
TARGET 33793 1 0 0 0 0
TARGET 33794 1 0 0 1 0
TARGET 33795 1 0 0 1 0
TARGET 33796 1 1 0 1 0
TARGET 33797 1 1 0 1 0
TARGET 33798 1 1 0 1 0
TARGET 33799 1 0 0 1 0
TARGET 33800 1 1 0 1 0
TARGET 33801 1 0 0 1 0
TARGET 33802 1 0 0 1 0
TARGET 33803 1 0 0 1 0
TARGET 33804 1 0 0 1 0
TARGET 33805 1 0 0 1 0
TARGET 33806 1 0 0 1 0
TARGET 33807 1 0 0 1 0
TARGET 33808 1 0 0 1 0
TARGET 33809 1 0 0 1 0
TARGET 33810 1 0 0 1 0
TARGET 33811 1 0 0 1 0
TARGET 33812 1 0 0 1 0
TARGET 33813 1 0 0 1 0
TARGET 33814 1 0 0 1 0
TARGET 33815 1 0 0 1 0
TARGET 33816 1 1 0 1 0
TARGET 33817 1 0 0 1 0
TARGET 33818 1 1 0 1 0
TARGET 33819 1 1 0 1 0
TARGET 33820 1 1 0 1 0
TARGET 33821 1 1 0 1 0
TARGET 33822 1 0 0 1 0
TARGET 33823 1 1 0 1 0
TARGET 33824 1 0 0 1 0
TARGET 33825 1 1 0 1 0
TARGET 33826 1 1 0 1 0
TARGET 33827 1 0 0 1 0
TARGET 33828 1 1 0 1 0
TARGET 33829 1 1 0 1 0
TARGET 33830 1 0 0 1 0
TARGET 33831 1 0 0 1 0
TARGET 33832 1 0 0 1 0
TARGET 33833 1 0 0 1 0
TARGET 33834 1 1 0 1 0
TARGET 33835 1 1 0 1 0
TARGET 33836 1 0 0 0 0
TARGET 33837 1 0 0 0 0
TARGET 33838 1 0 0 0 0
TARGET 33839 1 0 0 0 0
TARGET 33840 1 0 0 0 0
TARGET 33841 1 0 0 0 0
TARGET 33842 1 0 0 0 0
TARGET 33843 1 0 0 1 0
TARGET 33844 1 0 0 1 0
TARGET 33845 1 0 0 1 0
TARGET 33846 1 0 0 1 0
TARGET 33847 1 0 0 1 0
TARGET 33848 1 0 0 1 0
TARGET 33849 1 0 0 1 0
TARGET 33850 1 0 0 1 0
TARGET 33851 1 0 0 1 0
TARGET 33852 1 0 0 1 0
TARGET 33853 1 0 0 1 0
TARGET 33854 1 0 0 1 0
TARGET 33855 1 0 0 1 0
TARGET 33856 1 0 0 1 0
TARGET 33857 1 0 0 1 0
TARGET 33858 1 0 0 1 0
TARGET 33859 1 0 0 1 0
TARGET 33860 1 0 0 1 0
TARGET 33861 1 0 0 1 0
TARGET 33862 1 0 0 1 0
TARGET 33863 1 0 0 1 0
TARGET 33864 1 0 0 1 0
TARGET 33865 1 0 0 1 0
TARGET 33866 1 0 0 1 0
TARGET 33867 1 0 0 1 0
TARGET 33868 1 0 0 1 0
TARGET 33869 1 0 0 1 0
TARGET 33870 1 0 0 1 0
TARGET 33871 1 0 0 1 0
TARGET 33872 1 0 0 1 0
TARGET 33873 1 0 0 1 0
TARGET 33874 1 0 0 1 0
TARGET 33875 1 0 0 1 0
TARGET 33876 1 0 0 1 0
TARGET 33877 1 0 0 1 0
TARGET 33878 1 0 0 0 0
TARGET 33879 1 0 0 0 0
TARGET 33880 1 0 0 0 0
TARGET 33881 1 0 0 0 0
TARGET 33882 1 0 0 0 0
TARGET 33883 1 0 0 0 0
TARGET 33884 1 0 0 0 0
TARGET 33885 1 0 0 1 0
TARGET 33886 1 0 0 1 0
TARGET 33887 1 0 0 1 0
TARGET 33888 1 0 0 1 0
TARGET 33889 1 0 0 0 0
TARGET 33890 1 0 0 1 0
TARGET 33891 1 0 0 1 0
TARGET 33892 1 0 0 1 0
TARGET 33893 1 0 0 0 0
TARGET 33894 1 0 0 1 0
TARGET 33895 1 0 0 1 0
TARGET 33896 1 0 0 0 0
TARGET 33897 1 0 0 1 0
TARGET 33898 1 0 0 0 0
TARGET 33899 1 0 0 1 0
TARGET 33900 1 0 0 1 0
TARGET 33901 1 0 0 1 0
TARGET 33902 1 0 0 1 0
TARGET 33903 1 0 0 0 0
TARGET 33904 1 0 0 1 0
TARGET 33905 1 0 0 1 0
TARGET 33906 1 0 0 1 0
TARGET 33907 1 0 0 0 0
TARGET 33908 1 0 0 1 0
TARGET 33909 1 0 0 1 0
TARGET 33910 1 0 0 0 0
TARGET 33911 1 0 0 1 0
TARGET 33912 1 0 0 0 0
TARGET 33913 1 1 0 1 0
TARGET 33914 1 0 0 1 0
TARGET 33915 1 1 0 1 0
TARGET 33916 1 1 0 1 0
TARGET 33917 1 0 0 0 0
TARGET 33918 1 0 0 1 0
TARGET 33919 1 0 0 1 0
TARGET 33920 1 0 0 1 0
TARGET 33921 1 0 0 0 0
TARGET 33922 1 1 0 1 0
TARGET 33923 1 1 0 1 0
TARGET 33924 1 0 0 0 0
TARGET 33925 1 1 0 1 0
TARGET 33926 1 0 0 0 0
TARGET 33927 1 1 0 1 0
TARGET 33928 1 1 0 1 0
TARGET 33929 1 0 0 1 0
TARGET 33930 1 1 0 1 0
TARGET 33931 1 0 0 1 0
TARGET 33932 1 1 0 1 0
TARGET 33933 1 1 0 1 0
TARGET 33934 1 0 0 0 0
TARGET 33935 1 0 0 1 0
TARGET 33936 1 1 0 1 0
TARGET 33937 1 1 0 1 0
TARGET 33938 1 0 0 1 0
TARGET 33939 1 0 0 1 0
TARGET 33940 1 0 0 1 0
TARGET 33941 1 0 0 1 0
TARGET 33942 1 1 0 1 0
TARGET 33943 1 1 0 1 0
TARGET 33944 1 0 0 1 0
TARGET 33945 1 0 0 1 0
TARGET 33946 1 0 0 1 0
TARGET 33947 1 0 0 0 0
TARGET 33948 1 1 0 1 0
TARGET 33949 1 1 0 1 0
TARGET 33950 1 0 0 0 0
TARGET 33951 1 1 0 1 0
TARGET 33952 1 0 0 0 0
TARGET 33953 1 0 0 0 0
TARGET 33954 1 0 0 0 0
TARGET 33955 1 0 0 0 0
TARGET 33956 1 0 0 1 0
TARGET 33957 1 0 0 1 0
TARGET 33958 1 0 0 1 0
TARGET 33959 1 0 0 0 0
TARGET 33960 1 1 0 1 0
TARGET 33961 1 1 0 1 0
TARGET 33962 1 0 0 0 0
TARGET 33963 1 1 0 1 0
TARGET 33964 1 0 0 0 0
TARGET 33965 1 0 0 1 0
TARGET 33966 1 0 0 1 0
TARGET 33967 1 0 0 1 0
TARGET 33968 1 0 0 0 0
TARGET 33969 1 0 0 1 0
TARGET 33970 1 0 0 1 0
TARGET 33971 1 0 0 0 0
TARGET 33972 1 0 0 1 0
TARGET 33973 1 0 0 0 0
TARGET 33974 1 0 0 1 0
TARGET 33975 1 0 0 1 0
TARGET 33976 1 0 0 1 0
TARGET 33977 1 0 0 0 0
TARGET 33978 1 1 0 1 0
TARGET 33979 1 1 0 1 0
TARGET 33980 1 0 0 0 0
TARGET 33981 1 1 0 1 0
TARGET 33982 1 0 0 0 0
TARGET 33983 1 1 0 1 0
TARGET 33984 1 1 0 1 0
TARGET 33985 1 0 0 1 0
TARGET 33986 1 0 0 1 0
TARGET 33987 1 1 0 1 0
TARGET 33988 1 0 0 1 0
TARGET 33989 1 0 0 1 0
TARGET 33990 1 1 0 1 0
TARGET 33991 1 1 0 1 0
TARGET 33992 1 1 0 1 0
TARGET 33993 1 0 0 1 0
TARGET 33994 1 0 0 1 0
TARGET 33995 1 1 0 1 0
TARGET 33996 1 1 0 1 0
TARGET 33997 1 1 0 1 0
TARGET 33998 1 0 0 1 0
TARGET 33999 1 0 0 1 0
TARGET 34000 1 1 0 1 0
PASS_1962_MONOMIAL_INTERVAL 33001 34000 1000 0
