TARGET 41001 1 0 0 1 0
TARGET 41002 1 0 0 1 0
TARGET 41003 1 1 0 2 0
TARGET 41004 1 0 0 1 0
TARGET 41005 1 0 0 0 0
TARGET 41006 1 1 0 1 0
TARGET 41007 1 1 0 2 0
TARGET 41008 1 1 0 1 0
TARGET 41009 1 0 0 1 0
TARGET 41010 1 1 0 2 0
TARGET 41011 1 1 0 1 0
TARGET 41012 1 0 0 0 0
TARGET 41013 1 1 0 3 0
TARGET 41014 1 1 0 2 0
TARGET 41015 1 1 0 2 0
TARGET 41016 1 1 0 3 0
TARGET 41017 1 1 0 2 0
TARGET 41018 1 1 0 1 0
TARGET 41019 1 0 0 1 0
TARGET 41020 1 1 0 2 0
TARGET 41021 1 1 0 1 0
TARGET 41022 1 0 0 2 0
TARGET 41023 1 0 0 0 0
TARGET 41024 1 0 0 1 0
TARGET 41025 1 1 0 2 0
TARGET 41026 1 0 0 1 0
TARGET 41027 1 0 0 0 0
TARGET 41028 1 2 0 3 0
TARGET 41029 1 1 0 2 0
TARGET 41030 1 1 0 1 0
TARGET 41031 1 0 0 2 0
TARGET 41032 1 0 0 0 0
TARGET 41033 1 1 0 1 0
TARGET 41034 1 0 0 1 0
TARGET 41035 1 1 0 2 0
TARGET 41036 1 1 0 1 0
TARGET 41037 1 0 0 1 0
TARGET 41038 1 1 0 1 0
TARGET 41039 1 0 0 1 0
TARGET 41040 1 0 0 1 0
TARGET 41041 1 1 0 1 0
TARGET 41042 1 1 0 2 0
TARGET 41043 1 1 0 1 0
TARGET 41044 1 0 0 1 0
TARGET 41045 1 1 0 2 0
TARGET 41046 1 1 0 1 0
TARGET 41047 1 0 0 1 0
TARGET 41048 1 1 0 2 0
TARGET 41049 1 0 0 1 0
TARGET 41050 1 0 0 1 0
TARGET 41051 1 0 0 1 0
TARGET 41052 1 0 0 1 0
TARGET 41053 1 0 0 1 0
TARGET 41054 1 1 0 2 0
TARGET 41055 1 0 0 1 0
TARGET 41056 1 0 0 1 0
TARGET 41057 1 1 0 2 0
TARGET 41058 1 0 0 1 0
TARGET 41059 1 1 0 2 0
TARGET 41060 1 1 0 3 0
TARGET 41061 1 1 0 2 0
TARGET 41062 1 1 0 2 0
TARGET 41063 1 1 0 3 0
TARGET 41064 1 1 0 2 0
TARGET 41065 1 1 0 1 0
TARGET 41066 1 1 0 2 0
TARGET 41067 1 1 0 1 0
TARGET 41068 1 0 0 1 0
TARGET 41069 1 1 0 2 0
TARGET 41070 1 1 0 1 0
TARGET 41071 1 0 0 1 0
TARGET 41072 1 1 0 2 0
TARGET 41073 1 0 0 1 0
TARGET 41074 1 0 0 1 0
TARGET 41075 1 1 0 2 0
TARGET 41076 1 0 0 1 0
TARGET 41077 1 1 0 1 0
TARGET 41078 1 0 0 1 0
TARGET 41079 1 1 0 2 0
TARGET 41080 1 1 0 1 0
TARGET 41081 1 0 0 1 0
TARGET 41082 1 1 0 2 0
TARGET 41083 1 1 0 1 0
TARGET 41084 1 1 0 2 0
TARGET 41085 1 0 0 1 0
TARGET 41086 1 0 0 1 0
TARGET 41087 1 1 0 2 0
TARGET 41088 1 0 0 1 0
TARGET 41089 1 0 0 0 0
TARGET 41090 1 0 0 0 0
TARGET 41091 1 1 0 1 0
TARGET 41092 1 0 0 0 0
TARGET 41093 1 0 0 0 0
TARGET 41094 1 0 0 0 0
TARGET 41095 1 0 0 0 0
TARGET 41096 1 0 0 1 0
TARGET 41097 1 0 0 1 0
TARGET 41098 1 1 0 2 0
TARGET 41099 1 0 0 1 0
TARGET 41100 1 0 0 1 0
TARGET 41101 1 1 0 2 0
TARGET 41102 1 0 0 1 0
TARGET 41103 1 0 0 0 0
TARGET 41104 1 1 0 1 0
TARGET 41105 1 1 0 2 0
TARGET 41106 1 1 0 1 0
TARGET 41107 1 0 0 1 0
TARGET 41108 1 1 0 2 0
TARGET 41109 1 1 0 1 0
TARGET 41110 1 0 0 0 0
TARGET 41111 1 2 0 3 0
TARGET 41112 1 1 0 2 0
TARGET 41113 1 1 0 2 0
TARGET 41114 1 1 0 3 0
TARGET 41115 1 1 0 2 0
TARGET 41116 1 1 0 1 0
TARGET 41117 1 0 0 1 0
TARGET 41118 1 1 0 2 0
TARGET 41119 1 1 0 1 0
TARGET 41120 1 0 0 2 0
TARGET 41121 1 0 0 0 0
TARGET 41122 1 0 0 1 0
TARGET 41123 1 1 0 2 0
TARGET 41124 1 0 0 1 0
TARGET 41125 1 0 0 0 0
TARGET 41126 1 1 0 3 0
TARGET 41127 1 1 0 2 0
TARGET 41128 1 1 0 1 0
TARGET 41129 1 0 0 2 0
TARGET 41130 1 0 0 0 0
TARGET 41131 1 0 0 1 0
TARGET 41132 1 1 0 2 0
TARGET 41133 1 0 0 1 0
TARGET 41134 1 0 0 1 0
TARGET 41135 1 0 0 1 0
TARGET 41136 1 0 0 1 0
TARGET 41137 1 0 0 1 0
TARGET 41138 1 1 0 2 0
TARGET 41139 1 0 0 1 0
TARGET 41140 1 0 0 1 0
TARGET 41141 1 1 0 2 0
TARGET 41142 1 0 0 1 0
TARGET 41143 1 1 0 2 0
TARGET 41144 1 1 0 3 0
TARGET 41145 1 1 0 2 0
TARGET 41146 1 1 0 2 0
TARGET 41147 1 1 0 3 0
TARGET 41148 1 1 0 2 0
TARGET 41149 1 0 0 1 0
TARGET 41150 1 1 0 2 0
TARGET 41151 1 0 0 1 0
TARGET 41152 1 0 0 1 0
TARGET 41153 1 1 0 2 0
TARGET 41154 1 0 0 1 0
TARGET 41155 1 0 0 1 0
TARGET 41156 1 1 0 2 0
TARGET 41157 1 0 0 1 0
TARGET 41158 1 0 0 1 0
TARGET 41159 1 1 0 2 0
TARGET 41160 1 0 0 1 0
TARGET 41161 1 0 0 1 0
TARGET 41162 1 0 0 1 0
TARGET 41163 1 1 0 2 0
TARGET 41164 1 0 0 1 0
TARGET 41165 1 0 0 1 0
TARGET 41166 1 1 0 2 0
TARGET 41167 1 0 0 1 0
TARGET 41168 1 1 0 2 0
TARGET 41169 1 0 0 1 0
TARGET 41170 1 0 0 1 0
TARGET 41171 1 1 0 2 0
TARGET 41172 1 0 0 1 0
TARGET 41173 1 0 0 0 0
TARGET 41174 1 1 0 1 0
TARGET 41175 1 0 0 0 0
TARGET 41176 1 0 0 0 0
TARGET 41177 1 0 0 0 0
TARGET 41178 1 0 0 0 0
TARGET 41179 1 0 0 1 0
TARGET 41180 1 1 0 2 0
TARGET 41181 1 0 0 1 0
TARGET 41182 1 0 0 1 0
TARGET 41183 1 1 0 2 0
TARGET 41184 1 0 0 1 0
TARGET 41185 1 0 0 0 0
TARGET 41186 1 2 0 3 0
TARGET 41187 1 1 0 2 0
TARGET 41188 1 1 0 2 0
TARGET 41189 1 1 0 3 0
TARGET 41190 1 1 0 2 0
TARGET 41191 1 0 0 1 0
TARGET 41192 1 0 0 1 0
TARGET 41193 1 1 0 2 0
TARGET 41194 1 0 0 1 0
TARGET 41195 1 0 0 2 0
TARGET 41196 1 0 0 0 0
TARGET 41197 1 0 0 1 0
TARGET 41198 1 1 0 2 0
TARGET 41199 1 0 0 1 0
TARGET 41200 1 0 0 0 0
TARGET 41201 1 2 0 3 0
TARGET 41202 1 1 0 2 0
TARGET 41203 1 0 0 1 0
TARGET 41204 1 0 0 2 0
TARGET 41205 1 0 0 0 0
TARGET 41206 1 1 0 2 0
TARGET 41207 1 1 0 3 0
TARGET 41208 1 1 0 2 0
TARGET 41209 1 1 0 2 0
TARGET 41210 1 1 0 3 0
TARGET 41211 1 1 0 2 0
TARGET 41212 1 1 0 1 0
TARGET 41213 1 1 0 4 0
TARGET 41214 1 1 0 3 0
TARGET 41215 1 1 0 3 0
TARGET 41216 1 1 0 4 0
TARGET 41217 1 1 0 3 0
TARGET 41218 1 1 0 2 0
TARGET 41219 1 1 0 2 0
TARGET 41220 1 1 0 3 0
TARGET 41221 1 1 0 2 0
TARGET 41222 1 1 0 3 0
TARGET 41223 1 1 0 1 0
TARGET 41224 1 1 0 2 0
TARGET 41225 1 1 0 3 0
TARGET 41226 1 1 0 2 0
TARGET 41227 1 1 0 1 0
TARGET 41228 1 1 0 4 0
TARGET 41229 1 1 0 3 0
TARGET 41230 1 1 0 2 0
TARGET 41231 1 1 0 3 0
TARGET 41232 1 1 0 1 0
TARGET 41233 1 1 0 1 0
TARGET 41234 1 1 0 2 0
TARGET 41235 1 1 0 1 0
TARGET 41236 1 0 0 1 0
TARGET 41237 1 1 0 2 0
TARGET 41238 1 1 0 1 0
TARGET 41239 1 0 0 0 0
TARGET 41240 1 1 0 3 0
TARGET 41241 1 1 0 2 0
TARGET 41242 1 1 0 2 0
TARGET 41243 1 1 0 3 0
TARGET 41244 1 1 0 2 0
TARGET 41245 1 1 0 1 0
TARGET 41246 1 0 0 1 0
TARGET 41247 1 1 0 2 0
TARGET 41248 1 1 0 1 0
TARGET 41249 1 0 0 2 0
TARGET 41250 1 0 0 0 0
TARGET 41251 1 0 0 1 0
TARGET 41252 1 1 0 2 0
TARGET 41253 1 0 0 1 0
TARGET 41254 1 0 0 0 0
TARGET 41255 1 1 0 3 0
TARGET 41256 1 1 0 2 0
TARGET 41257 1 1 0 1 0
TARGET 41258 1 0 0 2 0
TARGET 41259 1 0 0 0 0
TARGET 41260 1 0 0 1 0
TARGET 41261 1 1 0 2 0
TARGET 41262 1 0 0 1 0
TARGET 41263 1 0 0 1 0
TARGET 41264 1 1 0 2 0
TARGET 41265 1 0 0 1 0
TARGET 41266 1 0 0 0 0
TARGET 41267 1 2 0 3 0
TARGET 41268 1 1 0 2 0
TARGET 41269 1 1 0 2 0
TARGET 41270 1 1 0 3 0
TARGET 41271 1 1 0 2 0
TARGET 41272 1 0 0 1 0
TARGET 41273 1 0 0 1 0
TARGET 41274 1 1 0 2 0
TARGET 41275 1 0 0 1 0
TARGET 41276 1 0 0 2 0
TARGET 41277 1 0 0 0 0
TARGET 41278 1 0 0 1 0
TARGET 41279 1 1 0 2 0
TARGET 41280 1 0 0 1 0
TARGET 41281 1 0 0 0 0
TARGET 41282 1 2 0 3 0
TARGET 41283 1 1 0 2 0
TARGET 41284 1 0 0 1 0
TARGET 41285 1 0 0 2 0
TARGET 41286 1 0 0 0 0
TARGET 41287 1 1 0 1 0
TARGET 41288 1 0 0 1 0
TARGET 41289 1 1 0 2 0
TARGET 41290 1 1 0 1 0
TARGET 41291 1 0 0 1 0
TARGET 41292 1 1 0 2 0
TARGET 41293 1 1 0 1 0
TARGET 41294 1 0 0 0 0
TARGET 41295 1 1 0 2 0
TARGET 41296 1 0 0 1 0
TARGET 41297 1 0 0 1 0
TARGET 41298 1 1 0 2 0
TARGET 41299 1 0 0 1 0
TARGET 41300 1 1 0 3 0
TARGET 41301 1 1 0 2 0
TARGET 41302 1 1 0 2 0
TARGET 41303 1 1 0 3 0
TARGET 41304 1 1 0 2 0
TARGET 41305 1 1 0 1 0
TARGET 41306 1 0 0 1 0
TARGET 41307 1 1 0 2 0
TARGET 41308 1 1 0 1 0
TARGET 41309 1 0 0 2 0
TARGET 41310 1 0 0 0 0
TARGET 41311 1 0 0 1 0
TARGET 41312 1 1 0 2 0
TARGET 41313 1 0 0 1 0
TARGET 41314 1 0 0 0 0
TARGET 41315 1 1 0 3 0
TARGET 41316 1 1 0 2 0
TARGET 41317 1 1 0 1 0
TARGET 41318 1 0 0 2 0
TARGET 41319 1 0 0 0 0
TARGET 41320 1 0 0 0 0
TARGET 41321 1 2 0 3 0
TARGET 41322 1 1 0 2 0
TARGET 41323 1 1 0 2 0
TARGET 41324 1 1 0 3 0
TARGET 41325 1 1 0 2 0
TARGET 41326 1 0 0 1 0
TARGET 41327 1 0 0 1 0
TARGET 41328 1 1 0 2 0
TARGET 41329 1 0 0 1 0
TARGET 41330 1 0 0 2 0
TARGET 41331 1 0 0 0 0
TARGET 41332 1 0 0 1 0
TARGET 41333 1 1 0 2 0
TARGET 41334 1 0 0 1 0
TARGET 41335 1 0 0 0 0
TARGET 41336 1 2 0 3 0
TARGET 41337 1 1 0 2 0
TARGET 41338 1 0 0 1 0
TARGET 41339 1 0 0 2 0
TARGET 41340 1 0 0 0 0
TARGET 41341 1 0 0 1 0
TARGET 41342 1 0 0 1 0
TARGET 41343 1 0 0 1 0
TARGET 41344 1 0 0 1 0
TARGET 41345 1 0 0 1 0
TARGET 41346 1 0 0 1 0
TARGET 41347 1 0 0 1 0
TARGET 41348 1 0 0 1 0
TARGET 41349 1 0 0 1 0
TARGET 41350 1 0 0 1 0
TARGET 41351 1 0 0 1 0
TARGET 41352 1 0 0 1 0
TARGET 41353 1 0 0 1 0
TARGET 41354 1 0 0 1 0
TARGET 41355 1 0 0 1 0
TARGET 41356 1 0 0 1 0
TARGET 41357 1 0 0 1 0
TARGET 41358 1 0 0 1 0
TARGET 41359 1 0 0 1 0
TARGET 41360 1 0 0 1 0
TARGET 41361 1 0 0 1 0
TARGET 41362 1 0 0 1 0
TARGET 41363 1 0 0 1 0
TARGET 41364 1 0 0 1 0
TARGET 41365 1 0 0 1 0
TARGET 41366 1 0 0 1 0
TARGET 41367 1 0 0 1 0
TARGET 41368 1 0 0 1 0
TARGET 41369 1 0 0 1 0
TARGET 41370 1 0 0 1 0
TARGET 41371 1 0 0 1 0
TARGET 41372 1 0 0 1 0
TARGET 41373 1 0 0 1 0
TARGET 41374 1 0 0 1 0
TARGET 41375 1 0 0 1 0
TARGET 41376 1 0 0 1 0
TARGET 41377 1 0 0 1 0
TARGET 41378 1 0 0 1 0
TARGET 41379 1 0 0 1 0
TARGET 41380 1 0 0 1 0
TARGET 41381 1 0 0 1 0
TARGET 41382 1 0 0 1 0
TARGET 41383 1 0 0 1 0
TARGET 41384 1 0 0 1 0
TARGET 41385 1 0 0 1 0
TARGET 41386 1 0 0 1 0
TARGET 41387 1 0 0 1 0
TARGET 41388 1 0 0 1 0
TARGET 41389 1 0 0 1 0
TARGET 41390 1 0 0 1 0
TARGET 41391 1 0 0 1 0
TARGET 41392 1 0 0 1 0
TARGET 41393 1 0 0 1 0
TARGET 41394 1 0 0 1 0
TARGET 41395 1 0 0 1 0
TARGET 41396 1 0 0 1 0
TARGET 41397 1 0 0 1 0
TARGET 41398 1 0 0 1 0
TARGET 41399 1 0 0 1 0
TARGET 41400 1 0 0 1 0
TARGET 41401 1 0 0 1 0
TARGET 41402 1 0 0 1 0
TARGET 41403 1 0 0 1 0
TARGET 41404 1 0 0 1 0
TARGET 41405 1 0 0 1 0
TARGET 41406 1 0 0 1 0
TARGET 41407 1 0 0 1 0
TARGET 41408 1 0 0 1 0
TARGET 41409 1 0 0 1 0
TARGET 41410 1 0 0 1 0
TARGET 41411 1 0 0 1 0
TARGET 41412 1 0 0 1 0
TARGET 41413 1 0 0 1 0
TARGET 41414 1 0 0 1 0
TARGET 41415 1 0 0 1 0
TARGET 41416 1 0 0 1 0
TARGET 41417 1 0 0 1 0
TARGET 41418 1 0 0 1 0
TARGET 41419 1 0 0 1 0
TARGET 41420 1 0 0 1 0
TARGET 41421 1 0 0 1 0
TARGET 41422 1 0 0 1 0
TARGET 41423 1 0 0 1 0
TARGET 41424 1 0 0 1 0
TARGET 41425 1 0 0 1 0
TARGET 41426 1 0 0 1 0
TARGET 41427 1 0 0 1 0
TARGET 41428 1 0 0 1 0
TARGET 41429 1 0 0 1 0
TARGET 41430 1 0 0 1 0
TARGET 41431 1 0 0 1 0
TARGET 41432 1 0 0 1 0
TARGET 41433 1 0 0 1 0
TARGET 41434 1 0 0 1 0
TARGET 41435 1 0 0 1 0
TARGET 41436 1 0 0 1 0
TARGET 41437 1 0 0 1 0
TARGET 41438 1 0 0 1 0
TARGET 41439 1 0 0 1 0
TARGET 41440 1 0 0 1 0
TARGET 41441 1 0 0 0 0
TARGET 41442 1 0 0 0 0
TARGET 41443 1 0 0 0 0
TARGET 41444 1 0 0 0 0
TARGET 41445 1 0 0 0 0
TARGET 41446 1 0 0 0 0
TARGET 41447 1 0 0 0 0
TARGET 41448 1 0 0 0 0
TARGET 41449 1 0 0 0 0
TARGET 41450 1 0 0 0 0
TARGET 41451 1 0 0 1 0
TARGET 41452 1 0 0 1 0
TARGET 41453 1 0 0 1 0
TARGET 41454 1 0 0 1 0
TARGET 41455 1 0 0 1 0
TARGET 41456 1 0 0 1 0
TARGET 41457 1 0 0 1 0
TARGET 41458 1 0 0 1 0
TARGET 41459 1 0 0 1 0
TARGET 41460 1 0 0 0 0
TARGET 41461 1 0 0 1 0
TARGET 41462 1 0 0 1 0
TARGET 41463 1 0 0 1 0
TARGET 41464 1 0 0 1 0
TARGET 41465 1 0 0 1 0
TARGET 41466 1 0 0 1 0
TARGET 41467 1 0 0 1 0
TARGET 41468 1 0 0 1 0
TARGET 41469 1 0 0 0 0
TARGET 41470 1 0 0 1 0
TARGET 41471 1 0 0 1 0
TARGET 41472 1 0 0 1 0
TARGET 41473 1 0 0 1 0
TARGET 41474 1 0 0 1 0
TARGET 41475 1 0 0 1 0
TARGET 41476 1 0 0 1 0
TARGET 41477 1 0 0 0 0
TARGET 41478 1 0 0 1 0
TARGET 41479 1 0 0 1 0
TARGET 41480 1 0 0 1 0
TARGET 41481 1 0 0 1 0
TARGET 41482 1 0 0 1 0
TARGET 41483 1 0 0 1 0
TARGET 41484 1 0 0 0 0
TARGET 41485 1 0 0 1 0
TARGET 41486 1 0 0 1 0
TARGET 41487 1 0 0 1 0
TARGET 41488 1 0 0 1 0
TARGET 41489 1 0 0 1 0
TARGET 41490 1 0 0 0 0
TARGET 41491 1 0 0 1 0
TARGET 41492 1 0 0 1 0
TARGET 41493 1 0 0 1 0
TARGET 41494 1 0 0 1 0
TARGET 41495 1 0 0 0 0
TARGET 41496 1 0 0 1 0
TARGET 41497 1 0 0 1 0
TARGET 41498 1 0 0 1 0
TARGET 41499 1 0 0 0 0
TARGET 41500 1 0 0 1 0
TARGET 41501 1 0 0 1 0
TARGET 41502 1 0 0 0 0
TARGET 41503 1 0 0 1 0
TARGET 41504 1 0 0 0 0
TARGET 41505 1 1 0 1 0
TARGET 41506 1 0 0 1 0
TARGET 41507 1 1 0 1 0
TARGET 41508 1 1 0 1 0
TARGET 41509 1 0 0 1 0
TARGET 41510 1 1 0 1 0
TARGET 41511 1 1 0 1 0
TARGET 41512 1 0 0 1 0
TARGET 41513 1 1 0 1 0
TARGET 41514 1 0 0 1 0
TARGET 41515 1 1 0 1 0
TARGET 41516 1 0 0 1 0
TARGET 41517 1 1 0 1 0
TARGET 41518 1 0 0 1 0
TARGET 41519 1 1 0 1 0
TARGET 41520 1 1 0 1 0
TARGET 41521 1 1 0 1 0
TARGET 41522 1 0 0 0 0
TARGET 41523 1 0 0 1 0
TARGET 41524 1 0 0 1 0
TARGET 41525 1 0 0 1 0
TARGET 41526 1 0 0 1 0
TARGET 41527 1 0 0 1 0
TARGET 41528 1 0 0 1 0
TARGET 41529 1 0 0 1 0
TARGET 41530 1 0 0 1 0
TARGET 41531 1 1 0 1 0
TARGET 41532 1 1 0 1 0
TARGET 41533 1 0 0 1 0
TARGET 41534 1 1 0 1 0
TARGET 41535 1 1 0 1 0
TARGET 41536 1 1 0 1 0
TARGET 41537 1 0 0 1 0
TARGET 41538 1 1 0 1 0
TARGET 41539 1 0 0 1 0
TARGET 41540 1 1 0 1 0
TARGET 41541 1 0 0 1 0
TARGET 41542 1 1 0 1 0
TARGET 41543 1 0 0 1 0
TARGET 41544 1 1 0 1 0
TARGET 41545 1 0 0 1 0
TARGET 41546 1 1 0 1 0
TARGET 41547 1 0 0 1 0
TARGET 41548 1 1 0 1 0
TARGET 41549 1 0 0 1 0
TARGET 41550 1 1 0 1 0
TARGET 41551 1 1 0 1 0
TARGET 41552 1 1 0 1 0
TARGET 41553 1 0 0 0 0
TARGET 41554 1 0 0 1 0
TARGET 41555 1 0 0 1 0
TARGET 41556 1 0 0 1 0
TARGET 41557 1 0 0 1 0
TARGET 41558 1 0 0 1 0
TARGET 41559 1 0 0 1 0
TARGET 41560 1 0 0 1 0
TARGET 41561 1 1 0 1 0
TARGET 41562 1 0 0 1 0
TARGET 41563 1 1 0 1 0
TARGET 41564 1 0 0 1 0
TARGET 41565 1 1 0 1 0
TARGET 41566 1 0 0 1 0
TARGET 41567 1 1 0 1 0
TARGET 41568 1 1 0 1 0
TARGET 41569 1 0 0 1 0
TARGET 41570 1 1 0 1 0
TARGET 41571 1 0 0 1 0
TARGET 41572 1 1 0 1 0
TARGET 41573 1 0 0 1 0
TARGET 41574 1 1 0 1 0
TARGET 41575 1 0 0 1 0
TARGET 41576 1 1 0 1 0
TARGET 41577 1 1 0 1 0
TARGET 41578 1 1 0 1 0
TARGET 41579 1 0 0 0 0
TARGET 41580 1 0 0 1 0
TARGET 41581 1 0 0 1 0
TARGET 41582 1 0 0 1 0
TARGET 41583 1 0 0 1 0
TARGET 41584 1 0 0 1 0
TARGET 41585 1 0 0 1 0
TARGET 41586 1 0 0 0 0
TARGET 41587 1 1 0 1 0
TARGET 41588 1 0 0 1 0
TARGET 41589 1 1 0 1 0
TARGET 41590 1 0 0 1 0
TARGET 41591 1 1 0 1 0
TARGET 41592 1 0 0 0 0
TARGET 41593 1 0 0 1 0
TARGET 41594 1 0 0 1 0
TARGET 41595 1 0 0 1 0
TARGET 41596 1 0 0 1 0
TARGET 41597 1 0 0 0 0
TARGET 41598 1 1 0 1 0
TARGET 41599 1 0 0 1 0
TARGET 41600 1 1 0 1 0
TARGET 41601 1 0 0 0 0
TARGET 41602 1 0 0 1 0
TARGET 41603 1 0 0 1 0
TARGET 41604 1 0 0 0 0
TARGET 41605 1 1 0 1 0
TARGET 41606 1 0 0 0 0
TARGET 41607 1 0 0 1 0
TARGET 41608 1 0 0 1 0
TARGET 41609 1 0 0 1 0
TARGET 41610 1 0 0 1 0
TARGET 41611 1 0 0 1 0
TARGET 41612 1 0 0 1 0
TARGET 41613 1 0 0 1 0
TARGET 41614 1 1 0 1 0
TARGET 41615 1 0 0 1 0
TARGET 41616 1 1 0 1 0
TARGET 41617 1 0 0 1 0
TARGET 41618 1 1 0 1 0
TARGET 41619 1 0 0 1 0
TARGET 41620 1 1 0 1 0
TARGET 41621 1 0 0 1 0
TARGET 41622 1 1 0 1 0
TARGET 41623 1 0 0 1 0
TARGET 41624 1 1 0 1 0
TARGET 41625 1 0 0 1 0
TARGET 41626 1 1 0 1 0
TARGET 41627 1 0 0 1 0
TARGET 41628 1 1 0 1 0
TARGET 41629 1 0 0 1 0
TARGET 41630 1 1 0 1 0
TARGET 41631 1 0 0 0 0
TARGET 41632 1 0 0 0 0
TARGET 41633 1 0 0 0 0
TARGET 41634 1 0 0 0 0
TARGET 41635 1 0 0 0 0
TARGET 41636 1 0 0 0 0
TARGET 41637 1 0 0 0 0
TARGET 41638 1 0 0 0 0
TARGET 41639 1 0 0 1 0
TARGET 41640 1 0 0 1 0
TARGET 41641 1 0 0 1 0
TARGET 41642 1 0 0 1 0
TARGET 41643 1 0 0 1 0
TARGET 41644 1 0 0 1 0
TARGET 41645 1 0 0 1 0
TARGET 41646 1 0 0 1 0
TARGET 41647 1 0 0 0 0
TARGET 41648 1 0 0 1 0
TARGET 41649 1 0 0 1 0
TARGET 41650 1 0 0 1 0
TARGET 41651 1 0 0 1 0
TARGET 41652 1 0 0 1 0
TARGET 41653 1 0 0 1 0
TARGET 41654 1 0 0 1 0
TARGET 41655 1 0 0 0 0
TARGET 41656 1 0 0 1 0
TARGET 41657 1 0 0 1 0
TARGET 41658 1 0 0 1 0
TARGET 41659 1 0 0 1 0
TARGET 41660 1 0 0 1 0
TARGET 41661 1 0 0 1 0
TARGET 41662 1 0 0 0 0
TARGET 41663 1 0 0 1 0
TARGET 41664 1 0 0 1 0
TARGET 41665 1 0 0 1 0
TARGET 41666 1 0 0 1 0
TARGET 41667 1 0 0 1 0
TARGET 41668 1 0 0 0 0
TARGET 41669 1 0 0 1 0
TARGET 41670 1 0 0 1 0
TARGET 41671 1 0 0 1 0
TARGET 41672 1 0 0 1 0
TARGET 41673 1 0 0 0 0
TARGET 41674 1 0 0 1 0
TARGET 41675 1 0 0 1 0
TARGET 41676 1 0 0 1 0
TARGET 41677 1 0 0 0 0
TARGET 41678 1 0 0 1 0
TARGET 41679 1 0 0 1 0
TARGET 41680 1 0 0 0 0
TARGET 41681 1 0 0 1 0
TARGET 41682 1 0 0 0 0
TARGET 41683 1 1 0 1 0
TARGET 41684 1 0 0 1 0
TARGET 41685 1 1 0 1 0
TARGET 41686 1 1 0 1 0
TARGET 41687 1 0 0 1 0
TARGET 41688 1 1 0 1 0
TARGET 41689 1 0 0 1 0
TARGET 41690 1 1 0 1 0
TARGET 41691 1 0 0 1 0
TARGET 41692 1 1 0 1 0
TARGET 41693 1 0 0 1 0
TARGET 41694 1 1 0 1 0
TARGET 41695 1 1 0 1 0
TARGET 41696 1 1 0 1 0
TARGET 41697 1 0 0 0 0
TARGET 41698 1 0 0 1 0
TARGET 41699 1 0 0 1 0
TARGET 41700 1 0 0 1 0
TARGET 41701 1 0 0 1 0
TARGET 41702 1 0 0 1 0
TARGET 41703 1 0 0 1 0
TARGET 41704 1 0 0 1 0
TARGET 41705 1 1 0 1 0
TARGET 41706 1 0 0 1 0
TARGET 41707 1 1 0 1 0
TARGET 41708 1 0 0 1 0
TARGET 41709 1 1 0 1 0
TARGET 41710 1 0 0 1 0
TARGET 41711 1 1 0 1 0
TARGET 41712 1 1 0 1 0
TARGET 41713 1 0 0 1 0
TARGET 41714 1 1 0 1 0
TARGET 41715 1 0 0 1 0
TARGET 41716 1 1 0 1 0
TARGET 41717 1 0 0 1 0
TARGET 41718 1 1 0 1 0
TARGET 41719 1 0 0 1 0
TARGET 41720 1 1 0 1 0
TARGET 41721 1 1 0 1 0
TARGET 41722 1 1 0 1 0
TARGET 41723 1 0 0 0 0
TARGET 41724 1 0 0 1 0
TARGET 41725 1 0 0 1 0
TARGET 41726 1 0 0 1 0
TARGET 41727 1 0 0 1 0
TARGET 41728 1 0 0 1 0
TARGET 41729 1 0 0 1 0
TARGET 41730 1 0 0 0 0
TARGET 41731 1 1 0 1 0
TARGET 41732 1 0 0 1 0
TARGET 41733 1 1 0 1 0
TARGET 41734 1 0 0 1 0
TARGET 41735 1 1 0 1 0
TARGET 41736 1 0 0 0 0
TARGET 41737 1 0 0 1 0
TARGET 41738 1 0 0 1 0
TARGET 41739 1 0 0 1 0
TARGET 41740 1 0 0 1 0
TARGET 41741 1 0 0 0 0
TARGET 41742 1 1 0 1 0
TARGET 41743 1 0 0 1 0
TARGET 41744 1 1 0 1 0
TARGET 41745 1 0 0 0 0
TARGET 41746 1 0 0 1 0
TARGET 41747 1 0 0 1 0
TARGET 41748 1 0 0 0 0
TARGET 41749 1 1 0 1 0
TARGET 41750 1 0 0 0 0
TARGET 41751 1 0 0 1 0
TARGET 41752 1 0 0 1 0
TARGET 41753 1 0 0 1 0
TARGET 41754 1 0 0 1 0
TARGET 41755 1 0 0 1 0
TARGET 41756 1 0 0 1 0
TARGET 41757 1 0 0 1 0
TARGET 41758 1 1 0 1 0
TARGET 41759 1 0 0 1 0
TARGET 41760 1 1 0 1 0
TARGET 41761 1 0 0 1 0
TARGET 41762 1 1 0 1 0
TARGET 41763 1 0 0 1 0
TARGET 41764 1 1 0 1 0
TARGET 41765 1 0 0 1 0
TARGET 41766 1 1 0 1 0
TARGET 41767 1 0 0 1 0
TARGET 41768 1 1 0 1 0
TARGET 41769 1 0 0 1 0
TARGET 41770 1 1 0 1 0
TARGET 41771 1 0 0 1 0
TARGET 41772 1 1 0 1 0
TARGET 41773 1 0 0 1 0
TARGET 41774 1 1 0 1 0
TARGET 41775 1 0 0 0 0
TARGET 41776 1 0 0 0 0
TARGET 41777 1 0 0 0 0
TARGET 41778 1 0 0 0 0
TARGET 41779 1 0 0 0 0
TARGET 41780 1 0 0 0 0
TARGET 41781 1 0 0 1 0
TARGET 41782 1 0 0 1 0
TARGET 41783 1 0 0 1 0
TARGET 41784 1 0 0 1 0
TARGET 41785 1 0 0 1 0
TARGET 41786 1 0 0 1 0
TARGET 41787 1 0 0 1 0
TARGET 41788 1 0 0 0 0
TARGET 41789 1 0 0 1 0
TARGET 41790 1 0 0 1 0
TARGET 41791 1 0 0 1 0
TARGET 41792 1 0 0 1 0
TARGET 41793 1 0 0 1 0
TARGET 41794 1 0 0 1 0
TARGET 41795 1 0 0 0 0
TARGET 41796 1 0 0 1 0
TARGET 41797 1 0 0 1 0
TARGET 41798 1 0 0 1 0
TARGET 41799 1 0 0 1 0
TARGET 41800 1 0 0 1 0
TARGET 41801 1 0 0 0 0
TARGET 41802 1 0 0 1 0
TARGET 41803 1 0 0 1 0
TARGET 41804 1 0 0 1 0
TARGET 41805 1 0 0 1 0
TARGET 41806 1 0 0 0 0
TARGET 41807 1 0 0 1 0
TARGET 41808 1 0 0 1 0
TARGET 41809 1 0 0 1 0
TARGET 41810 1 0 0 0 0
TARGET 41811 1 0 0 1 0
TARGET 41812 1 0 0 1 0
TARGET 41813 1 0 0 0 0
TARGET 41814 1 0 0 1 0
TARGET 41815 1 0 0 0 0
TARGET 41816 1 1 0 1 0
TARGET 41817 1 0 0 1 0
TARGET 41818 1 1 0 1 0
TARGET 41819 1 0 0 1 0
TARGET 41820 1 1 0 1 0
TARGET 41821 1 0 0 1 0
TARGET 41822 1 1 0 1 0
TARGET 41823 1 0 0 0 0
TARGET 41824 1 0 0 1 0
TARGET 41825 1 0 0 1 0
TARGET 41826 1 0 0 1 0
TARGET 41827 1 0 0 1 0
TARGET 41828 1 0 0 1 0
TARGET 41829 1 0 0 1 0
TARGET 41830 1 0 0 0 0
TARGET 41831 1 1 0 1 0
TARGET 41832 1 0 0 1 0
TARGET 41833 1 1 0 1 0
TARGET 41834 1 0 0 1 0
TARGET 41835 1 1 0 1 0
TARGET 41836 1 0 0 0 0
TARGET 41837 1 0 0 1 0
TARGET 41838 1 0 0 1 0
TARGET 41839 1 0 0 1 0
TARGET 41840 1 0 0 1 0
TARGET 41841 1 0 0 0 0
TARGET 41842 1 1 0 1 0
TARGET 41843 1 0 0 1 0
TARGET 41844 1 1 0 1 0
TARGET 41845 1 0 0 0 0
TARGET 41846 1 0 0 1 0
TARGET 41847 1 0 0 1 0
TARGET 41848 1 0 0 0 0
TARGET 41849 1 1 0 1 0
TARGET 41850 1 0 0 0 0
TARGET 41851 1 0 0 1 0
TARGET 41852 1 1 0 1 0
TARGET 41853 1 1 0 1 0
TARGET 41854 1 1 0 1 0
TARGET 41855 1 0 0 1 0
TARGET 41856 1 0 0 1 0
TARGET 41857 1 0 0 1 0
TARGET 41858 1 0 0 1 0
TARGET 41859 1 0 0 1 0
TARGET 41860 1 0 0 1 0
TARGET 41861 1 0 0 1 0
TARGET 41862 1 1 0 1 0
TARGET 41863 1 0 0 1 0
TARGET 41864 1 1 0 1 0
TARGET 41865 1 0 0 1 0
TARGET 41866 1 1 0 1 0
TARGET 41867 1 0 0 1 0
TARGET 41868 1 1 0 1 0
TARGET 41869 1 0 0 1 0
TARGET 41870 1 1 0 1 0
TARGET 41871 1 0 0 1 0
TARGET 41872 1 1 0 1 0
TARGET 41873 1 0 0 1 0
TARGET 41874 1 1 0 1 0
TARGET 41875 1 0 0 1 0
TARGET 41876 1 1 0 1 0
TARGET 41877 1 0 0 1 0
TARGET 41878 1 1 0 1 0
TARGET 41879 1 0 0 0 0
TARGET 41880 1 0 0 0 0
TARGET 41881 1 0 0 0 0
TARGET 41882 1 0 0 0 0
TARGET 41883 1 0 0 1 0
TARGET 41884 1 0 0 1 0
TARGET 41885 1 0 0 1 0
TARGET 41886 1 0 0 1 0
TARGET 41887 1 0 0 1 0
TARGET 41888 1 0 0 1 0
TARGET 41889 1 0 0 0 0
TARGET 41890 1 0 0 1 0
TARGET 41891 1 0 0 1 0
TARGET 41892 1 0 0 1 0
TARGET 41893 1 0 0 1 0
TARGET 41894 1 0 0 1 0
TARGET 41895 1 0 0 0 0
TARGET 41896 1 0 0 1 0
TARGET 41897 1 0 0 1 0
TARGET 41898 1 0 0 1 0
TARGET 41899 1 0 0 1 0
TARGET 41900 1 0 0 0 0
TARGET 41901 1 0 0 1 0
TARGET 41902 1 0 0 1 0
TARGET 41903 1 0 0 1 0
TARGET 41904 1 0 0 0 0
TARGET 41905 1 0 0 1 0
TARGET 41906 1 0 0 1 0
TARGET 41907 1 0 0 0 0
TARGET 41908 1 0 0 1 0
TARGET 41909 1 0 0 0 0
TARGET 41910 1 0 0 1 0
TARGET 41911 1 0 0 1 0
TARGET 41912 1 0 0 1 0
TARGET 41913 1 0 0 1 0
TARGET 41914 1 0 0 1 0
TARGET 41915 1 0 0 1 0
TARGET 41916 1 0 0 0 0
TARGET 41917 1 1 0 1 0
TARGET 41918 1 0 0 1 0
TARGET 41919 1 1 0 1 0
TARGET 41920 1 0 0 1 0
TARGET 41921 1 1 0 1 0
TARGET 41922 1 0 0 0 0
TARGET 41923 1 0 0 1 0
TARGET 41924 1 0 0 1 0
TARGET 41925 1 0 0 1 0
TARGET 41926 1 0 0 1 0
TARGET 41927 1 0 0 0 0
TARGET 41928 1 1 0 1 0
TARGET 41929 1 0 0 1 0
TARGET 41930 1 1 0 1 0
TARGET 41931 1 0 0 0 0
TARGET 41932 1 0 0 1 0
TARGET 41933 1 0 0 1 0
TARGET 41934 1 0 0 0 0
TARGET 41935 1 1 0 1 0
TARGET 41936 1 0 0 0 0
TARGET 41937 1 0 0 1 0
TARGET 41938 1 0 0 1 0
TARGET 41939 1 0 0 1 0
TARGET 41940 1 0 0 1 0
TARGET 41941 1 0 0 1 0
TARGET 41942 1 0 0 1 0
TARGET 41943 1 0 0 0 0
TARGET 41944 1 1 0 1 0
TARGET 41945 1 0 0 1 0
TARGET 41946 1 1 0 1 0
TARGET 41947 1 0 0 1 0
TARGET 41948 1 1 0 1 0
TARGET 41949 1 0 0 0 0
TARGET 41950 1 0 0 1 0
TARGET 41951 1 0 0 1 0
TARGET 41952 1 0 0 1 0
TARGET 41953 1 0 0 1 0
TARGET 41954 1 0 0 0 0
TARGET 41955 1 1 0 1 0
TARGET 41956 1 0 0 1 0
TARGET 41957 1 1 0 1 0
TARGET 41958 1 0 0 0 0
TARGET 41959 1 0 0 1 0
TARGET 41960 1 0 0 1 0
TARGET 41961 1 0 0 0 0
TARGET 41962 1 1 0 1 0
TARGET 41963 1 0 0 0 0
TARGET 41964 1 0 0 1 0
TARGET 41965 1 0 0 1 0
TARGET 41966 1 0 0 1 0
TARGET 41967 1 0 0 1 0
TARGET 41968 1 0 0 1 0
TARGET 41969 1 0 0 1 0
TARGET 41970 1 0 0 0 0
TARGET 41971 1 1 0 1 0
TARGET 41972 1 0 0 1 0
TARGET 41973 1 1 0 1 0
TARGET 41974 1 0 0 1 0
TARGET 41975 1 1 0 1 0
TARGET 41976 1 0 0 0 0
TARGET 41977 1 0 0 1 0
TARGET 41978 1 0 0 1 0
TARGET 41979 1 0 0 1 0
TARGET 41980 1 0 0 1 0
TARGET 41981 1 0 0 0 0
TARGET 41982 1 1 0 1 0
TARGET 41983 1 0 0 1 0
TARGET 41984 1 1 0 1 0
TARGET 41985 1 0 0 0 0
TARGET 41986 1 0 0 1 0
TARGET 41987 1 0 0 1 0
TARGET 41988 1 0 0 0 0
TARGET 41989 1 1 0 1 0
TARGET 41990 1 0 0 0 0
TARGET 41991 1 1 0 2 0
TARGET 41992 1 1 0 3 0
TARGET 41993 1 1 0 2 0
TARGET 41994 1 1 0 2 0
TARGET 41995 1 1 0 2 0
TARGET 41996 1 1 0 2 0
TARGET 41997 1 1 0 2 0
TARGET 41998 1 1 0 3 0
TARGET 41999 1 1 0 2 0
TARGET 42000 1 1 0 2 0
PASS_1962_MONOMIAL_INTERVAL 41001 42000 1000 0
