PASS_1961_AMBIENT g2split order=146313216
PROGRESS_1961 g2split [ 1000, 0, 0 ]
PROGRESS_1961 g2split [ 2000, 0, 0 ]
PROGRESS_1961 g2split [ 3000, 175, 0 ]
PROGRESS_1961 g2split [ 4000, 297, 0 ]
PROGRESS_1961 g2split [ 5000, 446, 0 ]
PROGRESS_1961 g2split [ 6000, 517, 0 ]
PROGRESS_1961 g2split [ 7000, 785, 0 ]
PROGRESS_1961 g2split [ 8000, 964, 0 ]
PROGRESS_1961 g2split [ 9000, 1188, 0 ]
PROGRESS_1961 g2split [ 10000, 1640, 0 ]
PROGRESS_1961 g2split [ 11000, 1818, 0 ]
PROGRESS_1961 g2split [ 12000, 1931, 0 ]
PROGRESS_1961 g2split [ 13000, 2117, 0 ]
PROGRESS_1961 g2split [ 14000, 2299, 0 ]
PROGRESS_1961 g2split [ 15000, 2420, 0 ]
PROGRESS_1961 g2split [ 16000, 2520, 0 ]
PROGRESS_1961 g2split [ 17000, 2633, 0 ]
PROGRESS_1961 g2split [ 18000, 2712, 0 ]
PROGRESS_1961 g2split [ 19000, 2903, 0 ]
PROGRESS_1961 g2split [ 20000, 3114, 0 ]
PROGRESS_1961 g2split [ 21000, 3181, 0 ]
PROGRESS_1961 g2split [ 22000, 3305, 0 ]
PROGRESS_1961 g2split [ 23000, 3418, 0 ]
PROGRESS_1961 g2split [ 24000, 3564, 0 ]
PROGRESS_1961 g2split [ 25000, 3671, 0 ]
PROGRESS_1961 g2split [ 26000, 3756, 0 ]
PROGRESS_1961 g2split [ 27000, 3838, 0 ]
PROGRESS_1961 g2split [ 28000, 3944, 0 ]
PROGRESS_1961 g2split [ 29000, 4288, 0 ]
PROGRESS_1961 g2split [ 30000, 4425, 0 ]
PROGRESS_1961 g2split [ 31000, 4595, 0 ]
PROGRESS_1961 g2split [ 32000, 4699, 0 ]
PROGRESS_1961 g2split [ 33000, 4802, 0 ]
PROGRESS_1961 g2split [ 34000, 4941, 0 ]
PROGRESS_1961 g2split [ 35000, 5119, 0 ]
PROGRESS_1961 g2split [ 36000, 5247, 0 ]
PROGRESS_1961 g2split [ 37000, 5354, 0 ]
PROGRESS_1961 g2split [ 38000, 5471, 0 ]
PROGRESS_1961 g2split [ 39000, 5586, 0 ]
PROGRESS_1961 g2split [ 40000, 5679, 0 ]
PROGRESS_1961 g2split [ 41000, 5799, 0 ]
PROGRESS_1961 g2split [ 42000, 5973, 0 ]
PROGRESS_1961 g2split [ 43000, 6131, 0 ]
PROGRESS_1961 g2split [ 44000, 6262, 0 ]
PROGRESS_1961 g2split [ 45000, 6341, 0 ]
PROGRESS_1961 g2split [ 46000, 6486, 0 ]
PROGRESS_1961 g2split [ 47000, 6576, 0 ]
PASS_1961_SEARCH g2split [ 47345, 6600, 0 ]
