TARGET 16001 1 1 0 2 0
TARGET 16002 1 1 0 3 0
TARGET 16003 1 1 0 2 0
TARGET 16004 1 1 0 3 0
TARGET 16005 1 1 0 2 0
TARGET 16006 1 1 0 2 0
TARGET 16007 1 1 0 2 0
TARGET 16008 1 1 0 2 0
TARGET 16009 1 1 0 3 0
TARGET 16010 1 1 0 2 0
TARGET 16011 1 1 0 2 0
TARGET 16012 1 1 0 2 0
TARGET 16013 1 1 0 2 0
TARGET 16014 1 1 0 3 0
TARGET 16015 1 1 0 4 0
TARGET 16016 1 1 0 3 0
TARGET 16017 1 1 0 3 0
TARGET 16018 1 1 0 3 0
TARGET 16019 1 1 0 3 0
TARGET 16020 1 1 0 3 0
TARGET 16021 1 1 0 4 0
TARGET 16022 1 1 0 3 0
TARGET 16023 1 1 0 3 0
TARGET 16024 1 1 0 4 0
TARGET 16025 1 1 0 3 0
TARGET 16026 1 1 0 2 0
TARGET 16027 1 1 0 3 0
TARGET 16028 1 1 0 2 0
TARGET 16029 1 1 0 2 0
TARGET 16030 1 1 0 2 0
TARGET 16031 1 1 0 2 0
TARGET 16032 1 1 0 2 0
TARGET 16033 1 1 0 3 0
TARGET 16034 1 1 0 2 0
TARGET 16035 1 1 0 2 0
TARGET 16036 1 1 0 3 0
TARGET 16037 1 1 0 2 0
TARGET 16038 1 1 0 2 0
TARGET 16039 1 1 0 2 0
TARGET 16040 1 1 0 2 0
TARGET 16041 1 1 0 3 0
TARGET 16042 1 1 0 2 0
TARGET 16043 1 1 0 2 0
TARGET 16044 1 1 0 2 0
TARGET 16045 1 1 0 2 0
TARGET 16046 1 1 0 3 0
TARGET 16047 1 1 0 3 0
TARGET 16048 1 1 0 3 0
TARGET 16049 1 1 0 4 0
TARGET 16050 1 1 0 3 0
TARGET 16051 1 1 0 3 0
TARGET 16052 1 1 0 3 0
TARGET 16053 1 1 0 3 0
TARGET 16054 1 1 0 2 0
TARGET 16055 1 1 0 2 0
TARGET 16056 1 1 0 2 0
TARGET 16057 1 1 0 3 0
TARGET 16058 1 1 0 2 0
TARGET 16059 1 1 0 2 0
TARGET 16060 1 1 0 2 0
TARGET 16061 1 1 0 2 0
TARGET 16062 1 1 0 2 0
TARGET 16063 1 1 0 2 0
TARGET 16064 1 1 0 2 0
TARGET 16065 1 1 0 3 0
TARGET 16066 1 1 0 2 0
TARGET 16067 1 1 0 2 0
TARGET 16068 1 1 0 2 0
TARGET 16069 1 1 0 2 0
TARGET 16070 1 1 0 2 0
TARGET 16071 1 1 0 2 0
TARGET 16072 1 1 0 2 0
TARGET 16073 1 1 0 3 0
TARGET 16074 1 1 0 2 0
TARGET 16075 1 1 0 2 0
TARGET 16076 1 1 0 3 0
TARGET 16077 1 1 0 2 0
TARGET 16078 1 1 0 2 0
TARGET 16079 1 1 0 2 0
TARGET 16080 1 1 0 3 0
TARGET 16081 1 1 0 2 0
TARGET 16082 1 1 0 2 0
TARGET 16083 1 1 0 2 0
TARGET 16084 1 1 0 2 0
TARGET 16085 1 1 0 2 0
TARGET 16086 1 1 0 2 0
TARGET 16087 1 2 0 3 0
TARGET 16088 1 1 0 2 0
TARGET 16089 1 1 0 2 0
TARGET 16090 1 1 0 3 0
TARGET 16091 1 1 0 2 0
TARGET 16092 1 1 0 2 0
TARGET 16093 1 1 0 3 0
TARGET 16094 1 1 0 2 0
TARGET 16095 1 1 0 2 0
TARGET 16096 1 1 0 2 0
TARGET 16097 1 1 0 2 0
TARGET 16098 1 1 0 2 0
TARGET 16099 1 2 0 3 0
TARGET 16100 1 1 0 2 0
TARGET 16101 1 1 0 2 0
TARGET 16102 1 1 0 3 0
TARGET 16103 1 1 0 2 0
TARGET 16104 1 1 0 3 0
TARGET 16105 1 1 0 4 0
TARGET 16106 1 1 0 3 0
TARGET 16107 1 1 0 3 0
TARGET 16108 1 1 0 4 0
TARGET 16109 1 1 0 3 0
TARGET 16110 1 1 0 2 0
TARGET 16111 1 1 0 3 0
TARGET 16112 1 1 0 2 0
TARGET 16113 1 1 0 2 0
TARGET 16114 1 1 0 3 0
TARGET 16115 1 1 0 2 0
TARGET 16116 1 1 0 2 0
TARGET 16117 1 2 0 3 0
TARGET 16118 1 1 0 2 0
TARGET 16119 1 1 0 2 0
TARGET 16120 1 1 0 3 0
TARGET 16121 1 1 0 2 0
TARGET 16122 1 1 0 2 0
TARGET 16123 1 1 0 2 0
TARGET 16124 1 1 0 3 0
TARGET 16125 1 1 0 2 0
TARGET 16126 1 1 0 2 0
TARGET 16127 1 1 0 3 0
TARGET 16128 1 1 0 2 0
TARGET 16129 1 2 0 3 0
TARGET 16130 1 1 0 2 0
TARGET 16131 1 1 0 2 0
TARGET 16132 1 1 0 3 0
TARGET 16133 1 1 0 2 0
TARGET 16134 1 0 0 1 0
TARGET 16135 1 1 0 1 0
TARGET 16136 1 1 0 2 0
TARGET 16137 1 1 0 1 0
TARGET 16138 1 0 0 1 0
TARGET 16139 1 1 0 1 0
TARGET 16140 1 0 0 1 0
TARGET 16141 1 1 0 1 0
TARGET 16142 1 1 0 2 0
TARGET 16143 1 1 0 1 0
TARGET 16144 1 0 0 1 0
TARGET 16145 1 1 0 2 0
TARGET 16146 1 1 0 1 0
TARGET 16147 1 0 0 1 0
TARGET 16148 1 0 0 1 0
TARGET 16149 1 1 0 2 0
TARGET 16150 1 0 0 1 0
TARGET 16151 1 0 0 1 0
TARGET 16152 1 0 0 1 0
TARGET 16153 1 0 0 1 0
TARGET 16154 1 0 0 1 0
TARGET 16155 1 1 0 2 0
TARGET 16156 1 0 0 1 0
TARGET 16157 1 0 0 1 0
TARGET 16158 1 1 0 2 0
TARGET 16159 1 0 0 1 0
TARGET 16160 1 1 0 2 0
TARGET 16161 1 0 0 1 0
TARGET 16162 1 0 0 1 0
TARGET 16163 1 0 0 1 0
TARGET 16164 1 0 0 1 0
TARGET 16165 1 1 0 2 0
TARGET 16166 1 0 0 1 0
TARGET 16167 1 0 0 1 0
TARGET 16168 1 0 0 1 0
TARGET 16169 1 0 0 1 0
TARGET 16170 1 0 0 2 0
TARGET 16171 1 1 0 2 0
TARGET 16172 1 1 0 3 0
TARGET 16173 1 1 0 2 0
TARGET 16174 1 1 0 2 0
TARGET 16175 1 1 0 2 0
TARGET 16176 1 1 0 2 0
TARGET 16177 1 1 0 2 0
TARGET 16178 1 1 0 3 0
TARGET 16179 1 1 0 2 0
TARGET 16180 1 1 0 2 0
TARGET 16181 1 1 0 3 0
TARGET 16182 1 1 0 2 0
TARGET 16183 1 1 0 1 0
TARGET 16184 1 1 0 2 0
TARGET 16185 1 1 0 1 0
TARGET 16186 1 0 0 1 0
TARGET 16187 1 1 0 1 0
TARGET 16188 1 0 0 1 0
TARGET 16189 1 1 0 1 0
TARGET 16190 1 1 0 2 0
TARGET 16191 1 1 0 1 0
TARGET 16192 1 0 0 1 0
TARGET 16193 1 1 0 2 0
TARGET 16194 1 1 0 1 0
TARGET 16195 1 1 0 1 0
TARGET 16196 1 1 0 1 0
TARGET 16197 1 0 0 1 0
TARGET 16198 1 1 0 2 0
TARGET 16199 1 1 0 1 0
TARGET 16200 1 0 0 1 0
TARGET 16201 1 1 0 1 0
TARGET 16202 1 0 0 1 0
TARGET 16203 1 0 0 2 0
TARGET 16204 1 1 0 2 0
TARGET 16205 1 1 0 2 0
TARGET 16206 1 1 0 2 0
TARGET 16207 1 1 0 3 0
TARGET 16208 1 1 0 2 0
TARGET 16209 1 1 0 2 0
TARGET 16210 1 1 0 2 0
TARGET 16211 1 1 0 2 0
TARGET 16212 1 1 0 3 0
TARGET 16213 1 1 0 1 0
TARGET 16214 1 1 0 1 0
TARGET 16215 1 0 0 1 0
TARGET 16216 1 1 0 2 0
TARGET 16217 1 1 0 1 0
TARGET 16218 1 0 0 1 0
TARGET 16219 1 1 0 1 0
TARGET 16220 1 0 0 1 0
TARGET 16221 1 0 0 2 0
TARGET 16222 1 0 0 1 0
TARGET 16223 1 0 0 1 0
TARGET 16224 1 0 0 1 0
TARGET 16225 1 1 0 2 0
TARGET 16226 1 0 0 1 0
TARGET 16227 1 0 0 1 0
TARGET 16228 1 0 0 1 0
TARGET 16229 1 0 0 1 0
TARGET 16230 1 0 0 2 0
TARGET 16231 1 1 0 1 0
TARGET 16232 1 0 0 1 0
TARGET 16233 1 1 0 1 0
TARGET 16234 1 1 0 2 0
TARGET 16235 1 1 0 1 0
TARGET 16236 1 0 0 1 0
TARGET 16237 1 1 0 2 0
TARGET 16238 1 1 0 1 0
TARGET 16239 1 1 0 1 0
TARGET 16240 1 0 0 1 0
TARGET 16241 1 1 0 2 0
TARGET 16242 1 1 0 1 0
TARGET 16243 1 0 0 1 0
TARGET 16244 1 1 0 1 0
TARGET 16245 1 0 0 1 0
TARGET 16246 1 0 0 1 0
TARGET 16247 1 1 0 1 0
TARGET 16248 1 1 0 2 0
TARGET 16249 1 1 0 1 0
TARGET 16250 1 0 0 1 0
TARGET 16251 1 1 0 2 0
TARGET 16252 1 1 0 1 0
TARGET 16253 1 0 0 2 0
TARGET 16254 1 0 0 1 0
TARGET 16255 1 1 0 2 0
TARGET 16256 1 0 0 1 0
TARGET 16257 1 0 0 1 0
TARGET 16258 1 0 0 1 0
TARGET 16259 1 0 0 1 0
TARGET 16260 1 0 0 1 0
TARGET 16261 1 1 0 2 0
TARGET 16262 1 0 0 1 0
TARGET 16263 1 0 0 1 0
TARGET 16264 1 1 0 2 0
TARGET 16265 1 0 0 1 0
TARGET 16266 1 1 0 2 0
TARGET 16267 1 1 0 3 0
TARGET 16268 1 1 0 2 0
TARGET 16269 1 1 0 2 0
TARGET 16270 1 1 0 3 0
TARGET 16271 1 1 0 2 0
TARGET 16272 1 1 0 1 0
TARGET 16273 1 1 0 2 0
TARGET 16274 1 1 0 1 0
TARGET 16275 1 0 0 1 0
TARGET 16276 1 1 0 2 0
TARGET 16277 1 1 0 1 0
TARGET 16278 1 0 0 1 0
TARGET 16279 1 1 0 2 0
TARGET 16280 1 0 0 1 0
TARGET 16281 1 0 0 1 0
TARGET 16282 1 1 0 2 0
TARGET 16283 1 0 0 1 0
TARGET 16284 1 1 0 1 0
TARGET 16285 1 0 0 1 0
TARGET 16286 1 1 0 2 0
TARGET 16287 1 1 0 1 0
TARGET 16288 1 0 0 1 0
TARGET 16289 1 1 0 2 0
TARGET 16290 1 1 0 1 0
TARGET 16291 1 1 0 2 0
TARGET 16292 1 0 0 1 0
TARGET 16293 1 0 0 1 0
TARGET 16294 1 1 0 2 0
TARGET 16295 1 0 0 1 0
TARGET 16296 1 0 0 2 0
TARGET 16297 1 0 0 2 0
TARGET 16298 1 1 0 3 0
TARGET 16299 1 0 0 2 0
TARGET 16300 1 0 0 2 0
TARGET 16301 1 1 0 3 0
TARGET 16302 1 0 0 2 0
TARGET 16303 1 0 0 0 0
TARGET 16304 1 0 0 0 0
TARGET 16305 1 1 0 1 0
TARGET 16306 1 0 0 0 0
TARGET 16307 1 0 0 0 0
TARGET 16308 1 0 0 0 0
TARGET 16309 1 0 0 0 0
TARGET 16310 1 0 0 0 0
TARGET 16311 1 1 0 1 0
TARGET 16312 1 0 0 0 0
TARGET 16313 1 0 0 0 0
TARGET 16314 1 1 0 1 0
TARGET 16315 1 0 0 0 0
TARGET 16316 1 0 0 1 0
TARGET 16317 1 0 0 1 0
TARGET 16318 1 1 0 2 0
TARGET 16319 1 0 0 1 0
TARGET 16320 1 0 0 1 0
TARGET 16321 1 0 0 1 0
TARGET 16322 1 0 0 1 0
TARGET 16323 1 0 0 1 0
TARGET 16324 1 1 0 2 0
TARGET 16325 1 0 0 1 0
TARGET 16326 1 0 0 1 0
TARGET 16327 1 1 0 2 0
TARGET 16328 1 0 0 1 0
TARGET 16329 1 1 0 2 0
TARGET 16330 1 0 0 1 0
TARGET 16331 1 0 0 1 0
TARGET 16332 1 0 0 1 0
TARGET 16333 1 0 0 1 0
TARGET 16334 1 1 0 2 0
TARGET 16335 1 0 0 1 0
TARGET 16336 1 0 0 1 0
TARGET 16337 1 0 0 1 0
TARGET 16338 1 0 0 1 0
TARGET 16339 1 1 0 2 0
TARGET 16340 1 1 0 3 0
TARGET 16341 1 1 0 2 0
TARGET 16342 1 1 0 2 0
TARGET 16343 1 1 0 2 0
TARGET 16344 1 1 0 2 0
TARGET 16345 1 1 0 2 0
TARGET 16346 1 1 0 3 0
TARGET 16347 1 1 0 2 0
TARGET 16348 1 1 0 2 0
TARGET 16349 1 2 0 3 0
TARGET 16350 1 1 0 2 0
TARGET 16351 1 0 0 1 0
TARGET 16352 1 1 0 2 0
TARGET 16353 1 0 0 1 0
TARGET 16354 1 0 0 1 0
TARGET 16355 1 0 0 1 0
TARGET 16356 1 0 0 1 0
TARGET 16357 1 0 0 1 0
TARGET 16358 1 1 0 2 0
TARGET 16359 1 0 0 1 0
TARGET 16360 1 0 0 1 0
TARGET 16361 1 1 0 2 0
TARGET 16362 1 0 0 1 0
TARGET 16363 1 0 0 1 0
TARGET 16364 1 0 0 1 0
TARGET 16365 1 0 0 1 0
TARGET 16366 1 1 0 2 0
TARGET 16367 1 0 0 1 0
TARGET 16368 1 0 0 1 0
TARGET 16369 1 0 0 1 0
TARGET 16370 1 0 0 1 0
TARGET 16371 1 1 0 2 0
TARGET 16372 1 1 0 2 0
TARGET 16373 1 1 0 2 0
TARGET 16374 1 2 0 3 0
TARGET 16375 1 1 0 2 0
TARGET 16376 1 1 0 2 0
TARGET 16377 1 1 0 2 0
TARGET 16378 1 1 0 2 0
TARGET 16379 1 0 0 1 0
TARGET 16380 1 0 0 1 0
TARGET 16381 1 0 0 1 0
TARGET 16382 1 1 0 2 0
TARGET 16383 1 0 0 1 0
TARGET 16384 1 0 0 1 0
TARGET 16385 1 0 0 1 0
TARGET 16386 1 0 0 1 0
TARGET 16387 1 0 0 1 0
TARGET 16388 1 0 0 1 0
TARGET 16389 1 0 0 1 0
TARGET 16390 1 1 0 2 0
TARGET 16391 1 0 0 1 0
TARGET 16392 1 0 0 1 0
TARGET 16393 1 0 0 1 0
TARGET 16394 1 0 0 1 0
TARGET 16395 1 0 0 1 0
TARGET 16396 1 0 0 1 0
TARGET 16397 1 0 0 1 0
TARGET 16398 1 1 0 2 0
TARGET 16399 1 0 0 1 0
TARGET 16400 1 0 0 1 0
TARGET 16401 1 1 0 2 0
TARGET 16402 1 0 0 1 0
TARGET 16403 1 0 0 1 0
TARGET 16404 1 0 0 1 0
TARGET 16405 1 1 0 2 0
TARGET 16406 1 0 0 1 0
TARGET 16407 1 0 0 1 0
TARGET 16408 1 0 0 1 0
TARGET 16409 1 0 0 1 0
TARGET 16410 1 0 0 1 0
TARGET 16411 1 0 0 1 0
TARGET 16412 1 1 0 2 0
TARGET 16413 1 0 0 1 0
TARGET 16414 1 0 0 1 0
TARGET 16415 1 1 0 2 0
TARGET 16416 1 0 0 1 0
TARGET 16417 1 0 0 1 0
TARGET 16418 1 1 0 2 0
TARGET 16419 1 0 0 1 0
TARGET 16420 1 0 0 1 0
TARGET 16421 1 0 0 1 0
TARGET 16422 1 0 0 1 0
TARGET 16423 1 0 0 1 0
TARGET 16424 1 1 0 2 0
TARGET 16425 1 0 0 1 0
TARGET 16426 1 0 0 1 0
TARGET 16427 1 1 0 2 0
TARGET 16428 1 0 0 1 0
TARGET 16429 1 1 0 2 0
TARGET 16430 1 1 0 3 0
TARGET 16431 1 1 0 2 0
TARGET 16432 1 1 0 2 0
TARGET 16433 1 1 0 3 0
TARGET 16434 1 1 0 2 0
TARGET 16435 1 0 0 1 0
TARGET 16436 1 1 0 2 0
TARGET 16437 1 0 0 1 0
TARGET 16438 1 0 0 1 0
TARGET 16439 1 1 0 2 0
TARGET 16440 1 0 0 1 0
TARGET 16441 1 0 0 1 0
TARGET 16442 1 1 0 2 0
TARGET 16443 1 0 0 1 0
TARGET 16444 1 0 0 1 0
TARGET 16445 1 1 0 2 0
TARGET 16446 1 0 0 1 0
TARGET 16447 1 0 0 1 0
TARGET 16448 1 0 0 1 0
TARGET 16449 1 1 0 2 0
TARGET 16450 1 0 0 1 0
TARGET 16451 1 0 0 1 0
TARGET 16452 1 1 0 2 0
TARGET 16453 1 0 0 1 0
TARGET 16454 1 1 0 2 0
TARGET 16455 1 0 0 1 0
TARGET 16456 1 0 0 1 0
TARGET 16457 1 1 0 2 0
TARGET 16458 1 0 0 1 0
TARGET 16459 1 0 0 0 0
TARGET 16460 1 0 0 0 0
TARGET 16461 1 1 0 1 0
TARGET 16462 1 0 0 0 0
TARGET 16463 1 0 0 0 0
TARGET 16464 1 0 0 0 0
TARGET 16465 1 0 0 0 0
TARGET 16466 1 0 0 0 0
TARGET 16467 1 1 0 1 0
TARGET 16468 1 0 0 0 0
TARGET 16469 1 0 0 0 0
TARGET 16470 1 1 0 1 0
TARGET 16471 1 0 0 0 0
TARGET 16472 1 2 0 3 0
TARGET 16473 1 1 0 2 0
TARGET 16474 1 1 0 2 0
TARGET 16475 1 1 0 2 0
TARGET 16476 1 1 0 2 0
TARGET 16477 1 1 0 3 0
TARGET 16478 1 1 0 2 0
TARGET 16479 1 1 0 2 0
TARGET 16480 1 1 0 2 0
TARGET 16481 1 1 0 2 0
TARGET 16482 1 0 0 1 0
TARGET 16483 1 0 0 1 0
TARGET 16484 1 0 0 1 0
TARGET 16485 1 0 0 1 0
TARGET 16486 1 1 0 2 0
TARGET 16487 1 0 0 1 0
TARGET 16488 1 0 0 1 0
TARGET 16489 1 0 0 1 0
TARGET 16490 1 0 0 1 0
TARGET 16491 1 0 0 2 0
TARGET 16492 1 0 0 0 0
TARGET 16493 1 0 0 1 0
TARGET 16494 1 0 0 1 0
TARGET 16495 1 0 0 1 0
TARGET 16496 1 1 0 2 0
TARGET 16497 1 0 0 1 0
TARGET 16498 1 0 0 1 0
TARGET 16499 1 0 0 1 0
TARGET 16500 1 0 0 1 0
TARGET 16501 1 0 0 0 0
TARGET 16502 1 0 0 1 0
TARGET 16503 1 0 0 1 0
TARGET 16504 1 1 0 2 0
TARGET 16505 1 0 0 1 0
TARGET 16506 1 0 0 1 0
TARGET 16507 1 0 0 1 0
TARGET 16508 1 0 0 1 0
TARGET 16509 1 0 0 0 0
TARGET 16510 1 0 0 1 0
TARGET 16511 1 1 0 2 0
TARGET 16512 1 0 0 1 0
TARGET 16513 1 0 0 1 0
TARGET 16514 1 0 0 1 0
TARGET 16515 1 0 0 1 0
TARGET 16516 1 0 0 0 0
TARGET 16517 1 2 0 3 0
TARGET 16518 1 1 0 2 0
TARGET 16519 1 1 0 2 0
TARGET 16520 1 1 0 2 0
TARGET 16521 1 1 0 2 0
TARGET 16522 1 0 0 1 0
TARGET 16523 1 0 0 1 0
TARGET 16524 1 0 0 1 0
TARGET 16525 1 0 0 1 0
TARGET 16526 1 0 0 2 0
TARGET 16527 1 0 0 0 0
TARGET 16528 1 0 0 1 0
TARGET 16529 1 0 0 1 0
TARGET 16530 1 0 0 1 0
TARGET 16531 1 0 0 0 0
TARGET 16532 1 0 0 1 0
TARGET 16533 1 0 0 1 0
TARGET 16534 1 0 0 0 0
TARGET 16535 1 0 0 1 0
TARGET 16536 1 0 0 0 0
TARGET 16537 1 2 0 3 0
TARGET 16538 1 1 0 4 0
TARGET 16539 1 1 0 3 0
TARGET 16540 1 2 0 3 0
TARGET 16541 1 1 0 3 0
TARGET 16542 1 2 0 3 0
TARGET 16543 1 1 0 3 0
TARGET 16544 1 1 0 4 0
TARGET 16545 1 1 0 3 0
TARGET 16546 1 2 0 3 0
TARGET 16547 1 3 0 4 0
TARGET 16548 1 2 0 3 0
TARGET 16549 1 1 0 2 0
TARGET 16550 1 1 0 3 0
TARGET 16551 1 1 0 2 0
TARGET 16552 1 1 0 2 0
TARGET 16553 1 1 0 2 0
TARGET 16554 1 1 0 2 0
TARGET 16555 1 1 0 2 0
TARGET 16556 1 1 0 3 0
TARGET 16557 1 1 0 2 0
TARGET 16558 1 1 0 2 0
TARGET 16559 1 2 0 3 0
TARGET 16560 1 1 0 2 0
TARGET 16561 1 1 0 2 0
TARGET 16562 1 1 0 2 0
TARGET 16563 1 1 0 2 0
TARGET 16564 1 1 0 3 0
TARGET 16565 1 1 0 2 0
TARGET 16566 1 1 0 2 0
TARGET 16567 1 1 0 2 0
TARGET 16568 1 1 0 2 0
TARGET 16569 1 1 0 3 0
TARGET 16570 1 1 0 3 0
TARGET 16571 1 1 0 3 0
TARGET 16572 1 1 0 4 0
TARGET 16573 1 1 0 3 0
TARGET 16574 1 1 0 3 0
TARGET 16575 1 1 0 3 0
TARGET 16576 1 1 0 3 0
TARGET 16577 1 1 0 2 0
TARGET 16578 1 1 0 2 0
TARGET 16579 1 1 0 2 0
TARGET 16580 1 1 0 3 0
TARGET 16581 1 1 0 2 0
TARGET 16582 1 1 0 2 0
TARGET 16583 1 1 0 2 0
TARGET 16584 1 1 0 2 0
TARGET 16585 1 1 0 2 0
TARGET 16586 1 1 0 2 0
TARGET 16587 1 1 0 2 0
TARGET 16588 1 1 0 3 0
TARGET 16589 1 1 0 2 0
TARGET 16590 1 1 0 2 0
TARGET 16591 1 1 0 2 0
TARGET 16592 1 1 0 2 0
TARGET 16593 1 1 0 2 0
TARGET 16594 1 1 0 2 0
TARGET 16595 1 1 0 2 0
TARGET 16596 1 1 0 3 0
TARGET 16597 1 1 0 2 0
TARGET 16598 1 1 0 2 0
TARGET 16599 1 2 0 3 0
TARGET 16600 1 1 0 2 0
TARGET 16601 1 1 0 2 0
TARGET 16602 1 1 0 2 0
TARGET 16603 1 1 0 3 0
TARGET 16604 1 1 0 2 0
TARGET 16605 1 1 0 2 0
TARGET 16606 1 1 0 2 0
TARGET 16607 1 1 0 2 0
TARGET 16608 1 1 0 2 0
TARGET 16609 1 1 0 2 0
TARGET 16610 1 1 0 3 0
TARGET 16611 1 1 0 2 0
TARGET 16612 1 1 0 2 0
TARGET 16613 1 1 0 3 0
TARGET 16614 1 1 0 2 0
TARGET 16615 1 1 0 2 0
TARGET 16616 1 1 0 3 0
TARGET 16617 1 1 0 2 0
TARGET 16618 1 1 0 2 0
TARGET 16619 1 1 0 2 0
TARGET 16620 1 1 0 2 0
TARGET 16621 1 1 0 2 0
TARGET 16622 1 1 0 3 0
TARGET 16623 1 1 0 2 0
TARGET 16624 1 1 0 2 0
TARGET 16625 1 2 0 3 0
TARGET 16626 1 1 0 2 0
TARGET 16627 1 1 0 3 0
TARGET 16628 1 1 0 4 0
TARGET 16629 1 1 0 3 0
TARGET 16630 1 1 0 3 0
TARGET 16631 1 1 0 4 0
TARGET 16632 1 1 0 3 0
TARGET 16633 1 1 0 2 0
TARGET 16634 1 1 0 3 0
TARGET 16635 1 1 0 2 0
TARGET 16636 1 1 0 2 0
TARGET 16637 1 1 0 3 0
TARGET 16638 1 1 0 2 0
TARGET 16639 1 1 0 2 0
TARGET 16640 1 1 0 3 0
TARGET 16641 1 1 0 2 0
TARGET 16642 1 1 0 2 0
TARGET 16643 1 2 0 3 0
TARGET 16644 1 1 0 2 0
TARGET 16645 1 1 0 2 0
TARGET 16646 1 1 0 2 0
TARGET 16647 1 1 0 3 0
TARGET 16648 1 1 0 2 0
TARGET 16649 1 1 0 2 0
TARGET 16650 1 1 0 3 0
TARGET 16651 1 1 0 2 0
TARGET 16652 1 1 0 3 0
TARGET 16653 1 1 0 2 0
TARGET 16654 1 1 0 2 0
TARGET 16655 1 2 0 3 0
TARGET 16656 1 1 0 2 0
TARGET 16657 1 1 0 1 0
TARGET 16658 1 1 0 2 0
TARGET 16659 1 1 0 1 0
TARGET 16660 1 0 0 1 0
TARGET 16661 1 1 0 1 0
TARGET 16662 1 0 0 1 0
TARGET 16663 1 1 0 1 0
TARGET 16664 1 1 0 2 0
TARGET 16665 1 1 0 1 0
TARGET 16666 1 0 0 1 0
TARGET 16667 1 1 0 2 0
TARGET 16668 1 1 0 1 0
TARGET 16669 1 1 0 1 0
TARGET 16670 1 1 0 1 0
TARGET 16671 1 0 0 1 0
TARGET 16672 1 1 0 2 0
TARGET 16673 1 1 0 1 0
TARGET 16674 1 0 0 1 0
TARGET 16675 1 1 0 1 0
TARGET 16676 1 0 0 1 0
TARGET 16677 1 1 0 2 0
TARGET 16678 1 1 0 2 0
TARGET 16679 1 1 0 2 0
TARGET 16680 1 1 0 3 0
TARGET 16681 1 1 0 2 0
TARGET 16682 1 1 0 2 0
TARGET 16683 1 1 0 2 0
TARGET 16684 1 1 0 2 0
TARGET 16685 1 1 0 1 0
TARGET 16686 1 1 0 1 0
TARGET 16687 1 0 0 1 0
TARGET 16688 1 1 0 2 0
TARGET 16689 1 1 0 1 0
TARGET 16690 1 0 0 1 0
TARGET 16691 1 1 0 1 0
TARGET 16692 1 0 0 1 0
TARGET 16693 1 0 0 1 0
TARGET 16694 1 0 0 1 0
TARGET 16695 1 0 0 1 0
TARGET 16696 1 1 0 2 0
TARGET 16697 1 0 0 1 0
TARGET 16698 1 0 0 1 0
TARGET 16699 1 0 0 1 0
TARGET 16700 1 0 0 1 0
TARGET 16701 1 1 0 1 0
TARGET 16702 1 0 0 1 0
TARGET 16703 1 1 0 1 0
TARGET 16704 1 1 0 2 0
TARGET 16705 1 1 0 1 0
TARGET 16706 1 0 0 1 0
TARGET 16707 1 1 0 2 0
TARGET 16708 1 1 0 1 0
TARGET 16709 1 0 0 2 0
TARGET 16710 1 1 0 1 0
TARGET 16711 1 0 0 1 0
TARGET 16712 1 1 0 2 0
TARGET 16713 1 1 0 1 0
TARGET 16714 1 0 0 1 0
TARGET 16715 1 1 0 1 0
TARGET 16716 1 0 0 1 0
TARGET 16717 1 0 0 1 0
TARGET 16718 1 1 0 1 0
TARGET 16719 1 1 0 2 0
TARGET 16720 1 1 0 1 0
TARGET 16721 1 0 0 1 0
TARGET 16722 1 1 0 2 0
TARGET 16723 1 1 0 1 0
TARGET 16724 1 0 0 1 0
TARGET 16725 1 1 0 2 0
TARGET 16726 1 0 0 1 0
TARGET 16727 1 0 0 1 0
TARGET 16728 1 0 0 1 0
TARGET 16729 1 0 0 1 0
TARGET 16730 1 0 0 1 0
TARGET 16731 1 1 0 2 0
TARGET 16732 1 0 0 1 0
TARGET 16733 1 0 0 1 0
TARGET 16734 1 1 0 2 0
TARGET 16735 1 0 0 1 0
TARGET 16736 1 1 0 2 0
TARGET 16737 1 1 0 3 0
TARGET 16738 1 1 0 2 0
TARGET 16739 1 1 0 2 0
TARGET 16740 1 1 0 3 0
TARGET 16741 1 1 0 2 0
TARGET 16742 1 1 0 1 0
TARGET 16743 1 1 0 2 0
TARGET 16744 1 1 0 1 0
TARGET 16745 1 0 0 1 0
TARGET 16746 1 1 0 2 0
TARGET 16747 1 1 0 1 0
TARGET 16748 1 0 0 1 0
TARGET 16749 1 1 0 2 0
TARGET 16750 1 0 0 1 0
TARGET 16751 1 0 0 1 0
TARGET 16752 1 1 0 2 0
TARGET 16753 1 0 0 1 0
TARGET 16754 1 1 0 1 0
TARGET 16755 1 0 0 1 0
TARGET 16756 1 1 0 2 0
TARGET 16757 1 1 0 1 0
TARGET 16758 1 0 0 1 0
TARGET 16759 1 1 0 2 0
TARGET 16760 1 1 0 1 0
TARGET 16761 1 1 0 2 0
TARGET 16762 1 0 0 1 0
TARGET 16763 1 0 0 1 0
TARGET 16764 1 1 0 2 0
TARGET 16765 1 0 0 1 0
TARGET 16766 1 1 0 3 0
TARGET 16767 1 0 0 2 0
TARGET 16768 1 0 0 2 0
TARGET 16769 1 0 0 2 0
TARGET 16770 1 0 0 2 0
TARGET 16771 1 0 0 2 0
TARGET 16772 1 1 0 3 0
TARGET 16773 1 0 0 2 0
TARGET 16774 1 0 0 2 0
TARGET 16775 1 1 0 3 0
TARGET 16776 1 0 0 2 0
TARGET 16777 1 0 0 0 0
TARGET 16778 1 1 0 1 0
TARGET 16779 1 0 0 0 0
TARGET 16780 1 0 0 0 0
TARGET 16781 1 0 0 0 0
TARGET 16782 1 0 0 0 0
TARGET 16783 1 0 0 0 0
TARGET 16784 1 1 0 1 0
TARGET 16785 1 0 0 0 0
TARGET 16786 1 0 0 0 0
TARGET 16787 1 1 0 1 0
TARGET 16788 1 0 0 0 0
TARGET 16789 1 1 0 1 0
TARGET 16790 1 1 0 1 0
TARGET 16791 1 0 0 1 0
TARGET 16792 1 1 0 2 0
TARGET 16793 1 1 0 1 0
TARGET 16794 1 0 0 1 0
TARGET 16795 1 1 0 1 0
TARGET 16796 1 0 0 1 0
TARGET 16797 1 0 0 0 0
TARGET 16798 1 1 0 1 0
TARGET 16799 1 0 0 1 0
TARGET 16800 1 1 0 2 0
TARGET 16801 1 1 0 1 0
TARGET 16802 1 0 0 1 0
TARGET 16803 1 1 0 1 0
TARGET 16804 1 0 0 1 0
TARGET 16805 1 0 0 0 0
TARGET 16806 1 0 0 1 0
TARGET 16807 1 1 0 2 0
TARGET 16808 1 0 0 1 0
TARGET 16809 1 0 0 1 0
TARGET 16810 1 0 0 1 0
TARGET 16811 1 0 0 1 0
TARGET 16812 1 0 0 0 0
TARGET 16813 1 1 0 3 0
TARGET 16814 1 1 0 2 0
TARGET 16815 1 1 0 2 0
TARGET 16816 1 1 0 2 0
TARGET 16817 1 1 0 2 0
TARGET 16818 1 1 0 1 0
TARGET 16819 1 0 0 1 0
TARGET 16820 1 1 0 1 0
TARGET 16821 1 0 0 1 0
TARGET 16822 1 0 0 2 0
TARGET 16823 1 0 0 0 0
TARGET 16824 1 0 0 1 0
TARGET 16825 1 0 0 1 0
TARGET 16826 1 0 0 1 0
TARGET 16827 1 0 0 0 0
TARGET 16828 1 1 0 1 0
TARGET 16829 1 0 0 1 0
TARGET 16830 1 0 0 0 0
TARGET 16831 1 0 0 1 0
TARGET 16832 1 0 0 0 0
TARGET 16833 1 1 0 2 0
TARGET 16834 1 1 0 2 0
TARGET 16835 1 1 0 2 0
TARGET 16836 1 1 0 3 0
TARGET 16837 1 1 0 2 0
TARGET 16838 1 1 0 2 0
TARGET 16839 1 1 0 2 0
TARGET 16840 1 1 0 2 0
TARGET 16841 1 1 0 1 0
TARGET 16842 1 1 0 2 0
TARGET 16843 1 1 0 2 0
TARGET 16844 1 1 0 3 0
TARGET 16845 1 1 0 2 0
TARGET 16846 1 1 0 2 0
TARGET 16847 1 1 0 2 0
TARGET 16848 1 1 0 2 0
TARGET 16849 1 1 0 1 0
TARGET 16850 1 1 0 2 0
TARGET 16851 1 2 0 3 0
TARGET 16852 1 1 0 2 0
TARGET 16853 1 1 0 2 0
TARGET 16854 1 1 0 2 0
TARGET 16855 1 1 0 2 0
TARGET 16856 1 1 0 1 0
TARGET 16857 1 3 0 4 0
TARGET 16858 1 2 0 3 0
TARGET 16859 1 2 0 3 0
TARGET 16860 1 2 0 3 0
TARGET 16861 1 2 0 3 0
TARGET 16862 1 1 0 2 0
TARGET 16863 1 1 0 2 0
TARGET 16864 1 1 0 2 0
TARGET 16865 1 1 0 2 0
TARGET 16866 1 1 0 3 0
TARGET 16867 1 1 0 1 0
TARGET 16868 1 1 0 2 0
TARGET 16869 1 1 0 2 0
TARGET 16870 1 1 0 2 0
TARGET 16871 1 1 0 1 0
TARGET 16872 1 1 0 2 0
TARGET 16873 1 1 0 2 0
TARGET 16874 1 1 0 1 0
TARGET 16875 1 1 0 2 0
TARGET 16876 1 1 0 1 0
TARGET 16877 1 1 0 1 0
TARGET 16878 1 1 0 1 0
TARGET 16879 1 0 0 1 0
TARGET 16880 1 1 0 2 0
TARGET 16881 1 1 0 1 0
TARGET 16882 1 0 0 1 0
TARGET 16883 1 1 0 1 0
TARGET 16884 1 0 0 1 0
TARGET 16885 1 0 0 0 0
TARGET 16886 1 1 0 1 0
TARGET 16887 1 0 0 1 0
TARGET 16888 1 1 0 2 0
TARGET 16889 1 1 0 1 0
TARGET 16890 1 0 0 1 0
TARGET 16891 1 1 0 1 0
TARGET 16892 1 0 0 1 0
TARGET 16893 1 0 0 0 0
TARGET 16894 1 0 0 1 0
TARGET 16895 1 1 0 2 0
TARGET 16896 1 0 0 1 0
TARGET 16897 1 0 0 1 0
TARGET 16898 1 0 0 1 0
TARGET 16899 1 0 0 1 0
TARGET 16900 1 0 0 0 0
TARGET 16901 1 2 0 3 0
TARGET 16902 1 1 0 2 0
TARGET 16903 1 1 0 2 0
TARGET 16904 1 1 0 2 0
TARGET 16905 1 1 0 2 0
TARGET 16906 1 1 0 1 0
TARGET 16907 1 0 0 1 0
TARGET 16908 1 1 0 1 0
TARGET 16909 1 0 0 1 0
TARGET 16910 1 0 0 2 0
TARGET 16911 1 0 0 0 0
TARGET 16912 1 0 0 1 0
TARGET 16913 1 0 0 1 0
TARGET 16914 1 0 0 1 0
TARGET 16915 1 0 0 0 0
TARGET 16916 1 1 0 1 0
TARGET 16917 1 0 0 1 0
TARGET 16918 1 0 0 0 0
TARGET 16919 1 0 0 1 0
TARGET 16920 1 0 0 0 0
TARGET 16921 1 0 0 1 0
TARGET 16922 1 0 0 1 0
TARGET 16923 1 0 0 1 0
TARGET 16924 1 1 0 2 0
TARGET 16925 1 0 0 1 0
TARGET 16926 1 0 0 1 0
TARGET 16927 1 0 0 1 0
TARGET 16928 1 0 0 1 0
TARGET 16929 1 0 0 0 0
TARGET 16930 1 0 0 1 0
TARGET 16931 1 0 0 1 0
TARGET 16932 1 1 0 2 0
TARGET 16933 1 0 0 1 0
TARGET 16934 1 0 0 1 0
TARGET 16935 1 0 0 1 0
TARGET 16936 1 0 0 1 0
TARGET 16937 1 0 0 0 0
TARGET 16938 1 0 0 1 0
TARGET 16939 1 1 0 2 0
TARGET 16940 1 0 0 1 0
TARGET 16941 1 0 0 1 0
TARGET 16942 1 0 0 1 0
TARGET 16943 1 0 0 1 0
TARGET 16944 1 0 0 0 0
TARGET 16945 1 2 0 3 0
TARGET 16946 1 1 0 2 0
TARGET 16947 1 1 0 2 0
TARGET 16948 1 1 0 2 0
TARGET 16949 1 1 0 2 0
TARGET 16950 1 0 0 1 0
TARGET 16951 1 0 0 1 0
TARGET 16952 1 0 0 1 0
TARGET 16953 1 0 0 1 0
TARGET 16954 1 0 0 2 0
TARGET 16955 1 0 0 0 0
TARGET 16956 1 0 0 1 0
TARGET 16957 1 0 0 1 0
TARGET 16958 1 0 0 1 0
TARGET 16959 1 0 0 0 0
TARGET 16960 1 0 0 1 0
TARGET 16961 1 0 0 1 0
TARGET 16962 1 0 0 0 0
TARGET 16963 1 0 0 1 0
TARGET 16964 1 0 0 0 0
TARGET 16965 1 1 0 1 0
TARGET 16966 1 0 0 1 0
TARGET 16967 1 1 0 1 0
TARGET 16968 1 1 0 2 0
TARGET 16969 1 1 0 1 0
TARGET 16970 1 0 0 1 0
TARGET 16971 1 1 0 2 0
TARGET 16972 1 1 0 1 0
TARGET 16973 1 1 0 1 0
TARGET 16974 1 0 0 1 0
TARGET 16975 1 1 0 2 0
TARGET 16976 1 1 0 1 0
TARGET 16977 1 0 0 1 0
TARGET 16978 1 1 0 1 0
TARGET 16979 1 0 0 1 0
TARGET 16980 1 0 0 1 0
TARGET 16981 1 1 0 1 0
TARGET 16982 1 1 0 2 0
TARGET 16983 1 1 0 1 0
TARGET 16984 1 0 0 1 0
TARGET 16985 1 1 0 2 0
TARGET 16986 1 1 0 1 0
TARGET 16987 1 0 0 1 0
TARGET 16988 1 1 0 2 0
TARGET 16989 1 0 0 1 0
TARGET 16990 1 0 0 1 0
TARGET 16991 1 0 0 1 0
TARGET 16992 1 0 0 1 0
TARGET 16993 1 0 0 1 0
TARGET 16994 1 1 0 2 0
TARGET 16995 1 0 0 1 0
TARGET 16996 1 0 0 1 0
TARGET 16997 1 1 0 2 0
TARGET 16998 1 0 0 1 0
TARGET 16999 1 1 0 2 0
TARGET 17000 1 1 0 3 0
PASS_1962_MONOMIAL_INTERVAL 16001 17000 1000 0
