TARGET 1 1 1 0 1 0
TARGET 2 1 1 0 1 0
TARGET 3 1 0 0 0 0
TARGET 4 1 1 0 1 0
TARGET 5 1 0 0 0 0
TARGET 6 1 1 0 1 0
TARGET 7 1 0 0 0 0
TARGET 8 1 0 0 0 0
TARGET 9 1 0 0 0 0
TARGET 10 1 0 0 0 0
TARGET 11 1 0 0 0 0
TARGET 12 1 0 0 0 0
TARGET 13 1 0 0 0 0
TARGET 14 1 0 0 0 0
TARGET 15 1 0 0 0 0
TARGET 16 1 0 0 0 0
TARGET 17 1 1 0 1 0
TARGET 18 1 0 0 0 0
TARGET 19 1 0 0 0 0
TARGET 20 1 0 0 0 0
TARGET 21 1 1 0 1 0
TARGET 22 1 1 0 1 0
TARGET 23 1 1 0 1 0
TARGET 24 1 0 0 0 0
TARGET 25 1 1 0 1 0
TARGET 26 1 1 0 1 0
TARGET 27 1 0 0 0 0
TARGET 28 1 1 0 1 0
TARGET 29 1 0 0 0 0
TARGET 30 1 1 0 1 0
TARGET 31 1 0 0 0 0
TARGET 32 1 0 0 0 0
TARGET 33 1 0 0 0 0
TARGET 34 1 0 0 0 0
TARGET 35 1 0 0 0 0
TARGET 36 1 0 0 0 0
TARGET 37 1 0 0 0 0
TARGET 38 1 0 0 0 0
TARGET 39 1 0 0 0 0
TARGET 40 1 0 0 0 0
TARGET 41 1 1 0 1 0
TARGET 42 1 0 0 0 0
TARGET 43 1 0 0 0 0
TARGET 44 1 0 0 0 0
TARGET 45 1 1 0 1 0
TARGET 46 1 1 0 1 0
TARGET 47 1 0 0 0 0
TARGET 48 1 1 0 1 0
PASS_1962_MONOMIAL_INTERVAL 1 48 48 0
