TARGET 3001 1 1 0 1 0
TARGET 3002 1 1 0 1 0
TARGET 3003 1 1 0 2 0
TARGET 3004 1 1 0 1 0
TARGET 3005 1 1 0 1 0
TARGET 3006 1 1 0 2 0
TARGET 3007 1 1 0 1 0
TARGET 3008 1 1 0 1 0
TARGET 3009 1 0 0 0 0
TARGET 3010 1 2 0 3 0
TARGET 3011 1 1 0 2 0
TARGET 3012 1 1 0 2 0
TARGET 3013 1 1 0 3 0
TARGET 3014 1 1 0 2 0
TARGET 3015 1 1 0 2 0
TARGET 3016 1 2 0 3 0
TARGET 3017 1 1 0 2 0
TARGET 3018 1 1 0 2 0
TARGET 3019 1 1 0 3 0
TARGET 3020 1 1 0 2 0
TARGET 3021 1 1 0 2 0
TARGET 3022 1 1 0 1 0
TARGET 3023 1 1 0 1 0
TARGET 3024 1 1 0 2 0
TARGET 3025 1 1 0 1 0
TARGET 3026 1 1 0 1 0
TARGET 3027 1 1 0 2 0
TARGET 3028 1 0 0 2 0
TARGET 3029 1 1 0 1 0
TARGET 3030 1 1 0 2 0
TARGET 3031 1 1 0 1 0
TARGET 3032 1 1 0 1 0
TARGET 3033 1 1 0 1 0
TARGET 3034 1 1 0 2 0
TARGET 3035 1 1 0 1 0
TARGET 3036 1 1 0 1 0
TARGET 3037 1 1 0 2 0
TARGET 3038 1 1 0 2 0
TARGET 3039 1 1 0 3 0
TARGET 3040 1 1 0 2 0
TARGET 3041 1 1 0 2 0
TARGET 3042 1 1 0 3 0
TARGET 3043 1 1 0 1 0
TARGET 3044 1 1 0 2 0
TARGET 3045 1 1 0 1 0
TARGET 3046 1 1 0 1 0
TARGET 3047 1 1 0 2 0
TARGET 3048 1 1 0 1 0
TARGET 3049 1 1 0 2 0
TARGET 3050 1 1 0 1 0
TARGET 3051 1 1 0 1 0
TARGET 3052 1 1 0 2 0
TARGET 3053 1 1 0 1 0
TARGET 3054 1 1 0 1 0
TARGET 3055 1 1 0 2 0
TARGET 3056 1 1 0 1 0
TARGET 3057 1 1 0 1 0
TARGET 3058 1 0 0 0 0
TARGET 3059 1 1 0 1 0
TARGET 3060 1 1 0 2 0
TARGET 3061 1 1 0 1 0
TARGET 3062 1 1 0 1 0
TARGET 3063 1 0 0 0 0
TARGET 3064 1 1 0 3 0
TARGET 3065 1 1 0 2 0
TARGET 3066 1 1 0 2 0
TARGET 3067 1 1 0 1 0
TARGET 3068 1 1 0 1 0
TARGET 3069 1 0 0 2 0
TARGET 3070 1 0 0 0 0
TARGET 3071 1 1 0 1 0
TARGET 3072 1 0 0 0 0
TARGET 3073 1 0 0 0 0
TARGET 3074 1 0 0 0 0
TARGET 3075 1 1 0 1 0
TARGET 3076 1 0 0 0 0
TARGET 3077 1 0 0 0 0
TARGET 3078 1 1 0 1 0
TARGET 3079 1 1 0 3 0
TARGET 3080 1 1 0 3 0
TARGET 3081 1 1 0 4 0
TARGET 3082 1 1 0 3 0
TARGET 3083 1 2 0 3 0
TARGET 3084 1 3 0 4 0
TARGET 3085 1 1 0 2 0
TARGET 3086 1 1 0 2 0
TARGET 3087 1 1 0 3 0
TARGET 3088 1 1 0 2 0
TARGET 3089 1 1 0 2 0
TARGET 3090 1 2 0 3 0
TARGET 3091 1 1 0 2 0
TARGET 3092 1 1 0 3 0
TARGET 3093 1 1 0 2 0
TARGET 3094 1 1 0 2 0
TARGET 3095 1 1 0 2 0
TARGET 3096 1 1 0 3 0
TARGET 3097 1 1 0 2 0
TARGET 3098 1 1 0 2 0
TARGET 3099 1 1 0 3 0
TARGET 3100 1 1 0 3 0
TARGET 3101 1 1 0 4 0
TARGET 3102 1 1 0 3 0
TARGET 3103 1 1 0 3 0
TARGET 3104 1 1 0 4 0
TARGET 3105 1 1 0 2 0
TARGET 3106 1 1 0 3 0
TARGET 3107 1 1 0 2 0
TARGET 3108 1 1 0 2 0
TARGET 3109 1 1 0 3 0
TARGET 3110 1 1 0 2 0
TARGET 3111 1 1 0 3 0
TARGET 3112 1 1 0 2 0
TARGET 3113 1 1 0 2 0
TARGET 3114 1 1 0 3 0
TARGET 3115 1 0 0 2 0
TARGET 3116 1 0 0 2 0
TARGET 3117 1 1 0 3 0
TARGET 3118 1 0 0 2 0
TARGET 3119 1 0 0 2 0
TARGET 3120 1 1 0 3 0
TARGET 3121 1 1 0 1 0
TARGET 3122 1 1 0 1 0
TARGET 3123 1 1 0 2 0
TARGET 3124 1 1 0 1 0
TARGET 3125 1 1 0 1 0
TARGET 3126 1 1 0 2 0
TARGET 3127 1 1 0 1 0
TARGET 3128 1 1 0 2 0
TARGET 3129 1 1 0 1 0
TARGET 3130 1 1 0 1 0
TARGET 3131 1 1 0 1 0
TARGET 3132 1 1 0 2 0
TARGET 3133 1 1 0 1 0
TARGET 3134 1 1 0 1 0
TARGET 3135 1 1 0 2 0
TARGET 3136 1 1 0 2 0
TARGET 3137 1 1 0 3 0
TARGET 3138 1 1 0 2 0
TARGET 3139 1 1 0 2 0
TARGET 3140 1 1 0 3 0
TARGET 3141 1 1 0 1 0
TARGET 3142 1 1 0 2 0
TARGET 3143 1 1 0 1 0
TARGET 3144 1 1 0 1 0
TARGET 3145 1 1 0 2 0
TARGET 3146 1 1 0 1 0
TARGET 3147 1 1 0 2 0
TARGET 3148 1 1 0 1 0
TARGET 3149 1 1 0 1 0
TARGET 3150 1 1 0 2 0
TARGET 3151 1 0 0 0 0
TARGET 3152 1 0 0 0 0
TARGET 3153 1 1 0 1 0
TARGET 3154 1 0 0 0 0
TARGET 3155 1 0 0 0 0
TARGET 3156 1 1 0 1 0
TARGET 3157 1 1 0 1 0
TARGET 3158 1 1 0 2 0
TARGET 3159 1 1 0 1 0
TARGET 3160 1 1 0 1 0
TARGET 3161 1 0 0 0 0
TARGET 3162 1 1 0 3 0
TARGET 3163 1 1 0 2 0
TARGET 3164 1 1 0 2 0
TARGET 3165 1 1 0 1 0
TARGET 3166 1 1 0 1 0
TARGET 3167 1 0 0 2 0
TARGET 3168 1 0 0 0 0
TARGET 3169 1 1 0 1 0
TARGET 3170 1 0 0 0 0
TARGET 3171 1 1 0 1 0
TARGET 3172 1 1 0 2 0
TARGET 3173 1 1 0 1 0
TARGET 3174 1 1 0 1 0
TARGET 3175 1 1 0 2 0
TARGET 3176 1 1 0 2 0
TARGET 3177 1 1 0 3 0
TARGET 3178 1 1 0 2 0
TARGET 3179 1 1 0 2 0
TARGET 3180 1 1 0 3 0
TARGET 3181 1 1 0 1 0
TARGET 3182 1 1 0 2 0
TARGET 3183 1 1 0 1 0
TARGET 3184 1 1 0 1 0
TARGET 3185 1 1 0 2 0
TARGET 3186 1 1 0 1 0
TARGET 3187 1 1 0 2 0
TARGET 3188 1 1 0 1 0
TARGET 3189 1 1 0 1 0
TARGET 3190 1 1 0 2 0
TARGET 3191 1 0 0 0 0
TARGET 3192 1 1 0 1 0
TARGET 3193 1 0 0 0 0
TARGET 3194 1 0 0 0 0
TARGET 3195 1 1 0 1 0
TARGET 3196 1 2 0 3 0
TARGET 3197 1 1 0 4 0
TARGET 3198 1 1 0 3 0
TARGET 3199 1 1 0 3 0
TARGET 3200 1 1 0 4 0
TARGET 3201 1 1 0 2 0
TARGET 3202 1 1 0 3 0
TARGET 3203 1 1 0 2 0
TARGET 3204 1 1 0 2 0
TARGET 3205 1 1 0 3 0
TARGET 3206 1 1 0 2 0
TARGET 3207 1 1 0 3 0
TARGET 3208 1 1 0 2 0
TARGET 3209 1 1 0 2 0
TARGET 3210 1 1 0 3 0
TARGET 3211 1 1 0 1 0
TARGET 3212 1 1 0 2 0
TARGET 3213 1 1 0 1 0
TARGET 3214 1 1 0 1 0
TARGET 3215 1 1 0 2 0
TARGET 3216 1 1 0 1 0
TARGET 3217 1 1 0 2 0
TARGET 3218 1 1 0 1 0
TARGET 3219 1 1 0 1 0
TARGET 3220 1 1 0 2 0
TARGET 3221 1 0 0 2 0
TARGET 3222 1 1 0 3 0
TARGET 3223 1 0 0 2 0
TARGET 3224 1 0 0 2 0
TARGET 3225 1 1 0 3 0
TARGET 3226 1 0 0 0 0
TARGET 3227 1 1 0 1 0
TARGET 3228 1 0 0 0 0
TARGET 3229 1 0 0 0 0
TARGET 3230 1 1 0 1 0
TARGET 3231 1 1 0 1 0
TARGET 3232 1 1 0 2 0
TARGET 3233 1 1 0 1 0
TARGET 3234 1 1 0 1 0
TARGET 3235 1 1 0 2 0
TARGET 3236 1 0 0 0 0
TARGET 3237 1 1 0 1 0
TARGET 3238 1 0 0 0 0
TARGET 3239 1 0 0 0 0
TARGET 3240 1 1 0 1 0
TARGET 3241 1 1 0 1 0
TARGET 3242 1 0 0 1 0
TARGET 3243 1 0 0 1 0
TARGET 3244 1 0 0 1 0
TARGET 3245 1 0 0 1 0
TARGET 3246 1 1 0 1 0
TARGET 3247 1 0 0 1 0
TARGET 3248 1 0 0 1 0
TARGET 3249 1 0 0 1 0
TARGET 3250 1 0 0 1 0
TARGET 3251 1 1 0 1 0
TARGET 3252 1 0 0 0 0
TARGET 3253 1 0 0 1 0
TARGET 3254 1 0 0 1 0
TARGET 3255 1 0 0 1 0
TARGET 3256 1 0 0 1 0
TARGET 3257 1 0 0 1 0
TARGET 3258 1 0 0 1 0
TARGET 3259 1 0 0 1 0
TARGET 3260 1 0 0 1 0
TARGET 3261 1 0 0 1 0
TARGET 3262 1 0 0 1 0
TARGET 3263 1 0 0 0 0
TARGET 3264 1 0 0 1 0
TARGET 3265 1 0 0 1 0
TARGET 3266 1 0 0 1 0
TARGET 3267 1 0 0 1 0
TARGET 3268 1 0 0 1 0
TARGET 3269 1 0 0 1 0
TARGET 3270 1 0 0 1 0
TARGET 3271 1 0 0 1 0
TARGET 3272 1 0 0 1 0
TARGET 3273 1 0 0 0 0
TARGET 3274 1 0 0 1 0
TARGET 3275 1 0 0 1 0
TARGET 3276 1 0 0 1 0
TARGET 3277 1 0 0 1 0
TARGET 3278 1 0 0 1 0
TARGET 3279 1 0 0 1 0
TARGET 3280 1 0 0 1 0
TARGET 3281 1 0 0 1 0
TARGET 3282 1 0 0 0 0
TARGET 3283 1 0 0 1 0
TARGET 3284 1 0 0 1 0
TARGET 3285 1 0 0 1 0
TARGET 3286 1 0 0 1 0
TARGET 3287 1 0 0 1 0
TARGET 3288 1 0 0 1 0
TARGET 3289 1 0 0 1 0
TARGET 3290 1 0 0 0 0
TARGET 3291 1 1 0 1 0
TARGET 3292 1 0 0 1 0
TARGET 3293 1 0 0 1 0
TARGET 3294 1 0 0 1 0
TARGET 3295 1 0 0 1 0
TARGET 3296 1 1 0 1 0
TARGET 3297 1 0 0 0 0
TARGET 3298 1 0 0 0 0
TARGET 3299 1 0 0 0 0
TARGET 3300 1 0 0 0 0
TARGET 3301 1 0 0 0 0
TARGET 3302 1 0 0 0 0
TARGET 3303 1 0 0 1 0
TARGET 3304 1 0 0 1 0
TARGET 3305 1 0 0 1 0
TARGET 3306 1 0 0 1 0
TARGET 3307 1 0 0 1 0
TARGET 3308 1 0 0 1 0
TARGET 3309 1 0 0 1 0
TARGET 3310 1 0 0 1 0
TARGET 3311 1 0 0 1 0
TARGET 3312 1 0 0 1 0
TARGET 3313 1 0 0 1 0
TARGET 3314 1 0 0 1 0
TARGET 3315 1 0 0 1 0
TARGET 3316 1 0 0 1 0
TARGET 3317 1 0 0 1 0
TARGET 3318 1 0 0 1 0
TARGET 3319 1 0 0 1 0
TARGET 3320 1 0 0 1 0
TARGET 3321 1 0 0 1 0
TARGET 3322 1 0 0 1 0
TARGET 3323 1 0 0 1 0
TARGET 3324 1 0 0 1 0
TARGET 3325 1 0 0 1 0
TARGET 3326 1 0 0 1 0
TARGET 3327 1 0 0 1 0
TARGET 3328 1 0 0 0 0
TARGET 3329 1 0 0 0 0
TARGET 3330 1 0 0 0 0
TARGET 3331 1 0 0 0 0
TARGET 3332 1 0 0 0 0
TARGET 3333 1 0 0 1 0
TARGET 3334 1 0 0 1 0
TARGET 3335 1 0 0 1 0
TARGET 3336 1 0 0 1 0
TARGET 3337 1 0 0 1 0
TARGET 3338 1 0 0 1 0
TARGET 3339 1 0 0 1 0
TARGET 3340 1 0 0 1 0
TARGET 3341 1 0 0 1 0
TARGET 3342 1 0 0 1 0
TARGET 3343 1 0 0 1 0
TARGET 3344 1 0 0 1 0
TARGET 3345 1 0 0 1 0
TARGET 3346 1 0 0 1 0
TARGET 3347 1 0 0 1 0
TARGET 3348 1 0 0 1 0
TARGET 3349 1 0 0 1 0
TARGET 3350 1 0 0 1 0
TARGET 3351 1 0 0 1 0
TARGET 3352 1 0 0 1 0
TARGET 3353 1 0 0 0 0
TARGET 3354 1 0 0 0 0
TARGET 3355 1 0 0 0 0
TARGET 3356 1 0 0 0 0
TARGET 3357 1 0 0 0 0
TARGET 3358 1 0 0 1 0
TARGET 3359 1 0 0 1 0
TARGET 3360 1 0 0 1 0
TARGET 3361 1 0 0 1 0
TARGET 3362 1 0 0 1 0
TARGET 3363 1 0 0 1 0
TARGET 3364 1 0 0 1 0
TARGET 3365 1 0 0 1 0
TARGET 3366 1 0 0 1 0
TARGET 3367 1 0 0 1 0
TARGET 3368 1 0 0 1 0
TARGET 3369 1 0 0 1 0
TARGET 3370 1 0 0 1 0
TARGET 3371 1 0 0 1 0
TARGET 3372 1 0 0 1 0
TARGET 3373 1 0 0 0 0
TARGET 3374 1 0 0 0 0
TARGET 3375 1 0 0 0 0
TARGET 3376 1 0 0 0 0
TARGET 3377 1 0 0 0 0
TARGET 3378 1 0 0 1 0
TARGET 3379 1 0 0 1 0
TARGET 3380 1 0 0 1 0
TARGET 3381 1 0 0 1 0
TARGET 3382 1 0 0 1 0
TARGET 3383 1 0 0 1 0
TARGET 3384 1 0 0 1 0
TARGET 3385 1 0 0 1 0
TARGET 3386 1 0 0 1 0
TARGET 3387 1 0 0 1 0
TARGET 3388 1 0 0 0 0
TARGET 3389 1 0 0 0 0
TARGET 3390 1 0 0 0 0
TARGET 3391 1 0 0 0 0
TARGET 3392 1 0 0 0 0
TARGET 3393 1 1 0 1 0
TARGET 3394 1 0 0 1 0
TARGET 3395 1 0 0 1 0
TARGET 3396 1 0 0 1 0
TARGET 3397 1 0 0 1 0
TARGET 3398 1 0 0 0 0
TARGET 3399 1 0 0 0 0
TARGET 3400 1 0 0 0 0
TARGET 3401 1 0 0 0 0
TARGET 3402 1 0 0 0 0
TARGET 3403 1 1 0 3 0
TARGET 3404 1 1 0 3 0
TARGET 3405 1 2 0 3 0
TARGET 3406 1 3 0 4 0
TARGET 3407 1 2 0 3 0
TARGET 3408 1 1 0 3 0
TARGET 3409 1 1 0 4 0
TARGET 3410 1 1 0 3 0
TARGET 3411 1 1 0 4 0
TARGET 3412 1 1 0 2 0
TARGET 3413 1 1 0 2 0
TARGET 3414 1 1 0 2 0
TARGET 3415 1 2 0 3 0
TARGET 3416 1 1 0 2 0
TARGET 3417 1 1 0 2 0
TARGET 3418 1 1 0 3 0
TARGET 3419 1 1 0 2 0
TARGET 3420 1 1 0 3 0
TARGET 3421 1 1 0 2 0
TARGET 3422 1 1 0 3 0
TARGET 3423 1 1 0 2 0
TARGET 3424 1 1 0 3 0
TARGET 3425 1 1 0 2 0
TARGET 3426 1 1 0 2 0
TARGET 3427 1 1 0 3 0
TARGET 3428 1 1 0 2 0
TARGET 3429 1 1 0 2 0
TARGET 3430 1 1 0 3 0
TARGET 3431 1 1 0 2 0
TARGET 3432 1 1 0 3 0
TARGET 3433 1 1 0 2 0
TARGET 3434 1 1 0 2 0
TARGET 3435 1 1 0 2 0
TARGET 3436 1 1 0 3 0
TARGET 3437 1 1 0 3 0
TARGET 3438 1 1 0 4 0
TARGET 3439 1 1 0 3 0
TARGET 3440 1 1 0 3 0
TARGET 3441 1 1 0 4 0
TARGET 3442 1 1 0 3 0
TARGET 3443 1 1 0 4 0
TARGET 3444 1 1 0 2 0
TARGET 3445 1 1 0 2 0
TARGET 3446 1 1 0 3 0
TARGET 3447 1 1 0 2 0
TARGET 3448 1 1 0 2 0
TARGET 3449 1 1 0 3 0
TARGET 3450 1 1 0 2 0
TARGET 3451 1 1 0 3 0
TARGET 3452 1 1 0 3 0
TARGET 3453 1 1 0 3 0
TARGET 3454 1 1 0 4 0
TARGET 3455 1 1 0 3 0
TARGET 3456 1 1 0 3 0
TARGET 3457 1 1 0 4 0
TARGET 3458 1 1 0 3 0
TARGET 3459 1 1 0 4 0
TARGET 3460 1 1 0 2 0
TARGET 3461 1 1 0 2 0
TARGET 3462 1 1 0 2 0
TARGET 3463 1 1 0 2 0
TARGET 3464 1 1 0 3 0
TARGET 3465 1 1 0 2 0
TARGET 3466 1 1 0 2 0
TARGET 3467 1 1 0 3 0
TARGET 3468 1 1 0 2 0
TARGET 3469 1 1 0 3 0
TARGET 3470 1 1 0 2 0
TARGET 3471 1 1 0 3 0
TARGET 3472 1 1 0 2 0
TARGET 3473 1 1 0 2 0
TARGET 3474 1 1 0 3 0
TARGET 3475 1 1 0 2 0
TARGET 3476 1 1 0 3 0
TARGET 3477 1 1 0 2 0
TARGET 3478 1 2 0 3 0
TARGET 3479 1 1 0 2 0
TARGET 3480 1 1 0 2 0
TARGET 3481 1 1 0 3 0
TARGET 3482 1 1 0 2 0
TARGET 3483 1 1 0 3 0
TARGET 3484 1 1 0 1 0
TARGET 3485 1 1 0 1 0
TARGET 3486 1 1 0 1 0
TARGET 3487 1 1 0 2 0
TARGET 3488 1 1 0 1 0
TARGET 3489 1 1 0 1 0
TARGET 3490 1 1 0 2 0
TARGET 3491 1 1 0 1 0
TARGET 3492 1 1 0 2 0
TARGET 3493 1 1 0 1 0
TARGET 3494 1 1 0 2 0
TARGET 3495 1 1 0 1 0
TARGET 3496 1 1 0 2 0
TARGET 3497 1 1 0 1 0
TARGET 3498 1 1 0 1 0
TARGET 3499 1 1 0 2 0
TARGET 3500 1 1 0 1 0
TARGET 3501 1 1 0 1 0
TARGET 3502 1 1 0 2 0
TARGET 3503 1 1 0 1 0
TARGET 3504 1 1 0 2 0
TARGET 3505 1 1 0 1 0
TARGET 3506 1 1 0 1 0
TARGET 3507 1 1 0 1 0
TARGET 3508 1 0 0 2 0
TARGET 3509 1 1 0 2 0
TARGET 3510 1 1 0 2 0
TARGET 3511 1 1 0 3 0
TARGET 3512 1 1 0 2 0
TARGET 3513 1 1 0 2 0
TARGET 3514 1 1 0 3 0
TARGET 3515 1 1 0 2 0
TARGET 3516 1 1 0 3 0
TARGET 3517 1 1 0 1 0
TARGET 3518 1 1 0 1 0
TARGET 3519 1 1 0 2 0
TARGET 3520 1 1 0 1 0
TARGET 3521 1 1 0 1 0
TARGET 3522 1 1 0 2 0
TARGET 3523 1 1 0 1 0
TARGET 3524 1 1 0 2 0
TARGET 3525 1 1 0 2 0
TARGET 3526 1 1 0 2 0
TARGET 3527 1 1 0 3 0
TARGET 3528 1 1 0 2 0
TARGET 3529 1 1 0 2 0
TARGET 3530 1 1 0 3 0
TARGET 3531 1 1 0 2 0
TARGET 3532 1 1 0 3 0
TARGET 3533 1 1 0 1 0
TARGET 3534 1 1 0 1 0
TARGET 3535 1 1 0 1 0
TARGET 3536 1 0 0 2 0
TARGET 3537 1 1 0 1 0
TARGET 3538 1 1 0 2 0
TARGET 3539 1 1 0 1 0
TARGET 3540 1 1 0 1 0
TARGET 3541 1 1 0 2 0
TARGET 3542 1 1 0 1 0
TARGET 3543 1 1 0 2 0
TARGET 3544 1 1 0 1 0
TARGET 3545 1 1 0 2 0
TARGET 3546 1 1 0 1 0
TARGET 3547 1 1 0 1 0
TARGET 3548 1 1 0 2 0
TARGET 3549 1 1 0 1 0
TARGET 3550 1 1 0 2 0
TARGET 3551 1 1 0 1 0
TARGET 3552 1 1 0 2 0
TARGET 3553 1 1 0 1 0
TARGET 3554 1 1 0 1 0
TARGET 3555 1 1 0 2 0
TARGET 3556 1 1 0 1 0
TARGET 3557 1 1 0 2 0
TARGET 3558 1 0 0 2 0
TARGET 3559 1 1 0 3 0
TARGET 3560 1 0 0 2 0
TARGET 3561 1 0 0 2 0
TARGET 3562 1 1 0 3 0
TARGET 3563 1 0 0 2 0
TARGET 3564 1 1 0 3 0
TARGET 3565 1 0 0 0 0
TARGET 3566 1 0 0 0 0
TARGET 3567 1 0 0 0 0
TARGET 3568 1 1 0 1 0
TARGET 3569 1 0 0 0 0
TARGET 3570 1 0 0 0 0
TARGET 3571 1 1 0 1 0
TARGET 3572 1 0 0 0 0
TARGET 3573 1 1 0 1 0
TARGET 3574 1 1 0 1 0
TARGET 3575 1 1 0 2 0
TARGET 3576 1 1 0 1 0
TARGET 3577 1 1 0 2 0
TARGET 3578 1 1 0 1 0
TARGET 3579 1 1 0 1 0
TARGET 3580 1 1 0 2 0
TARGET 3581 1 1 0 1 0
TARGET 3582 1 1 0 1 0
TARGET 3583 1 1 0 2 0
TARGET 3584 1 1 0 1 0
TARGET 3585 1 1 0 2 0
TARGET 3586 1 1 0 1 0
TARGET 3587 1 1 0 1 0
TARGET 3588 1 1 0 1 0
TARGET 3589 1 0 0 0 0
TARGET 3590 1 1 0 3 0
TARGET 3591 1 1 0 2 0
TARGET 3592 1 1 0 3 0
TARGET 3593 1 1 0 2 0
TARGET 3594 1 1 0 2 0
TARGET 3595 1 1 0 3 0
TARGET 3596 1 1 0 2 0
TARGET 3597 1 1 0 2 0
TARGET 3598 1 1 0 3 0
TARGET 3599 1 1 0 2 0
TARGET 3600 1 1 0 3 0
TARGET 3601 1 1 0 2 0
TARGET 3602 1 1 0 2 0
TARGET 3603 1 1 0 2 0
TARGET 3604 1 1 0 1 0
TARGET 3605 1 1 0 2 0
TARGET 3606 1 1 0 1 0
TARGET 3607 1 1 0 1 0
TARGET 3608 1 1 0 2 0
TARGET 3609 1 1 0 1 0
TARGET 3610 1 1 0 1 0
TARGET 3611 1 1 0 2 0
TARGET 3612 1 1 0 1 0
TARGET 3613 1 1 0 2 0
TARGET 3614 1 1 0 1 0
TARGET 3615 1 1 0 1 0
TARGET 3616 1 1 0 1 0
TARGET 3617 1 0 0 2 0
TARGET 3618 1 0 0 0 0
TARGET 3619 1 2 0 3 0
TARGET 3620 1 1 0 2 0
TARGET 3621 1 1 0 2 0
TARGET 3622 1 1 0 3 0
TARGET 3623 1 1 0 2 0
TARGET 3624 1 1 0 2 0
TARGET 3625 1 1 0 3 0
TARGET 3626 1 1 0 2 0
TARGET 3627 1 2 0 3 0
TARGET 3628 1 1 0 2 0
TARGET 3629 1 1 0 2 0
TARGET 3630 1 1 0 2 0
TARGET 3631 1 1 0 1 0
TARGET 3632 1 1 0 1 0
TARGET 3633 1 1 0 1 0
TARGET 3634 1 1 0 1 0
TARGET 3635 1 1 0 2 0
TARGET 3636 1 1 0 1 0
TARGET 3637 1 1 0 1 0
TARGET 3638 1 1 0 2 0
TARGET 3639 1 1 0 1 0
TARGET 3640 1 1 0 2 0
TARGET 3641 1 0 0 2 0
TARGET 3642 1 1 0 1 0
TARGET 3643 1 1 0 2 0
TARGET 3644 1 1 0 1 0
TARGET 3645 1 1 0 1 0
TARGET 3646 1 1 0 2 0
TARGET 3647 1 1 0 1 0
TARGET 3648 1 1 0 2 0
TARGET 3649 1 1 0 1 0
TARGET 3650 1 1 0 2 0
TARGET 3651 1 1 0 1 0
TARGET 3652 1 1 0 1 0
TARGET 3653 1 1 0 2 0
TARGET 3654 1 1 0 1 0
TARGET 3655 1 1 0 2 0
TARGET 3656 1 1 0 1 0
TARGET 3657 1 1 0 1 0
TARGET 3658 1 1 0 1 0
TARGET 3659 1 0 0 0 0
TARGET 3660 1 1 0 1 0
TARGET 3661 1 1 0 1 0
TARGET 3662 1 0 0 0 0
TARGET 3663 1 1 0 1 0
TARGET 3664 1 0 0 0 0
TARGET 3665 1 0 0 0 0
TARGET 3666 1 0 0 0 0
TARGET 3667 1 1 0 1 0
TARGET 3668 1 0 0 0 0
TARGET 3669 1 0 0 0 0
TARGET 3670 1 1 0 1 0
TARGET 3671 1 0 0 0 0
TARGET 3672 1 1 0 1 0
TARGET 3673 1 2 0 3 0
TARGET 3674 1 1 0 3 0
TARGET 3675 1 1 0 4 0
TARGET 3676 1 1 0 3 0
TARGET 3677 1 1 0 3 0
TARGET 3678 1 3 0 4 0
TARGET 3679 1 2 0 3 0
TARGET 3680 1 1 0 4 0
TARGET 3681 1 1 0 2 0
TARGET 3682 1 1 0 2 0
TARGET 3683 1 1 0 3 0
TARGET 3684 1 1 0 2 0
TARGET 3685 1 1 0 2 0
TARGET 3686 1 2 0 3 0
TARGET 3687 1 1 0 2 0
TARGET 3688 1 1 0 3 0
TARGET 3689 1 1 0 3 0
TARGET 3690 1 1 0 3 0
TARGET 3691 1 1 0 4 0
TARGET 3692 1 1 0 3 0
TARGET 3693 1 1 0 3 0
TARGET 3694 1 1 0 4 0
TARGET 3695 1 1 0 3 0
TARGET 3696 1 1 0 4 0
TARGET 3697 1 1 0 2 0
TARGET 3698 1 1 0 2 0
TARGET 3699 1 1 0 2 0
TARGET 3700 1 1 0 2 0
TARGET 3701 1 1 0 3 0
TARGET 3702 1 1 0 2 0
TARGET 3703 1 1 0 2 0
TARGET 3704 1 1 0 3 0
TARGET 3705 1 1 0 2 0
TARGET 3706 1 1 0 3 0
TARGET 3707 1 1 0 2 0
TARGET 3708 1 1 0 3 0
TARGET 3709 1 1 0 2 0
TARGET 3710 1 1 0 2 0
TARGET 3711 1 2 0 3 0
TARGET 3712 1 1 0 2 0
TARGET 3713 1 1 0 3 0
TARGET 3714 1 1 0 2 0
TARGET 3715 1 1 0 3 0
TARGET 3716 1 1 0 2 0
TARGET 3717 1 1 0 2 0
TARGET 3718 1 1 0 3 0
TARGET 3719 1 1 0 2 0
TARGET 3720 1 1 0 3 0
TARGET 3721 1 1 0 1 0
TARGET 3722 1 1 0 1 0
TARGET 3723 1 1 0 2 0
TARGET 3724 1 1 0 1 0
TARGET 3725 1 1 0 1 0
TARGET 3726 1 1 0 2 0
TARGET 3727 1 1 0 1 0
TARGET 3728 1 1 0 2 0
TARGET 3729 1 1 0 2 0
TARGET 3730 1 1 0 2 0
TARGET 3731 1 1 0 3 0
TARGET 3732 1 1 0 2 0
TARGET 3733 1 1 0 2 0
TARGET 3734 1 1 0 3 0
TARGET 3735 1 1 0 2 0
TARGET 3736 1 1 0 3 0
TARGET 3737 1 1 0 1 0
TARGET 3738 1 1 0 1 0
TARGET 3739 1 1 0 1 0
TARGET 3740 1 1 0 1 0
TARGET 3741 1 1 0 2 0
TARGET 3742 1 1 0 1 0
TARGET 3743 1 1 0 1 0
TARGET 3744 1 1 0 2 0
TARGET 3745 1 1 0 1 0
TARGET 3746 1 1 0 2 0
TARGET 3747 1 1 0 1 0
TARGET 3748 1 1 0 2 0
TARGET 3749 1 1 0 1 0
TARGET 3750 1 1 0 1 0
TARGET 3751 1 1 0 2 0
TARGET 3752 1 1 0 1 0
TARGET 3753 1 1 0 2 0
TARGET 3754 1 0 0 2 0
TARGET 3755 1 1 0 1 0
TARGET 3756 1 1 0 2 0
TARGET 3757 1 1 0 1 0
TARGET 3758 1 1 0 1 0
TARGET 3759 1 1 0 2 0
TARGET 3760 1 1 0 1 0
TARGET 3761 1 1 0 2 0
TARGET 3762 1 0 0 2 0
TARGET 3763 1 1 0 3 0
TARGET 3764 1 0 0 2 0
TARGET 3765 1 0 0 2 0
TARGET 3766 1 1 0 3 0
TARGET 3767 1 0 0 2 0
TARGET 3768 1 1 0 3 0
TARGET 3769 1 0 0 0 0
TARGET 3770 1 0 0 0 0
TARGET 3771 1 1 0 1 0
TARGET 3772 1 0 0 0 0
TARGET 3773 1 0 0 0 0
TARGET 3774 1 1 0 1 0
TARGET 3775 1 0 0 0 0
TARGET 3776 1 1 0 1 0
TARGET 3777 1 1 0 3 0
TARGET 3778 1 1 0 3 0
TARGET 3779 1 1 0 4 0
TARGET 3780 1 1 0 3 0
TARGET 3781 1 2 0 3 0
TARGET 3782 1 1 0 4 0
TARGET 3783 1 1 0 3 0
TARGET 3784 1 3 0 4 0
TARGET 3785 1 1 0 2 0
TARGET 3786 1 1 0 2 0
TARGET 3787 1 1 0 2 0
TARGET 3788 1 1 0 2 0
TARGET 3789 1 1 0 3 0
TARGET 3790 1 1 0 2 0
TARGET 3791 1 1 0 2 0
TARGET 3792 1 1 0 3 0
TARGET 3793 1 1 0 2 0
TARGET 3794 1 2 0 3 0
TARGET 3795 1 1 0 2 0
TARGET 3796 1 1 0 3 0
TARGET 3797 1 1 0 2 0
TARGET 3798 1 1 0 2 0
TARGET 3799 1 1 0 3 0
TARGET 3800 1 1 0 2 0
TARGET 3801 1 1 0 3 0
TARGET 3802 1 1 0 2 0
TARGET 3803 1 1 0 3 0
TARGET 3804 1 1 0 2 0
TARGET 3805 1 1 0 2 0
TARGET 3806 1 1 0 3 0
TARGET 3807 1 1 0 2 0
TARGET 3808 1 1 0 3 0
TARGET 3809 1 0 0 2 0
TARGET 3810 1 0 0 2 0
TARGET 3811 1 1 0 3 0
TARGET 3812 1 0 0 2 0
TARGET 3813 1 0 0 2 0
TARGET 3814 1 1 0 3 0
TARGET 3815 1 0 0 2 0
TARGET 3816 1 1 0 3 0
TARGET 3817 1 1 0 1 0
TARGET 3818 1 1 0 1 0
TARGET 3819 1 1 0 1 0
TARGET 3820 1 0 0 0 0
TARGET 3821 1 1 0 1 0
TARGET 3822 1 1 0 1 0
TARGET 3823 1 0 0 0 0
TARGET 3824 1 1 0 1 0
TARGET 3825 1 0 0 0 0
TARGET 3826 1 1 0 1 0
TARGET 3827 1 1 0 2 0
TARGET 3828 1 1 0 1 0
TARGET 3829 1 1 0 1 0
TARGET 3830 1 1 0 2 0
TARGET 3831 1 1 0 1 0
TARGET 3832 1 1 0 2 0
TARGET 3833 1 1 0 1 0
TARGET 3834 1 1 0 2 0
TARGET 3835 1 1 0 1 0
TARGET 3836 1 1 0 1 0
TARGET 3837 1 1 0 2 0
TARGET 3838 1 1 0 1 0
TARGET 3839 1 1 0 2 0
TARGET 3840 1 1 0 1 0
TARGET 3841 1 1 0 2 0
TARGET 3842 1 1 0 1 0
TARGET 3843 1 1 0 1 0
TARGET 3844 1 1 0 2 0
TARGET 3845 1 1 0 1 0
TARGET 3846 1 1 0 2 0
TARGET 3847 1 0 0 0 0
TARGET 3848 1 1 0 1 0
TARGET 3849 1 0 0 0 0
TARGET 3850 1 0 0 0 0
TARGET 3851 1 1 0 1 0
TARGET 3852 1 0 0 0 0
TARGET 3853 1 1 0 1 0
TARGET 3854 1 1 0 1 0
TARGET 3855 1 1 0 2 0
TARGET 3856 1 1 0 1 0
TARGET 3857 1 1 0 1 0
TARGET 3858 1 1 0 2 0
TARGET 3859 1 1 0 1 0
TARGET 3860 1 1 0 2 0
TARGET 3861 1 1 0 1 0
TARGET 3862 1 1 0 2 0
TARGET 3863 1 1 0 1 0
TARGET 3864 1 1 0 1 0
TARGET 3865 1 1 0 2 0
TARGET 3866 1 1 0 1 0
TARGET 3867 1 1 0 2 0
TARGET 3868 1 0 0 0 0
TARGET 3869 1 1 0 1 0
TARGET 3870 1 0 0 0 0
TARGET 3871 1 0 0 0 0
TARGET 3872 1 1 0 1 0
TARGET 3873 1 0 0 0 0
TARGET 3874 1 1 0 1 0
TARGET 3875 1 1 0 1 0
TARGET 3876 1 0 0 0 0
TARGET 3877 1 1 0 2 0
TARGET 3878 1 1 0 1 0
TARGET 3879 1 1 0 1 0
TARGET 3880 1 1 0 2 0
TARGET 3881 1 1 0 1 0
TARGET 3882 1 1 0 2 0
TARGET 3883 1 1 0 1 0
TARGET 3884 1 0 0 0 0
TARGET 3885 1 0 0 0 0
TARGET 3886 1 1 0 1 0
TARGET 3887 1 0 0 0 0
TARGET 3888 1 1 0 1 0
TARGET 3889 1 0 0 1 0
TARGET 3890 1 0 0 1 0
TARGET 3891 1 0 0 1 0
TARGET 3892 1 0 0 1 0
TARGET 3893 1 0 0 1 0
TARGET 3894 1 0 0 1 0
TARGET 3895 1 0 0 1 0
TARGET 3896 1 0 0 1 0
TARGET 3897 1 0 0 1 0
TARGET 3898 1 0 0 1 0
TARGET 3899 1 0 0 1 0
TARGET 3900 1 0 0 1 0
TARGET 3901 1 0 0 1 0
TARGET 3902 1 0 0 1 0
TARGET 3903 1 0 0 1 0
TARGET 3904 1 0 0 1 0
TARGET 3905 1 0 0 1 0
TARGET 3906 1 0 0 1 0
TARGET 3907 1 0 0 1 0
TARGET 3908 1 0 0 1 0
TARGET 3909 1 0 0 1 0
TARGET 3910 1 0 0 1 0
TARGET 3911 1 0 0 1 0
TARGET 3912 1 0 0 1 0
TARGET 3913 1 0 0 1 0
TARGET 3914 1 0 0 1 0
TARGET 3915 1 0 0 1 0
TARGET 3916 1 0 0 1 0
TARGET 3917 1 0 0 1 0
TARGET 3918 1 0 0 1 0
TARGET 3919 1 0 0 1 0
TARGET 3920 1 0 0 1 0
TARGET 3921 1 0 0 1 0
TARGET 3922 1 0 0 1 0
TARGET 3923 1 0 0 1 0
TARGET 3924 1 0 0 1 0
TARGET 3925 1 0 0 0 0
TARGET 3926 1 0 0 0 0
TARGET 3927 1 0 0 0 0
TARGET 3928 1 0 0 0 0
TARGET 3929 1 0 0 0 0
TARGET 3930 1 0 0 0 0
TARGET 3931 1 0 0 1 0
TARGET 3932 1 0 0 1 0
TARGET 3933 1 0 0 1 0
TARGET 3934 1 0 0 1 0
TARGET 3935 1 0 0 1 0
TARGET 3936 1 0 0 0 0
TARGET 3937 1 0 0 1 0
TARGET 3938 1 0 0 1 0
TARGET 3939 1 0 0 1 0
TARGET 3940 1 0 0 1 0
TARGET 3941 1 0 0 0 0
TARGET 3942 1 0 0 1 0
TARGET 3943 1 0 0 1 0
TARGET 3944 1 0 0 1 0
TARGET 3945 1 0 0 0 0
TARGET 3946 1 0 0 1 0
TARGET 3947 1 0 0 1 0
TARGET 3948 1 0 0 0 0
TARGET 3949 1 0 0 1 0
TARGET 3950 1 0 0 0 0
TARGET 3951 1 0 0 1 0
TARGET 3952 1 0 0 1 0
TARGET 3953 1 0 0 1 0
TARGET 3954 1 0 0 1 0
TARGET 3955 1 0 0 1 0
TARGET 3956 1 0 0 1 0
TARGET 3957 1 0 0 1 0
TARGET 3958 1 0 0 1 0
TARGET 3959 1 0 0 1 0
TARGET 3960 1 0 0 1 0
TARGET 3961 1 0 0 1 0
TARGET 3962 1 0 0 1 0
TARGET 3963 1 0 0 1 0
TARGET 3964 1 0 0 1 0
TARGET 3965 1 0 0 1 0
TARGET 3966 1 0 0 1 0
TARGET 3967 1 0 0 1 0
TARGET 3968 1 0 0 1 0
TARGET 3969 1 0 0 1 0
TARGET 3970 1 0 0 1 0
TARGET 3971 1 0 0 1 0
TARGET 3972 1 0 0 1 0
TARGET 3973 1 0 0 1 0
TARGET 3974 1 0 0 1 0
TARGET 3975 1 0 0 1 0
TARGET 3976 1 0 0 0 0
TARGET 3977 1 0 0 0 0
TARGET 3978 1 0 0 0 0
TARGET 3979 1 0 0 0 0
TARGET 3980 1 0 0 0 0
TARGET 3981 1 0 0 1 0
TARGET 3982 1 0 0 1 0
TARGET 3983 1 0 0 1 0
TARGET 3984 1 0 0 1 0
TARGET 3985 1 0 0 0 0
TARGET 3986 1 0 0 1 0
TARGET 3987 1 0 0 1 0
TARGET 3988 1 0 0 1 0
TARGET 3989 1 0 0 0 0
TARGET 3990 1 0 0 1 0
TARGET 3991 1 0 0 1 0
TARGET 3992 1 0 0 0 0
TARGET 3993 1 0 0 1 0
TARGET 3994 1 0 0 0 0
TARGET 3995 1 0 0 1 0
TARGET 3996 1 0 0 1 0
TARGET 3997 1 0 0 1 0
TARGET 3998 1 0 0 1 0
TARGET 3999 1 0 0 1 0
TARGET 4000 1 0 0 1 0
PASS_1962_MONOMIAL_INTERVAL 3001 4000 1000 0
