TARGET 30001 1 0 0 0 0
TARGET 30002 1 0 0 0 0
TARGET 30003 1 0 0 0 0
TARGET 30004 1 0 0 1 0
TARGET 30005 1 0 0 1 0
TARGET 30006 1 0 0 1 0
TARGET 30007 1 0 0 0 0
TARGET 30008 1 0 0 1 0
TARGET 30009 1 0 0 1 0
TARGET 30010 1 0 0 0 0
TARGET 30011 1 0 0 1 0
TARGET 30012 1 0 0 0 0
TARGET 30013 1 0 0 1 0
TARGET 30014 1 0 0 1 0
TARGET 30015 1 0 0 1 0
TARGET 30016 1 0 0 1 0
TARGET 30017 1 0 0 1 0
TARGET 30018 1 0 0 1 0
TARGET 30019 1 0 0 0 0
TARGET 30020 1 0 0 0 0
TARGET 30021 1 1 0 1 0
TARGET 30022 1 0 0 1 0
TARGET 30023 1 0 0 1 0
TARGET 30024 1 0 0 0 0
TARGET 30025 1 0 0 1 0
TARGET 30026 1 0 0 1 0
TARGET 30027 1 0 0 0 0
TARGET 30028 1 0 0 0 0
TARGET 30029 1 0 0 1 0
TARGET 30030 1 0 0 0 0
TARGET 30031 1 0 0 1 0
TARGET 30032 1 0 0 1 0
TARGET 30033 1 0 0 1 0
TARGET 30034 1 0 0 1 0
TARGET 30035 1 0 0 1 0
TARGET 30036 1 0 0 1 0
TARGET 30037 1 0 0 1 0
TARGET 30038 1 0 0 1 0
TARGET 30039 1 0 0 1 0
TARGET 30040 1 0 0 1 0
TARGET 30041 1 0 0 1 0
TARGET 30042 1 0 0 1 0
TARGET 30043 1 0 0 1 0
TARGET 30044 1 0 0 1 0
TARGET 30045 1 0 0 1 0
TARGET 30046 1 0 0 1 0
TARGET 30047 1 0 0 1 0
TARGET 30048 1 0 0 1 0
TARGET 30049 1 0 0 1 0
TARGET 30050 1 0 0 1 0
TARGET 30051 1 0 0 1 0
TARGET 30052 1 0 0 1 0
TARGET 30053 1 0 0 1 0
TARGET 30054 1 0 0 1 0
TARGET 30055 1 0 0 1 0
TARGET 30056 1 0 0 1 0
TARGET 30057 1 0 0 1 0
TARGET 30058 1 0 0 1 0
TARGET 30059 1 0 0 1 0
TARGET 30060 1 0 0 1 0
TARGET 30061 1 0 0 1 0
TARGET 30062 1 0 0 1 0
TARGET 30063 1 0 0 1 0
TARGET 30064 1 0 0 1 0
TARGET 30065 1 0 0 1 0
TARGET 30066 1 0 0 1 0
TARGET 30067 1 0 0 1 0
TARGET 30068 1 0 0 1 0
TARGET 30069 1 0 0 1 0
TARGET 30070 1 0 0 1 0
TARGET 30071 1 0 0 1 0
TARGET 30072 1 0 0 1 0
TARGET 30073 1 0 0 1 0
TARGET 30074 1 0 0 1 0
TARGET 30075 1 0 0 1 0
TARGET 30076 1 0 0 1 0
TARGET 30077 1 0 0 1 0
TARGET 30078 1 0 0 1 0
TARGET 30079 1 0 0 1 0
TARGET 30080 1 0 0 1 0
TARGET 30081 1 0 0 1 0
TARGET 30082 1 0 0 1 0
TARGET 30083 1 0 0 1 0
TARGET 30084 1 0 0 1 0
TARGET 30085 1 0 0 1 0
TARGET 30086 1 0 0 1 0
TARGET 30087 1 0 0 1 0
TARGET 30088 1 0 0 1 0
TARGET 30089 1 0 0 1 0
TARGET 30090 1 0 0 1 0
TARGET 30091 1 0 0 1 0
TARGET 30092 1 0 0 1 0
TARGET 30093 1 0 0 1 0
TARGET 30094 1 0 0 1 0
TARGET 30095 1 0 0 1 0
TARGET 30096 1 0 0 1 0
TARGET 30097 1 0 0 1 0
TARGET 30098 1 0 0 1 0
TARGET 30099 1 0 0 1 0
TARGET 30100 1 0 0 1 0
TARGET 30101 1 0 0 1 0
TARGET 30102 1 0 0 1 0
TARGET 30103 1 0 0 1 0
TARGET 30104 1 0 0 1 0
TARGET 30105 1 0 0 1 0
TARGET 30106 1 0 0 1 0
TARGET 30107 1 0 0 1 0
TARGET 30108 1 0 0 1 0
TARGET 30109 1 0 0 1 0
TARGET 30110 1 0 0 1 0
TARGET 30111 1 0 0 1 0
TARGET 30112 1 0 0 1 0
TARGET 30113 1 0 0 1 0
TARGET 30114 1 0 0 1 0
TARGET 30115 1 0 0 1 0
TARGET 30116 1 0 0 1 0
TARGET 30117 1 0 0 1 0
TARGET 30118 1 0 0 1 0
TARGET 30119 1 0 0 1 0
TARGET 30120 1 0 0 1 0
TARGET 30121 1 0 0 1 0
TARGET 30122 1 0 0 1 0
TARGET 30123 1 0 0 1 0
TARGET 30124 1 0 0 1 0
TARGET 30125 1 0 0 1 0
TARGET 30126 1 0 0 1 0
TARGET 30127 1 0 0 1 0
TARGET 30128 1 0 0 1 0
TARGET 30129 1 0 0 1 0
TARGET 30130 1 0 0 1 0
TARGET 30131 1 0 0 0 0
TARGET 30132 1 0 0 0 0
TARGET 30133 1 0 0 0 0
TARGET 30134 1 0 0 0 0
TARGET 30135 1 0 0 0 0
TARGET 30136 1 0 0 0 0
TARGET 30137 1 0 0 0 0
TARGET 30138 1 0 0 0 0
TARGET 30139 1 0 0 0 0
TARGET 30140 1 0 0 0 0
TARGET 30141 1 1 0 1 0
TARGET 30142 1 0 0 1 0
TARGET 30143 1 1 0 1 0
TARGET 30144 1 1 0 1 0
TARGET 30145 1 0 0 1 0
TARGET 30146 1 1 0 1 0
TARGET 30147 1 0 0 1 0
TARGET 30148 1 0 0 1 0
TARGET 30149 1 1 0 1 0
TARGET 30150 1 1 0 1 0
TARGET 30151 1 1 0 1 0
TARGET 30152 1 0 0 1 0
TARGET 30153 1 1 0 1 0
TARGET 30154 1 0 0 1 0
TARGET 30155 1 0 0 1 0
TARGET 30156 1 1 0 1 0
TARGET 30157 1 1 0 1 0
TARGET 30158 1 1 0 1 0
TARGET 30159 1 0 0 1 0
TARGET 30160 1 1 0 1 0
TARGET 30161 1 1 0 1 0
TARGET 30162 1 0 0 1 0
TARGET 30163 1 1 0 1 0
TARGET 30164 1 0 0 1 0
TARGET 30165 1 0 0 1 0
TARGET 30166 1 1 0 1 0
TARGET 30167 1 1 0 1 0
TARGET 30168 1 0 0 1 0
TARGET 30169 1 0 0 1 0
TARGET 30170 1 0 0 1 0
TARGET 30171 1 0 0 1 0
TARGET 30172 1 0 0 1 0
TARGET 30173 1 0 0 1 0
TARGET 30174 1 0 0 1 0
TARGET 30175 1 0 0 1 0
TARGET 30176 1 0 0 1 0
TARGET 30177 1 0 0 1 0
TARGET 30178 1 0 0 1 0
TARGET 30179 1 0 0 1 0
TARGET 30180 1 0 0 1 0
TARGET 30181 1 0 0 1 0
TARGET 30182 1 0 0 1 0
TARGET 30183 1 1 0 1 0
TARGET 30184 1 1 0 1 0
TARGET 30185 1 0 0 1 0
TARGET 30186 1 0 0 1 0
TARGET 30187 1 0 0 1 0
TARGET 30188 1 1 0 1 0
TARGET 30189 1 0 0 1 0
TARGET 30190 1 1 0 1 0
TARGET 30191 1 0 0 1 0
TARGET 30192 1 1 0 1 0
TARGET 30193 1 1 0 1 0
TARGET 30194 1 1 0 1 0
TARGET 30195 1 1 0 1 0
TARGET 30196 1 0 0 1 0
TARGET 30197 1 0 0 1 0
TARGET 30198 1 1 0 1 0
TARGET 30199 1 1 0 1 0
TARGET 30200 1 1 0 1 0
TARGET 30201 1 0 0 1 0
TARGET 30202 1 0 0 1 0
TARGET 30203 1 0 0 1 0
TARGET 30204 1 0 0 1 0
TARGET 30205 1 0 0 1 0
TARGET 30206 1 0 0 1 0
TARGET 30207 1 0 0 1 0
TARGET 30208 1 0 0 1 0
TARGET 30209 1 0 0 1 0
TARGET 30210 1 0 0 1 0
TARGET 30211 1 0 0 1 0
TARGET 30212 1 0 0 1 0
TARGET 30213 1 0 0 1 0
TARGET 30214 1 0 0 1 0
TARGET 30215 1 0 0 1 0
TARGET 30216 1 1 0 1 0
TARGET 30217 1 1 0 1 0
TARGET 30218 1 1 0 1 0
TARGET 30219 1 0 0 1 0
TARGET 30220 1 0 0 1 0
TARGET 30221 1 0 0 1 0
TARGET 30222 1 0 0 1 0
TARGET 30223 1 1 0 1 0
TARGET 30224 1 1 0 1 0
TARGET 30225 1 0 0 1 0
TARGET 30226 1 0 0 1 0
TARGET 30227 1 1 0 1 0
TARGET 30228 1 1 0 1 0
TARGET 30229 1 1 0 1 0
TARGET 30230 1 1 0 1 0
TARGET 30231 1 0 0 0 0
TARGET 30232 1 0 0 0 0
TARGET 30233 1 0 0 0 0
TARGET 30234 1 0 0 0 0
TARGET 30235 1 0 0 0 0
TARGET 30236 1 0 0 0 0
TARGET 30237 1 0 0 0 0
TARGET 30238 1 0 0 0 0
TARGET 30239 1 0 0 0 0
TARGET 30240 1 0 0 0 0
TARGET 30241 1 1 0 1 0
TARGET 30242 1 0 0 1 0
TARGET 30243 1 1 0 1 0
TARGET 30244 1 0 0 1 0
TARGET 30245 1 0 0 1 0
TARGET 30246 1 1 0 1 0
TARGET 30247 1 1 0 1 0
TARGET 30248 1 1 0 1 0
TARGET 30249 1 0 0 1 0
TARGET 30250 1 1 0 1 0
TARGET 30251 1 1 0 1 0
TARGET 30252 1 0 0 1 0
TARGET 30253 1 1 0 1 0
TARGET 30254 1 0 0 1 0
TARGET 30255 1 0 0 1 0
TARGET 30256 1 1 0 1 0
TARGET 30257 1 1 0 1 0
TARGET 30258 1 0 0 0 0
TARGET 30259 1 0 0 1 0
TARGET 30260 1 0 0 1 0
TARGET 30261 1 0 0 1 0
TARGET 30262 1 0 0 1 0
TARGET 30263 1 0 0 1 0
TARGET 30264 1 0 0 1 0
TARGET 30265 1 0 0 1 0
TARGET 30266 1 0 0 0 0
TARGET 30267 1 1 0 1 0
TARGET 30268 1 0 0 1 0
TARGET 30269 1 0 0 1 0
TARGET 30270 1 1 0 1 0
TARGET 30271 1 1 0 1 0
TARGET 30272 1 1 0 1 0
TARGET 30273 1 0 0 0 0
TARGET 30274 1 0 0 1 0
TARGET 30275 1 0 0 1 0
TARGET 30276 1 0 0 1 0
TARGET 30277 1 0 0 1 0
TARGET 30278 1 0 0 1 0
TARGET 30279 1 0 0 0 0
TARGET 30280 1 0 0 1 0
TARGET 30281 1 0 0 1 0
TARGET 30282 1 0 0 1 0
TARGET 30283 1 0 0 1 0
TARGET 30284 1 0 0 0 0
TARGET 30285 1 1 0 1 0
TARGET 30286 1 1 0 1 0
TARGET 30287 1 1 0 1 0
TARGET 30288 1 0 0 0 0
TARGET 30289 1 1 0 1 0
TARGET 30290 1 1 0 1 0
TARGET 30291 1 0 0 0 0
TARGET 30292 1 1 0 1 0
TARGET 30293 1 0 0 0 0
TARGET 30294 1 0 0 1 0
TARGET 30295 1 0 0 1 0
TARGET 30296 1 0 0 1 0
TARGET 30297 1 0 0 1 0
TARGET 30298 1 0 0 1 0
TARGET 30299 1 0 0 1 0
TARGET 30300 1 0 0 1 0
TARGET 30301 1 0 0 1 0
TARGET 30302 1 0 0 1 0
TARGET 30303 1 0 0 1 0
TARGET 30304 1 0 0 1 0
TARGET 30305 1 0 0 1 0
TARGET 30306 1 0 0 1 0
TARGET 30307 1 0 0 1 0
TARGET 30308 1 0 0 1 0
TARGET 30309 1 1 0 1 0
TARGET 30310 1 1 0 1 0
TARGET 30311 1 0 0 1 0
TARGET 30312 1 0 0 1 0
TARGET 30313 1 0 0 1 0
TARGET 30314 1 1 0 1 0
TARGET 30315 1 0 0 1 0
TARGET 30316 1 1 0 1 0
TARGET 30317 1 0 0 1 0
TARGET 30318 1 1 0 1 0
TARGET 30319 1 1 0 1 0
TARGET 30320 1 1 0 1 0
TARGET 30321 1 1 0 1 0
TARGET 30322 1 0 0 1 0
TARGET 30323 1 0 0 1 0
TARGET 30324 1 1 0 1 0
TARGET 30325 1 1 0 1 0
TARGET 30326 1 1 0 1 0
TARGET 30327 1 0 0 1 0
TARGET 30328 1 0 0 1 0
TARGET 30329 1 0 0 1 0
TARGET 30330 1 0 0 1 0
TARGET 30331 1 0 0 1 0
TARGET 30332 1 0 0 1 0
TARGET 30333 1 0 0 1 0
TARGET 30334 1 0 0 1 0
TARGET 30335 1 0 0 1 0
TARGET 30336 1 0 0 1 0
TARGET 30337 1 0 0 1 0
TARGET 30338 1 0 0 1 0
TARGET 30339 1 0 0 1 0
TARGET 30340 1 0 0 1 0
TARGET 30341 1 0 0 1 0
TARGET 30342 1 1 0 1 0
TARGET 30343 1 1 0 1 0
TARGET 30344 1 1 0 1 0
TARGET 30345 1 0 0 1 0
TARGET 30346 1 0 0 1 0
TARGET 30347 1 0 0 1 0
TARGET 30348 1 0 0 1 0
TARGET 30349 1 1 0 1 0
TARGET 30350 1 1 0 1 0
TARGET 30351 1 0 0 1 0
TARGET 30352 1 0 0 1 0
TARGET 30353 1 1 0 1 0
TARGET 30354 1 1 0 1 0
TARGET 30355 1 1 0 1 0
TARGET 30356 1 1 0 1 0
TARGET 30357 1 0 0 0 0
TARGET 30358 1 0 0 0 0
TARGET 30359 1 0 0 0 0
TARGET 30360 1 0 0 0 0
TARGET 30361 1 0 0 0 0
TARGET 30362 1 0 0 0 0
TARGET 30363 1 0 0 0 0
TARGET 30364 1 0 0 0 0
TARGET 30365 1 0 0 0 0
TARGET 30366 1 0 0 1 0
TARGET 30367 1 0 0 1 0
TARGET 30368 1 0 0 1 0
TARGET 30369 1 0 0 1 0
TARGET 30370 1 0 0 1 0
TARGET 30371 1 0 0 1 0
TARGET 30372 1 0 0 1 0
TARGET 30373 1 0 0 1 0
TARGET 30374 1 0 0 1 0
TARGET 30375 1 0 0 1 0
TARGET 30376 1 0 0 1 0
TARGET 30377 1 0 0 1 0
TARGET 30378 1 0 0 1 0
TARGET 30379 1 0 0 1 0
TARGET 30380 1 0 0 1 0
TARGET 30381 1 0 0 1 0
TARGET 30382 1 0 0 1 0
TARGET 30383 1 0 0 1 0
TARGET 30384 1 0 0 1 0
TARGET 30385 1 0 0 1 0
TARGET 30386 1 0 0 1 0
TARGET 30387 1 0 0 1 0
TARGET 30388 1 0 0 1 0
TARGET 30389 1 0 0 1 0
TARGET 30390 1 0 0 1 0
TARGET 30391 1 0 0 1 0
TARGET 30392 1 0 0 1 0
TARGET 30393 1 0 0 1 0
TARGET 30394 1 0 0 1 0
TARGET 30395 1 0 0 1 0
TARGET 30396 1 0 0 1 0
TARGET 30397 1 0 0 1 0
TARGET 30398 1 0 0 1 0
TARGET 30399 1 0 0 1 0
TARGET 30400 1 0 0 1 0
TARGET 30401 1 0 0 1 0
TARGET 30402 1 0 0 1 0
TARGET 30403 1 0 0 1 0
TARGET 30404 1 0 0 1 0
TARGET 30405 1 0 0 1 0
TARGET 30406 1 0 0 1 0
TARGET 30407 1 0 0 1 0
TARGET 30408 1 0 0 1 0
TARGET 30409 1 0 0 1 0
TARGET 30410 1 0 0 1 0
TARGET 30411 1 0 0 1 0
TARGET 30412 1 0 0 1 0
TARGET 30413 1 0 0 1 0
TARGET 30414 1 0 0 1 0
TARGET 30415 1 0 0 1 0
TARGET 30416 1 0 0 1 0
TARGET 30417 1 0 0 1 0
TARGET 30418 1 0 0 1 0
TARGET 30419 1 0 0 1 0
TARGET 30420 1 0 0 1 0
TARGET 30421 1 0 0 1 0
TARGET 30422 1 0 0 1 0
TARGET 30423 1 0 0 1 0
TARGET 30424 1 0 0 1 0
TARGET 30425 1 0 0 1 0
TARGET 30426 1 0 0 1 0
TARGET 30427 1 0 0 1 0
TARGET 30428 1 0 0 1 0
TARGET 30429 1 0 0 0 0
TARGET 30430 1 0 0 0 0
TARGET 30431 1 0 0 0 0
TARGET 30432 1 0 0 0 0
TARGET 30433 1 0 0 0 0
TARGET 30434 1 0 0 0 0
TARGET 30435 1 0 0 0 0
TARGET 30436 1 0 0 0 0
TARGET 30437 1 0 0 0 0
TARGET 30438 1 0 0 1 0
TARGET 30439 1 0 0 1 0
TARGET 30440 1 0 0 1 0
TARGET 30441 1 0 0 1 0
TARGET 30442 1 0 0 1 0
TARGET 30443 1 0 0 1 0
TARGET 30444 1 0 0 0 0
TARGET 30445 1 0 0 1 0
TARGET 30446 1 0 0 1 0
TARGET 30447 1 0 0 1 0
TARGET 30448 1 0 0 1 0
TARGET 30449 1 0 0 1 0
TARGET 30450 1 0 0 0 0
TARGET 30451 1 0 0 1 0
TARGET 30452 1 0 0 1 0
TARGET 30453 1 0 0 1 0
TARGET 30454 1 0 0 1 0
TARGET 30455 1 0 0 0 0
TARGET 30456 1 0 0 1 0
TARGET 30457 1 0 0 1 0
TARGET 30458 1 0 0 1 0
TARGET 30459 1 0 0 0 0
TARGET 30460 1 0 0 1 0
TARGET 30461 1 0 0 1 0
TARGET 30462 1 0 0 0 0
TARGET 30463 1 0 0 1 0
TARGET 30464 1 0 0 0 0
TARGET 30465 1 1 0 1 0
TARGET 30466 1 1 0 1 0
TARGET 30467 1 0 0 1 0
TARGET 30468 1 0 0 1 0
TARGET 30469 1 0 0 1 0
TARGET 30470 1 1 0 1 0
TARGET 30471 1 0 0 1 0
TARGET 30472 1 1 0 1 0
TARGET 30473 1 0 0 1 0
TARGET 30474 1 1 0 1 0
TARGET 30475 1 1 0 1 0
TARGET 30476 1 1 0 1 0
TARGET 30477 1 1 0 1 0
TARGET 30478 1 0 0 0 0
TARGET 30479 1 0 0 1 0
TARGET 30480 1 0 0 1 0
TARGET 30481 1 1 0 1 0
TARGET 30482 1 1 0 1 0
TARGET 30483 1 1 0 1 0
TARGET 30484 1 0 0 1 0
TARGET 30485 1 0 0 1 0
TARGET 30486 1 0 0 1 0
TARGET 30487 1 0 0 1 0
TARGET 30488 1 0 0 1 0
TARGET 30489 1 0 0 1 0
TARGET 30490 1 0 0 1 0
TARGET 30491 1 0 0 1 0
TARGET 30492 1 0 0 1 0
TARGET 30493 1 0 0 1 0
TARGET 30494 1 0 0 1 0
TARGET 30495 1 0 0 0 0
TARGET 30496 1 0 0 1 0
TARGET 30497 1 0 0 1 0
TARGET 30498 1 0 0 1 0
TARGET 30499 1 0 0 1 0
TARGET 30500 1 0 0 1 0
TARGET 30501 1 0 0 1 0
TARGET 30502 1 0 0 1 0
TARGET 30503 1 0 0 1 0
TARGET 30504 1 0 0 1 0
TARGET 30505 1 0 0 1 0
TARGET 30506 1 0 0 1 0
TARGET 30507 1 0 0 1 0
TARGET 30508 1 0 0 1 0
TARGET 30509 1 0 0 0 0
TARGET 30510 1 1 0 1 0
TARGET 30511 1 1 0 1 0
TARGET 30512 1 1 0 1 0
TARGET 30513 1 0 0 1 0
TARGET 30514 1 0 0 1 0
TARGET 30515 1 0 0 1 0
TARGET 30516 1 1 0 1 0
TARGET 30517 1 0 0 1 0
TARGET 30518 1 1 0 1 0
TARGET 30519 1 1 0 1 0
TARGET 30520 1 1 0 1 0
TARGET 30521 1 1 0 1 0
TARGET 30522 1 0 0 0 0
TARGET 30523 1 0 0 1 0
TARGET 30524 1 0 0 1 0
TARGET 30525 1 1 0 1 0
TARGET 30526 1 1 0 1 0
TARGET 30527 1 1 0 1 0
TARGET 30528 1 1 0 1 0
TARGET 30529 1 1 0 1 0
TARGET 30530 1 0 0 0 0
TARGET 30531 1 1 0 1 0
TARGET 30532 1 1 0 1 0
TARGET 30533 1 0 0 0 0
TARGET 30534 1 0 0 0 0
TARGET 30535 1 0 0 0 0
TARGET 30536 1 0 0 0 0
TARGET 30537 1 0 0 0 0
TARGET 30538 1 0 0 0 0
TARGET 30539 1 0 0 0 0
TARGET 30540 1 0 0 0 0
TARGET 30541 1 0 0 1 0
TARGET 30542 1 0 0 1 0
TARGET 30543 1 0 0 1 0
TARGET 30544 1 0 0 1 0
TARGET 30545 1 0 0 1 0
TARGET 30546 1 0 0 0 0
TARGET 30547 1 0 0 1 0
TARGET 30548 1 0 0 1 0
TARGET 30549 1 0 0 1 0
TARGET 30550 1 0 0 1 0
TARGET 30551 1 0 0 0 0
TARGET 30552 1 1 0 1 0
TARGET 30553 1 1 0 1 0
TARGET 30554 1 1 0 1 0
TARGET 30555 1 0 0 0 0
TARGET 30556 1 1 0 1 0
TARGET 30557 1 1 0 1 0
TARGET 30558 1 0 0 0 0
TARGET 30559 1 1 0 1 0
TARGET 30560 1 0 0 0 0
TARGET 30561 1 0 0 1 0
TARGET 30562 1 0 0 1 0
TARGET 30563 1 0 0 1 0
TARGET 30564 1 0 0 1 0
TARGET 30565 1 0 0 1 0
TARGET 30566 1 0 0 1 0
TARGET 30567 1 0 0 1 0
TARGET 30568 1 0 0 1 0
TARGET 30569 1 0 0 1 0
TARGET 30570 1 0 0 1 0
TARGET 30571 1 0 0 1 0
TARGET 30572 1 0 0 1 0
TARGET 30573 1 0 0 1 0
TARGET 30574 1 0 0 1 0
TARGET 30575 1 0 0 1 0
TARGET 30576 1 0 0 1 0
TARGET 30577 1 0 0 1 0
TARGET 30578 1 0 0 1 0
TARGET 30579 1 0 0 1 0
TARGET 30580 1 0 0 1 0
TARGET 30581 1 0 0 1 0
TARGET 30582 1 0 0 1 0
TARGET 30583 1 0 0 1 0
TARGET 30584 1 0 0 1 0
TARGET 30585 1 0 0 1 0
TARGET 30586 1 0 0 1 0
TARGET 30587 1 0 0 1 0
TARGET 30588 1 0 0 1 0
TARGET 30589 1 0 0 1 0
TARGET 30590 1 0 0 1 0
TARGET 30591 1 0 0 0 0
TARGET 30592 1 0 0 0 0
TARGET 30593 1 0 0 0 0
TARGET 30594 1 0 0 0 0
TARGET 30595 1 0 0 0 0
TARGET 30596 1 0 0 0 0
TARGET 30597 1 0 0 1 0
TARGET 30598 1 0 0 1 0
TARGET 30599 1 0 0 1 0
TARGET 30600 1 0 0 1 0
TARGET 30601 1 0 0 0 0
TARGET 30602 1 0 0 1 0
TARGET 30603 1 0 0 1 0
TARGET 30604 1 0 0 1 0
TARGET 30605 1 0 0 0 0
TARGET 30606 1 0 0 1 0
TARGET 30607 1 0 0 1 0
TARGET 30608 1 0 0 0 0
TARGET 30609 1 0 0 1 0
TARGET 30610 1 0 0 0 0
TARGET 30611 1 0 0 1 0
TARGET 30612 1 0 0 1 0
TARGET 30613 1 0 0 1 0
TARGET 30614 1 0 0 1 0
TARGET 30615 1 0 0 1 0
TARGET 30616 1 0 0 1 0
TARGET 30617 1 0 0 1 0
TARGET 30618 1 0 0 1 0
TARGET 30619 1 0 0 1 0
TARGET 30620 1 0 0 1 0
TARGET 30621 1 0 0 1 0
TARGET 30622 1 0 0 1 0
TARGET 30623 1 0 0 1 0
TARGET 30624 1 0 0 1 0
TARGET 30625 1 0 0 1 0
TARGET 30626 1 0 0 1 0
TARGET 30627 1 0 0 1 0
TARGET 30628 1 0 0 1 0
TARGET 30629 1 0 0 1 0
TARGET 30630 1 0 0 1 0
TARGET 30631 1 0 0 0 0
TARGET 30632 1 0 0 0 0
TARGET 30633 1 0 0 0 0
TARGET 30634 1 0 0 0 0
TARGET 30635 1 0 0 0 0
TARGET 30636 1 1 0 1 0
TARGET 30637 1 1 0 1 0
TARGET 30638 1 1 0 1 0
TARGET 30639 1 0 0 0 0
TARGET 30640 1 1 0 1 0
TARGET 30641 1 1 0 1 0
TARGET 30642 1 0 0 0 0
TARGET 30643 1 1 0 1 0
TARGET 30644 1 0 0 0 0
TARGET 30645 1 0 0 1 0
TARGET 30646 1 0 0 1 0
TARGET 30647 1 0 0 1 0
TARGET 30648 1 0 0 0 0
TARGET 30649 1 0 0 1 0
TARGET 30650 1 0 0 1 0
TARGET 30651 1 0 0 0 0
TARGET 30652 1 0 0 1 0
TARGET 30653 1 0 0 0 0
TARGET 30654 1 0 0 1 0
TARGET 30655 1 1 0 1 0
TARGET 30656 1 1 0 1 0
TARGET 30657 1 0 0 1 0
TARGET 30658 1 0 0 1 0
TARGET 30659 1 1 0 1 0
TARGET 30660 1 1 0 1 0
TARGET 30661 1 1 0 1 0
TARGET 30662 1 1 0 1 0
TARGET 30663 1 0 0 0 0
TARGET 30664 1 0 0 0 0
TARGET 30665 1 0 0 0 0
TARGET 30666 1 0 0 1 0
TARGET 30667 1 0 0 1 0
TARGET 30668 1 0 0 0 0
TARGET 30669 1 0 0 1 0
TARGET 30670 1 0 0 0 0
TARGET 30671 1 1 0 1 0
TARGET 30672 1 1 0 1 0
TARGET 30673 1 1 0 1 0
TARGET 30674 1 0 0 0 0
TARGET 30675 1 1 0 1 0
TARGET 30676 1 1 0 1 0
TARGET 30677 1 0 0 0 0
TARGET 30678 1 0 0 0 0
TARGET 30679 1 1 0 1 0
TARGET 30680 1 0 0 0 0
TARGET 30681 1 0 0 1 0
TARGET 30682 1 0 0 1 0
TARGET 30683 1 0 0 1 0
TARGET 30684 1 0 0 1 0
TARGET 30685 1 0 0 1 0
TARGET 30686 1 0 0 1 0
TARGET 30687 1 0 0 1 0
TARGET 30688 1 0 0 1 0
TARGET 30689 1 0 0 1 0
TARGET 30690 1 0 0 1 0
TARGET 30691 1 0 0 0 0
TARGET 30692 1 0 0 1 0
TARGET 30693 1 0 0 1 0
TARGET 30694 1 0 0 1 0
TARGET 30695 1 0 0 1 0
TARGET 30696 1 0 0 1 0
TARGET 30697 1 0 0 1 0
TARGET 30698 1 0 0 1 0
TARGET 30699 1 0 0 1 0
TARGET 30700 1 0 0 1 0
TARGET 30701 1 0 0 0 0
TARGET 30702 1 0 0 1 0
TARGET 30703 1 0 0 1 0
TARGET 30704 1 0 0 1 0
TARGET 30705 1 0 0 1 0
TARGET 30706 1 0 0 1 0
TARGET 30707 1 0 0 1 0
TARGET 30708 1 0 0 1 0
TARGET 30709 1 0 0 1 0
TARGET 30710 1 0 0 0 0
TARGET 30711 1 0 0 1 0
TARGET 30712 1 0 0 1 0
TARGET 30713 1 0 0 1 0
TARGET 30714 1 0 0 1 0
TARGET 30715 1 0 0 1 0
TARGET 30716 1 0 0 1 0
TARGET 30717 1 0 0 1 0
TARGET 30718 1 0 0 0 0
TARGET 30719 1 0 0 1 0
TARGET 30720 1 0 0 1 0
TARGET 30721 1 0 0 1 0
TARGET 30722 1 0 0 1 0
TARGET 30723 1 0 0 1 0
TARGET 30724 1 0 0 1 0
TARGET 30725 1 0 0 0 0
TARGET 30726 1 0 0 1 0
TARGET 30727 1 0 0 1 0
TARGET 30728 1 0 0 1 0
TARGET 30729 1 0 0 1 0
TARGET 30730 1 0 0 1 0
TARGET 30731 1 0 0 0 0
TARGET 30732 1 0 0 1 0
TARGET 30733 1 0 0 1 0
TARGET 30734 1 0 0 1 0
TARGET 30735 1 0 0 1 0
TARGET 30736 1 0 0 0 0
TARGET 30737 1 0 0 1 0
TARGET 30738 1 0 0 1 0
TARGET 30739 1 0 0 1 0
TARGET 30740 1 0 0 0 0
TARGET 30741 1 0 0 1 0
TARGET 30742 1 0 0 1 0
TARGET 30743 1 0 0 0 0
TARGET 30744 1 0 0 1 0
TARGET 30745 1 0 0 0 0
TARGET 30746 1 1 0 1 0
TARGET 30747 1 1 0 1 0
TARGET 30748 1 0 0 1 0
TARGET 30749 1 1 0 1 0
TARGET 30750 1 0 0 1 0
TARGET 30751 1 1 0 1 0
TARGET 30752 1 1 0 1 0
TARGET 30753 1 0 0 1 0
TARGET 30754 1 1 0 1 0
TARGET 30755 1 0 0 1 0
TARGET 30756 1 0 0 1 0
TARGET 30757 1 0 0 1 0
TARGET 30758 1 0 0 1 0
TARGET 30759 1 0 0 1 0
TARGET 30760 1 0 0 1 0
TARGET 30761 1 0 0 1 0
TARGET 30762 1 0 0 1 0
TARGET 30763 1 0 0 1 0
TARGET 30764 1 1 0 1 0
TARGET 30765 1 0 0 1 0
TARGET 30766 1 1 0 1 0
TARGET 30767 1 1 0 1 0
TARGET 30768 1 0 0 1 0
TARGET 30769 1 1 0 1 0
TARGET 30770 1 0 0 1 0
TARGET 30771 1 1 0 1 0
TARGET 30772 1 1 0 1 0
TARGET 30773 1 0 0 1 0
TARGET 30774 1 1 0 1 0
TARGET 30775 1 0 0 1 0
TARGET 30776 1 1 0 1 0
TARGET 30777 1 1 0 1 0
TARGET 30778 1 0 0 1 0
TARGET 30779 1 1 0 1 0
TARGET 30780 1 0 0 1 0
TARGET 30781 1 0 0 1 0
TARGET 30782 1 0 0 1 0
TARGET 30783 1 0 0 1 0
TARGET 30784 1 0 0 1 0
TARGET 30785 1 0 0 1 0
TARGET 30786 1 0 0 1 0
TARGET 30787 1 0 0 1 0
TARGET 30788 1 1 0 1 0
TARGET 30789 1 0 0 1 0
TARGET 30790 1 1 0 1 0
TARGET 30791 1 0 0 1 0
TARGET 30792 1 1 0 1 0
TARGET 30793 1 0 0 1 0
TARGET 30794 1 1 0 1 0
TARGET 30795 1 1 0 1 0
TARGET 30796 1 1 0 1 0
TARGET 30797 1 0 0 1 0
TARGET 30798 1 1 0 1 0
TARGET 30799 1 0 0 1 0
TARGET 30800 1 1 0 1 0
TARGET 30801 1 0 0 1 0
TARGET 30802 1 0 0 1 0
TARGET 30803 1 0 0 1 0
TARGET 30804 1 0 0 1 0
TARGET 30805 1 0 0 1 0
TARGET 30806 1 1 0 1 0
TARGET 30807 1 0 0 1 0
TARGET 30808 1 1 0 1 0
TARGET 30809 1 1 0 1 0
TARGET 30810 1 0 0 1 0
TARGET 30811 1 1 0 1 0
TARGET 30812 1 0 0 1 0
TARGET 30813 1 0 0 1 0
TARGET 30814 1 0 0 1 0
TARGET 30815 1 0 0 1 0
TARGET 30816 1 0 0 1 0
TARGET 30817 1 0 0 1 0
TARGET 30818 1 1 0 1 0
TARGET 30819 1 0 0 1 0
TARGET 30820 1 1 0 1 0
TARGET 30821 1 0 0 1 0
TARGET 30822 1 0 0 1 0
TARGET 30823 1 0 0 1 0
TARGET 30824 1 1 0 1 0
TARGET 30825 1 1 0 1 0
TARGET 30826 1 0 0 1 0
TARGET 30827 1 1 0 1 0
TARGET 30828 1 0 0 1 0
TARGET 30829 1 1 0 1 0
TARGET 30830 1 0 0 1 0
TARGET 30831 1 1 0 1 0
TARGET 30832 1 0 0 1 0
TARGET 30833 1 0 0 1 0
TARGET 30834 1 0 0 1 0
TARGET 30835 1 1 0 1 0
TARGET 30836 1 0 0 0 0
TARGET 30837 1 0 0 0 0
TARGET 30838 1 0 0 0 0
TARGET 30839 1 0 0 0 0
TARGET 30840 1 0 0 0 0
TARGET 30841 1 0 0 0 0
TARGET 30842 1 0 0 0 0
TARGET 30843 1 0 0 0 0
TARGET 30844 1 0 0 0 0
TARGET 30845 1 0 0 1 0
TARGET 30846 1 0 0 1 0
TARGET 30847 1 0 0 1 0
TARGET 30848 1 0 0 1 0
TARGET 30849 1 0 0 1 0
TARGET 30850 1 0 0 1 0
TARGET 30851 1 0 0 1 0
TARGET 30852 1 0 0 1 0
TARGET 30853 1 0 0 1 0
TARGET 30854 1 0 0 1 0
TARGET 30855 1 0 0 1 0
TARGET 30856 1 0 0 1 0
TARGET 30857 1 0 0 1 0
TARGET 30858 1 0 0 1 0
TARGET 30859 1 0 0 1 0
TARGET 30860 1 0 0 1 0
TARGET 30861 1 0 0 1 0
TARGET 30862 1 0 0 1 0
TARGET 30863 1 0 0 1 0
TARGET 30864 1 0 0 1 0
TARGET 30865 1 0 0 1 0
TARGET 30866 1 0 0 1 0
TARGET 30867 1 0 0 1 0
TARGET 30868 1 0 0 1 0
TARGET 30869 1 0 0 1 0
TARGET 30870 1 0 0 1 0
TARGET 30871 1 0 0 1 0
TARGET 30872 1 0 0 1 0
TARGET 30873 1 0 0 1 0
TARGET 30874 1 0 0 1 0
TARGET 30875 1 0 0 1 0
TARGET 30876 1 0 0 1 0
TARGET 30877 1 0 0 1 0
TARGET 30878 1 0 0 1 0
TARGET 30879 1 0 0 1 0
TARGET 30880 1 0 0 1 0
TARGET 30881 1 0 0 1 0
TARGET 30882 1 0 0 1 0
TARGET 30883 1 0 0 1 0
TARGET 30884 1 0 0 1 0
TARGET 30885 1 0 0 1 0
TARGET 30886 1 0 0 1 0
TARGET 30887 1 0 0 1 0
TARGET 30888 1 0 0 1 0
TARGET 30889 1 0 0 1 0
TARGET 30890 1 0 0 1 0
TARGET 30891 1 0 0 1 0
TARGET 30892 1 0 0 1 0
TARGET 30893 1 0 0 1 0
TARGET 30894 1 0 0 1 0
TARGET 30895 1 0 0 1 0
TARGET 30896 1 0 0 1 0
TARGET 30897 1 0 0 1 0
TARGET 30898 1 0 0 1 0
TARGET 30899 1 0 0 1 0
TARGET 30900 1 0 0 1 0
TARGET 30901 1 0 0 1 0
TARGET 30902 1 0 0 1 0
TARGET 30903 1 0 0 1 0
TARGET 30904 1 0 0 1 0
TARGET 30905 1 0 0 1 0
TARGET 30906 1 0 0 1 0
TARGET 30907 1 0 0 1 0
TARGET 30908 1 0 0 1 0
TARGET 30909 1 0 0 1 0
TARGET 30910 1 0 0 1 0
TARGET 30911 1 0 0 1 0
TARGET 30912 1 0 0 1 0
TARGET 30913 1 0 0 1 0
TARGET 30914 1 0 0 1 0
TARGET 30915 1 0 0 1 0
TARGET 30916 1 0 0 1 0
TARGET 30917 1 0 0 1 0
TARGET 30918 1 0 0 1 0
TARGET 30919 1 0 0 1 0
TARGET 30920 1 0 0 1 0
TARGET 30921 1 0 0 1 0
TARGET 30922 1 0 0 1 0
TARGET 30923 1 0 0 1 0
TARGET 30924 1 0 0 1 0
TARGET 30925 1 0 0 1 0
TARGET 30926 1 0 0 0 0
TARGET 30927 1 0 0 0 0
TARGET 30928 1 0 0 0 0
TARGET 30929 1 0 0 0 0
TARGET 30930 1 0 0 0 0
TARGET 30931 1 0 0 0 0
TARGET 30932 1 0 0 0 0
TARGET 30933 1 0 0 0 0
TARGET 30934 1 0 0 0 0
TARGET 30935 1 1 0 1 0
TARGET 30936 1 0 0 1 0
TARGET 30937 1 1 0 1 0
TARGET 30938 1 1 0 1 0
TARGET 30939 1 0 0 1 0
TARGET 30940 1 1 0 1 0
TARGET 30941 1 0 0 1 0
TARGET 30942 1 1 0 1 0
TARGET 30943 1 0 0 0 0
TARGET 30944 1 0 0 1 0
TARGET 30945 1 0 0 1 0
TARGET 30946 1 0 0 1 0
TARGET 30947 1 0 0 1 0
TARGET 30948 1 0 0 1 0
TARGET 30949 1 0 0 1 0
TARGET 30950 1 0 0 1 0
TARGET 30951 1 0 0 0 0
TARGET 30952 1 1 0 1 0
TARGET 30953 1 1 0 1 0
TARGET 30954 1 0 0 1 0
TARGET 30955 1 1 0 1 0
TARGET 30956 1 0 0 1 0
TARGET 30957 1 1 0 1 0
TARGET 30958 1 0 0 0 0
TARGET 30959 1 1 0 1 0
TARGET 30960 1 0 0 1 0
TARGET 30961 1 1 0 1 0
TARGET 30962 1 0 0 1 0
TARGET 30963 1 1 0 1 0
TARGET 30964 1 0 0 0 0
TARGET 30965 1 0 0 1 0
TARGET 30966 1 0 0 1 0
TARGET 30967 1 0 0 1 0
TARGET 30968 1 0 0 1 0
TARGET 30969 1 0 0 0 0
TARGET 30970 1 1 0 1 0
TARGET 30971 1 0 0 1 0
TARGET 30972 1 1 0 1 0
TARGET 30973 1 0 0 0 0
TARGET 30974 1 0 0 1 0
TARGET 30975 1 0 0 1 0
TARGET 30976 1 0 0 0 0
TARGET 30977 1 1 0 1 0
TARGET 30978 1 0 0 0 0
TARGET 30979 1 1 0 1 0
TARGET 30980 1 0 0 1 0
TARGET 30981 1 1 0 1 0
TARGET 30982 1 0 0 1 0
TARGET 30983 1 1 0 1 0
TARGET 30984 1 1 0 1 0
TARGET 30985 1 0 0 1 0
TARGET 30986 1 1 0 1 0
TARGET 30987 1 0 0 1 0
TARGET 30988 1 0 0 1 0
TARGET 30989 1 0 0 1 0
TARGET 30990 1 0 0 1 0
TARGET 30991 1 0 0 1 0
TARGET 30992 1 0 0 1 0
TARGET 30993 1 0 0 1 0
TARGET 30994 1 0 0 1 0
TARGET 30995 1 1 0 1 0
TARGET 30996 1 0 0 1 0
TARGET 30997 1 1 0 1 0
TARGET 30998 1 0 0 1 0
TARGET 30999 1 1 0 1 0
TARGET 31000 1 0 0 1 0
PASS_1962_MONOMIAL_INTERVAL 30001 31000 1000 0
