PASS_1962_FULL_PREPARATION_REPLAY a2
PASS_1962_FULL_PREPARATION_REPLAY a3
PASS_1962_FULL_PREPARATION_REPLAY a4
PASS_1962_FULL_PREPARATION_REPLAY b2
PASS_1962_FULL_PREPARATION_REPLAY b3
PASS_1962_FULL_PREPARATION_REPLAY b4
PASS_1962_FULL_PREPARATION_REPLAY c3
PASS_1962_FULL_PREPARATION_REPLAY c4
PASS_1962_FULL_PREPARATION_REPLAY d4
PASS_1962_FULL_PREPARATION_REPLAY f4
PASS_1962_G2_INTEGER_CONSTANTS 120 156 3508 9
PASS_1962_G2_MONOMIAL_CERTIFICATES 2712 62835 70 4
PASS_1962_TYPE_CERTIFICATE a2 12 120 11 4
PASS_1962_TYPE_CERTIFICATE a3 120 1224 11 4
PASS_1962_TYPE_CERTIFICATE a4 540 5580 11 4
PASS_1962_TYPE_CERTIFICATE b2 148 2323 30 4
PASS_1962_TYPE_CERTIFICATE b3 1536 21164 37 4
PASS_1962_TYPE_CERTIFICATE b4 7176 92843 37 4
PASS_1962_TYPE_CERTIFICATE c3 1644 23175 37 4
PASS_1962_TYPE_CERTIFICATE c4 7776 103422 37 4
PASS_1962_TYPE_CERTIFICATE d4 1344 14016 11 4
PASS_1962_TYPE_CERTIFICATE f4 48048 647463 37 4
PASS_1962_SYMPLECTIC_CONTROLS 8 2592
PASS_1962_ALL_TYPES_PACKET 255 targets=71056 nodes=974165
