TARGET 15001 1 0 0 0 0
TARGET 15002 1 0 0 1 0
TARGET 15003 1 0 0 1 0
TARGET 15004 1 0 0 0 0
TARGET 15005 1 0 0 1 0
TARGET 15006 1 0 0 0 0
TARGET 15007 1 2 0 3 0
TARGET 15008 1 2 0 3 0
TARGET 15009 1 1 0 3 0
TARGET 15010 1 1 0 3 0
TARGET 15011 1 2 0 3 0
TARGET 15012 1 2 0 3 0
TARGET 15013 1 1 0 4 0
TARGET 15014 1 1 0 2 0
TARGET 15015 1 1 0 2 0
TARGET 15016 1 1 0 2 0
TARGET 15017 1 1 0 2 0
TARGET 15018 1 1 0 2 0
TARGET 15019 1 1 0 2 0
TARGET 15020 1 1 0 3 0
TARGET 15021 1 1 0 3 0
TARGET 15022 1 1 0 2 0
TARGET 15023 1 1 0 2 0
TARGET 15024 1 1 0 2 0
TARGET 15025 1 1 0 2 0
TARGET 15026 1 1 0 2 0
TARGET 15027 1 1 0 3 0
TARGET 15028 1 1 0 3 0
TARGET 15029 1 1 0 3 0
TARGET 15030 1 1 0 3 0
TARGET 15031 1 1 0 3 0
TARGET 15032 1 1 0 4 0
TARGET 15033 1 1 0 2 0
TARGET 15034 1 1 0 2 0
TARGET 15035 1 1 0 2 0
TARGET 15036 1 1 0 2 0
TARGET 15037 1 1 0 2 0
TARGET 15038 1 1 0 3 0
TARGET 15039 1 1 0 2 0
TARGET 15040 1 1 0 2 0
TARGET 15041 1 1 0 2 0
TARGET 15042 1 1 0 2 0
TARGET 15043 1 1 0 2 0
TARGET 15044 1 1 0 2 0
TARGET 15045 1 1 0 2 0
TARGET 15046 1 1 0 2 0
TARGET 15047 1 1 0 3 0
TARGET 15048 1 1 0 2 0
TARGET 15049 1 1 0 2 0
TARGET 15050 1 1 0 2 0
TARGET 15051 1 1 0 2 0
TARGET 15052 1 1 0 2 0
TARGET 15053 1 1 0 2 0
TARGET 15054 1 1 0 3 0
TARGET 15055 1 1 0 2 0
TARGET 15056 1 1 0 2 0
TARGET 15057 1 1 0 2 0
TARGET 15058 1 1 0 3 0
TARGET 15059 1 1 0 2 0
TARGET 15060 1 1 0 2 0
TARGET 15061 1 1 0 2 0
TARGET 15062 1 1 0 3 0
TARGET 15063 1 0 0 1 0
TARGET 15064 1 1 0 1 0
TARGET 15065 1 1 0 1 0
TARGET 15066 1 1 0 1 0
TARGET 15067 1 0 0 1 0
TARGET 15068 1 0 0 1 0
TARGET 15069 1 1 0 2 0
TARGET 15070 1 1 0 2 0
TARGET 15071 1 0 0 1 0
TARGET 15072 1 0 0 1 0
TARGET 15073 1 0 0 1 0
TARGET 15074 1 0 0 1 0
TARGET 15075 1 0 0 1 0
TARGET 15076 1 0 0 2 0
TARGET 15077 1 1 0 2 0
TARGET 15078 1 1 0 2 0
TARGET 15079 1 1 0 2 0
TARGET 15080 1 1 0 2 0
TARGET 15081 1 1 0 2 0
TARGET 15082 1 1 0 3 0
TARGET 15083 1 1 0 1 0
TARGET 15084 1 1 0 1 0
TARGET 15085 1 1 0 1 0
TARGET 15086 1 0 0 1 0
TARGET 15087 1 0 0 1 0
TARGET 15088 1 1 0 2 0
TARGET 15089 1 1 0 1 0
TARGET 15090 1 1 0 1 0
TARGET 15091 1 1 0 1 0
TARGET 15092 1 0 0 1 0
TARGET 15093 1 0 0 1 0
TARGET 15094 1 1 0 1 0
TARGET 15095 1 0 0 1 0
TARGET 15096 1 0 0 1 0
TARGET 15097 1 1 0 2 0
TARGET 15098 1 0 0 2 0
TARGET 15099 1 1 0 1 0
TARGET 15100 1 0 0 1 0
TARGET 15101 1 0 0 1 0
TARGET 15102 1 0 0 2 0
TARGET 15103 1 1 0 1 0
TARGET 15104 1 0 0 1 0
TARGET 15105 1 0 0 1 0
TARGET 15106 1 1 0 2 0
TARGET 15107 1 0 0 1 0
TARGET 15108 1 0 0 1 0
TARGET 15109 1 0 0 1 0
TARGET 15110 1 1 0 2 0
TARGET 15111 1 0 0 1 0
TARGET 15112 1 0 0 1 0
TARGET 15113 1 0 0 1 0
TARGET 15114 1 1 0 2 0
TARGET 15115 1 0 0 2 0
TARGET 15116 1 0 0 2 0
TARGET 15117 1 0 0 2 0
TARGET 15118 1 1 0 3 0
TARGET 15119 1 0 0 0 0
TARGET 15120 1 0 0 0 0
TARGET 15121 1 0 0 0 0
TARGET 15122 1 0 0 0 0
TARGET 15123 1 0 0 0 0
TARGET 15124 1 0 0 0 0
TARGET 15125 1 1 0 1 0
TARGET 15126 1 2 0 3 0
TARGET 15127 1 1 0 2 0
TARGET 15128 1 1 0 2 0
TARGET 15129 1 1 0 2 0
TARGET 15130 1 1 0 2 0
TARGET 15131 1 1 0 2 0
TARGET 15132 1 0 0 1 0
TARGET 15133 1 0 0 1 0
TARGET 15134 1 0 0 1 0
TARGET 15135 1 0 0 1 0
TARGET 15136 1 0 0 1 0
TARGET 15137 1 0 0 2 0
TARGET 15138 1 0 0 0 0
TARGET 15139 1 0 0 1 0
TARGET 15140 1 0 0 1 0
TARGET 15141 1 0 0 1 0
TARGET 15142 1 0 0 1 0
TARGET 15143 1 0 0 0 0
TARGET 15144 1 0 0 1 0
TARGET 15145 1 0 0 1 0
TARGET 15146 1 0 0 1 0
TARGET 15147 1 0 0 0 0
TARGET 15148 1 0 0 1 0
TARGET 15149 1 0 0 1 0
TARGET 15150 1 0 0 0 0
TARGET 15151 1 0 0 1 0
TARGET 15152 1 0 0 0 0
TARGET 15153 1 1 0 3 0
TARGET 15154 1 2 0 3 0
TARGET 15155 1 1 0 3 0
TARGET 15156 1 2 0 3 0
TARGET 15157 1 2 0 3 0
TARGET 15158 1 1 0 4 0
TARGET 15159 1 1 0 2 0
TARGET 15160 1 1 0 2 0
TARGET 15161 1 1 0 2 0
TARGET 15162 1 1 0 2 0
TARGET 15163 1 1 0 2 0
TARGET 15164 1 1 0 3 0
TARGET 15165 1 1 0 2 0
TARGET 15166 1 1 0 2 0
TARGET 15167 1 1 0 2 0
TARGET 15168 1 1 0 2 0
TARGET 15169 1 1 0 2 0
TARGET 15170 1 1 0 2 0
TARGET 15171 1 1 0 2 0
TARGET 15172 1 1 0 2 0
TARGET 15173 1 1 0 3 0
TARGET 15174 1 1 0 2 0
TARGET 15175 1 1 0 2 0
TARGET 15176 1 1 0 2 0
TARGET 15177 1 1 0 2 0
TARGET 15178 1 1 0 2 0
TARGET 15179 1 1 0 2 0
TARGET 15180 1 1 0 3 0
TARGET 15181 1 1 0 2 0
TARGET 15182 1 1 0 2 0
TARGET 15183 1 1 0 2 0
TARGET 15184 1 1 0 3 0
TARGET 15185 1 1 0 2 0
TARGET 15186 1 1 0 2 0
TARGET 15187 1 1 0 2 0
TARGET 15188 1 1 0 3 0
TARGET 15189 1 1 0 1 0
TARGET 15190 1 1 0 1 0
TARGET 15191 1 1 0 1 0
TARGET 15192 1 0 0 1 0
TARGET 15193 1 0 0 1 0
TARGET 15194 1 1 0 2 0
TARGET 15195 1 1 0 1 0
TARGET 15196 1 1 0 1 0
TARGET 15197 1 1 0 1 0
TARGET 15198 1 0 0 1 0
TARGET 15199 1 0 0 1 0
TARGET 15200 1 1 0 1 0
TARGET 15201 1 0 0 1 0
TARGET 15202 1 0 0 1 0
TARGET 15203 1 1 0 2 0
TARGET 15204 1 0 0 2 0
TARGET 15205 1 1 0 1 0
TARGET 15206 1 0 0 1 0
TARGET 15207 1 0 0 1 0
TARGET 15208 1 1 0 1 0
TARGET 15209 1 0 0 1 0
TARGET 15210 1 0 0 1 0
TARGET 15211 1 1 0 2 0
TARGET 15212 1 0 0 2 0
TARGET 15213 1 0 0 1 0
TARGET 15214 1 0 0 1 0
TARGET 15215 1 0 0 1 0
TARGET 15216 1 1 0 2 0
TARGET 15217 1 0 0 1 0
TARGET 15218 1 0 0 1 0
TARGET 15219 1 0 0 1 0
TARGET 15220 1 1 0 2 0
TARGET 15221 1 0 0 2 0
TARGET 15222 1 0 0 2 0
TARGET 15223 1 0 0 2 0
TARGET 15224 1 1 0 3 0
TARGET 15225 1 0 0 0 0
TARGET 15226 1 0 0 0 0
TARGET 15227 1 0 0 0 0
TARGET 15228 1 0 0 0 0
TARGET 15229 1 0 0 0 0
TARGET 15230 1 1 0 1 0
TARGET 15231 1 1 0 1 0
TARGET 15232 1 1 0 1 0
TARGET 15233 1 1 0 1 0
TARGET 15234 1 0 0 1 0
TARGET 15235 1 0 0 1 0
TARGET 15236 1 1 0 1 0
TARGET 15237 1 0 0 1 0
TARGET 15238 1 0 0 1 0
TARGET 15239 1 1 0 2 0
TARGET 15240 1 0 0 0 0
TARGET 15241 1 1 0 1 0
TARGET 15242 1 1 0 1 0
TARGET 15243 1 0 0 1 0
TARGET 15244 1 0 0 1 0
TARGET 15245 1 0 0 1 0
TARGET 15246 1 0 0 1 0
TARGET 15247 1 1 0 1 0
TARGET 15248 1 0 0 1 0
TARGET 15249 1 0 0 1 0
TARGET 15250 1 1 0 2 0
TARGET 15251 1 0 0 0 0
TARGET 15252 1 0 0 1 0
TARGET 15253 1 0 0 1 0
TARGET 15254 1 0 0 1 0
TARGET 15255 1 0 0 1 0
TARGET 15256 1 0 0 1 0
TARGET 15257 1 1 0 2 0
TARGET 15258 1 0 0 0 0
TARGET 15259 1 0 0 1 0
TARGET 15260 1 0 0 1 0
TARGET 15261 1 0 0 1 0
TARGET 15262 1 0 0 1 0
TARGET 15263 1 1 0 2 0
TARGET 15264 1 0 0 0 0
TARGET 15265 1 0 0 0 0
TARGET 15266 1 0 0 0 0
TARGET 15267 1 0 0 0 0
TARGET 15268 1 0 0 0 0
TARGET 15269 1 1 0 1 0
TARGET 15270 1 1 0 1 0
TARGET 15271 1 0 0 1 0
TARGET 15272 1 0 0 1 0
TARGET 15273 1 1 0 1 0
TARGET 15274 1 0 0 1 0
TARGET 15275 1 0 0 1 0
TARGET 15276 1 1 0 2 0
TARGET 15277 1 0 0 0 0
TARGET 15278 1 0 0 1 0
TARGET 15279 1 0 0 1 0
TARGET 15280 1 0 0 1 0
TARGET 15281 1 0 0 1 0
TARGET 15282 1 0 0 1 0
TARGET 15283 1 1 0 2 0
TARGET 15284 1 0 0 0 0
TARGET 15285 1 0 0 1 0
TARGET 15286 1 0 0 1 0
TARGET 15287 1 0 0 1 0
TARGET 15288 1 0 0 1 0
TARGET 15289 1 1 0 2 0
TARGET 15290 1 0 0 0 0
TARGET 15291 1 0 0 0 0
TARGET 15292 1 0 0 0 0
TARGET 15293 1 0 0 0 0
TARGET 15294 1 1 0 1 0
TARGET 15295 1 0 0 1 0
TARGET 15296 1 0 0 1 0
TARGET 15297 1 0 0 1 0
TARGET 15298 1 1 0 2 0
TARGET 15299 1 0 0 1 0
TARGET 15300 1 0 0 1 0
TARGET 15301 1 0 0 1 0
TARGET 15302 1 1 0 2 0
TARGET 15303 1 0 0 0 0
TARGET 15304 1 0 0 0 0
TARGET 15305 1 0 0 0 0
TARGET 15306 1 1 0 1 0
TARGET 15307 1 0 0 1 0
TARGET 15308 1 0 0 1 0
TARGET 15309 1 0 0 1 0
TARGET 15310 1 1 0 2 0
TARGET 15311 1 0 0 0 0
TARGET 15312 1 0 0 0 0
TARGET 15313 1 0 0 0 0
TARGET 15314 1 1 0 1 0
TARGET 15315 1 1 0 1 0
TARGET 15316 1 0 0 1 0
TARGET 15317 1 1 0 1 0
TARGET 15318 1 0 0 1 0
TARGET 15319 1 1 0 1 0
TARGET 15320 1 0 0 1 0
TARGET 15321 1 0 0 1 0
TARGET 15322 1 1 0 1 0
TARGET 15323 1 1 0 1 0
TARGET 15324 1 1 0 1 0
TARGET 15325 1 1 0 1 0
TARGET 15326 1 1 0 1 0
TARGET 15327 1 0 0 1 0
TARGET 15328 1 0 0 1 0
TARGET 15329 1 0 0 1 0
TARGET 15330 1 1 0 1 0
TARGET 15331 1 0 0 1 0
TARGET 15332 1 1 0 1 0
TARGET 15333 1 1 0 1 0
TARGET 15334 1 0 0 0 0
TARGET 15335 1 0 0 1 0
TARGET 15336 1 0 0 1 0
TARGET 15337 1 0 0 1 0
TARGET 15338 1 0 0 1 0
TARGET 15339 1 0 0 1 0
TARGET 15340 1 0 0 1 0
TARGET 15341 1 0 0 1 0
TARGET 15342 1 0 0 1 0
TARGET 15343 1 0 0 1 0
TARGET 15344 1 1 0 1 0
TARGET 15345 1 0 0 1 0
TARGET 15346 1 1 0 1 0
TARGET 15347 1 0 0 1 0
TARGET 15348 1 0 0 1 0
TARGET 15349 1 1 0 1 0
TARGET 15350 1 1 0 1 0
TARGET 15351 1 1 0 1 0
TARGET 15352 1 1 0 1 0
TARGET 15353 1 1 0 1 0
TARGET 15354 1 0 0 1 0
TARGET 15355 1 0 0 1 0
TARGET 15356 1 0 0 1 0
TARGET 15357 1 1 0 1 0
TARGET 15358 1 0 0 1 0
TARGET 15359 1 1 0 1 0
TARGET 15360 1 1 0 1 0
TARGET 15361 1 0 0 0 0
TARGET 15362 1 0 0 1 0
TARGET 15363 1 0 0 1 0
TARGET 15364 1 0 0 1 0
TARGET 15365 1 0 0 1 0
TARGET 15366 1 0 0 1 0
TARGET 15367 1 0 0 1 0
TARGET 15368 1 0 0 1 0
TARGET 15369 1 0 0 1 0
TARGET 15370 1 1 0 1 0
TARGET 15371 1 0 0 1 0
TARGET 15372 1 0 0 1 0
TARGET 15373 1 1 0 1 0
TARGET 15374 1 1 0 1 0
TARGET 15375 1 1 0 1 0
TARGET 15376 1 1 0 1 0
TARGET 15377 1 1 0 1 0
TARGET 15378 1 0 0 1 0
TARGET 15379 1 0 0 1 0
TARGET 15380 1 0 0 1 0
TARGET 15381 1 1 0 1 0
TARGET 15382 1 0 0 1 0
TARGET 15383 1 1 0 1 0
TARGET 15384 1 1 0 1 0
TARGET 15385 1 0 0 0 0
TARGET 15386 1 0 0 1 0
TARGET 15387 1 0 0 1 0
TARGET 15388 1 0 0 1 0
TARGET 15389 1 0 0 1 0
TARGET 15390 1 0 0 1 0
TARGET 15391 1 0 0 1 0
TARGET 15392 1 0 0 1 0
TARGET 15393 1 0 0 1 0
TARGET 15394 1 0 0 1 0
TARGET 15395 1 0 0 1 0
TARGET 15396 1 0 0 1 0
TARGET 15397 1 0 0 1 0
TARGET 15398 1 0 0 1 0
TARGET 15399 1 0 0 1 0
TARGET 15400 1 0 0 0 0
TARGET 15401 1 0 0 1 0
TARGET 15402 1 0 0 1 0
TARGET 15403 1 0 0 1 0
TARGET 15404 1 0 0 1 0
TARGET 15405 1 0 0 1 0
TARGET 15406 1 0 0 1 0
TARGET 15407 1 0 0 1 0
TARGET 15408 1 0 0 1 0
TARGET 15409 1 0 0 1 0
TARGET 15410 1 0 0 1 0
TARGET 15411 1 0 0 1 0
TARGET 15412 1 0 0 1 0
TARGET 15413 1 0 0 1 0
TARGET 15414 1 0 0 0 0
TARGET 15415 1 0 0 1 0
TARGET 15416 1 1 0 1 0
TARGET 15417 1 0 0 1 0
TARGET 15418 1 1 0 1 0
TARGET 15419 1 1 0 1 0
TARGET 15420 1 0 0 1 0
TARGET 15421 1 1 0 1 0
TARGET 15422 1 0 0 1 0
TARGET 15423 1 1 0 1 0
TARGET 15424 1 1 0 1 0
TARGET 15425 1 0 0 1 0
TARGET 15426 1 0 0 1 0
TARGET 15427 1 0 0 1 0
TARGET 15428 1 0 0 1 0
TARGET 15429 1 0 0 1 0
TARGET 15430 1 1 0 1 0
TARGET 15431 1 1 0 1 0
TARGET 15432 1 1 0 1 0
TARGET 15433 1 0 0 1 0
TARGET 15434 1 0 0 1 0
TARGET 15435 1 0 0 1 0
TARGET 15436 1 0 0 1 0
TARGET 15437 1 0 0 1 0
TARGET 15438 1 0 0 1 0
TARGET 15439 1 0 0 1 0
TARGET 15440 1 1 0 1 0
TARGET 15441 1 1 0 1 0
TARGET 15442 1 1 0 1 0
TARGET 15443 1 0 0 1 0
TARGET 15444 1 0 0 1 0
TARGET 15445 1 1 0 1 0
TARGET 15446 1 1 0 1 0
TARGET 15447 1 1 0 1 0
TARGET 15448 1 0 0 1 0
TARGET 15449 1 0 0 1 0
TARGET 15450 1 0 0 1 0
TARGET 15451 1 0 0 1 0
TARGET 15452 1 0 0 1 0
TARGET 15453 1 0 0 1 0
TARGET 15454 1 0 0 1 0
TARGET 15455 1 0 0 0 0
TARGET 15456 1 1 0 1 0
TARGET 15457 1 0 0 1 0
TARGET 15458 1 1 0 1 0
TARGET 15459 1 1 0 1 0
TARGET 15460 1 0 0 0 0
TARGET 15461 1 0 0 1 0
TARGET 15462 1 0 0 1 0
TARGET 15463 1 0 0 1 0
TARGET 15464 1 0 0 0 0
TARGET 15465 1 1 0 1 0
TARGET 15466 1 1 0 1 0
TARGET 15467 1 0 0 0 0
TARGET 15468 1 1 0 1 0
TARGET 15469 1 0 0 0 0
TARGET 15470 1 0 0 0 0
TARGET 15471 1 0 0 0 0
TARGET 15472 1 0 0 0 0
TARGET 15473 1 0 0 0 0
TARGET 15474 1 0 0 0 0
TARGET 15475 1 0 0 0 0
TARGET 15476 1 0 0 0 0
TARGET 15477 1 0 0 0 0
TARGET 15478 1 0 0 0 0
TARGET 15479 1 0 0 1 0
TARGET 15480 1 0 0 1 0
TARGET 15481 1 0 0 1 0
TARGET 15482 1 0 0 1 0
TARGET 15483 1 0 0 1 0
TARGET 15484 1 0 0 1 0
TARGET 15485 1 0 0 1 0
TARGET 15486 1 0 0 1 0
TARGET 15487 1 0 0 1 0
TARGET 15488 1 0 0 0 0
TARGET 15489 1 0 0 1 0
TARGET 15490 1 0 0 1 0
TARGET 15491 1 0 0 1 0
TARGET 15492 1 0 0 1 0
TARGET 15493 1 0 0 1 0
TARGET 15494 1 0 0 1 0
TARGET 15495 1 0 0 1 0
TARGET 15496 1 0 0 1 0
TARGET 15497 1 0 0 0 0
TARGET 15498 1 0 0 1 0
TARGET 15499 1 0 0 1 0
TARGET 15500 1 0 0 1 0
TARGET 15501 1 0 0 1 0
TARGET 15502 1 0 0 1 0
TARGET 15503 1 0 0 1 0
TARGET 15504 1 0 0 1 0
TARGET 15505 1 0 0 0 0
TARGET 15506 1 0 0 1 0
TARGET 15507 1 0 0 1 0
TARGET 15508 1 0 0 1 0
TARGET 15509 1 0 0 1 0
TARGET 15510 1 0 0 1 0
TARGET 15511 1 0 0 1 0
TARGET 15512 1 0 0 0 0
TARGET 15513 1 0 0 1 0
TARGET 15514 1 0 0 1 0
TARGET 15515 1 0 0 1 0
TARGET 15516 1 0 0 1 0
TARGET 15517 1 0 0 1 0
TARGET 15518 1 0 0 0 0
TARGET 15519 1 0 0 1 0
TARGET 15520 1 0 0 1 0
TARGET 15521 1 0 0 1 0
TARGET 15522 1 0 0 1 0
TARGET 15523 1 0 0 0 0
TARGET 15524 1 0 0 1 0
TARGET 15525 1 0 0 1 0
TARGET 15526 1 0 0 1 0
TARGET 15527 1 0 0 0 0
TARGET 15528 1 0 0 1 0
TARGET 15529 1 0 0 1 0
TARGET 15530 1 0 0 0 0
TARGET 15531 1 0 0 1 0
TARGET 15532 1 0 0 0 0
TARGET 15533 1 0 0 1 0
TARGET 15534 1 1 0 1 0
TARGET 15535 1 1 0 1 0
TARGET 15536 1 1 0 1 0
TARGET 15537 1 1 0 1 0
TARGET 15538 1 1 0 1 0
TARGET 15539 1 0 0 1 0
TARGET 15540 1 0 0 1 0
TARGET 15541 1 0 0 1 0
TARGET 15542 1 0 0 1 0
TARGET 15543 1 0 0 1 0
TARGET 15544 1 0 0 1 0
TARGET 15545 1 0 0 1 0
TARGET 15546 1 0 0 1 0
TARGET 15547 1 0 0 1 0
TARGET 15548 1 0 0 1 0
TARGET 15549 1 1 0 1 0
TARGET 15550 1 1 0 1 0
TARGET 15551 1 1 0 1 0
TARGET 15552 1 1 0 1 0
TARGET 15553 1 1 0 1 0
TARGET 15554 1 0 0 1 0
TARGET 15555 1 0 0 1 0
TARGET 15556 1 0 0 1 0
TARGET 15557 1 0 0 1 0
TARGET 15558 1 0 0 1 0
TARGET 15559 1 0 0 1 0
TARGET 15560 1 0 0 1 0
TARGET 15561 1 0 0 1 0
TARGET 15562 1 0 0 1 0
TARGET 15563 1 0 0 1 0
TARGET 15564 1 0 0 1 0
TARGET 15565 1 0 0 1 0
TARGET 15566 1 0 0 1 0
TARGET 15567 1 0 0 1 0
TARGET 15568 1 0 0 1 0
TARGET 15569 1 0 0 1 0
TARGET 15570 1 0 0 1 0
TARGET 15571 1 1 0 1 0
TARGET 15572 1 0 0 1 0
TARGET 15573 1 1 0 1 0
TARGET 15574 1 1 0 1 0
TARGET 15575 1 0 0 1 0
TARGET 15576 1 1 0 1 0
TARGET 15577 1 0 0 1 0
TARGET 15578 1 1 0 1 0
TARGET 15579 1 1 0 1 0
TARGET 15580 1 0 0 1 0
TARGET 15581 1 0 0 1 0
TARGET 15582 1 0 0 1 0
TARGET 15583 1 0 0 1 0
TARGET 15584 1 0 0 1 0
TARGET 15585 1 1 0 1 0
TARGET 15586 1 1 0 1 0
TARGET 15587 1 1 0 1 0
TARGET 15588 1 0 0 1 0
TARGET 15589 1 0 0 1 0
TARGET 15590 1 0 0 1 0
TARGET 15591 1 0 0 1 0
TARGET 15592 1 0 0 1 0
TARGET 15593 1 0 0 1 0
TARGET 15594 1 0 0 1 0
TARGET 15595 1 1 0 1 0
TARGET 15596 1 1 0 1 0
TARGET 15597 1 1 0 1 0
TARGET 15598 1 0 0 1 0
TARGET 15599 1 0 0 1 0
TARGET 15600 1 1 0 1 0
TARGET 15601 1 1 0 1 0
TARGET 15602 1 1 0 1 0
TARGET 15603 1 0 0 1 0
TARGET 15604 1 0 0 1 0
TARGET 15605 1 0 0 0 0
TARGET 15606 1 0 0 0 0
TARGET 15607 1 0 0 0 0
TARGET 15608 1 0 0 0 0
TARGET 15609 1 0 0 0 0
TARGET 15610 1 0 0 0 0
TARGET 15611 1 0 0 0 0
TARGET 15612 1 0 0 0 0
TARGET 15613 1 0 0 1 0
TARGET 15614 1 0 0 1 0
TARGET 15615 1 0 0 1 0
TARGET 15616 1 0 0 1 0
TARGET 15617 1 0 0 1 0
TARGET 15618 1 0 0 1 0
TARGET 15619 1 0 0 1 0
TARGET 15620 1 0 0 1 0
TARGET 15621 1 0 0 0 0
TARGET 15622 1 0 0 1 0
TARGET 15623 1 0 0 1 0
TARGET 15624 1 0 0 1 0
TARGET 15625 1 0 0 1 0
TARGET 15626 1 0 0 1 0
TARGET 15627 1 0 0 1 0
TARGET 15628 1 0 0 1 0
TARGET 15629 1 0 0 0 0
TARGET 15630 1 0 0 1 0
TARGET 15631 1 0 0 1 0
TARGET 15632 1 0 0 1 0
TARGET 15633 1 0 0 1 0
TARGET 15634 1 0 0 1 0
TARGET 15635 1 0 0 1 0
TARGET 15636 1 0 0 0 0
TARGET 15637 1 0 0 1 0
TARGET 15638 1 0 0 1 0
TARGET 15639 1 0 0 1 0
TARGET 15640 1 0 0 1 0
TARGET 15641 1 0 0 1 0
TARGET 15642 1 0 0 0 0
TARGET 15643 1 0 0 1 0
TARGET 15644 1 0 0 1 0
TARGET 15645 1 0 0 1 0
TARGET 15646 1 0 0 1 0
TARGET 15647 1 0 0 0 0
TARGET 15648 1 0 0 1 0
TARGET 15649 1 0 0 1 0
TARGET 15650 1 0 0 1 0
TARGET 15651 1 0 0 0 0
TARGET 15652 1 0 0 1 0
TARGET 15653 1 0 0 1 0
TARGET 15654 1 0 0 0 0
TARGET 15655 1 0 0 1 0
TARGET 15656 1 0 0 0 0
TARGET 15657 1 1 0 1 0
TARGET 15658 1 1 0 1 0
TARGET 15659 1 1 0 1 0
TARGET 15660 1 1 0 1 0
TARGET 15661 1 1 0 1 0
TARGET 15662 1 0 0 1 0
TARGET 15663 1 0 0 1 0
TARGET 15664 1 0 0 1 0
TARGET 15665 1 0 0 1 0
TARGET 15666 1 0 0 1 0
TARGET 15667 1 0 0 1 0
TARGET 15668 1 0 0 1 0
TARGET 15669 1 0 0 1 0
TARGET 15670 1 0 0 1 0
TARGET 15671 1 0 0 1 0
TARGET 15672 1 0 0 1 0
TARGET 15673 1 0 0 1 0
TARGET 15674 1 0 0 1 0
TARGET 15675 1 0 0 1 0
TARGET 15676 1 0 0 1 0
TARGET 15677 1 0 0 1 0
TARGET 15678 1 0 0 1 0
TARGET 15679 1 1 0 1 0
TARGET 15680 1 0 0 1 0
TARGET 15681 1 1 0 1 0
TARGET 15682 1 1 0 1 0
TARGET 15683 1 0 0 1 0
TARGET 15684 1 1 0 1 0
TARGET 15685 1 0 0 1 0
TARGET 15686 1 1 0 1 0
TARGET 15687 1 1 0 1 0
TARGET 15688 1 0 0 1 0
TARGET 15689 1 0 0 1 0
TARGET 15690 1 0 0 1 0
TARGET 15691 1 0 0 1 0
TARGET 15692 1 0 0 1 0
TARGET 15693 1 1 0 1 0
TARGET 15694 1 1 0 1 0
TARGET 15695 1 1 0 1 0
TARGET 15696 1 0 0 1 0
TARGET 15697 1 0 0 1 0
TARGET 15698 1 0 0 1 0
TARGET 15699 1 0 0 1 0
TARGET 15700 1 0 0 1 0
TARGET 15701 1 0 0 1 0
TARGET 15702 1 0 0 1 0
TARGET 15703 1 1 0 1 0
TARGET 15704 1 1 0 1 0
TARGET 15705 1 1 0 1 0
TARGET 15706 1 0 0 1 0
TARGET 15707 1 0 0 1 0
TARGET 15708 1 1 0 1 0
TARGET 15709 1 1 0 1 0
TARGET 15710 1 1 0 1 0
TARGET 15711 1 0 0 1 0
TARGET 15712 1 0 0 1 0
TARGET 15713 1 0 0 0 0
TARGET 15714 1 0 0 0 0
TARGET 15715 1 0 0 0 0
TARGET 15716 1 0 0 0 0
TARGET 15717 1 0 0 0 0
TARGET 15718 1 0 0 0 0
TARGET 15719 1 0 0 0 0
TARGET 15720 1 0 0 1 0
TARGET 15721 1 0 0 1 0
TARGET 15722 1 0 0 1 0
TARGET 15723 1 0 0 1 0
TARGET 15724 1 0 0 1 0
TARGET 15725 1 0 0 1 0
TARGET 15726 1 0 0 1 0
TARGET 15727 1 0 0 1 0
TARGET 15728 1 0 0 1 0
TARGET 15729 1 0 0 1 0
TARGET 15730 1 0 0 1 0
TARGET 15731 1 0 0 1 0
TARGET 15732 1 0 0 1 0
TARGET 15733 1 0 0 1 0
TARGET 15734 1 0 0 1 0
TARGET 15735 1 0 0 1 0
TARGET 15736 1 0 0 1 0
TARGET 15737 1 0 0 1 0
TARGET 15738 1 0 0 1 0
TARGET 15739 1 0 0 1 0
TARGET 15740 1 0 0 1 0
TARGET 15741 1 0 0 1 0
TARGET 15742 1 0 0 1 0
TARGET 15743 1 0 0 1 0
TARGET 15744 1 0 0 1 0
TARGET 15745 1 0 0 1 0
TARGET 15746 1 0 0 1 0
TARGET 15747 1 0 0 1 0
TARGET 15748 1 0 0 1 0
TARGET 15749 1 0 0 1 0
TARGET 15750 1 0 0 1 0
TARGET 15751 1 0 0 1 0
TARGET 15752 1 0 0 1 0
TARGET 15753 1 0 0 1 0
TARGET 15754 1 0 0 1 0
TARGET 15755 1 0 0 1 0
TARGET 15756 1 0 0 1 0
TARGET 15757 1 0 0 1 0
TARGET 15758 1 0 0 1 0
TARGET 15759 1 0 0 1 0
TARGET 15760 1 0 0 1 0
TARGET 15761 1 0 0 1 0
TARGET 15762 1 0 0 1 0
TARGET 15763 1 0 0 1 0
TARGET 15764 1 0 0 1 0
TARGET 15765 1 0 0 1 0
TARGET 15766 1 0 0 1 0
TARGET 15767 1 0 0 1 0
TARGET 15768 1 0 0 1 0
TARGET 15769 1 0 0 0 0
TARGET 15770 1 0 0 0 0
TARGET 15771 1 0 0 0 0
TARGET 15772 1 0 0 0 0
TARGET 15773 1 0 0 0 0
TARGET 15774 1 0 0 0 0
TARGET 15775 1 0 0 0 0
TARGET 15776 1 0 0 1 0
TARGET 15777 1 0 0 1 0
TARGET 15778 1 0 0 1 0
TARGET 15779 1 0 0 1 0
TARGET 15780 1 0 0 1 0
TARGET 15781 1 0 0 1 0
TARGET 15782 1 0 0 1 0
TARGET 15783 1 0 0 1 0
TARGET 15784 1 0 0 1 0
TARGET 15785 1 0 0 1 0
TARGET 15786 1 0 0 1 0
TARGET 15787 1 0 0 1 0
TARGET 15788 1 0 0 1 0
TARGET 15789 1 0 0 1 0
TARGET 15790 1 0 0 1 0
TARGET 15791 1 0 0 1 0
TARGET 15792 1 0 0 1 0
TARGET 15793 1 0 0 1 0
TARGET 15794 1 0 0 1 0
TARGET 15795 1 0 0 1 0
TARGET 15796 1 0 0 1 0
TARGET 15797 1 0 0 1 0
TARGET 15798 1 0 0 1 0
TARGET 15799 1 0 0 1 0
TARGET 15800 1 0 0 1 0
TARGET 15801 1 0 0 1 0
TARGET 15802 1 0 0 1 0
TARGET 15803 1 0 0 1 0
TARGET 15804 1 0 0 1 0
TARGET 15805 1 0 0 1 0
TARGET 15806 1 0 0 1 0
TARGET 15807 1 0 0 1 0
TARGET 15808 1 0 0 1 0
TARGET 15809 1 0 0 1 0
TARGET 15810 1 0 0 1 0
TARGET 15811 1 0 0 1 0
TARGET 15812 1 0 0 1 0
TARGET 15813 1 0 0 1 0
TARGET 15814 1 0 0 1 0
TARGET 15815 1 0 0 1 0
TARGET 15816 1 0 0 1 0
TARGET 15817 1 0 0 1 0
TARGET 15818 1 0 0 0 0
TARGET 15819 1 0 0 0 0
TARGET 15820 1 0 0 0 0
TARGET 15821 1 0 0 0 0
TARGET 15822 1 0 0 0 0
TARGET 15823 1 0 0 0 0
TARGET 15824 1 0 0 0 0
TARGET 15825 1 0 0 1 0
TARGET 15826 1 0 0 1 0
TARGET 15827 1 0 0 1 0
TARGET 15828 1 0 0 1 0
TARGET 15829 1 0 0 1 0
TARGET 15830 1 0 0 0 0
TARGET 15831 1 1 0 1 0
TARGET 15832 1 0 0 1 0
TARGET 15833 1 1 0 1 0
TARGET 15834 1 1 0 1 0
TARGET 15835 1 0 0 0 0
TARGET 15836 1 0 0 1 0
TARGET 15837 1 0 0 1 0
TARGET 15838 1 0 0 1 0
TARGET 15839 1 0 0 0 0
TARGET 15840 1 1 0 1 0
TARGET 15841 1 1 0 1 0
TARGET 15842 1 0 0 0 0
TARGET 15843 1 1 0 1 0
TARGET 15844 1 0 0 0 0
TARGET 15845 1 0 0 1 0
TARGET 15846 1 0 0 1 0
TARGET 15847 1 0 0 1 0
TARGET 15848 1 0 0 1 0
TARGET 15849 1 0 0 1 0
TARGET 15850 1 0 0 0 0
TARGET 15851 1 1 0 1 0
TARGET 15852 1 0 0 1 0
TARGET 15853 1 1 0 1 0
TARGET 15854 1 1 0 1 0
TARGET 15855 1 0 0 0 0
TARGET 15856 1 0 0 1 0
TARGET 15857 1 0 0 1 0
TARGET 15858 1 0 0 1 0
TARGET 15859 1 0 0 0 0
TARGET 15860 1 1 0 1 0
TARGET 15861 1 1 0 1 0
TARGET 15862 1 0 0 0 0
TARGET 15863 1 1 0 1 0
TARGET 15864 1 0 0 0 0
TARGET 15865 1 0 0 1 0
TARGET 15866 1 0 0 1 0
TARGET 15867 1 0 0 1 0
TARGET 15868 1 0 0 1 0
TARGET 15869 1 0 0 1 0
TARGET 15870 1 0 0 1 0
TARGET 15871 1 0 0 1 0
TARGET 15872 1 0 0 1 0
TARGET 15873 1 0 0 1 0
TARGET 15874 1 0 0 1 0
TARGET 15875 1 0 0 1 0
TARGET 15876 1 0 0 1 0
TARGET 15877 1 0 0 1 0
TARGET 15878 1 0 0 1 0
TARGET 15879 1 0 0 1 0
TARGET 15880 1 0 0 1 0
TARGET 15881 1 0 0 1 0
TARGET 15882 1 0 0 1 0
TARGET 15883 1 0 0 1 0
TARGET 15884 1 0 0 1 0
TARGET 15885 1 0 0 1 0
TARGET 15886 1 0 0 1 0
TARGET 15887 1 0 0 1 0
TARGET 15888 1 0 0 1 0
TARGET 15889 1 0 0 1 0
TARGET 15890 1 0 0 0 0
TARGET 15891 1 0 0 0 0
TARGET 15892 1 0 0 0 0
TARGET 15893 1 0 0 0 0
TARGET 15894 1 0 0 0 0
TARGET 15895 1 1 0 1 0
TARGET 15896 1 1 0 1 0
TARGET 15897 1 1 0 1 0
TARGET 15898 1 0 0 1 0
TARGET 15899 1 0 0 1 0
TARGET 15900 1 0 0 1 0
TARGET 15901 1 0 0 1 0
TARGET 15902 1 0 0 1 0
TARGET 15903 1 0 0 1 0
TARGET 15904 1 0 0 1 0
TARGET 15905 1 1 0 1 0
TARGET 15906 1 1 0 1 0
TARGET 15907 1 1 0 1 0
TARGET 15908 1 0 0 1 0
TARGET 15909 1 0 0 1 0
TARGET 15910 1 1 0 1 0
TARGET 15911 1 1 0 1 0
TARGET 15912 1 1 0 1 0
TARGET 15913 1 0 0 1 0
TARGET 15914 1 0 0 1 0
TARGET 15915 1 0 0 0 0
TARGET 15916 1 0 0 0 0
TARGET 15917 1 0 0 0 0
TARGET 15918 1 0 0 0 0
TARGET 15919 1 0 0 0 0
TARGET 15920 1 0 0 1 0
TARGET 15921 1 0 0 1 0
TARGET 15922 1 0 0 1 0
TARGET 15923 1 0 0 1 0
TARGET 15924 1 0 0 1 0
TARGET 15925 1 0 0 1 0
TARGET 15926 1 0 0 1 0
TARGET 15927 1 0 0 1 0
TARGET 15928 1 0 0 1 0
TARGET 15929 1 0 0 1 0
TARGET 15930 1 0 0 1 0
TARGET 15931 1 0 0 1 0
TARGET 15932 1 0 0 1 0
TARGET 15933 1 0 0 1 0
TARGET 15934 1 0 0 1 0
TARGET 15935 1 0 0 0 0
TARGET 15936 1 0 0 0 0
TARGET 15937 1 0 0 0 0
TARGET 15938 1 0 0 0 0
TARGET 15939 1 0 0 0 0
TARGET 15940 1 1 0 1 0
TARGET 15941 1 1 0 1 0
TARGET 15942 1 1 0 1 0
TARGET 15943 1 0 0 1 0
TARGET 15944 1 0 0 1 0
TARGET 15945 1 1 0 1 0
TARGET 15946 1 1 0 1 0
TARGET 15947 1 1 0 1 0
TARGET 15948 1 0 0 1 0
TARGET 15949 1 0 0 1 0
TARGET 15950 1 0 0 0 0
TARGET 15951 1 0 0 0 0
TARGET 15952 1 0 0 0 0
TARGET 15953 1 0 0 0 0
TARGET 15954 1 0 0 0 0
TARGET 15955 1 1 0 1 0
TARGET 15956 1 1 0 1 0
TARGET 15957 1 1 0 1 0
TARGET 15958 1 0 0 1 0
TARGET 15959 1 0 0 1 0
TARGET 15960 1 0 0 0 0
TARGET 15961 1 0 0 0 0
TARGET 15962 1 0 0 0 0
TARGET 15963 1 0 0 0 0
TARGET 15964 1 0 0 0 0
TARGET 15965 1 2 0 3 0
TARGET 15966 1 1 0 3 0
TARGET 15967 1 1 0 4 0
TARGET 15968 1 1 0 3 0
TARGET 15969 1 2 0 3 0
TARGET 15970 1 2 0 3 0
TARGET 15971 1 2 0 3 0
TARGET 15972 1 1 0 3 0
TARGET 15973 1 3 0 4 0
TARGET 15974 1 2 0 3 0
TARGET 15975 1 2 0 3 0
TARGET 15976 1 1 0 4 0
TARGET 15977 1 1 0 3 0
TARGET 15978 1 1 0 2 0
TARGET 15979 1 1 0 2 0
TARGET 15980 1 1 0 3 0
TARGET 15981 1 1 0 2 0
TARGET 15982 1 1 0 2 0
TARGET 15983 1 1 0 2 0
TARGET 15984 1 1 0 2 0
TARGET 15985 1 1 0 2 0
TARGET 15986 1 2 0 3 0
TARGET 15987 1 1 0 2 0
TARGET 15988 1 1 0 2 0
TARGET 15989 1 1 0 3 0
TARGET 15990 1 1 0 2 0
TARGET 15991 1 1 0 2 0
TARGET 15992 1 1 0 2 0
TARGET 15993 1 1 0 3 0
TARGET 15994 1 1 0 2 0
TARGET 15995 1 1 0 2 0
TARGET 15996 1 1 0 2 0
TARGET 15997 1 1 0 2 0
TARGET 15998 1 1 0 2 0
TARGET 15999 1 2 0 3 0
TARGET 16000 1 1 0 2 0
PASS_1962_MONOMIAL_INTERVAL 15001 16000 1000 0
