TARGET 21001 1 1 0 2 0
TARGET 21002 1 1 0 2 0
TARGET 21003 1 1 0 2 0
TARGET 21004 1 1 0 2 0
TARGET 21005 1 1 0 2 0
TARGET 21006 1 1 0 2 0
TARGET 21007 1 1 0 3 0
TARGET 21008 1 1 0 2 0
TARGET 21009 1 1 0 3 0
TARGET 21010 1 1 0 2 0
TARGET 21011 1 1 0 2 0
TARGET 21012 1 1 0 3 0
TARGET 21013 1 1 0 2 0
TARGET 21014 1 1 0 2 0
TARGET 21015 1 1 0 2 0
TARGET 21016 1 1 0 2 0
TARGET 21017 1 1 0 2 0
TARGET 21018 1 1 0 3 0
TARGET 21019 1 1 0 2 0
TARGET 21020 1 1 0 3 0
TARGET 21021 1 1 0 2 0
TARGET 21022 1 1 0 2 0
TARGET 21023 1 1 0 3 0
TARGET 21024 1 1 0 2 0
TARGET 21025 1 1 0 2 0
TARGET 21026 1 1 0 3 0
TARGET 21027 1 1 0 2 0
TARGET 21028 1 1 0 3 0
TARGET 21029 1 1 0 2 0
TARGET 21030 1 1 0 2 0
TARGET 21031 1 2 0 3 0
TARGET 21032 1 1 0 2 0
TARGET 21033 1 1 0 2 0
TARGET 21034 1 1 0 3 0
TARGET 21035 1 1 0 2 0
TARGET 21036 1 1 0 3 0
TARGET 21037 1 1 0 2 0
TARGET 21038 1 1 0 2 0
TARGET 21039 1 2 0 3 0
TARGET 21040 1 1 0 2 0
TARGET 21041 1 0 0 2 0
TARGET 21042 1 0 0 2 0
TARGET 21043 1 0 0 2 0
TARGET 21044 1 1 0 3 0
TARGET 21045 1 0 0 2 0
TARGET 21046 1 1 0 3 0
TARGET 21047 1 0 0 2 0
TARGET 21048 1 0 0 2 0
TARGET 21049 1 1 0 3 0
TARGET 21050 1 0 0 2 0
TARGET 21051 1 0 0 1 0
TARGET 21052 1 0 0 1 0
TARGET 21053 1 0 0 1 0
TARGET 21054 1 1 0 2 0
TARGET 21055 1 0 0 1 0
TARGET 21056 1 1 0 2 0
TARGET 21057 1 0 0 1 0
TARGET 21058 1 0 0 1 0
TARGET 21059 1 1 0 2 0
TARGET 21060 1 0 0 1 0
TARGET 21061 1 0 0 1 0
TARGET 21062 1 0 0 1 0
TARGET 21063 1 0 0 1 0
TARGET 21064 1 1 0 2 0
TARGET 21065 1 0 0 1 0
TARGET 21066 1 1 0 2 0
TARGET 21067 1 0 0 1 0
TARGET 21068 1 0 0 1 0
TARGET 21069 1 1 0 2 0
TARGET 21070 1 0 0 1 0
TARGET 21071 1 0 0 1 0
TARGET 21072 1 0 0 1 0
TARGET 21073 1 0 0 1 0
TARGET 21074 1 0 0 1 0
TARGET 21075 1 0 0 1 0
TARGET 21076 1 0 0 1 0
TARGET 21077 1 1 0 2 0
TARGET 21078 1 0 0 1 0
TARGET 21079 1 1 0 2 0
TARGET 21080 1 0 0 1 0
TARGET 21081 1 0 0 1 0
TARGET 21082 1 1 0 2 0
TARGET 21083 1 0 0 1 0
TARGET 21084 1 0 0 1 0
TARGET 21085 1 0 0 1 0
TARGET 21086 1 0 0 1 0
TARGET 21087 1 0 0 1 0
TARGET 21088 1 1 0 2 0
TARGET 21089 1 0 0 1 0
TARGET 21090 1 1 0 2 0
TARGET 21091 1 0 0 1 0
TARGET 21092 1 0 0 1 0
TARGET 21093 1 1 0 2 0
TARGET 21094 1 0 0 1 0
TARGET 21095 1 0 0 1 0
TARGET 21096 1 1 0 2 0
TARGET 21097 1 0 0 1 0
TARGET 21098 1 1 0 2 0
TARGET 21099 1 0 0 1 0
TARGET 21100 1 0 0 1 0
TARGET 21101 1 1 0 2 0
TARGET 21102 1 0 0 1 0
TARGET 21103 1 0 0 1 0
TARGET 21104 1 1 0 2 0
TARGET 21105 1 0 0 1 0
TARGET 21106 1 1 0 2 0
TARGET 21107 1 0 0 1 0
TARGET 21108 1 0 0 1 0
TARGET 21109 1 1 0 2 0
TARGET 21110 1 0 0 1 0
TARGET 21111 1 0 0 0 0
TARGET 21112 1 0 0 0 0
TARGET 21113 1 0 0 0 0
TARGET 21114 1 1 0 1 0
TARGET 21115 1 0 0 0 0
TARGET 21116 1 1 0 1 0
TARGET 21117 1 0 0 0 0
TARGET 21118 1 0 0 0 0
TARGET 21119 1 1 0 1 0
TARGET 21120 1 0 0 0 0
TARGET 21121 1 1 0 1 0
TARGET 21122 1 1 0 1 0
TARGET 21123 1 1 0 1 0
TARGET 21124 1 1 0 2 0
TARGET 21125 1 1 0 1 0
TARGET 21126 1 1 0 2 0
TARGET 21127 1 1 0 1 0
TARGET 21128 1 0 0 1 0
TARGET 21129 1 1 0 2 0
TARGET 21130 1 0 0 1 0
TARGET 21131 1 1 0 1 0
TARGET 21132 1 1 0 1 0
TARGET 21133 1 0 0 1 0
TARGET 21134 1 0 0 1 0
TARGET 21135 1 1 0 1 0
TARGET 21136 1 1 0 1 0
TARGET 21137 1 1 0 2 0
TARGET 21138 1 1 0 1 0
TARGET 21139 1 1 0 2 0
TARGET 21140 1 1 0 1 0
TARGET 21141 1 0 0 1 0
TARGET 21142 1 1 0 2 0
TARGET 21143 1 0 0 1 0
TARGET 21144 1 1 0 1 0
TARGET 21145 1 0 0 1 0
TARGET 21146 1 0 0 1 0
TARGET 21147 1 1 0 1 0
TARGET 21148 1 1 0 2 0
TARGET 21149 1 1 0 1 0
TARGET 21150 1 1 0 2 0
TARGET 21151 1 1 0 1 0
TARGET 21152 1 0 0 1 0
TARGET 21153 1 1 0 2 0
TARGET 21154 1 0 0 1 0
TARGET 21155 1 0 0 1 0
TARGET 21156 1 1 0 2 0
TARGET 21157 1 0 0 1 0
TARGET 21158 1 1 0 2 0
TARGET 21159 1 0 0 1 0
TARGET 21160 1 0 0 1 0
TARGET 21161 1 1 0 2 0
TARGET 21162 1 0 0 1 0
TARGET 21163 1 0 0 1 0
TARGET 21164 1 1 0 2 0
TARGET 21165 1 0 0 1 0
TARGET 21166 1 1 0 2 0
TARGET 21167 1 0 0 1 0
TARGET 21168 1 0 0 1 0
TARGET 21169 1 1 0 2 0
TARGET 21170 1 0 0 1 0
TARGET 21171 1 0 0 0 0
TARGET 21172 1 0 0 0 0
TARGET 21173 1 0 0 0 0
TARGET 21174 1 1 0 1 0
TARGET 21175 1 0 0 0 0
TARGET 21176 1 1 0 1 0
TARGET 21177 1 0 0 0 0
TARGET 21178 1 0 0 0 0
TARGET 21179 1 1 0 1 0
TARGET 21180 1 0 0 0 0
TARGET 21181 1 1 0 1 0
TARGET 21182 1 1 0 1 0
TARGET 21183 1 0 0 1 0
TARGET 21184 1 0 0 1 0
TARGET 21185 1 0 0 0 0
TARGET 21186 1 1 0 1 0
TARGET 21187 1 0 0 1 0
TARGET 21188 1 0 0 1 0
TARGET 21189 1 0 0 0 0
TARGET 21190 1 0 0 1 0
TARGET 21191 1 0 0 1 0
TARGET 21192 1 0 0 0 0
TARGET 21193 1 0 0 1 0
TARGET 21194 1 0 0 0 0
TARGET 21195 1 1 0 1 0
TARGET 21196 1 1 0 1 0
TARGET 21197 1 1 0 2 0
TARGET 21198 1 1 0 1 0
TARGET 21199 1 1 0 2 0
TARGET 21200 1 1 0 1 0
TARGET 21201 1 0 0 1 0
TARGET 21202 1 1 0 2 0
TARGET 21203 1 0 0 1 0
TARGET 21204 1 1 0 1 0
TARGET 21205 1 0 0 1 0
TARGET 21206 1 0 0 1 0
TARGET 21207 1 1 0 1 0
TARGET 21208 1 1 0 2 0
TARGET 21209 1 1 0 1 0
TARGET 21210 1 1 0 2 0
TARGET 21211 1 1 0 1 0
TARGET 21212 1 0 0 1 0
TARGET 21213 1 1 0 2 0
TARGET 21214 1 0 0 1 0
TARGET 21215 1 0 0 1 0
TARGET 21216 1 1 0 2 0
TARGET 21217 1 0 0 1 0
TARGET 21218 1 1 0 2 0
TARGET 21219 1 0 0 1 0
TARGET 21220 1 0 0 1 0
TARGET 21221 1 1 0 2 0
TARGET 21222 1 0 0 1 0
TARGET 21223 1 0 0 1 0
TARGET 21224 1 1 0 2 0
TARGET 21225 1 0 0 1 0
TARGET 21226 1 1 0 2 0
TARGET 21227 1 0 0 1 0
TARGET 21228 1 0 0 1 0
TARGET 21229 1 1 0 2 0
TARGET 21230 1 0 0 1 0
TARGET 21231 1 0 0 0 0
TARGET 21232 1 0 0 0 0
TARGET 21233 1 1 0 1 0
TARGET 21234 1 0 0 0 0
TARGET 21235 1 1 0 1 0
TARGET 21236 1 0 0 0 0
TARGET 21237 1 0 0 0 0
TARGET 21238 1 1 0 1 0
TARGET 21239 1 0 0 0 0
TARGET 21240 1 1 0 1 0
TARGET 21241 1 0 0 1 0
TARGET 21242 1 0 0 1 0
TARGET 21243 1 0 0 0 0
TARGET 21244 1 0 0 1 0
TARGET 21245 1 0 0 1 0
TARGET 21246 1 0 0 0 0
TARGET 21247 1 0 0 1 0
TARGET 21248 1 0 0 0 0
TARGET 21249 1 1 0 1 0
TARGET 21250 1 1 0 2 0
TARGET 21251 1 1 0 1 0
TARGET 21252 1 1 0 2 0
TARGET 21253 1 1 0 1 0
TARGET 21254 1 0 0 1 0
TARGET 21255 1 1 0 2 0
TARGET 21256 1 0 0 1 0
TARGET 21257 1 0 0 1 0
TARGET 21258 1 1 0 2 0
TARGET 21259 1 0 0 1 0
TARGET 21260 1 1 0 2 0
TARGET 21261 1 0 0 1 0
TARGET 21262 1 0 0 1 0
TARGET 21263 1 1 0 2 0
TARGET 21264 1 0 0 1 0
TARGET 21265 1 0 0 1 0
TARGET 21266 1 1 0 2 0
TARGET 21267 1 0 0 1 0
TARGET 21268 1 1 0 2 0
TARGET 21269 1 0 0 1 0
TARGET 21270 1 0 0 1 0
TARGET 21271 1 1 0 2 0
TARGET 21272 1 0 0 1 0
TARGET 21273 1 0 0 0 0
TARGET 21274 1 1 0 1 0
TARGET 21275 1 0 0 0 0
TARGET 21276 1 1 0 1 0
TARGET 21277 1 0 0 0 0
TARGET 21278 1 0 0 0 0
TARGET 21279 1 1 0 1 0
TARGET 21280 1 0 0 0 0
TARGET 21281 1 0 0 1 0
TARGET 21282 1 1 0 2 0
TARGET 21283 1 0 0 1 0
TARGET 21284 1 1 0 2 0
TARGET 21285 1 0 0 1 0
TARGET 21286 1 0 0 1 0
TARGET 21287 1 1 0 2 0
TARGET 21288 1 0 0 1 0
TARGET 21289 1 0 0 1 0
TARGET 21290 1 1 0 2 0
TARGET 21291 1 0 0 1 0
TARGET 21292 1 1 0 2 0
TARGET 21293 1 0 0 1 0
TARGET 21294 1 0 0 1 0
TARGET 21295 1 1 0 2 0
TARGET 21296 1 0 0 1 0
TARGET 21297 1 0 0 0 0
TARGET 21298 1 1 0 1 0
TARGET 21299 1 0 0 0 0
TARGET 21300 1 1 0 1 0
TARGET 21301 1 0 0 0 0
TARGET 21302 1 0 0 0 0
TARGET 21303 1 1 0 1 0
TARGET 21304 1 0 0 0 0
TARGET 21305 1 0 0 1 0
TARGET 21306 1 1 0 2 0
TARGET 21307 1 0 0 1 0
TARGET 21308 1 1 0 2 0
TARGET 21309 1 0 0 1 0
TARGET 21310 1 0 0 1 0
TARGET 21311 1 1 0 2 0
TARGET 21312 1 0 0 1 0
TARGET 21313 1 0 0 0 0
TARGET 21314 1 1 0 1 0
TARGET 21315 1 0 0 0 0
TARGET 21316 1 1 0 1 0
TARGET 21317 1 0 0 0 0
TARGET 21318 1 0 0 0 0
TARGET 21319 1 1 0 1 0
TARGET 21320 1 0 0 0 0
TARGET 21321 1 0 0 1 0
TARGET 21322 1 0 0 1 0
TARGET 21323 1 1 0 2 0
TARGET 21324 1 0 0 1 0
TARGET 21325 1 1 0 2 0
TARGET 21326 1 0 0 1 0
TARGET 21327 1 0 0 1 0
TARGET 21328 1 1 0 2 0
TARGET 21329 1 0 0 1 0
TARGET 21330 1 0 0 1 0
TARGET 21331 1 0 0 1 0
TARGET 21332 1 0 0 1 0
TARGET 21333 1 0 0 1 0
TARGET 21334 1 0 0 0 0
TARGET 21335 1 0 0 1 0
TARGET 21336 1 1 0 2 0
TARGET 21337 1 0 0 1 0
TARGET 21338 1 1 0 2 0
TARGET 21339 1 0 0 1 0
TARGET 21340 1 0 0 1 0
TARGET 21341 1 1 0 2 0
TARGET 21342 1 0 0 1 0
TARGET 21343 1 0 0 1 0
TARGET 21344 1 0 0 1 0
TARGET 21345 1 0 0 1 0
TARGET 21346 1 0 0 1 0
TARGET 21347 1 0 0 0 0
TARGET 21348 1 2 0 3 0
TARGET 21349 1 1 0 2 0
TARGET 21350 1 1 0 3 0
TARGET 21351 1 1 0 2 0
TARGET 21352 1 1 0 2 0
TARGET 21353 1 1 0 3 0
TARGET 21354 1 1 0 2 0
TARGET 21355 1 1 0 2 0
TARGET 21356 1 1 0 2 0
TARGET 21357 1 1 0 2 0
TARGET 21358 1 1 0 2 0
TARGET 21359 1 0 0 1 0
TARGET 21360 1 1 0 2 0
TARGET 21361 1 0 0 1 0
TARGET 21362 1 0 0 1 0
TARGET 21363 1 1 0 2 0
TARGET 21364 1 0 0 1 0
TARGET 21365 1 0 0 1 0
TARGET 21366 1 0 0 1 0
TARGET 21367 1 0 0 1 0
TARGET 21368 1 0 0 1 0
TARGET 21369 1 0 0 2 0
TARGET 21370 1 0 0 0 0
TARGET 21371 1 2 0 3 0
TARGET 21372 1 1 0 2 0
TARGET 21373 1 1 0 2 0
TARGET 21374 1 1 0 3 0
TARGET 21375 1 1 0 2 0
TARGET 21376 1 1 0 2 0
TARGET 21377 1 1 0 2 0
TARGET 21378 1 1 0 2 0
TARGET 21379 1 1 0 2 0
TARGET 21380 1 0 0 1 0
TARGET 21381 1 0 0 1 0
TARGET 21382 1 1 0 2 0
TARGET 21383 1 0 0 1 0
TARGET 21384 1 0 0 1 0
TARGET 21385 1 0 0 1 0
TARGET 21386 1 0 0 1 0
TARGET 21387 1 0 0 1 0
TARGET 21388 1 0 0 2 0
TARGET 21389 1 0 0 0 0
TARGET 21390 1 0 0 1 0
TARGET 21391 1 1 0 2 0
TARGET 21392 1 0 0 1 0
TARGET 21393 1 0 0 1 0
TARGET 21394 1 0 0 1 0
TARGET 21395 1 0 0 1 0
TARGET 21396 1 0 0 1 0
TARGET 21397 1 0 0 0 0
TARGET 21398 1 2 0 3 0
TARGET 21399 1 1 0 2 0
TARGET 21400 1 1 0 2 0
TARGET 21401 1 1 0 2 0
TARGET 21402 1 1 0 2 0
TARGET 21403 1 1 0 2 0
TARGET 21404 1 0 0 2 0
TARGET 21405 1 0 0 1 0
TARGET 21406 1 0 0 1 0
TARGET 21407 1 0 0 1 0
TARGET 21408 1 0 0 1 0
TARGET 21409 1 0 0 1 0
TARGET 21410 1 0 0 0 0
TARGET 21411 1 0 0 1 0
TARGET 21412 1 0 0 1 0
TARGET 21413 1 0 0 1 0
TARGET 21414 1 0 0 1 0
TARGET 21415 1 0 0 0 0
TARGET 21416 1 0 0 1 0
TARGET 21417 1 0 0 1 0
TARGET 21418 1 0 0 1 0
TARGET 21419 1 0 0 0 0
TARGET 21420 1 0 0 1 0
TARGET 21421 1 0 0 1 0
TARGET 21422 1 0 0 0 0
TARGET 21423 1 0 0 1 0
TARGET 21424 1 0 0 0 0
TARGET 21425 1 0 0 1 0
TARGET 21426 1 0 0 1 0
TARGET 21427 1 0 0 1 0
TARGET 21428 1 0 0 1 0
TARGET 21429 1 0 0 1 0
TARGET 21430 1 1 0 2 0
TARGET 21431 1 0 0 1 0
TARGET 21432 1 1 0 2 0
TARGET 21433 1 0 0 1 0
TARGET 21434 1 0 0 1 0
TARGET 21435 1 1 0 2 0
TARGET 21436 1 0 0 1 0
TARGET 21437 1 0 0 1 0
TARGET 21438 1 1 0 2 0
TARGET 21439 1 0 0 1 0
TARGET 21440 1 1 0 2 0
TARGET 21441 1 0 0 1 0
TARGET 21442 1 0 0 1 0
TARGET 21443 1 1 0 2 0
TARGET 21444 1 0 0 1 0
TARGET 21445 1 0 0 1 0
TARGET 21446 1 0 0 1 0
TARGET 21447 1 0 0 1 0
TARGET 21448 1 1 0 2 0
TARGET 21449 1 0 0 1 0
TARGET 21450 1 1 0 2 0
TARGET 21451 1 0 0 1 0
TARGET 21452 1 0 0 1 0
TARGET 21453 1 1 0 2 0
TARGET 21454 1 0 0 1 0
TARGET 21455 1 0 0 1 0
TARGET 21456 1 0 0 1 0
TARGET 21457 1 0 0 1 0
TARGET 21458 1 0 0 1 0
TARGET 21459 1 0 0 1 0
TARGET 21460 1 1 0 2 0
TARGET 21461 1 1 0 2 0
TARGET 21462 1 1 0 2 0
TARGET 21463 1 1 0 2 0
TARGET 21464 1 2 0 3 0
TARGET 21465 1 1 0 2 0
TARGET 21466 1 1 0 3 0
TARGET 21467 1 1 0 2 0
TARGET 21468 1 1 0 2 0
TARGET 21469 1 1 0 3 0
TARGET 21470 1 1 0 2 0
TARGET 21471 1 0 0 1 0
TARGET 21472 1 0 0 1 0
TARGET 21473 1 0 0 1 0
TARGET 21474 1 0 0 1 0
TARGET 21475 1 1 0 2 0
TARGET 21476 1 0 0 1 0
TARGET 21477 1 1 0 2 0
TARGET 21478 1 0 0 1 0
TARGET 21479 1 0 0 1 0
TARGET 21480 1 1 0 2 0
TARGET 21481 1 0 0 1 0
TARGET 21482 1 1 0 2 0
TARGET 21483 1 1 0 2 0
TARGET 21484 1 1 0 2 0
TARGET 21485 1 1 0 2 0
TARGET 21486 1 1 0 3 0
TARGET 21487 1 1 0 2 0
TARGET 21488 1 2 0 3 0
TARGET 21489 1 1 0 2 0
TARGET 21490 1 1 0 2 0
TARGET 21491 1 1 0 3 0
TARGET 21492 1 1 0 2 0
TARGET 21493 1 0 0 1 0
TARGET 21494 1 0 0 1 0
TARGET 21495 1 0 0 1 0
TARGET 21496 1 0 0 1 0
TARGET 21497 1 1 0 2 0
TARGET 21498 1 0 0 1 0
TARGET 21499 1 1 0 2 0
TARGET 21500 1 0 0 1 0
TARGET 21501 1 0 0 1 0
TARGET 21502 1 1 0 2 0
TARGET 21503 1 0 0 1 0
TARGET 21504 1 0 0 1 0
TARGET 21505 1 0 0 1 0
TARGET 21506 1 0 0 1 0
TARGET 21507 1 0 0 1 0
TARGET 21508 1 1 0 2 0
TARGET 21509 1 0 0 1 0
TARGET 21510 1 1 0 2 0
TARGET 21511 1 0 0 1 0
TARGET 21512 1 0 0 1 0
TARGET 21513 1 1 0 2 0
TARGET 21514 1 0 0 1 0
TARGET 21515 1 1 0 2 0
TARGET 21516 1 1 0 2 0
TARGET 21517 1 1 0 2 0
TARGET 21518 1 1 0 2 0
TARGET 21519 1 1 0 3 0
TARGET 21520 1 1 0 2 0
TARGET 21521 1 1 0 3 0
TARGET 21522 1 1 0 2 0
TARGET 21523 1 1 0 2 0
TARGET 21524 1 2 0 3 0
TARGET 21525 1 1 0 2 0
TARGET 21526 1 0 0 1 0
TARGET 21527 1 0 0 1 0
TARGET 21528 1 0 0 1 0
TARGET 21529 1 0 0 1 0
TARGET 21530 1 0 0 1 0
TARGET 21531 1 0 0 1 0
TARGET 21532 1 0 0 1 0
TARGET 21533 1 0 0 1 0
TARGET 21534 1 1 0 2 0
TARGET 21535 1 0 0 1 0
TARGET 21536 1 1 0 2 0
TARGET 21537 1 0 0 1 0
TARGET 21538 1 0 0 1 0
TARGET 21539 1 1 0 2 0
TARGET 21540 1 0 0 1 0
TARGET 21541 1 0 0 1 0
TARGET 21542 1 0 0 1 0
TARGET 21543 1 0 0 1 0
TARGET 21544 1 1 0 2 0
TARGET 21545 1 0 0 1 0
TARGET 21546 1 1 0 2 0
TARGET 21547 1 0 0 1 0
TARGET 21548 1 0 0 1 0
TARGET 21549 1 1 0 2 0
TARGET 21550 1 0 0 1 0
TARGET 21551 1 0 0 1 0
TARGET 21552 1 0 0 1 0
TARGET 21553 1 0 0 1 0
TARGET 21554 1 0 0 1 0
TARGET 21555 1 0 0 1 0
TARGET 21556 1 1 0 2 0
TARGET 21557 1 0 0 1 0
TARGET 21558 1 1 0 2 0
TARGET 21559 1 0 0 1 0
TARGET 21560 1 0 0 1 0
TARGET 21561 1 1 0 2 0
TARGET 21562 1 0 0 1 0
TARGET 21563 1 0 0 1 0
TARGET 21564 1 0 0 1 0
TARGET 21565 1 1 0 2 0
TARGET 21566 1 0 0 1 0
TARGET 21567 1 1 0 2 0
TARGET 21568 1 0 0 1 0
TARGET 21569 1 0 0 1 0
TARGET 21570 1 1 0 2 0
TARGET 21571 1 0 0 1 0
TARGET 21572 1 0 0 1 0
TARGET 21573 1 0 0 1 0
TARGET 21574 1 1 0 2 0
TARGET 21575 1 0 0 1 0
TARGET 21576 1 1 0 2 0
TARGET 21577 1 0 0 1 0
TARGET 21578 1 0 0 1 0
TARGET 21579 1 1 0 2 0
TARGET 21580 1 0 0 1 0
TARGET 21581 1 0 0 0 0
TARGET 21582 1 0 0 0 0
TARGET 21583 1 0 0 0 0
TARGET 21584 1 0 0 0 0
TARGET 21585 1 0 0 0 0
TARGET 21586 1 1 0 1 0
TARGET 21587 1 0 0 0 0
TARGET 21588 1 1 0 1 0
TARGET 21589 1 0 0 0 0
TARGET 21590 1 0 0 0 0
TARGET 21591 1 1 0 1 0
TARGET 21592 1 0 0 0 0
TARGET 21593 1 1 0 1 0
TARGET 21594 1 1 0 2 0
TARGET 21595 1 1 0 1 0
TARGET 21596 1 1 0 2 0
TARGET 21597 1 1 0 1 0
TARGET 21598 1 0 0 1 0
TARGET 21599 1 1 0 2 0
TARGET 21600 1 1 0 1 0
TARGET 21601 1 1 0 1 0
TARGET 21602 1 0 0 1 0
TARGET 21603 1 1 0 1 0
TARGET 21604 1 1 0 2 0
TARGET 21605 1 1 0 1 0
TARGET 21606 1 1 0 2 0
TARGET 21607 1 1 0 1 0
TARGET 21608 1 0 0 1 0
TARGET 21609 1 1 0 2 0
TARGET 21610 1 0 0 1 0
TARGET 21611 1 0 0 1 0
TARGET 21612 1 1 0 1 0
TARGET 21613 1 1 0 1 0
TARGET 21614 1 1 0 1 0
TARGET 21615 1 0 0 1 0
TARGET 21616 1 0 0 0 0
TARGET 21617 1 1 0 3 0
TARGET 21618 1 1 0 2 0
TARGET 21619 1 1 0 3 0
TARGET 21620 1 1 0 2 0
TARGET 21621 1 1 0 2 0
TARGET 21622 1 1 0 3 0
TARGET 21623 1 1 0 2 0
TARGET 21624 1 1 0 2 0
TARGET 21625 1 1 0 2 0
TARGET 21626 1 1 0 2 0
TARGET 21627 1 1 0 3 0
TARGET 21628 1 1 0 2 0
TARGET 21629 1 1 0 3 0
TARGET 21630 1 1 0 2 0
TARGET 21631 1 1 0 2 0
TARGET 21632 1 1 0 3 0
TARGET 21633 1 1 0 2 0
TARGET 21634 1 1 0 2 0
TARGET 21635 1 1 0 2 0
TARGET 21636 1 1 0 2 0
TARGET 21637 1 1 0 2 0
TARGET 21638 1 1 0 2 0
TARGET 21639 1 1 0 1 0
TARGET 21640 1 1 0 2 0
TARGET 21641 1 1 0 1 0
TARGET 21642 1 0 0 1 0
TARGET 21643 1 1 0 2 0
TARGET 21644 1 1 0 1 0
TARGET 21645 1 1 0 1 0
TARGET 21646 1 0 0 1 0
TARGET 21647 1 1 0 1 0
TARGET 21648 1 1 0 2 0
TARGET 21649 1 1 0 1 0
TARGET 21650 1 1 0 2 0
TARGET 21651 1 1 0 1 0
TARGET 21652 1 0 0 1 0
TARGET 21653 1 1 0 2 0
TARGET 21654 1 0 0 1 0
TARGET 21655 1 0 0 1 0
TARGET 21656 1 1 0 1 0
TARGET 21657 1 1 0 1 0
TARGET 21658 1 1 0 1 0
TARGET 21659 1 0 0 1 0
TARGET 21660 1 0 0 2 0
TARGET 21661 1 0 0 0 0
TARGET 21662 1 1 0 3 0
TARGET 21663 1 1 0 2 0
TARGET 21664 1 1 0 2 0
TARGET 21665 1 1 0 3 0
TARGET 21666 1 1 0 2 0
TARGET 21667 1 1 0 2 0
TARGET 21668 1 1 0 2 0
TARGET 21669 1 1 0 2 0
TARGET 21670 1 1 0 3 0
TARGET 21671 1 1 0 2 0
TARGET 21672 1 1 0 3 0
TARGET 21673 1 1 0 2 0
TARGET 21674 1 1 0 2 0
TARGET 21675 1 1 0 3 0
TARGET 21676 1 1 0 2 0
TARGET 21677 1 1 0 2 0
TARGET 21678 1 1 0 2 0
TARGET 21679 1 1 0 2 0
TARGET 21680 1 1 0 2 0
TARGET 21681 1 1 0 2 0
TARGET 21682 1 1 0 1 0
TARGET 21683 1 0 0 1 0
TARGET 21684 1 1 0 2 0
TARGET 21685 1 1 0 1 0
TARGET 21686 1 1 0 1 0
TARGET 21687 1 0 0 1 0
TARGET 21688 1 1 0 1 0
TARGET 21689 1 1 0 2 0
TARGET 21690 1 1 0 1 0
TARGET 21691 1 1 0 2 0
TARGET 21692 1 1 0 1 0
TARGET 21693 1 0 0 1 0
TARGET 21694 1 1 0 2 0
TARGET 21695 1 0 0 1 0
TARGET 21696 1 0 0 1 0
TARGET 21697 1 1 0 1 0
TARGET 21698 1 1 0 1 0
TARGET 21699 1 1 0 1 0
TARGET 21700 1 0 0 1 0
TARGET 21701 1 0 0 2 0
TARGET 21702 1 0 0 0 0
TARGET 21703 1 0 0 1 0
TARGET 21704 1 1 0 2 0
TARGET 21705 1 0 0 1 0
TARGET 21706 1 0 0 1 0
TARGET 21707 1 0 0 1 0
TARGET 21708 1 0 0 1 0
TARGET 21709 1 1 0 2 0
TARGET 21710 1 0 0 1 0
TARGET 21711 1 1 0 2 0
TARGET 21712 1 0 0 1 0
TARGET 21713 1 0 0 1 0
TARGET 21714 1 1 0 2 0
TARGET 21715 1 0 0 1 0
TARGET 21716 1 0 0 1 0
TARGET 21717 1 0 0 1 0
TARGET 21718 1 0 0 1 0
TARGET 21719 1 0 0 1 0
TARGET 21720 1 0 0 1 0
TARGET 21721 1 0 0 0 0
TARGET 21722 1 2 0 3 0
TARGET 21723 1 1 0 2 0
TARGET 21724 1 1 0 2 0
TARGET 21725 1 1 0 2 0
TARGET 21726 1 1 0 2 0
TARGET 21727 1 1 0 3 0
TARGET 21728 1 1 0 2 0
TARGET 21729 1 1 0 3 0
TARGET 21730 1 1 0 2 0
TARGET 21731 1 1 0 2 0
TARGET 21732 1 2 0 3 0
TARGET 21733 1 1 0 2 0
TARGET 21734 1 1 0 2 0
TARGET 21735 1 1 0 2 0
TARGET 21736 1 1 0 2 0
TARGET 21737 1 1 0 2 0
TARGET 21738 1 1 0 2 0
TARGET 21739 1 0 0 1 0
TARGET 21740 1 1 0 1 0
TARGET 21741 1 1 0 1 0
TARGET 21742 1 1 0 1 0
TARGET 21743 1 0 0 1 0
TARGET 21744 1 0 0 1 0
TARGET 21745 1 0 0 1 0
TARGET 21746 1 0 0 1 0
TARGET 21747 1 1 0 2 0
TARGET 21748 1 0 0 1 0
TARGET 21749 1 1 0 2 0
TARGET 21750 1 0 0 1 0
TARGET 21751 1 0 0 1 0
TARGET 21752 1 1 0 2 0
TARGET 21753 1 0 0 1 0
TARGET 21754 1 1 0 1 0
TARGET 21755 1 0 0 1 0
TARGET 21756 1 1 0 1 0
TARGET 21757 1 1 0 2 0
TARGET 21758 1 1 0 1 0
TARGET 21759 1 1 0 2 0
TARGET 21760 1 1 0 1 0
TARGET 21761 1 0 0 1 0
TARGET 21762 1 1 0 2 0
TARGET 21763 1 0 0 1 0
TARGET 21764 1 0 0 2 0
TARGET 21765 1 1 0 1 0
TARGET 21766 1 1 0 1 0
TARGET 21767 1 0 0 1 0
TARGET 21768 1 0 0 1 0
TARGET 21769 1 1 0 1 0
TARGET 21770 1 1 0 2 0
TARGET 21771 1 1 0 1 0
TARGET 21772 1 1 0 2 0
TARGET 21773 1 1 0 1 0
TARGET 21774 1 0 0 1 0
TARGET 21775 1 1 0 2 0
TARGET 21776 1 0 0 1 0
TARGET 21777 1 0 0 1 0
TARGET 21778 1 1 0 1 0
TARGET 21779 1 1 0 2 0
TARGET 21780 1 1 0 1 0
TARGET 21781 1 1 0 2 0
TARGET 21782 1 1 0 1 0
TARGET 21783 1 0 0 1 0
TARGET 21784 1 1 0 2 0
TARGET 21785 1 0 0 1 0
TARGET 21786 1 0 0 1 0
TARGET 21787 1 0 0 1 0
TARGET 21788 1 1 0 2 0
TARGET 21789 1 0 0 1 0
TARGET 21790 1 1 0 2 0
TARGET 21791 1 0 0 1 0
TARGET 21792 1 0 0 1 0
TARGET 21793 1 1 0 2 0
TARGET 21794 1 0 0 1 0
TARGET 21795 1 0 0 1 0
TARGET 21796 1 0 0 1 0
TARGET 21797 1 0 0 1 0
TARGET 21798 1 0 0 1 0
TARGET 21799 1 0 0 1 0
TARGET 21800 1 0 0 0 0
TARGET 21801 1 1 0 1 0
TARGET 21802 1 1 0 1 0
TARGET 21803 1 1 0 1 0
TARGET 21804 1 0 0 1 0
TARGET 21805 1 0 0 0 0
TARGET 21806 1 1 0 1 0
TARGET 21807 1 1 0 1 0
TARGET 21808 1 0 0 1 0
TARGET 21809 1 0 0 0 0
TARGET 21810 1 1 0 1 0
TARGET 21811 1 0 0 1 0
TARGET 21812 1 0 0 0 0
TARGET 21813 1 0 0 1 0
TARGET 21814 1 0 0 0 0
TARGET 21815 1 0 0 0 0
TARGET 21816 1 0 0 0 0
TARGET 21817 1 0 0 0 0
TARGET 21818 1 0 0 0 0
TARGET 21819 1 1 0 1 0
TARGET 21820 1 0 0 0 0
TARGET 21821 1 1 0 1 0
TARGET 21822 1 0 0 0 0
TARGET 21823 1 0 0 0 0
TARGET 21824 1 1 0 1 0
TARGET 21825 1 0 0 0 0
TARGET 21826 1 1 0 3 0
TARGET 21827 1 2 0 3 0
TARGET 21828 1 2 0 3 0
TARGET 21829 1 1 0 3 0
TARGET 21830 1 3 0 4 0
TARGET 21831 1 2 0 3 0
TARGET 21832 1 1 0 4 0
TARGET 21833 1 1 0 3 0
TARGET 21834 1 2 0 3 0
TARGET 21835 1 1 0 4 0
TARGET 21836 1 2 0 3 0
TARGET 21837 1 1 0 2 0
TARGET 21838 1 1 0 2 0
TARGET 21839 1 1 0 2 0
TARGET 21840 1 1 0 2 0
TARGET 21841 1 2 0 3 0
TARGET 21842 1 1 0 2 0
TARGET 21843 1 1 0 3 0
TARGET 21844 1 1 0 2 0
TARGET 21845 1 1 0 2 0
TARGET 21846 1 1 0 3 0
TARGET 21847 1 1 0 2 0
TARGET 21848 1 1 0 3 0
TARGET 21849 1 1 0 3 0
TARGET 21850 1 1 0 3 0
TARGET 21851 1 1 0 3 0
TARGET 21852 1 1 0 4 0
TARGET 21853 1 1 0 3 0
TARGET 21854 1 1 0 4 0
TARGET 21855 1 1 0 3 0
TARGET 21856 1 1 0 3 0
TARGET 21857 1 1 0 4 0
TARGET 21858 1 1 0 3 0
TARGET 21859 1 1 0 2 0
TARGET 21860 1 1 0 2 0
TARGET 21861 1 1 0 2 0
TARGET 21862 1 1 0 2 0
TARGET 21863 1 1 0 3 0
TARGET 21864 1 1 0 2 0
TARGET 21865 1 1 0 3 0
TARGET 21866 1 1 0 2 0
TARGET 21867 1 1 0 2 0
TARGET 21868 1 1 0 3 0
TARGET 21869 1 1 0 2 0
TARGET 21870 1 1 0 2 0
TARGET 21871 1 1 0 2 0
TARGET 21872 1 1 0 2 0
TARGET 21873 1 1 0 2 0
TARGET 21874 1 2 0 3 0
TARGET 21875 1 1 0 2 0
TARGET 21876 1 1 0 3 0
TARGET 21877 1 1 0 2 0
TARGET 21878 1 1 0 2 0
TARGET 21879 1 1 0 3 0
TARGET 21880 1 1 0 2 0
TARGET 21881 1 1 0 3 0
TARGET 21882 1 1 0 3 0
TARGET 21883 1 1 0 3 0
TARGET 21884 1 1 0 3 0
TARGET 21885 1 1 0 4 0
TARGET 21886 1 1 0 3 0
TARGET 21887 1 1 0 4 0
TARGET 21888 1 1 0 3 0
TARGET 21889 1 1 0 3 0
TARGET 21890 1 1 0 4 0
TARGET 21891 1 1 0 3 0
TARGET 21892 1 1 0 2 0
TARGET 21893 1 1 0 2 0
TARGET 21894 1 1 0 2 0
TARGET 21895 1 1 0 2 0
TARGET 21896 1 1 0 2 0
TARGET 21897 1 1 0 2 0
TARGET 21898 1 1 0 2 0
TARGET 21899 1 1 0 2 0
TARGET 21900 1 2 0 3 0
TARGET 21901 1 1 0 2 0
TARGET 21902 1 1 0 3 0
TARGET 21903 1 1 0 2 0
TARGET 21904 1 1 0 2 0
TARGET 21905 1 1 0 3 0
TARGET 21906 1 1 0 2 0
TARGET 21907 1 1 0 2 0
TARGET 21908 1 1 0 2 0
TARGET 21909 1 1 0 2 0
TARGET 21910 1 1 0 3 0
TARGET 21911 1 1 0 2 0
TARGET 21912 1 1 0 3 0
TARGET 21913 1 1 0 2 0
TARGET 21914 1 1 0 2 0
TARGET 21915 1 1 0 3 0
TARGET 21916 1 1 0 2 0
TARGET 21917 1 1 0 2 0
TARGET 21918 1 1 0 2 0
TARGET 21919 1 1 0 2 0
TARGET 21920 1 1 0 2 0
TARGET 21921 1 1 0 2 0
TARGET 21922 1 1 0 3 0
TARGET 21923 1 1 0 2 0
TARGET 21924 1 1 0 3 0
TARGET 21925 1 1 0 2 0
TARGET 21926 1 1 0 2 0
TARGET 21927 1 1 0 3 0
TARGET 21928 1 1 0 2 0
TARGET 21929 1 1 0 2 0
TARGET 21930 1 1 0 2 0
TARGET 21931 1 2 0 3 0
TARGET 21932 1 1 0 2 0
TARGET 21933 1 1 0 3 0
TARGET 21934 1 1 0 2 0
TARGET 21935 1 1 0 2 0
TARGET 21936 1 1 0 3 0
TARGET 21937 1 1 0 2 0
TARGET 21938 1 1 0 2 0
TARGET 21939 1 1 0 2 0
TARGET 21940 1 2 0 3 0
TARGET 21941 1 1 0 2 0
TARGET 21942 1 1 0 3 0
TARGET 21943 1 1 0 2 0
TARGET 21944 1 1 0 2 0
TARGET 21945 1 1 0 3 0
TARGET 21946 1 1 0 2 0
TARGET 21947 1 1 0 1 0
TARGET 21948 1 1 0 1 0
TARGET 21949 1 0 0 1 0
TARGET 21950 1 1 0 1 0
TARGET 21951 1 1 0 2 0
TARGET 21952 1 1 0 1 0
TARGET 21953 1 1 0 2 0
TARGET 21954 1 1 0 1 0
TARGET 21955 1 0 0 1 0
TARGET 21956 1 1 0 2 0
TARGET 21957 1 0 0 1 0
TARGET 21958 1 1 0 2 0
TARGET 21959 1 1 0 2 0
TARGET 21960 1 1 0 2 0
TARGET 21961 1 1 0 2 0
TARGET 21962 1 1 0 3 0
TARGET 21963 1 1 0 2 0
TARGET 21964 1 1 0 3 0
TARGET 21965 1 1 0 2 0
TARGET 21966 1 1 0 2 0
TARGET 21967 1 1 0 3 0
TARGET 21968 1 1 0 2 0
TARGET 21969 1 1 0 1 0
TARGET 21970 1 1 0 1 0
TARGET 21971 1 0 0 1 0
TARGET 21972 1 1 0 1 0
TARGET 21973 1 1 0 2 0
TARGET 21974 1 1 0 1 0
TARGET 21975 1 1 0 2 0
TARGET 21976 1 1 0 1 0
TARGET 21977 1 0 0 1 0
TARGET 21978 1 1 0 2 0
TARGET 21979 1 0 0 1 0
TARGET 21980 1 0 0 1 0
TARGET 21981 1 0 0 1 0
TARGET 21982 1 0 0 1 0
TARGET 21983 1 0 0 1 0
TARGET 21984 1 1 0 2 0
TARGET 21985 1 0 0 1 0
TARGET 21986 1 1 0 2 0
TARGET 21987 1 0 0 1 0
TARGET 21988 1 0 0 1 0
TARGET 21989 1 1 0 2 0
TARGET 21990 1 0 0 1 0
TARGET 21991 1 1 0 2 0
TARGET 21992 1 1 0 2 0
TARGET 21993 1 1 0 2 0
TARGET 21994 1 1 0 2 0
TARGET 21995 1 1 0 3 0
TARGET 21996 1 1 0 2 0
TARGET 21997 1 1 0 3 0
TARGET 21998 1 1 0 2 0
TARGET 21999 1 1 0 2 0
TARGET 22000 1 1 0 3 0
PASS_1962_MONOMIAL_INTERVAL 21001 22000 1000 0
