TARGET 1 1 0 0 1 0
TARGET 2 1 0 0 1 0
TARGET 3 1 1 0 2 0
TARGET 4 1 0 0 1 0
TARGET 5 1 0 0 1 0
TARGET 6 1 0 0 1 0
TARGET 7 1 0 0 1 0
TARGET 8 1 0 0 0 0
TARGET 9 1 0 0 1 0
TARGET 10 1 1 0 2 0
TARGET 11 1 0 0 1 0
TARGET 12 1 0 0 1 0
TARGET 13 1 0 0 1 0
TARGET 14 1 0 0 1 0
TARGET 15 1 0 0 0 0
TARGET 16 1 2 0 3 0
TARGET 17 1 1 0 2 0
TARGET 18 1 1 0 2 0
TARGET 19 1 1 0 2 0
TARGET 20 1 1 0 2 0
TARGET 21 1 0 0 1 0
TARGET 22 1 0 0 1 0
TARGET 23 1 0 0 1 0
TARGET 24 1 0 0 1 0
TARGET 25 1 0 0 2 0
TARGET 26 1 0 0 0 0
TARGET 27 1 0 0 1 0
TARGET 28 1 0 0 1 0
TARGET 29 1 0 0 1 0
TARGET 30 1 0 0 0 0
TARGET 31 1 0 0 1 0
TARGET 32 1 0 0 1 0
TARGET 33 1 0 0 0 0
TARGET 34 1 0 0 1 0
TARGET 35 1 0 0 0 0
TARGET 36 1 0 0 1 0
TARGET 37 1 1 0 2 0
TARGET 38 1 0 0 1 0
TARGET 39 1 0 0 1 0
TARGET 40 1 0 0 1 0
TARGET 41 1 0 0 1 0
TARGET 42 1 0 0 1 0
TARGET 43 1 1 0 2 0
TARGET 44 1 0 0 1 0
TARGET 45 1 0 0 1 0
TARGET 46 1 0 0 1 0
TARGET 47 1 0 0 1 0
TARGET 48 1 1 0 2 0
TARGET 49 1 0 0 1 0
TARGET 50 1 0 0 1 0
TARGET 51 1 0 0 1 0
TARGET 52 1 0 0 1 0
TARGET 53 1 2 0 3 0
TARGET 54 1 1 0 2 0
TARGET 55 1 1 0 2 0
TARGET 56 1 1 0 2 0
TARGET 57 1 1 0 2 0
TARGET 58 1 1 0 2 0
TARGET 59 1 0 0 1 0
TARGET 60 1 0 0 1 0
TARGET 61 1 0 0 1 0
TARGET 62 1 0 0 1 0
TARGET 63 1 1 0 2 0
TARGET 64 1 1 0 2 0
TARGET 65 1 1 0 2 0
TARGET 66 1 0 0 1 0
TARGET 67 1 0 0 1 0
TARGET 68 1 0 0 1 0
TARGET 69 1 0 0 1 0
TARGET 70 1 0 0 1 0
TARGET 71 1 0 0 1 0
TARGET 72 1 0 0 1 0
TARGET 73 1 0 0 1 0
TARGET 74 1 0 0 1 0
TARGET 75 1 0 0 1 0
TARGET 76 1 0 0 1 0
TARGET 77 1 0 0 1 0
TARGET 78 1 0 0 0 0
TARGET 79 1 1 0 1 0
TARGET 80 1 0 0 0 0
TARGET 81 1 0 0 0 0
TARGET 82 1 0 0 0 0
TARGET 83 1 0 0 0 0
TARGET 84 1 0 0 1 0
TARGET 85 1 1 0 2 0
TARGET 86 1 0 0 1 0
TARGET 87 1 0 0 1 0
TARGET 88 1 0 0 1 0
TARGET 89 1 0 0 1 0
TARGET 90 1 0 0 0 0
TARGET 91 1 2 0 3 0
TARGET 92 1 1 0 2 0
TARGET 93 1 1 0 2 0
TARGET 94 1 1 0 2 0
TARGET 95 1 1 0 2 0
TARGET 96 1 0 0 1 0
TARGET 97 1 0 0 1 0
TARGET 98 1 0 0 1 0
TARGET 99 1 0 0 1 0
TARGET 100 1 0 0 2 0
TARGET 101 1 0 0 0 0
TARGET 102 1 0 0 1 0
TARGET 103 1 0 0 1 0
TARGET 104 1 0 0 1 0
TARGET 105 1 0 0 0 0
TARGET 106 1 0 0 1 0
TARGET 107 1 0 0 1 0
TARGET 108 1 0 0 0 0
TARGET 109 1 0 0 1 0
TARGET 110 1 0 0 0 0
TARGET 111 1 1 0 2 0
TARGET 112 1 0 0 1 0
TARGET 113 1 0 0 1 0
TARGET 114 1 0 0 1 0
TARGET 115 1 0 0 1 0
TARGET 116 1 2 0 3 0
TARGET 117 1 1 0 2 0
TARGET 118 1 1 0 2 0
TARGET 119 1 1 0 2 0
TARGET 120 1 1 0 2 0
TARGET 121 1 1 0 2 0
TARGET 122 1 0 0 1 0
TARGET 123 1 0 0 1 0
TARGET 124 1 0 0 1 0
TARGET 125 1 0 0 1 0
TARGET 126 1 1 0 2 0
TARGET 127 1 1 0 2 0
TARGET 128 1 1 0 2 0
TARGET 129 1 0 0 1 0
TARGET 130 1 0 0 1 0
TARGET 131 1 0 0 1 0
TARGET 132 1 0 0 1 0
TARGET 133 1 0 0 1 0
TARGET 134 1 0 0 1 0
TARGET 135 1 0 0 1 0
TARGET 136 1 0 0 1 0
TARGET 137 1 0 0 1 0
TARGET 138 1 0 0 1 0
TARGET 139 1 0 0 1 0
TARGET 140 1 0 0 1 0
TARGET 141 1 1 0 1 0
TARGET 142 1 0 0 0 0
TARGET 143 1 0 0 0 0
TARGET 144 1 0 0 0 0
TARGET 145 1 0 0 0 0
TARGET 146 1 3 0 4 0
TARGET 147 1 2 0 3 0
TARGET 148 1 2 0 3 0
TARGET 149 1 2 0 3 0
TARGET 150 1 2 0 3 0
TARGET 151 1 1 0 2 0
TARGET 152 1 1 0 2 0
TARGET 153 1 1 0 2 0
TARGET 154 1 1 0 2 0
TARGET 155 1 1 0 3 0
TARGET 156 1 1 0 1 0
TARGET 157 1 1 0 2 0
TARGET 158 1 1 0 2 0
TARGET 159 1 1 0 2 0
TARGET 160 1 1 0 1 0
TARGET 161 1 1 0 2 0
TARGET 162 1 1 0 2 0
TARGET 163 1 1 0 1 0
TARGET 164 1 1 0 2 0
TARGET 165 1 1 0 1 0
TARGET 166 1 2 0 3 0
TARGET 167 1 1 0 2 0
TARGET 168 1 1 0 2 0
TARGET 169 1 1 0 2 0
TARGET 170 1 1 0 2 0
TARGET 171 1 1 0 1 0
TARGET 172 1 0 0 1 0
TARGET 173 1 0 0 1 0
TARGET 174 1 1 0 1 0
TARGET 175 1 0 0 2 0
TARGET 176 1 0 0 0 0
TARGET 177 1 0 0 1 0
TARGET 178 1 0 0 1 0
TARGET 179 1 0 0 1 0
TARGET 180 1 0 0 0 0
TARGET 181 1 0 0 1 0
TARGET 182 1 0 0 1 0
TARGET 183 1 0 0 0 0
TARGET 184 1 1 0 1 0
TARGET 185 1 0 0 0 0
TARGET 186 1 2 0 3 0
TARGET 187 1 2 0 3 0
TARGET 188 1 2 0 3 0
TARGET 189 1 1 0 2 0
TARGET 190 1 1 0 2 0
TARGET 191 1 1 0 2 0
TARGET 192 1 1 0 2 0
TARGET 193 1 1 0 2 0
TARGET 194 1 1 0 2 0
TARGET 195 1 1 0 2 0
TARGET 196 1 1 0 2 0
TARGET 197 1 1 0 2 0
TARGET 198 1 1 0 2 0
TARGET 199 1 1 0 2 0
TARGET 200 1 1 0 2 0
TARGET 201 1 0 0 1 0
TARGET 202 1 0 0 1 0
TARGET 203 1 1 0 1 0
TARGET 204 1 0 0 1 0
TARGET 205 1 0 0 1 0
TARGET 206 1 0 0 1 0
TARGET 207 1 0 0 2 0
TARGET 208 1 0 0 1 0
TARGET 209 1 0 0 1 0
TARGET 210 1 0 0 1 0
TARGET 211 1 0 0 1 0
TARGET 212 1 0 0 2 0
TARGET 213 1 0 0 1 0
TARGET 214 1 1 0 1 0
TARGET 215 1 0 0 2 0
TARGET 216 1 0 0 0 0
TARGET 217 1 0 0 0 0
TARGET 218 1 0 0 0 0
TARGET 219 1 0 0 1 0
TARGET 220 1 0 0 1 0
TARGET 221 1 0 0 1 0
TARGET 222 1 0 0 0 0
TARGET 223 1 0 0 1 0
TARGET 224 1 0 0 1 0
TARGET 225 1 0 0 0 0
TARGET 226 1 0 0 1 0
TARGET 227 1 0 0 0 0
TARGET 228 1 0 0 1 0
TARGET 229 1 0 0 1 0
TARGET 230 1 0 0 1 0
TARGET 231 1 0 0 1 0
TARGET 232 1 0 0 1 0
TARGET 233 1 0 0 1 0
TARGET 234 1 0 0 0 0
TARGET 235 1 0 0 0 0
TARGET 236 1 0 0 1 0
TARGET 237 1 0 0 1 0
TARGET 238 1 0 0 0 0
TARGET 239 1 0 0 1 0
TARGET 240 1 0 0 0 0
TARGET 241 1 0 0 1 0
TARGET 242 1 0 0 1 0
TARGET 243 1 0 0 0 0
TARGET 244 1 1 0 1 0
TARGET 245 1 0 0 0 0
TARGET 246 1 0 0 1 0
TARGET 247 1 0 0 1 0
TARGET 248 1 1 0 2 0
TARGET 249 1 0 0 1 0
TARGET 250 1 0 0 1 0
TARGET 251 1 0 0 1 0
TARGET 252 1 0 0 1 0
TARGET 253 1 0 0 0 0
TARGET 254 1 0 0 1 0
TARGET 255 1 1 0 2 0
TARGET 256 1 0 0 1 0
TARGET 257 1 0 0 1 0
TARGET 258 1 0 0 1 0
TARGET 259 1 0 0 1 0
TARGET 260 1 0 0 0 0
TARGET 261 1 2 0 3 0
TARGET 262 1 1 0 2 0
TARGET 263 1 1 0 2 0
TARGET 264 1 1 0 2 0
TARGET 265 1 1 0 2 0
TARGET 266 1 0 0 1 0
TARGET 267 1 0 0 1 0
TARGET 268 1 0 0 1 0
TARGET 269 1 0 0 1 0
TARGET 270 1 0 0 2 0
TARGET 271 1 0 0 0 0
TARGET 272 1 0 0 1 0
TARGET 273 1 0 0 1 0
TARGET 274 1 0 0 1 0
TARGET 275 1 0 0 0 0
TARGET 276 1 0 0 1 0
TARGET 277 1 0 0 1 0
TARGET 278 1 0 0 0 0
TARGET 279 1 0 0 1 0
TARGET 280 1 0 0 0 0
TARGET 281 1 0 0 1 0
TARGET 282 1 0 0 1 0
TARGET 283 1 1 0 2 0
TARGET 284 1 0 0 1 0
TARGET 285 1 0 0 1 0
TARGET 286 1 0 0 1 0
TARGET 287 1 0 0 1 0
TARGET 288 1 0 0 0 0
TARGET 289 1 0 0 1 0
TARGET 290 1 1 0 2 0
TARGET 291 1 0 0 1 0
TARGET 292 1 0 0 1 0
TARGET 293 1 0 0 1 0
TARGET 294 1 0 0 1 0
TARGET 295 1 0 0 0 0
TARGET 296 1 2 0 3 0
TARGET 297 1 1 0 2 0
TARGET 298 1 1 0 2 0
TARGET 299 1 1 0 2 0
TARGET 300 1 1 0 2 0
TARGET 301 1 0 0 1 0
TARGET 302 1 0 0 1 0
TARGET 303 1 0 0 1 0
TARGET 304 1 0 0 1 0
TARGET 305 1 0 0 2 0
TARGET 306 1 0 0 0 0
TARGET 307 1 0 0 1 0
TARGET 308 1 0 0 1 0
TARGET 309 1 0 0 1 0
TARGET 310 1 0 0 0 0
TARGET 311 1 0 0 1 0
TARGET 312 1 0 0 1 0
TARGET 313 1 0 0 0 0
TARGET 314 1 0 0 1 0
TARGET 315 1 0 0 0 0
TARGET 316 1 1 0 2 0
TARGET 317 1 0 0 1 0
TARGET 318 1 0 0 1 0
TARGET 319 1 0 0 1 0
TARGET 320 1 0 0 1 0
TARGET 321 1 1 0 2 0
TARGET 322 1 0 0 1 0
TARGET 323 1 0 0 1 0
TARGET 324 1 0 0 1 0
TARGET 325 1 0 0 1 0
TARGET 326 1 2 0 3 0
TARGET 327 1 1 0 2 0
TARGET 328 1 1 0 2 0
TARGET 329 1 1 0 2 0
TARGET 330 1 1 0 2 0
TARGET 331 1 1 0 2 0
TARGET 332 1 0 0 1 0
TARGET 333 1 0 0 1 0
TARGET 334 1 0 0 1 0
TARGET 335 1 0 0 1 0
TARGET 336 1 1 0 2 0
TARGET 337 1 1 0 2 0
TARGET 338 1 1 0 2 0
TARGET 339 1 0 0 1 0
TARGET 340 1 0 0 1 0
TARGET 341 1 0 0 1 0
TARGET 342 1 0 0 1 0
TARGET 343 1 0 0 1 0
TARGET 344 1 0 0 1 0
TARGET 345 1 0 0 1 0
TARGET 346 1 0 0 1 0
TARGET 347 1 0 0 1 0
TARGET 348 1 0 0 1 0
TARGET 349 1 0 0 1 0
TARGET 350 1 0 0 1 0
TARGET 351 1 1 0 1 0
TARGET 352 1 0 0 0 0
TARGET 353 1 0 0 0 0
TARGET 354 1 0 0 0 0
TARGET 355 1 0 0 0 0
TARGET 356 1 1 0 2 0
TARGET 357 1 0 0 1 0
TARGET 358 1 0 0 1 0
TARGET 359 1 0 0 1 0
TARGET 360 1 0 0 1 0
TARGET 361 1 2 0 3 0
TARGET 362 1 1 0 2 0
TARGET 363 1 1 0 2 0
TARGET 364 1 1 0 2 0
TARGET 365 1 1 0 2 0
TARGET 366 1 1 0 2 0
TARGET 367 1 0 0 1 0
TARGET 368 1 0 0 1 0
TARGET 369 1 0 0 1 0
TARGET 370 1 0 0 1 0
TARGET 371 1 1 0 2 0
TARGET 372 1 1 0 2 0
TARGET 373 1 1 0 2 0
TARGET 374 1 0 0 1 0
TARGET 375 1 0 0 1 0
TARGET 376 1 0 0 1 0
TARGET 377 1 0 0 1 0
TARGET 378 1 0 0 1 0
TARGET 379 1 0 0 1 0
TARGET 380 1 0 0 1 0
TARGET 381 1 0 0 1 0
TARGET 382 1 0 0 1 0
TARGET 383 1 0 0 1 0
TARGET 384 1 0 0 1 0
TARGET 385 1 0 0 1 0
TARGET 386 1 1 0 1 0
TARGET 387 1 0 0 0 0
TARGET 388 1 0 0 0 0
TARGET 389 1 0 0 0 0
TARGET 390 1 0 0 0 0
TARGET 391 1 3 0 4 0
TARGET 392 1 2 0 3 0
TARGET 393 1 2 0 3 0
TARGET 394 1 2 0 3 0
TARGET 395 1 2 0 3 0
TARGET 396 1 1 0 2 0
TARGET 397 1 1 0 2 0
TARGET 398 1 1 0 2 0
TARGET 399 1 1 0 2 0
TARGET 400 1 1 0 3 0
TARGET 401 1 1 0 1 0
TARGET 402 1 1 0 2 0
TARGET 403 1 1 0 2 0
TARGET 404 1 1 0 2 0
TARGET 405 1 1 0 1 0
TARGET 406 1 1 0 2 0
TARGET 407 1 1 0 2 0
TARGET 408 1 1 0 1 0
TARGET 409 1 1 0 2 0
TARGET 410 1 1 0 1 0
TARGET 411 1 2 0 3 0
TARGET 412 1 1 0 2 0
TARGET 413 1 1 0 2 0
TARGET 414 1 1 0 2 0
TARGET 415 1 1 0 2 0
TARGET 416 1 1 0 1 0
TARGET 417 1 0 0 1 0
TARGET 418 1 1 0 1 0
TARGET 419 1 0 0 1 0
TARGET 420 1 0 0 2 0
TARGET 421 1 0 0 0 0
TARGET 422 1 0 0 1 0
TARGET 423 1 0 0 1 0
TARGET 424 1 0 0 1 0
TARGET 425 1 0 0 0 0
TARGET 426 1 1 0 1 0
TARGET 427 1 0 0 1 0
TARGET 428 1 0 0 0 0
TARGET 429 1 0 0 1 0
TARGET 430 1 0 0 0 0
TARGET 431 1 2 0 3 0
TARGET 432 1 2 0 3 0
TARGET 433 1 2 0 3 0
TARGET 434 1 1 0 2 0
TARGET 435 1 1 0 2 0
TARGET 436 1 1 0 2 0
TARGET 437 1 1 0 2 0
TARGET 438 1 1 0 2 0
TARGET 439 1 1 0 2 0
TARGET 440 1 1 0 2 0
TARGET 441 1 1 0 2 0
TARGET 442 1 1 0 2 0
TARGET 443 1 1 0 2 0
TARGET 444 1 1 0 2 0
TARGET 445 1 1 0 2 0
TARGET 446 1 0 0 1 0
TARGET 447 1 1 0 1 0
TARGET 448 1 0 0 1 0
TARGET 449 1 0 0 1 0
TARGET 450 1 0 0 1 0
TARGET 451 1 0 0 1 0
TARGET 452 1 0 0 2 0
TARGET 453 1 0 0 1 0
TARGET 454 1 0 0 1 0
TARGET 455 1 1 0 1 0
TARGET 456 1 0 0 1 0
TARGET 457 1 0 0 1 0
TARGET 458 1 0 0 2 0
TARGET 459 1 0 0 1 0
TARGET 460 1 0 0 2 0
TARGET 461 1 0 0 0 0
TARGET 462 1 0 0 0 0
TARGET 463 1 0 0 0 0
TARGET 464 1 0 0 1 0
TARGET 465 1 0 0 1 0
TARGET 466 1 0 0 1 0
TARGET 467 1 0 0 0 0
TARGET 468 1 0 0 1 0
TARGET 469 1 0 0 1 0
TARGET 470 1 0 0 0 0
TARGET 471 1 0 0 1 0
TARGET 472 1 0 0 0 0
TARGET 473 1 0 0 1 0
TARGET 474 1 0 0 1 0
TARGET 475 1 0 0 1 0
TARGET 476 1 0 0 1 0
TARGET 477 1 0 0 1 0
TARGET 478 1 0 0 1 0
TARGET 479 1 0 0 0 0
TARGET 480 1 0 0 0 0
TARGET 481 1 1 0 1 0
TARGET 482 1 0 0 1 0
TARGET 483 1 0 0 1 0
TARGET 484 1 0 0 0 0
TARGET 485 1 0 0 1 0
TARGET 486 1 0 0 1 0
TARGET 487 1 0 0 0 0
TARGET 488 1 0 0 0 0
TARGET 489 1 0 0 1 0
TARGET 490 1 0 0 0 0
TARGET 491 1 0 0 1 0
TARGET 492 1 1 0 2 0
TARGET 493 1 0 0 1 0
TARGET 494 1 0 0 1 0
TARGET 495 1 0 0 1 0
TARGET 496 1 0 0 1 0
TARGET 497 1 0 0 1 0
TARGET 498 1 0 0 0 0
TARGET 499 1 2 0 3 0
TARGET 500 1 1 0 2 0
TARGET 501 1 1 0 2 0
TARGET 502 1 1 0 2 0
TARGET 503 1 1 0 2 0
TARGET 504 1 1 0 2 0
TARGET 505 1 0 0 1 0
TARGET 506 1 0 0 1 0
TARGET 507 1 0 0 1 0
TARGET 508 1 0 0 1 0
TARGET 509 1 0 0 1 0
TARGET 510 1 0 0 2 0
TARGET 511 1 0 0 0 0
TARGET 512 1 0 0 1 0
TARGET 513 1 0 0 1 0
TARGET 514 1 0 0 1 0
TARGET 515 1 0 0 1 0
TARGET 516 1 0 0 0 0
TARGET 517 1 0 0 1 0
TARGET 518 1 0 0 1 0
TARGET 519 1 0 0 1 0
TARGET 520 1 0 0 0 0
TARGET 521 1 0 0 1 0
TARGET 522 1 0 0 1 0
TARGET 523 1 0 0 0 0
TARGET 524 1 0 0 1 0
TARGET 525 1 0 0 0 0
TARGET 526 1 1 0 2 0
TARGET 527 1 2 0 3 0
TARGET 528 1 1 0 2 0
TARGET 529 1 1 0 2 0
TARGET 530 1 1 0 2 0
TARGET 531 1 1 0 2 0
TARGET 532 1 1 0 2 0
TARGET 533 1 1 0 1 0
TARGET 534 1 3 0 4 0
TARGET 535 1 2 0 3 0
TARGET 536 1 2 0 3 0
TARGET 537 1 2 0 3 0
TARGET 538 1 2 0 3 0
TARGET 539 1 2 0 3 0
TARGET 540 1 1 0 2 0
TARGET 541 1 1 0 2 0
TARGET 542 1 1 0 2 0
TARGET 543 1 1 0 2 0
TARGET 544 1 1 0 2 0
TARGET 545 1 1 0 3 0
TARGET 546 1 1 0 1 0
TARGET 547 1 1 0 2 0
TARGET 548 1 1 0 2 0
TARGET 549 1 1 0 2 0
TARGET 550 1 1 0 2 0
TARGET 551 1 1 0 1 0
TARGET 552 1 1 0 2 0
TARGET 553 1 1 0 2 0
TARGET 554 1 1 0 2 0
TARGET 555 1 1 0 1 0
TARGET 556 1 1 0 2 0
TARGET 557 1 1 0 2 0
TARGET 558 1 1 0 1 0
TARGET 559 1 1 0 2 0
TARGET 560 1 1 0 1 0
TARGET 561 1 0 0 1 0
TARGET 562 1 1 0 2 0
TARGET 563 1 0 0 1 0
TARGET 564 1 0 0 1 0
TARGET 565 1 0 0 1 0
TARGET 566 1 0 0 1 0
TARGET 567 1 0 0 1 0
TARGET 568 1 0 0 0 0
TARGET 569 1 2 0 3 0
TARGET 570 1 1 0 2 0
TARGET 571 1 1 0 2 0
TARGET 572 1 1 0 2 0
TARGET 573 1 1 0 2 0
TARGET 574 1 1 0 2 0
TARGET 575 1 1 0 1 0
TARGET 576 1 0 0 1 0
TARGET 577 1 1 0 1 0
TARGET 578 1 0 0 1 0
TARGET 579 1 0 0 1 0
TARGET 580 1 0 0 2 0
TARGET 581 1 0 0 0 0
TARGET 582 1 0 0 1 0
TARGET 583 1 0 0 1 0
TARGET 584 1 0 0 1 0
TARGET 585 1 0 0 1 0
TARGET 586 1 0 0 0 0
TARGET 587 1 1 0 1 0
TARGET 588 1 0 0 1 0
TARGET 589 1 0 0 1 0
TARGET 590 1 0 0 0 0
TARGET 591 1 0 0 1 0
TARGET 592 1 0 0 1 0
TARGET 593 1 0 0 0 0
TARGET 594 1 0 0 1 0
TARGET 595 1 0 0 0 0
TARGET 596 1 0 0 1 0
TARGET 597 1 1 0 2 0
TARGET 598 1 0 0 1 0
TARGET 599 1 0 0 1 0
TARGET 600 1 0 0 1 0
TARGET 601 1 0 0 1 0
TARGET 602 1 0 0 1 0
TARGET 603 1 0 0 0 0
TARGET 604 1 2 0 3 0
TARGET 605 1 1 0 2 0
TARGET 606 1 1 0 2 0
TARGET 607 1 1 0 2 0
TARGET 608 1 1 0 2 0
TARGET 609 1 1 0 2 0
TARGET 610 1 0 0 1 0
TARGET 611 1 0 0 1 0
TARGET 612 1 0 0 1 0
TARGET 613 1 0 0 1 0
TARGET 614 1 0 0 1 0
TARGET 615 1 0 0 2 0
TARGET 616 1 0 0 0 0
TARGET 617 1 0 0 1 0
TARGET 618 1 0 0 1 0
TARGET 619 1 0 0 1 0
TARGET 620 1 0 0 1 0
TARGET 621 1 0 0 0 0
TARGET 622 1 0 0 1 0
TARGET 623 1 0 0 1 0
TARGET 624 1 0 0 1 0
TARGET 625 1 0 0 0 0
TARGET 626 1 0 0 1 0
TARGET 627 1 0 0 1 0
TARGET 628 1 0 0 0 0
TARGET 629 1 0 0 1 0
TARGET 630 1 0 0 0 0
TARGET 631 1 0 0 1 0
TARGET 632 1 0 0 1 0
TARGET 633 1 0 0 1 0
TARGET 634 1 1 0 2 0
TARGET 635 1 1 0 2 0
TARGET 636 1 1 0 2 0
TARGET 637 1 0 0 1 0
TARGET 638 1 0 0 1 0
TARGET 639 1 0 0 1 0
TARGET 640 1 0 0 1 0
TARGET 641 1 0 0 1 0
TARGET 642 1 0 0 1 0
TARGET 643 1 0 0 1 0
TARGET 644 1 0 0 1 0
TARGET 645 1 0 0 1 0
TARGET 646 1 0 0 1 0
TARGET 647 1 0 0 1 0
TARGET 648 1 0 0 1 0
TARGET 649 1 0 0 1 0
TARGET 650 1 0 0 1 0
TARGET 651 1 0 0 1 0
TARGET 652 1 0 0 0 0
TARGET 653 1 0 0 0 0
TARGET 654 1 0 0 0 0
TARGET 655 1 2 0 3 0
TARGET 656 1 2 0 3 0
TARGET 657 1 2 0 3 0
TARGET 658 1 1 0 2 0
TARGET 659 1 1 0 2 0
TARGET 660 1 1 0 2 0
TARGET 661 1 1 0 2 0
TARGET 662 1 1 0 2 0
TARGET 663 1 1 0 2 0
TARGET 664 1 1 0 2 0
TARGET 665 1 1 0 2 0
TARGET 666 1 1 0 2 0
TARGET 667 1 1 0 2 0
TARGET 668 1 1 0 2 0
TARGET 669 1 1 0 2 0
TARGET 670 1 1 0 2 0
TARGET 671 1 1 0 2 0
TARGET 672 1 1 0 2 0
TARGET 673 1 1 0 1 0
TARGET 674 1 0 0 1 0
TARGET 675 1 0 0 1 0
TARGET 676 1 0 0 1 0
TARGET 677 1 0 0 1 0
TARGET 678 1 0 0 1 0
TARGET 679 1 1 0 1 0
TARGET 680 1 0 0 1 0
TARGET 681 1 0 0 1 0
TARGET 682 1 0 0 1 0
TARGET 683 1 0 0 1 0
TARGET 684 1 0 0 2 0
TARGET 685 1 0 0 1 0
TARGET 686 1 0 0 1 0
TARGET 687 1 0 0 2 0
TARGET 688 1 0 0 1 0
TARGET 689 1 0 0 1 0
TARGET 690 1 0 0 2 0
TARGET 691 1 0 0 0 0
TARGET 692 1 0 0 0 0
TARGET 693 1 0 0 0 0
TARGET 694 1 0 0 1 0
TARGET 695 1 0 0 1 0
TARGET 696 1 0 0 1 0
TARGET 697 1 0 0 1 0
TARGET 698 1 0 0 1 0
TARGET 699 1 0 0 1 0
TARGET 700 1 0 0 1 0
TARGET 701 1 0 0 1 0
TARGET 702 1 0 0 1 0
TARGET 703 1 0 0 1 0
TARGET 704 1 0 0 1 0
TARGET 705 1 0 0 1 0
TARGET 706 1 0 0 0 0
TARGET 707 1 0 0 0 0
TARGET 708 1 0 0 0 0
TARGET 709 1 1 0 1 0
TARGET 710 1 0 0 1 0
TARGET 711 1 0 0 1 0
TARGET 712 1 0 0 1 0
TARGET 713 1 0 0 1 0
TARGET 714 1 0 0 0 0
TARGET 715 1 0 0 1 0
TARGET 716 1 0 0 1 0
TARGET 717 1 0 0 1 0
TARGET 718 1 0 0 1 0
TARGET 719 1 0 0 1 0
TARGET 720 1 0 0 1 0
TARGET 721 1 0 0 0 0
TARGET 722 1 0 0 1 0
TARGET 723 1 0 0 0 0
TARGET 724 1 0 0 0 0
TARGET 725 1 0 0 0 0
TARGET 726 1 0 0 1 0
TARGET 727 1 0 0 1 0
TARGET 728 1 0 0 0 0
TARGET 729 1 0 0 1 0
TARGET 730 1 0 0 0 0
TARGET 731 1 0 0 1 0
TARGET 732 1 0 0 1 0
TARGET 733 1 0 0 0 0
TARGET 734 1 0 0 1 0
TARGET 735 1 0 0 0 0
TARGET 736 1 1 0 1 0
TARGET 737 1 1 0 1 0
TARGET 738 1 1 0 1 0
TARGET 739 1 1 0 1 0
TARGET 740 1 1 0 1 0
TARGET 741 1 1 0 1 0
TARGET 742 1 0 0 0 0
TARGET 743 1 1 0 1 0
TARGET 744 1 1 0 1 0
TARGET 745 1 1 0 1 0
TARGET 746 1 1 0 1 0
TARGET 747 1 1 0 1 0
TARGET 748 1 0 0 0 0
TARGET 749 1 1 0 1 0
TARGET 750 1 1 0 1 0
TARGET 751 1 1 0 1 0
TARGET 752 1 1 0 1 0
TARGET 753 1 0 0 0 0
TARGET 754 1 1 0 1 0
TARGET 755 1 1 0 1 0
TARGET 756 1 1 0 1 0
TARGET 757 1 0 0 0 0
TARGET 758 1 1 0 1 0
TARGET 759 1 1 0 1 0
TARGET 760 1 0 0 0 0
TARGET 761 1 1 0 1 0
TARGET 762 1 0 0 0 0
TARGET 763 1 1 0 1 0
TARGET 764 1 1 0 1 0
TARGET 765 1 1 0 1 0
TARGET 766 1 1 0 1 0
TARGET 767 1 1 0 1 0
TARGET 768 1 1 0 1 0
TARGET 769 1 0 0 0 0
TARGET 770 1 1 0 1 0
TARGET 771 1 1 0 1 0
TARGET 772 1 1 0 1 0
TARGET 773 1 1 0 1 0
TARGET 774 1 1 0 1 0
TARGET 775 1 0 0 0 0
TARGET 776 1 1 0 1 0
TARGET 777 1 1 0 1 0
TARGET 778 1 1 0 1 0
TARGET 779 1 1 0 1 0
TARGET 780 1 0 0 0 0
TARGET 781 1 1 0 1 0
TARGET 782 1 1 0 1 0
TARGET 783 1 1 0 1 0
TARGET 784 1 0 0 0 0
TARGET 785 1 1 0 1 0
TARGET 786 1 1 0 1 0
TARGET 787 1 0 0 0 0
TARGET 788 1 1 0 1 0
TARGET 789 1 0 0 0 0
TARGET 790 1 1 0 1 0
TARGET 791 1 1 0 1 0
TARGET 792 1 1 0 1 0
TARGET 793 1 1 0 1 0
TARGET 794 1 1 0 1 0
TARGET 795 1 1 0 1 0
TARGET 796 1 1 0 1 0
TARGET 797 1 1 0 1 0
TARGET 798 1 1 0 1 0
TARGET 799 1 0 0 0 0
TARGET 800 1 1 0 1 0
TARGET 801 1 1 0 1 0
TARGET 802 1 1 0 1 0
TARGET 803 1 1 0 1 0
TARGET 804 1 1 0 1 0
TARGET 805 1 1 0 1 0
TARGET 806 1 1 0 1 0
TARGET 807 1 1 0 1 0
TARGET 808 1 1 0 1 0
TARGET 809 1 1 0 1 0
TARGET 810 1 1 0 1 0
TARGET 811 1 1 0 1 0
TARGET 812 1 1 0 1 0
TARGET 813 1 1 0 1 0
TARGET 814 1 1 0 1 0
TARGET 815 1 1 0 1 0
TARGET 816 1 0 0 0 0
TARGET 817 1 1 0 1 0
TARGET 818 1 1 0 1 0
TARGET 819 1 1 0 1 0
TARGET 820 1 1 0 1 0
TARGET 821 1 1 0 1 0
TARGET 822 1 0 0 0 0
TARGET 823 1 1 0 1 0
TARGET 824 1 1 0 1 0
TARGET 825 1 1 0 1 0
TARGET 826 1 1 0 1 0
TARGET 827 1 1 0 1 0
TARGET 828 1 1 0 1 0
TARGET 829 1 0 0 0 0
TARGET 830 1 1 0 1 0
TARGET 831 1 1 0 1 0
TARGET 832 1 0 0 0 0
TARGET 833 1 1 0 1 0
TARGET 834 1 0 0 0 0
TARGET 835 1 0 0 0 0
TARGET 836 1 0 0 0 0
TARGET 837 1 0 0 0 0
TARGET 838 1 1 0 1 0
TARGET 839 1 1 0 1 0
TARGET 840 1 1 0 1 0
TARGET 841 1 1 0 1 0
TARGET 842 1 1 0 1 0
TARGET 843 1 0 0 0 0
TARGET 844 1 1 0 1 0
TARGET 845 1 1 0 1 0
TARGET 846 1 1 0 1 0
TARGET 847 1 1 0 1 0
TARGET 848 1 0 0 0 0
TARGET 849 1 1 0 1 0
TARGET 850 1 1 0 1 0
TARGET 851 1 1 0 1 0
TARGET 852 1 0 0 0 0
TARGET 853 1 1 0 1 0
TARGET 854 1 1 0 1 0
TARGET 855 1 0 0 0 0
TARGET 856 1 1 0 1 0
TARGET 857 1 0 0 0 0
TARGET 858 1 1 0 1 0
TARGET 859 1 1 0 1 0
TARGET 860 1 1 0 1 0
TARGET 861 1 1 0 1 0
TARGET 862 1 1 0 1 0
TARGET 863 1 1 0 1 0
TARGET 864 1 0 0 0 0
TARGET 865 1 1 0 1 0
TARGET 866 1 1 0 1 0
TARGET 867 1 1 0 1 0
TARGET 868 1 1 0 1 0
TARGET 869 1 1 0 1 0
TARGET 870 1 0 0 0 0
TARGET 871 1 1 0 1 0
TARGET 872 1 1 0 1 0
TARGET 873 1 1 0 1 0
TARGET 874 1 1 0 1 0
TARGET 875 1 1 0 1 0
TARGET 876 1 1 0 1 0
TARGET 877 1 0 0 0 0
TARGET 878 1 1 0 1 0
TARGET 879 1 1 0 1 0
TARGET 880 1 0 0 0 0
TARGET 881 1 1 0 1 0
TARGET 882 1 0 0 0 0
TARGET 883 1 0 0 0 0
TARGET 884 1 1 0 1 0
TARGET 885 1 1 0 1 0
TARGET 886 1 1 0 1 0
TARGET 887 1 1 0 1 0
TARGET 888 1 0 0 0 0
TARGET 889 1 1 0 1 0
TARGET 890 1 1 0 1 0
TARGET 891 1 1 0 1 0
TARGET 892 1 0 0 0 0
TARGET 893 1 1 0 1 0
TARGET 894 1 1 0 1 0
TARGET 895 1 0 0 0 0
TARGET 896 1 1 0 1 0
TARGET 897 1 0 0 0 0
TARGET 898 1 0 0 1 0
TARGET 899 1 1 0 2 0
TARGET 900 1 0 0 1 0
TARGET 901 1 0 0 1 0
TARGET 902 1 0 0 1 0
TARGET 903 1 0 0 1 0
TARGET 904 1 0 0 1 0
TARGET 905 1 0 0 1 0
TARGET 906 1 1 0 2 0
TARGET 907 1 0 0 1 0
TARGET 908 1 0 0 1 0
TARGET 909 1 0 0 1 0
TARGET 910 1 0 0 1 0
TARGET 911 1 1 0 2 0
TARGET 912 1 2 0 3 0
TARGET 913 1 1 0 2 0
TARGET 914 1 1 0 2 0
TARGET 915 1 1 0 2 0
TARGET 916 1 1 0 2 0
TARGET 917 1 0 0 1 0
TARGET 918 1 1 0 2 0
TARGET 919 1 0 0 1 0
TARGET 920 1 0 0 1 0
TARGET 921 1 0 0 1 0
TARGET 922 1 0 0 1 0
TARGET 923 1 0 0 1 0
TARGET 924 1 0 0 1 0
TARGET 925 1 0 0 1 0
TARGET 926 1 0 0 1 0
TARGET 927 1 1 0 2 0
TARGET 928 1 0 0 1 0
TARGET 929 1 0 0 1 0
TARGET 930 1 0 0 1 0
TARGET 931 1 0 0 1 0
TARGET 932 1 1 0 2 0
TARGET 933 1 1 0 2 0
TARGET 934 1 1 0 2 0
TARGET 935 1 0 0 1 0
TARGET 936 1 0 0 1 0
TARGET 937 1 0 0 1 0
TARGET 938 1 0 0 1 0
TARGET 939 1 0 0 1 0
TARGET 940 1 0 0 1 0
TARGET 941 1 0 0 1 0
TARGET 942 1 0 0 1 0
TARGET 943 1 0 0 1 0
TARGET 944 1 0 0 1 0
TARGET 945 1 0 0 1 0
TARGET 946 1 0 0 1 0
TARGET 947 1 0 0 0 0
TARGET 948 1 1 0 1 0
TARGET 949 1 0 0 0 0
TARGET 950 1 0 0 0 0
TARGET 951 1 0 0 0 0
TARGET 952 1 0 0 0 0
TARGET 953 1 0 0 0 0
TARGET 954 1 0 0 1 0
TARGET 955 1 1 0 2 0
TARGET 956 1 0 0 1 0
TARGET 957 1 0 0 1 0
TARGET 958 1 0 0 1 0
TARGET 959 1 0 0 1 0
TARGET 960 1 0 0 0 0
TARGET 961 1 2 0 3 0
TARGET 962 1 1 0 2 0
TARGET 963 1 1 0 2 0
TARGET 964 1 1 0 2 0
TARGET 965 1 1 0 2 0
TARGET 966 1 0 0 1 0
TARGET 967 1 0 0 1 0
TARGET 968 1 0 0 1 0
TARGET 969 1 0 0 1 0
TARGET 970 1 0 0 2 0
TARGET 971 1 0 0 0 0
TARGET 972 1 0 0 1 0
TARGET 973 1 0 0 1 0
TARGET 974 1 0 0 1 0
TARGET 975 1 0 0 0 0
TARGET 976 1 0 0 1 0
TARGET 977 1 0 0 1 0
TARGET 978 1 0 0 0 0
TARGET 979 1 0 0 1 0
TARGET 980 1 0 0 0 0
TARGET 981 1 1 0 2 0
TARGET 982 1 2 0 3 0
TARGET 983 1 1 0 2 0
TARGET 984 1 1 0 2 0
TARGET 985 1 1 0 2 0
TARGET 986 1 1 0 2 0
TARGET 987 1 1 0 1 0
TARGET 988 1 3 0 4 0
TARGET 989 1 2 0 3 0
TARGET 990 1 2 0 3 0
TARGET 991 1 2 0 3 0
TARGET 992 1 2 0 3 0
TARGET 993 1 1 0 2 0
TARGET 994 1 1 0 2 0
TARGET 995 1 1 0 2 0
TARGET 996 1 1 0 2 0
TARGET 997 1 1 0 3 0
TARGET 998 1 1 0 1 0
TARGET 999 1 1 0 2 0
TARGET 1000 1 1 0 2 0
PASS_1962_MONOMIAL_INTERVAL 1 1000 1000 0
