TARGET 1001 1 0 0 1 0
TARGET 1002 1 0 0 1 0
TARGET 1003 1 0 0 0 0
TARGET 1004 1 0 0 0 0
TARGET 1005 1 0 0 1 0
TARGET 1006 1 0 0 0 0
TARGET 1007 1 0 0 1 0
TARGET 1008 1 0 0 0 0
TARGET 1009 1 0 0 1 0
TARGET 1010 1 0 0 1 0
TARGET 1011 1 0 0 1 0
TARGET 1012 1 0 0 1 0
TARGET 1013 1 0 0 1 0
TARGET 1014 1 0 0 1 0
TARGET 1015 1 0 0 1 0
TARGET 1016 1 0 0 1 0
TARGET 1017 1 0 0 1 0
TARGET 1018 1 0 0 1 0
TARGET 1019 1 0 0 1 0
TARGET 1020 1 0 0 1 0
TARGET 1021 1 0 0 1 0
TARGET 1022 1 0 0 1 0
TARGET 1023 1 0 0 1 0
TARGET 1024 1 0 0 1 0
TARGET 1025 1 0 0 0 0
TARGET 1026 1 0 0 0 0
TARGET 1027 1 0 0 0 0
TARGET 1028 1 0 0 0 0
TARGET 1029 1 0 0 1 0
TARGET 1030 1 0 0 1 0
TARGET 1031 1 0 0 1 0
TARGET 1032 1 0 0 0 0
TARGET 1033 1 0 0 1 0
TARGET 1034 1 0 0 1 0
TARGET 1035 1 0 0 0 0
TARGET 1036 1 0 0 1 0
TARGET 1037 1 0 0 0 0
TARGET 1038 1 0 0 1 0
TARGET 1039 1 0 0 1 0
TARGET 1040 1 0 0 1 0
TARGET 1041 1 0 0 1 0
TARGET 1042 1 0 0 1 0
TARGET 1043 1 0 0 1 0
TARGET 1044 1 0 0 1 0
TARGET 1045 1 0 0 1 0
TARGET 1046 1 0 0 1 0
TARGET 1047 1 0 0 0 0
TARGET 1048 1 0 0 0 0
TARGET 1049 1 0 0 0 0
TARGET 1050 1 0 0 1 0
TARGET 1051 1 0 0 1 0
TARGET 1052 1 0 0 1 0
TARGET 1053 1 0 0 1 0
TARGET 1054 1 0 0 1 0
TARGET 1055 1 0 0 1 0
TARGET 1056 1 0 0 0 0
TARGET 1057 1 0 0 0 0
TARGET 1058 1 0 0 0 0
TARGET 1059 1 0 0 1 0
TARGET 1060 1 0 0 0 0
TARGET 1061 1 0 0 1 0
TARGET 1062 1 0 0 0 0
TARGET 1063 1 0 0 1 0
TARGET 1064 1 0 0 0 0
TARGET 1065 1 0 0 1 0
TARGET 1066 1 0 0 1 0
TARGET 1067 1 0 0 1 0
TARGET 1068 1 0 0 1 0
TARGET 1069 1 0 0 0 0
TARGET 1070 1 0 0 1 0
TARGET 1071 1 0 0 1 0
TARGET 1072 1 0 0 1 0
TARGET 1073 1 0 0 0 0
TARGET 1074 1 0 0 1 0
TARGET 1075 1 0 0 1 0
TARGET 1076 1 0 0 0 0
TARGET 1077 1 0 0 1 0
TARGET 1078 1 0 0 0 0
TARGET 1079 1 0 0 1 0
TARGET 1080 1 0 0 1 0
TARGET 1081 1 0 0 1 0
TARGET 1082 1 0 0 1 0
TARGET 1083 1 0 0 0 0
TARGET 1084 1 0 0 1 0
TARGET 1085 1 0 0 1 0
TARGET 1086 1 0 0 1 0
TARGET 1087 1 0 0 0 0
TARGET 1088 1 0 0 1 0
TARGET 1089 1 0 0 1 0
TARGET 1090 1 0 0 0 0
TARGET 1091 1 0 0 1 0
TARGET 1092 1 0 0 0 0
TARGET 1093 1 0 0 1 0
TARGET 1094 1 0 0 1 0
TARGET 1095 1 0 0 1 0
TARGET 1096 1 0 0 1 0
TARGET 1097 1 0 0 1 0
TARGET 1098 1 0 0 1 0
TARGET 1099 1 0 0 1 0
TARGET 1100 1 0 0 1 0
TARGET 1101 1 0 0 0 0
TARGET 1102 1 0 0 0 0
TARGET 1103 1 0 0 1 0
TARGET 1104 1 0 0 1 0
TARGET 1105 1 0 0 1 0
TARGET 1106 1 0 0 1 0
TARGET 1107 1 0 0 1 0
TARGET 1108 1 0 0 1 0
TARGET 1109 1 0 0 0 0
TARGET 1110 1 0 0 0 0
TARGET 1111 1 0 0 1 0
TARGET 1112 1 0 0 1 0
TARGET 1113 1 0 0 0 0
TARGET 1114 1 0 0 1 0
TARGET 1115 1 0 0 0 0
TARGET 1116 1 0 0 1 0
TARGET 1117 1 0 0 1 0
TARGET 1118 1 0 0 0 0
TARGET 1119 1 0 0 1 0
TARGET 1120 1 0 0 0 0
TARGET 1121 1 0 0 1 0
TARGET 1122 1 0 0 1 0
TARGET 1123 1 0 0 1 0
TARGET 1124 1 0 0 1 0
TARGET 1125 1 0 0 0 0
TARGET 1126 1 0 0 1 0
TARGET 1127 1 0 0 1 0
TARGET 1128 1 0 0 1 0
TARGET 1129 1 0 0 0 0
TARGET 1130 1 0 0 1 0
TARGET 1131 1 0 0 1 0
TARGET 1132 1 0 0 0 0
TARGET 1133 1 0 0 1 0
TARGET 1134 1 0 0 0 0
TARGET 1135 1 0 0 1 0
TARGET 1136 1 0 0 1 0
TARGET 1137 1 0 0 1 0
TARGET 1138 1 0 0 1 0
TARGET 1139 1 0 0 1 0
TARGET 1140 1 0 0 1 0
TARGET 1141 1 0 0 1 0
TARGET 1142 1 0 0 1 0
TARGET 1143 1 0 0 1 0
TARGET 1144 1 0 0 1 0
TARGET 1145 1 0 0 1 0
TARGET 1146 1 0 0 1 0
TARGET 1147 1 0 0 0 0
TARGET 1148 1 0 0 0 0
TARGET 1149 1 0 0 0 0
TARGET 1150 1 0 0 1 0
TARGET 1151 1 0 0 1 0
TARGET 1152 1 0 0 1 0
TARGET 1153 1 0 0 0 0
TARGET 1154 1 0 0 1 0
TARGET 1155 1 0 0 1 0
TARGET 1156 1 0 0 0 0
TARGET 1157 1 0 0 1 0
TARGET 1158 1 0 0 0 0
TARGET 1159 1 0 0 1 0
TARGET 1160 1 0 0 1 0
TARGET 1161 1 0 0 1 0
TARGET 1162 1 0 0 1 0
TARGET 1163 1 0 0 1 0
TARGET 1164 1 0 0 1 0
TARGET 1165 1 0 0 0 0
TARGET 1166 1 0 0 0 0
TARGET 1167 1 0 0 1 0
TARGET 1168 1 0 0 1 0
TARGET 1169 1 0 0 0 0
TARGET 1170 1 0 0 1 0
TARGET 1171 1 0 0 0 0
TARGET 1172 1 0 0 1 0
TARGET 1173 1 0 0 1 0
TARGET 1174 1 0 0 0 0
TARGET 1175 1 0 0 1 0
TARGET 1176 1 0 0 0 0
TARGET 1177 1 0 0 1 0
TARGET 1178 1 0 0 1 0
TARGET 1179 1 0 0 1 0
TARGET 1180 1 0 0 1 0
TARGET 1181 1 0 0 1 0
TARGET 1182 1 0 0 1 0
TARGET 1183 1 0 0 1 0
TARGET 1184 1 0 0 1 0
TARGET 1185 1 0 0 1 0
TARGET 1186 1 0 0 1 0
TARGET 1187 1 0 0 1 0
TARGET 1188 1 0 0 1 0
TARGET 1189 1 0 0 1 0
TARGET 1190 1 0 0 1 0
TARGET 1191 1 0 0 1 0
TARGET 1192 1 0 0 1 0
TARGET 1193 1 0 0 0 0
TARGET 1194 1 0 0 0 0
TARGET 1195 1 0 0 0 0
TARGET 1196 1 0 0 0 0
TARGET 1197 1 0 0 1 0
TARGET 1198 1 0 0 1 0
TARGET 1199 1 0 0 1 0
TARGET 1200 1 0 0 0 0
TARGET 1201 1 0 0 1 0
TARGET 1202 1 0 0 1 0
TARGET 1203 1 0 0 0 0
TARGET 1204 1 0 0 1 0
TARGET 1205 1 0 0 0 0
TARGET 1206 1 0 0 1 0
TARGET 1207 1 0 0 1 0
TARGET 1208 1 0 0 1 0
TARGET 1209 1 0 0 0 0
TARGET 1210 1 0 0 1 0
TARGET 1211 1 0 0 1 0
TARGET 1212 1 0 0 0 0
TARGET 1213 1 0 0 1 0
TARGET 1214 1 0 0 0 0
TARGET 1215 1 0 0 1 0
TARGET 1216 1 0 0 1 0
TARGET 1217 1 0 0 1 0
TARGET 1218 1 0 0 1 0
TARGET 1219 1 0 0 1 0
TARGET 1220 1 0 0 1 0
TARGET 1221 1 0 0 0 0
TARGET 1222 1 0 0 0 0
TARGET 1223 1 0 0 1 0
TARGET 1224 1 0 0 1 0
TARGET 1225 1 0 0 0 0
TARGET 1226 1 0 0 1 0
TARGET 1227 1 0 0 0 0
TARGET 1228 1 0 0 1 0
TARGET 1229 1 0 0 1 0
TARGET 1230 1 0 0 0 0
TARGET 1231 1 0 0 1 0
TARGET 1232 1 0 0 0 0
TARGET 1233 1 0 0 1 0
TARGET 1234 1 0 0 1 0
TARGET 1235 1 0 0 1 0
TARGET 1236 1 0 0 1 0
TARGET 1237 1 0 0 0 0
TARGET 1238 1 0 0 1 0
TARGET 1239 1 0 0 1 0
TARGET 1240 1 0 0 1 0
TARGET 1241 1 0 0 0 0
TARGET 1242 1 0 0 1 0
TARGET 1243 1 0 0 1 0
TARGET 1244 1 0 0 0 0
TARGET 1245 1 0 0 1 0
TARGET 1246 1 0 0 0 0
TARGET 1247 1 0 0 1 0
TARGET 1248 1 0 0 1 0
TARGET 1249 1 0 0 1 0
TARGET 1250 1 0 0 1 0
TARGET 1251 1 0 0 1 0
TARGET 1252 1 0 0 1 0
TARGET 1253 1 0 0 1 0
TARGET 1254 1 0 0 1 0
TARGET 1255 1 0 0 1 0
TARGET 1256 1 0 0 1 0
TARGET 1257 1 0 0 1 0
TARGET 1258 1 0 0 1 0
TARGET 1259 1 0 0 0 0
TARGET 1260 1 0 0 0 0
TARGET 1261 1 0 0 0 0
TARGET 1262 1 0 0 1 0
TARGET 1263 1 0 0 1 0
TARGET 1264 1 0 0 1 0
TARGET 1265 1 0 0 0 0
TARGET 1266 1 0 0 1 0
TARGET 1267 1 0 0 1 0
TARGET 1268 1 0 0 0 0
TARGET 1269 1 0 0 1 0
TARGET 1270 1 0 0 0 0
TARGET 1271 1 0 0 1 0
TARGET 1272 1 0 0 1 0
TARGET 1273 1 0 0 1 0
TARGET 1274 1 0 0 0 0
TARGET 1275 1 0 0 1 0
TARGET 1276 1 0 0 1 0
TARGET 1277 1 0 0 0 0
TARGET 1278 1 0 0 1 0
TARGET 1279 1 0 0 0 0
TARGET 1280 1 0 0 1 0
TARGET 1281 1 0 0 1 0
TARGET 1282 1 0 0 1 0
TARGET 1283 1 0 0 0 0
TARGET 1284 1 0 0 1 0
TARGET 1285 1 0 0 1 0
TARGET 1286 1 0 0 0 0
TARGET 1287 1 0 0 1 0
TARGET 1288 1 0 0 0 0
TARGET 1289 1 0 0 1 0
TARGET 1290 1 0 0 1 0
TARGET 1291 1 0 0 1 0
TARGET 1292 1 0 0 1 0
TARGET 1293 1 0 0 0 0
TARGET 1294 1 0 0 1 0
TARGET 1295 1 0 0 1 0
TARGET 1296 1 0 0 1 0
TARGET 1297 1 0 0 0 0
TARGET 1298 1 0 0 1 0
TARGET 1299 1 0 0 1 0
TARGET 1300 1 0 0 0 0
TARGET 1301 1 0 0 1 0
TARGET 1302 1 0 0 0 0
TARGET 1303 1 0 0 1 0
TARGET 1304 1 0 0 1 0
TARGET 1305 1 0 0 1 0
TARGET 1306 1 0 0 1 0
TARGET 1307 1 0 0 0 0
TARGET 1308 1 0 0 1 0
TARGET 1309 1 0 0 1 0
TARGET 1310 1 0 0 1 0
TARGET 1311 1 0 0 0 0
TARGET 1312 1 0 0 1 0
TARGET 1313 1 0 0 1 0
TARGET 1314 1 0 0 0 0
TARGET 1315 1 0 0 1 0
TARGET 1316 1 0 0 0 0
TARGET 1317 1 0 0 1 0
TARGET 1318 1 0 0 1 0
TARGET 1319 1 0 0 1 0
TARGET 1320 1 0 0 1 0
TARGET 1321 1 0 0 0 0
TARGET 1322 1 0 0 1 0
TARGET 1323 1 0 0 1 0
TARGET 1324 1 0 0 1 0
TARGET 1325 1 0 0 0 0
TARGET 1326 1 0 0 1 0
TARGET 1327 1 0 0 1 0
TARGET 1328 1 0 0 0 0
TARGET 1329 1 0 0 1 0
TARGET 1330 1 0 0 0 0
TARGET 1331 1 0 0 1 0
TARGET 1332 1 0 0 1 0
TARGET 1333 1 0 0 1 0
TARGET 1334 1 0 0 1 0
TARGET 1335 1 0 0 0 0
TARGET 1336 1 0 0 1 0
TARGET 1337 1 0 0 1 0
TARGET 1338 1 0 0 1 0
TARGET 1339 1 0 0 0 0
TARGET 1340 1 0 0 1 0
TARGET 1341 1 0 0 1 0
TARGET 1342 1 0 0 0 0
TARGET 1343 1 0 0 1 0
TARGET 1344 1 0 0 0 0
PASS_1962_MONOMIAL_INTERVAL 1001 1344 344 0
