PASS_1961_AMBIENT g2f9-shard3 order=22594320403200
PROGRESS_1961 g2f9-shard3 [ 100, 400, 0, 0 ]
PROGRESS_1961 g2f9-shard3 [ 200, 800, 0, 0 ]
PROGRESS_1961 g2f9-shard3 [ 300, 1200, 0, 0 ]
PROGRESS_1961 g2f9-shard3 [ 400, 1600, 0, 0 ]
PROGRESS_1961 g2f9-shard3 [ 500, 2000, 0, 0 ]
PROGRESS_1961 g2f9-shard3 [ 600, 2400, 0, 0 ]
PROGRESS_1961 g2f9-shard3 [ 700, 2800, 0, 0 ]
PROGRESS_1961 g2f9-shard3 [ 800, 3200, 0, 0 ]
PROGRESS_1961 g2f9-shard3 [ 900, 3600, 0, 0 ]
PROGRESS_1961 g2f9-shard3 [ 1000, 4000, 0, 0 ]
PROGRESS_1961 g2f9-shard3 [ 1100, 4400, 0, 0 ]
PROGRESS_1961 g2f9-shard3 [ 1200, 4800, 0, 0 ]
PROGRESS_1961 g2f9-shard3 [ 1300, 5200, 0, 0 ]
PROGRESS_1961 g2f9-shard3 [ 1400, 5600, 0, 0 ]
PROGRESS_1961 g2f9-shard3 [ 1500, 6000, 0, 0 ]
PROGRESS_1961 g2f9-shard3 [ 1600, 6400, 0, 0 ]
PROGRESS_1961 g2f9-shard3 [ 1700, 6800, 21, 0 ]
PROGRESS_1961 g2f9-shard3 [ 1800, 7200, 38, 0 ]
PROGRESS_1961 g2f9-shard3 [ 1900, 7600, 63, 0 ]
PROGRESS_1961 g2f9-shard3 [ 2000, 8000, 85, 0 ]
PROGRESS_1961 g2f9-shard3 [ 2100, 8400, 98, 0 ]
PROGRESS_1961 g2f9-shard3 [ 2200, 8800, 139, 0 ]
PROGRESS_1961 g2f9-shard3 [ 2300, 9200, 153, 0 ]
PROGRESS_1961 g2f9-shard3 [ 2400, 9600, 185, 0 ]
PROGRESS_1961 g2f9-shard3 [ 2500, 10000, 225, 0 ]
PROGRESS_1961 g2f9-shard3 [ 2600, 10400, 234, 0 ]
PROGRESS_1961 g2f9-shard3 [ 2700, 10800, 268, 0 ]
PROGRESS_1961 g2f9-shard3 [ 2800, 11200, 318, 0 ]
PROGRESS_1961 g2f9-shard3 [ 2900, 11600, 322, 0 ]
PROGRESS_1961 g2f9-shard3 [ 3000, 12000, 331, 0 ]
PROGRESS_1961 g2f9-shard3 [ 3100, 12400, 343, 0 ]
PROGRESS_1961 g2f9-shard3 [ 3200, 12800, 372, 0 ]
PROGRESS_1961 g2f9-shard3 [ 3300, 13200, 372, 0 ]
PROGRESS_1961 g2f9-shard3 [ 3400, 13600, 372, 0 ]
PROGRESS_1961 g2f9-shard3 [ 3500, 14000, 374, 0 ]
PROGRESS_1961 g2f9-shard3 [ 3600, 14400, 386, 0 ]
PROGRESS_1961 g2f9-shard3 [ 3700, 14800, 386, 0 ]
PROGRESS_1961 g2f9-shard3 [ 3800, 15200, 423, 0 ]
PROGRESS_1961 g2f9-shard3 [ 3900, 15600, 427, 0 ]
PROGRESS_1961 g2f9-shard3 [ 4000, 16000, 427, 0 ]
PROGRESS_1961 g2f9-shard3 [ 4100, 16400, 427, 0 ]
PROGRESS_1961 g2f9-shard3 [ 4200, 16800, 432, 0 ]
PROGRESS_1961 g2f9-shard3 [ 4300, 17200, 441, 0 ]
PROGRESS_1961 g2f9-shard3 [ 4400, 17600, 447, 0 ]
PROGRESS_1961 g2f9-shard3 [ 4500, 18000, 481, 0 ]
PROGRESS_1961 g2f9-shard3 [ 4600, 18400, 481, 0 ]
PROGRESS_1961 g2f9-shard3 [ 4700, 18800, 481, 0 ]
PROGRESS_1961 g2f9-shard3 [ 4800, 19200, 483, 0 ]
PROGRESS_1961 g2f9-shard3 [ 4900, 19600, 495, 0 ]
PROGRESS_1961 g2f9-shard3 [ 5000, 20000, 495, 0 ]
PROGRESS_1961 g2f9-shard3 [ 5100, 20400, 525, 0 ]
PROGRESS_1961 g2f9-shard3 [ 5200, 20800, 535, 0 ]
PROGRESS_1961 g2f9-shard3 [ 5300, 21200, 535, 0 ]
PROGRESS_1961 g2f9-shard3 [ 5400, 21600, 535, 0 ]
PROGRESS_1961 g2f9-shard3 [ 5500, 22000, 540, 0 ]
PROGRESS_1961 g2f9-shard3 [ 5600, 22400, 552, 0 ]
PROGRESS_1961 g2f9-shard3 [ 5700, 22800, 577, 0 ]
PROGRESS_1961 g2f9-shard3 [ 5800, 23200, 625, 0 ]
PROGRESS_1961 g2f9-shard3 [ 5900, 23600, 630, 0 ]
PROGRESS_1961 g2f9-shard3 [ 6000, 24000, 633, 0 ]
PROGRESS_1961 g2f9-shard3 [ 6100, 24400, 640, 0 ]
PROGRESS_1961 g2f9-shard3 [ 6200, 24800, 643, 0 ]
PROGRESS_1961 g2f9-shard3 [ 6300, 25200, 650, 0 ]
PROGRESS_1961 g2f9-shard3 [ 6400, 25600, 660, 0 ]
PROGRESS_1961 g2f9-shard3 [ 6500, 26000, 662, 0 ]
PROGRESS_1961 g2f9-shard3 [ 6600, 26400, 686, 0 ]
PROGRESS_1961 g2f9-shard3 [ 6700, 26800, 709, 0 ]
PROGRESS_1961 g2f9-shard3 [ 6800, 27200, 713, 0 ]
PROGRESS_1961 g2f9-shard3 [ 6900, 27600, 713, 0 ]
PROGRESS_1961 g2f9-shard3 [ 7000, 28000, 713, 0 ]
PROGRESS_1961 g2f9-shard3 [ 7100, 28400, 720, 0 ]
PROGRESS_1961 g2f9-shard3 [ 7200, 28800, 720, 0 ]
PROGRESS_1961 g2f9-shard3 [ 7300, 29200, 767, 0 ]
PROGRESS_1961 g2f9-shard3 [ 7400, 29600, 768, 0 ]
PROGRESS_1961 g2f9-shard3 [ 7500, 30000, 772, 0 ]
PROGRESS_1961 g2f9-shard3 [ 7600, 30400, 772, 0 ]
PROGRESS_1961 g2f9-shard3 [ 7700, 30800, 772, 0 ]
PROGRESS_1961 g2f9-shard3 [ 7800, 31200, 779, 0 ]
PROGRESS_1961 g2f9-shard3 [ 7900, 31600, 779, 0 ]
PROGRESS_1961 g2f9-shard3 [ 8000, 32000, 825, 0 ]
PROGRESS_1961 g2f9-shard3 [ 8100, 32400, 825, 0 ]
PROGRESS_1961 g2f9-shard3 [ 8200, 32800, 829, 0 ]
PROGRESS_1961 g2f9-shard3 [ 8300, 33200, 829, 0 ]
PROGRESS_1961 g2f9-shard3 [ 8400, 33600, 832, 0 ]
PROGRESS_1961 g2f9-shard3 [ 8500, 34000, 835, 0 ]
PROGRESS_1961 g2f9-shard3 [ 8600, 34400, 843, 0 ]
PROGRESS_1961 g2f9-shard3 [ 8700, 34800, 884, 0 ]
PROGRESS_1961 g2f9-shard3 [ 8800, 35200, 888, 0 ]
PROGRESS_1961 g2f9-shard3 [ 8900, 35600, 888, 0 ]
PROGRESS_1961 g2f9-shard3 [ 9000, 36000, 888, 0 ]
PROGRESS_1961 g2f9-shard3 [ 9100, 36400, 894, 0 ]
PROGRESS_1961 g2f9-shard3 [ 9200, 36800, 896, 0 ]
PROGRESS_1961 g2f9-shard3 [ 9300, 37200, 950, 0 ]
PROGRESS_1961 g2f9-shard3 [ 9400, 37600, 952, 0 ]
PROGRESS_1961 g2f9-shard3 [ 9500, 38000, 961, 0 ]
PROGRESS_1961 g2f9-shard3 [ 9600, 38400, 967, 0 ]
PROGRESS_1961 g2f9-shard3 [ 9700, 38800, 972, 0 ]
PROGRESS_1961 g2f9-shard3 [ 9800, 39200, 979, 0 ]
PROGRESS_1961 g2f9-shard3 [ 9900, 39600, 989, 0 ]
PROGRESS_1961 g2f9-shard3 [ 10000, 40000, 1017, 0 ]
PASS_1961_SEARCH g2f9-shard3 [ 10026, 1027, 0 ]
