TARGET 1 1 0 0 1 0
TARGET 2 1 0 0 1 0
TARGET 3 1 0 0 1 0
TARGET 4 1 0 0 0 0
TARGET 5 1 0 0 1 0
TARGET 6 1 0 0 1 0
TARGET 7 1 0 0 0 0
TARGET 8 1 0 0 1 0
TARGET 9 1 0 0 0 0
TARGET 10 1 0 0 1 0
TARGET 11 1 0 0 1 0
TARGET 12 1 0 0 1 0
TARGET 13 1 0 0 1 0
TARGET 14 1 0 0 1 0
TARGET 15 1 0 0 1 0
TARGET 16 1 0 0 0 0
TARGET 17 1 0 0 0 0
TARGET 18 1 0 0 1 0
TARGET 19 1 0 0 1 0
TARGET 20 1 0 0 0 0
TARGET 21 1 0 0 1 0
TARGET 22 1 0 0 0 0
TARGET 23 1 0 0 1 0
TARGET 24 1 0 0 1 0
TARGET 25 1 0 0 0 0
TARGET 26 1 0 0 1 0
TARGET 27 1 0 0 0 0
TARGET 28 1 0 0 1 0
TARGET 29 1 0 0 1 0
TARGET 30 1 0 0 1 0
TARGET 31 1 0 0 0 0
TARGET 32 1 0 0 1 0
TARGET 33 1 0 0 1 0
TARGET 34 1 0 0 0 0
TARGET 35 1 0 0 1 0
TARGET 36 1 0 0 0 0
TARGET 37 1 0 0 1 0
TARGET 38 1 0 0 1 0
TARGET 39 1 0 0 1 0
TARGET 40 1 0 0 0 0
TARGET 41 1 0 0 1 0
TARGET 42 1 0 0 1 0
TARGET 43 1 0 0 0 0
TARGET 44 1 0 0 1 0
TARGET 45 1 0 0 0 0
TARGET 46 1 0 0 1 0
TARGET 47 1 0 0 1 0
TARGET 48 1 0 0 1 0
TARGET 49 1 0 0 0 0
TARGET 50 1 0 0 1 0
TARGET 51 1 0 0 1 0
TARGET 52 1 0 0 0 0
TARGET 53 1 0 0 1 0
TARGET 54 1 0 0 0 0
TARGET 55 1 0 0 1 0
TARGET 56 1 0 0 1 0
TARGET 57 1 0 0 1 0
TARGET 58 1 0 0 0 0
TARGET 59 1 0 0 1 0
TARGET 60 1 0 0 1 0
TARGET 61 1 0 0 0 0
TARGET 62 1 0 0 1 0
TARGET 63 1 0 0 0 0
TARGET 64 1 0 0 1 0
TARGET 65 1 0 0 1 0
TARGET 66 1 0 0 1 0
TARGET 67 1 0 0 0 0
TARGET 68 1 0 0 1 0
TARGET 69 1 0 0 1 0
TARGET 70 1 0 0 0 0
TARGET 71 1 0 0 1 0
TARGET 72 1 0 0 0 0
TARGET 73 1 0 0 1 0
TARGET 74 1 0 0 1 0
TARGET 75 1 0 0 1 0
TARGET 76 1 0 0 0 0
TARGET 77 1 0 0 1 0
TARGET 78 1 0 0 1 0
TARGET 79 1 0 0 0 0
TARGET 80 1 0 0 1 0
TARGET 81 1 0 0 0 0
TARGET 82 1 0 0 1 0
TARGET 83 1 0 0 1 0
TARGET 84 1 0 0 1 0
TARGET 85 1 0 0 0 0
TARGET 86 1 0 0 1 0
TARGET 87 1 0 0 1 0
TARGET 88 1 0 0 0 0
TARGET 89 1 0 0 1 0
TARGET 90 1 0 0 0 0
TARGET 91 1 0 0 1 0
TARGET 92 1 0 0 1 0
TARGET 93 1 0 0 1 0
TARGET 94 1 0 0 0 0
TARGET 95 1 0 0 1 0
TARGET 96 1 0 0 1 0
TARGET 97 1 0 0 0 0
TARGET 98 1 0 0 1 0
TARGET 99 1 0 0 0 0
TARGET 100 1 0 0 1 0
TARGET 101 1 0 0 1 0
TARGET 102 1 0 0 1 0
TARGET 103 1 0 0 0 0
TARGET 104 1 0 0 1 0
TARGET 105 1 0 0 1 0
TARGET 106 1 0 0 0 0
TARGET 107 1 0 0 1 0
TARGET 108 1 0 0 0 0
TARGET 109 1 0 0 1 0
TARGET 110 1 0 0 1 0
TARGET 111 1 0 0 1 0
TARGET 112 1 0 0 1 0
TARGET 113 1 0 0 1 0
TARGET 114 1 0 0 1 0
TARGET 115 1 0 0 1 0
TARGET 116 1 0 0 1 0
TARGET 117 1 0 0 1 0
TARGET 118 1 0 0 0 0
TARGET 119 1 0 0 0 0
TARGET 120 1 0 0 0 0
TARGET 121 1 0 0 1 0
TARGET 122 1 0 0 1 0
TARGET 123 1 0 0 0 0
TARGET 124 1 0 0 1 0
TARGET 125 1 0 0 0 0
TARGET 126 1 0 0 1 0
TARGET 127 1 0 0 1 0
TARGET 128 1 0 0 0 0
TARGET 129 1 0 0 1 0
TARGET 130 1 0 0 0 0
TARGET 131 1 0 0 1 0
TARGET 132 1 0 0 1 0
TARGET 133 1 0 0 0 0
TARGET 134 1 0 0 1 0
TARGET 135 1 0 0 0 0
TARGET 136 1 0 0 1 0
TARGET 137 1 0 0 1 0
TARGET 138 1 0 0 1 0
TARGET 139 1 0 0 0 0
TARGET 140 1 0 0 1 0
TARGET 141 1 0 0 1 0
TARGET 142 1 0 0 0 0
TARGET 143 1 0 0 1 0
TARGET 144 1 0 0 0 0
TARGET 145 1 0 0 1 0
TARGET 146 1 0 0 1 0
TARGET 147 1 0 0 1 0
TARGET 148 1 0 0 1 0
TARGET 149 1 0 0 1 0
TARGET 150 1 0 0 1 0
TARGET 151 1 0 0 0 0
TARGET 152 1 0 0 0 0
TARGET 153 1 0 0 1 0
TARGET 154 1 0 0 1 0
TARGET 155 1 0 0 0 0
TARGET 156 1 0 0 1 0
TARGET 157 1 0 0 0 0
TARGET 158 1 0 0 1 0
TARGET 159 1 0 0 1 0
TARGET 160 1 0 0 0 0
TARGET 161 1 0 0 1 0
TARGET 162 1 0 0 0 0
TARGET 163 1 0 0 1 0
TARGET 164 1 0 0 1 0
TARGET 165 1 0 0 1 0
TARGET 166 1 0 0 0 0
TARGET 167 1 0 0 1 0
TARGET 168 1 0 0 1 0
TARGET 169 1 0 0 0 0
TARGET 170 1 0 0 1 0
TARGET 171 1 0 0 0 0
TARGET 172 1 0 0 1 0
TARGET 173 1 0 0 1 0
TARGET 174 1 0 0 1 0
TARGET 175 1 0 0 1 0
TARGET 176 1 0 0 1 0
TARGET 177 1 0 0 1 0
TARGET 178 1 0 0 0 0
TARGET 179 1 0 0 0 0
TARGET 180 1 0 0 1 0
TARGET 181 1 0 0 1 0
TARGET 182 1 0 0 0 0
TARGET 183 1 0 0 1 0
TARGET 184 1 0 0 0 0
TARGET 185 1 0 0 1 0
TARGET 186 1 0 0 1 0
TARGET 187 1 0 0 0 0
TARGET 188 1 0 0 1 0
TARGET 189 1 0 0 0 0
TARGET 190 1 0 0 1 0
TARGET 191 1 0 0 1 0
TARGET 192 1 0 0 1 0
TARGET 193 1 0 0 1 0
TARGET 194 1 0 0 1 0
TARGET 195 1 0 0 1 0
TARGET 196 1 0 0 1 0
TARGET 197 1 0 0 1 0
TARGET 198 1 0 0 1 0
TARGET 199 1 0 0 0 0
TARGET 200 1 0 0 0 0
TARGET 201 1 0 0 0 0
TARGET 202 1 0 0 1 0
TARGET 203 1 0 0 1 0
TARGET 204 1 0 0 1 0
TARGET 205 1 0 0 1 0
TARGET 206 1 0 0 1 0
TARGET 207 1 0 0 1 0
TARGET 208 1 0 0 0 0
TARGET 209 1 0 0 0 0
TARGET 210 1 0 0 0 0
TARGET 211 1 0 0 1 0
TARGET 212 1 0 0 0 0
TARGET 213 1 0 0 1 0
TARGET 214 1 0 0 1 0
TARGET 215 1 0 0 0 0
TARGET 216 1 0 0 0 0
TARGET 217 1 0 0 1 0
TARGET 218 1 0 0 1 0
TARGET 219 1 0 0 1 0
TARGET 220 1 0 0 0 0
TARGET 221 1 0 0 1 0
TARGET 222 1 0 0 1 0
TARGET 223 1 0 0 0 0
TARGET 224 1 0 0 1 0
TARGET 225 1 0 0 0 0
TARGET 226 1 0 0 1 0
TARGET 227 1 0 0 1 0
TARGET 228 1 0 0 1 0
TARGET 229 1 0 0 1 0
TARGET 230 1 0 0 1 0
TARGET 231 1 0 0 1 0
TARGET 232 1 0 0 0 0
TARGET 233 1 0 0 0 0
TARGET 234 1 0 0 1 0
TARGET 235 1 0 0 1 0
TARGET 236 1 0 0 1 0
TARGET 237 1 0 0 1 0
TARGET 238 1 0 0 0 0
TARGET 239 1 0 0 0 0
TARGET 240 1 0 0 1 0
TARGET 241 1 0 0 1 0
TARGET 242 1 0 0 0 0
TARGET 243 1 0 0 0 0
TARGET 244 1 0 0 1 0
TARGET 245 1 0 0 1 0
TARGET 246 1 0 0 1 0
TARGET 247 1 0 0 1 0
TARGET 248 1 0 0 1 0
TARGET 249 1 0 0 1 0
TARGET 250 1 0 0 1 0
TARGET 251 1 0 0 1 0
TARGET 252 1 0 0 1 0
TARGET 253 1 0 0 0 0
TARGET 254 1 0 0 0 0
TARGET 255 1 0 0 0 0
TARGET 256 1 0 0 1 0
TARGET 257 1 0 0 1 0
TARGET 258 1 0 0 1 0
TARGET 259 1 0 0 1 0
TARGET 260 1 0 0 1 0
TARGET 261 1 0 0 1 0
TARGET 262 1 0 0 0 0
TARGET 263 1 0 0 0 0
TARGET 264 1 0 0 0 0
TARGET 265 1 0 0 1 0
TARGET 266 1 0 0 1 0
TARGET 267 1 0 0 1 0
TARGET 268 1 0 0 0 0
TARGET 269 1 0 0 0 0
TARGET 270 1 0 0 0 0
TARGET 271 1 0 0 1 0
TARGET 272 1 0 0 1 0
TARGET 273 1 0 0 1 0
TARGET 274 1 0 0 1 0
TARGET 275 1 0 0 1 0
TARGET 276 1 0 0 1 0
TARGET 277 1 0 0 1 0
TARGET 278 1 0 0 1 0
TARGET 279 1 0 0 1 0
TARGET 280 1 0 0 0 0
TARGET 281 1 0 0 0 0
TARGET 282 1 0 0 0 0
TARGET 283 1 0 0 1 0
TARGET 284 1 0 0 1 0
TARGET 285 1 0 0 0 0
TARGET 286 1 0 0 1 0
TARGET 287 1 0 0 0 0
TARGET 288 1 0 0 1 0
TARGET 289 1 0 0 1 0
TARGET 290 1 0 0 1 0
TARGET 291 1 0 0 1 0
TARGET 292 1 0 0 0 0
TARGET 293 1 0 0 0 0
TARGET 294 1 0 0 1 0
TARGET 295 1 0 0 0 0
TARGET 296 1 0 0 1 0
TARGET 297 1 0 0 0 0
TARGET 298 1 0 0 1 0
TARGET 299 1 0 0 1 0
TARGET 300 1 0 0 1 0
TARGET 301 1 0 0 1 0
TARGET 302 1 0 0 1 0
TARGET 303 1 0 0 1 0
TARGET 304 1 0 0 1 0
TARGET 305 1 0 0 1 0
TARGET 306 1 0 0 1 0
TARGET 307 1 0 0 0 0
TARGET 308 1 0 0 0 0
TARGET 309 1 0 0 0 0
TARGET 310 1 0 0 1 0
TARGET 311 1 0 0 1 0
TARGET 312 1 0 0 1 0
TARGET 313 1 0 0 1 0
TARGET 314 1 0 0 1 0
TARGET 315 1 0 0 1 0
TARGET 316 1 0 0 0 0
TARGET 317 1 0 0 0 0
TARGET 318 1 0 0 0 0
TARGET 319 1 0 0 1 0
TARGET 320 1 0 0 0 0
TARGET 321 1 0 0 1 0
TARGET 322 1 0 0 0 0
TARGET 323 1 0 0 1 0
TARGET 324 1 0 0 0 0
TARGET 325 1 0 0 1 0
TARGET 326 1 0 0 1 0
TARGET 327 1 0 0 1 0
TARGET 328 1 0 0 1 0
TARGET 329 1 0 0 1 0
TARGET 330 1 0 0 1 0
TARGET 331 1 0 0 1 0
TARGET 332 1 0 0 1 0
TARGET 333 1 0 0 1 0
TARGET 334 1 0 0 0 0
TARGET 335 1 0 0 0 0
TARGET 336 1 0 0 0 0
TARGET 337 1 0 0 1 0
TARGET 338 1 0 0 1 0
TARGET 339 1 0 0 1 0
TARGET 340 1 0 0 1 0
TARGET 341 1 0 0 1 0
TARGET 342 1 0 0 1 0
TARGET 343 1 0 0 0 0
TARGET 344 1 0 0 0 0
TARGET 345 1 0 0 0 0
TARGET 346 1 0 0 1 0
TARGET 347 1 0 0 1 0
TARGET 348 1 0 0 1 0
TARGET 349 1 0 0 0 0
TARGET 350 1 0 0 0 0
TARGET 351 1 0 0 0 0
TARGET 352 1 0 0 1 0
TARGET 353 1 0 0 1 0
TARGET 354 1 0 0 1 0
TARGET 355 1 0 0 1 0
TARGET 356 1 0 0 1 0
TARGET 357 1 0 0 1 0
TARGET 358 1 0 0 1 0
TARGET 359 1 0 0 1 0
TARGET 360 1 0 0 1 0
TARGET 361 1 0 0 0 0
TARGET 362 1 0 0 0 0
TARGET 363 1 0 0 0 0
TARGET 364 1 0 0 1 0
TARGET 365 1 0 0 1 0
TARGET 366 1 0 0 1 0
TARGET 367 1 0 0 1 0
TARGET 368 1 0 0 1 0
TARGET 369 1 0 0 1 0
TARGET 370 1 0 0 0 0
TARGET 371 1 0 0 0 0
TARGET 372 1 0 0 0 0
TARGET 373 1 0 0 1 0
TARGET 374 1 0 0 0 0
TARGET 375 1 0 0 1 0
TARGET 376 1 0 0 1 0
TARGET 377 1 0 0 0 0
TARGET 378 1 0 0 0 0
TARGET 379 1 0 0 1 0
TARGET 380 1 0 0 1 0
TARGET 381 1 0 0 1 0
TARGET 382 1 0 0 0 0
TARGET 383 1 0 0 1 0
TARGET 384 1 0 0 1 0
TARGET 385 1 0 0 0 0
TARGET 386 1 0 0 1 0
TARGET 387 1 0 0 0 0
TARGET 388 1 0 0 1 0
TARGET 389 1 0 0 1 0
TARGET 390 1 0 0 1 0
TARGET 391 1 0 0 1 0
TARGET 392 1 0 0 1 0
TARGET 393 1 0 0 1 0
TARGET 394 1 0 0 0 0
TARGET 395 1 0 0 0 0
TARGET 396 1 0 0 1 0
TARGET 397 1 0 0 1 0
TARGET 398 1 0 0 1 0
TARGET 399 1 0 0 1 0
TARGET 400 1 0 0 0 0
TARGET 401 1 0 0 0 0
TARGET 402 1 0 0 1 0
TARGET 403 1 0 0 0 0
TARGET 404 1 0 0 1 0
TARGET 405 1 0 0 0 0
TARGET 406 1 0 0 1 0
TARGET 407 1 0 0 1 0
TARGET 408 1 0 0 1 0
TARGET 409 1 0 0 1 0
TARGET 410 1 0 0 1 0
TARGET 411 1 0 0 1 0
TARGET 412 1 0 0 1 0
TARGET 413 1 0 0 1 0
TARGET 414 1 0 0 1 0
TARGET 415 1 0 0 0 0
TARGET 416 1 0 0 0 0
TARGET 417 1 0 0 0 0
TARGET 418 1 0 0 1 0
TARGET 419 1 0 0 1 0
TARGET 420 1 0 0 0 0
TARGET 421 1 0 0 1 0
TARGET 422 1 0 0 0 0
TARGET 423 1 0 0 1 0
TARGET 424 1 0 0 1 0
TARGET 425 1 0 0 1 0
TARGET 426 1 0 0 1 0
TARGET 427 1 0 0 0 0
TARGET 428 1 0 0 0 0
TARGET 429 1 0 0 1 0
TARGET 430 1 0 0 0 0
TARGET 431 1 0 0 1 0
TARGET 432 1 0 0 0 0
TARGET 433 1 0 0 1 0
TARGET 434 1 0 0 1 0
TARGET 435 1 0 0 1 0
TARGET 436 1 0 0 1 0
TARGET 437 1 0 0 1 0
TARGET 438 1 0 0 1 0
TARGET 439 1 0 0 1 0
TARGET 440 1 0 0 1 0
TARGET 441 1 0 0 1 0
TARGET 442 1 0 0 0 0
TARGET 443 1 0 0 0 0
TARGET 444 1 0 0 0 0
TARGET 445 1 0 0 1 0
TARGET 446 1 0 0 1 0
TARGET 447 1 0 0 0 0
TARGET 448 1 0 0 1 0
TARGET 449 1 0 0 0 0
TARGET 450 1 0 0 1 0
TARGET 451 1 0 0 1 0
TARGET 452 1 0 0 1 0
TARGET 453 1 0 0 1 0
TARGET 454 1 0 0 0 0
TARGET 455 1 0 0 0 0
TARGET 456 1 0 0 1 0
TARGET 457 1 0 0 0 0
TARGET 458 1 0 0 1 0
TARGET 459 1 0 0 0 0
TARGET 460 1 0 0 1 0
TARGET 461 1 0 0 1 0
TARGET 462 1 0 0 1 0
TARGET 463 1 0 0 0 0
TARGET 464 1 0 0 1 0
TARGET 465 1 0 0 1 0
TARGET 466 1 0 0 0 0
TARGET 467 1 0 0 1 0
TARGET 468 1 0 0 0 0
TARGET 469 1 0 0 1 0
TARGET 470 1 0 0 1 0
TARGET 471 1 0 0 1 0
TARGET 472 1 0 0 0 0
TARGET 473 1 0 0 1 0
TARGET 474 1 0 0 1 0
TARGET 475 1 0 0 0 0
TARGET 476 1 0 0 1 0
TARGET 477 1 0 0 0 0
TARGET 478 1 0 0 1 0
TARGET 479 1 0 0 1 0
TARGET 480 1 0 0 1 0
TARGET 481 1 0 0 0 0
TARGET 482 1 0 0 1 0
TARGET 483 1 0 0 1 0
TARGET 484 1 0 0 0 0
TARGET 485 1 0 0 1 0
TARGET 486 1 0 0 0 0
TARGET 487 1 0 0 1 0
TARGET 488 1 0 0 1 0
TARGET 489 1 0 0 1 0
TARGET 490 1 0 0 1 0
TARGET 491 1 0 0 1 0
TARGET 492 1 0 0 1 0
TARGET 493 1 0 0 1 0
TARGET 494 1 0 0 1 0
TARGET 495 1 0 0 1 0
TARGET 496 1 0 0 0 0
TARGET 497 1 0 0 0 0
TARGET 498 1 0 0 0 0
TARGET 499 1 0 0 1 0
TARGET 500 1 0 0 1 0
TARGET 501 1 0 0 0 0
TARGET 502 1 0 0 1 0
TARGET 503 1 0 0 0 0
TARGET 504 1 0 0 1 0
TARGET 505 1 0 0 1 0
TARGET 506 1 0 0 0 0
TARGET 507 1 0 0 1 0
TARGET 508 1 0 0 0 0
TARGET 509 1 0 0 1 0
TARGET 510 1 0 0 1 0
TARGET 511 1 0 0 0 0
TARGET 512 1 0 0 1 0
TARGET 513 1 0 0 0 0
TARGET 514 1 0 0 1 0
TARGET 515 1 0 0 1 0
TARGET 516 1 0 0 1 0
TARGET 517 1 0 0 0 0
TARGET 518 1 0 0 1 0
TARGET 519 1 0 0 1 0
TARGET 520 1 0 0 0 0
TARGET 521 1 0 0 1 0
TARGET 522 1 0 0 0 0
TARGET 523 1 0 0 1 0
TARGET 524 1 0 0 1 0
TARGET 525 1 0 0 1 0
TARGET 526 1 0 0 0 0
TARGET 527 1 0 0 1 0
TARGET 528 1 0 0 1 0
TARGET 529 1 0 0 0 0
TARGET 530 1 0 0 1 0
TARGET 531 1 0 0 0 0
TARGET 532 1 0 0 1 0
TARGET 533 1 0 0 1 0
TARGET 534 1 0 0 1 0
TARGET 535 1 0 0 0 0
TARGET 536 1 0 0 1 0
TARGET 537 1 0 0 1 0
TARGET 538 1 0 0 0 0
TARGET 539 1 0 0 1 0
TARGET 540 1 0 0 0 0
PASS_1962_MONOMIAL_INTERVAL 1 540 540 0
