TARGET 38001 1 1 0 2 0
TARGET 38002 1 1 0 2 0
TARGET 38003 1 1 0 3 0
TARGET 38004 1 1 0 2 0
TARGET 38005 1 2 0 3 0
TARGET 38006 1 1 0 2 0
TARGET 38007 1 1 0 3 0
TARGET 38008 1 1 0 2 0
TARGET 38009 1 1 0 2 0
TARGET 38010 1 1 0 2 0
TARGET 38011 1 1 0 2 0
TARGET 38012 1 1 0 2 0
TARGET 38013 1 1 0 2 0
TARGET 38014 1 1 0 2 0
TARGET 38015 1 1 0 3 0
TARGET 38016 1 1 0 2 0
TARGET 38017 1 1 0 2 0
TARGET 38018 1 1 0 3 0
TARGET 38019 1 1 0 2 0
TARGET 38020 1 1 0 2 0
TARGET 38021 1 1 0 2 0
TARGET 38022 1 1 0 2 0
TARGET 38023 1 1 0 2 0
TARGET 38024 1 1 0 2 0
TARGET 38025 1 1 0 2 0
TARGET 38026 1 1 0 3 0
TARGET 38027 1 1 0 2 0
TARGET 38028 1 1 0 3 0
TARGET 38029 1 1 0 2 0
TARGET 38030 1 1 0 3 0
TARGET 38031 1 1 0 2 0
TARGET 38032 1 1 0 2 0
TARGET 38033 1 1 0 2 0
TARGET 38034 1 1 0 2 0
TARGET 38035 1 1 0 2 0
TARGET 38036 1 1 0 3 0
TARGET 38037 1 1 0 2 0
TARGET 38038 1 1 0 2 0
TARGET 38039 1 1 0 2 0
TARGET 38040 1 1 0 2 0
TARGET 38041 1 1 0 2 0
TARGET 38042 1 1 0 2 0
TARGET 38043 1 1 0 2 0
TARGET 38044 1 1 0 2 0
TARGET 38045 1 1 0 3 0
TARGET 38046 1 1 0 3 0
TARGET 38047 1 1 0 4 0
TARGET 38048 1 1 0 3 0
TARGET 38049 1 1 0 4 0
TARGET 38050 1 1 0 3 0
TARGET 38051 1 1 0 4 0
TARGET 38052 1 1 0 3 0
TARGET 38053 1 1 0 3 0
TARGET 38054 1 1 0 3 0
TARGET 38055 1 1 0 3 0
TARGET 38056 1 1 0 3 0
TARGET 38057 1 1 0 2 0
TARGET 38058 1 1 0 3 0
TARGET 38059 1 1 0 2 0
TARGET 38060 1 1 0 3 0
TARGET 38061 1 1 0 2 0
TARGET 38062 1 1 0 3 0
TARGET 38063 1 1 0 2 0
TARGET 38064 1 1 0 2 0
TARGET 38065 1 1 0 2 0
TARGET 38066 1 1 0 2 0
TARGET 38067 1 1 0 2 0
TARGET 38068 1 1 0 2 0
TARGET 38069 1 1 0 2 0
TARGET 38070 1 1 0 2 0
TARGET 38071 1 1 0 2 0
TARGET 38072 1 1 0 2 0
TARGET 38073 1 1 0 2 0
TARGET 38074 1 1 0 2 0
TARGET 38075 1 1 0 3 0
TARGET 38076 1 1 0 3 0
TARGET 38077 1 1 0 3 0
TARGET 38078 1 1 0 3 0
TARGET 38079 1 1 0 3 0
TARGET 38080 1 1 0 3 0
TARGET 38081 1 1 0 3 0
TARGET 38082 1 1 0 3 0
TARGET 38083 1 1 0 4 0
TARGET 38084 1 1 0 2 0
TARGET 38085 1 1 0 2 0
TARGET 38086 1 1 0 2 0
TARGET 38087 1 1 0 2 0
TARGET 38088 1 1 0 2 0
TARGET 38089 1 1 0 2 0
TARGET 38090 1 1 0 2 0
TARGET 38091 1 1 0 3 0
TARGET 38092 1 2 0 3 0
TARGET 38093 1 1 0 2 0
TARGET 38094 1 1 0 3 0
TARGET 38095 1 1 0 2 0
TARGET 38096 1 1 0 2 0
TARGET 38097 1 1 0 2 0
TARGET 38098 1 1 0 2 0
TARGET 38099 1 1 0 2 0
TARGET 38100 1 2 0 3 0
TARGET 38101 1 2 0 3 0
TARGET 38102 1 1 0 3 0
TARGET 38103 1 1 0 3 0
TARGET 38104 1 2 0 3 0
TARGET 38105 1 2 0 3 0
TARGET 38106 1 1 0 4 0
TARGET 38107 1 1 0 2 0
TARGET 38108 1 1 0 2 0
TARGET 38109 1 1 0 2 0
TARGET 38110 1 1 0 2 0
TARGET 38111 1 1 0 2 0
TARGET 38112 1 1 0 2 0
TARGET 38113 1 1 0 3 0
TARGET 38114 1 1 0 3 0
TARGET 38115 1 1 0 2 0
TARGET 38116 1 1 0 2 0
TARGET 38117 1 1 0 2 0
TARGET 38118 1 1 0 2 0
TARGET 38119 1 1 0 2 0
TARGET 38120 1 1 0 3 0
TARGET 38121 1 1 0 3 0
TARGET 38122 1 1 0 3 0
TARGET 38123 1 1 0 3 0
TARGET 38124 1 1 0 3 0
TARGET 38125 1 1 0 4 0
TARGET 38126 1 1 0 2 0
TARGET 38127 1 1 0 2 0
TARGET 38128 1 1 0 2 0
TARGET 38129 1 1 0 2 0
TARGET 38130 1 1 0 2 0
TARGET 38131 1 1 0 3 0
TARGET 38132 1 1 0 2 0
TARGET 38133 1 1 0 2 0
TARGET 38134 1 1 0 2 0
TARGET 38135 1 1 0 2 0
TARGET 38136 1 1 0 2 0
TARGET 38137 1 1 0 2 0
TARGET 38138 1 1 0 2 0
TARGET 38139 1 1 0 2 0
TARGET 38140 1 1 0 3 0
TARGET 38141 1 1 0 2 0
TARGET 38142 1 1 0 2 0
TARGET 38143 1 1 0 2 0
TARGET 38144 1 1 0 2 0
TARGET 38145 1 1 0 2 0
TARGET 38146 1 1 0 2 0
TARGET 38147 1 1 0 3 0
TARGET 38148 1 1 0 2 0
TARGET 38149 1 1 0 2 0
TARGET 38150 1 1 0 2 0
TARGET 38151 1 1 0 3 0
TARGET 38152 1 1 0 2 0
TARGET 38153 1 1 0 2 0
TARGET 38154 1 1 0 2 0
TARGET 38155 1 1 0 3 0
TARGET 38156 1 1 0 1 0
TARGET 38157 1 0 0 1 0
TARGET 38158 1 0 0 1 0
TARGET 38159 1 1 0 2 0
TARGET 38160 1 1 0 1 0
TARGET 38161 1 1 0 2 0
TARGET 38162 1 1 0 1 0
TARGET 38163 1 1 0 2 0
TARGET 38164 1 1 0 1 0
TARGET 38165 1 1 0 1 0
TARGET 38166 1 1 0 1 0
TARGET 38167 1 0 0 1 0
TARGET 38168 1 0 0 1 0
TARGET 38169 1 1 0 1 0
TARGET 38170 1 0 0 1 0
TARGET 38171 1 1 0 2 0
TARGET 38172 1 1 0 1 0
TARGET 38173 1 0 0 1 0
TARGET 38174 1 1 0 2 0
TARGET 38175 1 0 0 1 0
TARGET 38176 1 0 0 1 0
TARGET 38177 1 1 0 1 0
TARGET 38178 1 1 0 1 0
TARGET 38179 1 1 0 1 0
TARGET 38180 1 0 0 1 0
TARGET 38181 1 0 0 1 0
TARGET 38182 1 1 0 2 0
TARGET 38183 1 0 0 2 0
TARGET 38184 1 1 0 1 0
TARGET 38185 1 1 0 2 0
TARGET 38186 1 1 0 1 0
TARGET 38187 1 1 0 2 0
TARGET 38188 1 1 0 1 0
TARGET 38189 1 1 0 1 0
TARGET 38190 1 1 0 1 0
TARGET 38191 1 0 0 1 0
TARGET 38192 1 0 0 1 0
TARGET 38193 1 1 0 2 0
TARGET 38194 1 0 0 1 0
TARGET 38195 1 0 0 1 0
TARGET 38196 1 0 0 1 0
TARGET 38197 1 0 0 1 0
TARGET 38198 1 0 0 1 0
TARGET 38199 1 0 0 1 0
TARGET 38200 1 0 0 1 0
TARGET 38201 1 0 0 1 0
TARGET 38202 1 1 0 2 0
TARGET 38203 1 0 0 2 0
TARGET 38204 1 1 0 2 0
TARGET 38205 1 1 0 3 0
TARGET 38206 1 1 0 2 0
TARGET 38207 1 1 0 3 0
TARGET 38208 1 1 0 2 0
TARGET 38209 1 1 0 3 0
TARGET 38210 1 1 0 2 0
TARGET 38211 1 1 0 2 0
TARGET 38212 1 1 0 2 0
TARGET 38213 1 1 0 2 0
TARGET 38214 1 1 0 2 0
TARGET 38215 1 0 0 1 0
TARGET 38216 1 1 0 2 0
TARGET 38217 1 1 0 1 0
TARGET 38218 1 1 0 2 0
TARGET 38219 1 1 0 1 0
TARGET 38220 1 1 0 2 0
TARGET 38221 1 1 0 1 0
TARGET 38222 1 1 0 1 0
TARGET 38223 1 1 0 1 0
TARGET 38224 1 0 0 1 0
TARGET 38225 1 0 0 1 0
TARGET 38226 1 0 0 1 0
TARGET 38227 1 0 0 1 0
TARGET 38228 1 0 0 1 0
TARGET 38229 1 0 0 1 0
TARGET 38230 1 0 0 1 0
TARGET 38231 1 0 0 1 0
TARGET 38232 1 0 0 1 0
TARGET 38233 1 1 0 2 0
TARGET 38234 1 0 0 2 0
TARGET 38235 1 1 0 2 0
TARGET 38236 1 1 0 2 0
TARGET 38237 1 1 0 2 0
TARGET 38238 1 1 0 2 0
TARGET 38239 1 1 0 2 0
TARGET 38240 1 1 0 2 0
TARGET 38241 1 1 0 2 0
TARGET 38242 1 1 0 3 0
TARGET 38243 1 1 0 3 0
TARGET 38244 1 0 0 1 0
TARGET 38245 1 0 0 1 0
TARGET 38246 1 1 0 1 0
TARGET 38247 1 1 0 1 0
TARGET 38248 1 1 0 1 0
TARGET 38249 1 0 0 1 0
TARGET 38250 1 0 0 1 0
TARGET 38251 1 1 0 2 0
TARGET 38252 1 0 0 2 0
TARGET 38253 1 1 0 2 0
TARGET 38254 1 0 0 1 0
TARGET 38255 1 1 0 2 0
TARGET 38256 1 0 0 1 0
TARGET 38257 1 0 0 1 0
TARGET 38258 1 0 0 1 0
TARGET 38259 1 0 0 1 0
TARGET 38260 1 0 0 1 0
TARGET 38261 1 1 0 2 0
TARGET 38262 1 1 0 2 0
TARGET 38263 1 1 0 2 0
TARGET 38264 1 1 0 2 0
TARGET 38265 1 1 0 2 0
TARGET 38266 1 1 0 2 0
TARGET 38267 1 1 0 3 0
TARGET 38268 1 1 0 3 0
TARGET 38269 1 0 0 1 0
TARGET 38270 1 1 0 1 0
TARGET 38271 1 1 0 1 0
TARGET 38272 1 1 0 1 0
TARGET 38273 1 0 0 1 0
TARGET 38274 1 0 0 1 0
TARGET 38275 1 1 0 2 0
TARGET 38276 1 0 0 2 0
TARGET 38277 1 1 0 2 0
TARGET 38278 1 0 0 1 0
TARGET 38279 1 0 0 1 0
TARGET 38280 1 0 0 1 0
TARGET 38281 1 0 0 1 0
TARGET 38282 1 0 0 1 0
TARGET 38283 1 1 0 2 0
TARGET 38284 1 1 0 2 0
TARGET 38285 1 1 0 2 0
TARGET 38286 1 1 0 2 0
TARGET 38287 1 1 0 2 0
TARGET 38288 1 1 0 3 0
TARGET 38289 1 1 0 3 0
TARGET 38290 1 1 0 1 0
TARGET 38291 1 1 0 1 0
TARGET 38292 1 1 0 1 0
TARGET 38293 1 0 0 1 0
TARGET 38294 1 0 0 1 0
TARGET 38295 1 1 0 2 0
TARGET 38296 1 0 0 2 0
TARGET 38297 1 1 0 1 0
TARGET 38298 1 1 0 1 0
TARGET 38299 1 1 0 1 0
TARGET 38300 1 0 0 1 0
TARGET 38301 1 0 0 1 0
TARGET 38302 1 1 0 1 0
TARGET 38303 1 0 0 1 0
TARGET 38304 1 0 0 1 0
TARGET 38305 1 1 0 2 0
TARGET 38306 1 0 0 2 0
TARGET 38307 1 1 0 1 0
TARGET 38308 1 0 0 1 0
TARGET 38309 1 0 0 1 0
TARGET 38310 1 1 0 1 0
TARGET 38311 1 0 0 1 0
TARGET 38312 1 0 0 1 0
TARGET 38313 1 1 0 2 0
TARGET 38314 1 0 0 2 0
TARGET 38315 1 0 0 1 0
TARGET 38316 1 0 0 1 0
TARGET 38317 1 0 0 1 0
TARGET 38318 1 1 0 2 0
TARGET 38319 1 0 0 2 0
TARGET 38320 1 0 0 1 0
TARGET 38321 1 0 0 1 0
TARGET 38322 1 0 0 1 0
TARGET 38323 1 1 0 2 0
TARGET 38324 1 0 0 2 0
TARGET 38325 1 0 0 0 0
TARGET 38326 1 0 0 0 0
TARGET 38327 1 0 0 0 0
TARGET 38328 1 1 0 1 0
TARGET 38329 1 0 0 0 0
TARGET 38330 1 1 0 1 0
TARGET 38331 1 0 0 0 0
TARGET 38332 1 1 0 1 0
TARGET 38333 1 0 0 0 0
TARGET 38334 1 0 0 0 0
TARGET 38335 1 0 0 0 0
TARGET 38336 1 0 0 0 0
TARGET 38337 1 0 0 0 0
TARGET 38338 1 1 0 1 0
TARGET 38339 1 0 0 1 0
TARGET 38340 1 1 0 2 0
TARGET 38341 1 1 0 1 0
TARGET 38342 1 0 0 1 0
TARGET 38343 1 1 0 2 0
TARGET 38344 1 0 0 1 0
TARGET 38345 1 0 0 1 0
TARGET 38346 1 1 0 1 0
TARGET 38347 1 1 0 1 0
TARGET 38348 1 1 0 1 0
TARGET 38349 1 0 0 1 0
TARGET 38350 1 0 0 1 0
TARGET 38351 1 1 0 2 0
TARGET 38352 1 1 0 1 0
TARGET 38353 1 1 0 2 0
TARGET 38354 1 1 0 1 0
TARGET 38355 1 1 0 2 0
TARGET 38356 1 1 0 1 0
TARGET 38357 1 1 0 1 0
TARGET 38358 1 1 0 1 0
TARGET 38359 1 0 0 1 0
TARGET 38360 1 0 0 1 0
TARGET 38361 1 0 0 0 0
TARGET 38362 1 1 0 2 0
TARGET 38363 1 0 0 1 0
TARGET 38364 1 0 0 1 0
TARGET 38365 1 0 0 1 0
TARGET 38366 1 0 0 1 0
TARGET 38367 1 0 0 1 0
TARGET 38368 1 0 0 1 0
TARGET 38369 1 0 0 1 0
TARGET 38370 1 0 0 1 0
TARGET 38371 1 1 0 2 0
TARGET 38372 1 1 0 3 0
TARGET 38373 1 1 0 2 0
TARGET 38374 1 1 0 2 0
TARGET 38375 1 1 0 3 0
TARGET 38376 1 1 0 2 0
TARGET 38377 1 1 0 2 0
TARGET 38378 1 1 0 2 0
TARGET 38379 1 1 0 2 0
TARGET 38380 1 1 0 2 0
TARGET 38381 1 1 0 2 0
TARGET 38382 1 1 0 2 0
TARGET 38383 1 1 0 3 0
TARGET 38384 1 1 0 2 0
TARGET 38385 1 1 0 3 0
TARGET 38386 1 1 0 2 0
TARGET 38387 1 1 0 3 0
TARGET 38388 1 1 0 2 0
TARGET 38389 1 1 0 2 0
TARGET 38390 1 1 0 2 0
TARGET 38391 1 1 0 2 0
TARGET 38392 1 1 0 2 0
TARGET 38393 1 1 0 1 0
TARGET 38394 1 0 0 1 0
TARGET 38395 1 1 0 2 0
TARGET 38396 1 0 0 1 0
TARGET 38397 1 0 0 1 0
TARGET 38398 1 1 0 1 0
TARGET 38399 1 1 0 1 0
TARGET 38400 1 1 0 1 0
TARGET 38401 1 0 0 1 0
TARGET 38402 1 0 0 1 0
TARGET 38403 1 1 0 2 0
TARGET 38404 1 0 0 2 0
TARGET 38405 1 1 0 1 0
TARGET 38406 1 1 0 2 0
TARGET 38407 1 1 0 1 0
TARGET 38408 1 1 0 2 0
TARGET 38409 1 1 0 1 0
TARGET 38410 1 1 0 1 0
TARGET 38411 1 1 0 1 0
TARGET 38412 1 0 0 1 0
TARGET 38413 1 0 0 1 0
TARGET 38414 1 0 0 0 0
TARGET 38415 1 0 0 1 0
TARGET 38416 1 0 0 1 0
TARGET 38417 1 0 0 1 0
TARGET 38418 1 0 0 1 0
TARGET 38419 1 0 0 1 0
TARGET 38420 1 0 0 1 0
TARGET 38421 1 0 0 1 0
TARGET 38422 1 1 0 2 0
TARGET 38423 1 1 0 2 0
TARGET 38424 1 1 0 2 0
TARGET 38425 1 1 0 2 0
TARGET 38426 1 1 0 2 0
TARGET 38427 1 1 0 2 0
TARGET 38428 1 1 0 2 0
TARGET 38429 1 1 0 2 0
TARGET 38430 1 2 0 3 0
TARGET 38431 1 0 0 1 0
TARGET 38432 1 0 0 1 0
TARGET 38433 1 0 0 1 0
TARGET 38434 1 0 0 1 0
TARGET 38435 1 0 0 1 0
TARGET 38436 1 0 0 1 0
TARGET 38437 1 0 0 1 0
TARGET 38438 1 1 0 2 0
TARGET 38439 1 0 0 0 0
TARGET 38440 1 0 0 1 0
TARGET 38441 1 0 0 1 0
TARGET 38442 1 0 0 1 0
TARGET 38443 1 0 0 1 0
TARGET 38444 1 0 0 1 0
TARGET 38445 1 0 0 1 0
TARGET 38446 1 1 0 2 0
TARGET 38447 1 0 0 0 0
TARGET 38448 1 1 0 1 0
TARGET 38449 1 1 0 1 0
TARGET 38450 1 1 0 1 0
TARGET 38451 1 0 0 1 0
TARGET 38452 1 0 0 1 0
TARGET 38453 1 1 0 2 0
TARGET 38454 1 0 0 0 0
TARGET 38455 1 1 0 1 0
TARGET 38456 1 1 0 1 0
TARGET 38457 1 0 0 1 0
TARGET 38458 1 0 0 1 0
TARGET 38459 1 1 0 2 0
TARGET 38460 1 0 0 0 0
TARGET 38461 1 1 0 1 0
TARGET 38462 1 0 0 1 0
TARGET 38463 1 0 0 1 0
TARGET 38464 1 1 0 2 0
TARGET 38465 1 0 0 0 0
TARGET 38466 1 0 0 1 0
TARGET 38467 1 0 0 1 0
TARGET 38468 1 1 0 2 0
TARGET 38469 1 0 0 0 0
TARGET 38470 1 0 0 1 0
TARGET 38471 1 1 0 2 0
TARGET 38472 1 0 0 0 0
TARGET 38473 1 2 0 3 0
TARGET 38474 1 0 0 2 0
TARGET 38475 1 0 0 1 0
TARGET 38476 1 0 0 1 0
TARGET 38477 1 1 0 1 0
TARGET 38478 1 1 0 1 0
TARGET 38479 1 1 0 1 0
TARGET 38480 1 0 0 1 0
TARGET 38481 1 0 0 1 0
TARGET 38482 1 1 0 2 0
TARGET 38483 1 1 0 2 0
TARGET 38484 1 0 0 1 0
TARGET 38485 1 1 0 2 0
TARGET 38486 1 0 0 1 0
TARGET 38487 1 0 0 1 0
TARGET 38488 1 0 0 1 0
TARGET 38489 1 0 0 1 0
TARGET 38490 1 0 0 1 0
TARGET 38491 1 1 0 2 0
TARGET 38492 1 1 0 2 0
TARGET 38493 1 1 0 2 0
TARGET 38494 1 1 0 2 0
TARGET 38495 1 1 0 2 0
TARGET 38496 1 1 0 2 0
TARGET 38497 1 1 0 3 0
TARGET 38498 1 0 0 1 0
TARGET 38499 1 1 0 1 0
TARGET 38500 1 1 0 1 0
TARGET 38501 1 1 0 1 0
TARGET 38502 1 0 0 1 0
TARGET 38503 1 0 0 1 0
TARGET 38504 1 1 0 2 0
TARGET 38505 1 1 0 2 0
TARGET 38506 1 0 0 1 0
TARGET 38507 1 0 0 1 0
TARGET 38508 1 0 0 1 0
TARGET 38509 1 0 0 1 0
TARGET 38510 1 0 0 1 0
TARGET 38511 1 1 0 2 0
TARGET 38512 1 1 0 2 0
TARGET 38513 1 1 0 2 0
TARGET 38514 1 1 0 2 0
TARGET 38515 1 1 0 2 0
TARGET 38516 1 1 0 3 0
TARGET 38517 1 1 0 1 0
TARGET 38518 1 1 0 1 0
TARGET 38519 1 1 0 1 0
TARGET 38520 1 0 0 1 0
TARGET 38521 1 0 0 1 0
TARGET 38522 1 1 0 2 0
TARGET 38523 1 1 0 1 0
TARGET 38524 1 1 0 1 0
TARGET 38525 1 1 0 1 0
TARGET 38526 1 0 0 1 0
TARGET 38527 1 0 0 1 0
TARGET 38528 1 1 0 1 0
TARGET 38529 1 0 0 1 0
TARGET 38530 1 0 0 1 0
TARGET 38531 1 1 0 2 0
TARGET 38532 1 1 0 1 0
TARGET 38533 1 0 0 1 0
TARGET 38534 1 0 0 1 0
TARGET 38535 1 1 0 1 0
TARGET 38536 1 0 0 1 0
TARGET 38537 1 0 0 1 0
TARGET 38538 1 1 0 2 0
TARGET 38539 1 0 0 1 0
TARGET 38540 1 0 0 1 0
TARGET 38541 1 0 0 1 0
TARGET 38542 1 1 0 2 0
TARGET 38543 1 0 0 1 0
TARGET 38544 1 0 0 1 0
TARGET 38545 1 0 0 1 0
TARGET 38546 1 1 0 2 0
TARGET 38547 1 0 0 0 0
TARGET 38548 1 0 0 0 0
TARGET 38549 1 1 0 1 0
TARGET 38550 1 0 0 0 0
TARGET 38551 1 1 0 1 0
TARGET 38552 1 0 0 0 0
TARGET 38553 1 1 0 1 0
TARGET 38554 1 0 0 0 0
TARGET 38555 1 0 0 0 0
TARGET 38556 1 0 0 0 0
TARGET 38557 1 0 0 0 0
TARGET 38558 1 0 0 0 0
TARGET 38559 1 2 0 3 0
TARGET 38560 1 1 0 2 0
TARGET 38561 1 1 0 2 0
TARGET 38562 1 1 0 2 0
TARGET 38563 1 1 0 2 0
TARGET 38564 1 1 0 2 0
TARGET 38565 1 1 0 2 0
TARGET 38566 1 1 0 2 0
TARGET 38567 1 1 0 2 0
TARGET 38568 1 1 0 3 0
TARGET 38569 1 0 0 1 0
TARGET 38570 1 0 0 1 0
TARGET 38571 1 0 0 1 0
TARGET 38572 1 0 0 1 0
TARGET 38573 1 0 0 1 0
TARGET 38574 1 0 0 1 0
TARGET 38575 1 0 0 1 0
TARGET 38576 1 0 0 1 0
TARGET 38577 1 1 0 2 0
TARGET 38578 1 0 0 2 0
TARGET 38579 1 0 0 0 0
TARGET 38580 1 0 0 1 0
TARGET 38581 1 0 0 1 0
TARGET 38582 1 0 0 1 0
TARGET 38583 1 0 0 1 0
TARGET 38584 1 0 0 1 0
TARGET 38585 1 0 0 1 0
TARGET 38586 1 0 0 1 0
TARGET 38587 1 1 0 2 0
TARGET 38588 1 0 0 0 0
TARGET 38589 1 0 0 1 0
TARGET 38590 1 0 0 1 0
TARGET 38591 1 0 0 1 0
TARGET 38592 1 0 0 1 0
TARGET 38593 1 0 0 1 0
TARGET 38594 1 0 0 1 0
TARGET 38595 1 1 0 2 0
TARGET 38596 1 0 0 0 0
TARGET 38597 1 0 0 1 0
TARGET 38598 1 0 0 1 0
TARGET 38599 1 0 0 1 0
TARGET 38600 1 0 0 1 0
TARGET 38601 1 0 0 1 0
TARGET 38602 1 1 0 2 0
TARGET 38603 1 0 0 0 0
TARGET 38604 1 0 0 1 0
TARGET 38605 1 0 0 1 0
TARGET 38606 1 0 0 1 0
TARGET 38607 1 0 0 1 0
TARGET 38608 1 1 0 2 0
TARGET 38609 1 0 0 0 0
TARGET 38610 1 0 0 1 0
TARGET 38611 1 0 0 1 0
TARGET 38612 1 0 0 1 0
TARGET 38613 1 1 0 2 0
TARGET 38614 1 0 0 0 0
TARGET 38615 1 0 0 1 0
TARGET 38616 1 0 0 1 0
TARGET 38617 1 1 0 2 0
TARGET 38618 1 0 0 0 0
TARGET 38619 1 0 0 1 0
TARGET 38620 1 1 0 2 0
TARGET 38621 1 0 0 0 0
TARGET 38622 1 2 0 3 0
TARGET 38623 1 0 0 2 0
TARGET 38624 1 2 0 3 0
TARGET 38625 1 1 0 4 0
TARGET 38626 1 1 0 3 0
TARGET 38627 1 1 0 4 0
TARGET 38628 1 1 0 3 0
TARGET 38629 1 3 0 4 0
TARGET 38630 1 2 0 3 0
TARGET 38631 1 1 0 3 0
TARGET 38632 1 2 0 3 0
TARGET 38633 1 2 0 3 0
TARGET 38634 1 2 0 3 0
TARGET 38635 1 1 0 2 0
TARGET 38636 1 1 0 3 0
TARGET 38637 1 1 0 2 0
TARGET 38638 1 1 0 3 0
TARGET 38639 1 1 0 2 0
TARGET 38640 1 2 0 3 0
TARGET 38641 1 1 0 2 0
TARGET 38642 1 1 0 2 0
TARGET 38643 1 1 0 2 0
TARGET 38644 1 1 0 2 0
TARGET 38645 1 1 0 2 0
TARGET 38646 1 1 0 2 0
TARGET 38647 1 1 0 2 0
TARGET 38648 1 1 0 2 0
TARGET 38649 1 1 0 2 0
TARGET 38650 1 1 0 2 0
TARGET 38651 1 1 0 2 0
TARGET 38652 1 1 0 2 0
TARGET 38653 1 1 0 3 0
TARGET 38654 1 1 0 3 0
TARGET 38655 1 1 0 3 0
TARGET 38656 1 1 0 3 0
TARGET 38657 1 1 0 3 0
TARGET 38658 1 1 0 3 0
TARGET 38659 1 1 0 3 0
TARGET 38660 1 1 0 3 0
TARGET 38661 1 1 0 4 0
TARGET 38662 1 1 0 2 0
TARGET 38663 1 1 0 2 0
TARGET 38664 1 1 0 2 0
TARGET 38665 1 1 0 2 0
TARGET 38666 1 1 0 2 0
TARGET 38667 1 1 0 2 0
TARGET 38668 1 1 0 2 0
TARGET 38669 1 1 0 3 0
TARGET 38670 1 1 0 3 0
TARGET 38671 1 1 0 2 0
TARGET 38672 1 2 0 3 0
TARGET 38673 1 1 0 2 0
TARGET 38674 1 1 0 2 0
TARGET 38675 1 1 0 2 0
TARGET 38676 1 1 0 2 0
TARGET 38677 1 1 0 2 0
TARGET 38678 1 1 0 3 0
TARGET 38679 1 1 0 3 0
TARGET 38680 1 1 0 3 0
TARGET 38681 1 1 0 3 0
TARGET 38682 1 1 0 3 0
TARGET 38683 1 1 0 3 0
TARGET 38684 1 1 0 4 0
TARGET 38685 1 1 0 2 0
TARGET 38686 1 1 0 2 0
TARGET 38687 1 1 0 2 0
TARGET 38688 1 1 0 2 0
TARGET 38689 1 1 0 2 0
TARGET 38690 1 1 0 2 0
TARGET 38691 1 1 0 3 0
TARGET 38692 1 2 0 3 0
TARGET 38693 1 1 0 2 0
TARGET 38694 1 1 0 2 0
TARGET 38695 1 1 0 2 0
TARGET 38696 1 1 0 2 0
TARGET 38697 1 1 0 2 0
TARGET 38698 1 1 0 3 0
TARGET 38699 1 2 0 3 0
TARGET 38700 1 1 0 3 0
TARGET 38701 1 2 0 3 0
TARGET 38702 1 2 0 3 0
TARGET 38703 1 1 0 4 0
TARGET 38704 1 1 0 2 0
TARGET 38705 1 1 0 2 0
TARGET 38706 1 1 0 2 0
TARGET 38707 1 1 0 2 0
TARGET 38708 1 1 0 2 0
TARGET 38709 1 1 0 3 0
TARGET 38710 1 1 0 2 0
TARGET 38711 1 1 0 2 0
TARGET 38712 1 1 0 2 0
TARGET 38713 1 1 0 2 0
TARGET 38714 1 1 0 2 0
TARGET 38715 1 1 0 2 0
TARGET 38716 1 1 0 2 0
TARGET 38717 1 1 0 2 0
TARGET 38718 1 1 0 3 0
TARGET 38719 1 1 0 2 0
TARGET 38720 1 1 0 2 0
TARGET 38721 1 1 0 2 0
TARGET 38722 1 1 0 2 0
TARGET 38723 1 1 0 2 0
TARGET 38724 1 1 0 2 0
TARGET 38725 1 1 0 3 0
TARGET 38726 1 1 0 2 0
TARGET 38727 1 1 0 2 0
TARGET 38728 1 1 0 2 0
TARGET 38729 1 1 0 3 0
TARGET 38730 1 1 0 2 0
TARGET 38731 1 1 0 2 0
TARGET 38732 1 1 0 2 0
TARGET 38733 1 1 0 3 0
TARGET 38734 1 0 0 1 0
TARGET 38735 1 1 0 2 0
TARGET 38736 1 1 0 1 0
TARGET 38737 1 1 0 2 0
TARGET 38738 1 1 0 1 0
TARGET 38739 1 1 0 2 0
TARGET 38740 1 1 0 1 0
TARGET 38741 1 1 0 1 0
TARGET 38742 1 1 0 1 0
TARGET 38743 1 0 0 1 0
TARGET 38744 1 0 0 1 0
TARGET 38745 1 0 0 1 0
TARGET 38746 1 0 0 1 0
TARGET 38747 1 0 0 1 0
TARGET 38748 1 0 0 1 0
TARGET 38749 1 0 0 1 0
TARGET 38750 1 0 0 1 0
TARGET 38751 1 0 0 1 0
TARGET 38752 1 1 0 2 0
TARGET 38753 1 0 0 2 0
TARGET 38754 1 1 0 2 0
TARGET 38755 1 1 0 2 0
TARGET 38756 1 1 0 2 0
TARGET 38757 1 1 0 2 0
TARGET 38758 1 1 0 2 0
TARGET 38759 1 1 0 2 0
TARGET 38760 1 1 0 2 0
TARGET 38761 1 1 0 3 0
TARGET 38762 1 1 0 3 0
TARGET 38763 1 0 0 1 0
TARGET 38764 1 0 0 1 0
TARGET 38765 1 1 0 1 0
TARGET 38766 1 1 0 1 0
TARGET 38767 1 1 0 1 0
TARGET 38768 1 0 0 1 0
TARGET 38769 1 0 0 1 0
TARGET 38770 1 1 0 2 0
TARGET 38771 1 0 0 2 0
TARGET 38772 1 1 0 2 0
TARGET 38773 1 0 0 1 0
TARGET 38774 1 1 0 2 0
TARGET 38775 1 0 0 1 0
TARGET 38776 1 0 0 1 0
TARGET 38777 1 0 0 1 0
TARGET 38778 1 0 0 1 0
TARGET 38779 1 0 0 1 0
TARGET 38780 1 1 0 2 0
TARGET 38781 1 1 0 2 0
TARGET 38782 1 1 0 2 0
TARGET 38783 1 1 0 2 0
TARGET 38784 1 1 0 2 0
TARGET 38785 1 1 0 2 0
TARGET 38786 1 1 0 3 0
TARGET 38787 1 1 0 3 0
TARGET 38788 1 0 0 1 0
TARGET 38789 1 1 0 1 0
TARGET 38790 1 1 0 1 0
TARGET 38791 1 1 0 1 0
TARGET 38792 1 0 0 1 0
TARGET 38793 1 0 0 1 0
TARGET 38794 1 1 0 2 0
TARGET 38795 1 0 0 2 0
TARGET 38796 1 1 0 2 0
TARGET 38797 1 0 0 1 0
TARGET 38798 1 0 0 1 0
TARGET 38799 1 0 0 1 0
TARGET 38800 1 0 0 1 0
TARGET 38801 1 0 0 1 0
TARGET 38802 1 1 0 2 0
TARGET 38803 1 1 0 2 0
TARGET 38804 1 1 0 2 0
TARGET 38805 1 1 0 2 0
TARGET 38806 1 1 0 2 0
TARGET 38807 1 1 0 3 0
TARGET 38808 1 1 0 3 0
TARGET 38809 1 1 0 1 0
TARGET 38810 1 1 0 1 0
TARGET 38811 1 1 0 1 0
TARGET 38812 1 0 0 1 0
TARGET 38813 1 0 0 1 0
TARGET 38814 1 1 0 2 0
TARGET 38815 1 0 0 2 0
TARGET 38816 1 1 0 1 0
TARGET 38817 1 1 0 1 0
TARGET 38818 1 1 0 1 0
TARGET 38819 1 0 0 1 0
TARGET 38820 1 0 0 1 0
TARGET 38821 1 1 0 1 0
TARGET 38822 1 0 0 1 0
TARGET 38823 1 0 0 1 0
TARGET 38824 1 1 0 2 0
TARGET 38825 1 0 0 2 0
TARGET 38826 1 1 0 1 0
TARGET 38827 1 0 0 1 0
TARGET 38828 1 0 0 1 0
TARGET 38829 1 1 0 1 0
TARGET 38830 1 0 0 1 0
TARGET 38831 1 0 0 1 0
TARGET 38832 1 1 0 2 0
TARGET 38833 1 0 0 2 0
TARGET 38834 1 0 0 1 0
TARGET 38835 1 0 0 1 0
TARGET 38836 1 0 0 1 0
TARGET 38837 1 1 0 2 0
TARGET 38838 1 0 0 2 0
TARGET 38839 1 0 0 1 0
TARGET 38840 1 0 0 1 0
TARGET 38841 1 0 0 1 0
TARGET 38842 1 1 0 2 0
TARGET 38843 1 0 0 2 0
TARGET 38844 1 0 0 0 0
TARGET 38845 1 1 0 1 0
TARGET 38846 1 0 0 0 0
TARGET 38847 1 1 0 1 0
TARGET 38848 1 0 0 0 0
TARGET 38849 1 1 0 1 0
TARGET 38850 1 0 0 0 0
TARGET 38851 1 0 0 0 0
TARGET 38852 1 0 0 0 0
TARGET 38853 1 0 0 0 0
TARGET 38854 1 0 0 0 0
TARGET 38855 1 0 0 1 0
TARGET 38856 1 0 0 1 0
TARGET 38857 1 0 0 1 0
TARGET 38858 1 0 0 1 0
TARGET 38859 1 0 0 1 0
TARGET 38860 1 0 0 1 0
TARGET 38861 1 0 0 1 0
TARGET 38862 1 1 0 2 0
TARGET 38863 1 0 0 0 0
TARGET 38864 1 0 0 1 0
TARGET 38865 1 0 0 1 0
TARGET 38866 1 0 0 1 0
TARGET 38867 1 0 0 1 0
TARGET 38868 1 0 0 1 0
TARGET 38869 1 0 0 1 0
TARGET 38870 1 1 0 2 0
TARGET 38871 1 0 0 0 0
TARGET 38872 1 0 0 1 0
TARGET 38873 1 0 0 1 0
TARGET 38874 1 0 0 1 0
TARGET 38875 1 0 0 1 0
TARGET 38876 1 0 0 1 0
TARGET 38877 1 1 0 2 0
TARGET 38878 1 0 0 0 0
TARGET 38879 1 0 0 1 0
TARGET 38880 1 0 0 1 0
TARGET 38881 1 0 0 1 0
TARGET 38882 1 0 0 1 0
TARGET 38883 1 1 0 2 0
TARGET 38884 1 0 0 0 0
TARGET 38885 1 0 0 1 0
TARGET 38886 1 0 0 1 0
TARGET 38887 1 0 0 1 0
TARGET 38888 1 1 0 2 0
TARGET 38889 1 0 0 0 0
TARGET 38890 1 0 0 1 0
TARGET 38891 1 0 0 1 0
TARGET 38892 1 1 0 2 0
TARGET 38893 1 0 0 0 0
TARGET 38894 1 0 0 1 0
TARGET 38895 1 1 0 2 0
TARGET 38896 1 0 0 0 0
TARGET 38897 1 2 0 3 0
TARGET 38898 1 0 0 2 0
TARGET 38899 1 1 0 2 0
TARGET 38900 1 1 0 2 0
TARGET 38901 1 1 0 2 0
TARGET 38902 1 1 0 2 0
TARGET 38903 1 1 0 2 0
TARGET 38904 1 1 0 2 0
TARGET 38905 1 1 0 2 0
TARGET 38906 1 2 0 3 0
TARGET 38907 1 1 0 1 0
TARGET 38908 1 1 0 2 0
TARGET 38909 1 1 0 2 0
TARGET 38910 1 1 0 2 0
TARGET 38911 1 1 0 2 0
TARGET 38912 1 1 0 2 0
TARGET 38913 1 1 0 2 0
TARGET 38914 1 2 0 3 0
TARGET 38915 1 1 0 1 0
TARGET 38916 1 1 0 2 0
TARGET 38917 1 1 0 2 0
TARGET 38918 1 1 0 2 0
TARGET 38919 1 1 0 2 0
TARGET 38920 1 1 0 2 0
TARGET 38921 1 1 0 3 0
TARGET 38922 1 1 0 1 0
TARGET 38923 1 1 0 2 0
TARGET 38924 1 1 0 2 0
TARGET 38925 1 1 0 2 0
TARGET 38926 1 1 0 2 0
TARGET 38927 1 1 0 3 0
TARGET 38928 1 1 0 1 0
TARGET 38929 1 1 0 2 0
TARGET 38930 1 1 0 2 0
TARGET 38931 1 1 0 2 0
TARGET 38932 1 2 0 3 0
TARGET 38933 1 1 0 1 0
TARGET 38934 1 1 0 2 0
TARGET 38935 1 1 0 2 0
TARGET 38936 1 2 0 3 0
TARGET 38937 1 1 0 1 0
TARGET 38938 1 1 0 2 0
TARGET 38939 1 2 0 3 0
TARGET 38940 1 1 0 1 0
TARGET 38941 1 3 0 4 0
TARGET 38942 1 1 0 3 0
TARGET 38943 1 0 0 1 0
TARGET 38944 1 0 0 1 0
TARGET 38945 1 0 0 1 0
TARGET 38946 1 0 0 1 0
TARGET 38947 1 0 0 1 0
TARGET 38948 1 0 0 1 0
TARGET 38949 1 0 0 1 0
TARGET 38950 1 1 0 2 0
TARGET 38951 1 0 0 0 0
TARGET 38952 1 0 0 1 0
TARGET 38953 1 0 0 1 0
TARGET 38954 1 0 0 1 0
TARGET 38955 1 0 0 1 0
TARGET 38956 1 0 0 1 0
TARGET 38957 1 0 0 1 0
TARGET 38958 1 1 0 2 0
TARGET 38959 1 0 0 0 0
TARGET 38960 1 1 0 1 0
TARGET 38961 1 1 0 1 0
TARGET 38962 1 1 0 1 0
TARGET 38963 1 0 0 1 0
TARGET 38964 1 0 0 1 0
TARGET 38965 1 1 0 2 0
TARGET 38966 1 0 0 0 0
TARGET 38967 1 1 0 1 0
TARGET 38968 1 1 0 1 0
TARGET 38969 1 0 0 1 0
TARGET 38970 1 0 0 1 0
TARGET 38971 1 1 0 2 0
TARGET 38972 1 0 0 0 0
TARGET 38973 1 1 0 1 0
TARGET 38974 1 0 0 1 0
TARGET 38975 1 0 0 1 0
TARGET 38976 1 1 0 2 0
TARGET 38977 1 0 0 0 0
TARGET 38978 1 0 0 1 0
TARGET 38979 1 0 0 1 0
TARGET 38980 1 1 0 2 0
TARGET 38981 1 0 0 0 0
TARGET 38982 1 0 0 1 0
TARGET 38983 1 1 0 2 0
TARGET 38984 1 0 0 0 0
TARGET 38985 1 2 0 3 0
TARGET 38986 1 0 0 2 0
TARGET 38987 1 1 0 2 0
TARGET 38988 1 0 0 1 0
TARGET 38989 1 1 0 2 0
TARGET 38990 1 0 0 1 0
TARGET 38991 1 0 0 1 0
TARGET 38992 1 0 0 1 0
TARGET 38993 1 0 0 1 0
TARGET 38994 1 0 0 1 0
TARGET 38995 1 1 0 2 0
TARGET 38996 1 1 0 2 0
TARGET 38997 1 1 0 2 0
TARGET 38998 1 1 0 2 0
TARGET 38999 1 1 0 2 0
TARGET 39000 1 1 0 2 0
PASS_1962_MONOMIAL_INTERVAL 38001 39000 1000 0
