TARGET 14001 1 1 0 1 0
TARGET 14002 1 1 0 4 0
TARGET 14003 1 1 0 3 0
TARGET 14004 1 1 0 4 0
TARGET 14005 1 1 0 3 0
TARGET 14006 1 1 0 4 0
TARGET 14007 1 1 0 3 0
TARGET 14008 1 1 0 3 0
TARGET 14009 1 1 0 3 0
TARGET 14010 1 1 0 3 0
TARGET 14011 1 1 0 3 0
TARGET 14012 1 1 0 3 0
TARGET 14013 1 1 0 2 0
TARGET 14014 1 1 0 3 0
TARGET 14015 1 1 0 2 0
TARGET 14016 1 1 0 3 0
TARGET 14017 1 1 0 2 0
TARGET 14018 1 1 0 2 0
TARGET 14019 1 1 0 2 0
TARGET 14020 1 1 0 2 0
TARGET 14021 1 1 0 2 0
TARGET 14022 1 1 0 1 0
TARGET 14023 1 3 0 4 0
TARGET 14024 1 2 0 3 0
TARGET 14025 1 1 0 4 0
TARGET 14026 1 1 0 3 0
TARGET 14027 1 2 0 3 0
TARGET 14028 1 1 0 3 0
TARGET 14029 1 2 0 3 0
TARGET 14030 1 2 0 3 0
TARGET 14031 1 1 0 2 0
TARGET 14032 1 1 0 3 0
TARGET 14033 1 1 0 2 0
TARGET 14034 1 1 0 2 0
TARGET 14035 1 1 0 2 0
TARGET 14036 1 1 0 2 0
TARGET 14037 1 1 0 2 0
TARGET 14038 1 1 0 3 0
TARGET 14039 1 1 0 1 0
TARGET 14040 1 1 0 4 0
TARGET 14041 1 1 0 3 0
TARGET 14042 1 1 0 3 0
TARGET 14043 1 1 0 3 0
TARGET 14044 1 1 0 3 0
TARGET 14045 1 1 0 3 0
TARGET 14046 1 1 0 2 0
TARGET 14047 1 1 0 2 0
TARGET 14048 1 1 0 2 0
TARGET 14049 1 1 0 2 0
TARGET 14050 1 1 0 2 0
TARGET 14051 1 1 0 3 0
TARGET 14052 1 1 0 1 0
TARGET 14053 1 1 0 2 0
TARGET 14054 1 1 0 2 0
TARGET 14055 1 1 0 2 0
TARGET 14056 1 1 0 2 0
TARGET 14057 1 1 0 1 0
TARGET 14058 1 1 0 2 0
TARGET 14059 1 1 0 2 0
TARGET 14060 1 1 0 2 0
TARGET 14061 1 1 0 1 0
TARGET 14062 1 1 0 2 0
TARGET 14063 1 1 0 2 0
TARGET 14064 1 1 0 1 0
TARGET 14065 1 1 0 2 0
TARGET 14066 1 1 0 1 0
TARGET 14067 1 1 0 1 0
TARGET 14068 1 0 0 1 0
TARGET 14069 1 0 0 1 0
TARGET 14070 1 1 0 2 0
TARGET 14071 1 1 0 1 0
TARGET 14072 1 1 0 2 0
TARGET 14073 1 1 0 1 0
TARGET 14074 1 1 0 2 0
TARGET 14075 1 1 0 1 0
TARGET 14076 1 1 0 1 0
TARGET 14077 1 1 0 1 0
TARGET 14078 1 0 0 1 0
TARGET 14079 1 0 0 1 0
TARGET 14080 1 0 0 0 0
TARGET 14081 1 0 0 1 0
TARGET 14082 1 0 0 1 0
TARGET 14083 1 1 0 2 0
TARGET 14084 1 0 0 1 0
TARGET 14085 1 1 0 2 0
TARGET 14086 1 0 0 1 0
TARGET 14087 1 1 0 2 0
TARGET 14088 1 0 0 1 0
TARGET 14089 1 0 0 1 0
TARGET 14090 1 0 0 1 0
TARGET 14091 1 0 0 1 0
TARGET 14092 1 0 0 1 0
TARGET 14093 1 0 0 0 0
TARGET 14094 1 0 0 1 0
TARGET 14095 1 1 0 2 0
TARGET 14096 1 0 0 1 0
TARGET 14097 1 1 0 2 0
TARGET 14098 1 0 0 1 0
TARGET 14099 1 1 0 2 0
TARGET 14100 1 0 0 1 0
TARGET 14101 1 0 0 1 0
TARGET 14102 1 0 0 1 0
TARGET 14103 1 0 0 1 0
TARGET 14104 1 0 0 1 0
TARGET 14105 1 0 0 0 0
TARGET 14106 1 1 0 3 0
TARGET 14107 1 1 0 2 0
TARGET 14108 1 1 0 3 0
TARGET 14109 1 1 0 2 0
TARGET 14110 1 1 0 3 0
TARGET 14111 1 1 0 2 0
TARGET 14112 1 1 0 2 0
TARGET 14113 1 1 0 2 0
TARGET 14114 1 1 0 2 0
TARGET 14115 1 1 0 2 0
TARGET 14116 1 0 0 2 0
TARGET 14117 1 1 0 1 0
TARGET 14118 1 1 0 2 0
TARGET 14119 1 1 0 1 0
TARGET 14120 1 1 0 2 0
TARGET 14121 1 1 0 1 0
TARGET 14122 1 1 0 1 0
TARGET 14123 1 1 0 1 0
TARGET 14124 1 0 0 1 0
TARGET 14125 1 0 0 1 0
TARGET 14126 1 0 0 0 0
TARGET 14127 1 2 0 3 0
TARGET 14128 1 1 0 2 0
TARGET 14129 1 1 0 3 0
TARGET 14130 1 1 0 2 0
TARGET 14131 1 1 0 2 0
TARGET 14132 1 1 0 2 0
TARGET 14133 1 1 0 2 0
TARGET 14134 1 1 0 2 0
TARGET 14135 1 1 0 1 0
TARGET 14136 1 1 0 2 0
TARGET 14137 1 1 0 1 0
TARGET 14138 1 1 0 1 0
TARGET 14139 1 1 0 1 0
TARGET 14140 1 0 0 1 0
TARGET 14141 1 0 0 1 0
TARGET 14142 1 0 0 2 0
TARGET 14143 1 0 0 0 0
TARGET 14144 1 1 0 3 0
TARGET 14145 1 1 0 2 0
TARGET 14146 1 1 0 2 0
TARGET 14147 1 1 0 2 0
TARGET 14148 1 1 0 2 0
TARGET 14149 1 1 0 2 0
TARGET 14150 1 1 0 1 0
TARGET 14151 1 1 0 1 0
TARGET 14152 1 1 0 1 0
TARGET 14153 1 0 0 1 0
TARGET 14154 1 0 0 1 0
TARGET 14155 1 0 0 2 0
TARGET 14156 1 0 0 0 0
TARGET 14157 1 1 0 1 0
TARGET 14158 1 1 0 1 0
TARGET 14159 1 0 0 1 0
TARGET 14160 1 0 0 1 0
TARGET 14161 1 0 0 0 0
TARGET 14162 1 1 0 1 0
TARGET 14163 1 0 0 1 0
TARGET 14164 1 0 0 1 0
TARGET 14165 1 0 0 0 0
TARGET 14166 1 0 0 1 0
TARGET 14167 1 0 0 1 0
TARGET 14168 1 0 0 0 0
TARGET 14169 1 0 0 1 0
TARGET 14170 1 0 0 0 0
TARGET 14171 1 1 0 1 0
TARGET 14172 1 0 0 1 0
TARGET 14173 1 1 0 2 0
TARGET 14174 1 1 0 1 0
TARGET 14175 1 0 0 1 0
TARGET 14176 1 1 0 2 0
TARGET 14177 1 0 0 1 0
TARGET 14178 1 0 0 1 0
TARGET 14179 1 1 0 1 0
TARGET 14180 1 1 0 1 0
TARGET 14181 1 1 0 1 0
TARGET 14182 1 0 0 1 0
TARGET 14183 1 0 0 1 0
TARGET 14184 1 1 0 2 0
TARGET 14185 1 1 0 1 0
TARGET 14186 1 1 0 2 0
TARGET 14187 1 1 0 1 0
TARGET 14188 1 1 0 2 0
TARGET 14189 1 1 0 1 0
TARGET 14190 1 1 0 1 0
TARGET 14191 1 1 0 1 0
TARGET 14192 1 0 0 1 0
TARGET 14193 1 0 0 1 0
TARGET 14194 1 0 0 0 0
TARGET 14195 1 0 0 1 0
TARGET 14196 1 1 0 2 0
TARGET 14197 1 0 0 1 0
TARGET 14198 1 0 0 1 0
TARGET 14199 1 1 0 2 0
TARGET 14200 1 0 0 1 0
TARGET 14201 1 0 0 1 0
TARGET 14202 1 0 0 1 0
TARGET 14203 1 0 0 1 0
TARGET 14204 1 0 0 1 0
TARGET 14205 1 0 0 1 0
TARGET 14206 1 0 0 1 0
TARGET 14207 1 1 0 2 0
TARGET 14208 1 0 0 1 0
TARGET 14209 1 1 0 2 0
TARGET 14210 1 0 0 1 0
TARGET 14211 1 1 0 2 0
TARGET 14212 1 0 0 1 0
TARGET 14213 1 0 0 1 0
TARGET 14214 1 0 0 1 0
TARGET 14215 1 0 0 1 0
TARGET 14216 1 0 0 1 0
TARGET 14217 1 0 0 0 0
TARGET 14218 1 1 0 2 0
TARGET 14219 1 1 0 3 0
TARGET 14220 1 1 0 2 0
TARGET 14221 1 1 0 3 0
TARGET 14222 1 1 0 2 0
TARGET 14223 1 1 0 3 0
TARGET 14224 1 1 0 2 0
TARGET 14225 1 1 0 2 0
TARGET 14226 1 1 0 2 0
TARGET 14227 1 1 0 2 0
TARGET 14228 1 1 0 2 0
TARGET 14229 1 0 0 1 0
TARGET 14230 1 1 0 2 0
TARGET 14231 1 1 0 1 0
TARGET 14232 1 1 0 2 0
TARGET 14233 1 1 0 1 0
TARGET 14234 1 1 0 2 0
TARGET 14235 1 1 0 1 0
TARGET 14236 1 1 0 1 0
TARGET 14237 1 1 0 1 0
TARGET 14238 1 0 0 1 0
TARGET 14239 1 0 0 1 0
TARGET 14240 1 0 0 1 0
TARGET 14241 1 1 0 2 0
TARGET 14242 1 0 0 1 0
TARGET 14243 1 0 0 1 0
TARGET 14244 1 0 0 1 0
TARGET 14245 1 0 0 1 0
TARGET 14246 1 0 0 1 0
TARGET 14247 1 0 0 1 0
TARGET 14248 1 0 0 1 0
TARGET 14249 1 1 0 2 0
TARGET 14250 1 0 0 1 0
TARGET 14251 1 1 0 2 0
TARGET 14252 1 0 0 1 0
TARGET 14253 1 1 0 2 0
TARGET 14254 1 0 0 1 0
TARGET 14255 1 0 0 1 0
TARGET 14256 1 0 0 1 0
TARGET 14257 1 0 0 1 0
TARGET 14258 1 0 0 1 0
TARGET 14259 1 0 0 0 0
TARGET 14260 1 2 0 3 0
TARGET 14261 1 1 0 2 0
TARGET 14262 1 1 0 2 0
TARGET 14263 1 1 0 2 0
TARGET 14264 1 1 0 2 0
TARGET 14265 1 1 0 2 0
TARGET 14266 1 1 0 2 0
TARGET 14267 1 1 0 2 0
TARGET 14268 1 2 0 3 0
TARGET 14269 1 1 0 2 0
TARGET 14270 1 1 0 3 0
TARGET 14271 1 1 0 2 0
TARGET 14272 1 1 0 3 0
TARGET 14273 1 1 0 2 0
TARGET 14274 1 1 0 2 0
TARGET 14275 1 1 0 2 0
TARGET 14276 1 1 0 2 0
TARGET 14277 1 1 0 2 0
TARGET 14278 1 0 0 1 0
TARGET 14279 1 0 0 1 0
TARGET 14280 1 1 0 1 0
TARGET 14281 1 1 0 1 0
TARGET 14282 1 1 0 1 0
TARGET 14283 1 0 0 1 0
TARGET 14284 1 0 0 1 0
TARGET 14285 1 1 0 2 0
TARGET 14286 1 0 0 2 0
TARGET 14287 1 1 0 2 0
TARGET 14288 1 0 0 1 0
TARGET 14289 1 1 0 2 0
TARGET 14290 1 0 0 1 0
TARGET 14291 1 0 0 1 0
TARGET 14292 1 0 0 1 0
TARGET 14293 1 0 0 1 0
TARGET 14294 1 0 0 1 0
TARGET 14295 1 1 0 2 0
TARGET 14296 1 1 0 2 0
TARGET 14297 1 1 0 2 0
TARGET 14298 1 1 0 2 0
TARGET 14299 1 1 0 2 0
TARGET 14300 1 1 0 2 0
TARGET 14301 1 1 0 3 0
TARGET 14302 1 0 0 1 0
TARGET 14303 1 1 0 1 0
TARGET 14304 1 1 0 1 0
TARGET 14305 1 1 0 1 0
TARGET 14306 1 0 0 1 0
TARGET 14307 1 0 0 1 0
TARGET 14308 1 1 0 2 0
TARGET 14309 1 1 0 2 0
TARGET 14310 1 0 0 1 0
TARGET 14311 1 0 0 1 0
TARGET 14312 1 0 0 1 0
TARGET 14313 1 0 0 1 0
TARGET 14314 1 0 0 1 0
TARGET 14315 1 1 0 2 0
TARGET 14316 1 1 0 2 0
TARGET 14317 1 1 0 2 0
TARGET 14318 1 1 0 2 0
TARGET 14319 1 1 0 2 0
TARGET 14320 1 1 0 3 0
TARGET 14321 1 1 0 1 0
TARGET 14322 1 1 0 1 0
TARGET 14323 1 1 0 1 0
TARGET 14324 1 0 0 1 0
TARGET 14325 1 0 0 1 0
TARGET 14326 1 1 0 2 0
TARGET 14327 1 1 0 1 0
TARGET 14328 1 1 0 1 0
TARGET 14329 1 1 0 1 0
TARGET 14330 1 0 0 1 0
TARGET 14331 1 0 0 1 0
TARGET 14332 1 1 0 1 0
TARGET 14333 1 0 0 1 0
TARGET 14334 1 0 0 1 0
TARGET 14335 1 1 0 2 0
TARGET 14336 1 1 0 1 0
TARGET 14337 1 0 0 1 0
TARGET 14338 1 0 0 1 0
TARGET 14339 1 1 0 1 0
TARGET 14340 1 0 0 1 0
TARGET 14341 1 0 0 1 0
TARGET 14342 1 1 0 2 0
TARGET 14343 1 0 0 1 0
TARGET 14344 1 0 0 1 0
TARGET 14345 1 0 0 1 0
TARGET 14346 1 1 0 2 0
TARGET 14347 1 0 0 1 0
TARGET 14348 1 0 0 1 0
TARGET 14349 1 0 0 1 0
TARGET 14350 1 1 0 2 0
TARGET 14351 1 1 0 1 0
TARGET 14352 1 1 0 2 0
TARGET 14353 1 1 0 1 0
TARGET 14354 1 1 0 2 0
TARGET 14355 1 1 0 1 0
TARGET 14356 1 1 0 1 0
TARGET 14357 1 1 0 1 0
TARGET 14358 1 0 0 1 0
TARGET 14359 1 0 0 1 0
TARGET 14360 1 0 0 0 0
TARGET 14361 1 1 0 3 0
TARGET 14362 1 1 0 2 0
TARGET 14363 1 1 0 3 0
TARGET 14364 1 1 0 2 0
TARGET 14365 1 1 0 2 0
TARGET 14366 1 1 0 2 0
TARGET 14367 1 1 0 2 0
TARGET 14368 1 1 0 2 0
TARGET 14369 1 1 0 1 0
TARGET 14370 1 1 0 2 0
TARGET 14371 1 1 0 1 0
TARGET 14372 1 1 0 1 0
TARGET 14373 1 1 0 1 0
TARGET 14374 1 0 0 1 0
TARGET 14375 1 0 0 1 0
TARGET 14376 1 0 0 2 0
TARGET 14377 1 0 0 0 0
TARGET 14378 1 1 0 3 0
TARGET 14379 1 1 0 2 0
TARGET 14380 1 1 0 2 0
TARGET 14381 1 1 0 2 0
TARGET 14382 1 1 0 2 0
TARGET 14383 1 1 0 2 0
TARGET 14384 1 1 0 1 0
TARGET 14385 1 1 0 1 0
TARGET 14386 1 1 0 1 0
TARGET 14387 1 0 0 1 0
TARGET 14388 1 0 0 1 0
TARGET 14389 1 0 0 2 0
TARGET 14390 1 0 0 0 0
TARGET 14391 1 1 0 1 0
TARGET 14392 1 1 0 1 0
TARGET 14393 1 0 0 1 0
TARGET 14394 1 0 0 1 0
TARGET 14395 1 0 0 0 0
TARGET 14396 1 1 0 1 0
TARGET 14397 1 0 0 1 0
TARGET 14398 1 0 0 1 0
TARGET 14399 1 0 0 0 0
TARGET 14400 1 0 0 1 0
TARGET 14401 1 0 0 1 0
TARGET 14402 1 0 0 0 0
TARGET 14403 1 0 0 1 0
TARGET 14404 1 0 0 0 0
TARGET 14405 1 1 0 1 0
TARGET 14406 1 0 0 0 0
TARGET 14407 1 0 0 0 0
TARGET 14408 1 0 0 0 0
TARGET 14409 1 0 0 0 0
TARGET 14410 1 0 0 0 0
TARGET 14411 1 0 0 0 0
TARGET 14412 1 0 0 0 0
TARGET 14413 1 0 0 0 0
TARGET 14414 1 1 0 1 0
TARGET 14415 1 1 0 2 0
TARGET 14416 1 0 0 1 0
TARGET 14417 1 0 0 1 0
TARGET 14418 1 0 0 1 0
TARGET 14419 1 0 0 1 0
TARGET 14420 1 0 0 1 0
TARGET 14421 1 0 0 1 0
TARGET 14422 1 0 0 1 0
TARGET 14423 1 0 0 1 0
TARGET 14424 1 1 0 2 0
TARGET 14425 1 1 0 2 0
TARGET 14426 1 1 0 3 0
TARGET 14427 1 1 0 2 0
TARGET 14428 1 1 0 3 0
TARGET 14429 1 1 0 2 0
TARGET 14430 1 2 0 3 0
TARGET 14431 1 1 0 2 0
TARGET 14432 1 1 0 2 0
TARGET 14433 1 1 0 2 0
TARGET 14434 1 1 0 2 0
TARGET 14435 1 1 0 2 0
TARGET 14436 1 0 0 1 0
TARGET 14437 1 1 0 2 0
TARGET 14438 1 0 0 1 0
TARGET 14439 1 1 0 2 0
TARGET 14440 1 0 0 1 0
TARGET 14441 1 1 0 2 0
TARGET 14442 1 0 0 1 0
TARGET 14443 1 0 0 1 0
TARGET 14444 1 0 0 1 0
TARGET 14445 1 0 0 1 0
TARGET 14446 1 0 0 1 0
TARGET 14447 1 0 0 1 0
TARGET 14448 1 0 0 1 0
TARGET 14449 1 0 0 1 0
TARGET 14450 1 0 0 1 0
TARGET 14451 1 0 0 1 0
TARGET 14452 1 0 0 1 0
TARGET 14453 1 0 0 1 0
TARGET 14454 1 1 0 2 0
TARGET 14455 1 1 0 2 0
TARGET 14456 1 1 0 2 0
TARGET 14457 1 1 0 2 0
TARGET 14458 1 1 0 2 0
TARGET 14459 1 1 0 2 0
TARGET 14460 1 1 0 2 0
TARGET 14461 1 1 0 2 0
TARGET 14462 1 2 0 3 0
TARGET 14463 1 0 0 1 0
TARGET 14464 1 0 0 1 0
TARGET 14465 1 0 0 1 0
TARGET 14466 1 0 0 1 0
TARGET 14467 1 0 0 1 0
TARGET 14468 1 0 0 1 0
TARGET 14469 1 0 0 1 0
TARGET 14470 1 1 0 2 0
TARGET 14471 1 1 0 2 0
TARGET 14472 1 0 0 1 0
TARGET 14473 1 1 0 2 0
TARGET 14474 1 0 0 1 0
TARGET 14475 1 0 0 1 0
TARGET 14476 1 0 0 1 0
TARGET 14477 1 0 0 1 0
TARGET 14478 1 0 0 1 0
TARGET 14479 1 1 0 2 0
TARGET 14480 1 1 0 2 0
TARGET 14481 1 1 0 2 0
TARGET 14482 1 1 0 2 0
TARGET 14483 1 1 0 2 0
TARGET 14484 1 1 0 2 0
TARGET 14485 1 1 0 3 0
TARGET 14486 1 0 0 1 0
TARGET 14487 1 0 0 1 0
TARGET 14488 1 0 0 1 0
TARGET 14489 1 0 0 1 0
TARGET 14490 1 0 0 1 0
TARGET 14491 1 0 0 1 0
TARGET 14492 1 1 0 2 0
TARGET 14493 1 1 0 2 0
TARGET 14494 1 0 0 1 0
TARGET 14495 1 0 0 1 0
TARGET 14496 1 0 0 1 0
TARGET 14497 1 0 0 1 0
TARGET 14498 1 0 0 1 0
TARGET 14499 1 1 0 2 0
TARGET 14500 1 1 0 2 0
TARGET 14501 1 1 0 2 0
TARGET 14502 1 1 0 2 0
TARGET 14503 1 1 0 2 0
TARGET 14504 1 1 0 3 0
TARGET 14505 1 0 0 1 0
TARGET 14506 1 0 0 1 0
TARGET 14507 1 0 0 1 0
TARGET 14508 1 0 0 1 0
TARGET 14509 1 0 0 1 0
TARGET 14510 1 1 0 2 0
TARGET 14511 1 0 0 1 0
TARGET 14512 1 0 0 1 0
TARGET 14513 1 0 0 1 0
TARGET 14514 1 0 0 1 0
TARGET 14515 1 0 0 1 0
TARGET 14516 1 0 0 1 0
TARGET 14517 1 0 0 1 0
TARGET 14518 1 0 0 1 0
TARGET 14519 1 1 0 2 0
TARGET 14520 1 0 0 1 0
TARGET 14521 1 0 0 1 0
TARGET 14522 1 0 0 1 0
TARGET 14523 1 0 0 1 0
TARGET 14524 1 0 0 1 0
TARGET 14525 1 0 0 1 0
TARGET 14526 1 1 0 2 0
TARGET 14527 1 0 0 1 0
TARGET 14528 1 0 0 1 0
TARGET 14529 1 0 0 1 0
TARGET 14530 1 1 0 2 0
TARGET 14531 1 0 0 1 0
TARGET 14532 1 0 0 1 0
TARGET 14533 1 0 0 1 0
TARGET 14534 1 1 0 2 0
TARGET 14535 1 1 0 1 0
TARGET 14536 1 0 0 0 0
TARGET 14537 1 0 0 0 0
TARGET 14538 1 0 0 0 0
TARGET 14539 1 0 0 0 0
TARGET 14540 1 0 0 0 0
TARGET 14541 1 0 0 0 0
TARGET 14542 1 0 0 0 0
TARGET 14543 1 0 0 0 0
TARGET 14544 1 1 0 1 0
TARGET 14545 1 1 0 2 0
TARGET 14546 1 1 0 3 0
TARGET 14547 1 1 0 2 0
TARGET 14548 1 1 0 3 0
TARGET 14549 1 1 0 2 0
TARGET 14550 1 2 0 3 0
TARGET 14551 1 1 0 2 0
TARGET 14552 1 1 0 2 0
TARGET 14553 1 1 0 2 0
TARGET 14554 1 1 0 2 0
TARGET 14555 1 1 0 2 0
TARGET 14556 1 1 0 1 0
TARGET 14557 1 1 0 4 0
TARGET 14558 1 1 0 3 0
TARGET 14559 1 1 0 4 0
TARGET 14560 1 1 0 3 0
TARGET 14561 1 1 0 4 0
TARGET 14562 1 1 0 3 0
TARGET 14563 1 1 0 3 0
TARGET 14564 1 1 0 3 0
TARGET 14565 1 1 0 3 0
TARGET 14566 1 1 0 3 0
TARGET 14567 1 1 0 3 0
TARGET 14568 1 1 0 2 0
TARGET 14569 1 1 0 3 0
TARGET 14570 1 1 0 2 0
TARGET 14571 1 1 0 3 0
TARGET 14572 1 1 0 2 0
TARGET 14573 1 1 0 2 0
TARGET 14574 1 1 0 2 0
TARGET 14575 1 1 0 2 0
TARGET 14576 1 1 0 2 0
TARGET 14577 1 1 0 1 0
TARGET 14578 1 1 0 4 0
TARGET 14579 1 1 0 3 0
TARGET 14580 1 1 0 4 0
TARGET 14581 1 1 0 3 0
TARGET 14582 1 1 0 3 0
TARGET 14583 1 1 0 3 0
TARGET 14584 1 1 0 3 0
TARGET 14585 1 1 0 3 0
TARGET 14586 1 1 0 2 0
TARGET 14587 1 1 0 3 0
TARGET 14588 1 1 0 2 0
TARGET 14589 1 1 0 2 0
TARGET 14590 1 1 0 2 0
TARGET 14591 1 1 0 2 0
TARGET 14592 1 1 0 2 0
TARGET 14593 1 1 0 3 0
TARGET 14594 1 1 0 1 0
TARGET 14595 1 3 0 4 0
TARGET 14596 1 2 0 3 0
TARGET 14597 1 1 0 3 0
TARGET 14598 1 2 0 3 0
TARGET 14599 1 2 0 3 0
TARGET 14600 1 2 0 3 0
TARGET 14601 1 1 0 2 0
TARGET 14602 1 1 0 2 0
TARGET 14603 1 1 0 2 0
TARGET 14604 1 1 0 2 0
TARGET 14605 1 1 0 2 0
TARGET 14606 1 1 0 3 0
TARGET 14607 1 1 0 1 0
TARGET 14608 1 1 0 2 0
TARGET 14609 1 1 0 2 0
TARGET 14610 1 1 0 2 0
TARGET 14611 1 1 0 2 0
TARGET 14612 1 1 0 1 0
TARGET 14613 1 1 0 2 0
TARGET 14614 1 1 0 2 0
TARGET 14615 1 1 0 2 0
TARGET 14616 1 1 0 1 0
TARGET 14617 1 1 0 2 0
TARGET 14618 1 1 0 2 0
TARGET 14619 1 1 0 1 0
TARGET 14620 1 1 0 2 0
TARGET 14621 1 1 0 1 0
TARGET 14622 1 0 0 1 0
TARGET 14623 1 1 0 2 0
TARGET 14624 1 0 0 1 0
TARGET 14625 1 1 0 2 0
TARGET 14626 1 0 0 1 0
TARGET 14627 1 1 0 2 0
TARGET 14628 1 0 0 1 0
TARGET 14629 1 0 0 1 0
TARGET 14630 1 0 0 1 0
TARGET 14631 1 0 0 1 0
TARGET 14632 1 0 0 1 0
TARGET 14633 1 0 0 0 0
TARGET 14634 1 1 0 3 0
TARGET 14635 1 1 0 2 0
TARGET 14636 1 1 0 3 0
TARGET 14637 1 1 0 2 0
TARGET 14638 1 1 0 3 0
TARGET 14639 1 1 0 2 0
TARGET 14640 1 1 0 2 0
TARGET 14641 1 1 0 2 0
TARGET 14642 1 1 0 2 0
TARGET 14643 1 1 0 2 0
TARGET 14644 1 0 0 2 0
TARGET 14645 1 1 0 1 0
TARGET 14646 1 1 0 2 0
TARGET 14647 1 1 0 1 0
TARGET 14648 1 1 0 2 0
TARGET 14649 1 1 0 1 0
TARGET 14650 1 1 0 1 0
TARGET 14651 1 1 0 1 0
TARGET 14652 1 0 0 1 0
TARGET 14653 1 0 0 1 0
TARGET 14654 1 0 0 0 0
TARGET 14655 1 1 0 3 0
TARGET 14656 1 1 0 2 0
TARGET 14657 1 1 0 3 0
TARGET 14658 1 1 0 2 0
TARGET 14659 1 1 0 2 0
TARGET 14660 1 1 0 2 0
TARGET 14661 1 1 0 2 0
TARGET 14662 1 1 0 2 0
TARGET 14663 1 1 0 1 0
TARGET 14664 1 1 0 2 0
TARGET 14665 1 1 0 1 0
TARGET 14666 1 1 0 1 0
TARGET 14667 1 1 0 1 0
TARGET 14668 1 0 0 1 0
TARGET 14669 1 0 0 1 0
TARGET 14670 1 0 0 2 0
TARGET 14671 1 0 0 0 0
TARGET 14672 1 2 0 3 0
TARGET 14673 1 1 0 2 0
TARGET 14674 1 1 0 2 0
TARGET 14675 1 1 0 2 0
TARGET 14676 1 1 0 2 0
TARGET 14677 1 1 0 2 0
TARGET 14678 1 1 0 1 0
TARGET 14679 1 1 0 1 0
TARGET 14680 1 1 0 1 0
TARGET 14681 1 0 0 1 0
TARGET 14682 1 0 0 1 0
TARGET 14683 1 0 0 2 0
TARGET 14684 1 0 0 0 0
TARGET 14685 1 1 0 1 0
TARGET 14686 1 1 0 1 0
TARGET 14687 1 0 0 1 0
TARGET 14688 1 0 0 1 0
TARGET 14689 1 0 0 0 0
TARGET 14690 1 1 0 1 0
TARGET 14691 1 0 0 1 0
TARGET 14692 1 0 0 1 0
TARGET 14693 1 0 0 0 0
TARGET 14694 1 0 0 1 0
TARGET 14695 1 0 0 1 0
TARGET 14696 1 0 0 0 0
TARGET 14697 1 0 0 1 0
TARGET 14698 1 0 0 0 0
TARGET 14699 1 0 0 1 0
TARGET 14700 1 0 0 1 0
TARGET 14701 1 0 0 1 0
TARGET 14702 1 0 0 1 0
TARGET 14703 1 0 0 1 0
TARGET 14704 1 0 0 1 0
TARGET 14705 1 0 0 1 0
TARGET 14706 1 1 0 2 0
TARGET 14707 1 1 0 2 0
TARGET 14708 1 1 0 2 0
TARGET 14709 1 1 0 2 0
TARGET 14710 1 1 0 2 0
TARGET 14711 1 1 0 2 0
TARGET 14712 1 1 0 2 0
TARGET 14713 1 1 0 2 0
TARGET 14714 1 2 0 3 0
TARGET 14715 1 0 0 1 0
TARGET 14716 1 0 0 1 0
TARGET 14717 1 0 0 1 0
TARGET 14718 1 0 0 1 0
TARGET 14719 1 0 0 1 0
TARGET 14720 1 0 0 1 0
TARGET 14721 1 0 0 1 0
TARGET 14722 1 1 0 2 0
TARGET 14723 1 1 0 2 0
TARGET 14724 1 0 0 1 0
TARGET 14725 1 1 0 2 0
TARGET 14726 1 0 0 1 0
TARGET 14727 1 0 0 1 0
TARGET 14728 1 0 0 1 0
TARGET 14729 1 0 0 1 0
TARGET 14730 1 0 0 1 0
TARGET 14731 1 1 0 2 0
TARGET 14732 1 1 0 2 0
TARGET 14733 1 1 0 2 0
TARGET 14734 1 1 0 2 0
TARGET 14735 1 1 0 2 0
TARGET 14736 1 1 0 2 0
TARGET 14737 1 1 0 3 0
TARGET 14738 1 0 0 1 0
TARGET 14739 1 0 0 1 0
TARGET 14740 1 0 0 1 0
TARGET 14741 1 0 0 1 0
TARGET 14742 1 0 0 1 0
TARGET 14743 1 0 0 1 0
TARGET 14744 1 1 0 2 0
TARGET 14745 1 1 0 2 0
TARGET 14746 1 0 0 1 0
TARGET 14747 1 0 0 1 0
TARGET 14748 1 0 0 1 0
TARGET 14749 1 0 0 1 0
TARGET 14750 1 0 0 1 0
TARGET 14751 1 1 0 2 0
TARGET 14752 1 1 0 2 0
TARGET 14753 1 1 0 2 0
TARGET 14754 1 1 0 2 0
TARGET 14755 1 1 0 2 0
TARGET 14756 1 1 0 3 0
TARGET 14757 1 0 0 1 0
TARGET 14758 1 0 0 1 0
TARGET 14759 1 0 0 1 0
TARGET 14760 1 0 0 1 0
TARGET 14761 1 0 0 1 0
TARGET 14762 1 1 0 2 0
TARGET 14763 1 0 0 1 0
TARGET 14764 1 0 0 1 0
TARGET 14765 1 0 0 1 0
TARGET 14766 1 0 0 1 0
TARGET 14767 1 0 0 1 0
TARGET 14768 1 0 0 1 0
TARGET 14769 1 0 0 1 0
TARGET 14770 1 0 0 1 0
TARGET 14771 1 1 0 2 0
TARGET 14772 1 0 0 1 0
TARGET 14773 1 0 0 1 0
TARGET 14774 1 0 0 1 0
TARGET 14775 1 0 0 1 0
TARGET 14776 1 0 0 1 0
TARGET 14777 1 0 0 1 0
TARGET 14778 1 1 0 2 0
TARGET 14779 1 0 0 1 0
TARGET 14780 1 0 0 1 0
TARGET 14781 1 0 0 1 0
TARGET 14782 1 1 0 2 0
TARGET 14783 1 0 0 1 0
TARGET 14784 1 0 0 1 0
TARGET 14785 1 0 0 1 0
TARGET 14786 1 1 0 2 0
TARGET 14787 1 0 0 0 0
TARGET 14788 1 0 0 0 0
TARGET 14789 1 0 0 0 0
TARGET 14790 1 0 0 0 0
TARGET 14791 1 0 0 0 0
TARGET 14792 1 0 0 0 0
TARGET 14793 1 0 0 0 0
TARGET 14794 1 1 0 1 0
TARGET 14795 1 2 0 3 0
TARGET 14796 1 2 0 3 0
TARGET 14797 1 1 0 3 0
TARGET 14798 1 1 0 3 0
TARGET 14799 1 2 0 3 0
TARGET 14800 1 2 0 3 0
TARGET 14801 1 2 0 3 0
TARGET 14802 1 3 0 4 0
TARGET 14803 1 1 0 2 0
TARGET 14804 1 1 0 2 0
TARGET 14805 1 1 0 2 0
TARGET 14806 1 1 0 2 0
TARGET 14807 1 1 0 2 0
TARGET 14808 1 1 0 2 0
TARGET 14809 1 1 0 2 0
TARGET 14810 1 2 0 3 0
TARGET 14811 1 1 0 3 0
TARGET 14812 1 1 0 2 0
TARGET 14813 1 1 0 3 0
TARGET 14814 1 1 0 2 0
TARGET 14815 1 1 0 2 0
TARGET 14816 1 1 0 2 0
TARGET 14817 1 1 0 2 0
TARGET 14818 1 1 0 2 0
TARGET 14819 1 1 0 3 0
TARGET 14820 1 1 0 3 0
TARGET 14821 1 1 0 3 0
TARGET 14822 1 1 0 3 0
TARGET 14823 1 1 0 3 0
TARGET 14824 1 1 0 3 0
TARGET 14825 1 1 0 4 0
TARGET 14826 1 1 0 2 0
TARGET 14827 1 1 0 2 0
TARGET 14828 1 1 0 2 0
TARGET 14829 1 1 0 2 0
TARGET 14830 1 1 0 2 0
TARGET 14831 1 1 0 2 0
TARGET 14832 1 1 0 3 0
TARGET 14833 1 1 0 3 0
TARGET 14834 1 1 0 2 0
TARGET 14835 1 1 0 2 0
TARGET 14836 1 1 0 2 0
TARGET 14837 1 1 0 2 0
TARGET 14838 1 1 0 2 0
TARGET 14839 1 1 0 3 0
TARGET 14840 1 1 0 3 0
TARGET 14841 1 1 0 3 0
TARGET 14842 1 1 0 3 0
TARGET 14843 1 1 0 3 0
TARGET 14844 1 1 0 4 0
TARGET 14845 1 1 0 2 0
TARGET 14846 1 1 0 2 0
TARGET 14847 1 1 0 2 0
TARGET 14848 1 1 0 2 0
TARGET 14849 1 1 0 2 0
TARGET 14850 1 1 0 3 0
TARGET 14851 1 1 0 2 0
TARGET 14852 1 1 0 2 0
TARGET 14853 1 1 0 2 0
TARGET 14854 1 1 0 2 0
TARGET 14855 1 1 0 2 0
TARGET 14856 1 1 0 2 0
TARGET 14857 1 1 0 2 0
TARGET 14858 1 1 0 2 0
TARGET 14859 1 1 0 3 0
TARGET 14860 1 1 0 2 0
TARGET 14861 1 1 0 2 0
TARGET 14862 1 1 0 2 0
TARGET 14863 1 1 0 2 0
TARGET 14864 1 1 0 2 0
TARGET 14865 1 1 0 2 0
TARGET 14866 1 1 0 3 0
TARGET 14867 1 1 0 2 0
TARGET 14868 1 1 0 2 0
TARGET 14869 1 1 0 2 0
TARGET 14870 1 2 0 3 0
TARGET 14871 1 1 0 2 0
TARGET 14872 1 1 0 2 0
TARGET 14873 1 1 0 2 0
TARGET 14874 1 2 0 3 0
TARGET 14875 1 0 0 2 0
TARGET 14876 1 0 0 2 0
TARGET 14877 1 0 0 2 0
TARGET 14878 1 0 0 2 0
TARGET 14879 1 0 0 2 0
TARGET 14880 1 0 0 2 0
TARGET 14881 1 0 0 2 0
TARGET 14882 1 1 0 3 0
TARGET 14883 1 0 0 1 0
TARGET 14884 1 0 0 1 0
TARGET 14885 1 1 0 1 0
TARGET 14886 1 1 0 1 0
TARGET 14887 1 1 0 1 0
TARGET 14888 1 0 0 1 0
TARGET 14889 1 0 0 1 0
TARGET 14890 1 1 0 2 0
TARGET 14891 1 1 0 2 0
TARGET 14892 1 0 0 1 0
TARGET 14893 1 1 0 2 0
TARGET 14894 1 0 0 1 0
TARGET 14895 1 0 0 1 0
TARGET 14896 1 0 0 1 0
TARGET 14897 1 0 0 1 0
TARGET 14898 1 0 0 1 0
TARGET 14899 1 1 0 2 0
TARGET 14900 1 1 0 2 0
TARGET 14901 1 1 0 2 0
TARGET 14902 1 1 0 2 0
TARGET 14903 1 1 0 2 0
TARGET 14904 1 1 0 2 0
TARGET 14905 1 1 0 3 0
TARGET 14906 1 0 0 1 0
TARGET 14907 1 1 0 1 0
TARGET 14908 1 1 0 1 0
TARGET 14909 1 1 0 1 0
TARGET 14910 1 0 0 1 0
TARGET 14911 1 0 0 1 0
TARGET 14912 1 1 0 2 0
TARGET 14913 1 1 0 2 0
TARGET 14914 1 0 0 1 0
TARGET 14915 1 0 0 1 0
TARGET 14916 1 0 0 1 0
TARGET 14917 1 0 0 1 0
TARGET 14918 1 0 0 1 0
TARGET 14919 1 1 0 2 0
TARGET 14920 1 1 0 2 0
TARGET 14921 1 1 0 2 0
TARGET 14922 1 1 0 2 0
TARGET 14923 1 1 0 2 0
TARGET 14924 1 1 0 3 0
TARGET 14925 1 1 0 1 0
TARGET 14926 1 1 0 1 0
TARGET 14927 1 1 0 1 0
TARGET 14928 1 0 0 1 0
TARGET 14929 1 0 0 1 0
TARGET 14930 1 1 0 2 0
TARGET 14931 1 1 0 1 0
TARGET 14932 1 1 0 1 0
TARGET 14933 1 1 0 1 0
TARGET 14934 1 0 0 1 0
TARGET 14935 1 0 0 1 0
TARGET 14936 1 1 0 1 0
TARGET 14937 1 0 0 1 0
TARGET 14938 1 0 0 1 0
TARGET 14939 1 1 0 2 0
TARGET 14940 1 1 0 1 0
TARGET 14941 1 0 0 1 0
TARGET 14942 1 0 0 1 0
TARGET 14943 1 1 0 1 0
TARGET 14944 1 0 0 1 0
TARGET 14945 1 0 0 1 0
TARGET 14946 1 1 0 2 0
TARGET 14947 1 0 0 1 0
TARGET 14948 1 0 0 1 0
TARGET 14949 1 0 0 1 0
TARGET 14950 1 1 0 2 0
TARGET 14951 1 0 0 1 0
TARGET 14952 1 0 0 1 0
TARGET 14953 1 0 0 1 0
TARGET 14954 1 1 0 2 0
TARGET 14955 1 0 0 0 0
TARGET 14956 1 0 0 0 0
TARGET 14957 1 0 0 0 0
TARGET 14958 1 0 0 0 0
TARGET 14959 1 0 0 0 0
TARGET 14960 1 0 0 0 0
TARGET 14961 1 0 0 0 0
TARGET 14962 1 1 0 1 0
TARGET 14963 1 2 0 3 0
TARGET 14964 1 1 0 2 0
TARGET 14965 1 1 0 3 0
TARGET 14966 1 1 0 2 0
TARGET 14967 1 1 0 2 0
TARGET 14968 1 1 0 2 0
TARGET 14969 1 1 0 2 0
TARGET 14970 1 1 0 2 0
TARGET 14971 1 0 0 1 0
TARGET 14972 1 1 0 2 0
TARGET 14973 1 0 0 1 0
TARGET 14974 1 0 0 1 0
TARGET 14975 1 0 0 1 0
TARGET 14976 1 0 0 1 0
TARGET 14977 1 0 0 1 0
TARGET 14978 1 0 0 2 0
TARGET 14979 1 0 0 0 0
TARGET 14980 1 2 0 3 0
TARGET 14981 1 1 0 2 0
TARGET 14982 1 1 0 2 0
TARGET 14983 1 1 0 2 0
TARGET 14984 1 1 0 2 0
TARGET 14985 1 1 0 2 0
TARGET 14986 1 0 0 1 0
TARGET 14987 1 0 0 1 0
TARGET 14988 1 0 0 1 0
TARGET 14989 1 0 0 1 0
TARGET 14990 1 0 0 1 0
TARGET 14991 1 0 0 2 0
TARGET 14992 1 0 0 0 0
TARGET 14993 1 0 0 1 0
TARGET 14994 1 0 0 1 0
TARGET 14995 1 0 0 1 0
TARGET 14996 1 0 0 1 0
TARGET 14997 1 0 0 0 0
TARGET 14998 1 0 0 1 0
TARGET 14999 1 0 0 1 0
TARGET 15000 1 0 0 1 0
PASS_1962_MONOMIAL_INTERVAL 14001 15000 1000 0
