TARGET 29001 1 0 0 1 0
TARGET 29002 1 0 0 1 0
TARGET 29003 1 0 0 1 0
TARGET 29004 1 0 0 1 0
TARGET 29005 1 1 0 3 0
TARGET 29006 1 1 0 2 0
TARGET 29007 1 1 0 2 0
TARGET 29008 1 1 0 2 0
TARGET 29009 1 1 0 2 0
TARGET 29010 1 1 0 2 0
TARGET 29011 1 1 0 2 0
TARGET 29012 1 1 0 2 0
TARGET 29013 1 1 0 3 0
TARGET 29014 1 1 0 2 0
TARGET 29015 1 1 0 1 0
TARGET 29016 1 1 0 1 0
TARGET 29017 1 0 0 1 0
TARGET 29018 1 1 0 1 0
TARGET 29019 1 0 0 1 0
TARGET 29020 1 1 0 1 0
TARGET 29021 1 0 0 1 0
TARGET 29022 1 0 0 2 0
TARGET 29023 1 1 0 2 0
TARGET 29024 1 1 0 2 0
TARGET 29025 1 1 0 3 0
TARGET 29026 1 1 0 2 0
TARGET 29027 1 1 0 2 0
TARGET 29028 1 1 0 2 0
TARGET 29029 1 1 0 2 0
TARGET 29030 1 1 0 2 0
TARGET 29031 1 1 0 1 0
TARGET 29032 1 0 0 1 0
TARGET 29033 1 1 0 2 0
TARGET 29034 1 1 0 1 0
TARGET 29035 1 1 0 1 0
TARGET 29036 1 0 0 1 0
TARGET 29037 1 1 0 1 0
TARGET 29038 1 0 0 1 0
TARGET 29039 1 1 0 1 0
TARGET 29040 1 0 0 1 0
TARGET 29041 1 0 0 1 0
TARGET 29042 1 1 0 2 0
TARGET 29043 1 1 0 1 0
TARGET 29044 1 1 0 1 0
TARGET 29045 1 1 0 1 0
TARGET 29046 1 0 0 1 0
TARGET 29047 1 0 0 1 0
TARGET 29048 1 1 0 1 0
TARGET 29049 1 1 0 1 0
TARGET 29050 1 0 0 1 0
TARGET 29051 1 0 0 1 0
TARGET 29052 1 0 0 2 0
TARGET 29053 1 0 0 1 0
TARGET 29054 1 1 0 2 0
TARGET 29055 1 0 0 1 0
TARGET 29056 1 0 0 1 0
TARGET 29057 1 0 0 1 0
TARGET 29058 1 0 0 1 0
TARGET 29059 1 0 0 1 0
TARGET 29060 1 0 0 1 0
TARGET 29061 1 0 0 1 0
TARGET 29062 1 0 0 1 0
TARGET 29063 1 0 0 1 0
TARGET 29064 1 0 0 2 0
TARGET 29065 1 1 0 2 0
TARGET 29066 1 1 0 2 0
TARGET 29067 1 1 0 2 0
TARGET 29068 1 1 0 2 0
TARGET 29069 1 1 0 3 0
TARGET 29070 1 1 0 1 0
TARGET 29071 1 0 0 1 0
TARGET 29072 1 1 0 1 0
TARGET 29073 1 0 0 1 0
TARGET 29074 1 0 0 2 0
TARGET 29075 1 1 0 1 0
TARGET 29076 1 0 0 1 0
TARGET 29077 1 0 0 1 0
TARGET 29078 1 1 0 1 0
TARGET 29079 1 1 0 1 0
TARGET 29080 1 0 0 1 0
TARGET 29081 1 0 0 1 0
TARGET 29082 1 0 0 2 0
TARGET 29083 1 0 0 1 0
TARGET 29084 1 0 0 1 0
TARGET 29085 1 0 0 1 0
TARGET 29086 1 0 0 2 0
TARGET 29087 1 0 0 1 0
TARGET 29088 1 0 0 1 0
TARGET 29089 1 1 0 1 0
TARGET 29090 1 0 0 1 0
TARGET 29091 1 0 0 1 0
TARGET 29092 1 0 0 2 0
TARGET 29093 1 0 0 1 0
TARGET 29094 1 0 0 2 0
TARGET 29095 1 1 0 1 0
TARGET 29096 1 0 0 0 0
TARGET 29097 1 1 0 1 0
TARGET 29098 1 0 0 0 0
TARGET 29099 1 0 0 0 0
TARGET 29100 1 0 0 0 0
TARGET 29101 1 1 0 1 0
TARGET 29102 1 0 0 0 0
TARGET 29103 1 0 0 0 0
TARGET 29104 1 0 0 0 0
TARGET 29105 1 0 0 0 0
TARGET 29106 1 0 0 0 0
TARGET 29107 1 1 0 4 0
TARGET 29108 1 1 0 3 0
TARGET 29109 1 3 0 4 0
TARGET 29110 1 2 0 3 0
TARGET 29111 1 1 0 3 0
TARGET 29112 1 2 0 3 0
TARGET 29113 1 1 0 4 0
TARGET 29114 1 1 0 3 0
TARGET 29115 1 2 0 3 0
TARGET 29116 1 2 0 3 0
TARGET 29117 1 1 0 3 0
TARGET 29118 1 2 0 3 0
TARGET 29119 1 1 0 3 0
TARGET 29120 1 1 0 2 0
TARGET 29121 1 2 0 3 0
TARGET 29122 1 1 0 2 0
TARGET 29123 1 1 0 2 0
TARGET 29124 1 1 0 2 0
TARGET 29125 1 1 0 3 0
TARGET 29126 1 1 0 2 0
TARGET 29127 1 1 0 2 0
TARGET 29128 1 1 0 2 0
TARGET 29129 1 1 0 2 0
TARGET 29130 1 1 0 2 0
TARGET 29131 1 1 0 3 0
TARGET 29132 1 1 0 4 0
TARGET 29133 1 1 0 3 0
TARGET 29134 1 1 0 3 0
TARGET 29135 1 1 0 3 0
TARGET 29136 1 1 0 3 0
TARGET 29137 1 1 0 3 0
TARGET 29138 1 1 0 3 0
TARGET 29139 1 1 0 3 0
TARGET 29140 1 1 0 2 0
TARGET 29141 1 1 0 3 0
TARGET 29142 1 1 0 2 0
TARGET 29143 1 1 0 2 0
TARGET 29144 1 1 0 2 0
TARGET 29145 1 1 0 2 0
TARGET 29146 1 1 0 2 0
TARGET 29147 1 1 0 2 0
TARGET 29148 1 1 0 2 0
TARGET 29149 1 2 0 3 0
TARGET 29150 1 1 0 2 0
TARGET 29151 1 1 0 2 0
TARGET 29152 1 1 0 2 0
TARGET 29153 1 1 0 3 0
TARGET 29154 1 1 0 2 0
TARGET 29155 1 1 0 2 0
TARGET 29156 1 1 0 2 0
TARGET 29157 1 1 0 2 0
TARGET 29158 1 1 0 2 0
TARGET 29159 1 1 0 4 0
TARGET 29160 1 1 0 3 0
TARGET 29161 1 1 0 3 0
TARGET 29162 1 2 0 3 0
TARGET 29163 1 2 0 3 0
TARGET 29164 1 2 0 3 0
TARGET 29165 1 1 0 3 0
TARGET 29166 1 2 0 3 0
TARGET 29167 1 1 0 3 0
TARGET 29168 1 1 0 2 0
TARGET 29169 1 1 0 2 0
TARGET 29170 1 1 0 2 0
TARGET 29171 1 1 0 2 0
TARGET 29172 1 1 0 2 0
TARGET 29173 1 1 0 2 0
TARGET 29174 1 1 0 2 0
TARGET 29175 1 1 0 3 0
TARGET 29176 1 1 0 3 0
TARGET 29177 1 1 0 4 0
TARGET 29178 1 1 0 3 0
TARGET 29179 1 1 0 3 0
TARGET 29180 1 1 0 3 0
TARGET 29181 1 1 0 3 0
TARGET 29182 1 1 0 3 0
TARGET 29183 1 1 0 2 0
TARGET 29184 1 1 0 2 0
TARGET 29185 1 1 0 3 0
TARGET 29186 1 1 0 2 0
TARGET 29187 1 1 0 2 0
TARGET 29188 1 1 0 2 0
TARGET 29189 1 1 0 2 0
TARGET 29190 1 1 0 2 0
TARGET 29191 1 1 0 2 0
TARGET 29192 1 1 0 2 0
TARGET 29193 1 1 0 2 0
TARGET 29194 1 1 0 3 0
TARGET 29195 1 1 0 2 0
TARGET 29196 1 1 0 2 0
TARGET 29197 1 1 0 2 0
TARGET 29198 1 1 0 2 0
TARGET 29199 1 1 0 2 0
TARGET 29200 1 1 0 2 0
TARGET 29201 1 1 0 2 0
TARGET 29202 1 1 0 2 0
TARGET 29203 1 1 0 2 0
TARGET 29204 1 1 0 2 0
TARGET 29205 1 1 0 3 0
TARGET 29206 1 1 0 2 0
TARGET 29207 1 1 0 2 0
TARGET 29208 1 1 0 2 0
TARGET 29209 1 1 0 2 0
TARGET 29210 1 1 0 2 0
TARGET 29211 1 1 0 2 0
TARGET 29212 1 1 0 2 0
TARGET 29213 1 1 0 2 0
TARGET 29214 1 1 0 2 0
TARGET 29215 1 1 0 3 0
TARGET 29216 1 1 0 3 0
TARGET 29217 1 1 0 3 0
TARGET 29218 1 1 0 3 0
TARGET 29219 1 1 0 2 0
TARGET 29220 1 1 0 2 0
TARGET 29221 1 1 0 2 0
TARGET 29222 1 1 0 2 0
TARGET 29223 1 1 0 2 0
TARGET 29224 1 1 0 2 0
TARGET 29225 1 1 0 2 0
TARGET 29226 1 1 0 2 0
TARGET 29227 1 1 0 2 0
TARGET 29228 1 1 0 2 0
TARGET 29229 1 1 0 2 0
TARGET 29230 1 1 0 2 0
TARGET 29231 1 1 0 2 0
TARGET 29232 1 1 0 2 0
TARGET 29233 1 1 0 2 0
TARGET 29234 1 1 0 2 0
TARGET 29235 1 1 0 2 0
TARGET 29236 1 1 0 2 0
TARGET 29237 1 1 0 2 0
TARGET 29238 1 1 0 2 0
TARGET 29239 1 1 0 2 0
TARGET 29240 1 1 0 1 0
TARGET 29241 1 1 0 2 0
TARGET 29242 1 1 0 1 0
TARGET 29243 1 1 0 1 0
TARGET 29244 1 0 0 1 0
TARGET 29245 1 1 0 2 0
TARGET 29246 1 1 0 1 0
TARGET 29247 1 1 0 1 0
TARGET 29248 1 0 0 1 0
TARGET 29249 1 1 0 1 0
TARGET 29250 1 0 0 1 0
TARGET 29251 1 1 0 2 0
TARGET 29252 1 1 0 3 0
TARGET 29253 1 1 0 2 0
TARGET 29254 1 1 0 2 0
TARGET 29255 1 1 0 2 0
TARGET 29256 1 1 0 2 0
TARGET 29257 1 1 0 2 0
TARGET 29258 1 1 0 2 0
TARGET 29259 1 1 0 2 0
TARGET 29260 1 1 0 3 0
TARGET 29261 1 0 0 1 0
TARGET 29262 1 1 0 2 0
TARGET 29263 1 1 0 1 0
TARGET 29264 1 1 0 1 0
TARGET 29265 1 0 0 1 0
TARGET 29266 1 1 0 1 0
TARGET 29267 1 0 0 1 0
TARGET 29268 1 1 0 1 0
TARGET 29269 1 0 0 1 0
TARGET 29270 1 0 0 2 0
TARGET 29271 1 1 0 2 0
TARGET 29272 1 0 0 1 0
TARGET 29273 1 0 0 1 0
TARGET 29274 1 0 0 1 0
TARGET 29275 1 1 0 2 0
TARGET 29276 1 0 0 1 0
TARGET 29277 1 0 0 1 0
TARGET 29278 1 0 0 1 0
TARGET 29279 1 0 0 1 0
TARGET 29280 1 0 0 1 0
TARGET 29281 1 1 0 3 0
TARGET 29282 1 1 0 2 0
TARGET 29283 1 1 0 2 0
TARGET 29284 1 1 0 2 0
TARGET 29285 1 1 0 2 0
TARGET 29286 1 1 0 2 0
TARGET 29287 1 1 0 2 0
TARGET 29288 1 1 0 2 0
TARGET 29289 1 1 0 3 0
TARGET 29290 1 1 0 2 0
TARGET 29291 1 1 0 1 0
TARGET 29292 1 1 0 1 0
TARGET 29293 1 0 0 1 0
TARGET 29294 1 1 0 1 0
TARGET 29295 1 0 0 1 0
TARGET 29296 1 1 0 1 0
TARGET 29297 1 0 0 1 0
TARGET 29298 1 0 0 2 0
TARGET 29299 1 1 0 2 0
TARGET 29300 1 1 0 2 0
TARGET 29301 1 1 0 3 0
TARGET 29302 1 1 0 2 0
TARGET 29303 1 1 0 2 0
TARGET 29304 1 1 0 2 0
TARGET 29305 1 1 0 2 0
TARGET 29306 1 1 0 2 0
TARGET 29307 1 1 0 1 0
TARGET 29308 1 0 0 1 0
TARGET 29309 1 1 0 2 0
TARGET 29310 1 1 0 1 0
TARGET 29311 1 1 0 1 0
TARGET 29312 1 0 0 1 0
TARGET 29313 1 1 0 1 0
TARGET 29314 1 0 0 1 0
TARGET 29315 1 1 0 1 0
TARGET 29316 1 0 0 1 0
TARGET 29317 1 0 0 1 0
TARGET 29318 1 1 0 2 0
TARGET 29319 1 1 0 1 0
TARGET 29320 1 1 0 1 0
TARGET 29321 1 1 0 1 0
TARGET 29322 1 0 0 1 0
TARGET 29323 1 0 0 1 0
TARGET 29324 1 1 0 1 0
TARGET 29325 1 1 0 1 0
TARGET 29326 1 0 0 1 0
TARGET 29327 1 0 0 1 0
TARGET 29328 1 0 0 2 0
TARGET 29329 1 0 0 1 0
TARGET 29330 1 1 0 2 0
TARGET 29331 1 0 0 1 0
TARGET 29332 1 0 0 1 0
TARGET 29333 1 0 0 1 0
TARGET 29334 1 0 0 1 0
TARGET 29335 1 0 0 1 0
TARGET 29336 1 0 0 1 0
TARGET 29337 1 0 0 1 0
TARGET 29338 1 0 0 1 0
TARGET 29339 1 0 0 1 0
TARGET 29340 1 0 0 2 0
TARGET 29341 1 1 0 2 0
TARGET 29342 1 1 0 2 0
TARGET 29343 1 1 0 2 0
TARGET 29344 1 1 0 2 0
TARGET 29345 1 1 0 3 0
TARGET 29346 1 1 0 1 0
TARGET 29347 1 0 0 1 0
TARGET 29348 1 1 0 1 0
TARGET 29349 1 0 0 1 0
TARGET 29350 1 0 0 2 0
TARGET 29351 1 1 0 1 0
TARGET 29352 1 0 0 1 0
TARGET 29353 1 0 0 1 0
TARGET 29354 1 1 0 1 0
TARGET 29355 1 1 0 1 0
TARGET 29356 1 0 0 1 0
TARGET 29357 1 0 0 1 0
TARGET 29358 1 0 0 2 0
TARGET 29359 1 0 0 1 0
TARGET 29360 1 0 0 1 0
TARGET 29361 1 0 0 1 0
TARGET 29362 1 0 0 2 0
TARGET 29363 1 0 0 1 0
TARGET 29364 1 0 0 1 0
TARGET 29365 1 1 0 1 0
TARGET 29366 1 0 0 1 0
TARGET 29367 1 0 0 1 0
TARGET 29368 1 0 0 2 0
TARGET 29369 1 0 0 1 0
TARGET 29370 1 0 0 2 0
TARGET 29371 1 1 0 1 0
TARGET 29372 1 0 0 0 0
TARGET 29373 1 1 0 1 0
TARGET 29374 1 0 0 0 0
TARGET 29375 1 0 0 0 0
TARGET 29376 1 0 0 0 0
TARGET 29377 1 1 0 1 0
TARGET 29378 1 0 0 0 0
TARGET 29379 1 0 0 0 0
TARGET 29380 1 0 0 0 0
TARGET 29381 1 0 0 0 0
TARGET 29382 1 0 0 0 0
TARGET 29383 1 1 0 2 0
TARGET 29384 1 1 0 3 0
TARGET 29385 1 1 0 2 0
TARGET 29386 1 1 0 2 0
TARGET 29387 1 1 0 2 0
TARGET 29388 1 1 0 2 0
TARGET 29389 1 1 0 2 0
TARGET 29390 1 1 0 2 0
TARGET 29391 1 1 0 2 0
TARGET 29392 1 1 0 1 0
TARGET 29393 1 1 0 4 0
TARGET 29394 1 1 0 3 0
TARGET 29395 1 1 0 3 0
TARGET 29396 1 1 0 3 0
TARGET 29397 1 1 0 3 0
TARGET 29398 1 1 0 3 0
TARGET 29399 1 1 0 3 0
TARGET 29400 1 1 0 3 0
TARGET 29401 1 1 0 2 0
TARGET 29402 1 1 0 2 0
TARGET 29403 1 1 0 2 0
TARGET 29404 1 1 0 2 0
TARGET 29405 1 1 0 2 0
TARGET 29406 1 1 0 2 0
TARGET 29407 1 1 0 2 0
TARGET 29408 1 1 0 3 0
TARGET 29409 1 1 0 1 0
TARGET 29410 1 1 0 2 0
TARGET 29411 1 1 0 2 0
TARGET 29412 1 1 0 2 0
TARGET 29413 1 1 0 2 0
TARGET 29414 1 1 0 2 0
TARGET 29415 1 1 0 2 0
TARGET 29416 1 1 0 1 0
TARGET 29417 1 1 0 2 0
TARGET 29418 1 1 0 2 0
TARGET 29419 1 1 0 2 0
TARGET 29420 1 1 0 2 0
TARGET 29421 1 1 0 2 0
TARGET 29422 1 1 0 1 0
TARGET 29423 1 1 0 2 0
TARGET 29424 1 1 0 2 0
TARGET 29425 1 1 0 2 0
TARGET 29426 1 1 0 2 0
TARGET 29427 1 1 0 1 0
TARGET 29428 1 1 0 2 0
TARGET 29429 1 1 0 2 0
TARGET 29430 1 1 0 2 0
TARGET 29431 1 1 0 1 0
TARGET 29432 1 1 0 2 0
TARGET 29433 1 1 0 2 0
TARGET 29434 1 1 0 1 0
TARGET 29435 1 1 0 2 0
TARGET 29436 1 1 0 1 0
TARGET 29437 1 0 0 1 0
TARGET 29438 1 1 0 2 0
TARGET 29439 1 0 0 1 0
TARGET 29440 1 0 0 1 0
TARGET 29441 1 0 0 1 0
TARGET 29442 1 0 0 1 0
TARGET 29443 1 0 0 1 0
TARGET 29444 1 0 0 1 0
TARGET 29445 1 0 0 1 0
TARGET 29446 1 0 0 0 0
TARGET 29447 1 1 0 3 0
TARGET 29448 1 1 0 2 0
TARGET 29449 1 1 0 2 0
TARGET 29450 1 1 0 2 0
TARGET 29451 1 1 0 2 0
TARGET 29452 1 1 0 2 0
TARGET 29453 1 1 0 2 0
TARGET 29454 1 1 0 2 0
TARGET 29455 1 1 0 1 0
TARGET 29456 1 1 0 1 0
TARGET 29457 1 0 0 1 0
TARGET 29458 1 1 0 1 0
TARGET 29459 1 0 0 1 0
TARGET 29460 1 1 0 1 0
TARGET 29461 1 0 0 1 0
TARGET 29462 1 0 0 2 0
TARGET 29463 1 0 0 0 0
TARGET 29464 1 1 0 1 0
TARGET 29465 1 0 0 1 0
TARGET 29466 1 1 0 1 0
TARGET 29467 1 0 0 1 0
TARGET 29468 1 1 0 1 0
TARGET 29469 1 0 0 1 0
TARGET 29470 1 0 0 0 0
TARGET 29471 1 0 0 1 0
TARGET 29472 1 0 0 1 0
TARGET 29473 1 0 0 1 0
TARGET 29474 1 0 0 1 0
TARGET 29475 1 0 0 1 0
TARGET 29476 1 0 0 0 0
TARGET 29477 1 1 0 1 0
TARGET 29478 1 0 0 1 0
TARGET 29479 1 1 0 1 0
TARGET 29480 1 0 0 1 0
TARGET 29481 1 0 0 0 0
TARGET 29482 1 0 0 1 0
TARGET 29483 1 0 0 1 0
TARGET 29484 1 0 0 1 0
TARGET 29485 1 0 0 0 0
TARGET 29486 1 1 0 1 0
TARGET 29487 1 0 0 1 0
TARGET 29488 1 0 0 0 0
TARGET 29489 1 0 0 1 0
TARGET 29490 1 0 0 0 0
TARGET 29491 1 1 0 2 0
TARGET 29492 1 0 0 1 0
TARGET 29493 1 0 0 1 0
TARGET 29494 1 0 0 1 0
TARGET 29495 1 1 0 2 0
TARGET 29496 1 0 0 1 0
TARGET 29497 1 0 0 1 0
TARGET 29498 1 0 0 1 0
TARGET 29499 1 0 0 1 0
TARGET 29500 1 0 0 1 0
TARGET 29501 1 1 0 3 0
TARGET 29502 1 1 0 2 0
TARGET 29503 1 1 0 2 0
TARGET 29504 1 1 0 2 0
TARGET 29505 1 1 0 2 0
TARGET 29506 1 1 0 2 0
TARGET 29507 1 1 0 2 0
TARGET 29508 1 1 0 2 0
TARGET 29509 1 1 0 2 0
TARGET 29510 1 0 0 1 0
TARGET 29511 1 0 0 1 0
TARGET 29512 1 0 0 1 0
TARGET 29513 1 0 0 1 0
TARGET 29514 1 0 0 1 0
TARGET 29515 1 0 0 1 0
TARGET 29516 1 0 0 1 0
TARGET 29517 1 1 0 2 0
TARGET 29518 1 1 0 2 0
TARGET 29519 1 2 0 3 0
TARGET 29520 1 1 0 2 0
TARGET 29521 1 1 0 2 0
TARGET 29522 1 1 0 2 0
TARGET 29523 1 1 0 2 0
TARGET 29524 1 1 0 2 0
TARGET 29525 1 0 0 1 0
TARGET 29526 1 0 0 1 0
TARGET 29527 1 1 0 2 0
TARGET 29528 1 0 0 1 0
TARGET 29529 1 0 0 1 0
TARGET 29530 1 0 0 1 0
TARGET 29531 1 0 0 1 0
TARGET 29532 1 0 0 1 0
TARGET 29533 1 0 0 1 0
TARGET 29534 1 0 0 1 0
TARGET 29535 1 0 0 1 0
TARGET 29536 1 1 0 2 0
TARGET 29537 1 0 0 1 0
TARGET 29538 1 0 0 1 0
TARGET 29539 1 0 0 1 0
TARGET 29540 1 0 0 1 0
TARGET 29541 1 0 0 1 0
TARGET 29542 1 0 0 1 0
TARGET 29543 1 0 0 1 0
TARGET 29544 1 0 0 1 0
TARGET 29545 1 0 0 1 0
TARGET 29546 1 0 0 1 0
TARGET 29547 1 1 0 2 0
TARGET 29548 1 0 0 1 0
TARGET 29549 1 0 0 1 0
TARGET 29550 1 0 0 1 0
TARGET 29551 1 0 0 1 0
TARGET 29552 1 0 0 1 0
TARGET 29553 1 0 0 1 0
TARGET 29554 1 0 0 1 0
TARGET 29555 1 0 0 1 0
TARGET 29556 1 0 0 1 0
TARGET 29557 1 1 0 2 0
TARGET 29558 1 1 0 2 0
TARGET 29559 1 1 0 2 0
TARGET 29560 1 1 0 2 0
TARGET 29561 1 0 0 1 0
TARGET 29562 1 0 0 1 0
TARGET 29563 1 0 0 1 0
TARGET 29564 1 0 0 1 0
TARGET 29565 1 0 0 1 0
TARGET 29566 1 0 0 1 0
TARGET 29567 1 0 0 1 0
TARGET 29568 1 0 0 1 0
TARGET 29569 1 0 0 1 0
TARGET 29570 1 0 0 1 0
TARGET 29571 1 0 0 1 0
TARGET 29572 1 0 0 1 0
TARGET 29573 1 0 0 1 0
TARGET 29574 1 0 0 1 0
TARGET 29575 1 0 0 1 0
TARGET 29576 1 0 0 1 0
TARGET 29577 1 0 0 1 0
TARGET 29578 1 0 0 1 0
TARGET 29579 1 0 0 1 0
TARGET 29580 1 0 0 1 0
TARGET 29581 1 1 0 1 0
TARGET 29582 1 0 0 0 0
TARGET 29583 1 0 0 0 0
TARGET 29584 1 0 0 0 0
TARGET 29585 1 1 0 1 0
TARGET 29586 1 0 0 0 0
TARGET 29587 1 0 0 0 0
TARGET 29588 1 0 0 0 0
TARGET 29589 1 0 0 0 0
TARGET 29590 1 0 0 0 0
TARGET 29591 1 1 0 4 0
TARGET 29592 1 1 0 3 0
TARGET 29593 1 1 0 3 0
TARGET 29594 1 1 0 3 0
TARGET 29595 1 1 0 3 0
TARGET 29596 1 1 0 3 0
TARGET 29597 1 1 0 3 0
TARGET 29598 1 1 0 3 0
TARGET 29599 1 1 0 2 0
TARGET 29600 1 1 0 2 0
TARGET 29601 1 1 0 2 0
TARGET 29602 1 1 0 2 0
TARGET 29603 1 1 0 2 0
TARGET 29604 1 1 0 2 0
TARGET 29605 1 1 0 2 0
TARGET 29606 1 1 0 3 0
TARGET 29607 1 1 0 1 0
TARGET 29608 1 1 0 2 0
TARGET 29609 1 1 0 2 0
TARGET 29610 1 1 0 2 0
TARGET 29611 1 1 0 2 0
TARGET 29612 1 1 0 2 0
TARGET 29613 1 1 0 2 0
TARGET 29614 1 1 0 1 0
TARGET 29615 1 1 0 2 0
TARGET 29616 1 1 0 2 0
TARGET 29617 1 1 0 2 0
TARGET 29618 1 1 0 2 0
TARGET 29619 1 1 0 2 0
TARGET 29620 1 1 0 1 0
TARGET 29621 1 1 0 2 0
TARGET 29622 1 1 0 2 0
TARGET 29623 1 1 0 2 0
TARGET 29624 1 1 0 2 0
TARGET 29625 1 1 0 1 0
TARGET 29626 1 1 0 2 0
TARGET 29627 1 1 0 2 0
TARGET 29628 1 1 0 2 0
TARGET 29629 1 1 0 1 0
TARGET 29630 1 1 0 2 0
TARGET 29631 1 1 0 2 0
TARGET 29632 1 1 0 1 0
TARGET 29633 1 1 0 2 0
TARGET 29634 1 1 0 1 0
TARGET 29635 1 1 0 3 0
TARGET 29636 1 1 0 2 0
TARGET 29637 1 1 0 2 0
TARGET 29638 1 1 0 2 0
TARGET 29639 1 1 0 2 0
TARGET 29640 1 1 0 2 0
TARGET 29641 1 1 0 2 0
TARGET 29642 1 1 0 2 0
TARGET 29643 1 1 0 1 0
TARGET 29644 1 1 0 1 0
TARGET 29645 1 0 0 1 0
TARGET 29646 1 1 0 1 0
TARGET 29647 1 0 0 1 0
TARGET 29648 1 1 0 1 0
TARGET 29649 1 0 0 1 0
TARGET 29650 1 0 0 2 0
TARGET 29651 1 0 0 0 0
TARGET 29652 1 1 0 1 0
TARGET 29653 1 0 0 1 0
TARGET 29654 1 1 0 1 0
TARGET 29655 1 0 0 1 0
TARGET 29656 1 1 0 1 0
TARGET 29657 1 0 0 1 0
TARGET 29658 1 0 0 0 0
TARGET 29659 1 0 0 1 0
TARGET 29660 1 0 0 1 0
TARGET 29661 1 0 0 1 0
TARGET 29662 1 0 0 1 0
TARGET 29663 1 0 0 1 0
TARGET 29664 1 0 0 0 0
TARGET 29665 1 1 0 1 0
TARGET 29666 1 0 0 1 0
TARGET 29667 1 1 0 1 0
TARGET 29668 1 0 0 1 0
TARGET 29669 1 0 0 0 0
TARGET 29670 1 0 0 1 0
TARGET 29671 1 0 0 1 0
TARGET 29672 1 0 0 1 0
TARGET 29673 1 0 0 0 0
TARGET 29674 1 1 0 1 0
TARGET 29675 1 0 0 1 0
TARGET 29676 1 0 0 0 0
TARGET 29677 1 0 0 1 0
TARGET 29678 1 0 0 0 0
TARGET 29679 1 1 0 3 0
TARGET 29680 1 2 0 3 0
TARGET 29681 1 3 0 4 0
TARGET 29682 1 2 0 3 0
TARGET 29683 1 1 0 3 0
TARGET 29684 1 2 0 3 0
TARGET 29685 1 2 0 3 0
TARGET 29686 1 2 0 3 0
TARGET 29687 1 1 0 2 0
TARGET 29688 1 1 0 2 0
TARGET 29689 1 2 0 3 0
TARGET 29690 1 1 0 2 0
TARGET 29691 1 1 0 2 0
TARGET 29692 1 1 0 2 0
TARGET 29693 1 1 0 2 0
TARGET 29694 1 1 0 2 0
TARGET 29695 1 1 0 2 0
TARGET 29696 1 1 0 2 0
TARGET 29697 1 1 0 2 0
TARGET 29698 1 1 0 3 0
TARGET 29699 1 1 0 2 0
TARGET 29700 1 1 0 2 0
TARGET 29701 1 1 0 2 0
TARGET 29702 1 1 0 2 0
TARGET 29703 1 1 0 2 0
TARGET 29704 1 1 0 2 0
TARGET 29705 1 1 0 2 0
TARGET 29706 1 1 0 2 0
TARGET 29707 1 1 0 2 0
TARGET 29708 1 1 0 2 0
TARGET 29709 1 2 0 3 0
TARGET 29710 1 1 0 2 0
TARGET 29711 1 1 0 2 0
TARGET 29712 1 1 0 2 0
TARGET 29713 1 1 0 2 0
TARGET 29714 1 1 0 2 0
TARGET 29715 1 1 0 2 0
TARGET 29716 1 1 0 2 0
TARGET 29717 1 1 0 2 0
TARGET 29718 1 1 0 2 0
TARGET 29719 1 1 0 3 0
TARGET 29720 1 2 0 3 0
TARGET 29721 1 2 0 3 0
TARGET 29722 1 2 0 3 0
TARGET 29723 1 1 0 2 0
TARGET 29724 1 1 0 2 0
TARGET 29725 1 1 0 2 0
TARGET 29726 1 1 0 2 0
TARGET 29727 1 1 0 2 0
TARGET 29728 1 1 0 2 0
TARGET 29729 1 1 0 2 0
TARGET 29730 1 1 0 2 0
TARGET 29731 1 1 0 2 0
TARGET 29732 1 1 0 2 0
TARGET 29733 1 1 0 2 0
TARGET 29734 1 1 0 2 0
TARGET 29735 1 1 0 2 0
TARGET 29736 1 1 0 2 0
TARGET 29737 1 1 0 2 0
TARGET 29738 1 1 0 2 0
TARGET 29739 1 1 0 2 0
TARGET 29740 1 1 0 2 0
TARGET 29741 1 1 0 2 0
TARGET 29742 1 1 0 2 0
TARGET 29743 1 1 0 1 0
TARGET 29744 1 0 0 1 0
TARGET 29745 1 1 0 2 0
TARGET 29746 1 1 0 1 0
TARGET 29747 1 1 0 1 0
TARGET 29748 1 0 0 1 0
TARGET 29749 1 1 0 1 0
TARGET 29750 1 0 0 1 0
TARGET 29751 1 1 0 1 0
TARGET 29752 1 0 0 1 0
TARGET 29753 1 0 0 1 0
TARGET 29754 1 1 0 2 0
TARGET 29755 1 1 0 1 0
TARGET 29756 1 1 0 1 0
TARGET 29757 1 1 0 1 0
TARGET 29758 1 0 0 1 0
TARGET 29759 1 0 0 1 0
TARGET 29760 1 1 0 1 0
TARGET 29761 1 1 0 1 0
TARGET 29762 1 0 0 1 0
TARGET 29763 1 0 0 1 0
TARGET 29764 1 0 0 2 0
TARGET 29765 1 0 0 1 0
TARGET 29766 1 1 0 2 0
TARGET 29767 1 0 0 1 0
TARGET 29768 1 0 0 1 0
TARGET 29769 1 0 0 1 0
TARGET 29770 1 0 0 1 0
TARGET 29771 1 0 0 1 0
TARGET 29772 1 0 0 1 0
TARGET 29773 1 0 0 1 0
TARGET 29774 1 0 0 1 0
TARGET 29775 1 0 0 1 0
TARGET 29776 1 0 0 2 0
TARGET 29777 1 1 0 2 0
TARGET 29778 1 1 0 2 0
TARGET 29779 1 1 0 2 0
TARGET 29780 1 1 0 2 0
TARGET 29781 1 1 0 3 0
TARGET 29782 1 1 0 1 0
TARGET 29783 1 0 0 1 0
TARGET 29784 1 1 0 1 0
TARGET 29785 1 0 0 1 0
TARGET 29786 1 0 0 2 0
TARGET 29787 1 1 0 1 0
TARGET 29788 1 0 0 1 0
TARGET 29789 1 0 0 1 0
TARGET 29790 1 1 0 1 0
TARGET 29791 1 1 0 1 0
TARGET 29792 1 0 0 1 0
TARGET 29793 1 0 0 1 0
TARGET 29794 1 0 0 2 0
TARGET 29795 1 0 0 1 0
TARGET 29796 1 0 0 1 0
TARGET 29797 1 0 0 1 0
TARGET 29798 1 0 0 2 0
TARGET 29799 1 0 0 1 0
TARGET 29800 1 0 0 1 0
TARGET 29801 1 1 0 1 0
TARGET 29802 1 0 0 1 0
TARGET 29803 1 0 0 1 0
TARGET 29804 1 0 0 2 0
TARGET 29805 1 0 0 1 0
TARGET 29806 1 0 0 2 0
TARGET 29807 1 0 0 0 0
TARGET 29808 1 0 0 0 0
TARGET 29809 1 1 0 1 0
TARGET 29810 1 0 0 0 0
TARGET 29811 1 0 0 0 0
TARGET 29812 1 0 0 0 0
TARGET 29813 1 0 0 0 0
TARGET 29814 1 0 0 0 0
TARGET 29815 1 1 0 1 0
TARGET 29816 1 0 0 1 0
TARGET 29817 1 0 0 1 0
TARGET 29818 1 1 0 2 0
TARGET 29819 1 1 0 1 0
TARGET 29820 1 1 0 1 0
TARGET 29821 1 1 0 1 0
TARGET 29822 1 0 0 1 0
TARGET 29823 1 0 0 1 0
TARGET 29824 1 1 0 1 0
TARGET 29825 1 1 0 1 0
TARGET 29826 1 0 0 1 0
TARGET 29827 1 0 0 1 0
TARGET 29828 1 0 0 0 0
TARGET 29829 1 0 0 1 0
TARGET 29830 1 0 0 1 0
TARGET 29831 1 1 0 2 0
TARGET 29832 1 0 0 1 0
TARGET 29833 1 0 0 1 0
TARGET 29834 1 0 0 1 0
TARGET 29835 1 0 0 1 0
TARGET 29836 1 0 0 1 0
TARGET 29837 1 0 0 1 0
TARGET 29838 1 0 0 1 0
TARGET 29839 1 0 0 1 0
TARGET 29840 1 0 0 1 0
TARGET 29841 1 0 0 0 0
TARGET 29842 1 0 0 1 0
TARGET 29843 1 0 0 1 0
TARGET 29844 1 0 0 1 0
TARGET 29845 1 0 0 1 0
TARGET 29846 1 1 0 2 0
TARGET 29847 1 1 0 2 0
TARGET 29848 1 1 0 2 0
TARGET 29849 1 1 0 2 0
TARGET 29850 1 1 0 1 0
TARGET 29851 1 0 0 1 0
TARGET 29852 1 1 0 1 0
TARGET 29853 1 0 0 1 0
TARGET 29854 1 1 0 1 0
TARGET 29855 1 1 0 1 0
TARGET 29856 1 0 0 1 0
TARGET 29857 1 0 0 1 0
TARGET 29858 1 0 0 1 0
TARGET 29859 1 1 0 1 0
TARGET 29860 1 1 0 1 0
TARGET 29861 1 1 0 1 0
TARGET 29862 1 0 0 1 0
TARGET 29863 1 0 0 1 0
TARGET 29864 1 0 0 1 0
TARGET 29865 1 0 0 0 0
TARGET 29866 1 0 0 1 0
TARGET 29867 1 0 0 1 0
TARGET 29868 1 0 0 1 0
TARGET 29869 1 0 0 1 0
TARGET 29870 1 0 0 1 0
TARGET 29871 1 0 0 1 0
TARGET 29872 1 0 0 1 0
TARGET 29873 1 0 0 1 0
TARGET 29874 1 0 0 0 0
TARGET 29875 1 1 0 1 0
TARGET 29876 1 1 0 1 0
TARGET 29877 1 0 0 1 0
TARGET 29878 1 0 0 1 0
TARGET 29879 1 0 0 1 0
TARGET 29880 1 0 0 0 0
TARGET 29881 1 0 0 1 0
TARGET 29882 1 0 0 1 0
TARGET 29883 1 0 0 0 0
TARGET 29884 1 0 0 0 0
TARGET 29885 1 1 0 1 0
TARGET 29886 1 0 0 0 0
TARGET 29887 1 0 0 0 0
TARGET 29888 1 0 0 0 0
TARGET 29889 1 0 0 0 0
TARGET 29890 1 0 0 0 0
TARGET 29891 1 0 0 1 0
TARGET 29892 1 1 0 2 0
TARGET 29893 1 0 0 1 0
TARGET 29894 1 0 0 1 0
TARGET 29895 1 0 0 1 0
TARGET 29896 1 0 0 1 0
TARGET 29897 1 0 0 1 0
TARGET 29898 1 0 0 1 0
TARGET 29899 1 0 0 1 0
TARGET 29900 1 0 0 1 0
TARGET 29901 1 0 0 1 0
TARGET 29902 1 1 0 2 0
TARGET 29903 1 1 0 2 0
TARGET 29904 1 1 0 2 0
TARGET 29905 1 1 0 2 0
TARGET 29906 1 0 0 1 0
TARGET 29907 1 0 0 1 0
TARGET 29908 1 0 0 1 0
TARGET 29909 1 0 0 1 0
TARGET 29910 1 0 0 1 0
TARGET 29911 1 0 0 1 0
TARGET 29912 1 0 0 1 0
TARGET 29913 1 0 0 1 0
TARGET 29914 1 0 0 1 0
TARGET 29915 1 0 0 1 0
TARGET 29916 1 0 0 1 0
TARGET 29917 1 0 0 1 0
TARGET 29918 1 0 0 1 0
TARGET 29919 1 0 0 1 0
TARGET 29920 1 0 0 1 0
TARGET 29921 1 0 0 1 0
TARGET 29922 1 0 0 1 0
TARGET 29923 1 0 0 1 0
TARGET 29924 1 0 0 1 0
TARGET 29925 1 0 0 1 0
TARGET 29926 1 0 0 0 0
TARGET 29927 1 1 0 1 0
TARGET 29928 1 0 0 0 0
TARGET 29929 1 0 0 0 0
TARGET 29930 1 0 0 0 0
TARGET 29931 1 0 0 0 0
TARGET 29932 1 0 0 0 0
TARGET 29933 1 0 0 1 0
TARGET 29934 1 0 0 1 0
TARGET 29935 1 0 0 1 0
TARGET 29936 1 0 0 1 0
TARGET 29937 1 0 0 0 0
TARGET 29938 1 0 0 1 0
TARGET 29939 1 0 0 1 0
TARGET 29940 1 0 0 1 0
TARGET 29941 1 0 0 0 0
TARGET 29942 1 0 0 1 0
TARGET 29943 1 0 0 1 0
TARGET 29944 1 0 0 0 0
TARGET 29945 1 0 0 1 0
TARGET 29946 1 0 0 0 0
TARGET 29947 1 1 0 2 0
TARGET 29948 1 1 0 2 0
TARGET 29949 1 1 0 2 0
TARGET 29950 1 1 0 2 0
TARGET 29951 1 1 0 1 0
TARGET 29952 1 1 0 2 0
TARGET 29953 1 1 0 2 0
TARGET 29954 1 1 0 2 0
TARGET 29955 1 1 0 1 0
TARGET 29956 1 1 0 2 0
TARGET 29957 1 1 0 2 0
TARGET 29958 1 1 0 1 0
TARGET 29959 1 1 0 2 0
TARGET 29960 1 1 0 1 0
TARGET 29961 1 1 0 1 0
TARGET 29962 1 0 0 1 0
TARGET 29963 1 1 0 1 0
TARGET 29964 1 0 0 1 0
TARGET 29965 1 0 0 0 0
TARGET 29966 1 0 0 1 0
TARGET 29967 1 0 0 1 0
TARGET 29968 1 0 0 1 0
TARGET 29969 1 0 0 0 0
TARGET 29970 1 1 0 1 0
TARGET 29971 1 0 0 1 0
TARGET 29972 1 0 0 0 0
TARGET 29973 1 0 0 1 0
TARGET 29974 1 0 0 0 0
TARGET 29975 1 1 0 1 0
TARGET 29976 1 0 0 1 0
TARGET 29977 1 0 0 1 0
TARGET 29978 1 1 0 1 0
TARGET 29979 1 1 0 1 0
TARGET 29980 1 0 0 1 0
TARGET 29981 1 0 0 1 0
TARGET 29982 1 0 0 0 0
TARGET 29983 1 0 0 1 0
TARGET 29984 1 0 0 1 0
TARGET 29985 1 0 0 1 0
TARGET 29986 1 0 0 1 0
TARGET 29987 1 0 0 1 0
TARGET 29988 1 0 0 1 0
TARGET 29989 1 0 0 1 0
TARGET 29990 1 0 0 1 0
TARGET 29991 1 0 0 0 0
TARGET 29992 1 1 0 1 0
TARGET 29993 1 1 0 1 0
TARGET 29994 1 0 0 1 0
TARGET 29995 1 0 0 1 0
TARGET 29996 1 0 0 1 0
TARGET 29997 1 0 0 0 0
TARGET 29998 1 0 0 1 0
TARGET 29999 1 0 0 1 0
TARGET 30000 1 0 0 0 0
PASS_1962_MONOMIAL_INTERVAL 29001 30000 1000 0
