TARGET 1 1 0 0 1 0
TARGET 2 1 0 0 1 0
TARGET 3 1 0 0 0 0
TARGET 4 1 0 0 1 0
TARGET 5 1 0 0 0 0
TARGET 6 1 0 0 1 0
TARGET 7 1 0 0 1 0
TARGET 8 1 0 0 0 0
TARGET 9 1 0 0 1 0
TARGET 10 1 0 0 0 0
TARGET 11 1 0 0 1 0
TARGET 12 1 0 0 1 0
TARGET 13 1 0 0 0 0
TARGET 14 1 0 0 1 0
TARGET 15 1 0 0 0 0
TARGET 16 1 0 0 1 0
TARGET 17 1 0 0 1 0
TARGET 18 1 0 0 0 0
TARGET 19 1 0 0 1 0
TARGET 20 1 0 0 0 0
TARGET 21 1 0 0 1 0
TARGET 22 1 0 0 1 0
TARGET 23 1 0 0 0 0
TARGET 24 1 0 0 1 0
TARGET 25 1 0 0 0 0
TARGET 26 1 0 0 1 0
TARGET 27 1 0 0 1 0
TARGET 28 1 0 0 0 0
TARGET 29 1 0 0 1 0
TARGET 30 1 0 0 0 0
TARGET 31 1 0 0 1 0
TARGET 32 1 0 0 1 0
TARGET 33 1 0 0 1 0
TARGET 34 1 0 0 1 0
TARGET 35 1 0 0 0 0
TARGET 36 1 0 0 0 0
TARGET 37 1 0 0 1 0
TARGET 38 1 0 0 0 0
TARGET 39 1 0 0 1 0
TARGET 40 1 0 0 0 0
TARGET 41 1 0 0 1 0
TARGET 42 1 0 0 1 0
TARGET 43 1 0 0 0 0
TARGET 44 1 0 0 1 0
TARGET 45 1 0 0 0 0
TARGET 46 1 0 0 1 0
TARGET 47 1 0 0 1 0
TARGET 48 1 0 0 0 0
TARGET 49 1 0 0 1 0
TARGET 50 1 0 0 0 0
TARGET 51 1 0 0 1 0
TARGET 52 1 0 0 1 0
TARGET 53 1 0 0 1 0
TARGET 54 1 0 0 1 0
TARGET 55 1 0 0 0 0
TARGET 56 1 0 0 0 0
TARGET 57 1 0 0 1 0
TARGET 58 1 0 0 1 0
TARGET 59 1 0 0 0 0
TARGET 60 1 0 0 0 0
TARGET 61 1 0 0 1 0
TARGET 62 1 0 0 1 0
TARGET 63 1 0 0 1 0
TARGET 64 1 0 0 1 0
TARGET 65 1 0 0 0 0
TARGET 66 1 0 0 0 0
TARGET 67 1 0 0 1 0
TARGET 68 1 0 0 0 0
TARGET 69 1 0 0 1 0
TARGET 70 1 0 0 0 0
TARGET 71 1 0 0 1 0
TARGET 72 1 0 0 1 0
TARGET 73 1 0 0 1 0
TARGET 74 1 0 0 1 0
TARGET 75 1 0 0 0 0
TARGET 76 1 0 0 0 0
TARGET 77 1 0 0 1 0
TARGET 78 1 0 0 1 0
TARGET 79 1 0 0 0 0
TARGET 80 1 0 0 0 0
TARGET 81 1 0 0 1 0
TARGET 82 1 0 0 1 0
TARGET 83 1 0 0 1 0
TARGET 84 1 0 0 1 0
TARGET 85 1 0 0 0 0
TARGET 86 1 0 0 0 0
TARGET 87 1 0 0 1 0
TARGET 88 1 0 0 1 0
TARGET 89 1 0 0 0 0
TARGET 90 1 0 0 0 0
TARGET 91 1 0 0 1 0
TARGET 92 1 0 0 1 0
TARGET 93 1 0 0 0 0
TARGET 94 1 0 0 1 0
TARGET 95 1 0 0 0 0
TARGET 96 1 0 0 1 0
TARGET 97 1 0 0 1 0
TARGET 98 1 0 0 0 0
TARGET 99 1 0 0 1 0
TARGET 100 1 0 0 0 0
TARGET 101 1 0 0 1 0
TARGET 102 1 0 0 1 0
TARGET 103 1 0 0 1 0
TARGET 104 1 0 0 1 0
TARGET 105 1 0 0 0 0
TARGET 106 1 0 0 0 0
TARGET 107 1 0 0 1 0
TARGET 108 1 0 0 0 0
TARGET 109 1 0 0 1 0
TARGET 110 1 0 0 0 0
TARGET 111 1 0 0 1 0
TARGET 112 1 0 0 1 0
TARGET 113 1 0 0 0 0
TARGET 114 1 0 0 1 0
TARGET 115 1 0 0 0 0
TARGET 116 1 0 0 1 0
TARGET 117 1 0 0 1 0
TARGET 118 1 0 0 0 0
TARGET 119 1 0 0 1 0
TARGET 120 1 0 0 0 0
PASS_1962_MONOMIAL_INTERVAL 1 120 120 0
