TARGET 12001 1 0 0 1 0
TARGET 12002 1 0 0 1 0
TARGET 12003 1 0 0 1 0
TARGET 12004 1 0 0 1 0
TARGET 12005 1 0 0 1 0
TARGET 12006 1 0 0 1 0
TARGET 12007 1 0 0 1 0
TARGET 12008 1 0 0 1 0
TARGET 12009 1 0 0 1 0
TARGET 12010 1 0 0 1 0
TARGET 12011 1 0 0 1 0
TARGET 12012 1 0 0 1 0
TARGET 12013 1 0 0 1 0
TARGET 12014 1 0 0 1 0
TARGET 12015 1 0 0 1 0
TARGET 12016 1 0 0 1 0
TARGET 12017 1 0 0 0 0
TARGET 12018 1 0 0 1 0
TARGET 12019 1 1 0 1 0
TARGET 12020 1 1 0 1 0
TARGET 12021 1 0 0 1 0
TARGET 12022 1 0 0 1 0
TARGET 12023 1 1 0 1 0
TARGET 12024 1 1 0 1 0
TARGET 12025 1 0 0 1 0
TARGET 12026 1 0 0 1 0
TARGET 12027 1 0 0 1 0
TARGET 12028 1 0 0 1 0
TARGET 12029 1 0 0 1 0
TARGET 12030 1 0 0 1 0
TARGET 12031 1 0 0 1 0
TARGET 12032 1 0 0 1 0
TARGET 12033 1 0 0 1 0
TARGET 12034 1 0 0 1 0
TARGET 12035 1 0 0 1 0
TARGET 12036 1 0 0 1 0
TARGET 12037 1 0 0 1 0
TARGET 12038 1 0 0 1 0
TARGET 12039 1 0 0 1 0
TARGET 12040 1 0 0 0 0
TARGET 12041 1 0 0 1 0
TARGET 12042 1 0 0 1 0
TARGET 12043 1 0 0 1 0
TARGET 12044 1 0 0 1 0
TARGET 12045 1 0 0 1 0
TARGET 12046 1 0 0 1 0
TARGET 12047 1 0 0 1 0
TARGET 12048 1 0 0 1 0
TARGET 12049 1 0 0 1 0
TARGET 12050 1 0 0 1 0
TARGET 12051 1 0 0 1 0
TARGET 12052 1 0 0 1 0
TARGET 12053 1 1 0 1 0
TARGET 12054 1 1 0 1 0
TARGET 12055 1 0 0 1 0
TARGET 12056 1 0 0 1 0
TARGET 12057 1 1 0 1 0
TARGET 12058 1 1 0 1 0
TARGET 12059 1 1 0 1 0
TARGET 12060 1 1 0 1 0
TARGET 12061 1 0 0 1 0
TARGET 12062 1 0 0 1 0
TARGET 12063 1 1 0 1 0
TARGET 12064 1 1 0 1 0
TARGET 12065 1 1 0 1 0
TARGET 12066 1 1 0 1 0
TARGET 12067 1 0 0 1 0
TARGET 12068 1 0 0 1 0
TARGET 12069 1 1 0 1 0
TARGET 12070 1 1 0 1 0
TARGET 12071 1 0 0 1 0
TARGET 12072 1 0 0 1 0
TARGET 12073 1 0 0 1 0
TARGET 12074 1 0 0 1 0
TARGET 12075 1 0 0 1 0
TARGET 12076 1 0 0 1 0
TARGET 12077 1 0 0 1 0
TARGET 12078 1 0 0 1 0
TARGET 12079 1 0 0 1 0
TARGET 12080 1 0 0 1 0
TARGET 12081 1 1 0 1 0
TARGET 12082 1 1 0 1 0
TARGET 12083 1 0 0 1 0
TARGET 12084 1 0 0 1 0
TARGET 12085 1 1 0 1 0
TARGET 12086 1 1 0 1 0
TARGET 12087 1 0 0 1 0
TARGET 12088 1 0 0 1 0
TARGET 12089 1 1 0 1 0
TARGET 12090 1 1 0 1 0
TARGET 12091 1 0 0 1 0
TARGET 12092 1 0 0 1 0
TARGET 12093 1 1 0 1 0
TARGET 12094 1 1 0 1 0
TARGET 12095 1 0 0 0 0
TARGET 12096 1 1 0 1 0
TARGET 12097 1 0 0 1 0
TARGET 12098 1 0 0 1 0
TARGET 12099 1 1 0 1 0
TARGET 12100 1 1 0 1 0
TARGET 12101 1 0 0 0 0
TARGET 12102 1 0 0 1 0
TARGET 12103 1 0 0 1 0
TARGET 12104 1 0 0 1 0
TARGET 12105 1 0 0 1 0
TARGET 12106 1 0 0 0 0
TARGET 12107 1 0 0 1 0
TARGET 12108 1 0 0 1 0
TARGET 12109 1 0 0 1 0
TARGET 12110 1 0 0 0 0
TARGET 12111 1 1 0 1 0
TARGET 12112 1 1 0 1 0
TARGET 12113 1 0 0 0 0
TARGET 12114 1 1 0 1 0
TARGET 12115 1 0 0 0 0
TARGET 12116 1 0 0 0 0
TARGET 12117 1 0 0 0 0
TARGET 12118 1 0 0 0 0
TARGET 12119 1 0 0 0 0
TARGET 12120 1 0 0 0 0
TARGET 12121 1 0 0 0 0
TARGET 12122 1 0 0 0 0
TARGET 12123 1 0 0 0 0
TARGET 12124 1 0 0 0 0
TARGET 12125 1 1 0 1 0
TARGET 12126 1 0 0 1 0
TARGET 12127 1 0 0 1 0
TARGET 12128 1 1 0 1 0
TARGET 12129 1 1 0 1 0
TARGET 12130 1 1 0 1 0
TARGET 12131 1 1 0 1 0
TARGET 12132 1 0 0 1 0
TARGET 12133 1 0 0 1 0
TARGET 12134 1 0 0 1 0
TARGET 12135 1 0 0 1 0
TARGET 12136 1 0 0 1 0
TARGET 12137 1 0 0 1 0
TARGET 12138 1 0 0 1 0
TARGET 12139 1 0 0 1 0
TARGET 12140 1 0 0 1 0
TARGET 12141 1 0 0 1 0
TARGET 12142 1 0 0 1 0
TARGET 12143 1 0 0 1 0
TARGET 12144 1 1 0 1 0
TARGET 12145 1 1 0 1 0
TARGET 12146 1 0 0 1 0
TARGET 12147 1 0 0 1 0
TARGET 12148 1 1 0 1 0
TARGET 12149 1 1 0 1 0
TARGET 12150 1 0 0 1 0
TARGET 12151 1 0 0 1 0
TARGET 12152 1 0 0 1 0
TARGET 12153 1 0 0 1 0
TARGET 12154 1 0 0 1 0
TARGET 12155 1 0 0 1 0
TARGET 12156 1 0 0 1 0
TARGET 12157 1 0 0 1 0
TARGET 12158 1 0 0 1 0
TARGET 12159 1 0 0 1 0
TARGET 12160 1 0 0 1 0
TARGET 12161 1 0 0 1 0
TARGET 12162 1 0 0 1 0
TARGET 12163 1 0 0 1 0
TARGET 12164 1 0 0 1 0
TARGET 12165 1 0 0 1 0
TARGET 12166 1 0 0 1 0
TARGET 12167 1 0 0 1 0
TARGET 12168 1 0 0 1 0
TARGET 12169 1 0 0 1 0
TARGET 12170 1 1 0 1 0
TARGET 12171 1 1 0 1 0
TARGET 12172 1 0 0 1 0
TARGET 12173 1 0 0 1 0
TARGET 12174 1 1 0 1 0
TARGET 12175 1 1 0 1 0
TARGET 12176 1 1 0 1 0
TARGET 12177 1 1 0 1 0
TARGET 12178 1 0 0 1 0
TARGET 12179 1 0 0 1 0
TARGET 12180 1 1 0 1 0
TARGET 12181 1 1 0 1 0
TARGET 12182 1 1 0 1 0
TARGET 12183 1 1 0 1 0
TARGET 12184 1 0 0 1 0
TARGET 12185 1 0 0 1 0
TARGET 12186 1 1 0 1 0
TARGET 12187 1 1 0 1 0
TARGET 12188 1 0 0 1 0
TARGET 12189 1 0 0 1 0
TARGET 12190 1 0 0 1 0
TARGET 12191 1 0 0 1 0
TARGET 12192 1 0 0 1 0
TARGET 12193 1 0 0 1 0
TARGET 12194 1 0 0 1 0
TARGET 12195 1 0 0 1 0
TARGET 12196 1 0 0 1 0
TARGET 12197 1 0 0 1 0
TARGET 12198 1 1 0 1 0
TARGET 12199 1 1 0 1 0
TARGET 12200 1 0 0 1 0
TARGET 12201 1 0 0 1 0
TARGET 12202 1 1 0 1 0
TARGET 12203 1 1 0 1 0
TARGET 12204 1 0 0 1 0
TARGET 12205 1 0 0 1 0
TARGET 12206 1 0 0 0 0
TARGET 12207 1 0 0 0 0
TARGET 12208 1 0 0 0 0
TARGET 12209 1 0 0 0 0
TARGET 12210 1 0 0 0 0
TARGET 12211 1 0 0 0 0
TARGET 12212 1 0 0 0 0
TARGET 12213 1 0 0 0 0
TARGET 12214 1 0 0 0 0
TARGET 12215 1 0 0 1 0
TARGET 12216 1 0 0 1 0
TARGET 12217 1 0 0 1 0
TARGET 12218 1 0 0 1 0
TARGET 12219 1 0 0 1 0
TARGET 12220 1 0 0 1 0
TARGET 12221 1 0 0 1 0
TARGET 12222 1 0 0 1 0
TARGET 12223 1 0 0 1 0
TARGET 12224 1 0 0 1 0
TARGET 12225 1 0 0 1 0
TARGET 12226 1 0 0 1 0
TARGET 12227 1 0 0 1 0
TARGET 12228 1 0 0 1 0
TARGET 12229 1 0 0 1 0
TARGET 12230 1 0 0 1 0
TARGET 12231 1 0 0 1 0
TARGET 12232 1 0 0 1 0
TARGET 12233 1 0 0 1 0
TARGET 12234 1 0 0 1 0
TARGET 12235 1 0 0 1 0
TARGET 12236 1 0 0 1 0
TARGET 12237 1 0 0 1 0
TARGET 12238 1 0 0 1 0
TARGET 12239 1 0 0 1 0
TARGET 12240 1 0 0 1 0
TARGET 12241 1 0 0 1 0
TARGET 12242 1 0 0 1 0
TARGET 12243 1 0 0 1 0
TARGET 12244 1 0 0 1 0
TARGET 12245 1 0 0 1 0
TARGET 12246 1 0 0 1 0
TARGET 12247 1 0 0 1 0
TARGET 12248 1 0 0 1 0
TARGET 12249 1 0 0 1 0
TARGET 12250 1 0 0 1 0
TARGET 12251 1 0 0 1 0
TARGET 12252 1 0 0 1 0
TARGET 12253 1 0 0 1 0
TARGET 12254 1 0 0 1 0
TARGET 12255 1 0 0 1 0
TARGET 12256 1 0 0 1 0
TARGET 12257 1 0 0 1 0
TARGET 12258 1 0 0 1 0
TARGET 12259 1 0 0 1 0
TARGET 12260 1 0 0 1 0
TARGET 12261 1 0 0 1 0
TARGET 12262 1 0 0 1 0
TARGET 12263 1 0 0 1 0
TARGET 12264 1 0 0 1 0
TARGET 12265 1 0 0 1 0
TARGET 12266 1 0 0 1 0
TARGET 12267 1 0 0 1 0
TARGET 12268 1 0 0 1 0
TARGET 12269 1 0 0 1 0
TARGET 12270 1 0 0 1 0
TARGET 12271 1 0 0 1 0
TARGET 12272 1 0 0 1 0
TARGET 12273 1 0 0 1 0
TARGET 12274 1 0 0 1 0
TARGET 12275 1 0 0 1 0
TARGET 12276 1 0 0 1 0
TARGET 12277 1 0 0 1 0
TARGET 12278 1 0 0 1 0
TARGET 12279 1 0 0 1 0
TARGET 12280 1 0 0 1 0
TARGET 12281 1 0 0 1 0
TARGET 12282 1 0 0 1 0
TARGET 12283 1 0 0 1 0
TARGET 12284 1 0 0 1 0
TARGET 12285 1 0 0 1 0
TARGET 12286 1 0 0 1 0
TARGET 12287 1 0 0 0 0
TARGET 12288 1 0 0 0 0
TARGET 12289 1 0 0 0 0
TARGET 12290 1 0 0 0 0
TARGET 12291 1 0 0 0 0
TARGET 12292 1 0 0 0 0
TARGET 12293 1 0 0 0 0
TARGET 12294 1 0 0 0 0
TARGET 12295 1 0 0 0 0
TARGET 12296 1 0 0 1 0
TARGET 12297 1 0 0 1 0
TARGET 12298 1 0 0 1 0
TARGET 12299 1 0 0 1 0
TARGET 12300 1 0 0 1 0
TARGET 12301 1 0 0 1 0
TARGET 12302 1 0 0 1 0
TARGET 12303 1 0 0 0 0
TARGET 12304 1 1 0 1 0
TARGET 12305 1 1 0 1 0
TARGET 12306 1 0 0 1 0
TARGET 12307 1 0 0 1 0
TARGET 12308 1 1 0 1 0
TARGET 12309 1 1 0 1 0
TARGET 12310 1 0 0 0 0
TARGET 12311 1 1 0 1 0
TARGET 12312 1 0 0 1 0
TARGET 12313 1 0 0 1 0
TARGET 12314 1 1 0 1 0
TARGET 12315 1 1 0 1 0
TARGET 12316 1 0 0 0 0
TARGET 12317 1 0 0 1 0
TARGET 12318 1 0 0 1 0
TARGET 12319 1 0 0 1 0
TARGET 12320 1 0 0 1 0
TARGET 12321 1 0 0 0 0
TARGET 12322 1 0 0 1 0
TARGET 12323 1 0 0 1 0
TARGET 12324 1 0 0 1 0
TARGET 12325 1 0 0 0 0
TARGET 12326 1 1 0 1 0
TARGET 12327 1 1 0 1 0
TARGET 12328 1 0 0 0 0
TARGET 12329 1 1 0 1 0
TARGET 12330 1 0 0 0 0
TARGET 12331 1 0 0 1 0
TARGET 12332 1 0 0 1 0
TARGET 12333 1 0 0 1 0
TARGET 12334 1 0 0 1 0
TARGET 12335 1 0 0 1 0
TARGET 12336 1 0 0 1 0
TARGET 12337 1 0 0 1 0
TARGET 12338 1 0 0 1 0
TARGET 12339 1 0 0 1 0
TARGET 12340 1 0 0 1 0
TARGET 12341 1 0 0 1 0
TARGET 12342 1 0 0 1 0
TARGET 12343 1 0 0 1 0
TARGET 12344 1 0 0 1 0
TARGET 12345 1 0 0 1 0
TARGET 12346 1 0 0 1 0
TARGET 12347 1 0 0 1 0
TARGET 12348 1 0 0 1 0
TARGET 12349 1 0 0 1 0
TARGET 12350 1 0 0 1 0
TARGET 12351 1 0 0 1 0
TARGET 12352 1 0 0 1 0
TARGET 12353 1 0 0 1 0
TARGET 12354 1 0 0 1 0
TARGET 12355 1 0 0 1 0
TARGET 12356 1 0 0 1 0
TARGET 12357 1 0 0 1 0
TARGET 12358 1 0 0 1 0
TARGET 12359 1 0 0 1 0
TARGET 12360 1 0 0 1 0
TARGET 12361 1 0 0 1 0
TARGET 12362 1 0 0 1 0
TARGET 12363 1 0 0 1 0
TARGET 12364 1 0 0 1 0
TARGET 12365 1 0 0 1 0
TARGET 12366 1 0 0 1 0
TARGET 12367 1 0 0 1 0
TARGET 12368 1 0 0 1 0
TARGET 12369 1 0 0 1 0
TARGET 12370 1 0 0 1 0
TARGET 12371 1 0 0 1 0
TARGET 12372 1 0 0 1 0
TARGET 12373 1 0 0 1 0
TARGET 12374 1 0 0 1 0
TARGET 12375 1 0 0 1 0
TARGET 12376 1 0 0 1 0
TARGET 12377 1 0 0 1 0
TARGET 12378 1 0 0 1 0
TARGET 12379 1 0 0 1 0
TARGET 12380 1 0 0 1 0
TARGET 12381 1 0 0 1 0
TARGET 12382 1 0 0 1 0
TARGET 12383 1 0 0 1 0
TARGET 12384 1 0 0 1 0
TARGET 12385 1 0 0 1 0
TARGET 12386 1 0 0 1 0
TARGET 12387 1 0 0 0 0
TARGET 12388 1 0 0 0 0
TARGET 12389 1 0 0 0 0
TARGET 12390 1 0 0 0 0
TARGET 12391 1 0 0 0 0
TARGET 12392 1 0 0 0 0
TARGET 12393 1 0 0 0 0
TARGET 12394 1 0 0 0 0
TARGET 12395 1 0 0 1 0
TARGET 12396 1 0 0 1 0
TARGET 12397 1 0 0 1 0
TARGET 12398 1 0 0 1 0
TARGET 12399 1 0 0 1 0
TARGET 12400 1 0 0 1 0
TARGET 12401 1 0 0 0 0
TARGET 12402 1 0 0 1 0
TARGET 12403 1 0 0 1 0
TARGET 12404 1 0 0 1 0
TARGET 12405 1 0 0 1 0
TARGET 12406 1 0 0 1 0
TARGET 12407 1 0 0 0 0
TARGET 12408 1 0 0 1 0
TARGET 12409 1 0 0 1 0
TARGET 12410 1 0 0 1 0
TARGET 12411 1 0 0 1 0
TARGET 12412 1 0 0 0 0
TARGET 12413 1 0 0 1 0
TARGET 12414 1 0 0 1 0
TARGET 12415 1 0 0 1 0
TARGET 12416 1 0 0 0 0
TARGET 12417 1 0 0 1 0
TARGET 12418 1 0 0 1 0
TARGET 12419 1 0 0 0 0
TARGET 12420 1 0 0 1 0
TARGET 12421 1 0 0 0 0
TARGET 12422 1 0 0 1 0
TARGET 12423 1 0 0 1 0
TARGET 12424 1 0 0 1 0
TARGET 12425 1 0 0 1 0
TARGET 12426 1 0 0 1 0
TARGET 12427 1 0 0 1 0
TARGET 12428 1 0 0 0 0
TARGET 12429 1 0 0 1 0
TARGET 12430 1 0 0 1 0
TARGET 12431 1 0 0 1 0
TARGET 12432 1 0 0 1 0
TARGET 12433 1 0 0 1 0
TARGET 12434 1 0 0 0 0
TARGET 12435 1 0 0 1 0
TARGET 12436 1 0 0 1 0
TARGET 12437 1 0 0 1 0
TARGET 12438 1 0 0 1 0
TARGET 12439 1 0 0 0 0
TARGET 12440 1 0 0 1 0
TARGET 12441 1 0 0 1 0
TARGET 12442 1 0 0 1 0
TARGET 12443 1 0 0 0 0
TARGET 12444 1 0 0 1 0
TARGET 12445 1 0 0 1 0
TARGET 12446 1 0 0 0 0
TARGET 12447 1 0 0 1 0
TARGET 12448 1 0 0 0 0
TARGET 12449 1 1 0 1 0
TARGET 12450 1 1 0 1 0
TARGET 12451 1 0 0 1 0
TARGET 12452 1 0 0 1 0
TARGET 12453 1 1 0 1 0
TARGET 12454 1 1 0 1 0
TARGET 12455 1 0 0 0 0
TARGET 12456 1 1 0 1 0
TARGET 12457 1 0 0 1 0
TARGET 12458 1 0 0 1 0
TARGET 12459 1 1 0 1 0
TARGET 12460 1 1 0 1 0
TARGET 12461 1 0 0 0 0
TARGET 12462 1 0 0 1 0
TARGET 12463 1 0 0 1 0
TARGET 12464 1 0 0 1 0
TARGET 12465 1 0 0 1 0
TARGET 12466 1 0 0 0 0
TARGET 12467 1 0 0 1 0
TARGET 12468 1 0 0 1 0
TARGET 12469 1 0 0 1 0
TARGET 12470 1 0 0 0 0
TARGET 12471 1 1 0 1 0
TARGET 12472 1 1 0 1 0
TARGET 12473 1 0 0 0 0
TARGET 12474 1 1 0 1 0
TARGET 12475 1 0 0 0 0
TARGET 12476 1 1 0 1 0
TARGET 12477 1 1 0 1 0
TARGET 12478 1 0 0 1 0
TARGET 12479 1 0 0 1 0
TARGET 12480 1 1 0 1 0
TARGET 12481 1 1 0 1 0
TARGET 12482 1 1 0 1 0
TARGET 12483 1 1 0 1 0
TARGET 12484 1 0 0 1 0
TARGET 12485 1 0 0 1 0
TARGET 12486 1 0 0 0 0
TARGET 12487 1 1 0 1 0
TARGET 12488 1 0 0 1 0
TARGET 12489 1 0 0 1 0
TARGET 12490 1 1 0 1 0
TARGET 12491 1 1 0 1 0
TARGET 12492 1 1 0 1 0
TARGET 12493 1 1 0 1 0
TARGET 12494 1 0 0 1 0
TARGET 12495 1 0 0 1 0
TARGET 12496 1 0 0 0 0
TARGET 12497 1 0 0 1 0
TARGET 12498 1 0 0 1 0
TARGET 12499 1 0 0 1 0
TARGET 12500 1 0 0 1 0
TARGET 12501 1 0 0 1 0
TARGET 12502 1 0 0 1 0
TARGET 12503 1 0 0 1 0
TARGET 12504 1 0 0 1 0
TARGET 12505 1 0 0 0 0
TARGET 12506 1 0 0 1 0
TARGET 12507 1 0 0 1 0
TARGET 12508 1 0 0 1 0
TARGET 12509 1 0 0 1 0
TARGET 12510 1 0 0 1 0
TARGET 12511 1 0 0 1 0
TARGET 12512 1 0 0 1 0
TARGET 12513 1 0 0 0 0
TARGET 12514 1 1 0 1 0
TARGET 12515 1 1 0 1 0
TARGET 12516 1 1 0 1 0
TARGET 12517 1 1 0 1 0
TARGET 12518 1 0 0 1 0
TARGET 12519 1 0 0 1 0
TARGET 12520 1 0 0 0 0
TARGET 12521 1 1 0 1 0
TARGET 12522 1 1 0 1 0
TARGET 12523 1 1 0 1 0
TARGET 12524 1 0 0 1 0
TARGET 12525 1 0 0 1 0
TARGET 12526 1 0 0 0 0
TARGET 12527 1 0 0 0 0
TARGET 12528 1 0 0 0 0
TARGET 12529 1 0 0 0 0
TARGET 12530 1 0 0 0 0
TARGET 12531 1 1 0 1 0
TARGET 12532 1 1 0 1 0
TARGET 12533 1 0 0 1 0
TARGET 12534 1 0 0 1 0
TARGET 12535 1 0 0 1 0
TARGET 12536 1 0 0 1 0
TARGET 12537 1 0 0 1 0
TARGET 12538 1 0 0 1 0
TARGET 12539 1 0 0 1 0
TARGET 12540 1 0 0 1 0
TARGET 12541 1 0 0 1 0
TARGET 12542 1 0 0 1 0
TARGET 12543 1 1 0 1 0
TARGET 12544 1 1 0 1 0
TARGET 12545 1 0 0 1 0
TARGET 12546 1 0 0 1 0
TARGET 12547 1 1 0 1 0
TARGET 12548 1 1 0 1 0
TARGET 12549 1 0 0 1 0
TARGET 12550 1 0 0 1 0
TARGET 12551 1 0 0 0 0
TARGET 12552 1 0 0 0 0
TARGET 12553 1 0 0 0 0
TARGET 12554 1 0 0 0 0
TARGET 12555 1 0 0 1 0
TARGET 12556 1 0 0 1 0
TARGET 12557 1 0 0 1 0
TARGET 12558 1 0 0 1 0
TARGET 12559 1 0 0 1 0
TARGET 12560 1 0 0 1 0
TARGET 12561 1 0 0 1 0
TARGET 12562 1 0 0 1 0
TARGET 12563 1 0 0 1 0
TARGET 12564 1 0 0 1 0
TARGET 12565 1 0 0 1 0
TARGET 12566 1 0 0 1 0
TARGET 12567 1 0 0 1 0
TARGET 12568 1 0 0 1 0
TARGET 12569 1 0 0 1 0
TARGET 12570 1 0 0 1 0
TARGET 12571 1 0 0 0 0
TARGET 12572 1 0 0 0 0
TARGET 12573 1 0 0 0 0
TARGET 12574 1 0 0 0 0
TARGET 12575 1 0 0 1 0
TARGET 12576 1 0 0 1 0
TARGET 12577 1 0 0 1 0
TARGET 12578 1 0 0 1 0
TARGET 12579 1 0 0 1 0
TARGET 12580 1 0 0 1 0
TARGET 12581 1 0 0 1 0
TARGET 12582 1 0 0 1 0
TARGET 12583 1 0 0 1 0
TARGET 12584 1 0 0 1 0
TARGET 12585 1 0 0 1 0
TARGET 12586 1 0 0 1 0
TARGET 12587 1 0 0 0 0
TARGET 12588 1 0 0 0 0
TARGET 12589 1 0 0 0 0
TARGET 12590 1 0 0 0 0
TARGET 12591 1 1 0 1 0
TARGET 12592 1 1 0 1 0
TARGET 12593 1 0 0 1 0
TARGET 12594 1 0 0 1 0
TARGET 12595 1 1 0 1 0
TARGET 12596 1 1 0 1 0
TARGET 12597 1 0 0 1 0
TARGET 12598 1 0 0 1 0
TARGET 12599 1 0 0 0 0
TARGET 12600 1 0 0 0 0
TARGET 12601 1 0 0 0 0
TARGET 12602 1 0 0 0 0
TARGET 12603 1 1 0 1 0
TARGET 12604 1 1 0 1 0
TARGET 12605 1 0 0 1 0
TARGET 12606 1 0 0 1 0
TARGET 12607 1 0 0 0 0
TARGET 12608 1 0 0 0 0
TARGET 12609 1 0 0 0 0
TARGET 12610 1 0 0 0 0
TARGET 12611 1 2 0 3 0
TARGET 12612 1 1 0 3 0
TARGET 12613 1 2 0 3 0
TARGET 12614 1 1 0 4 0
TARGET 12615 1 1 0 3 0
TARGET 12616 1 2 0 3 0
TARGET 12617 1 2 0 3 0
TARGET 12618 1 2 0 3 0
TARGET 12619 1 1 0 3 0
TARGET 12620 1 3 0 4 0
TARGET 12621 1 2 0 3 0
TARGET 12622 1 1 0 3 0
TARGET 12623 1 1 0 4 0
TARGET 12624 1 1 0 2 0
TARGET 12625 1 1 0 2 0
TARGET 12626 1 1 0 2 0
TARGET 12627 1 1 0 3 0
TARGET 12628 1 1 0 2 0
TARGET 12629 1 1 0 2 0
TARGET 12630 1 1 0 2 0
TARGET 12631 1 1 0 2 0
TARGET 12632 1 1 0 2 0
TARGET 12633 1 2 0 3 0
TARGET 12634 1 1 0 2 0
TARGET 12635 1 1 0 2 0
TARGET 12636 1 1 0 3 0
TARGET 12637 1 1 0 2 0
TARGET 12638 1 1 0 3 0
TARGET 12639 1 1 0 2 0
TARGET 12640 1 1 0 2 0
TARGET 12641 1 1 0 2 0
TARGET 12642 1 1 0 2 0
TARGET 12643 1 1 0 3 0
TARGET 12644 1 1 0 2 0
TARGET 12645 1 1 0 2 0
TARGET 12646 1 1 0 2 0
TARGET 12647 1 1 0 2 0
TARGET 12648 1 1 0 2 0
TARGET 12649 1 1 0 3 0
TARGET 12650 1 1 0 2 0
TARGET 12651 1 1 0 3 0
TARGET 12652 1 1 0 2 0
TARGET 12653 1 1 0 2 0
TARGET 12654 1 1 0 2 0
TARGET 12655 1 1 0 2 0
TARGET 12656 1 1 0 2 0
TARGET 12657 1 1 0 3 0
TARGET 12658 1 1 0 2 0
TARGET 12659 1 1 0 2 0
TARGET 12660 1 1 0 3 0
TARGET 12661 1 1 0 2 0
TARGET 12662 1 1 0 2 0
TARGET 12663 1 1 0 2 0
TARGET 12664 1 1 0 2 0
TARGET 12665 1 1 0 3 0
TARGET 12666 1 1 0 2 0
TARGET 12667 1 1 0 2 0
TARGET 12668 1 1 0 2 0
TARGET 12669 1 1 0 2 0
TARGET 12670 1 1 0 3 0
TARGET 12671 1 1 0 4 0
TARGET 12672 1 1 0 3 0
TARGET 12673 1 1 0 3 0
TARGET 12674 1 1 0 3 0
TARGET 12675 1 1 0 3 0
TARGET 12676 1 1 0 3 0
TARGET 12677 1 1 0 4 0
TARGET 12678 1 1 0 3 0
TARGET 12679 1 1 0 3 0
TARGET 12680 1 1 0 4 0
TARGET 12681 1 1 0 2 0
TARGET 12682 1 1 0 2 0
TARGET 12683 1 1 0 2 0
TARGET 12684 1 1 0 2 0
TARGET 12685 1 1 0 3 0
TARGET 12686 1 1 0 2 0
TARGET 12687 1 1 0 2 0
TARGET 12688 1 1 0 2 0
TARGET 12689 1 1 0 2 0
TARGET 12690 1 1 0 3 0
TARGET 12691 1 1 0 2 0
TARGET 12692 1 1 0 2 0
TARGET 12693 1 1 0 2 0
TARGET 12694 1 1 0 2 0
TARGET 12695 1 1 0 2 0
TARGET 12696 1 1 0 3 0
TARGET 12697 1 1 0 2 0
TARGET 12698 1 1 0 2 0
TARGET 12699 1 1 0 3 0
TARGET 12700 1 1 0 3 0
TARGET 12701 1 1 0 3 0
TARGET 12702 1 1 0 3 0
TARGET 12703 1 1 0 4 0
TARGET 12704 1 1 0 3 0
TARGET 12705 1 1 0 3 0
TARGET 12706 1 1 0 3 0
TARGET 12707 1 1 0 3 0
TARGET 12708 1 1 0 2 0
TARGET 12709 1 1 0 2 0
TARGET 12710 1 1 0 2 0
TARGET 12711 1 1 0 3 0
TARGET 12712 1 1 0 2 0
TARGET 12713 1 1 0 2 0
TARGET 12714 1 1 0 2 0
TARGET 12715 1 1 0 2 0
TARGET 12716 1 1 0 2 0
TARGET 12717 1 1 0 2 0
TARGET 12718 1 1 0 2 0
TARGET 12719 1 1 0 3 0
TARGET 12720 1 1 0 2 0
TARGET 12721 1 1 0 2 0
TARGET 12722 1 1 0 2 0
TARGET 12723 1 1 0 2 0
TARGET 12724 1 1 0 2 0
TARGET 12725 1 1 0 2 0
TARGET 12726 1 1 0 2 0
TARGET 12727 1 2 0 3 0
TARGET 12728 1 1 0 2 0
TARGET 12729 1 1 0 2 0
TARGET 12730 1 1 0 3 0
TARGET 12731 1 1 0 2 0
TARGET 12732 1 1 0 2 0
TARGET 12733 1 1 0 3 0
TARGET 12734 1 1 0 2 0
TARGET 12735 1 1 0 2 0
TARGET 12736 1 1 0 2 0
TARGET 12737 1 1 0 2 0
TARGET 12738 1 1 0 2 0
TARGET 12739 1 1 0 2 0
TARGET 12740 1 1 0 3 0
TARGET 12741 1 1 0 2 0
TARGET 12742 1 1 0 2 0
TARGET 12743 1 1 0 2 0
TARGET 12744 1 1 0 2 0
TARGET 12745 1 1 0 2 0
TARGET 12746 1 2 0 3 0
TARGET 12747 1 1 0 2 0
TARGET 12748 1 1 0 2 0
TARGET 12749 1 1 0 3 0
TARGET 12750 1 1 0 2 0
TARGET 12751 1 2 0 3 0
TARGET 12752 1 1 0 2 0
TARGET 12753 1 1 0 2 0
TARGET 12754 1 1 0 3 0
TARGET 12755 1 1 0 3 0
TARGET 12756 1 1 0 4 0
TARGET 12757 1 1 0 3 0
TARGET 12758 1 1 0 3 0
TARGET 12759 1 1 0 4 0
TARGET 12760 1 1 0 2 0
TARGET 12761 1 1 0 3 0
TARGET 12762 1 1 0 2 0
TARGET 12763 1 1 0 2 0
TARGET 12764 1 1 0 3 0
TARGET 12765 1 1 0 2 0
TARGET 12766 1 2 0 3 0
TARGET 12767 1 1 0 2 0
TARGET 12768 1 1 0 2 0
TARGET 12769 1 1 0 3 0
TARGET 12770 1 1 0 2 0
TARGET 12771 1 2 0 3 0
TARGET 12772 1 1 0 2 0
TARGET 12773 1 1 0 2 0
TARGET 12774 1 1 0 3 0
TARGET 12775 1 1 0 2 0
TARGET 12776 1 1 0 3 0
TARGET 12777 1 1 0 2 0
TARGET 12778 1 1 0 2 0
TARGET 12779 1 1 0 3 0
TARGET 12780 1 0 0 1 0
TARGET 12781 1 1 0 1 0
TARGET 12782 1 0 0 1 0
TARGET 12783 1 1 0 2 0
TARGET 12784 1 1 0 1 0
TARGET 12785 1 1 0 1 0
TARGET 12786 1 0 0 1 0
TARGET 12787 1 0 0 1 0
TARGET 12788 1 1 0 1 0
TARGET 12789 1 1 0 2 0
TARGET 12790 1 1 0 1 0
TARGET 12791 1 1 0 1 0
TARGET 12792 1 1 0 2 0
TARGET 12793 1 0 0 1 0
TARGET 12794 1 1 0 2 0
TARGET 12795 1 0 0 1 0
TARGET 12796 1 0 0 1 0
TARGET 12797 1 0 0 1 0
TARGET 12798 1 0 0 1 0
TARGET 12799 1 1 0 2 0
TARGET 12800 1 0 0 1 0
TARGET 12801 1 0 0 1 0
TARGET 12802 1 0 0 1 0
TARGET 12803 1 0 0 1 0
TARGET 12804 1 0 0 2 0
TARGET 12805 1 1 0 1 0
TARGET 12806 1 1 0 2 0
TARGET 12807 1 0 0 1 0
TARGET 12808 1 1 0 2 0
TARGET 12809 1 1 0 1 0
TARGET 12810 1 1 0 1 0
TARGET 12811 1 0 0 1 0
TARGET 12812 1 0 0 1 0
TARGET 12813 1 1 0 1 0
TARGET 12814 1 1 0 2 0
TARGET 12815 1 1 0 1 0
TARGET 12816 1 1 0 1 0
TARGET 12817 1 1 0 2 0
TARGET 12818 1 1 0 1 0
TARGET 12819 1 1 0 1 0
TARGET 12820 1 0 0 1 0
TARGET 12821 1 0 0 1 0
TARGET 12822 1 1 0 2 0
TARGET 12823 1 1 0 1 0
TARGET 12824 1 0 0 1 0
TARGET 12825 1 0 0 1 0
TARGET 12826 1 1 0 1 0
TARGET 12827 1 0 0 2 0
TARGET 12828 1 1 0 2 0
TARGET 12829 1 1 0 3 0
TARGET 12830 1 1 0 2 0
TARGET 12831 1 1 0 2 0
TARGET 12832 1 1 0 2 0
TARGET 12833 1 1 0 2 0
TARGET 12834 1 1 0 2 0
TARGET 12835 1 1 0 3 0
TARGET 12836 1 1 0 2 0
TARGET 12837 1 1 0 2 0
TARGET 12838 1 1 0 3 0
TARGET 12839 1 0 0 1 0
TARGET 12840 1 0 0 1 0
TARGET 12841 1 0 0 1 0
TARGET 12842 1 0 0 1 0
TARGET 12843 1 1 0 2 0
TARGET 12844 1 0 0 1 0
TARGET 12845 1 0 0 1 0
TARGET 12846 1 0 0 1 0
TARGET 12847 1 0 0 1 0
TARGET 12848 1 0 0 2 0
TARGET 12849 1 1 0 2 0
TARGET 12850 1 1 0 1 0
TARGET 12851 1 1 0 1 0
TARGET 12852 1 0 0 1 0
TARGET 12853 1 0 0 1 0
TARGET 12854 1 1 0 1 0
TARGET 12855 1 1 0 2 0
TARGET 12856 1 1 0 1 0
TARGET 12857 1 1 0 1 0
TARGET 12858 1 1 0 2 0
TARGET 12859 1 1 0 2 0
TARGET 12860 1 1 0 2 0
TARGET 12861 1 1 0 2 0
TARGET 12862 1 1 0 3 0
TARGET 12863 1 1 0 2 0
TARGET 12864 1 1 0 2 0
TARGET 12865 1 1 0 2 0
TARGET 12866 1 1 0 2 0
TARGET 12867 1 1 0 3 0
TARGET 12868 1 1 0 1 0
TARGET 12869 1 0 0 1 0
TARGET 12870 1 0 0 1 0
TARGET 12871 1 1 0 2 0
TARGET 12872 1 1 0 1 0
TARGET 12873 1 0 0 1 0
TARGET 12874 1 0 0 1 0
TARGET 12875 1 1 0 1 0
TARGET 12876 1 0 0 2 0
TARGET 12877 1 1 0 1 0
TARGET 12878 1 0 0 1 0
TARGET 12879 1 0 0 1 0
TARGET 12880 1 1 0 2 0
TARGET 12881 1 1 0 1 0
TARGET 12882 1 0 0 1 0
TARGET 12883 1 0 0 1 0
TARGET 12884 1 1 0 1 0
TARGET 12885 1 0 0 1 0
TARGET 12886 1 0 0 1 0
TARGET 12887 1 1 0 1 0
TARGET 12888 1 1 0 2 0
TARGET 12889 1 1 0 1 0
TARGET 12890 1 1 0 1 0
TARGET 12891 1 1 0 2 0
TARGET 12892 1 0 0 2 0
TARGET 12893 1 0 0 1 0
TARGET 12894 1 0 0 1 0
TARGET 12895 1 1 0 2 0
TARGET 12896 1 0 0 1 0
TARGET 12897 1 0 0 1 0
TARGET 12898 1 0 0 1 0
TARGET 12899 1 0 0 1 0
TARGET 12900 1 0 0 1 0
TARGET 12901 1 0 0 1 0
TARGET 12902 1 1 0 2 0
TARGET 12903 1 0 0 1 0
TARGET 12904 1 0 0 1 0
TARGET 12905 1 0 0 1 0
TARGET 12906 1 0 0 1 0
TARGET 12907 1 0 0 1 0
TARGET 12908 1 1 0 2 0
TARGET 12909 1 0 0 1 0
TARGET 12910 1 0 0 1 0
TARGET 12911 1 1 0 2 0
TARGET 12912 1 0 0 1 0
TARGET 12913 1 1 0 2 0
TARGET 12914 1 0 0 1 0
TARGET 12915 1 0 0 1 0
TARGET 12916 1 1 0 2 0
TARGET 12917 1 1 0 2 0
TARGET 12918 1 1 0 3 0
TARGET 12919 1 1 0 2 0
TARGET 12920 1 1 0 2 0
TARGET 12921 1 1 0 3 0
TARGET 12922 1 1 0 1 0
TARGET 12923 1 1 0 2 0
TARGET 12924 1 1 0 1 0
TARGET 12925 1 1 0 1 0
TARGET 12926 1 1 0 2 0
TARGET 12927 1 0 0 1 0
TARGET 12928 1 1 0 2 0
TARGET 12929 1 0 0 1 0
TARGET 12930 1 0 0 1 0
TARGET 12931 1 1 0 2 0
TARGET 12932 1 0 0 1 0
TARGET 12933 1 1 0 2 0
TARGET 12934 1 0 0 1 0
TARGET 12935 1 0 0 1 0
TARGET 12936 1 1 0 2 0
TARGET 12937 1 1 0 1 0
TARGET 12938 1 1 0 2 0
TARGET 12939 1 1 0 1 0
TARGET 12940 1 1 0 1 0
TARGET 12941 1 1 0 2 0
TARGET 12942 1 0 0 2 0
TARGET 12943 1 0 0 2 0
TARGET 12944 1 0 0 2 0
TARGET 12945 1 1 0 3 0
TARGET 12946 1 0 0 2 0
TARGET 12947 1 0 0 2 0
TARGET 12948 1 1 0 3 0
TARGET 12949 1 0 0 0 0
TARGET 12950 1 0 0 0 0
TARGET 12951 1 0 0 0 0
TARGET 12952 1 1 0 1 0
TARGET 12953 1 0 0 0 0
TARGET 12954 1 0 0 0 0
TARGET 12955 1 0 0 0 0
TARGET 12956 1 0 0 0 0
TARGET 12957 1 0 0 0 0
TARGET 12958 1 1 0 1 0
TARGET 12959 1 0 0 0 0
TARGET 12960 1 0 0 0 0
TARGET 12961 1 1 0 1 0
TARGET 12962 1 0 0 1 0
TARGET 12963 1 1 0 2 0
TARGET 12964 1 0 0 1 0
TARGET 12965 1 0 0 1 0
TARGET 12966 1 0 0 1 0
TARGET 12967 1 0 0 1 0
TARGET 12968 1 1 0 2 0
TARGET 12969 1 0 0 1 0
TARGET 12970 1 0 0 1 0
TARGET 12971 1 0 0 1 0
TARGET 12972 1 0 0 1 0
TARGET 12973 1 0 0 0 0
TARGET 12974 1 2 0 3 0
TARGET 12975 1 1 0 2 0
TARGET 12976 1 1 0 2 0
TARGET 12977 1 1 0 2 0
TARGET 12978 1 1 0 2 0
TARGET 12979 1 1 0 3 0
TARGET 12980 1 1 0 2 0
TARGET 12981 1 1 0 2 0
TARGET 12982 1 1 0 2 0
TARGET 12983 1 1 0 2 0
TARGET 12984 1 0 0 2 0
TARGET 12985 1 0 0 1 0
TARGET 12986 1 0 0 1 0
TARGET 12987 1 0 0 1 0
TARGET 12988 1 0 0 1 0
TARGET 12989 1 1 0 2 0
TARGET 12990 1 0 0 1 0
TARGET 12991 1 0 0 1 0
TARGET 12992 1 0 0 1 0
TARGET 12993 1 0 0 1 0
TARGET 12994 1 0 0 0 0
TARGET 12995 1 0 0 1 0
TARGET 12996 1 0 0 1 0
TARGET 12997 1 0 0 1 0
TARGET 12998 1 1 0 2 0
TARGET 12999 1 0 0 1 0
TARGET 13000 1 0 0 1 0
PASS_1962_MONOMIAL_INTERVAL 12001 13000 1000 0
