TARGET 1001 1 1 0 2 0
TARGET 1002 1 1 0 2 0
TARGET 1003 1 1 0 1 0
TARGET 1004 1 1 0 2 0
TARGET 1005 1 1 0 2 0
TARGET 1006 1 1 0 2 0
TARGET 1007 1 1 0 1 0
TARGET 1008 1 1 0 2 0
TARGET 1009 1 1 0 2 0
TARGET 1010 1 1 0 1 0
TARGET 1011 1 1 0 2 0
TARGET 1012 1 1 0 1 0
TARGET 1013 1 2 0 3 0
TARGET 1014 1 1 0 2 0
TARGET 1015 1 1 0 3 0
TARGET 1016 1 1 0 2 0
TARGET 1017 1 1 0 2 0
TARGET 1018 1 1 0 3 0
TARGET 1019 1 1 0 2 0
TARGET 1020 1 1 0 2 0
TARGET 1021 1 1 0 2 0
TARGET 1022 1 1 0 2 0
TARGET 1023 1 1 0 2 0
TARGET 1024 1 1 0 2 0
TARGET 1025 1 1 0 1 0
TARGET 1026 1 1 0 2 0
TARGET 1027 1 1 0 1 0
TARGET 1028 1 0 0 1 0
TARGET 1029 1 1 0 2 0
TARGET 1030 1 1 0 1 0
TARGET 1031 1 1 0 1 0
TARGET 1032 1 0 0 1 0
TARGET 1033 1 1 0 1 0
TARGET 1034 1 1 0 1 0
TARGET 1035 1 0 0 1 0
TARGET 1036 1 0 0 2 0
TARGET 1037 1 0 0 0 0
TARGET 1038 1 1 0 3 0
TARGET 1039 1 1 0 2 0
TARGET 1040 1 1 0 2 0
TARGET 1041 1 1 0 3 0
TARGET 1042 1 1 0 2 0
TARGET 1043 1 1 0 2 0
TARGET 1044 1 1 0 2 0
TARGET 1045 1 1 0 2 0
TARGET 1046 1 1 0 2 0
TARGET 1047 1 1 0 2 0
TARGET 1048 1 1 0 1 0
TARGET 1049 1 0 0 1 0
TARGET 1050 1 1 0 2 0
TARGET 1051 1 1 0 1 0
TARGET 1052 1 1 0 1 0
TARGET 1053 1 0 0 1 0
TARGET 1054 1 1 0 1 0
TARGET 1055 1 1 0 1 0
TARGET 1056 1 0 0 1 0
TARGET 1057 1 0 0 2 0
TARGET 1058 1 0 0 0 0
TARGET 1059 1 0 0 1 0
TARGET 1060 1 1 0 2 0
TARGET 1061 1 0 0 1 0
TARGET 1062 1 0 0 1 0
TARGET 1063 1 0 0 1 0
TARGET 1064 1 0 0 1 0
TARGET 1065 1 0 0 1 0
TARGET 1066 1 0 0 1 0
TARGET 1067 1 0 0 0 0
TARGET 1068 1 1 0 3 0
TARGET 1069 1 1 0 2 0
TARGET 1070 1 1 0 2 0
TARGET 1071 1 1 0 2 0
TARGET 1072 1 1 0 2 0
TARGET 1073 1 1 0 2 0
TARGET 1074 1 1 0 2 0
TARGET 1075 1 1 0 1 0
TARGET 1076 1 1 0 1 0
TARGET 1077 1 0 0 1 0
TARGET 1078 1 1 0 1 0
TARGET 1079 1 1 0 1 0
TARGET 1080 1 0 0 1 0
TARGET 1081 1 0 0 2 0
TARGET 1082 1 0 0 0 0
TARGET 1083 1 1 0 1 0
TARGET 1084 1 0 0 1 0
TARGET 1085 1 1 0 1 0
TARGET 1086 1 1 0 1 0
TARGET 1087 1 0 0 1 0
TARGET 1088 1 0 0 0 0
TARGET 1089 1 0 0 1 0
TARGET 1090 1 0 0 1 0
TARGET 1091 1 0 0 1 0
TARGET 1092 1 0 0 1 0
TARGET 1093 1 0 0 0 0
TARGET 1094 1 1 0 1 0
TARGET 1095 1 1 0 1 0
TARGET 1096 1 0 0 1 0
TARGET 1097 1 0 0 0 0
TARGET 1098 1 1 0 1 0
TARGET 1099 1 0 0 1 0
TARGET 1100 1 0 0 0 0
TARGET 1101 1 0 0 1 0
TARGET 1102 1 0 0 0 0
TARGET 1103 1 1 0 4 0
TARGET 1104 1 1 0 3 0
TARGET 1105 1 1 0 4 0
TARGET 1106 1 1 0 3 0
TARGET 1107 1 1 0 3 0
TARGET 1108 1 1 0 4 0
TARGET 1109 1 1 0 3 0
TARGET 1110 1 1 0 3 0
TARGET 1111 1 1 0 3 0
TARGET 1112 1 1 0 3 0
TARGET 1113 1 1 0 3 0
TARGET 1114 1 1 0 3 0
TARGET 1115 1 1 0 2 0
TARGET 1116 1 1 0 3 0
TARGET 1117 1 1 0 2 0
TARGET 1118 1 1 0 2 0
TARGET 1119 1 1 0 3 0
TARGET 1120 1 1 0 2 0
TARGET 1121 1 1 0 2 0
TARGET 1122 1 1 0 2 0
TARGET 1123 1 1 0 2 0
TARGET 1124 1 1 0 2 0
TARGET 1125 1 1 0 2 0
TARGET 1126 1 1 0 3 0
TARGET 1127 1 1 0 1 0
TARGET 1128 1 3 0 4 0
TARGET 1129 1 2 0 3 0
TARGET 1130 1 2 0 3 0
TARGET 1131 1 1 0 4 0
TARGET 1132 1 1 0 3 0
TARGET 1133 1 1 0 3 0
TARGET 1134 1 2 0 3 0
TARGET 1135 1 2 0 3 0
TARGET 1136 1 1 0 3 0
TARGET 1137 1 2 0 3 0
TARGET 1138 1 1 0 2 0
TARGET 1139 1 1 0 2 0
TARGET 1140 1 1 0 3 0
TARGET 1141 1 1 0 2 0
TARGET 1142 1 1 0 2 0
TARGET 1143 1 1 0 2 0
TARGET 1144 1 1 0 2 0
TARGET 1145 1 1 0 2 0
TARGET 1146 1 1 0 2 0
TARGET 1147 1 1 0 3 0
TARGET 1148 1 1 0 1 0
TARGET 1149 1 1 0 2 0
TARGET 1150 1 1 0 3 0
TARGET 1151 1 1 0 2 0
TARGET 1152 1 1 0 2 0
TARGET 1153 1 1 0 2 0
TARGET 1154 1 1 0 2 0
TARGET 1155 1 1 0 2 0
TARGET 1156 1 1 0 2 0
TARGET 1157 1 1 0 1 0
TARGET 1158 1 1 0 4 0
TARGET 1159 1 1 0 3 0
TARGET 1160 1 1 0 3 0
TARGET 1161 1 1 0 3 0
TARGET 1162 1 1 0 3 0
TARGET 1163 1 1 0 3 0
TARGET 1164 1 1 0 3 0
TARGET 1165 1 1 0 2 0
TARGET 1166 1 1 0 2 0
TARGET 1167 1 1 0 2 0
TARGET 1168 1 1 0 2 0
TARGET 1169 1 1 0 2 0
TARGET 1170 1 1 0 2 0
TARGET 1171 1 1 0 3 0
TARGET 1172 1 1 0 1 0
TARGET 1173 1 1 0 2 0
TARGET 1174 1 1 0 2 0
TARGET 1175 1 1 0 2 0
TARGET 1176 1 1 0 2 0
TARGET 1177 1 1 0 2 0
TARGET 1178 1 1 0 1 0
TARGET 1179 1 1 0 2 0
TARGET 1180 1 1 0 2 0
TARGET 1181 1 1 0 2 0
TARGET 1182 1 1 0 2 0
TARGET 1183 1 1 0 1 0
TARGET 1184 1 1 0 2 0
TARGET 1185 1 1 0 2 0
TARGET 1186 1 1 0 2 0
TARGET 1187 1 1 0 1 0
TARGET 1188 1 1 0 2 0
TARGET 1189 1 1 0 2 0
TARGET 1190 1 1 0 1 0
TARGET 1191 1 1 0 2 0
TARGET 1192 1 1 0 1 0
TARGET 1193 1 1 0 3 0
TARGET 1194 1 1 0 2 0
TARGET 1195 1 1 0 3 0
TARGET 1196 1 1 0 2 0
TARGET 1197 1 1 0 2 0
TARGET 1198 1 1 0 3 0
TARGET 1199 1 1 0 2 0
TARGET 1200 1 1 0 2 0
TARGET 1201 1 1 0 2 0
TARGET 1202 1 1 0 2 0
TARGET 1203 1 1 0 2 0
TARGET 1204 1 1 0 2 0
TARGET 1205 1 1 0 1 0
TARGET 1206 1 1 0 2 0
TARGET 1207 1 1 0 1 0
TARGET 1208 1 0 0 1 0
TARGET 1209 1 1 0 2 0
TARGET 1210 1 1 0 1 0
TARGET 1211 1 1 0 1 0
TARGET 1212 1 0 0 1 0
TARGET 1213 1 1 0 1 0
TARGET 1214 1 1 0 1 0
TARGET 1215 1 0 0 1 0
TARGET 1216 1 0 0 2 0
TARGET 1217 1 0 0 0 0
TARGET 1218 1 2 0 3 0
TARGET 1219 1 1 0 2 0
TARGET 1220 1 1 0 2 0
TARGET 1221 1 1 0 3 0
TARGET 1222 1 1 0 2 0
TARGET 1223 1 1 0 2 0
TARGET 1224 1 1 0 2 0
TARGET 1225 1 1 0 2 0
TARGET 1226 1 1 0 2 0
TARGET 1227 1 1 0 2 0
TARGET 1228 1 1 0 1 0
TARGET 1229 1 0 0 1 0
TARGET 1230 1 1 0 2 0
TARGET 1231 1 1 0 1 0
TARGET 1232 1 1 0 1 0
TARGET 1233 1 0 0 1 0
TARGET 1234 1 1 0 1 0
TARGET 1235 1 1 0 1 0
TARGET 1236 1 0 0 1 0
TARGET 1237 1 0 0 2 0
TARGET 1238 1 0 0 0 0
TARGET 1239 1 0 0 1 0
TARGET 1240 1 1 0 2 0
TARGET 1241 1 0 0 1 0
TARGET 1242 1 0 0 1 0
TARGET 1243 1 0 0 1 0
TARGET 1244 1 0 0 1 0
TARGET 1245 1 0 0 1 0
TARGET 1246 1 0 0 1 0
TARGET 1247 1 0 0 0 0
TARGET 1248 1 1 0 3 0
TARGET 1249 1 1 0 2 0
TARGET 1250 1 1 0 2 0
TARGET 1251 1 1 0 2 0
TARGET 1252 1 1 0 2 0
TARGET 1253 1 1 0 2 0
TARGET 1254 1 1 0 2 0
TARGET 1255 1 1 0 1 0
TARGET 1256 1 1 0 1 0
TARGET 1257 1 0 0 1 0
TARGET 1258 1 1 0 1 0
TARGET 1259 1 1 0 1 0
TARGET 1260 1 0 0 1 0
TARGET 1261 1 0 0 2 0
TARGET 1262 1 0 0 0 0
TARGET 1263 1 1 0 1 0
TARGET 1264 1 0 0 1 0
TARGET 1265 1 1 0 1 0
TARGET 1266 1 1 0 1 0
TARGET 1267 1 0 0 1 0
TARGET 1268 1 0 0 0 0
TARGET 1269 1 0 0 1 0
TARGET 1270 1 0 0 1 0
TARGET 1271 1 0 0 1 0
TARGET 1272 1 0 0 1 0
TARGET 1273 1 0 0 0 0
TARGET 1274 1 1 0 1 0
TARGET 1275 1 1 0 1 0
TARGET 1276 1 0 0 1 0
TARGET 1277 1 0 0 0 0
TARGET 1278 1 1 0 1 0
TARGET 1279 1 0 0 1 0
TARGET 1280 1 0 0 0 0
TARGET 1281 1 0 0 1 0
TARGET 1282 1 0 0 0 0
TARGET 1283 1 2 0 3 0
TARGET 1284 1 1 0 4 0
TARGET 1285 1 1 0 3 0
TARGET 1286 1 2 0 3 0
TARGET 1287 1 2 0 3 0
TARGET 1288 1 1 0 3 0
TARGET 1289 1 1 0 3 0
TARGET 1290 1 2 0 3 0
TARGET 1291 1 1 0 2 0
TARGET 1292 1 1 0 3 0
TARGET 1293 1 1 0 2 0
TARGET 1294 1 1 0 2 0
TARGET 1295 1 1 0 2 0
TARGET 1296 1 1 0 2 0
TARGET 1297 1 1 0 2 0
TARGET 1298 1 1 0 2 0
TARGET 1299 1 1 0 3 0
TARGET 1300 1 1 0 2 0
TARGET 1301 1 1 0 2 0
TARGET 1302 1 1 0 3 0
TARGET 1303 1 1 0 2 0
TARGET 1304 1 1 0 2 0
TARGET 1305 1 1 0 2 0
TARGET 1306 1 1 0 2 0
TARGET 1307 1 1 0 2 0
TARGET 1308 1 1 0 2 0
TARGET 1309 1 1 0 4 0
TARGET 1310 1 1 0 3 0
TARGET 1311 1 1 0 3 0
TARGET 1312 1 1 0 3 0
TARGET 1313 1 1 0 3 0
TARGET 1314 1 1 0 3 0
TARGET 1315 1 1 0 3 0
TARGET 1316 1 1 0 3 0
TARGET 1317 1 1 0 2 0
TARGET 1318 1 1 0 2 0
TARGET 1319 1 1 0 2 0
TARGET 1320 1 1 0 2 0
TARGET 1321 1 1 0 2 0
TARGET 1322 1 1 0 2 0
TARGET 1323 1 1 0 3 0
TARGET 1324 1 1 0 4 0
TARGET 1325 1 1 0 3 0
TARGET 1326 1 1 0 3 0
TARGET 1327 1 1 0 3 0
TARGET 1328 1 1 0 3 0
TARGET 1329 1 1 0 3 0
TARGET 1330 1 1 0 3 0
TARGET 1331 1 1 0 2 0
TARGET 1332 1 1 0 3 0
TARGET 1333 1 1 0 2 0
TARGET 1334 1 1 0 2 0
TARGET 1335 1 1 0 2 0
TARGET 1336 1 1 0 2 0
TARGET 1337 1 1 0 2 0
TARGET 1338 1 1 0 2 0
TARGET 1339 1 1 0 2 0
TARGET 1340 1 1 0 2 0
TARGET 1341 1 1 0 2 0
TARGET 1342 1 1 0 2 0
TARGET 1343 1 1 0 2 0
TARGET 1344 1 1 0 3 0
TARGET 1345 1 1 0 3 0
TARGET 1346 1 1 0 3 0
TARGET 1347 1 1 0 3 0
TARGET 1348 1 1 0 3 0
TARGET 1349 1 1 0 2 0
TARGET 1350 1 1 0 2 0
TARGET 1351 1 1 0 2 0
TARGET 1352 1 1 0 2 0
TARGET 1353 1 1 0 2 0
TARGET 1354 1 1 0 2 0
TARGET 1355 1 1 0 2 0
TARGET 1356 1 1 0 2 0
TARGET 1357 1 1 0 2 0
TARGET 1358 1 1 0 2 0
TARGET 1359 1 1 0 2 0
TARGET 1360 1 1 0 2 0
TARGET 1361 1 1 0 2 0
TARGET 1362 1 1 0 2 0
TARGET 1363 1 1 0 2 0
TARGET 1364 1 1 0 2 0
TARGET 1365 1 1 0 2 0
TARGET 1366 1 1 0 2 0
TARGET 1367 1 1 0 2 0
TARGET 1368 1 1 0 2 0
TARGET 1369 1 1 0 2 0
TARGET 1370 1 1 0 2 0
TARGET 1371 1 1 0 2 0
TARGET 1372 1 1 0 2 0
TARGET 1373 1 1 0 2 0
TARGET 1374 1 1 0 2 0
TARGET 1375 1 1 0 2 0
TARGET 1376 1 1 0 2 0
TARGET 1377 1 1 0 2 0
TARGET 1378 1 1 0 2 0
TARGET 1379 1 0 0 1 0
TARGET 1380 1 1 0 2 0
TARGET 1381 1 1 0 1 0
TARGET 1382 1 0 0 1 0
TARGET 1383 1 1 0 1 0
TARGET 1384 1 1 0 1 0
TARGET 1385 1 1 0 1 0
TARGET 1386 1 0 0 1 0
TARGET 1387 1 1 0 2 0
TARGET 1388 1 0 0 1 0
TARGET 1389 1 0 0 1 0
TARGET 1390 1 1 0 2 0
TARGET 1391 1 0 0 1 0
TARGET 1392 1 0 0 1 0
TARGET 1393 1 0 0 1 0
TARGET 1394 1 0 0 1 0
TARGET 1395 1 0 0 1 0
TARGET 1396 1 0 0 1 0
TARGET 1397 1 0 0 2 0
TARGET 1398 1 1 0 3 0
TARGET 1399 1 1 0 2 0
TARGET 1400 1 1 0 2 0
TARGET 1401 1 1 0 2 0
TARGET 1402 1 1 0 2 0
TARGET 1403 1 1 0 2 0
TARGET 1404 1 1 0 2 0
TARGET 1405 1 1 0 2 0
TARGET 1406 1 1 0 1 0
TARGET 1407 1 0 0 1 0
TARGET 1408 1 1 0 1 0
TARGET 1409 1 1 0 1 0
TARGET 1410 1 1 0 1 0
TARGET 1411 1 0 0 1 0
TARGET 1412 1 1 0 2 0
TARGET 1413 1 1 0 3 0
TARGET 1414 1 1 0 2 0
TARGET 1415 1 1 0 2 0
TARGET 1416 1 1 0 2 0
TARGET 1417 1 1 0 2 0
TARGET 1418 1 1 0 2 0
TARGET 1419 1 1 0 2 0
TARGET 1420 1 1 0 3 0
TARGET 1421 1 0 0 1 0
TARGET 1422 1 1 0 2 0
TARGET 1423 1 1 0 1 0
TARGET 1424 1 1 0 1 0
TARGET 1425 1 0 0 1 0
TARGET 1426 1 1 0 1 0
TARGET 1427 1 1 0 1 0
TARGET 1428 1 0 0 1 0
TARGET 1429 1 0 0 2 0
TARGET 1430 1 0 0 1 0
TARGET 1431 1 0 0 1 0
TARGET 1432 1 0 0 1 0
TARGET 1433 1 0 0 1 0
TARGET 1434 1 0 0 1 0
TARGET 1435 1 1 0 2 0
TARGET 1436 1 1 0 2 0
TARGET 1437 1 1 0 2 0
TARGET 1438 1 1 0 2 0
TARGET 1439 1 1 0 2 0
TARGET 1440 1 0 0 1 0
TARGET 1441 1 1 0 1 0
TARGET 1442 1 1 0 1 0
TARGET 1443 1 1 0 1 0
TARGET 1444 1 0 0 1 0
TARGET 1445 1 0 0 1 0
TARGET 1446 1 0 0 1 0
TARGET 1447 1 0 0 1 0
TARGET 1448 1 0 0 1 0
TARGET 1449 1 0 0 1 0
TARGET 1450 1 0 0 2 0
TARGET 1451 1 1 0 1 0
TARGET 1452 1 0 0 1 0
TARGET 1453 1 1 0 1 0
TARGET 1454 1 1 0 1 0
TARGET 1455 1 1 0 1 0
TARGET 1456 1 1 0 1 0
TARGET 1457 1 0 0 1 0
TARGET 1458 1 0 0 1 0
TARGET 1459 1 0 0 2 0
TARGET 1460 1 0 0 1 0
TARGET 1461 1 0 0 1 0
TARGET 1462 1 0 0 1 0
TARGET 1463 1 1 0 1 0
TARGET 1464 1 1 0 1 0
TARGET 1465 1 1 0 1 0
TARGET 1466 1 0 0 1 0
TARGET 1467 1 0 0 1 0
TARGET 1468 1 0 0 2 0
TARGET 1469 1 1 0 1 0
TARGET 1470 1 0 0 1 0
TARGET 1471 1 0 0 1 0
TARGET 1472 1 0 0 2 0
TARGET 1473 1 0 0 1 0
TARGET 1474 1 0 0 2 0
TARGET 1475 1 0 0 0 0
TARGET 1476 1 1 0 1 0
TARGET 1477 1 0 0 0 0
TARGET 1478 1 0 0 0 0
TARGET 1479 1 0 0 0 0
TARGET 1480 1 0 0 0 0
TARGET 1481 1 0 0 0 0
TARGET 1482 1 0 0 0 0
TARGET 1483 1 2 0 3 0
TARGET 1484 1 1 0 2 0
TARGET 1485 1 1 0 2 0
TARGET 1486 1 1 0 3 0
TARGET 1487 1 1 0 2 0
TARGET 1488 1 1 0 2 0
TARGET 1489 1 1 0 2 0
TARGET 1490 1 1 0 2 0
TARGET 1491 1 1 0 2 0
TARGET 1492 1 1 0 2 0
TARGET 1493 1 0 0 1 0
TARGET 1494 1 0 0 1 0
TARGET 1495 1 1 0 2 0
TARGET 1496 1 0 0 1 0
TARGET 1497 1 0 0 1 0
TARGET 1498 1 0 0 1 0
TARGET 1499 1 0 0 1 0
TARGET 1500 1 0 0 1 0
TARGET 1501 1 0 0 1 0
TARGET 1502 1 0 0 2 0
TARGET 1503 1 0 0 0 0
TARGET 1504 1 0 0 1 0
TARGET 1505 1 1 0 2 0
TARGET 1506 1 0 0 1 0
TARGET 1507 1 0 0 1 0
TARGET 1508 1 0 0 1 0
TARGET 1509 1 0 0 1 0
TARGET 1510 1 0 0 1 0
TARGET 1511 1 0 0 1 0
TARGET 1512 1 0 0 0 0
TARGET 1513 1 2 0 3 0
TARGET 1514 1 1 0 2 0
TARGET 1515 1 1 0 2 0
TARGET 1516 1 1 0 2 0
TARGET 1517 1 1 0 2 0
TARGET 1518 1 1 0 2 0
TARGET 1519 1 1 0 2 0
TARGET 1520 1 0 0 1 0
TARGET 1521 1 0 0 1 0
TARGET 1522 1 0 0 1 0
TARGET 1523 1 0 0 1 0
TARGET 1524 1 0 0 1 0
TARGET 1525 1 0 0 1 0
TARGET 1526 1 0 0 2 0
TARGET 1527 1 0 0 0 0
TARGET 1528 1 0 0 1 0
TARGET 1529 1 0 0 1 0
TARGET 1530 1 0 0 1 0
TARGET 1531 1 0 0 1 0
TARGET 1532 1 0 0 1 0
TARGET 1533 1 0 0 0 0
TARGET 1534 1 0 0 1 0
TARGET 1535 1 0 0 1 0
TARGET 1536 1 0 0 1 0
TARGET 1537 1 0 0 1 0
TARGET 1538 1 0 0 0 0
TARGET 1539 1 0 0 1 0
TARGET 1540 1 0 0 1 0
TARGET 1541 1 0 0 1 0
TARGET 1542 1 0 0 0 0
TARGET 1543 1 0 0 1 0
TARGET 1544 1 0 0 1 0
TARGET 1545 1 0 0 0 0
TARGET 1546 1 0 0 1 0
TARGET 1547 1 0 0 0 0
TARGET 1548 1 1 0 4 0
TARGET 1549 1 1 0 3 0
TARGET 1550 1 2 0 3 0
TARGET 1551 1 1 0 3 0
TARGET 1552 1 2 0 3 0
TARGET 1553 1 1 0 3 0
TARGET 1554 1 2 0 3 0
TARGET 1555 1 1 0 3 0
TARGET 1556 1 1 0 2 0
TARGET 1557 1 1 0 2 0
TARGET 1558 1 1 0 2 0
TARGET 1559 1 1 0 2 0
TARGET 1560 1 1 0 2 0
TARGET 1561 1 1 0 2 0
TARGET 1562 1 1 0 3 0
TARGET 1563 1 1 0 4 0
TARGET 1564 1 1 0 3 0
TARGET 1565 1 1 0 3 0
TARGET 1566 1 1 0 3 0
TARGET 1567 1 1 0 3 0
TARGET 1568 1 1 0 3 0
TARGET 1569 1 1 0 3 0
TARGET 1570 1 1 0 2 0
TARGET 1571 1 1 0 3 0
TARGET 1572 1 1 0 2 0
TARGET 1573 1 1 0 2 0
TARGET 1574 1 1 0 2 0
TARGET 1575 1 1 0 2 0
TARGET 1576 1 1 0 2 0
TARGET 1577 1 1 0 2 0
TARGET 1578 1 1 0 2 0
TARGET 1579 1 1 0 2 0
TARGET 1580 1 1 0 2 0
TARGET 1581 1 1 0 2 0
TARGET 1582 1 1 0 2 0
TARGET 1583 1 1 0 3 0
TARGET 1584 1 1 0 3 0
TARGET 1585 1 1 0 3 0
TARGET 1586 1 1 0 3 0
TARGET 1587 1 1 0 3 0
TARGET 1588 1 1 0 2 0
TARGET 1589 1 1 0 2 0
TARGET 1590 1 1 0 2 0
TARGET 1591 1 1 0 2 0
TARGET 1592 1 1 0 2 0
TARGET 1593 1 1 0 2 0
TARGET 1594 1 1 0 2 0
TARGET 1595 1 1 0 2 0
TARGET 1596 1 1 0 2 0
TARGET 1597 1 1 0 2 0
TARGET 1598 1 1 0 2 0
TARGET 1599 1 1 0 2 0
TARGET 1600 1 1 0 2 0
TARGET 1601 1 1 0 2 0
TARGET 1602 1 1 0 2 0
TARGET 1603 1 1 0 2 0
TARGET 1604 1 1 0 2 0
TARGET 1605 1 1 0 2 0
TARGET 1606 1 1 0 2 0
TARGET 1607 1 1 0 2 0
TARGET 1608 1 1 0 2 0
TARGET 1609 1 1 0 2 0
TARGET 1610 1 1 0 2 0
TARGET 1611 1 1 0 2 0
TARGET 1612 1 1 0 2 0
TARGET 1613 1 1 0 2 0
TARGET 1614 1 1 0 2 0
TARGET 1615 1 1 0 2 0
TARGET 1616 1 1 0 2 0
TARGET 1617 1 1 0 2 0
TARGET 1618 1 1 0 2 0
TARGET 1619 1 1 0 1 0
TARGET 1620 1 0 0 1 0
TARGET 1621 1 1 0 1 0
TARGET 1622 1 1 0 1 0
TARGET 1623 1 1 0 1 0
TARGET 1624 1 0 0 1 0
TARGET 1625 1 1 0 2 0
TARGET 1626 1 1 0 3 0
TARGET 1627 1 1 0 2 0
TARGET 1628 1 1 0 2 0
TARGET 1629 1 1 0 2 0
TARGET 1630 1 1 0 2 0
TARGET 1631 1 1 0 2 0
TARGET 1632 1 1 0 2 0
TARGET 1633 1 1 0 3 0
TARGET 1634 1 0 0 1 0
TARGET 1635 1 1 0 2 0
TARGET 1636 1 1 0 1 0
TARGET 1637 1 1 0 1 0
TARGET 1638 1 0 0 1 0
TARGET 1639 1 1 0 1 0
TARGET 1640 1 1 0 1 0
TARGET 1641 1 0 0 1 0
TARGET 1642 1 0 0 2 0
TARGET 1643 1 0 0 1 0
TARGET 1644 1 0 0 1 0
TARGET 1645 1 0 0 1 0
TARGET 1646 1 0 0 1 0
TARGET 1647 1 0 0 1 0
TARGET 1648 1 1 0 2 0
TARGET 1649 1 1 0 2 0
TARGET 1650 1 1 0 2 0
TARGET 1651 1 1 0 2 0
TARGET 1652 1 1 0 2 0
TARGET 1653 1 0 0 1 0
TARGET 1654 1 1 0 1 0
TARGET 1655 1 1 0 1 0
TARGET 1656 1 1 0 1 0
TARGET 1657 1 0 0 1 0
TARGET 1658 1 0 0 1 0
TARGET 1659 1 0 0 1 0
TARGET 1660 1 0 0 1 0
TARGET 1661 1 0 0 1 0
TARGET 1662 1 0 0 1 0
TARGET 1663 1 0 0 2 0
TARGET 1664 1 1 0 1 0
TARGET 1665 1 0 0 1 0
TARGET 1666 1 1 0 1 0
TARGET 1667 1 1 0 1 0
TARGET 1668 1 1 0 1 0
TARGET 1669 1 1 0 1 0
TARGET 1670 1 0 0 1 0
TARGET 1671 1 0 0 1 0
TARGET 1672 1 0 0 2 0
TARGET 1673 1 0 0 1 0
TARGET 1674 1 0 0 1 0
TARGET 1675 1 0 0 1 0
TARGET 1676 1 1 0 1 0
TARGET 1677 1 1 0 1 0
TARGET 1678 1 1 0 1 0
TARGET 1679 1 0 0 1 0
TARGET 1680 1 0 0 1 0
TARGET 1681 1 0 0 2 0
TARGET 1682 1 1 0 1 0
TARGET 1683 1 0 0 1 0
TARGET 1684 1 0 0 1 0
TARGET 1685 1 0 0 2 0
TARGET 1686 1 0 0 1 0
TARGET 1687 1 0 0 2 0
TARGET 1688 1 1 0 1 0
TARGET 1689 1 0 0 0 0
TARGET 1690 1 0 0 0 0
TARGET 1691 1 0 0 0 0
TARGET 1692 1 0 0 0 0
TARGET 1693 1 0 0 0 0
TARGET 1694 1 0 0 0 0
TARGET 1695 1 1 0 2 0
TARGET 1696 1 2 0 3 0
TARGET 1697 1 1 0 2 0
TARGET 1698 1 1 0 2 0
TARGET 1699 1 1 0 2 0
TARGET 1700 1 1 0 2 0
TARGET 1701 1 1 0 2 0
TARGET 1702 1 1 0 2 0
TARGET 1703 1 1 0 1 0
TARGET 1704 1 3 0 4 0
TARGET 1705 1 2 0 3 0
TARGET 1706 1 1 0 3 0
TARGET 1707 1 2 0 3 0
TARGET 1708 1 1 0 3 0
TARGET 1709 1 2 0 3 0
TARGET 1710 1 2 0 3 0
TARGET 1711 1 1 0 2 0
TARGET 1712 1 1 0 2 0
TARGET 1713 1 1 0 2 0
TARGET 1714 1 1 0 2 0
TARGET 1715 1 1 0 2 0
TARGET 1716 1 1 0 2 0
TARGET 1717 1 1 0 3 0
TARGET 1718 1 1 0 1 0
TARGET 1719 1 1 0 2 0
TARGET 1720 1 1 0 2 0
TARGET 1721 1 1 0 2 0
TARGET 1722 1 1 0 2 0
TARGET 1723 1 1 0 2 0
TARGET 1724 1 1 0 1 0
TARGET 1725 1 1 0 2 0
TARGET 1726 1 1 0 2 0
TARGET 1727 1 1 0 2 0
TARGET 1728 1 1 0 2 0
TARGET 1729 1 1 0 1 0
TARGET 1730 1 1 0 2 0
TARGET 1731 1 1 0 2 0
TARGET 1732 1 1 0 2 0
TARGET 1733 1 1 0 1 0
TARGET 1734 1 1 0 2 0
TARGET 1735 1 1 0 2 0
TARGET 1736 1 1 0 1 0
TARGET 1737 1 1 0 2 0
TARGET 1738 1 1 0 1 0
TARGET 1739 1 0 0 1 0
TARGET 1740 1 1 0 2 0
TARGET 1741 1 0 0 1 0
TARGET 1742 1 0 0 1 0
TARGET 1743 1 0 0 1 0
TARGET 1744 1 0 0 1 0
TARGET 1745 1 0 0 1 0
TARGET 1746 1 0 0 1 0
TARGET 1747 1 0 0 0 0
TARGET 1748 1 2 0 3 0
TARGET 1749 1 1 0 2 0
TARGET 1750 1 1 0 2 0
TARGET 1751 1 1 0 2 0
TARGET 1752 1 1 0 2 0
TARGET 1753 1 1 0 2 0
TARGET 1754 1 1 0 2 0
TARGET 1755 1 1 0 1 0
TARGET 1756 1 1 0 1 0
TARGET 1757 1 0 0 1 0
TARGET 1758 1 1 0 1 0
TARGET 1759 1 1 0 1 0
TARGET 1760 1 0 0 1 0
TARGET 1761 1 0 0 2 0
TARGET 1762 1 0 0 0 0
TARGET 1763 1 1 0 1 0
TARGET 1764 1 0 0 1 0
TARGET 1765 1 1 0 1 0
TARGET 1766 1 1 0 1 0
TARGET 1767 1 0 0 1 0
TARGET 1768 1 0 0 0 0
TARGET 1769 1 0 0 1 0
TARGET 1770 1 0 0 1 0
TARGET 1771 1 0 0 1 0
TARGET 1772 1 0 0 1 0
TARGET 1773 1 0 0 0 0
TARGET 1774 1 1 0 1 0
TARGET 1775 1 1 0 1 0
TARGET 1776 1 0 0 1 0
TARGET 1777 1 0 0 0 0
TARGET 1778 1 1 0 1 0
TARGET 1779 1 0 0 1 0
TARGET 1780 1 0 0 0 0
TARGET 1781 1 0 0 1 0
TARGET 1782 1 0 0 0 0
TARGET 1783 1 0 0 1 0
TARGET 1784 1 0 0 1 0
TARGET 1785 1 0 0 1 0
TARGET 1786 1 0 0 1 0
TARGET 1787 1 0 0 1 0
TARGET 1788 1 1 0 2 0
TARGET 1789 1 1 0 2 0
TARGET 1790 1 1 0 2 0
TARGET 1791 1 1 0 2 0
TARGET 1792 1 1 0 2 0
TARGET 1793 1 0 0 1 0
TARGET 1794 1 0 0 1 0
TARGET 1795 1 0 0 1 0
TARGET 1796 1 0 0 1 0
TARGET 1797 1 0 0 1 0
TARGET 1798 1 0 0 1 0
TARGET 1799 1 0 0 1 0
TARGET 1800 1 0 0 1 0
TARGET 1801 1 0 0 1 0
TARGET 1802 1 0 0 1 0
TARGET 1803 1 0 0 1 0
TARGET 1804 1 0 0 1 0
TARGET 1805 1 0 0 1 0
TARGET 1806 1 0 0 1 0
TARGET 1807 1 0 0 1 0
TARGET 1808 1 0 0 1 0
TARGET 1809 1 0 0 1 0
TARGET 1810 1 0 0 1 0
TARGET 1811 1 0 0 1 0
TARGET 1812 1 0 0 1 0
TARGET 1813 1 0 0 1 0
TARGET 1814 1 0 0 1 0
TARGET 1815 1 0 0 1 0
TARGET 1816 1 0 0 1 0
TARGET 1817 1 0 0 1 0
TARGET 1818 1 0 0 1 0
TARGET 1819 1 0 0 1 0
TARGET 1820 1 0 0 1 0
TARGET 1821 1 0 0 1 0
TARGET 1822 1 0 0 1 0
TARGET 1823 1 0 0 0 0
TARGET 1824 1 0 0 0 0
TARGET 1825 1 0 0 0 0
TARGET 1826 1 0 0 0 0
TARGET 1827 1 0 0 0 0
TARGET 1828 1 2 0 3 0
TARGET 1829 1 1 0 3 0
TARGET 1830 1 1 0 3 0
TARGET 1831 1 2 0 3 0
TARGET 1832 1 2 0 3 0
TARGET 1833 1 1 0 2 0
TARGET 1834 1 1 0 2 0
TARGET 1835 1 1 0 2 0
TARGET 1836 1 1 0 2 0
TARGET 1837 1 1 0 2 0
TARGET 1838 1 1 0 2 0
TARGET 1839 1 1 0 2 0
TARGET 1840 1 1 0 2 0
TARGET 1841 1 1 0 2 0
TARGET 1842 1 1 0 2 0
TARGET 1843 1 1 0 2 0
TARGET 1844 1 1 0 2 0
TARGET 1845 1 1 0 2 0
TARGET 1846 1 1 0 2 0
TARGET 1847 1 1 0 2 0
TARGET 1848 1 1 0 2 0
TARGET 1849 1 1 0 2 0
TARGET 1850 1 1 0 2 0
TARGET 1851 1 1 0 2 0
TARGET 1852 1 1 0 2 0
TARGET 1853 1 1 0 2 0
TARGET 1854 1 1 0 2 0
TARGET 1855 1 1 0 2 0
TARGET 1856 1 1 0 2 0
TARGET 1857 1 1 0 2 0
TARGET 1858 1 1 0 2 0
TARGET 1859 1 1 0 2 0
TARGET 1860 1 1 0 2 0
TARGET 1861 1 1 0 2 0
TARGET 1862 1 1 0 2 0
TARGET 1863 1 0 0 1 0
TARGET 1864 1 1 0 1 0
TARGET 1865 1 1 0 1 0
TARGET 1866 1 1 0 1 0
TARGET 1867 1 0 0 1 0
TARGET 1868 1 0 0 1 0
TARGET 1869 1 0 0 1 0
TARGET 1870 1 0 0 1 0
TARGET 1871 1 0 0 1 0
TARGET 1872 1 0 0 1 0
TARGET 1873 1 0 0 2 0
TARGET 1874 1 1 0 1 0
TARGET 1875 1 0 0 1 0
TARGET 1876 1 1 0 1 0
TARGET 1877 1 1 0 1 0
TARGET 1878 1 1 0 1 0
TARGET 1879 1 1 0 1 0
TARGET 1880 1 0 0 1 0
TARGET 1881 1 0 0 1 0
TARGET 1882 1 0 0 2 0
TARGET 1883 1 0 0 1 0
TARGET 1884 1 0 0 1 0
TARGET 1885 1 0 0 1 0
TARGET 1886 1 1 0 1 0
TARGET 1887 1 1 0 1 0
TARGET 1888 1 1 0 1 0
TARGET 1889 1 0 0 1 0
TARGET 1890 1 0 0 1 0
TARGET 1891 1 0 0 2 0
TARGET 1892 1 1 0 1 0
TARGET 1893 1 0 0 1 0
TARGET 1894 1 0 0 1 0
TARGET 1895 1 0 0 2 0
TARGET 1896 1 0 0 1 0
TARGET 1897 1 0 0 2 0
TARGET 1898 1 0 0 0 0
TARGET 1899 1 0 0 0 0
TARGET 1900 1 0 0 0 0
TARGET 1901 1 0 0 0 0
TARGET 1902 1 0 0 0 0
TARGET 1903 1 0 0 1 0
TARGET 1904 1 0 0 1 0
TARGET 1905 1 0 0 1 0
TARGET 1906 1 0 0 1 0
TARGET 1907 1 0 0 1 0
TARGET 1908 1 0 0 0 0
TARGET 1909 1 0 0 1 0
TARGET 1910 1 0 0 1 0
TARGET 1911 1 0 0 1 0
TARGET 1912 1 0 0 1 0
TARGET 1913 1 0 0 0 0
TARGET 1914 1 0 0 1 0
TARGET 1915 1 0 0 1 0
TARGET 1916 1 0 0 1 0
TARGET 1917 1 0 0 0 0
TARGET 1918 1 0 0 1 0
TARGET 1919 1 0 0 1 0
TARGET 1920 1 0 0 0 0
TARGET 1921 1 0 0 1 0
TARGET 1922 1 0 0 0 0
TARGET 1923 1 1 0 1 0
TARGET 1924 1 0 0 1 0
TARGET 1925 1 1 0 1 0
TARGET 1926 1 1 0 1 0
TARGET 1927 1 1 0 1 0
TARGET 1928 1 1 0 1 0
TARGET 1929 1 0 0 1 0
TARGET 1930 1 0 0 1 0
TARGET 1931 1 0 0 0 0
TARGET 1932 1 0 0 1 0
TARGET 1933 1 0 0 1 0
TARGET 1934 1 0 0 1 0
TARGET 1935 1 0 0 1 0
TARGET 1936 1 0 0 1 0
TARGET 1937 1 0 0 1 0
TARGET 1938 1 0 0 1 0
TARGET 1939 1 0 0 0 0
TARGET 1940 1 1 0 1 0
TARGET 1941 1 1 0 1 0
TARGET 1942 1 1 0 1 0
TARGET 1943 1 1 0 1 0
TARGET 1944 1 1 0 1 0
TARGET 1945 1 0 0 1 0
TARGET 1946 1 0 0 1 0
TARGET 1947 1 0 0 1 0
TARGET 1948 1 0 0 0 0
TARGET 1949 1 1 0 1 0
TARGET 1950 1 1 0 1 0
TARGET 1951 1 0 0 1 0
TARGET 1952 1 0 0 1 0
TARGET 1953 1 0 0 1 0
TARGET 1954 1 0 0 0 0
TARGET 1955 1 0 0 1 0
TARGET 1956 1 0 0 1 0
TARGET 1957 1 0 0 0 0
TARGET 1958 1 0 0 0 0
TARGET 1959 1 0 0 0 0
TARGET 1960 1 0 0 0 0
TARGET 1961 1 0 0 1 0
TARGET 1962 1 0 0 1 0
TARGET 1963 1 0 0 1 0
TARGET 1964 1 0 0 1 0
TARGET 1965 1 0 0 1 0
TARGET 1966 1 0 0 1 0
TARGET 1967 1 0 0 1 0
TARGET 1968 1 0 0 1 0
TARGET 1969 1 0 0 1 0
TARGET 1970 1 0 0 1 0
TARGET 1971 1 0 0 1 0
TARGET 1972 1 0 0 1 0
TARGET 1973 1 0 0 0 0
TARGET 1974 1 0 0 0 0
TARGET 1975 1 0 0 0 0
TARGET 1976 1 1 0 1 0
TARGET 1977 1 1 0 1 0
TARGET 1978 1 1 0 1 0
TARGET 1979 1 0 0 1 0
TARGET 1980 1 0 0 1 0
TARGET 1981 1 0 0 0 0
TARGET 1982 1 1 0 1 0
TARGET 1983 1 1 0 1 0
TARGET 1984 1 0 0 1 0
TARGET 1985 1 0 0 1 0
TARGET 1986 1 0 0 1 0
TARGET 1987 1 0 0 0 0
TARGET 1988 1 0 0 1 0
TARGET 1989 1 0 0 1 0
TARGET 1990 1 0 0 0 0
TARGET 1991 1 0 0 0 0
TARGET 1992 1 0 0 0 0
TARGET 1993 1 1 0 1 0
TARGET 1994 1 0 0 1 0
TARGET 1995 1 0 0 1 0
TARGET 1996 1 0 0 0 0
TARGET 1997 1 0 0 1 0
TARGET 1998 1 0 0 1 0
TARGET 1999 1 0 0 0 0
TARGET 2000 1 0 0 0 0
PASS_1962_MONOMIAL_INTERVAL 1001 2000 1000 0
