TARGET 5001 1 0 0 2 0
TARGET 5002 1 0 0 0 0
TARGET 5003 1 1 0 1 0
TARGET 5004 1 0 0 1 0
TARGET 5005 1 1 0 1 0
TARGET 5006 1 0 0 1 0
TARGET 5007 1 0 0 0 0
TARGET 5008 1 0 0 1 0
TARGET 5009 1 0 0 1 0
TARGET 5010 1 0 0 1 0
TARGET 5011 1 0 0 0 0
TARGET 5012 1 1 0 1 0
TARGET 5013 1 0 0 1 0
TARGET 5014 1 0 0 0 0
TARGET 5015 1 0 0 1 0
TARGET 5016 1 0 0 0 0
TARGET 5017 1 1 0 4 0
TARGET 5018 1 1 0 3 0
TARGET 5019 1 1 0 4 0
TARGET 5020 1 1 0 3 0
TARGET 5021 1 1 0 3 0
TARGET 5022 1 1 0 3 0
TARGET 5023 1 1 0 4 0
TARGET 5024 1 1 0 3 0
TARGET 5025 1 1 0 3 0
TARGET 5026 1 1 0 3 0
TARGET 5027 1 1 0 3 0
TARGET 5028 1 1 0 3 0
TARGET 5029 1 1 0 2 0
TARGET 5030 1 1 0 3 0
TARGET 5031 1 1 0 2 0
TARGET 5032 1 1 0 2 0
TARGET 5033 1 1 0 2 0
TARGET 5034 1 1 0 3 0
TARGET 5035 1 1 0 2 0
TARGET 5036 1 1 0 2 0
TARGET 5037 1 1 0 2 0
TARGET 5038 1 1 0 2 0
TARGET 5039 1 1 0 2 0
TARGET 5040 1 1 0 3 0
TARGET 5041 1 1 0 1 0
TARGET 5042 1 3 0 4 0
TARGET 5043 1 2 0 3 0
TARGET 5044 1 1 0 3 0
TARGET 5045 1 2 0 3 0
TARGET 5046 1 1 0 4 0
TARGET 5047 1 1 0 3 0
TARGET 5048 1 2 0 3 0
TARGET 5049 1 2 0 3 0
TARGET 5050 1 1 0 3 0
TARGET 5051 1 2 0 3 0
TARGET 5052 1 1 0 2 0
TARGET 5053 1 1 0 2 0
TARGET 5054 1 1 0 2 0
TARGET 5055 1 1 0 3 0
TARGET 5056 1 1 0 2 0
TARGET 5057 1 1 0 2 0
TARGET 5058 1 1 0 2 0
TARGET 5059 1 1 0 2 0
TARGET 5060 1 1 0 2 0
TARGET 5061 1 1 0 3 0
TARGET 5062 1 1 0 1 0
TARGET 5063 1 1 0 2 0
TARGET 5064 1 1 0 2 0
TARGET 5065 1 1 0 3 0
TARGET 5066 1 1 0 2 0
TARGET 5067 1 1 0 2 0
TARGET 5068 1 1 0 2 0
TARGET 5069 1 1 0 2 0
TARGET 5070 1 1 0 2 0
TARGET 5071 1 1 0 1 0
TARGET 5072 1 1 0 2 0
TARGET 5073 1 1 0 3 0
TARGET 5074 1 1 0 2 0
TARGET 5075 1 1 0 2 0
TARGET 5076 1 1 0 2 0
TARGET 5077 1 1 0 2 0
TARGET 5078 1 1 0 2 0
TARGET 5079 1 1 0 1 0
TARGET 5080 1 1 0 4 0
TARGET 5081 1 1 0 3 0
TARGET 5082 1 1 0 3 0
TARGET 5083 1 1 0 3 0
TARGET 5084 1 1 0 3 0
TARGET 5085 1 1 0 3 0
TARGET 5086 1 1 0 2 0
TARGET 5087 1 1 0 2 0
TARGET 5088 1 1 0 2 0
TARGET 5089 1 1 0 2 0
TARGET 5090 1 1 0 2 0
TARGET 5091 1 1 0 3 0
TARGET 5092 1 1 0 1 0
TARGET 5093 1 1 0 2 0
TARGET 5094 1 1 0 2 0
TARGET 5095 1 1 0 2 0
TARGET 5096 1 1 0 2 0
TARGET 5097 1 1 0 1 0
TARGET 5098 1 1 0 2 0
TARGET 5099 1 1 0 2 0
TARGET 5100 1 1 0 2 0
TARGET 5101 1 1 0 1 0
TARGET 5102 1 1 0 2 0
TARGET 5103 1 1 0 2 0
TARGET 5104 1 1 0 1 0
TARGET 5105 1 1 0 2 0
TARGET 5106 1 1 0 1 0
TARGET 5107 1 1 0 3 0
TARGET 5108 1 1 0 2 0
TARGET 5109 1 1 0 3 0
TARGET 5110 1 1 0 2 0
TARGET 5111 1 1 0 2 0
TARGET 5112 1 1 0 2 0
TARGET 5113 1 1 0 3 0
TARGET 5114 1 1 0 2 0
TARGET 5115 1 1 0 2 0
TARGET 5116 1 1 0 2 0
TARGET 5117 1 1 0 2 0
TARGET 5118 1 1 0 2 0
TARGET 5119 1 1 0 1 0
TARGET 5120 1 1 0 2 0
TARGET 5121 1 1 0 1 0
TARGET 5122 1 1 0 1 0
TARGET 5123 1 0 0 1 0
TARGET 5124 1 1 0 2 0
TARGET 5125 1 1 0 1 0
TARGET 5126 1 1 0 1 0
TARGET 5127 1 0 0 1 0
TARGET 5128 1 1 0 1 0
TARGET 5129 1 0 0 1 0
TARGET 5130 1 0 0 2 0
TARGET 5131 1 0 0 0 0
TARGET 5132 1 2 0 3 0
TARGET 5133 1 1 0 2 0
TARGET 5134 1 1 0 2 0
TARGET 5135 1 1 0 2 0
TARGET 5136 1 1 0 3 0
TARGET 5137 1 1 0 2 0
TARGET 5138 1 1 0 2 0
TARGET 5139 1 1 0 2 0
TARGET 5140 1 1 0 2 0
TARGET 5141 1 1 0 2 0
TARGET 5142 1 1 0 1 0
TARGET 5143 1 1 0 1 0
TARGET 5144 1 0 0 1 0
TARGET 5145 1 1 0 2 0
TARGET 5146 1 1 0 1 0
TARGET 5147 1 1 0 1 0
TARGET 5148 1 0 0 1 0
TARGET 5149 1 1 0 1 0
TARGET 5150 1 0 0 1 0
TARGET 5151 1 0 0 2 0
TARGET 5152 1 0 0 0 0
TARGET 5153 1 1 0 1 0
TARGET 5154 1 0 0 1 0
TARGET 5155 1 1 0 2 0
TARGET 5156 1 1 0 1 0
TARGET 5157 1 1 0 1 0
TARGET 5158 1 0 0 1 0
TARGET 5159 1 1 0 1 0
TARGET 5160 1 0 0 1 0
TARGET 5161 1 0 0 0 0
TARGET 5162 1 0 0 1 0
TARGET 5163 1 1 0 2 0
TARGET 5164 1 0 0 1 0
TARGET 5165 1 0 0 1 0
TARGET 5166 1 0 0 1 0
TARGET 5167 1 0 0 1 0
TARGET 5168 1 0 0 1 0
TARGET 5169 1 0 0 0 0
TARGET 5170 1 1 0 3 0
TARGET 5171 1 1 0 2 0
TARGET 5172 1 1 0 2 0
TARGET 5173 1 1 0 2 0
TARGET 5174 1 1 0 2 0
TARGET 5175 1 1 0 2 0
TARGET 5176 1 1 0 1 0
TARGET 5177 1 1 0 1 0
TARGET 5178 1 0 0 1 0
TARGET 5179 1 1 0 1 0
TARGET 5180 1 0 0 1 0
TARGET 5181 1 0 0 2 0
TARGET 5182 1 0 0 0 0
TARGET 5183 1 1 0 1 0
TARGET 5184 1 0 0 1 0
TARGET 5185 1 1 0 1 0
TARGET 5186 1 0 0 1 0
TARGET 5187 1 0 0 0 0
TARGET 5188 1 0 0 1 0
TARGET 5189 1 0 0 1 0
TARGET 5190 1 0 0 1 0
TARGET 5191 1 0 0 0 0
TARGET 5192 1 1 0 1 0
TARGET 5193 1 0 0 1 0
TARGET 5194 1 0 0 0 0
TARGET 5195 1 0 0 1 0
TARGET 5196 1 0 0 0 0
TARGET 5197 1 2 0 3 0
TARGET 5198 1 1 0 4 0
TARGET 5199 1 1 0 3 0
TARGET 5200 1 2 0 3 0
TARGET 5201 1 2 0 3 0
TARGET 5202 1 1 0 3 0
TARGET 5203 1 2 0 3 0
TARGET 5204 1 1 0 3 0
TARGET 5205 1 2 0 3 0
TARGET 5206 1 1 0 2 0
TARGET 5207 1 1 0 3 0
TARGET 5208 1 1 0 2 0
TARGET 5209 1 1 0 2 0
TARGET 5210 1 1 0 2 0
TARGET 5211 1 1 0 2 0
TARGET 5212 1 1 0 2 0
TARGET 5213 1 1 0 2 0
TARGET 5214 1 1 0 2 0
TARGET 5215 1 1 0 3 0
TARGET 5216 1 1 0 2 0
TARGET 5217 1 1 0 2 0
TARGET 5218 1 1 0 2 0
TARGET 5219 1 1 0 3 0
TARGET 5220 1 1 0 2 0
TARGET 5221 1 1 0 2 0
TARGET 5222 1 1 0 2 0
TARGET 5223 1 1 0 2 0
TARGET 5224 1 1 0 2 0
TARGET 5225 1 1 0 4 0
TARGET 5226 1 1 0 3 0
TARGET 5227 1 1 0 3 0
TARGET 5228 1 1 0 3 0
TARGET 5229 1 1 0 3 0
TARGET 5230 1 1 0 3 0
TARGET 5231 1 1 0 3 0
TARGET 5232 1 1 0 3 0
TARGET 5233 1 1 0 3 0
TARGET 5234 1 1 0 2 0
TARGET 5235 1 1 0 2 0
TARGET 5236 1 1 0 2 0
TARGET 5237 1 1 0 2 0
TARGET 5238 1 1 0 2 0
TARGET 5239 1 1 0 2 0
TARGET 5240 1 1 0 2 0
TARGET 5241 1 1 0 3 0
TARGET 5242 1 1 0 3 0
TARGET 5243 1 1 0 4 0
TARGET 5244 1 1 0 3 0
TARGET 5245 1 1 0 3 0
TARGET 5246 1 1 0 3 0
TARGET 5247 1 1 0 3 0
TARGET 5248 1 1 0 3 0
TARGET 5249 1 1 0 2 0
TARGET 5250 1 1 0 2 0
TARGET 5251 1 1 0 3 0
TARGET 5252 1 1 0 2 0
TARGET 5253 1 1 0 2 0
TARGET 5254 1 1 0 2 0
TARGET 5255 1 1 0 2 0
TARGET 5256 1 1 0 2 0
TARGET 5257 1 1 0 2 0
TARGET 5258 1 1 0 2 0
TARGET 5259 1 1 0 2 0
TARGET 5260 1 1 0 3 0
TARGET 5261 1 1 0 2 0
TARGET 5262 1 1 0 2 0
TARGET 5263 1 1 0 2 0
TARGET 5264 1 1 0 2 0
TARGET 5265 1 1 0 2 0
TARGET 5266 1 1 0 2 0
TARGET 5267 1 1 0 2 0
TARGET 5268 1 1 0 2 0
TARGET 5269 1 1 0 2 0
TARGET 5270 1 1 0 2 0
TARGET 5271 1 1 0 3 0
TARGET 5272 1 1 0 2 0
TARGET 5273 1 1 0 2 0
TARGET 5274 1 1 0 2 0
TARGET 5275 1 1 0 2 0
TARGET 5276 1 1 0 2 0
TARGET 5277 1 1 0 2 0
TARGET 5278 1 1 0 2 0
TARGET 5279 1 1 0 2 0
TARGET 5280 1 1 0 2 0
TARGET 5281 1 1 0 3 0
TARGET 5282 1 1 0 3 0
TARGET 5283 1 1 0 3 0
TARGET 5284 1 1 0 3 0
TARGET 5285 1 1 0 2 0
TARGET 5286 1 1 0 2 0
TARGET 5287 1 1 0 2 0
TARGET 5288 1 1 0 2 0
TARGET 5289 1 1 0 2 0
TARGET 5290 1 1 0 2 0
TARGET 5291 1 1 0 2 0
TARGET 5292 1 1 0 2 0
TARGET 5293 1 1 0 2 0
TARGET 5294 1 1 0 2 0
TARGET 5295 1 1 0 2 0
TARGET 5296 1 1 0 2 0
TARGET 5297 1 1 0 2 0
TARGET 5298 1 1 0 2 0
TARGET 5299 1 1 0 2 0
TARGET 5300 1 1 0 2 0
TARGET 5301 1 1 0 2 0
TARGET 5302 1 1 0 2 0
TARGET 5303 1 1 0 2 0
TARGET 5304 1 1 0 2 0
TARGET 5305 1 0 0 1 0
TARGET 5306 1 1 0 2 0
TARGET 5307 1 1 0 1 0
TARGET 5308 1 1 0 1 0
TARGET 5309 1 0 0 1 0
TARGET 5310 1 1 0 1 0
TARGET 5311 1 0 0 1 0
TARGET 5312 1 1 0 1 0
TARGET 5313 1 0 0 1 0
TARGET 5314 1 1 0 2 0
TARGET 5315 1 0 0 1 0
TARGET 5316 1 0 0 1 0
TARGET 5317 1 0 0 1 0
TARGET 5318 1 1 0 2 0
TARGET 5319 1 0 0 1 0
TARGET 5320 1 0 0 1 0
TARGET 5321 1 0 0 1 0
TARGET 5322 1 0 0 1 0
TARGET 5323 1 0 0 1 0
TARGET 5324 1 0 0 2 0
TARGET 5325 1 1 0 3 0
TARGET 5326 1 1 0 2 0
TARGET 5327 1 1 0 2 0
TARGET 5328 1 1 0 2 0
TARGET 5329 1 1 0 2 0
TARGET 5330 1 1 0 2 0
TARGET 5331 1 1 0 2 0
TARGET 5332 1 1 0 2 0
TARGET 5333 1 1 0 2 0
TARGET 5334 1 1 0 1 0
TARGET 5335 1 1 0 1 0
TARGET 5336 1 0 0 1 0
TARGET 5337 1 1 0 1 0
TARGET 5338 1 0 0 1 0
TARGET 5339 1 1 0 1 0
TARGET 5340 1 0 0 1 0
TARGET 5341 1 1 0 2 0
TARGET 5342 1 1 0 2 0
TARGET 5343 1 1 0 3 0
TARGET 5344 1 1 0 2 0
TARGET 5345 1 1 0 2 0
TARGET 5346 1 1 0 2 0
TARGET 5347 1 1 0 2 0
TARGET 5348 1 1 0 2 0
TARGET 5349 1 1 0 3 0
TARGET 5350 1 1 0 1 0
TARGET 5351 1 0 0 1 0
TARGET 5352 1 1 0 2 0
TARGET 5353 1 1 0 1 0
TARGET 5354 1 1 0 1 0
TARGET 5355 1 0 0 1 0
TARGET 5356 1 1 0 1 0
TARGET 5357 1 0 0 1 0
TARGET 5358 1 0 0 2 0
TARGET 5359 1 1 0 1 0
TARGET 5360 1 0 0 1 0
TARGET 5361 1 0 0 1 0
TARGET 5362 1 1 0 2 0
TARGET 5363 1 1 0 1 0
TARGET 5364 1 1 0 1 0
TARGET 5365 1 1 0 1 0
TARGET 5366 1 0 0 1 0
TARGET 5367 1 0 0 1 0
TARGET 5368 1 1 0 1 0
TARGET 5369 1 1 0 1 0
TARGET 5370 1 0 0 1 0
TARGET 5371 1 0 0 1 0
TARGET 5372 1 0 0 2 0
TARGET 5373 1 0 0 1 0
TARGET 5374 1 1 0 2 0
TARGET 5375 1 0 0 1 0
TARGET 5376 1 0 0 1 0
TARGET 5377 1 0 0 1 0
TARGET 5378 1 0 0 1 0
TARGET 5379 1 0 0 1 0
TARGET 5380 1 0 0 2 0
TARGET 5381 1 0 0 1 0
TARGET 5382 1 0 0 1 0
TARGET 5383 1 0 0 1 0
TARGET 5384 1 0 0 1 0
TARGET 5385 1 1 0 2 0
TARGET 5386 1 1 0 2 0
TARGET 5387 1 1 0 2 0
TARGET 5388 1 1 0 2 0
TARGET 5389 1 1 0 1 0
TARGET 5390 1 0 0 1 0
TARGET 5391 1 1 0 1 0
TARGET 5392 1 0 0 1 0
TARGET 5393 1 1 0 1 0
TARGET 5394 1 0 0 1 0
TARGET 5395 1 0 0 1 0
TARGET 5396 1 1 0 1 0
TARGET 5397 1 1 0 1 0
TARGET 5398 1 0 0 1 0
TARGET 5399 1 0 0 1 0
TARGET 5400 1 0 0 2 0
TARGET 5401 1 0 0 1 0
TARGET 5402 1 0 0 1 0
TARGET 5403 1 0 0 1 0
TARGET 5404 1 0 0 1 0
TARGET 5405 1 0 0 1 0
TARGET 5406 1 0 0 2 0
TARGET 5407 1 1 0 1 0
TARGET 5408 1 0 0 1 0
TARGET 5409 1 0 0 1 0
TARGET 5410 1 0 0 2 0
TARGET 5411 1 0 0 1 0
TARGET 5412 1 0 0 2 0
TARGET 5413 1 0 0 0 0
TARGET 5414 1 1 0 1 0
TARGET 5415 1 0 0 0 0
TARGET 5416 1 0 0 0 0
TARGET 5417 1 0 0 0 0
TARGET 5418 1 0 0 0 0
TARGET 5419 1 0 0 0 0
TARGET 5420 1 0 0 0 0
TARGET 5421 1 0 0 0 0
TARGET 5422 1 2 0 3 0
TARGET 5423 1 1 0 2 0
TARGET 5424 1 1 0 2 0
TARGET 5425 1 1 0 2 0
TARGET 5426 1 1 0 3 0
TARGET 5427 1 1 0 2 0
TARGET 5428 1 1 0 2 0
TARGET 5429 1 1 0 2 0
TARGET 5430 1 1 0 2 0
TARGET 5431 1 1 0 2 0
TARGET 5432 1 0 0 1 0
TARGET 5433 1 0 0 1 0
TARGET 5434 1 0 0 1 0
TARGET 5435 1 1 0 2 0
TARGET 5436 1 0 0 1 0
TARGET 5437 1 0 0 1 0
TARGET 5438 1 0 0 1 0
TARGET 5439 1 0 0 1 0
TARGET 5440 1 0 0 1 0
TARGET 5441 1 0 0 2 0
TARGET 5442 1 0 0 0 0
TARGET 5443 1 0 0 1 0
TARGET 5444 1 0 0 1 0
TARGET 5445 1 1 0 2 0
TARGET 5446 1 0 0 1 0
TARGET 5447 1 0 0 1 0
TARGET 5448 1 0 0 1 0
TARGET 5449 1 0 0 1 0
TARGET 5450 1 0 0 1 0
TARGET 5451 1 0 0 0 0
TARGET 5452 1 0 0 1 0
TARGET 5453 1 1 0 2 0
TARGET 5454 1 0 0 1 0
TARGET 5455 1 0 0 1 0
TARGET 5456 1 0 0 1 0
TARGET 5457 1 0 0 1 0
TARGET 5458 1 0 0 1 0
TARGET 5459 1 0 0 0 0
TARGET 5460 1 2 0 3 0
TARGET 5461 1 1 0 2 0
TARGET 5462 1 1 0 2 0
TARGET 5463 1 1 0 2 0
TARGET 5464 1 1 0 2 0
TARGET 5465 1 1 0 2 0
TARGET 5466 1 0 0 1 0
TARGET 5467 1 0 0 1 0
TARGET 5468 1 0 0 1 0
TARGET 5469 1 0 0 1 0
TARGET 5470 1 0 0 1 0
TARGET 5471 1 0 0 2 0
TARGET 5472 1 0 0 0 0
TARGET 5473 1 0 0 1 0
TARGET 5474 1 0 0 1 0
TARGET 5475 1 0 0 1 0
TARGET 5476 1 0 0 1 0
TARGET 5477 1 0 0 0 0
TARGET 5478 1 0 0 1 0
TARGET 5479 1 0 0 1 0
TARGET 5480 1 0 0 1 0
TARGET 5481 1 0 0 0 0
TARGET 5482 1 0 0 1 0
TARGET 5483 1 0 0 1 0
TARGET 5484 1 0 0 0 0
TARGET 5485 1 0 0 1 0
TARGET 5486 1 0 0 0 0
TARGET 5487 1 1 0 4 0
TARGET 5488 1 1 0 3 0
TARGET 5489 1 1 0 3 0
TARGET 5490 1 2 0 3 0
TARGET 5491 1 2 0 3 0
TARGET 5492 1 2 0 3 0
TARGET 5493 1 1 0 3 0
TARGET 5494 1 2 0 3 0
TARGET 5495 1 1 0 3 0
TARGET 5496 1 1 0 2 0
TARGET 5497 1 1 0 2 0
TARGET 5498 1 1 0 2 0
TARGET 5499 1 1 0 2 0
TARGET 5500 1 1 0 2 0
TARGET 5501 1 1 0 2 0
TARGET 5502 1 1 0 2 0
TARGET 5503 1 1 0 3 0
TARGET 5504 1 1 0 3 0
TARGET 5505 1 1 0 4 0
TARGET 5506 1 1 0 3 0
TARGET 5507 1 1 0 3 0
TARGET 5508 1 1 0 3 0
TARGET 5509 1 1 0 3 0
TARGET 5510 1 1 0 3 0
TARGET 5511 1 1 0 2 0
TARGET 5512 1 1 0 2 0
TARGET 5513 1 1 0 3 0
TARGET 5514 1 1 0 2 0
TARGET 5515 1 1 0 2 0
TARGET 5516 1 1 0 2 0
TARGET 5517 1 1 0 2 0
TARGET 5518 1 1 0 2 0
TARGET 5519 1 1 0 2 0
TARGET 5520 1 1 0 2 0
TARGET 5521 1 1 0 2 0
TARGET 5522 1 1 0 3 0
TARGET 5523 1 1 0 2 0
TARGET 5524 1 1 0 2 0
TARGET 5525 1 1 0 2 0
TARGET 5526 1 1 0 2 0
TARGET 5527 1 1 0 2 0
TARGET 5528 1 1 0 2 0
TARGET 5529 1 1 0 2 0
TARGET 5530 1 1 0 2 0
TARGET 5531 1 1 0 2 0
TARGET 5532 1 1 0 2 0
TARGET 5533 1 1 0 3 0
TARGET 5534 1 1 0 2 0
TARGET 5535 1 1 0 2 0
TARGET 5536 1 1 0 2 0
TARGET 5537 1 1 0 2 0
TARGET 5538 1 1 0 2 0
TARGET 5539 1 1 0 2 0
TARGET 5540 1 1 0 2 0
TARGET 5541 1 1 0 2 0
TARGET 5542 1 1 0 2 0
TARGET 5543 1 1 0 3 0
TARGET 5544 1 1 0 3 0
TARGET 5545 1 1 0 3 0
TARGET 5546 1 1 0 3 0
TARGET 5547 1 1 0 2 0
TARGET 5548 1 1 0 2 0
TARGET 5549 1 1 0 2 0
TARGET 5550 1 1 0 2 0
TARGET 5551 1 1 0 2 0
TARGET 5552 1 1 0 2 0
TARGET 5553 1 1 0 2 0
TARGET 5554 1 1 0 2 0
TARGET 5555 1 1 0 2 0
TARGET 5556 1 1 0 2 0
TARGET 5557 1 1 0 2 0
TARGET 5558 1 1 0 2 0
TARGET 5559 1 1 0 2 0
TARGET 5560 1 1 0 2 0
TARGET 5561 1 1 0 2 0
TARGET 5562 1 1 0 2 0
TARGET 5563 1 1 0 2 0
TARGET 5564 1 1 0 2 0
TARGET 5565 1 1 0 2 0
TARGET 5566 1 1 0 2 0
TARGET 5567 1 1 0 2 0
TARGET 5568 1 1 0 1 0
TARGET 5569 1 1 0 1 0
TARGET 5570 1 0 0 1 0
TARGET 5571 1 1 0 1 0
TARGET 5572 1 0 0 1 0
TARGET 5573 1 1 0 1 0
TARGET 5574 1 0 0 1 0
TARGET 5575 1 1 0 2 0
TARGET 5576 1 1 0 2 0
TARGET 5577 1 1 0 3 0
TARGET 5578 1 1 0 2 0
TARGET 5579 1 1 0 2 0
TARGET 5580 1 1 0 2 0
TARGET 5581 1 1 0 2 0
TARGET 5582 1 1 0 2 0
TARGET 5583 1 1 0 3 0
TARGET 5584 1 1 0 1 0
TARGET 5585 1 0 0 1 0
TARGET 5586 1 1 0 2 0
TARGET 5587 1 1 0 1 0
TARGET 5588 1 1 0 1 0
TARGET 5589 1 0 0 1 0
TARGET 5590 1 1 0 1 0
TARGET 5591 1 0 0 1 0
TARGET 5592 1 0 0 2 0
TARGET 5593 1 1 0 1 0
TARGET 5594 1 0 0 1 0
TARGET 5595 1 0 0 1 0
TARGET 5596 1 1 0 2 0
TARGET 5597 1 1 0 1 0
TARGET 5598 1 1 0 1 0
TARGET 5599 1 1 0 1 0
TARGET 5600 1 0 0 1 0
TARGET 5601 1 0 0 1 0
TARGET 5602 1 1 0 1 0
TARGET 5603 1 1 0 1 0
TARGET 5604 1 0 0 1 0
TARGET 5605 1 0 0 1 0
TARGET 5606 1 0 0 2 0
TARGET 5607 1 0 0 1 0
TARGET 5608 1 1 0 2 0
TARGET 5609 1 0 0 1 0
TARGET 5610 1 0 0 1 0
TARGET 5611 1 0 0 1 0
TARGET 5612 1 0 0 1 0
TARGET 5613 1 0 0 1 0
TARGET 5614 1 0 0 2 0
TARGET 5615 1 0 0 1 0
TARGET 5616 1 0 0 1 0
TARGET 5617 1 0 0 1 0
TARGET 5618 1 0 0 1 0
TARGET 5619 1 1 0 2 0
TARGET 5620 1 1 0 2 0
TARGET 5621 1 1 0 2 0
TARGET 5622 1 1 0 2 0
TARGET 5623 1 1 0 1 0
TARGET 5624 1 0 0 1 0
TARGET 5625 1 1 0 1 0
TARGET 5626 1 0 0 1 0
TARGET 5627 1 1 0 1 0
TARGET 5628 1 0 0 1 0
TARGET 5629 1 0 0 1 0
TARGET 5630 1 1 0 1 0
TARGET 5631 1 1 0 1 0
TARGET 5632 1 0 0 1 0
TARGET 5633 1 0 0 1 0
TARGET 5634 1 0 0 2 0
TARGET 5635 1 0 0 1 0
TARGET 5636 1 0 0 1 0
TARGET 5637 1 0 0 1 0
TARGET 5638 1 0 0 1 0
TARGET 5639 1 0 0 1 0
TARGET 5640 1 0 0 2 0
TARGET 5641 1 1 0 1 0
TARGET 5642 1 0 0 1 0
TARGET 5643 1 0 0 1 0
TARGET 5644 1 0 0 2 0
TARGET 5645 1 0 0 1 0
TARGET 5646 1 0 0 2 0
TARGET 5647 1 1 0 1 0
TARGET 5648 1 0 0 0 0
TARGET 5649 1 0 0 0 0
TARGET 5650 1 0 0 0 0
TARGET 5651 1 0 0 0 0
TARGET 5652 1 0 0 0 0
TARGET 5653 1 0 0 0 0
TARGET 5654 1 0 0 0 0
TARGET 5655 1 1 0 2 0
TARGET 5656 1 1 0 2 0
TARGET 5657 1 1 0 3 0
TARGET 5658 1 1 0 2 0
TARGET 5659 1 1 0 2 0
TARGET 5660 1 1 0 2 0
TARGET 5661 1 1 0 2 0
TARGET 5662 1 1 0 2 0
TARGET 5663 1 1 0 1 0
TARGET 5664 1 1 0 2 0
TARGET 5665 1 2 0 3 0
TARGET 5666 1 1 0 2 0
TARGET 5667 1 1 0 2 0
TARGET 5668 1 1 0 2 0
TARGET 5669 1 1 0 2 0
TARGET 5670 1 1 0 2 0
TARGET 5671 1 1 0 1 0
TARGET 5672 1 3 0 4 0
TARGET 5673 1 2 0 3 0
TARGET 5674 1 1 0 3 0
TARGET 5675 1 2 0 3 0
TARGET 5676 1 2 0 3 0
TARGET 5677 1 2 0 3 0
TARGET 5678 1 1 0 2 0
TARGET 5679 1 1 0 2 0
TARGET 5680 1 1 0 2 0
TARGET 5681 1 1 0 2 0
TARGET 5682 1 1 0 2 0
TARGET 5683 1 1 0 3 0
TARGET 5684 1 1 0 1 0
TARGET 5685 1 1 0 2 0
TARGET 5686 1 1 0 2 0
TARGET 5687 1 1 0 2 0
TARGET 5688 1 1 0 2 0
TARGET 5689 1 1 0 1 0
TARGET 5690 1 1 0 2 0
TARGET 5691 1 1 0 2 0
TARGET 5692 1 1 0 2 0
TARGET 5693 1 1 0 1 0
TARGET 5694 1 1 0 2 0
TARGET 5695 1 1 0 2 0
TARGET 5696 1 1 0 1 0
TARGET 5697 1 1 0 2 0
TARGET 5698 1 1 0 1 0
TARGET 5699 1 1 0 1 0
TARGET 5700 1 0 0 1 0
TARGET 5701 1 1 0 2 0
TARGET 5702 1 1 0 1 0
TARGET 5703 1 1 0 1 0
TARGET 5704 1 0 0 1 0
TARGET 5705 1 1 0 1 0
TARGET 5706 1 0 0 1 0
TARGET 5707 1 0 0 0 0
TARGET 5708 1 0 0 1 0
TARGET 5709 1 1 0 2 0
TARGET 5710 1 0 0 1 0
TARGET 5711 1 0 0 1 0
TARGET 5712 1 0 0 1 0
TARGET 5713 1 0 0 1 0
TARGET 5714 1 0 0 1 0
TARGET 5715 1 0 0 0 0
TARGET 5716 1 2 0 3 0
TARGET 5717 1 1 0 2 0
TARGET 5718 1 1 0 2 0
TARGET 5719 1 1 0 2 0
TARGET 5720 1 1 0 2 0
TARGET 5721 1 1 0 2 0
TARGET 5722 1 1 0 1 0
TARGET 5723 1 1 0 1 0
TARGET 5724 1 0 0 1 0
TARGET 5725 1 1 0 1 0
TARGET 5726 1 0 0 1 0
TARGET 5727 1 0 0 2 0
TARGET 5728 1 0 0 0 0
TARGET 5729 1 1 0 1 0
TARGET 5730 1 0 0 1 0
TARGET 5731 1 1 0 1 0
TARGET 5732 1 0 0 1 0
TARGET 5733 1 0 0 0 0
TARGET 5734 1 0 0 1 0
TARGET 5735 1 0 0 1 0
TARGET 5736 1 0 0 1 0
TARGET 5737 1 0 0 0 0
TARGET 5738 1 1 0 1 0
TARGET 5739 1 0 0 1 0
TARGET 5740 1 0 0 0 0
TARGET 5741 1 0 0 1 0
TARGET 5742 1 0 0 0 0
TARGET 5743 1 1 0 1 0
TARGET 5744 1 0 0 1 0
TARGET 5745 1 0 0 1 0
TARGET 5746 1 1 0 2 0
TARGET 5747 1 1 0 1 0
TARGET 5748 1 1 0 1 0
TARGET 5749 1 1 0 1 0
TARGET 5750 1 0 0 1 0
TARGET 5751 1 0 0 1 0
TARGET 5752 1 1 0 1 0
TARGET 5753 1 1 0 1 0
TARGET 5754 1 0 0 1 0
TARGET 5755 1 0 0 1 0
TARGET 5756 1 0 0 0 0
TARGET 5757 1 0 0 1 0
TARGET 5758 1 1 0 2 0
TARGET 5759 1 0 0 1 0
TARGET 5760 1 0 0 1 0
TARGET 5761 1 0 0 1 0
TARGET 5762 1 0 0 1 0
TARGET 5763 1 0 0 1 0
TARGET 5764 1 0 0 1 0
TARGET 5765 1 1 0 2 0
TARGET 5766 1 0 0 1 0
TARGET 5767 1 0 0 1 0
TARGET 5768 1 0 0 1 0
TARGET 5769 1 0 0 1 0
TARGET 5770 1 0 0 1 0
TARGET 5771 1 0 0 1 0
TARGET 5772 1 0 0 1 0
TARGET 5773 1 0 0 1 0
TARGET 5774 1 0 0 1 0
TARGET 5775 1 0 0 0 0
TARGET 5776 1 1 0 3 0
TARGET 5777 1 1 0 2 0
TARGET 5778 1 1 0 2 0
TARGET 5779 1 1 0 2 0
TARGET 5780 1 1 0 2 0
TARGET 5781 1 1 0 2 0
TARGET 5782 1 1 0 2 0
TARGET 5783 1 1 0 2 0
TARGET 5784 1 1 0 2 0
TARGET 5785 1 1 0 2 0
TARGET 5786 1 1 0 1 0
TARGET 5787 1 1 0 1 0
TARGET 5788 1 1 0 1 0
TARGET 5789 1 0 0 1 0
TARGET 5790 1 0 0 1 0
TARGET 5791 1 1 0 1 0
TARGET 5792 1 1 0 1 0
TARGET 5793 1 0 0 1 0
TARGET 5794 1 0 0 1 0
TARGET 5795 1 0 0 2 0
TARGET 5796 1 0 0 0 0
TARGET 5797 1 1 0 1 0
TARGET 5798 1 1 0 1 0
TARGET 5799 1 0 0 1 0
TARGET 5800 1 0 0 1 0
TARGET 5801 1 0 0 1 0
TARGET 5802 1 1 0 1 0
TARGET 5803 1 1 0 1 0
TARGET 5804 1 1 0 1 0
TARGET 5805 1 0 0 1 0
TARGET 5806 1 0 0 1 0
TARGET 5807 1 0 0 1 0
TARGET 5808 1 0 0 0 0
TARGET 5809 1 0 0 1 0
TARGET 5810 1 0 0 1 0
TARGET 5811 1 0 0 1 0
TARGET 5812 1 0 0 1 0
TARGET 5813 1 0 0 1 0
TARGET 5814 1 0 0 1 0
TARGET 5815 1 0 0 0 0
TARGET 5816 1 0 0 1 0
TARGET 5817 1 0 0 1 0
TARGET 5818 1 1 0 1 0
TARGET 5819 1 1 0 1 0
TARGET 5820 1 0 0 1 0
TARGET 5821 1 0 0 1 0
TARGET 5822 1 0 0 1 0
TARGET 5823 1 0 0 0 0
TARGET 5824 1 0 0 1 0
TARGET 5825 1 0 0 1 0
TARGET 5826 1 0 0 0 0
TARGET 5827 1 0 0 0 0
TARGET 5828 1 0 0 0 0
TARGET 5829 1 0 0 0 0
TARGET 5830 1 0 0 0 0
TARGET 5831 1 0 0 0 0
TARGET 5832 1 0 0 1 0
TARGET 5833 1 1 0 2 0
TARGET 5834 1 0 0 1 0
TARGET 5835 1 0 0 1 0
TARGET 5836 1 0 0 1 0
TARGET 5837 1 0 0 1 0
TARGET 5838 1 0 0 1 0
TARGET 5839 1 0 0 0 0
TARGET 5840 1 2 0 3 0
TARGET 5841 1 1 0 2 0
TARGET 5842 1 1 0 2 0
TARGET 5843 1 1 0 2 0
TARGET 5844 1 1 0 2 0
TARGET 5845 1 1 0 2 0
TARGET 5846 1 0 0 1 0
TARGET 5847 1 0 0 1 0
TARGET 5848 1 0 0 1 0
TARGET 5849 1 0 0 1 0
TARGET 5850 1 0 0 1 0
TARGET 5851 1 0 0 2 0
TARGET 5852 1 0 0 0 0
TARGET 5853 1 0 0 1 0
TARGET 5854 1 0 0 1 0
TARGET 5855 1 0 0 1 0
TARGET 5856 1 0 0 1 0
TARGET 5857 1 0 0 0 0
TARGET 5858 1 0 0 1 0
TARGET 5859 1 0 0 1 0
TARGET 5860 1 0 0 1 0
TARGET 5861 1 0 0 0 0
TARGET 5862 1 0 0 1 0
TARGET 5863 1 0 0 1 0
TARGET 5864 1 0 0 0 0
TARGET 5865 1 0 0 1 0
TARGET 5866 1 0 0 0 0
TARGET 5867 1 0 0 1 0
TARGET 5868 1 0 0 1 0
TARGET 5869 1 0 0 1 0
TARGET 5870 1 0 0 1 0
TARGET 5871 1 1 0 2 0
TARGET 5872 1 1 0 2 0
TARGET 5873 1 1 0 2 0
TARGET 5874 1 1 0 2 0
TARGET 5875 1 0 0 1 0
TARGET 5876 1 0 0 1 0
TARGET 5877 1 0 0 1 0
TARGET 5878 1 0 0 1 0
TARGET 5879 1 0 0 1 0
TARGET 5880 1 0 0 1 0
TARGET 5881 1 0 0 1 0
TARGET 5882 1 0 0 1 0
TARGET 5883 1 0 0 1 0
TARGET 5884 1 0 0 1 0
TARGET 5885 1 0 0 1 0
TARGET 5886 1 0 0 1 0
TARGET 5887 1 0 0 1 0
TARGET 5888 1 0 0 1 0
TARGET 5889 1 0 0 1 0
TARGET 5890 1 0 0 1 0
TARGET 5891 1 0 0 1 0
TARGET 5892 1 0 0 1 0
TARGET 5893 1 0 0 1 0
TARGET 5894 1 0 0 1 0
TARGET 5895 1 0 0 0 0
TARGET 5896 1 0 0 0 0
TARGET 5897 1 0 0 0 0
TARGET 5898 1 0 0 0 0
TARGET 5899 1 1 0 3 0
TARGET 5900 1 2 0 3 0
TARGET 5901 1 2 0 3 0
TARGET 5902 1 2 0 3 0
TARGET 5903 1 1 0 2 0
TARGET 5904 1 1 0 2 0
TARGET 5905 1 1 0 2 0
TARGET 5906 1 1 0 2 0
TARGET 5907 1 1 0 2 0
TARGET 5908 1 1 0 2 0
TARGET 5909 1 1 0 2 0
TARGET 5910 1 1 0 2 0
TARGET 5911 1 1 0 2 0
TARGET 5912 1 1 0 2 0
TARGET 5913 1 1 0 2 0
TARGET 5914 1 1 0 2 0
TARGET 5915 1 1 0 2 0
TARGET 5916 1 1 0 2 0
TARGET 5917 1 1 0 2 0
TARGET 5918 1 1 0 2 0
TARGET 5919 1 1 0 2 0
TARGET 5920 1 1 0 2 0
TARGET 5921 1 1 0 2 0
TARGET 5922 1 1 0 2 0
TARGET 5923 1 1 0 1 0
TARGET 5924 1 0 0 1 0
TARGET 5925 1 1 0 1 0
TARGET 5926 1 0 0 1 0
TARGET 5927 1 1 0 1 0
TARGET 5928 1 0 0 1 0
TARGET 5929 1 0 0 1 0
TARGET 5930 1 1 0 1 0
TARGET 5931 1 1 0 1 0
TARGET 5932 1 0 0 1 0
TARGET 5933 1 0 0 1 0
TARGET 5934 1 0 0 2 0
TARGET 5935 1 0 0 1 0
TARGET 5936 1 0 0 1 0
TARGET 5937 1 0 0 1 0
TARGET 5938 1 0 0 1 0
TARGET 5939 1 0 0 1 0
TARGET 5940 1 0 0 2 0
TARGET 5941 1 1 0 1 0
TARGET 5942 1 0 0 1 0
TARGET 5943 1 0 0 1 0
TARGET 5944 1 0 0 2 0
TARGET 5945 1 0 0 1 0
TARGET 5946 1 0 0 2 0
TARGET 5947 1 0 0 0 0
TARGET 5948 1 0 0 0 0
TARGET 5949 1 0 0 0 0
TARGET 5950 1 0 0 0 0
TARGET 5951 1 1 0 1 0
TARGET 5952 1 0 0 1 0
TARGET 5953 1 0 0 1 0
TARGET 5954 1 1 0 1 0
TARGET 5955 1 1 0 1 0
TARGET 5956 1 0 0 1 0
TARGET 5957 1 0 0 1 0
TARGET 5958 1 0 0 0 0
TARGET 5959 1 0 0 1 0
TARGET 5960 1 0 0 1 0
TARGET 5961 1 0 0 1 0
TARGET 5962 1 0 0 1 0
TARGET 5963 1 0 0 1 0
TARGET 5964 1 0 0 1 0
TARGET 5965 1 0 0 0 0
TARGET 5966 1 0 0 1 0
TARGET 5967 1 0 0 1 0
TARGET 5968 1 1 0 1 0
TARGET 5969 1 1 0 1 0
TARGET 5970 1 0 0 1 0
TARGET 5971 1 0 0 1 0
TARGET 5972 1 0 0 1 0
TARGET 5973 1 0 0 0 0
TARGET 5974 1 0 0 1 0
TARGET 5975 1 0 0 1 0
TARGET 5976 1 0 0 0 0
TARGET 5977 1 0 0 0 0
TARGET 5978 1 0 0 0 0
TARGET 5979 1 0 0 0 0
TARGET 5980 1 0 0 1 0
TARGET 5981 1 0 0 1 0
TARGET 5982 1 0 0 1 0
TARGET 5983 1 0 0 1 0
TARGET 5984 1 0 0 1 0
TARGET 5985 1 0 0 1 0
TARGET 5986 1 0 0 1 0
TARGET 5987 1 0 0 1 0
TARGET 5988 1 0 0 1 0
TARGET 5989 1 0 0 0 0
TARGET 5990 1 0 0 0 0
TARGET 5991 1 0 0 0 0
TARGET 5992 1 0 0 1 0
TARGET 5993 1 0 0 1 0
TARGET 5994 1 0 0 0 0
TARGET 5995 1 0 0 1 0
TARGET 5996 1 0 0 0 0
TARGET 5997 1 1 0 1 0
TARGET 5998 1 0 0 1 0
TARGET 5999 1 0 0 1 0
TARGET 6000 1 0 0 0 0
PASS_1962_MONOMIAL_INTERVAL 5001 6000 1000 0
