TARGET 1 1 0 0 0 0
TARGET 2 1 0 0 1 0
TARGET 3 1 0 0 0 0
TARGET 4 1 0 0 0 0
TARGET 5 1 0 0 0 0
TARGET 6 1 0 1 0 1
TARGET 7 1 0 1 0 1
TARGET 8 1 0 0 0 0
TARGET 9 1 0 1 0 1
TARGET 10 1 0 0 0 0
TARGET 11 1 0 0 0 0
TARGET 12 1 0 0 0 0
TARGET 13 1 0 0 0 0
TARGET 14 1 0 0 1 0
TARGET 15 1 0 0 0 0
TARGET 16 1 0 0 0 0
TARGET 17 1 0 0 0 0
TARGET 18 1 0 0 0 0
TARGET 19 1 0 0 0 0
TARGET 20 1 0 0 0 0
TARGET 21 1 0 0 0 0
TARGET 22 1 0 0 1 0
TARGET 23 1 0 0 0 0
TARGET 24 1 0 0 0 0
TARGET 25 1 0 0 0 0
TARGET 26 1 0 1 0 1
TARGET 27 1 0 0 0 0
TARGET 28 1 0 0 0 0
TARGET 29 1 0 1 0 1
TARGET 30 1 0 1 0 1
TARGET 31 1 0 0 0 0
TARGET 32 1 0 1 0 1
TARGET 33 1 0 0 0 0
TARGET 34 1 0 0 0 0
TARGET 35 1 0 0 0 0
TARGET 36 1 0 1 0 1
TARGET 37 1 0 0 0 0
TARGET 38 1 0 0 0 0
TARGET 39 1 0 1 0 1
TARGET 40 1 0 0 0 0
TARGET 41 1 0 0 1 0
TARGET 42 1 0 0 0 0
TARGET 43 1 0 0 0 0
TARGET 44 1 0 0 0 0
TARGET 45 1 0 1 0 1
TARGET 46 1 0 1 0 1
TARGET 47 1 0 0 0 0
TARGET 48 1 0 1 0 1
TARGET 49 1 0 0 0 0
TARGET 50 1 0 0 0 0
TARGET 51 1 0 0 0 0
TARGET 52 1 0 0 0 0
TARGET 53 1 0 0 0 0
TARGET 54 1 0 0 1 0
TARGET 55 1 0 0 0 0
TARGET 56 1 0 0 0 0
TARGET 57 1 0 0 0 0
TARGET 58 1 0 0 1 0
TARGET 59 1 0 0 0 0
TARGET 60 1 0 0 0 0
TARGET 61 1 0 0 0 0
TARGET 62 1 0 0 0 0
TARGET 63 1 0 1 0 1
TARGET 64 1 0 1 0 1
TARGET 65 1 0 0 0 0
TARGET 66 1 0 0 0 0
TARGET 67 1 0 1 0 1
TARGET 68 1 0 0 0 0
TARGET 69 1 0 0 0 0
TARGET 70 1 0 0 0 0
TARGET 71 1 0 1 0 1
TARGET 72 1 0 0 0 0
TARGET 73 1 0 0 0 0
TARGET 74 1 0 1 0 1
TARGET 75 1 0 0 0 0
TARGET 76 1 0 1 0 1
TARGET 77 1 0 0 0 0
TARGET 78 1 0 0 0 0
PASS_1962_MONOMIAL_INTERVAL 1 78 78 0
