TARGET 6001 1 1 0 2 0
TARGET 6002 1 1 0 2 0
TARGET 6003 1 1 0 2 0
TARGET 6004 1 1 0 2 0
TARGET 6005 1 1 0 3 0
TARGET 6006 1 1 0 2 0
TARGET 6007 1 1 0 2 0
TARGET 6008 1 1 0 3 0
TARGET 6009 1 1 0 2 0
TARGET 6010 1 1 0 1 0
TARGET 6011 1 1 0 2 0
TARGET 6012 1 1 0 1 0
TARGET 6013 1 1 0 2 0
TARGET 6014 1 1 0 1 0
TARGET 6015 1 1 0 1 0
TARGET 6016 1 1 0 1 0
TARGET 6017 1 1 0 1 0
TARGET 6018 1 1 0 1 0
TARGET 6019 1 1 0 2 0
TARGET 6020 1 1 0 1 0
TARGET 6021 1 0 0 2 0
TARGET 6022 1 1 0 2 0
TARGET 6023 1 1 0 2 0
TARGET 6024 1 1 0 3 0
TARGET 6025 1 1 0 2 0
TARGET 6026 1 1 0 3 0
TARGET 6027 1 1 0 1 0
TARGET 6028 1 1 0 1 0
TARGET 6029 1 1 0 2 0
TARGET 6030 1 1 0 1 0
TARGET 6031 1 0 0 2 0
TARGET 6032 1 1 0 2 0
TARGET 6033 1 1 0 2 0
TARGET 6034 1 1 0 3 0
TARGET 6035 1 1 0 2 0
TARGET 6036 1 1 0 3 0
TARGET 6037 1 1 0 1 0
TARGET 6038 1 1 0 1 0
TARGET 6039 1 1 0 2 0
TARGET 6040 1 1 0 1 0
TARGET 6041 1 0 0 2 0
TARGET 6042 1 1 0 1 0
TARGET 6043 1 1 0 1 0
TARGET 6044 1 1 0 1 0
TARGET 6045 1 1 0 2 0
TARGET 6046 1 1 0 1 0
TARGET 6047 1 0 0 2 0
TARGET 6048 1 1 0 1 0
TARGET 6049 1 1 0 2 0
TARGET 6050 1 1 0 1 0
TARGET 6051 1 0 0 2 0
TARGET 6052 1 0 0 0 0
TARGET 6053 1 1 0 1 0
TARGET 6054 1 0 0 0 0
TARGET 6055 1 1 0 1 0
TARGET 6056 1 0 0 0 0
TARGET 6057 1 0 0 0 0
TARGET 6058 1 0 0 0 0
TARGET 6059 1 1 0 1 0
TARGET 6060 1 1 0 1 0
TARGET 6061 1 1 0 2 0
TARGET 6062 1 1 0 1 0
TARGET 6063 1 0 0 0 0
TARGET 6064 1 1 0 1 0
TARGET 6065 1 1 0 2 0
TARGET 6066 1 1 0 1 0
TARGET 6067 1 0 0 0 0
TARGET 6068 1 2 0 3 0
TARGET 6069 1 1 0 2 0
TARGET 6070 1 1 0 1 0
TARGET 6071 1 0 0 2 0
TARGET 6072 1 0 0 0 0
TARGET 6073 1 1 0 2 0
TARGET 6074 1 1 0 2 0
TARGET 6075 1 1 0 3 0
TARGET 6076 1 1 0 2 0
TARGET 6077 1 1 0 1 0
TARGET 6078 1 1 0 2 0
TARGET 6079 1 1 0 3 0
TARGET 6080 1 1 0 2 0
TARGET 6081 1 1 0 1 0
TARGET 6082 1 1 0 4 0
TARGET 6083 1 1 0 3 0
TARGET 6084 1 1 0 2 0
TARGET 6085 1 1 0 3 0
TARGET 6086 1 1 0 1 0
TARGET 6087 1 1 0 1 0
TARGET 6088 1 1 0 1 0
TARGET 6089 1 1 0 2 0
TARGET 6090 1 1 0 1 0
TARGET 6091 1 0 0 0 0
TARGET 6092 1 1 0 1 0
TARGET 6093 1 1 0 2 0
TARGET 6094 1 1 0 1 0
TARGET 6095 1 0 0 0 0
TARGET 6096 1 1 0 3 0
TARGET 6097 1 1 0 2 0
TARGET 6098 1 1 0 1 0
TARGET 6099 1 0 0 2 0
TARGET 6100 1 0 0 0 0
TARGET 6101 1 1 0 2 0
TARGET 6102 1 1 0 2 0
TARGET 6103 1 1 0 3 0
TARGET 6104 1 1 0 2 0
TARGET 6105 1 1 0 1 0
TARGET 6106 1 1 0 2 0
TARGET 6107 1 1 0 3 0
TARGET 6108 1 1 0 2 0
TARGET 6109 1 1 0 1 0
TARGET 6110 1 1 0 4 0
TARGET 6111 1 1 0 3 0
TARGET 6112 1 1 0 2 0
TARGET 6113 1 1 0 3 0
TARGET 6114 1 1 0 1 0
TARGET 6115 1 1 0 1 0
TARGET 6116 1 1 0 1 0
TARGET 6117 1 1 0 2 0
TARGET 6118 1 1 0 1 0
TARGET 6119 1 0 0 0 0
TARGET 6120 1 1 0 1 0
TARGET 6121 1 1 0 2 0
TARGET 6122 1 1 0 1 0
TARGET 6123 1 0 0 0 0
TARGET 6124 1 1 0 3 0
TARGET 6125 1 1 0 2 0
TARGET 6126 1 1 0 1 0
TARGET 6127 1 0 0 2 0
TARGET 6128 1 0 0 0 0
TARGET 6129 1 1 0 1 0
TARGET 6130 1 1 0 1 0
TARGET 6131 1 1 0 1 0
TARGET 6132 1 1 0 2 0
TARGET 6133 1 1 0 1 0
TARGET 6134 1 0 0 0 0
TARGET 6135 1 1 0 1 0
TARGET 6136 1 1 0 1 0
TARGET 6137 1 1 0 2 0
TARGET 6138 1 1 0 1 0
TARGET 6139 1 1 0 2 0
TARGET 6140 1 1 0 1 0
TARGET 6141 1 0 0 0 0
TARGET 6142 1 1 0 3 0
TARGET 6143 1 1 0 2 0
TARGET 6144 1 1 0 1 0
TARGET 6145 1 0 0 2 0
TARGET 6146 1 0 0 0 0
TARGET 6147 1 0 0 0 0
TARGET 6148 1 1 0 1 0
TARGET 6149 1 1 0 2 0
TARGET 6150 1 1 0 1 0
TARGET 6151 1 0 0 0 0
TARGET 6152 1 1 0 3 0
TARGET 6153 1 1 0 2 0
TARGET 6154 1 1 0 1 0
TARGET 6155 1 0 0 2 0
TARGET 6156 1 0 0 0 0
TARGET 6157 1 0 0 1 0
TARGET 6158 1 0 0 1 0
TARGET 6159 1 0 0 1 0
TARGET 6160 1 0 0 1 0
TARGET 6161 1 0 0 1 0
TARGET 6162 1 0 0 1 0
TARGET 6163 1 0 0 0 0
TARGET 6164 1 0 0 1 0
TARGET 6165 1 0 0 1 0
TARGET 6166 1 0 0 1 0
TARGET 6167 1 0 0 1 0
TARGET 6168 1 0 0 1 0
TARGET 6169 1 0 0 0 0
TARGET 6170 1 0 0 1 0
TARGET 6171 1 0 0 1 0
TARGET 6172 1 0 0 1 0
TARGET 6173 1 0 0 1 0
TARGET 6174 1 0 0 0 0
TARGET 6175 1 0 0 1 0
TARGET 6176 1 0 0 1 0
TARGET 6177 1 0 0 1 0
TARGET 6178 1 0 0 0 0
TARGET 6179 1 0 0 1 0
TARGET 6180 1 0 0 1 0
TARGET 6181 1 0 0 0 0
TARGET 6182 1 0 0 1 0
TARGET 6183 1 0 0 0 0
TARGET 6184 1 0 0 1 0
TARGET 6185 1 0 0 1 0
TARGET 6186 1 0 0 1 0
TARGET 6187 1 0 0 1 0
TARGET 6188 1 0 0 1 0
TARGET 6189 1 0 0 1 0
TARGET 6190 1 0 0 1 0
TARGET 6191 1 0 0 1 0
TARGET 6192 1 0 0 1 0
TARGET 6193 1 0 0 1 0
TARGET 6194 1 0 0 1 0
TARGET 6195 1 0 0 1 0
TARGET 6196 1 0 0 1 0
TARGET 6197 1 0 0 1 0
TARGET 6198 1 0 0 1 0
TARGET 6199 1 0 0 1 0
TARGET 6200 1 0 0 1 0
TARGET 6201 1 0 0 1 0
TARGET 6202 1 0 0 1 0
TARGET 6203 1 0 0 1 0
TARGET 6204 1 0 0 1 0
TARGET 6205 1 0 0 1 0
TARGET 6206 1 0 0 1 0
TARGET 6207 1 0 0 1 0
TARGET 6208 1 0 0 1 0
TARGET 6209 1 0 0 1 0
TARGET 6210 1 0 0 1 0
TARGET 6211 1 0 0 1 0
TARGET 6212 1 0 0 1 0
TARGET 6213 1 0 0 1 0
TARGET 6214 1 0 0 0 0
TARGET 6215 1 0 0 0 0
TARGET 6216 1 0 0 0 0
TARGET 6217 1 0 0 0 0
TARGET 6218 1 0 0 0 0
TARGET 6219 1 0 0 1 0
TARGET 6220 1 0 0 1 0
TARGET 6221 1 0 0 1 0
TARGET 6222 1 0 0 1 0
TARGET 6223 1 0 0 1 0
TARGET 6224 1 0 0 0 0
TARGET 6225 1 1 0 1 0
TARGET 6226 1 0 0 1 0
TARGET 6227 1 1 0 1 0
TARGET 6228 1 0 0 1 0
TARGET 6229 1 0 0 0 0
TARGET 6230 1 0 0 1 0
TARGET 6231 1 0 0 1 0
TARGET 6232 1 0 0 1 0
TARGET 6233 1 0 0 0 0
TARGET 6234 1 1 0 1 0
TARGET 6235 1 0 0 1 0
TARGET 6236 1 0 0 0 0
TARGET 6237 1 0 0 1 0
TARGET 6238 1 0 0 0 0
TARGET 6239 1 0 0 1 0
TARGET 6240 1 0 0 1 0
TARGET 6241 1 0 0 1 0
TARGET 6242 1 0 0 1 0
TARGET 6243 1 0 0 1 0
TARGET 6244 1 0 0 0 0
TARGET 6245 1 0 0 1 0
TARGET 6246 1 0 0 1 0
TARGET 6247 1 0 0 1 0
TARGET 6248 1 0 0 1 0
TARGET 6249 1 0 0 0 0
TARGET 6250 1 0 0 1 0
TARGET 6251 1 0 0 1 0
TARGET 6252 1 0 0 1 0
TARGET 6253 1 0 0 0 0
TARGET 6254 1 0 0 1 0
TARGET 6255 1 0 0 1 0
TARGET 6256 1 0 0 0 0
TARGET 6257 1 0 0 1 0
TARGET 6258 1 0 0 0 0
TARGET 6259 1 0 0 1 0
TARGET 6260 1 0 0 1 0
TARGET 6261 1 0 0 1 0
TARGET 6262 1 0 0 1 0
TARGET 6263 1 0 0 1 0
TARGET 6264 1 0 0 1 0
TARGET 6265 1 0 0 1 0
TARGET 6266 1 0 0 1 0
TARGET 6267 1 0 0 1 0
TARGET 6268 1 0 0 1 0
TARGET 6269 1 0 0 1 0
TARGET 6270 1 0 0 1 0
TARGET 6271 1 0 0 1 0
TARGET 6272 1 0 0 1 0
TARGET 6273 1 0 0 1 0
TARGET 6274 1 0 0 0 0
TARGET 6275 1 0 0 0 0
TARGET 6276 1 0 0 0 0
TARGET 6277 1 0 0 1 0
TARGET 6278 1 0 0 1 0
TARGET 6279 1 1 0 1 0
TARGET 6280 1 0 0 1 0
TARGET 6281 1 0 0 1 0
TARGET 6282 1 0 0 1 0
TARGET 6283 1 0 0 1 0
TARGET 6284 1 0 0 1 0
TARGET 6285 1 0 0 1 0
TARGET 6286 1 0 0 1 0
TARGET 6287 1 1 0 1 0
TARGET 6288 1 0 0 1 0
TARGET 6289 1 0 0 0 0
TARGET 6290 1 0 0 0 0
TARGET 6291 1 0 0 0 0
TARGET 6292 1 0 0 1 0
TARGET 6293 1 0 0 1 0
TARGET 6294 1 0 0 1 0
TARGET 6295 1 0 0 0 0
TARGET 6296 1 0 0 1 0
TARGET 6297 1 0 0 1 0
TARGET 6298 1 0 0 0 0
TARGET 6299 1 0 0 1 0
TARGET 6300 1 0 0 0 0
TARGET 6301 1 0 0 1 0
TARGET 6302 1 0 0 1 0
TARGET 6303 1 0 0 1 0
TARGET 6304 1 0 0 0 0
TARGET 6305 1 0 0 1 0
TARGET 6306 1 0 0 1 0
TARGET 6307 1 0 0 0 0
TARGET 6308 1 0 0 1 0
TARGET 6309 1 0 0 0 0
TARGET 6310 1 0 0 1 0
TARGET 6311 1 0 0 1 0
TARGET 6312 1 0 0 1 0
TARGET 6313 1 0 0 0 0
TARGET 6314 1 1 0 1 0
TARGET 6315 1 0 0 1 0
TARGET 6316 1 0 0 0 0
TARGET 6317 1 0 0 1 0
TARGET 6318 1 0 0 0 0
TARGET 6319 1 0 0 1 0
TARGET 6320 1 0 0 1 0
TARGET 6321 1 0 0 1 0
TARGET 6322 1 0 0 1 0
TARGET 6323 1 0 0 1 0
TARGET 6324 1 0 0 1 0
TARGET 6325 1 0 0 1 0
TARGET 6326 1 0 0 1 0
TARGET 6327 1 0 0 1 0
TARGET 6328 1 0 0 1 0
TARGET 6329 1 0 0 1 0
TARGET 6330 1 0 0 1 0
TARGET 6331 1 0 0 1 0
TARGET 6332 1 0 0 1 0
TARGET 6333 1 0 0 1 0
TARGET 6334 1 0 0 1 0
TARGET 6335 1 0 0 1 0
TARGET 6336 1 0 0 1 0
TARGET 6337 1 0 0 1 0
TARGET 6338 1 0 0 1 0
TARGET 6339 1 0 0 1 0
TARGET 6340 1 0 0 1 0
TARGET 6341 1 0 0 1 0
TARGET 6342 1 0 0 1 0
TARGET 6343 1 0 0 1 0
TARGET 6344 1 0 0 1 0
TARGET 6345 1 0 0 1 0
TARGET 6346 1 0 0 1 0
TARGET 6347 1 0 0 1 0
TARGET 6348 1 0 0 1 0
TARGET 6349 1 0 0 1 0
TARGET 6350 1 0 0 1 0
TARGET 6351 1 0 0 1 0
TARGET 6352 1 0 0 1 0
TARGET 6353 1 0 0 1 0
TARGET 6354 1 0 0 1 0
TARGET 6355 1 0 0 0 0
TARGET 6356 1 0 0 0 0
TARGET 6357 1 0 0 0 0
TARGET 6358 1 0 0 0 0
TARGET 6359 1 0 0 0 0
TARGET 6360 1 0 0 0 0
TARGET 6361 1 1 0 1 0
TARGET 6362 1 0 0 1 0
TARGET 6363 1 0 0 1 0
TARGET 6364 1 0 0 1 0
TARGET 6365 1 1 0 1 0
TARGET 6366 1 0 0 1 0
TARGET 6367 1 0 0 1 0
TARGET 6368 1 0 0 1 0
TARGET 6369 1 1 0 1 0
TARGET 6370 1 0 0 1 0
TARGET 6371 1 0 0 0 0
TARGET 6372 1 0 0 1 0
TARGET 6373 1 0 0 1 0
TARGET 6374 1 0 0 1 0
TARGET 6375 1 0 0 1 0
TARGET 6376 1 0 0 1 0
TARGET 6377 1 0 0 1 0
TARGET 6378 1 0 0 1 0
TARGET 6379 1 0 0 1 0
TARGET 6380 1 0 0 1 0
TARGET 6381 1 0 0 1 0
TARGET 6382 1 0 0 1 0
TARGET 6383 1 0 0 1 0
TARGET 6384 1 0 0 0 0
TARGET 6385 1 0 0 1 0
TARGET 6386 1 0 0 1 0
TARGET 6387 1 0 0 1 0
TARGET 6388 1 1 0 1 0
TARGET 6389 1 0 0 1 0
TARGET 6390 1 0 0 1 0
TARGET 6391 1 0 0 0 0
TARGET 6392 1 0 0 1 0
TARGET 6393 1 0 0 1 0
TARGET 6394 1 0 0 0 0
TARGET 6395 1 0 0 1 0
TARGET 6396 1 0 0 0 0
TARGET 6397 1 0 0 1 0
TARGET 6398 1 0 0 1 0
TARGET 6399 1 0 0 1 0
TARGET 6400 1 1 0 1 0
TARGET 6401 1 0 0 1 0
TARGET 6402 1 0 0 1 0
TARGET 6403 1 0 0 1 0
TARGET 6404 1 0 0 1 0
TARGET 6405 1 0 0 1 0
TARGET 6406 1 0 0 0 0
TARGET 6407 1 0 0 0 0
TARGET 6408 1 0 0 0 0
TARGET 6409 1 0 0 0 0
TARGET 6410 1 0 0 0 0
TARGET 6411 1 0 0 1 0
TARGET 6412 1 0 0 1 0
TARGET 6413 1 0 0 1 0
TARGET 6414 1 0 0 1 0
TARGET 6415 1 0 0 0 0
TARGET 6416 1 0 0 1 0
TARGET 6417 1 0 0 1 0
TARGET 6418 1 0 0 1 0
TARGET 6419 1 0 0 0 0
TARGET 6420 1 0 0 1 0
TARGET 6421 1 0 0 1 0
TARGET 6422 1 0 0 0 0
TARGET 6423 1 0 0 1 0
TARGET 6424 1 0 0 0 0
TARGET 6425 1 0 0 1 0
TARGET 6426 1 0 0 1 0
TARGET 6427 1 0 0 1 0
TARGET 6428 1 0 0 1 0
TARGET 6429 1 0 0 1 0
TARGET 6430 1 0 0 1 0
TARGET 6431 1 0 0 1 0
TARGET 6432 1 0 0 1 0
TARGET 6433 1 0 0 1 0
TARGET 6434 1 0 0 1 0
TARGET 6435 1 0 0 1 0
TARGET 6436 1 0 0 1 0
TARGET 6437 1 0 0 1 0
TARGET 6438 1 0 0 1 0
TARGET 6439 1 0 0 1 0
TARGET 6440 1 0 0 1 0
TARGET 6441 1 0 0 0 0
TARGET 6442 1 0 0 0 0
TARGET 6443 1 0 0 0 0
TARGET 6444 1 0 0 0 0
TARGET 6445 1 0 0 1 0
TARGET 6446 1 0 0 1 0
TARGET 6447 1 0 0 1 0
TARGET 6448 1 0 0 0 0
TARGET 6449 1 0 0 1 0
TARGET 6450 1 0 0 1 0
TARGET 6451 1 0 0 0 0
TARGET 6452 1 0 0 1 0
TARGET 6453 1 0 0 0 0
TARGET 6454 1 0 0 1 0
TARGET 6455 1 0 0 1 0
TARGET 6456 1 0 0 1 0
TARGET 6457 1 0 0 0 0
TARGET 6458 1 0 0 1 0
TARGET 6459 1 0 0 1 0
TARGET 6460 1 0 0 0 0
TARGET 6461 1 0 0 1 0
TARGET 6462 1 0 0 0 0
TARGET 6463 1 1 0 1 0
TARGET 6464 1 0 0 1 0
TARGET 6465 1 0 0 1 0
TARGET 6466 1 0 0 0 0
TARGET 6467 1 0 0 1 0
TARGET 6468 1 0 0 1 0
TARGET 6469 1 0 0 0 0
TARGET 6470 1 0 0 1 0
TARGET 6471 1 0 0 0 0
TARGET 6472 1 0 0 1 0
TARGET 6473 1 0 0 1 0
TARGET 6474 1 0 0 1 0
TARGET 6475 1 0 0 0 0
TARGET 6476 1 0 0 1 0
TARGET 6477 1 0 0 1 0
TARGET 6478 1 0 0 0 0
TARGET 6479 1 0 0 1 0
TARGET 6480 1 0 0 0 0
TARGET 6481 1 0 0 1 0
TARGET 6482 1 0 0 1 0
TARGET 6483 1 0 0 1 0
TARGET 6484 1 0 0 1 0
TARGET 6485 1 0 0 1 0
TARGET 6486 1 0 0 1 0
TARGET 6487 1 0 0 0 0
TARGET 6488 1 0 0 1 0
TARGET 6489 1 0 0 1 0
TARGET 6490 1 0 0 1 0
TARGET 6491 1 0 0 1 0
TARGET 6492 1 0 0 1 0
TARGET 6493 1 0 0 0 0
TARGET 6494 1 0 0 1 0
TARGET 6495 1 0 0 1 0
TARGET 6496 1 0 0 1 0
TARGET 6497 1 0 0 1 0
TARGET 6498 1 0 0 0 0
TARGET 6499 1 0 0 1 0
TARGET 6500 1 0 0 1 0
TARGET 6501 1 0 0 1 0
TARGET 6502 1 0 0 0 0
TARGET 6503 1 0 0 1 0
TARGET 6504 1 0 0 1 0
TARGET 6505 1 0 0 0 0
TARGET 6506 1 0 0 1 0
TARGET 6507 1 0 0 0 0
TARGET 6508 1 0 0 1 0
TARGET 6509 1 0 0 1 0
TARGET 6510 1 0 0 1 0
TARGET 6511 1 0 0 1 0
TARGET 6512 1 0 0 1 0
TARGET 6513 1 0 0 1 0
TARGET 6514 1 0 0 1 0
TARGET 6515 1 0 0 1 0
TARGET 6516 1 0 0 1 0
TARGET 6517 1 0 0 1 0
TARGET 6518 1 0 0 1 0
TARGET 6519 1 0 0 1 0
TARGET 6520 1 0 0 1 0
TARGET 6521 1 0 0 1 0
TARGET 6522 1 0 0 1 0
TARGET 6523 1 0 0 1 0
TARGET 6524 1 0 0 1 0
TARGET 6525 1 0 0 1 0
TARGET 6526 1 0 0 1 0
TARGET 6527 1 0 0 1 0
TARGET 6528 1 0 0 1 0
TARGET 6529 1 0 0 1 0
TARGET 6530 1 0 0 1 0
TARGET 6531 1 0 0 1 0
TARGET 6532 1 0 0 1 0
TARGET 6533 1 0 0 1 0
TARGET 6534 1 0 0 1 0
TARGET 6535 1 0 0 1 0
TARGET 6536 1 0 0 1 0
TARGET 6537 1 0 0 1 0
TARGET 6538 1 0 0 0 0
TARGET 6539 1 0 0 0 0
TARGET 6540 1 0 0 0 0
TARGET 6541 1 0 0 0 0
TARGET 6542 1 0 0 0 0
TARGET 6543 1 0 0 1 0
TARGET 6544 1 0 0 1 0
TARGET 6545 1 0 0 1 0
TARGET 6546 1 0 0 1 0
TARGET 6547 1 0 0 1 0
TARGET 6548 1 0 0 0 0
TARGET 6549 1 0 0 1 0
TARGET 6550 1 0 0 1 0
TARGET 6551 1 0 0 1 0
TARGET 6552 1 0 0 1 0
TARGET 6553 1 0 0 0 0
TARGET 6554 1 0 0 1 0
TARGET 6555 1 0 0 1 0
TARGET 6556 1 0 0 1 0
TARGET 6557 1 0 0 0 0
TARGET 6558 1 0 0 1 0
TARGET 6559 1 0 0 1 0
TARGET 6560 1 0 0 0 0
TARGET 6561 1 0 0 1 0
TARGET 6562 1 0 0 0 0
TARGET 6563 1 1 0 1 0
TARGET 6564 1 0 0 1 0
TARGET 6565 1 0 0 1 0
TARGET 6566 1 0 0 1 0
TARGET 6567 1 1 0 1 0
TARGET 6568 1 0 0 1 0
TARGET 6569 1 0 0 1 0
TARGET 6570 1 1 0 1 0
TARGET 6571 1 0 0 0 0
TARGET 6572 1 0 0 1 0
TARGET 6573 1 0 0 1 0
TARGET 6574 1 0 0 1 0
TARGET 6575 1 0 0 1 0
TARGET 6576 1 0 0 1 0
TARGET 6577 1 0 0 1 0
TARGET 6578 1 0 0 1 0
TARGET 6579 1 0 0 1 0
TARGET 6580 1 0 0 0 0
TARGET 6581 1 0 0 1 0
TARGET 6582 1 0 0 1 0
TARGET 6583 1 0 0 1 0
TARGET 6584 1 0 0 0 0
TARGET 6585 1 1 0 1 0
TARGET 6586 1 0 0 1 0
TARGET 6587 1 0 0 0 0
TARGET 6588 1 0 0 1 0
TARGET 6589 1 0 0 0 0
TARGET 6590 1 0 0 1 0
TARGET 6591 1 0 0 1 0
TARGET 6592 1 0 0 1 0
TARGET 6593 1 0 0 1 0
TARGET 6594 1 0 0 1 0
TARGET 6595 1 0 0 1 0
TARGET 6596 1 1 0 1 0
TARGET 6597 1 0 0 1 0
TARGET 6598 1 0 0 0 0
TARGET 6599 1 0 0 0 0
TARGET 6600 1 0 0 0 0
TARGET 6601 1 0 0 1 0
TARGET 6602 1 0 0 1 0
TARGET 6603 1 0 0 1 0
TARGET 6604 1 0 0 1 0
TARGET 6605 1 0 0 0 0
TARGET 6606 1 0 0 1 0
TARGET 6607 1 0 0 1 0
TARGET 6608 1 0 0 1 0
TARGET 6609 1 0 0 0 0
TARGET 6610 1 0 0 1 0
TARGET 6611 1 0 0 1 0
TARGET 6612 1 0 0 0 0
TARGET 6613 1 0 0 1 0
TARGET 6614 1 0 0 0 0
TARGET 6615 1 0 0 1 0
TARGET 6616 1 0 0 1 0
TARGET 6617 1 0 0 1 0
TARGET 6618 1 0 0 1 0
TARGET 6619 1 0 0 0 0
TARGET 6620 1 0 0 1 0
TARGET 6621 1 0 0 1 0
TARGET 6622 1 0 0 1 0
TARGET 6623 1 0 0 0 0
TARGET 6624 1 0 0 1 0
TARGET 6625 1 0 0 1 0
TARGET 6626 1 0 0 0 0
TARGET 6627 1 0 0 1 0
TARGET 6628 1 0 0 0 0
TARGET 6629 1 0 0 1 0
TARGET 6630 1 0 0 1 0
TARGET 6631 1 0 0 1 0
TARGET 6632 1 0 0 1 0
TARGET 6633 1 0 0 0 0
TARGET 6634 1 0 0 1 0
TARGET 6635 1 0 0 1 0
TARGET 6636 1 0 0 1 0
TARGET 6637 1 0 0 0 0
TARGET 6638 1 1 0 1 0
TARGET 6639 1 0 0 1 0
TARGET 6640 1 0 0 0 0
TARGET 6641 1 0 0 1 0
TARGET 6642 1 0 0 0 0
TARGET 6643 1 1 0 4 0
TARGET 6644 1 1 0 3 0
TARGET 6645 1 1 0 3 0
TARGET 6646 1 1 0 4 0
TARGET 6647 1 1 0 3 0
TARGET 6648 1 1 0 3 0
TARGET 6649 1 3 0 4 0
TARGET 6650 1 2 0 3 0
TARGET 6651 1 2 0 3 0
TARGET 6652 1 1 0 3 0
TARGET 6653 1 1 0 2 0
TARGET 6654 1 1 0 2 0
TARGET 6655 1 1 0 3 0
TARGET 6656 1 1 0 2 0
TARGET 6657 1 1 0 2 0
TARGET 6658 1 2 0 3 0
TARGET 6659 1 1 0 2 0
TARGET 6660 1 1 0 2 0
TARGET 6661 1 1 0 3 0
TARGET 6662 1 1 0 3 0
TARGET 6663 1 1 0 3 0
TARGET 6664 1 1 0 4 0
TARGET 6665 1 1 0 3 0
TARGET 6666 1 1 0 3 0
TARGET 6667 1 1 0 4 0
TARGET 6668 1 1 0 2 0
TARGET 6669 1 1 0 2 0
TARGET 6670 1 1 0 2 0
TARGET 6671 1 1 0 3 0
TARGET 6672 1 1 0 2 0
TARGET 6673 1 1 0 2 0
TARGET 6674 1 1 0 3 0
TARGET 6675 1 1 0 2 0
TARGET 6676 1 1 0 3 0
TARGET 6677 1 1 0 2 0
TARGET 6678 1 1 0 2 0
TARGET 6679 1 1 0 3 0
TARGET 6680 1 1 0 2 0
TARGET 6681 1 1 0 2 0
TARGET 6682 1 1 0 3 0
TARGET 6683 1 1 0 2 0
TARGET 6684 1 1 0 2 0
TARGET 6685 1 1 0 3 0
TARGET 6686 1 1 0 2 0
TARGET 6687 1 1 0 2 0
TARGET 6688 1 1 0 3 0
TARGET 6689 1 1 0 3 0
TARGET 6690 1 1 0 4 0
TARGET 6691 1 1 0 3 0
TARGET 6692 1 1 0 3 0
TARGET 6693 1 1 0 4 0
TARGET 6694 1 1 0 2 0
TARGET 6695 1 1 0 2 0
TARGET 6696 1 1 0 3 0
TARGET 6697 1 1 0 2 0
TARGET 6698 1 1 0 2 0
TARGET 6699 1 1 0 3 0
TARGET 6700 1 1 0 2 0
TARGET 6701 1 1 0 3 0
TARGET 6702 1 1 0 2 0
TARGET 6703 1 1 0 2 0
TARGET 6704 1 1 0 2 0
TARGET 6705 1 1 0 3 0
TARGET 6706 1 1 0 2 0
TARGET 6707 1 1 0 2 0
TARGET 6708 1 1 0 3 0
TARGET 6709 1 2 0 3 0
TARGET 6710 1 1 0 4 0
TARGET 6711 1 1 0 3 0
TARGET 6712 1 1 0 3 0
TARGET 6713 1 1 0 4 0
TARGET 6714 1 1 0 2 0
TARGET 6715 1 1 0 3 0
TARGET 6716 1 1 0 2 0
TARGET 6717 1 1 0 2 0
TARGET 6718 1 1 0 3 0
TARGET 6719 1 1 0 2 0
TARGET 6720 1 1 0 3 0
TARGET 6721 1 1 0 2 0
TARGET 6722 1 1 0 2 0
TARGET 6723 1 1 0 3 0
TARGET 6724 1 1 0 2 0
TARGET 6725 1 1 0 1 0
TARGET 6726 1 1 0 1 0
TARGET 6727 1 1 0 2 0
TARGET 6728 1 1 0 1 0
TARGET 6729 1 1 0 1 0
TARGET 6730 1 1 0 2 0
TARGET 6731 1 1 0 1 0
TARGET 6732 1 1 0 1 0
TARGET 6733 1 1 0 2 0
TARGET 6734 1 1 0 2 0
TARGET 6735 1 1 0 2 0
TARGET 6736 1 1 0 3 0
TARGET 6737 1 1 0 2 0
TARGET 6738 1 1 0 2 0
TARGET 6739 1 1 0 3 0
TARGET 6740 1 1 0 3 0
TARGET 6741 1 1 0 1 0
TARGET 6742 1 1 0 1 0
TARGET 6743 1 1 0 1 0
TARGET 6744 1 1 0 2 0
TARGET 6745 1 1 0 1 0
TARGET 6746 1 1 0 1 0
TARGET 6747 1 1 0 2 0
TARGET 6748 1 0 0 2 0
TARGET 6749 1 1 0 1 0
TARGET 6750 1 1 0 2 0
TARGET 6751 1 1 0 1 0
TARGET 6752 1 1 0 1 0
TARGET 6753 1 1 0 2 0
TARGET 6754 1 1 0 1 0
TARGET 6755 1 1 0 1 0
TARGET 6756 1 1 0 2 0
TARGET 6757 1 0 0 2 0
TARGET 6758 1 1 0 1 0
TARGET 6759 1 1 0 1 0
TARGET 6760 1 1 0 2 0
TARGET 6761 1 1 0 1 0
TARGET 6762 1 1 0 1 0
TARGET 6763 1 1 0 2 0
TARGET 6764 1 1 0 2 0
TARGET 6765 1 1 0 3 0
TARGET 6766 1 1 0 2 0
TARGET 6767 1 1 0 2 0
TARGET 6768 1 1 0 3 0
TARGET 6769 1 1 0 3 0
TARGET 6770 1 1 0 1 0
TARGET 6771 1 1 0 1 0
TARGET 6772 1 1 0 2 0
TARGET 6773 1 1 0 1 0
TARGET 6774 1 1 0 1 0
TARGET 6775 1 1 0 2 0
TARGET 6776 1 0 0 2 0
TARGET 6777 1 1 0 1 0
TARGET 6778 1 1 0 2 0
TARGET 6779 1 1 0 1 0
TARGET 6780 1 1 0 1 0
TARGET 6781 1 1 0 1 0
TARGET 6782 1 1 0 2 0
TARGET 6783 1 1 0 1 0
TARGET 6784 1 1 0 1 0
TARGET 6785 1 1 0 2 0
TARGET 6786 1 0 0 2 0
TARGET 6787 1 1 0 2 0
TARGET 6788 1 1 0 3 0
TARGET 6789 1 1 0 2 0
TARGET 6790 1 1 0 2 0
TARGET 6791 1 1 0 3 0
TARGET 6792 1 1 0 3 0
TARGET 6793 1 1 0 1 0
TARGET 6794 1 1 0 2 0
TARGET 6795 1 1 0 1 0
TARGET 6796 1 1 0 1 0
TARGET 6797 1 1 0 2 0
TARGET 6798 1 0 0 2 0
TARGET 6799 1 1 0 1 0
TARGET 6800 1 1 0 2 0
TARGET 6801 1 1 0 1 0
TARGET 6802 1 1 0 1 0
TARGET 6803 1 1 0 2 0
TARGET 6804 1 0 0 2 0
TARGET 6805 1 1 0 1 0
TARGET 6806 1 0 0 0 0
TARGET 6807 1 0 0 0 0
TARGET 6808 1 1 0 1 0
TARGET 6809 1 0 0 0 0
TARGET 6810 1 0 0 0 0
TARGET 6811 1 1 0 1 0
TARGET 6812 1 0 0 0 0
TARGET 6813 1 0 0 0 0
TARGET 6814 1 1 0 2 0
TARGET 6815 1 1 0 2 0
TARGET 6816 1 1 0 2 0
TARGET 6817 1 1 0 3 0
TARGET 6818 1 1 0 2 0
TARGET 6819 1 1 0 2 0
TARGET 6820 1 1 0 3 0
TARGET 6821 1 1 0 1 0
TARGET 6822 1 1 0 2 0
TARGET 6823 1 1 0 2 0
TARGET 6824 1 2 0 3 0
TARGET 6825 1 1 0 2 0
TARGET 6826 1 1 0 2 0
TARGET 6827 1 1 0 3 0
TARGET 6828 1 1 0 1 0
TARGET 6829 1 1 0 2 0
TARGET 6830 1 1 0 3 0
TARGET 6831 1 1 0 2 0
TARGET 6832 1 1 0 2 0
TARGET 6833 1 1 0 3 0
TARGET 6834 1 1 0 1 0
TARGET 6835 1 3 0 4 0
TARGET 6836 1 2 0 3 0
TARGET 6837 1 1 0 3 0
TARGET 6838 1 1 0 4 0
TARGET 6839 1 1 0 2 0
TARGET 6840 1 1 0 2 0
TARGET 6841 1 1 0 3 0
TARGET 6842 1 1 0 3 0
TARGET 6843 1 1 0 1 0
TARGET 6844 1 1 0 2 0
TARGET 6845 1 1 0 3 0
TARGET 6846 1 1 0 1 0
TARGET 6847 1 1 0 4 0
TARGET 6848 1 1 0 3 0
TARGET 6849 1 1 0 1 0
TARGET 6850 1 1 0 1 0
TARGET 6851 1 1 0 1 0
TARGET 6852 1 1 0 2 0
TARGET 6853 1 1 0 1 0
TARGET 6854 1 1 0 1 0
TARGET 6855 1 1 0 2 0
TARGET 6856 1 0 0 0 0
TARGET 6857 1 1 0 1 0
TARGET 6858 1 1 0 1 0
TARGET 6859 1 1 0 2 0
TARGET 6860 1 1 0 1 0
TARGET 6861 1 1 0 1 0
TARGET 6862 1 1 0 2 0
TARGET 6863 1 0 0 0 0
TARGET 6864 1 1 0 1 0
TARGET 6865 1 1 0 2 0
TARGET 6866 1 1 0 1 0
TARGET 6867 1 1 0 1 0
TARGET 6868 1 1 0 2 0
TARGET 6869 1 0 0 0 0
TARGET 6870 1 2 0 3 0
TARGET 6871 1 1 0 2 0
TARGET 6872 1 1 0 2 0
TARGET 6873 1 1 0 3 0
TARGET 6874 1 1 0 1 0
TARGET 6875 1 1 0 1 0
TARGET 6876 1 1 0 2 0
TARGET 6877 1 0 0 2 0
TARGET 6878 1 0 0 0 0
TARGET 6879 1 1 0 1 0
TARGET 6880 1 1 0 2 0
TARGET 6881 1 0 0 0 0
TARGET 6882 1 1 0 3 0
TARGET 6883 1 0 0 2 0
TARGET 6884 1 1 0 1 0
TARGET 6885 1 1 0 2 0
TARGET 6886 1 1 0 1 0
TARGET 6887 1 1 0 1 0
TARGET 6888 1 1 0 2 0
TARGET 6889 1 1 0 1 0
TARGET 6890 1 1 0 1 0
TARGET 6891 1 1 0 2 0
TARGET 6892 1 1 0 1 0
TARGET 6893 1 1 0 1 0
TARGET 6894 1 1 0 2 0
TARGET 6895 1 1 0 1 0
TARGET 6896 1 1 0 1 0
TARGET 6897 1 0 0 0 0
TARGET 6898 1 1 0 2 0
TARGET 6899 1 1 0 2 0
TARGET 6900 1 1 0 3 0
TARGET 6901 1 1 0 2 0
TARGET 6902 1 1 0 2 0
TARGET 6903 1 2 0 3 0
TARGET 6904 1 1 0 1 0
TARGET 6905 1 1 0 1 0
TARGET 6906 1 1 0 2 0
TARGET 6907 1 1 0 1 0
TARGET 6908 1 1 0 1 0
TARGET 6909 1 1 0 2 0
TARGET 6910 1 0 0 0 0
TARGET 6911 1 1 0 1 0
TARGET 6912 1 1 0 2 0
TARGET 6913 1 1 0 1 0
TARGET 6914 1 1 0 1 0
TARGET 6915 1 1 0 2 0
TARGET 6916 1 0 0 0 0
TARGET 6917 1 1 0 3 0
TARGET 6918 1 1 0 2 0
TARGET 6919 1 1 0 2 0
TARGET 6920 1 1 0 3 0
TARGET 6921 1 1 0 1 0
TARGET 6922 1 1 0 1 0
TARGET 6923 1 1 0 2 0
TARGET 6924 1 0 0 2 0
TARGET 6925 1 0 0 0 0
TARGET 6926 1 1 0 1 0
TARGET 6927 1 1 0 2 0
TARGET 6928 1 0 0 0 0
TARGET 6929 1 2 0 3 0
TARGET 6930 1 0 0 2 0
TARGET 6931 1 1 0 1 0
TARGET 6932 1 1 0 1 0
TARGET 6933 1 1 0 2 0
TARGET 6934 1 1 0 1 0
TARGET 6935 1 1 0 1 0
TARGET 6936 1 1 0 2 0
TARGET 6937 1 1 0 1 0
TARGET 6938 1 1 0 2 0
TARGET 6939 1 1 0 1 0
TARGET 6940 1 1 0 1 0
TARGET 6941 1 1 0 1 0
TARGET 6942 1 1 0 2 0
TARGET 6943 1 1 0 1 0
TARGET 6944 1 1 0 1 0
TARGET 6945 1 1 0 2 0
TARGET 6946 1 1 0 2 0
TARGET 6947 1 1 0 3 0
TARGET 6948 1 1 0 2 0
TARGET 6949 1 1 0 2 0
TARGET 6950 1 1 0 3 0
TARGET 6951 1 1 0 1 0
TARGET 6952 1 1 0 2 0
TARGET 6953 1 1 0 1 0
TARGET 6954 1 1 0 1 0
TARGET 6955 1 1 0 2 0
TARGET 6956 1 1 0 1 0
TARGET 6957 1 1 0 2 0
TARGET 6958 1 1 0 1 0
TARGET 6959 1 1 0 1 0
TARGET 6960 1 1 0 2 0
TARGET 6961 1 1 0 1 0
TARGET 6962 1 0 0 0 0
TARGET 6963 1 0 0 0 0
TARGET 6964 1 1 0 1 0
TARGET 6965 1 0 0 0 0
TARGET 6966 1 0 0 0 0
TARGET 6967 1 1 0 2 0
TARGET 6968 1 1 0 2 0
TARGET 6969 1 1 0 3 0
TARGET 6970 1 1 0 2 0
TARGET 6971 1 1 0 2 0
TARGET 6972 1 1 0 3 0
TARGET 6973 1 1 0 1 0
TARGET 6974 1 1 0 2 0
TARGET 6975 1 1 0 3 0
TARGET 6976 1 1 0 2 0
TARGET 6977 1 1 0 2 0
TARGET 6978 1 1 0 3 0
TARGET 6979 1 1 0 1 0
TARGET 6980 1 1 0 4 0
TARGET 6981 1 1 0 3 0
TARGET 6982 1 1 0 3 0
TARGET 6983 1 1 0 4 0
TARGET 6984 1 1 0 2 0
TARGET 6985 1 1 0 2 0
TARGET 6986 1 1 0 3 0
TARGET 6987 1 1 0 3 0
TARGET 6988 1 1 0 1 0
TARGET 6989 1 1 0 2 0
TARGET 6990 1 2 0 3 0
TARGET 6991 1 1 0 1 0
TARGET 6992 1 3 0 4 0
TARGET 6993 1 1 0 3 0
TARGET 6994 1 1 0 1 0
TARGET 6995 1 1 0 1 0
TARGET 6996 1 1 0 2 0
TARGET 6997 1 1 0 1 0
TARGET 6998 1 1 0 1 0
TARGET 6999 1 1 0 2 0
TARGET 7000 1 0 0 0 0
PASS_1962_MONOMIAL_INTERVAL 6001 7000 1000 0
