TARGET 17001 1 1 0 2 0
TARGET 17002 1 1 0 2 0
TARGET 17003 1 1 0 3 0
TARGET 17004 1 1 0 2 0
TARGET 17005 1 1 0 1 0
TARGET 17006 1 1 0 2 0
TARGET 17007 1 1 0 1 0
TARGET 17008 1 0 0 1 0
TARGET 17009 1 1 0 2 0
TARGET 17010 1 1 0 1 0
TARGET 17011 1 0 0 1 0
TARGET 17012 1 1 0 2 0
TARGET 17013 1 0 0 1 0
TARGET 17014 1 0 0 1 0
TARGET 17015 1 1 0 2 0
TARGET 17016 1 0 0 1 0
TARGET 17017 1 1 0 1 0
TARGET 17018 1 0 0 1 0
TARGET 17019 1 1 0 2 0
TARGET 17020 1 1 0 1 0
TARGET 17021 1 0 0 1 0
TARGET 17022 1 1 0 2 0
TARGET 17023 1 1 0 1 0
TARGET 17024 1 1 0 2 0
TARGET 17025 1 0 0 1 0
TARGET 17026 1 0 0 1 0
TARGET 17027 1 1 0 2 0
TARGET 17028 1 0 0 1 0
TARGET 17029 1 0 0 0 0
TARGET 17030 1 0 0 0 0
TARGET 17031 1 0 0 0 0
TARGET 17032 1 1 0 1 0
TARGET 17033 1 0 0 0 0
TARGET 17034 1 0 0 0 0
TARGET 17035 1 1 0 1 0
TARGET 17036 1 0 0 0 0
TARGET 17037 1 1 0 1 0
TARGET 17038 1 0 0 1 0
TARGET 17039 1 1 0 2 0
TARGET 17040 1 1 0 1 0
TARGET 17041 1 0 0 1 0
TARGET 17042 1 1 0 1 0
TARGET 17043 1 0 0 1 0
TARGET 17044 1 0 0 0 0
TARGET 17045 1 0 0 1 0
TARGET 17046 1 1 0 2 0
TARGET 17047 1 0 0 1 0
TARGET 17048 1 0 0 1 0
TARGET 17049 1 0 0 1 0
TARGET 17050 1 0 0 1 0
TARGET 17051 1 0 0 0 0
TARGET 17052 1 1 0 3 0
TARGET 17053 1 1 0 2 0
TARGET 17054 1 1 0 2 0
TARGET 17055 1 1 0 2 0
TARGET 17056 1 1 0 2 0
TARGET 17057 1 1 0 1 0
TARGET 17058 1 0 0 1 0
TARGET 17059 1 1 0 1 0
TARGET 17060 1 0 0 1 0
TARGET 17061 1 0 0 2 0
TARGET 17062 1 0 0 0 0
TARGET 17063 1 0 0 1 0
TARGET 17064 1 0 0 1 0
TARGET 17065 1 0 0 1 0
TARGET 17066 1 0 0 0 0
TARGET 17067 1 1 0 1 0
TARGET 17068 1 0 0 1 0
TARGET 17069 1 0 0 0 0
TARGET 17070 1 0 0 1 0
TARGET 17071 1 0 0 0 0
TARGET 17072 1 0 0 1 0
TARGET 17073 1 1 0 1 0
TARGET 17074 1 1 0 2 0
TARGET 17075 1 1 0 1 0
TARGET 17076 1 0 0 1 0
TARGET 17077 1 1 0 2 0
TARGET 17078 1 1 0 1 0
TARGET 17079 1 0 0 1 0
TARGET 17080 1 1 0 2 0
TARGET 17081 1 0 0 1 0
TARGET 17082 1 0 0 1 0
TARGET 17083 1 0 0 1 0
TARGET 17084 1 0 0 1 0
TARGET 17085 1 0 0 1 0
TARGET 17086 1 1 0 2 0
TARGET 17087 1 0 0 1 0
TARGET 17088 1 0 0 1 0
TARGET 17089 1 1 0 2 0
TARGET 17090 1 0 0 1 0
TARGET 17091 1 1 0 2 0
TARGET 17092 1 1 0 3 0
TARGET 17093 1 1 0 2 0
TARGET 17094 1 1 0 2 0
TARGET 17095 1 1 0 3 0
TARGET 17096 1 1 0 2 0
TARGET 17097 1 1 0 1 0
TARGET 17098 1 1 0 2 0
TARGET 17099 1 1 0 1 0
TARGET 17100 1 0 0 1 0
TARGET 17101 1 1 0 2 0
TARGET 17102 1 1 0 1 0
TARGET 17103 1 0 0 1 0
TARGET 17104 1 1 0 2 0
TARGET 17105 1 0 0 1 0
TARGET 17106 1 0 0 1 0
TARGET 17107 1 1 0 2 0
TARGET 17108 1 0 0 1 0
TARGET 17109 1 1 0 1 0
TARGET 17110 1 0 0 1 0
TARGET 17111 1 1 0 2 0
TARGET 17112 1 1 0 1 0
TARGET 17113 1 0 0 1 0
TARGET 17114 1 1 0 2 0
TARGET 17115 1 1 0 1 0
TARGET 17116 1 1 0 2 0
TARGET 17117 1 0 0 1 0
TARGET 17118 1 0 0 1 0
TARGET 17119 1 1 0 2 0
TARGET 17120 1 0 0 1 0
TARGET 17121 1 0 0 0 0
TARGET 17122 1 0 0 0 0
TARGET 17123 1 1 0 1 0
TARGET 17124 1 0 0 0 0
TARGET 17125 1 0 0 0 0
TARGET 17126 1 1 0 1 0
TARGET 17127 1 0 0 0 0
TARGET 17128 1 0 0 1 0
TARGET 17129 1 1 0 2 0
TARGET 17130 1 0 0 1 0
TARGET 17131 1 0 0 1 0
TARGET 17132 1 0 0 1 0
TARGET 17133 1 0 0 1 0
TARGET 17134 1 0 0 0 0
TARGET 17135 1 2 0 3 0
TARGET 17136 1 1 0 2 0
TARGET 17137 1 1 0 2 0
TARGET 17138 1 1 0 2 0
TARGET 17139 1 1 0 2 0
TARGET 17140 1 0 0 1 0
TARGET 17141 1 0 0 1 0
TARGET 17142 1 0 0 1 0
TARGET 17143 1 0 0 1 0
TARGET 17144 1 0 0 2 0
TARGET 17145 1 0 0 0 0
TARGET 17146 1 0 0 1 0
TARGET 17147 1 0 0 1 0
TARGET 17148 1 0 0 1 0
TARGET 17149 1 0 0 0 0
TARGET 17150 1 0 0 1 0
TARGET 17151 1 0 0 1 0
TARGET 17152 1 0 0 0 0
TARGET 17153 1 0 0 1 0
TARGET 17154 1 0 0 0 0
TARGET 17155 1 0 0 1 0
TARGET 17156 1 1 0 2 0
TARGET 17157 1 0 0 1 0
TARGET 17158 1 0 0 1 0
TARGET 17159 1 1 0 2 0
TARGET 17160 1 0 0 1 0
TARGET 17161 1 1 0 2 0
TARGET 17162 1 1 0 3 0
TARGET 17163 1 1 0 2 0
TARGET 17164 1 1 0 2 0
TARGET 17165 1 1 0 3 0
TARGET 17166 1 1 0 2 0
TARGET 17167 1 0 0 1 0
TARGET 17168 1 1 0 2 0
TARGET 17169 1 0 0 1 0
TARGET 17170 1 0 0 1 0
TARGET 17171 1 1 0 2 0
TARGET 17172 1 0 0 1 0
TARGET 17173 1 0 0 1 0
TARGET 17174 1 1 0 2 0
TARGET 17175 1 0 0 1 0
TARGET 17176 1 0 0 1 0
TARGET 17177 1 1 0 2 0
TARGET 17178 1 0 0 1 0
TARGET 17179 1 0 0 1 0
TARGET 17180 1 0 0 1 0
TARGET 17181 1 1 0 2 0
TARGET 17182 1 0 0 1 0
TARGET 17183 1 0 0 1 0
TARGET 17184 1 1 0 2 0
TARGET 17185 1 0 0 1 0
TARGET 17186 1 1 0 2 0
TARGET 17187 1 0 0 1 0
TARGET 17188 1 0 0 1 0
TARGET 17189 1 1 0 2 0
TARGET 17190 1 0 0 1 0
TARGET 17191 1 0 0 0 0
TARGET 17192 1 1 0 1 0
TARGET 17193 1 0 0 0 0
TARGET 17194 1 0 0 0 0
TARGET 17195 1 1 0 1 0
TARGET 17196 1 0 0 0 0
TARGET 17197 1 2 0 3 0
TARGET 17198 1 1 0 4 0
TARGET 17199 1 1 0 3 0
TARGET 17200 1 2 0 3 0
TARGET 17201 1 1 0 4 0
TARGET 17202 1 1 0 3 0
TARGET 17203 1 1 0 2 0
TARGET 17204 1 1 0 3 0
TARGET 17205 1 1 0 2 0
TARGET 17206 1 1 0 2 0
TARGET 17207 1 1 0 3 0
TARGET 17208 1 1 0 2 0
TARGET 17209 1 1 0 2 0
TARGET 17210 1 1 0 3 0
TARGET 17211 1 1 0 2 0
TARGET 17212 1 1 0 2 0
TARGET 17213 1 1 0 3 0
TARGET 17214 1 1 0 2 0
TARGET 17215 1 1 0 2 0
TARGET 17216 1 1 0 2 0
TARGET 17217 1 1 0 3 0
TARGET 17218 1 1 0 2 0
TARGET 17219 1 1 0 2 0
TARGET 17220 1 1 0 3 0
TARGET 17221 1 1 0 2 0
TARGET 17222 1 1 0 3 0
TARGET 17223 1 1 0 2 0
TARGET 17224 1 1 0 2 0
TARGET 17225 1 1 0 3 0
TARGET 17226 1 1 0 2 0
TARGET 17227 1 1 0 1 0
TARGET 17228 1 1 0 2 0
TARGET 17229 1 1 0 1 0
TARGET 17230 1 0 0 1 0
TARGET 17231 1 1 0 2 0
TARGET 17232 1 1 0 1 0
TARGET 17233 1 0 0 1 0
TARGET 17234 1 1 0 2 0
TARGET 17235 1 0 0 1 0
TARGET 17236 1 0 0 1 0
TARGET 17237 1 1 0 2 0
TARGET 17238 1 0 0 1 0
TARGET 17239 1 1 0 1 0
TARGET 17240 1 0 0 1 0
TARGET 17241 1 1 0 2 0
TARGET 17242 1 1 0 1 0
TARGET 17243 1 0 0 1 0
TARGET 17244 1 1 0 2 0
TARGET 17245 1 1 0 1 0
TARGET 17246 1 0 0 2 0
TARGET 17247 1 1 0 2 0
TARGET 17248 1 0 0 1 0
TARGET 17249 1 0 0 1 0
TARGET 17250 1 1 0 2 0
TARGET 17251 1 0 0 1 0
TARGET 17252 1 1 0 3 0
TARGET 17253 1 0 0 2 0
TARGET 17254 1 0 0 2 0
TARGET 17255 1 1 0 3 0
TARGET 17256 1 0 0 2 0
TARGET 17257 1 0 0 0 0
TARGET 17258 1 1 0 1 0
TARGET 17259 1 0 0 0 0
TARGET 17260 1 0 0 0 0
TARGET 17261 1 1 0 1 0
TARGET 17262 1 0 0 0 0
TARGET 17263 1 0 0 1 0
TARGET 17264 1 1 0 2 0
TARGET 17265 1 0 0 1 0
TARGET 17266 1 0 0 1 0
TARGET 17267 1 1 0 2 0
TARGET 17268 1 0 0 1 0
TARGET 17269 1 0 0 1 0
TARGET 17270 1 0 0 1 0
TARGET 17271 1 1 0 2 0
TARGET 17272 1 0 0 1 0
TARGET 17273 1 0 0 1 0
TARGET 17274 1 1 0 2 0
TARGET 17275 1 0 0 1 0
TARGET 17276 1 1 0 2 0
TARGET 17277 1 0 0 1 0
TARGET 17278 1 0 0 1 0
TARGET 17279 1 1 0 2 0
TARGET 17280 1 0 0 1 0
TARGET 17281 1 0 0 0 0
TARGET 17282 1 1 0 1 0
TARGET 17283 1 0 0 0 0
TARGET 17284 1 0 0 0 0
TARGET 17285 1 1 0 1 0
TARGET 17286 1 0 0 0 0
TARGET 17287 1 1 0 1 0
TARGET 17288 1 0 0 1 0
TARGET 17289 1 1 0 2 0
TARGET 17290 1 1 0 1 0
TARGET 17291 1 0 0 1 0
TARGET 17292 1 1 0 2 0
TARGET 17293 1 1 0 1 0
TARGET 17294 1 0 0 0 0
TARGET 17295 1 0 0 1 0
TARGET 17296 1 1 0 2 0
TARGET 17297 1 0 0 1 0
TARGET 17298 1 0 0 1 0
TARGET 17299 1 1 0 2 0
TARGET 17300 1 0 0 1 0
TARGET 17301 1 0 0 0 0
TARGET 17302 1 1 0 1 0
TARGET 17303 1 0 0 0 0
TARGET 17304 1 0 0 0 0
TARGET 17305 1 1 0 1 0
TARGET 17306 1 0 0 0 0
TARGET 17307 1 1 0 2 0
TARGET 17308 1 0 0 1 0
TARGET 17309 1 0 0 1 0
TARGET 17310 1 1 0 2 0
TARGET 17311 1 0 0 1 0
TARGET 17312 1 1 0 1 0
TARGET 17313 1 0 0 0 0
TARGET 17314 1 0 0 0 0
TARGET 17315 1 1 0 1 0
TARGET 17316 1 0 0 0 0
TARGET 17317 1 0 0 1 0
TARGET 17318 1 0 0 1 0
TARGET 17319 1 0 0 1 0
TARGET 17320 1 0 0 1 0
TARGET 17321 1 0 0 1 0
TARGET 17322 1 0 0 1 0
TARGET 17323 1 0 0 1 0
TARGET 17324 1 0 0 1 0
TARGET 17325 1 0 0 1 0
TARGET 17326 1 0 0 1 0
TARGET 17327 1 0 0 0 0
TARGET 17328 1 0 0 1 0
TARGET 17329 1 0 0 1 0
TARGET 17330 1 0 0 1 0
TARGET 17331 1 0 0 1 0
TARGET 17332 1 0 0 1 0
TARGET 17333 1 0 0 1 0
TARGET 17334 1 0 0 1 0
TARGET 17335 1 0 0 1 0
TARGET 17336 1 0 0 1 0
TARGET 17337 1 0 0 0 0
TARGET 17338 1 0 0 1 0
TARGET 17339 1 0 0 1 0
TARGET 17340 1 0 0 1 0
TARGET 17341 1 0 0 1 0
TARGET 17342 1 0 0 1 0
TARGET 17343 1 0 0 1 0
TARGET 17344 1 0 0 1 0
TARGET 17345 1 0 0 1 0
TARGET 17346 1 0 0 0 0
TARGET 17347 1 0 0 1 0
TARGET 17348 1 0 0 1 0
TARGET 17349 1 0 0 1 0
TARGET 17350 1 0 0 1 0
TARGET 17351 1 0 0 1 0
TARGET 17352 1 0 0 1 0
TARGET 17353 1 0 0 1 0
TARGET 17354 1 0 0 0 0
TARGET 17355 1 0 0 1 0
TARGET 17356 1 0 0 1 0
TARGET 17357 1 0 0 1 0
TARGET 17358 1 0 0 1 0
TARGET 17359 1 0 0 1 0
TARGET 17360 1 0 0 1 0
TARGET 17361 1 0 0 0 0
TARGET 17362 1 0 0 1 0
TARGET 17363 1 0 0 1 0
TARGET 17364 1 0 0 1 0
TARGET 17365 1 0 0 1 0
TARGET 17366 1 0 0 1 0
TARGET 17367 1 0 0 0 0
TARGET 17368 1 0 0 1 0
TARGET 17369 1 0 0 1 0
TARGET 17370 1 0 0 1 0
TARGET 17371 1 0 0 1 0
TARGET 17372 1 0 0 0 0
TARGET 17373 1 0 0 1 0
TARGET 17374 1 0 0 1 0
TARGET 17375 1 0 0 1 0
TARGET 17376 1 0 0 0 0
TARGET 17377 1 0 0 1 0
TARGET 17378 1 0 0 1 0
TARGET 17379 1 0 0 0 0
TARGET 17380 1 0 0 1 0
TARGET 17381 1 0 0 0 0
TARGET 17382 1 0 0 1 0
TARGET 17383 1 0 0 1 0
TARGET 17384 1 0 0 1 0
TARGET 17385 1 0 0 1 0
TARGET 17386 1 0 0 1 0
TARGET 17387 1 0 0 1 0
TARGET 17388 1 0 0 1 0
TARGET 17389 1 0 0 1 0
TARGET 17390 1 0 0 1 0
TARGET 17391 1 0 0 1 0
TARGET 17392 1 0 0 1 0
TARGET 17393 1 0 0 1 0
TARGET 17394 1 0 0 1 0
TARGET 17395 1 0 0 1 0
TARGET 17396 1 0 0 1 0
TARGET 17397 1 0 0 1 0
TARGET 17398 1 0 0 1 0
TARGET 17399 1 0 0 1 0
TARGET 17400 1 0 0 1 0
TARGET 17401 1 0 0 1 0
TARGET 17402 1 0 0 1 0
TARGET 17403 1 0 0 1 0
TARGET 17404 1 0 0 1 0
TARGET 17405 1 0 0 1 0
TARGET 17406 1 0 0 1 0
TARGET 17407 1 0 0 1 0
TARGET 17408 1 0 0 1 0
TARGET 17409 1 0 0 1 0
TARGET 17410 1 0 0 1 0
TARGET 17411 1 0 0 1 0
TARGET 17412 1 0 0 1 0
TARGET 17413 1 0 0 1 0
TARGET 17414 1 0 0 1 0
TARGET 17415 1 0 0 1 0
TARGET 17416 1 0 0 1 0
TARGET 17417 1 0 0 1 0
TARGET 17418 1 0 0 1 0
TARGET 17419 1 0 0 1 0
TARGET 17420 1 0 0 1 0
TARGET 17421 1 0 0 1 0
TARGET 17422 1 0 0 1 0
TARGET 17423 1 0 0 1 0
TARGET 17424 1 0 0 1 0
TARGET 17425 1 0 0 1 0
TARGET 17426 1 0 0 1 0
TARGET 17427 1 0 0 1 0
TARGET 17428 1 0 0 1 0
TARGET 17429 1 0 0 1 0
TARGET 17430 1 0 0 1 0
TARGET 17431 1 0 0 1 0
TARGET 17432 1 0 0 1 0
TARGET 17433 1 0 0 1 0
TARGET 17434 1 0 0 1 0
TARGET 17435 1 0 0 1 0
TARGET 17436 1 0 0 1 0
TARGET 17437 1 0 0 1 0
TARGET 17438 1 0 0 1 0
TARGET 17439 1 0 0 1 0
TARGET 17440 1 0 0 1 0
TARGET 17441 1 0 0 1 0
TARGET 17442 1 0 0 1 0
TARGET 17443 1 0 0 1 0
TARGET 17444 1 0 0 1 0
TARGET 17445 1 0 0 1 0
TARGET 17446 1 0 0 1 0
TARGET 17447 1 0 0 1 0
TARGET 17448 1 0 0 1 0
TARGET 17449 1 0 0 1 0
TARGET 17450 1 0 0 1 0
TARGET 17451 1 0 0 1 0
TARGET 17452 1 0 0 1 0
TARGET 17453 1 0 0 1 0
TARGET 17454 1 0 0 1 0
TARGET 17455 1 0 0 1 0
TARGET 17456 1 0 0 1 0
TARGET 17457 1 0 0 1 0
TARGET 17458 1 0 0 1 0
TARGET 17459 1 0 0 1 0
TARGET 17460 1 0 0 1 0
TARGET 17461 1 0 0 1 0
TARGET 17462 1 0 0 1 0
TARGET 17463 1 0 0 1 0
TARGET 17464 1 0 0 1 0
TARGET 17465 1 0 0 1 0
TARGET 17466 1 0 0 1 0
TARGET 17467 1 0 0 1 0
TARGET 17468 1 0 0 1 0
TARGET 17469 1 0 0 1 0
TARGET 17470 1 0 0 1 0
TARGET 17471 1 0 0 1 0
TARGET 17472 1 0 0 0 0
TARGET 17473 1 0 0 0 0
TARGET 17474 1 0 0 0 0
TARGET 17475 1 0 0 0 0
TARGET 17476 1 0 0 0 0
TARGET 17477 1 0 0 0 0
TARGET 17478 1 0 0 0 0
TARGET 17479 1 0 0 0 0
TARGET 17480 1 0 0 0 0
TARGET 17481 1 1 0 1 0
TARGET 17482 1 0 0 1 0
TARGET 17483 1 1 0 1 0
TARGET 17484 1 1 0 1 0
TARGET 17485 1 0 0 1 0
TARGET 17486 1 1 0 1 0
TARGET 17487 1 1 0 1 0
TARGET 17488 1 0 0 1 0
TARGET 17489 1 1 0 1 0
TARGET 17490 1 0 0 1 0
TARGET 17491 1 1 0 1 0
TARGET 17492 1 0 0 1 0
TARGET 17493 1 1 0 1 0
TARGET 17494 1 0 0 1 0
TARGET 17495 1 1 0 1 0
TARGET 17496 1 1 0 1 0
TARGET 17497 1 1 0 1 0
TARGET 17498 1 0 0 0 0
TARGET 17499 1 0 0 1 0
TARGET 17500 1 0 0 1 0
TARGET 17501 1 0 0 1 0
TARGET 17502 1 0 0 1 0
TARGET 17503 1 0 0 1 0
TARGET 17504 1 0 0 1 0
TARGET 17505 1 0 0 1 0
TARGET 17506 1 0 0 1 0
TARGET 17507 1 0 0 1 0
TARGET 17508 1 0 0 1 0
TARGET 17509 1 0 0 1 0
TARGET 17510 1 0 0 1 0
TARGET 17511 1 0 0 1 0
TARGET 17512 1 0 0 1 0
TARGET 17513 1 0 0 1 0
TARGET 17514 1 0 0 1 0
TARGET 17515 1 0 0 0 0
TARGET 17516 1 1 0 1 0
TARGET 17517 1 1 0 1 0
TARGET 17518 1 0 0 1 0
TARGET 17519 1 0 0 1 0
TARGET 17520 1 1 0 1 0
TARGET 17521 1 1 0 1 0
TARGET 17522 1 1 0 1 0
TARGET 17523 1 0 0 1 0
TARGET 17524 1 1 0 1 0
TARGET 17525 1 0 0 1 0
TARGET 17526 1 1 0 1 0
TARGET 17527 1 0 0 1 0
TARGET 17528 1 1 0 1 0
TARGET 17529 1 0 0 1 0
TARGET 17530 1 1 0 1 0
TARGET 17531 1 1 0 1 0
TARGET 17532 1 1 0 1 0
TARGET 17533 1 0 0 1 0
TARGET 17534 1 1 0 1 0
TARGET 17535 1 1 0 1 0
TARGET 17536 1 1 0 1 0
TARGET 17537 1 0 0 0 0
TARGET 17538 1 0 0 1 0
TARGET 17539 1 0 0 1 0
TARGET 17540 1 0 0 1 0
TARGET 17541 1 0 0 1 0
TARGET 17542 1 0 0 1 0
TARGET 17543 1 0 0 1 0
TARGET 17544 1 0 0 1 0
TARGET 17545 1 0 0 1 0
TARGET 17546 1 0 0 1 0
TARGET 17547 1 0 0 1 0
TARGET 17548 1 0 0 1 0
TARGET 17549 1 0 0 1 0
TARGET 17550 1 0 0 1 0
TARGET 17551 1 0 0 0 0
TARGET 17552 1 1 0 1 0
TARGET 17553 1 1 0 1 0
TARGET 17554 1 0 0 1 0
TARGET 17555 1 1 0 1 0
TARGET 17556 1 0 0 1 0
TARGET 17557 1 1 0 1 0
TARGET 17558 1 0 0 1 0
TARGET 17559 1 1 0 1 0
TARGET 17560 1 0 0 1 0
TARGET 17561 1 1 0 1 0
TARGET 17562 1 1 0 1 0
TARGET 17563 1 1 0 1 0
TARGET 17564 1 0 0 0 0
TARGET 17565 1 0 0 1 0
TARGET 17566 1 1 0 1 0
TARGET 17567 1 1 0 1 0
TARGET 17568 1 1 0 1 0
TARGET 17569 1 0 0 1 0
TARGET 17570 1 0 0 1 0
TARGET 17571 1 0 0 1 0
TARGET 17572 1 0 0 1 0
TARGET 17573 1 0 0 1 0
TARGET 17574 1 0 0 1 0
TARGET 17575 1 0 0 1 0
TARGET 17576 1 1 0 1 0
TARGET 17577 1 0 0 1 0
TARGET 17578 1 1 0 1 0
TARGET 17579 1 0 0 1 0
TARGET 17580 1 1 0 1 0
TARGET 17581 1 0 0 1 0
TARGET 17582 1 1 0 1 0
TARGET 17583 1 0 0 1 0
TARGET 17584 1 1 0 1 0
TARGET 17585 1 0 0 1 0
TARGET 17586 1 1 0 1 0
TARGET 17587 1 0 0 1 0
TARGET 17588 1 1 0 1 0
TARGET 17589 1 0 0 1 0
TARGET 17590 1 1 0 1 0
TARGET 17591 1 0 0 1 0
TARGET 17592 1 1 0 1 0
TARGET 17593 1 0 0 1 0
TARGET 17594 1 0 0 1 0
TARGET 17595 1 0 0 1 0
TARGET 17596 1 0 0 1 0
TARGET 17597 1 0 0 0 0
TARGET 17598 1 1 0 1 0
TARGET 17599 1 1 0 1 0
TARGET 17600 1 1 0 1 0
TARGET 17601 1 0 0 0 0
TARGET 17602 1 1 0 1 0
TARGET 17603 1 1 0 1 0
TARGET 17604 1 0 0 0 0
TARGET 17605 1 1 0 1 0
TARGET 17606 1 0 0 0 0
TARGET 17607 1 0 0 0 0
TARGET 17608 1 0 0 0 0
TARGET 17609 1 0 0 0 0
TARGET 17610 1 0 0 0 0
TARGET 17611 1 0 0 0 0
TARGET 17612 1 0 0 0 0
TARGET 17613 1 0 0 0 0
TARGET 17614 1 0 0 0 0
TARGET 17615 1 0 0 1 0
TARGET 17616 1 0 0 1 0
TARGET 17617 1 0 0 1 0
TARGET 17618 1 0 0 1 0
TARGET 17619 1 0 0 1 0
TARGET 17620 1 0 0 1 0
TARGET 17621 1 0 0 1 0
TARGET 17622 1 0 0 1 0
TARGET 17623 1 0 0 1 0
TARGET 17624 1 0 0 1 0
TARGET 17625 1 0 0 1 0
TARGET 17626 1 0 0 1 0
TARGET 17627 1 0 0 1 0
TARGET 17628 1 0 0 1 0
TARGET 17629 1 0 0 1 0
TARGET 17630 1 0 0 1 0
TARGET 17631 1 0 0 1 0
TARGET 17632 1 0 0 1 0
TARGET 17633 1 0 0 1 0
TARGET 17634 1 0 0 1 0
TARGET 17635 1 0 0 1 0
TARGET 17636 1 0 0 1 0
TARGET 17637 1 0 0 1 0
TARGET 17638 1 0 0 1 0
TARGET 17639 1 0 0 1 0
TARGET 17640 1 0 0 1 0
TARGET 17641 1 0 0 1 0
TARGET 17642 1 0 0 1 0
TARGET 17643 1 0 0 1 0
TARGET 17644 1 0 0 1 0
TARGET 17645 1 0 0 1 0
TARGET 17646 1 0 0 1 0
TARGET 17647 1 0 0 1 0
TARGET 17648 1 0 0 1 0
TARGET 17649 1 0 0 1 0
TARGET 17650 1 0 0 1 0
TARGET 17651 1 0 0 1 0
TARGET 17652 1 0 0 1 0
TARGET 17653 1 0 0 1 0
TARGET 17654 1 0 0 1 0
TARGET 17655 1 0 0 1 0
TARGET 17656 1 0 0 1 0
TARGET 17657 1 0 0 1 0
TARGET 17658 1 0 0 1 0
TARGET 17659 1 0 0 1 0
TARGET 17660 1 0 0 1 0
TARGET 17661 1 0 0 1 0
TARGET 17662 1 0 0 1 0
TARGET 17663 1 0 0 1 0
TARGET 17664 1 0 0 1 0
TARGET 17665 1 0 0 1 0
TARGET 17666 1 0 0 1 0
TARGET 17667 1 0 0 1 0
TARGET 17668 1 0 0 1 0
TARGET 17669 1 0 0 1 0
TARGET 17670 1 0 0 1 0
TARGET 17671 1 0 0 1 0
TARGET 17672 1 0 0 1 0
TARGET 17673 1 0 0 1 0
TARGET 17674 1 0 0 1 0
TARGET 17675 1 0 0 1 0
TARGET 17676 1 0 0 1 0
TARGET 17677 1 0 0 1 0
TARGET 17678 1 0 0 1 0
TARGET 17679 1 0 0 0 0
TARGET 17680 1 0 0 0 0
TARGET 17681 1 0 0 0 0
TARGET 17682 1 0 0 0 0
TARGET 17683 1 0 0 0 0
TARGET 17684 1 0 0 0 0
TARGET 17685 1 0 0 0 0
TARGET 17686 1 0 0 0 0
TARGET 17687 1 1 0 1 0
TARGET 17688 1 0 0 1 0
TARGET 17689 1 1 0 1 0
TARGET 17690 1 1 0 1 0
TARGET 17691 1 0 0 1 0
TARGET 17692 1 1 0 1 0
TARGET 17693 1 0 0 1 0
TARGET 17694 1 1 0 1 0
TARGET 17695 1 0 0 1 0
TARGET 17696 1 1 0 1 0
TARGET 17697 1 0 0 1 0
TARGET 17698 1 1 0 1 0
TARGET 17699 1 1 0 1 0
TARGET 17700 1 1 0 1 0
TARGET 17701 1 0 0 0 0
TARGET 17702 1 0 0 1 0
TARGET 17703 1 0 0 1 0
TARGET 17704 1 0 0 1 0
TARGET 17705 1 0 0 1 0
TARGET 17706 1 0 0 1 0
TARGET 17707 1 0 0 1 0
TARGET 17708 1 0 0 1 0
TARGET 17709 1 0 0 1 0
TARGET 17710 1 0 0 1 0
TARGET 17711 1 0 0 1 0
TARGET 17712 1 0 0 1 0
TARGET 17713 1 0 0 1 0
TARGET 17714 1 0 0 1 0
TARGET 17715 1 0 0 0 0
TARGET 17716 1 1 0 1 0
TARGET 17717 1 1 0 1 0
TARGET 17718 1 0 0 1 0
TARGET 17719 1 1 0 1 0
TARGET 17720 1 0 0 1 0
TARGET 17721 1 1 0 1 0
TARGET 17722 1 0 0 1 0
TARGET 17723 1 1 0 1 0
TARGET 17724 1 0 0 1 0
TARGET 17725 1 1 0 1 0
TARGET 17726 1 1 0 1 0
TARGET 17727 1 1 0 1 0
TARGET 17728 1 0 0 0 0
TARGET 17729 1 0 0 1 0
TARGET 17730 1 1 0 1 0
TARGET 17731 1 1 0 1 0
TARGET 17732 1 1 0 1 0
TARGET 17733 1 0 0 1 0
TARGET 17734 1 0 0 1 0
TARGET 17735 1 0 0 1 0
TARGET 17736 1 0 0 1 0
TARGET 17737 1 0 0 1 0
TARGET 17738 1 0 0 1 0
TARGET 17739 1 0 0 1 0
TARGET 17740 1 1 0 1 0
TARGET 17741 1 0 0 1 0
TARGET 17742 1 1 0 1 0
TARGET 17743 1 0 0 1 0
TARGET 17744 1 1 0 1 0
TARGET 17745 1 0 0 1 0
TARGET 17746 1 1 0 1 0
TARGET 17747 1 0 0 1 0
TARGET 17748 1 1 0 1 0
TARGET 17749 1 0 0 1 0
TARGET 17750 1 1 0 1 0
TARGET 17751 1 0 0 1 0
TARGET 17752 1 1 0 1 0
TARGET 17753 1 0 0 1 0
TARGET 17754 1 1 0 1 0
TARGET 17755 1 0 0 1 0
TARGET 17756 1 1 0 1 0
TARGET 17757 1 0 0 1 0
TARGET 17758 1 0 0 1 0
TARGET 17759 1 0 0 1 0
TARGET 17760 1 0 0 1 0
TARGET 17761 1 0 0 0 0
TARGET 17762 1 1 0 1 0
TARGET 17763 1 1 0 1 0
TARGET 17764 1 1 0 1 0
TARGET 17765 1 0 0 0 0
TARGET 17766 1 1 0 1 0
TARGET 17767 1 1 0 1 0
TARGET 17768 1 0 0 0 0
TARGET 17769 1 1 0 1 0
TARGET 17770 1 0 0 0 0
TARGET 17771 1 0 0 0 0
TARGET 17772 1 0 0 0 0
TARGET 17773 1 0 0 0 0
TARGET 17774 1 0 0 0 0
TARGET 17775 1 0 0 0 0
TARGET 17776 1 0 0 0 0
TARGET 17777 1 0 0 0 0
TARGET 17778 1 0 0 1 0
TARGET 17779 1 0 0 1 0
TARGET 17780 1 0 0 1 0
TARGET 17781 1 0 0 1 0
TARGET 17782 1 0 0 1 0
TARGET 17783 1 0 0 1 0
TARGET 17784 1 0 0 1 0
TARGET 17785 1 0 0 1 0
TARGET 17786 1 0 0 1 0
TARGET 17787 1 0 0 1 0
TARGET 17788 1 0 0 1 0
TARGET 17789 1 0 0 1 0
TARGET 17790 1 0 0 1 0
TARGET 17791 1 0 0 1 0
TARGET 17792 1 0 0 1 0
TARGET 17793 1 0 0 1 0
TARGET 17794 1 0 0 1 0
TARGET 17795 1 0 0 1 0
TARGET 17796 1 0 0 1 0
TARGET 17797 1 0 0 1 0
TARGET 17798 1 0 0 1 0
TARGET 17799 1 0 0 1 0
TARGET 17800 1 0 0 1 0
TARGET 17801 1 0 0 1 0
TARGET 17802 1 0 0 1 0
TARGET 17803 1 0 0 1 0
TARGET 17804 1 0 0 1 0
TARGET 17805 1 0 0 1 0
TARGET 17806 1 0 0 1 0
TARGET 17807 1 0 0 1 0
TARGET 17808 1 0 0 1 0
TARGET 17809 1 0 0 1 0
TARGET 17810 1 0 0 1 0
TARGET 17811 1 0 0 1 0
TARGET 17812 1 0 0 1 0
TARGET 17813 1 0 0 1 0
TARGET 17814 1 0 0 1 0
TARGET 17815 1 0 0 1 0
TARGET 17816 1 0 0 1 0
TARGET 17817 1 0 0 1 0
TARGET 17818 1 0 0 1 0
TARGET 17819 1 0 0 1 0
TARGET 17820 1 0 0 0 0
TARGET 17821 1 0 0 0 0
TARGET 17822 1 0 0 0 0
TARGET 17823 1 0 0 0 0
TARGET 17824 1 0 0 0 0
TARGET 17825 1 0 0 0 0
TARGET 17826 1 0 0 0 0
TARGET 17827 1 1 0 1 0
TARGET 17828 1 0 0 1 0
TARGET 17829 1 1 0 1 0
TARGET 17830 1 0 0 1 0
TARGET 17831 1 1 0 1 0
TARGET 17832 1 0 0 1 0
TARGET 17833 1 1 0 1 0
TARGET 17834 1 0 0 1 0
TARGET 17835 1 1 0 1 0
TARGET 17836 1 1 0 1 0
TARGET 17837 1 1 0 1 0
TARGET 17838 1 0 0 1 0
TARGET 17839 1 0 0 1 0
TARGET 17840 1 0 0 1 0
TARGET 17841 1 0 0 1 0
TARGET 17842 1 0 0 1 0
TARGET 17843 1 0 0 1 0
TARGET 17844 1 0 0 1 0
TARGET 17845 1 1 0 1 0
TARGET 17846 1 0 0 1 0
TARGET 17847 1 1 0 1 0
TARGET 17848 1 0 0 1 0
TARGET 17849 1 1 0 1 0
TARGET 17850 1 0 0 1 0
TARGET 17851 1 1 0 1 0
TARGET 17852 1 0 0 1 0
TARGET 17853 1 1 0 1 0
TARGET 17854 1 0 0 1 0
TARGET 17855 1 1 0 1 0
TARGET 17856 1 0 0 1 0
TARGET 17857 1 1 0 1 0
TARGET 17858 1 0 0 1 0
TARGET 17859 1 1 0 1 0
TARGET 17860 1 0 0 1 0
TARGET 17861 1 1 0 1 0
TARGET 17862 1 0 0 0 0
TARGET 17863 1 0 0 0 0
TARGET 17864 1 0 0 0 0
TARGET 17865 1 0 0 0 0
TARGET 17866 1 0 0 0 0
TARGET 17867 1 0 0 0 0
TARGET 17868 1 0 0 0 0
TARGET 17869 1 0 0 1 0
TARGET 17870 1 0 0 1 0
TARGET 17871 1 0 0 1 0
TARGET 17872 1 0 0 1 0
TARGET 17873 1 0 0 0 0
TARGET 17874 1 1 0 1 0
TARGET 17875 1 1 0 1 0
TARGET 17876 1 1 0 1 0
TARGET 17877 1 0 0 0 0
TARGET 17878 1 1 0 1 0
TARGET 17879 1 1 0 1 0
TARGET 17880 1 0 0 0 0
TARGET 17881 1 1 0 1 0
TARGET 17882 1 0 0 0 0
TARGET 17883 1 0 0 1 0
TARGET 17884 1 0 0 1 0
TARGET 17885 1 0 0 1 0
TARGET 17886 1 0 0 1 0
TARGET 17887 1 0 0 1 0
TARGET 17888 1 0 0 1 0
TARGET 17889 1 0 0 1 0
TARGET 17890 1 0 0 1 0
TARGET 17891 1 0 0 1 0
TARGET 17892 1 0 0 1 0
TARGET 17893 1 0 0 1 0
TARGET 17894 1 0 0 1 0
TARGET 17895 1 0 0 1 0
TARGET 17896 1 0 0 1 0
TARGET 17897 1 0 0 1 0
TARGET 17898 1 0 0 1 0
TARGET 17899 1 0 0 1 0
TARGET 17900 1 0 0 1 0
TARGET 17901 1 0 0 1 0
TARGET 17902 1 0 0 1 0
TARGET 17903 1 0 0 1 0
TARGET 17904 1 0 0 1 0
TARGET 17905 1 0 0 1 0
TARGET 17906 1 0 0 1 0
TARGET 17907 1 0 0 0 0
TARGET 17908 1 0 0 0 0
TARGET 17909 1 0 0 0 0
TARGET 17910 1 0 0 0 0
TARGET 17911 1 0 0 0 0
TARGET 17912 1 0 0 0 0
TARGET 17913 1 0 0 1 0
TARGET 17914 1 1 0 1 0
TARGET 17915 1 0 0 1 0
TARGET 17916 1 1 0 1 0
TARGET 17917 1 0 0 1 0
TARGET 17918 1 1 0 1 0
TARGET 17919 1 0 0 1 0
TARGET 17920 1 1 0 1 0
TARGET 17921 1 0 0 1 0
TARGET 17922 1 1 0 1 0
TARGET 17923 1 0 0 1 0
TARGET 17924 1 1 0 1 0
TARGET 17925 1 0 0 1 0
TARGET 17926 1 1 0 1 0
TARGET 17927 1 0 0 1 0
TARGET 17928 1 1 0 1 0
TARGET 17929 1 0 0 1 0
TARGET 17930 1 1 0 1 0
TARGET 17931 1 0 0 0 0
TARGET 17932 1 0 0 0 0
TARGET 17933 1 0 0 0 0
TARGET 17934 1 0 0 0 0
TARGET 17935 1 0 0 0 0
TARGET 17936 1 0 0 0 0
TARGET 17937 1 0 0 1 0
TARGET 17938 1 1 0 1 0
TARGET 17939 1 0 0 1 0
TARGET 17940 1 1 0 1 0
TARGET 17941 1 0 0 1 0
TARGET 17942 1 1 0 1 0
TARGET 17943 1 0 0 1 0
TARGET 17944 1 1 0 1 0
TARGET 17945 1 0 0 1 0
TARGET 17946 1 1 0 1 0
TARGET 17947 1 0 0 1 0
TARGET 17948 1 1 0 1 0
TARGET 17949 1 0 0 0 0
TARGET 17950 1 0 0 0 0
TARGET 17951 1 0 0 0 0
TARGET 17952 1 0 0 0 0
TARGET 17953 1 0 0 0 0
TARGET 17954 1 0 0 0 0
TARGET 17955 1 0 0 1 0
TARGET 17956 1 1 0 1 0
TARGET 17957 1 0 0 1 0
TARGET 17958 1 1 0 1 0
TARGET 17959 1 0 0 1 0
TARGET 17960 1 1 0 1 0
TARGET 17961 1 0 0 0 0
TARGET 17962 1 0 0 0 0
TARGET 17963 1 0 0 0 0
TARGET 17964 1 0 0 0 0
TARGET 17965 1 0 0 0 0
TARGET 17966 1 0 0 0 0
TARGET 17967 1 1 0 3 0
TARGET 17968 1 1 0 4 0
TARGET 17969 1 1 0 3 0
TARGET 17970 1 2 0 3 0
TARGET 17971 1 2 0 3 0
TARGET 17972 1 2 0 3 0
TARGET 17973 1 1 0 3 0
TARGET 17974 1 3 0 4 0
TARGET 17975 1 2 0 3 0
TARGET 17976 1 1 0 3 0
TARGET 17977 1 2 0 3 0
TARGET 17978 1 2 0 3 0
TARGET 17979 1 1 0 4 0
TARGET 17980 1 1 0 2 0
TARGET 17981 1 1 0 3 0
TARGET 17982 1 1 0 2 0
TARGET 17983 1 1 0 2 0
TARGET 17984 1 1 0 2 0
TARGET 17985 1 1 0 2 0
TARGET 17986 1 1 0 2 0
TARGET 17987 1 2 0 3 0
TARGET 17988 1 1 0 2 0
TARGET 17989 1 1 0 2 0
TARGET 17990 1 1 0 2 0
TARGET 17991 1 1 0 2 0
TARGET 17992 1 1 0 3 0
TARGET 17993 1 1 0 2 0
TARGET 17994 1 1 0 3 0
TARGET 17995 1 1 0 2 0
TARGET 17996 1 1 0 2 0
TARGET 17997 1 1 0 2 0
TARGET 17998 1 1 0 3 0
TARGET 17999 1 1 0 2 0
TARGET 18000 1 1 0 2 0
PASS_1962_MONOMIAL_INTERVAL 17001 18000 1000 0
