TARGET 23001 1 0 0 1 0
TARGET 23002 1 1 0 2 0
TARGET 23003 1 0 0 1 0
TARGET 23004 1 0 0 1 0
TARGET 23005 1 1 0 2 0
TARGET 23006 1 0 0 1 0
TARGET 23007 1 1 0 2 0
TARGET 23008 1 0 0 1 0
TARGET 23009 1 0 0 1 0
TARGET 23010 1 0 0 1 0
TARGET 23011 1 0 0 1 0
TARGET 23012 1 0 0 1 0
TARGET 23013 1 0 0 0 0
TARGET 23014 1 2 0 3 0
TARGET 23015 1 1 0 2 0
TARGET 23016 1 1 0 2 0
TARGET 23017 1 1 0 2 0
TARGET 23018 1 1 0 2 0
TARGET 23019 1 1 0 3 0
TARGET 23020 1 1 0 2 0
TARGET 23021 1 1 0 2 0
TARGET 23022 1 1 0 3 0
TARGET 23023 1 1 0 2 0
TARGET 23024 1 2 0 3 0
TARGET 23025 1 1 0 2 0
TARGET 23026 1 1 0 2 0
TARGET 23027 1 1 0 2 0
TARGET 23028 1 1 0 2 0
TARGET 23029 1 1 0 2 0
TARGET 23030 1 0 0 1 0
TARGET 23031 1 1 0 1 0
TARGET 23032 1 1 0 1 0
TARGET 23033 1 1 0 1 0
TARGET 23034 1 0 0 1 0
TARGET 23035 1 0 0 1 0
TARGET 23036 1 0 0 1 0
TARGET 23037 1 1 0 2 0
TARGET 23038 1 0 0 1 0
TARGET 23039 1 0 0 1 0
TARGET 23040 1 1 0 2 0
TARGET 23041 1 0 0 1 0
TARGET 23042 1 1 0 2 0
TARGET 23043 1 0 0 1 0
TARGET 23044 1 0 0 1 0
TARGET 23045 1 1 0 1 0
TARGET 23046 1 0 0 1 0
TARGET 23047 1 1 0 2 0
TARGET 23048 1 1 0 1 0
TARGET 23049 1 1 0 1 0
TARGET 23050 1 1 0 2 0
TARGET 23051 1 0 0 1 0
TARGET 23052 1 1 0 2 0
TARGET 23053 1 0 0 1 0
TARGET 23054 1 0 0 2 0
TARGET 23055 1 0 0 1 0
TARGET 23056 1 1 0 1 0
TARGET 23057 1 0 0 1 0
TARGET 23058 1 1 0 2 0
TARGET 23059 1 1 0 1 0
TARGET 23060 1 1 0 1 0
TARGET 23061 1 1 0 2 0
TARGET 23062 1 0 0 1 0
TARGET 23063 1 1 0 2 0
TARGET 23064 1 0 0 1 0
TARGET 23065 1 0 0 1 0
TARGET 23066 1 1 0 1 0
TARGET 23067 1 0 0 1 0
TARGET 23068 1 1 0 2 0
TARGET 23069 1 1 0 1 0
TARGET 23070 1 1 0 1 0
TARGET 23071 1 1 0 2 0
TARGET 23072 1 0 0 1 0
TARGET 23073 1 1 0 2 0
TARGET 23074 1 0 0 1 0
TARGET 23075 1 0 0 1 0
TARGET 23076 1 0 0 1 0
TARGET 23077 1 0 0 1 0
TARGET 23078 1 0 0 1 0
TARGET 23079 1 0 0 0 0
TARGET 23080 1 1 0 1 0
TARGET 23081 1 1 0 1 0
TARGET 23082 1 1 0 1 0
TARGET 23083 1 0 0 0 0
TARGET 23084 1 1 0 1 0
TARGET 23085 1 1 0 1 0
TARGET 23086 1 0 0 0 0
TARGET 23087 1 1 0 1 0
TARGET 23088 1 0 0 0 0
TARGET 23089 1 0 0 0 0
TARGET 23090 1 0 0 0 0
TARGET 23091 1 0 0 0 0
TARGET 23092 1 0 0 0 0
TARGET 23093 1 0 0 0 0
TARGET 23094 1 1 0 1 0
TARGET 23095 1 0 0 0 0
TARGET 23096 1 0 0 0 0
TARGET 23097 1 1 0 1 0
TARGET 23098 1 0 0 0 0
TARGET 23099 1 1 0 1 0
TARGET 23100 1 0 0 0 0
TARGET 23101 1 0 0 1 0
TARGET 23102 1 0 0 1 0
TARGET 23103 1 0 0 1 0
TARGET 23104 1 0 0 1 0
TARGET 23105 1 0 0 1 0
TARGET 23106 1 1 0 2 0
TARGET 23107 1 0 0 1 0
TARGET 23108 1 0 0 1 0
TARGET 23109 1 1 0 2 0
TARGET 23110 1 0 0 1 0
TARGET 23111 1 1 0 2 0
TARGET 23112 1 0 0 1 0
TARGET 23113 1 1 0 2 0
TARGET 23114 1 1 0 2 0
TARGET 23115 1 1 0 2 0
TARGET 23116 1 1 0 2 0
TARGET 23117 1 1 0 2 0
TARGET 23118 1 2 0 3 0
TARGET 23119 1 1 0 2 0
TARGET 23120 1 1 0 2 0
TARGET 23121 1 1 0 3 0
TARGET 23122 1 1 0 2 0
TARGET 23123 1 1 0 3 0
TARGET 23124 1 1 0 2 0
TARGET 23125 1 0 0 1 0
TARGET 23126 1 0 0 1 0
TARGET 23127 1 0 0 1 0
TARGET 23128 1 0 0 1 0
TARGET 23129 1 0 0 1 0
TARGET 23130 1 1 0 2 0
TARGET 23131 1 0 0 1 0
TARGET 23132 1 0 0 1 0
TARGET 23133 1 1 0 2 0
TARGET 23134 1 0 0 1 0
TARGET 23135 1 1 0 2 0
TARGET 23136 1 0 0 1 0
TARGET 23137 1 0 0 1 0
TARGET 23138 1 1 0 2 0
TARGET 23139 1 0 0 1 0
TARGET 23140 1 0 0 1 0
TARGET 23141 1 0 0 1 0
TARGET 23142 1 0 0 1 0
TARGET 23143 1 1 0 2 0
TARGET 23144 1 0 0 1 0
TARGET 23145 1 0 0 1 0
TARGET 23146 1 1 0 2 0
TARGET 23147 1 0 0 1 0
TARGET 23148 1 1 0 2 0
TARGET 23149 1 0 0 1 0
TARGET 23150 1 0 0 1 0
TARGET 23151 1 1 0 2 0
TARGET 23152 1 0 0 1 0
TARGET 23153 1 0 0 1 0
TARGET 23154 1 0 0 1 0
TARGET 23155 1 0 0 1 0
TARGET 23156 1 1 0 2 0
TARGET 23157 1 1 0 2 0
TARGET 23158 1 1 0 2 0
TARGET 23159 1 1 0 2 0
TARGET 23160 1 1 0 3 0
TARGET 23161 1 1 0 2 0
TARGET 23162 1 1 0 2 0
TARGET 23163 1 2 0 3 0
TARGET 23164 1 1 0 2 0
TARGET 23165 1 1 0 3 0
TARGET 23166 1 1 0 2 0
TARGET 23167 1 0 0 1 0
TARGET 23168 1 0 0 1 0
TARGET 23169 1 0 0 1 0
TARGET 23170 1 0 0 1 0
TARGET 23171 1 1 0 2 0
TARGET 23172 1 0 0 1 0
TARGET 23173 1 0 0 1 0
TARGET 23174 1 1 0 2 0
TARGET 23175 1 0 0 1 0
TARGET 23176 1 1 0 2 0
TARGET 23177 1 0 0 1 0
TARGET 23178 1 1 0 2 0
TARGET 23179 1 1 0 2 0
TARGET 23180 1 1 0 2 0
TARGET 23181 1 1 0 2 0
TARGET 23182 1 1 0 3 0
TARGET 23183 1 1 0 2 0
TARGET 23184 1 1 0 2 0
TARGET 23185 1 1 0 3 0
TARGET 23186 1 1 0 2 0
TARGET 23187 1 2 0 3 0
TARGET 23188 1 1 0 2 0
TARGET 23189 1 0 0 1 0
TARGET 23190 1 0 0 1 0
TARGET 23191 1 0 0 1 0
TARGET 23192 1 0 0 1 0
TARGET 23193 1 0 0 1 0
TARGET 23194 1 0 0 1 0
TARGET 23195 1 0 0 1 0
TARGET 23196 1 1 0 2 0
TARGET 23197 1 0 0 1 0
TARGET 23198 1 0 0 1 0
TARGET 23199 1 1 0 2 0
TARGET 23200 1 0 0 1 0
TARGET 23201 1 1 0 2 0
TARGET 23202 1 0 0 1 0
TARGET 23203 1 0 0 1 0
TARGET 23204 1 0 0 1 0
TARGET 23205 1 0 0 1 0
TARGET 23206 1 1 0 2 0
TARGET 23207 1 0 0 1 0
TARGET 23208 1 0 0 1 0
TARGET 23209 1 1 0 2 0
TARGET 23210 1 0 0 1 0
TARGET 23211 1 1 0 2 0
TARGET 23212 1 0 0 1 0
TARGET 23213 1 0 0 1 0
TARGET 23214 1 0 0 1 0
TARGET 23215 1 0 0 1 0
TARGET 23216 1 1 0 2 0
TARGET 23217 1 0 0 1 0
TARGET 23218 1 0 0 1 0
TARGET 23219 1 1 0 2 0
TARGET 23220 1 0 0 1 0
TARGET 23221 1 1 0 2 0
TARGET 23222 1 0 0 1 0
TARGET 23223 1 0 0 1 0
TARGET 23224 1 0 0 1 0
TARGET 23225 1 0 0 1 0
TARGET 23226 1 1 0 2 0
TARGET 23227 1 0 0 1 0
TARGET 23228 1 0 0 1 0
TARGET 23229 1 1 0 2 0
TARGET 23230 1 0 0 1 0
TARGET 23231 1 1 0 2 0
TARGET 23232 1 0 0 1 0
TARGET 23233 1 0 0 0 0
TARGET 23234 1 0 0 0 0
TARGET 23235 1 0 0 0 0
TARGET 23236 1 0 0 0 0
TARGET 23237 1 0 0 0 0
TARGET 23238 1 1 0 1 0
TARGET 23239 1 0 0 0 0
TARGET 23240 1 0 0 0 0
TARGET 23241 1 1 0 1 0
TARGET 23242 1 0 0 0 0
TARGET 23243 1 1 0 1 0
TARGET 23244 1 0 0 0 0
TARGET 23245 1 1 0 3 0
TARGET 23246 1 2 0 3 0
TARGET 23247 1 2 0 3 0
TARGET 23248 1 1 0 3 0
TARGET 23249 1 2 0 3 0
TARGET 23250 1 3 0 4 0
TARGET 23251 1 2 0 3 0
TARGET 23252 1 1 0 3 0
TARGET 23253 1 1 0 4 0
TARGET 23254 1 2 0 3 0
TARGET 23255 1 1 0 4 0
TARGET 23256 1 2 0 3 0
TARGET 23257 1 1 0 2 0
TARGET 23258 1 1 0 2 0
TARGET 23259 1 1 0 2 0
TARGET 23260 1 1 0 2 0
TARGET 23261 1 1 0 2 0
TARGET 23262 1 2 0 3 0
TARGET 23263 1 1 0 2 0
TARGET 23264 1 1 0 2 0
TARGET 23265 1 1 0 3 0
TARGET 23266 1 1 0 2 0
TARGET 23267 1 1 0 3 0
TARGET 23268 1 1 0 2 0
TARGET 23269 1 1 0 2 0
TARGET 23270 1 1 0 3 0
TARGET 23271 1 1 0 2 0
TARGET 23272 1 1 0 2 0
TARGET 23273 1 1 0 2 0
TARGET 23274 1 1 0 2 0
TARGET 23275 1 1 0 3 0
TARGET 23276 1 1 0 2 0
TARGET 23277 1 1 0 2 0
TARGET 23278 1 1 0 3 0
TARGET 23279 1 1 0 2 0
TARGET 23280 1 1 0 3 0
TARGET 23281 1 1 0 2 0
TARGET 23282 1 1 0 2 0
TARGET 23283 1 1 0 3 0
TARGET 23284 1 1 0 2 0
TARGET 23285 1 1 0 2 0
TARGET 23286 1 1 0 2 0
TARGET 23287 1 1 0 2 0
TARGET 23288 1 1 0 3 0
TARGET 23289 1 1 0 3 0
TARGET 23290 1 1 0 3 0
TARGET 23291 1 1 0 3 0
TARGET 23292 1 1 0 4 0
TARGET 23293 1 1 0 3 0
TARGET 23294 1 1 0 3 0
TARGET 23295 1 1 0 4 0
TARGET 23296 1 1 0 3 0
TARGET 23297 1 1 0 4 0
TARGET 23298 1 1 0 3 0
TARGET 23299 1 1 0 2 0
TARGET 23300 1 1 0 2 0
TARGET 23301 1 1 0 2 0
TARGET 23302 1 1 0 2 0
TARGET 23303 1 2 0 3 0
TARGET 23304 1 1 0 2 0
TARGET 23305 1 1 0 2 0
TARGET 23306 1 1 0 3 0
TARGET 23307 1 1 0 2 0
TARGET 23308 1 1 0 3 0
TARGET 23309 1 1 0 2 0
TARGET 23310 1 1 0 3 0
TARGET 23311 1 1 0 3 0
TARGET 23312 1 1 0 3 0
TARGET 23313 1 1 0 3 0
TARGET 23314 1 1 0 4 0
TARGET 23315 1 1 0 3 0
TARGET 23316 1 1 0 3 0
TARGET 23317 1 1 0 4 0
TARGET 23318 1 1 0 3 0
TARGET 23319 1 1 0 4 0
TARGET 23320 1 1 0 3 0
TARGET 23321 1 1 0 2 0
TARGET 23322 1 1 0 2 0
TARGET 23323 1 1 0 2 0
TARGET 23324 1 1 0 2 0
TARGET 23325 1 1 0 2 0
TARGET 23326 1 1 0 2 0
TARGET 23327 1 1 0 2 0
TARGET 23328 1 2 0 3 0
TARGET 23329 1 1 0 2 0
TARGET 23330 1 1 0 2 0
TARGET 23331 1 1 0 3 0
TARGET 23332 1 1 0 2 0
TARGET 23333 1 1 0 3 0
TARGET 23334 1 1 0 2 0
TARGET 23335 1 1 0 2 0
TARGET 23336 1 1 0 2 0
TARGET 23337 1 1 0 2 0
TARGET 23338 1 1 0 3 0
TARGET 23339 1 1 0 2 0
TARGET 23340 1 1 0 2 0
TARGET 23341 1 1 0 3 0
TARGET 23342 1 1 0 2 0
TARGET 23343 1 1 0 3 0
TARGET 23344 1 1 0 2 0
TARGET 23345 1 1 0 2 0
TARGET 23346 1 1 0 2 0
TARGET 23347 1 1 0 2 0
TARGET 23348 1 1 0 3 0
TARGET 23349 1 1 0 2 0
TARGET 23350 1 1 0 2 0
TARGET 23351 1 1 0 3 0
TARGET 23352 1 1 0 2 0
TARGET 23353 1 1 0 3 0
TARGET 23354 1 1 0 2 0
TARGET 23355 1 1 0 2 0
TARGET 23356 1 1 0 2 0
TARGET 23357 1 1 0 2 0
TARGET 23358 1 2 0 3 0
TARGET 23359 1 1 0 2 0
TARGET 23360 1 1 0 2 0
TARGET 23361 1 1 0 3 0
TARGET 23362 1 1 0 2 0
TARGET 23363 1 1 0 3 0
TARGET 23364 1 1 0 2 0
TARGET 23365 1 1 0 1 0
TARGET 23366 1 1 0 1 0
TARGET 23367 1 0 0 1 0
TARGET 23368 1 1 0 1 0
TARGET 23369 1 0 0 1 0
TARGET 23370 1 1 0 2 0
TARGET 23371 1 1 0 1 0
TARGET 23372 1 1 0 1 0
TARGET 23373 1 1 0 2 0
TARGET 23374 1 0 0 1 0
TARGET 23375 1 1 0 2 0
TARGET 23376 1 0 0 1 0
TARGET 23377 1 1 0 1 0
TARGET 23378 1 1 0 2 0
TARGET 23379 1 1 0 1 0
TARGET 23380 1 0 0 1 0
TARGET 23381 1 1 0 1 0
TARGET 23382 1 0 0 1 0
TARGET 23383 1 1 0 2 0
TARGET 23384 1 1 0 1 0
TARGET 23385 1 1 0 1 0
TARGET 23386 1 1 0 2 0
TARGET 23387 1 0 0 1 0
TARGET 23388 1 1 0 2 0
TARGET 23389 1 0 0 1 0
TARGET 23390 1 0 0 1 0
TARGET 23391 1 1 0 2 0
TARGET 23392 1 0 0 1 0
TARGET 23393 1 1 0 1 0
TARGET 23394 1 1 0 1 0
TARGET 23395 1 1 0 1 0
TARGET 23396 1 0 0 2 0
TARGET 23397 1 1 0 2 0
TARGET 23398 1 1 0 2 0
TARGET 23399 1 1 0 2 0
TARGET 23400 1 1 0 2 0
TARGET 23401 1 1 0 3 0
TARGET 23402 1 1 0 2 0
TARGET 23403 1 1 0 2 0
TARGET 23404 1 1 0 3 0
TARGET 23405 1 1 0 2 0
TARGET 23406 1 1 0 3 0
TARGET 23407 1 1 0 2 0
TARGET 23408 1 0 0 1 0
TARGET 23409 1 0 0 1 0
TARGET 23410 1 0 0 1 0
TARGET 23411 1 0 0 1 0
TARGET 23412 1 1 0 2 0
TARGET 23413 1 0 0 1 0
TARGET 23414 1 0 0 1 0
TARGET 23415 1 1 0 2 0
TARGET 23416 1 0 0 1 0
TARGET 23417 1 1 0 2 0
TARGET 23418 1 0 0 1 0
TARGET 23419 1 1 0 2 0
TARGET 23420 1 1 0 2 0
TARGET 23421 1 1 0 2 0
TARGET 23422 1 1 0 2 0
TARGET 23423 1 1 0 3 0
TARGET 23424 1 1 0 2 0
TARGET 23425 1 1 0 2 0
TARGET 23426 1 1 0 3 0
TARGET 23427 1 1 0 2 0
TARGET 23428 1 1 0 3 0
TARGET 23429 1 1 0 2 0
TARGET 23430 1 0 0 1 0
TARGET 23431 1 1 0 1 0
TARGET 23432 1 1 0 1 0
TARGET 23433 1 1 0 1 0
TARGET 23434 1 0 0 1 0
TARGET 23435 1 0 0 1 0
TARGET 23436 1 0 0 1 0
TARGET 23437 1 1 0 2 0
TARGET 23438 1 0 0 1 0
TARGET 23439 1 0 0 1 0
TARGET 23440 1 1 0 2 0
TARGET 23441 1 0 0 1 0
TARGET 23442 1 1 0 2 0
TARGET 23443 1 0 0 1 0
TARGET 23444 1 0 0 1 0
TARGET 23445 1 1 0 1 0
TARGET 23446 1 0 0 1 0
TARGET 23447 1 1 0 2 0
TARGET 23448 1 1 0 1 0
TARGET 23449 1 1 0 1 0
TARGET 23450 1 1 0 2 0
TARGET 23451 1 0 0 1 0
TARGET 23452 1 1 0 2 0
TARGET 23453 1 0 0 1 0
TARGET 23454 1 0 0 1 0
TARGET 23455 1 1 0 1 0
TARGET 23456 1 0 0 1 0
TARGET 23457 1 1 0 2 0
TARGET 23458 1 1 0 1 0
TARGET 23459 1 1 0 1 0
TARGET 23460 1 1 0 2 0
TARGET 23461 1 0 0 1 0
TARGET 23462 1 1 0 2 0
TARGET 23463 1 0 0 1 0
TARGET 23464 1 0 0 1 0
TARGET 23465 1 1 0 1 0
TARGET 23466 1 0 0 1 0
TARGET 23467 1 1 0 2 0
TARGET 23468 1 1 0 1 0
TARGET 23469 1 1 0 1 0
TARGET 23470 1 1 0 2 0
TARGET 23471 1 0 0 1 0
TARGET 23472 1 1 0 2 0
TARGET 23473 1 0 0 1 0
TARGET 23474 1 0 0 2 0
TARGET 23475 1 0 0 2 0
TARGET 23476 1 0 0 2 0
TARGET 23477 1 0 0 2 0
TARGET 23478 1 1 0 3 0
TARGET 23479 1 0 0 2 0
TARGET 23480 1 0 0 2 0
TARGET 23481 1 1 0 3 0
TARGET 23482 1 0 0 2 0
TARGET 23483 1 1 0 3 0
TARGET 23484 1 0 0 2 0
TARGET 23485 1 0 0 0 0
TARGET 23486 1 0 0 0 0
TARGET 23487 1 0 0 0 0
TARGET 23488 1 0 0 0 0
TARGET 23489 1 0 0 0 0
TARGET 23490 1 1 0 1 0
TARGET 23491 1 0 0 0 0
TARGET 23492 1 0 0 0 0
TARGET 23493 1 1 0 1 0
TARGET 23494 1 0 0 0 0
TARGET 23495 1 1 0 1 0
TARGET 23496 1 0 0 0 0
TARGET 23497 1 1 0 1 0
TARGET 23498 1 1 0 2 0
TARGET 23499 1 1 0 1 0
TARGET 23500 1 0 0 1 0
TARGET 23501 1 1 0 1 0
TARGET 23502 1 0 0 1 0
TARGET 23503 1 1 0 2 0
TARGET 23504 1 1 0 1 0
TARGET 23505 1 1 0 1 0
TARGET 23506 1 1 0 2 0
TARGET 23507 1 0 0 1 0
TARGET 23508 1 1 0 2 0
TARGET 23509 1 0 0 1 0
TARGET 23510 1 0 0 1 0
TARGET 23511 1 1 0 2 0
TARGET 23512 1 0 0 1 0
TARGET 23513 1 1 0 1 0
TARGET 23514 1 1 0 1 0
TARGET 23515 1 1 0 1 0
TARGET 23516 1 0 0 0 0
TARGET 23517 1 2 0 3 0
TARGET 23518 1 1 0 2 0
TARGET 23519 1 1 0 2 0
TARGET 23520 1 1 0 2 0
TARGET 23521 1 1 0 2 0
TARGET 23522 1 1 0 3 0
TARGET 23523 1 1 0 2 0
TARGET 23524 1 1 0 2 0
TARGET 23525 1 2 0 3 0
TARGET 23526 1 1 0 2 0
TARGET 23527 1 1 0 3 0
TARGET 23528 1 1 0 2 0
TARGET 23529 1 1 0 2 0
TARGET 23530 1 1 0 3 0
TARGET 23531 1 1 0 2 0
TARGET 23532 1 1 0 2 0
TARGET 23533 1 1 0 2 0
TARGET 23534 1 1 0 2 0
TARGET 23535 1 0 0 1 0
TARGET 23536 1 0 0 1 0
TARGET 23537 1 0 0 1 0
TARGET 23538 1 0 0 1 0
TARGET 23539 1 1 0 2 0
TARGET 23540 1 0 0 1 0
TARGET 23541 1 0 0 1 0
TARGET 23542 1 1 0 2 0
TARGET 23543 1 0 0 1 0
TARGET 23544 1 1 0 2 0
TARGET 23545 1 0 0 1 0
TARGET 23546 1 1 0 2 0
TARGET 23547 1 1 0 2 0
TARGET 23548 1 1 0 2 0
TARGET 23549 1 1 0 2 0
TARGET 23550 1 1 0 3 0
TARGET 23551 1 1 0 2 0
TARGET 23552 1 1 0 2 0
TARGET 23553 1 1 0 3 0
TARGET 23554 1 1 0 2 0
TARGET 23555 1 1 0 3 0
TARGET 23556 1 1 0 2 0
TARGET 23557 1 0 0 1 0
TARGET 23558 1 1 0 1 0
TARGET 23559 1 1 0 1 0
TARGET 23560 1 1 0 1 0
TARGET 23561 1 0 0 1 0
TARGET 23562 1 0 0 1 0
TARGET 23563 1 0 0 1 0
TARGET 23564 1 1 0 2 0
TARGET 23565 1 0 0 1 0
TARGET 23566 1 0 0 1 0
TARGET 23567 1 1 0 2 0
TARGET 23568 1 0 0 1 0
TARGET 23569 1 1 0 2 0
TARGET 23570 1 0 0 1 0
TARGET 23571 1 0 0 1 0
TARGET 23572 1 1 0 1 0
TARGET 23573 1 0 0 1 0
TARGET 23574 1 1 0 2 0
TARGET 23575 1 1 0 1 0
TARGET 23576 1 1 0 1 0
TARGET 23577 1 1 0 2 0
TARGET 23578 1 0 0 1 0
TARGET 23579 1 1 0 2 0
TARGET 23580 1 0 0 1 0
TARGET 23581 1 0 0 1 0
TARGET 23582 1 1 0 1 0
TARGET 23583 1 0 0 1 0
TARGET 23584 1 1 0 2 0
TARGET 23585 1 1 0 1 0
TARGET 23586 1 1 0 1 0
TARGET 23587 1 1 0 2 0
TARGET 23588 1 0 0 1 0
TARGET 23589 1 1 0 2 0
TARGET 23590 1 0 0 1 0
TARGET 23591 1 0 0 2 0
TARGET 23592 1 0 0 1 0
TARGET 23593 1 1 0 1 0
TARGET 23594 1 0 0 1 0
TARGET 23595 1 1 0 2 0
TARGET 23596 1 1 0 1 0
TARGET 23597 1 1 0 1 0
TARGET 23598 1 1 0 2 0
TARGET 23599 1 0 0 1 0
TARGET 23600 1 1 0 2 0
TARGET 23601 1 0 0 1 0
TARGET 23602 1 0 0 1 0
TARGET 23603 1 1 0 2 0
TARGET 23604 1 0 0 1 0
TARGET 23605 1 0 0 1 0
TARGET 23606 1 0 0 1 0
TARGET 23607 1 0 0 1 0
TARGET 23608 1 0 0 0 0
TARGET 23609 1 1 0 3 0
TARGET 23610 1 1 0 2 0
TARGET 23611 1 1 0 2 0
TARGET 23612 1 1 0 2 0
TARGET 23613 1 1 0 2 0
TARGET 23614 1 0 0 2 0
TARGET 23615 1 0 0 1 0
TARGET 23616 1 0 0 1 0
TARGET 23617 1 0 0 1 0
TARGET 23618 1 0 0 1 0
TARGET 23619 1 0 0 0 0
TARGET 23620 1 1 0 1 0
TARGET 23621 1 1 0 1 0
TARGET 23622 1 1 0 1 0
TARGET 23623 1 0 0 0 0
TARGET 23624 1 1 0 1 0
TARGET 23625 1 1 0 1 0
TARGET 23626 1 0 0 0 0
TARGET 23627 1 1 0 1 0
TARGET 23628 1 0 0 0 0
TARGET 23629 1 0 0 0 0
TARGET 23630 1 0 0 0 0
TARGET 23631 1 0 0 0 0
TARGET 23632 1 0 0 0 0
TARGET 23633 1 1 0 1 0
TARGET 23634 1 0 0 0 0
TARGET 23635 1 0 0 0 0
TARGET 23636 1 1 0 1 0
TARGET 23637 1 0 0 0 0
TARGET 23638 1 1 0 1 0
TARGET 23639 1 0 0 0 0
TARGET 23640 1 1 0 3 0
TARGET 23641 1 2 0 3 0
TARGET 23642 1 1 0 3 0
TARGET 23643 1 2 0 3 0
TARGET 23644 1 1 0 4 0
TARGET 23645 1 1 0 3 0
TARGET 23646 1 2 0 3 0
TARGET 23647 1 3 0 4 0
TARGET 23648 1 2 0 3 0
TARGET 23649 1 1 0 4 0
TARGET 23650 1 2 0 3 0
TARGET 23651 1 1 0 2 0
TARGET 23652 1 1 0 2 0
TARGET 23653 1 1 0 2 0
TARGET 23654 1 1 0 2 0
TARGET 23655 1 1 0 3 0
TARGET 23656 1 1 0 2 0
TARGET 23657 1 1 0 2 0
TARGET 23658 1 2 0 3 0
TARGET 23659 1 1 0 2 0
TARGET 23660 1 1 0 3 0
TARGET 23661 1 1 0 2 0
TARGET 23662 1 1 0 3 0
TARGET 23663 1 1 0 3 0
TARGET 23664 1 1 0 3 0
TARGET 23665 1 1 0 3 0
TARGET 23666 1 1 0 4 0
TARGET 23667 1 1 0 3 0
TARGET 23668 1 1 0 3 0
TARGET 23669 1 1 0 4 0
TARGET 23670 1 1 0 3 0
TARGET 23671 1 1 0 4 0
TARGET 23672 1 1 0 3 0
TARGET 23673 1 1 0 2 0
TARGET 23674 1 1 0 2 0
TARGET 23675 1 1 0 2 0
TARGET 23676 1 1 0 2 0
TARGET 23677 1 1 0 2 0
TARGET 23678 1 1 0 2 0
TARGET 23679 1 1 0 2 0
TARGET 23680 1 1 0 3 0
TARGET 23681 1 1 0 2 0
TARGET 23682 1 1 0 2 0
TARGET 23683 1 2 0 3 0
TARGET 23684 1 1 0 2 0
TARGET 23685 1 1 0 3 0
TARGET 23686 1 1 0 2 0
TARGET 23687 1 1 0 2 0
TARGET 23688 1 1 0 2 0
TARGET 23689 1 1 0 2 0
TARGET 23690 1 1 0 3 0
TARGET 23691 1 1 0 2 0
TARGET 23692 1 1 0 2 0
TARGET 23693 1 1 0 3 0
TARGET 23694 1 1 0 2 0
TARGET 23695 1 1 0 3 0
TARGET 23696 1 1 0 2 0
TARGET 23697 1 1 0 2 0
TARGET 23698 1 1 0 2 0
TARGET 23699 1 1 0 2 0
TARGET 23700 1 1 0 3 0
TARGET 23701 1 1 0 2 0
TARGET 23702 1 1 0 2 0
TARGET 23703 1 2 0 3 0
TARGET 23704 1 1 0 2 0
TARGET 23705 1 1 0 3 0
TARGET 23706 1 1 0 2 0
TARGET 23707 1 1 0 2 0
TARGET 23708 1 1 0 2 0
TARGET 23709 1 1 0 2 0
TARGET 23710 1 1 0 3 0
TARGET 23711 1 1 0 2 0
TARGET 23712 1 1 0 2 0
TARGET 23713 1 1 0 3 0
TARGET 23714 1 1 0 2 0
TARGET 23715 1 1 0 3 0
TARGET 23716 1 1 0 2 0
TARGET 23717 1 0 0 2 0
TARGET 23718 1 0 0 2 0
TARGET 23719 1 0 0 2 0
TARGET 23720 1 0 0 2 0
TARGET 23721 1 1 0 3 0
TARGET 23722 1 0 0 2 0
TARGET 23723 1 0 0 2 0
TARGET 23724 1 1 0 3 0
TARGET 23725 1 0 0 2 0
TARGET 23726 1 1 0 3 0
TARGET 23727 1 0 0 2 0
TARGET 23728 1 0 0 1 0
TARGET 23729 1 0 0 1 0
TARGET 23730 1 0 0 1 0
TARGET 23731 1 0 0 1 0
TARGET 23732 1 1 0 2 0
TARGET 23733 1 0 0 1 0
TARGET 23734 1 0 0 1 0
TARGET 23735 1 1 0 2 0
TARGET 23736 1 0 0 1 0
TARGET 23737 1 1 0 2 0
TARGET 23738 1 0 0 1 0
TARGET 23739 1 1 0 2 0
TARGET 23740 1 1 0 2 0
TARGET 23741 1 1 0 2 0
TARGET 23742 1 1 0 2 0
TARGET 23743 1 1 0 3 0
TARGET 23744 1 1 0 2 0
TARGET 23745 1 1 0 2 0
TARGET 23746 1 1 0 3 0
TARGET 23747 1 1 0 2 0
TARGET 23748 1 2 0 3 0
TARGET 23749 1 1 0 2 0
TARGET 23750 1 0 0 1 0
TARGET 23751 1 0 0 1 0
TARGET 23752 1 0 0 1 0
TARGET 23753 1 0 0 1 0
TARGET 23754 1 0 0 1 0
TARGET 23755 1 0 0 1 0
TARGET 23756 1 0 0 1 0
TARGET 23757 1 1 0 2 0
TARGET 23758 1 0 0 1 0
TARGET 23759 1 0 0 1 0
TARGET 23760 1 1 0 2 0
TARGET 23761 1 0 0 1 0
TARGET 23762 1 1 0 2 0
TARGET 23763 1 0 0 1 0
TARGET 23764 1 0 0 1 0
TARGET 23765 1 0 0 1 0
TARGET 23766 1 0 0 1 0
TARGET 23767 1 1 0 2 0
TARGET 23768 1 0 0 1 0
TARGET 23769 1 0 0 1 0
TARGET 23770 1 1 0 2 0
TARGET 23771 1 0 0 1 0
TARGET 23772 1 1 0 2 0
TARGET 23773 1 0 0 1 0
TARGET 23774 1 0 0 1 0
TARGET 23775 1 0 0 1 0
TARGET 23776 1 0 0 1 0
TARGET 23777 1 1 0 2 0
TARGET 23778 1 0 0 1 0
TARGET 23779 1 0 0 1 0
TARGET 23780 1 1 0 2 0
TARGET 23781 1 0 0 1 0
TARGET 23782 1 1 0 2 0
TARGET 23783 1 0 0 1 0
TARGET 23784 1 0 0 1 0
TARGET 23785 1 0 0 1 0
TARGET 23786 1 0 0 1 0
TARGET 23787 1 1 0 2 0
TARGET 23788 1 0 0 1 0
TARGET 23789 1 0 0 1 0
TARGET 23790 1 1 0 2 0
TARGET 23791 1 0 0 1 0
TARGET 23792 1 1 0 2 0
TARGET 23793 1 0 0 1 0
TARGET 23794 1 0 0 0 0
TARGET 23795 1 0 0 0 0
TARGET 23796 1 0 0 0 0
TARGET 23797 1 0 0 0 0
TARGET 23798 1 1 0 1 0
TARGET 23799 1 0 0 0 0
TARGET 23800 1 0 0 0 0
TARGET 23801 1 1 0 1 0
TARGET 23802 1 0 0 0 0
TARGET 23803 1 1 0 1 0
TARGET 23804 1 0 0 0 0
TARGET 23805 1 1 0 3 0
TARGET 23806 1 2 0 3 0
TARGET 23807 1 2 0 3 0
TARGET 23808 1 2 0 3 0
TARGET 23809 1 1 0 4 0
TARGET 23810 1 1 0 3 0
TARGET 23811 1 1 0 3 0
TARGET 23812 1 1 0 4 0
TARGET 23813 1 2 0 3 0
TARGET 23814 1 3 0 4 0
TARGET 23815 1 2 0 3 0
TARGET 23816 1 1 0 2 0
TARGET 23817 1 1 0 2 0
TARGET 23818 1 1 0 2 0
TARGET 23819 1 1 0 2 0
TARGET 23820 1 1 0 2 0
TARGET 23821 1 1 0 2 0
TARGET 23822 1 1 0 2 0
TARGET 23823 1 1 0 3 0
TARGET 23824 1 1 0 2 0
TARGET 23825 1 1 0 2 0
TARGET 23826 1 1 0 3 0
TARGET 23827 1 1 0 2 0
TARGET 23828 1 2 0 3 0
TARGET 23829 1 1 0 2 0
TARGET 23830 1 1 0 2 0
TARGET 23831 1 1 0 2 0
TARGET 23832 1 1 0 2 0
TARGET 23833 1 1 0 3 0
TARGET 23834 1 1 0 2 0
TARGET 23835 1 1 0 2 0
TARGET 23836 1 1 0 3 0
TARGET 23837 1 1 0 2 0
TARGET 23838 1 2 0 3 0
TARGET 23839 1 1 0 2 0
TARGET 23840 1 1 0 2 0
TARGET 23841 1 1 0 2 0
TARGET 23842 1 1 0 2 0
TARGET 23843 1 1 0 3 0
TARGET 23844 1 1 0 2 0
TARGET 23845 1 1 0 2 0
TARGET 23846 1 1 0 3 0
TARGET 23847 1 1 0 2 0
TARGET 23848 1 1 0 3 0
TARGET 23849 1 1 0 2 0
TARGET 23850 1 1 0 2 0
TARGET 23851 1 1 0 2 0
TARGET 23852 1 1 0 2 0
TARGET 23853 1 1 0 3 0
TARGET 23854 1 1 0 2 0
TARGET 23855 1 1 0 2 0
TARGET 23856 1 1 0 3 0
TARGET 23857 1 1 0 2 0
TARGET 23858 1 1 0 3 0
TARGET 23859 1 1 0 2 0
TARGET 23860 1 0 0 2 0
TARGET 23861 1 0 0 2 0
TARGET 23862 1 0 0 2 0
TARGET 23863 1 0 0 2 0
TARGET 23864 1 1 0 3 0
TARGET 23865 1 0 0 2 0
TARGET 23866 1 0 0 2 0
TARGET 23867 1 1 0 3 0
TARGET 23868 1 0 0 2 0
TARGET 23869 1 1 0 3 0
TARGET 23870 1 0 0 2 0
TARGET 23871 1 0 0 1 0
TARGET 23872 1 0 0 1 0
TARGET 23873 1 0 0 1 0
TARGET 23874 1 0 0 1 0
TARGET 23875 1 0 0 0 0
TARGET 23876 1 1 0 1 0
TARGET 23877 1 1 0 1 0
TARGET 23878 1 1 0 1 0
TARGET 23879 1 0 0 0 0
TARGET 23880 1 1 0 1 0
TARGET 23881 1 1 0 1 0
TARGET 23882 1 0 0 0 0
TARGET 23883 1 1 0 1 0
TARGET 23884 1 0 0 0 0
TARGET 23885 1 0 0 1 0
TARGET 23886 1 0 0 1 0
TARGET 23887 1 0 0 1 0
TARGET 23888 1 1 0 2 0
TARGET 23889 1 0 0 1 0
TARGET 23890 1 0 0 1 0
TARGET 23891 1 1 0 2 0
TARGET 23892 1 0 0 1 0
TARGET 23893 1 1 0 2 0
TARGET 23894 1 0 0 1 0
TARGET 23895 1 0 0 1 0
TARGET 23896 1 0 0 1 0
TARGET 23897 1 0 0 1 0
TARGET 23898 1 1 0 2 0
TARGET 23899 1 0 0 1 0
TARGET 23900 1 0 0 1 0
TARGET 23901 1 1 0 2 0
TARGET 23902 1 0 0 1 0
TARGET 23903 1 1 0 2 0
TARGET 23904 1 0 0 1 0
TARGET 23905 1 0 0 1 0
TARGET 23906 1 0 0 1 0
TARGET 23907 1 0 0 1 0
TARGET 23908 1 1 0 2 0
TARGET 23909 1 0 0 1 0
TARGET 23910 1 0 0 1 0
TARGET 23911 1 1 0 2 0
TARGET 23912 1 0 0 1 0
TARGET 23913 1 1 0 2 0
TARGET 23914 1 0 0 1 0
TARGET 23915 1 0 0 1 0
TARGET 23916 1 0 0 1 0
TARGET 23917 1 0 0 1 0
TARGET 23918 1 1 0 2 0
TARGET 23919 1 0 0 1 0
TARGET 23920 1 0 0 1 0
TARGET 23921 1 1 0 2 0
TARGET 23922 1 0 0 1 0
TARGET 23923 1 1 0 2 0
TARGET 23924 1 0 0 1 0
TARGET 23925 1 0 0 0 0
TARGET 23926 1 0 0 0 0
TARGET 23927 1 0 0 0 0
TARGET 23928 1 1 0 1 0
TARGET 23929 1 0 0 0 0
TARGET 23930 1 0 0 0 0
TARGET 23931 1 1 0 1 0
TARGET 23932 1 0 0 0 0
TARGET 23933 1 1 0 1 0
TARGET 23934 1 0 0 0 0
TARGET 23935 1 0 0 1 0
TARGET 23936 1 1 0 1 0
TARGET 23937 1 0 0 1 0
TARGET 23938 1 1 0 2 0
TARGET 23939 1 1 0 1 0
TARGET 23940 1 1 0 1 0
TARGET 23941 1 1 0 2 0
TARGET 23942 1 0 0 1 0
TARGET 23943 1 1 0 2 0
TARGET 23944 1 0 0 1 0
TARGET 23945 1 0 0 1 0
TARGET 23946 1 1 0 1 0
TARGET 23947 1 0 0 1 0
TARGET 23948 1 1 0 2 0
TARGET 23949 1 1 0 1 0
TARGET 23950 1 1 0 1 0
TARGET 23951 1 1 0 2 0
TARGET 23952 1 0 0 1 0
TARGET 23953 1 1 0 2 0
TARGET 23954 1 0 0 1 0
TARGET 23955 1 0 0 1 0
TARGET 23956 1 1 0 1 0
TARGET 23957 1 0 0 1 0
TARGET 23958 1 1 0 2 0
TARGET 23959 1 1 0 1 0
TARGET 23960 1 1 0 1 0
TARGET 23961 1 1 0 2 0
TARGET 23962 1 0 0 1 0
TARGET 23963 1 1 0 2 0
TARGET 23964 1 0 0 1 0
TARGET 23965 1 0 0 0 0
TARGET 23966 1 0 0 0 0
TARGET 23967 1 0 0 0 0
TARGET 23968 1 1 0 1 0
TARGET 23969 1 0 0 0 0
TARGET 23970 1 0 0 0 0
TARGET 23971 1 1 0 1 0
TARGET 23972 1 0 0 0 0
TARGET 23973 1 1 0 1 0
TARGET 23974 1 0 0 0 0
TARGET 23975 1 0 0 1 0
TARGET 23976 1 1 0 1 0
TARGET 23977 1 0 0 1 0
TARGET 23978 1 1 0 2 0
TARGET 23979 1 1 0 1 0
TARGET 23980 1 1 0 1 0
TARGET 23981 1 1 0 2 0
TARGET 23982 1 0 0 1 0
TARGET 23983 1 1 0 2 0
TARGET 23984 1 0 0 1 0
TARGET 23985 1 0 0 1 0
TARGET 23986 1 1 0 1 0
TARGET 23987 1 0 0 1 0
TARGET 23988 1 1 0 2 0
TARGET 23989 1 1 0 1 0
TARGET 23990 1 1 0 1 0
TARGET 23991 1 1 0 2 0
TARGET 23992 1 0 0 1 0
TARGET 23993 1 1 0 2 0
TARGET 23994 1 0 0 1 0
TARGET 23995 1 0 0 0 0
TARGET 23996 1 0 0 0 0
TARGET 23997 1 0 0 0 0
TARGET 23998 1 1 0 1 0
TARGET 23999 1 0 0 0 0
TARGET 24000 1 0 0 0 0
PASS_1962_MONOMIAL_INTERVAL 23001 24000 1000 0
