TARGET 7001 1 2 0 3 0
TARGET 7002 1 0 0 2 0
TARGET 7003 1 1 0 1 0
TARGET 7004 1 0 0 1 0
TARGET 7005 1 0 0 1 0
TARGET 7006 1 0 0 1 0
TARGET 7007 1 0 0 1 0
TARGET 7008 1 1 0 2 0
TARGET 7009 1 0 0 0 0
TARGET 7010 1 0 0 0 0
TARGET 7011 1 0 0 0 0
TARGET 7012 1 0 0 0 0
TARGET 7013 1 1 0 1 0
TARGET 7014 1 0 0 0 0
TARGET 7015 1 0 0 1 0
TARGET 7016 1 0 0 1 0
TARGET 7017 1 0 0 1 0
TARGET 7018 1 0 0 1 0
TARGET 7019 1 0 0 1 0
TARGET 7020 1 1 0 2 0
TARGET 7021 1 0 0 0 0
TARGET 7022 1 0 0 1 0
TARGET 7023 1 0 0 1 0
TARGET 7024 1 0 0 1 0
TARGET 7025 1 0 0 1 0
TARGET 7026 1 1 0 2 0
TARGET 7027 1 0 0 0 0
TARGET 7028 1 0 0 1 0
TARGET 7029 1 0 0 1 0
TARGET 7030 1 0 0 1 0
TARGET 7031 1 1 0 2 0
TARGET 7032 1 0 0 0 0
TARGET 7033 1 0 0 1 0
TARGET 7034 1 0 0 1 0
TARGET 7035 1 1 0 2 0
TARGET 7036 1 0 0 0 0
TARGET 7037 1 0 0 1 0
TARGET 7038 1 1 0 2 0
TARGET 7039 1 0 0 0 0
TARGET 7040 1 2 0 3 0
TARGET 7041 1 0 0 2 0
TARGET 7042 1 0 0 1 0
TARGET 7043 1 0 0 1 0
TARGET 7044 1 0 0 1 0
TARGET 7045 1 0 0 1 0
TARGET 7046 1 0 0 1 0
TARGET 7047 1 1 0 2 0
TARGET 7048 1 0 0 0 0
TARGET 7049 1 0 0 1 0
TARGET 7050 1 0 0 1 0
TARGET 7051 1 0 0 1 0
TARGET 7052 1 0 0 1 0
TARGET 7053 1 1 0 2 0
TARGET 7054 1 0 0 0 0
TARGET 7055 1 0 0 1 0
TARGET 7056 1 0 0 1 0
TARGET 7057 1 0 0 1 0
TARGET 7058 1 1 0 2 0
TARGET 7059 1 0 0 0 0
TARGET 7060 1 0 0 1 0
TARGET 7061 1 0 0 1 0
TARGET 7062 1 1 0 2 0
TARGET 7063 1 0 0 0 0
TARGET 7064 1 0 0 1 0
TARGET 7065 1 1 0 2 0
TARGET 7066 1 0 0 0 0
TARGET 7067 1 2 0 3 0
TARGET 7068 1 0 0 2 0
TARGET 7069 1 0 0 1 0
TARGET 7070 1 0 0 1 0
TARGET 7071 1 0 0 1 0
TARGET 7072 1 0 0 1 0
TARGET 7073 1 0 0 1 0
TARGET 7074 1 1 0 2 0
TARGET 7075 1 0 0 0 0
TARGET 7076 1 0 0 1 0
TARGET 7077 1 0 0 1 0
TARGET 7078 1 0 0 1 0
TARGET 7079 1 0 0 1 0
TARGET 7080 1 1 0 2 0
TARGET 7081 1 0 0 0 0
TARGET 7082 1 0 0 1 0
TARGET 7083 1 0 0 1 0
TARGET 7084 1 0 0 1 0
TARGET 7085 1 1 0 2 0
TARGET 7086 1 0 0 0 0
TARGET 7087 1 0 0 1 0
TARGET 7088 1 0 0 1 0
TARGET 7089 1 1 0 2 0
TARGET 7090 1 0 0 0 0
TARGET 7091 1 0 0 1 0
TARGET 7092 1 1 0 2 0
TARGET 7093 1 0 0 0 0
TARGET 7094 1 2 0 3 0
TARGET 7095 1 0 0 2 0
TARGET 7096 1 0 0 1 0
TARGET 7097 1 0 0 1 0
TARGET 7098 1 0 0 1 0
TARGET 7099 1 0 0 1 0
TARGET 7100 1 0 0 1 0
TARGET 7101 1 1 0 2 0
TARGET 7102 1 0 0 0 0
TARGET 7103 1 0 0 1 0
TARGET 7104 1 0 0 1 0
TARGET 7105 1 0 0 1 0
TARGET 7106 1 0 0 1 0
TARGET 7107 1 1 0 2 0
TARGET 7108 1 0 0 0 0
TARGET 7109 1 0 0 1 0
TARGET 7110 1 0 0 1 0
TARGET 7111 1 0 0 1 0
TARGET 7112 1 1 0 2 0
TARGET 7113 1 0 0 0 0
TARGET 7114 1 0 0 1 0
TARGET 7115 1 0 0 1 0
TARGET 7116 1 1 0 2 0
TARGET 7117 1 0 0 0 0
TARGET 7118 1 0 0 1 0
TARGET 7119 1 1 0 2 0
TARGET 7120 1 0 0 0 0
TARGET 7121 1 2 0 3 0
TARGET 7122 1 0 0 2 0
TARGET 7123 1 1 0 2 0
TARGET 7124 1 1 0 2 0
TARGET 7125 1 1 0 2 0
TARGET 7126 1 1 0 2 0
TARGET 7127 1 1 0 2 0
TARGET 7128 1 2 0 3 0
TARGET 7129 1 1 0 1 0
TARGET 7130 1 1 0 2 0
TARGET 7131 1 1 0 2 0
TARGET 7132 1 1 0 2 0
TARGET 7133 1 1 0 2 0
TARGET 7134 1 2 0 3 0
TARGET 7135 1 1 0 1 0
TARGET 7136 1 1 0 2 0
TARGET 7137 1 1 0 2 0
TARGET 7138 1 1 0 2 0
TARGET 7139 1 2 0 3 0
TARGET 7140 1 1 0 1 0
TARGET 7141 1 1 0 2 0
TARGET 7142 1 1 0 2 0
TARGET 7143 1 2 0 3 0
TARGET 7144 1 1 0 1 0
TARGET 7145 1 1 0 2 0
TARGET 7146 1 2 0 3 0
TARGET 7147 1 1 0 1 0
TARGET 7148 1 3 0 4 0
TARGET 7149 1 1 0 3 0
TARGET 7150 1 1 0 1 0
TARGET 7151 1 0 0 1 0
TARGET 7152 1 0 0 1 0
TARGET 7153 1 0 0 1 0
TARGET 7154 1 0 0 1 0
TARGET 7155 1 1 0 2 0
TARGET 7156 1 0 0 0 0
TARGET 7157 1 0 0 1 0
TARGET 7158 1 0 0 1 0
TARGET 7159 1 0 0 1 0
TARGET 7160 1 0 0 1 0
TARGET 7161 1 1 0 2 0
TARGET 7162 1 0 0 0 0
TARGET 7163 1 0 0 1 0
TARGET 7164 1 0 0 1 0
TARGET 7165 1 0 0 1 0
TARGET 7166 1 1 0 2 0
TARGET 7167 1 0 0 0 0
TARGET 7168 1 0 0 1 0
TARGET 7169 1 0 0 1 0
TARGET 7170 1 1 0 2 0
TARGET 7171 1 0 0 0 0
TARGET 7172 1 0 0 1 0
TARGET 7173 1 1 0 2 0
TARGET 7174 1 0 0 0 0
TARGET 7175 1 2 0 3 0
TARGET 7176 1 0 0 2 0
PASS_1962_MONOMIAL_INTERVAL 7001 7176 176 0
