OBSERVED_1962_TYPE_INTERVAL a2 1 12 0 [1, 12, 12, 0]
OBSERVED_1962_TYPE_INTERVAL a3 1 120 0 [1, 120, 120, 0]
OBSERVED_1962_TYPE_INTERVAL b2 1 148 0 [1, 148, 148, 0]
OBSERVED_1962_TYPE_INTERVAL a4 1 540 0 [1, 540, 540, 0]
OBSERVED_1962_TYPE_INTERVAL b3 1001 1536 0 [1001, 1536, 536, 0]
OBSERVED_1962_TYPE_INTERVAL b3 1 1000 0 [1, 1000, 1000, 0]
OBSERVED_1962_TYPE_INTERVAL b4 1 1000 0 [1, 1000, 1000, 0]
OBSERVED_1962_TYPE_INTERVAL b4 1001 2000 0 [1001, 2000, 1000, 0]
OBSERVED_1962_TYPE_INTERVAL b4 2001 3000 0 [2001, 3000, 1000, 0]
OBSERVED_1962_TYPE_INTERVAL b4 3001 4000 0 [3001, 4000, 1000, 0]
OBSERVED_1962_TYPE_INTERVAL b4 7001 7176 0 [7001, 7176, 176, 0]
OBSERVED_1962_TYPE_INTERVAL b4 5001 6000 0 [5001, 6000, 1000, 0]
OBSERVED_1962_TYPE_INTERVAL b4 4001 5000 0 [4001, 5000, 1000, 0]
OBSERVED_1962_TYPE_INTERVAL c3 1001 1644 0 [1001, 1644, 644, 0]
OBSERVED_1962_TYPE_INTERVAL c3 1 1000 0 [1, 1000, 1000, 0]
OBSERVED_1962_TYPE_INTERVAL b4 6001 7000 0 [6001, 7000, 1000, 0]
OBSERVED_1962_TYPE_INTERVAL c4 1001 2000 0 [1001, 2000, 1000, 0]
OBSERVED_1962_TYPE_INTERVAL c4 1 1000 0 [1, 1000, 1000, 0]
OBSERVED_1962_TYPE_INTERVAL c4 2001 3000 0 [2001, 3000, 1000, 0]
OBSERVED_1962_TYPE_INTERVAL c4 3001 4000 0 [3001, 4000, 1000, 0]
OBSERVED_1962_TYPE_INTERVAL c4 5001 6000 0 [5001, 6000, 1000, 0]
OBSERVED_1962_TYPE_INTERVAL c4 4001 5000 0 [4001, 5000, 1000, 0]
OBSERVED_1962_TYPE_INTERVAL d4 1001 1344 0 [1001, 1344, 344, 0]
OBSERVED_1962_TYPE_INTERVAL d4 1 1000 0 [1, 1000, 1000, 0]
OBSERVED_1962_TYPE_INTERVAL c4 6001 7000 0 [6001, 7000, 1000, 0]
OBSERVED_1962_TYPE_INTERVAL c4 7001 7776 0 [7001, 7776, 776, 0]
OBSERVED_1962_TYPE_INTERVAL f4 1 1000 0 [1, 1000, 1000, 0]
OBSERVED_1962_TYPE_INTERVAL f4 2001 3000 0 [2001, 3000, 1000, 0]
OBSERVED_1962_TYPE_INTERVAL f4 4001 5000 0 [4001, 5000, 1000, 0]
OBSERVED_1962_TYPE_INTERVAL f4 1001 2000 0 [1001, 2000, 1000, 0]
OBSERVED_1962_TYPE_INTERVAL f4 6001 7000 0 [6001, 7000, 1000, 0]
OBSERVED_1962_TYPE_INTERVAL f4 3001 4000 0 [3001, 4000, 1000, 0]
OBSERVED_1962_TYPE_INTERVAL f4 7001 8000 0 [7001, 8000, 1000, 0]
OBSERVED_1962_TYPE_INTERVAL f4 5001 6000 0 [5001, 6000, 1000, 0]
OBSERVED_1962_TYPE_INTERVAL f4 9001 10000 0 [9001, 10000, 1000, 0]
OBSERVED_1962_TYPE_INTERVAL f4 10001 11000 0 [10001, 11000, 1000, 0]
OBSERVED_1962_TYPE_INTERVAL f4 8001 9000 0 [8001, 9000, 1000, 0]
OBSERVED_1962_TYPE_INTERVAL f4 12001 13000 0 [12001, 13000, 1000, 0]
OBSERVED_1962_TYPE_INTERVAL f4 11001 12000 0 [11001, 12000, 1000, 0]
OBSERVED_1962_TYPE_INTERVAL f4 15001 16000 0 [15001, 16000, 1000, 0]
OBSERVED_1962_TYPE_INTERVAL f4 13001 14000 0 [13001, 14000, 1000, 0]
OBSERVED_1962_TYPE_INTERVAL f4 14001 15000 0 [14001, 15000, 1000, 0]
OBSERVED_1962_TYPE_INTERVAL f4 17001 18000 0 [17001, 18000, 1000, 0]
OBSERVED_1962_TYPE_INTERVAL f4 16001 17000 0 [16001, 17000, 1000, 0]
OBSERVED_1962_TYPE_INTERVAL f4 19001 20000 0 [19001, 20000, 1000, 0]
OBSERVED_1962_TYPE_INTERVAL f4 18001 19000 0 [18001, 19000, 1000, 0]
OBSERVED_1962_TYPE_INTERVAL f4 20001 21000 0 [20001, 21000, 1000, 0]
OBSERVED_1962_TYPE_INTERVAL f4 21001 22000 0 [21001, 22000, 1000, 0]
OBSERVED_1962_TYPE_INTERVAL f4 22001 23000 0 [22001, 23000, 1000, 0]
OBSERVED_1962_TYPE_INTERVAL f4 24001 25000 0 [24001, 25000, 1000, 0]
OBSERVED_1962_TYPE_INTERVAL f4 23001 24000 0 [23001, 24000, 1000, 0]
OBSERVED_1962_TYPE_INTERVAL f4 26001 27000 0 [26001, 27000, 1000, 0]
OBSERVED_1962_TYPE_INTERVAL f4 28001 29000 0 [28001, 29000, 1000, 0]
OBSERVED_1962_TYPE_INTERVAL f4 30001 31000 0 [30001, 31000, 1000, 0]
OBSERVED_1962_TYPE_INTERVAL f4 25001 26000 0 [25001, 26000, 1000, 0]
OBSERVED_1962_TYPE_INTERVAL f4 27001 28000 0 [27001, 28000, 1000, 0]
OBSERVED_1962_TYPE_INTERVAL f4 31001 32000 0 [31001, 32000, 1000, 0]
OBSERVED_1962_TYPE_INTERVAL f4 29001 30000 0 [29001, 30000, 1000, 0]
OBSERVED_1962_TYPE_INTERVAL f4 33001 34000 0 [33001, 34000, 1000, 0]
OBSERVED_1962_TYPE_INTERVAL f4 34001 35000 0 [34001, 35000, 1000, 0]
OBSERVED_1962_TYPE_INTERVAL f4 32001 33000 0 [32001, 33000, 1000, 0]
OBSERVED_1962_TYPE_INTERVAL f4 36001 37000 0 [36001, 37000, 1000, 0]
OBSERVED_1962_TYPE_INTERVAL f4 35001 36000 0 [35001, 36000, 1000, 0]
OBSERVED_1962_TYPE_INTERVAL f4 39001 40000 0 [39001, 40000, 1000, 0]
OBSERVED_1962_TYPE_INTERVAL f4 37001 38000 0 [37001, 38000, 1000, 0]
OBSERVED_1962_TYPE_INTERVAL f4 38001 39000 0 [38001, 39000, 1000, 0]
OBSERVED_1962_TYPE_INTERVAL f4 41001 42000 0 [41001, 42000, 1000, 0]
OBSERVED_1962_TYPE_INTERVAL f4 40001 41000 0 [40001, 41000, 1000, 0]
OBSERVED_1962_TYPE_INTERVAL f4 43001 44000 0 [43001, 44000, 1000, 0]
OBSERVED_1962_TYPE_INTERVAL f4 42001 43000 0 [42001, 43000, 1000, 0]
OBSERVED_1962_TYPE_INTERVAL f4 44001 45000 0 [44001, 45000, 1000, 0]
OBSERVED_1962_TYPE_INTERVAL f4 48001 48048 0 [48001, 48048, 48, 0]
OBSERVED_1962_TYPE_INTERVAL f4 46001 47000 0 [46001, 47000, 1000, 0]
OBSERVED_1962_TYPE_INTERVAL f4 45001 46000 0 [45001, 46000, 1000, 0]
OBSERVED_1962_TYPE_INTERVAL f4 47001 48000 0 [47001, 48000, 1000, 0]
PASS_1962_ALL_TYPE_CERTIFICATES 75 68344
