TARGET 37001 1 1 0 1 0
TARGET 37002 1 1 0 1 0
TARGET 37003 1 0 0 1 0
TARGET 37004 1 0 0 1 0
TARGET 37005 1 1 0 1 0
TARGET 37006 1 1 0 2 0
TARGET 37007 1 1 0 1 0
TARGET 37008 1 1 0 1 0
TARGET 37009 1 1 0 2 0
TARGET 37010 1 1 0 1 0
TARGET 37011 1 1 0 1 0
TARGET 37012 1 0 0 1 0
TARGET 37013 1 0 0 1 0
TARGET 37014 1 1 0 2 0
TARGET 37015 1 1 0 1 0
TARGET 37016 1 0 0 1 0
TARGET 37017 1 0 0 1 0
TARGET 37018 1 1 0 1 0
TARGET 37019 1 0 0 0 0
TARGET 37020 1 1 0 2 0
TARGET 37021 1 1 0 3 0
TARGET 37022 1 1 0 2 0
TARGET 37023 1 1 0 2 0
TARGET 37024 1 1 0 2 0
TARGET 37025 1 1 0 2 0
TARGET 37026 1 1 0 2 0
TARGET 37027 1 1 0 3 0
TARGET 37028 1 1 0 2 0
TARGET 37029 1 1 0 2 0
TARGET 37030 1 2 0 3 0
TARGET 37031 1 0 0 1 0
TARGET 37032 1 1 0 2 0
TARGET 37033 1 0 0 1 0
TARGET 37034 1 0 0 1 0
TARGET 37035 1 0 0 1 0
TARGET 37036 1 0 0 1 0
TARGET 37037 1 0 0 1 0
TARGET 37038 1 1 0 2 0
TARGET 37039 1 0 0 1 0
TARGET 37040 1 0 0 1 0
TARGET 37041 1 1 0 2 0
TARGET 37042 1 0 0 0 0
TARGET 37043 1 1 0 3 0
TARGET 37044 1 1 0 2 0
TARGET 37045 1 1 0 2 0
TARGET 37046 1 1 0 2 0
TARGET 37047 1 1 0 2 0
TARGET 37048 1 1 0 2 0
TARGET 37049 1 1 0 3 0
TARGET 37050 1 1 0 2 0
TARGET 37051 1 1 0 2 0
TARGET 37052 1 1 0 3 0
TARGET 37053 1 1 0 1 0
TARGET 37054 1 1 0 1 0
TARGET 37055 1 0 0 1 0
TARGET 37056 1 0 0 1 0
TARGET 37057 1 1 0 1 0
TARGET 37058 1 1 0 2 0
TARGET 37059 1 1 0 1 0
TARGET 37060 1 1 0 1 0
TARGET 37061 1 1 0 2 0
TARGET 37062 1 0 0 2 0
TARGET 37063 1 0 0 0 0
TARGET 37064 1 1 0 1 0
TARGET 37065 1 0 0 1 0
TARGET 37066 1 0 0 1 0
TARGET 37067 1 1 0 1 0
TARGET 37068 1 1 0 2 0
TARGET 37069 1 1 0 1 0
TARGET 37070 1 1 0 1 0
TARGET 37071 1 1 0 2 0
TARGET 37072 1 0 0 0 0
TARGET 37073 1 0 0 1 0
TARGET 37074 1 0 0 1 0
TARGET 37075 1 0 0 1 0
TARGET 37076 1 1 0 2 0
TARGET 37077 1 0 0 1 0
TARGET 37078 1 0 0 1 0
TARGET 37079 1 1 0 2 0
TARGET 37080 1 0 0 0 0
TARGET 37081 1 0 0 1 0
TARGET 37082 1 0 0 1 0
TARGET 37083 1 1 0 2 0
TARGET 37084 1 0 0 1 0
TARGET 37085 1 0 0 1 0
TARGET 37086 1 1 0 2 0
TARGET 37087 1 0 0 0 0
TARGET 37088 1 1 0 1 0
TARGET 37089 1 1 0 2 0
TARGET 37090 1 1 0 1 0
TARGET 37091 1 1 0 1 0
TARGET 37092 1 1 0 2 0
TARGET 37093 1 0 0 0 0
TARGET 37094 1 1 0 3 0
TARGET 37095 1 1 0 2 0
TARGET 37096 1 1 0 2 0
TARGET 37097 1 1 0 3 0
TARGET 37098 1 1 0 1 0
TARGET 37099 1 1 0 1 0
TARGET 37100 1 1 0 2 0
TARGET 37101 1 0 0 2 0
TARGET 37102 1 0 0 0 0
TARGET 37103 1 1 0 1 0
TARGET 37104 1 1 0 2 0
TARGET 37105 1 0 0 0 0
TARGET 37106 1 2 0 3 0
TARGET 37107 1 0 0 2 0
TARGET 37108 1 0 0 1 0
TARGET 37109 1 0 0 1 0
TARGET 37110 1 0 0 1 0
TARGET 37111 1 0 0 1 0
TARGET 37112 1 1 0 2 0
TARGET 37113 1 0 0 1 0
TARGET 37114 1 0 0 1 0
TARGET 37115 1 0 0 1 0
TARGET 37116 1 0 0 1 0
TARGET 37117 1 1 0 2 0
TARGET 37118 1 1 0 1 0
TARGET 37119 1 1 0 1 0
TARGET 37120 1 0 0 1 0
TARGET 37121 1 0 0 1 0
TARGET 37122 1 1 0 1 0
TARGET 37123 1 1 0 2 0
TARGET 37124 1 1 0 1 0
TARGET 37125 1 1 0 1 0
TARGET 37126 1 1 0 2 0
TARGET 37127 1 1 0 2 0
TARGET 37128 1 1 0 2 0
TARGET 37129 1 1 0 2 0
TARGET 37130 1 1 0 3 0
TARGET 37131 1 1 0 2 0
TARGET 37132 1 1 0 2 0
TARGET 37133 1 1 0 2 0
TARGET 37134 1 1 0 2 0
TARGET 37135 1 1 0 1 0
TARGET 37136 1 0 0 1 0
TARGET 37137 1 0 0 1 0
TARGET 37138 1 1 0 2 0
TARGET 37139 1 1 0 1 0
TARGET 37140 1 0 0 1 0
TARGET 37141 1 0 0 1 0
TARGET 37142 1 1 0 1 0
TARGET 37143 1 1 0 1 0
TARGET 37144 1 0 0 1 0
TARGET 37145 1 0 0 1 0
TARGET 37146 1 1 0 2 0
TARGET 37147 1 1 0 1 0
TARGET 37148 1 0 0 1 0
TARGET 37149 1 0 0 1 0
TARGET 37150 1 1 0 1 0
TARGET 37151 1 0 0 1 0
TARGET 37152 1 0 0 1 0
TARGET 37153 1 1 0 1 0
TARGET 37154 1 1 0 2 0
TARGET 37155 1 1 0 1 0
TARGET 37156 1 1 0 1 0
TARGET 37157 1 1 0 2 0
TARGET 37158 1 0 0 1 0
TARGET 37159 1 0 0 1 0
TARGET 37160 1 1 0 2 0
TARGET 37161 1 0 0 1 0
TARGET 37162 1 0 0 1 0
TARGET 37163 1 0 0 1 0
TARGET 37164 1 0 0 1 0
TARGET 37165 1 0 0 1 0
TARGET 37166 1 0 0 1 0
TARGET 37167 1 1 0 2 0
TARGET 37168 1 0 0 1 0
TARGET 37169 1 0 0 1 0
TARGET 37170 1 0 0 1 0
TARGET 37171 1 0 0 1 0
TARGET 37172 1 0 0 1 0
TARGET 37173 1 1 0 2 0
TARGET 37174 1 0 0 1 0
TARGET 37175 1 0 0 1 0
TARGET 37176 1 1 0 2 0
TARGET 37177 1 0 0 1 0
TARGET 37178 1 1 0 2 0
TARGET 37179 1 0 0 1 0
TARGET 37180 1 0 0 1 0
TARGET 37181 1 1 0 2 0
TARGET 37182 1 1 0 2 0
TARGET 37183 1 1 0 3 0
TARGET 37184 1 1 0 2 0
TARGET 37185 1 1 0 2 0
TARGET 37186 1 1 0 3 0
TARGET 37187 1 1 0 1 0
TARGET 37188 1 1 0 2 0
TARGET 37189 1 1 0 1 0
TARGET 37190 1 1 0 1 0
TARGET 37191 1 1 0 2 0
TARGET 37192 1 0 0 1 0
TARGET 37193 1 1 0 2 0
TARGET 37194 1 0 0 1 0
TARGET 37195 1 0 0 1 0
TARGET 37196 1 1 0 2 0
TARGET 37197 1 0 0 1 0
TARGET 37198 1 1 0 2 0
TARGET 37199 1 0 0 1 0
TARGET 37200 1 0 0 1 0
TARGET 37201 1 1 0 2 0
TARGET 37202 1 1 0 1 0
TARGET 37203 1 1 0 2 0
TARGET 37204 1 1 0 1 0
TARGET 37205 1 1 0 1 0
TARGET 37206 1 1 0 2 0
TARGET 37207 1 1 0 1 0
TARGET 37208 1 0 0 0 0
TARGET 37209 1 0 0 0 0
TARGET 37210 1 0 0 0 0
TARGET 37211 1 0 0 0 0
TARGET 37212 1 1 0 1 0
TARGET 37213 1 0 0 0 0
TARGET 37214 1 0 0 0 0
TARGET 37215 1 0 0 0 0
TARGET 37216 1 0 0 0 0
TARGET 37217 1 1 0 2 0
TARGET 37218 1 1 0 3 0
TARGET 37219 1 1 0 2 0
TARGET 37220 1 1 0 2 0
TARGET 37221 1 1 0 2 0
TARGET 37222 1 1 0 2 0
TARGET 37223 1 1 0 2 0
TARGET 37224 1 1 0 3 0
TARGET 37225 1 1 0 2 0
TARGET 37226 1 1 0 2 0
TARGET 37227 1 2 0 3 0
TARGET 37228 1 1 0 1 0
TARGET 37229 1 1 0 4 0
TARGET 37230 1 1 0 3 0
TARGET 37231 1 1 0 3 0
TARGET 37232 1 1 0 3 0
TARGET 37233 1 1 0 3 0
TARGET 37234 1 1 0 3 0
TARGET 37235 1 1 0 4 0
TARGET 37236 1 1 0 3 0
TARGET 37237 1 1 0 3 0
TARGET 37238 1 1 0 4 0
TARGET 37239 1 1 0 2 0
TARGET 37240 1 1 0 2 0
TARGET 37241 1 1 0 2 0
TARGET 37242 1 1 0 2 0
TARGET 37243 1 1 0 2 0
TARGET 37244 1 1 0 3 0
TARGET 37245 1 1 0 2 0
TARGET 37246 1 1 0 2 0
TARGET 37247 1 1 0 3 0
TARGET 37248 1 1 0 3 0
TARGET 37249 1 1 0 1 0
TARGET 37250 1 1 0 2 0
TARGET 37251 1 1 0 2 0
TARGET 37252 1 1 0 2 0
TARGET 37253 1 1 0 2 0
TARGET 37254 1 1 0 3 0
TARGET 37255 1 1 0 2 0
TARGET 37256 1 1 0 2 0
TARGET 37257 1 1 0 3 0
TARGET 37258 1 1 0 1 0
TARGET 37259 1 1 0 2 0
TARGET 37260 1 1 0 2 0
TARGET 37261 1 1 0 2 0
TARGET 37262 1 1 0 3 0
TARGET 37263 1 1 0 2 0
TARGET 37264 1 1 0 2 0
TARGET 37265 1 2 0 3 0
TARGET 37266 1 1 0 1 0
TARGET 37267 1 1 0 2 0
TARGET 37268 1 1 0 2 0
TARGET 37269 1 1 0 3 0
TARGET 37270 1 1 0 2 0
TARGET 37271 1 1 0 2 0
TARGET 37272 1 2 0 3 0
TARGET 37273 1 1 0 1 0
TARGET 37274 1 1 0 2 0
TARGET 37275 1 1 0 3 0
TARGET 37276 1 1 0 2 0
TARGET 37277 1 1 0 2 0
TARGET 37278 1 1 0 3 0
TARGET 37279 1 1 0 1 0
TARGET 37280 1 1 0 4 0
TARGET 37281 1 1 0 3 0
TARGET 37282 1 1 0 3 0
TARGET 37283 1 1 0 4 0
TARGET 37284 1 1 0 2 0
TARGET 37285 1 1 0 2 0
TARGET 37286 1 1 0 3 0
TARGET 37287 1 1 0 3 0
TARGET 37288 1 1 0 1 0
TARGET 37289 1 1 0 2 0
TARGET 37290 1 2 0 3 0
TARGET 37291 1 1 0 1 0
TARGET 37292 1 3 0 4 0
TARGET 37293 1 1 0 3 0
TARGET 37294 1 0 0 1 0
TARGET 37295 1 0 0 1 0
TARGET 37296 1 0 0 1 0
TARGET 37297 1 0 0 1 0
TARGET 37298 1 1 0 2 0
TARGET 37299 1 0 0 1 0
TARGET 37300 1 0 0 1 0
TARGET 37301 1 0 0 1 0
TARGET 37302 1 0 0 1 0
TARGET 37303 1 1 0 2 0
TARGET 37304 1 0 0 1 0
TARGET 37305 1 0 0 1 0
TARGET 37306 1 0 0 1 0
TARGET 37307 1 0 0 1 0
TARGET 37308 1 0 0 1 0
TARGET 37309 1 1 0 2 0
TARGET 37310 1 0 0 1 0
TARGET 37311 1 0 0 1 0
TARGET 37312 1 1 0 2 0
TARGET 37313 1 1 0 2 0
TARGET 37314 1 1 0 2 0
TARGET 37315 1 1 0 2 0
TARGET 37316 1 2 0 3 0
TARGET 37317 1 1 0 2 0
TARGET 37318 1 1 0 2 0
TARGET 37319 1 1 0 2 0
TARGET 37320 1 1 0 2 0
TARGET 37321 1 0 0 1 0
TARGET 37322 1 0 0 1 0
TARGET 37323 1 0 0 1 0
TARGET 37324 1 1 0 2 0
TARGET 37325 1 0 0 1 0
TARGET 37326 1 0 0 1 0
TARGET 37327 1 0 0 1 0
TARGET 37328 1 0 0 1 0
TARGET 37329 1 0 0 1 0
TARGET 37330 1 0 0 1 0
TARGET 37331 1 0 0 1 0
TARGET 37332 1 1 0 2 0
TARGET 37333 1 0 0 1 0
TARGET 37334 1 0 0 1 0
TARGET 37335 1 0 0 1 0
TARGET 37336 1 0 0 1 0
TARGET 37337 1 0 0 1 0
TARGET 37338 1 0 0 1 0
TARGET 37339 1 0 0 1 0
TARGET 37340 1 1 0 2 0
TARGET 37341 1 0 0 1 0
TARGET 37342 1 0 0 1 0
TARGET 37343 1 1 0 2 0
TARGET 37344 1 0 0 1 0
TARGET 37345 1 0 0 1 0
TARGET 37346 1 1 0 2 0
TARGET 37347 1 0 0 1 0
TARGET 37348 1 0 0 1 0
TARGET 37349 1 0 0 1 0
TARGET 37350 1 0 0 1 0
TARGET 37351 1 0 0 1 0
TARGET 37352 1 0 0 1 0
TARGET 37353 1 1 0 2 0
TARGET 37354 1 0 0 1 0
TARGET 37355 1 0 0 1 0
TARGET 37356 1 0 0 1 0
TARGET 37357 1 0 0 1 0
TARGET 37358 1 0 0 1 0
TARGET 37359 1 1 0 2 0
TARGET 37360 1 0 0 1 0
TARGET 37361 1 0 0 1 0
TARGET 37362 1 1 0 2 0
TARGET 37363 1 0 0 1 0
TARGET 37364 1 1 0 2 0
TARGET 37365 1 0 0 1 0
TARGET 37366 1 0 0 1 0
TARGET 37367 1 1 0 2 0
TARGET 37368 1 1 0 2 0
TARGET 37369 1 1 0 3 0
TARGET 37370 1 1 0 2 0
TARGET 37371 1 1 0 2 0
TARGET 37372 1 1 0 3 0
TARGET 37373 1 0 0 1 0
TARGET 37374 1 1 0 2 0
TARGET 37375 1 0 0 1 0
TARGET 37376 1 0 0 1 0
TARGET 37377 1 1 0 2 0
TARGET 37378 1 0 0 1 0
TARGET 37379 1 1 0 2 0
TARGET 37380 1 0 0 1 0
TARGET 37381 1 0 0 1 0
TARGET 37382 1 1 0 2 0
TARGET 37383 1 0 0 1 0
TARGET 37384 1 1 0 2 0
TARGET 37385 1 0 0 1 0
TARGET 37386 1 0 0 1 0
TARGET 37387 1 1 0 2 0
TARGET 37388 1 0 0 1 0
TARGET 37389 1 1 0 2 0
TARGET 37390 1 0 0 1 0
TARGET 37391 1 0 0 1 0
TARGET 37392 1 1 0 2 0
TARGET 37393 1 0 0 0 0
TARGET 37394 1 0 0 0 0
TARGET 37395 1 0 0 0 0
TARGET 37396 1 0 0 0 0
TARGET 37397 1 1 0 1 0
TARGET 37398 1 0 0 0 0
TARGET 37399 1 0 0 0 0
TARGET 37400 1 0 0 0 0
TARGET 37401 1 0 0 0 0
TARGET 37402 1 1 0 3 0
TARGET 37403 1 1 0 2 0
TARGET 37404 1 1 0 2 0
TARGET 37405 1 1 0 2 0
TARGET 37406 1 1 0 2 0
TARGET 37407 1 1 0 2 0
TARGET 37408 1 1 0 3 0
TARGET 37409 1 1 0 2 0
TARGET 37410 1 1 0 2 0
TARGET 37411 1 1 0 3 0
TARGET 37412 1 1 0 1 0
TARGET 37413 1 1 0 1 0
TARGET 37414 1 0 0 1 0
TARGET 37415 1 0 0 1 0
TARGET 37416 1 1 0 1 0
TARGET 37417 1 1 0 2 0
TARGET 37418 1 1 0 1 0
TARGET 37419 1 1 0 1 0
TARGET 37420 1 1 0 2 0
TARGET 37421 1 0 0 2 0
TARGET 37422 1 0 0 0 0
TARGET 37423 1 1 0 1 0
TARGET 37424 1 0 0 1 0
TARGET 37425 1 0 0 1 0
TARGET 37426 1 1 0 1 0
TARGET 37427 1 1 0 2 0
TARGET 37428 1 1 0 1 0
TARGET 37429 1 1 0 1 0
TARGET 37430 1 1 0 2 0
TARGET 37431 1 0 0 0 0
TARGET 37432 1 0 0 1 0
TARGET 37433 1 0 0 1 0
TARGET 37434 1 0 0 1 0
TARGET 37435 1 1 0 2 0
TARGET 37436 1 0 0 1 0
TARGET 37437 1 0 0 1 0
TARGET 37438 1 1 0 2 0
TARGET 37439 1 0 0 0 0
TARGET 37440 1 0 0 1 0
TARGET 37441 1 0 0 1 0
TARGET 37442 1 1 0 2 0
TARGET 37443 1 0 0 1 0
TARGET 37444 1 0 0 1 0
TARGET 37445 1 1 0 2 0
TARGET 37446 1 0 0 0 0
TARGET 37447 1 1 0 1 0
TARGET 37448 1 1 0 2 0
TARGET 37449 1 1 0 1 0
TARGET 37450 1 1 0 1 0
TARGET 37451 1 1 0 2 0
TARGET 37452 1 0 0 0 0
TARGET 37453 1 1 0 3 0
TARGET 37454 1 1 0 2 0
TARGET 37455 1 1 0 2 0
TARGET 37456 1 1 0 3 0
TARGET 37457 1 1 0 1 0
TARGET 37458 1 1 0 1 0
TARGET 37459 1 1 0 2 0
TARGET 37460 1 0 0 2 0
TARGET 37461 1 0 0 0 0
TARGET 37462 1 1 0 1 0
TARGET 37463 1 1 0 2 0
TARGET 37464 1 0 0 0 0
TARGET 37465 1 2 0 3 0
TARGET 37466 1 0 0 2 0
TARGET 37467 1 1 0 3 0
TARGET 37468 1 2 0 3 0
TARGET 37469 1 2 0 3 0
TARGET 37470 1 3 0 4 0
TARGET 37471 1 2 0 3 0
TARGET 37472 1 2 0 3 0
TARGET 37473 1 2 0 3 0
TARGET 37474 1 2 0 3 0
TARGET 37475 1 1 0 2 0
TARGET 37476 1 1 0 2 0
TARGET 37477 1 1 0 2 0
TARGET 37478 1 2 0 3 0
TARGET 37479 1 1 0 2 0
TARGET 37480 1 1 0 2 0
TARGET 37481 1 1 0 2 0
TARGET 37482 1 1 0 2 0
TARGET 37483 1 1 0 2 0
TARGET 37484 1 1 0 2 0
TARGET 37485 1 1 0 2 0
TARGET 37486 1 1 0 3 0
TARGET 37487 1 1 0 2 0
TARGET 37488 1 1 0 2 0
TARGET 37489 1 1 0 2 0
TARGET 37490 1 1 0 2 0
TARGET 37491 1 1 0 2 0
TARGET 37492 1 1 0 2 0
TARGET 37493 1 1 0 2 0
TARGET 37494 1 1 0 3 0
TARGET 37495 1 1 0 2 0
TARGET 37496 1 1 0 2 0
TARGET 37497 1 1 0 3 0
TARGET 37498 1 1 0 2 0
TARGET 37499 1 1 0 2 0
TARGET 37500 1 2 0 3 0
TARGET 37501 1 1 0 2 0
TARGET 37502 1 1 0 2 0
TARGET 37503 1 1 0 2 0
TARGET 37504 1 1 0 2 0
TARGET 37505 1 1 0 2 0
TARGET 37506 1 1 0 2 0
TARGET 37507 1 2 0 3 0
TARGET 37508 1 1 0 2 0
TARGET 37509 1 1 0 2 0
TARGET 37510 1 1 0 2 0
TARGET 37511 1 1 0 2 0
TARGET 37512 1 1 0 2 0
TARGET 37513 1 1 0 3 0
TARGET 37514 1 1 0 2 0
TARGET 37515 1 1 0 2 0
TARGET 37516 1 1 0 3 0
TARGET 37517 1 1 0 2 0
TARGET 37518 1 1 0 3 0
TARGET 37519 1 1 0 2 0
TARGET 37520 1 1 0 2 0
TARGET 37521 1 1 0 3 0
TARGET 37522 1 2 0 3 0
TARGET 37523 1 1 0 4 0
TARGET 37524 1 1 0 3 0
TARGET 37525 1 1 0 3 0
TARGET 37526 1 1 0 4 0
TARGET 37527 1 1 0 2 0
TARGET 37528 1 1 0 3 0
TARGET 37529 1 1 0 2 0
TARGET 37530 1 1 0 2 0
TARGET 37531 1 1 0 3 0
TARGET 37532 1 1 0 2 0
TARGET 37533 1 1 0 3 0
TARGET 37534 1 1 0 2 0
TARGET 37535 1 1 0 2 0
TARGET 37536 1 1 0 3 0
TARGET 37537 1 1 0 2 0
TARGET 37538 1 1 0 3 0
TARGET 37539 1 1 0 2 0
TARGET 37540 1 1 0 2 0
TARGET 37541 1 1 0 3 0
TARGET 37542 1 1 0 2 0
TARGET 37543 1 1 0 3 0
TARGET 37544 1 1 0 2 0
TARGET 37545 1 1 0 2 0
TARGET 37546 1 1 0 3 0
TARGET 37547 1 1 0 1 0
TARGET 37548 1 0 0 1 0
TARGET 37549 1 0 0 1 0
TARGET 37550 1 1 0 2 0
TARGET 37551 1 1 0 1 0
TARGET 37552 1 0 0 1 0
TARGET 37553 1 0 0 1 0
TARGET 37554 1 1 0 1 0
TARGET 37555 1 1 0 1 0
TARGET 37556 1 0 0 1 0
TARGET 37557 1 0 0 1 0
TARGET 37558 1 1 0 2 0
TARGET 37559 1 1 0 1 0
TARGET 37560 1 0 0 1 0
TARGET 37561 1 0 0 1 0
TARGET 37562 1 1 0 1 0
TARGET 37563 1 0 0 1 0
TARGET 37564 1 0 0 1 0
TARGET 37565 1 1 0 1 0
TARGET 37566 1 1 0 2 0
TARGET 37567 1 1 0 1 0
TARGET 37568 1 1 0 1 0
TARGET 37569 1 1 0 2 0
TARGET 37570 1 0 0 2 0
TARGET 37571 1 0 0 1 0
TARGET 37572 1 0 0 1 0
TARGET 37573 1 1 0 2 0
TARGET 37574 1 0 0 1 0
TARGET 37575 1 0 0 1 0
TARGET 37576 1 0 0 1 0
TARGET 37577 1 0 0 1 0
TARGET 37578 1 0 0 1 0
TARGET 37579 1 0 0 1 0
TARGET 37580 1 1 0 2 0
TARGET 37581 1 0 0 1 0
TARGET 37582 1 0 0 1 0
TARGET 37583 1 0 0 1 0
TARGET 37584 1 0 0 1 0
TARGET 37585 1 0 0 1 0
TARGET 37586 1 1 0 2 0
TARGET 37587 1 0 0 1 0
TARGET 37588 1 0 0 1 0
TARGET 37589 1 1 0 2 0
TARGET 37590 1 0 0 2 0
TARGET 37591 1 0 0 1 0
TARGET 37592 1 1 0 2 0
TARGET 37593 1 0 0 1 0
TARGET 37594 1 0 0 1 0
TARGET 37595 1 1 0 2 0
TARGET 37596 1 0 0 2 0
TARGET 37597 1 1 0 2 0
TARGET 37598 1 1 0 3 0
TARGET 37599 1 1 0 2 0
TARGET 37600 1 1 0 2 0
TARGET 37601 1 1 0 3 0
TARGET 37602 1 1 0 3 0
TARGET 37603 1 1 0 1 0
TARGET 37604 1 1 0 2 0
TARGET 37605 1 1 0 1 0
TARGET 37606 1 1 0 1 0
TARGET 37607 1 1 0 2 0
TARGET 37608 1 0 0 2 0
TARGET 37609 1 0 0 1 0
TARGET 37610 1 1 0 2 0
TARGET 37611 1 0 0 1 0
TARGET 37612 1 0 0 1 0
TARGET 37613 1 1 0 2 0
TARGET 37614 1 0 0 2 0
TARGET 37615 1 0 0 1 0
TARGET 37616 1 1 0 2 0
TARGET 37617 1 0 0 1 0
TARGET 37618 1 0 0 1 0
TARGET 37619 1 1 0 2 0
TARGET 37620 1 0 0 2 0
TARGET 37621 1 1 0 1 0
TARGET 37622 1 1 0 2 0
TARGET 37623 1 1 0 1 0
TARGET 37624 1 1 0 1 0
TARGET 37625 1 1 0 2 0
TARGET 37626 1 0 0 2 0
TARGET 37627 1 0 0 0 0
TARGET 37628 1 0 0 0 0
TARGET 37629 1 0 0 0 0
TARGET 37630 1 1 0 1 0
TARGET 37631 1 0 0 0 0
TARGET 37632 1 0 0 0 0
TARGET 37633 1 0 0 0 0
TARGET 37634 1 0 0 0 0
TARGET 37635 1 1 0 1 0
TARGET 37636 1 0 0 1 0
TARGET 37637 1 0 0 1 0
TARGET 37638 1 1 0 2 0
TARGET 37639 1 1 0 1 0
TARGET 37640 1 0 0 1 0
TARGET 37641 1 0 0 1 0
TARGET 37642 1 1 0 1 0
TARGET 37643 1 0 0 1 0
TARGET 37644 1 0 0 1 0
TARGET 37645 1 1 0 1 0
TARGET 37646 1 1 0 2 0
TARGET 37647 1 1 0 1 0
TARGET 37648 1 1 0 1 0
TARGET 37649 1 1 0 2 0
TARGET 37650 1 0 0 1 0
TARGET 37651 1 0 0 1 0
TARGET 37652 1 1 0 2 0
TARGET 37653 1 0 0 1 0
TARGET 37654 1 0 0 1 0
TARGET 37655 1 0 0 1 0
TARGET 37656 1 0 0 1 0
TARGET 37657 1 0 0 1 0
TARGET 37658 1 0 0 1 0
TARGET 37659 1 1 0 2 0
TARGET 37660 1 0 0 1 0
TARGET 37661 1 0 0 1 0
TARGET 37662 1 0 0 1 0
TARGET 37663 1 0 0 1 0
TARGET 37664 1 0 0 1 0
TARGET 37665 1 1 0 2 0
TARGET 37666 1 0 0 1 0
TARGET 37667 1 0 0 1 0
TARGET 37668 1 1 0 2 0
TARGET 37669 1 0 0 1 0
TARGET 37670 1 1 0 2 0
TARGET 37671 1 0 0 1 0
TARGET 37672 1 0 0 1 0
TARGET 37673 1 1 0 2 0
TARGET 37674 1 1 0 2 0
TARGET 37675 1 1 0 3 0
TARGET 37676 1 1 0 2 0
TARGET 37677 1 1 0 2 0
TARGET 37678 1 1 0 3 0
TARGET 37679 1 1 0 1 0
TARGET 37680 1 1 0 2 0
TARGET 37681 1 1 0 1 0
TARGET 37682 1 1 0 1 0
TARGET 37683 1 1 0 2 0
TARGET 37684 1 0 0 1 0
TARGET 37685 1 1 0 2 0
TARGET 37686 1 0 0 1 0
TARGET 37687 1 0 0 1 0
TARGET 37688 1 1 0 2 0
TARGET 37689 1 0 0 1 0
TARGET 37690 1 1 0 2 0
TARGET 37691 1 0 0 1 0
TARGET 37692 1 0 0 1 0
TARGET 37693 1 1 0 2 0
TARGET 37694 1 1 0 1 0
TARGET 37695 1 1 0 2 0
TARGET 37696 1 1 0 1 0
TARGET 37697 1 1 0 1 0
TARGET 37698 1 1 0 2 0
TARGET 37699 1 0 0 0 0
TARGET 37700 1 0 0 0 0
TARGET 37701 1 0 0 0 0
TARGET 37702 1 1 0 1 0
TARGET 37703 1 0 0 0 0
TARGET 37704 1 0 0 0 0
TARGET 37705 1 0 0 0 0
TARGET 37706 1 0 0 0 0
TARGET 37707 1 0 0 1 0
TARGET 37708 1 0 0 1 0
TARGET 37709 1 0 0 1 0
TARGET 37710 1 1 0 2 0
TARGET 37711 1 0 0 1 0
TARGET 37712 1 0 0 1 0
TARGET 37713 1 1 0 2 0
TARGET 37714 1 0 0 0 0
TARGET 37715 1 0 0 1 0
TARGET 37716 1 0 0 1 0
TARGET 37717 1 1 0 2 0
TARGET 37718 1 0 0 1 0
TARGET 37719 1 0 0 1 0
TARGET 37720 1 1 0 2 0
TARGET 37721 1 0 0 0 0
TARGET 37722 1 1 0 1 0
TARGET 37723 1 1 0 2 0
TARGET 37724 1 1 0 1 0
TARGET 37725 1 1 0 1 0
TARGET 37726 1 1 0 2 0
TARGET 37727 1 0 0 0 0
TARGET 37728 1 2 0 3 0
TARGET 37729 1 1 0 2 0
TARGET 37730 1 1 0 2 0
TARGET 37731 1 1 0 3 0
TARGET 37732 1 1 0 1 0
TARGET 37733 1 1 0 1 0
TARGET 37734 1 1 0 2 0
TARGET 37735 1 0 0 2 0
TARGET 37736 1 0 0 0 0
TARGET 37737 1 1 0 1 0
TARGET 37738 1 1 0 2 0
TARGET 37739 1 0 0 0 0
TARGET 37740 1 1 0 3 0
TARGET 37741 1 0 0 2 0
TARGET 37742 1 0 0 1 0
TARGET 37743 1 0 0 1 0
TARGET 37744 1 1 0 2 0
TARGET 37745 1 0 0 1 0
TARGET 37746 1 0 0 1 0
TARGET 37747 1 0 0 1 0
TARGET 37748 1 0 0 1 0
TARGET 37749 1 0 0 1 0
TARGET 37750 1 0 0 1 0
TARGET 37751 1 1 0 2 0
TARGET 37752 1 0 0 1 0
TARGET 37753 1 0 0 1 0
TARGET 37754 1 0 0 1 0
TARGET 37755 1 0 0 1 0
TARGET 37756 1 0 0 1 0
TARGET 37757 1 1 0 2 0
TARGET 37758 1 0 0 1 0
TARGET 37759 1 0 0 1 0
TARGET 37760 1 1 0 2 0
TARGET 37761 1 0 0 1 0
TARGET 37762 1 1 0 2 0
TARGET 37763 1 0 0 1 0
TARGET 37764 1 0 0 1 0
TARGET 37765 1 1 0 2 0
TARGET 37766 1 1 0 2 0
TARGET 37767 1 1 0 3 0
TARGET 37768 1 1 0 2 0
TARGET 37769 1 1 0 2 0
TARGET 37770 1 1 0 3 0
TARGET 37771 1 0 0 1 0
TARGET 37772 1 1 0 2 0
TARGET 37773 1 0 0 1 0
TARGET 37774 1 0 0 1 0
TARGET 37775 1 1 0 2 0
TARGET 37776 1 0 0 1 0
TARGET 37777 1 1 0 2 0
TARGET 37778 1 0 0 1 0
TARGET 37779 1 0 0 1 0
TARGET 37780 1 1 0 2 0
TARGET 37781 1 0 0 1 0
TARGET 37782 1 1 0 2 0
TARGET 37783 1 0 0 1 0
TARGET 37784 1 0 0 1 0
TARGET 37785 1 1 0 2 0
TARGET 37786 1 0 0 1 0
TARGET 37787 1 1 0 2 0
TARGET 37788 1 0 0 1 0
TARGET 37789 1 0 0 1 0
TARGET 37790 1 1 0 2 0
TARGET 37791 1 0 0 0 0
TARGET 37792 1 0 0 0 0
TARGET 37793 1 1 0 1 0
TARGET 37794 1 0 0 0 0
TARGET 37795 1 0 0 0 0
TARGET 37796 1 0 0 0 0
TARGET 37797 1 0 0 0 0
TARGET 37798 1 0 0 1 0
TARGET 37799 1 0 0 1 0
TARGET 37800 1 1 0 2 0
TARGET 37801 1 0 0 1 0
TARGET 37802 1 0 0 1 0
TARGET 37803 1 0 0 1 0
TARGET 37804 1 0 0 1 0
TARGET 37805 1 0 0 1 0
TARGET 37806 1 1 0 2 0
TARGET 37807 1 0 0 1 0
TARGET 37808 1 0 0 1 0
TARGET 37809 1 1 0 2 0
TARGET 37810 1 0 0 1 0
TARGET 37811 1 1 0 2 0
TARGET 37812 1 0 0 1 0
TARGET 37813 1 0 0 1 0
TARGET 37814 1 1 0 2 0
TARGET 37815 1 1 0 2 0
TARGET 37816 1 1 0 3 0
TARGET 37817 1 1 0 2 0
TARGET 37818 1 1 0 2 0
TARGET 37819 1 1 0 3 0
TARGET 37820 1 0 0 1 0
TARGET 37821 1 1 0 2 0
TARGET 37822 1 0 0 1 0
TARGET 37823 1 0 0 1 0
TARGET 37824 1 1 0 2 0
TARGET 37825 1 0 0 1 0
TARGET 37826 1 1 0 2 0
TARGET 37827 1 0 0 1 0
TARGET 37828 1 0 0 1 0
TARGET 37829 1 1 0 2 0
TARGET 37830 1 0 0 1 0
TARGET 37831 1 1 0 2 0
TARGET 37832 1 0 0 1 0
TARGET 37833 1 0 0 1 0
TARGET 37834 1 1 0 2 0
TARGET 37835 1 0 0 1 0
TARGET 37836 1 1 0 2 0
TARGET 37837 1 0 0 1 0
TARGET 37838 1 0 0 1 0
TARGET 37839 1 1 0 2 0
TARGET 37840 1 0 0 0 0
TARGET 37841 1 0 0 0 0
TARGET 37842 1 1 0 1 0
TARGET 37843 1 0 0 0 0
TARGET 37844 1 0 0 0 0
TARGET 37845 1 0 0 0 0
TARGET 37846 1 0 0 0 0
TARGET 37847 1 0 0 1 0
TARGET 37848 1 1 0 2 0
TARGET 37849 1 0 0 1 0
TARGET 37850 1 0 0 1 0
TARGET 37851 1 1 0 2 0
TARGET 37852 1 0 0 0 0
TARGET 37853 1 2 0 3 0
TARGET 37854 1 1 0 2 0
TARGET 37855 1 1 0 2 0
TARGET 37856 1 1 0 3 0
TARGET 37857 1 0 0 1 0
TARGET 37858 1 0 0 1 0
TARGET 37859 1 1 0 2 0
TARGET 37860 1 0 0 2 0
TARGET 37861 1 0 0 0 0
TARGET 37862 1 0 0 1 0
TARGET 37863 1 1 0 2 0
TARGET 37864 1 0 0 0 0
TARGET 37865 1 2 0 3 0
TARGET 37866 1 0 0 2 0
TARGET 37867 1 0 0 1 0
TARGET 37868 1 1 0 2 0
TARGET 37869 1 0 0 1 0
TARGET 37870 1 0 0 1 0
TARGET 37871 1 1 0 2 0
TARGET 37872 1 0 0 0 0
TARGET 37873 1 2 0 3 0
TARGET 37874 1 1 0 2 0
TARGET 37875 1 1 0 2 0
TARGET 37876 1 1 0 3 0
TARGET 37877 1 0 0 1 0
TARGET 37878 1 0 0 1 0
TARGET 37879 1 1 0 2 0
TARGET 37880 1 0 0 2 0
TARGET 37881 1 0 0 0 0
TARGET 37882 1 0 0 1 0
TARGET 37883 1 1 0 2 0
TARGET 37884 1 0 0 0 0
TARGET 37885 1 2 0 3 0
TARGET 37886 1 0 0 2 0
TARGET 37887 1 1 0 2 0
TARGET 37888 1 1 0 3 0
TARGET 37889 1 1 0 2 0
TARGET 37890 1 1 0 2 0
TARGET 37891 1 1 0 3 0
TARGET 37892 1 1 0 1 0
TARGET 37893 1 1 0 4 0
TARGET 37894 1 1 0 3 0
TARGET 37895 1 1 0 3 0
TARGET 37896 1 1 0 4 0
TARGET 37897 1 1 0 2 0
TARGET 37898 1 1 0 2 0
TARGET 37899 1 1 0 3 0
TARGET 37900 1 1 0 3 0
TARGET 37901 1 1 0 1 0
TARGET 37902 1 1 0 2 0
TARGET 37903 1 1 0 3 0
TARGET 37904 1 1 0 1 0
TARGET 37905 1 1 0 4 0
TARGET 37906 1 1 0 3 0
TARGET 37907 1 1 0 1 0
TARGET 37908 1 1 0 2 0
TARGET 37909 1 1 0 1 0
TARGET 37910 1 1 0 1 0
TARGET 37911 1 1 0 2 0
TARGET 37912 1 0 0 0 0
TARGET 37913 1 1 0 3 0
TARGET 37914 1 1 0 2 0
TARGET 37915 1 1 0 2 0
TARGET 37916 1 1 0 3 0
TARGET 37917 1 1 0 1 0
TARGET 37918 1 1 0 1 0
TARGET 37919 1 1 0 2 0
TARGET 37920 1 0 0 2 0
TARGET 37921 1 0 0 0 0
TARGET 37922 1 1 0 1 0
TARGET 37923 1 1 0 2 0
TARGET 37924 1 0 0 0 0
TARGET 37925 1 1 0 3 0
TARGET 37926 1 0 0 2 0
TARGET 37927 1 0 0 1 0
TARGET 37928 1 1 0 2 0
TARGET 37929 1 0 0 1 0
TARGET 37930 1 0 0 1 0
TARGET 37931 1 1 0 2 0
TARGET 37932 1 0 0 0 0
TARGET 37933 1 2 0 3 0
TARGET 37934 1 1 0 2 0
TARGET 37935 1 1 0 2 0
TARGET 37936 1 1 0 3 0
TARGET 37937 1 0 0 1 0
TARGET 37938 1 0 0 1 0
TARGET 37939 1 1 0 2 0
TARGET 37940 1 0 0 2 0
TARGET 37941 1 0 0 0 0
TARGET 37942 1 0 0 1 0
TARGET 37943 1 1 0 2 0
TARGET 37944 1 0 0 0 0
TARGET 37945 1 2 0 3 0
TARGET 37946 1 0 0 2 0
TARGET 37947 1 0 0 1 0
TARGET 37948 1 1 0 2 0
TARGET 37949 1 0 0 1 0
TARGET 37950 1 0 0 1 0
TARGET 37951 1 1 0 2 0
TARGET 37952 1 0 0 0 0
TARGET 37953 1 2 0 3 0
TARGET 37954 1 1 0 2 0
TARGET 37955 1 1 0 2 0
TARGET 37956 1 1 0 3 0
TARGET 37957 1 0 0 1 0
TARGET 37958 1 0 0 1 0
TARGET 37959 1 1 0 2 0
TARGET 37960 1 0 0 2 0
TARGET 37961 1 0 0 0 0
TARGET 37962 1 0 0 1 0
TARGET 37963 1 1 0 2 0
TARGET 37964 1 0 0 0 0
TARGET 37965 1 2 0 3 0
TARGET 37966 1 0 0 2 0
TARGET 37967 1 1 0 1 0
TARGET 37968 1 1 0 2 0
TARGET 37969 1 1 0 1 0
TARGET 37970 1 1 0 1 0
TARGET 37971 1 1 0 2 0
TARGET 37972 1 0 0 0 0
TARGET 37973 1 1 0 3 0
TARGET 37974 1 1 0 2 0
TARGET 37975 1 1 0 2 0
TARGET 37976 1 1 0 3 0
TARGET 37977 1 1 0 1 0
TARGET 37978 1 1 0 1 0
TARGET 37979 1 1 0 2 0
TARGET 37980 1 0 0 2 0
TARGET 37981 1 0 0 0 0
TARGET 37982 1 1 0 1 0
TARGET 37983 1 1 0 2 0
TARGET 37984 1 0 0 0 0
TARGET 37985 1 1 0 3 0
TARGET 37986 1 0 0 2 0
TARGET 37987 1 1 0 3 0
TARGET 37988 1 2 0 3 0
TARGET 37989 1 2 0 3 0
TARGET 37990 1 1 0 4 0
TARGET 37991 1 1 0 3 0
TARGET 37992 1 3 0 4 0
TARGET 37993 1 2 0 3 0
TARGET 37994 1 1 0 4 0
TARGET 37995 1 1 0 3 0
TARGET 37996 1 2 0 3 0
TARGET 37997 1 1 0 3 0
TARGET 37998 1 2 0 3 0
TARGET 37999 1 2 0 3 0
TARGET 38000 1 1 0 2 0
PASS_1962_MONOMIAL_INTERVAL 37001 38000 1000 0
