TARGET 35001 1 0 0 1 0
TARGET 35002 1 0 0 1 0
TARGET 35003 1 0 0 1 0
TARGET 35004 1 1 0 2 0
TARGET 35005 1 0 0 1 0
TARGET 35006 1 0 0 0 0
TARGET 35007 1 2 0 3 0
TARGET 35008 1 1 0 2 0
TARGET 35009 1 1 0 2 0
TARGET 35010 1 1 0 2 0
TARGET 35011 1 1 0 2 0
TARGET 35012 1 1 0 2 0
TARGET 35013 1 1 0 2 0
TARGET 35014 1 1 0 3 0
TARGET 35015 1 1 0 2 0
TARGET 35016 1 0 0 1 0
TARGET 35017 1 0 0 1 0
TARGET 35018 1 0 0 1 0
TARGET 35019 1 0 0 1 0
TARGET 35020 1 0 0 1 0
TARGET 35021 1 0 0 1 0
TARGET 35022 1 1 0 2 0
TARGET 35023 1 0 0 1 0
TARGET 35024 1 0 0 2 0
TARGET 35025 1 0 0 0 0
TARGET 35026 1 0 0 1 0
TARGET 35027 1 0 0 1 0
TARGET 35028 1 0 0 1 0
TARGET 35029 1 0 0 1 0
TARGET 35030 1 0 0 1 0
TARGET 35031 1 1 0 2 0
TARGET 35032 1 0 0 1 0
TARGET 35033 1 0 0 0 0
TARGET 35034 1 0 0 1 0
TARGET 35035 1 0 0 1 0
TARGET 35036 1 0 0 1 0
TARGET 35037 1 0 0 1 0
TARGET 35038 1 1 0 2 0
TARGET 35039 1 0 0 1 0
TARGET 35040 1 0 0 0 0
TARGET 35041 1 0 0 1 0
TARGET 35042 1 0 0 1 0
TARGET 35043 1 0 0 1 0
TARGET 35044 1 1 0 2 0
TARGET 35045 1 0 0 1 0
TARGET 35046 1 0 0 0 0
TARGET 35047 1 0 0 1 0
TARGET 35048 1 0 0 1 0
TARGET 35049 1 1 0 2 0
TARGET 35050 1 0 0 1 0
TARGET 35051 1 0 0 0 0
TARGET 35052 1 0 0 1 0
TARGET 35053 1 1 0 2 0
TARGET 35054 1 0 0 1 0
TARGET 35055 1 0 0 0 0
TARGET 35056 1 2 0 3 0
TARGET 35057 1 1 0 2 0
TARGET 35058 1 0 0 1 0
TARGET 35059 1 0 0 2 0
TARGET 35060 1 0 0 0 0
TARGET 35061 1 1 0 2 0
TARGET 35062 1 1 0 2 0
TARGET 35063 1 1 0 3 0
TARGET 35064 1 1 0 2 0
TARGET 35065 1 1 0 2 0
TARGET 35066 1 1 0 2 0
TARGET 35067 1 1 0 2 0
TARGET 35068 1 1 0 2 0
TARGET 35069 1 1 0 2 0
TARGET 35070 1 2 0 3 0
TARGET 35071 1 1 0 2 0
TARGET 35072 1 1 0 1 0
TARGET 35073 1 1 0 2 0
TARGET 35074 1 1 0 3 0
TARGET 35075 1 1 0 2 0
TARGET 35076 1 1 0 2 0
TARGET 35077 1 1 0 2 0
TARGET 35078 1 1 0 2 0
TARGET 35079 1 1 0 2 0
TARGET 35080 1 1 0 2 0
TARGET 35081 1 2 0 3 0
TARGET 35082 1 1 0 2 0
TARGET 35083 1 1 0 1 0
TARGET 35084 1 1 0 4 0
TARGET 35085 1 1 0 3 0
TARGET 35086 1 1 0 3 0
TARGET 35087 1 1 0 3 0
TARGET 35088 1 1 0 3 0
TARGET 35089 1 1 0 3 0
TARGET 35090 1 1 0 3 0
TARGET 35091 1 1 0 4 0
TARGET 35092 1 1 0 3 0
TARGET 35093 1 1 0 2 0
TARGET 35094 1 1 0 2 0
TARGET 35095 1 1 0 2 0
TARGET 35096 1 1 0 2 0
TARGET 35097 1 1 0 2 0
TARGET 35098 1 1 0 2 0
TARGET 35099 1 1 0 3 0
TARGET 35100 1 1 0 2 0
TARGET 35101 1 1 0 3 0
TARGET 35102 1 1 0 1 0
TARGET 35103 1 1 0 2 0
TARGET 35104 1 1 0 2 0
TARGET 35105 1 1 0 2 0
TARGET 35106 1 1 0 2 0
TARGET 35107 1 1 0 2 0
TARGET 35108 1 2 0 3 0
TARGET 35109 1 1 0 2 0
TARGET 35110 1 1 0 1 0
TARGET 35111 1 1 0 2 0
TARGET 35112 1 1 0 2 0
TARGET 35113 1 1 0 2 0
TARGET 35114 1 1 0 2 0
TARGET 35115 1 1 0 3 0
TARGET 35116 1 1 0 2 0
TARGET 35117 1 1 0 1 0
TARGET 35118 1 1 0 2 0
TARGET 35119 1 1 0 2 0
TARGET 35120 1 1 0 2 0
TARGET 35121 1 2 0 3 0
TARGET 35122 1 1 0 2 0
TARGET 35123 1 1 0 1 0
TARGET 35124 1 1 0 2 0
TARGET 35125 1 1 0 2 0
TARGET 35126 1 1 0 3 0
TARGET 35127 1 1 0 2 0
TARGET 35128 1 1 0 1 0
TARGET 35129 1 1 0 2 0
TARGET 35130 1 2 0 3 0
TARGET 35131 1 1 0 2 0
TARGET 35132 1 1 0 1 0
TARGET 35133 1 3 0 4 0
TARGET 35134 1 2 0 3 0
TARGET 35135 1 1 0 2 0
TARGET 35136 1 1 0 3 0
TARGET 35137 1 1 0 1 0
TARGET 35138 1 0 0 1 0
TARGET 35139 1 0 0 1 0
TARGET 35140 1 1 0 2 0
TARGET 35141 1 0 0 1 0
TARGET 35142 1 0 0 1 0
TARGET 35143 1 0 0 1 0
TARGET 35144 1 0 0 1 0
TARGET 35145 1 0 0 1 0
TARGET 35146 1 0 0 1 0
TARGET 35147 1 1 0 2 0
TARGET 35148 1 0 0 1 0
TARGET 35149 1 0 0 0 0
TARGET 35150 1 1 0 1 0
TARGET 35151 1 1 0 2 0
TARGET 35152 1 1 0 1 0
TARGET 35153 1 0 0 1 0
TARGET 35154 1 1 0 1 0
TARGET 35155 1 0 0 1 0
TARGET 35156 1 1 0 1 0
TARGET 35157 1 0 0 1 0
TARGET 35158 1 1 0 2 0
TARGET 35159 1 1 0 1 0
TARGET 35160 1 0 0 0 0
TARGET 35161 1 1 0 3 0
TARGET 35162 1 1 0 2 0
TARGET 35163 1 1 0 2 0
TARGET 35164 1 1 0 2 0
TARGET 35165 1 1 0 2 0
TARGET 35166 1 1 0 2 0
TARGET 35167 1 1 0 2 0
TARGET 35168 1 1 0 3 0
TARGET 35169 1 1 0 2 0
TARGET 35170 1 1 0 1 0
TARGET 35171 1 0 0 1 0
TARGET 35172 1 1 0 1 0
TARGET 35173 1 0 0 1 0
TARGET 35174 1 1 0 1 0
TARGET 35175 1 0 0 1 0
TARGET 35176 1 1 0 2 0
TARGET 35177 1 1 0 1 0
TARGET 35178 1 0 0 2 0
TARGET 35179 1 0 0 0 0
TARGET 35180 1 0 0 1 0
TARGET 35181 1 0 0 1 0
TARGET 35182 1 0 0 1 0
TARGET 35183 1 0 0 1 0
TARGET 35184 1 0 0 1 0
TARGET 35185 1 1 0 2 0
TARGET 35186 1 0 0 1 0
TARGET 35187 1 0 0 0 0
TARGET 35188 1 1 0 1 0
TARGET 35189 1 0 0 1 0
TARGET 35190 1 1 0 1 0
TARGET 35191 1 0 0 1 0
TARGET 35192 1 1 0 2 0
TARGET 35193 1 1 0 1 0
TARGET 35194 1 0 0 0 0
TARGET 35195 1 0 0 1 0
TARGET 35196 1 0 0 1 0
TARGET 35197 1 0 0 1 0
TARGET 35198 1 1 0 2 0
TARGET 35199 1 0 0 1 0
TARGET 35200 1 0 0 0 0
TARGET 35201 1 1 0 1 0
TARGET 35202 1 0 0 1 0
TARGET 35203 1 1 0 2 0
TARGET 35204 1 1 0 1 0
TARGET 35205 1 0 0 0 0
TARGET 35206 1 0 0 1 0
TARGET 35207 1 1 0 2 0
TARGET 35208 1 0 0 1 0
TARGET 35209 1 0 0 0 0
TARGET 35210 1 2 0 3 0
TARGET 35211 1 1 0 2 0
TARGET 35212 1 1 0 1 0
TARGET 35213 1 0 0 2 0
TARGET 35214 1 0 0 0 0
TARGET 35215 1 0 0 1 0
TARGET 35216 1 1 0 2 0
TARGET 35217 1 0 0 1 0
TARGET 35218 1 0 0 1 0
TARGET 35219 1 0 0 1 0
TARGET 35220 1 1 0 2 0
TARGET 35221 1 0 0 1 0
TARGET 35222 1 0 0 1 0
TARGET 35223 1 0 0 1 0
TARGET 35224 1 0 0 1 0
TARGET 35225 1 0 0 1 0
TARGET 35226 1 1 0 2 0
TARGET 35227 1 0 0 1 0
TARGET 35228 1 0 0 1 0
TARGET 35229 1 0 0 1 0
TARGET 35230 1 1 0 2 0
TARGET 35231 1 0 0 1 0
TARGET 35232 1 0 0 1 0
TARGET 35233 1 0 0 1 0
TARGET 35234 1 0 0 1 0
TARGET 35235 1 1 0 2 0
TARGET 35236 1 1 0 3 0
TARGET 35237 1 1 0 2 0
TARGET 35238 1 1 0 2 0
TARGET 35239 1 1 0 2 0
TARGET 35240 1 2 0 3 0
TARGET 35241 1 1 0 2 0
TARGET 35242 1 1 0 2 0
TARGET 35243 1 1 0 2 0
TARGET 35244 1 1 0 2 0
TARGET 35245 1 0 0 1 0
TARGET 35246 1 1 0 2 0
TARGET 35247 1 0 0 1 0
TARGET 35248 1 0 0 1 0
TARGET 35249 1 0 0 1 0
TARGET 35250 1 1 0 2 0
TARGET 35251 1 0 0 1 0
TARGET 35252 1 0 0 1 0
TARGET 35253 1 0 0 1 0
TARGET 35254 1 0 0 1 0
TARGET 35255 1 0 0 1 0
TARGET 35256 1 0 0 1 0
TARGET 35257 1 0 0 1 0
TARGET 35258 1 0 0 1 0
TARGET 35259 1 0 0 1 0
TARGET 35260 1 1 0 2 0
TARGET 35261 1 0 0 1 0
TARGET 35262 1 1 0 2 0
TARGET 35263 1 1 0 2 0
TARGET 35264 1 1 0 2 0
TARGET 35265 1 1 0 2 0
TARGET 35266 1 1 0 2 0
TARGET 35267 1 1 0 3 0
TARGET 35268 1 1 0 2 0
TARGET 35269 1 0 0 1 0
TARGET 35270 1 0 0 1 0
TARGET 35271 1 0 0 1 0
TARGET 35272 1 0 0 1 0
TARGET 35273 1 0 0 1 0
TARGET 35274 1 1 0 2 0
TARGET 35275 1 0 0 1 0
TARGET 35276 1 0 0 1 0
TARGET 35277 1 0 0 1 0
TARGET 35278 1 1 0 2 0
TARGET 35279 1 0 0 1 0
TARGET 35280 1 0 0 1 0
TARGET 35281 1 0 0 1 0
TARGET 35282 1 0 0 1 0
TARGET 35283 1 0 0 1 0
TARGET 35284 1 0 0 1 0
TARGET 35285 1 0 0 1 0
TARGET 35286 1 0 0 1 0
TARGET 35287 1 1 0 2 0
TARGET 35288 1 0 0 1 0
TARGET 35289 1 0 0 1 0
TARGET 35290 1 1 0 2 0
TARGET 35291 1 0 0 1 0
TARGET 35292 1 0 0 1 0
TARGET 35293 1 0 0 1 0
TARGET 35294 1 0 0 1 0
TARGET 35295 1 0 0 1 0
TARGET 35296 1 0 0 1 0
TARGET 35297 1 0 0 1 0
TARGET 35298 1 1 0 2 0
TARGET 35299 1 0 0 1 0
TARGET 35300 1 1 0 2 0
TARGET 35301 1 1 0 2 0
TARGET 35302 1 1 0 2 0
TARGET 35303 1 1 0 3 0
TARGET 35304 1 1 0 2 0
TARGET 35305 1 0 0 1 0
TARGET 35306 1 0 0 1 0
TARGET 35307 1 0 0 1 0
TARGET 35308 1 1 0 2 0
TARGET 35309 1 0 0 1 0
TARGET 35310 1 0 0 1 0
TARGET 35311 1 0 0 1 0
TARGET 35312 1 0 0 1 0
TARGET 35313 1 0 0 1 0
TARGET 35314 1 0 0 1 0
TARGET 35315 1 1 0 2 0
TARGET 35316 1 0 0 1 0
TARGET 35317 1 0 0 1 0
TARGET 35318 1 0 0 1 0
TARGET 35319 1 0 0 1 0
TARGET 35320 1 1 0 2 0
TARGET 35321 1 0 0 1 0
TARGET 35322 1 0 0 1 0
TARGET 35323 1 1 0 2 0
TARGET 35324 1 0 0 1 0
TARGET 35325 1 0 0 0 0
TARGET 35326 1 1 0 1 0
TARGET 35327 1 0 0 0 0
TARGET 35328 1 0 0 0 0
TARGET 35329 1 0 0 0 0
TARGET 35330 1 1 0 1 0
TARGET 35331 1 0 0 0 0
TARGET 35332 1 0 0 0 0
TARGET 35333 1 0 0 0 0
TARGET 35334 1 0 0 0 0
TARGET 35335 1 1 0 1 0
TARGET 35336 1 1 0 2 0
TARGET 35337 1 1 0 1 0
TARGET 35338 1 0 0 1 0
TARGET 35339 1 1 0 1 0
TARGET 35340 1 1 0 2 0
TARGET 35341 1 1 0 1 0
TARGET 35342 1 0 0 1 0
TARGET 35343 1 1 0 1 0
TARGET 35344 1 0 0 1 0
TARGET 35345 1 1 0 2 0
TARGET 35346 1 1 0 3 0
TARGET 35347 1 1 0 2 0
TARGET 35348 1 1 0 2 0
TARGET 35349 1 1 0 2 0
TARGET 35350 1 1 0 3 0
TARGET 35351 1 1 0 2 0
TARGET 35352 1 1 0 2 0
TARGET 35353 1 1 0 2 0
TARGET 35354 1 1 0 2 0
TARGET 35355 1 1 0 1 0
TARGET 35356 1 1 0 2 0
TARGET 35357 1 1 0 1 0
TARGET 35358 1 0 0 1 0
TARGET 35359 1 1 0 1 0
TARGET 35360 1 1 0 2 0
TARGET 35361 1 1 0 1 0
TARGET 35362 1 0 0 1 0
TARGET 35363 1 1 0 1 0
TARGET 35364 1 0 0 1 0
TARGET 35365 1 0 0 1 0
TARGET 35366 1 1 0 1 0
TARGET 35367 1 0 0 1 0
TARGET 35368 1 1 0 1 0
TARGET 35369 1 0 0 1 0
TARGET 35370 1 1 0 2 0
TARGET 35371 1 1 0 1 0
TARGET 35372 1 1 0 2 0
TARGET 35373 1 1 0 2 0
TARGET 35374 1 1 0 2 0
TARGET 35375 1 1 0 2 0
TARGET 35376 1 1 0 2 0
TARGET 35377 1 1 0 3 0
TARGET 35378 1 1 0 2 0
TARGET 35379 1 0 0 1 0
TARGET 35380 1 1 0 1 0
TARGET 35381 1 0 0 1 0
TARGET 35382 1 1 0 1 0
TARGET 35383 1 0 0 1 0
TARGET 35384 1 1 0 2 0
TARGET 35385 1 1 0 1 0
TARGET 35386 1 0 0 1 0
TARGET 35387 1 0 0 1 0
TARGET 35388 1 1 0 2 0
TARGET 35389 1 0 0 1 0
TARGET 35390 1 0 0 1 0
TARGET 35391 1 0 0 1 0
TARGET 35392 1 0 0 1 0
TARGET 35393 1 0 0 1 0
TARGET 35394 1 0 0 1 0
TARGET 35395 1 0 0 1 0
TARGET 35396 1 0 0 1 0
TARGET 35397 1 1 0 2 0
TARGET 35398 1 0 0 1 0
TARGET 35399 1 1 0 1 0
TARGET 35400 1 1 0 2 0
TARGET 35401 1 1 0 1 0
TARGET 35402 1 0 0 1 0
TARGET 35403 1 0 0 1 0
TARGET 35404 1 1 0 1 0
TARGET 35405 1 1 0 1 0
TARGET 35406 1 0 0 1 0
TARGET 35407 1 0 0 1 0
TARGET 35408 1 1 0 2 0
TARGET 35409 1 1 0 1 0
TARGET 35410 1 1 0 2 0
TARGET 35411 1 1 0 2 0
TARGET 35412 1 1 0 2 0
TARGET 35413 1 1 0 3 0
TARGET 35414 1 1 0 2 0
TARGET 35415 1 0 0 1 0
TARGET 35416 1 1 0 1 0
TARGET 35417 1 0 0 1 0
TARGET 35418 1 1 0 2 0
TARGET 35419 1 1 0 1 0
TARGET 35420 1 0 0 1 0
TARGET 35421 1 0 0 1 0
TARGET 35422 1 0 0 1 0
TARGET 35423 1 0 0 1 0
TARGET 35424 1 0 0 1 0
TARGET 35425 1 1 0 2 0
TARGET 35426 1 0 0 1 0
TARGET 35427 1 1 0 1 0
TARGET 35428 1 0 0 1 0
TARGET 35429 1 0 0 1 0
TARGET 35430 1 1 0 2 0
TARGET 35431 1 1 0 1 0
TARGET 35432 1 0 0 1 0
TARGET 35433 1 1 0 2 0
TARGET 35434 1 0 0 1 0
TARGET 35435 1 0 0 0 0
TARGET 35436 1 1 0 1 0
TARGET 35437 1 0 0 0 0
TARGET 35438 1 0 0 0 0
TARGET 35439 1 0 0 0 0
TARGET 35440 1 1 0 1 0
TARGET 35441 1 0 0 0 0
TARGET 35442 1 0 0 0 0
TARGET 35443 1 0 0 0 0
TARGET 35444 1 0 0 0 0
TARGET 35445 1 1 0 3 0
TARGET 35446 1 1 0 4 0
TARGET 35447 1 1 0 3 0
TARGET 35448 1 2 0 3 0
TARGET 35449 1 1 0 3 0
TARGET 35450 1 3 0 4 0
TARGET 35451 1 2 0 3 0
TARGET 35452 1 2 0 3 0
TARGET 35453 1 2 0 3 0
TARGET 35454 1 2 0 3 0
TARGET 35455 1 1 0 2 0
TARGET 35456 1 1 0 3 0
TARGET 35457 1 1 0 2 0
TARGET 35458 1 1 0 2 0
TARGET 35459 1 1 0 2 0
TARGET 35460 1 2 0 3 0
TARGET 35461 1 1 0 2 0
TARGET 35462 1 1 0 2 0
TARGET 35463 1 1 0 2 0
TARGET 35464 1 1 0 2 0
TARGET 35465 1 1 0 2 0
TARGET 35466 1 1 0 2 0
TARGET 35467 1 1 0 2 0
TARGET 35468 1 1 0 2 0
TARGET 35469 1 1 0 2 0
TARGET 35470 1 1 0 3 0
TARGET 35471 1 1 0 2 0
TARGET 35472 1 1 0 3 0
TARGET 35473 1 1 0 3 0
TARGET 35474 1 1 0 3 0
TARGET 35475 1 1 0 3 0
TARGET 35476 1 1 0 3 0
TARGET 35477 1 1 0 4 0
TARGET 35478 1 1 0 3 0
TARGET 35479 1 1 0 2 0
TARGET 35480 1 1 0 2 0
TARGET 35481 1 1 0 2 0
TARGET 35482 1 1 0 2 0
TARGET 35483 1 1 0 2 0
TARGET 35484 1 1 0 3 0
TARGET 35485 1 1 0 2 0
TARGET 35486 1 1 0 2 0
TARGET 35487 1 1 0 2 0
TARGET 35488 1 2 0 3 0
TARGET 35489 1 1 0 2 0
TARGET 35490 1 1 0 2 0
TARGET 35491 1 1 0 2 0
TARGET 35492 1 1 0 2 0
TARGET 35493 1 1 0 2 0
TARGET 35494 1 1 0 2 0
TARGET 35495 1 1 0 2 0
TARGET 35496 1 1 0 2 0
TARGET 35497 1 1 0 3 0
TARGET 35498 1 1 0 2 0
TARGET 35499 1 1 0 2 0
TARGET 35500 1 1 0 3 0
TARGET 35501 1 1 0 2 0
TARGET 35502 1 1 0 2 0
TARGET 35503 1 1 0 2 0
TARGET 35504 1 1 0 2 0
TARGET 35505 1 1 0 2 0
TARGET 35506 1 1 0 2 0
TARGET 35507 1 1 0 2 0
TARGET 35508 1 1 0 3 0
TARGET 35509 1 1 0 2 0
TARGET 35510 1 2 0 3 0
TARGET 35511 1 2 0 3 0
TARGET 35512 1 2 0 3 0
TARGET 35513 1 1 0 4 0
TARGET 35514 1 1 0 3 0
TARGET 35515 1 1 0 2 0
TARGET 35516 1 1 0 2 0
TARGET 35517 1 1 0 2 0
TARGET 35518 1 1 0 3 0
TARGET 35519 1 1 0 2 0
TARGET 35520 1 1 0 2 0
TARGET 35521 1 1 0 2 0
TARGET 35522 1 1 0 2 0
TARGET 35523 1 1 0 2 0
TARGET 35524 1 1 0 2 0
TARGET 35525 1 1 0 3 0
TARGET 35526 1 1 0 2 0
TARGET 35527 1 1 0 2 0
TARGET 35528 1 1 0 2 0
TARGET 35529 1 1 0 2 0
TARGET 35530 1 1 0 3 0
TARGET 35531 1 1 0 2 0
TARGET 35532 1 1 0 2 0
TARGET 35533 1 1 0 3 0
TARGET 35534 1 1 0 2 0
TARGET 35535 1 1 0 1 0
TARGET 35536 1 1 0 2 0
TARGET 35537 1 1 0 1 0
TARGET 35538 1 0 0 1 0
TARGET 35539 1 1 0 1 0
TARGET 35540 1 1 0 2 0
TARGET 35541 1 1 0 1 0
TARGET 35542 1 0 0 1 0
TARGET 35543 1 1 0 1 0
TARGET 35544 1 0 0 1 0
TARGET 35545 1 0 0 1 0
TARGET 35546 1 1 0 1 0
TARGET 35547 1 0 0 1 0
TARGET 35548 1 1 0 1 0
TARGET 35549 1 0 0 1 0
TARGET 35550 1 1 0 2 0
TARGET 35551 1 1 0 1 0
TARGET 35552 1 0 0 2 0
TARGET 35553 1 1 0 2 0
TARGET 35554 1 1 0 2 0
TARGET 35555 1 1 0 2 0
TARGET 35556 1 1 0 2 0
TARGET 35557 1 1 0 2 0
TARGET 35558 1 1 0 3 0
TARGET 35559 1 1 0 2 0
TARGET 35560 1 1 0 3 0
TARGET 35561 1 0 0 1 0
TARGET 35562 1 1 0 1 0
TARGET 35563 1 0 0 1 0
TARGET 35564 1 1 0 1 0
TARGET 35565 1 0 0 1 0
TARGET 35566 1 1 0 2 0
TARGET 35567 1 1 0 1 0
TARGET 35568 1 0 0 2 0
TARGET 35569 1 0 0 1 0
TARGET 35570 1 0 0 1 0
TARGET 35571 1 1 0 2 0
TARGET 35572 1 0 0 1 0
TARGET 35573 1 0 0 1 0
TARGET 35574 1 0 0 1 0
TARGET 35575 1 0 0 1 0
TARGET 35576 1 0 0 1 0
TARGET 35577 1 0 0 1 0
TARGET 35578 1 0 0 1 0
TARGET 35579 1 0 0 1 0
TARGET 35580 1 1 0 2 0
TARGET 35581 1 0 0 1 0
TARGET 35582 1 0 0 2 0
TARGET 35583 1 1 0 1 0
TARGET 35584 1 1 0 2 0
TARGET 35585 1 1 0 1 0
TARGET 35586 1 0 0 1 0
TARGET 35587 1 0 0 1 0
TARGET 35588 1 1 0 1 0
TARGET 35589 1 1 0 1 0
TARGET 35590 1 0 0 1 0
TARGET 35591 1 0 0 1 0
TARGET 35592 1 1 0 2 0
TARGET 35593 1 1 0 1 0
TARGET 35594 1 0 0 2 0
TARGET 35595 1 1 0 2 0
TARGET 35596 1 1 0 2 0
TARGET 35597 1 1 0 2 0
TARGET 35598 1 1 0 3 0
TARGET 35599 1 1 0 2 0
TARGET 35600 1 1 0 3 0
TARGET 35601 1 0 0 1 0
TARGET 35602 1 1 0 1 0
TARGET 35603 1 0 0 1 0
TARGET 35604 1 1 0 2 0
TARGET 35605 1 1 0 1 0
TARGET 35606 1 0 0 2 0
TARGET 35607 1 0 0 1 0
TARGET 35608 1 0 0 1 0
TARGET 35609 1 0 0 1 0
TARGET 35610 1 0 0 1 0
TARGET 35611 1 0 0 1 0
TARGET 35612 1 1 0 2 0
TARGET 35613 1 0 0 1 0
TARGET 35614 1 0 0 2 0
TARGET 35615 1 1 0 1 0
TARGET 35616 1 0 0 1 0
TARGET 35617 1 0 0 1 0
TARGET 35618 1 1 0 2 0
TARGET 35619 1 1 0 1 0
TARGET 35620 1 0 0 2 0
TARGET 35621 1 0 0 1 0
TARGET 35622 1 1 0 2 0
TARGET 35623 1 0 0 1 0
TARGET 35624 1 0 0 2 0
TARGET 35625 1 0 0 0 0
TARGET 35626 1 1 0 1 0
TARGET 35627 1 0 0 0 0
TARGET 35628 1 0 0 0 0
TARGET 35629 1 0 0 0 0
TARGET 35630 1 1 0 1 0
TARGET 35631 1 0 0 0 0
TARGET 35632 1 0 0 0 0
TARGET 35633 1 0 0 0 0
TARGET 35634 1 0 0 0 0
TARGET 35635 1 0 0 1 0
TARGET 35636 1 0 0 1 0
TARGET 35637 1 0 0 1 0
TARGET 35638 1 0 0 1 0
TARGET 35639 1 0 0 1 0
TARGET 35640 1 1 0 2 0
TARGET 35641 1 0 0 1 0
TARGET 35642 1 0 0 0 0
TARGET 35643 1 1 0 1 0
TARGET 35644 1 0 0 1 0
TARGET 35645 1 1 0 1 0
TARGET 35646 1 0 0 1 0
TARGET 35647 1 1 0 2 0
TARGET 35648 1 1 0 1 0
TARGET 35649 1 0 0 0 0
TARGET 35650 1 0 0 1 0
TARGET 35651 1 0 0 1 0
TARGET 35652 1 0 0 1 0
TARGET 35653 1 1 0 2 0
TARGET 35654 1 0 0 1 0
TARGET 35655 1 0 0 0 0
TARGET 35656 1 1 0 1 0
TARGET 35657 1 0 0 1 0
TARGET 35658 1 1 0 2 0
TARGET 35659 1 1 0 1 0
TARGET 35660 1 0 0 0 0
TARGET 35661 1 0 0 1 0
TARGET 35662 1 1 0 2 0
TARGET 35663 1 0 0 1 0
TARGET 35664 1 0 0 0 0
TARGET 35665 1 2 0 3 0
TARGET 35666 1 1 0 2 0
TARGET 35667 1 1 0 1 0
TARGET 35668 1 0 0 2 0
TARGET 35669 1 0 0 0 0
TARGET 35670 1 1 0 2 0
TARGET 35671 1 1 0 2 0
TARGET 35672 1 1 0 2 0
TARGET 35673 1 1 0 2 0
TARGET 35674 1 1 0 2 0
TARGET 35675 1 1 0 3 0
TARGET 35676 1 1 0 2 0
TARGET 35677 1 1 0 1 0
TARGET 35678 1 1 0 2 0
TARGET 35679 1 1 0 2 0
TARGET 35680 1 1 0 2 0
TARGET 35681 1 1 0 2 0
TARGET 35682 1 1 0 3 0
TARGET 35683 1 1 0 2 0
TARGET 35684 1 1 0 1 0
TARGET 35685 1 1 0 2 0
TARGET 35686 1 1 0 2 0
TARGET 35687 1 1 0 2 0
TARGET 35688 1 1 0 3 0
TARGET 35689 1 1 0 2 0
TARGET 35690 1 1 0 1 0
TARGET 35691 1 1 0 2 0
TARGET 35692 1 1 0 2 0
TARGET 35693 1 1 0 3 0
TARGET 35694 1 1 0 2 0
TARGET 35695 1 1 0 1 0
TARGET 35696 1 1 0 2 0
TARGET 35697 1 1 0 3 0
TARGET 35698 1 1 0 2 0
TARGET 35699 1 1 0 1 0
TARGET 35700 1 1 0 4 0
TARGET 35701 1 1 0 3 0
TARGET 35702 1 1 0 2 0
TARGET 35703 1 1 0 3 0
TARGET 35704 1 1 0 1 0
TARGET 35705 1 0 0 1 0
TARGET 35706 1 0 0 1 0
TARGET 35707 1 0 0 1 0
TARGET 35708 1 0 0 1 0
TARGET 35709 1 0 0 1 0
TARGET 35710 1 1 0 2 0
TARGET 35711 1 0 0 1 0
TARGET 35712 1 0 0 0 0
TARGET 35713 1 1 0 1 0
TARGET 35714 1 0 0 1 0
TARGET 35715 1 1 0 1 0
TARGET 35716 1 0 0 1 0
TARGET 35717 1 1 0 2 0
TARGET 35718 1 1 0 1 0
TARGET 35719 1 0 0 0 0
TARGET 35720 1 0 0 1 0
TARGET 35721 1 0 0 1 0
TARGET 35722 1 0 0 1 0
TARGET 35723 1 1 0 2 0
TARGET 35724 1 0 0 1 0
TARGET 35725 1 0 0 0 0
TARGET 35726 1 1 0 1 0
TARGET 35727 1 0 0 1 0
TARGET 35728 1 1 0 2 0
TARGET 35729 1 1 0 1 0
TARGET 35730 1 0 0 0 0
TARGET 35731 1 0 0 1 0
TARGET 35732 1 1 0 2 0
TARGET 35733 1 0 0 1 0
TARGET 35734 1 0 0 0 0
TARGET 35735 1 1 0 3 0
TARGET 35736 1 1 0 2 0
TARGET 35737 1 1 0 1 0
TARGET 35738 1 0 0 2 0
TARGET 35739 1 0 0 0 0
TARGET 35740 1 0 0 1 0
TARGET 35741 1 0 0 1 0
TARGET 35742 1 1 0 2 0
TARGET 35743 1 0 0 1 0
TARGET 35744 1 0 0 1 0
TARGET 35745 1 0 0 1 0
TARGET 35746 1 0 0 1 0
TARGET 35747 1 0 0 1 0
TARGET 35748 1 0 0 1 0
TARGET 35749 1 0 0 1 0
TARGET 35750 1 0 0 1 0
TARGET 35751 1 1 0 2 0
TARGET 35752 1 0 0 1 0
TARGET 35753 1 0 0 1 0
TARGET 35754 1 1 0 2 0
TARGET 35755 1 0 0 1 0
TARGET 35756 1 0 0 1 0
TARGET 35757 1 0 0 1 0
TARGET 35758 1 0 0 1 0
TARGET 35759 1 0 0 1 0
TARGET 35760 1 0 0 1 0
TARGET 35761 1 0 0 1 0
TARGET 35762 1 1 0 2 0
TARGET 35763 1 0 0 1 0
TARGET 35764 1 1 0 2 0
TARGET 35765 1 1 0 2 0
TARGET 35766 1 1 0 2 0
TARGET 35767 1 1 0 3 0
TARGET 35768 1 1 0 2 0
TARGET 35769 1 0 0 1 0
TARGET 35770 1 0 0 1 0
TARGET 35771 1 0 0 1 0
TARGET 35772 1 1 0 2 0
TARGET 35773 1 0 0 1 0
TARGET 35774 1 0 0 1 0
TARGET 35775 1 0 0 1 0
TARGET 35776 1 0 0 1 0
TARGET 35777 1 0 0 1 0
TARGET 35778 1 0 0 1 0
TARGET 35779 1 1 0 2 0
TARGET 35780 1 0 0 1 0
TARGET 35781 1 0 0 1 0
TARGET 35782 1 0 0 1 0
TARGET 35783 1 0 0 1 0
TARGET 35784 1 1 0 2 0
TARGET 35785 1 0 0 1 0
TARGET 35786 1 0 0 1 0
TARGET 35787 1 1 0 2 0
TARGET 35788 1 0 0 1 0
TARGET 35789 1 0 0 0 0
TARGET 35790 1 0 0 0 0
TARGET 35791 1 1 0 1 0
TARGET 35792 1 0 0 0 0
TARGET 35793 1 0 0 0 0
TARGET 35794 1 0 0 0 0
TARGET 35795 1 0 0 0 0
TARGET 35796 1 0 0 1 0
TARGET 35797 1 0 0 1 0
TARGET 35798 1 0 0 1 0
TARGET 35799 1 0 0 1 0
TARGET 35800 1 1 0 2 0
TARGET 35801 1 0 0 1 0
TARGET 35802 1 0 0 0 0
TARGET 35803 1 0 0 1 0
TARGET 35804 1 0 0 1 0
TARGET 35805 1 0 0 1 0
TARGET 35806 1 1 0 2 0
TARGET 35807 1 0 0 1 0
TARGET 35808 1 0 0 0 0
TARGET 35809 1 0 0 1 0
TARGET 35810 1 0 0 1 0
TARGET 35811 1 1 0 2 0
TARGET 35812 1 0 0 1 0
TARGET 35813 1 0 0 0 0
TARGET 35814 1 0 0 1 0
TARGET 35815 1 1 0 2 0
TARGET 35816 1 0 0 1 0
TARGET 35817 1 0 0 0 0
TARGET 35818 1 2 0 3 0
TARGET 35819 1 1 0 2 0
TARGET 35820 1 0 0 1 0
TARGET 35821 1 0 0 2 0
TARGET 35822 1 0 0 0 0
TARGET 35823 1 1 0 1 0
TARGET 35824 1 1 0 2 0
TARGET 35825 1 1 0 1 0
TARGET 35826 1 0 0 1 0
TARGET 35827 1 0 0 1 0
TARGET 35828 1 1 0 1 0
TARGET 35829 1 1 0 1 0
TARGET 35830 1 0 0 1 0
TARGET 35831 1 0 0 1 0
TARGET 35832 1 1 0 2 0
TARGET 35833 1 1 0 1 0
TARGET 35834 1 0 0 0 0
TARGET 35835 1 1 0 2 0
TARGET 35836 1 1 0 2 0
TARGET 35837 1 1 0 2 0
TARGET 35838 1 1 0 3 0
TARGET 35839 1 1 0 2 0
TARGET 35840 1 0 0 1 0
TARGET 35841 1 1 0 1 0
TARGET 35842 1 0 0 1 0
TARGET 35843 1 1 0 2 0
TARGET 35844 1 1 0 1 0
TARGET 35845 1 0 0 1 0
TARGET 35846 1 0 0 1 0
TARGET 35847 1 0 0 1 0
TARGET 35848 1 0 0 1 0
TARGET 35849 1 0 0 1 0
TARGET 35850 1 0 0 1 0
TARGET 35851 1 1 0 2 0
TARGET 35852 1 0 0 1 0
TARGET 35853 1 0 0 0 0
TARGET 35854 1 0 0 1 0
TARGET 35855 1 0 0 1 0
TARGET 35856 1 1 0 2 0
TARGET 35857 1 0 0 1 0
TARGET 35858 1 1 0 1 0
TARGET 35859 1 1 0 1 0
TARGET 35860 1 0 0 1 0
TARGET 35861 1 0 0 1 0
TARGET 35862 1 1 0 2 0
TARGET 35863 1 1 0 1 0
TARGET 35864 1 0 0 1 0
TARGET 35865 1 1 0 2 0
TARGET 35866 1 1 0 1 0
TARGET 35867 1 0 0 0 0
TARGET 35868 1 0 0 1 0
TARGET 35869 1 1 0 2 0
TARGET 35870 1 0 0 1 0
TARGET 35871 1 0 0 1 0
TARGET 35872 1 1 0 2 0
TARGET 35873 1 0 0 1 0
TARGET 35874 1 0 0 0 0
TARGET 35875 1 1 0 3 0
TARGET 35876 1 1 0 2 0
TARGET 35877 1 1 0 1 0
TARGET 35878 1 0 0 2 0
TARGET 35879 1 0 0 0 0
TARGET 35880 1 1 0 1 0
TARGET 35881 1 0 0 0 0
TARGET 35882 1 0 0 0 0
TARGET 35883 1 0 0 0 0
TARGET 35884 1 0 0 0 0
TARGET 35885 1 1 0 2 0
TARGET 35886 1 1 0 2 0
TARGET 35887 1 1 0 2 0
TARGET 35888 1 1 0 3 0
TARGET 35889 1 1 0 2 0
TARGET 35890 1 1 0 1 0
TARGET 35891 1 1 0 2 0
TARGET 35892 1 1 0 2 0
TARGET 35893 1 1 0 3 0
TARGET 35894 1 1 0 2 0
TARGET 35895 1 1 0 1 0
TARGET 35896 1 1 0 2 0
TARGET 35897 1 1 0 3 0
TARGET 35898 1 1 0 2 0
TARGET 35899 1 1 0 1 0
TARGET 35900 1 1 0 4 0
TARGET 35901 1 1 0 3 0
TARGET 35902 1 1 0 2 0
TARGET 35903 1 1 0 3 0
TARGET 35904 1 1 0 1 0
TARGET 35905 1 0 0 1 0
TARGET 35906 1 0 0 1 0
TARGET 35907 1 0 0 1 0
TARGET 35908 1 1 0 2 0
TARGET 35909 1 0 0 1 0
TARGET 35910 1 0 0 0 0
TARGET 35911 1 1 0 1 0
TARGET 35912 1 0 0 1 0
TARGET 35913 1 1 0 2 0
TARGET 35914 1 1 0 1 0
TARGET 35915 1 0 0 0 0
TARGET 35916 1 0 0 1 0
TARGET 35917 1 1 0 2 0
TARGET 35918 1 0 0 1 0
TARGET 35919 1 0 0 0 0
TARGET 35920 1 1 0 3 0
TARGET 35921 1 1 0 2 0
TARGET 35922 1 1 0 1 0
TARGET 35923 1 0 0 2 0
TARGET 35924 1 0 0 0 0
TARGET 35925 1 0 0 1 0
TARGET 35926 1 0 0 1 0
TARGET 35927 1 0 0 1 0
TARGET 35928 1 0 0 1 0
TARGET 35929 1 0 0 1 0
TARGET 35930 1 1 0 2 0
TARGET 35931 1 0 0 1 0
TARGET 35932 1 0 0 1 0
TARGET 35933 1 0 0 1 0
TARGET 35934 1 0 0 1 0
TARGET 35935 1 1 0 2 0
TARGET 35936 1 0 0 1 0
TARGET 35937 1 0 0 1 0
TARGET 35938 1 1 0 2 0
TARGET 35939 1 0 0 1 0
TARGET 35940 1 0 0 0 0
TARGET 35941 1 0 0 0 0
TARGET 35942 1 0 0 0 0
TARGET 35943 1 0 0 1 0
TARGET 35944 1 0 0 1 0
TARGET 35945 1 1 0 2 0
TARGET 35946 1 0 0 1 0
TARGET 35947 1 0 0 0 0
TARGET 35948 1 0 0 1 0
TARGET 35949 1 1 0 2 0
TARGET 35950 1 0 0 1 0
TARGET 35951 1 0 0 0 0
TARGET 35952 1 2 0 3 0
TARGET 35953 1 1 0 2 0
TARGET 35954 1 0 0 1 0
TARGET 35955 1 0 0 2 0
TARGET 35956 1 0 0 0 0
TARGET 35957 1 1 0 1 0
TARGET 35958 1 0 0 1 0
TARGET 35959 1 0 0 1 0
TARGET 35960 1 1 0 2 0
TARGET 35961 1 1 0 1 0
TARGET 35962 1 0 0 0 0
TARGET 35963 1 0 0 1 0
TARGET 35964 1 1 0 2 0
TARGET 35965 1 0 0 1 0
TARGET 35966 1 0 0 1 0
TARGET 35967 1 1 0 2 0
TARGET 35968 1 0 0 1 0
TARGET 35969 1 0 0 0 0
TARGET 35970 1 1 0 3 0
TARGET 35971 1 1 0 2 0
TARGET 35972 1 1 0 1 0
TARGET 35973 1 0 0 2 0
TARGET 35974 1 0 0 0 0
TARGET 35975 1 0 0 0 0
TARGET 35976 1 0 0 1 0
TARGET 35977 1 1 0 2 0
TARGET 35978 1 0 0 1 0
TARGET 35979 1 0 0 0 0
TARGET 35980 1 2 0 3 0
TARGET 35981 1 1 0 2 0
TARGET 35982 1 0 0 1 0
TARGET 35983 1 0 0 2 0
TARGET 35984 1 0 0 0 0
TARGET 35985 1 1 0 1 0
TARGET 35986 1 1 0 1 0
TARGET 35987 1 0 0 1 0
TARGET 35988 1 1 0 1 0
TARGET 35989 1 0 0 1 0
TARGET 35990 1 0 0 1 0
TARGET 35991 1 0 0 1 0
TARGET 35992 1 1 0 1 0
TARGET 35993 1 1 0 1 0
TARGET 35994 1 1 0 1 0
TARGET 35995 1 1 0 1 0
TARGET 35996 1 0 0 1 0
TARGET 35997 1 0 0 1 0
TARGET 35998 1 1 0 1 0
TARGET 35999 1 1 0 1 0
TARGET 36000 1 0 0 1 0
PASS_1962_MONOMIAL_INTERVAL 35001 36000 1000 0
