TARGET 36001 1 0 0 1 0
TARGET 36002 1 1 0 1 0
TARGET 36003 1 1 0 1 0
TARGET 36004 1 0 0 0 0
TARGET 36005 1 1 0 1 0
TARGET 36006 1 0 0 1 0
TARGET 36007 1 0 0 1 0
TARGET 36008 1 1 0 1 0
TARGET 36009 1 1 0 1 0
TARGET 36010 1 1 0 1 0
TARGET 36011 1 1 0 1 0
TARGET 36012 1 0 0 1 0
TARGET 36013 1 0 0 1 0
TARGET 36014 1 0 0 1 0
TARGET 36015 1 0 0 1 0
TARGET 36016 1 0 0 1 0
TARGET 36017 1 0 0 1 0
TARGET 36018 1 0 0 1 0
TARGET 36019 1 0 0 1 0
TARGET 36020 1 0 0 1 0
TARGET 36021 1 0 0 1 0
TARGET 36022 1 0 0 1 0
TARGET 36023 1 1 0 1 0
TARGET 36024 1 0 0 1 0
TARGET 36025 1 0 0 1 0
TARGET 36026 1 0 0 1 0
TARGET 36027 1 1 0 1 0
TARGET 36028 1 1 0 1 0
TARGET 36029 1 1 0 1 0
TARGET 36030 1 1 0 1 0
TARGET 36031 1 0 0 1 0
TARGET 36032 1 0 0 1 0
TARGET 36033 1 1 0 1 0
TARGET 36034 1 1 0 1 0
TARGET 36035 1 0 0 1 0
TARGET 36036 1 0 0 1 0
TARGET 36037 1 1 0 1 0
TARGET 36038 1 1 0 1 0
TARGET 36039 1 0 0 0 0
TARGET 36040 1 0 0 1 0
TARGET 36041 1 0 0 1 0
TARGET 36042 1 0 0 1 0
TARGET 36043 1 0 0 1 0
TARGET 36044 1 0 0 1 0
TARGET 36045 1 0 0 1 0
TARGET 36046 1 0 0 1 0
TARGET 36047 1 0 0 1 0
TARGET 36048 1 0 0 1 0
TARGET 36049 1 0 0 1 0
TARGET 36050 1 0 0 1 0
TARGET 36051 1 0 0 1 0
TARGET 36052 1 0 0 1 0
TARGET 36053 1 0 0 1 0
TARGET 36054 1 0 0 1 0
TARGET 36055 1 0 0 1 0
TARGET 36056 1 0 0 1 0
TARGET 36057 1 0 0 1 0
TARGET 36058 1 0 0 1 0
TARGET 36059 1 0 0 1 0
TARGET 36060 1 0 0 1 0
TARGET 36061 1 0 0 1 0
TARGET 36062 1 0 0 0 0
TARGET 36063 1 0 0 1 0
TARGET 36064 1 0 0 1 0
TARGET 36065 1 0 0 1 0
TARGET 36066 1 0 0 1 0
TARGET 36067 1 0 0 1 0
TARGET 36068 1 0 0 1 0
TARGET 36069 1 0 0 1 0
TARGET 36070 1 0 0 1 0
TARGET 36071 1 0 0 1 0
TARGET 36072 1 0 0 1 0
TARGET 36073 1 0 0 1 0
TARGET 36074 1 0 0 1 0
TARGET 36075 1 0 0 1 0
TARGET 36076 1 0 0 0 0
TARGET 36077 1 1 0 1 0
TARGET 36078 1 1 0 1 0
TARGET 36079 1 1 0 1 0
TARGET 36080 1 1 0 1 0
TARGET 36081 1 0 0 1 0
TARGET 36082 1 0 0 1 0
TARGET 36083 1 1 0 1 0
TARGET 36084 1 1 0 1 0
TARGET 36085 1 0 0 1 0
TARGET 36086 1 0 0 1 0
TARGET 36087 1 1 0 1 0
TARGET 36088 1 1 0 1 0
TARGET 36089 1 0 0 0 0
TARGET 36090 1 1 0 1 0
TARGET 36091 1 1 0 1 0
TARGET 36092 1 1 0 1 0
TARGET 36093 1 0 0 1 0
TARGET 36094 1 0 0 1 0
TARGET 36095 1 0 0 0 0
TARGET 36096 1 1 0 1 0
TARGET 36097 1 1 0 1 0
TARGET 36098 1 0 0 1 0
TARGET 36099 1 0 0 1 0
TARGET 36100 1 0 0 0 0
TARGET 36101 1 1 0 1 0
TARGET 36102 1 0 0 1 0
TARGET 36103 1 0 0 1 0
TARGET 36104 1 0 0 0 0
TARGET 36105 1 0 0 1 0
TARGET 36106 1 0 0 1 0
TARGET 36107 1 0 0 0 0
TARGET 36108 1 0 0 1 0
TARGET 36109 1 0 0 0 0
TARGET 36110 1 1 0 1 0
TARGET 36111 1 1 0 1 0
TARGET 36112 1 0 0 1 0
TARGET 36113 1 0 0 1 0
TARGET 36114 1 1 0 1 0
TARGET 36115 1 1 0 1 0
TARGET 36116 1 1 0 1 0
TARGET 36117 1 1 0 1 0
TARGET 36118 1 0 0 1 0
TARGET 36119 1 0 0 1 0
TARGET 36120 1 1 0 1 0
TARGET 36121 1 1 0 1 0
TARGET 36122 1 0 0 1 0
TARGET 36123 1 0 0 1 0
TARGET 36124 1 0 0 1 0
TARGET 36125 1 0 0 1 0
TARGET 36126 1 0 0 1 0
TARGET 36127 1 0 0 1 0
TARGET 36128 1 0 0 1 0
TARGET 36129 1 0 0 1 0
TARGET 36130 1 0 0 1 0
TARGET 36131 1 0 0 1 0
TARGET 36132 1 1 0 1 0
TARGET 36133 1 1 0 1 0
TARGET 36134 1 0 0 1 0
TARGET 36135 1 0 0 1 0
TARGET 36136 1 1 0 1 0
TARGET 36137 1 1 0 1 0
TARGET 36138 1 0 0 1 0
TARGET 36139 1 0 0 1 0
TARGET 36140 1 0 0 0 0
TARGET 36141 1 0 0 0 0
TARGET 36142 1 0 0 0 0
TARGET 36143 1 0 0 0 0
TARGET 36144 1 0 0 0 0
TARGET 36145 1 0 0 0 0
TARGET 36146 1 0 0 0 0
TARGET 36147 1 0 0 0 0
TARGET 36148 1 0 0 0 0
TARGET 36149 1 1 0 1 0
TARGET 36150 1 0 0 1 0
TARGET 36151 1 0 0 1 0
TARGET 36152 1 1 0 1 0
TARGET 36153 1 1 0 1 0
TARGET 36154 1 1 0 1 0
TARGET 36155 1 1 0 1 0
TARGET 36156 1 0 0 1 0
TARGET 36157 1 0 0 1 0
TARGET 36158 1 0 0 0 0
TARGET 36159 1 0 0 1 0
TARGET 36160 1 0 0 1 0
TARGET 36161 1 0 0 1 0
TARGET 36162 1 0 0 1 0
TARGET 36163 1 0 0 1 0
TARGET 36164 1 0 0 1 0
TARGET 36165 1 0 0 1 0
TARGET 36166 1 0 0 1 0
TARGET 36167 1 0 0 0 0
TARGET 36168 1 0 0 1 0
TARGET 36169 1 0 0 1 0
TARGET 36170 1 0 0 1 0
TARGET 36171 1 0 0 1 0
TARGET 36172 1 0 0 1 0
TARGET 36173 1 0 0 1 0
TARGET 36174 1 0 0 1 0
TARGET 36175 1 0 0 0 0
TARGET 36176 1 1 0 1 0
TARGET 36177 1 1 0 1 0
TARGET 36178 1 1 0 1 0
TARGET 36179 1 1 0 1 0
TARGET 36180 1 0 0 1 0
TARGET 36181 1 0 0 1 0
TARGET 36182 1 0 0 0 0
TARGET 36183 1 1 0 1 0
TARGET 36184 1 1 0 1 0
TARGET 36185 1 1 0 1 0
TARGET 36186 1 0 0 1 0
TARGET 36187 1 0 0 1 0
TARGET 36188 1 0 0 0 0
TARGET 36189 1 1 0 1 0
TARGET 36190 1 1 0 1 0
TARGET 36191 1 0 0 1 0
TARGET 36192 1 0 0 1 0
TARGET 36193 1 0 0 0 0
TARGET 36194 1 1 0 1 0
TARGET 36195 1 0 0 1 0
TARGET 36196 1 0 0 1 0
TARGET 36197 1 0 0 0 0
TARGET 36198 1 0 0 1 0
TARGET 36199 1 0 0 1 0
TARGET 36200 1 0 0 0 0
TARGET 36201 1 0 0 1 0
TARGET 36202 1 0 0 0 0
TARGET 36203 1 0 0 1 0
TARGET 36204 1 0 0 1 0
TARGET 36205 1 0 0 1 0
TARGET 36206 1 0 0 1 0
TARGET 36207 1 0 0 1 0
TARGET 36208 1 0 0 1 0
TARGET 36209 1 0 0 1 0
TARGET 36210 1 0 0 1 0
TARGET 36211 1 0 0 1 0
TARGET 36212 1 0 0 0 0
TARGET 36213 1 0 0 1 0
TARGET 36214 1 0 0 1 0
TARGET 36215 1 0 0 1 0
TARGET 36216 1 0 0 1 0
TARGET 36217 1 0 0 1 0
TARGET 36218 1 0 0 1 0
TARGET 36219 1 0 0 1 0
TARGET 36220 1 0 0 1 0
TARGET 36221 1 0 0 0 0
TARGET 36222 1 0 0 1 0
TARGET 36223 1 0 0 1 0
TARGET 36224 1 0 0 1 0
TARGET 36225 1 0 0 1 0
TARGET 36226 1 0 0 1 0
TARGET 36227 1 0 0 1 0
TARGET 36228 1 0 0 1 0
TARGET 36229 1 0 0 0 0
TARGET 36230 1 0 0 1 0
TARGET 36231 1 0 0 1 0
TARGET 36232 1 0 0 1 0
TARGET 36233 1 0 0 1 0
TARGET 36234 1 0 0 1 0
TARGET 36235 1 0 0 1 0
TARGET 36236 1 0 0 0 0
TARGET 36237 1 0 0 1 0
TARGET 36238 1 0 0 1 0
TARGET 36239 1 0 0 1 0
TARGET 36240 1 0 0 1 0
TARGET 36241 1 0 0 1 0
TARGET 36242 1 0 0 0 0
TARGET 36243 1 0 0 1 0
TARGET 36244 1 0 0 1 0
TARGET 36245 1 0 0 1 0
TARGET 36246 1 0 0 1 0
TARGET 36247 1 0 0 0 0
TARGET 36248 1 0 0 1 0
TARGET 36249 1 0 0 1 0
TARGET 36250 1 0 0 1 0
TARGET 36251 1 0 0 0 0
TARGET 36252 1 0 0 1 0
TARGET 36253 1 0 0 1 0
TARGET 36254 1 0 0 0 0
TARGET 36255 1 0 0 1 0
TARGET 36256 1 0 0 0 0
TARGET 36257 1 0 0 1 0
TARGET 36258 1 1 0 1 0
TARGET 36259 1 1 0 1 0
TARGET 36260 1 0 0 1 0
TARGET 36261 1 0 0 1 0
TARGET 36262 1 1 0 1 0
TARGET 36263 1 1 0 1 0
TARGET 36264 1 0 0 1 0
TARGET 36265 1 0 0 1 0
TARGET 36266 1 0 0 1 0
TARGET 36267 1 0 0 1 0
TARGET 36268 1 0 0 1 0
TARGET 36269 1 0 0 1 0
TARGET 36270 1 0 0 1 0
TARGET 36271 1 0 0 1 0
TARGET 36272 1 0 0 1 0
TARGET 36273 1 0 0 1 0
TARGET 36274 1 0 0 1 0
TARGET 36275 1 0 0 1 0
TARGET 36276 1 0 0 1 0
TARGET 36277 1 0 0 1 0
TARGET 36278 1 0 0 1 0
TARGET 36279 1 0 0 1 0
TARGET 36280 1 0 0 1 0
TARGET 36281 1 0 0 1 0
TARGET 36282 1 0 0 1 0
TARGET 36283 1 0 0 1 0
TARGET 36284 1 1 0 1 0
TARGET 36285 1 1 0 1 0
TARGET 36286 1 0 0 1 0
TARGET 36287 1 0 0 1 0
TARGET 36288 1 1 0 1 0
TARGET 36289 1 1 0 1 0
TARGET 36290 1 1 0 1 0
TARGET 36291 1 1 0 1 0
TARGET 36292 1 0 0 1 0
TARGET 36293 1 0 0 1 0
TARGET 36294 1 1 0 1 0
TARGET 36295 1 1 0 1 0
TARGET 36296 1 1 0 1 0
TARGET 36297 1 1 0 1 0
TARGET 36298 1 0 0 1 0
TARGET 36299 1 0 0 1 0
TARGET 36300 1 1 0 1 0
TARGET 36301 1 1 0 1 0
TARGET 36302 1 0 0 1 0
TARGET 36303 1 0 0 1 0
TARGET 36304 1 0 0 1 0
TARGET 36305 1 0 0 1 0
TARGET 36306 1 0 0 1 0
TARGET 36307 1 0 0 1 0
TARGET 36308 1 0 0 1 0
TARGET 36309 1 0 0 1 0
TARGET 36310 1 0 0 1 0
TARGET 36311 1 0 0 1 0
TARGET 36312 1 1 0 1 0
TARGET 36313 1 1 0 1 0
TARGET 36314 1 0 0 1 0
TARGET 36315 1 0 0 1 0
TARGET 36316 1 1 0 1 0
TARGET 36317 1 1 0 1 0
TARGET 36318 1 0 0 1 0
TARGET 36319 1 0 0 1 0
TARGET 36320 1 0 0 0 0
TARGET 36321 1 0 0 0 0
TARGET 36322 1 0 0 0 0
TARGET 36323 1 0 0 0 0
TARGET 36324 1 0 0 0 0
TARGET 36325 1 0 0 0 0
TARGET 36326 1 0 0 0 0
TARGET 36327 1 0 0 1 0
TARGET 36328 1 0 0 1 0
TARGET 36329 1 0 0 1 0
TARGET 36330 1 0 0 1 0
TARGET 36331 1 0 0 1 0
TARGET 36332 1 0 0 1 0
TARGET 36333 1 0 0 1 0
TARGET 36334 1 0 0 1 0
TARGET 36335 1 0 0 0 0
TARGET 36336 1 0 0 1 0
TARGET 36337 1 0 0 1 0
TARGET 36338 1 0 0 1 0
TARGET 36339 1 0 0 1 0
TARGET 36340 1 0 0 1 0
TARGET 36341 1 0 0 1 0
TARGET 36342 1 0 0 1 0
TARGET 36343 1 0 0 0 0
TARGET 36344 1 0 0 1 0
TARGET 36345 1 0 0 1 0
TARGET 36346 1 0 0 1 0
TARGET 36347 1 0 0 1 0
TARGET 36348 1 0 0 1 0
TARGET 36349 1 0 0 1 0
TARGET 36350 1 0 0 0 0
TARGET 36351 1 0 0 1 0
TARGET 36352 1 0 0 1 0
TARGET 36353 1 0 0 1 0
TARGET 36354 1 0 0 1 0
TARGET 36355 1 0 0 1 0
TARGET 36356 1 0 0 0 0
TARGET 36357 1 0 0 1 0
TARGET 36358 1 0 0 1 0
TARGET 36359 1 0 0 1 0
TARGET 36360 1 0 0 1 0
TARGET 36361 1 0 0 0 0
TARGET 36362 1 0 0 1 0
TARGET 36363 1 0 0 1 0
TARGET 36364 1 0 0 1 0
TARGET 36365 1 0 0 0 0
TARGET 36366 1 0 0 1 0
TARGET 36367 1 0 0 1 0
TARGET 36368 1 0 0 0 0
TARGET 36369 1 0 0 1 0
TARGET 36370 1 0 0 0 0
TARGET 36371 1 0 0 1 0
TARGET 36372 1 0 0 1 0
TARGET 36373 1 0 0 1 0
TARGET 36374 1 0 0 1 0
TARGET 36375 1 0 0 1 0
TARGET 36376 1 0 0 1 0
TARGET 36377 1 0 0 1 0
TARGET 36378 1 0 0 1 0
TARGET 36379 1 0 0 1 0
TARGET 36380 1 0 0 1 0
TARGET 36381 1 0 0 1 0
TARGET 36382 1 0 0 1 0
TARGET 36383 1 0 0 1 0
TARGET 36384 1 0 0 1 0
TARGET 36385 1 0 0 1 0
TARGET 36386 1 0 0 1 0
TARGET 36387 1 0 0 1 0
TARGET 36388 1 0 0 1 0
TARGET 36389 1 0 0 1 0
TARGET 36390 1 0 0 1 0
TARGET 36391 1 0 0 1 0
TARGET 36392 1 0 0 1 0
TARGET 36393 1 0 0 1 0
TARGET 36394 1 0 0 1 0
TARGET 36395 1 0 0 1 0
TARGET 36396 1 0 0 1 0
TARGET 36397 1 0 0 1 0
TARGET 36398 1 0 0 1 0
TARGET 36399 1 0 0 1 0
TARGET 36400 1 0 0 1 0
TARGET 36401 1 0 0 1 0
TARGET 36402 1 0 0 1 0
TARGET 36403 1 0 0 1 0
TARGET 36404 1 0 0 1 0
TARGET 36405 1 0 0 1 0
TARGET 36406 1 0 0 1 0
TARGET 36407 1 0 0 1 0
TARGET 36408 1 0 0 1 0
TARGET 36409 1 0 0 1 0
TARGET 36410 1 0 0 1 0
TARGET 36411 1 0 0 1 0
TARGET 36412 1 0 0 1 0
TARGET 36413 1 0 0 1 0
TARGET 36414 1 0 0 1 0
TARGET 36415 1 0 0 1 0
TARGET 36416 1 0 0 1 0
TARGET 36417 1 0 0 1 0
TARGET 36418 1 0 0 1 0
TARGET 36419 1 0 0 0 0
TARGET 36420 1 0 0 0 0
TARGET 36421 1 0 0 0 0
TARGET 36422 1 0 0 0 0
TARGET 36423 1 0 0 0 0
TARGET 36424 1 0 0 0 0
TARGET 36425 1 0 0 1 0
TARGET 36426 1 0 0 1 0
TARGET 36427 1 0 0 1 0
TARGET 36428 1 0 0 1 0
TARGET 36429 1 0 0 1 0
TARGET 36430 1 0 0 1 0
TARGET 36431 1 0 0 1 0
TARGET 36432 1 0 0 1 0
TARGET 36433 1 0 0 1 0
TARGET 36434 1 0 0 1 0
TARGET 36435 1 0 0 1 0
TARGET 36436 1 0 0 1 0
TARGET 36437 1 0 0 1 0
TARGET 36438 1 0 0 1 0
TARGET 36439 1 0 0 1 0
TARGET 36440 1 0 0 1 0
TARGET 36441 1 0 0 1 0
TARGET 36442 1 0 0 1 0
TARGET 36443 1 0 0 1 0
TARGET 36444 1 0 0 1 0
TARGET 36445 1 0 0 1 0
TARGET 36446 1 0 0 1 0
TARGET 36447 1 0 0 1 0
TARGET 36448 1 0 0 1 0
TARGET 36449 1 0 0 1 0
TARGET 36450 1 0 0 1 0
TARGET 36451 1 0 0 1 0
TARGET 36452 1 0 0 1 0
TARGET 36453 1 0 0 1 0
TARGET 36454 1 0 0 1 0
TARGET 36455 1 0 0 1 0
TARGET 36456 1 0 0 1 0
TARGET 36457 1 0 0 1 0
TARGET 36458 1 0 0 1 0
TARGET 36459 1 0 0 1 0
TARGET 36460 1 0 0 1 0
TARGET 36461 1 0 0 1 0
TARGET 36462 1 0 0 1 0
TARGET 36463 1 0 0 1 0
TARGET 36464 1 0 0 1 0
TARGET 36465 1 0 0 1 0
TARGET 36466 1 0 0 1 0
TARGET 36467 1 0 0 0 0
TARGET 36468 1 0 0 0 0
TARGET 36469 1 0 0 0 0
TARGET 36470 1 0 0 0 0
TARGET 36471 1 0 0 0 0
TARGET 36472 1 0 0 0 0
TARGET 36473 1 1 0 1 0
TARGET 36474 1 1 0 1 0
TARGET 36475 1 0 0 1 0
TARGET 36476 1 0 0 1 0
TARGET 36477 1 1 0 1 0
TARGET 36478 1 1 0 1 0
TARGET 36479 1 1 0 1 0
TARGET 36480 1 1 0 1 0
TARGET 36481 1 0 0 1 0
TARGET 36482 1 0 0 1 0
TARGET 36483 1 1 0 1 0
TARGET 36484 1 1 0 1 0
TARGET 36485 1 1 0 1 0
TARGET 36486 1 1 0 1 0
TARGET 36487 1 0 0 1 0
TARGET 36488 1 0 0 1 0
TARGET 36489 1 1 0 1 0
TARGET 36490 1 1 0 1 0
TARGET 36491 1 0 0 1 0
TARGET 36492 1 0 0 1 0
TARGET 36493 1 0 0 1 0
TARGET 36494 1 0 0 1 0
TARGET 36495 1 0 0 1 0
TARGET 36496 1 0 0 1 0
TARGET 36497 1 0 0 1 0
TARGET 36498 1 0 0 1 0
TARGET 36499 1 0 0 1 0
TARGET 36500 1 0 0 1 0
TARGET 36501 1 1 0 1 0
TARGET 36502 1 1 0 1 0
TARGET 36503 1 0 0 1 0
TARGET 36504 1 0 0 1 0
TARGET 36505 1 1 0 1 0
TARGET 36506 1 1 0 1 0
TARGET 36507 1 0 0 1 0
TARGET 36508 1 0 0 1 0
TARGET 36509 1 0 0 0 0
TARGET 36510 1 0 0 0 0
TARGET 36511 1 0 0 0 0
TARGET 36512 1 0 0 0 0
TARGET 36513 1 0 0 0 0
TARGET 36514 1 0 0 0 0
TARGET 36515 1 1 0 1 0
TARGET 36516 1 1 0 1 0
TARGET 36517 1 0 0 1 0
TARGET 36518 1 0 0 1 0
TARGET 36519 1 1 0 1 0
TARGET 36520 1 1 0 1 0
TARGET 36521 1 1 0 1 0
TARGET 36522 1 1 0 1 0
TARGET 36523 1 0 0 1 0
TARGET 36524 1 0 0 1 0
TARGET 36525 1 0 0 0 0
TARGET 36526 1 1 0 1 0
TARGET 36527 1 1 0 1 0
TARGET 36528 1 0 0 1 0
TARGET 36529 1 0 0 1 0
TARGET 36530 1 0 0 1 0
TARGET 36531 1 0 0 1 0
TARGET 36532 1 0 0 1 0
TARGET 36533 1 0 0 1 0
TARGET 36534 1 0 0 1 0
TARGET 36535 1 0 0 1 0
TARGET 36536 1 0 0 1 0
TARGET 36537 1 0 0 1 0
TARGET 36538 1 1 0 1 0
TARGET 36539 1 1 0 1 0
TARGET 36540 1 0 0 1 0
TARGET 36541 1 0 0 1 0
TARGET 36542 1 1 0 1 0
TARGET 36543 1 1 0 1 0
TARGET 36544 1 0 0 1 0
TARGET 36545 1 0 0 1 0
TARGET 36546 1 1 0 1 0
TARGET 36547 1 1 0 1 0
TARGET 36548 1 0 0 1 0
TARGET 36549 1 0 0 1 0
TARGET 36550 1 0 0 0 0
TARGET 36551 1 1 0 1 0
TARGET 36552 1 0 0 1 0
TARGET 36553 1 0 0 1 0
TARGET 36554 1 0 0 0 0
TARGET 36555 1 0 0 1 0
TARGET 36556 1 0 0 1 0
TARGET 36557 1 0 0 0 0
TARGET 36558 1 0 0 1 0
TARGET 36559 1 0 0 0 0
TARGET 36560 1 0 0 0 0
TARGET 36561 1 0 0 0 0
TARGET 36562 1 0 0 0 0
TARGET 36563 1 0 0 0 0
TARGET 36564 1 0 0 0 0
TARGET 36565 1 1 0 1 0
TARGET 36566 1 1 0 1 0
TARGET 36567 1 0 0 1 0
TARGET 36568 1 0 0 1 0
TARGET 36569 1 0 0 0 0
TARGET 36570 1 1 0 1 0
TARGET 36571 1 0 0 1 0
TARGET 36572 1 0 0 1 0
TARGET 36573 1 0 0 0 0
TARGET 36574 1 0 0 1 0
TARGET 36575 1 0 0 1 0
TARGET 36576 1 0 0 0 0
TARGET 36577 1 0 0 1 0
TARGET 36578 1 0 0 0 0
TARGET 36579 1 0 0 1 0
TARGET 36580 1 0 0 1 0
TARGET 36581 1 0 0 1 0
TARGET 36582 1 0 0 1 0
TARGET 36583 1 0 0 0 0
TARGET 36584 1 0 0 1 0
TARGET 36585 1 0 0 1 0
TARGET 36586 1 0 0 1 0
TARGET 36587 1 0 0 0 0
TARGET 36588 1 0 0 1 0
TARGET 36589 1 0 0 1 0
TARGET 36590 1 0 0 0 0
TARGET 36591 1 0 0 1 0
TARGET 36592 1 0 0 0 0
TARGET 36593 1 0 0 1 0
TARGET 36594 1 0 0 1 0
TARGET 36595 1 0 0 1 0
TARGET 36596 1 0 0 1 0
TARGET 36597 1 0 0 0 0
TARGET 36598 1 0 0 1 0
TARGET 36599 1 0 0 1 0
TARGET 36600 1 0 0 1 0
TARGET 36601 1 0 0 0 0
TARGET 36602 1 0 0 1 0
TARGET 36603 1 0 0 1 0
TARGET 36604 1 0 0 0 0
TARGET 36605 1 0 0 1 0
TARGET 36606 1 0 0 0 0
TARGET 36607 1 1 0 1 0
TARGET 36608 1 1 0 1 0
TARGET 36609 1 0 0 1 0
TARGET 36610 1 0 0 1 0
TARGET 36611 1 0 0 0 0
TARGET 36612 1 1 0 1 0
TARGET 36613 1 0 0 1 0
TARGET 36614 1 0 0 1 0
TARGET 36615 1 0 0 0 0
TARGET 36616 1 0 0 1 0
TARGET 36617 1 0 0 1 0
TARGET 36618 1 0 0 0 0
TARGET 36619 1 0 0 1 0
TARGET 36620 1 0 0 0 0
TARGET 36621 1 1 0 1 0
TARGET 36622 1 1 0 1 0
TARGET 36623 1 0 0 1 0
TARGET 36624 1 0 0 1 0
TARGET 36625 1 0 0 0 0
TARGET 36626 1 1 0 1 0
TARGET 36627 1 0 0 1 0
TARGET 36628 1 0 0 1 0
TARGET 36629 1 0 0 0 0
TARGET 36630 1 0 0 1 0
TARGET 36631 1 0 0 1 0
TARGET 36632 1 0 0 0 0
TARGET 36633 1 0 0 1 0
TARGET 36634 1 0 0 0 0
TARGET 36635 1 1 0 2 0
TARGET 36636 1 1 0 2 0
TARGET 36637 1 1 0 2 0
TARGET 36638 1 1 0 3 0
TARGET 36639 1 1 0 2 0
TARGET 36640 1 1 0 2 0
TARGET 36641 1 1 0 2 0
TARGET 36642 1 1 0 2 0
TARGET 36643 1 1 0 2 0
TARGET 36644 1 2 0 3 0
TARGET 36645 1 1 0 2 0
TARGET 36646 1 1 0 2 0
TARGET 36647 1 1 0 3 0
TARGET 36648 1 1 0 1 0
TARGET 36649 1 1 0 2 0
TARGET 36650 1 1 0 2 0
TARGET 36651 1 1 0 3 0
TARGET 36652 1 1 0 2 0
TARGET 36653 1 1 0 2 0
TARGET 36654 1 1 0 2 0
TARGET 36655 1 1 0 2 0
TARGET 36656 1 1 0 2 0
TARGET 36657 1 1 0 3 0
TARGET 36658 1 1 0 2 0
TARGET 36659 1 1 0 2 0
TARGET 36660 1 1 0 3 0
TARGET 36661 1 1 0 1 0
TARGET 36662 1 1 0 2 0
TARGET 36663 1 1 0 3 0
TARGET 36664 1 1 0 2 0
TARGET 36665 1 1 0 2 0
TARGET 36666 1 1 0 2 0
TARGET 36667 1 1 0 2 0
TARGET 36668 1 1 0 2 0
TARGET 36669 1 2 0 3 0
TARGET 36670 1 1 0 2 0
TARGET 36671 1 1 0 2 0
TARGET 36672 1 1 0 3 0
TARGET 36673 1 1 0 1 0
TARGET 36674 1 1 0 4 0
TARGET 36675 1 1 0 3 0
TARGET 36676 1 1 0 3 0
TARGET 36677 1 1 0 3 0
TARGET 36678 1 1 0 3 0
TARGET 36679 1 1 0 3 0
TARGET 36680 1 1 0 4 0
TARGET 36681 1 1 0 3 0
TARGET 36682 1 1 0 3 0
TARGET 36683 1 1 0 4 0
TARGET 36684 1 1 0 2 0
TARGET 36685 1 1 0 2 0
TARGET 36686 1 1 0 2 0
TARGET 36687 1 1 0 2 0
TARGET 36688 1 1 0 2 0
TARGET 36689 1 1 0 3 0
TARGET 36690 1 1 0 2 0
TARGET 36691 1 1 0 2 0
TARGET 36692 1 1 0 3 0
TARGET 36693 1 1 0 3 0
TARGET 36694 1 1 0 1 0
TARGET 36695 1 1 0 2 0
TARGET 36696 1 1 0 2 0
TARGET 36697 1 1 0 2 0
TARGET 36698 1 1 0 2 0
TARGET 36699 1 2 0 3 0
TARGET 36700 1 1 0 2 0
TARGET 36701 1 1 0 2 0
TARGET 36702 1 1 0 3 0
TARGET 36703 1 1 0 1 0
TARGET 36704 1 1 0 2 0
TARGET 36705 1 1 0 2 0
TARGET 36706 1 1 0 2 0
TARGET 36707 1 2 0 3 0
TARGET 36708 1 1 0 2 0
TARGET 36709 1 1 0 2 0
TARGET 36710 1 1 0 3 0
TARGET 36711 1 1 0 1 0
TARGET 36712 1 1 0 2 0
TARGET 36713 1 1 0 2 0
TARGET 36714 1 2 0 3 0
TARGET 36715 1 1 0 2 0
TARGET 36716 1 1 0 2 0
TARGET 36717 1 1 0 3 0
TARGET 36718 1 1 0 1 0
TARGET 36719 1 1 0 2 0
TARGET 36720 1 1 0 3 0
TARGET 36721 1 1 0 2 0
TARGET 36722 1 1 0 2 0
TARGET 36723 1 1 0 3 0
TARGET 36724 1 1 0 1 0
TARGET 36725 1 3 0 4 0
TARGET 36726 1 2 0 3 0
TARGET 36727 1 1 0 3 0
TARGET 36728 1 1 0 4 0
TARGET 36729 1 1 0 2 0
TARGET 36730 1 1 0 2 0
TARGET 36731 1 1 0 3 0
TARGET 36732 1 1 0 3 0
TARGET 36733 1 1 0 1 0
TARGET 36734 1 1 0 2 0
TARGET 36735 1 1 0 3 0
TARGET 36736 1 1 0 1 0
TARGET 36737 1 1 0 4 0
TARGET 36738 1 1 0 3 0
TARGET 36739 1 0 0 1 0
TARGET 36740 1 0 0 1 0
TARGET 36741 1 0 0 1 0
TARGET 36742 1 1 0 2 0
TARGET 36743 1 0 0 1 0
TARGET 36744 1 0 0 1 0
TARGET 36745 1 0 0 1 0
TARGET 36746 1 0 0 1 0
TARGET 36747 1 0 0 1 0
TARGET 36748 1 1 0 2 0
TARGET 36749 1 0 0 1 0
TARGET 36750 1 0 0 1 0
TARGET 36751 1 1 0 2 0
TARGET 36752 1 0 0 0 0
TARGET 36753 1 1 0 1 0
TARGET 36754 1 0 0 1 0
TARGET 36755 1 1 0 2 0
TARGET 36756 1 1 0 1 0
TARGET 36757 1 1 0 1 0
TARGET 36758 1 0 0 1 0
TARGET 36759 1 0 0 1 0
TARGET 36760 1 1 0 1 0
TARGET 36761 1 1 0 2 0
TARGET 36762 1 1 0 1 0
TARGET 36763 1 1 0 1 0
TARGET 36764 1 1 0 2 0
TARGET 36765 1 0 0 0 0
TARGET 36766 1 0 0 1 0
TARGET 36767 1 1 0 2 0
TARGET 36768 1 0 0 1 0
TARGET 36769 1 0 0 1 0
TARGET 36770 1 0 0 1 0
TARGET 36771 1 0 0 1 0
TARGET 36772 1 0 0 1 0
TARGET 36773 1 1 0 2 0
TARGET 36774 1 0 0 1 0
TARGET 36775 1 0 0 1 0
TARGET 36776 1 1 0 2 0
TARGET 36777 1 0 0 0 0
TARGET 36778 1 1 0 3 0
TARGET 36779 1 1 0 2 0
TARGET 36780 1 1 0 2 0
TARGET 36781 1 1 0 2 0
TARGET 36782 1 1 0 2 0
TARGET 36783 1 1 0 2 0
TARGET 36784 1 1 0 3 0
TARGET 36785 1 1 0 2 0
TARGET 36786 1 1 0 2 0
TARGET 36787 1 1 0 3 0
TARGET 36788 1 1 0 1 0
TARGET 36789 1 1 0 1 0
TARGET 36790 1 0 0 1 0
TARGET 36791 1 0 0 1 0
TARGET 36792 1 1 0 1 0
TARGET 36793 1 1 0 2 0
TARGET 36794 1 1 0 1 0
TARGET 36795 1 1 0 1 0
TARGET 36796 1 1 0 2 0
TARGET 36797 1 0 0 2 0
TARGET 36798 1 0 0 0 0
TARGET 36799 1 1 0 1 0
TARGET 36800 1 0 0 1 0
TARGET 36801 1 0 0 1 0
TARGET 36802 1 1 0 1 0
TARGET 36803 1 1 0 2 0
TARGET 36804 1 1 0 1 0
TARGET 36805 1 1 0 1 0
TARGET 36806 1 1 0 2 0
TARGET 36807 1 0 0 0 0
TARGET 36808 1 0 0 1 0
TARGET 36809 1 0 0 1 0
TARGET 36810 1 0 0 1 0
TARGET 36811 1 1 0 2 0
TARGET 36812 1 0 0 1 0
TARGET 36813 1 0 0 1 0
TARGET 36814 1 1 0 2 0
TARGET 36815 1 0 0 0 0
TARGET 36816 1 0 0 1 0
TARGET 36817 1 0 0 1 0
TARGET 36818 1 1 0 2 0
TARGET 36819 1 0 0 1 0
TARGET 36820 1 0 0 1 0
TARGET 36821 1 1 0 2 0
TARGET 36822 1 0 0 0 0
TARGET 36823 1 1 0 1 0
TARGET 36824 1 1 0 2 0
TARGET 36825 1 1 0 1 0
TARGET 36826 1 1 0 1 0
TARGET 36827 1 1 0 2 0
TARGET 36828 1 0 0 0 0
TARGET 36829 1 2 0 3 0
TARGET 36830 1 1 0 2 0
TARGET 36831 1 1 0 2 0
TARGET 36832 1 1 0 3 0
TARGET 36833 1 1 0 1 0
TARGET 36834 1 1 0 1 0
TARGET 36835 1 1 0 2 0
TARGET 36836 1 0 0 2 0
TARGET 36837 1 0 0 0 0
TARGET 36838 1 1 0 1 0
TARGET 36839 1 1 0 2 0
TARGET 36840 1 0 0 0 0
TARGET 36841 1 1 0 3 0
TARGET 36842 1 0 0 2 0
TARGET 36843 1 0 0 1 0
TARGET 36844 1 1 0 2 0
TARGET 36845 1 0 0 1 0
TARGET 36846 1 0 0 1 0
TARGET 36847 1 0 0 1 0
TARGET 36848 1 0 0 1 0
TARGET 36849 1 1 0 2 0
TARGET 36850 1 0 0 1 0
TARGET 36851 1 0 0 1 0
TARGET 36852 1 0 0 1 0
TARGET 36853 1 0 0 1 0
TARGET 36854 1 0 0 1 0
TARGET 36855 1 1 0 2 0
TARGET 36856 1 0 0 1 0
TARGET 36857 1 1 0 2 0
TARGET 36858 1 0 0 1 0
TARGET 36859 1 0 0 1 0
TARGET 36860 1 0 0 1 0
TARGET 36861 1 0 0 1 0
TARGET 36862 1 0 0 1 0
TARGET 36863 1 1 0 2 0
TARGET 36864 1 0 0 1 0
TARGET 36865 1 0 0 1 0
TARGET 36866 1 1 0 2 0
TARGET 36867 1 0 0 1 0
TARGET 36868 1 0 0 1 0
TARGET 36869 1 0 0 1 0
TARGET 36870 1 0 0 1 0
TARGET 36871 1 1 0 2 0
TARGET 36872 1 0 0 1 0
TARGET 36873 1 0 0 1 0
TARGET 36874 1 0 0 1 0
TARGET 36875 1 0 0 1 0
TARGET 36876 1 1 0 2 0
TARGET 36877 1 1 0 3 0
TARGET 36878 1 1 0 2 0
TARGET 36879 1 1 0 2 0
TARGET 36880 1 1 0 2 0
TARGET 36881 1 1 0 2 0
TARGET 36882 1 1 0 2 0
TARGET 36883 1 1 0 3 0
TARGET 36884 1 1 0 2 0
TARGET 36885 1 1 0 2 0
TARGET 36886 1 2 0 3 0
TARGET 36887 1 0 0 1 0
TARGET 36888 1 0 0 1 0
TARGET 36889 1 0 0 1 0
TARGET 36890 1 0 0 1 0
TARGET 36891 1 1 0 2 0
TARGET 36892 1 0 0 1 0
TARGET 36893 1 0 0 1 0
TARGET 36894 1 0 0 1 0
TARGET 36895 1 0 0 1 0
TARGET 36896 1 1 0 2 0
TARGET 36897 1 0 0 1 0
TARGET 36898 1 0 0 1 0
TARGET 36899 1 0 0 1 0
TARGET 36900 1 0 0 1 0
TARGET 36901 1 0 0 1 0
TARGET 36902 1 1 0 2 0
TARGET 36903 1 0 0 1 0
TARGET 36904 1 0 0 1 0
TARGET 36905 1 1 0 2 0
TARGET 36906 1 1 0 2 0
TARGET 36907 1 1 0 2 0
TARGET 36908 1 1 0 2 0
TARGET 36909 1 2 0 3 0
TARGET 36910 1 1 0 2 0
TARGET 36911 1 1 0 2 0
TARGET 36912 1 1 0 2 0
TARGET 36913 1 1 0 2 0
TARGET 36914 1 0 0 1 0
TARGET 36915 1 0 0 1 0
TARGET 36916 1 0 0 1 0
TARGET 36917 1 1 0 2 0
TARGET 36918 1 0 0 1 0
TARGET 36919 1 0 0 1 0
TARGET 36920 1 0 0 1 0
TARGET 36921 1 0 0 1 0
TARGET 36922 1 0 0 1 0
TARGET 36923 1 0 0 1 0
TARGET 36924 1 0 0 1 0
TARGET 36925 1 1 0 2 0
TARGET 36926 1 0 0 1 0
TARGET 36927 1 0 0 1 0
TARGET 36928 1 0 0 1 0
TARGET 36929 1 0 0 1 0
TARGET 36930 1 0 0 1 0
TARGET 36931 1 0 0 1 0
TARGET 36932 1 0 0 1 0
TARGET 36933 1 1 0 2 0
TARGET 36934 1 0 0 1 0
TARGET 36935 1 0 0 1 0
TARGET 36936 1 1 0 2 0
TARGET 36937 1 0 0 1 0
TARGET 36938 1 0 0 1 0
TARGET 36939 1 1 0 2 0
TARGET 36940 1 0 0 1 0
TARGET 36941 1 0 0 1 0
TARGET 36942 1 0 0 1 0
TARGET 36943 1 0 0 1 0
TARGET 36944 1 0 0 1 0
TARGET 36945 1 0 0 1 0
TARGET 36946 1 1 0 2 0
TARGET 36947 1 0 0 1 0
TARGET 36948 1 0 0 1 0
TARGET 36949 1 0 0 1 0
TARGET 36950 1 0 0 1 0
TARGET 36951 1 0 0 1 0
TARGET 36952 1 1 0 2 0
TARGET 36953 1 0 0 1 0
TARGET 36954 1 0 0 1 0
TARGET 36955 1 1 0 2 0
TARGET 36956 1 0 0 1 0
TARGET 36957 1 1 0 2 0
TARGET 36958 1 0 0 1 0
TARGET 36959 1 0 0 1 0
TARGET 36960 1 1 0 2 0
TARGET 36961 1 1 0 2 0
TARGET 36962 1 1 0 3 0
TARGET 36963 1 1 0 2 0
TARGET 36964 1 1 0 2 0
TARGET 36965 1 1 0 3 0
TARGET 36966 1 0 0 1 0
TARGET 36967 1 1 0 2 0
TARGET 36968 1 0 0 1 0
TARGET 36969 1 0 0 1 0
TARGET 36970 1 1 0 2 0
TARGET 36971 1 0 0 1 0
TARGET 36972 1 1 0 2 0
TARGET 36973 1 0 0 1 0
TARGET 36974 1 0 0 1 0
TARGET 36975 1 1 0 2 0
TARGET 36976 1 0 0 1 0
TARGET 36977 1 1 0 2 0
TARGET 36978 1 0 0 1 0
TARGET 36979 1 0 0 1 0
TARGET 36980 1 1 0 2 0
TARGET 36981 1 0 0 1 0
TARGET 36982 1 1 0 2 0
TARGET 36983 1 0 0 1 0
TARGET 36984 1 0 0 1 0
TARGET 36985 1 1 0 2 0
TARGET 36986 1 0 0 0 0
TARGET 36987 1 1 0 1 0
TARGET 36988 1 0 0 0 0
TARGET 36989 1 0 0 0 0
TARGET 36990 1 0 0 0 0
TARGET 36991 1 0 0 0 0
TARGET 36992 1 1 0 1 0
TARGET 36993 1 0 0 0 0
TARGET 36994 1 0 0 0 0
TARGET 36995 1 0 0 0 0
TARGET 36996 1 0 0 0 0
TARGET 36997 1 1 0 1 0
TARGET 36998 1 1 0 2 0
TARGET 36999 1 0 0 1 0
TARGET 37000 1 1 0 2 0
PASS_1962_MONOMIAL_INTERVAL 36001 37000 1000 0
