PASS_1961_AMBIENT g2f9-shard2 order=22594320403200
PROGRESS_1961 g2f9-shard2 [ 100, 399, 0, 0 ]
PROGRESS_1961 g2f9-shard2 [ 200, 799, 0, 0 ]
PROGRESS_1961 g2f9-shard2 [ 300, 1199, 0, 0 ]
PROGRESS_1961 g2f9-shard2 [ 400, 1599, 0, 0 ]
PROGRESS_1961 g2f9-shard2 [ 500, 1999, 0, 0 ]
PROGRESS_1961 g2f9-shard2 [ 600, 2399, 0, 0 ]
PROGRESS_1961 g2f9-shard2 [ 700, 2799, 0, 0 ]
PROGRESS_1961 g2f9-shard2 [ 800, 3199, 0, 0 ]
PROGRESS_1961 g2f9-shard2 [ 900, 3599, 0, 0 ]
PROGRESS_1961 g2f9-shard2 [ 1000, 3999, 0, 0 ]
PROGRESS_1961 g2f9-shard2 [ 1100, 4399, 0, 0 ]
PROGRESS_1961 g2f9-shard2 [ 1200, 4799, 0, 0 ]
PROGRESS_1961 g2f9-shard2 [ 1300, 5199, 0, 0 ]
PROGRESS_1961 g2f9-shard2 [ 1400, 5599, 0, 0 ]
PROGRESS_1961 g2f9-shard2 [ 1500, 5999, 0, 0 ]
PROGRESS_1961 g2f9-shard2 [ 1600, 6399, 0, 0 ]
PROGRESS_1961 g2f9-shard2 [ 1700, 6799, 36, 0 ]
PROGRESS_1961 g2f9-shard2 [ 1800, 7199, 54, 0 ]
PROGRESS_1961 g2f9-shard2 [ 1900, 7599, 74, 0 ]
PROGRESS_1961 g2f9-shard2 [ 2000, 7999, 92, 0 ]
PROGRESS_1961 g2f9-shard2 [ 2100, 8399, 109, 0 ]
PROGRESS_1961 g2f9-shard2 [ 2200, 8799, 148, 0 ]
PROGRESS_1961 g2f9-shard2 [ 2300, 9199, 160, 0 ]
PROGRESS_1961 g2f9-shard2 [ 2400, 9599, 191, 0 ]
PROGRESS_1961 g2f9-shard2 [ 2500, 9999, 233, 0 ]
PROGRESS_1961 g2f9-shard2 [ 2600, 10399, 242, 0 ]
PROGRESS_1961 g2f9-shard2 [ 2700, 10799, 278, 0 ]
PROGRESS_1961 g2f9-shard2 [ 2800, 11199, 329, 0 ]
PROGRESS_1961 g2f9-shard2 [ 2900, 11599, 330, 0 ]
PROGRESS_1961 g2f9-shard2 [ 3000, 11999, 339, 0 ]
PROGRESS_1961 g2f9-shard2 [ 3100, 12399, 350, 0 ]
PROGRESS_1961 g2f9-shard2 [ 3200, 12799, 377, 0 ]
PROGRESS_1961 g2f9-shard2 [ 3300, 13199, 377, 0 ]
PROGRESS_1961 g2f9-shard2 [ 3400, 13599, 377, 0 ]
PROGRESS_1961 g2f9-shard2 [ 3500, 13999, 378, 0 ]
PROGRESS_1961 g2f9-shard2 [ 3600, 14399, 389, 0 ]
PROGRESS_1961 g2f9-shard2 [ 3700, 14799, 389, 0 ]
PROGRESS_1961 g2f9-shard2 [ 3800, 15199, 423, 0 ]
PROGRESS_1961 g2f9-shard2 [ 3900, 15599, 427, 0 ]
PROGRESS_1961 g2f9-shard2 [ 4000, 15999, 427, 0 ]
PROGRESS_1961 g2f9-shard2 [ 4100, 16399, 427, 0 ]
PROGRESS_1961 g2f9-shard2 [ 4200, 16799, 430, 0 ]
PROGRESS_1961 g2f9-shard2 [ 4300, 17199, 439, 0 ]
PROGRESS_1961 g2f9-shard2 [ 4400, 17599, 446, 0 ]
PROGRESS_1961 g2f9-shard2 [ 4500, 17999, 474, 0 ]
PROGRESS_1961 g2f9-shard2 [ 4600, 18399, 474, 0 ]
PROGRESS_1961 g2f9-shard2 [ 4700, 18799, 474, 0 ]
PROGRESS_1961 g2f9-shard2 [ 4800, 19199, 475, 0 ]
PROGRESS_1961 g2f9-shard2 [ 4900, 19599, 486, 0 ]
PROGRESS_1961 g2f9-shard2 [ 5000, 19999, 486, 0 ]
PROGRESS_1961 g2f9-shard2 [ 5100, 20399, 514, 0 ]
PROGRESS_1961 g2f9-shard2 [ 5200, 20799, 521, 0 ]
PROGRESS_1961 g2f9-shard2 [ 5300, 21199, 521, 0 ]
PROGRESS_1961 g2f9-shard2 [ 5400, 21599, 521, 0 ]
PROGRESS_1961 g2f9-shard2 [ 5500, 21999, 524, 0 ]
PROGRESS_1961 g2f9-shard2 [ 5600, 22399, 536, 0 ]
PROGRESS_1961 g2f9-shard2 [ 5700, 22799, 561, 0 ]
PROGRESS_1961 g2f9-shard2 [ 5800, 23199, 610, 0 ]
PROGRESS_1961 g2f9-shard2 [ 5900, 23599, 613, 0 ]
PROGRESS_1961 g2f9-shard2 [ 6000, 23999, 619, 0 ]
PROGRESS_1961 g2f9-shard2 [ 6100, 24399, 622, 0 ]
PROGRESS_1961 g2f9-shard2 [ 6200, 24799, 627, 0 ]
PROGRESS_1961 g2f9-shard2 [ 6300, 25199, 631, 0 ]
PROGRESS_1961 g2f9-shard2 [ 6400, 25599, 640, 0 ]
PROGRESS_1961 g2f9-shard2 [ 6500, 25999, 644, 0 ]
PROGRESS_1961 g2f9-shard2 [ 6600, 26399, 665, 0 ]
PROGRESS_1961 g2f9-shard2 [ 6700, 26799, 682, 0 ]
PROGRESS_1961 g2f9-shard2 [ 6800, 27199, 684, 0 ]
PROGRESS_1961 g2f9-shard2 [ 6900, 27599, 684, 0 ]
PROGRESS_1961 g2f9-shard2 [ 7000, 27999, 684, 0 ]
PROGRESS_1961 g2f9-shard2 [ 7100, 28399, 687, 0 ]
PROGRESS_1961 g2f9-shard2 [ 7200, 28799, 687, 0 ]
PROGRESS_1961 g2f9-shard2 [ 7300, 29199, 730, 0 ]
PROGRESS_1961 g2f9-shard2 [ 7400, 29599, 731, 0 ]
PROGRESS_1961 g2f9-shard2 [ 7500, 29999, 737, 0 ]
PROGRESS_1961 g2f9-shard2 [ 7600, 30399, 737, 0 ]
PROGRESS_1961 g2f9-shard2 [ 7700, 30799, 737, 0 ]
PROGRESS_1961 g2f9-shard2 [ 7800, 31199, 741, 0 ]
PROGRESS_1961 g2f9-shard2 [ 7900, 31599, 741, 0 ]
PROGRESS_1961 g2f9-shard2 [ 8000, 31999, 780, 0 ]
PROGRESS_1961 g2f9-shard2 [ 8100, 32399, 780, 0 ]
PROGRESS_1961 g2f9-shard2 [ 8200, 32799, 782, 0 ]
PROGRESS_1961 g2f9-shard2 [ 8300, 33199, 782, 0 ]
PROGRESS_1961 g2f9-shard2 [ 8400, 33599, 783, 0 ]
PROGRESS_1961 g2f9-shard2 [ 8500, 33999, 786, 0 ]
PROGRESS_1961 g2f9-shard2 [ 8600, 34399, 792, 0 ]
PROGRESS_1961 g2f9-shard2 [ 8700, 34799, 829, 0 ]
PROGRESS_1961 g2f9-shard2 [ 8800, 35199, 835, 0 ]
PROGRESS_1961 g2f9-shard2 [ 8900, 35599, 835, 0 ]
PROGRESS_1961 g2f9-shard2 [ 9000, 35999, 835, 0 ]
PROGRESS_1961 g2f9-shard2 [ 9100, 36399, 838, 0 ]
PROGRESS_1961 g2f9-shard2 [ 9200, 36799, 838, 0 ]
PROGRESS_1961 g2f9-shard2 [ 9300, 37199, 887, 0 ]
PROGRESS_1961 g2f9-shard2 [ 9400, 37599, 888, 0 ]
PROGRESS_1961 g2f9-shard2 [ 9500, 37999, 900, 0 ]
PROGRESS_1961 g2f9-shard2 [ 9600, 38399, 905, 0 ]
PROGRESS_1961 g2f9-shard2 [ 9700, 38799, 909, 0 ]
PROGRESS_1961 g2f9-shard2 [ 9800, 39199, 915, 0 ]
PROGRESS_1961 g2f9-shard2 [ 9900, 39599, 925, 0 ]
PROGRESS_1961 g2f9-shard2 [ 10000, 39999, 952, 0 ]
PASS_1961_SEARCH g2f9-shard2 [ 10026, 965, 0 ]
