TARGET 26001 1 1 0 1 0
TARGET 26002 1 1 0 1 0
TARGET 26003 1 0 0 1 0
TARGET 26004 1 0 0 1 0
TARGET 26005 1 0 0 0 0
TARGET 26006 1 1 0 1 0
TARGET 26007 1 1 0 1 0
TARGET 26008 1 0 0 1 0
TARGET 26009 1 0 0 1 0
TARGET 26010 1 0 0 1 0
TARGET 26011 1 0 0 0 0
TARGET 26012 1 0 0 1 0
TARGET 26013 1 0 0 1 0
TARGET 26014 1 0 0 0 0
TARGET 26015 1 0 0 0 0
TARGET 26016 1 0 0 0 0
TARGET 26017 1 1 0 1 0
TARGET 26018 1 0 0 1 0
TARGET 26019 1 0 0 1 0
TARGET 26020 1 0 0 0 0
TARGET 26021 1 0 0 1 0
TARGET 26022 1 0 0 1 0
TARGET 26023 1 0 0 0 0
TARGET 26024 1 0 0 0 0
TARGET 26025 1 0 0 1 0
TARGET 26026 1 0 0 0 0
TARGET 26027 1 0 0 1 0
TARGET 26028 1 0 0 1 0
TARGET 26029 1 0 0 1 0
TARGET 26030 1 0 0 1 0
TARGET 26031 1 0 0 1 0
TARGET 26032 1 0 0 1 0
TARGET 26033 1 0 0 1 0
TARGET 26034 1 0 0 1 0
TARGET 26035 1 0 0 1 0
TARGET 26036 1 0 0 1 0
TARGET 26037 1 0 0 1 0
TARGET 26038 1 0 0 1 0
TARGET 26039 1 0 0 1 0
TARGET 26040 1 0 0 1 0
TARGET 26041 1 0 0 1 0
TARGET 26042 1 0 0 1 0
TARGET 26043 1 0 0 1 0
TARGET 26044 1 0 0 1 0
TARGET 26045 1 0 0 1 0
TARGET 26046 1 0 0 1 0
TARGET 26047 1 0 0 1 0
TARGET 26048 1 0 0 1 0
TARGET 26049 1 0 0 1 0
TARGET 26050 1 0 0 1 0
TARGET 26051 1 0 0 1 0
TARGET 26052 1 0 0 1 0
TARGET 26053 1 0 0 1 0
TARGET 26054 1 0 0 1 0
TARGET 26055 1 0 0 1 0
TARGET 26056 1 0 0 1 0
TARGET 26057 1 0 0 1 0
TARGET 26058 1 0 0 1 0
TARGET 26059 1 0 0 1 0
TARGET 26060 1 0 0 1 0
TARGET 26061 1 0 0 1 0
TARGET 26062 1 0 0 1 0
TARGET 26063 1 0 0 1 0
TARGET 26064 1 0 0 1 0
TARGET 26065 1 0 0 1 0
TARGET 26066 1 0 0 1 0
TARGET 26067 1 0 0 1 0
TARGET 26068 1 0 0 1 0
TARGET 26069 1 0 0 1 0
TARGET 26070 1 0 0 1 0
TARGET 26071 1 0 0 1 0
TARGET 26072 1 0 0 1 0
TARGET 26073 1 0 0 1 0
TARGET 26074 1 0 0 1 0
TARGET 26075 1 0 0 1 0
TARGET 26076 1 0 0 1 0
TARGET 26077 1 0 0 1 0
TARGET 26078 1 0 0 1 0
TARGET 26079 1 0 0 1 0
TARGET 26080 1 0 0 1 0
TARGET 26081 1 0 0 1 0
TARGET 26082 1 0 0 1 0
TARGET 26083 1 0 0 1 0
TARGET 26084 1 0 0 1 0
TARGET 26085 1 0 0 1 0
TARGET 26086 1 0 0 1 0
TARGET 26087 1 0 0 1 0
TARGET 26088 1 0 0 1 0
TARGET 26089 1 0 0 1 0
TARGET 26090 1 0 0 1 0
TARGET 26091 1 0 0 1 0
TARGET 26092 1 0 0 1 0
TARGET 26093 1 0 0 1 0
TARGET 26094 1 0 0 1 0
TARGET 26095 1 0 0 1 0
TARGET 26096 1 0 0 1 0
TARGET 26097 1 0 0 1 0
TARGET 26098 1 0 0 1 0
TARGET 26099 1 0 0 1 0
TARGET 26100 1 0 0 1 0
TARGET 26101 1 0 0 1 0
TARGET 26102 1 0 0 1 0
TARGET 26103 1 0 0 1 0
TARGET 26104 1 0 0 1 0
TARGET 26105 1 0 0 1 0
TARGET 26106 1 0 0 1 0
TARGET 26107 1 0 0 1 0
TARGET 26108 1 0 0 1 0
TARGET 26109 1 0 0 1 0
TARGET 26110 1 0 0 1 0
TARGET 26111 1 0 0 1 0
TARGET 26112 1 0 0 1 0
TARGET 26113 1 0 0 1 0
TARGET 26114 1 0 0 1 0
TARGET 26115 1 0 0 1 0
TARGET 26116 1 0 0 1 0
TARGET 26117 1 0 0 1 0
TARGET 26118 1 0 0 1 0
TARGET 26119 1 0 0 1 0
TARGET 26120 1 0 0 1 0
TARGET 26121 1 0 0 1 0
TARGET 26122 1 0 0 1 0
TARGET 26123 1 0 0 1 0
TARGET 26124 1 0 0 1 0
TARGET 26125 1 0 0 1 0
TARGET 26126 1 0 0 1 0
TARGET 26127 1 0 0 0 0
TARGET 26128 1 0 0 0 0
TARGET 26129 1 0 0 0 0
TARGET 26130 1 0 0 0 0
TARGET 26131 1 0 0 0 0
TARGET 26132 1 0 0 0 0
TARGET 26133 1 0 0 0 0
TARGET 26134 1 0 0 0 0
TARGET 26135 1 0 0 0 0
TARGET 26136 1 0 0 0 0
TARGET 26137 1 0 0 1 0
TARGET 26138 1 1 0 1 0
TARGET 26139 1 1 0 1 0
TARGET 26140 1 1 0 1 0
TARGET 26141 1 0 0 1 0
TARGET 26142 1 1 0 1 0
TARGET 26143 1 0 0 1 0
TARGET 26144 1 0 0 1 0
TARGET 26145 1 1 0 1 0
TARGET 26146 1 1 0 1 0
TARGET 26147 1 0 0 1 0
TARGET 26148 1 0 0 1 0
TARGET 26149 1 0 0 1 0
TARGET 26150 1 0 0 1 0
TARGET 26151 1 0 0 1 0
TARGET 26152 1 0 0 1 0
TARGET 26153 1 0 0 1 0
TARGET 26154 1 0 0 1 0
TARGET 26155 1 1 0 1 0
TARGET 26156 1 1 0 1 0
TARGET 26157 1 1 0 1 0
TARGET 26158 1 0 0 1 0
TARGET 26159 1 1 0 1 0
TARGET 26160 1 0 0 1 0
TARGET 26161 1 0 0 1 0
TARGET 26162 1 1 0 1 0
TARGET 26163 1 1 0 1 0
TARGET 26164 1 1 0 1 0
TARGET 26165 1 0 0 1 0
TARGET 26166 1 1 0 1 0
TARGET 26167 1 1 0 1 0
TARGET 26168 1 1 0 1 0
TARGET 26169 1 0 0 1 0
TARGET 26170 1 0 0 1 0
TARGET 26171 1 1 0 1 0
TARGET 26172 1 0 0 1 0
TARGET 26173 1 0 0 1 0
TARGET 26174 1 0 0 1 0
TARGET 26175 1 1 0 1 0
TARGET 26176 1 1 0 1 0
TARGET 26177 1 1 0 1 0
TARGET 26178 1 1 0 1 0
TARGET 26179 1 0 0 1 0
TARGET 26180 1 0 0 1 0
TARGET 26181 1 0 0 1 0
TARGET 26182 1 0 0 1 0
TARGET 26183 1 0 0 1 0
TARGET 26184 1 0 0 1 0
TARGET 26185 1 0 0 1 0
TARGET 26186 1 0 0 1 0
TARGET 26187 1 1 0 1 0
TARGET 26188 1 1 0 1 0
TARGET 26189 1 0 0 1 0
TARGET 26190 1 0 0 1 0
TARGET 26191 1 1 0 1 0
TARGET 26192 1 0 0 1 0
TARGET 26193 1 0 0 1 0
TARGET 26194 1 0 0 1 0
TARGET 26195 1 1 0 1 0
TARGET 26196 1 1 0 1 0
TARGET 26197 1 1 0 1 0
TARGET 26198 1 1 0 1 0
TARGET 26199 1 0 0 1 0
TARGET 26200 1 0 0 1 0
TARGET 26201 1 1 0 1 0
TARGET 26202 1 1 0 1 0
TARGET 26203 1 0 0 1 0
TARGET 26204 1 0 0 1 0
TARGET 26205 1 0 0 1 0
TARGET 26206 1 0 0 1 0
TARGET 26207 1 0 0 1 0
TARGET 26208 1 0 0 1 0
TARGET 26209 1 0 0 1 0
TARGET 26210 1 0 0 1 0
TARGET 26211 1 0 0 1 0
TARGET 26212 1 0 0 1 0
TARGET 26213 1 1 0 1 0
TARGET 26214 1 1 0 1 0
TARGET 26215 1 0 0 1 0
TARGET 26216 1 0 0 1 0
TARGET 26217 1 0 0 1 0
TARGET 26218 1 0 0 1 0
TARGET 26219 1 0 0 1 0
TARGET 26220 1 0 0 1 0
TARGET 26221 1 0 0 1 0
TARGET 26222 1 0 0 1 0
TARGET 26223 1 1 0 1 0
TARGET 26224 1 1 0 1 0
TARGET 26225 1 1 0 1 0
TARGET 26226 1 1 0 1 0
TARGET 26227 1 0 0 0 0
TARGET 26228 1 0 0 0 0
TARGET 26229 1 0 0 0 0
TARGET 26230 1 0 0 0 0
TARGET 26231 1 0 0 0 0
TARGET 26232 1 0 0 0 0
TARGET 26233 1 0 0 0 0
TARGET 26234 1 0 0 0 0
TARGET 26235 1 0 0 0 0
TARGET 26236 1 0 0 0 0
TARGET 26237 1 0 0 1 0
TARGET 26238 1 0 0 1 0
TARGET 26239 1 0 0 1 0
TARGET 26240 1 0 0 1 0
TARGET 26241 1 0 0 1 0
TARGET 26242 1 0 0 1 0
TARGET 26243 1 0 0 1 0
TARGET 26244 1 0 0 1 0
TARGET 26245 1 0 0 0 0
TARGET 26246 1 0 0 1 0
TARGET 26247 1 0 0 1 0
TARGET 26248 1 0 0 1 0
TARGET 26249 1 0 0 1 0
TARGET 26250 1 0 0 1 0
TARGET 26251 1 0 0 1 0
TARGET 26252 1 0 0 1 0
TARGET 26253 1 0 0 0 0
TARGET 26254 1 0 0 1 0
TARGET 26255 1 0 0 1 0
TARGET 26256 1 0 0 1 0
TARGET 26257 1 0 0 1 0
TARGET 26258 1 0 0 1 0
TARGET 26259 1 0 0 1 0
TARGET 26260 1 0 0 0 0
TARGET 26261 1 0 0 1 0
TARGET 26262 1 0 0 1 0
TARGET 26263 1 0 0 1 0
TARGET 26264 1 0 0 1 0
TARGET 26265 1 0 0 1 0
TARGET 26266 1 0 0 0 0
TARGET 26267 1 0 0 1 0
TARGET 26268 1 0 0 1 0
TARGET 26269 1 0 0 1 0
TARGET 26270 1 0 0 1 0
TARGET 26271 1 0 0 0 0
TARGET 26272 1 0 0 1 0
TARGET 26273 1 0 0 1 0
TARGET 26274 1 0 0 1 0
TARGET 26275 1 0 0 0 0
TARGET 26276 1 0 0 1 0
TARGET 26277 1 0 0 1 0
TARGET 26278 1 0 0 0 0
TARGET 26279 1 0 0 1 0
TARGET 26280 1 0 0 0 0
TARGET 26281 1 1 0 1 0
TARGET 26282 1 1 0 1 0
TARGET 26283 1 1 0 1 0
TARGET 26284 1 0 0 1 0
TARGET 26285 1 1 0 1 0
TARGET 26286 1 0 0 1 0
TARGET 26287 1 0 0 1 0
TARGET 26288 1 1 0 1 0
TARGET 26289 1 1 0 1 0
TARGET 26290 1 1 0 1 0
TARGET 26291 1 0 0 1 0
TARGET 26292 1 1 0 1 0
TARGET 26293 1 1 0 1 0
TARGET 26294 1 1 0 1 0
TARGET 26295 1 0 0 1 0
TARGET 26296 1 0 0 1 0
TARGET 26297 1 1 0 1 0
TARGET 26298 1 0 0 1 0
TARGET 26299 1 0 0 1 0
TARGET 26300 1 0 0 1 0
TARGET 26301 1 1 0 1 0
TARGET 26302 1 1 0 1 0
TARGET 26303 1 1 0 1 0
TARGET 26304 1 1 0 1 0
TARGET 26305 1 0 0 1 0
TARGET 26306 1 0 0 1 0
TARGET 26307 1 0 0 1 0
TARGET 26308 1 0 0 1 0
TARGET 26309 1 0 0 1 0
TARGET 26310 1 0 0 1 0
TARGET 26311 1 0 0 1 0
TARGET 26312 1 0 0 1 0
TARGET 26313 1 1 0 1 0
TARGET 26314 1 1 0 1 0
TARGET 26315 1 0 0 1 0
TARGET 26316 1 0 0 1 0
TARGET 26317 1 1 0 1 0
TARGET 26318 1 0 0 1 0
TARGET 26319 1 0 0 1 0
TARGET 26320 1 0 0 1 0
TARGET 26321 1 1 0 1 0
TARGET 26322 1 1 0 1 0
TARGET 26323 1 1 0 1 0
TARGET 26324 1 1 0 1 0
TARGET 26325 1 0 0 1 0
TARGET 26326 1 0 0 1 0
TARGET 26327 1 1 0 1 0
TARGET 26328 1 1 0 1 0
TARGET 26329 1 0 0 1 0
TARGET 26330 1 0 0 1 0
TARGET 26331 1 0 0 1 0
TARGET 26332 1 0 0 1 0
TARGET 26333 1 0 0 1 0
TARGET 26334 1 0 0 1 0
TARGET 26335 1 0 0 1 0
TARGET 26336 1 0 0 1 0
TARGET 26337 1 0 0 1 0
TARGET 26338 1 0 0 1 0
TARGET 26339 1 1 0 1 0
TARGET 26340 1 1 0 1 0
TARGET 26341 1 0 0 1 0
TARGET 26342 1 0 0 1 0
TARGET 26343 1 0 0 1 0
TARGET 26344 1 0 0 1 0
TARGET 26345 1 0 0 1 0
TARGET 26346 1 0 0 1 0
TARGET 26347 1 0 0 1 0
TARGET 26348 1 0 0 1 0
TARGET 26349 1 1 0 1 0
TARGET 26350 1 1 0 1 0
TARGET 26351 1 1 0 1 0
TARGET 26352 1 1 0 1 0
TARGET 26353 1 0 0 0 0
TARGET 26354 1 0 0 0 0
TARGET 26355 1 0 0 0 0
TARGET 26356 1 0 0 0 0
TARGET 26357 1 0 0 0 0
TARGET 26358 1 0 0 0 0
TARGET 26359 1 0 0 0 0
TARGET 26360 1 0 0 0 0
TARGET 26361 1 0 0 0 0
TARGET 26362 1 1 0 1 0
TARGET 26363 1 0 0 1 0
TARGET 26364 1 1 0 1 0
TARGET 26365 1 1 0 1 0
TARGET 26366 1 1 0 1 0
TARGET 26367 1 0 0 1 0
TARGET 26368 1 0 0 1 0
TARGET 26369 1 1 0 1 0
TARGET 26370 1 0 0 1 0
TARGET 26371 1 0 0 1 0
TARGET 26372 1 0 0 1 0
TARGET 26373 1 1 0 1 0
TARGET 26374 1 1 0 1 0
TARGET 26375 1 1 0 1 0
TARGET 26376 1 1 0 1 0
TARGET 26377 1 0 0 0 0
TARGET 26378 1 0 0 1 0
TARGET 26379 1 0 0 1 0
TARGET 26380 1 0 0 1 0
TARGET 26381 1 0 0 1 0
TARGET 26382 1 0 0 1 0
TARGET 26383 1 0 0 1 0
TARGET 26384 1 0 0 1 0
TARGET 26385 1 0 0 1 0
TARGET 26386 1 0 0 1 0
TARGET 26387 1 0 0 1 0
TARGET 26388 1 0 0 1 0
TARGET 26389 1 0 0 1 0
TARGET 26390 1 0 0 1 0
TARGET 26391 1 0 0 1 0
TARGET 26392 1 0 0 0 0
TARGET 26393 1 1 0 1 0
TARGET 26394 1 1 0 1 0
TARGET 26395 1 1 0 1 0
TARGET 26396 1 0 0 1 0
TARGET 26397 1 0 0 1 0
TARGET 26398 1 0 0 1 0
TARGET 26399 1 1 0 1 0
TARGET 26400 1 0 0 1 0
TARGET 26401 1 0 0 1 0
TARGET 26402 1 0 0 1 0
TARGET 26403 1 0 0 1 0
TARGET 26404 1 1 0 1 0
TARGET 26405 1 1 0 1 0
TARGET 26406 1 1 0 1 0
TARGET 26407 1 1 0 1 0
TARGET 26408 1 1 0 1 0
TARGET 26409 1 1 0 1 0
TARGET 26410 1 0 0 0 0
TARGET 26411 1 0 0 1 0
TARGET 26412 1 0 0 1 0
TARGET 26413 1 1 0 1 0
TARGET 26414 1 1 0 1 0
TARGET 26415 1 0 0 1 0
TARGET 26416 1 0 0 1 0
TARGET 26417 1 0 0 1 0
TARGET 26418 1 0 0 1 0
TARGET 26419 1 0 0 1 0
TARGET 26420 1 0 0 1 0
TARGET 26421 1 0 0 1 0
TARGET 26422 1 0 0 1 0
TARGET 26423 1 0 0 1 0
TARGET 26424 1 0 0 1 0
TARGET 26425 1 0 0 0 0
TARGET 26426 1 0 0 1 0
TARGET 26427 1 0 0 1 0
TARGET 26428 1 0 0 1 0
TARGET 26429 1 0 0 1 0
TARGET 26430 1 1 0 1 0
TARGET 26431 1 1 0 1 0
TARGET 26432 1 0 0 1 0
TARGET 26433 1 0 0 1 0
TARGET 26434 1 0 0 1 0
TARGET 26435 1 0 0 1 0
TARGET 26436 1 0 0 1 0
TARGET 26437 1 0 0 1 0
TARGET 26438 1 0 0 1 0
TARGET 26439 1 0 0 1 0
TARGET 26440 1 0 0 1 0
TARGET 26441 1 0 0 0 0
TARGET 26442 1 0 0 1 0
TARGET 26443 1 0 0 1 0
TARGET 26444 1 1 0 1 0
TARGET 26445 1 1 0 1 0
TARGET 26446 1 1 0 1 0
TARGET 26447 1 1 0 1 0
TARGET 26448 1 0 0 0 0
TARGET 26449 1 1 0 1 0
TARGET 26450 1 1 0 1 0
TARGET 26451 1 1 0 1 0
TARGET 26452 1 0 0 0 0
TARGET 26453 1 0 0 0 0
TARGET 26454 1 0 0 0 0
TARGET 26455 1 0 0 0 0
TARGET 26456 1 0 0 0 0
TARGET 26457 1 0 0 0 0
TARGET 26458 1 0 0 0 0
TARGET 26459 1 0 0 0 0
TARGET 26460 1 0 0 0 0
TARGET 26461 1 0 0 1 0
TARGET 26462 1 0 0 1 0
TARGET 26463 1 0 0 1 0
TARGET 26464 1 0 0 1 0
TARGET 26465 1 0 0 1 0
TARGET 26466 1 0 0 1 0
TARGET 26467 1 0 0 1 0
TARGET 26468 1 0 0 1 0
TARGET 26469 1 0 0 1 0
TARGET 26470 1 0 0 1 0
TARGET 26471 1 0 0 1 0
TARGET 26472 1 0 0 1 0
TARGET 26473 1 0 0 1 0
TARGET 26474 1 0 0 1 0
TARGET 26475 1 0 0 1 0
TARGET 26476 1 0 0 1 0
TARGET 26477 1 0 0 1 0
TARGET 26478 1 0 0 1 0
TARGET 26479 1 0 0 1 0
TARGET 26480 1 0 0 1 0
TARGET 26481 1 0 0 1 0
TARGET 26482 1 0 0 1 0
TARGET 26483 1 0 0 1 0
TARGET 26484 1 0 0 1 0
TARGET 26485 1 0 0 1 0
TARGET 26486 1 0 0 1 0
TARGET 26487 1 0 0 1 0
TARGET 26488 1 0 0 1 0
TARGET 26489 1 0 0 1 0
TARGET 26490 1 0 0 1 0
TARGET 26491 1 0 0 1 0
TARGET 26492 1 0 0 1 0
TARGET 26493 1 0 0 1 0
TARGET 26494 1 0 0 1 0
TARGET 26495 1 0 0 1 0
TARGET 26496 1 0 0 1 0
TARGET 26497 1 0 0 1 0
TARGET 26498 1 0 0 1 0
TARGET 26499 1 0 0 1 0
TARGET 26500 1 0 0 1 0
TARGET 26501 1 0 0 1 0
TARGET 26502 1 0 0 1 0
TARGET 26503 1 0 0 1 0
TARGET 26504 1 0 0 1 0
TARGET 26505 1 0 0 1 0
TARGET 26506 1 0 0 1 0
TARGET 26507 1 0 0 1 0
TARGET 26508 1 0 0 1 0
TARGET 26509 1 0 0 0 0
TARGET 26510 1 0 0 0 0
TARGET 26511 1 0 0 0 0
TARGET 26512 1 0 0 0 0
TARGET 26513 1 0 0 0 0
TARGET 26514 1 0 0 0 0
TARGET 26515 1 0 0 0 0
TARGET 26516 1 0 0 0 0
TARGET 26517 1 1 0 1 0
TARGET 26518 1 1 0 1 0
TARGET 26519 1 0 0 1 0
TARGET 26520 1 0 0 1 0
TARGET 26521 1 1 0 1 0
TARGET 26522 1 0 0 1 0
TARGET 26523 1 0 0 1 0
TARGET 26524 1 0 0 1 0
TARGET 26525 1 1 0 1 0
TARGET 26526 1 1 0 1 0
TARGET 26527 1 1 0 1 0
TARGET 26528 1 1 0 1 0
TARGET 26529 1 0 0 0 0
TARGET 26530 1 0 0 1 0
TARGET 26531 1 0 0 1 0
TARGET 26532 1 1 0 1 0
TARGET 26533 1 1 0 1 0
TARGET 26534 1 0 0 1 0
TARGET 26535 1 0 0 1 0
TARGET 26536 1 0 0 1 0
TARGET 26537 1 0 0 1 0
TARGET 26538 1 0 0 1 0
TARGET 26539 1 0 0 1 0
TARGET 26540 1 0 0 1 0
TARGET 26541 1 0 0 1 0
TARGET 26542 1 0 0 1 0
TARGET 26543 1 0 0 1 0
TARGET 26544 1 0 0 0 0
TARGET 26545 1 0 0 1 0
TARGET 26546 1 0 0 1 0
TARGET 26547 1 0 0 1 0
TARGET 26548 1 0 0 1 0
TARGET 26549 1 1 0 1 0
TARGET 26550 1 1 0 1 0
TARGET 26551 1 0 0 1 0
TARGET 26552 1 0 0 1 0
TARGET 26553 1 0 0 1 0
TARGET 26554 1 0 0 1 0
TARGET 26555 1 0 0 1 0
TARGET 26556 1 0 0 1 0
TARGET 26557 1 0 0 1 0
TARGET 26558 1 0 0 1 0
TARGET 26559 1 0 0 1 0
TARGET 26560 1 0 0 0 0
TARGET 26561 1 0 0 1 0
TARGET 26562 1 0 0 1 0
TARGET 26563 1 1 0 1 0
TARGET 26564 1 1 0 1 0
TARGET 26565 1 1 0 1 0
TARGET 26566 1 1 0 1 0
TARGET 26567 1 0 0 0 0
TARGET 26568 1 1 0 1 0
TARGET 26569 1 1 0 1 0
TARGET 26570 1 1 0 1 0
TARGET 26571 1 0 0 0 0
TARGET 26572 1 0 0 0 0
TARGET 26573 1 0 0 0 0
TARGET 26574 1 0 0 0 0
TARGET 26575 1 0 0 0 0
TARGET 26576 1 0 0 0 0
TARGET 26577 1 0 0 0 0
TARGET 26578 1 0 0 0 0
TARGET 26579 1 0 0 1 0
TARGET 26580 1 0 0 1 0
TARGET 26581 1 0 0 1 0
TARGET 26582 1 0 0 1 0
TARGET 26583 1 0 0 0 0
TARGET 26584 1 0 0 1 0
TARGET 26585 1 0 0 1 0
TARGET 26586 1 0 0 1 0
TARGET 26587 1 0 0 0 0
TARGET 26588 1 1 0 1 0
TARGET 26589 1 1 0 1 0
TARGET 26590 1 0 0 0 0
TARGET 26591 1 1 0 1 0
TARGET 26592 1 0 0 0 0
TARGET 26593 1 0 0 1 0
TARGET 26594 1 0 0 1 0
TARGET 26595 1 0 0 1 0
TARGET 26596 1 0 0 1 0
TARGET 26597 1 0 0 1 0
TARGET 26598 1 0 0 1 0
TARGET 26599 1 0 0 1 0
TARGET 26600 1 0 0 1 0
TARGET 26601 1 0 0 1 0
TARGET 26602 1 0 0 1 0
TARGET 26603 1 0 0 1 0
TARGET 26604 1 0 0 1 0
TARGET 26605 1 0 0 1 0
TARGET 26606 1 0 0 1 0
TARGET 26607 1 0 0 1 0
TARGET 26608 1 0 0 1 0
TARGET 26609 1 0 0 1 0
TARGET 26610 1 0 0 1 0
TARGET 26611 1 0 0 1 0
TARGET 26612 1 0 0 1 0
TARGET 26613 1 0 0 1 0
TARGET 26614 1 0 0 1 0
TARGET 26615 1 0 0 1 0
TARGET 26616 1 0 0 1 0
TARGET 26617 1 0 0 0 0
TARGET 26618 1 0 0 0 0
TARGET 26619 1 0 0 0 0
TARGET 26620 1 0 0 0 0
TARGET 26621 1 0 0 0 0
TARGET 26622 1 0 0 0 0
TARGET 26623 1 0 0 1 0
TARGET 26624 1 0 0 1 0
TARGET 26625 1 0 0 1 0
TARGET 26626 1 0 0 0 0
TARGET 26627 1 0 0 1 0
TARGET 26628 1 0 0 1 0
TARGET 26629 1 0 0 0 0
TARGET 26630 1 0 0 1 0
TARGET 26631 1 0 0 0 0
TARGET 26632 1 0 0 1 0
TARGET 26633 1 0 0 1 0
TARGET 26634 1 0 0 1 0
TARGET 26635 1 0 0 0 0
TARGET 26636 1 1 0 1 0
TARGET 26637 1 1 0 1 0
TARGET 26638 1 0 0 0 0
TARGET 26639 1 1 0 1 0
TARGET 26640 1 0 0 0 0
TARGET 26641 1 0 0 1 0
TARGET 26642 1 0 0 1 0
TARGET 26643 1 0 0 1 0
TARGET 26644 1 0 0 0 0
TARGET 26645 1 0 0 1 0
TARGET 26646 1 0 0 1 0
TARGET 26647 1 0 0 0 0
TARGET 26648 1 0 0 1 0
TARGET 26649 1 0 0 0 0
TARGET 26650 1 0 0 1 0
TARGET 26651 1 0 0 1 0
TARGET 26652 1 0 0 1 0
TARGET 26653 1 0 0 1 0
TARGET 26654 1 0 0 1 0
TARGET 26655 1 0 0 1 0
TARGET 26656 1 0 0 1 0
TARGET 26657 1 0 0 1 0
TARGET 26658 1 0 0 1 0
TARGET 26659 1 0 0 0 0
TARGET 26660 1 0 0 0 0
TARGET 26661 1 0 0 0 0
TARGET 26662 1 0 0 1 0
TARGET 26663 1 0 0 1 0
TARGET 26664 1 0 0 0 0
TARGET 26665 1 0 0 1 0
TARGET 26666 1 0 0 0 0
TARGET 26667 1 1 0 1 0
TARGET 26668 1 1 0 1 0
TARGET 26669 1 1 0 1 0
TARGET 26670 1 1 0 1 0
TARGET 26671 1 0 0 0 0
TARGET 26672 1 0 0 0 0
TARGET 26673 1 1 0 1 0
TARGET 26674 1 1 0 1 0
TARGET 26675 1 0 0 0 0
TARGET 26676 1 0 0 0 0
TARGET 26677 1 0 0 1 0
TARGET 26678 1 1 0 2 0
TARGET 26679 1 0 0 1 0
TARGET 26680 1 1 0 2 0
TARGET 26681 1 0 0 1 0
TARGET 26682 1 0 0 1 0
TARGET 26683 1 0 0 1 0
TARGET 26684 1 0 0 1 0
TARGET 26685 1 1 0 2 0
TARGET 26686 1 0 0 1 0
TARGET 26687 1 0 0 1 0
TARGET 26688 1 0 0 1 0
TARGET 26689 1 0 0 1 0
TARGET 26690 1 1 0 2 0
TARGET 26691 1 2 0 3 0
TARGET 26692 1 1 0 2 0
TARGET 26693 1 1 0 3 0
TARGET 26694 1 1 0 2 0
TARGET 26695 1 1 0 2 0
TARGET 26696 1 1 0 2 0
TARGET 26697 1 1 0 2 0
TARGET 26698 1 1 0 3 0
TARGET 26699 1 1 0 2 0
TARGET 26700 1 1 0 2 0
TARGET 26701 1 1 0 2 0
TARGET 26702 1 1 0 2 0
TARGET 26703 1 0 0 1 0
TARGET 26704 1 1 0 2 0
TARGET 26705 1 0 0 1 0
TARGET 26706 1 1 0 2 0
TARGET 26707 1 0 0 1 0
TARGET 26708 1 0 0 1 0
TARGET 26709 1 0 0 1 0
TARGET 26710 1 0 0 1 0
TARGET 26711 1 1 0 2 0
TARGET 26712 1 0 0 1 0
TARGET 26713 1 0 0 1 0
TARGET 26714 1 0 0 1 0
TARGET 26715 1 0 0 1 0
TARGET 26716 1 1 0 2 0
TARGET 26717 1 1 0 3 0
TARGET 26718 1 1 0 2 0
TARGET 26719 1 2 0 3 0
TARGET 26720 1 1 0 2 0
TARGET 26721 1 1 0 2 0
TARGET 26722 1 1 0 2 0
TARGET 26723 1 1 0 2 0
TARGET 26724 1 1 0 3 0
TARGET 26725 1 1 0 2 0
TARGET 26726 1 1 0 2 0
TARGET 26727 1 1 0 2 0
TARGET 26728 1 1 0 2 0
TARGET 26729 1 0 0 1 0
TARGET 26730 1 1 0 2 0
TARGET 26731 1 0 0 1 0
TARGET 26732 1 1 0 2 0
TARGET 26733 1 0 0 1 0
TARGET 26734 1 0 0 1 0
TARGET 26735 1 0 0 1 0
TARGET 26736 1 0 0 1 0
TARGET 26737 1 1 0 2 0
TARGET 26738 1 0 0 1 0
TARGET 26739 1 0 0 1 0
TARGET 26740 1 0 0 1 0
TARGET 26741 1 0 0 1 0
TARGET 26742 1 0 0 1 0
TARGET 26743 1 0 0 1 0
TARGET 26744 1 1 0 2 0
TARGET 26745 1 0 0 1 0
TARGET 26746 1 0 0 1 0
TARGET 26747 1 0 0 1 0
TARGET 26748 1 0 0 1 0
TARGET 26749 1 0 0 1 0
TARGET 26750 1 1 0 2 0
TARGET 26751 1 1 0 2 0
TARGET 26752 1 1 0 3 0
TARGET 26753 1 1 0 2 0
TARGET 26754 1 1 0 2 0
TARGET 26755 1 1 0 2 0
TARGET 26756 1 1 0 2 0
TARGET 26757 1 1 0 2 0
TARGET 26758 1 0 0 1 0
TARGET 26759 1 0 0 1 0
TARGET 26760 1 1 0 2 0
TARGET 26761 1 0 0 1 0
TARGET 26762 1 0 0 1 0
TARGET 26763 1 0 0 1 0
TARGET 26764 1 0 0 1 0
TARGET 26765 1 0 0 1 0
TARGET 26766 1 1 0 2 0
TARGET 26767 1 1 0 2 0
TARGET 26768 1 1 0 3 0
TARGET 26769 1 1 0 2 0
TARGET 26770 1 1 0 2 0
TARGET 26771 1 1 0 2 0
TARGET 26772 1 1 0 2 0
TARGET 26773 1 1 0 2 0
TARGET 26774 1 0 0 1 0
TARGET 26775 1 0 0 1 0
TARGET 26776 1 1 0 2 0
TARGET 26777 1 0 0 1 0
TARGET 26778 1 0 0 1 0
TARGET 26779 1 0 0 1 0
TARGET 26780 1 0 0 1 0
TARGET 26781 1 0 0 1 0
TARGET 26782 1 0 0 1 0
TARGET 26783 1 0 0 1 0
TARGET 26784 1 1 0 2 0
TARGET 26785 1 0 0 1 0
TARGET 26786 1 0 0 1 0
TARGET 26787 1 0 0 1 0
TARGET 26788 1 0 0 1 0
TARGET 26789 1 1 0 2 0
TARGET 26790 1 0 0 1 0
TARGET 26791 1 0 0 1 0
TARGET 26792 1 0 0 1 0
TARGET 26793 1 0 0 1 0
TARGET 26794 1 0 0 1 0
TARGET 26795 1 0 0 1 0
TARGET 26796 1 0 0 1 0
TARGET 26797 1 0 0 1 0
TARGET 26798 1 0 0 1 0
TARGET 26799 1 1 0 2 0
TARGET 26800 1 0 0 1 0
TARGET 26801 1 0 0 1 0
TARGET 26802 1 0 0 1 0
TARGET 26803 1 0 0 1 0
TARGET 26804 1 1 0 2 0
TARGET 26805 1 1 0 2 0
TARGET 26806 1 2 0 3 0
TARGET 26807 1 1 0 2 0
TARGET 26808 1 1 0 2 0
TARGET 26809 1 1 0 2 0
TARGET 26810 1 1 0 2 0
TARGET 26811 1 0 0 1 0
TARGET 26812 1 0 0 1 0
TARGET 26813 1 1 0 2 0
TARGET 26814 1 0 0 1 0
TARGET 26815 1 0 0 1 0
TARGET 26816 1 0 0 1 0
TARGET 26817 1 0 0 1 0
TARGET 26818 1 0 0 1 0
TARGET 26819 1 0 0 1 0
TARGET 26820 1 1 0 2 0
TARGET 26821 1 0 0 1 0
TARGET 26822 1 0 0 1 0
TARGET 26823 1 0 0 1 0
TARGET 26824 1 0 0 1 0
TARGET 26825 1 0 0 1 0
TARGET 26826 1 0 0 1 0
TARGET 26827 1 0 0 1 0
TARGET 26828 1 0 0 1 0
TARGET 26829 1 0 0 1 0
TARGET 26830 1 0 0 1 0
TARGET 26831 1 1 0 2 0
TARGET 26832 1 1 0 2 0
TARGET 26833 1 1 0 2 0
TARGET 26834 1 0 0 1 0
TARGET 26835 1 0 0 1 0
TARGET 26836 1 0 0 1 0
TARGET 26837 1 0 0 1 0
TARGET 26838 1 0 0 1 0
TARGET 26839 1 0 0 1 0
TARGET 26840 1 0 0 1 0
TARGET 26841 1 0 0 1 0
TARGET 26842 1 0 0 1 0
TARGET 26843 1 0 0 1 0
TARGET 26844 1 0 0 1 0
TARGET 26845 1 0 0 1 0
TARGET 26846 1 0 0 0 0
TARGET 26847 1 1 0 1 0
TARGET 26848 1 0 0 0 0
TARGET 26849 1 1 0 1 0
TARGET 26850 1 0 0 0 0
TARGET 26851 1 0 0 0 0
TARGET 26852 1 0 0 0 0
TARGET 26853 1 0 0 0 0
TARGET 26854 1 1 0 1 0
TARGET 26855 1 0 0 0 0
TARGET 26856 1 0 0 0 0
TARGET 26857 1 0 0 0 0
TARGET 26858 1 0 0 0 0
TARGET 26859 1 2 0 3 0
TARGET 26860 1 3 0 4 0
TARGET 26861 1 2 0 3 0
TARGET 26862 1 1 0 4 0
TARGET 26863 1 1 0 3 0
TARGET 26864 1 2 0 3 0
TARGET 26865 1 1 0 3 0
TARGET 26866 1 2 0 3 0
TARGET 26867 1 1 0 4 0
TARGET 26868 1 1 0 3 0
TARGET 26869 1 2 0 3 0
TARGET 26870 1 2 0 3 0
TARGET 26871 1 1 0 3 0
TARGET 26872 1 1 0 2 0
TARGET 26873 1 2 0 3 0
TARGET 26874 1 1 0 2 0
TARGET 26875 1 1 0 3 0
TARGET 26876 1 1 0 2 0
TARGET 26877 1 1 0 2 0
TARGET 26878 1 1 0 2 0
TARGET 26879 1 1 0 2 0
TARGET 26880 1 1 0 3 0
TARGET 26881 1 1 0 2 0
TARGET 26882 1 1 0 2 0
TARGET 26883 1 1 0 2 0
TARGET 26884 1 1 0 2 0
TARGET 26885 1 1 0 3 0
TARGET 26886 1 1 0 4 0
TARGET 26887 1 1 0 3 0
TARGET 26888 1 1 0 4 0
TARGET 26889 1 1 0 3 0
TARGET 26890 1 1 0 3 0
TARGET 26891 1 1 0 3 0
TARGET 26892 1 1 0 3 0
TARGET 26893 1 1 0 4 0
TARGET 26894 1 1 0 3 0
TARGET 26895 1 1 0 3 0
TARGET 26896 1 1 0 3 0
TARGET 26897 1 1 0 3 0
TARGET 26898 1 1 0 2 0
TARGET 26899 1 1 0 3 0
TARGET 26900 1 1 0 2 0
TARGET 26901 1 1 0 3 0
TARGET 26902 1 1 0 2 0
TARGET 26903 1 1 0 2 0
TARGET 26904 1 1 0 2 0
TARGET 26905 1 1 0 2 0
TARGET 26906 1 1 0 3 0
TARGET 26907 1 1 0 2 0
TARGET 26908 1 1 0 2 0
TARGET 26909 1 1 0 2 0
TARGET 26910 1 1 0 2 0
TARGET 26911 1 1 0 2 0
TARGET 26912 1 1 0 2 0
TARGET 26913 1 1 0 3 0
TARGET 26914 1 1 0 2 0
TARGET 26915 1 1 0 2 0
TARGET 26916 1 1 0 2 0
TARGET 26917 1 1 0 2 0
TARGET 26918 1 1 0 2 0
TARGET 26919 1 2 0 3 0
TARGET 26920 1 2 0 3 0
TARGET 26921 1 1 0 4 0
TARGET 26922 1 1 0 3 0
TARGET 26923 1 1 0 3 0
TARGET 26924 1 2 0 3 0
TARGET 26925 1 2 0 3 0
TARGET 26926 1 1 0 3 0
TARGET 26927 1 1 0 2 0
TARGET 26928 1 1 0 2 0
TARGET 26929 1 1 0 3 0
TARGET 26930 1 1 0 2 0
TARGET 26931 1 1 0 2 0
TARGET 26932 1 1 0 2 0
TARGET 26933 1 1 0 2 0
TARGET 26934 1 1 0 2 0
TARGET 26935 1 1 0 3 0
TARGET 26936 1 1 0 3 0
TARGET 26937 1 1 0 4 0
TARGET 26938 1 1 0 3 0
TARGET 26939 1 1 0 3 0
TARGET 26940 1 1 0 3 0
TARGET 26941 1 1 0 3 0
TARGET 26942 1 1 0 3 0
TARGET 26943 1 1 0 2 0
TARGET 26944 1 1 0 2 0
TARGET 26945 1 1 0 3 0
TARGET 26946 1 1 0 2 0
TARGET 26947 1 1 0 2 0
TARGET 26948 1 1 0 2 0
TARGET 26949 1 1 0 2 0
TARGET 26950 1 1 0 2 0
TARGET 26951 1 1 0 2 0
TARGET 26952 1 1 0 2 0
TARGET 26953 1 1 0 3 0
TARGET 26954 1 1 0 2 0
TARGET 26955 1 1 0 2 0
TARGET 26956 1 1 0 2 0
TARGET 26957 1 1 0 2 0
TARGET 26958 1 1 0 3 0
TARGET 26959 1 1 0 2 0
TARGET 26960 1 1 0 2 0
TARGET 26961 1 1 0 2 0
TARGET 26962 1 1 0 2 0
TARGET 26963 1 1 0 2 0
TARGET 26964 1 1 0 2 0
TARGET 26965 1 1 0 2 0
TARGET 26966 1 1 0 2 0
TARGET 26967 1 1 0 2 0
TARGET 26968 1 1 0 3 0
TARGET 26969 1 1 0 2 0
TARGET 26970 1 1 0 2 0
TARGET 26971 1 1 0 2 0
TARGET 26972 1 1 0 2 0
TARGET 26973 1 1 0 3 0
TARGET 26974 1 1 0 3 0
TARGET 26975 1 1 0 4 0
TARGET 26976 1 1 0 3 0
TARGET 26977 1 1 0 3 0
TARGET 26978 1 1 0 3 0
TARGET 26979 1 1 0 3 0
TARGET 26980 1 1 0 2 0
TARGET 26981 1 1 0 2 0
TARGET 26982 1 1 0 3 0
TARGET 26983 1 1 0 2 0
TARGET 26984 1 1 0 2 0
TARGET 26985 1 1 0 2 0
TARGET 26986 1 1 0 2 0
TARGET 26987 1 1 0 2 0
TARGET 26988 1 1 0 2 0
TARGET 26989 1 1 0 3 0
TARGET 26990 1 1 0 2 0
TARGET 26991 1 1 0 2 0
TARGET 26992 1 1 0 2 0
TARGET 26993 1 1 0 2 0
TARGET 26994 1 1 0 2 0
TARGET 26995 1 1 0 2 0
TARGET 26996 1 1 0 2 0
TARGET 26997 1 1 0 2 0
TARGET 26998 1 1 0 2 0
TARGET 26999 1 1 0 2 0
TARGET 27000 1 1 0 3 0
PASS_1962_MONOMIAL_INTERVAL 26001 27000 1000 0
