TARGET 18001 1 1 0 2 0
TARGET 18002 1 1 0 2 0
TARGET 18003 1 1 0 3 0
TARGET 18004 1 1 0 2 0
TARGET 18005 1 1 0 2 0
TARGET 18006 1 1 0 2 0
TARGET 18007 1 1 0 2 0
TARGET 18008 1 1 0 3 0
TARGET 18009 1 1 0 2 0
TARGET 18010 1 1 0 2 0
TARGET 18011 1 1 0 3 0
TARGET 18012 1 1 0 2 0
TARGET 18013 1 1 0 2 0
TARGET 18014 1 1 0 2 0
TARGET 18015 1 1 0 2 0
TARGET 18016 1 1 0 3 0
TARGET 18017 1 1 0 3 0
TARGET 18018 1 1 0 4 0
TARGET 18019 1 1 0 3 0
TARGET 18020 1 1 0 3 0
TARGET 18021 1 1 0 4 0
TARGET 18022 1 1 0 3 0
TARGET 18023 1 1 0 3 0
TARGET 18024 1 1 0 3 0
TARGET 18025 1 1 0 3 0
TARGET 18026 1 1 0 2 0
TARGET 18027 1 1 0 2 0
TARGET 18028 1 1 0 3 0
TARGET 18029 1 1 0 2 0
TARGET 18030 1 1 0 2 0
TARGET 18031 1 1 0 3 0
TARGET 18032 1 1 0 2 0
TARGET 18033 1 1 0 2 0
TARGET 18034 1 1 0 2 0
TARGET 18035 1 1 0 2 0
TARGET 18036 1 1 0 2 0
TARGET 18037 1 1 0 2 0
TARGET 18038 1 1 0 2 0
TARGET 18039 1 1 0 2 0
TARGET 18040 1 2 0 3 0
TARGET 18041 1 1 0 2 0
TARGET 18042 1 1 0 2 0
TARGET 18043 1 1 0 2 0
TARGET 18044 1 1 0 2 0
TARGET 18045 1 1 0 3 0
TARGET 18046 1 1 0 2 0
TARGET 18047 1 1 0 2 0
TARGET 18048 1 1 0 2 0
TARGET 18049 1 1 0 2 0
TARGET 18050 1 2 0 3 0
TARGET 18051 1 1 0 2 0
TARGET 18052 1 1 0 2 0
TARGET 18053 1 1 0 2 0
TARGET 18054 1 1 0 2 0
TARGET 18055 1 1 0 3 0
TARGET 18056 1 1 0 3 0
TARGET 18057 1 1 0 3 0
TARGET 18058 1 1 0 3 0
TARGET 18059 1 1 0 3 0
TARGET 18060 1 1 0 4 0
TARGET 18061 1 1 0 3 0
TARGET 18062 1 1 0 3 0
TARGET 18063 1 1 0 3 0
TARGET 18064 1 1 0 3 0
TARGET 18065 1 1 0 4 0
TARGET 18066 1 1 0 2 0
TARGET 18067 1 1 0 2 0
TARGET 18068 1 1 0 3 0
TARGET 18069 1 1 0 2 0
TARGET 18070 1 1 0 2 0
TARGET 18071 1 1 0 2 0
TARGET 18072 1 1 0 2 0
TARGET 18073 1 1 0 2 0
TARGET 18074 1 1 0 2 0
TARGET 18075 1 1 0 2 0
TARGET 18076 1 1 0 3 0
TARGET 18077 1 1 0 2 0
TARGET 18078 1 1 0 2 0
TARGET 18079 1 1 0 2 0
TARGET 18080 1 1 0 2 0
TARGET 18081 1 1 0 3 0
TARGET 18082 1 1 0 2 0
TARGET 18083 1 1 0 3 0
TARGET 18084 1 1 0 2 0
TARGET 18085 1 1 0 2 0
TARGET 18086 1 1 0 2 0
TARGET 18087 1 1 0 2 0
TARGET 18088 1 1 0 2 0
TARGET 18089 1 1 0 3 0
TARGET 18090 1 1 0 2 0
TARGET 18091 1 1 0 2 0
TARGET 18092 1 1 0 2 0
TARGET 18093 1 1 0 2 0
TARGET 18094 1 1 0 2 0
TARGET 18095 1 2 0 3 0
TARGET 18096 1 1 0 2 0
TARGET 18097 1 1 0 2 0
TARGET 18098 1 1 0 2 0
TARGET 18099 1 1 0 2 0
TARGET 18100 1 1 0 3 0
TARGET 18101 1 1 0 3 0
TARGET 18102 1 1 0 4 0
TARGET 18103 1 1 0 3 0
TARGET 18104 1 1 0 3 0
TARGET 18105 1 1 0 3 0
TARGET 18106 1 1 0 3 0
TARGET 18107 1 1 0 4 0
TARGET 18108 1 1 0 2 0
TARGET 18109 1 1 0 3 0
TARGET 18110 1 1 0 2 0
TARGET 18111 1 1 0 2 0
TARGET 18112 1 1 0 2 0
TARGET 18113 1 1 0 2 0
TARGET 18114 1 1 0 3 0
TARGET 18115 1 1 0 2 0
TARGET 18116 1 1 0 2 0
TARGET 18117 1 1 0 2 0
TARGET 18118 1 1 0 3 0
TARGET 18119 1 1 0 2 0
TARGET 18120 1 1 0 2 0
TARGET 18121 1 1 0 2 0
TARGET 18122 1 1 0 2 0
TARGET 18123 1 1 0 3 0
TARGET 18124 1 2 0 3 0
TARGET 18125 1 1 0 2 0
TARGET 18126 1 1 0 2 0
TARGET 18127 1 1 0 2 0
TARGET 18128 1 1 0 2 0
TARGET 18129 1 1 0 3 0
TARGET 18130 1 2 0 3 0
TARGET 18131 1 1 0 2 0
TARGET 18132 1 1 0 2 0
TARGET 18133 1 1 0 2 0
TARGET 18134 1 1 0 2 0
TARGET 18135 1 1 0 3 0
TARGET 18136 1 1 0 1 0
TARGET 18137 1 1 0 2 0
TARGET 18138 1 1 0 1 0
TARGET 18139 1 0 0 1 0
TARGET 18140 1 0 0 1 0
TARGET 18141 1 1 0 1 0
TARGET 18142 1 1 0 1 0
TARGET 18143 1 1 0 2 0
TARGET 18144 1 1 0 1 0
TARGET 18145 1 1 0 1 0
TARGET 18146 1 0 0 1 0
TARGET 18147 1 0 0 1 0
TARGET 18148 1 1 0 2 0
TARGET 18149 1 1 0 1 0
TARGET 18150 1 1 0 2 0
TARGET 18151 1 1 0 1 0
TARGET 18152 1 0 0 1 0
TARGET 18153 1 0 0 1 0
TARGET 18154 1 1 0 2 0
TARGET 18155 1 0 0 1 0
TARGET 18156 1 0 0 1 0
TARGET 18157 1 1 0 1 0
TARGET 18158 1 1 0 1 0
TARGET 18159 1 1 0 2 0
TARGET 18160 1 1 0 1 0
TARGET 18161 1 1 0 1 0
TARGET 18162 1 0 0 1 0
TARGET 18163 1 0 0 1 0
TARGET 18164 1 1 0 2 0
TARGET 18165 1 1 0 1 0
TARGET 18166 1 1 0 1 0
TARGET 18167 1 1 0 2 0
TARGET 18168 1 1 0 1 0
TARGET 18169 1 1 0 1 0
TARGET 18170 1 0 0 1 0
TARGET 18171 1 0 0 1 0
TARGET 18172 1 0 0 2 0
TARGET 18173 1 1 0 2 0
TARGET 18174 1 1 0 2 0
TARGET 18175 1 1 0 3 0
TARGET 18176 1 1 0 2 0
TARGET 18177 1 1 0 2 0
TARGET 18178 1 1 0 3 0
TARGET 18179 1 1 0 2 0
TARGET 18180 1 1 0 2 0
TARGET 18181 1 1 0 2 0
TARGET 18182 1 1 0 2 0
TARGET 18183 1 1 0 3 0
TARGET 18184 1 0 0 1 0
TARGET 18185 1 0 0 1 0
TARGET 18186 1 1 0 2 0
TARGET 18187 1 1 0 1 0
TARGET 18188 1 1 0 1 0
TARGET 18189 1 1 0 2 0
TARGET 18190 1 1 0 1 0
TARGET 18191 1 1 0 1 0
TARGET 18192 1 0 0 1 0
TARGET 18193 1 0 0 1 0
TARGET 18194 1 0 0 2 0
TARGET 18195 1 0 0 1 0
TARGET 18196 1 0 0 1 0
TARGET 18197 1 0 0 1 0
TARGET 18198 1 0 0 1 0
TARGET 18199 1 1 0 2 0
TARGET 18200 1 0 0 1 0
TARGET 18201 1 0 0 1 0
TARGET 18202 1 0 0 1 0
TARGET 18203 1 0 0 1 0
TARGET 18204 1 1 0 2 0
TARGET 18205 1 0 0 1 0
TARGET 18206 1 0 0 1 0
TARGET 18207 1 0 0 1 0
TARGET 18208 1 0 0 1 0
TARGET 18209 1 1 0 2 0
TARGET 18210 1 0 0 1 0
TARGET 18211 1 0 0 1 0
TARGET 18212 1 0 0 1 0
TARGET 18213 1 0 0 1 0
TARGET 18214 1 1 0 2 0
TARGET 18215 1 1 0 2 0
TARGET 18216 1 1 0 2 0
TARGET 18217 1 1 0 2 0
TARGET 18218 1 1 0 2 0
TARGET 18219 1 1 0 3 0
TARGET 18220 1 1 0 2 0
TARGET 18221 1 1 0 2 0
TARGET 18222 1 1 0 2 0
TARGET 18223 1 1 0 2 0
TARGET 18224 1 1 0 3 0
TARGET 18225 1 0 0 1 0
TARGET 18226 1 0 0 1 0
TARGET 18227 1 1 0 2 0
TARGET 18228 1 0 0 1 0
TARGET 18229 1 0 0 1 0
TARGET 18230 1 0 0 1 0
TARGET 18231 1 0 0 1 0
TARGET 18232 1 0 0 2 0
TARGET 18233 1 0 0 1 0
TARGET 18234 1 1 0 1 0
TARGET 18235 1 1 0 1 0
TARGET 18236 1 1 0 2 0
TARGET 18237 1 1 0 1 0
TARGET 18238 1 1 0 1 0
TARGET 18239 1 0 0 1 0
TARGET 18240 1 0 0 1 0
TARGET 18241 1 1 0 2 0
TARGET 18242 1 0 0 1 0
TARGET 18243 1 1 0 2 0
TARGET 18244 1 0 0 1 0
TARGET 18245 1 0 0 1 0
TARGET 18246 1 0 0 1 0
TARGET 18247 1 0 0 1 0
TARGET 18248 1 0 0 2 0
TARGET 18249 1 1 0 1 0
TARGET 18250 1 1 0 2 0
TARGET 18251 1 1 0 1 0
TARGET 18252 1 1 0 1 0
TARGET 18253 1 0 0 1 0
TARGET 18254 1 0 0 1 0
TARGET 18255 1 1 0 1 0
TARGET 18256 1 1 0 2 0
TARGET 18257 1 1 0 1 0
TARGET 18258 1 1 0 1 0
TARGET 18259 1 0 0 1 0
TARGET 18260 1 0 0 1 0
TARGET 18261 1 1 0 2 0
TARGET 18262 1 0 0 2 0
TARGET 18263 1 1 0 2 0
TARGET 18264 1 1 0 3 0
TARGET 18265 1 1 0 2 0
TARGET 18266 1 1 0 2 0
TARGET 18267 1 1 0 2 0
TARGET 18268 1 1 0 2 0
TARGET 18269 1 1 0 3 0
TARGET 18270 1 1 0 1 0
TARGET 18271 1 1 0 2 0
TARGET 18272 1 1 0 1 0
TARGET 18273 1 1 0 1 0
TARGET 18274 1 0 0 1 0
TARGET 18275 1 0 0 1 0
TARGET 18276 1 1 0 2 0
TARGET 18277 1 1 0 1 0
TARGET 18278 1 0 0 1 0
TARGET 18279 1 0 0 1 0
TARGET 18280 1 1 0 2 0
TARGET 18281 1 1 0 1 0
TARGET 18282 1 1 0 1 0
TARGET 18283 1 0 0 1 0
TARGET 18284 1 0 0 1 0
TARGET 18285 1 1 0 2 0
TARGET 18286 1 1 0 2 0
TARGET 18287 1 0 0 1 0
TARGET 18288 1 0 0 1 0
TARGET 18289 1 0 0 1 0
TARGET 18290 1 0 0 1 0
TARGET 18291 1 1 0 2 0
TARGET 18292 1 1 0 2 0
TARGET 18293 1 0 0 1 0
TARGET 18294 1 0 0 1 0
TARGET 18295 1 0 0 1 0
TARGET 18296 1 0 0 1 0
TARGET 18297 1 1 0 2 0
TARGET 18298 1 0 0 2 0
TARGET 18299 1 1 0 3 0
TARGET 18300 1 0 0 2 0
TARGET 18301 1 0 0 2 0
TARGET 18302 1 0 0 2 0
TARGET 18303 1 0 0 2 0
TARGET 18304 1 1 0 3 0
TARGET 18305 1 0 0 0 0
TARGET 18306 1 1 0 1 0
TARGET 18307 1 0 0 0 0
TARGET 18308 1 0 0 0 0
TARGET 18309 1 0 0 0 0
TARGET 18310 1 0 0 0 0
TARGET 18311 1 0 0 0 0
TARGET 18312 1 1 0 1 0
TARGET 18313 1 0 0 0 0
TARGET 18314 1 0 0 0 0
TARGET 18315 1 0 0 0 0
TARGET 18316 1 0 0 0 0
TARGET 18317 1 1 0 1 0
TARGET 18318 1 1 0 1 0
TARGET 18319 1 1 0 2 0
TARGET 18320 1 1 0 1 0
TARGET 18321 1 0 0 1 0
TARGET 18322 1 0 0 1 0
TARGET 18323 1 1 0 2 0
TARGET 18324 1 0 0 1 0
TARGET 18325 1 0 0 1 0
TARGET 18326 1 1 0 1 0
TARGET 18327 1 1 0 1 0
TARGET 18328 1 1 0 2 0
TARGET 18329 1 1 0 1 0
TARGET 18330 1 1 0 1 0
TARGET 18331 1 0 0 1 0
TARGET 18332 1 0 0 1 0
TARGET 18333 1 1 0 2 0
TARGET 18334 1 1 0 1 0
TARGET 18335 1 1 0 1 0
TARGET 18336 1 1 0 2 0
TARGET 18337 1 1 0 1 0
TARGET 18338 1 1 0 1 0
TARGET 18339 1 0 0 1 0
TARGET 18340 1 0 0 1 0
TARGET 18341 1 0 0 0 0
TARGET 18342 1 1 0 2 0
TARGET 18343 1 1 0 2 0
TARGET 18344 1 1 0 3 0
TARGET 18345 1 1 0 2 0
TARGET 18346 1 1 0 2 0
TARGET 18347 1 1 0 3 0
TARGET 18348 1 1 0 2 0
TARGET 18349 1 1 0 2 0
TARGET 18350 1 1 0 2 0
TARGET 18351 1 1 0 2 0
TARGET 18352 1 0 0 1 0
TARGET 18353 1 0 0 1 0
TARGET 18354 1 1 0 2 0
TARGET 18355 1 1 0 1 0
TARGET 18356 1 1 0 1 0
TARGET 18357 1 1 0 2 0
TARGET 18358 1 1 0 1 0
TARGET 18359 1 1 0 1 0
TARGET 18360 1 0 0 1 0
TARGET 18361 1 0 0 1 0
TARGET 18362 1 0 0 1 0
TARGET 18363 1 0 0 1 0
TARGET 18364 1 1 0 2 0
TARGET 18365 1 0 0 1 0
TARGET 18366 1 0 0 1 0
TARGET 18367 1 0 0 1 0
TARGET 18368 1 0 0 1 0
TARGET 18369 1 1 0 2 0
TARGET 18370 1 0 0 1 0
TARGET 18371 1 0 0 1 0
TARGET 18372 1 0 0 1 0
TARGET 18373 1 0 0 1 0
TARGET 18374 1 1 0 2 0
TARGET 18375 1 0 0 1 0
TARGET 18376 1 0 0 1 0
TARGET 18377 1 1 0 2 0
TARGET 18378 1 0 0 1 0
TARGET 18379 1 0 0 1 0
TARGET 18380 1 0 0 1 0
TARGET 18381 1 0 0 1 0
TARGET 18382 1 0 0 0 0
TARGET 18383 1 0 0 1 0
TARGET 18384 1 1 0 2 0
TARGET 18385 1 0 0 1 0
TARGET 18386 1 0 0 1 0
TARGET 18387 1 0 0 1 0
TARGET 18388 1 0 0 1 0
TARGET 18389 1 1 0 2 0
TARGET 18390 1 0 0 1 0
TARGET 18391 1 0 0 1 0
TARGET 18392 1 0 0 1 0
TARGET 18393 1 0 0 1 0
TARGET 18394 1 1 0 2 0
TARGET 18395 1 0 0 1 0
TARGET 18396 1 0 0 1 0
TARGET 18397 1 1 0 2 0
TARGET 18398 1 0 0 1 0
TARGET 18399 1 0 0 1 0
TARGET 18400 1 0 0 1 0
TARGET 18401 1 0 0 1 0
TARGET 18402 1 0 0 0 0
TARGET 18403 1 2 0 3 0
TARGET 18404 1 1 0 2 0
TARGET 18405 1 1 0 2 0
TARGET 18406 1 1 0 2 0
TARGET 18407 1 1 0 2 0
TARGET 18408 1 1 0 3 0
TARGET 18409 1 1 0 2 0
TARGET 18410 1 1 0 2 0
TARGET 18411 1 1 0 2 0
TARGET 18412 1 1 0 2 0
TARGET 18413 1 2 0 3 0
TARGET 18414 1 1 0 2 0
TARGET 18415 1 1 0 2 0
TARGET 18416 1 1 0 3 0
TARGET 18417 1 1 0 2 0
TARGET 18418 1 1 0 2 0
TARGET 18419 1 1 0 2 0
TARGET 18420 1 1 0 2 0
TARGET 18421 1 0 0 1 0
TARGET 18422 1 0 0 1 0
TARGET 18423 1 1 0 2 0
TARGET 18424 1 0 0 1 0
TARGET 18425 1 0 0 1 0
TARGET 18426 1 0 0 1 0
TARGET 18427 1 0 0 1 0
TARGET 18428 1 0 0 1 0
TARGET 18429 1 1 0 1 0
TARGET 18430 1 1 0 1 0
TARGET 18431 1 1 0 2 0
TARGET 18432 1 1 0 1 0
TARGET 18433 1 1 0 1 0
TARGET 18434 1 0 0 1 0
TARGET 18435 1 0 0 1 0
TARGET 18436 1 1 0 2 0
TARGET 18437 1 0 0 2 0
TARGET 18438 1 0 0 1 0
TARGET 18439 1 1 0 2 0
TARGET 18440 1 0 0 1 0
TARGET 18441 1 0 0 1 0
TARGET 18442 1 0 0 1 0
TARGET 18443 1 0 0 1 0
TARGET 18444 1 1 0 1 0
TARGET 18445 1 1 0 2 0
TARGET 18446 1 1 0 1 0
TARGET 18447 1 1 0 1 0
TARGET 18448 1 0 0 1 0
TARGET 18449 1 0 0 1 0
TARGET 18450 1 1 0 1 0
TARGET 18451 1 1 0 2 0
TARGET 18452 1 1 0 1 0
TARGET 18453 1 1 0 1 0
TARGET 18454 1 0 0 1 0
TARGET 18455 1 0 0 1 0
TARGET 18456 1 1 0 2 0
TARGET 18457 1 1 0 2 0
TARGET 18458 1 1 0 3 0
TARGET 18459 1 1 0 2 0
TARGET 18460 1 1 0 2 0
TARGET 18461 1 1 0 2 0
TARGET 18462 1 1 0 2 0
TARGET 18463 1 1 0 3 0
TARGET 18464 1 1 0 1 0
TARGET 18465 1 1 0 2 0
TARGET 18466 1 1 0 1 0
TARGET 18467 1 1 0 1 0
TARGET 18468 1 0 0 1 0
TARGET 18469 1 0 0 1 0
TARGET 18470 1 1 0 2 0
TARGET 18471 1 1 0 1 0
TARGET 18472 1 0 0 1 0
TARGET 18473 1 0 0 1 0
TARGET 18474 1 1 0 2 0
TARGET 18475 1 1 0 1 0
TARGET 18476 1 1 0 1 0
TARGET 18477 1 0 0 1 0
TARGET 18478 1 0 0 1 0
TARGET 18479 1 1 0 2 0
TARGET 18480 1 1 0 2 0
TARGET 18481 1 0 0 1 0
TARGET 18482 1 0 0 1 0
TARGET 18483 1 0 0 1 0
TARGET 18484 1 0 0 1 0
TARGET 18485 1 1 0 2 0
TARGET 18486 1 1 0 2 0
TARGET 18487 1 0 0 1 0
TARGET 18488 1 0 0 1 0
TARGET 18489 1 0 0 1 0
TARGET 18490 1 0 0 1 0
TARGET 18491 1 1 0 2 0
TARGET 18492 1 1 0 1 0
TARGET 18493 1 1 0 1 0
TARGET 18494 1 1 0 2 0
TARGET 18495 1 1 0 1 0
TARGET 18496 1 1 0 1 0
TARGET 18497 1 0 0 1 0
TARGET 18498 1 0 0 1 0
TARGET 18499 1 0 0 0 0
TARGET 18500 1 1 0 1 0
TARGET 18501 1 1 0 2 0
TARGET 18502 1 1 0 1 0
TARGET 18503 1 1 0 1 0
TARGET 18504 1 0 0 1 0
TARGET 18505 1 0 0 1 0
TARGET 18506 1 0 0 0 0
TARGET 18507 1 1 0 3 0
TARGET 18508 1 1 0 2 0
TARGET 18509 1 1 0 2 0
TARGET 18510 1 1 0 2 0
TARGET 18511 1 1 0 2 0
TARGET 18512 1 1 0 1 0
TARGET 18513 1 1 0 1 0
TARGET 18514 1 0 0 1 0
TARGET 18515 1 0 0 1 0
TARGET 18516 1 0 0 2 0
TARGET 18517 1 0 0 0 0
TARGET 18518 1 1 0 1 0
TARGET 18519 1 0 0 1 0
TARGET 18520 1 0 0 1 0
TARGET 18521 1 0 0 0 0
TARGET 18522 1 0 0 1 0
TARGET 18523 1 0 0 1 0
TARGET 18524 1 0 0 0 0
TARGET 18525 1 0 0 1 0
TARGET 18526 1 0 0 0 0
TARGET 18527 1 1 0 1 0
TARGET 18528 1 0 0 0 0
TARGET 18529 1 0 0 0 0
TARGET 18530 1 0 0 0 0
TARGET 18531 1 0 0 0 0
TARGET 18532 1 0 0 0 0
TARGET 18533 1 1 0 1 0
TARGET 18534 1 0 0 0 0
TARGET 18535 1 0 0 0 0
TARGET 18536 1 0 0 0 0
TARGET 18537 1 0 0 0 0
TARGET 18538 1 1 0 1 0
TARGET 18539 1 1 0 2 0
TARGET 18540 1 1 0 2 0
TARGET 18541 1 1 0 3 0
TARGET 18542 1 1 0 2 0
TARGET 18543 1 1 0 2 0
TARGET 18544 1 2 0 3 0
TARGET 18545 1 1 0 2 0
TARGET 18546 1 1 0 2 0
TARGET 18547 1 1 0 2 0
TARGET 18548 1 1 0 2 0
TARGET 18549 1 1 0 1 0
TARGET 18550 1 1 0 2 0
TARGET 18551 1 1 0 3 0
TARGET 18552 1 1 0 2 0
TARGET 18553 1 1 0 2 0
TARGET 18554 1 2 0 3 0
TARGET 18555 1 1 0 2 0
TARGET 18556 1 1 0 2 0
TARGET 18557 1 1 0 2 0
TARGET 18558 1 1 0 2 0
TARGET 18559 1 1 0 1 0
TARGET 18560 1 1 0 4 0
TARGET 18561 1 1 0 3 0
TARGET 18562 1 1 0 3 0
TARGET 18563 1 1 0 4 0
TARGET 18564 1 1 0 3 0
TARGET 18565 1 1 0 3 0
TARGET 18566 1 1 0 3 0
TARGET 18567 1 1 0 3 0
TARGET 18568 1 1 0 3 0
TARGET 18569 1 1 0 2 0
TARGET 18570 1 1 0 2 0
TARGET 18571 1 1 0 3 0
TARGET 18572 1 1 0 2 0
TARGET 18573 1 1 0 2 0
TARGET 18574 1 1 0 2 0
TARGET 18575 1 1 0 2 0
TARGET 18576 1 1 0 1 0
TARGET 18577 1 1 0 2 0
TARGET 18578 1 1 0 3 0
TARGET 18579 1 1 0 2 0
TARGET 18580 1 1 0 2 0
TARGET 18581 1 1 0 2 0
TARGET 18582 1 1 0 2 0
TARGET 18583 1 1 0 1 0
TARGET 18584 1 3 0 4 0
TARGET 18585 1 2 0 3 0
TARGET 18586 1 2 0 3 0
TARGET 18587 1 2 0 3 0
TARGET 18588 1 2 0 3 0
TARGET 18589 1 1 0 2 0
TARGET 18590 1 1 0 2 0
TARGET 18591 1 1 0 2 0
TARGET 18592 1 1 0 2 0
TARGET 18593 1 1 0 3 0
TARGET 18594 1 1 0 1 0
TARGET 18595 1 1 0 2 0
TARGET 18596 1 1 0 2 0
TARGET 18597 1 1 0 2 0
TARGET 18598 1 1 0 1 0
TARGET 18599 1 1 0 2 0
TARGET 18600 1 1 0 2 0
TARGET 18601 1 1 0 1 0
TARGET 18602 1 1 0 2 0
TARGET 18603 1 1 0 1 0
TARGET 18604 1 0 0 1 0
TARGET 18605 1 0 0 1 0
TARGET 18606 1 1 0 2 0
TARGET 18607 1 0 0 1 0
TARGET 18608 1 0 0 1 0
TARGET 18609 1 1 0 2 0
TARGET 18610 1 0 0 1 0
TARGET 18611 1 0 0 1 0
TARGET 18612 1 0 0 1 0
TARGET 18613 1 0 0 1 0
TARGET 18614 1 0 0 0 0
TARGET 18615 1 0 0 1 0
TARGET 18616 1 1 0 2 0
TARGET 18617 1 0 0 1 0
TARGET 18618 1 0 0 1 0
TARGET 18619 1 1 0 2 0
TARGET 18620 1 0 0 1 0
TARGET 18621 1 0 0 1 0
TARGET 18622 1 0 0 1 0
TARGET 18623 1 0 0 1 0
TARGET 18624 1 0 0 0 0
TARGET 18625 1 1 0 3 0
TARGET 18626 1 1 0 2 0
TARGET 18627 1 1 0 2 0
TARGET 18628 1 1 0 3 0
TARGET 18629 1 1 0 2 0
TARGET 18630 1 1 0 2 0
TARGET 18631 1 1 0 2 0
TARGET 18632 1 1 0 2 0
TARGET 18633 1 0 0 2 0
TARGET 18634 1 1 0 1 0
TARGET 18635 1 1 0 1 0
TARGET 18636 1 1 0 2 0
TARGET 18637 1 1 0 1 0
TARGET 18638 1 1 0 1 0
TARGET 18639 1 0 0 1 0
TARGET 18640 1 0 0 1 0
TARGET 18641 1 0 0 0 0
TARGET 18642 1 1 0 1 0
TARGET 18643 1 1 0 2 0
TARGET 18644 1 1 0 1 0
TARGET 18645 1 1 0 1 0
TARGET 18646 1 0 0 1 0
TARGET 18647 1 0 0 1 0
TARGET 18648 1 0 0 0 0
TARGET 18649 1 2 0 3 0
TARGET 18650 1 1 0 2 0
TARGET 18651 1 1 0 2 0
TARGET 18652 1 1 0 2 0
TARGET 18653 1 1 0 2 0
TARGET 18654 1 1 0 1 0
TARGET 18655 1 1 0 1 0
TARGET 18656 1 0 0 1 0
TARGET 18657 1 0 0 1 0
TARGET 18658 1 0 0 2 0
TARGET 18659 1 0 0 0 0
TARGET 18660 1 1 0 1 0
TARGET 18661 1 0 0 1 0
TARGET 18662 1 0 0 1 0
TARGET 18663 1 0 0 0 0
TARGET 18664 1 0 0 1 0
TARGET 18665 1 0 0 1 0
TARGET 18666 1 0 0 0 0
TARGET 18667 1 0 0 1 0
TARGET 18668 1 0 0 0 0
TARGET 18669 1 0 0 1 0
TARGET 18670 1 0 0 1 0
TARGET 18671 1 0 0 1 0
TARGET 18672 1 0 0 1 0
TARGET 18673 1 1 0 2 0
TARGET 18674 1 0 0 1 0
TARGET 18675 1 0 0 1 0
TARGET 18676 1 0 0 1 0
TARGET 18677 1 0 0 1 0
TARGET 18678 1 1 0 2 0
TARGET 18679 1 0 0 1 0
TARGET 18680 1 0 0 1 0
TARGET 18681 1 0 0 1 0
TARGET 18682 1 0 0 1 0
TARGET 18683 1 1 0 2 0
TARGET 18684 1 0 0 1 0
TARGET 18685 1 0 0 1 0
TARGET 18686 1 0 0 1 0
TARGET 18687 1 0 0 1 0
TARGET 18688 1 1 0 2 0
TARGET 18689 1 1 0 2 0
TARGET 18690 1 1 0 2 0
TARGET 18691 1 1 0 2 0
TARGET 18692 1 1 0 2 0
TARGET 18693 1 1 0 3 0
TARGET 18694 1 1 0 2 0
TARGET 18695 1 1 0 2 0
TARGET 18696 1 1 0 2 0
TARGET 18697 1 1 0 2 0
TARGET 18698 1 2 0 3 0
TARGET 18699 1 0 0 1 0
TARGET 18700 1 0 0 1 0
TARGET 18701 1 1 0 2 0
TARGET 18702 1 0 0 1 0
TARGET 18703 1 0 0 1 0
TARGET 18704 1 0 0 1 0
TARGET 18705 1 0 0 1 0
TARGET 18706 1 0 0 1 0
TARGET 18707 1 0 0 1 0
TARGET 18708 1 0 0 1 0
TARGET 18709 1 1 0 2 0
TARGET 18710 1 0 0 1 0
TARGET 18711 1 0 0 1 0
TARGET 18712 1 0 0 1 0
TARGET 18713 1 0 0 1 0
TARGET 18714 1 1 0 2 0
TARGET 18715 1 0 0 1 0
TARGET 18716 1 1 0 2 0
TARGET 18717 1 0 0 1 0
TARGET 18718 1 0 0 1 0
TARGET 18719 1 0 0 1 0
TARGET 18720 1 0 0 1 0
TARGET 18721 1 0 0 1 0
TARGET 18722 1 1 0 2 0
TARGET 18723 1 0 0 1 0
TARGET 18724 1 0 0 1 0
TARGET 18725 1 0 0 1 0
TARGET 18726 1 0 0 1 0
TARGET 18727 1 0 0 1 0
TARGET 18728 1 1 0 2 0
TARGET 18729 1 0 0 1 0
TARGET 18730 1 0 0 1 0
TARGET 18731 1 0 0 1 0
TARGET 18732 1 0 0 1 0
TARGET 18733 1 1 0 2 0
TARGET 18734 1 1 0 2 0
TARGET 18735 1 1 0 3 0
TARGET 18736 1 1 0 2 0
TARGET 18737 1 1 0 2 0
TARGET 18738 1 1 0 2 0
TARGET 18739 1 1 0 2 0
TARGET 18740 1 1 0 3 0
TARGET 18741 1 0 0 1 0
TARGET 18742 1 1 0 2 0
TARGET 18743 1 0 0 1 0
TARGET 18744 1 0 0 1 0
TARGET 18745 1 0 0 1 0
TARGET 18746 1 0 0 1 0
TARGET 18747 1 1 0 2 0
TARGET 18748 1 0 0 1 0
TARGET 18749 1 0 0 1 0
TARGET 18750 1 0 0 1 0
TARGET 18751 1 1 0 2 0
TARGET 18752 1 0 0 1 0
TARGET 18753 1 0 0 1 0
TARGET 18754 1 0 0 1 0
TARGET 18755 1 0 0 1 0
TARGET 18756 1 1 0 2 0
TARGET 18757 1 1 0 2 0
TARGET 18758 1 0 0 1 0
TARGET 18759 1 0 0 1 0
TARGET 18760 1 0 0 1 0
TARGET 18761 1 0 0 1 0
TARGET 18762 1 1 0 2 0
TARGET 18763 1 1 0 2 0
TARGET 18764 1 0 0 1 0
TARGET 18765 1 0 0 1 0
TARGET 18766 1 0 0 1 0
TARGET 18767 1 0 0 1 0
TARGET 18768 1 1 0 2 0
TARGET 18769 1 0 0 0 0
TARGET 18770 1 0 0 0 0
TARGET 18771 1 0 0 0 0
TARGET 18772 1 0 0 0 0
TARGET 18773 1 1 0 1 0
TARGET 18774 1 0 0 0 0
TARGET 18775 1 0 0 0 0
TARGET 18776 1 0 0 0 0
TARGET 18777 1 0 0 0 0
TARGET 18778 1 1 0 1 0
TARGET 18779 1 0 0 1 0
TARGET 18780 1 0 0 1 0
TARGET 18781 1 0 0 1 0
TARGET 18782 1 0 0 1 0
TARGET 18783 1 1 0 2 0
TARGET 18784 1 0 0 1 0
TARGET 18785 1 0 0 1 0
TARGET 18786 1 0 0 1 0
TARGET 18787 1 0 0 1 0
TARGET 18788 1 1 0 2 0
TARGET 18789 1 1 0 2 0
TARGET 18790 1 1 0 2 0
TARGET 18791 1 1 0 2 0
TARGET 18792 1 1 0 2 0
TARGET 18793 1 1 0 3 0
TARGET 18794 1 1 0 2 0
TARGET 18795 1 1 0 2 0
TARGET 18796 1 1 0 2 0
TARGET 18797 1 1 0 2 0
TARGET 18798 1 2 0 3 0
TARGET 18799 1 0 0 1 0
TARGET 18800 1 0 0 1 0
TARGET 18801 1 1 0 2 0
TARGET 18802 1 0 0 1 0
TARGET 18803 1 0 0 1 0
TARGET 18804 1 0 0 1 0
TARGET 18805 1 0 0 1 0
TARGET 18806 1 0 0 1 0
TARGET 18807 1 0 0 1 0
TARGET 18808 1 0 0 1 0
TARGET 18809 1 1 0 2 0
TARGET 18810 1 0 0 1 0
TARGET 18811 1 0 0 1 0
TARGET 18812 1 0 0 1 0
TARGET 18813 1 0 0 1 0
TARGET 18814 1 1 0 2 0
TARGET 18815 1 0 0 1 0
TARGET 18816 1 1 0 2 0
TARGET 18817 1 0 0 1 0
TARGET 18818 1 0 0 1 0
TARGET 18819 1 0 0 1 0
TARGET 18820 1 0 0 1 0
TARGET 18821 1 0 0 1 0
TARGET 18822 1 1 0 2 0
TARGET 18823 1 0 0 1 0
TARGET 18824 1 0 0 1 0
TARGET 18825 1 0 0 1 0
TARGET 18826 1 0 0 1 0
TARGET 18827 1 0 0 1 0
TARGET 18828 1 1 0 2 0
TARGET 18829 1 0 0 1 0
TARGET 18830 1 0 0 1 0
TARGET 18831 1 0 0 1 0
TARGET 18832 1 0 0 1 0
TARGET 18833 1 1 0 2 0
TARGET 18834 1 1 0 2 0
TARGET 18835 1 1 0 3 0
TARGET 18836 1 1 0 2 0
TARGET 18837 1 1 0 2 0
TARGET 18838 1 1 0 2 0
TARGET 18839 1 1 0 2 0
TARGET 18840 1 1 0 3 0
TARGET 18841 1 0 0 1 0
TARGET 18842 1 1 0 2 0
TARGET 18843 1 0 0 1 0
TARGET 18844 1 0 0 1 0
TARGET 18845 1 0 0 1 0
TARGET 18846 1 0 0 1 0
TARGET 18847 1 1 0 2 0
TARGET 18848 1 0 0 1 0
TARGET 18849 1 0 0 1 0
TARGET 18850 1 0 0 1 0
TARGET 18851 1 1 0 2 0
TARGET 18852 1 0 0 1 0
TARGET 18853 1 0 0 1 0
TARGET 18854 1 0 0 1 0
TARGET 18855 1 0 0 1 0
TARGET 18856 1 1 0 2 0
TARGET 18857 1 1 0 2 0
TARGET 18858 1 0 0 1 0
TARGET 18859 1 0 0 1 0
TARGET 18860 1 0 0 1 0
TARGET 18861 1 0 0 1 0
TARGET 18862 1 1 0 2 0
TARGET 18863 1 1 0 2 0
TARGET 18864 1 0 0 1 0
TARGET 18865 1 0 0 1 0
TARGET 18866 1 0 0 1 0
TARGET 18867 1 0 0 1 0
TARGET 18868 1 1 0 2 0
TARGET 18869 1 0 0 0 0
TARGET 18870 1 0 0 0 0
TARGET 18871 1 0 0 0 0
TARGET 18872 1 0 0 0 0
TARGET 18873 1 1 0 1 0
TARGET 18874 1 0 0 0 0
TARGET 18875 1 0 0 0 0
TARGET 18876 1 0 0 0 0
TARGET 18877 1 0 0 0 0
TARGET 18878 1 1 0 1 0
TARGET 18879 1 2 0 3 0
TARGET 18880 1 2 0 3 0
TARGET 18881 1 1 0 3 0
TARGET 18882 1 1 0 3 0
TARGET 18883 1 1 0 4 0
TARGET 18884 1 1 0 3 0
TARGET 18885 1 2 0 3 0
TARGET 18886 1 2 0 3 0
TARGET 18887 1 2 0 3 0
TARGET 18888 1 3 0 4 0
TARGET 18889 1 1 0 2 0
TARGET 18890 1 1 0 2 0
TARGET 18891 1 1 0 3 0
TARGET 18892 1 1 0 2 0
TARGET 18893 1 1 0 2 0
TARGET 18894 1 1 0 2 0
TARGET 18895 1 1 0 2 0
TARGET 18896 1 1 0 2 0
TARGET 18897 1 1 0 2 0
TARGET 18898 1 1 0 2 0
TARGET 18899 1 1 0 3 0
TARGET 18900 1 1 0 2 0
TARGET 18901 1 1 0 2 0
TARGET 18902 1 1 0 2 0
TARGET 18903 1 1 0 2 0
TARGET 18904 1 2 0 3 0
TARGET 18905 1 1 0 2 0
TARGET 18906 1 1 0 3 0
TARGET 18907 1 1 0 2 0
TARGET 18908 1 1 0 2 0
TARGET 18909 1 1 0 2 0
TARGET 18910 1 1 0 2 0
TARGET 18911 1 1 0 2 0
TARGET 18912 1 1 0 3 0
TARGET 18913 1 1 0 2 0
TARGET 18914 1 1 0 2 0
TARGET 18915 1 1 0 2 0
TARGET 18916 1 1 0 2 0
TARGET 18917 1 1 0 2 0
TARGET 18918 1 1 0 3 0
TARGET 18919 1 1 0 2 0
TARGET 18920 1 1 0 2 0
TARGET 18921 1 1 0 2 0
TARGET 18922 1 1 0 2 0
TARGET 18923 1 1 0 3 0
TARGET 18924 1 1 0 3 0
TARGET 18925 1 1 0 4 0
TARGET 18926 1 1 0 3 0
TARGET 18927 1 1 0 3 0
TARGET 18928 1 1 0 3 0
TARGET 18929 1 1 0 3 0
TARGET 18930 1 1 0 4 0
TARGET 18931 1 1 0 2 0
TARGET 18932 1 1 0 3 0
TARGET 18933 1 1 0 2 0
TARGET 18934 1 1 0 2 0
TARGET 18935 1 1 0 2 0
TARGET 18936 1 1 0 2 0
TARGET 18937 1 1 0 3 0
TARGET 18938 1 1 0 2 0
TARGET 18939 1 1 0 2 0
TARGET 18940 1 1 0 2 0
TARGET 18941 1 1 0 3 0
TARGET 18942 1 1 0 2 0
TARGET 18943 1 1 0 2 0
TARGET 18944 1 1 0 2 0
TARGET 18945 1 1 0 2 0
TARGET 18946 1 1 0 3 0
TARGET 18947 1 1 0 3 0
TARGET 18948 1 1 0 2 0
TARGET 18949 1 1 0 2 0
TARGET 18950 1 1 0 2 0
TARGET 18951 1 1 0 2 0
TARGET 18952 1 2 0 3 0
TARGET 18953 1 1 0 3 0
TARGET 18954 1 1 0 2 0
TARGET 18955 1 1 0 2 0
TARGET 18956 1 1 0 2 0
TARGET 18957 1 1 0 2 0
TARGET 18958 1 2 0 3 0
TARGET 18959 1 0 0 2 0
TARGET 18960 1 0 0 2 0
TARGET 18961 1 0 0 2 0
TARGET 18962 1 0 0 2 0
TARGET 18963 1 1 0 3 0
TARGET 18964 1 0 0 2 0
TARGET 18965 1 0 0 2 0
TARGET 18966 1 0 0 2 0
TARGET 18967 1 0 0 2 0
TARGET 18968 1 1 0 3 0
TARGET 18969 1 0 0 1 0
TARGET 18970 1 0 0 1 0
TARGET 18971 1 1 0 2 0
TARGET 18972 1 0 0 1 0
TARGET 18973 1 0 0 1 0
TARGET 18974 1 0 0 1 0
TARGET 18975 1 0 0 1 0
TARGET 18976 1 0 0 0 0
TARGET 18977 1 0 0 1 0
TARGET 18978 1 1 0 2 0
TARGET 18979 1 0 0 1 0
TARGET 18980 1 0 0 1 0
TARGET 18981 1 0 0 1 0
TARGET 18982 1 0 0 1 0
TARGET 18983 1 0 0 0 0
TARGET 18984 1 2 0 3 0
TARGET 18985 1 1 0 2 0
TARGET 18986 1 1 0 2 0
TARGET 18987 1 1 0 2 0
TARGET 18988 1 1 0 2 0
TARGET 18989 1 0 0 1 0
TARGET 18990 1 0 0 1 0
TARGET 18991 1 0 0 1 0
TARGET 18992 1 0 0 1 0
TARGET 18993 1 0 0 2 0
TARGET 18994 1 0 0 0 0
TARGET 18995 1 0 0 1 0
TARGET 18996 1 0 0 1 0
TARGET 18997 1 0 0 1 0
TARGET 18998 1 0 0 0 0
TARGET 18999 1 0 0 1 0
TARGET 19000 1 0 0 1 0
PASS_1962_MONOMIAL_INTERVAL 18001 19000 1000 0
