TARGET 27001 1 1 0 3 0
TARGET 27002 1 1 0 3 0
TARGET 27003 1 1 0 2 0
TARGET 27004 1 1 0 2 0
TARGET 27005 1 1 0 2 0
TARGET 27006 1 1 0 2 0
TARGET 27007 1 1 0 2 0
TARGET 27008 1 1 0 2 0
TARGET 27009 1 1 0 2 0
TARGET 27010 1 1 0 2 0
TARGET 27011 1 1 0 2 0
TARGET 27012 1 1 0 2 0
TARGET 27013 1 1 0 2 0
TARGET 27014 1 1 0 2 0
TARGET 27015 1 0 0 1 0
TARGET 27016 1 1 0 2 0
TARGET 27017 1 1 0 1 0
TARGET 27018 1 1 0 2 0
TARGET 27019 1 1 0 1 0
TARGET 27020 1 1 0 1 0
TARGET 27021 1 1 0 1 0
TARGET 27022 1 0 0 1 0
TARGET 27023 1 1 0 2 0
TARGET 27024 1 1 0 1 0
TARGET 27025 1 0 0 1 0
TARGET 27026 1 0 0 1 0
TARGET 27027 1 1 0 1 0
TARGET 27028 1 1 0 2 0
TARGET 27029 1 1 0 3 0
TARGET 27030 1 1 0 2 0
TARGET 27031 1 1 0 3 0
TARGET 27032 1 1 0 2 0
TARGET 27033 1 1 0 2 0
TARGET 27034 1 1 0 2 0
TARGET 27035 1 1 0 2 0
TARGET 27036 1 1 0 3 0
TARGET 27037 1 1 0 2 0
TARGET 27038 1 1 0 2 0
TARGET 27039 1 1 0 2 0
TARGET 27040 1 1 0 2 0
TARGET 27041 1 0 0 1 0
TARGET 27042 1 1 0 2 0
TARGET 27043 1 1 0 1 0
TARGET 27044 1 1 0 2 0
TARGET 27045 1 1 0 1 0
TARGET 27046 1 1 0 1 0
TARGET 27047 1 1 0 1 0
TARGET 27048 1 0 0 1 0
TARGET 27049 1 1 0 2 0
TARGET 27050 1 1 0 1 0
TARGET 27051 1 0 0 1 0
TARGET 27052 1 0 0 1 0
TARGET 27053 1 1 0 1 0
TARGET 27054 1 0 0 1 0
TARGET 27055 1 0 0 1 0
TARGET 27056 1 1 0 2 0
TARGET 27057 1 0 0 1 0
TARGET 27058 1 0 0 1 0
TARGET 27059 1 0 0 1 0
TARGET 27060 1 0 0 1 0
TARGET 27061 1 0 0 1 0
TARGET 27062 1 0 0 2 0
TARGET 27063 1 1 0 2 0
TARGET 27064 1 1 0 2 0
TARGET 27065 1 1 0 3 0
TARGET 27066 1 1 0 2 0
TARGET 27067 1 1 0 2 0
TARGET 27068 1 1 0 2 0
TARGET 27069 1 1 0 2 0
TARGET 27070 1 1 0 2 0
TARGET 27071 1 1 0 3 0
TARGET 27072 1 1 0 1 0
TARGET 27073 1 0 0 1 0
TARGET 27074 1 1 0 2 0
TARGET 27075 1 1 0 1 0
TARGET 27076 1 1 0 1 0
TARGET 27077 1 0 0 1 0
TARGET 27078 1 0 0 1 0
TARGET 27079 1 1 0 1 0
TARGET 27080 1 0 0 2 0
TARGET 27081 1 1 0 2 0
TARGET 27082 1 1 0 2 0
TARGET 27083 1 1 0 3 0
TARGET 27084 1 1 0 2 0
TARGET 27085 1 1 0 2 0
TARGET 27086 1 1 0 2 0
TARGET 27087 1 1 0 2 0
TARGET 27088 1 1 0 2 0
TARGET 27089 1 1 0 3 0
TARGET 27090 1 1 0 1 0
TARGET 27091 1 0 0 1 0
TARGET 27092 1 1 0 2 0
TARGET 27093 1 1 0 1 0
TARGET 27094 1 1 0 1 0
TARGET 27095 1 0 0 1 0
TARGET 27096 1 0 0 1 0
TARGET 27097 1 1 0 1 0
TARGET 27098 1 0 0 2 0
TARGET 27099 1 1 0 1 0
TARGET 27100 1 0 0 1 0
TARGET 27101 1 1 0 2 0
TARGET 27102 1 1 0 1 0
TARGET 27103 1 1 0 1 0
TARGET 27104 1 1 0 1 0
TARGET 27105 1 0 0 1 0
TARGET 27106 1 1 0 2 0
TARGET 27107 1 1 0 1 0
TARGET 27108 1 0 0 1 0
TARGET 27109 1 0 0 1 0
TARGET 27110 1 0 0 1 0
TARGET 27111 1 0 0 1 0
TARGET 27112 1 1 0 1 0
TARGET 27113 1 1 0 1 0
TARGET 27114 1 0 0 2 0
TARGET 27115 1 0 0 1 0
TARGET 27116 1 0 0 1 0
TARGET 27117 1 1 0 2 0
TARGET 27118 1 0 0 1 0
TARGET 27119 1 0 0 1 0
TARGET 27120 1 0 0 1 0
TARGET 27121 1 0 0 1 0
TARGET 27122 1 1 0 2 0
TARGET 27123 1 1 0 2 0
TARGET 27124 1 1 0 3 0
TARGET 27125 1 1 0 2 0
TARGET 27126 1 1 0 2 0
TARGET 27127 1 1 0 2 0
TARGET 27128 1 1 0 2 0
TARGET 27129 1 1 0 1 0
TARGET 27130 1 0 0 1 0
TARGET 27131 1 1 0 2 0
TARGET 27132 1 1 0 1 0
TARGET 27133 1 0 0 1 0
TARGET 27134 1 0 0 1 0
TARGET 27135 1 1 0 1 0
TARGET 27136 1 1 0 1 0
TARGET 27137 1 0 0 1 0
TARGET 27138 1 1 0 2 0
TARGET 27139 1 1 0 1 0
TARGET 27140 1 0 0 1 0
TARGET 27141 1 0 0 1 0
TARGET 27142 1 0 0 1 0
TARGET 27143 1 0 0 1 0
TARGET 27144 1 1 0 1 0
TARGET 27145 1 1 0 1 0
TARGET 27146 1 0 0 2 0
TARGET 27147 1 0 0 1 0
TARGET 27148 1 0 0 1 0
TARGET 27149 1 0 0 1 0
TARGET 27150 1 0 0 2 0
TARGET 27151 1 1 0 2 0
TARGET 27152 1 1 0 2 0
TARGET 27153 1 1 0 2 0
TARGET 27154 1 1 0 3 0
TARGET 27155 1 0 0 1 0
TARGET 27156 1 0 0 1 0
TARGET 27157 1 1 0 1 0
TARGET 27158 1 0 0 2 0
TARGET 27159 1 0 0 1 0
TARGET 27160 1 0 0 1 0
TARGET 27161 1 0 0 1 0
TARGET 27162 1 0 0 1 0
TARGET 27163 1 0 0 1 0
TARGET 27164 1 0 0 2 0
TARGET 27165 1 0 0 1 0
TARGET 27166 1 0 0 1 0
TARGET 27167 1 0 0 1 0
TARGET 27168 1 0 0 2 0
TARGET 27169 1 1 0 1 0
TARGET 27170 1 0 0 2 0
TARGET 27171 1 0 0 0 0
TARGET 27172 1 1 0 1 0
TARGET 27173 1 0 0 0 0
TARGET 27174 1 1 0 1 0
TARGET 27175 1 0 0 0 0
TARGET 27176 1 0 0 0 0
TARGET 27177 1 0 0 0 0
TARGET 27178 1 0 0 0 0
TARGET 27179 1 1 0 1 0
TARGET 27180 1 0 0 0 0
TARGET 27181 1 0 0 0 0
TARGET 27182 1 0 0 0 0
TARGET 27183 1 0 0 0 0
TARGET 27184 1 2 0 3 0
TARGET 27185 1 1 0 4 0
TARGET 27186 1 1 0 3 0
TARGET 27187 1 3 0 4 0
TARGET 27188 1 2 0 3 0
TARGET 27189 1 1 0 3 0
TARGET 27190 1 2 0 3 0
TARGET 27191 1 2 0 3 0
TARGET 27192 1 1 0 4 0
TARGET 27193 1 1 0 3 0
TARGET 27194 1 2 0 3 0
TARGET 27195 1 2 0 3 0
TARGET 27196 1 1 0 3 0
TARGET 27197 1 1 0 2 0
TARGET 27198 1 1 0 3 0
TARGET 27199 1 1 0 2 0
TARGET 27200 1 2 0 3 0
TARGET 27201 1 1 0 2 0
TARGET 27202 1 1 0 2 0
TARGET 27203 1 1 0 2 0
TARGET 27204 1 1 0 2 0
TARGET 27205 1 1 0 3 0
TARGET 27206 1 1 0 2 0
TARGET 27207 1 1 0 2 0
TARGET 27208 1 1 0 2 0
TARGET 27209 1 1 0 2 0
TARGET 27210 1 1 0 2 0
TARGET 27211 1 1 0 2 0
TARGET 27212 1 1 0 3 0
TARGET 27213 1 1 0 2 0
TARGET 27214 1 1 0 2 0
TARGET 27215 1 1 0 2 0
TARGET 27216 1 1 0 2 0
TARGET 27217 1 1 0 2 0
TARGET 27218 1 1 0 3 0
TARGET 27219 1 1 0 3 0
TARGET 27220 1 1 0 4 0
TARGET 27221 1 1 0 3 0
TARGET 27222 1 1 0 3 0
TARGET 27223 1 1 0 3 0
TARGET 27224 1 1 0 3 0
TARGET 27225 1 1 0 3 0
TARGET 27226 1 1 0 2 0
TARGET 27227 1 1 0 2 0
TARGET 27228 1 1 0 3 0
TARGET 27229 1 1 0 2 0
TARGET 27230 1 1 0 2 0
TARGET 27231 1 1 0 2 0
TARGET 27232 1 1 0 2 0
TARGET 27233 1 1 0 2 0
TARGET 27234 1 1 0 3 0
TARGET 27235 1 2 0 3 0
TARGET 27236 1 1 0 4 0
TARGET 27237 1 1 0 3 0
TARGET 27238 1 2 0 3 0
TARGET 27239 1 2 0 3 0
TARGET 27240 1 2 0 3 0
TARGET 27241 1 1 0 3 0
TARGET 27242 1 1 0 2 0
TARGET 27243 1 1 0 2 0
TARGET 27244 1 1 0 3 0
TARGET 27245 1 1 0 2 0
TARGET 27246 1 1 0 2 0
TARGET 27247 1 1 0 2 0
TARGET 27248 1 1 0 2 0
TARGET 27249 1 1 0 2 0
TARGET 27250 1 1 0 2 0
TARGET 27251 1 1 0 2 0
TARGET 27252 1 1 0 3 0
TARGET 27253 1 1 0 2 0
TARGET 27254 1 1 0 2 0
TARGET 27255 1 1 0 2 0
TARGET 27256 1 1 0 2 0
TARGET 27257 1 1 0 3 0
TARGET 27258 1 1 0 2 0
TARGET 27259 1 1 0 2 0
TARGET 27260 1 1 0 2 0
TARGET 27261 1 1 0 2 0
TARGET 27262 1 1 0 2 0
TARGET 27263 1 1 0 2 0
TARGET 27264 1 1 0 2 0
TARGET 27265 1 1 0 2 0
TARGET 27266 1 1 0 2 0
TARGET 27267 1 1 0 3 0
TARGET 27268 1 1 0 2 0
TARGET 27269 1 1 0 2 0
TARGET 27270 1 1 0 2 0
TARGET 27271 1 1 0 2 0
TARGET 27272 1 1 0 3 0
TARGET 27273 1 1 0 3 0
TARGET 27274 1 1 0 4 0
TARGET 27275 1 1 0 3 0
TARGET 27276 1 1 0 3 0
TARGET 27277 1 1 0 3 0
TARGET 27278 1 1 0 3 0
TARGET 27279 1 1 0 2 0
TARGET 27280 1 1 0 2 0
TARGET 27281 1 1 0 3 0
TARGET 27282 1 1 0 2 0
TARGET 27283 1 1 0 2 0
TARGET 27284 1 1 0 2 0
TARGET 27285 1 1 0 2 0
TARGET 27286 1 1 0 2 0
TARGET 27287 1 1 0 2 0
TARGET 27288 1 1 0 3 0
TARGET 27289 1 1 0 2 0
TARGET 27290 1 1 0 2 0
TARGET 27291 1 1 0 2 0
TARGET 27292 1 1 0 2 0
TARGET 27293 1 1 0 2 0
TARGET 27294 1 1 0 2 0
TARGET 27295 1 1 0 2 0
TARGET 27296 1 1 0 2 0
TARGET 27297 1 1 0 2 0
TARGET 27298 1 1 0 2 0
TARGET 27299 1 1 0 3 0
TARGET 27300 1 1 0 3 0
TARGET 27301 1 1 0 3 0
TARGET 27302 1 1 0 2 0
TARGET 27303 1 1 0 2 0
TARGET 27304 1 1 0 2 0
TARGET 27305 1 1 0 2 0
TARGET 27306 1 1 0 2 0
TARGET 27307 1 1 0 2 0
TARGET 27308 1 1 0 2 0
TARGET 27309 1 1 0 2 0
TARGET 27310 1 1 0 2 0
TARGET 27311 1 1 0 2 0
TARGET 27312 1 1 0 2 0
TARGET 27313 1 1 0 2 0
TARGET 27314 1 0 0 1 0
TARGET 27315 1 1 0 2 0
TARGET 27316 1 1 0 1 0
TARGET 27317 1 1 0 2 0
TARGET 27318 1 1 0 1 0
TARGET 27319 1 1 0 1 0
TARGET 27320 1 1 0 1 0
TARGET 27321 1 0 0 1 0
TARGET 27322 1 1 0 2 0
TARGET 27323 1 1 0 1 0
TARGET 27324 1 0 0 1 0
TARGET 27325 1 0 0 1 0
TARGET 27326 1 1 0 1 0
TARGET 27327 1 0 0 1 0
TARGET 27328 1 0 0 1 0
TARGET 27329 1 1 0 2 0
TARGET 27330 1 0 0 1 0
TARGET 27331 1 0 0 1 0
TARGET 27332 1 0 0 1 0
TARGET 27333 1 0 0 1 0
TARGET 27334 1 0 0 1 0
TARGET 27335 1 0 0 2 0
TARGET 27336 1 1 0 2 0
TARGET 27337 1 1 0 2 0
TARGET 27338 1 1 0 3 0
TARGET 27339 1 1 0 2 0
TARGET 27340 1 1 0 2 0
TARGET 27341 1 1 0 2 0
TARGET 27342 1 1 0 2 0
TARGET 27343 1 1 0 2 0
TARGET 27344 1 1 0 3 0
TARGET 27345 1 1 0 1 0
TARGET 27346 1 0 0 1 0
TARGET 27347 1 1 0 2 0
TARGET 27348 1 1 0 1 0
TARGET 27349 1 1 0 1 0
TARGET 27350 1 0 0 1 0
TARGET 27351 1 0 0 1 0
TARGET 27352 1 1 0 1 0
TARGET 27353 1 0 0 2 0
TARGET 27354 1 1 0 2 0
TARGET 27355 1 1 0 2 0
TARGET 27356 1 1 0 3 0
TARGET 27357 1 1 0 2 0
TARGET 27358 1 1 0 2 0
TARGET 27359 1 1 0 2 0
TARGET 27360 1 1 0 2 0
TARGET 27361 1 1 0 2 0
TARGET 27362 1 1 0 3 0
TARGET 27363 1 1 0 1 0
TARGET 27364 1 0 0 1 0
TARGET 27365 1 1 0 2 0
TARGET 27366 1 1 0 1 0
TARGET 27367 1 1 0 1 0
TARGET 27368 1 0 0 1 0
TARGET 27369 1 0 0 1 0
TARGET 27370 1 1 0 1 0
TARGET 27371 1 0 0 2 0
TARGET 27372 1 1 0 1 0
TARGET 27373 1 0 0 1 0
TARGET 27374 1 1 0 2 0
TARGET 27375 1 1 0 1 0
TARGET 27376 1 1 0 1 0
TARGET 27377 1 1 0 1 0
TARGET 27378 1 0 0 1 0
TARGET 27379 1 1 0 2 0
TARGET 27380 1 1 0 1 0
TARGET 27381 1 0 0 1 0
TARGET 27382 1 0 0 1 0
TARGET 27383 1 0 0 1 0
TARGET 27384 1 0 0 1 0
TARGET 27385 1 1 0 1 0
TARGET 27386 1 1 0 1 0
TARGET 27387 1 0 0 2 0
TARGET 27388 1 0 0 1 0
TARGET 27389 1 0 0 1 0
TARGET 27390 1 1 0 2 0
TARGET 27391 1 0 0 1 0
TARGET 27392 1 0 0 1 0
TARGET 27393 1 0 0 1 0
TARGET 27394 1 0 0 1 0
TARGET 27395 1 1 0 2 0
TARGET 27396 1 1 0 2 0
TARGET 27397 1 1 0 3 0
TARGET 27398 1 1 0 2 0
TARGET 27399 1 1 0 2 0
TARGET 27400 1 1 0 2 0
TARGET 27401 1 1 0 2 0
TARGET 27402 1 1 0 1 0
TARGET 27403 1 0 0 1 0
TARGET 27404 1 1 0 2 0
TARGET 27405 1 1 0 1 0
TARGET 27406 1 0 0 1 0
TARGET 27407 1 0 0 1 0
TARGET 27408 1 1 0 1 0
TARGET 27409 1 1 0 1 0
TARGET 27410 1 0 0 1 0
TARGET 27411 1 1 0 2 0
TARGET 27412 1 1 0 1 0
TARGET 27413 1 0 0 1 0
TARGET 27414 1 0 0 1 0
TARGET 27415 1 0 0 1 0
TARGET 27416 1 0 0 1 0
TARGET 27417 1 1 0 1 0
TARGET 27418 1 1 0 1 0
TARGET 27419 1 0 0 2 0
TARGET 27420 1 0 0 1 0
TARGET 27421 1 0 0 1 0
TARGET 27422 1 0 0 1 0
TARGET 27423 1 0 0 2 0
TARGET 27424 1 1 0 2 0
TARGET 27425 1 1 0 2 0
TARGET 27426 1 1 0 2 0
TARGET 27427 1 1 0 3 0
TARGET 27428 1 0 0 1 0
TARGET 27429 1 0 0 1 0
TARGET 27430 1 1 0 1 0
TARGET 27431 1 0 0 2 0
TARGET 27432 1 0 0 1 0
TARGET 27433 1 0 0 1 0
TARGET 27434 1 0 0 1 0
TARGET 27435 1 0 0 1 0
TARGET 27436 1 0 0 1 0
TARGET 27437 1 0 0 2 0
TARGET 27438 1 0 0 1 0
TARGET 27439 1 0 0 1 0
TARGET 27440 1 0 0 1 0
TARGET 27441 1 0 0 2 0
TARGET 27442 1 1 0 1 0
TARGET 27443 1 0 0 2 0
TARGET 27444 1 0 0 0 0
TARGET 27445 1 1 0 1 0
TARGET 27446 1 0 0 0 0
TARGET 27447 1 1 0 1 0
TARGET 27448 1 0 0 0 0
TARGET 27449 1 0 0 0 0
TARGET 27450 1 0 0 0 0
TARGET 27451 1 0 0 0 0
TARGET 27452 1 1 0 1 0
TARGET 27453 1 0 0 0 0
TARGET 27454 1 0 0 0 0
TARGET 27455 1 0 0 0 0
TARGET 27456 1 0 0 0 0
TARGET 27457 1 0 0 1 0
TARGET 27458 1 0 0 1 0
TARGET 27459 1 1 0 2 0
TARGET 27460 1 0 0 1 0
TARGET 27461 1 0 0 1 0
TARGET 27462 1 0 0 1 0
TARGET 27463 1 0 0 1 0
TARGET 27464 1 0 0 1 0
TARGET 27465 1 0 0 0 0
TARGET 27466 1 0 0 1 0
TARGET 27467 1 1 0 2 0
TARGET 27468 1 0 0 1 0
TARGET 27469 1 0 0 1 0
TARGET 27470 1 0 0 1 0
TARGET 27471 1 0 0 1 0
TARGET 27472 1 0 0 1 0
TARGET 27473 1 0 0 0 0
TARGET 27474 1 2 0 3 0
TARGET 27475 1 1 0 2 0
TARGET 27476 1 1 0 2 0
TARGET 27477 1 1 0 2 0
TARGET 27478 1 1 0 2 0
TARGET 27479 1 1 0 2 0
TARGET 27480 1 0 0 1 0
TARGET 27481 1 0 0 1 0
TARGET 27482 1 0 0 1 0
TARGET 27483 1 0 0 1 0
TARGET 27484 1 0 0 1 0
TARGET 27485 1 0 0 2 0
TARGET 27486 1 0 0 0 0
TARGET 27487 1 0 0 1 0
TARGET 27488 1 0 0 1 0
TARGET 27489 1 0 0 1 0
TARGET 27490 1 0 0 1 0
TARGET 27491 1 0 0 0 0
TARGET 27492 1 0 0 1 0
TARGET 27493 1 0 0 1 0
TARGET 27494 1 0 0 1 0
TARGET 27495 1 0 0 0 0
TARGET 27496 1 0 0 1 0
TARGET 27497 1 0 0 1 0
TARGET 27498 1 0 0 0 0
TARGET 27499 1 0 0 1 0
TARGET 27500 1 0 0 0 0
TARGET 27501 1 1 0 2 0
TARGET 27502 1 1 0 2 0
TARGET 27503 1 1 0 3 0
TARGET 27504 1 1 0 2 0
TARGET 27505 1 1 0 2 0
TARGET 27506 1 1 0 2 0
TARGET 27507 1 1 0 2 0
TARGET 27508 1 1 0 2 0
TARGET 27509 1 1 0 1 0
TARGET 27510 1 1 0 2 0
TARGET 27511 1 1 0 3 0
TARGET 27512 1 1 0 2 0
TARGET 27513 1 1 0 2 0
TARGET 27514 1 1 0 2 0
TARGET 27515 1 1 0 2 0
TARGET 27516 1 1 0 2 0
TARGET 27517 1 1 0 1 0
TARGET 27518 1 1 0 4 0
TARGET 27519 1 1 0 3 0
TARGET 27520 1 1 0 3 0
TARGET 27521 1 1 0 3 0
TARGET 27522 1 1 0 3 0
TARGET 27523 1 1 0 3 0
TARGET 27524 1 1 0 2 0
TARGET 27525 1 1 0 2 0
TARGET 27526 1 1 0 2 0
TARGET 27527 1 1 0 2 0
TARGET 27528 1 1 0 2 0
TARGET 27529 1 1 0 3 0
TARGET 27530 1 1 0 1 0
TARGET 27531 1 1 0 2 0
TARGET 27532 1 1 0 2 0
TARGET 27533 1 1 0 2 0
TARGET 27534 1 1 0 2 0
TARGET 27535 1 1 0 1 0
TARGET 27536 1 1 0 2 0
TARGET 27537 1 1 0 2 0
TARGET 27538 1 1 0 2 0
TARGET 27539 1 1 0 1 0
TARGET 27540 1 1 0 2 0
TARGET 27541 1 1 0 2 0
TARGET 27542 1 1 0 1 0
TARGET 27543 1 1 0 2 0
TARGET 27544 1 1 0 1 0
TARGET 27545 1 1 0 1 0
TARGET 27546 1 0 0 1 0
TARGET 27547 1 1 0 2 0
TARGET 27548 1 1 0 1 0
TARGET 27549 1 1 0 1 0
TARGET 27550 1 0 0 1 0
TARGET 27551 1 0 0 1 0
TARGET 27552 1 1 0 1 0
TARGET 27553 1 0 0 0 0
TARGET 27554 1 0 0 1 0
TARGET 27555 1 1 0 2 0
TARGET 27556 1 0 0 1 0
TARGET 27557 1 0 0 1 0
TARGET 27558 1 0 0 1 0
TARGET 27559 1 0 0 1 0
TARGET 27560 1 0 0 1 0
TARGET 27561 1 0 0 0 0
TARGET 27562 1 1 0 3 0
TARGET 27563 1 1 0 2 0
TARGET 27564 1 1 0 2 0
TARGET 27565 1 1 0 2 0
TARGET 27566 1 1 0 2 0
TARGET 27567 1 1 0 2 0
TARGET 27568 1 1 0 1 0
TARGET 27569 1 1 0 1 0
TARGET 27570 1 0 0 1 0
TARGET 27571 1 0 0 1 0
TARGET 27572 1 1 0 1 0
TARGET 27573 1 0 0 2 0
TARGET 27574 1 0 0 0 0
TARGET 27575 1 1 0 1 0
TARGET 27576 1 0 0 1 0
TARGET 27577 1 0 0 1 0
TARGET 27578 1 1 0 1 0
TARGET 27579 1 0 0 0 0
TARGET 27580 1 0 0 1 0
TARGET 27581 1 0 0 1 0
TARGET 27582 1 0 0 1 0
TARGET 27583 1 0 0 0 0
TARGET 27584 1 0 0 1 0
TARGET 27585 1 0 0 1 0
TARGET 27586 1 0 0 0 0
TARGET 27587 1 1 0 1 0
TARGET 27588 1 0 0 0 0
TARGET 27589 1 1 0 2 0
TARGET 27590 1 1 0 2 0
TARGET 27591 1 1 0 3 0
TARGET 27592 1 1 0 2 0
TARGET 27593 1 1 0 2 0
TARGET 27594 1 1 0 2 0
TARGET 27595 1 1 0 2 0
TARGET 27596 1 1 0 2 0
TARGET 27597 1 1 0 1 0
TARGET 27598 1 1 0 2 0
TARGET 27599 1 1 0 3 0
TARGET 27600 1 1 0 2 0
TARGET 27601 1 1 0 2 0
TARGET 27602 1 1 0 2 0
TARGET 27603 1 1 0 2 0
TARGET 27604 1 1 0 2 0
TARGET 27605 1 1 0 1 0
TARGET 27606 1 1 0 4 0
TARGET 27607 1 1 0 3 0
TARGET 27608 1 1 0 3 0
TARGET 27609 1 1 0 3 0
TARGET 27610 1 1 0 3 0
TARGET 27611 1 1 0 3 0
TARGET 27612 1 1 0 2 0
TARGET 27613 1 1 0 2 0
TARGET 27614 1 1 0 2 0
TARGET 27615 1 1 0 2 0
TARGET 27616 1 1 0 2 0
TARGET 27617 1 1 0 3 0
TARGET 27618 1 1 0 1 0
TARGET 27619 1 1 0 2 0
TARGET 27620 1 1 0 2 0
TARGET 27621 1 1 0 2 0
TARGET 27622 1 1 0 2 0
TARGET 27623 1 1 0 1 0
TARGET 27624 1 1 0 2 0
TARGET 27625 1 1 0 2 0
TARGET 27626 1 1 0 2 0
TARGET 27627 1 1 0 1 0
TARGET 27628 1 1 0 2 0
TARGET 27629 1 1 0 2 0
TARGET 27630 1 1 0 1 0
TARGET 27631 1 1 0 2 0
TARGET 27632 1 1 0 1 0
TARGET 27633 1 1 0 1 0
TARGET 27634 1 0 0 1 0
TARGET 27635 1 1 0 2 0
TARGET 27636 1 1 0 1 0
TARGET 27637 1 1 0 1 0
TARGET 27638 1 0 0 1 0
TARGET 27639 1 0 0 1 0
TARGET 27640 1 1 0 1 0
TARGET 27641 1 0 0 0 0
TARGET 27642 1 0 0 1 0
TARGET 27643 1 1 0 2 0
TARGET 27644 1 0 0 1 0
TARGET 27645 1 0 0 1 0
TARGET 27646 1 0 0 1 0
TARGET 27647 1 0 0 1 0
TARGET 27648 1 0 0 1 0
TARGET 27649 1 0 0 0 0
TARGET 27650 1 1 0 3 0
TARGET 27651 1 1 0 2 0
TARGET 27652 1 1 0 2 0
TARGET 27653 1 1 0 2 0
TARGET 27654 1 1 0 2 0
TARGET 27655 1 1 0 2 0
TARGET 27656 1 1 0 1 0
TARGET 27657 1 1 0 1 0
TARGET 27658 1 0 0 1 0
TARGET 27659 1 0 0 1 0
TARGET 27660 1 1 0 1 0
TARGET 27661 1 0 0 2 0
TARGET 27662 1 0 0 0 0
TARGET 27663 1 1 0 1 0
TARGET 27664 1 0 0 1 0
TARGET 27665 1 0 0 1 0
TARGET 27666 1 1 0 1 0
TARGET 27667 1 0 0 0 0
TARGET 27668 1 0 0 1 0
TARGET 27669 1 0 0 1 0
TARGET 27670 1 0 0 1 0
TARGET 27671 1 0 0 0 0
TARGET 27672 1 0 0 1 0
TARGET 27673 1 0 0 1 0
TARGET 27674 1 0 0 0 0
TARGET 27675 1 1 0 1 0
TARGET 27676 1 0 0 0 0
TARGET 27677 1 1 0 1 0
TARGET 27678 1 0 0 1 0
TARGET 27679 1 1 0 2 0
TARGET 27680 1 1 0 1 0
TARGET 27681 1 1 0 1 0
TARGET 27682 1 1 0 1 0
TARGET 27683 1 0 0 1 0
TARGET 27684 1 1 0 2 0
TARGET 27685 1 1 0 1 0
TARGET 27686 1 0 0 1 0
TARGET 27687 1 0 0 1 0
TARGET 27688 1 0 0 1 0
TARGET 27689 1 0 0 1 0
TARGET 27690 1 1 0 1 0
TARGET 27691 1 1 0 1 0
TARGET 27692 1 0 0 0 0
TARGET 27693 1 0 0 1 0
TARGET 27694 1 1 0 2 0
TARGET 27695 1 0 0 1 0
TARGET 27696 1 0 0 1 0
TARGET 27697 1 0 0 1 0
TARGET 27698 1 0 0 1 0
TARGET 27699 1 1 0 2 0
TARGET 27700 1 0 0 1 0
TARGET 27701 1 0 0 1 0
TARGET 27702 1 0 0 1 0
TARGET 27703 1 0 0 1 0
TARGET 27704 1 0 0 1 0
TARGET 27705 1 0 0 1 0
TARGET 27706 1 0 0 1 0
TARGET 27707 1 0 0 0 0
TARGET 27708 1 1 0 3 0
TARGET 27709 1 1 0 2 0
TARGET 27710 1 1 0 2 0
TARGET 27711 1 1 0 2 0
TARGET 27712 1 1 0 2 0
TARGET 27713 1 1 0 3 0
TARGET 27714 1 1 0 2 0
TARGET 27715 1 1 0 2 0
TARGET 27716 1 1 0 2 0
TARGET 27717 1 1 0 2 0
TARGET 27718 1 1 0 2 0
TARGET 27719 1 1 0 2 0
TARGET 27720 1 1 0 2 0
TARGET 27721 1 1 0 1 0
TARGET 27722 1 1 0 1 0
TARGET 27723 1 1 0 1 0
TARGET 27724 1 0 0 1 0
TARGET 27725 1 1 0 2 0
TARGET 27726 1 1 0 1 0
TARGET 27727 1 0 0 1 0
TARGET 27728 1 0 0 1 0
TARGET 27729 1 0 0 1 0
TARGET 27730 1 0 0 1 0
TARGET 27731 1 1 0 1 0
TARGET 27732 1 1 0 1 0
TARGET 27733 1 0 0 2 0
TARGET 27734 1 0 0 0 0
TARGET 27735 1 1 0 1 0
TARGET 27736 1 1 0 1 0
TARGET 27737 1 0 0 1 0
TARGET 27738 1 1 0 2 0
TARGET 27739 1 1 0 1 0
TARGET 27740 1 0 0 1 0
TARGET 27741 1 0 0 1 0
TARGET 27742 1 0 0 1 0
TARGET 27743 1 0 0 1 0
TARGET 27744 1 0 0 1 0
TARGET 27745 1 0 0 1 0
TARGET 27746 1 1 0 1 0
TARGET 27747 1 1 0 1 0
TARGET 27748 1 1 0 1 0
TARGET 27749 1 0 0 0 0
TARGET 27750 1 0 0 1 0
TARGET 27751 1 0 0 1 0
TARGET 27752 1 0 0 1 0
TARGET 27753 1 1 0 2 0
TARGET 27754 1 1 0 2 0
TARGET 27755 1 1 0 2 0
TARGET 27756 1 0 0 1 0
TARGET 27757 1 0 0 1 0
TARGET 27758 1 1 0 1 0
TARGET 27759 1 0 0 1 0
TARGET 27760 1 0 0 1 0
TARGET 27761 1 0 0 1 0
TARGET 27762 1 0 0 1 0
TARGET 27763 1 0 0 1 0
TARGET 27764 1 0 0 1 0
TARGET 27765 1 0 0 0 0
TARGET 27766 1 0 0 1 0
TARGET 27767 1 0 0 1 0
TARGET 27768 1 0 0 1 0
TARGET 27769 1 0 0 1 0
TARGET 27770 1 0 0 1 0
TARGET 27771 1 0 0 1 0
TARGET 27772 1 0 0 0 0
TARGET 27773 1 0 0 1 0
TARGET 27774 1 1 0 1 0
TARGET 27775 1 1 0 1 0
TARGET 27776 1 0 0 0 0
TARGET 27777 1 0 0 0 0
TARGET 27778 1 0 0 0 0
TARGET 27779 1 1 0 1 0
TARGET 27780 1 0 0 0 0
TARGET 27781 1 0 0 0 0
TARGET 27782 1 0 0 0 0
TARGET 27783 1 0 0 0 0
TARGET 27784 1 0 0 1 0
TARGET 27785 1 0 0 1 0
TARGET 27786 1 1 0 2 0
TARGET 27787 1 0 0 1 0
TARGET 27788 1 0 0 1 0
TARGET 27789 1 0 0 1 0
TARGET 27790 1 0 0 1 0
TARGET 27791 1 1 0 2 0
TARGET 27792 1 1 0 2 0
TARGET 27793 1 2 0 3 0
TARGET 27794 1 1 0 2 0
TARGET 27795 1 1 0 2 0
TARGET 27796 1 1 0 2 0
TARGET 27797 1 1 0 2 0
TARGET 27798 1 0 0 1 0
TARGET 27799 1 0 0 1 0
TARGET 27800 1 1 0 2 0
TARGET 27801 1 0 0 1 0
TARGET 27802 1 0 0 1 0
TARGET 27803 1 0 0 1 0
TARGET 27804 1 0 0 1 0
TARGET 27805 1 0 0 1 0
TARGET 27806 1 0 0 1 0
TARGET 27807 1 1 0 2 0
TARGET 27808 1 0 0 1 0
TARGET 27809 1 0 0 1 0
TARGET 27810 1 0 0 1 0
TARGET 27811 1 0 0 1 0
TARGET 27812 1 0 0 1 0
TARGET 27813 1 0 0 1 0
TARGET 27814 1 0 0 1 0
TARGET 27815 1 0 0 1 0
TARGET 27816 1 0 0 1 0
TARGET 27817 1 0 0 1 0
TARGET 27818 1 1 0 2 0
TARGET 27819 1 1 0 2 0
TARGET 27820 1 1 0 2 0
TARGET 27821 1 0 0 1 0
TARGET 27822 1 0 0 1 0
TARGET 27823 1 0 0 1 0
TARGET 27824 1 0 0 1 0
TARGET 27825 1 0 0 1 0
TARGET 27826 1 0 0 1 0
TARGET 27827 1 0 0 1 0
TARGET 27828 1 0 0 1 0
TARGET 27829 1 0 0 1 0
TARGET 27830 1 0 0 1 0
TARGET 27831 1 0 0 1 0
TARGET 27832 1 0 0 1 0
TARGET 27833 1 0 0 0 0
TARGET 27834 1 0 0 0 0
TARGET 27835 1 1 0 1 0
TARGET 27836 1 0 0 0 0
TARGET 27837 1 0 0 0 0
TARGET 27838 1 0 0 0 0
TARGET 27839 1 0 0 0 0
TARGET 27840 1 1 0 3 0
TARGET 27841 1 2 0 3 0
TARGET 27842 1 3 0 4 0
TARGET 27843 1 2 0 3 0
TARGET 27844 1 2 0 3 0
TARGET 27845 1 2 0 3 0
TARGET 27846 1 2 0 3 0
TARGET 27847 1 1 0 2 0
TARGET 27848 1 1 0 2 0
TARGET 27849 1 2 0 3 0
TARGET 27850 1 1 0 2 0
TARGET 27851 1 1 0 2 0
TARGET 27852 1 1 0 2 0
TARGET 27853 1 1 0 2 0
TARGET 27854 1 1 0 2 0
TARGET 27855 1 1 0 2 0
TARGET 27856 1 1 0 3 0
TARGET 27857 1 1 0 2 0
TARGET 27858 1 1 0 2 0
TARGET 27859 1 1 0 2 0
TARGET 27860 1 1 0 2 0
TARGET 27861 1 1 0 2 0
TARGET 27862 1 1 0 2 0
TARGET 27863 1 1 0 2 0
TARGET 27864 1 1 0 2 0
TARGET 27865 1 1 0 2 0
TARGET 27866 1 1 0 2 0
TARGET 27867 1 2 0 3 0
TARGET 27868 1 2 0 3 0
TARGET 27869 1 2 0 3 0
TARGET 27870 1 1 0 2 0
TARGET 27871 1 1 0 2 0
TARGET 27872 1 1 0 2 0
TARGET 27873 1 1 0 2 0
TARGET 27874 1 1 0 2 0
TARGET 27875 1 1 0 2 0
TARGET 27876 1 1 0 2 0
TARGET 27877 1 1 0 2 0
TARGET 27878 1 1 0 2 0
TARGET 27879 1 1 0 2 0
TARGET 27880 1 1 0 2 0
TARGET 27881 1 1 0 2 0
TARGET 27882 1 1 0 1 0
TARGET 27883 1 0 0 1 0
TARGET 27884 1 1 0 2 0
TARGET 27885 1 1 0 1 0
TARGET 27886 1 0 0 1 0
TARGET 27887 1 0 0 1 0
TARGET 27888 1 1 0 1 0
TARGET 27889 1 1 0 1 0
TARGET 27890 1 0 0 1 0
TARGET 27891 1 1 0 2 0
TARGET 27892 1 1 0 1 0
TARGET 27893 1 0 0 1 0
TARGET 27894 1 0 0 1 0
TARGET 27895 1 0 0 1 0
TARGET 27896 1 0 0 1 0
TARGET 27897 1 1 0 1 0
TARGET 27898 1 1 0 1 0
TARGET 27899 1 0 0 2 0
TARGET 27900 1 0 0 1 0
TARGET 27901 1 0 0 1 0
TARGET 27902 1 0 0 1 0
TARGET 27903 1 0 0 2 0
TARGET 27904 1 1 0 2 0
TARGET 27905 1 1 0 2 0
TARGET 27906 1 1 0 2 0
TARGET 27907 1 1 0 3 0
TARGET 27908 1 0 0 1 0
TARGET 27909 1 0 0 1 0
TARGET 27910 1 1 0 1 0
TARGET 27911 1 0 0 2 0
TARGET 27912 1 0 0 1 0
TARGET 27913 1 0 0 1 0
TARGET 27914 1 0 0 1 0
TARGET 27915 1 0 0 1 0
TARGET 27916 1 0 0 1 0
TARGET 27917 1 0 0 2 0
TARGET 27918 1 0 0 1 0
TARGET 27919 1 0 0 1 0
TARGET 27920 1 0 0 1 0
TARGET 27921 1 0 0 2 0
TARGET 27922 1 1 0 1 0
TARGET 27923 1 0 0 2 0
TARGET 27924 1 0 0 0 0
TARGET 27925 1 0 0 0 0
TARGET 27926 1 1 0 1 0
TARGET 27927 1 0 0 0 0
TARGET 27928 1 0 0 0 0
TARGET 27929 1 0 0 0 0
TARGET 27930 1 0 0 0 0
TARGET 27931 1 1 0 1 0
TARGET 27932 1 0 0 1 0
TARGET 27933 1 1 0 2 0
TARGET 27934 1 1 0 1 0
TARGET 27935 1 0 0 1 0
TARGET 27936 1 0 0 1 0
TARGET 27937 1 0 0 1 0
TARGET 27938 1 0 0 1 0
TARGET 27939 1 1 0 1 0
TARGET 27940 1 1 0 1 0
TARGET 27941 1 0 0 0 0
TARGET 27942 1 0 0 1 0
TARGET 27943 1 0 0 1 0
TARGET 27944 1 0 0 1 0
TARGET 27945 1 1 0 2 0
TARGET 27946 1 1 0 2 0
TARGET 27947 1 1 0 2 0
TARGET 27948 1 0 0 1 0
TARGET 27949 1 0 0 1 0
TARGET 27950 1 1 0 1 0
TARGET 27951 1 0 0 1 0
TARGET 27952 1 0 0 1 0
TARGET 27953 1 0 0 1 0
TARGET 27954 1 0 0 1 0
TARGET 27955 1 0 0 1 0
TARGET 27956 1 0 0 1 0
TARGET 27957 1 0 0 0 0
TARGET 27958 1 0 0 1 0
TARGET 27959 1 0 0 1 0
TARGET 27960 1 0 0 1 0
TARGET 27961 1 0 0 1 0
TARGET 27962 1 0 0 1 0
TARGET 27963 1 0 0 1 0
TARGET 27964 1 0 0 0 0
TARGET 27965 1 0 0 1 0
TARGET 27966 1 1 0 1 0
TARGET 27967 1 1 0 1 0
TARGET 27968 1 0 0 0 0
TARGET 27969 1 0 0 0 0
TARGET 27970 1 1 0 1 0
TARGET 27971 1 0 0 0 0
TARGET 27972 1 0 0 0 0
TARGET 27973 1 0 0 0 0
TARGET 27974 1 0 0 0 0
TARGET 27975 1 0 0 1 0
TARGET 27976 1 0 0 1 0
TARGET 27977 1 0 0 1 0
TARGET 27978 1 0 0 0 0
TARGET 27979 1 0 0 1 0
TARGET 27980 1 0 0 1 0
TARGET 27981 1 0 0 0 0
TARGET 27982 1 0 0 1 0
TARGET 27983 1 0 0 0 0
TARGET 27984 1 1 0 2 0
TARGET 27985 1 1 0 2 0
TARGET 27986 1 1 0 2 0
TARGET 27987 1 1 0 1 0
TARGET 27988 1 1 0 2 0
TARGET 27989 1 1 0 2 0
TARGET 27990 1 1 0 1 0
TARGET 27991 1 1 0 2 0
TARGET 27992 1 1 0 1 0
TARGET 27993 1 0 0 1 0
TARGET 27994 1 0 0 1 0
TARGET 27995 1 0 0 1 0
TARGET 27996 1 0 0 0 0
TARGET 27997 1 0 0 1 0
TARGET 27998 1 0 0 1 0
TARGET 27999 1 0 0 0 0
TARGET 28000 1 1 0 1 0
PASS_1962_MONOMIAL_INTERVAL 27001 28000 1000 0
