TARGET 25001 1 1 0 3 0
TARGET 25002 1 2 0 3 0
TARGET 25003 1 1 0 2 0
TARGET 25004 1 1 0 3 0
TARGET 25005 1 1 0 2 0
TARGET 25006 1 1 0 2 0
TARGET 25007 1 1 0 2 0
TARGET 25008 1 1 0 2 0
TARGET 25009 1 1 0 2 0
TARGET 25010 1 1 0 2 0
TARGET 25011 1 1 0 3 0
TARGET 25012 1 1 0 2 0
TARGET 25013 1 1 0 2 0
TARGET 25014 1 1 0 3 0
TARGET 25015 1 1 0 2 0
TARGET 25016 1 1 0 2 0
TARGET 25017 1 1 0 2 0
TARGET 25018 1 1 0 2 0
TARGET 25019 1 1 0 2 0
TARGET 25020 1 1 0 2 0
TARGET 25021 1 1 0 4 0
TARGET 25022 1 1 0 3 0
TARGET 25023 1 1 0 3 0
TARGET 25024 1 1 0 3 0
TARGET 25025 1 1 0 3 0
TARGET 25026 1 1 0 3 0
TARGET 25027 1 1 0 3 0
TARGET 25028 1 1 0 3 0
TARGET 25029 1 1 0 2 0
TARGET 25030 1 1 0 2 0
TARGET 25031 1 1 0 2 0
TARGET 25032 1 1 0 2 0
TARGET 25033 1 1 0 2 0
TARGET 25034 1 1 0 2 0
TARGET 25035 1 1 0 3 0
TARGET 25036 1 1 0 4 0
TARGET 25037 1 1 0 3 0
TARGET 25038 1 1 0 3 0
TARGET 25039 1 1 0 3 0
TARGET 25040 1 1 0 3 0
TARGET 25041 1 1 0 3 0
TARGET 25042 1 1 0 3 0
TARGET 25043 1 1 0 2 0
TARGET 25044 1 1 0 3 0
TARGET 25045 1 1 0 2 0
TARGET 25046 1 1 0 2 0
TARGET 25047 1 1 0 2 0
TARGET 25048 1 1 0 2 0
TARGET 25049 1 1 0 2 0
TARGET 25050 1 1 0 2 0
TARGET 25051 1 1 0 2 0
TARGET 25052 1 1 0 2 0
TARGET 25053 1 1 0 2 0
TARGET 25054 1 1 0 2 0
TARGET 25055 1 1 0 2 0
TARGET 25056 1 1 0 3 0
TARGET 25057 1 1 0 3 0
TARGET 25058 1 1 0 3 0
TARGET 25059 1 1 0 3 0
TARGET 25060 1 1 0 3 0
TARGET 25061 1 1 0 2 0
TARGET 25062 1 1 0 2 0
TARGET 25063 1 1 0 2 0
TARGET 25064 1 1 0 2 0
TARGET 25065 1 1 0 2 0
TARGET 25066 1 1 0 2 0
TARGET 25067 1 1 0 2 0
TARGET 25068 1 1 0 2 0
TARGET 25069 1 1 0 2 0
TARGET 25070 1 1 0 2 0
TARGET 25071 1 1 0 2 0
TARGET 25072 1 1 0 2 0
TARGET 25073 1 1 0 2 0
TARGET 25074 1 1 0 2 0
TARGET 25075 1 1 0 2 0
TARGET 25076 1 1 0 2 0
TARGET 25077 1 1 0 2 0
TARGET 25078 1 1 0 2 0
TARGET 25079 1 1 0 2 0
TARGET 25080 1 1 0 2 0
TARGET 25081 1 1 0 2 0
TARGET 25082 1 1 0 2 0
TARGET 25083 1 1 0 2 0
TARGET 25084 1 1 0 2 0
TARGET 25085 1 1 0 2 0
TARGET 25086 1 1 0 2 0
TARGET 25087 1 1 0 2 0
TARGET 25088 1 1 0 2 0
TARGET 25089 1 1 0 2 0
TARGET 25090 1 1 0 2 0
TARGET 25091 1 1 0 2 0
TARGET 25092 1 1 0 1 0
TARGET 25093 1 1 0 2 0
TARGET 25094 1 1 0 1 0
TARGET 25095 1 0 0 1 0
TARGET 25096 1 1 0 2 0
TARGET 25097 1 1 0 1 0
TARGET 25098 1 1 0 1 0
TARGET 25099 1 0 0 1 0
TARGET 25100 1 1 0 1 0
TARGET 25101 1 1 0 1 0
TARGET 25102 1 0 0 1 0
TARGET 25103 1 1 0 3 0
TARGET 25104 1 1 0 2 0
TARGET 25105 1 1 0 3 0
TARGET 25106 1 1 0 2 0
TARGET 25107 1 1 0 2 0
TARGET 25108 1 1 0 3 0
TARGET 25109 1 1 0 2 0
TARGET 25110 1 1 0 2 0
TARGET 25111 1 1 0 2 0
TARGET 25112 1 1 0 2 0
TARGET 25113 1 1 0 2 0
TARGET 25114 1 1 0 2 0
TARGET 25115 1 1 0 2 0
TARGET 25116 1 1 0 1 0
TARGET 25117 1 1 0 2 0
TARGET 25118 1 1 0 1 0
TARGET 25119 1 0 0 1 0
TARGET 25120 1 1 0 2 0
TARGET 25121 1 1 0 1 0
TARGET 25122 1 1 0 1 0
TARGET 25123 1 0 0 1 0
TARGET 25124 1 1 0 1 0
TARGET 25125 1 1 0 1 0
TARGET 25126 1 0 0 1 0
TARGET 25127 1 1 0 2 0
TARGET 25128 1 1 0 3 0
TARGET 25129 1 1 0 2 0
TARGET 25130 1 1 0 2 0
TARGET 25131 1 1 0 2 0
TARGET 25132 1 1 0 2 0
TARGET 25133 1 1 0 2 0
TARGET 25134 1 1 0 2 0
TARGET 25135 1 1 0 3 0
TARGET 25136 1 0 0 1 0
TARGET 25137 1 1 0 2 0
TARGET 25138 1 1 0 1 0
TARGET 25139 1 0 0 1 0
TARGET 25140 1 1 0 1 0
TARGET 25141 1 1 0 1 0
TARGET 25142 1 1 0 1 0
TARGET 25143 1 0 0 1 0
TARGET 25144 1 0 0 2 0
TARGET 25145 1 1 0 2 0
TARGET 25146 1 0 0 1 0
TARGET 25147 1 0 0 1 0
TARGET 25148 1 1 0 2 0
TARGET 25149 1 0 0 1 0
TARGET 25150 1 0 0 1 0
TARGET 25151 1 0 0 1 0
TARGET 25152 1 0 0 1 0
TARGET 25153 1 0 0 1 0
TARGET 25154 1 0 0 1 0
TARGET 25155 1 1 0 3 0
TARGET 25156 1 1 0 2 0
TARGET 25157 1 1 0 2 0
TARGET 25158 1 1 0 2 0
TARGET 25159 1 1 0 2 0
TARGET 25160 1 1 0 2 0
TARGET 25161 1 1 0 2 0
TARGET 25162 1 1 0 3 0
TARGET 25163 1 1 0 2 0
TARGET 25164 1 1 0 1 0
TARGET 25165 1 0 0 1 0
TARGET 25166 1 1 0 1 0
TARGET 25167 1 1 0 1 0
TARGET 25168 1 1 0 1 0
TARGET 25169 1 0 0 1 0
TARGET 25170 1 0 0 2 0
TARGET 25171 1 1 0 2 0
TARGET 25172 1 1 0 3 0
TARGET 25173 1 1 0 2 0
TARGET 25174 1 1 0 2 0
TARGET 25175 1 1 0 2 0
TARGET 25176 1 1 0 2 0
TARGET 25177 1 1 0 2 0
TARGET 25178 1 1 0 2 0
TARGET 25179 1 0 0 1 0
TARGET 25180 1 1 0 2 0
TARGET 25181 1 1 0 1 0
TARGET 25182 1 1 0 1 0
TARGET 25183 1 0 0 1 0
TARGET 25184 1 1 0 1 0
TARGET 25185 1 1 0 1 0
TARGET 25186 1 0 0 1 0
TARGET 25187 1 0 0 1 0
TARGET 25188 1 0 0 1 0
TARGET 25189 1 0 0 1 0
TARGET 25190 1 0 0 1 0
TARGET 25191 1 0 0 1 0
TARGET 25192 1 0 0 2 0
TARGET 25193 1 1 0 2 0
TARGET 25194 1 1 0 2 0
TARGET 25195 1 1 0 2 0
TARGET 25196 1 1 0 2 0
TARGET 25197 1 1 0 2 0
TARGET 25198 1 1 0 3 0
TARGET 25199 1 0 0 1 0
TARGET 25200 1 1 0 1 0
TARGET 25201 1 1 0 1 0
TARGET 25202 1 1 0 1 0
TARGET 25203 1 0 0 1 0
TARGET 25204 1 0 0 2 0
TARGET 25205 1 0 0 1 0
TARGET 25206 1 0 0 1 0
TARGET 25207 1 0 0 1 0
TARGET 25208 1 0 0 1 0
TARGET 25209 1 0 0 1 0
TARGET 25210 1 1 0 1 0
TARGET 25211 1 0 0 1 0
TARGET 25212 1 1 0 1 0
TARGET 25213 1 1 0 1 0
TARGET 25214 1 1 0 1 0
TARGET 25215 1 1 0 1 0
TARGET 25216 1 0 0 1 0
TARGET 25217 1 0 0 1 0
TARGET 25218 1 0 0 2 0
TARGET 25219 1 0 0 1 0
TARGET 25220 1 0 0 1 0
TARGET 25221 1 0 0 1 0
TARGET 25222 1 0 0 2 0
TARGET 25223 1 1 0 1 0
TARGET 25224 1 1 0 1 0
TARGET 25225 1 1 0 1 0
TARGET 25226 1 0 0 1 0
TARGET 25227 1 0 0 1 0
TARGET 25228 1 0 0 2 0
TARGET 25229 1 1 0 1 0
TARGET 25230 1 0 0 1 0
TARGET 25231 1 0 0 1 0
TARGET 25232 1 0 0 2 0
TARGET 25233 1 0 0 1 0
TARGET 25234 1 0 0 2 0
TARGET 25235 1 1 0 1 0
TARGET 25236 1 0 0 0 0
TARGET 25237 1 1 0 1 0
TARGET 25238 1 0 0 0 0
TARGET 25239 1 0 0 0 0
TARGET 25240 1 1 0 1 0
TARGET 25241 1 0 0 0 0
TARGET 25242 1 0 0 0 0
TARGET 25243 1 0 0 0 0
TARGET 25244 1 0 0 0 0
TARGET 25245 1 0 0 0 0
TARGET 25246 1 0 0 0 0
TARGET 25247 1 1 0 4 0
TARGET 25248 1 1 0 3 0
TARGET 25249 1 3 0 4 0
TARGET 25250 1 2 0 3 0
TARGET 25251 1 2 0 3 0
TARGET 25252 1 1 0 4 0
TARGET 25253 1 1 0 3 0
TARGET 25254 1 1 0 3 0
TARGET 25255 1 2 0 3 0
TARGET 25256 1 2 0 3 0
TARGET 25257 1 1 0 3 0
TARGET 25258 1 2 0 3 0
TARGET 25259 1 1 0 3 0
TARGET 25260 1 1 0 2 0
TARGET 25261 1 2 0 3 0
TARGET 25262 1 1 0 2 0
TARGET 25263 1 1 0 2 0
TARGET 25264 1 1 0 3 0
TARGET 25265 1 1 0 2 0
TARGET 25266 1 1 0 2 0
TARGET 25267 1 1 0 2 0
TARGET 25268 1 1 0 2 0
TARGET 25269 1 1 0 2 0
TARGET 25270 1 1 0 2 0
TARGET 25271 1 1 0 3 0
TARGET 25272 1 1 0 4 0
TARGET 25273 1 1 0 3 0
TARGET 25274 1 1 0 3 0
TARGET 25275 1 1 0 3 0
TARGET 25276 1 1 0 3 0
TARGET 25277 1 1 0 3 0
TARGET 25278 1 1 0 3 0
TARGET 25279 1 1 0 2 0
TARGET 25280 1 1 0 3 0
TARGET 25281 1 1 0 2 0
TARGET 25282 1 1 0 2 0
TARGET 25283 1 1 0 2 0
TARGET 25284 1 1 0 2 0
TARGET 25285 1 1 0 2 0
TARGET 25286 1 1 0 2 0
TARGET 25287 1 2 0 3 0
TARGET 25288 1 1 0 2 0
TARGET 25289 1 1 0 2 0
TARGET 25290 1 1 0 3 0
TARGET 25291 1 1 0 2 0
TARGET 25292 1 1 0 2 0
TARGET 25293 1 1 0 2 0
TARGET 25294 1 1 0 2 0
TARGET 25295 1 1 0 2 0
TARGET 25296 1 1 0 2 0
TARGET 25297 1 1 0 4 0
TARGET 25298 1 1 0 3 0
TARGET 25299 1 2 0 3 0
TARGET 25300 1 1 0 3 0
TARGET 25301 1 2 0 3 0
TARGET 25302 1 1 0 3 0
TARGET 25303 1 2 0 3 0
TARGET 25304 1 1 0 3 0
TARGET 25305 1 1 0 2 0
TARGET 25306 1 1 0 2 0
TARGET 25307 1 1 0 2 0
TARGET 25308 1 1 0 2 0
TARGET 25309 1 1 0 2 0
TARGET 25310 1 1 0 2 0
TARGET 25311 1 1 0 3 0
TARGET 25312 1 1 0 4 0
TARGET 25313 1 1 0 3 0
TARGET 25314 1 1 0 3 0
TARGET 25315 1 1 0 3 0
TARGET 25316 1 1 0 3 0
TARGET 25317 1 1 0 3 0
TARGET 25318 1 1 0 3 0
TARGET 25319 1 1 0 2 0
TARGET 25320 1 1 0 3 0
TARGET 25321 1 1 0 2 0
TARGET 25322 1 1 0 2 0
TARGET 25323 1 1 0 2 0
TARGET 25324 1 1 0 2 0
TARGET 25325 1 1 0 2 0
TARGET 25326 1 1 0 2 0
TARGET 25327 1 1 0 2 0
TARGET 25328 1 1 0 2 0
TARGET 25329 1 1 0 2 0
TARGET 25330 1 1 0 2 0
TARGET 25331 1 1 0 2 0
TARGET 25332 1 1 0 3 0
TARGET 25333 1 1 0 3 0
TARGET 25334 1 1 0 3 0
TARGET 25335 1 1 0 3 0
TARGET 25336 1 1 0 3 0
TARGET 25337 1 1 0 2 0
TARGET 25338 1 1 0 2 0
TARGET 25339 1 1 0 2 0
TARGET 25340 1 1 0 2 0
TARGET 25341 1 1 0 2 0
TARGET 25342 1 1 0 2 0
TARGET 25343 1 1 0 2 0
TARGET 25344 1 1 0 2 0
TARGET 25345 1 1 0 2 0
TARGET 25346 1 1 0 2 0
TARGET 25347 1 1 0 2 0
TARGET 25348 1 1 0 2 0
TARGET 25349 1 1 0 2 0
TARGET 25350 1 1 0 2 0
TARGET 25351 1 1 0 2 0
TARGET 25352 1 1 0 2 0
TARGET 25353 1 1 0 2 0
TARGET 25354 1 1 0 2 0
TARGET 25355 1 1 0 2 0
TARGET 25356 1 1 0 2 0
TARGET 25357 1 1 0 2 0
TARGET 25358 1 1 0 2 0
TARGET 25359 1 1 0 2 0
TARGET 25360 1 1 0 2 0
TARGET 25361 1 1 0 2 0
TARGET 25362 1 1 0 2 0
TARGET 25363 1 1 0 2 0
TARGET 25364 1 1 0 2 0
TARGET 25365 1 1 0 2 0
TARGET 25366 1 1 0 2 0
TARGET 25367 1 1 0 2 0
TARGET 25368 1 1 0 1 0
TARGET 25369 1 1 0 2 0
TARGET 25370 1 1 0 1 0
TARGET 25371 1 0 0 1 0
TARGET 25372 1 1 0 2 0
TARGET 25373 1 1 0 1 0
TARGET 25374 1 1 0 1 0
TARGET 25375 1 0 0 1 0
TARGET 25376 1 1 0 1 0
TARGET 25377 1 1 0 1 0
TARGET 25378 1 0 0 1 0
TARGET 25379 1 1 0 2 0
TARGET 25380 1 1 0 3 0
TARGET 25381 1 1 0 2 0
TARGET 25382 1 1 0 2 0
TARGET 25383 1 1 0 2 0
TARGET 25384 1 1 0 2 0
TARGET 25385 1 1 0 2 0
TARGET 25386 1 1 0 2 0
TARGET 25387 1 1 0 3 0
TARGET 25388 1 0 0 1 0
TARGET 25389 1 1 0 2 0
TARGET 25390 1 1 0 1 0
TARGET 25391 1 0 0 1 0
TARGET 25392 1 1 0 1 0
TARGET 25393 1 1 0 1 0
TARGET 25394 1 1 0 1 0
TARGET 25395 1 0 0 1 0
TARGET 25396 1 0 0 2 0
TARGET 25397 1 1 0 2 0
TARGET 25398 1 0 0 1 0
TARGET 25399 1 0 0 1 0
TARGET 25400 1 1 0 2 0
TARGET 25401 1 0 0 1 0
TARGET 25402 1 0 0 1 0
TARGET 25403 1 0 0 1 0
TARGET 25404 1 0 0 1 0
TARGET 25405 1 0 0 1 0
TARGET 25406 1 0 0 1 0
TARGET 25407 1 1 0 3 0
TARGET 25408 1 1 0 2 0
TARGET 25409 1 1 0 2 0
TARGET 25410 1 1 0 2 0
TARGET 25411 1 1 0 2 0
TARGET 25412 1 1 0 2 0
TARGET 25413 1 1 0 2 0
TARGET 25414 1 1 0 3 0
TARGET 25415 1 1 0 2 0
TARGET 25416 1 1 0 1 0
TARGET 25417 1 0 0 1 0
TARGET 25418 1 1 0 1 0
TARGET 25419 1 1 0 1 0
TARGET 25420 1 1 0 1 0
TARGET 25421 1 0 0 1 0
TARGET 25422 1 0 0 2 0
TARGET 25423 1 1 0 2 0
TARGET 25424 1 1 0 3 0
TARGET 25425 1 1 0 2 0
TARGET 25426 1 1 0 2 0
TARGET 25427 1 1 0 2 0
TARGET 25428 1 1 0 2 0
TARGET 25429 1 1 0 2 0
TARGET 25430 1 1 0 2 0
TARGET 25431 1 0 0 1 0
TARGET 25432 1 1 0 2 0
TARGET 25433 1 1 0 1 0
TARGET 25434 1 1 0 1 0
TARGET 25435 1 0 0 1 0
TARGET 25436 1 1 0 1 0
TARGET 25437 1 1 0 1 0
TARGET 25438 1 0 0 1 0
TARGET 25439 1 0 0 1 0
TARGET 25440 1 0 0 1 0
TARGET 25441 1 0 0 1 0
TARGET 25442 1 0 0 1 0
TARGET 25443 1 0 0 1 0
TARGET 25444 1 0 0 2 0
TARGET 25445 1 1 0 2 0
TARGET 25446 1 1 0 2 0
TARGET 25447 1 1 0 2 0
TARGET 25448 1 1 0 2 0
TARGET 25449 1 1 0 2 0
TARGET 25450 1 1 0 3 0
TARGET 25451 1 0 0 1 0
TARGET 25452 1 1 0 1 0
TARGET 25453 1 1 0 1 0
TARGET 25454 1 1 0 1 0
TARGET 25455 1 0 0 1 0
TARGET 25456 1 0 0 2 0
TARGET 25457 1 0 0 1 0
TARGET 25458 1 0 0 1 0
TARGET 25459 1 0 0 1 0
TARGET 25460 1 0 0 1 0
TARGET 25461 1 0 0 1 0
TARGET 25462 1 1 0 1 0
TARGET 25463 1 0 0 1 0
TARGET 25464 1 1 0 1 0
TARGET 25465 1 1 0 1 0
TARGET 25466 1 1 0 1 0
TARGET 25467 1 1 0 1 0
TARGET 25468 1 0 0 1 0
TARGET 25469 1 0 0 1 0
TARGET 25470 1 0 0 2 0
TARGET 25471 1 0 0 1 0
TARGET 25472 1 0 0 1 0
TARGET 25473 1 0 0 1 0
TARGET 25474 1 0 0 2 0
TARGET 25475 1 1 0 1 0
TARGET 25476 1 1 0 1 0
TARGET 25477 1 1 0 1 0
TARGET 25478 1 0 0 1 0
TARGET 25479 1 0 0 1 0
TARGET 25480 1 0 0 2 0
TARGET 25481 1 1 0 1 0
TARGET 25482 1 0 0 1 0
TARGET 25483 1 0 0 1 0
TARGET 25484 1 0 0 2 0
TARGET 25485 1 0 0 1 0
TARGET 25486 1 0 0 2 0
TARGET 25487 1 1 0 1 0
TARGET 25488 1 0 0 0 0
TARGET 25489 1 1 0 1 0
TARGET 25490 1 0 0 0 0
TARGET 25491 1 0 0 0 0
TARGET 25492 1 1 0 1 0
TARGET 25493 1 0 0 0 0
TARGET 25494 1 0 0 0 0
TARGET 25495 1 0 0 0 0
TARGET 25496 1 0 0 0 0
TARGET 25497 1 0 0 0 0
TARGET 25498 1 0 0 0 0
TARGET 25499 1 1 0 2 0
TARGET 25500 1 1 0 3 0
TARGET 25501 1 1 0 2 0
TARGET 25502 1 1 0 2 0
TARGET 25503 1 1 0 2 0
TARGET 25504 1 1 0 2 0
TARGET 25505 1 1 0 2 0
TARGET 25506 1 1 0 2 0
TARGET 25507 1 1 0 1 0
TARGET 25508 1 1 0 4 0
TARGET 25509 1 1 0 3 0
TARGET 25510 1 1 0 3 0
TARGET 25511 1 1 0 3 0
TARGET 25512 1 1 0 3 0
TARGET 25513 1 1 0 3 0
TARGET 25514 1 1 0 3 0
TARGET 25515 1 1 0 2 0
TARGET 25516 1 1 0 2 0
TARGET 25517 1 1 0 2 0
TARGET 25518 1 1 0 2 0
TARGET 25519 1 1 0 2 0
TARGET 25520 1 1 0 2 0
TARGET 25521 1 1 0 3 0
TARGET 25522 1 1 0 1 0
TARGET 25523 1 1 0 2 0
TARGET 25524 1 1 0 2 0
TARGET 25525 1 1 0 2 0
TARGET 25526 1 1 0 2 0
TARGET 25527 1 1 0 2 0
TARGET 25528 1 1 0 1 0
TARGET 25529 1 1 0 2 0
TARGET 25530 1 1 0 2 0
TARGET 25531 1 1 0 2 0
TARGET 25532 1 1 0 2 0
TARGET 25533 1 1 0 1 0
TARGET 25534 1 1 0 2 0
TARGET 25535 1 1 0 2 0
TARGET 25536 1 1 0 2 0
TARGET 25537 1 1 0 1 0
TARGET 25538 1 1 0 2 0
TARGET 25539 1 1 0 2 0
TARGET 25540 1 1 0 1 0
TARGET 25541 1 1 0 2 0
TARGET 25542 1 1 0 1 0
TARGET 25543 1 0 0 1 0
TARGET 25544 1 1 0 2 0
TARGET 25545 1 0 0 1 0
TARGET 25546 1 0 0 1 0
TARGET 25547 1 0 0 1 0
TARGET 25548 1 0 0 1 0
TARGET 25549 1 0 0 1 0
TARGET 25550 1 0 0 1 0
TARGET 25551 1 0 0 0 0
TARGET 25552 1 1 0 3 0
TARGET 25553 1 1 0 2 0
TARGET 25554 1 1 0 2 0
TARGET 25555 1 1 0 2 0
TARGET 25556 1 1 0 2 0
TARGET 25557 1 1 0 2 0
TARGET 25558 1 1 0 2 0
TARGET 25559 1 1 0 1 0
TARGET 25560 1 0 0 1 0
TARGET 25561 1 1 0 1 0
TARGET 25562 1 1 0 1 0
TARGET 25563 1 1 0 1 0
TARGET 25564 1 0 0 1 0
TARGET 25565 1 0 0 2 0
TARGET 25566 1 0 0 0 0
TARGET 25567 1 0 0 1 0
TARGET 25568 1 0 0 1 0
TARGET 25569 1 0 0 1 0
TARGET 25570 1 0 0 1 0
TARGET 25571 1 0 0 1 0
TARGET 25572 1 0 0 0 0
TARGET 25573 1 1 0 1 0
TARGET 25574 1 1 0 1 0
TARGET 25575 1 1 0 1 0
TARGET 25576 1 0 0 1 0
TARGET 25577 1 0 0 0 0
TARGET 25578 1 1 0 1 0
TARGET 25579 1 1 0 1 0
TARGET 25580 1 0 0 1 0
TARGET 25581 1 0 0 0 0
TARGET 25582 1 1 0 1 0
TARGET 25583 1 0 0 1 0
TARGET 25584 1 0 0 0 0
TARGET 25585 1 0 0 1 0
TARGET 25586 1 0 0 0 0
TARGET 25587 1 1 0 2 0
TARGET 25588 1 0 0 1 0
TARGET 25589 1 0 0 1 0
TARGET 25590 1 1 0 2 0
TARGET 25591 1 0 0 1 0
TARGET 25592 1 0 0 1 0
TARGET 25593 1 0 0 1 0
TARGET 25594 1 0 0 1 0
TARGET 25595 1 0 0 1 0
TARGET 25596 1 0 0 1 0
TARGET 25597 1 1 0 3 0
TARGET 25598 1 1 0 2 0
TARGET 25599 1 1 0 2 0
TARGET 25600 1 1 0 2 0
TARGET 25601 1 1 0 2 0
TARGET 25602 1 1 0 2 0
TARGET 25603 1 1 0 2 0
TARGET 25604 1 1 0 2 0
TARGET 25605 1 0 0 1 0
TARGET 25606 1 0 0 1 0
TARGET 25607 1 0 0 1 0
TARGET 25608 1 0 0 1 0
TARGET 25609 1 0 0 1 0
TARGET 25610 1 0 0 1 0
TARGET 25611 1 1 0 2 0
TARGET 25612 1 2 0 3 0
TARGET 25613 1 1 0 2 0
TARGET 25614 1 1 0 2 0
TARGET 25615 1 1 0 2 0
TARGET 25616 1 1 0 2 0
TARGET 25617 1 1 0 2 0
TARGET 25618 1 1 0 2 0
TARGET 25619 1 0 0 1 0
TARGET 25620 1 1 0 2 0
TARGET 25621 1 0 0 1 0
TARGET 25622 1 0 0 1 0
TARGET 25623 1 0 0 1 0
TARGET 25624 1 0 0 1 0
TARGET 25625 1 0 0 1 0
TARGET 25626 1 0 0 1 0
TARGET 25627 1 0 0 1 0
TARGET 25628 1 0 0 1 0
TARGET 25629 1 0 0 1 0
TARGET 25630 1 0 0 1 0
TARGET 25631 1 0 0 1 0
TARGET 25632 1 1 0 2 0
TARGET 25633 1 1 0 2 0
TARGET 25634 1 1 0 2 0
TARGET 25635 1 1 0 2 0
TARGET 25636 1 1 0 2 0
TARGET 25637 1 0 0 1 0
TARGET 25638 1 0 0 1 0
TARGET 25639 1 0 0 1 0
TARGET 25640 1 0 0 1 0
TARGET 25641 1 0 0 1 0
TARGET 25642 1 0 0 1 0
TARGET 25643 1 0 0 1 0
TARGET 25644 1 0 0 1 0
TARGET 25645 1 0 0 1 0
TARGET 25646 1 0 0 1 0
TARGET 25647 1 0 0 1 0
TARGET 25648 1 0 0 1 0
TARGET 25649 1 0 0 1 0
TARGET 25650 1 0 0 1 0
TARGET 25651 1 0 0 1 0
TARGET 25652 1 0 0 1 0
TARGET 25653 1 0 0 1 0
TARGET 25654 1 0 0 1 0
TARGET 25655 1 0 0 1 0
TARGET 25656 1 0 0 1 0
TARGET 25657 1 0 0 1 0
TARGET 25658 1 0 0 1 0
TARGET 25659 1 0 0 1 0
TARGET 25660 1 0 0 1 0
TARGET 25661 1 0 0 1 0
TARGET 25662 1 0 0 1 0
TARGET 25663 1 0 0 1 0
TARGET 25664 1 0 0 1 0
TARGET 25665 1 0 0 1 0
TARGET 25666 1 0 0 1 0
TARGET 25667 1 1 0 1 0
TARGET 25668 1 0 0 0 0
TARGET 25669 1 0 0 0 0
TARGET 25670 1 1 0 1 0
TARGET 25671 1 0 0 0 0
TARGET 25672 1 0 0 0 0
TARGET 25673 1 0 0 0 0
TARGET 25674 1 0 0 0 0
TARGET 25675 1 0 0 0 0
TARGET 25676 1 0 0 0 0
TARGET 25677 1 1 0 4 0
TARGET 25678 1 1 0 3 0
TARGET 25679 1 1 0 3 0
TARGET 25680 1 1 0 3 0
TARGET 25681 1 1 0 3 0
TARGET 25682 1 1 0 3 0
TARGET 25683 1 1 0 3 0
TARGET 25684 1 1 0 2 0
TARGET 25685 1 1 0 2 0
TARGET 25686 1 1 0 2 0
TARGET 25687 1 1 0 2 0
TARGET 25688 1 1 0 2 0
TARGET 25689 1 1 0 2 0
TARGET 25690 1 1 0 3 0
TARGET 25691 1 1 0 1 0
TARGET 25692 1 1 0 2 0
TARGET 25693 1 1 0 2 0
TARGET 25694 1 1 0 2 0
TARGET 25695 1 1 0 2 0
TARGET 25696 1 1 0 2 0
TARGET 25697 1 1 0 1 0
TARGET 25698 1 1 0 2 0
TARGET 25699 1 1 0 2 0
TARGET 25700 1 1 0 2 0
TARGET 25701 1 1 0 2 0
TARGET 25702 1 1 0 1 0
TARGET 25703 1 1 0 2 0
TARGET 25704 1 1 0 2 0
TARGET 25705 1 1 0 2 0
TARGET 25706 1 1 0 1 0
TARGET 25707 1 1 0 2 0
TARGET 25708 1 1 0 2 0
TARGET 25709 1 1 0 1 0
TARGET 25710 1 1 0 2 0
TARGET 25711 1 1 0 1 0
TARGET 25712 1 1 0 3 0
TARGET 25713 1 1 0 2 0
TARGET 25714 1 1 0 2 0
TARGET 25715 1 1 0 2 0
TARGET 25716 1 1 0 2 0
TARGET 25717 1 1 0 2 0
TARGET 25718 1 1 0 2 0
TARGET 25719 1 1 0 1 0
TARGET 25720 1 0 0 1 0
TARGET 25721 1 1 0 1 0
TARGET 25722 1 1 0 1 0
TARGET 25723 1 1 0 1 0
TARGET 25724 1 0 0 1 0
TARGET 25725 1 0 0 2 0
TARGET 25726 1 0 0 0 0
TARGET 25727 1 0 0 1 0
TARGET 25728 1 0 0 1 0
TARGET 25729 1 0 0 1 0
TARGET 25730 1 0 0 1 0
TARGET 25731 1 0 0 1 0
TARGET 25732 1 0 0 0 0
TARGET 25733 1 1 0 1 0
TARGET 25734 1 1 0 1 0
TARGET 25735 1 1 0 1 0
TARGET 25736 1 0 0 1 0
TARGET 25737 1 0 0 0 0
TARGET 25738 1 1 0 1 0
TARGET 25739 1 1 0 1 0
TARGET 25740 1 0 0 1 0
TARGET 25741 1 0 0 0 0
TARGET 25742 1 1 0 1 0
TARGET 25743 1 0 0 1 0
TARGET 25744 1 0 0 0 0
TARGET 25745 1 0 0 1 0
TARGET 25746 1 0 0 0 0
TARGET 25747 1 2 0 3 0
TARGET 25748 1 3 0 4 0
TARGET 25749 1 2 0 3 0
TARGET 25750 1 1 0 3 0
TARGET 25751 1 2 0 3 0
TARGET 25752 1 1 0 3 0
TARGET 25753 1 2 0 3 0
TARGET 25754 1 2 0 3 0
TARGET 25755 1 1 0 2 0
TARGET 25756 1 2 0 3 0
TARGET 25757 1 1 0 2 0
TARGET 25758 1 1 0 2 0
TARGET 25759 1 1 0 2 0
TARGET 25760 1 1 0 2 0
TARGET 25761 1 1 0 2 0
TARGET 25762 1 1 0 2 0
TARGET 25763 1 1 0 2 0
TARGET 25764 1 1 0 2 0
TARGET 25765 1 1 0 2 0
TARGET 25766 1 1 0 2 0
TARGET 25767 1 1 0 2 0
TARGET 25768 1 2 0 3 0
TARGET 25769 1 1 0 3 0
TARGET 25770 1 1 0 3 0
TARGET 25771 1 2 0 3 0
TARGET 25772 1 2 0 3 0
TARGET 25773 1 1 0 2 0
TARGET 25774 1 1 0 2 0
TARGET 25775 1 1 0 2 0
TARGET 25776 1 1 0 2 0
TARGET 25777 1 1 0 2 0
TARGET 25778 1 1 0 2 0
TARGET 25779 1 1 0 2 0
TARGET 25780 1 1 0 2 0
TARGET 25781 1 1 0 2 0
TARGET 25782 1 1 0 2 0
TARGET 25783 1 1 0 2 0
TARGET 25784 1 1 0 2 0
TARGET 25785 1 1 0 2 0
TARGET 25786 1 1 0 2 0
TARGET 25787 1 1 0 2 0
TARGET 25788 1 1 0 2 0
TARGET 25789 1 1 0 2 0
TARGET 25790 1 1 0 2 0
TARGET 25791 1 1 0 2 0
TARGET 25792 1 1 0 2 0
TARGET 25793 1 1 0 2 0
TARGET 25794 1 1 0 2 0
TARGET 25795 1 1 0 2 0
TARGET 25796 1 1 0 2 0
TARGET 25797 1 1 0 2 0
TARGET 25798 1 1 0 2 0
TARGET 25799 1 1 0 2 0
TARGET 25800 1 1 0 2 0
TARGET 25801 1 1 0 2 0
TARGET 25802 1 1 0 2 0
TARGET 25803 1 0 0 1 0
TARGET 25804 1 1 0 2 0
TARGET 25805 1 1 0 1 0
TARGET 25806 1 1 0 1 0
TARGET 25807 1 0 0 1 0
TARGET 25808 1 1 0 1 0
TARGET 25809 1 1 0 1 0
TARGET 25810 1 0 0 1 0
TARGET 25811 1 0 0 1 0
TARGET 25812 1 0 0 1 0
TARGET 25813 1 0 0 1 0
TARGET 25814 1 0 0 1 0
TARGET 25815 1 0 0 1 0
TARGET 25816 1 0 0 2 0
TARGET 25817 1 1 0 2 0
TARGET 25818 1 1 0 2 0
TARGET 25819 1 1 0 2 0
TARGET 25820 1 1 0 2 0
TARGET 25821 1 1 0 2 0
TARGET 25822 1 1 0 3 0
TARGET 25823 1 0 0 1 0
TARGET 25824 1 1 0 1 0
TARGET 25825 1 1 0 1 0
TARGET 25826 1 1 0 1 0
TARGET 25827 1 0 0 1 0
TARGET 25828 1 0 0 2 0
TARGET 25829 1 0 0 1 0
TARGET 25830 1 0 0 1 0
TARGET 25831 1 0 0 1 0
TARGET 25832 1 0 0 1 0
TARGET 25833 1 0 0 1 0
TARGET 25834 1 1 0 1 0
TARGET 25835 1 0 0 1 0
TARGET 25836 1 1 0 1 0
TARGET 25837 1 1 0 1 0
TARGET 25838 1 1 0 1 0
TARGET 25839 1 1 0 1 0
TARGET 25840 1 0 0 1 0
TARGET 25841 1 0 0 1 0
TARGET 25842 1 0 0 2 0
TARGET 25843 1 0 0 1 0
TARGET 25844 1 0 0 1 0
TARGET 25845 1 0 0 1 0
TARGET 25846 1 0 0 2 0
TARGET 25847 1 1 0 1 0
TARGET 25848 1 1 0 1 0
TARGET 25849 1 1 0 1 0
TARGET 25850 1 0 0 1 0
TARGET 25851 1 0 0 1 0
TARGET 25852 1 0 0 2 0
TARGET 25853 1 1 0 1 0
TARGET 25854 1 0 0 1 0
TARGET 25855 1 0 0 1 0
TARGET 25856 1 0 0 2 0
TARGET 25857 1 0 0 1 0
TARGET 25858 1 0 0 2 0
TARGET 25859 1 0 0 0 0
TARGET 25860 1 1 0 1 0
TARGET 25861 1 0 0 0 0
TARGET 25862 1 0 0 0 0
TARGET 25863 1 0 0 0 0
TARGET 25864 1 0 0 0 0
TARGET 25865 1 0 0 0 0
TARGET 25866 1 0 0 0 0
TARGET 25867 1 0 0 1 0
TARGET 25868 1 0 0 1 0
TARGET 25869 1 0 0 1 0
TARGET 25870 1 0 0 1 0
TARGET 25871 1 0 0 1 0
TARGET 25872 1 0 0 0 0
TARGET 25873 1 0 0 1 0
TARGET 25874 1 0 0 1 0
TARGET 25875 1 0 0 1 0
TARGET 25876 1 0 0 1 0
TARGET 25877 1 0 0 0 0
TARGET 25878 1 0 0 1 0
TARGET 25879 1 0 0 1 0
TARGET 25880 1 0 0 1 0
TARGET 25881 1 0 0 0 0
TARGET 25882 1 0 0 1 0
TARGET 25883 1 0 0 1 0
TARGET 25884 1 0 0 0 0
TARGET 25885 1 0 0 1 0
TARGET 25886 1 0 0 0 0
TARGET 25887 1 1 0 2 0
TARGET 25888 1 1 0 2 0
TARGET 25889 1 1 0 2 0
TARGET 25890 1 1 0 2 0
TARGET 25891 1 1 0 2 0
TARGET 25892 1 1 0 1 0
TARGET 25893 1 1 0 2 0
TARGET 25894 1 1 0 2 0
TARGET 25895 1 1 0 2 0
TARGET 25896 1 1 0 2 0
TARGET 25897 1 1 0 1 0
TARGET 25898 1 1 0 2 0
TARGET 25899 1 1 0 2 0
TARGET 25900 1 1 0 2 0
TARGET 25901 1 1 0 1 0
TARGET 25902 1 1 0 2 0
TARGET 25903 1 1 0 2 0
TARGET 25904 1 1 0 1 0
TARGET 25905 1 1 0 2 0
TARGET 25906 1 1 0 1 0
TARGET 25907 1 0 0 1 0
TARGET 25908 1 0 0 1 0
TARGET 25909 1 0 0 1 0
TARGET 25910 1 0 0 1 0
TARGET 25911 1 0 0 1 0
TARGET 25912 1 0 0 0 0
TARGET 25913 1 1 0 1 0
TARGET 25914 1 1 0 1 0
TARGET 25915 1 1 0 1 0
TARGET 25916 1 0 0 1 0
TARGET 25917 1 0 0 0 0
TARGET 25918 1 1 0 1 0
TARGET 25919 1 1 0 1 0
TARGET 25920 1 0 0 1 0
TARGET 25921 1 0 0 0 0
TARGET 25922 1 1 0 1 0
TARGET 25923 1 0 0 1 0
TARGET 25924 1 0 0 0 0
TARGET 25925 1 0 0 1 0
TARGET 25926 1 0 0 0 0
TARGET 25927 1 0 0 1 0
TARGET 25928 1 0 0 1 0
TARGET 25929 1 0 0 1 0
TARGET 25930 1 0 0 1 0
TARGET 25931 1 0 0 1 0
TARGET 25932 1 0 0 1 0
TARGET 25933 1 0 0 1 0
TARGET 25934 1 0 0 1 0
TARGET 25935 1 0 0 1 0
TARGET 25936 1 0 0 1 0
TARGET 25937 1 0 0 1 0
TARGET 25938 1 0 0 1 0
TARGET 25939 1 0 0 1 0
TARGET 25940 1 0 0 1 0
TARGET 25941 1 0 0 1 0
TARGET 25942 1 0 0 1 0
TARGET 25943 1 0 0 1 0
TARGET 25944 1 0 0 1 0
TARGET 25945 1 0 0 1 0
TARGET 25946 1 0 0 1 0
TARGET 25947 1 0 0 1 0
TARGET 25948 1 0 0 1 0
TARGET 25949 1 0 0 1 0
TARGET 25950 1 0 0 1 0
TARGET 25951 1 0 0 1 0
TARGET 25952 1 0 0 0 0
TARGET 25953 1 0 0 0 0
TARGET 25954 1 0 0 0 0
TARGET 25955 1 0 0 0 0
TARGET 25956 1 0 0 0 0
TARGET 25957 1 1 0 1 0
TARGET 25958 1 0 0 1 0
TARGET 25959 1 1 0 1 0
TARGET 25960 1 1 0 1 0
TARGET 25961 1 1 0 1 0
TARGET 25962 1 1 0 1 0
TARGET 25963 1 0 0 1 0
TARGET 25964 1 0 0 1 0
TARGET 25965 1 0 0 0 0
TARGET 25966 1 0 0 1 0
TARGET 25967 1 0 0 1 0
TARGET 25968 1 0 0 1 0
TARGET 25969 1 1 0 1 0
TARGET 25970 1 1 0 1 0
TARGET 25971 1 1 0 1 0
TARGET 25972 1 1 0 1 0
TARGET 25973 1 1 0 1 0
TARGET 25974 1 0 0 1 0
TARGET 25975 1 0 0 1 0
TARGET 25976 1 0 0 1 0
TARGET 25977 1 0 0 0 0
TARGET 25978 1 1 0 1 0
TARGET 25979 1 1 0 1 0
TARGET 25980 1 0 0 1 0
TARGET 25981 1 0 0 1 0
TARGET 25982 1 0 0 1 0
TARGET 25983 1 0 0 0 0
TARGET 25984 1 0 0 1 0
TARGET 25985 1 0 0 1 0
TARGET 25986 1 0 0 0 0
TARGET 25987 1 0 0 0 0
TARGET 25988 1 0 0 0 0
TARGET 25989 1 0 0 0 0
TARGET 25990 1 0 0 0 0
TARGET 25991 1 0 0 1 0
TARGET 25992 1 0 0 1 0
TARGET 25993 1 0 0 1 0
TARGET 25994 1 0 0 0 0
TARGET 25995 1 0 0 1 0
TARGET 25996 1 0 0 1 0
TARGET 25997 1 0 0 0 0
TARGET 25998 1 0 0 1 0
TARGET 25999 1 0 0 0 0
TARGET 26000 1 1 0 1 0
PASS_1962_MONOMIAL_INTERVAL 25001 26000 1000 0
