TARGET 28001 1 0 0 0 0
TARGET 28002 1 0 0 1 0
TARGET 28003 1 0 0 1 0
TARGET 28004 1 0 0 1 0
TARGET 28005 1 0 0 1 0
TARGET 28006 1 0 0 1 0
TARGET 28007 1 0 0 1 0
TARGET 28008 1 0 0 1 0
TARGET 28009 1 0 0 1 0
TARGET 28010 1 0 0 1 0
TARGET 28011 1 0 0 0 0
TARGET 28012 1 0 0 0 0
TARGET 28013 1 0 0 0 0
TARGET 28014 1 0 0 1 0
TARGET 28015 1 0 0 1 0
TARGET 28016 1 0 0 0 0
TARGET 28017 1 0 0 1 0
TARGET 28018 1 0 0 0 0
TARGET 28019 1 0 0 1 0
TARGET 28020 1 0 0 1 0
TARGET 28021 1 0 0 1 0
TARGET 28022 1 0 0 1 0
TARGET 28023 1 0 0 0 0
TARGET 28024 1 0 0 0 0
TARGET 28025 1 0 0 1 0
TARGET 28026 1 0 0 0 0
TARGET 28027 1 1 0 1 0
TARGET 28028 1 0 0 0 0
TARGET 28029 1 0 0 1 0
TARGET 28030 1 0 0 1 0
TARGET 28031 1 0 0 1 0
TARGET 28032 1 0 0 1 0
TARGET 28033 1 0 0 1 0
TARGET 28034 1 0 0 1 0
TARGET 28035 1 0 0 1 0
TARGET 28036 1 0 0 1 0
TARGET 28037 1 0 0 1 0
TARGET 28038 1 0 0 1 0
TARGET 28039 1 0 0 0 0
TARGET 28040 1 0 0 1 0
TARGET 28041 1 0 0 1 0
TARGET 28042 1 0 0 1 0
TARGET 28043 1 0 0 1 0
TARGET 28044 1 0 0 1 0
TARGET 28045 1 0 0 1 0
TARGET 28046 1 0 0 1 0
TARGET 28047 1 0 0 1 0
TARGET 28048 1 0 0 1 0
TARGET 28049 1 0 0 0 0
TARGET 28050 1 0 0 1 0
TARGET 28051 1 0 0 1 0
TARGET 28052 1 0 0 1 0
TARGET 28053 1 0 0 1 0
TARGET 28054 1 0 0 1 0
TARGET 28055 1 0 0 1 0
TARGET 28056 1 0 0 1 0
TARGET 28057 1 0 0 1 0
TARGET 28058 1 0 0 0 0
TARGET 28059 1 0 0 1 0
TARGET 28060 1 0 0 1 0
TARGET 28061 1 0 0 1 0
TARGET 28062 1 0 0 1 0
TARGET 28063 1 0 0 1 0
TARGET 28064 1 0 0 1 0
TARGET 28065 1 0 0 1 0
TARGET 28066 1 0 0 0 0
TARGET 28067 1 0 0 1 0
TARGET 28068 1 0 0 1 0
TARGET 28069 1 0 0 1 0
TARGET 28070 1 0 0 1 0
TARGET 28071 1 0 0 1 0
TARGET 28072 1 0 0 1 0
TARGET 28073 1 0 0 0 0
TARGET 28074 1 0 0 1 0
TARGET 28075 1 0 0 1 0
TARGET 28076 1 0 0 1 0
TARGET 28077 1 0 0 1 0
TARGET 28078 1 0 0 1 0
TARGET 28079 1 0 0 0 0
TARGET 28080 1 0 0 1 0
TARGET 28081 1 0 0 1 0
TARGET 28082 1 0 0 1 0
TARGET 28083 1 0 0 1 0
TARGET 28084 1 0 0 0 0
TARGET 28085 1 0 0 1 0
TARGET 28086 1 0 0 1 0
TARGET 28087 1 0 0 1 0
TARGET 28088 1 0 0 0 0
TARGET 28089 1 0 0 1 0
TARGET 28090 1 0 0 1 0
TARGET 28091 1 0 0 0 0
TARGET 28092 1 0 0 1 0
TARGET 28093 1 0 0 0 0
TARGET 28094 1 1 0 1 0
TARGET 28095 1 1 0 1 0
TARGET 28096 1 0 0 1 0
TARGET 28097 1 0 0 1 0
TARGET 28098 1 1 0 1 0
TARGET 28099 1 1 0 1 0
TARGET 28100 1 1 0 1 0
TARGET 28101 1 0 0 1 0
TARGET 28102 1 1 0 1 0
TARGET 28103 1 1 0 1 0
TARGET 28104 1 1 0 1 0
TARGET 28105 1 0 0 1 0
TARGET 28106 1 0 0 1 0
TARGET 28107 1 1 0 1 0
TARGET 28108 1 1 0 1 0
TARGET 28109 1 1 0 1 0
TARGET 28110 1 0 0 1 0
TARGET 28111 1 1 0 1 0
TARGET 28112 1 0 0 1 0
TARGET 28113 1 0 0 1 0
TARGET 28114 1 0 0 1 0
TARGET 28115 1 0 0 1 0
TARGET 28116 1 0 0 1 0
TARGET 28117 1 0 0 1 0
TARGET 28118 1 0 0 1 0
TARGET 28119 1 0 0 1 0
TARGET 28120 1 0 0 1 0
TARGET 28121 1 1 0 1 0
TARGET 28122 1 0 0 1 0
TARGET 28123 1 1 0 1 0
TARGET 28124 1 1 0 1 0
TARGET 28125 1 0 0 1 0
TARGET 28126 1 0 0 1 0
TARGET 28127 1 1 0 1 0
TARGET 28128 1 1 0 1 0
TARGET 28129 1 0 0 1 0
TARGET 28130 1 1 0 1 0
TARGET 28131 1 1 0 1 0
TARGET 28132 1 1 0 1 0
TARGET 28133 1 0 0 1 0
TARGET 28134 1 1 0 1 0
TARGET 28135 1 0 0 1 0
TARGET 28136 1 0 0 1 0
TARGET 28137 1 0 0 1 0
TARGET 28138 1 0 0 1 0
TARGET 28139 1 0 0 1 0
TARGET 28140 1 0 0 1 0
TARGET 28141 1 0 0 1 0
TARGET 28142 1 0 0 1 0
TARGET 28143 1 0 0 1 0
TARGET 28144 1 1 0 1 0
TARGET 28145 1 0 0 1 0
TARGET 28146 1 0 0 1 0
TARGET 28147 1 1 0 1 0
TARGET 28148 1 1 0 1 0
TARGET 28149 1 0 0 1 0
TARGET 28150 1 1 0 1 0
TARGET 28151 1 1 0 1 0
TARGET 28152 1 1 0 1 0
TARGET 28153 1 0 0 1 0
TARGET 28154 1 1 0 1 0
TARGET 28155 1 0 0 1 0
TARGET 28156 1 0 0 1 0
TARGET 28157 1 0 0 1 0
TARGET 28158 1 0 0 1 0
TARGET 28159 1 0 0 1 0
TARGET 28160 1 0 0 1 0
TARGET 28161 1 0 0 1 0
TARGET 28162 1 0 0 1 0
TARGET 28163 1 0 0 1 0
TARGET 28164 1 1 0 1 0
TARGET 28165 1 0 0 1 0
TARGET 28166 1 1 0 1 0
TARGET 28167 1 0 0 1 0
TARGET 28168 1 1 0 1 0
TARGET 28169 1 1 0 1 0
TARGET 28170 1 0 0 1 0
TARGET 28171 1 1 0 1 0
TARGET 28172 1 0 0 1 0
TARGET 28173 1 0 0 1 0
TARGET 28174 1 0 0 1 0
TARGET 28175 1 0 0 1 0
TARGET 28176 1 1 0 1 0
TARGET 28177 1 0 0 1 0
TARGET 28178 1 1 0 1 0
TARGET 28179 1 0 0 1 0
TARGET 28180 1 1 0 1 0
TARGET 28181 1 0 0 1 0
TARGET 28182 1 0 0 1 0
TARGET 28183 1 0 0 1 0
TARGET 28184 1 0 0 0 0
TARGET 28185 1 0 0 0 0
TARGET 28186 1 0 0 0 0
TARGET 28187 1 0 0 0 0
TARGET 28188 1 0 0 0 0
TARGET 28189 1 0 0 0 0
TARGET 28190 1 0 0 0 0
TARGET 28191 1 0 0 0 0
TARGET 28192 1 0 0 0 0
TARGET 28193 1 1 0 1 0
TARGET 28194 1 1 0 1 0
TARGET 28195 1 0 0 1 0
TARGET 28196 1 0 0 1 0
TARGET 28197 1 1 0 1 0
TARGET 28198 1 1 0 1 0
TARGET 28199 1 1 0 1 0
TARGET 28200 1 0 0 1 0
TARGET 28201 1 1 0 1 0
TARGET 28202 1 0 0 1 0
TARGET 28203 1 0 0 1 0
TARGET 28204 1 0 0 1 0
TARGET 28205 1 0 0 1 0
TARGET 28206 1 0 0 1 0
TARGET 28207 1 0 0 1 0
TARGET 28208 1 0 0 1 0
TARGET 28209 1 0 0 1 0
TARGET 28210 1 0 0 1 0
TARGET 28211 1 1 0 1 0
TARGET 28212 1 0 0 1 0
TARGET 28213 1 1 0 1 0
TARGET 28214 1 1 0 1 0
TARGET 28215 1 0 0 1 0
TARGET 28216 1 0 0 1 0
TARGET 28217 1 1 0 1 0
TARGET 28218 1 1 0 1 0
TARGET 28219 1 0 0 1 0
TARGET 28220 1 1 0 1 0
TARGET 28221 1 1 0 1 0
TARGET 28222 1 1 0 1 0
TARGET 28223 1 0 0 1 0
TARGET 28224 1 1 0 1 0
TARGET 28225 1 0 0 1 0
TARGET 28226 1 0 0 1 0
TARGET 28227 1 0 0 1 0
TARGET 28228 1 0 0 1 0
TARGET 28229 1 0 0 1 0
TARGET 28230 1 0 0 1 0
TARGET 28231 1 0 0 1 0
TARGET 28232 1 0 0 1 0
TARGET 28233 1 0 0 1 0
TARGET 28234 1 1 0 1 0
TARGET 28235 1 0 0 1 0
TARGET 28236 1 0 0 1 0
TARGET 28237 1 1 0 1 0
TARGET 28238 1 1 0 1 0
TARGET 28239 1 0 0 1 0
TARGET 28240 1 1 0 1 0
TARGET 28241 1 1 0 1 0
TARGET 28242 1 1 0 1 0
TARGET 28243 1 0 0 1 0
TARGET 28244 1 1 0 1 0
TARGET 28245 1 0 0 1 0
TARGET 28246 1 0 0 1 0
TARGET 28247 1 0 0 1 0
TARGET 28248 1 0 0 1 0
TARGET 28249 1 0 0 1 0
TARGET 28250 1 0 0 1 0
TARGET 28251 1 0 0 1 0
TARGET 28252 1 0 0 1 0
TARGET 28253 1 0 0 1 0
TARGET 28254 1 1 0 1 0
TARGET 28255 1 0 0 1 0
TARGET 28256 1 1 0 1 0
TARGET 28257 1 0 0 1 0
TARGET 28258 1 1 0 1 0
TARGET 28259 1 1 0 1 0
TARGET 28260 1 0 0 1 0
TARGET 28261 1 1 0 1 0
TARGET 28262 1 0 0 1 0
TARGET 28263 1 0 0 1 0
TARGET 28264 1 0 0 1 0
TARGET 28265 1 0 0 1 0
TARGET 28266 1 1 0 1 0
TARGET 28267 1 0 0 1 0
TARGET 28268 1 1 0 1 0
TARGET 28269 1 0 0 1 0
TARGET 28270 1 1 0 1 0
TARGET 28271 1 0 0 1 0
TARGET 28272 1 0 0 1 0
TARGET 28273 1 0 0 1 0
TARGET 28274 1 0 0 0 0
TARGET 28275 1 0 0 0 0
TARGET 28276 1 0 0 0 0
TARGET 28277 1 0 0 0 0
TARGET 28278 1 0 0 0 0
TARGET 28279 1 0 0 0 0
TARGET 28280 1 0 0 0 0
TARGET 28281 1 0 0 0 0
TARGET 28282 1 0 0 0 0
TARGET 28283 1 0 0 1 0
TARGET 28284 1 0 0 1 0
TARGET 28285 1 0 0 1 0
TARGET 28286 1 0 0 1 0
TARGET 28287 1 0 0 1 0
TARGET 28288 1 0 0 1 0
TARGET 28289 1 0 0 1 0
TARGET 28290 1 0 0 1 0
TARGET 28291 1 0 0 1 0
TARGET 28292 1 0 0 1 0
TARGET 28293 1 0 0 1 0
TARGET 28294 1 0 0 1 0
TARGET 28295 1 0 0 1 0
TARGET 28296 1 0 0 1 0
TARGET 28297 1 0 0 1 0
TARGET 28298 1 0 0 1 0
TARGET 28299 1 0 0 1 0
TARGET 28300 1 0 0 1 0
TARGET 28301 1 0 0 1 0
TARGET 28302 1 0 0 1 0
TARGET 28303 1 0 0 1 0
TARGET 28304 1 0 0 1 0
TARGET 28305 1 0 0 1 0
TARGET 28306 1 0 0 1 0
TARGET 28307 1 0 0 1 0
TARGET 28308 1 0 0 1 0
TARGET 28309 1 0 0 1 0
TARGET 28310 1 0 0 1 0
TARGET 28311 1 0 0 1 0
TARGET 28312 1 0 0 1 0
TARGET 28313 1 0 0 1 0
TARGET 28314 1 0 0 1 0
TARGET 28315 1 0 0 1 0
TARGET 28316 1 0 0 1 0
TARGET 28317 1 0 0 1 0
TARGET 28318 1 0 0 1 0
TARGET 28319 1 0 0 1 0
TARGET 28320 1 0 0 1 0
TARGET 28321 1 0 0 1 0
TARGET 28322 1 0 0 1 0
TARGET 28323 1 0 0 1 0
TARGET 28324 1 0 0 1 0
TARGET 28325 1 0 0 1 0
TARGET 28326 1 0 0 1 0
TARGET 28327 1 0 0 1 0
TARGET 28328 1 0 0 1 0
TARGET 28329 1 0 0 1 0
TARGET 28330 1 0 0 1 0
TARGET 28331 1 0 0 1 0
TARGET 28332 1 0 0 1 0
TARGET 28333 1 0 0 1 0
TARGET 28334 1 0 0 1 0
TARGET 28335 1 0 0 1 0
TARGET 28336 1 0 0 1 0
TARGET 28337 1 0 0 1 0
TARGET 28338 1 0 0 1 0
TARGET 28339 1 0 0 1 0
TARGET 28340 1 0 0 1 0
TARGET 28341 1 0 0 1 0
TARGET 28342 1 0 0 1 0
TARGET 28343 1 0 0 1 0
TARGET 28344 1 0 0 1 0
TARGET 28345 1 0 0 1 0
TARGET 28346 1 0 0 1 0
TARGET 28347 1 0 0 1 0
TARGET 28348 1 0 0 1 0
TARGET 28349 1 0 0 1 0
TARGET 28350 1 0 0 1 0
TARGET 28351 1 0 0 1 0
TARGET 28352 1 0 0 1 0
TARGET 28353 1 0 0 1 0
TARGET 28354 1 0 0 1 0
TARGET 28355 1 0 0 0 0
TARGET 28356 1 0 0 0 0
TARGET 28357 1 0 0 0 0
TARGET 28358 1 0 0 0 0
TARGET 28359 1 0 0 0 0
TARGET 28360 1 0 0 0 0
TARGET 28361 1 0 0 0 0
TARGET 28362 1 0 0 0 0
TARGET 28363 1 0 0 0 0
TARGET 28364 1 1 0 1 0
TARGET 28365 1 0 0 1 0
TARGET 28366 1 1 0 1 0
TARGET 28367 1 1 0 1 0
TARGET 28368 1 0 0 1 0
TARGET 28369 1 0 0 1 0
TARGET 28370 1 1 0 1 0
TARGET 28371 1 1 0 1 0
TARGET 28372 1 0 0 1 0
TARGET 28373 1 1 0 1 0
TARGET 28374 1 1 0 1 0
TARGET 28375 1 1 0 1 0
TARGET 28376 1 0 0 1 0
TARGET 28377 1 1 0 1 0
TARGET 28378 1 0 0 1 0
TARGET 28379 1 0 0 0 0
TARGET 28380 1 0 0 1 0
TARGET 28381 1 0 0 1 0
TARGET 28382 1 0 0 1 0
TARGET 28383 1 0 0 1 0
TARGET 28384 1 0 0 1 0
TARGET 28385 1 0 0 1 0
TARGET 28386 1 0 0 1 0
TARGET 28387 1 0 0 1 0
TARGET 28388 1 0 0 1 0
TARGET 28389 1 0 0 1 0
TARGET 28390 1 0 0 1 0
TARGET 28391 1 0 0 1 0
TARGET 28392 1 0 0 1 0
TARGET 28393 1 0 0 1 0
TARGET 28394 1 0 0 0 0
TARGET 28395 1 1 0 1 0
TARGET 28396 1 1 0 1 0
TARGET 28397 1 0 0 1 0
TARGET 28398 1 0 0 1 0
TARGET 28399 1 1 0 1 0
TARGET 28400 1 1 0 1 0
TARGET 28401 1 1 0 1 0
TARGET 28402 1 0 0 1 0
TARGET 28403 1 0 0 1 0
TARGET 28404 1 1 0 1 0
TARGET 28405 1 1 0 1 0
TARGET 28406 1 1 0 1 0
TARGET 28407 1 1 0 1 0
TARGET 28408 1 0 0 1 0
TARGET 28409 1 1 0 1 0
TARGET 28410 1 0 0 1 0
TARGET 28411 1 0 0 1 0
TARGET 28412 1 0 0 0 0
TARGET 28413 1 0 0 1 0
TARGET 28414 1 0 0 1 0
TARGET 28415 1 0 0 1 0
TARGET 28416 1 0 0 1 0
TARGET 28417 1 0 0 1 0
TARGET 28418 1 0 0 1 0
TARGET 28419 1 0 0 1 0
TARGET 28420 1 0 0 1 0
TARGET 28421 1 1 0 1 0
TARGET 28422 1 0 0 1 0
TARGET 28423 1 1 0 1 0
TARGET 28424 1 0 0 1 0
TARGET 28425 1 1 0 1 0
TARGET 28426 1 0 0 1 0
TARGET 28427 1 1 0 1 0
TARGET 28428 1 1 0 1 0
TARGET 28429 1 1 0 1 0
TARGET 28430 1 0 0 1 0
TARGET 28431 1 1 0 1 0
TARGET 28432 1 0 0 1 0
TARGET 28433 1 0 0 0 0
TARGET 28434 1 0 0 1 0
TARGET 28435 1 0 0 1 0
TARGET 28436 1 0 0 1 0
TARGET 28437 1 0 0 1 0
TARGET 28438 1 0 0 1 0
TARGET 28439 1 0 0 1 0
TARGET 28440 1 0 0 1 0
TARGET 28441 1 0 0 0 0
TARGET 28442 1 1 0 1 0
TARGET 28443 1 0 0 1 0
TARGET 28444 1 1 0 1 0
TARGET 28445 1 1 0 1 0
TARGET 28446 1 0 0 1 0
TARGET 28447 1 1 0 1 0
TARGET 28448 1 0 0 1 0
TARGET 28449 1 0 0 1 0
TARGET 28450 1 0 0 0 0
TARGET 28451 1 0 0 1 0
TARGET 28452 1 0 0 1 0
TARGET 28453 1 0 0 1 0
TARGET 28454 1 0 0 0 0
TARGET 28455 1 0 0 0 0
TARGET 28456 1 0 0 0 0
TARGET 28457 1 0 0 0 0
TARGET 28458 1 0 0 0 0
TARGET 28459 1 0 0 0 0
TARGET 28460 1 0 0 0 0
TARGET 28461 1 0 0 0 0
TARGET 28462 1 0 0 0 0
TARGET 28463 1 0 0 1 0
TARGET 28464 1 0 0 1 0
TARGET 28465 1 0 0 1 0
TARGET 28466 1 0 0 1 0
TARGET 28467 1 0 0 1 0
TARGET 28468 1 0 0 1 0
TARGET 28469 1 0 0 1 0
TARGET 28470 1 0 0 1 0
TARGET 28471 1 0 0 1 0
TARGET 28472 1 0 0 1 0
TARGET 28473 1 0 0 1 0
TARGET 28474 1 0 0 1 0
TARGET 28475 1 0 0 1 0
TARGET 28476 1 0 0 1 0
TARGET 28477 1 0 0 1 0
TARGET 28478 1 0 0 1 0
TARGET 28479 1 0 0 1 0
TARGET 28480 1 0 0 1 0
TARGET 28481 1 0 0 1 0
TARGET 28482 1 0 0 1 0
TARGET 28483 1 0 0 1 0
TARGET 28484 1 0 0 1 0
TARGET 28485 1 0 0 1 0
TARGET 28486 1 0 0 1 0
TARGET 28487 1 0 0 1 0
TARGET 28488 1 0 0 1 0
TARGET 28489 1 0 0 1 0
TARGET 28490 1 0 0 1 0
TARGET 28491 1 0 0 1 0
TARGET 28492 1 0 0 1 0
TARGET 28493 1 0 0 1 0
TARGET 28494 1 0 0 1 0
TARGET 28495 1 0 0 1 0
TARGET 28496 1 0 0 1 0
TARGET 28497 1 0 0 1 0
TARGET 28498 1 0 0 1 0
TARGET 28499 1 0 0 1 0
TARGET 28500 1 0 0 1 0
TARGET 28501 1 0 0 1 0
TARGET 28502 1 0 0 1 0
TARGET 28503 1 0 0 1 0
TARGET 28504 1 0 0 1 0
TARGET 28505 1 0 0 1 0
TARGET 28506 1 0 0 1 0
TARGET 28507 1 0 0 1 0
TARGET 28508 1 0 0 1 0
TARGET 28509 1 0 0 1 0
TARGET 28510 1 0 0 1 0
TARGET 28511 1 0 0 0 0
TARGET 28512 1 0 0 0 0
TARGET 28513 1 0 0 0 0
TARGET 28514 1 0 0 0 0
TARGET 28515 1 0 0 0 0
TARGET 28516 1 0 0 0 0
TARGET 28517 1 0 0 0 0
TARGET 28518 1 0 0 0 0
TARGET 28519 1 1 0 1 0
TARGET 28520 1 0 0 1 0
TARGET 28521 1 0 0 1 0
TARGET 28522 1 1 0 1 0
TARGET 28523 1 1 0 1 0
TARGET 28524 1 0 0 1 0
TARGET 28525 1 1 0 1 0
TARGET 28526 1 1 0 1 0
TARGET 28527 1 1 0 1 0
TARGET 28528 1 0 0 1 0
TARGET 28529 1 1 0 1 0
TARGET 28530 1 0 0 1 0
TARGET 28531 1 0 0 0 0
TARGET 28532 1 0 0 1 0
TARGET 28533 1 0 0 1 0
TARGET 28534 1 0 0 1 0
TARGET 28535 1 0 0 1 0
TARGET 28536 1 0 0 1 0
TARGET 28537 1 0 0 1 0
TARGET 28538 1 0 0 1 0
TARGET 28539 1 0 0 1 0
TARGET 28540 1 1 0 1 0
TARGET 28541 1 0 0 1 0
TARGET 28542 1 1 0 1 0
TARGET 28543 1 0 0 1 0
TARGET 28544 1 1 0 1 0
TARGET 28545 1 0 0 1 0
TARGET 28546 1 1 0 1 0
TARGET 28547 1 1 0 1 0
TARGET 28548 1 1 0 1 0
TARGET 28549 1 0 0 1 0
TARGET 28550 1 1 0 1 0
TARGET 28551 1 0 0 1 0
TARGET 28552 1 0 0 0 0
TARGET 28553 1 0 0 1 0
TARGET 28554 1 0 0 1 0
TARGET 28555 1 0 0 1 0
TARGET 28556 1 0 0 1 0
TARGET 28557 1 0 0 1 0
TARGET 28558 1 0 0 1 0
TARGET 28559 1 0 0 1 0
TARGET 28560 1 0 0 0 0
TARGET 28561 1 1 0 1 0
TARGET 28562 1 0 0 1 0
TARGET 28563 1 1 0 1 0
TARGET 28564 1 1 0 1 0
TARGET 28565 1 0 0 1 0
TARGET 28566 1 1 0 1 0
TARGET 28567 1 0 0 1 0
TARGET 28568 1 0 0 1 0
TARGET 28569 1 0 0 0 0
TARGET 28570 1 0 0 1 0
TARGET 28571 1 0 0 1 0
TARGET 28572 1 0 0 1 0
TARGET 28573 1 0 0 0 0
TARGET 28574 1 0 0 0 0
TARGET 28575 1 0 0 0 0
TARGET 28576 1 0 0 0 0
TARGET 28577 1 0 0 0 0
TARGET 28578 1 0 0 0 0
TARGET 28579 1 0 0 0 0
TARGET 28580 1 0 0 0 0
TARGET 28581 1 0 0 1 0
TARGET 28582 1 0 0 1 0
TARGET 28583 1 0 0 1 0
TARGET 28584 1 0 0 1 0
TARGET 28585 1 0 0 0 0
TARGET 28586 1 0 0 1 0
TARGET 28587 1 0 0 1 0
TARGET 28588 1 0 0 1 0
TARGET 28589 1 0 0 0 0
TARGET 28590 1 0 0 1 0
TARGET 28591 1 0 0 1 0
TARGET 28592 1 0 0 0 0
TARGET 28593 1 0 0 1 0
TARGET 28594 1 0 0 0 0
TARGET 28595 1 0 0 1 0
TARGET 28596 1 0 0 1 0
TARGET 28597 1 0 0 1 0
TARGET 28598 1 0 0 1 0
TARGET 28599 1 0 0 0 0
TARGET 28600 1 0 0 1 0
TARGET 28601 1 0 0 1 0
TARGET 28602 1 0 0 1 0
TARGET 28603 1 0 0 0 0
TARGET 28604 1 0 0 1 0
TARGET 28605 1 0 0 1 0
TARGET 28606 1 0 0 0 0
TARGET 28607 1 0 0 1 0
TARGET 28608 1 0 0 0 0
TARGET 28609 1 1 0 1 0
TARGET 28610 1 0 0 1 0
TARGET 28611 1 1 0 1 0
TARGET 28612 1 0 0 1 0
TARGET 28613 1 0 0 0 0
TARGET 28614 1 0 0 1 0
TARGET 28615 1 0 0 1 0
TARGET 28616 1 0 0 1 0
TARGET 28617 1 0 0 0 0
TARGET 28618 1 1 0 1 0
TARGET 28619 1 0 0 1 0
TARGET 28620 1 0 0 0 0
TARGET 28621 1 0 0 1 0
TARGET 28622 1 0 0 0 0
TARGET 28623 1 1 0 1 0
TARGET 28624 1 1 0 1 0
TARGET 28625 1 0 0 1 0
TARGET 28626 1 1 0 1 0
TARGET 28627 1 0 0 1 0
TARGET 28628 1 0 0 1 0
TARGET 28629 1 0 0 1 0
TARGET 28630 1 0 0 1 0
TARGET 28631 1 1 0 1 0
TARGET 28632 1 0 0 1 0
TARGET 28633 1 1 0 1 0
TARGET 28634 1 0 0 1 0
TARGET 28635 1 1 0 1 0
TARGET 28636 1 0 0 1 0
TARGET 28637 1 0 0 1 0
TARGET 28638 1 0 0 1 0
TARGET 28639 1 0 0 0 0
TARGET 28640 1 0 0 0 0
TARGET 28641 1 0 0 0 0
TARGET 28642 1 0 0 0 0
TARGET 28643 1 0 0 1 0
TARGET 28644 1 0 0 1 0
TARGET 28645 1 0 0 1 0
TARGET 28646 1 0 0 1 0
TARGET 28647 1 0 0 1 0
TARGET 28648 1 0 0 1 0
TARGET 28649 1 0 0 1 0
TARGET 28650 1 0 0 1 0
TARGET 28651 1 0 0 1 0
TARGET 28652 1 0 0 1 0
TARGET 28653 1 0 0 1 0
TARGET 28654 1 0 0 1 0
TARGET 28655 1 0 0 0 0
TARGET 28656 1 0 0 0 0
TARGET 28657 1 0 0 0 0
TARGET 28658 1 0 0 0 0
TARGET 28659 1 1 0 1 0
TARGET 28660 1 0 0 1 0
TARGET 28661 1 0 0 0 0
TARGET 28662 1 0 0 1 0
TARGET 28663 1 0 0 0 0
TARGET 28664 1 1 0 1 0
TARGET 28665 1 0 0 1 0
TARGET 28666 1 1 0 1 0
TARGET 28667 1 0 0 1 0
TARGET 28668 1 0 0 0 0
TARGET 28669 1 0 0 1 0
TARGET 28670 1 0 0 1 0
TARGET 28671 1 0 0 1 0
TARGET 28672 1 0 0 0 0
TARGET 28673 1 0 0 0 0
TARGET 28674 1 0 0 0 0
TARGET 28675 1 0 0 1 0
TARGET 28676 1 0 0 0 0
TARGET 28677 1 0 0 1 0
TARGET 28678 1 0 0 0 0
TARGET 28679 1 2 0 3 0
TARGET 28680 1 1 0 2 0
TARGET 28681 1 1 0 3 0
TARGET 28682 1 1 0 2 0
TARGET 28683 1 1 0 2 0
TARGET 28684 1 1 0 3 0
TARGET 28685 1 1 0 2 0
TARGET 28686 1 1 0 2 0
TARGET 28687 1 1 0 2 0
TARGET 28688 1 1 0 2 0
TARGET 28689 1 1 0 2 0
TARGET 28690 1 1 0 2 0
TARGET 28691 1 1 0 2 0
TARGET 28692 1 0 0 1 0
TARGET 28693 1 1 0 2 0
TARGET 28694 1 0 0 1 0
TARGET 28695 1 0 0 1 0
TARGET 28696 1 1 0 2 0
TARGET 28697 1 0 0 1 0
TARGET 28698 1 0 0 1 0
TARGET 28699 1 0 0 1 0
TARGET 28700 1 0 0 1 0
TARGET 28701 1 0 0 1 0
TARGET 28702 1 0 0 1 0
TARGET 28703 1 0 0 1 0
TARGET 28704 1 0 0 2 0
TARGET 28705 1 0 0 0 0
TARGET 28706 1 2 0 3 0
TARGET 28707 1 1 0 2 0
TARGET 28708 1 1 0 2 0
TARGET 28709 1 1 0 3 0
TARGET 28710 1 1 0 2 0
TARGET 28711 1 1 0 2 0
TARGET 28712 1 1 0 2 0
TARGET 28713 1 1 0 2 0
TARGET 28714 1 1 0 2 0
TARGET 28715 1 1 0 2 0
TARGET 28716 1 1 0 2 0
TARGET 28717 1 0 0 1 0
TARGET 28718 1 0 0 1 0
TARGET 28719 1 1 0 2 0
TARGET 28720 1 0 0 1 0
TARGET 28721 1 0 0 1 0
TARGET 28722 1 0 0 1 0
TARGET 28723 1 0 0 1 0
TARGET 28724 1 0 0 1 0
TARGET 28725 1 0 0 1 0
TARGET 28726 1 0 0 1 0
TARGET 28727 1 0 0 2 0
TARGET 28728 1 0 0 0 0
TARGET 28729 1 0 0 1 0
TARGET 28730 1 1 0 2 0
TARGET 28731 1 0 0 1 0
TARGET 28732 1 0 0 1 0
TARGET 28733 1 0 0 1 0
TARGET 28734 1 0 0 1 0
TARGET 28735 1 0 0 1 0
TARGET 28736 1 0 0 1 0
TARGET 28737 1 0 0 1 0
TARGET 28738 1 0 0 0 0
TARGET 28739 1 2 0 3 0
TARGET 28740 1 1 0 2 0
TARGET 28741 1 1 0 2 0
TARGET 28742 1 1 0 2 0
TARGET 28743 1 1 0 2 0
TARGET 28744 1 1 0 2 0
TARGET 28745 1 1 0 2 0
TARGET 28746 1 1 0 2 0
TARGET 28747 1 0 0 1 0
TARGET 28748 1 0 0 1 0
TARGET 28749 1 0 0 1 0
TARGET 28750 1 0 0 1 0
TARGET 28751 1 0 0 1 0
TARGET 28752 1 0 0 1 0
TARGET 28753 1 0 0 1 0
TARGET 28754 1 0 0 2 0
TARGET 28755 1 0 0 0 0
TARGET 28756 1 0 0 1 0
TARGET 28757 1 0 0 1 0
TARGET 28758 1 0 0 1 0
TARGET 28759 1 0 0 1 0
TARGET 28760 1 0 0 1 0
TARGET 28761 1 0 0 1 0
TARGET 28762 1 0 0 0 0
TARGET 28763 1 0 0 1 0
TARGET 28764 1 0 0 1 0
TARGET 28765 1 0 0 1 0
TARGET 28766 1 0 0 1 0
TARGET 28767 1 0 0 1 0
TARGET 28768 1 0 0 0 0
TARGET 28769 1 0 0 1 0
TARGET 28770 1 0 0 1 0
TARGET 28771 1 0 0 1 0
TARGET 28772 1 0 0 1 0
TARGET 28773 1 0 0 0 0
TARGET 28774 1 0 0 1 0
TARGET 28775 1 0 0 1 0
TARGET 28776 1 0 0 1 0
TARGET 28777 1 0 0 0 0
TARGET 28778 1 0 0 1 0
TARGET 28779 1 0 0 1 0
TARGET 28780 1 0 0 0 0
TARGET 28781 1 0 0 1 0
TARGET 28782 1 0 0 0 0
TARGET 28783 1 3 0 4 0
TARGET 28784 1 2 0 3 0
TARGET 28785 1 1 0 4 0
TARGET 28786 1 1 0 3 0
TARGET 28787 1 2 0 3 0
TARGET 28788 1 2 0 3 0
TARGET 28789 1 1 0 4 0
TARGET 28790 1 1 0 3 0
TARGET 28791 1 1 0 3 0
TARGET 28792 1 2 0 3 0
TARGET 28793 1 1 0 3 0
TARGET 28794 1 2 0 3 0
TARGET 28795 1 2 0 3 0
TARGET 28796 1 1 0 2 0
TARGET 28797 1 1 0 3 0
TARGET 28798 1 1 0 2 0
TARGET 28799 1 1 0 2 0
TARGET 28800 1 1 0 2 0
TARGET 28801 1 1 0 3 0
TARGET 28802 1 1 0 2 0
TARGET 28803 1 1 0 2 0
TARGET 28804 1 1 0 2 0
TARGET 28805 1 1 0 2 0
TARGET 28806 1 1 0 2 0
TARGET 28807 1 1 0 4 0
TARGET 28808 1 1 0 3 0
TARGET 28809 1 1 0 4 0
TARGET 28810 1 1 0 3 0
TARGET 28811 1 1 0 3 0
TARGET 28812 1 1 0 3 0
TARGET 28813 1 1 0 4 0
TARGET 28814 1 1 0 3 0
TARGET 28815 1 1 0 3 0
TARGET 28816 1 1 0 3 0
TARGET 28817 1 1 0 3 0
TARGET 28818 1 1 0 3 0
TARGET 28819 1 1 0 3 0
TARGET 28820 1 1 0 2 0
TARGET 28821 1 1 0 3 0
TARGET 28822 1 1 0 2 0
TARGET 28823 1 1 0 2 0
TARGET 28824 1 1 0 2 0
TARGET 28825 1 1 0 3 0
TARGET 28826 1 1 0 2 0
TARGET 28827 1 1 0 2 0
TARGET 28828 1 1 0 2 0
TARGET 28829 1 1 0 2 0
TARGET 28830 1 1 0 2 0
TARGET 28831 1 2 0 3 0
TARGET 28832 1 1 0 4 0
TARGET 28833 1 1 0 3 0
TARGET 28834 1 2 0 3 0
TARGET 28835 1 2 0 3 0
TARGET 28836 1 1 0 3 0
TARGET 28837 1 2 0 3 0
TARGET 28838 1 1 0 3 0
TARGET 28839 1 2 0 3 0
TARGET 28840 1 1 0 2 0
TARGET 28841 1 1 0 3 0
TARGET 28842 1 1 0 2 0
TARGET 28843 1 1 0 2 0
TARGET 28844 1 1 0 2 0
TARGET 28845 1 1 0 2 0
TARGET 28846 1 1 0 2 0
TARGET 28847 1 1 0 2 0
TARGET 28848 1 1 0 2 0
TARGET 28849 1 1 0 3 0
TARGET 28850 1 1 0 2 0
TARGET 28851 1 1 0 2 0
TARGET 28852 1 1 0 2 0
TARGET 28853 1 1 0 3 0
TARGET 28854 1 1 0 2 0
TARGET 28855 1 1 0 2 0
TARGET 28856 1 1 0 2 0
TARGET 28857 1 1 0 2 0
TARGET 28858 1 1 0 2 0
TARGET 28859 1 1 0 4 0
TARGET 28860 1 1 0 3 0
TARGET 28861 1 1 0 3 0
TARGET 28862 1 1 0 3 0
TARGET 28863 1 1 0 3 0
TARGET 28864 1 1 0 3 0
TARGET 28865 1 1 0 3 0
TARGET 28866 1 1 0 3 0
TARGET 28867 1 1 0 3 0
TARGET 28868 1 1 0 2 0
TARGET 28869 1 1 0 2 0
TARGET 28870 1 1 0 2 0
TARGET 28871 1 1 0 2 0
TARGET 28872 1 1 0 2 0
TARGET 28873 1 1 0 2 0
TARGET 28874 1 1 0 2 0
TARGET 28875 1 1 0 3 0
TARGET 28876 1 1 0 3 0
TARGET 28877 1 1 0 4 0
TARGET 28878 1 1 0 3 0
TARGET 28879 1 1 0 3 0
TARGET 28880 1 1 0 3 0
TARGET 28881 1 1 0 3 0
TARGET 28882 1 1 0 3 0
TARGET 28883 1 1 0 2 0
TARGET 28884 1 1 0 2 0
TARGET 28885 1 1 0 3 0
TARGET 28886 1 1 0 2 0
TARGET 28887 1 1 0 2 0
TARGET 28888 1 1 0 2 0
TARGET 28889 1 1 0 2 0
TARGET 28890 1 1 0 2 0
TARGET 28891 1 1 0 2 0
TARGET 28892 1 1 0 2 0
TARGET 28893 1 1 0 2 0
TARGET 28894 1 1 0 3 0
TARGET 28895 1 1 0 2 0
TARGET 28896 1 1 0 2 0
TARGET 28897 1 1 0 2 0
TARGET 28898 1 1 0 2 0
TARGET 28899 1 1 0 2 0
TARGET 28900 1 1 0 2 0
TARGET 28901 1 1 0 2 0
TARGET 28902 1 1 0 2 0
TARGET 28903 1 1 0 2 0
TARGET 28904 1 1 0 2 0
TARGET 28905 1 1 0 3 0
TARGET 28906 1 1 0 2 0
TARGET 28907 1 1 0 2 0
TARGET 28908 1 1 0 2 0
TARGET 28909 1 1 0 2 0
TARGET 28910 1 1 0 2 0
TARGET 28911 1 1 0 2 0
TARGET 28912 1 1 0 2 0
TARGET 28913 1 1 0 2 0
TARGET 28914 1 1 0 2 0
TARGET 28915 1 1 0 3 0
TARGET 28916 1 1 0 3 0
TARGET 28917 1 1 0 3 0
TARGET 28918 1 1 0 3 0
TARGET 28919 1 1 0 2 0
TARGET 28920 1 1 0 2 0
TARGET 28921 1 1 0 2 0
TARGET 28922 1 1 0 2 0
TARGET 28923 1 1 0 2 0
TARGET 28924 1 1 0 2 0
TARGET 28925 1 1 0 2 0
TARGET 28926 1 1 0 2 0
TARGET 28927 1 1 0 2 0
TARGET 28928 1 1 0 2 0
TARGET 28929 1 1 0 2 0
TARGET 28930 1 1 0 2 0
TARGET 28931 1 1 0 2 0
TARGET 28932 1 1 0 2 0
TARGET 28933 1 1 0 2 0
TARGET 28934 1 1 0 2 0
TARGET 28935 1 1 0 2 0
TARGET 28936 1 1 0 2 0
TARGET 28937 1 1 0 2 0
TARGET 28938 1 1 0 2 0
TARGET 28939 1 1 0 2 0
TARGET 28940 1 1 0 1 0
TARGET 28941 1 1 0 2 0
TARGET 28942 1 1 0 1 0
TARGET 28943 1 1 0 1 0
TARGET 28944 1 0 0 1 0
TARGET 28945 1 1 0 2 0
TARGET 28946 1 1 0 1 0
TARGET 28947 1 1 0 1 0
TARGET 28948 1 0 0 1 0
TARGET 28949 1 1 0 1 0
TARGET 28950 1 0 0 1 0
TARGET 28951 1 1 0 3 0
TARGET 28952 1 1 0 2 0
TARGET 28953 1 1 0 3 0
TARGET 28954 1 1 0 2 0
TARGET 28955 1 1 0 2 0
TARGET 28956 1 1 0 2 0
TARGET 28957 1 1 0 3 0
TARGET 28958 1 1 0 2 0
TARGET 28959 1 1 0 2 0
TARGET 28960 1 1 0 2 0
TARGET 28961 1 1 0 2 0
TARGET 28962 1 1 0 2 0
TARGET 28963 1 1 0 2 0
TARGET 28964 1 1 0 1 0
TARGET 28965 1 1 0 2 0
TARGET 28966 1 1 0 1 0
TARGET 28967 1 1 0 1 0
TARGET 28968 1 0 0 1 0
TARGET 28969 1 1 0 2 0
TARGET 28970 1 1 0 1 0
TARGET 28971 1 1 0 1 0
TARGET 28972 1 0 0 1 0
TARGET 28973 1 1 0 1 0
TARGET 28974 1 0 0 1 0
TARGET 28975 1 1 0 2 0
TARGET 28976 1 1 0 3 0
TARGET 28977 1 1 0 2 0
TARGET 28978 1 1 0 2 0
TARGET 28979 1 1 0 2 0
TARGET 28980 1 1 0 2 0
TARGET 28981 1 1 0 2 0
TARGET 28982 1 1 0 2 0
TARGET 28983 1 1 0 2 0
TARGET 28984 1 1 0 3 0
TARGET 28985 1 0 0 1 0
TARGET 28986 1 1 0 2 0
TARGET 28987 1 1 0 1 0
TARGET 28988 1 1 0 1 0
TARGET 28989 1 0 0 1 0
TARGET 28990 1 1 0 1 0
TARGET 28991 1 0 0 1 0
TARGET 28992 1 1 0 1 0
TARGET 28993 1 0 0 1 0
TARGET 28994 1 0 0 2 0
TARGET 28995 1 1 0 2 0
TARGET 28996 1 0 0 1 0
TARGET 28997 1 0 0 1 0
TARGET 28998 1 0 0 1 0
TARGET 28999 1 1 0 2 0
TARGET 29000 1 0 0 1 0
PASS_1962_MONOMIAL_INTERVAL 28001 29000 1000 0
