TARGET 19001 1 0 0 0 0
TARGET 19002 1 0 0 1 0
TARGET 19003 1 0 0 0 0
TARGET 19004 1 0 0 1 0
TARGET 19005 1 1 0 1 0
TARGET 19006 1 1 0 1 0
TARGET 19007 1 1 0 2 0
TARGET 19008 1 1 0 1 0
TARGET 19009 1 1 0 1 0
TARGET 19010 1 0 0 1 0
TARGET 19011 1 0 0 1 0
TARGET 19012 1 1 0 2 0
TARGET 19013 1 0 0 1 0
TARGET 19014 1 1 0 2 0
TARGET 19015 1 0 0 1 0
TARGET 19016 1 0 0 1 0
TARGET 19017 1 0 0 1 0
TARGET 19018 1 0 0 1 0
TARGET 19019 1 1 0 1 0
TARGET 19020 1 1 0 2 0
TARGET 19021 1 1 0 1 0
TARGET 19022 1 1 0 1 0
TARGET 19023 1 0 0 1 0
TARGET 19024 1 0 0 1 0
TARGET 19025 1 1 0 1 0
TARGET 19026 1 1 0 2 0
TARGET 19027 1 1 0 1 0
TARGET 19028 1 1 0 1 0
TARGET 19029 1 0 0 1 0
TARGET 19030 1 0 0 1 0
TARGET 19031 1 1 0 2 0
TARGET 19032 1 1 0 2 0
TARGET 19033 1 1 0 3 0
TARGET 19034 1 1 0 2 0
TARGET 19035 1 1 0 2 0
TARGET 19036 1 1 0 2 0
TARGET 19037 1 1 0 2 0
TARGET 19038 1 1 0 3 0
TARGET 19039 1 1 0 1 0
TARGET 19040 1 1 0 2 0
TARGET 19041 1 1 0 1 0
TARGET 19042 1 1 0 1 0
TARGET 19043 1 0 0 1 0
TARGET 19044 1 0 0 1 0
TARGET 19045 1 1 0 2 0
TARGET 19046 1 1 0 1 0
TARGET 19047 1 0 0 1 0
TARGET 19048 1 0 0 1 0
TARGET 19049 1 1 0 2 0
TARGET 19050 1 1 0 1 0
TARGET 19051 1 1 0 1 0
TARGET 19052 1 0 0 1 0
TARGET 19053 1 0 0 1 0
TARGET 19054 1 1 0 2 0
TARGET 19055 1 1 0 2 0
TARGET 19056 1 0 0 1 0
TARGET 19057 1 0 0 1 0
TARGET 19058 1 0 0 1 0
TARGET 19059 1 0 0 1 0
TARGET 19060 1 1 0 2 0
TARGET 19061 1 1 0 2 0
TARGET 19062 1 0 0 1 0
TARGET 19063 1 0 0 1 0
TARGET 19064 1 0 0 1 0
TARGET 19065 1 0 0 1 0
TARGET 19066 1 1 0 2 0
TARGET 19067 1 0 0 0 0
TARGET 19068 1 0 0 0 0
TARGET 19069 1 0 0 0 0
TARGET 19070 1 1 0 1 0
TARGET 19071 1 0 0 0 0
TARGET 19072 1 0 0 0 0
TARGET 19073 1 0 0 0 0
TARGET 19074 1 0 0 0 0
TARGET 19075 1 1 0 1 0
TARGET 19076 1 0 0 1 0
TARGET 19077 1 1 0 2 0
TARGET 19078 1 0 0 1 0
TARGET 19079 1 0 0 1 0
TARGET 19080 1 0 0 1 0
TARGET 19081 1 0 0 1 0
TARGET 19082 1 0 0 0 0
TARGET 19083 1 2 0 3 0
TARGET 19084 1 1 0 2 0
TARGET 19085 1 1 0 2 0
TARGET 19086 1 1 0 2 0
TARGET 19087 1 1 0 2 0
TARGET 19088 1 0 0 1 0
TARGET 19089 1 0 0 1 0
TARGET 19090 1 0 0 1 0
TARGET 19091 1 0 0 1 0
TARGET 19092 1 0 0 2 0
TARGET 19093 1 0 0 0 0
TARGET 19094 1 0 0 1 0
TARGET 19095 1 0 0 1 0
TARGET 19096 1 0 0 1 0
TARGET 19097 1 0 0 0 0
TARGET 19098 1 0 0 1 0
TARGET 19099 1 0 0 1 0
TARGET 19100 1 0 0 0 0
TARGET 19101 1 0 0 1 0
TARGET 19102 1 0 0 0 0
TARGET 19103 1 1 0 1 0
TARGET 19104 1 1 0 2 0
TARGET 19105 1 1 0 1 0
TARGET 19106 1 1 0 1 0
TARGET 19107 1 0 0 1 0
TARGET 19108 1 0 0 1 0
TARGET 19109 1 0 0 0 0
TARGET 19110 1 1 0 3 0
TARGET 19111 1 1 0 2 0
TARGET 19112 1 1 0 2 0
TARGET 19113 1 1 0 2 0
TARGET 19114 1 1 0 2 0
TARGET 19115 1 1 0 1 0
TARGET 19116 1 1 0 1 0
TARGET 19117 1 0 0 1 0
TARGET 19118 1 0 0 1 0
TARGET 19119 1 0 0 2 0
TARGET 19120 1 0 0 0 0
TARGET 19121 1 1 0 1 0
TARGET 19122 1 0 0 1 0
TARGET 19123 1 0 0 1 0
TARGET 19124 1 0 0 0 0
TARGET 19125 1 0 0 1 0
TARGET 19126 1 0 0 1 0
TARGET 19127 1 0 0 0 0
TARGET 19128 1 0 0 1 0
TARGET 19129 1 0 0 0 0
TARGET 19130 1 1 0 1 0
TARGET 19131 1 1 0 2 0
TARGET 19132 1 1 0 1 0
TARGET 19133 1 1 0 1 0
TARGET 19134 1 0 0 1 0
TARGET 19135 1 0 0 1 0
TARGET 19136 1 1 0 2 0
TARGET 19137 1 1 0 2 0
TARGET 19138 1 1 0 3 0
TARGET 19139 1 1 0 2 0
TARGET 19140 1 1 0 2 0
TARGET 19141 1 1 0 2 0
TARGET 19142 1 1 0 2 0
TARGET 19143 1 1 0 3 0
TARGET 19144 1 1 0 1 0
TARGET 19145 1 1 0 2 0
TARGET 19146 1 1 0 1 0
TARGET 19147 1 1 0 1 0
TARGET 19148 1 0 0 1 0
TARGET 19149 1 0 0 1 0
TARGET 19150 1 1 0 2 0
TARGET 19151 1 1 0 1 0
TARGET 19152 1 0 0 1 0
TARGET 19153 1 0 0 1 0
TARGET 19154 1 1 0 2 0
TARGET 19155 1 1 0 1 0
TARGET 19156 1 1 0 1 0
TARGET 19157 1 0 0 1 0
TARGET 19158 1 0 0 1 0
TARGET 19159 1 1 0 2 0
TARGET 19160 1 1 0 2 0
TARGET 19161 1 0 0 1 0
TARGET 19162 1 0 0 1 0
TARGET 19163 1 0 0 1 0
TARGET 19164 1 0 0 1 0
TARGET 19165 1 1 0 2 0
TARGET 19166 1 1 0 2 0
TARGET 19167 1 0 0 1 0
TARGET 19168 1 0 0 1 0
TARGET 19169 1 0 0 1 0
TARGET 19170 1 0 0 1 0
TARGET 19171 1 1 0 2 0
TARGET 19172 1 0 0 0 0
TARGET 19173 1 1 0 1 0
TARGET 19174 1 0 0 0 0
TARGET 19175 1 0 0 0 0
TARGET 19176 1 0 0 0 0
TARGET 19177 1 0 0 0 0
TARGET 19178 1 1 0 1 0
TARGET 19179 1 2 0 3 0
TARGET 19180 1 1 0 4 0
TARGET 19181 1 1 0 3 0
TARGET 19182 1 1 0 3 0
TARGET 19183 1 2 0 3 0
TARGET 19184 1 2 0 3 0
TARGET 19185 1 1 0 4 0
TARGET 19186 1 1 0 2 0
TARGET 19187 1 1 0 3 0
TARGET 19188 1 1 0 2 0
TARGET 19189 1 1 0 2 0
TARGET 19190 1 1 0 2 0
TARGET 19191 1 1 0 2 0
TARGET 19192 1 1 0 3 0
TARGET 19193 1 1 0 2 0
TARGET 19194 1 1 0 2 0
TARGET 19195 1 1 0 2 0
TARGET 19196 1 1 0 3 0
TARGET 19197 1 1 0 2 0
TARGET 19198 1 1 0 2 0
TARGET 19199 1 1 0 2 0
TARGET 19200 1 1 0 2 0
TARGET 19201 1 1 0 3 0
TARGET 19202 1 1 0 3 0
TARGET 19203 1 1 0 2 0
TARGET 19204 1 1 0 2 0
TARGET 19205 1 1 0 2 0
TARGET 19206 1 1 0 2 0
TARGET 19207 1 1 0 3 0
TARGET 19208 1 1 0 3 0
TARGET 19209 1 1 0 2 0
TARGET 19210 1 1 0 2 0
TARGET 19211 1 1 0 2 0
TARGET 19212 1 1 0 2 0
TARGET 19213 1 1 0 3 0
TARGET 19214 1 1 0 1 0
TARGET 19215 1 1 0 2 0
TARGET 19216 1 1 0 1 0
TARGET 19217 1 1 0 1 0
TARGET 19218 1 0 0 1 0
TARGET 19219 1 0 0 1 0
TARGET 19220 1 1 0 2 0
TARGET 19221 1 1 0 1 0
TARGET 19222 1 0 0 1 0
TARGET 19223 1 0 0 1 0
TARGET 19224 1 1 0 2 0
TARGET 19225 1 1 0 1 0
TARGET 19226 1 1 0 1 0
TARGET 19227 1 0 0 1 0
TARGET 19228 1 0 0 1 0
TARGET 19229 1 1 0 2 0
TARGET 19230 1 0 0 2 0
TARGET 19231 1 1 0 2 0
TARGET 19232 1 0 0 1 0
TARGET 19233 1 0 0 1 0
TARGET 19234 1 0 0 1 0
TARGET 19235 1 0 0 1 0
TARGET 19236 1 1 0 2 0
TARGET 19237 1 1 0 2 0
TARGET 19238 1 0 0 1 0
TARGET 19239 1 0 0 1 0
TARGET 19240 1 0 0 1 0
TARGET 19241 1 0 0 1 0
TARGET 19242 1 1 0 2 0
TARGET 19243 1 1 0 3 0
TARGET 19244 1 0 0 2 0
TARGET 19245 1 0 0 2 0
TARGET 19246 1 0 0 2 0
TARGET 19247 1 0 0 2 0
TARGET 19248 1 1 0 3 0
TARGET 19249 1 0 0 0 0
TARGET 19250 1 1 0 1 0
TARGET 19251 1 0 0 0 0
TARGET 19252 1 0 0 0 0
TARGET 19253 1 0 0 0 0
TARGET 19254 1 0 0 0 0
TARGET 19255 1 1 0 1 0
TARGET 19256 1 1 0 1 0
TARGET 19257 1 0 0 1 0
TARGET 19258 1 0 0 1 0
TARGET 19259 1 1 0 2 0
TARGET 19260 1 1 0 1 0
TARGET 19261 1 1 0 1 0
TARGET 19262 1 0 0 1 0
TARGET 19263 1 0 0 1 0
TARGET 19264 1 1 0 2 0
TARGET 19265 1 0 0 0 0
TARGET 19266 1 0 0 1 0
TARGET 19267 1 0 0 1 0
TARGET 19268 1 1 0 2 0
TARGET 19269 1 0 0 1 0
TARGET 19270 1 0 0 1 0
TARGET 19271 1 0 0 1 0
TARGET 19272 1 0 0 1 0
TARGET 19273 1 1 0 2 0
TARGET 19274 1 0 0 0 0
TARGET 19275 1 0 0 1 0
TARGET 19276 1 1 0 2 0
TARGET 19277 1 0 0 1 0
TARGET 19278 1 0 0 1 0
TARGET 19279 1 0 0 1 0
TARGET 19280 1 0 0 1 0
TARGET 19281 1 1 0 2 0
TARGET 19282 1 0 0 0 0
TARGET 19283 1 1 0 1 0
TARGET 19284 1 0 0 0 0
TARGET 19285 1 0 0 0 0
TARGET 19286 1 0 0 0 0
TARGET 19287 1 0 0 0 0
TARGET 19288 1 1 0 1 0
TARGET 19289 1 1 0 2 0
TARGET 19290 1 0 0 1 0
TARGET 19291 1 0 0 1 0
TARGET 19292 1 0 0 1 0
TARGET 19293 1 0 0 1 0
TARGET 19294 1 1 0 2 0
TARGET 19295 1 1 0 2 0
TARGET 19296 1 0 0 1 0
TARGET 19297 1 0 0 1 0
TARGET 19298 1 0 0 1 0
TARGET 19299 1 0 0 1 0
TARGET 19300 1 1 0 2 0
TARGET 19301 1 1 0 1 0
TARGET 19302 1 0 0 0 0
TARGET 19303 1 0 0 0 0
TARGET 19304 1 0 0 0 0
TARGET 19305 1 0 0 0 0
TARGET 19306 1 1 0 1 0
TARGET 19307 1 1 0 2 0
TARGET 19308 1 0 0 1 0
TARGET 19309 1 0 0 1 0
TARGET 19310 1 0 0 1 0
TARGET 19311 1 0 0 1 0
TARGET 19312 1 1 0 2 0
TARGET 19313 1 1 0 1 0
TARGET 19314 1 0 0 0 0
TARGET 19315 1 0 0 0 0
TARGET 19316 1 0 0 0 0
TARGET 19317 1 0 0 0 0
TARGET 19318 1 1 0 1 0
TARGET 19319 1 0 0 1 0
TARGET 19320 1 0 0 1 0
TARGET 19321 1 0 0 1 0
TARGET 19322 1 0 0 1 0
TARGET 19323 1 0 0 1 0
TARGET 19324 1 0 0 1 0
TARGET 19325 1 0 0 1 0
TARGET 19326 1 0 0 1 0
TARGET 19327 1 0 0 1 0
TARGET 19328 1 0 0 1 0
TARGET 19329 1 0 0 1 0
TARGET 19330 1 0 0 1 0
TARGET 19331 1 0 0 1 0
TARGET 19332 1 0 0 1 0
TARGET 19333 1 0 0 1 0
TARGET 19334 1 0 0 1 0
TARGET 19335 1 0 0 1 0
TARGET 19336 1 0 0 1 0
TARGET 19337 1 0 0 1 0
TARGET 19338 1 0 0 1 0
TARGET 19339 1 0 0 1 0
TARGET 19340 1 0 0 1 0
TARGET 19341 1 0 0 1 0
TARGET 19342 1 0 0 1 0
TARGET 19343 1 0 0 1 0
TARGET 19344 1 0 0 1 0
TARGET 19345 1 0 0 1 0
TARGET 19346 1 0 0 1 0
TARGET 19347 1 0 0 1 0
TARGET 19348 1 0 0 1 0
TARGET 19349 1 0 0 1 0
TARGET 19350 1 0 0 1 0
TARGET 19351 1 0 0 1 0
TARGET 19352 1 0 0 1 0
TARGET 19353 1 0 0 1 0
TARGET 19354 1 0 0 1 0
TARGET 19355 1 0 0 1 0
TARGET 19356 1 0 0 1 0
TARGET 19357 1 0 0 1 0
TARGET 19358 1 0 0 1 0
TARGET 19359 1 0 0 1 0
TARGET 19360 1 0 0 1 0
TARGET 19361 1 0 0 1 0
TARGET 19362 1 0 0 1 0
TARGET 19363 1 0 0 1 0
TARGET 19364 1 0 0 1 0
TARGET 19365 1 0 0 1 0
TARGET 19366 1 0 0 1 0
TARGET 19367 1 0 0 1 0
TARGET 19368 1 0 0 1 0
TARGET 19369 1 0 0 1 0
TARGET 19370 1 0 0 1 0
TARGET 19371 1 0 0 1 0
TARGET 19372 1 0 0 1 0
TARGET 19373 1 0 0 1 0
TARGET 19374 1 0 0 1 0
TARGET 19375 1 0 0 1 0
TARGET 19376 1 0 0 1 0
TARGET 19377 1 0 0 1 0
TARGET 19378 1 0 0 1 0
TARGET 19379 1 0 0 1 0
TARGET 19380 1 0 0 1 0
TARGET 19381 1 0 0 1 0
TARGET 19382 1 0 0 1 0
TARGET 19383 1 0 0 1 0
TARGET 19384 1 0 0 1 0
TARGET 19385 1 0 0 1 0
TARGET 19386 1 0 0 1 0
TARGET 19387 1 0 0 1 0
TARGET 19388 1 0 0 1 0
TARGET 19389 1 0 0 1 0
TARGET 19390 1 0 0 1 0
TARGET 19391 1 0 0 1 0
TARGET 19392 1 0 0 1 0
TARGET 19393 1 0 0 1 0
TARGET 19394 1 0 0 1 0
TARGET 19395 1 0 0 1 0
TARGET 19396 1 0 0 1 0
TARGET 19397 1 0 0 1 0
TARGET 19398 1 0 0 1 0
TARGET 19399 1 0 0 1 0
TARGET 19400 1 0 0 1 0
TARGET 19401 1 0 0 1 0
TARGET 19402 1 0 0 1 0
TARGET 19403 1 0 0 1 0
TARGET 19404 1 0 0 1 0
TARGET 19405 1 0 0 1 0
TARGET 19406 1 0 0 1 0
TARGET 19407 1 0 0 1 0
TARGET 19408 1 0 0 1 0
TARGET 19409 1 0 0 1 0
TARGET 19410 1 0 0 1 0
TARGET 19411 1 0 0 1 0
TARGET 19412 1 0 0 1 0
TARGET 19413 1 0 0 1 0
TARGET 19414 1 0 0 1 0
TARGET 19415 1 0 0 1 0
TARGET 19416 1 0 0 1 0
TARGET 19417 1 0 0 1 0
TARGET 19418 1 0 0 1 0
TARGET 19419 1 0 0 0 0
TARGET 19420 1 0 0 0 0
TARGET 19421 1 0 0 0 0
TARGET 19422 1 0 0 0 0
TARGET 19423 1 0 0 0 0
TARGET 19424 1 0 0 0 0
TARGET 19425 1 0 0 0 0
TARGET 19426 1 0 0 0 0
TARGET 19427 1 0 0 0 0
TARGET 19428 1 0 0 0 0
TARGET 19429 1 1 0 1 0
TARGET 19430 1 0 0 1 0
TARGET 19431 1 1 0 1 0
TARGET 19432 1 1 0 1 0
TARGET 19433 1 0 0 1 0
TARGET 19434 1 1 0 1 0
TARGET 19435 1 1 0 1 0
TARGET 19436 1 0 0 1 0
TARGET 19437 1 0 0 1 0
TARGET 19438 1 1 0 1 0
TARGET 19439 1 0 0 1 0
TARGET 19440 1 1 0 1 0
TARGET 19441 1 0 0 1 0
TARGET 19442 1 1 0 1 0
TARGET 19443 1 0 0 1 0
TARGET 19444 1 1 0 1 0
TARGET 19445 1 1 0 1 0
TARGET 19446 1 1 0 1 0
TARGET 19447 1 0 0 0 0
TARGET 19448 1 0 0 1 0
TARGET 19449 1 0 0 1 0
TARGET 19450 1 0 0 1 0
TARGET 19451 1 0 0 1 0
TARGET 19452 1 0 0 1 0
TARGET 19453 1 0 0 1 0
TARGET 19454 1 0 0 1 0
TARGET 19455 1 0 0 1 0
TARGET 19456 1 0 0 1 0
TARGET 19457 1 0 0 1 0
TARGET 19458 1 0 0 1 0
TARGET 19459 1 0 0 1 0
TARGET 19460 1 0 0 1 0
TARGET 19461 1 0 0 1 0
TARGET 19462 1 0 0 1 0
TARGET 19463 1 0 0 1 0
TARGET 19464 1 0 0 1 0
TARGET 19465 1 0 0 0 0
TARGET 19466 1 1 0 1 0
TARGET 19467 1 1 0 1 0
TARGET 19468 1 0 0 1 0
TARGET 19469 1 0 0 1 0
TARGET 19470 1 1 0 1 0
TARGET 19471 1 1 0 1 0
TARGET 19472 1 1 0 1 0
TARGET 19473 1 0 0 1 0
TARGET 19474 1 0 0 1 0
TARGET 19475 1 0 0 1 0
TARGET 19476 1 1 0 1 0
TARGET 19477 1 0 0 1 0
TARGET 19478 1 1 0 1 0
TARGET 19479 1 0 0 1 0
TARGET 19480 1 1 0 1 0
TARGET 19481 1 0 0 1 0
TARGET 19482 1 1 0 1 0
TARGET 19483 1 1 0 1 0
TARGET 19484 1 1 0 1 0
TARGET 19485 1 1 0 1 0
TARGET 19486 1 1 0 1 0
TARGET 19487 1 1 0 1 0
TARGET 19488 1 0 0 0 0
TARGET 19489 1 0 0 1 0
TARGET 19490 1 0 0 1 0
TARGET 19491 1 0 0 1 0
TARGET 19492 1 0 0 1 0
TARGET 19493 1 0 0 1 0
TARGET 19494 1 0 0 1 0
TARGET 19495 1 0 0 1 0
TARGET 19496 1 0 0 1 0
TARGET 19497 1 0 0 1 0
TARGET 19498 1 0 0 1 0
TARGET 19499 1 0 0 1 0
TARGET 19500 1 0 0 1 0
TARGET 19501 1 0 0 1 0
TARGET 19502 1 0 0 1 0
TARGET 19503 1 0 0 0 0
TARGET 19504 1 1 0 1 0
TARGET 19505 1 1 0 1 0
TARGET 19506 1 0 0 1 0
TARGET 19507 1 0 0 1 0
TARGET 19508 1 0 0 1 0
TARGET 19509 1 1 0 1 0
TARGET 19510 1 0 0 1 0
TARGET 19511 1 1 0 1 0
TARGET 19512 1 0 0 1 0
TARGET 19513 1 1 0 1 0
TARGET 19514 1 0 0 1 0
TARGET 19515 1 1 0 1 0
TARGET 19516 1 1 0 1 0
TARGET 19517 1 1 0 1 0
TARGET 19518 1 1 0 1 0
TARGET 19519 1 1 0 1 0
TARGET 19520 1 1 0 1 0
TARGET 19521 1 0 0 0 0
TARGET 19522 1 0 0 1 0
TARGET 19523 1 0 0 1 0
TARGET 19524 1 0 0 1 0
TARGET 19525 1 0 0 1 0
TARGET 19526 1 0 0 1 0
TARGET 19527 1 0 0 1 0
TARGET 19528 1 0 0 1 0
TARGET 19529 1 0 0 1 0
TARGET 19530 1 0 0 1 0
TARGET 19531 1 0 0 1 0
TARGET 19532 1 0 0 1 0
TARGET 19533 1 0 0 0 0
TARGET 19534 1 0 0 1 0
TARGET 19535 1 1 0 1 0
TARGET 19536 1 0 0 1 0
TARGET 19537 1 1 0 1 0
TARGET 19538 1 0 0 1 0
TARGET 19539 1 1 0 1 0
TARGET 19540 1 0 0 1 0
TARGET 19541 1 0 0 1 0
TARGET 19542 1 1 0 1 0
TARGET 19543 1 0 0 1 0
TARGET 19544 1 1 0 1 0
TARGET 19545 1 0 0 1 0
TARGET 19546 1 1 0 1 0
TARGET 19547 1 0 0 1 0
TARGET 19548 1 0 0 1 0
TARGET 19549 1 1 0 1 0
TARGET 19550 1 0 0 1 0
TARGET 19551 1 1 0 1 0
TARGET 19552 1 0 0 1 0
TARGET 19553 1 1 0 1 0
TARGET 19554 1 0 0 1 0
TARGET 19555 1 1 0 1 0
TARGET 19556 1 1 0 1 0
TARGET 19557 1 1 0 1 0
TARGET 19558 1 0 0 0 0
TARGET 19559 1 1 0 1 0
TARGET 19560 1 1 0 1 0
TARGET 19561 1 0 0 0 0
TARGET 19562 1 1 0 1 0
TARGET 19563 1 0 0 0 0
TARGET 19564 1 0 0 0 0
TARGET 19565 1 0 0 0 0
TARGET 19566 1 0 0 0 0
TARGET 19567 1 0 0 0 0
TARGET 19568 1 0 0 0 0
TARGET 19569 1 0 0 0 0
TARGET 19570 1 0 0 0 0
TARGET 19571 1 0 0 0 0
TARGET 19572 1 0 0 0 0
TARGET 19573 1 0 0 1 0
TARGET 19574 1 0 0 1 0
TARGET 19575 1 0 0 1 0
TARGET 19576 1 0 0 1 0
TARGET 19577 1 0 0 1 0
TARGET 19578 1 0 0 1 0
TARGET 19579 1 0 0 1 0
TARGET 19580 1 0 0 1 0
TARGET 19581 1 0 0 1 0
TARGET 19582 1 0 0 1 0
TARGET 19583 1 0 0 1 0
TARGET 19584 1 0 0 1 0
TARGET 19585 1 0 0 1 0
TARGET 19586 1 0 0 1 0
TARGET 19587 1 0 0 1 0
TARGET 19588 1 0 0 1 0
TARGET 19589 1 0 0 1 0
TARGET 19590 1 0 0 1 0
TARGET 19591 1 0 0 1 0
TARGET 19592 1 0 0 1 0
TARGET 19593 1 0 0 1 0
TARGET 19594 1 0 0 1 0
TARGET 19595 1 0 0 1 0
TARGET 19596 1 0 0 1 0
TARGET 19597 1 0 0 1 0
TARGET 19598 1 0 0 1 0
TARGET 19599 1 0 0 1 0
TARGET 19600 1 0 0 1 0
TARGET 19601 1 0 0 1 0
TARGET 19602 1 0 0 1 0
TARGET 19603 1 0 0 1 0
TARGET 19604 1 0 0 1 0
TARGET 19605 1 0 0 1 0
TARGET 19606 1 0 0 1 0
TARGET 19607 1 0 0 1 0
TARGET 19608 1 0 0 1 0
TARGET 19609 1 0 0 1 0
TARGET 19610 1 0 0 1 0
TARGET 19611 1 0 0 1 0
TARGET 19612 1 0 0 1 0
TARGET 19613 1 0 0 1 0
TARGET 19614 1 0 0 1 0
TARGET 19615 1 0 0 1 0
TARGET 19616 1 0 0 1 0
TARGET 19617 1 0 0 1 0
TARGET 19618 1 0 0 1 0
TARGET 19619 1 0 0 1 0
TARGET 19620 1 0 0 1 0
TARGET 19621 1 0 0 1 0
TARGET 19622 1 0 0 1 0
TARGET 19623 1 0 0 1 0
TARGET 19624 1 0 0 1 0
TARGET 19625 1 0 0 1 0
TARGET 19626 1 0 0 1 0
TARGET 19627 1 0 0 1 0
TARGET 19628 1 0 0 1 0
TARGET 19629 1 0 0 1 0
TARGET 19630 1 0 0 1 0
TARGET 19631 1 0 0 1 0
TARGET 19632 1 0 0 1 0
TARGET 19633 1 0 0 1 0
TARGET 19634 1 0 0 1 0
TARGET 19635 1 0 0 1 0
TARGET 19636 1 0 0 1 0
TARGET 19637 1 0 0 1 0
TARGET 19638 1 0 0 1 0
TARGET 19639 1 0 0 1 0
TARGET 19640 1 0 0 1 0
TARGET 19641 1 0 0 1 0
TARGET 19642 1 0 0 1 0
TARGET 19643 1 0 0 1 0
TARGET 19644 1 0 0 1 0
TARGET 19645 1 0 0 0 0
TARGET 19646 1 0 0 0 0
TARGET 19647 1 0 0 0 0
TARGET 19648 1 0 0 0 0
TARGET 19649 1 0 0 0 0
TARGET 19650 1 0 0 0 0
TARGET 19651 1 0 0 0 0
TARGET 19652 1 0 0 0 0
TARGET 19653 1 0 0 0 0
TARGET 19654 1 1 0 1 0
TARGET 19655 1 0 0 1 0
TARGET 19656 1 1 0 1 0
TARGET 19657 1 1 0 1 0
TARGET 19658 1 0 0 1 0
TARGET 19659 1 0 0 1 0
TARGET 19660 1 1 0 1 0
TARGET 19661 1 0 0 1 0
TARGET 19662 1 1 0 1 0
TARGET 19663 1 0 0 1 0
TARGET 19664 1 1 0 1 0
TARGET 19665 1 0 0 1 0
TARGET 19666 1 1 0 1 0
TARGET 19667 1 1 0 1 0
TARGET 19668 1 1 0 1 0
TARGET 19669 1 0 0 0 0
TARGET 19670 1 0 0 1 0
TARGET 19671 1 0 0 1 0
TARGET 19672 1 0 0 1 0
TARGET 19673 1 0 0 1 0
TARGET 19674 1 0 0 1 0
TARGET 19675 1 0 0 1 0
TARGET 19676 1 0 0 1 0
TARGET 19677 1 0 0 1 0
TARGET 19678 1 0 0 1 0
TARGET 19679 1 0 0 1 0
TARGET 19680 1 0 0 1 0
TARGET 19681 1 0 0 1 0
TARGET 19682 1 0 0 1 0
TARGET 19683 1 0 0 1 0
TARGET 19684 1 0 0 0 0
TARGET 19685 1 1 0 1 0
TARGET 19686 1 1 0 1 0
TARGET 19687 1 0 0 1 0
TARGET 19688 1 0 0 1 0
TARGET 19689 1 0 0 1 0
TARGET 19690 1 1 0 1 0
TARGET 19691 1 0 0 1 0
TARGET 19692 1 1 0 1 0
TARGET 19693 1 0 0 1 0
TARGET 19694 1 1 0 1 0
TARGET 19695 1 0 0 1 0
TARGET 19696 1 1 0 1 0
TARGET 19697 1 1 0 1 0
TARGET 19698 1 1 0 1 0
TARGET 19699 1 1 0 1 0
TARGET 19700 1 1 0 1 0
TARGET 19701 1 1 0 1 0
TARGET 19702 1 0 0 0 0
TARGET 19703 1 0 0 1 0
TARGET 19704 1 0 0 1 0
TARGET 19705 1 0 0 1 0
TARGET 19706 1 0 0 1 0
TARGET 19707 1 0 0 1 0
TARGET 19708 1 0 0 1 0
TARGET 19709 1 0 0 1 0
TARGET 19710 1 0 0 1 0
TARGET 19711 1 0 0 1 0
TARGET 19712 1 0 0 1 0
TARGET 19713 1 0 0 1 0
TARGET 19714 1 0 0 0 0
TARGET 19715 1 0 0 1 0
TARGET 19716 1 1 0 1 0
TARGET 19717 1 0 0 1 0
TARGET 19718 1 1 0 1 0
TARGET 19719 1 0 0 1 0
TARGET 19720 1 1 0 1 0
TARGET 19721 1 0 0 1 0
TARGET 19722 1 0 0 1 0
TARGET 19723 1 1 0 1 0
TARGET 19724 1 0 0 1 0
TARGET 19725 1 1 0 1 0
TARGET 19726 1 0 0 1 0
TARGET 19727 1 1 0 1 0
TARGET 19728 1 0 0 1 0
TARGET 19729 1 0 0 1 0
TARGET 19730 1 1 0 1 0
TARGET 19731 1 0 0 1 0
TARGET 19732 1 1 0 1 0
TARGET 19733 1 0 0 1 0
TARGET 19734 1 1 0 1 0
TARGET 19735 1 0 0 1 0
TARGET 19736 1 1 0 1 0
TARGET 19737 1 1 0 1 0
TARGET 19738 1 1 0 1 0
TARGET 19739 1 0 0 0 0
TARGET 19740 1 1 0 1 0
TARGET 19741 1 1 0 1 0
TARGET 19742 1 0 0 0 0
TARGET 19743 1 1 0 1 0
TARGET 19744 1 0 0 0 0
TARGET 19745 1 0 0 0 0
TARGET 19746 1 0 0 0 0
TARGET 19747 1 0 0 0 0
TARGET 19748 1 0 0 0 0
TARGET 19749 1 0 0 0 0
TARGET 19750 1 0 0 0 0
TARGET 19751 1 0 0 0 0
TARGET 19752 1 0 0 0 0
TARGET 19753 1 0 0 1 0
TARGET 19754 1 0 0 1 0
TARGET 19755 1 0 0 1 0
TARGET 19756 1 0 0 1 0
TARGET 19757 1 0 0 1 0
TARGET 19758 1 0 0 1 0
TARGET 19759 1 0 0 1 0
TARGET 19760 1 0 0 1 0
TARGET 19761 1 0 0 1 0
TARGET 19762 1 0 0 1 0
TARGET 19763 1 0 0 1 0
TARGET 19764 1 0 0 1 0
TARGET 19765 1 0 0 1 0
TARGET 19766 1 0 0 1 0
TARGET 19767 1 0 0 1 0
TARGET 19768 1 0 0 1 0
TARGET 19769 1 0 0 1 0
TARGET 19770 1 0 0 1 0
TARGET 19771 1 0 0 1 0
TARGET 19772 1 0 0 1 0
TARGET 19773 1 0 0 1 0
TARGET 19774 1 0 0 1 0
TARGET 19775 1 0 0 1 0
TARGET 19776 1 0 0 1 0
TARGET 19777 1 0 0 1 0
TARGET 19778 1 0 0 1 0
TARGET 19779 1 0 0 1 0
TARGET 19780 1 0 0 1 0
TARGET 19781 1 0 0 1 0
TARGET 19782 1 0 0 1 0
TARGET 19783 1 0 0 1 0
TARGET 19784 1 0 0 1 0
TARGET 19785 1 0 0 1 0
TARGET 19786 1 0 0 1 0
TARGET 19787 1 0 0 1 0
TARGET 19788 1 0 0 1 0
TARGET 19789 1 0 0 1 0
TARGET 19790 1 0 0 1 0
TARGET 19791 1 0 0 1 0
TARGET 19792 1 0 0 1 0
TARGET 19793 1 0 0 1 0
TARGET 19794 1 0 0 1 0
TARGET 19795 1 0 0 1 0
TARGET 19796 1 0 0 1 0
TARGET 19797 1 0 0 1 0
TARGET 19798 1 0 0 1 0
TARGET 19799 1 0 0 1 0
TARGET 19800 1 0 0 1 0
TARGET 19801 1 0 0 0 0
TARGET 19802 1 0 0 0 0
TARGET 19803 1 0 0 0 0
TARGET 19804 1 0 0 0 0
TARGET 19805 1 0 0 0 0
TARGET 19806 1 0 0 0 0
TARGET 19807 1 0 0 0 0
TARGET 19808 1 0 0 0 0
TARGET 19809 1 1 0 1 0
TARGET 19810 1 0 0 1 0
TARGET 19811 1 0 0 1 0
TARGET 19812 1 1 0 1 0
TARGET 19813 1 0 0 1 0
TARGET 19814 1 1 0 1 0
TARGET 19815 1 0 0 1 0
TARGET 19816 1 1 0 1 0
TARGET 19817 1 0 0 1 0
TARGET 19818 1 1 0 1 0
TARGET 19819 1 1 0 1 0
TARGET 19820 1 1 0 1 0
TARGET 19821 1 0 0 0 0
TARGET 19822 1 0 0 1 0
TARGET 19823 1 0 0 1 0
TARGET 19824 1 0 0 1 0
TARGET 19825 1 0 0 1 0
TARGET 19826 1 0 0 1 0
TARGET 19827 1 0 0 1 0
TARGET 19828 1 0 0 1 0
TARGET 19829 1 0 0 1 0
TARGET 19830 1 0 0 1 0
TARGET 19831 1 0 0 1 0
TARGET 19832 1 0 0 1 0
TARGET 19833 1 0 0 0 0
TARGET 19834 1 0 0 1 0
TARGET 19835 1 1 0 1 0
TARGET 19836 1 0 0 1 0
TARGET 19837 1 1 0 1 0
TARGET 19838 1 0 0 1 0
TARGET 19839 1 1 0 1 0
TARGET 19840 1 0 0 1 0
TARGET 19841 1 0 0 1 0
TARGET 19842 1 1 0 1 0
TARGET 19843 1 0 0 1 0
TARGET 19844 1 1 0 1 0
TARGET 19845 1 0 0 1 0
TARGET 19846 1 1 0 1 0
TARGET 19847 1 0 0 1 0
TARGET 19848 1 0 0 1 0
TARGET 19849 1 1 0 1 0
TARGET 19850 1 0 0 1 0
TARGET 19851 1 1 0 1 0
TARGET 19852 1 0 0 1 0
TARGET 19853 1 1 0 1 0
TARGET 19854 1 0 0 1 0
TARGET 19855 1 1 0 1 0
TARGET 19856 1 1 0 1 0
TARGET 19857 1 1 0 1 0
TARGET 19858 1 0 0 0 0
TARGET 19859 1 1 0 1 0
TARGET 19860 1 1 0 1 0
TARGET 19861 1 0 0 0 0
TARGET 19862 1 1 0 1 0
TARGET 19863 1 0 0 0 0
TARGET 19864 1 0 0 0 0
TARGET 19865 1 0 0 0 0
TARGET 19866 1 0 0 0 0
TARGET 19867 1 0 0 0 0
TARGET 19868 1 0 0 0 0
TARGET 19869 1 0 0 0 0
TARGET 19870 1 0 0 0 0
TARGET 19871 1 0 0 1 0
TARGET 19872 1 0 0 1 0
TARGET 19873 1 0 0 1 0
TARGET 19874 1 0 0 1 0
TARGET 19875 1 0 0 1 0
TARGET 19876 1 0 0 1 0
TARGET 19877 1 0 0 1 0
TARGET 19878 1 0 0 1 0
TARGET 19879 1 0 0 1 0
TARGET 19880 1 0 0 1 0
TARGET 19881 1 0 0 1 0
TARGET 19882 1 0 0 1 0
TARGET 19883 1 0 0 1 0
TARGET 19884 1 0 0 1 0
TARGET 19885 1 0 0 1 0
TARGET 19886 1 0 0 1 0
TARGET 19887 1 0 0 1 0
TARGET 19888 1 0 0 1 0
TARGET 19889 1 0 0 1 0
TARGET 19890 1 0 0 1 0
TARGET 19891 1 0 0 1 0
TARGET 19892 1 0 0 1 0
TARGET 19893 1 0 0 1 0
TARGET 19894 1 0 0 1 0
TARGET 19895 1 0 0 1 0
TARGET 19896 1 0 0 1 0
TARGET 19897 1 0 0 1 0
TARGET 19898 1 0 0 1 0
TARGET 19899 1 0 0 0 0
TARGET 19900 1 0 0 0 0
TARGET 19901 1 0 0 0 0
TARGET 19902 1 0 0 0 0
TARGET 19903 1 0 0 0 0
TARGET 19904 1 0 0 0 0
TARGET 19905 1 0 0 0 0
TARGET 19906 1 0 0 1 0
TARGET 19907 1 1 0 1 0
TARGET 19908 1 0 0 1 0
TARGET 19909 1 1 0 1 0
TARGET 19910 1 0 0 1 0
TARGET 19911 1 1 0 1 0
TARGET 19912 1 0 0 1 0
TARGET 19913 1 0 0 1 0
TARGET 19914 1 1 0 1 0
TARGET 19915 1 0 0 1 0
TARGET 19916 1 1 0 1 0
TARGET 19917 1 0 0 1 0
TARGET 19918 1 1 0 1 0
TARGET 19919 1 0 0 1 0
TARGET 19920 1 0 0 1 0
TARGET 19921 1 1 0 1 0
TARGET 19922 1 0 0 1 0
TARGET 19923 1 1 0 1 0
TARGET 19924 1 0 0 1 0
TARGET 19925 1 1 0 1 0
TARGET 19926 1 0 0 1 0
TARGET 19927 1 0 0 0 0
TARGET 19928 1 0 0 0 0
TARGET 19929 1 0 0 0 0
TARGET 19930 1 0 0 0 0
TARGET 19931 1 0 0 0 0
TARGET 19932 1 0 0 0 0
TARGET 19933 1 0 0 0 0
TARGET 19934 1 0 0 1 0
TARGET 19935 1 1 0 1 0
TARGET 19936 1 0 0 1 0
TARGET 19937 1 1 0 1 0
TARGET 19938 1 0 0 1 0
TARGET 19939 1 1 0 1 0
TARGET 19940 1 0 0 1 0
TARGET 19941 1 0 0 1 0
TARGET 19942 1 1 0 1 0
TARGET 19943 1 0 0 1 0
TARGET 19944 1 1 0 1 0
TARGET 19945 1 0 0 1 0
TARGET 19946 1 1 0 1 0
TARGET 19947 1 0 0 1 0
TARGET 19948 1 0 0 0 0
TARGET 19949 1 0 0 0 0
TARGET 19950 1 0 0 0 0
TARGET 19951 1 0 0 0 0
TARGET 19952 1 0 0 0 0
TARGET 19953 1 0 0 0 0
TARGET 19954 1 0 0 0 0
TARGET 19955 1 0 0 1 0
TARGET 19956 1 1 0 1 0
TARGET 19957 1 0 0 1 0
TARGET 19958 1 1 0 1 0
TARGET 19959 1 0 0 1 0
TARGET 19960 1 1 0 1 0
TARGET 19961 1 0 0 1 0
TARGET 19962 1 0 0 0 0
TARGET 19963 1 0 0 0 0
TARGET 19964 1 0 0 0 0
TARGET 19965 1 0 0 0 0
TARGET 19966 1 0 0 0 0
TARGET 19967 1 0 0 0 0
TARGET 19968 1 0 0 0 0
TARGET 19969 1 1 0 1 0
TARGET 19970 1 1 0 2 0
TARGET 19971 1 1 0 1 0
TARGET 19972 1 0 0 1 0
TARGET 19973 1 1 0 2 0
TARGET 19974 1 1 0 1 0
TARGET 19975 1 0 0 1 0
TARGET 19976 1 0 0 1 0
TARGET 19977 1 1 0 2 0
TARGET 19978 1 1 0 1 0
TARGET 19979 1 1 0 1 0
TARGET 19980 1 1 0 1 0
TARGET 19981 1 1 0 2 0
TARGET 19982 1 1 0 1 0
TARGET 19983 1 1 0 2 0
TARGET 19984 1 1 0 1 0
TARGET 19985 1 0 0 1 0
TARGET 19986 1 1 0 2 0
TARGET 19987 1 0 0 1 0
TARGET 19988 1 0 0 1 0
TARGET 19989 1 1 0 1 0
TARGET 19990 1 1 0 1 0
TARGET 19991 1 1 0 1 0
TARGET 19992 1 0 0 1 0
TARGET 19993 1 0 0 1 0
TARGET 19994 1 0 0 0 0
TARGET 19995 1 1 0 3 0
TARGET 19996 1 1 0 2 0
TARGET 19997 1 1 0 2 0
TARGET 19998 1 1 0 3 0
TARGET 19999 1 1 0 2 0
TARGET 20000 1 1 0 2 0
PASS_1962_MONOMIAL_INTERVAL 19001 20000 1000 0
