TARGET 13001 1 0 0 1 0
TARGET 13002 1 0 0 1 0
TARGET 13003 1 0 0 0 0
TARGET 13004 1 0 0 1 0
TARGET 13005 1 0 0 1 0
TARGET 13006 1 1 0 2 0
TARGET 13007 1 0 0 1 0
TARGET 13008 1 0 0 1 0
TARGET 13009 1 0 0 1 0
TARGET 13010 1 0 0 1 0
TARGET 13011 1 0 0 0 0
TARGET 13012 1 0 0 1 0
TARGET 13013 1 1 0 2 0
TARGET 13014 1 0 0 1 0
TARGET 13015 1 0 0 1 0
TARGET 13016 1 0 0 1 0
TARGET 13017 1 0 0 1 0
TARGET 13018 1 0 0 0 0
TARGET 13019 1 2 0 3 0
TARGET 13020 1 1 0 2 0
TARGET 13021 1 1 0 2 0
TARGET 13022 1 1 0 2 0
TARGET 13023 1 1 0 2 0
TARGET 13024 1 0 0 1 0
TARGET 13025 1 0 0 1 0
TARGET 13026 1 0 0 1 0
TARGET 13027 1 0 0 1 0
TARGET 13028 1 0 0 2 0
TARGET 13029 1 0 0 0 0
TARGET 13030 1 0 0 1 0
TARGET 13031 1 0 0 1 0
TARGET 13032 1 0 0 1 0
TARGET 13033 1 0 0 0 0
TARGET 13034 1 0 0 1 0
TARGET 13035 1 0 0 1 0
TARGET 13036 1 0 0 0 0
TARGET 13037 1 0 0 1 0
TARGET 13038 1 0 0 0 0
TARGET 13039 1 1 0 1 0
TARGET 13040 1 1 0 2 0
TARGET 13041 1 0 0 1 0
TARGET 13042 1 1 0 2 0
TARGET 13043 1 1 0 1 0
TARGET 13044 1 1 0 1 0
TARGET 13045 1 0 0 1 0
TARGET 13046 1 0 0 1 0
TARGET 13047 1 1 0 1 0
TARGET 13048 1 1 0 2 0
TARGET 13049 1 1 0 1 0
TARGET 13050 1 1 0 1 0
TARGET 13051 1 1 0 2 0
TARGET 13052 1 1 0 1 0
TARGET 13053 1 1 0 1 0
TARGET 13054 1 0 0 1 0
TARGET 13055 1 0 0 1 0
TARGET 13056 1 1 0 2 0
TARGET 13057 1 1 0 1 0
TARGET 13058 1 0 0 1 0
TARGET 13059 1 0 0 1 0
TARGET 13060 1 1 0 1 0
TARGET 13061 1 0 0 0 0
TARGET 13062 1 2 0 3 0
TARGET 13063 1 1 0 2 0
TARGET 13064 1 1 0 3 0
TARGET 13065 1 1 0 2 0
TARGET 13066 1 1 0 2 0
TARGET 13067 1 1 0 2 0
TARGET 13068 1 1 0 2 0
TARGET 13069 1 1 0 2 0
TARGET 13070 1 1 0 3 0
TARGET 13071 1 1 0 2 0
TARGET 13072 1 1 0 2 0
TARGET 13073 1 2 0 3 0
TARGET 13074 1 1 0 2 0
TARGET 13075 1 1 0 2 0
TARGET 13076 1 1 0 2 0
TARGET 13077 1 1 0 2 0
TARGET 13078 1 1 0 3 0
TARGET 13079 1 1 0 2 0
TARGET 13080 1 1 0 2 0
TARGET 13081 1 1 0 2 0
TARGET 13082 1 1 0 2 0
TARGET 13083 1 0 0 1 0
TARGET 13084 1 0 0 1 0
TARGET 13085 1 0 0 1 0
TARGET 13086 1 0 0 1 0
TARGET 13087 1 1 0 2 0
TARGET 13088 1 0 0 1 0
TARGET 13089 1 0 0 1 0
TARGET 13090 1 0 0 1 0
TARGET 13091 1 0 0 1 0
TARGET 13092 1 1 0 2 0
TARGET 13093 1 1 0 1 0
TARGET 13094 1 1 0 1 0
TARGET 13095 1 0 0 1 0
TARGET 13096 1 0 0 1 0
TARGET 13097 1 1 0 1 0
TARGET 13098 1 1 0 2 0
TARGET 13099 1 1 0 1 0
TARGET 13100 1 1 0 1 0
TARGET 13101 1 1 0 2 0
TARGET 13102 1 0 0 2 0
TARGET 13103 1 1 0 2 0
TARGET 13104 1 1 0 2 0
TARGET 13105 1 1 0 2 0
TARGET 13106 1 1 0 3 0
TARGET 13107 1 1 0 2 0
TARGET 13108 1 1 0 2 0
TARGET 13109 1 1 0 2 0
TARGET 13110 1 1 0 2 0
TARGET 13111 1 1 0 1 0
TARGET 13112 1 0 0 1 0
TARGET 13113 1 0 0 1 0
TARGET 13114 1 1 0 2 0
TARGET 13115 1 1 0 1 0
TARGET 13116 1 0 0 1 0
TARGET 13117 1 0 0 1 0
TARGET 13118 1 1 0 1 0
TARGET 13119 1 1 0 1 0
TARGET 13120 1 0 0 1 0
TARGET 13121 1 0 0 1 0
TARGET 13122 1 1 0 2 0
TARGET 13123 1 1 0 1 0
TARGET 13124 1 0 0 1 0
TARGET 13125 1 0 0 1 0
TARGET 13126 1 1 0 1 0
TARGET 13127 1 0 0 1 0
TARGET 13128 1 0 0 1 0
TARGET 13129 1 1 0 1 0
TARGET 13130 1 1 0 2 0
TARGET 13131 1 1 0 1 0
TARGET 13132 1 1 0 1 0
TARGET 13133 1 1 0 2 0
TARGET 13134 1 0 0 1 0
TARGET 13135 1 0 0 1 0
TARGET 13136 1 1 0 2 0
TARGET 13137 1 0 0 1 0
TARGET 13138 1 0 0 1 0
TARGET 13139 1 0 0 1 0
TARGET 13140 1 0 0 1 0
TARGET 13141 1 0 0 1 0
TARGET 13142 1 0 0 1 0
TARGET 13143 1 1 0 2 0
TARGET 13144 1 0 0 1 0
TARGET 13145 1 0 0 1 0
TARGET 13146 1 0 0 1 0
TARGET 13147 1 0 0 1 0
TARGET 13148 1 0 0 1 0
TARGET 13149 1 1 0 2 0
TARGET 13150 1 0 0 1 0
TARGET 13151 1 0 0 1 0
TARGET 13152 1 1 0 2 0
TARGET 13153 1 0 0 1 0
TARGET 13154 1 1 0 2 0
TARGET 13155 1 0 0 1 0
TARGET 13156 1 0 0 1 0
TARGET 13157 1 1 0 2 0
TARGET 13158 1 1 0 2 0
TARGET 13159 1 1 0 3 0
TARGET 13160 1 1 0 2 0
TARGET 13161 1 1 0 2 0
TARGET 13162 1 1 0 3 0
TARGET 13163 1 1 0 1 0
TARGET 13164 1 1 0 2 0
TARGET 13165 1 1 0 1 0
TARGET 13166 1 1 0 1 0
TARGET 13167 1 1 0 2 0
TARGET 13168 1 0 0 1 0
TARGET 13169 1 1 0 2 0
TARGET 13170 1 0 0 1 0
TARGET 13171 1 0 0 1 0
TARGET 13172 1 1 0 2 0
TARGET 13173 1 0 0 1 0
TARGET 13174 1 1 0 2 0
TARGET 13175 1 0 0 1 0
TARGET 13176 1 0 0 1 0
TARGET 13177 1 1 0 2 0
TARGET 13178 1 1 0 1 0
TARGET 13179 1 1 0 2 0
TARGET 13180 1 1 0 1 0
TARGET 13181 1 1 0 1 0
TARGET 13182 1 1 0 2 0
TARGET 13183 1 1 0 1 0
TARGET 13184 1 1 0 1 0
TARGET 13185 1 0 0 1 0
TARGET 13186 1 0 0 1 0
TARGET 13187 1 1 0 2 0
TARGET 13188 1 1 0 1 0
TARGET 13189 1 0 0 1 0
TARGET 13190 1 0 0 1 0
TARGET 13191 1 1 0 1 0
TARGET 13192 1 0 0 0 0
TARGET 13193 1 1 0 1 0
TARGET 13194 1 0 0 1 0
TARGET 13195 1 0 0 1 0
TARGET 13196 1 1 0 2 0
TARGET 13197 1 1 0 1 0
TARGET 13198 1 0 0 1 0
TARGET 13199 1 0 0 1 0
TARGET 13200 1 1 0 1 0
TARGET 13201 1 0 0 0 0
TARGET 13202 1 0 0 1 0
TARGET 13203 1 0 0 1 0
TARGET 13204 1 1 0 2 0
TARGET 13205 1 0 0 1 0
TARGET 13206 1 0 0 1 0
TARGET 13207 1 0 0 1 0
TARGET 13208 1 0 0 1 0
TARGET 13209 1 0 0 0 0
TARGET 13210 1 0 0 1 0
TARGET 13211 1 1 0 2 0
TARGET 13212 1 0 0 1 0
TARGET 13213 1 0 0 1 0
TARGET 13214 1 0 0 1 0
TARGET 13215 1 0 0 1 0
TARGET 13216 1 0 0 0 0
TARGET 13217 1 1 0 3 0
TARGET 13218 1 1 0 2 0
TARGET 13219 1 1 0 2 0
TARGET 13220 1 1 0 2 0
TARGET 13221 1 1 0 2 0
TARGET 13222 1 1 0 1 0
TARGET 13223 1 0 0 1 0
TARGET 13224 1 0 0 1 0
TARGET 13225 1 1 0 1 0
TARGET 13226 1 0 0 2 0
TARGET 13227 1 0 0 0 0
TARGET 13228 1 0 0 1 0
TARGET 13229 1 0 0 1 0
TARGET 13230 1 0 0 1 0
TARGET 13231 1 0 0 0 0
TARGET 13232 1 0 0 1 0
TARGET 13233 1 0 0 1 0
TARGET 13234 1 0 0 0 0
TARGET 13235 1 1 0 1 0
TARGET 13236 1 0 0 0 0
TARGET 13237 1 0 0 0 0
TARGET 13238 1 1 0 1 0
TARGET 13239 1 0 0 0 0
TARGET 13240 1 0 0 0 0
TARGET 13241 1 0 0 0 0
TARGET 13242 1 0 0 0 0
TARGET 13243 1 0 0 0 0
TARGET 13244 1 1 0 1 0
TARGET 13245 1 0 0 0 0
TARGET 13246 1 0 0 0 0
TARGET 13247 1 1 0 1 0
TARGET 13248 1 2 0 3 0
TARGET 13249 1 1 0 4 0
TARGET 13250 1 1 0 3 0
TARGET 13251 1 1 0 3 0
TARGET 13252 1 2 0 3 0
TARGET 13253 1 2 0 3 0
TARGET 13254 1 1 0 3 0
TARGET 13255 1 1 0 4 0
TARGET 13256 1 1 0 3 0
TARGET 13257 1 2 0 3 0
TARGET 13258 1 3 0 4 0
TARGET 13259 1 1 0 2 0
TARGET 13260 1 1 0 2 0
TARGET 13261 1 1 0 2 0
TARGET 13262 1 1 0 2 0
TARGET 13263 1 1 0 3 0
TARGET 13264 1 1 0 2 0
TARGET 13265 1 1 0 2 0
TARGET 13266 1 1 0 2 0
TARGET 13267 1 1 0 2 0
TARGET 13268 1 1 0 3 0
TARGET 13269 1 1 0 2 0
TARGET 13270 1 1 0 2 0
TARGET 13271 1 1 0 2 0
TARGET 13272 1 1 0 2 0
TARGET 13273 1 1 0 2 0
TARGET 13274 1 1 0 3 0
TARGET 13275 1 1 0 2 0
TARGET 13276 1 1 0 2 0
TARGET 13277 1 2 0 3 0
TARGET 13278 1 1 0 3 0
TARGET 13279 1 1 0 3 0
TARGET 13280 1 1 0 3 0
TARGET 13281 1 1 0 4 0
TARGET 13282 1 1 0 3 0
TARGET 13283 1 1 0 3 0
TARGET 13284 1 1 0 3 0
TARGET 13285 1 1 0 3 0
TARGET 13286 1 1 0 2 0
TARGET 13287 1 1 0 2 0
TARGET 13288 1 1 0 2 0
TARGET 13289 1 1 0 3 0
TARGET 13290 1 1 0 2 0
TARGET 13291 1 1 0 2 0
TARGET 13292 1 1 0 2 0
TARGET 13293 1 1 0 2 0
TARGET 13294 1 1 0 2 0
TARGET 13295 1 1 0 2 0
TARGET 13296 1 1 0 2 0
TARGET 13297 1 1 0 3 0
TARGET 13298 1 1 0 2 0
TARGET 13299 1 1 0 2 0
TARGET 13300 1 1 0 2 0
TARGET 13301 1 1 0 2 0
TARGET 13302 1 1 0 2 0
TARGET 13303 1 1 0 2 0
TARGET 13304 1 1 0 2 0
TARGET 13305 1 1 0 3 0
TARGET 13306 1 1 0 2 0
TARGET 13307 1 1 0 2 0
TARGET 13308 1 1 0 3 0
TARGET 13309 1 1 0 2 0
TARGET 13310 1 1 0 2 0
TARGET 13311 1 1 0 3 0
TARGET 13312 1 1 0 2 0
TARGET 13313 1 1 0 2 0
TARGET 13314 1 1 0 2 0
TARGET 13315 1 1 0 2 0
TARGET 13316 1 1 0 2 0
TARGET 13317 1 1 0 2 0
TARGET 13318 1 1 0 3 0
TARGET 13319 1 1 0 2 0
TARGET 13320 1 1 0 2 0
TARGET 13321 1 1 0 2 0
TARGET 13322 1 1 0 2 0
TARGET 13323 1 1 0 2 0
TARGET 13324 1 1 0 3 0
TARGET 13325 1 1 0 2 0
TARGET 13326 1 1 0 2 0
TARGET 13327 1 2 0 3 0
TARGET 13328 1 1 0 2 0
TARGET 13329 1 1 0 3 0
TARGET 13330 1 1 0 2 0
TARGET 13331 1 1 0 2 0
TARGET 13332 1 2 0 3 0
TARGET 13333 1 1 0 3 0
TARGET 13334 1 1 0 4 0
TARGET 13335 1 1 0 3 0
TARGET 13336 1 1 0 3 0
TARGET 13337 1 1 0 4 0
TARGET 13338 1 1 0 2 0
TARGET 13339 1 1 0 3 0
TARGET 13340 1 1 0 2 0
TARGET 13341 1 1 0 2 0
TARGET 13342 1 1 0 3 0
TARGET 13343 1 1 0 2 0
TARGET 13344 1 1 0 3 0
TARGET 13345 1 1 0 2 0
TARGET 13346 1 1 0 2 0
TARGET 13347 1 2 0 3 0
TARGET 13348 1 1 0 2 0
TARGET 13349 1 1 0 3 0
TARGET 13350 1 1 0 2 0
TARGET 13351 1 1 0 2 0
TARGET 13352 1 2 0 3 0
TARGET 13353 1 1 0 2 0
TARGET 13354 1 1 0 3 0
TARGET 13355 1 1 0 2 0
TARGET 13356 1 1 0 2 0
TARGET 13357 1 1 0 3 0
TARGET 13358 1 0 0 2 0
TARGET 13359 1 1 0 3 0
TARGET 13360 1 0 0 2 0
TARGET 13361 1 0 0 2 0
TARGET 13362 1 0 0 2 0
TARGET 13363 1 0 0 2 0
TARGET 13364 1 0 0 2 0
TARGET 13365 1 1 0 3 0
TARGET 13366 1 0 0 2 0
TARGET 13367 1 0 0 2 0
TARGET 13368 1 1 0 3 0
TARGET 13369 1 0 0 1 0
TARGET 13370 1 0 0 1 0
TARGET 13371 1 0 0 1 0
TARGET 13372 1 0 0 1 0
TARGET 13373 1 1 0 2 0
TARGET 13374 1 0 0 1 0
TARGET 13375 1 0 0 1 0
TARGET 13376 1 0 0 1 0
TARGET 13377 1 0 0 1 0
TARGET 13378 1 0 0 0 0
TARGET 13379 1 0 0 1 0
TARGET 13380 1 0 0 1 0
TARGET 13381 1 0 0 1 0
TARGET 13382 1 1 0 2 0
TARGET 13383 1 0 0 1 0
TARGET 13384 1 0 0 1 0
TARGET 13385 1 0 0 1 0
TARGET 13386 1 0 0 1 0
TARGET 13387 1 0 0 0 0
TARGET 13388 1 0 0 1 0
TARGET 13389 1 0 0 1 0
TARGET 13390 1 1 0 2 0
TARGET 13391 1 0 0 1 0
TARGET 13392 1 0 0 1 0
TARGET 13393 1 0 0 1 0
TARGET 13394 1 0 0 1 0
TARGET 13395 1 0 0 0 0
TARGET 13396 1 0 0 1 0
TARGET 13397 1 1 0 2 0
TARGET 13398 1 0 0 1 0
TARGET 13399 1 0 0 1 0
TARGET 13400 1 0 0 1 0
TARGET 13401 1 0 0 1 0
TARGET 13402 1 0 0 0 0
TARGET 13403 1 2 0 3 0
TARGET 13404 1 1 0 2 0
TARGET 13405 1 1 0 2 0
TARGET 13406 1 1 0 2 0
TARGET 13407 1 1 0 2 0
TARGET 13408 1 0 0 1 0
TARGET 13409 1 0 0 1 0
TARGET 13410 1 0 0 1 0
TARGET 13411 1 0 0 1 0
TARGET 13412 1 0 0 2 0
TARGET 13413 1 0 0 0 0
TARGET 13414 1 0 0 1 0
TARGET 13415 1 0 0 1 0
TARGET 13416 1 0 0 1 0
TARGET 13417 1 0 0 0 0
TARGET 13418 1 0 0 1 0
TARGET 13419 1 0 0 1 0
TARGET 13420 1 0 0 0 0
TARGET 13421 1 0 0 1 0
TARGET 13422 1 0 0 0 0
TARGET 13423 1 1 0 2 0
TARGET 13424 1 1 0 1 0
TARGET 13425 1 1 0 1 0
TARGET 13426 1 0 0 1 0
TARGET 13427 1 0 0 1 0
TARGET 13428 1 1 0 1 0
TARGET 13429 1 1 0 2 0
TARGET 13430 1 1 0 1 0
TARGET 13431 1 1 0 1 0
TARGET 13432 1 1 0 2 0
TARGET 13433 1 1 0 2 0
TARGET 13434 1 1 0 2 0
TARGET 13435 1 1 0 2 0
TARGET 13436 1 1 0 3 0
TARGET 13437 1 1 0 2 0
TARGET 13438 1 1 0 2 0
TARGET 13439 1 1 0 2 0
TARGET 13440 1 1 0 2 0
TARGET 13441 1 1 0 1 0
TARGET 13442 1 0 0 1 0
TARGET 13443 1 0 0 1 0
TARGET 13444 1 1 0 2 0
TARGET 13445 1 1 0 1 0
TARGET 13446 1 0 0 1 0
TARGET 13447 1 0 0 1 0
TARGET 13448 1 1 0 1 0
TARGET 13449 1 1 0 1 0
TARGET 13450 1 0 0 1 0
TARGET 13451 1 0 0 1 0
TARGET 13452 1 1 0 2 0
TARGET 13453 1 1 0 1 0
TARGET 13454 1 0 0 1 0
TARGET 13455 1 0 0 1 0
TARGET 13456 1 1 0 1 0
TARGET 13457 1 0 0 1 0
TARGET 13458 1 0 0 1 0
TARGET 13459 1 1 0 1 0
TARGET 13460 1 1 0 2 0
TARGET 13461 1 1 0 1 0
TARGET 13462 1 1 0 1 0
TARGET 13463 1 1 0 2 0
TARGET 13464 1 0 0 1 0
TARGET 13465 1 0 0 1 0
TARGET 13466 1 1 0 2 0
TARGET 13467 1 0 0 1 0
TARGET 13468 1 0 0 1 0
TARGET 13469 1 0 0 1 0
TARGET 13470 1 0 0 1 0
TARGET 13471 1 0 0 1 0
TARGET 13472 1 0 0 1 0
TARGET 13473 1 1 0 2 0
TARGET 13474 1 0 0 1 0
TARGET 13475 1 0 0 1 0
TARGET 13476 1 0 0 1 0
TARGET 13477 1 0 0 1 0
TARGET 13478 1 0 0 1 0
TARGET 13479 1 1 0 2 0
TARGET 13480 1 0 0 1 0
TARGET 13481 1 0 0 1 0
TARGET 13482 1 1 0 2 0
TARGET 13483 1 0 0 1 0
TARGET 13484 1 1 0 2 0
TARGET 13485 1 0 0 1 0
TARGET 13486 1 0 0 1 0
TARGET 13487 1 1 0 2 0
TARGET 13488 1 1 0 2 0
TARGET 13489 1 1 0 3 0
TARGET 13490 1 1 0 2 0
TARGET 13491 1 1 0 2 0
TARGET 13492 1 1 0 3 0
TARGET 13493 1 1 0 1 0
TARGET 13494 1 1 0 2 0
TARGET 13495 1 1 0 1 0
TARGET 13496 1 1 0 1 0
TARGET 13497 1 1 0 2 0
TARGET 13498 1 0 0 1 0
TARGET 13499 1 1 0 2 0
TARGET 13500 1 0 0 1 0
TARGET 13501 1 0 0 1 0
TARGET 13502 1 1 0 2 0
TARGET 13503 1 0 0 1 0
TARGET 13504 1 1 0 2 0
TARGET 13505 1 0 0 1 0
TARGET 13506 1 0 0 1 0
TARGET 13507 1 1 0 2 0
TARGET 13508 1 1 0 1 0
TARGET 13509 1 1 0 2 0
TARGET 13510 1 1 0 1 0
TARGET 13511 1 1 0 1 0
TARGET 13512 1 1 0 2 0
TARGET 13513 1 1 0 1 0
TARGET 13514 1 0 0 0 0
TARGET 13515 1 0 0 0 0
TARGET 13516 1 0 0 0 0
TARGET 13517 1 0 0 0 0
TARGET 13518 1 0 0 0 0
TARGET 13519 1 1 0 1 0
TARGET 13520 1 0 0 0 0
TARGET 13521 1 0 0 0 0
TARGET 13522 1 1 0 1 0
TARGET 13523 1 1 0 2 0
TARGET 13524 1 1 0 2 0
TARGET 13525 1 1 0 2 0
TARGET 13526 1 1 0 3 0
TARGET 13527 1 1 0 2 0
TARGET 13528 1 1 0 2 0
TARGET 13529 1 1 0 2 0
TARGET 13530 1 1 0 2 0
TARGET 13531 1 1 0 1 0
TARGET 13532 1 1 0 2 0
TARGET 13533 1 1 0 2 0
TARGET 13534 1 2 0 3 0
TARGET 13535 1 1 0 2 0
TARGET 13536 1 1 0 2 0
TARGET 13537 1 1 0 2 0
TARGET 13538 1 1 0 2 0
TARGET 13539 1 1 0 1 0
TARGET 13540 1 1 0 2 0
TARGET 13541 1 2 0 3 0
TARGET 13542 1 1 0 2 0
TARGET 13543 1 1 0 2 0
TARGET 13544 1 1 0 2 0
TARGET 13545 1 1 0 2 0
TARGET 13546 1 1 0 1 0
TARGET 13547 1 3 0 4 0
TARGET 13548 1 2 0 3 0
TARGET 13549 1 2 0 3 0
TARGET 13550 1 2 0 3 0
TARGET 13551 1 2 0 3 0
TARGET 13552 1 1 0 2 0
TARGET 13553 1 1 0 2 0
TARGET 13554 1 1 0 2 0
TARGET 13555 1 1 0 2 0
TARGET 13556 1 1 0 3 0
TARGET 13557 1 1 0 1 0
TARGET 13558 1 1 0 2 0
TARGET 13559 1 1 0 2 0
TARGET 13560 1 1 0 2 0
TARGET 13561 1 1 0 1 0
TARGET 13562 1 1 0 2 0
TARGET 13563 1 1 0 2 0
TARGET 13564 1 1 0 1 0
TARGET 13565 1 1 0 2 0
TARGET 13566 1 1 0 1 0
TARGET 13567 1 1 0 1 0
TARGET 13568 1 0 0 1 0
TARGET 13569 1 0 0 1 0
TARGET 13570 1 1 0 2 0
TARGET 13571 1 1 0 1 0
TARGET 13572 1 0 0 1 0
TARGET 13573 1 0 0 1 0
TARGET 13574 1 1 0 1 0
TARGET 13575 1 0 0 0 0
TARGET 13576 1 0 0 1 0
TARGET 13577 1 0 0 1 0
TARGET 13578 1 1 0 2 0
TARGET 13579 1 0 0 1 0
TARGET 13580 1 0 0 1 0
TARGET 13581 1 0 0 1 0
TARGET 13582 1 0 0 1 0
TARGET 13583 1 0 0 0 0
TARGET 13584 1 0 0 1 0
TARGET 13585 1 1 0 2 0
TARGET 13586 1 0 0 1 0
TARGET 13587 1 0 0 1 0
TARGET 13588 1 0 0 1 0
TARGET 13589 1 0 0 1 0
TARGET 13590 1 0 0 0 0
TARGET 13591 1 2 0 3 0
TARGET 13592 1 1 0 2 0
TARGET 13593 1 1 0 2 0
TARGET 13594 1 1 0 2 0
TARGET 13595 1 1 0 2 0
TARGET 13596 1 1 0 1 0
TARGET 13597 1 0 0 1 0
TARGET 13598 1 0 0 1 0
TARGET 13599 1 1 0 1 0
TARGET 13600 1 0 0 2 0
TARGET 13601 1 0 0 0 0
TARGET 13602 1 0 0 1 0
TARGET 13603 1 0 0 1 0
TARGET 13604 1 0 0 1 0
TARGET 13605 1 0 0 0 0
TARGET 13606 1 0 0 1 0
TARGET 13607 1 0 0 1 0
TARGET 13608 1 0 0 0 0
TARGET 13609 1 1 0 1 0
TARGET 13610 1 0 0 0 0
TARGET 13611 1 1 0 1 0
TARGET 13612 1 0 0 1 0
TARGET 13613 1 0 0 1 0
TARGET 13614 1 1 0 2 0
TARGET 13615 1 1 0 1 0
TARGET 13616 1 0 0 1 0
TARGET 13617 1 0 0 1 0
TARGET 13618 1 1 0 1 0
TARGET 13619 1 0 0 0 0
TARGET 13620 1 0 0 1 0
TARGET 13621 1 0 0 1 0
TARGET 13622 1 1 0 2 0
TARGET 13623 1 0 0 1 0
TARGET 13624 1 0 0 1 0
TARGET 13625 1 0 0 1 0
TARGET 13626 1 0 0 1 0
TARGET 13627 1 0 0 0 0
TARGET 13628 1 0 0 1 0
TARGET 13629 1 1 0 2 0
TARGET 13630 1 0 0 1 0
TARGET 13631 1 0 0 1 0
TARGET 13632 1 0 0 1 0
TARGET 13633 1 0 0 1 0
TARGET 13634 1 0 0 0 0
TARGET 13635 1 1 0 3 0
TARGET 13636 1 1 0 2 0
TARGET 13637 1 1 0 2 0
TARGET 13638 1 1 0 2 0
TARGET 13639 1 1 0 2 0
TARGET 13640 1 1 0 1 0
TARGET 13641 1 0 0 1 0
TARGET 13642 1 0 0 1 0
TARGET 13643 1 1 0 1 0
TARGET 13644 1 0 0 2 0
TARGET 13645 1 0 0 0 0
TARGET 13646 1 0 0 1 0
TARGET 13647 1 0 0 1 0
TARGET 13648 1 0 0 1 0
TARGET 13649 1 0 0 0 0
TARGET 13650 1 0 0 1 0
TARGET 13651 1 0 0 1 0
TARGET 13652 1 0 0 0 0
TARGET 13653 1 1 0 1 0
TARGET 13654 1 0 0 0 0
TARGET 13655 1 0 0 1 0
TARGET 13656 1 0 0 1 0
TARGET 13657 1 1 0 1 0
TARGET 13658 1 1 0 2 0
TARGET 13659 1 1 0 1 0
TARGET 13660 1 1 0 1 0
TARGET 13661 1 1 0 2 0
TARGET 13662 1 0 0 1 0
TARGET 13663 1 0 0 1 0
TARGET 13664 1 1 0 2 0
TARGET 13665 1 0 0 1 0
TARGET 13666 1 0 0 1 0
TARGET 13667 1 0 0 1 0
TARGET 13668 1 0 0 1 0
TARGET 13669 1 0 0 1 0
TARGET 13670 1 0 0 1 0
TARGET 13671 1 1 0 2 0
TARGET 13672 1 0 0 1 0
TARGET 13673 1 0 0 1 0
TARGET 13674 1 0 0 1 0
TARGET 13675 1 0 0 1 0
TARGET 13676 1 0 0 1 0
TARGET 13677 1 1 0 2 0
TARGET 13678 1 0 0 1 0
TARGET 13679 1 0 0 1 0
TARGET 13680 1 1 0 2 0
TARGET 13681 1 0 0 1 0
TARGET 13682 1 1 0 2 0
TARGET 13683 1 0 0 1 0
TARGET 13684 1 0 0 1 0
TARGET 13685 1 1 0 2 0
TARGET 13686 1 1 0 2 0
TARGET 13687 1 1 0 3 0
TARGET 13688 1 1 0 2 0
TARGET 13689 1 1 0 2 0
TARGET 13690 1 1 0 3 0
TARGET 13691 1 1 0 1 0
TARGET 13692 1 1 0 2 0
TARGET 13693 1 1 0 1 0
TARGET 13694 1 1 0 1 0
TARGET 13695 1 1 0 2 0
TARGET 13696 1 0 0 1 0
TARGET 13697 1 1 0 2 0
TARGET 13698 1 0 0 1 0
TARGET 13699 1 0 0 1 0
TARGET 13700 1 1 0 2 0
TARGET 13701 1 0 0 1 0
TARGET 13702 1 1 0 2 0
TARGET 13703 1 0 0 1 0
TARGET 13704 1 0 0 1 0
TARGET 13705 1 1 0 2 0
TARGET 13706 1 1 0 1 0
TARGET 13707 1 1 0 2 0
TARGET 13708 1 1 0 1 0
TARGET 13709 1 1 0 1 0
TARGET 13710 1 1 0 2 0
TARGET 13711 1 0 0 0 0
TARGET 13712 1 0 0 0 0
TARGET 13713 1 0 0 0 0
TARGET 13714 1 1 0 1 0
TARGET 13715 1 0 0 0 0
TARGET 13716 1 0 0 0 0
TARGET 13717 1 1 0 1 0
TARGET 13718 1 0 0 1 0
TARGET 13719 1 0 0 1 0
TARGET 13720 1 1 0 2 0
TARGET 13721 1 0 0 1 0
TARGET 13722 1 0 0 1 0
TARGET 13723 1 0 0 1 0
TARGET 13724 1 0 0 1 0
TARGET 13725 1 0 0 0 0
TARGET 13726 1 0 0 1 0
TARGET 13727 1 1 0 2 0
TARGET 13728 1 0 0 1 0
TARGET 13729 1 0 0 1 0
TARGET 13730 1 0 0 1 0
TARGET 13731 1 0 0 1 0
TARGET 13732 1 0 0 0 0
TARGET 13733 1 2 0 3 0
TARGET 13734 1 1 0 2 0
TARGET 13735 1 1 0 2 0
TARGET 13736 1 1 0 2 0
TARGET 13737 1 1 0 2 0
TARGET 13738 1 0 0 1 0
TARGET 13739 1 0 0 1 0
TARGET 13740 1 0 0 1 0
TARGET 13741 1 0 0 1 0
TARGET 13742 1 0 0 2 0
TARGET 13743 1 0 0 0 0
TARGET 13744 1 0 0 1 0
TARGET 13745 1 0 0 1 0
TARGET 13746 1 0 0 1 0
TARGET 13747 1 0 0 0 0
TARGET 13748 1 0 0 1 0
TARGET 13749 1 0 0 1 0
TARGET 13750 1 0 0 0 0
TARGET 13751 1 0 0 1 0
TARGET 13752 1 0 0 0 0
TARGET 13753 1 0 0 1 0
TARGET 13754 1 0 0 1 0
TARGET 13755 1 1 0 2 0
TARGET 13756 1 0 0 1 0
TARGET 13757 1 0 0 1 0
TARGET 13758 1 0 0 1 0
TARGET 13759 1 0 0 1 0
TARGET 13760 1 0 0 0 0
TARGET 13761 1 0 0 1 0
TARGET 13762 1 1 0 2 0
TARGET 13763 1 0 0 1 0
TARGET 13764 1 0 0 1 0
TARGET 13765 1 0 0 1 0
TARGET 13766 1 0 0 1 0
TARGET 13767 1 0 0 0 0
TARGET 13768 1 2 0 3 0
TARGET 13769 1 1 0 2 0
TARGET 13770 1 1 0 2 0
TARGET 13771 1 1 0 2 0
TARGET 13772 1 1 0 2 0
TARGET 13773 1 0 0 1 0
TARGET 13774 1 0 0 1 0
TARGET 13775 1 0 0 1 0
TARGET 13776 1 0 0 1 0
TARGET 13777 1 0 0 2 0
TARGET 13778 1 0 0 0 0
TARGET 13779 1 0 0 1 0
TARGET 13780 1 0 0 1 0
TARGET 13781 1 0 0 1 0
TARGET 13782 1 0 0 0 0
TARGET 13783 1 0 0 1 0
TARGET 13784 1 0 0 1 0
TARGET 13785 1 0 0 0 0
TARGET 13786 1 0 0 1 0
TARGET 13787 1 0 0 0 0
TARGET 13788 1 0 0 1 0
TARGET 13789 1 1 0 2 0
TARGET 13790 1 0 0 1 0
TARGET 13791 1 0 0 1 0
TARGET 13792 1 1 0 2 0
TARGET 13793 1 0 0 1 0
TARGET 13794 1 1 0 2 0
TARGET 13795 1 0 0 1 0
TARGET 13796 1 0 0 1 0
TARGET 13797 1 1 0 2 0
TARGET 13798 1 1 0 2 0
TARGET 13799 1 1 0 3 0
TARGET 13800 1 1 0 2 0
TARGET 13801 1 1 0 2 0
TARGET 13802 1 1 0 3 0
TARGET 13803 1 0 0 1 0
TARGET 13804 1 1 0 2 0
TARGET 13805 1 0 0 1 0
TARGET 13806 1 0 0 1 0
TARGET 13807 1 1 0 2 0
TARGET 13808 1 0 0 1 0
TARGET 13809 1 1 0 2 0
TARGET 13810 1 0 0 1 0
TARGET 13811 1 0 0 1 0
TARGET 13812 1 1 0 2 0
TARGET 13813 1 0 0 1 0
TARGET 13814 1 1 0 2 0
TARGET 13815 1 0 0 1 0
TARGET 13816 1 0 0 1 0
TARGET 13817 1 1 0 2 0
TARGET 13818 1 0 0 1 0
TARGET 13819 1 1 0 2 0
TARGET 13820 1 0 0 1 0
TARGET 13821 1 0 0 1 0
TARGET 13822 1 1 0 2 0
TARGET 13823 1 0 0 0 0
TARGET 13824 1 1 0 1 0
TARGET 13825 1 0 0 0 0
TARGET 13826 1 0 0 0 0
TARGET 13827 1 1 0 1 0
TARGET 13828 1 0 0 1 0
TARGET 13829 1 1 0 2 0
TARGET 13830 1 0 0 1 0
TARGET 13831 1 0 0 1 0
TARGET 13832 1 1 0 2 0
TARGET 13833 1 1 0 2 0
TARGET 13834 1 1 0 3 0
TARGET 13835 1 1 0 2 0
TARGET 13836 1 1 0 2 0
TARGET 13837 1 1 0 3 0
TARGET 13838 1 0 0 1 0
TARGET 13839 1 1 0 2 0
TARGET 13840 1 0 0 1 0
TARGET 13841 1 0 0 1 0
TARGET 13842 1 1 0 2 0
TARGET 13843 1 0 0 1 0
TARGET 13844 1 1 0 2 0
TARGET 13845 1 0 0 1 0
TARGET 13846 1 0 0 1 0
TARGET 13847 1 1 0 2 0
TARGET 13848 1 0 0 1 0
TARGET 13849 1 1 0 2 0
TARGET 13850 1 0 0 1 0
TARGET 13851 1 0 0 1 0
TARGET 13852 1 1 0 2 0
TARGET 13853 1 0 0 1 0
TARGET 13854 1 1 0 2 0
TARGET 13855 1 0 0 1 0
TARGET 13856 1 0 0 1 0
TARGET 13857 1 1 0 2 0
TARGET 13858 1 0 0 0 0
TARGET 13859 1 1 0 1 0
TARGET 13860 1 0 0 0 0
TARGET 13861 1 0 0 0 0
TARGET 13862 1 1 0 1 0
TARGET 13863 1 2 0 3 0
TARGET 13864 1 1 0 4 0
TARGET 13865 1 1 0 3 0
TARGET 13866 1 1 0 3 0
TARGET 13867 1 1 0 4 0
TARGET 13868 1 1 0 2 0
TARGET 13869 1 1 0 3 0
TARGET 13870 1 1 0 2 0
TARGET 13871 1 1 0 2 0
TARGET 13872 1 1 0 3 0
TARGET 13873 1 1 0 2 0
TARGET 13874 1 1 0 3 0
TARGET 13875 1 1 0 2 0
TARGET 13876 1 1 0 2 0
TARGET 13877 1 1 0 3 0
TARGET 13878 1 1 0 2 0
TARGET 13879 1 1 0 3 0
TARGET 13880 1 1 0 2 0
TARGET 13881 1 1 0 2 0
TARGET 13882 1 1 0 3 0
TARGET 13883 1 1 0 2 0
TARGET 13884 1 1 0 3 0
TARGET 13885 1 1 0 2 0
TARGET 13886 1 1 0 2 0
TARGET 13887 1 1 0 3 0
TARGET 13888 1 1 0 1 0
TARGET 13889 1 1 0 2 0
TARGET 13890 1 1 0 1 0
TARGET 13891 1 1 0 1 0
TARGET 13892 1 1 0 2 0
TARGET 13893 1 0 0 1 0
TARGET 13894 1 1 0 2 0
TARGET 13895 1 0 0 1 0
TARGET 13896 1 0 0 1 0
TARGET 13897 1 1 0 2 0
TARGET 13898 1 0 0 1 0
TARGET 13899 1 1 0 2 0
TARGET 13900 1 0 0 1 0
TARGET 13901 1 0 0 1 0
TARGET 13902 1 1 0 2 0
TARGET 13903 1 1 0 1 0
TARGET 13904 1 1 0 2 0
TARGET 13905 1 1 0 1 0
TARGET 13906 1 1 0 1 0
TARGET 13907 1 1 0 2 0
TARGET 13908 1 0 0 2 0
TARGET 13909 1 1 0 3 0
TARGET 13910 1 0 0 2 0
TARGET 13911 1 0 0 2 0
TARGET 13912 1 1 0 3 0
TARGET 13913 1 0 0 0 0
TARGET 13914 1 1 0 1 0
TARGET 13915 1 0 0 0 0
TARGET 13916 1 0 0 0 0
TARGET 13917 1 1 0 1 0
TARGET 13918 1 0 0 1 0
TARGET 13919 1 1 0 2 0
TARGET 13920 1 0 0 1 0
TARGET 13921 1 0 0 1 0
TARGET 13922 1 1 0 2 0
TARGET 13923 1 0 0 1 0
TARGET 13924 1 1 0 2 0
TARGET 13925 1 0 0 1 0
TARGET 13926 1 0 0 1 0
TARGET 13927 1 1 0 2 0
TARGET 13928 1 0 0 1 0
TARGET 13929 1 1 0 2 0
TARGET 13930 1 0 0 1 0
TARGET 13931 1 0 0 1 0
TARGET 13932 1 1 0 2 0
TARGET 13933 1 0 0 0 0
TARGET 13934 1 1 0 1 0
TARGET 13935 1 0 0 0 0
TARGET 13936 1 0 0 0 0
TARGET 13937 1 1 0 1 0
TARGET 13938 1 0 0 1 0
TARGET 13939 1 1 0 2 0
TARGET 13940 1 0 0 1 0
TARGET 13941 1 0 0 1 0
TARGET 13942 1 1 0 2 0
TARGET 13943 1 0 0 1 0
TARGET 13944 1 1 0 2 0
TARGET 13945 1 0 0 1 0
TARGET 13946 1 0 0 1 0
TARGET 13947 1 1 0 2 0
TARGET 13948 1 0 0 0 0
TARGET 13949 1 1 0 1 0
TARGET 13950 1 0 0 0 0
TARGET 13951 1 0 0 0 0
TARGET 13952 1 1 0 1 0
TARGET 13953 1 1 0 1 0
TARGET 13954 1 1 0 2 0
TARGET 13955 1 1 0 1 0
TARGET 13956 1 1 0 1 0
TARGET 13957 1 1 0 2 0
TARGET 13958 1 0 0 0 0
TARGET 13959 1 1 0 1 0
TARGET 13960 1 0 0 0 0
TARGET 13961 1 0 0 0 0
TARGET 13962 1 1 0 1 0
TARGET 13963 1 1 0 2 0
TARGET 13964 1 1 0 2 0
TARGET 13965 1 1 0 2 0
TARGET 13966 1 1 0 3 0
TARGET 13967 1 1 0 2 0
TARGET 13968 1 1 0 3 0
TARGET 13969 1 1 0 2 0
TARGET 13970 1 1 0 3 0
TARGET 13971 1 1 0 2 0
TARGET 13972 1 1 0 2 0
TARGET 13973 1 1 0 2 0
TARGET 13974 1 1 0 2 0
TARGET 13975 1 1 0 2 0
TARGET 13976 1 1 0 1 0
TARGET 13977 1 1 0 2 0
TARGET 13978 1 1 0 2 0
TARGET 13979 1 1 0 3 0
TARGET 13980 1 1 0 2 0
TARGET 13981 1 2 0 3 0
TARGET 13982 1 1 0 2 0
TARGET 13983 1 1 0 3 0
TARGET 13984 1 1 0 2 0
TARGET 13985 1 1 0 2 0
TARGET 13986 1 1 0 2 0
TARGET 13987 1 1 0 2 0
TARGET 13988 1 1 0 2 0
TARGET 13989 1 1 0 1 0
TARGET 13990 1 1 0 2 0
TARGET 13991 1 1 0 3 0
TARGET 13992 1 1 0 2 0
TARGET 13993 1 2 0 3 0
TARGET 13994 1 1 0 2 0
TARGET 13995 1 1 0 3 0
TARGET 13996 1 1 0 2 0
TARGET 13997 1 1 0 2 0
TARGET 13998 1 1 0 2 0
TARGET 13999 1 1 0 2 0
TARGET 14000 1 1 0 2 0
PASS_1962_MONOMIAL_INTERVAL 13001 14000 1000 0
