TARGET 11001 1 1 0 2 0
TARGET 11002 1 1 0 2 0
TARGET 11003 1 1 0 2 0
TARGET 11004 1 1 0 3 0
TARGET 11005 1 1 0 2 0
TARGET 11006 1 1 0 2 0
TARGET 11007 1 1 0 2 0
TARGET 11008 1 1 0 3 0
TARGET 11009 1 1 0 2 0
TARGET 11010 1 1 0 2 0
TARGET 11011 1 1 0 2 0
TARGET 11012 1 1 0 2 0
TARGET 11013 1 1 0 3 0
TARGET 11014 1 1 0 4 0
TARGET 11015 1 1 0 3 0
TARGET 11016 1 1 0 3 0
TARGET 11017 1 1 0 3 0
TARGET 11018 1 1 0 4 0
TARGET 11019 1 1 0 3 0
TARGET 11020 1 1 0 3 0
TARGET 11021 1 1 0 3 0
TARGET 11022 1 1 0 3 0
TARGET 11023 1 1 0 2 0
TARGET 11024 1 1 0 3 0
TARGET 11025 1 1 0 2 0
TARGET 11026 1 1 0 2 0
TARGET 11027 1 1 0 2 0
TARGET 11028 1 1 0 3 0
TARGET 11029 1 1 0 2 0
TARGET 11030 1 1 0 2 0
TARGET 11031 1 1 0 2 0
TARGET 11032 1 1 0 2 0
TARGET 11033 1 1 0 2 0
TARGET 11034 1 1 0 2 0
TARGET 11035 1 1 0 2 0
TARGET 11036 1 1 0 2 0
TARGET 11037 1 1 0 2 0
TARGET 11038 1 2 0 3 0
TARGET 11039 1 1 0 2 0
TARGET 11040 1 1 0 3 0
TARGET 11041 1 1 0 3 0
TARGET 11042 1 1 0 3 0
TARGET 11043 1 1 0 3 0
TARGET 11044 1 1 0 3 0
TARGET 11045 1 1 0 4 0
TARGET 11046 1 1 0 3 0
TARGET 11047 1 1 0 2 0
TARGET 11048 1 1 0 2 0
TARGET 11049 1 1 0 2 0
TARGET 11050 1 1 0 2 0
TARGET 11051 1 1 0 2 0
TARGET 11052 1 1 0 3 0
TARGET 11053 1 1 0 2 0
TARGET 11054 1 1 0 2 0
TARGET 11055 1 1 0 2 0
TARGET 11056 1 1 0 3 0
TARGET 11057 1 1 0 2 0
TARGET 11058 1 1 0 2 0
TARGET 11059 1 1 0 2 0
TARGET 11060 1 1 0 2 0
TARGET 11061 1 1 0 2 0
TARGET 11062 1 1 0 2 0
TARGET 11063 1 1 0 2 0
TARGET 11064 1 1 0 2 0
TARGET 11065 1 2 0 3 0
TARGET 11066 1 1 0 2 0
TARGET 11067 1 1 0 2 0
TARGET 11068 1 1 0 3 0
TARGET 11069 1 1 0 2 0
TARGET 11070 1 1 0 2 0
TARGET 11071 1 1 0 2 0
TARGET 11072 1 1 0 2 0
TARGET 11073 1 1 0 2 0
TARGET 11074 1 1 0 2 0
TARGET 11075 1 1 0 2 0
TARGET 11076 1 1 0 3 0
TARGET 11077 1 1 0 2 0
TARGET 11078 1 1 0 3 0
TARGET 11079 1 1 0 3 0
TARGET 11080 1 1 0 3 0
TARGET 11081 1 1 0 4 0
TARGET 11082 1 1 0 3 0
TARGET 11083 1 1 0 2 0
TARGET 11084 1 1 0 2 0
TARGET 11085 1 1 0 2 0
TARGET 11086 1 1 0 3 0
TARGET 11087 1 1 0 2 0
TARGET 11088 1 1 0 2 0
TARGET 11089 1 1 0 2 0
TARGET 11090 1 1 0 2 0
TARGET 11091 1 1 0 2 0
TARGET 11092 1 1 0 2 0
TARGET 11093 1 2 0 3 0
TARGET 11094 1 1 0 2 0
TARGET 11095 1 1 0 2 0
TARGET 11096 1 1 0 2 0
TARGET 11097 1 1 0 2 0
TARGET 11098 1 1 0 3 0
TARGET 11099 1 1 0 2 0
TARGET 11100 1 1 0 2 0
TARGET 11101 1 2 0 3 0
TARGET 11102 1 1 0 2 0
TARGET 11103 1 0 0 1 0
TARGET 11104 1 1 0 1 0
TARGET 11105 1 1 0 2 0
TARGET 11106 1 1 0 1 0
TARGET 11107 1 0 0 1 0
TARGET 11108 1 1 0 1 0
TARGET 11109 1 0 0 1 0
TARGET 11110 1 1 0 1 0
TARGET 11111 1 0 0 1 0
TARGET 11112 1 1 0 2 0
TARGET 11113 1 1 0 1 0
TARGET 11114 1 0 0 1 0
TARGET 11115 1 1 0 2 0
TARGET 11116 1 0 0 1 0
TARGET 11117 1 0 0 1 0
TARGET 11118 1 0 0 1 0
TARGET 11119 1 1 0 2 0
TARGET 11120 1 0 0 1 0
TARGET 11121 1 0 0 1 0
TARGET 11122 1 0 0 1 0
TARGET 11123 1 0 0 1 0
TARGET 11124 1 0 0 2 0
TARGET 11125 1 1 0 1 0
TARGET 11126 1 1 0 2 0
TARGET 11127 1 1 0 1 0
TARGET 11128 1 0 0 1 0
TARGET 11129 1 1 0 1 0
TARGET 11130 1 1 0 2 0
TARGET 11131 1 1 0 1 0
TARGET 11132 1 0 0 1 0
TARGET 11133 1 1 0 1 0
TARGET 11134 1 0 0 1 0
TARGET 11135 1 1 0 2 0
TARGET 11136 1 1 0 3 0
TARGET 11137 1 1 0 2 0
TARGET 11138 1 1 0 2 0
TARGET 11139 1 1 0 2 0
TARGET 11140 1 1 0 3 0
TARGET 11141 1 1 0 2 0
TARGET 11142 1 1 0 2 0
TARGET 11143 1 1 0 2 0
TARGET 11144 1 1 0 2 0
TARGET 11145 1 1 0 1 0
TARGET 11146 1 1 0 2 0
TARGET 11147 1 1 0 1 0
TARGET 11148 1 0 0 1 0
TARGET 11149 1 1 0 1 0
TARGET 11150 1 1 0 2 0
TARGET 11151 1 1 0 1 0
TARGET 11152 1 0 0 1 0
TARGET 11153 1 1 0 1 0
TARGET 11154 1 0 0 1 0
TARGET 11155 1 0 0 1 0
TARGET 11156 1 1 0 1 0
TARGET 11157 1 0 0 1 0
TARGET 11158 1 1 0 1 0
TARGET 11159 1 0 0 1 0
TARGET 11160 1 1 0 2 0
TARGET 11161 1 1 0 1 0
TARGET 11162 1 0 0 2 0
TARGET 11163 1 1 0 2 0
TARGET 11164 1 1 0 2 0
TARGET 11165 1 1 0 2 0
TARGET 11166 1 1 0 2 0
TARGET 11167 1 1 0 2 0
TARGET 11168 1 1 0 3 0
TARGET 11169 1 1 0 2 0
TARGET 11170 1 0 0 1 0
TARGET 11171 1 1 0 1 0
TARGET 11172 1 0 0 1 0
TARGET 11173 1 1 0 1 0
TARGET 11174 1 0 0 1 0
TARGET 11175 1 1 0 2 0
TARGET 11176 1 1 0 1 0
TARGET 11177 1 0 0 1 0
TARGET 11178 1 0 0 1 0
TARGET 11179 1 1 0 2 0
TARGET 11180 1 0 0 1 0
TARGET 11181 1 0 0 1 0
TARGET 11182 1 0 0 1 0
TARGET 11183 1 0 0 1 0
TARGET 11184 1 0 0 1 0
TARGET 11185 1 0 0 1 0
TARGET 11186 1 0 0 1 0
TARGET 11187 1 0 0 1 0
TARGET 11188 1 1 0 2 0
TARGET 11189 1 0 0 1 0
TARGET 11190 1 1 0 1 0
TARGET 11191 1 1 0 2 0
TARGET 11192 1 1 0 1 0
TARGET 11193 1 0 0 1 0
TARGET 11194 1 0 0 1 0
TARGET 11195 1 1 0 1 0
TARGET 11196 1 1 0 1 0
TARGET 11197 1 0 0 1 0
TARGET 11198 1 0 0 1 0
TARGET 11199 1 1 0 2 0
TARGET 11200 1 1 0 1 0
TARGET 11201 1 1 0 2 0
TARGET 11202 1 1 0 2 0
TARGET 11203 1 1 0 2 0
TARGET 11204 1 1 0 3 0
TARGET 11205 1 1 0 2 0
TARGET 11206 1 0 0 1 0
TARGET 11207 1 1 0 1 0
TARGET 11208 1 0 0 1 0
TARGET 11209 1 1 0 2 0
TARGET 11210 1 1 0 1 0
TARGET 11211 1 0 0 1 0
TARGET 11212 1 0 0 1 0
TARGET 11213 1 0 0 1 0
TARGET 11214 1 0 0 1 0
TARGET 11215 1 0 0 1 0
TARGET 11216 1 1 0 2 0
TARGET 11217 1 0 0 1 0
TARGET 11218 1 1 0 1 0
TARGET 11219 1 0 0 1 0
TARGET 11220 1 0 0 1 0
TARGET 11221 1 1 0 2 0
TARGET 11222 1 1 0 1 0
TARGET 11223 1 0 0 1 0
TARGET 11224 1 1 0 2 0
TARGET 11225 1 0 0 1 0
TARGET 11226 1 1 0 3 0
TARGET 11227 1 0 0 2 0
TARGET 11228 1 0 0 2 0
TARGET 11229 1 0 0 2 0
TARGET 11230 1 0 0 2 0
TARGET 11231 1 0 0 2 0
TARGET 11232 1 0 0 2 0
TARGET 11233 1 1 0 3 0
TARGET 11234 1 0 0 2 0
TARGET 11235 1 0 0 0 0
TARGET 11236 1 0 0 0 0
TARGET 11237 1 1 0 1 0
TARGET 11238 1 0 0 0 0
TARGET 11239 1 0 0 0 0
TARGET 11240 1 0 0 0 0
TARGET 11241 1 0 0 0 0
TARGET 11242 1 0 0 0 0
TARGET 11243 1 0 0 0 0
TARGET 11244 1 1 0 1 0
TARGET 11245 1 0 0 0 0
TARGET 11246 1 0 0 1 0
TARGET 11247 1 1 0 2 0
TARGET 11248 1 0 0 1 0
TARGET 11249 1 0 0 1 0
TARGET 11250 1 0 0 1 0
TARGET 11251 1 1 0 2 0
TARGET 11252 1 0 0 1 0
TARGET 11253 1 0 0 1 0
TARGET 11254 1 0 0 1 0
TARGET 11255 1 0 0 1 0
TARGET 11256 1 0 0 0 0
TARGET 11257 1 2 0 3 0
TARGET 11258 1 1 0 2 0
TARGET 11259 1 1 0 2 0
TARGET 11260 1 1 0 2 0
TARGET 11261 1 1 0 3 0
TARGET 11262 1 1 0 2 0
TARGET 11263 1 1 0 2 0
TARGET 11264 1 1 0 2 0
TARGET 11265 1 1 0 2 0
TARGET 11266 1 0 0 1 0
TARGET 11267 1 0 0 1 0
TARGET 11268 1 0 0 1 0
TARGET 11269 1 1 0 2 0
TARGET 11270 1 0 0 1 0
TARGET 11271 1 0 0 1 0
TARGET 11272 1 0 0 1 0
TARGET 11273 1 0 0 1 0
TARGET 11274 1 0 0 2 0
TARGET 11275 1 0 0 0 0
TARGET 11276 1 0 0 1 0
TARGET 11277 1 0 0 1 0
TARGET 11278 1 1 0 2 0
TARGET 11279 1 0 0 1 0
TARGET 11280 1 0 0 1 0
TARGET 11281 1 0 0 1 0
TARGET 11282 1 0 0 1 0
TARGET 11283 1 0 0 0 0
TARGET 11284 1 0 0 1 0
TARGET 11285 1 1 0 2 0
TARGET 11286 1 0 0 1 0
TARGET 11287 1 0 0 1 0
TARGET 11288 1 0 0 1 0
TARGET 11289 1 0 0 1 0
TARGET 11290 1 0 0 0 0
TARGET 11291 1 2 0 3 0
TARGET 11292 1 1 0 2 0
TARGET 11293 1 1 0 2 0
TARGET 11294 1 1 0 2 0
TARGET 11295 1 1 0 2 0
TARGET 11296 1 0 0 1 0
TARGET 11297 1 0 0 1 0
TARGET 11298 1 0 0 1 0
TARGET 11299 1 0 0 1 0
TARGET 11300 1 0 0 2 0
TARGET 11301 1 0 0 0 0
TARGET 11302 1 0 0 1 0
TARGET 11303 1 0 0 1 0
TARGET 11304 1 0 0 1 0
TARGET 11305 1 0 0 0 0
TARGET 11306 1 0 0 1 0
TARGET 11307 1 0 0 1 0
TARGET 11308 1 0 0 0 0
TARGET 11309 1 0 0 1 0
TARGET 11310 1 0 0 0 0
TARGET 11311 1 1 0 1 0
TARGET 11312 1 1 0 2 0
TARGET 11313 1 1 0 1 0
TARGET 11314 1 0 0 1 0
TARGET 11315 1 1 0 1 0
TARGET 11316 1 1 0 2 0
TARGET 11317 1 1 0 1 0
TARGET 11318 1 0 0 1 0
TARGET 11319 1 1 0 1 0
TARGET 11320 1 0 0 1 0
TARGET 11321 1 0 0 0 0
TARGET 11322 1 1 0 3 0
TARGET 11323 1 1 0 2 0
TARGET 11324 1 1 0 2 0
TARGET 11325 1 1 0 2 0
TARGET 11326 1 1 0 3 0
TARGET 11327 1 1 0 2 0
TARGET 11328 1 1 0 2 0
TARGET 11329 1 1 0 2 0
TARGET 11330 1 1 0 2 0
TARGET 11331 1 1 0 1 0
TARGET 11332 1 0 0 1 0
TARGET 11333 1 1 0 1 0
TARGET 11334 1 1 0 2 0
TARGET 11335 1 1 0 1 0
TARGET 11336 1 0 0 1 0
TARGET 11337 1 1 0 1 0
TARGET 11338 1 0 0 1 0
TARGET 11339 1 0 0 2 0
TARGET 11340 1 0 0 0 0
TARGET 11341 1 0 0 1 0
TARGET 11342 1 0 0 1 0
TARGET 11343 1 1 0 2 0
TARGET 11344 1 0 0 1 0
TARGET 11345 1 0 0 1 0
TARGET 11346 1 0 0 1 0
TARGET 11347 1 0 0 1 0
TARGET 11348 1 0 0 0 0
TARGET 11349 1 1 0 1 0
TARGET 11350 1 1 0 2 0
TARGET 11351 1 1 0 1 0
TARGET 11352 1 0 0 1 0
TARGET 11353 1 1 0 1 0
TARGET 11354 1 0 0 1 0
TARGET 11355 1 0 0 0 0
TARGET 11356 1 1 0 3 0
TARGET 11357 1 1 0 2 0
TARGET 11358 1 1 0 2 0
TARGET 11359 1 1 0 2 0
TARGET 11360 1 1 0 2 0
TARGET 11361 1 1 0 1 0
TARGET 11362 1 0 0 1 0
TARGET 11363 1 1 0 1 0
TARGET 11364 1 0 0 1 0
TARGET 11365 1 0 0 2 0
TARGET 11366 1 0 0 0 0
TARGET 11367 1 0 0 1 0
TARGET 11368 1 0 0 1 0
TARGET 11369 1 0 0 1 0
TARGET 11370 1 0 0 0 0
TARGET 11371 1 1 0 1 0
TARGET 11372 1 0 0 1 0
TARGET 11373 1 0 0 0 0
TARGET 11374 1 0 0 1 0
TARGET 11375 1 0 0 0 0
TARGET 11376 1 1 0 2 0
TARGET 11377 1 1 0 3 0
TARGET 11378 1 1 0 2 0
TARGET 11379 1 1 0 2 0
TARGET 11380 1 1 0 2 0
TARGET 11381 1 1 0 3 0
TARGET 11382 1 1 0 2 0
TARGET 11383 1 1 0 2 0
TARGET 11384 1 1 0 2 0
TARGET 11385 1 1 0 2 0
TARGET 11386 1 1 0 1 0
TARGET 11387 1 1 0 4 0
TARGET 11388 1 1 0 3 0
TARGET 11389 1 1 0 3 0
TARGET 11390 1 1 0 3 0
TARGET 11391 1 1 0 4 0
TARGET 11392 1 1 0 3 0
TARGET 11393 1 1 0 3 0
TARGET 11394 1 1 0 3 0
TARGET 11395 1 1 0 3 0
TARGET 11396 1 1 0 2 0
TARGET 11397 1 1 0 2 0
TARGET 11398 1 1 0 2 0
TARGET 11399 1 1 0 3 0
TARGET 11400 1 1 0 2 0
TARGET 11401 1 1 0 2 0
TARGET 11402 1 1 0 2 0
TARGET 11403 1 1 0 2 0
TARGET 11404 1 1 0 3 0
TARGET 11405 1 1 0 1 0
TARGET 11406 1 1 0 2 0
TARGET 11407 1 1 0 2 0
TARGET 11408 1 2 0 3 0
TARGET 11409 1 1 0 2 0
TARGET 11410 1 1 0 2 0
TARGET 11411 1 1 0 2 0
TARGET 11412 1 1 0 2 0
TARGET 11413 1 1 0 1 0
TARGET 11414 1 1 0 2 0
TARGET 11415 1 1 0 3 0
TARGET 11416 1 1 0 2 0
TARGET 11417 1 1 0 2 0
TARGET 11418 1 1 0 2 0
TARGET 11419 1 1 0 2 0
TARGET 11420 1 1 0 1 0
TARGET 11421 1 3 0 4 0
TARGET 11422 1 2 0 3 0
TARGET 11423 1 2 0 3 0
TARGET 11424 1 2 0 3 0
TARGET 11425 1 2 0 3 0
TARGET 11426 1 1 0 2 0
TARGET 11427 1 1 0 2 0
TARGET 11428 1 1 0 2 0
TARGET 11429 1 1 0 2 0
TARGET 11430 1 1 0 3 0
TARGET 11431 1 1 0 1 0
TARGET 11432 1 1 0 2 0
TARGET 11433 1 1 0 2 0
TARGET 11434 1 1 0 2 0
TARGET 11435 1 1 0 1 0
TARGET 11436 1 1 0 2 0
TARGET 11437 1 1 0 2 0
TARGET 11438 1 1 0 1 0
TARGET 11439 1 1 0 2 0
TARGET 11440 1 1 0 1 0
TARGET 11441 1 1 0 1 0
TARGET 11442 1 1 0 2 0
TARGET 11443 1 1 0 1 0
TARGET 11444 1 0 0 1 0
TARGET 11445 1 1 0 1 0
TARGET 11446 1 1 0 2 0
TARGET 11447 1 1 0 1 0
TARGET 11448 1 0 0 1 0
TARGET 11449 1 1 0 1 0
TARGET 11450 1 0 0 1 0
TARGET 11451 1 0 0 0 0
TARGET 11452 1 1 0 3 0
TARGET 11453 1 1 0 2 0
TARGET 11454 1 1 0 2 0
TARGET 11455 1 1 0 2 0
TARGET 11456 1 1 0 3 0
TARGET 11457 1 1 0 2 0
TARGET 11458 1 1 0 2 0
TARGET 11459 1 1 0 2 0
TARGET 11460 1 1 0 2 0
TARGET 11461 1 1 0 1 0
TARGET 11462 1 0 0 1 0
TARGET 11463 1 1 0 1 0
TARGET 11464 1 1 0 2 0
TARGET 11465 1 1 0 1 0
TARGET 11466 1 0 0 1 0
TARGET 11467 1 1 0 1 0
TARGET 11468 1 0 0 1 0
TARGET 11469 1 0 0 2 0
TARGET 11470 1 0 0 0 0
TARGET 11471 1 0 0 1 0
TARGET 11472 1 0 0 1 0
TARGET 11473 1 1 0 2 0
TARGET 11474 1 0 0 1 0
TARGET 11475 1 0 0 1 0
TARGET 11476 1 0 0 1 0
TARGET 11477 1 0 0 1 0
TARGET 11478 1 0 0 0 0
TARGET 11479 1 1 0 1 0
TARGET 11480 1 1 0 2 0
TARGET 11481 1 1 0 1 0
TARGET 11482 1 0 0 1 0
TARGET 11483 1 1 0 1 0
TARGET 11484 1 0 0 1 0
TARGET 11485 1 0 0 0 0
TARGET 11486 1 2 0 3 0
TARGET 11487 1 1 0 2 0
TARGET 11488 1 1 0 2 0
TARGET 11489 1 1 0 2 0
TARGET 11490 1 1 0 2 0
TARGET 11491 1 1 0 1 0
TARGET 11492 1 0 0 1 0
TARGET 11493 1 1 0 1 0
TARGET 11494 1 0 0 1 0
TARGET 11495 1 0 0 2 0
TARGET 11496 1 0 0 0 0
TARGET 11497 1 0 0 1 0
TARGET 11498 1 0 0 1 0
TARGET 11499 1 0 0 1 0
TARGET 11500 1 0 0 0 0
TARGET 11501 1 1 0 1 0
TARGET 11502 1 0 0 1 0
TARGET 11503 1 0 0 0 0
TARGET 11504 1 0 0 1 0
TARGET 11505 1 0 0 0 0
TARGET 11506 1 0 0 1 0
TARGET 11507 1 1 0 1 0
TARGET 11508 1 0 0 1 0
TARGET 11509 1 1 0 1 0
TARGET 11510 1 0 0 1 0
TARGET 11511 1 1 0 2 0
TARGET 11512 1 1 0 1 0
TARGET 11513 1 1 0 2 0
TARGET 11514 1 1 0 2 0
TARGET 11515 1 1 0 2 0
TARGET 11516 1 1 0 2 0
TARGET 11517 1 1 0 2 0
TARGET 11518 1 1 0 3 0
TARGET 11519 1 1 0 2 0
TARGET 11520 1 0 0 1 0
TARGET 11521 1 1 0 1 0
TARGET 11522 1 0 0 1 0
TARGET 11523 1 1 0 1 0
TARGET 11524 1 0 0 1 0
TARGET 11525 1 1 0 2 0
TARGET 11526 1 1 0 1 0
TARGET 11527 1 0 0 1 0
TARGET 11528 1 0 0 1 0
TARGET 11529 1 1 0 2 0
TARGET 11530 1 0 0 1 0
TARGET 11531 1 0 0 1 0
TARGET 11532 1 0 0 1 0
TARGET 11533 1 0 0 1 0
TARGET 11534 1 0 0 1 0
TARGET 11535 1 0 0 1 0
TARGET 11536 1 0 0 1 0
TARGET 11537 1 0 0 1 0
TARGET 11538 1 1 0 2 0
TARGET 11539 1 0 0 1 0
TARGET 11540 1 1 0 1 0
TARGET 11541 1 1 0 2 0
TARGET 11542 1 1 0 1 0
TARGET 11543 1 0 0 1 0
TARGET 11544 1 0 0 1 0
TARGET 11545 1 1 0 1 0
TARGET 11546 1 1 0 1 0
TARGET 11547 1 0 0 1 0
TARGET 11548 1 0 0 1 0
TARGET 11549 1 1 0 2 0
TARGET 11550 1 1 0 1 0
TARGET 11551 1 1 0 2 0
TARGET 11552 1 1 0 2 0
TARGET 11553 1 1 0 2 0
TARGET 11554 1 1 0 3 0
TARGET 11555 1 1 0 2 0
TARGET 11556 1 0 0 1 0
TARGET 11557 1 1 0 1 0
TARGET 11558 1 0 0 1 0
TARGET 11559 1 1 0 2 0
TARGET 11560 1 1 0 1 0
TARGET 11561 1 0 0 1 0
TARGET 11562 1 0 0 1 0
TARGET 11563 1 0 0 1 0
TARGET 11564 1 0 0 1 0
TARGET 11565 1 0 0 1 0
TARGET 11566 1 1 0 2 0
TARGET 11567 1 0 0 1 0
TARGET 11568 1 1 0 1 0
TARGET 11569 1 0 0 1 0
TARGET 11570 1 0 0 1 0
TARGET 11571 1 1 0 2 0
TARGET 11572 1 1 0 1 0
TARGET 11573 1 0 0 1 0
TARGET 11574 1 1 0 2 0
TARGET 11575 1 0 0 1 0
TARGET 11576 1 0 0 0 0
TARGET 11577 1 0 0 0 0
TARGET 11578 1 0 0 0 0
TARGET 11579 1 0 0 0 0
TARGET 11580 1 0 0 0 0
TARGET 11581 1 1 0 1 0
TARGET 11582 1 0 0 0 0
TARGET 11583 1 2 0 3 0
TARGET 11584 1 2 0 3 0
TARGET 11585 1 2 0 3 0
TARGET 11586 1 1 0 3 0
TARGET 11587 1 2 0 3 0
TARGET 11588 1 1 0 4 0
TARGET 11589 1 1 0 3 0
TARGET 11590 1 1 0 2 0
TARGET 11591 1 1 0 2 0
TARGET 11592 1 1 0 2 0
TARGET 11593 1 1 0 2 0
TARGET 11594 1 1 0 2 0
TARGET 11595 1 1 0 3 0
TARGET 11596 1 1 0 2 0
TARGET 11597 1 1 0 2 0
TARGET 11598 1 1 0 2 0
TARGET 11599 1 1 0 3 0
TARGET 11600 1 1 0 2 0
TARGET 11601 1 1 0 2 0
TARGET 11602 1 1 0 2 0
TARGET 11603 1 1 0 2 0
TARGET 11604 1 1 0 2 0
TARGET 11605 1 1 0 2 0
TARGET 11606 1 1 0 2 0
TARGET 11607 1 1 0 2 0
TARGET 11608 1 1 0 3 0
TARGET 11609 1 1 0 2 0
TARGET 11610 1 1 0 2 0
TARGET 11611 1 1 0 3 0
TARGET 11612 1 1 0 2 0
TARGET 11613 1 1 0 2 0
TARGET 11614 1 1 0 2 0
TARGET 11615 1 1 0 2 0
TARGET 11616 1 1 0 2 0
TARGET 11617 1 1 0 2 0
TARGET 11618 1 1 0 2 0
TARGET 11619 1 1 0 3 0
TARGET 11620 1 1 0 2 0
TARGET 11621 1 1 0 3 0
TARGET 11622 1 1 0 3 0
TARGET 11623 1 1 0 3 0
TARGET 11624 1 1 0 4 0
TARGET 11625 1 1 0 3 0
TARGET 11626 1 1 0 2 0
TARGET 11627 1 1 0 2 0
TARGET 11628 1 1 0 2 0
TARGET 11629 1 1 0 3 0
TARGET 11630 1 1 0 2 0
TARGET 11631 1 1 0 2 0
TARGET 11632 1 1 0 2 0
TARGET 11633 1 1 0 2 0
TARGET 11634 1 1 0 2 0
TARGET 11635 1 1 0 2 0
TARGET 11636 1 1 0 3 0
TARGET 11637 1 1 0 2 0
TARGET 11638 1 1 0 2 0
TARGET 11639 1 1 0 2 0
TARGET 11640 1 1 0 2 0
TARGET 11641 1 1 0 3 0
TARGET 11642 1 1 0 2 0
TARGET 11643 1 1 0 2 0
TARGET 11644 1 1 0 3 0
TARGET 11645 1 1 0 2 0
TARGET 11646 1 0 0 1 0
TARGET 11647 1 1 0 1 0
TARGET 11648 1 0 0 1 0
TARGET 11649 1 1 0 1 0
TARGET 11650 1 0 0 1 0
TARGET 11651 1 1 0 2 0
TARGET 11652 1 1 0 1 0
TARGET 11653 1 0 0 1 0
TARGET 11654 1 0 0 1 0
TARGET 11655 1 1 0 2 0
TARGET 11656 1 0 0 1 0
TARGET 11657 1 0 0 1 0
TARGET 11658 1 0 0 1 0
TARGET 11659 1 0 0 1 0
TARGET 11660 1 0 0 2 0
TARGET 11661 1 0 0 1 0
TARGET 11662 1 0 0 1 0
TARGET 11663 1 0 0 1 0
TARGET 11664 1 0 0 1 0
TARGET 11665 1 1 0 2 0
TARGET 11666 1 0 0 1 0
TARGET 11667 1 1 0 1 0
TARGET 11668 1 1 0 2 0
TARGET 11669 1 1 0 1 0
TARGET 11670 1 0 0 1 0
TARGET 11671 1 0 0 1 0
TARGET 11672 1 1 0 1 0
TARGET 11673 1 1 0 1 0
TARGET 11674 1 0 0 1 0
TARGET 11675 1 0 0 1 0
TARGET 11676 1 1 0 2 0
TARGET 11677 1 1 0 1 0
TARGET 11678 1 0 0 2 0
TARGET 11679 1 1 0 2 0
TARGET 11680 1 1 0 2 0
TARGET 11681 1 1 0 2 0
TARGET 11682 1 1 0 3 0
TARGET 11683 1 1 0 2 0
TARGET 11684 1 0 0 1 0
TARGET 11685 1 1 0 1 0
TARGET 11686 1 0 0 1 0
TARGET 11687 1 1 0 2 0
TARGET 11688 1 1 0 1 0
TARGET 11689 1 0 0 1 0
TARGET 11690 1 0 0 1 0
TARGET 11691 1 0 0 1 0
TARGET 11692 1 0 0 2 0
TARGET 11693 1 0 0 1 0
TARGET 11694 1 0 0 1 0
TARGET 11695 1 1 0 2 0
TARGET 11696 1 0 0 1 0
TARGET 11697 1 1 0 1 0
TARGET 11698 1 0 0 1 0
TARGET 11699 1 0 0 2 0
TARGET 11700 1 0 0 1 0
TARGET 11701 1 1 0 2 0
TARGET 11702 1 1 0 1 0
TARGET 11703 1 0 0 1 0
TARGET 11704 1 1 0 2 0
TARGET 11705 1 0 0 1 0
TARGET 11706 1 0 0 2 0
TARGET 11707 1 1 0 3 0
TARGET 11708 1 0 0 2 0
TARGET 11709 1 0 0 0 0
TARGET 11710 1 0 0 0 0
TARGET 11711 1 0 0 0 0
TARGET 11712 1 0 0 0 0
TARGET 11713 1 0 0 0 0
TARGET 11714 1 1 0 1 0
TARGET 11715 1 0 0 0 0
TARGET 11716 1 0 0 1 0
TARGET 11717 1 0 0 1 0
TARGET 11718 1 1 0 2 0
TARGET 11719 1 0 0 1 0
TARGET 11720 1 0 0 1 0
TARGET 11721 1 0 0 1 0
TARGET 11722 1 0 0 1 0
TARGET 11723 1 0 0 0 0
TARGET 11724 1 0 0 1 0
TARGET 11725 1 1 0 2 0
TARGET 11726 1 0 0 1 0
TARGET 11727 1 0 0 1 0
TARGET 11728 1 0 0 1 0
TARGET 11729 1 0 0 1 0
TARGET 11730 1 0 0 0 0
TARGET 11731 1 2 0 3 0
TARGET 11732 1 1 0 2 0
TARGET 11733 1 1 0 2 0
TARGET 11734 1 1 0 2 0
TARGET 11735 1 1 0 2 0
TARGET 11736 1 0 0 1 0
TARGET 11737 1 0 0 1 0
TARGET 11738 1 0 0 1 0
TARGET 11739 1 0 0 1 0
TARGET 11740 1 0 0 2 0
TARGET 11741 1 0 0 0 0
TARGET 11742 1 0 0 1 0
TARGET 11743 1 0 0 1 0
TARGET 11744 1 0 0 1 0
TARGET 11745 1 0 0 0 0
TARGET 11746 1 0 0 1 0
TARGET 11747 1 0 0 1 0
TARGET 11748 1 0 0 0 0
TARGET 11749 1 0 0 1 0
TARGET 11750 1 0 0 0 0
TARGET 11751 1 0 0 1 0
TARGET 11752 1 0 0 1 0
TARGET 11753 1 0 0 1 0
TARGET 11754 1 0 0 1 0
TARGET 11755 1 1 0 2 0
TARGET 11756 1 0 0 1 0
TARGET 11757 1 0 0 1 0
TARGET 11758 1 1 0 2 0
TARGET 11759 1 0 0 1 0
TARGET 11760 1 0 0 1 0
TARGET 11761 1 0 0 1 0
TARGET 11762 1 0 0 1 0
TARGET 11763 1 0 0 1 0
TARGET 11764 1 0 0 1 0
TARGET 11765 1 0 0 1 0
TARGET 11766 1 1 0 2 0
TARGET 11767 1 0 0 1 0
TARGET 11768 1 1 0 2 0
TARGET 11769 1 1 0 2 0
TARGET 11770 1 1 0 2 0
TARGET 11771 1 1 0 3 0
TARGET 11772 1 1 0 2 0
TARGET 11773 1 0 0 1 0
TARGET 11774 1 0 0 1 0
TARGET 11775 1 0 0 1 0
TARGET 11776 1 1 0 2 0
TARGET 11777 1 0 0 1 0
TARGET 11778 1 0 0 1 0
TARGET 11779 1 0 0 1 0
TARGET 11780 1 0 0 1 0
TARGET 11781 1 0 0 1 0
TARGET 11782 1 0 0 1 0
TARGET 11783 1 1 0 2 0
TARGET 11784 1 0 0 1 0
TARGET 11785 1 0 0 1 0
TARGET 11786 1 0 0 1 0
TARGET 11787 1 0 0 1 0
TARGET 11788 1 1 0 2 0
TARGET 11789 1 0 0 1 0
TARGET 11790 1 0 0 1 0
TARGET 11791 1 1 0 2 0
TARGET 11792 1 0 0 1 0
TARGET 11793 1 0 0 0 0
TARGET 11794 1 0 0 0 0
TARGET 11795 1 0 0 0 0
TARGET 11796 1 0 0 0 0
TARGET 11797 1 1 0 1 0
TARGET 11798 1 0 0 0 0
TARGET 11799 1 1 0 1 0
TARGET 11800 1 1 0 2 0
TARGET 11801 1 1 0 1 0
TARGET 11802 1 0 0 1 0
TARGET 11803 1 0 0 1 0
TARGET 11804 1 1 0 1 0
TARGET 11805 1 1 0 1 0
TARGET 11806 1 0 0 1 0
TARGET 11807 1 0 0 1 0
TARGET 11808 1 1 0 2 0
TARGET 11809 1 1 0 1 0
TARGET 11810 1 0 0 0 0
TARGET 11811 1 1 0 3 0
TARGET 11812 1 1 0 2 0
TARGET 11813 1 1 0 2 0
TARGET 11814 1 1 0 2 0
TARGET 11815 1 1 0 2 0
TARGET 11816 1 1 0 2 0
TARGET 11817 1 1 0 2 0
TARGET 11818 1 1 0 2 0
TARGET 11819 1 1 0 3 0
TARGET 11820 1 1 0 2 0
TARGET 11821 1 1 0 1 0
TARGET 11822 1 0 0 1 0
TARGET 11823 1 0 0 1 0
TARGET 11824 1 1 0 1 0
TARGET 11825 1 1 0 1 0
TARGET 11826 1 0 0 1 0
TARGET 11827 1 0 0 1 0
TARGET 11828 1 1 0 2 0
TARGET 11829 1 1 0 1 0
TARGET 11830 1 0 0 2 0
TARGET 11831 1 0 0 0 0
TARGET 11832 1 0 0 1 0
TARGET 11833 1 0 0 1 0
TARGET 11834 1 0 0 1 0
TARGET 11835 1 0 0 1 0
TARGET 11836 1 0 0 1 0
TARGET 11837 1 0 0 1 0
TARGET 11838 1 0 0 1 0
TARGET 11839 1 0 0 1 0
TARGET 11840 1 1 0 2 0
TARGET 11841 1 0 0 1 0
TARGET 11842 1 0 0 0 0
TARGET 11843 1 1 0 1 0
TARGET 11844 1 1 0 1 0
TARGET 11845 1 0 0 1 0
TARGET 11846 1 0 0 1 0
TARGET 11847 1 0 0 1 0
TARGET 11848 1 1 0 2 0
TARGET 11849 1 1 0 1 0
TARGET 11850 1 0 0 0 0
TARGET 11851 1 0 0 1 0
TARGET 11852 1 0 0 1 0
TARGET 11853 1 1 0 2 0
TARGET 11854 1 0 0 1 0
TARGET 11855 1 0 0 0 0
TARGET 11856 1 0 0 0 0
TARGET 11857 1 0 0 0 0
TARGET 11858 1 0 0 0 0
TARGET 11859 1 1 0 1 0
TARGET 11860 1 0 0 0 0
TARGET 11861 1 2 0 3 0
TARGET 11862 1 2 0 3 0
TARGET 11863 1 2 0 3 0
TARGET 11864 1 1 0 4 0
TARGET 11865 1 1 0 3 0
TARGET 11866 1 1 0 2 0
TARGET 11867 1 1 0 2 0
TARGET 11868 1 1 0 2 0
TARGET 11869 1 1 0 3 0
TARGET 11870 1 1 0 2 0
TARGET 11871 1 1 0 2 0
TARGET 11872 1 1 0 2 0
TARGET 11873 1 1 0 2 0
TARGET 11874 1 1 0 2 0
TARGET 11875 1 1 0 2 0
TARGET 11876 1 1 0 3 0
TARGET 11877 1 1 0 2 0
TARGET 11878 1 1 0 2 0
TARGET 11879 1 1 0 2 0
TARGET 11880 1 1 0 2 0
TARGET 11881 1 1 0 3 0
TARGET 11882 1 1 0 2 0
TARGET 11883 1 1 0 2 0
TARGET 11884 1 1 0 3 0
TARGET 11885 1 1 0 2 0
TARGET 11886 1 0 0 1 0
TARGET 11887 1 1 0 1 0
TARGET 11888 1 0 0 1 0
TARGET 11889 1 1 0 2 0
TARGET 11890 1 1 0 1 0
TARGET 11891 1 0 0 1 0
TARGET 11892 1 0 0 1 0
TARGET 11893 1 0 0 1 0
TARGET 11894 1 0 0 2 0
TARGET 11895 1 0 0 1 0
TARGET 11896 1 0 0 1 0
TARGET 11897 1 1 0 2 0
TARGET 11898 1 0 0 1 0
TARGET 11899 1 1 0 1 0
TARGET 11900 1 0 0 1 0
TARGET 11901 1 0 0 1 0
TARGET 11902 1 1 0 2 0
TARGET 11903 1 1 0 1 0
TARGET 11904 1 0 0 2 0
TARGET 11905 1 0 0 1 0
TARGET 11906 1 1 0 2 0
TARGET 11907 1 0 0 1 0
TARGET 11908 1 0 0 2 0
TARGET 11909 1 1 0 3 0
TARGET 11910 1 0 0 2 0
TARGET 11911 1 0 0 0 0
TARGET 11912 1 0 0 0 0
TARGET 11913 1 0 0 0 0
TARGET 11914 1 1 0 1 0
TARGET 11915 1 0 0 0 0
TARGET 11916 1 0 0 1 0
TARGET 11917 1 0 0 1 0
TARGET 11918 1 0 0 1 0
TARGET 11919 1 0 0 0 0
TARGET 11920 1 0 0 1 0
TARGET 11921 1 0 0 1 0
TARGET 11922 1 0 0 0 0
TARGET 11923 1 0 0 1 0
TARGET 11924 1 0 0 0 0
TARGET 11925 1 0 0 1 0
TARGET 11926 1 0 0 1 0
TARGET 11927 1 1 0 2 0
TARGET 11928 1 0 0 1 0
TARGET 11929 1 0 0 1 0
TARGET 11930 1 0 0 1 0
TARGET 11931 1 0 0 1 0
TARGET 11932 1 1 0 2 0
TARGET 11933 1 0 0 1 0
TARGET 11934 1 0 0 1 0
TARGET 11935 1 1 0 2 0
TARGET 11936 1 0 0 1 0
TARGET 11937 1 0 0 0 0
TARGET 11938 1 0 0 0 0
TARGET 11939 1 1 0 1 0
TARGET 11940 1 0 0 0 0
TARGET 11941 1 1 0 1 0
TARGET 11942 1 0 0 1 0
TARGET 11943 1 0 0 1 0
TARGET 11944 1 1 0 2 0
TARGET 11945 1 1 0 1 0
TARGET 11946 1 0 0 0 0
TARGET 11947 1 0 0 1 0
TARGET 11948 1 0 0 1 0
TARGET 11949 1 1 0 2 0
TARGET 11950 1 0 0 1 0
TARGET 11951 1 0 0 0 0
TARGET 11952 1 0 0 0 0
TARGET 11953 1 1 0 1 0
TARGET 11954 1 0 0 0 0
TARGET 11955 1 0 0 1 0
TARGET 11956 1 1 0 2 0
TARGET 11957 1 0 0 1 0
TARGET 11958 1 0 0 0 0
TARGET 11959 1 1 0 1 0
TARGET 11960 1 0 0 0 0
TARGET 11961 1 1 0 1 0
TARGET 11962 1 1 0 1 0
TARGET 11963 1 0 0 1 0
TARGET 11964 1 1 0 1 0
TARGET 11965 1 0 0 1 0
TARGET 11966 1 0 0 1 0
TARGET 11967 1 0 0 1 0
TARGET 11968 1 1 0 1 0
TARGET 11969 1 1 0 1 0
TARGET 11970 1 1 0 1 0
TARGET 11971 1 1 0 1 0
TARGET 11972 1 0 0 1 0
TARGET 11973 1 0 0 1 0
TARGET 11974 1 1 0 1 0
TARGET 11975 1 1 0 1 0
TARGET 11976 1 0 0 1 0
TARGET 11977 1 0 0 1 0
TARGET 11978 1 1 0 1 0
TARGET 11979 1 1 0 1 0
TARGET 11980 1 0 0 0 0
TARGET 11981 1 1 0 1 0
TARGET 11982 1 0 0 1 0
TARGET 11983 1 1 0 1 0
TARGET 11984 1 0 0 1 0
TARGET 11985 1 0 0 1 0
TARGET 11986 1 0 0 1 0
TARGET 11987 1 1 0 1 0
TARGET 11988 1 1 0 1 0
TARGET 11989 1 1 0 1 0
TARGET 11990 1 1 0 1 0
TARGET 11991 1 0 0 1 0
TARGET 11992 1 0 0 1 0
TARGET 11993 1 1 0 1 0
TARGET 11994 1 1 0 1 0
TARGET 11995 1 0 0 1 0
TARGET 11996 1 0 0 1 0
TARGET 11997 1 1 0 1 0
TARGET 11998 1 1 0 1 0
TARGET 11999 1 0 0 0 0
TARGET 12000 1 0 0 1 0
PASS_1962_MONOMIAL_INTERVAL 11001 12000 1000 0
