TARGET 20001 1 1 0 2 0
TARGET 20002 1 1 0 3 0
TARGET 20003 1 1 0 2 0
TARGET 20004 1 1 0 2 0
TARGET 20005 1 1 0 2 0
TARGET 20006 1 1 0 3 0
TARGET 20007 1 1 0 2 0
TARGET 20008 1 1 0 3 0
TARGET 20009 1 1 0 2 0
TARGET 20010 1 1 0 2 0
TARGET 20011 1 1 0 3 0
TARGET 20012 1 1 0 2 0
TARGET 20013 1 1 0 2 0
TARGET 20014 1 1 0 2 0
TARGET 20015 1 1 0 2 0
TARGET 20016 1 1 0 2 0
TARGET 20017 1 1 0 2 0
TARGET 20018 1 1 0 2 0
TARGET 20019 1 1 0 1 0
TARGET 20020 1 0 0 1 0
TARGET 20021 1 1 0 2 0
TARGET 20022 1 1 0 1 0
TARGET 20023 1 0 0 1 0
TARGET 20024 1 0 0 1 0
TARGET 20025 1 1 0 2 0
TARGET 20026 1 1 0 1 0
TARGET 20027 1 1 0 1 0
TARGET 20028 1 1 0 1 0
TARGET 20029 1 1 0 2 0
TARGET 20030 1 1 0 1 0
TARGET 20031 1 1 0 2 0
TARGET 20032 1 1 0 1 0
TARGET 20033 1 0 0 1 0
TARGET 20034 1 1 0 2 0
TARGET 20035 1 0 0 1 0
TARGET 20036 1 0 0 1 0
TARGET 20037 1 1 0 1 0
TARGET 20038 1 1 0 1 0
TARGET 20039 1 1 0 1 0
TARGET 20040 1 0 0 1 0
TARGET 20041 1 0 0 1 0
TARGET 20042 1 0 0 2 0
TARGET 20043 1 0 0 0 0
TARGET 20044 1 1 0 2 0
TARGET 20045 1 0 0 1 0
TARGET 20046 1 0 0 1 0
TARGET 20047 1 1 0 2 0
TARGET 20048 1 0 0 1 0
TARGET 20049 1 0 0 1 0
TARGET 20050 1 0 0 1 0
TARGET 20051 1 0 0 1 0
TARGET 20052 1 0 0 1 0
TARGET 20053 1 0 0 1 0
TARGET 20054 1 1 0 3 0
TARGET 20055 1 1 0 2 0
TARGET 20056 1 1 0 2 0
TARGET 20057 1 1 0 2 0
TARGET 20058 1 1 0 3 0
TARGET 20059 1 1 0 2 0
TARGET 20060 1 1 0 2 0
TARGET 20061 1 1 0 2 0
TARGET 20062 1 1 0 3 0
TARGET 20063 1 1 0 2 0
TARGET 20064 1 1 0 3 0
TARGET 20065 1 1 0 2 0
TARGET 20066 1 1 0 2 0
TARGET 20067 1 1 0 3 0
TARGET 20068 1 1 0 2 0
TARGET 20069 1 1 0 2 0
TARGET 20070 1 1 0 2 0
TARGET 20071 1 1 0 2 0
TARGET 20072 1 1 0 2 0
TARGET 20073 1 1 0 2 0
TARGET 20074 1 1 0 2 0
TARGET 20075 1 1 0 1 0
TARGET 20076 1 0 0 1 0
TARGET 20077 1 0 0 1 0
TARGET 20078 1 1 0 2 0
TARGET 20079 1 1 0 1 0
TARGET 20080 1 1 0 1 0
TARGET 20081 1 1 0 1 0
TARGET 20082 1 1 0 2 0
TARGET 20083 1 1 0 1 0
TARGET 20084 1 1 0 2 0
TARGET 20085 1 1 0 1 0
TARGET 20086 1 0 0 1 0
TARGET 20087 1 1 0 2 0
TARGET 20088 1 0 0 1 0
TARGET 20089 1 0 0 1 0
TARGET 20090 1 1 0 1 0
TARGET 20091 1 1 0 1 0
TARGET 20092 1 1 0 1 0
TARGET 20093 1 0 0 1 0
TARGET 20094 1 0 0 1 0
TARGET 20095 1 0 0 2 0
TARGET 20096 1 0 0 0 0
TARGET 20097 1 0 0 1 0
TARGET 20098 1 1 0 2 0
TARGET 20099 1 0 0 1 0
TARGET 20100 1 0 0 1 0
TARGET 20101 1 0 0 1 0
TARGET 20102 1 0 0 1 0
TARGET 20103 1 0 0 1 0
TARGET 20104 1 0 0 1 0
TARGET 20105 1 0 0 1 0
TARGET 20106 1 1 0 2 0
TARGET 20107 1 0 0 1 0
TARGET 20108 1 0 0 1 0
TARGET 20109 1 0 0 1 0
TARGET 20110 1 1 0 2 0
TARGET 20111 1 0 0 1 0
TARGET 20112 1 1 0 2 0
TARGET 20113 1 0 0 1 0
TARGET 20114 1 0 0 1 0
TARGET 20115 1 1 0 2 0
TARGET 20116 1 0 0 1 0
TARGET 20117 1 0 0 1 0
TARGET 20118 1 0 0 1 0
TARGET 20119 1 0 0 1 0
TARGET 20120 1 0 0 1 0
TARGET 20121 1 0 0 1 0
TARGET 20122 1 0 0 1 0
TARGET 20123 1 0 0 0 0
TARGET 20124 1 2 0 3 0
TARGET 20125 1 1 0 2 0
TARGET 20126 1 1 0 2 0
TARGET 20127 1 1 0 2 0
TARGET 20128 1 1 0 3 0
TARGET 20129 1 1 0 2 0
TARGET 20130 1 1 0 3 0
TARGET 20131 1 1 0 2 0
TARGET 20132 1 1 0 2 0
TARGET 20133 1 2 0 3 0
TARGET 20134 1 1 0 2 0
TARGET 20135 1 1 0 2 0
TARGET 20136 1 1 0 2 0
TARGET 20137 1 1 0 2 0
TARGET 20138 1 1 0 2 0
TARGET 20139 1 1 0 2 0
TARGET 20140 1 1 0 2 0
TARGET 20141 1 0 0 1 0
TARGET 20142 1 0 0 1 0
TARGET 20143 1 0 0 1 0
TARGET 20144 1 1 0 2 0
TARGET 20145 1 0 0 1 0
TARGET 20146 1 1 0 2 0
TARGET 20147 1 0 0 1 0
TARGET 20148 1 0 0 1 0
TARGET 20149 1 1 0 2 0
TARGET 20150 1 0 0 1 0
TARGET 20151 1 1 0 1 0
TARGET 20152 1 1 0 1 0
TARGET 20153 1 1 0 1 0
TARGET 20154 1 1 0 2 0
TARGET 20155 1 1 0 1 0
TARGET 20156 1 1 0 2 0
TARGET 20157 1 1 0 1 0
TARGET 20158 1 0 0 1 0
TARGET 20159 1 1 0 2 0
TARGET 20160 1 0 0 1 0
TARGET 20161 1 0 0 2 0
TARGET 20162 1 1 0 1 0
TARGET 20163 1 1 0 1 0
TARGET 20164 1 0 0 1 0
TARGET 20165 1 0 0 1 0
TARGET 20166 1 1 0 1 0
TARGET 20167 1 1 0 1 0
TARGET 20168 1 1 0 2 0
TARGET 20169 1 1 0 1 0
TARGET 20170 1 1 0 2 0
TARGET 20171 1 1 0 1 0
TARGET 20172 1 0 0 1 0
TARGET 20173 1 1 0 2 0
TARGET 20174 1 0 0 1 0
TARGET 20175 1 1 0 1 0
TARGET 20176 1 0 0 1 0
TARGET 20177 1 0 0 1 0
TARGET 20178 1 1 0 1 0
TARGET 20179 1 1 0 2 0
TARGET 20180 1 1 0 1 0
TARGET 20181 1 1 0 2 0
TARGET 20182 1 1 0 1 0
TARGET 20183 1 0 0 1 0
TARGET 20184 1 1 0 2 0
TARGET 20185 1 0 0 1 0
TARGET 20186 1 0 0 1 0
TARGET 20187 1 1 0 2 0
TARGET 20188 1 0 0 1 0
TARGET 20189 1 1 0 2 0
TARGET 20190 1 0 0 1 0
TARGET 20191 1 0 0 1 0
TARGET 20192 1 1 0 2 0
TARGET 20193 1 0 0 1 0
TARGET 20194 1 0 0 1 0
TARGET 20195 1 1 0 2 0
TARGET 20196 1 0 0 1 0
TARGET 20197 1 1 0 2 0
TARGET 20198 1 0 0 1 0
TARGET 20199 1 0 0 1 0
TARGET 20200 1 1 0 2 0
TARGET 20201 1 0 0 1 0
TARGET 20202 1 0 0 1 0
TARGET 20203 1 0 0 1 0
TARGET 20204 1 0 0 1 0
TARGET 20205 1 0 0 1 0
TARGET 20206 1 0 0 1 0
TARGET 20207 1 0 0 1 0
TARGET 20208 1 0 0 0 0
TARGET 20209 1 1 0 1 0
TARGET 20210 1 1 0 1 0
TARGET 20211 1 1 0 1 0
TARGET 20212 1 0 0 1 0
TARGET 20213 1 0 0 1 0
TARGET 20214 1 0 0 0 0
TARGET 20215 1 1 0 1 0
TARGET 20216 1 1 0 1 0
TARGET 20217 1 0 0 1 0
TARGET 20218 1 0 0 1 0
TARGET 20219 1 0 0 0 0
TARGET 20220 1 1 0 1 0
TARGET 20221 1 0 0 1 0
TARGET 20222 1 0 0 1 0
TARGET 20223 1 0 0 0 0
TARGET 20224 1 0 0 1 0
TARGET 20225 1 0 0 1 0
TARGET 20226 1 0 0 0 0
TARGET 20227 1 0 0 1 0
TARGET 20228 1 0 0 0 0
TARGET 20229 1 0 0 0 0
TARGET 20230 1 0 0 0 0
TARGET 20231 1 0 0 0 0
TARGET 20232 1 0 0 0 0
TARGET 20233 1 0 0 0 0
TARGET 20234 1 1 0 1 0
TARGET 20235 1 0 0 0 0
TARGET 20236 1 1 0 1 0
TARGET 20237 1 0 0 0 0
TARGET 20238 1 0 0 0 0
TARGET 20239 1 1 0 1 0
TARGET 20240 1 0 0 0 0
TARGET 20241 1 2 0 3 0
TARGET 20242 1 2 0 3 0
TARGET 20243 1 1 0 3 0
TARGET 20244 1 2 0 3 0
TARGET 20245 1 1 0 3 0
TARGET 20246 1 3 0 4 0
TARGET 20247 1 2 0 3 0
TARGET 20248 1 1 0 4 0
TARGET 20249 1 1 0 3 0
TARGET 20250 1 2 0 3 0
TARGET 20251 1 1 0 4 0
TARGET 20252 1 2 0 3 0
TARGET 20253 1 1 0 2 0
TARGET 20254 1 1 0 2 0
TARGET 20255 1 1 0 2 0
TARGET 20256 1 1 0 2 0
TARGET 20257 1 1 0 2 0
TARGET 20258 1 2 0 3 0
TARGET 20259 1 1 0 2 0
TARGET 20260 1 1 0 3 0
TARGET 20261 1 1 0 2 0
TARGET 20262 1 1 0 2 0
TARGET 20263 1 1 0 3 0
TARGET 20264 1 1 0 2 0
TARGET 20265 1 1 0 3 0
TARGET 20266 1 1 0 2 0
TARGET 20267 1 1 0 2 0
TARGET 20268 1 1 0 3 0
TARGET 20269 1 1 0 2 0
TARGET 20270 1 1 0 2 0
TARGET 20271 1 1 0 2 0
TARGET 20272 1 1 0 2 0
TARGET 20273 1 1 0 2 0
TARGET 20274 1 1 0 2 0
TARGET 20275 1 1 0 3 0
TARGET 20276 1 1 0 3 0
TARGET 20277 1 1 0 3 0
TARGET 20278 1 1 0 3 0
TARGET 20279 1 1 0 4 0
TARGET 20280 1 1 0 3 0
TARGET 20281 1 1 0 4 0
TARGET 20282 1 1 0 3 0
TARGET 20283 1 1 0 3 0
TARGET 20284 1 1 0 4 0
TARGET 20285 1 1 0 3 0
TARGET 20286 1 1 0 2 0
TARGET 20287 1 1 0 2 0
TARGET 20288 1 1 0 2 0
TARGET 20289 1 1 0 2 0
TARGET 20290 1 1 0 3 0
TARGET 20291 1 1 0 2 0
TARGET 20292 1 1 0 3 0
TARGET 20293 1 1 0 2 0
TARGET 20294 1 1 0 2 0
TARGET 20295 1 1 0 3 0
TARGET 20296 1 1 0 2 0
TARGET 20297 1 1 0 2 0
TARGET 20298 1 1 0 3 0
TARGET 20299 1 1 0 2 0
TARGET 20300 1 1 0 2 0
TARGET 20301 1 1 0 2 0
TARGET 20302 1 1 0 2 0
TARGET 20303 1 1 0 2 0
TARGET 20304 1 1 0 2 0
TARGET 20305 1 1 0 2 0
TARGET 20306 1 1 0 2 0
TARGET 20307 1 1 0 2 0
TARGET 20308 1 2 0 3 0
TARGET 20309 1 1 0 2 0
TARGET 20310 1 1 0 3 0
TARGET 20311 1 1 0 2 0
TARGET 20312 1 1 0 2 0
TARGET 20313 1 1 0 3 0
TARGET 20314 1 1 0 2 0
TARGET 20315 1 1 0 3 0
TARGET 20316 1 1 0 3 0
TARGET 20317 1 1 0 3 0
TARGET 20318 1 1 0 4 0
TARGET 20319 1 1 0 3 0
TARGET 20320 1 1 0 4 0
TARGET 20321 1 1 0 3 0
TARGET 20322 1 1 0 3 0
TARGET 20323 1 1 0 4 0
TARGET 20324 1 1 0 3 0
TARGET 20325 1 1 0 2 0
TARGET 20326 1 1 0 2 0
TARGET 20327 1 1 0 2 0
TARGET 20328 1 2 0 3 0
TARGET 20329 1 1 0 2 0
TARGET 20330 1 1 0 3 0
TARGET 20331 1 1 0 2 0
TARGET 20332 1 1 0 2 0
TARGET 20333 1 1 0 3 0
TARGET 20334 1 1 0 2 0
TARGET 20335 1 1 0 2 0
TARGET 20336 1 1 0 2 0
TARGET 20337 1 1 0 2 0
TARGET 20338 1 1 0 3 0
TARGET 20339 1 1 0 2 0
TARGET 20340 1 1 0 3 0
TARGET 20341 1 1 0 2 0
TARGET 20342 1 1 0 2 0
TARGET 20343 1 1 0 3 0
TARGET 20344 1 1 0 2 0
TARGET 20345 1 1 0 2 0
TARGET 20346 1 1 0 2 0
TARGET 20347 1 1 0 2 0
TARGET 20348 1 1 0 2 0
TARGET 20349 1 1 0 2 0
TARGET 20350 1 1 0 2 0
TARGET 20351 1 1 0 3 0
TARGET 20352 1 1 0 2 0
TARGET 20353 1 1 0 3 0
TARGET 20354 1 1 0 2 0
TARGET 20355 1 1 0 2 0
TARGET 20356 1 1 0 3 0
TARGET 20357 1 1 0 2 0
TARGET 20358 1 1 0 2 0
TARGET 20359 1 1 0 2 0
TARGET 20360 1 1 0 2 0
TARGET 20361 1 1 0 2 0
TARGET 20362 1 2 0 3 0
TARGET 20363 1 1 0 2 0
TARGET 20364 1 1 0 3 0
TARGET 20365 1 1 0 2 0
TARGET 20366 1 1 0 2 0
TARGET 20367 1 1 0 3 0
TARGET 20368 1 1 0 2 0
TARGET 20369 1 1 0 2 0
TARGET 20370 1 2 0 3 0
TARGET 20371 1 1 0 2 0
TARGET 20372 1 1 0 3 0
TARGET 20373 1 1 0 2 0
TARGET 20374 1 1 0 2 0
TARGET 20375 1 1 0 3 0
TARGET 20376 1 1 0 2 0
TARGET 20377 1 1 0 2 0
TARGET 20378 1 2 0 3 0
TARGET 20379 1 1 0 2 0
TARGET 20380 1 1 0 3 0
TARGET 20381 1 1 0 2 0
TARGET 20382 1 1 0 2 0
TARGET 20383 1 1 0 3 0
TARGET 20384 1 1 0 2 0
TARGET 20385 1 0 0 1 0
TARGET 20386 1 0 0 1 0
TARGET 20387 1 1 0 1 0
TARGET 20388 1 1 0 1 0
TARGET 20389 1 1 0 1 0
TARGET 20390 1 1 0 2 0
TARGET 20391 1 1 0 1 0
TARGET 20392 1 1 0 2 0
TARGET 20393 1 1 0 1 0
TARGET 20394 1 0 0 1 0
TARGET 20395 1 1 0 2 0
TARGET 20396 1 0 0 1 0
TARGET 20397 1 1 0 2 0
TARGET 20398 1 0 0 1 0
TARGET 20399 1 0 0 1 0
TARGET 20400 1 1 0 2 0
TARGET 20401 1 0 0 1 0
TARGET 20402 1 0 0 1 0
TARGET 20403 1 0 0 1 0
TARGET 20404 1 0 0 1 0
TARGET 20405 1 0 0 1 0
TARGET 20406 1 0 0 1 0
TARGET 20407 1 0 0 2 0
TARGET 20408 1 1 0 2 0
TARGET 20409 1 1 0 2 0
TARGET 20410 1 1 0 2 0
TARGET 20411 1 1 0 2 0
TARGET 20412 1 1 0 3 0
TARGET 20413 1 1 0 2 0
TARGET 20414 1 1 0 3 0
TARGET 20415 1 1 0 2 0
TARGET 20416 1 1 0 2 0
TARGET 20417 1 1 0 3 0
TARGET 20418 1 1 0 2 0
TARGET 20419 1 0 0 1 0
TARGET 20420 1 1 0 1 0
TARGET 20421 1 1 0 1 0
TARGET 20422 1 1 0 1 0
TARGET 20423 1 1 0 2 0
TARGET 20424 1 1 0 1 0
TARGET 20425 1 1 0 2 0
TARGET 20426 1 1 0 1 0
TARGET 20427 1 0 0 1 0
TARGET 20428 1 1 0 2 0
TARGET 20429 1 0 0 1 0
TARGET 20430 1 0 0 1 0
TARGET 20431 1 1 0 2 0
TARGET 20432 1 0 0 1 0
TARGET 20433 1 0 0 1 0
TARGET 20434 1 0 0 1 0
TARGET 20435 1 0 0 1 0
TARGET 20436 1 0 0 1 0
TARGET 20437 1 0 0 1 0
TARGET 20438 1 0 0 2 0
TARGET 20439 1 0 0 1 0
TARGET 20440 1 0 0 1 0
TARGET 20441 1 0 0 1 0
TARGET 20442 1 1 0 2 0
TARGET 20443 1 0 0 1 0
TARGET 20444 1 1 0 2 0
TARGET 20445 1 0 0 1 0
TARGET 20446 1 0 0 1 0
TARGET 20447 1 1 0 2 0
TARGET 20448 1 0 0 1 0
TARGET 20449 1 1 0 2 0
TARGET 20450 1 1 0 2 0
TARGET 20451 1 1 0 2 0
TARGET 20452 1 1 0 3 0
TARGET 20453 1 1 0 2 0
TARGET 20454 1 1 0 3 0
TARGET 20455 1 1 0 2 0
TARGET 20456 1 1 0 2 0
TARGET 20457 1 1 0 3 0
TARGET 20458 1 1 0 2 0
TARGET 20459 1 0 0 1 0
TARGET 20460 1 0 0 1 0
TARGET 20461 1 0 0 1 0
TARGET 20462 1 1 0 2 0
TARGET 20463 1 0 0 1 0
TARGET 20464 1 1 0 2 0
TARGET 20465 1 0 0 1 0
TARGET 20466 1 0 0 1 0
TARGET 20467 1 1 0 2 0
TARGET 20468 1 0 0 1 0
TARGET 20469 1 1 0 1 0
TARGET 20470 1 1 0 1 0
TARGET 20471 1 1 0 1 0
TARGET 20472 1 1 0 2 0
TARGET 20473 1 1 0 1 0
TARGET 20474 1 1 0 2 0
TARGET 20475 1 1 0 1 0
TARGET 20476 1 0 0 1 0
TARGET 20477 1 1 0 2 0
TARGET 20478 1 0 0 1 0
TARGET 20479 1 1 0 1 0
TARGET 20480 1 1 0 1 0
TARGET 20481 1 0 0 1 0
TARGET 20482 1 0 0 1 0
TARGET 20483 1 0 0 2 0
TARGET 20484 1 1 0 1 0
TARGET 20485 1 1 0 1 0
TARGET 20486 1 1 0 2 0
TARGET 20487 1 1 0 1 0
TARGET 20488 1 1 0 2 0
TARGET 20489 1 1 0 1 0
TARGET 20490 1 0 0 1 0
TARGET 20491 1 1 0 2 0
TARGET 20492 1 0 0 1 0
TARGET 20493 1 1 0 1 0
TARGET 20494 1 0 0 1 0
TARGET 20495 1 0 0 1 0
TARGET 20496 1 1 0 1 0
TARGET 20497 1 1 0 2 0
TARGET 20498 1 1 0 1 0
TARGET 20499 1 1 0 2 0
TARGET 20500 1 1 0 1 0
TARGET 20501 1 0 0 1 0
TARGET 20502 1 1 0 2 0
TARGET 20503 1 0 0 1 0
TARGET 20504 1 0 0 2 0
TARGET 20505 1 0 0 1 0
TARGET 20506 1 1 0 2 0
TARGET 20507 1 0 0 1 0
TARGET 20508 1 1 0 2 0
TARGET 20509 1 0 0 1 0
TARGET 20510 1 0 0 1 0
TARGET 20511 1 1 0 2 0
TARGET 20512 1 0 0 1 0
TARGET 20513 1 0 0 1 0
TARGET 20514 1 1 0 2 0
TARGET 20515 1 0 0 1 0
TARGET 20516 1 1 0 2 0
TARGET 20517 1 0 0 1 0
TARGET 20518 1 0 0 1 0
TARGET 20519 1 1 0 2 0
TARGET 20520 1 0 0 1 0
TARGET 20521 1 0 0 2 0
TARGET 20522 1 1 0 3 0
TARGET 20523 1 0 0 2 0
TARGET 20524 1 1 0 3 0
TARGET 20525 1 0 0 2 0
TARGET 20526 1 0 0 2 0
TARGET 20527 1 1 0 3 0
TARGET 20528 1 0 0 2 0
TARGET 20529 1 0 0 0 0
TARGET 20530 1 0 0 0 0
TARGET 20531 1 0 0 0 0
TARGET 20532 1 0 0 0 0
TARGET 20533 1 0 0 0 0
TARGET 20534 1 1 0 1 0
TARGET 20535 1 0 0 0 0
TARGET 20536 1 1 0 1 0
TARGET 20537 1 0 0 0 0
TARGET 20538 1 0 0 0 0
TARGET 20539 1 1 0 1 0
TARGET 20540 1 0 0 0 0
TARGET 20541 1 2 0 3 0
TARGET 20542 1 1 0 2 0
TARGET 20543 1 1 0 2 0
TARGET 20544 1 1 0 3 0
TARGET 20545 1 1 0 2 0
TARGET 20546 1 1 0 2 0
TARGET 20547 1 1 0 2 0
TARGET 20548 1 1 0 2 0
TARGET 20549 1 1 0 2 0
TARGET 20550 1 1 0 2 0
TARGET 20551 1 0 0 1 0
TARGET 20552 1 0 0 1 0
TARGET 20553 1 1 0 2 0
TARGET 20554 1 0 0 1 0
TARGET 20555 1 0 0 1 0
TARGET 20556 1 0 0 1 0
TARGET 20557 1 0 0 1 0
TARGET 20558 1 0 0 1 0
TARGET 20559 1 0 0 1 0
TARGET 20560 1 0 0 2 0
TARGET 20561 1 0 0 0 0
TARGET 20562 1 0 0 1 0
TARGET 20563 1 1 0 2 0
TARGET 20564 1 0 0 1 0
TARGET 20565 1 0 0 1 0
TARGET 20566 1 0 0 1 0
TARGET 20567 1 0 0 1 0
TARGET 20568 1 0 0 1 0
TARGET 20569 1 0 0 1 0
TARGET 20570 1 0 0 0 0
TARGET 20571 1 2 0 3 0
TARGET 20572 1 1 0 2 0
TARGET 20573 1 1 0 2 0
TARGET 20574 1 1 0 2 0
TARGET 20575 1 1 0 2 0
TARGET 20576 1 1 0 2 0
TARGET 20577 1 1 0 2 0
TARGET 20578 1 0 0 2 0
TARGET 20579 1 0 0 1 0
TARGET 20580 1 0 0 1 0
TARGET 20581 1 0 0 1 0
TARGET 20582 1 0 0 1 0
TARGET 20583 1 0 0 1 0
TARGET 20584 1 0 0 1 0
TARGET 20585 1 0 0 0 0
TARGET 20586 1 0 0 1 0
TARGET 20587 1 0 0 1 0
TARGET 20588 1 0 0 1 0
TARGET 20589 1 0 0 1 0
TARGET 20590 1 0 0 1 0
TARGET 20591 1 0 0 0 0
TARGET 20592 1 0 0 1 0
TARGET 20593 1 0 0 1 0
TARGET 20594 1 0 0 1 0
TARGET 20595 1 0 0 1 0
TARGET 20596 1 0 0 0 0
TARGET 20597 1 0 0 1 0
TARGET 20598 1 0 0 1 0
TARGET 20599 1 0 0 1 0
TARGET 20600 1 0 0 0 0
TARGET 20601 1 0 0 1 0
TARGET 20602 1 0 0 1 0
TARGET 20603 1 0 0 0 0
TARGET 20604 1 0 0 1 0
TARGET 20605 1 0 0 0 0
TARGET 20606 1 2 0 3 0
TARGET 20607 1 2 0 3 0
TARGET 20608 1 1 0 3 0
TARGET 20609 1 1 0 3 0
TARGET 20610 1 1 0 4 0
TARGET 20611 1 1 0 3 0
TARGET 20612 1 3 0 4 0
TARGET 20613 1 2 0 3 0
TARGET 20614 1 2 0 3 0
TARGET 20615 1 1 0 4 0
TARGET 20616 1 2 0 3 0
TARGET 20617 1 1 0 2 0
TARGET 20618 1 1 0 2 0
TARGET 20619 1 1 0 2 0
TARGET 20620 1 1 0 2 0
TARGET 20621 1 1 0 3 0
TARGET 20622 1 1 0 2 0
TARGET 20623 1 2 0 3 0
TARGET 20624 1 1 0 2 0
TARGET 20625 1 1 0 2 0
TARGET 20626 1 1 0 3 0
TARGET 20627 1 1 0 2 0
TARGET 20628 1 1 0 2 0
TARGET 20629 1 1 0 3 0
TARGET 20630 1 1 0 2 0
TARGET 20631 1 1 0 2 0
TARGET 20632 1 1 0 2 0
TARGET 20633 1 1 0 2 0
TARGET 20634 1 1 0 2 0
TARGET 20635 1 1 0 2 0
TARGET 20636 1 1 0 2 0
TARGET 20637 1 1 0 2 0
TARGET 20638 1 1 0 2 0
TARGET 20639 1 1 0 3 0
TARGET 20640 1 1 0 2 0
TARGET 20641 1 2 0 3 0
TARGET 20642 1 1 0 2 0
TARGET 20643 1 1 0 2 0
TARGET 20644 1 1 0 3 0
TARGET 20645 1 1 0 2 0
TARGET 20646 1 1 0 3 0
TARGET 20647 1 1 0 3 0
TARGET 20648 1 1 0 3 0
TARGET 20649 1 1 0 4 0
TARGET 20650 1 1 0 3 0
TARGET 20651 1 1 0 4 0
TARGET 20652 1 1 0 3 0
TARGET 20653 1 1 0 3 0
TARGET 20654 1 1 0 4 0
TARGET 20655 1 1 0 3 0
TARGET 20656 1 1 0 2 0
TARGET 20657 1 1 0 2 0
TARGET 20658 1 1 0 2 0
TARGET 20659 1 1 0 3 0
TARGET 20660 1 1 0 2 0
TARGET 20661 1 2 0 3 0
TARGET 20662 1 1 0 2 0
TARGET 20663 1 1 0 2 0
TARGET 20664 1 1 0 3 0
TARGET 20665 1 1 0 2 0
TARGET 20666 1 1 0 2 0
TARGET 20667 1 1 0 2 0
TARGET 20668 1 1 0 2 0
TARGET 20669 1 1 0 3 0
TARGET 20670 1 1 0 2 0
TARGET 20671 1 1 0 3 0
TARGET 20672 1 1 0 2 0
TARGET 20673 1 1 0 2 0
TARGET 20674 1 1 0 3 0
TARGET 20675 1 1 0 2 0
TARGET 20676 1 1 0 2 0
TARGET 20677 1 1 0 2 0
TARGET 20678 1 1 0 2 0
TARGET 20679 1 1 0 2 0
TARGET 20680 1 1 0 2 0
TARGET 20681 1 1 0 2 0
TARGET 20682 1 1 0 3 0
TARGET 20683 1 1 0 2 0
TARGET 20684 1 2 0 3 0
TARGET 20685 1 1 0 2 0
TARGET 20686 1 1 0 2 0
TARGET 20687 1 1 0 3 0
TARGET 20688 1 1 0 2 0
TARGET 20689 1 1 0 2 0
TARGET 20690 1 1 0 2 0
TARGET 20691 1 1 0 2 0
TARGET 20692 1 1 0 2 0
TARGET 20693 1 1 0 3 0
TARGET 20694 1 1 0 2 0
TARGET 20695 1 1 0 3 0
TARGET 20696 1 1 0 2 0
TARGET 20697 1 1 0 2 0
TARGET 20698 1 1 0 3 0
TARGET 20699 1 1 0 2 0
TARGET 20700 1 1 0 2 0
TARGET 20701 1 1 0 3 0
TARGET 20702 1 1 0 2 0
TARGET 20703 1 2 0 3 0
TARGET 20704 1 1 0 2 0
TARGET 20705 1 1 0 2 0
TARGET 20706 1 1 0 3 0
TARGET 20707 1 1 0 2 0
TARGET 20708 1 1 0 2 0
TARGET 20709 1 1 0 3 0
TARGET 20710 1 1 0 2 0
TARGET 20711 1 2 0 3 0
TARGET 20712 1 1 0 2 0
TARGET 20713 1 1 0 2 0
TARGET 20714 1 1 0 3 0
TARGET 20715 1 1 0 2 0
TARGET 20716 1 0 0 1 0
TARGET 20717 1 1 0 1 0
TARGET 20718 1 1 0 1 0
TARGET 20719 1 1 0 1 0
TARGET 20720 1 1 0 2 0
TARGET 20721 1 1 0 1 0
TARGET 20722 1 1 0 2 0
TARGET 20723 1 1 0 1 0
TARGET 20724 1 0 0 1 0
TARGET 20725 1 1 0 2 0
TARGET 20726 1 0 0 1 0
TARGET 20727 1 0 0 1 0
TARGET 20728 1 1 0 2 0
TARGET 20729 1 0 0 1 0
TARGET 20730 1 0 0 1 0
TARGET 20731 1 0 0 1 0
TARGET 20732 1 0 0 1 0
TARGET 20733 1 0 0 1 0
TARGET 20734 1 0 0 1 0
TARGET 20735 1 0 0 2 0
TARGET 20736 1 0 0 1 0
TARGET 20737 1 0 0 1 0
TARGET 20738 1 0 0 1 0
TARGET 20739 1 1 0 2 0
TARGET 20740 1 0 0 1 0
TARGET 20741 1 1 0 2 0
TARGET 20742 1 0 0 1 0
TARGET 20743 1 0 0 1 0
TARGET 20744 1 1 0 2 0
TARGET 20745 1 0 0 1 0
TARGET 20746 1 1 0 2 0
TARGET 20747 1 1 0 2 0
TARGET 20748 1 1 0 2 0
TARGET 20749 1 1 0 3 0
TARGET 20750 1 1 0 2 0
TARGET 20751 1 1 0 3 0
TARGET 20752 1 1 0 2 0
TARGET 20753 1 1 0 2 0
TARGET 20754 1 1 0 3 0
TARGET 20755 1 1 0 2 0
TARGET 20756 1 0 0 1 0
TARGET 20757 1 0 0 1 0
TARGET 20758 1 0 0 1 0
TARGET 20759 1 1 0 2 0
TARGET 20760 1 0 0 1 0
TARGET 20761 1 1 0 2 0
TARGET 20762 1 0 0 1 0
TARGET 20763 1 0 0 1 0
TARGET 20764 1 1 0 2 0
TARGET 20765 1 0 0 1 0
TARGET 20766 1 1 0 1 0
TARGET 20767 1 1 0 1 0
TARGET 20768 1 1 0 1 0
TARGET 20769 1 1 0 2 0
TARGET 20770 1 1 0 1 0
TARGET 20771 1 1 0 2 0
TARGET 20772 1 1 0 1 0
TARGET 20773 1 0 0 1 0
TARGET 20774 1 1 0 2 0
TARGET 20775 1 0 0 1 0
TARGET 20776 1 1 0 1 0
TARGET 20777 1 1 0 1 0
TARGET 20778 1 0 0 1 0
TARGET 20779 1 0 0 1 0
TARGET 20780 1 1 0 1 0
TARGET 20781 1 1 0 1 0
TARGET 20782 1 1 0 2 0
TARGET 20783 1 1 0 1 0
TARGET 20784 1 1 0 2 0
TARGET 20785 1 1 0 1 0
TARGET 20786 1 0 0 1 0
TARGET 20787 1 1 0 2 0
TARGET 20788 1 0 0 1 0
TARGET 20789 1 0 0 2 0
TARGET 20790 1 1 0 1 0
TARGET 20791 1 0 0 1 0
TARGET 20792 1 0 0 1 0
TARGET 20793 1 1 0 1 0
TARGET 20794 1 1 0 2 0
TARGET 20795 1 1 0 1 0
TARGET 20796 1 1 0 2 0
TARGET 20797 1 1 0 1 0
TARGET 20798 1 0 0 1 0
TARGET 20799 1 1 0 2 0
TARGET 20800 1 0 0 1 0
TARGET 20801 1 0 0 1 0
TARGET 20802 1 1 0 2 0
TARGET 20803 1 0 0 1 0
TARGET 20804 1 1 0 2 0
TARGET 20805 1 0 0 1 0
TARGET 20806 1 0 0 1 0
TARGET 20807 1 1 0 2 0
TARGET 20808 1 0 0 1 0
TARGET 20809 1 0 0 1 0
TARGET 20810 1 1 0 2 0
TARGET 20811 1 0 0 1 0
TARGET 20812 1 1 0 2 0
TARGET 20813 1 0 0 1 0
TARGET 20814 1 0 0 1 0
TARGET 20815 1 1 0 2 0
TARGET 20816 1 0 0 1 0
TARGET 20817 1 0 0 2 0
TARGET 20818 1 0 0 2 0
TARGET 20819 1 1 0 3 0
TARGET 20820 1 0 0 2 0
TARGET 20821 1 1 0 3 0
TARGET 20822 1 0 0 2 0
TARGET 20823 1 0 0 2 0
TARGET 20824 1 1 0 3 0
TARGET 20825 1 0 0 2 0
TARGET 20826 1 0 0 0 0
TARGET 20827 1 0 0 0 0
TARGET 20828 1 0 0 0 0
TARGET 20829 1 0 0 0 0
TARGET 20830 1 1 0 1 0
TARGET 20831 1 0 0 0 0
TARGET 20832 1 1 0 1 0
TARGET 20833 1 0 0 0 0
TARGET 20834 1 0 0 0 0
TARGET 20835 1 1 0 1 0
TARGET 20836 1 0 0 0 0
TARGET 20837 1 0 0 1 0
TARGET 20838 1 1 0 2 0
TARGET 20839 1 0 0 1 0
TARGET 20840 1 0 0 1 0
TARGET 20841 1 0 0 1 0
TARGET 20842 1 0 0 1 0
TARGET 20843 1 0 0 1 0
TARGET 20844 1 0 0 1 0
TARGET 20845 1 0 0 0 0
TARGET 20846 1 2 0 3 0
TARGET 20847 1 1 0 2 0
TARGET 20848 1 1 0 2 0
TARGET 20849 1 1 0 2 0
TARGET 20850 1 1 0 2 0
TARGET 20851 1 1 0 2 0
TARGET 20852 1 1 0 2 0
TARGET 20853 1 0 0 2 0
TARGET 20854 1 0 0 1 0
TARGET 20855 1 0 0 1 0
TARGET 20856 1 0 0 1 0
TARGET 20857 1 0 0 1 0
TARGET 20858 1 0 0 1 0
TARGET 20859 1 0 0 1 0
TARGET 20860 1 0 0 0 0
TARGET 20861 1 0 0 1 0
TARGET 20862 1 0 0 1 0
TARGET 20863 1 0 0 1 0
TARGET 20864 1 0 0 1 0
TARGET 20865 1 0 0 1 0
TARGET 20866 1 0 0 0 0
TARGET 20867 1 0 0 1 0
TARGET 20868 1 0 0 1 0
TARGET 20869 1 0 0 1 0
TARGET 20870 1 0 0 1 0
TARGET 20871 1 0 0 0 0
TARGET 20872 1 0 0 1 0
TARGET 20873 1 0 0 1 0
TARGET 20874 1 0 0 1 0
TARGET 20875 1 0 0 0 0
TARGET 20876 1 0 0 1 0
TARGET 20877 1 0 0 1 0
TARGET 20878 1 0 0 0 0
TARGET 20879 1 0 0 1 0
TARGET 20880 1 0 0 0 0
TARGET 20881 1 0 0 1 0
TARGET 20882 1 0 0 1 0
TARGET 20883 1 0 0 1 0
TARGET 20884 1 1 0 2 0
TARGET 20885 1 0 0 1 0
TARGET 20886 1 1 0 2 0
TARGET 20887 1 0 0 1 0
TARGET 20888 1 0 0 1 0
TARGET 20889 1 1 0 2 0
TARGET 20890 1 0 0 1 0
TARGET 20891 1 1 0 2 0
TARGET 20892 1 1 0 2 0
TARGET 20893 1 1 0 2 0
TARGET 20894 1 1 0 3 0
TARGET 20895 1 1 0 2 0
TARGET 20896 1 1 0 3 0
TARGET 20897 1 1 0 2 0
TARGET 20898 1 1 0 2 0
TARGET 20899 1 2 0 3 0
TARGET 20900 1 1 0 2 0
TARGET 20901 1 0 0 1 0
TARGET 20902 1 0 0 1 0
TARGET 20903 1 0 0 1 0
TARGET 20904 1 1 0 2 0
TARGET 20905 1 0 0 1 0
TARGET 20906 1 1 0 2 0
TARGET 20907 1 0 0 1 0
TARGET 20908 1 0 0 1 0
TARGET 20909 1 1 0 2 0
TARGET 20910 1 0 0 1 0
TARGET 20911 1 0 0 1 0
TARGET 20912 1 0 0 1 0
TARGET 20913 1 0 0 1 0
TARGET 20914 1 1 0 2 0
TARGET 20915 1 0 0 1 0
TARGET 20916 1 1 0 2 0
TARGET 20917 1 0 0 1 0
TARGET 20918 1 0 0 1 0
TARGET 20919 1 1 0 2 0
TARGET 20920 1 0 0 1 0
TARGET 20921 1 0 0 1 0
TARGET 20922 1 0 0 1 0
TARGET 20923 1 0 0 1 0
TARGET 20924 1 0 0 1 0
TARGET 20925 1 0 0 1 0
TARGET 20926 1 0 0 1 0
TARGET 20927 1 1 0 2 0
TARGET 20928 1 0 0 1 0
TARGET 20929 1 1 0 2 0
TARGET 20930 1 0 0 1 0
TARGET 20931 1 0 0 1 0
TARGET 20932 1 1 0 2 0
TARGET 20933 1 0 0 1 0
TARGET 20934 1 0 0 1 0
TARGET 20935 1 0 0 1 0
TARGET 20936 1 0 0 1 0
TARGET 20937 1 0 0 1 0
TARGET 20938 1 1 0 2 0
TARGET 20939 1 0 0 1 0
TARGET 20940 1 1 0 2 0
TARGET 20941 1 0 0 1 0
TARGET 20942 1 0 0 1 0
TARGET 20943 1 1 0 2 0
TARGET 20944 1 0 0 1 0
TARGET 20945 1 0 0 1 0
TARGET 20946 1 1 0 2 0
TARGET 20947 1 0 0 1 0
TARGET 20948 1 1 0 2 0
TARGET 20949 1 0 0 1 0
TARGET 20950 1 0 0 1 0
TARGET 20951 1 1 0 2 0
TARGET 20952 1 0 0 1 0
TARGET 20953 1 0 0 1 0
TARGET 20954 1 1 0 2 0
TARGET 20955 1 0 0 1 0
TARGET 20956 1 1 0 2 0
TARGET 20957 1 0 0 1 0
TARGET 20958 1 0 0 1 0
TARGET 20959 1 1 0 2 0
TARGET 20960 1 0 0 1 0
TARGET 20961 1 0 0 0 0
TARGET 20962 1 0 0 0 0
TARGET 20963 1 0 0 0 0
TARGET 20964 1 1 0 1 0
TARGET 20965 1 0 0 0 0
TARGET 20966 1 1 0 1 0
TARGET 20967 1 0 0 0 0
TARGET 20968 1 0 0 0 0
TARGET 20969 1 1 0 1 0
TARGET 20970 1 0 0 0 0
TARGET 20971 1 1 0 3 0
TARGET 20972 1 1 0 3 0
TARGET 20973 1 2 0 3 0
TARGET 20974 1 1 0 4 0
TARGET 20975 1 1 0 3 0
TARGET 20976 1 1 0 4 0
TARGET 20977 1 1 0 3 0
TARGET 20978 1 2 0 3 0
TARGET 20979 1 3 0 4 0
TARGET 20980 1 2 0 3 0
TARGET 20981 1 1 0 2 0
TARGET 20982 1 1 0 2 0
TARGET 20983 1 1 0 2 0
TARGET 20984 1 1 0 3 0
TARGET 20985 1 1 0 2 0
TARGET 20986 1 1 0 3 0
TARGET 20987 1 1 0 2 0
TARGET 20988 1 1 0 2 0
TARGET 20989 1 2 0 3 0
TARGET 20990 1 1 0 2 0
TARGET 20991 1 1 0 2 0
TARGET 20992 1 1 0 2 0
TARGET 20993 1 1 0 2 0
TARGET 20994 1 1 0 3 0
TARGET 20995 1 1 0 2 0
TARGET 20996 1 1 0 3 0
TARGET 20997 1 1 0 2 0
TARGET 20998 1 1 0 2 0
TARGET 20999 1 2 0 3 0
TARGET 21000 1 1 0 2 0
PASS_1962_MONOMIAL_INTERVAL 20001 21000 1000 0
