TARGET 22001 1 1 0 2 0
TARGET 22002 1 0 0 1 0
TARGET 22003 1 1 0 1 0
TARGET 22004 1 1 0 1 0
TARGET 22005 1 1 0 1 0
TARGET 22006 1 0 0 1 0
TARGET 22007 1 0 0 2 0
TARGET 22008 1 0 0 1 0
TARGET 22009 1 0 0 1 0
TARGET 22010 1 0 0 1 0
TARGET 22011 1 1 0 2 0
TARGET 22012 1 0 0 1 0
TARGET 22013 1 1 0 2 0
TARGET 22014 1 0 0 1 0
TARGET 22015 1 0 0 1 0
TARGET 22016 1 1 0 2 0
TARGET 22017 1 0 0 1 0
TARGET 22018 1 1 0 1 0
TARGET 22019 1 0 0 1 0
TARGET 22020 1 1 0 1 0
TARGET 22021 1 1 0 2 0
TARGET 22022 1 1 0 1 0
TARGET 22023 1 1 0 2 0
TARGET 22024 1 1 0 1 0
TARGET 22025 1 0 0 1 0
TARGET 22026 1 1 0 2 0
TARGET 22027 1 0 0 1 0
TARGET 22028 1 1 0 1 0
TARGET 22029 1 1 0 1 0
TARGET 22030 1 0 0 1 0
TARGET 22031 1 0 0 1 0
TARGET 22032 1 1 0 1 0
TARGET 22033 1 1 0 2 0
TARGET 22034 1 1 0 1 0
TARGET 22035 1 1 0 2 0
TARGET 22036 1 1 0 1 0
TARGET 22037 1 0 0 1 0
TARGET 22038 1 1 0 2 0
TARGET 22039 1 0 0 1 0
TARGET 22040 1 0 0 1 0
TARGET 22041 1 1 0 1 0
TARGET 22042 1 1 0 2 0
TARGET 22043 1 1 0 1 0
TARGET 22044 1 1 0 2 0
TARGET 22045 1 1 0 1 0
TARGET 22046 1 0 0 1 0
TARGET 22047 1 1 0 2 0
TARGET 22048 1 0 0 1 0
TARGET 22049 1 0 0 2 0
TARGET 22050 1 0 0 1 0
TARGET 22051 1 0 0 1 0
TARGET 22052 1 1 0 2 0
TARGET 22053 1 0 0 1 0
TARGET 22054 1 1 0 2 0
TARGET 22055 1 0 0 1 0
TARGET 22056 1 0 0 1 0
TARGET 22057 1 1 0 2 0
TARGET 22058 1 0 0 1 0
TARGET 22059 1 0 0 2 0
TARGET 22060 1 0 0 2 0
TARGET 22061 1 1 0 3 0
TARGET 22062 1 0 0 2 0
TARGET 22063 1 1 0 3 0
TARGET 22064 1 0 0 2 0
TARGET 22065 1 0 0 2 0
TARGET 22066 1 1 0 3 0
TARGET 22067 1 0 0 2 0
TARGET 22068 1 0 0 0 0
TARGET 22069 1 0 0 0 0
TARGET 22070 1 0 0 0 0
TARGET 22071 1 0 0 0 0
TARGET 22072 1 1 0 1 0
TARGET 22073 1 0 0 0 0
TARGET 22074 1 1 0 1 0
TARGET 22075 1 0 0 0 0
TARGET 22076 1 0 0 0 0
TARGET 22077 1 1 0 1 0
TARGET 22078 1 0 0 0 0
TARGET 22079 1 2 0 3 0
TARGET 22080 1 1 0 3 0
TARGET 22081 1 2 0 3 0
TARGET 22082 1 1 0 3 0
TARGET 22083 1 1 0 4 0
TARGET 22084 1 1 0 3 0
TARGET 22085 1 3 0 4 0
TARGET 22086 1 2 0 3 0
TARGET 22087 1 2 0 3 0
TARGET 22088 1 1 0 4 0
TARGET 22089 1 2 0 3 0
TARGET 22090 1 1 0 2 0
TARGET 22091 1 1 0 2 0
TARGET 22092 1 1 0 2 0
TARGET 22093 1 1 0 2 0
TARGET 22094 1 1 0 3 0
TARGET 22095 1 1 0 2 0
TARGET 22096 1 2 0 3 0
TARGET 22097 1 1 0 2 0
TARGET 22098 1 1 0 2 0
TARGET 22099 1 1 0 3 0
TARGET 22100 1 1 0 2 0
TARGET 22101 1 1 0 2 0
TARGET 22102 1 1 0 2 0
TARGET 22103 1 1 0 2 0
TARGET 22104 1 1 0 2 0
TARGET 22105 1 1 0 3 0
TARGET 22106 1 1 0 2 0
TARGET 22107 1 2 0 3 0
TARGET 22108 1 1 0 2 0
TARGET 22109 1 1 0 2 0
TARGET 22110 1 1 0 3 0
TARGET 22111 1 1 0 2 0
TARGET 22112 1 1 0 3 0
TARGET 22113 1 1 0 3 0
TARGET 22114 1 1 0 3 0
TARGET 22115 1 1 0 3 0
TARGET 22116 1 1 0 4 0
TARGET 22117 1 1 0 3 0
TARGET 22118 1 1 0 4 0
TARGET 22119 1 1 0 3 0
TARGET 22120 1 1 0 3 0
TARGET 22121 1 1 0 4 0
TARGET 22122 1 1 0 3 0
TARGET 22123 1 1 0 2 0
TARGET 22124 1 1 0 2 0
TARGET 22125 1 1 0 2 0
TARGET 22126 1 1 0 2 0
TARGET 22127 1 1 0 2 0
TARGET 22128 1 1 0 2 0
TARGET 22129 1 1 0 2 0
TARGET 22130 1 1 0 2 0
TARGET 22131 1 1 0 3 0
TARGET 22132 1 1 0 2 0
TARGET 22133 1 2 0 3 0
TARGET 22134 1 1 0 2 0
TARGET 22135 1 1 0 2 0
TARGET 22136 1 1 0 3 0
TARGET 22137 1 1 0 2 0
TARGET 22138 1 1 0 2 0
TARGET 22139 1 1 0 2 0
TARGET 22140 1 1 0 2 0
TARGET 22141 1 1 0 3 0
TARGET 22142 1 1 0 2 0
TARGET 22143 1 1 0 3 0
TARGET 22144 1 1 0 2 0
TARGET 22145 1 1 0 2 0
TARGET 22146 1 1 0 3 0
TARGET 22147 1 1 0 2 0
TARGET 22148 1 1 0 2 0
TARGET 22149 1 1 0 2 0
TARGET 22150 1 1 0 2 0
TARGET 22151 1 1 0 2 0
TARGET 22152 1 1 0 2 0
TARGET 22153 1 1 0 3 0
TARGET 22154 1 1 0 2 0
TARGET 22155 1 2 0 3 0
TARGET 22156 1 1 0 2 0
TARGET 22157 1 1 0 2 0
TARGET 22158 1 1 0 3 0
TARGET 22159 1 1 0 2 0
TARGET 22160 1 1 0 2 0
TARGET 22161 1 1 0 2 0
TARGET 22162 1 1 0 3 0
TARGET 22163 1 1 0 2 0
TARGET 22164 1 1 0 3 0
TARGET 22165 1 1 0 2 0
TARGET 22166 1 1 0 2 0
TARGET 22167 1 1 0 3 0
TARGET 22168 1 1 0 2 0
TARGET 22169 1 1 0 2 0
TARGET 22170 1 1 0 2 0
TARGET 22171 1 1 0 3 0
TARGET 22172 1 1 0 2 0
TARGET 22173 1 2 0 3 0
TARGET 22174 1 1 0 2 0
TARGET 22175 1 1 0 2 0
TARGET 22176 1 1 0 3 0
TARGET 22177 1 1 0 2 0
TARGET 22178 1 1 0 1 0
TARGET 22179 1 1 0 1 0
TARGET 22180 1 0 0 1 0
TARGET 22181 1 1 0 1 0
TARGET 22182 1 1 0 2 0
TARGET 22183 1 1 0 1 0
TARGET 22184 1 1 0 2 0
TARGET 22185 1 1 0 1 0
TARGET 22186 1 0 0 1 0
TARGET 22187 1 1 0 2 0
TARGET 22188 1 0 0 1 0
TARGET 22189 1 0 0 1 0
TARGET 22190 1 0 0 1 0
TARGET 22191 1 0 0 1 0
TARGET 22192 1 0 0 1 0
TARGET 22193 1 1 0 2 0
TARGET 22194 1 0 0 1 0
TARGET 22195 1 1 0 2 0
TARGET 22196 1 0 0 1 0
TARGET 22197 1 0 0 1 0
TARGET 22198 1 1 0 2 0
TARGET 22199 1 0 0 1 0
TARGET 22200 1 1 0 2 0
TARGET 22201 1 1 0 2 0
TARGET 22202 1 1 0 2 0
TARGET 22203 1 1 0 2 0
TARGET 22204 1 1 0 3 0
TARGET 22205 1 1 0 2 0
TARGET 22206 1 1 0 3 0
TARGET 22207 1 1 0 2 0
TARGET 22208 1 1 0 2 0
TARGET 22209 1 1 0 3 0
TARGET 22210 1 1 0 2 0
TARGET 22211 1 0 0 1 0
TARGET 22212 1 1 0 1 0
TARGET 22213 1 1 0 1 0
TARGET 22214 1 1 0 1 0
TARGET 22215 1 0 0 1 0
TARGET 22216 1 0 0 1 0
TARGET 22217 1 0 0 1 0
TARGET 22218 1 0 0 1 0
TARGET 22219 1 1 0 2 0
TARGET 22220 1 0 0 1 0
TARGET 22221 1 1 0 2 0
TARGET 22222 1 0 0 1 0
TARGET 22223 1 0 0 1 0
TARGET 22224 1 1 0 2 0
TARGET 22225 1 0 0 1 0
TARGET 22226 1 1 0 1 0
TARGET 22227 1 0 0 1 0
TARGET 22228 1 1 0 1 0
TARGET 22229 1 1 0 2 0
TARGET 22230 1 1 0 1 0
TARGET 22231 1 1 0 2 0
TARGET 22232 1 1 0 1 0
TARGET 22233 1 0 0 1 0
TARGET 22234 1 1 0 2 0
TARGET 22235 1 0 0 1 0
TARGET 22236 1 1 0 1 0
TARGET 22237 1 1 0 1 0
TARGET 22238 1 0 0 1 0
TARGET 22239 1 0 0 1 0
TARGET 22240 1 1 0 1 0
TARGET 22241 1 1 0 2 0
TARGET 22242 1 1 0 1 0
TARGET 22243 1 1 0 2 0
TARGET 22244 1 1 0 1 0
TARGET 22245 1 0 0 1 0
TARGET 22246 1 1 0 2 0
TARGET 22247 1 0 0 1 0
TARGET 22248 1 0 0 2 0
TARGET 22249 1 0 0 1 0
TARGET 22250 1 1 0 1 0
TARGET 22251 1 1 0 2 0
TARGET 22252 1 1 0 1 0
TARGET 22253 1 1 0 2 0
TARGET 22254 1 1 0 1 0
TARGET 22255 1 0 0 1 0
TARGET 22256 1 1 0 2 0
TARGET 22257 1 0 0 1 0
TARGET 22258 1 0 0 1 0
TARGET 22259 1 0 0 1 0
TARGET 22260 1 1 0 2 0
TARGET 22261 1 0 0 1 0
TARGET 22262 1 1 0 2 0
TARGET 22263 1 0 0 1 0
TARGET 22264 1 0 0 1 0
TARGET 22265 1 1 0 2 0
TARGET 22266 1 0 0 1 0
TARGET 22267 1 0 0 2 0
TARGET 22268 1 0 0 2 0
TARGET 22269 1 0 0 2 0
TARGET 22270 1 1 0 3 0
TARGET 22271 1 0 0 2 0
TARGET 22272 1 1 0 3 0
TARGET 22273 1 0 0 2 0
TARGET 22274 1 0 0 2 0
TARGET 22275 1 1 0 3 0
TARGET 22276 1 0 0 2 0
TARGET 22277 1 0 0 0 0
TARGET 22278 1 0 0 0 0
TARGET 22279 1 0 0 0 0
TARGET 22280 1 0 0 0 0
TARGET 22281 1 1 0 1 0
TARGET 22282 1 0 0 0 0
TARGET 22283 1 1 0 1 0
TARGET 22284 1 0 0 0 0
TARGET 22285 1 0 0 0 0
TARGET 22286 1 1 0 1 0
TARGET 22287 1 0 0 0 0
TARGET 22288 1 0 0 1 0
TARGET 22289 1 0 0 1 0
TARGET 22290 1 0 0 1 0
TARGET 22291 1 0 0 1 0
TARGET 22292 1 1 0 2 0
TARGET 22293 1 0 0 1 0
TARGET 22294 1 1 0 2 0
TARGET 22295 1 0 0 1 0
TARGET 22296 1 0 0 1 0
TARGET 22297 1 1 0 2 0
TARGET 22298 1 0 0 1 0
TARGET 22299 1 1 0 2 0
TARGET 22300 1 1 0 2 0
TARGET 22301 1 1 0 2 0
TARGET 22302 1 1 0 2 0
TARGET 22303 1 1 0 3 0
TARGET 22304 1 1 0 2 0
TARGET 22305 1 1 0 3 0
TARGET 22306 1 1 0 2 0
TARGET 22307 1 1 0 2 0
TARGET 22308 1 2 0 3 0
TARGET 22309 1 1 0 2 0
TARGET 22310 1 0 0 1 0
TARGET 22311 1 0 0 1 0
TARGET 22312 1 0 0 1 0
TARGET 22313 1 0 0 1 0
TARGET 22314 1 0 0 1 0
TARGET 22315 1 0 0 1 0
TARGET 22316 1 0 0 1 0
TARGET 22317 1 0 0 1 0
TARGET 22318 1 1 0 2 0
TARGET 22319 1 0 0 1 0
TARGET 22320 1 1 0 2 0
TARGET 22321 1 0 0 1 0
TARGET 22322 1 0 0 1 0
TARGET 22323 1 1 0 2 0
TARGET 22324 1 0 0 1 0
TARGET 22325 1 0 0 1 0
TARGET 22326 1 0 0 1 0
TARGET 22327 1 0 0 1 0
TARGET 22328 1 1 0 2 0
TARGET 22329 1 0 0 1 0
TARGET 22330 1 1 0 2 0
TARGET 22331 1 0 0 1 0
TARGET 22332 1 0 0 1 0
TARGET 22333 1 1 0 2 0
TARGET 22334 1 0 0 1 0
TARGET 22335 1 0 0 1 0
TARGET 22336 1 0 0 1 0
TARGET 22337 1 0 0 1 0
TARGET 22338 1 0 0 1 0
TARGET 22339 1 0 0 1 0
TARGET 22340 1 1 0 2 0
TARGET 22341 1 0 0 1 0
TARGET 22342 1 1 0 2 0
TARGET 22343 1 0 0 1 0
TARGET 22344 1 0 0 1 0
TARGET 22345 1 1 0 2 0
TARGET 22346 1 0 0 1 0
TARGET 22347 1 0 0 1 0
TARGET 22348 1 0 0 1 0
TARGET 22349 1 1 0 2 0
TARGET 22350 1 0 0 1 0
TARGET 22351 1 1 0 2 0
TARGET 22352 1 0 0 1 0
TARGET 22353 1 0 0 1 0
TARGET 22354 1 1 0 2 0
TARGET 22355 1 0 0 1 0
TARGET 22356 1 0 0 1 0
TARGET 22357 1 0 0 1 0
TARGET 22358 1 1 0 2 0
TARGET 22359 1 0 0 1 0
TARGET 22360 1 1 0 2 0
TARGET 22361 1 0 0 1 0
TARGET 22362 1 0 0 1 0
TARGET 22363 1 1 0 2 0
TARGET 22364 1 0 0 1 0
TARGET 22365 1 0 0 0 0
TARGET 22366 1 0 0 0 0
TARGET 22367 1 0 0 0 0
TARGET 22368 1 0 0 0 0
TARGET 22369 1 1 0 1 0
TARGET 22370 1 0 0 0 0
TARGET 22371 1 1 0 1 0
TARGET 22372 1 0 0 0 0
TARGET 22373 1 0 0 0 0
TARGET 22374 1 1 0 1 0
TARGET 22375 1 0 0 0 0
TARGET 22376 1 1 0 3 0
TARGET 22377 1 1 0 3 0
TARGET 22378 1 2 0 3 0
TARGET 22379 1 2 0 3 0
TARGET 22380 1 1 0 4 0
TARGET 22381 1 1 0 3 0
TARGET 22382 1 1 0 4 0
TARGET 22383 1 1 0 3 0
TARGET 22384 1 2 0 3 0
TARGET 22385 1 3 0 4 0
TARGET 22386 1 2 0 3 0
TARGET 22387 1 1 0 2 0
TARGET 22388 1 1 0 2 0
TARGET 22389 1 1 0 2 0
TARGET 22390 1 1 0 2 0
TARGET 22391 1 1 0 2 0
TARGET 22392 1 1 0 2 0
TARGET 22393 1 1 0 2 0
TARGET 22394 1 1 0 2 0
TARGET 22395 1 1 0 3 0
TARGET 22396 1 1 0 2 0
TARGET 22397 1 1 0 3 0
TARGET 22398 1 1 0 2 0
TARGET 22399 1 1 0 2 0
TARGET 22400 1 2 0 3 0
TARGET 22401 1 1 0 2 0
TARGET 22402 1 1 0 2 0
TARGET 22403 1 1 0 2 0
TARGET 22404 1 1 0 2 0
TARGET 22405 1 1 0 3 0
TARGET 22406 1 1 0 2 0
TARGET 22407 1 1 0 3 0
TARGET 22408 1 1 0 2 0
TARGET 22409 1 1 0 2 0
TARGET 22410 1 2 0 3 0
TARGET 22411 1 1 0 2 0
TARGET 22412 1 1 0 2 0
TARGET 22413 1 1 0 2 0
TARGET 22414 1 1 0 2 0
TARGET 22415 1 1 0 2 0
TARGET 22416 1 1 0 2 0
TARGET 22417 1 1 0 3 0
TARGET 22418 1 1 0 2 0
TARGET 22419 1 1 0 3 0
TARGET 22420 1 1 0 2 0
TARGET 22421 1 1 0 2 0
TARGET 22422 1 1 0 3 0
TARGET 22423 1 1 0 2 0
TARGET 22424 1 1 0 2 0
TARGET 22425 1 1 0 2 0
TARGET 22426 1 1 0 3 0
TARGET 22427 1 1 0 2 0
TARGET 22428 1 1 0 3 0
TARGET 22429 1 1 0 2 0
TARGET 22430 1 1 0 2 0
TARGET 22431 1 1 0 3 0
TARGET 22432 1 1 0 2 0
TARGET 22433 1 1 0 2 0
TARGET 22434 1 1 0 2 0
TARGET 22435 1 1 0 3 0
TARGET 22436 1 1 0 2 0
TARGET 22437 1 1 0 3 0
TARGET 22438 1 1 0 2 0
TARGET 22439 1 1 0 2 0
TARGET 22440 1 2 0 3 0
TARGET 22441 1 1 0 2 0
TARGET 22442 1 0 0 2 0
TARGET 22443 1 0 0 2 0
TARGET 22444 1 0 0 2 0
TARGET 22445 1 0 0 2 0
TARGET 22446 1 1 0 3 0
TARGET 22447 1 0 0 2 0
TARGET 22448 1 1 0 3 0
TARGET 22449 1 0 0 2 0
TARGET 22450 1 0 0 2 0
TARGET 22451 1 1 0 3 0
TARGET 22452 1 0 0 2 0
TARGET 22453 1 0 0 1 0
TARGET 22454 1 0 0 1 0
TARGET 22455 1 0 0 1 0
TARGET 22456 1 0 0 1 0
TARGET 22457 1 0 0 1 0
TARGET 22458 1 0 0 0 0
TARGET 22459 1 1 0 1 0
TARGET 22460 1 1 0 1 0
TARGET 22461 1 1 0 1 0
TARGET 22462 1 0 0 1 0
TARGET 22463 1 0 0 0 0
TARGET 22464 1 1 0 1 0
TARGET 22465 1 1 0 1 0
TARGET 22466 1 0 0 1 0
TARGET 22467 1 0 0 0 0
TARGET 22468 1 1 0 1 0
TARGET 22469 1 0 0 1 0
TARGET 22470 1 0 0 0 0
TARGET 22471 1 0 0 1 0
TARGET 22472 1 0 0 0 0
TARGET 22473 1 0 0 1 0
TARGET 22474 1 0 0 1 0
TARGET 22475 1 0 0 1 0
TARGET 22476 1 1 0 2 0
TARGET 22477 1 0 0 1 0
TARGET 22478 1 1 0 2 0
TARGET 22479 1 0 0 1 0
TARGET 22480 1 0 0 1 0
TARGET 22481 1 1 0 2 0
TARGET 22482 1 0 0 1 0
TARGET 22483 1 0 0 1 0
TARGET 22484 1 0 0 1 0
TARGET 22485 1 0 0 1 0
TARGET 22486 1 1 0 2 0
TARGET 22487 1 0 0 1 0
TARGET 22488 1 1 0 2 0
TARGET 22489 1 0 0 1 0
TARGET 22490 1 0 0 1 0
TARGET 22491 1 1 0 2 0
TARGET 22492 1 0 0 1 0
TARGET 22493 1 0 0 1 0
TARGET 22494 1 0 0 1 0
TARGET 22495 1 0 0 1 0
TARGET 22496 1 0 0 1 0
TARGET 22497 1 0 0 1 0
TARGET 22498 1 1 0 2 0
TARGET 22499 1 0 0 1 0
TARGET 22500 1 1 0 2 0
TARGET 22501 1 0 0 1 0
TARGET 22502 1 0 0 1 0
TARGET 22503 1 1 0 2 0
TARGET 22504 1 0 0 1 0
TARGET 22505 1 0 0 1 0
TARGET 22506 1 0 0 1 0
TARGET 22507 1 1 0 2 0
TARGET 22508 1 0 0 1 0
TARGET 22509 1 1 0 2 0
TARGET 22510 1 0 0 1 0
TARGET 22511 1 0 0 1 0
TARGET 22512 1 1 0 2 0
TARGET 22513 1 0 0 1 0
TARGET 22514 1 0 0 1 0
TARGET 22515 1 0 0 1 0
TARGET 22516 1 1 0 2 0
TARGET 22517 1 0 0 1 0
TARGET 22518 1 1 0 2 0
TARGET 22519 1 0 0 1 0
TARGET 22520 1 0 0 1 0
TARGET 22521 1 1 0 2 0
TARGET 22522 1 0 0 1 0
TARGET 22523 1 0 0 0 0
TARGET 22524 1 0 0 0 0
TARGET 22525 1 0 0 0 0
TARGET 22526 1 1 0 1 0
TARGET 22527 1 0 0 0 0
TARGET 22528 1 1 0 1 0
TARGET 22529 1 0 0 0 0
TARGET 22530 1 0 0 0 0
TARGET 22531 1 1 0 1 0
TARGET 22532 1 0 0 0 0
TARGET 22533 1 1 0 1 0
TARGET 22534 1 0 0 1 0
TARGET 22535 1 1 0 1 0
TARGET 22536 1 1 0 2 0
TARGET 22537 1 1 0 1 0
TARGET 22538 1 1 0 2 0
TARGET 22539 1 1 0 1 0
TARGET 22540 1 0 0 1 0
TARGET 22541 1 1 0 2 0
TARGET 22542 1 0 0 1 0
TARGET 22543 1 1 0 1 0
TARGET 22544 1 1 0 1 0
TARGET 22545 1 0 0 1 0
TARGET 22546 1 0 0 1 0
TARGET 22547 1 1 0 1 0
TARGET 22548 1 1 0 2 0
TARGET 22549 1 1 0 1 0
TARGET 22550 1 1 0 2 0
TARGET 22551 1 1 0 1 0
TARGET 22552 1 0 0 1 0
TARGET 22553 1 1 0 2 0
TARGET 22554 1 0 0 1 0
TARGET 22555 1 0 0 1 0
TARGET 22556 1 1 0 1 0
TARGET 22557 1 1 0 2 0
TARGET 22558 1 1 0 1 0
TARGET 22559 1 1 0 2 0
TARGET 22560 1 1 0 1 0
TARGET 22561 1 0 0 1 0
TARGET 22562 1 1 0 2 0
TARGET 22563 1 0 0 1 0
TARGET 22564 1 0 0 1 0
TARGET 22565 1 0 0 1 0
TARGET 22566 1 1 0 2 0
TARGET 22567 1 0 0 1 0
TARGET 22568 1 1 0 2 0
TARGET 22569 1 0 0 1 0
TARGET 22570 1 0 0 1 0
TARGET 22571 1 1 0 2 0
TARGET 22572 1 0 0 1 0
TARGET 22573 1 0 0 0 0
TARGET 22574 1 0 0 0 0
TARGET 22575 1 0 0 0 0
TARGET 22576 1 1 0 1 0
TARGET 22577 1 0 0 0 0
TARGET 22578 1 1 0 1 0
TARGET 22579 1 0 0 0 0
TARGET 22580 1 0 0 0 0
TARGET 22581 1 1 0 1 0
TARGET 22582 1 0 0 0 0
TARGET 22583 1 1 0 1 0
TARGET 22584 1 1 0 1 0
TARGET 22585 1 0 0 1 0
TARGET 22586 1 0 0 0 0
TARGET 22587 1 1 0 1 0
TARGET 22588 1 0 0 1 0
TARGET 22589 1 0 0 0 0
TARGET 22590 1 0 0 1 0
TARGET 22591 1 0 0 0 0
TARGET 22592 1 0 0 1 0
TARGET 22593 1 1 0 1 0
TARGET 22594 1 1 0 2 0
TARGET 22595 1 1 0 1 0
TARGET 22596 1 1 0 2 0
TARGET 22597 1 1 0 1 0
TARGET 22598 1 0 0 1 0
TARGET 22599 1 1 0 2 0
TARGET 22600 1 0 0 1 0
TARGET 22601 1 0 0 1 0
TARGET 22602 1 1 0 1 0
TARGET 22603 1 1 0 2 0
TARGET 22604 1 1 0 1 0
TARGET 22605 1 1 0 2 0
TARGET 22606 1 1 0 1 0
TARGET 22607 1 0 0 1 0
TARGET 22608 1 1 0 2 0
TARGET 22609 1 0 0 1 0
TARGET 22610 1 0 0 1 0
TARGET 22611 1 0 0 1 0
TARGET 22612 1 1 0 2 0
TARGET 22613 1 0 0 1 0
TARGET 22614 1 1 0 2 0
TARGET 22615 1 0 0 1 0
TARGET 22616 1 0 0 1 0
TARGET 22617 1 1 0 2 0
TARGET 22618 1 0 0 1 0
TARGET 22619 1 0 0 0 0
TARGET 22620 1 0 0 0 0
TARGET 22621 1 1 0 1 0
TARGET 22622 1 0 0 0 0
TARGET 22623 1 1 0 1 0
TARGET 22624 1 0 0 0 0
TARGET 22625 1 0 0 0 0
TARGET 22626 1 1 0 1 0
TARGET 22627 1 0 0 0 0
TARGET 22628 1 0 0 1 0
TARGET 22629 1 1 0 1 0
TARGET 22630 1 1 0 2 0
TARGET 22631 1 1 0 1 0
TARGET 22632 1 1 0 2 0
TARGET 22633 1 1 0 1 0
TARGET 22634 1 0 0 1 0
TARGET 22635 1 1 0 2 0
TARGET 22636 1 0 0 1 0
TARGET 22637 1 0 0 1 0
TARGET 22638 1 0 0 1 0
TARGET 22639 1 1 0 2 0
TARGET 22640 1 0 0 1 0
TARGET 22641 1 1 0 2 0
TARGET 22642 1 0 0 1 0
TARGET 22643 1 0 0 1 0
TARGET 22644 1 1 0 2 0
TARGET 22645 1 0 0 1 0
TARGET 22646 1 0 0 0 0
TARGET 22647 1 0 0 0 0
TARGET 22648 1 1 0 1 0
TARGET 22649 1 0 0 0 0
TARGET 22650 1 1 0 1 0
TARGET 22651 1 0 0 0 0
TARGET 22652 1 0 0 0 0
TARGET 22653 1 1 0 1 0
TARGET 22654 1 0 0 0 0
TARGET 22655 1 0 0 1 0
TARGET 22656 1 0 0 1 0
TARGET 22657 1 1 0 2 0
TARGET 22658 1 0 0 1 0
TARGET 22659 1 1 0 2 0
TARGET 22660 1 0 0 1 0
TARGET 22661 1 0 0 1 0
TARGET 22662 1 1 0 2 0
TARGET 22663 1 0 0 1 0
TARGET 22664 1 0 0 0 0
TARGET 22665 1 0 0 0 0
TARGET 22666 1 1 0 1 0
TARGET 22667 1 0 0 0 0
TARGET 22668 1 1 0 1 0
TARGET 22669 1 0 0 0 0
TARGET 22670 1 0 0 0 0
TARGET 22671 1 1 0 1 0
TARGET 22672 1 0 0 0 0
TARGET 22673 1 0 0 1 0
TARGET 22674 1 0 0 1 0
TARGET 22675 1 0 0 1 0
TARGET 22676 1 0 0 1 0
TARGET 22677 1 0 0 1 0
TARGET 22678 1 0 0 1 0
TARGET 22679 1 1 0 2 0
TARGET 22680 1 0 0 1 0
TARGET 22681 1 0 0 1 0
TARGET 22682 1 1 0 2 0
TARGET 22683 1 0 0 1 0
TARGET 22684 1 1 0 2 0
TARGET 22685 1 0 0 1 0
TARGET 22686 1 0 0 1 0
TARGET 22687 1 0 0 1 0
TARGET 22688 1 1 0 2 0
TARGET 22689 1 0 0 1 0
TARGET 22690 1 0 0 1 0
TARGET 22691 1 0 0 1 0
TARGET 22692 1 1 0 2 0
TARGET 22693 1 0 0 1 0
TARGET 22694 1 1 0 2 0
TARGET 22695 1 0 0 1 0
TARGET 22696 1 0 0 1 0
TARGET 22697 1 0 0 1 0
TARGET 22698 1 0 0 1 0
TARGET 22699 1 1 0 2 0
TARGET 22700 1 0 0 1 0
TARGET 22701 1 0 0 1 0
TARGET 22702 1 1 0 2 0
TARGET 22703 1 0 0 1 0
TARGET 22704 1 1 0 2 0
TARGET 22705 1 0 0 1 0
TARGET 22706 1 0 0 1 0
TARGET 22707 1 0 0 1 0
TARGET 22708 1 0 0 1 0
TARGET 22709 1 0 0 1 0
TARGET 22710 1 0 0 1 0
TARGET 22711 1 0 0 1 0
TARGET 22712 1 0 0 1 0
TARGET 22713 1 0 0 1 0
TARGET 22714 1 0 0 1 0
TARGET 22715 1 1 0 2 0
TARGET 22716 1 0 0 1 0
TARGET 22717 1 0 0 1 0
TARGET 22718 1 1 0 2 0
TARGET 22719 1 0 0 1 0
TARGET 22720 1 1 0 2 0
TARGET 22721 1 0 0 1 0
TARGET 22722 1 1 0 2 0
TARGET 22723 1 1 0 2 0
TARGET 22724 1 1 0 2 0
TARGET 22725 1 1 0 2 0
TARGET 22726 1 1 0 2 0
TARGET 22727 1 2 0 3 0
TARGET 22728 1 1 0 2 0
TARGET 22729 1 1 0 2 0
TARGET 22730 1 1 0 3 0
TARGET 22731 1 1 0 2 0
TARGET 22732 1 1 0 3 0
TARGET 22733 1 1 0 2 0
TARGET 22734 1 0 0 1 0
TARGET 22735 1 0 0 1 0
TARGET 22736 1 0 0 1 0
TARGET 22737 1 0 0 1 0
TARGET 22738 1 0 0 1 0
TARGET 22739 1 1 0 2 0
TARGET 22740 1 0 0 1 0
TARGET 22741 1 0 0 1 0
TARGET 22742 1 1 0 2 0
TARGET 22743 1 0 0 1 0
TARGET 22744 1 1 0 2 0
TARGET 22745 1 0 0 1 0
TARGET 22746 1 0 0 1 0
TARGET 22747 1 1 0 2 0
TARGET 22748 1 0 0 1 0
TARGET 22749 1 0 0 1 0
TARGET 22750 1 0 0 1 0
TARGET 22751 1 0 0 1 0
TARGET 22752 1 1 0 2 0
TARGET 22753 1 0 0 1 0
TARGET 22754 1 0 0 1 0
TARGET 22755 1 1 0 2 0
TARGET 22756 1 0 0 1 0
TARGET 22757 1 1 0 2 0
TARGET 22758 1 0 0 1 0
TARGET 22759 1 0 0 1 0
TARGET 22760 1 1 0 2 0
TARGET 22761 1 0 0 1 0
TARGET 22762 1 0 0 1 0
TARGET 22763 1 0 0 1 0
TARGET 22764 1 0 0 1 0
TARGET 22765 1 1 0 2 0
TARGET 22766 1 1 0 2 0
TARGET 22767 1 1 0 2 0
TARGET 22768 1 1 0 2 0
TARGET 22769 1 1 0 3 0
TARGET 22770 1 1 0 2 0
TARGET 22771 1 1 0 2 0
TARGET 22772 1 2 0 3 0
TARGET 22773 1 1 0 2 0
TARGET 22774 1 1 0 3 0
TARGET 22775 1 1 0 2 0
TARGET 22776 1 0 0 1 0
TARGET 22777 1 0 0 1 0
TARGET 22778 1 0 0 1 0
TARGET 22779 1 0 0 1 0
TARGET 22780 1 1 0 2 0
TARGET 22781 1 0 0 1 0
TARGET 22782 1 0 0 1 0
TARGET 22783 1 1 0 2 0
TARGET 22784 1 0 0 1 0
TARGET 22785 1 1 0 2 0
TARGET 22786 1 0 0 1 0
TARGET 22787 1 1 0 2 0
TARGET 22788 1 1 0 2 0
TARGET 22789 1 1 0 2 0
TARGET 22790 1 1 0 2 0
TARGET 22791 1 1 0 3 0
TARGET 22792 1 1 0 2 0
TARGET 22793 1 1 0 2 0
TARGET 22794 1 1 0 3 0
TARGET 22795 1 1 0 2 0
TARGET 22796 1 2 0 3 0
TARGET 22797 1 1 0 2 0
TARGET 22798 1 0 0 1 0
TARGET 22799 1 0 0 1 0
TARGET 22800 1 0 0 1 0
TARGET 22801 1 0 0 1 0
TARGET 22802 1 0 0 1 0
TARGET 22803 1 0 0 1 0
TARGET 22804 1 0 0 1 0
TARGET 22805 1 1 0 2 0
TARGET 22806 1 0 0 1 0
TARGET 22807 1 0 0 1 0
TARGET 22808 1 1 0 2 0
TARGET 22809 1 0 0 1 0
TARGET 22810 1 1 0 2 0
TARGET 22811 1 0 0 1 0
TARGET 22812 1 0 0 1 0
TARGET 22813 1 0 0 1 0
TARGET 22814 1 0 0 1 0
TARGET 22815 1 1 0 2 0
TARGET 22816 1 0 0 1 0
TARGET 22817 1 0 0 1 0
TARGET 22818 1 1 0 2 0
TARGET 22819 1 0 0 1 0
TARGET 22820 1 1 0 2 0
TARGET 22821 1 0 0 1 0
TARGET 22822 1 0 0 1 0
TARGET 22823 1 0 0 1 0
TARGET 22824 1 0 0 1 0
TARGET 22825 1 1 0 2 0
TARGET 22826 1 0 0 1 0
TARGET 22827 1 0 0 1 0
TARGET 22828 1 1 0 2 0
TARGET 22829 1 0 0 1 0
TARGET 22830 1 1 0 2 0
TARGET 22831 1 0 0 1 0
TARGET 22832 1 0 0 1 0
TARGET 22833 1 0 0 1 0
TARGET 22834 1 0 0 1 0
TARGET 22835 1 1 0 2 0
TARGET 22836 1 0 0 1 0
TARGET 22837 1 0 0 1 0
TARGET 22838 1 1 0 2 0
TARGET 22839 1 0 0 1 0
TARGET 22840 1 1 0 2 0
TARGET 22841 1 0 0 1 0
TARGET 22842 1 0 0 0 0
TARGET 22843 1 0 0 0 0
TARGET 22844 1 0 0 0 0
TARGET 22845 1 0 0 0 0
TARGET 22846 1 0 0 0 0
TARGET 22847 1 0 0 0 0
TARGET 22848 1 1 0 1 0
TARGET 22849 1 0 0 0 0
TARGET 22850 1 0 0 0 0
TARGET 22851 1 1 0 1 0
TARGET 22852 1 0 0 0 0
TARGET 22853 1 1 0 1 0
TARGET 22854 1 0 0 0 0
TARGET 22855 1 1 0 1 0
TARGET 22856 1 0 0 1 0
TARGET 22857 1 1 0 2 0
TARGET 22858 1 1 0 1 0
TARGET 22859 1 1 0 1 0
TARGET 22860 1 1 0 1 0
TARGET 22861 1 1 0 2 0
TARGET 22862 1 0 0 1 0
TARGET 22863 1 1 0 2 0
TARGET 22864 1 1 0 1 0
TARGET 22865 1 0 0 1 0
TARGET 22866 1 1 0 1 0
TARGET 22867 1 0 0 1 0
TARGET 22868 1 1 0 2 0
TARGET 22869 1 1 0 1 0
TARGET 22870 1 1 0 1 0
TARGET 22871 1 1 0 2 0
TARGET 22872 1 0 0 1 0
TARGET 22873 1 1 0 2 0
TARGET 22874 1 0 0 1 0
TARGET 22875 1 0 0 1 0
TARGET 22876 1 1 0 1 0
TARGET 22877 1 1 0 1 0
TARGET 22878 1 1 0 1 0
TARGET 22879 1 0 0 0 0
TARGET 22880 1 0 0 1 0
TARGET 22881 1 1 0 2 0
TARGET 22882 1 0 0 1 0
TARGET 22883 1 0 0 1 0
TARGET 22884 1 0 0 1 0
TARGET 22885 1 1 0 2 0
TARGET 22886 1 0 0 1 0
TARGET 22887 1 1 0 2 0
TARGET 22888 1 0 0 1 0
TARGET 22889 1 0 0 1 0
TARGET 22890 1 0 0 1 0
TARGET 22891 1 0 0 1 0
TARGET 22892 1 1 0 2 0
TARGET 22893 1 0 0 1 0
TARGET 22894 1 0 0 1 0
TARGET 22895 1 1 0 2 0
TARGET 22896 1 0 0 1 0
TARGET 22897 1 1 0 2 0
TARGET 22898 1 0 0 1 0
TARGET 22899 1 0 0 1 0
TARGET 22900 1 0 0 1 0
TARGET 22901 1 0 0 1 0
TARGET 22902 1 0 0 1 0
TARGET 22903 1 0 0 0 0
TARGET 22904 1 1 0 3 0
TARGET 22905 1 1 0 2 0
TARGET 22906 1 1 0 2 0
TARGET 22907 1 1 0 2 0
TARGET 22908 1 1 0 3 0
TARGET 22909 1 1 0 2 0
TARGET 22910 1 1 0 3 0
TARGET 22911 1 1 0 2 0
TARGET 22912 1 1 0 2 0
TARGET 22913 1 1 0 2 0
TARGET 22914 1 1 0 2 0
TARGET 22915 1 1 0 3 0
TARGET 22916 1 1 0 2 0
TARGET 22917 1 1 0 2 0
TARGET 22918 1 1 0 3 0
TARGET 22919 1 1 0 2 0
TARGET 22920 1 1 0 3 0
TARGET 22921 1 1 0 2 0
TARGET 22922 1 1 0 2 0
TARGET 22923 1 1 0 2 0
TARGET 22924 1 1 0 2 0
TARGET 22925 1 1 0 2 0
TARGET 22926 1 1 0 1 0
TARGET 22927 1 1 0 1 0
TARGET 22928 1 1 0 1 0
TARGET 22929 1 1 0 2 0
TARGET 22930 1 0 0 1 0
TARGET 22931 1 1 0 2 0
TARGET 22932 1 1 0 1 0
TARGET 22933 1 0 0 1 0
TARGET 22934 1 1 0 1 0
TARGET 22935 1 0 0 1 0
TARGET 22936 1 1 0 2 0
TARGET 22937 1 1 0 1 0
TARGET 22938 1 1 0 1 0
TARGET 22939 1 1 0 2 0
TARGET 22940 1 0 0 1 0
TARGET 22941 1 1 0 2 0
TARGET 22942 1 0 0 1 0
TARGET 22943 1 0 0 1 0
TARGET 22944 1 1 0 1 0
TARGET 22945 1 1 0 1 0
TARGET 22946 1 1 0 1 0
TARGET 22947 1 0 0 2 0
TARGET 22948 1 0 0 0 0
TARGET 22949 1 1 0 1 0
TARGET 22950 1 1 0 1 0
TARGET 22951 1 1 0 2 0
TARGET 22952 1 1 0 2 0
TARGET 22953 1 0 0 1 0
TARGET 22954 1 1 0 2 0
TARGET 22955 1 1 0 1 0
TARGET 22956 1 0 0 1 0
TARGET 22957 1 1 0 1 0
TARGET 22958 1 0 0 1 0
TARGET 22959 1 1 0 2 0
TARGET 22960 1 1 0 1 0
TARGET 22961 1 1 0 1 0
TARGET 22962 1 1 0 2 0
TARGET 22963 1 0 0 1 0
TARGET 22964 1 1 0 2 0
TARGET 22965 1 0 0 1 0
TARGET 22966 1 0 0 1 0
TARGET 22967 1 1 0 1 0
TARGET 22968 1 1 0 1 0
TARGET 22969 1 1 0 1 0
TARGET 22970 1 0 0 1 0
TARGET 22971 1 1 0 2 0
TARGET 22972 1 0 0 1 0
TARGET 22973 1 1 0 1 0
TARGET 22974 1 1 0 1 0
TARGET 22975 1 1 0 1 0
TARGET 22976 1 0 0 0 0
TARGET 22977 1 1 0 3 0
TARGET 22978 1 1 0 2 0
TARGET 22979 1 1 0 3 0
TARGET 22980 1 1 0 2 0
TARGET 22981 1 1 0 2 0
TARGET 22982 1 1 0 2 0
TARGET 22983 1 1 0 2 0
TARGET 22984 1 1 0 3 0
TARGET 22985 1 1 0 2 0
TARGET 22986 1 1 0 2 0
TARGET 22987 1 1 0 3 0
TARGET 22988 1 1 0 2 0
TARGET 22989 1 1 0 3 0
TARGET 22990 1 1 0 2 0
TARGET 22991 1 1 0 2 0
TARGET 22992 1 1 0 2 0
TARGET 22993 1 1 0 2 0
TARGET 22994 1 1 0 2 0
TARGET 22995 1 0 0 2 0
TARGET 22996 1 0 0 1 0
TARGET 22997 1 1 0 2 0
TARGET 22998 1 0 0 1 0
TARGET 22999 1 0 0 1 0
TARGET 23000 1 0 0 1 0
PASS_1962_MONOMIAL_INTERVAL 22001 23000 1000 0
