TARGET 34001 1 1 0 1 0
TARGET 34002 1 0 0 0 0
TARGET 34003 1 1 0 1 0
TARGET 34004 1 0 0 1 0
TARGET 34005 1 0 0 1 0
TARGET 34006 1 1 0 1 0
TARGET 34007 1 0 0 1 0
TARGET 34008 1 0 0 1 0
TARGET 34009 1 1 0 1 0
TARGET 34010 1 1 0 1 0
TARGET 34011 1 1 0 1 0
TARGET 34012 1 0 0 1 0
TARGET 34013 1 0 0 1 0
TARGET 34014 1 1 0 1 0
TARGET 34015 1 1 0 1 0
TARGET 34016 1 1 0 1 0
TARGET 34017 1 0 0 1 0
TARGET 34018 1 0 0 1 0
TARGET 34019 1 1 0 1 0
TARGET 34020 1 1 0 1 0
TARGET 34021 1 0 0 0 0
TARGET 34022 1 0 0 1 0
TARGET 34023 1 0 0 1 0
TARGET 34024 1 0 0 1 0
TARGET 34025 1 0 0 1 0
TARGET 34026 1 0 0 1 0
TARGET 34027 1 0 0 1 0
TARGET 34028 1 0 0 1 0
TARGET 34029 1 0 0 1 0
TARGET 34030 1 0 0 1 0
TARGET 34031 1 0 0 1 0
TARGET 34032 1 0 0 1 0
TARGET 34033 1 0 0 1 0
TARGET 34034 1 0 0 1 0
TARGET 34035 1 0 0 1 0
TARGET 34036 1 0 0 1 0
TARGET 34037 1 0 0 1 0
TARGET 34038 1 1 0 1 0
TARGET 34039 1 0 0 1 0
TARGET 34040 1 0 0 1 0
TARGET 34041 1 1 0 1 0
TARGET 34042 1 1 0 1 0
TARGET 34043 1 1 0 1 0
TARGET 34044 1 0 0 1 0
TARGET 34045 1 0 0 1 0
TARGET 34046 1 1 0 1 0
TARGET 34047 1 1 0 1 0
TARGET 34048 1 1 0 1 0
TARGET 34049 1 0 0 1 0
TARGET 34050 1 0 0 1 0
TARGET 34051 1 1 0 1 0
TARGET 34052 1 1 0 1 0
TARGET 34053 1 0 0 0 0
TARGET 34054 1 0 0 1 0
TARGET 34055 1 0 0 1 0
TARGET 34056 1 0 0 1 0
TARGET 34057 1 0 0 1 0
TARGET 34058 1 0 0 1 0
TARGET 34059 1 0 0 1 0
TARGET 34060 1 0 0 1 0
TARGET 34061 1 0 0 1 0
TARGET 34062 1 0 0 1 0
TARGET 34063 1 0 0 1 0
TARGET 34064 1 0 0 1 0
TARGET 34065 1 0 0 1 0
TARGET 34066 1 0 0 1 0
TARGET 34067 1 0 0 1 0
TARGET 34068 1 0 0 0 0
TARGET 34069 1 0 0 1 0
TARGET 34070 1 0 0 1 0
TARGET 34071 1 0 0 1 0
TARGET 34072 1 0 0 1 0
TARGET 34073 1 0 0 1 0
TARGET 34074 1 0 0 1 0
TARGET 34075 1 0 0 0 0
TARGET 34076 1 1 0 1 0
TARGET 34077 1 1 0 1 0
TARGET 34078 1 1 0 1 0
TARGET 34079 1 0 0 1 0
TARGET 34080 1 0 0 1 0
TARGET 34081 1 0 0 0 0
TARGET 34082 1 1 0 1 0
TARGET 34083 1 1 0 1 0
TARGET 34084 1 0 0 1 0
TARGET 34085 1 0 0 1 0
TARGET 34086 1 0 0 0 0
TARGET 34087 1 1 0 1 0
TARGET 34088 1 0 0 1 0
TARGET 34089 1 0 0 1 0
TARGET 34090 1 0 0 0 0
TARGET 34091 1 0 0 1 0
TARGET 34092 1 0 0 1 0
TARGET 34093 1 0 0 0 0
TARGET 34094 1 0 0 1 0
TARGET 34095 1 0 0 0 0
TARGET 34096 1 0 0 1 0
TARGET 34097 1 0 0 1 0
TARGET 34098 1 0 0 1 0
TARGET 34099 1 0 0 1 0
TARGET 34100 1 0 0 1 0
TARGET 34101 1 0 0 1 0
TARGET 34102 1 0 0 1 0
TARGET 34103 1 1 0 1 0
TARGET 34104 1 1 0 1 0
TARGET 34105 1 1 0 1 0
TARGET 34106 1 1 0 1 0
TARGET 34107 1 0 0 1 0
TARGET 34108 1 0 0 1 0
TARGET 34109 1 1 0 1 0
TARGET 34110 1 1 0 1 0
TARGET 34111 1 1 0 1 0
TARGET 34112 1 0 0 1 0
TARGET 34113 1 0 0 1 0
TARGET 34114 1 1 0 1 0
TARGET 34115 1 1 0 1 0
TARGET 34116 1 0 0 1 0
TARGET 34117 1 0 0 1 0
TARGET 34118 1 1 0 1 0
TARGET 34119 1 0 0 1 0
TARGET 34120 1 0 0 1 0
TARGET 34121 1 1 0 1 0
TARGET 34122 1 1 0 1 0
TARGET 34123 1 1 0 1 0
TARGET 34124 1 0 0 1 0
TARGET 34125 1 0 0 1 0
TARGET 34126 1 0 0 1 0
TARGET 34127 1 0 0 1 0
TARGET 34128 1 0 0 1 0
TARGET 34129 1 0 0 1 0
TARGET 34130 1 0 0 1 0
TARGET 34131 1 0 0 1 0
TARGET 34132 1 1 0 1 0
TARGET 34133 1 0 0 1 0
TARGET 34134 1 0 0 1 0
TARGET 34135 1 1 0 1 0
TARGET 34136 1 0 0 1 0
TARGET 34137 1 0 0 1 0
TARGET 34138 1 0 0 0 0
TARGET 34139 1 0 0 0 0
TARGET 34140 1 0 0 0 0
TARGET 34141 1 0 0 0 0
TARGET 34142 1 0 0 0 0
TARGET 34143 1 0 0 0 0
TARGET 34144 1 0 0 0 0
TARGET 34145 1 0 0 0 0
TARGET 34146 1 0 0 0 0
TARGET 34147 1 0 0 1 0
TARGET 34148 1 0 0 1 0
TARGET 34149 1 1 0 1 0
TARGET 34150 1 1 0 1 0
TARGET 34151 1 1 0 1 0
TARGET 34152 1 0 0 1 0
TARGET 34153 1 0 0 1 0
TARGET 34154 1 1 0 1 0
TARGET 34155 1 1 0 1 0
TARGET 34156 1 0 0 1 0
TARGET 34157 1 0 0 1 0
TARGET 34158 1 0 0 1 0
TARGET 34159 1 0 0 1 0
TARGET 34160 1 0 0 1 0
TARGET 34161 1 0 0 1 0
TARGET 34162 1 0 0 1 0
TARGET 34163 1 0 0 1 0
TARGET 34164 1 0 0 1 0
TARGET 34165 1 0 0 1 0
TARGET 34166 1 0 0 1 0
TARGET 34167 1 0 0 1 0
TARGET 34168 1 0 0 1 0
TARGET 34169 1 0 0 1 0
TARGET 34170 1 0 0 1 0
TARGET 34171 1 0 0 1 0
TARGET 34172 1 1 0 1 0
TARGET 34173 1 1 0 1 0
TARGET 34174 1 1 0 1 0
TARGET 34175 1 0 0 1 0
TARGET 34176 1 0 0 1 0
TARGET 34177 1 1 0 1 0
TARGET 34178 1 1 0 1 0
TARGET 34179 1 0 0 1 0
TARGET 34180 1 0 0 1 0
TARGET 34181 1 0 0 1 0
TARGET 34182 1 0 0 1 0
TARGET 34183 1 0 0 1 0
TARGET 34184 1 0 0 1 0
TARGET 34185 1 0 0 1 0
TARGET 34186 1 0 0 1 0
TARGET 34187 1 0 0 1 0
TARGET 34188 1 0 0 1 0
TARGET 34189 1 0 0 1 0
TARGET 34190 1 0 0 1 0
TARGET 34191 1 0 0 1 0
TARGET 34192 1 0 0 1 0
TARGET 34193 1 1 0 1 0
TARGET 34194 1 1 0 1 0
TARGET 34195 1 1 0 1 0
TARGET 34196 1 1 0 1 0
TARGET 34197 1 0 0 1 0
TARGET 34198 1 0 0 1 0
TARGET 34199 1 1 0 1 0
TARGET 34200 1 1 0 1 0
TARGET 34201 1 1 0 1 0
TARGET 34202 1 0 0 1 0
TARGET 34203 1 0 0 1 0
TARGET 34204 1 1 0 1 0
TARGET 34205 1 1 0 1 0
TARGET 34206 1 0 0 1 0
TARGET 34207 1 0 0 1 0
TARGET 34208 1 1 0 1 0
TARGET 34209 1 0 0 1 0
TARGET 34210 1 0 0 1 0
TARGET 34211 1 1 0 1 0
TARGET 34212 1 1 0 1 0
TARGET 34213 1 1 0 1 0
TARGET 34214 1 0 0 1 0
TARGET 34215 1 0 0 1 0
TARGET 34216 1 0 0 1 0
TARGET 34217 1 0 0 1 0
TARGET 34218 1 0 0 1 0
TARGET 34219 1 0 0 1 0
TARGET 34220 1 0 0 1 0
TARGET 34221 1 0 0 1 0
TARGET 34222 1 1 0 1 0
TARGET 34223 1 0 0 1 0
TARGET 34224 1 0 0 1 0
TARGET 34225 1 1 0 1 0
TARGET 34226 1 0 0 1 0
TARGET 34227 1 0 0 1 0
TARGET 34228 1 0 0 0 0
TARGET 34229 1 0 0 0 0
TARGET 34230 1 0 0 0 0
TARGET 34231 1 0 0 0 0
TARGET 34232 1 0 0 0 0
TARGET 34233 1 0 0 0 0
TARGET 34234 1 0 0 0 0
TARGET 34235 1 0 0 0 0
TARGET 34236 1 0 0 0 0
TARGET 34237 1 0 0 1 0
TARGET 34238 1 0 0 1 0
TARGET 34239 1 0 0 1 0
TARGET 34240 1 0 0 1 0
TARGET 34241 1 0 0 1 0
TARGET 34242 1 0 0 1 0
TARGET 34243 1 0 0 1 0
TARGET 34244 1 0 0 1 0
TARGET 34245 1 0 0 0 0
TARGET 34246 1 0 0 1 0
TARGET 34247 1 0 0 1 0
TARGET 34248 1 0 0 1 0
TARGET 34249 1 0 0 1 0
TARGET 34250 1 0 0 1 0
TARGET 34251 1 0 0 1 0
TARGET 34252 1 0 0 1 0
TARGET 34253 1 0 0 0 0
TARGET 34254 1 0 0 1 0
TARGET 34255 1 0 0 1 0
TARGET 34256 1 0 0 1 0
TARGET 34257 1 0 0 1 0
TARGET 34258 1 0 0 1 0
TARGET 34259 1 0 0 1 0
TARGET 34260 1 0 0 0 0
TARGET 34261 1 0 0 1 0
TARGET 34262 1 0 0 1 0
TARGET 34263 1 0 0 1 0
TARGET 34264 1 0 0 1 0
TARGET 34265 1 0 0 1 0
TARGET 34266 1 0 0 0 0
TARGET 34267 1 0 0 1 0
TARGET 34268 1 0 0 1 0
TARGET 34269 1 0 0 1 0
TARGET 34270 1 0 0 1 0
TARGET 34271 1 0 0 0 0
TARGET 34272 1 0 0 1 0
TARGET 34273 1 0 0 1 0
TARGET 34274 1 0 0 1 0
TARGET 34275 1 0 0 0 0
TARGET 34276 1 0 0 1 0
TARGET 34277 1 0 0 1 0
TARGET 34278 1 0 0 0 0
TARGET 34279 1 0 0 1 0
TARGET 34280 1 0 0 0 0
TARGET 34281 1 0 0 1 0
TARGET 34282 1 0 0 1 0
TARGET 34283 1 0 0 1 0
TARGET 34284 1 0 0 1 0
TARGET 34285 1 0 0 1 0
TARGET 34286 1 0 0 1 0
TARGET 34287 1 0 0 1 0
TARGET 34288 1 0 0 1 0
TARGET 34289 1 0 0 0 0
TARGET 34290 1 0 0 1 0
TARGET 34291 1 0 0 1 0
TARGET 34292 1 0 0 1 0
TARGET 34293 1 0 0 1 0
TARGET 34294 1 0 0 1 0
TARGET 34295 1 0 0 1 0
TARGET 34296 1 0 0 1 0
TARGET 34297 1 0 0 0 0
TARGET 34298 1 0 0 1 0
TARGET 34299 1 0 0 1 0
TARGET 34300 1 0 0 1 0
TARGET 34301 1 0 0 1 0
TARGET 34302 1 0 0 1 0
TARGET 34303 1 0 0 1 0
TARGET 34304 1 0 0 0 0
TARGET 34305 1 0 0 1 0
TARGET 34306 1 0 0 1 0
TARGET 34307 1 0 0 1 0
TARGET 34308 1 0 0 1 0
TARGET 34309 1 0 0 1 0
TARGET 34310 1 0 0 0 0
TARGET 34311 1 0 0 1 0
TARGET 34312 1 0 0 1 0
TARGET 34313 1 0 0 1 0
TARGET 34314 1 0 0 1 0
TARGET 34315 1 0 0 0 0
TARGET 34316 1 0 0 1 0
TARGET 34317 1 0 0 1 0
TARGET 34318 1 0 0 1 0
TARGET 34319 1 0 0 0 0
TARGET 34320 1 0 0 1 0
TARGET 34321 1 0 0 1 0
TARGET 34322 1 0 0 0 0
TARGET 34323 1 0 0 1 0
TARGET 34324 1 0 0 0 0
TARGET 34325 1 1 0 1 0
TARGET 34326 1 1 0 1 0
TARGET 34327 1 1 0 1 0
TARGET 34328 1 0 0 1 0
TARGET 34329 1 0 0 1 0
TARGET 34330 1 1 0 1 0
TARGET 34331 1 1 0 1 0
TARGET 34332 1 0 0 1 0
TARGET 34333 1 0 0 1 0
TARGET 34334 1 0 0 1 0
TARGET 34335 1 0 0 1 0
TARGET 34336 1 0 0 1 0
TARGET 34337 1 0 0 1 0
TARGET 34338 1 0 0 1 0
TARGET 34339 1 0 0 1 0
TARGET 34340 1 0 0 1 0
TARGET 34341 1 0 0 1 0
TARGET 34342 1 0 0 1 0
TARGET 34343 1 0 0 1 0
TARGET 34344 1 0 0 1 0
TARGET 34345 1 0 0 1 0
TARGET 34346 1 1 0 1 0
TARGET 34347 1 1 0 1 0
TARGET 34348 1 1 0 1 0
TARGET 34349 1 1 0 1 0
TARGET 34350 1 0 0 1 0
TARGET 34351 1 0 0 1 0
TARGET 34352 1 1 0 1 0
TARGET 34353 1 1 0 1 0
TARGET 34354 1 1 0 1 0
TARGET 34355 1 0 0 1 0
TARGET 34356 1 0 0 1 0
TARGET 34357 1 1 0 1 0
TARGET 34358 1 1 0 1 0
TARGET 34359 1 0 0 1 0
TARGET 34360 1 0 0 1 0
TARGET 34361 1 1 0 1 0
TARGET 34362 1 0 0 1 0
TARGET 34363 1 0 0 1 0
TARGET 34364 1 1 0 1 0
TARGET 34365 1 1 0 1 0
TARGET 34366 1 1 0 1 0
TARGET 34367 1 0 0 1 0
TARGET 34368 1 0 0 1 0
TARGET 34369 1 0 0 1 0
TARGET 34370 1 0 0 1 0
TARGET 34371 1 0 0 1 0
TARGET 34372 1 0 0 1 0
TARGET 34373 1 0 0 1 0
TARGET 34374 1 0 0 1 0
TARGET 34375 1 1 0 1 0
TARGET 34376 1 0 0 1 0
TARGET 34377 1 0 0 1 0
TARGET 34378 1 1 0 1 0
TARGET 34379 1 0 0 1 0
TARGET 34380 1 0 0 1 0
TARGET 34381 1 0 0 0 0
TARGET 34382 1 0 0 0 0
TARGET 34383 1 0 0 0 0
TARGET 34384 1 0 0 0 0
TARGET 34385 1 0 0 0 0
TARGET 34386 1 0 0 0 0
TARGET 34387 1 0 0 0 0
TARGET 34388 1 0 0 1 0
TARGET 34389 1 0 0 1 0
TARGET 34390 1 0 0 1 0
TARGET 34391 1 0 0 1 0
TARGET 34392 1 0 0 1 0
TARGET 34393 1 0 0 1 0
TARGET 34394 1 0 0 1 0
TARGET 34395 1 0 0 1 0
TARGET 34396 1 0 0 1 0
TARGET 34397 1 0 0 1 0
TARGET 34398 1 0 0 1 0
TARGET 34399 1 0 0 1 0
TARGET 34400 1 0 0 1 0
TARGET 34401 1 0 0 1 0
TARGET 34402 1 0 0 1 0
TARGET 34403 1 0 0 1 0
TARGET 34404 1 0 0 1 0
TARGET 34405 1 0 0 1 0
TARGET 34406 1 0 0 1 0
TARGET 34407 1 0 0 1 0
TARGET 34408 1 0 0 1 0
TARGET 34409 1 0 0 1 0
TARGET 34410 1 0 0 1 0
TARGET 34411 1 0 0 1 0
TARGET 34412 1 0 0 1 0
TARGET 34413 1 0 0 1 0
TARGET 34414 1 0 0 1 0
TARGET 34415 1 0 0 1 0
TARGET 34416 1 0 0 1 0
TARGET 34417 1 0 0 1 0
TARGET 34418 1 0 0 1 0
TARGET 34419 1 0 0 1 0
TARGET 34420 1 0 0 1 0
TARGET 34421 1 0 0 1 0
TARGET 34422 1 0 0 1 0
TARGET 34423 1 0 0 1 0
TARGET 34424 1 0 0 1 0
TARGET 34425 1 0 0 1 0
TARGET 34426 1 0 0 1 0
TARGET 34427 1 0 0 1 0
TARGET 34428 1 0 0 1 0
TARGET 34429 1 0 0 1 0
TARGET 34430 1 0 0 1 0
TARGET 34431 1 0 0 1 0
TARGET 34432 1 0 0 1 0
TARGET 34433 1 0 0 1 0
TARGET 34434 1 0 0 1 0
TARGET 34435 1 0 0 1 0
TARGET 34436 1 0 0 1 0
TARGET 34437 1 0 0 0 0
TARGET 34438 1 0 0 0 0
TARGET 34439 1 0 0 0 0
TARGET 34440 1 0 0 0 0
TARGET 34441 1 0 0 0 0
TARGET 34442 1 0 0 0 0
TARGET 34443 1 0 0 0 0
TARGET 34444 1 0 0 1 0
TARGET 34445 1 0 0 1 0
TARGET 34446 1 0 0 1 0
TARGET 34447 1 0 0 1 0
TARGET 34448 1 0 0 1 0
TARGET 34449 1 0 0 1 0
TARGET 34450 1 0 0 1 0
TARGET 34451 1 0 0 1 0
TARGET 34452 1 0 0 1 0
TARGET 34453 1 0 0 1 0
TARGET 34454 1 0 0 1 0
TARGET 34455 1 0 0 1 0
TARGET 34456 1 0 0 1 0
TARGET 34457 1 0 0 1 0
TARGET 34458 1 0 0 1 0
TARGET 34459 1 0 0 1 0
TARGET 34460 1 0 0 1 0
TARGET 34461 1 0 0 1 0
TARGET 34462 1 0 0 1 0
TARGET 34463 1 0 0 1 0
TARGET 34464 1 0 0 1 0
TARGET 34465 1 0 0 1 0
TARGET 34466 1 0 0 1 0
TARGET 34467 1 0 0 1 0
TARGET 34468 1 0 0 1 0
TARGET 34469 1 0 0 1 0
TARGET 34470 1 0 0 1 0
TARGET 34471 1 0 0 1 0
TARGET 34472 1 0 0 1 0
TARGET 34473 1 0 0 1 0
TARGET 34474 1 0 0 1 0
TARGET 34475 1 0 0 1 0
TARGET 34476 1 0 0 1 0
TARGET 34477 1 0 0 1 0
TARGET 34478 1 0 0 1 0
TARGET 34479 1 0 0 1 0
TARGET 34480 1 0 0 1 0
TARGET 34481 1 0 0 1 0
TARGET 34482 1 0 0 1 0
TARGET 34483 1 0 0 1 0
TARGET 34484 1 0 0 1 0
TARGET 34485 1 0 0 1 0
TARGET 34486 1 0 0 0 0
TARGET 34487 1 0 0 0 0
TARGET 34488 1 0 0 0 0
TARGET 34489 1 0 0 0 0
TARGET 34490 1 0 0 0 0
TARGET 34491 1 0 0 0 0
TARGET 34492 1 0 0 0 0
TARGET 34493 1 1 0 1 0
TARGET 34494 1 1 0 1 0
TARGET 34495 1 1 0 1 0
TARGET 34496 1 1 0 1 0
TARGET 34497 1 0 0 1 0
TARGET 34498 1 0 0 1 0
TARGET 34499 1 1 0 1 0
TARGET 34500 1 1 0 1 0
TARGET 34501 1 1 0 1 0
TARGET 34502 1 0 0 1 0
TARGET 34503 1 0 0 1 0
TARGET 34504 1 0 0 0 0
TARGET 34505 1 1 0 1 0
TARGET 34506 1 1 0 1 0
TARGET 34507 1 0 0 1 0
TARGET 34508 1 0 0 1 0
TARGET 34509 1 1 0 1 0
TARGET 34510 1 1 0 1 0
TARGET 34511 1 0 0 1 0
TARGET 34512 1 0 0 1 0
TARGET 34513 1 1 0 1 0
TARGET 34514 1 1 0 1 0
TARGET 34515 1 1 0 1 0
TARGET 34516 1 1 0 1 0
TARGET 34517 1 0 0 1 0
TARGET 34518 1 0 0 1 0
TARGET 34519 1 0 0 1 0
TARGET 34520 1 0 0 1 0
TARGET 34521 1 0 0 0 0
TARGET 34522 1 0 0 1 0
TARGET 34523 1 0 0 1 0
TARGET 34524 1 0 0 1 0
TARGET 34525 1 0 0 1 0
TARGET 34526 1 0 0 1 0
TARGET 34527 1 0 0 1 0
TARGET 34528 1 1 0 1 0
TARGET 34529 1 0 0 1 0
TARGET 34530 1 0 0 1 0
TARGET 34531 1 1 0 1 0
TARGET 34532 1 0 0 1 0
TARGET 34533 1 0 0 1 0
TARGET 34534 1 1 0 1 0
TARGET 34535 1 0 0 1 0
TARGET 34536 1 0 0 1 0
TARGET 34537 1 0 0 0 0
TARGET 34538 1 0 0 1 0
TARGET 34539 1 0 0 1 0
TARGET 34540 1 0 0 0 0
TARGET 34541 1 0 0 1 0
TARGET 34542 1 0 0 0 0
TARGET 34543 1 0 0 0 0
TARGET 34544 1 0 0 0 0
TARGET 34545 1 0 0 0 0
TARGET 34546 1 0 0 0 0
TARGET 34547 1 0 0 0 0
TARGET 34548 1 0 0 0 0
TARGET 34549 1 1 0 1 0
TARGET 34550 1 1 0 1 0
TARGET 34551 1 0 0 1 0
TARGET 34552 1 0 0 1 0
TARGET 34553 1 0 0 0 0
TARGET 34554 1 1 0 1 0
TARGET 34555 1 0 0 1 0
TARGET 34556 1 0 0 1 0
TARGET 34557 1 0 0 0 0
TARGET 34558 1 0 0 1 0
TARGET 34559 1 0 0 1 0
TARGET 34560 1 0 0 0 0
TARGET 34561 1 0 0 1 0
TARGET 34562 1 0 0 0 0
TARGET 34563 1 1 0 1 0
TARGET 34564 1 0 0 1 0
TARGET 34565 1 0 0 1 0
TARGET 34566 1 1 0 1 0
TARGET 34567 1 1 0 1 0
TARGET 34568 1 1 0 1 0
TARGET 34569 1 0 0 1 0
TARGET 34570 1 0 0 1 0
TARGET 34571 1 0 0 0 0
TARGET 34572 1 0 0 1 0
TARGET 34573 1 0 0 1 0
TARGET 34574 1 0 0 1 0
TARGET 34575 1 0 0 1 0
TARGET 34576 1 0 0 1 0
TARGET 34577 1 0 0 1 0
TARGET 34578 1 1 0 1 0
TARGET 34579 1 0 0 1 0
TARGET 34580 1 0 0 1 0
TARGET 34581 1 1 0 1 0
TARGET 34582 1 0 0 1 0
TARGET 34583 1 0 0 1 0
TARGET 34584 1 1 0 1 0
TARGET 34585 1 0 0 1 0
TARGET 34586 1 0 0 1 0
TARGET 34587 1 0 0 0 0
TARGET 34588 1 0 0 1 0
TARGET 34589 1 0 0 1 0
TARGET 34590 1 0 0 0 0
TARGET 34591 1 0 0 1 0
TARGET 34592 1 0 0 0 0
TARGET 34593 1 0 0 0 0
TARGET 34594 1 0 0 0 0
TARGET 34595 1 0 0 0 0
TARGET 34596 1 0 0 0 0
TARGET 34597 1 0 0 1 0
TARGET 34598 1 0 0 1 0
TARGET 34599 1 0 0 1 0
TARGET 34600 1 0 0 0 0
TARGET 34601 1 0 0 1 0
TARGET 34602 1 0 0 1 0
TARGET 34603 1 0 0 0 0
TARGET 34604 1 0 0 1 0
TARGET 34605 1 0 0 0 0
TARGET 34606 1 0 0 1 0
TARGET 34607 1 0 0 1 0
TARGET 34608 1 0 0 1 0
TARGET 34609 1 0 0 0 0
TARGET 34610 1 0 0 1 0
TARGET 34611 1 0 0 1 0
TARGET 34612 1 0 0 0 0
TARGET 34613 1 0 0 1 0
TARGET 34614 1 0 0 0 0
TARGET 34615 1 1 0 1 0
TARGET 34616 1 0 0 1 0
TARGET 34617 1 0 0 1 0
TARGET 34618 1 0 0 0 0
TARGET 34619 1 0 0 1 0
TARGET 34620 1 0 0 1 0
TARGET 34621 1 0 0 0 0
TARGET 34622 1 0 0 1 0
TARGET 34623 1 0 0 0 0
TARGET 34624 1 1 0 1 0
TARGET 34625 1 0 0 1 0
TARGET 34626 1 0 0 1 0
TARGET 34627 1 0 0 0 0
TARGET 34628 1 0 0 1 0
TARGET 34629 1 0 0 1 0
TARGET 34630 1 0 0 0 0
TARGET 34631 1 0 0 1 0
TARGET 34632 1 0 0 0 0
TARGET 34633 1 2 0 3 0
TARGET 34634 1 1 0 4 0
TARGET 34635 1 1 0 3 0
TARGET 34636 1 1 0 3 0
TARGET 34637 1 3 0 4 0
TARGET 34638 1 2 0 3 0
TARGET 34639 1 2 0 3 0
TARGET 34640 1 2 0 3 0
TARGET 34641 1 1 0 4 0
TARGET 34642 1 1 0 3 0
TARGET 34643 1 2 0 3 0
TARGET 34644 1 1 0 3 0
TARGET 34645 1 2 0 3 0
TARGET 34646 1 1 0 2 0
TARGET 34647 1 1 0 3 0
TARGET 34648 1 1 0 2 0
TARGET 34649 1 1 0 2 0
TARGET 34650 1 2 0 3 0
TARGET 34651 1 1 0 2 0
TARGET 34652 1 1 0 2 0
TARGET 34653 1 1 0 2 0
TARGET 34654 1 1 0 3 0
TARGET 34655 1 1 0 2 0
TARGET 34656 1 1 0 2 0
TARGET 34657 1 1 0 2 0
TARGET 34658 1 1 0 2 0
TARGET 34659 1 1 0 2 0
TARGET 34660 1 1 0 2 0
TARGET 34661 1 1 0 3 0
TARGET 34662 1 1 0 2 0
TARGET 34663 1 1 0 2 0
TARGET 34664 1 1 0 2 0
TARGET 34665 1 1 0 2 0
TARGET 34666 1 1 0 2 0
TARGET 34667 1 1 0 2 0
TARGET 34668 1 1 0 3 0
TARGET 34669 1 1 0 2 0
TARGET 34670 1 1 0 3 0
TARGET 34671 1 1 0 3 0
TARGET 34672 1 1 0 4 0
TARGET 34673 1 1 0 3 0
TARGET 34674 1 1 0 3 0
TARGET 34675 1 1 0 3 0
TARGET 34676 1 1 0 3 0
TARGET 34677 1 1 0 3 0
TARGET 34678 1 1 0 3 0
TARGET 34679 1 1 0 4 0
TARGET 34680 1 1 0 3 0
TARGET 34681 1 1 0 2 0
TARGET 34682 1 1 0 2 0
TARGET 34683 1 1 0 3 0
TARGET 34684 1 1 0 2 0
TARGET 34685 1 1 0 2 0
TARGET 34686 1 1 0 2 0
TARGET 34687 1 1 0 2 0
TARGET 34688 1 1 0 2 0
TARGET 34689 1 1 0 2 0
TARGET 34690 1 1 0 3 0
TARGET 34691 1 1 0 2 0
TARGET 34692 1 1 0 2 0
TARGET 34693 1 2 0 3 0
TARGET 34694 1 1 0 2 0
TARGET 34695 1 1 0 2 0
TARGET 34696 1 1 0 2 0
TARGET 34697 1 1 0 3 0
TARGET 34698 1 1 0 2 0
TARGET 34699 1 1 0 2 0
TARGET 34700 1 1 0 2 0
TARGET 34701 1 1 0 2 0
TARGET 34702 1 1 0 2 0
TARGET 34703 1 1 0 3 0
TARGET 34704 1 1 0 2 0
TARGET 34705 1 1 0 2 0
TARGET 34706 1 1 0 2 0
TARGET 34707 1 1 0 3 0
TARGET 34708 1 1 0 2 0
TARGET 34709 1 1 0 2 0
TARGET 34710 1 1 0 2 0
TARGET 34711 1 1 0 2 0
TARGET 34712 1 1 0 3 0
TARGET 34713 1 1 0 4 0
TARGET 34714 1 1 0 3 0
TARGET 34715 1 1 0 3 0
TARGET 34716 1 1 0 3 0
TARGET 34717 1 1 0 4 0
TARGET 34718 1 1 0 3 0
TARGET 34719 1 1 0 3 0
TARGET 34720 1 1 0 3 0
TARGET 34721 1 1 0 3 0
TARGET 34722 1 1 0 2 0
TARGET 34723 1 1 0 3 0
TARGET 34724 1 1 0 2 0
TARGET 34725 1 1 0 2 0
TARGET 34726 1 1 0 2 0
TARGET 34727 1 1 0 3 0
TARGET 34728 1 1 0 2 0
TARGET 34729 1 1 0 2 0
TARGET 34730 1 1 0 2 0
TARGET 34731 1 1 0 2 0
TARGET 34732 1 1 0 2 0
TARGET 34733 1 1 0 2 0
TARGET 34734 1 1 0 2 0
TARGET 34735 1 1 0 2 0
TARGET 34736 1 1 0 2 0
TARGET 34737 1 1 0 3 0
TARGET 34738 1 1 0 2 0
TARGET 34739 1 2 0 3 0
TARGET 34740 1 2 0 3 0
TARGET 34741 1 2 0 3 0
TARGET 34742 1 1 0 3 0
TARGET 34743 1 2 0 3 0
TARGET 34744 1 1 0 4 0
TARGET 34745 1 1 0 3 0
TARGET 34746 1 1 0 2 0
TARGET 34747 1 1 0 2 0
TARGET 34748 1 1 0 2 0
TARGET 34749 1 1 0 2 0
TARGET 34750 1 1 0 2 0
TARGET 34751 1 1 0 3 0
TARGET 34752 1 1 0 2 0
TARGET 34753 1 1 0 2 0
TARGET 34754 1 1 0 2 0
TARGET 34755 1 1 0 3 0
TARGET 34756 1 1 0 2 0
TARGET 34757 1 1 0 2 0
TARGET 34758 1 1 0 2 0
TARGET 34759 1 1 0 2 0
TARGET 34760 1 1 0 2 0
TARGET 34761 1 1 0 2 0
TARGET 34762 1 1 0 2 0
TARGET 34763 1 1 0 2 0
TARGET 34764 1 1 0 3 0
TARGET 34765 1 1 0 2 0
TARGET 34766 1 1 0 2 0
TARGET 34767 1 1 0 3 0
TARGET 34768 1 1 0 2 0
TARGET 34769 1 1 0 2 0
TARGET 34770 1 1 0 2 0
TARGET 34771 1 1 0 2 0
TARGET 34772 1 1 0 2 0
TARGET 34773 1 1 0 2 0
TARGET 34774 1 1 0 2 0
TARGET 34775 1 1 0 3 0
TARGET 34776 1 1 0 2 0
TARGET 34777 1 1 0 3 0
TARGET 34778 1 1 0 3 0
TARGET 34779 1 1 0 3 0
TARGET 34780 1 1 0 4 0
TARGET 34781 1 1 0 3 0
TARGET 34782 1 1 0 2 0
TARGET 34783 1 1 0 2 0
TARGET 34784 1 1 0 2 0
TARGET 34785 1 1 0 3 0
TARGET 34786 1 1 0 2 0
TARGET 34787 1 1 0 2 0
TARGET 34788 1 1 0 2 0
TARGET 34789 1 1 0 2 0
TARGET 34790 1 1 0 2 0
TARGET 34791 1 1 0 2 0
TARGET 34792 1 1 0 3 0
TARGET 34793 1 1 0 2 0
TARGET 34794 1 1 0 2 0
TARGET 34795 1 1 0 2 0
TARGET 34796 1 1 0 2 0
TARGET 34797 1 1 0 3 0
TARGET 34798 1 1 0 2 0
TARGET 34799 1 1 0 2 0
TARGET 34800 1 1 0 3 0
TARGET 34801 1 1 0 2 0
TARGET 34802 1 0 0 1 0
TARGET 34803 1 1 0 2 0
TARGET 34804 1 1 0 1 0
TARGET 34805 1 1 0 1 0
TARGET 34806 1 1 0 2 0
TARGET 34807 1 1 0 1 0
TARGET 34808 1 0 0 1 0
TARGET 34809 1 1 0 1 0
TARGET 34810 1 1 0 2 0
TARGET 34811 1 1 0 1 0
TARGET 34812 1 0 0 1 0
TARGET 34813 1 1 0 1 0
TARGET 34814 1 0 0 1 0
TARGET 34815 1 0 0 1 0
TARGET 34816 1 0 0 1 0
TARGET 34817 1 1 0 2 0
TARGET 34818 1 0 0 1 0
TARGET 34819 1 0 0 1 0
TARGET 34820 1 0 0 1 0
TARGET 34821 1 0 0 1 0
TARGET 34822 1 0 0 1 0
TARGET 34823 1 0 0 1 0
TARGET 34824 1 1 0 2 0
TARGET 34825 1 0 0 1 0
TARGET 34826 1 0 0 2 0
TARGET 34827 1 1 0 2 0
TARGET 34828 1 1 0 2 0
TARGET 34829 1 1 0 3 0
TARGET 34830 1 1 0 2 0
TARGET 34831 1 1 0 2 0
TARGET 34832 1 1 0 2 0
TARGET 34833 1 1 0 2 0
TARGET 34834 1 1 0 2 0
TARGET 34835 1 1 0 2 0
TARGET 34836 1 1 0 3 0
TARGET 34837 1 1 0 2 0
TARGET 34838 1 1 0 3 0
TARGET 34839 1 0 0 1 0
TARGET 34840 1 1 0 1 0
TARGET 34841 1 1 0 2 0
TARGET 34842 1 1 0 1 0
TARGET 34843 1 0 0 1 0
TARGET 34844 1 1 0 1 0
TARGET 34845 1 0 0 1 0
TARGET 34846 1 1 0 1 0
TARGET 34847 1 0 0 1 0
TARGET 34848 1 1 0 2 0
TARGET 34849 1 1 0 1 0
TARGET 34850 1 0 0 2 0
TARGET 34851 1 0 0 1 0
TARGET 34852 1 1 0 2 0
TARGET 34853 1 0 0 1 0
TARGET 34854 1 0 0 1 0
TARGET 34855 1 0 0 1 0
TARGET 34856 1 1 0 2 0
TARGET 34857 1 0 0 1 0
TARGET 34858 1 0 0 1 0
TARGET 34859 1 0 0 1 0
TARGET 34860 1 0 0 1 0
TARGET 34861 1 1 0 1 0
TARGET 34862 1 1 0 2 0
TARGET 34863 1 1 0 1 0
TARGET 34864 1 0 0 1 0
TARGET 34865 1 1 0 1 0
TARGET 34866 1 1 0 2 0
TARGET 34867 1 1 0 1 0
TARGET 34868 1 0 0 1 0
TARGET 34869 1 1 0 1 0
TARGET 34870 1 0 0 1 0
TARGET 34871 1 1 0 2 0
TARGET 34872 1 1 0 3 0
TARGET 34873 1 1 0 2 0
TARGET 34874 1 1 0 2 0
TARGET 34875 1 1 0 2 0
TARGET 34876 1 1 0 3 0
TARGET 34877 1 1 0 2 0
TARGET 34878 1 1 0 2 0
TARGET 34879 1 1 0 2 0
TARGET 34880 1 1 0 2 0
TARGET 34881 1 1 0 1 0
TARGET 34882 1 1 0 2 0
TARGET 34883 1 1 0 1 0
TARGET 34884 1 0 0 1 0
TARGET 34885 1 1 0 1 0
TARGET 34886 1 1 0 2 0
TARGET 34887 1 1 0 1 0
TARGET 34888 1 0 0 1 0
TARGET 34889 1 1 0 1 0
TARGET 34890 1 0 0 1 0
TARGET 34891 1 0 0 1 0
TARGET 34892 1 1 0 1 0
TARGET 34893 1 0 0 1 0
TARGET 34894 1 1 0 1 0
TARGET 34895 1 0 0 1 0
TARGET 34896 1 1 0 2 0
TARGET 34897 1 1 0 1 0
TARGET 34898 1 0 0 2 0
TARGET 34899 1 1 0 2 0
TARGET 34900 1 1 0 2 0
TARGET 34901 1 1 0 2 0
TARGET 34902 1 1 0 2 0
TARGET 34903 1 1 0 2 0
TARGET 34904 1 1 0 3 0
TARGET 34905 1 1 0 2 0
TARGET 34906 1 1 0 3 0
TARGET 34907 1 0 0 1 0
TARGET 34908 1 1 0 1 0
TARGET 34909 1 0 0 1 0
TARGET 34910 1 1 0 1 0
TARGET 34911 1 0 0 1 0
TARGET 34912 1 1 0 2 0
TARGET 34913 1 1 0 1 0
TARGET 34914 1 0 0 2 0
TARGET 34915 1 0 0 1 0
TARGET 34916 1 0 0 1 0
TARGET 34917 1 1 0 2 0
TARGET 34918 1 0 0 1 0
TARGET 34919 1 0 0 1 0
TARGET 34920 1 0 0 1 0
TARGET 34921 1 0 0 1 0
TARGET 34922 1 0 0 1 0
TARGET 34923 1 0 0 1 0
TARGET 34924 1 0 0 1 0
TARGET 34925 1 0 0 1 0
TARGET 34926 1 1 0 2 0
TARGET 34927 1 0 0 1 0
TARGET 34928 1 0 0 2 0
TARGET 34929 1 1 0 1 0
TARGET 34930 1 1 0 2 0
TARGET 34931 1 1 0 1 0
TARGET 34932 1 0 0 1 0
TARGET 34933 1 0 0 1 0
TARGET 34934 1 1 0 1 0
TARGET 34935 1 1 0 1 0
TARGET 34936 1 0 0 1 0
TARGET 34937 1 0 0 1 0
TARGET 34938 1 1 0 2 0
TARGET 34939 1 1 0 1 0
TARGET 34940 1 0 0 2 0
TARGET 34941 1 1 0 2 0
TARGET 34942 1 1 0 2 0
TARGET 34943 1 1 0 2 0
TARGET 34944 1 1 0 3 0
TARGET 34945 1 1 0 2 0
TARGET 34946 1 1 0 3 0
TARGET 34947 1 0 0 1 0
TARGET 34948 1 1 0 1 0
TARGET 34949 1 0 0 1 0
TARGET 34950 1 1 0 2 0
TARGET 34951 1 1 0 1 0
TARGET 34952 1 0 0 2 0
TARGET 34953 1 0 0 1 0
TARGET 34954 1 0 0 1 0
TARGET 34955 1 0 0 1 0
TARGET 34956 1 0 0 1 0
TARGET 34957 1 0 0 1 0
TARGET 34958 1 1 0 2 0
TARGET 34959 1 0 0 1 0
TARGET 34960 1 0 0 2 0
TARGET 34961 1 1 0 1 0
TARGET 34962 1 0 0 1 0
TARGET 34963 1 0 0 1 0
TARGET 34964 1 1 0 2 0
TARGET 34965 1 1 0 1 0
TARGET 34966 1 0 0 2 0
TARGET 34967 1 0 0 1 0
TARGET 34968 1 1 0 2 0
TARGET 34969 1 0 0 1 0
TARGET 34970 1 0 0 2 0
TARGET 34971 1 0 0 0 0
TARGET 34972 1 1 0 1 0
TARGET 34973 1 0 0 0 0
TARGET 34974 1 0 0 0 0
TARGET 34975 1 1 0 1 0
TARGET 34976 1 0 0 0 0
TARGET 34977 1 0 0 0 0
TARGET 34978 1 0 0 0 0
TARGET 34979 1 1 0 1 0
TARGET 34980 1 0 0 0 0
TARGET 34981 1 0 0 0 0
TARGET 34982 1 0 0 0 0
TARGET 34983 1 0 0 0 0
TARGET 34984 1 0 0 1 0
TARGET 34985 1 0 0 1 0
TARGET 34986 1 1 0 2 0
TARGET 34987 1 0 0 1 0
TARGET 34988 1 0 0 1 0
TARGET 34989 1 0 0 1 0
TARGET 34990 1 0 0 1 0
TARGET 34991 1 0 0 1 0
TARGET 34992 1 0 0 1 0
TARGET 34993 1 1 0 2 0
TARGET 34994 1 0 0 1 0
TARGET 34995 1 0 0 0 0
TARGET 34996 1 0 0 1 0
TARGET 34997 1 1 0 2 0
TARGET 34998 1 0 0 1 0
TARGET 34999 1 0 0 1 0
TARGET 35000 1 0 0 1 0
PASS_1962_MONOMIAL_INTERVAL 34001 35000 1000 0
