TARGET 31001 1 1 0 1 0
TARGET 31002 1 1 0 1 0
TARGET 31003 1 1 0 1 0
TARGET 31004 1 0 0 1 0
TARGET 31005 1 1 0 1 0
TARGET 31006 1 0 0 1 0
TARGET 31007 1 1 0 1 0
TARGET 31008 1 0 0 1 0
TARGET 31009 1 0 0 1 0
TARGET 31010 1 0 0 1 0
TARGET 31011 1 0 0 1 0
TARGET 31012 1 0 0 1 0
TARGET 31013 1 1 0 1 0
TARGET 31014 1 0 0 1 0
TARGET 31015 1 1 0 1 0
TARGET 31016 1 1 0 1 0
TARGET 31017 1 0 0 1 0
TARGET 31018 1 1 0 1 0
TARGET 31019 1 0 0 1 0
TARGET 31020 1 0 0 1 0
TARGET 31021 1 0 0 1 0
TARGET 31022 1 0 0 1 0
TARGET 31023 1 0 0 1 0
TARGET 31024 1 0 0 1 0
TARGET 31025 1 1 0 1 0
TARGET 31026 1 0 0 1 0
TARGET 31027 1 1 0 1 0
TARGET 31028 1 0 0 1 0
TARGET 31029 1 0 0 1 0
TARGET 31030 1 0 0 1 0
TARGET 31031 1 1 0 1 0
TARGET 31032 1 1 0 1 0
TARGET 31033 1 0 0 1 0
TARGET 31034 1 1 0 1 0
TARGET 31035 1 0 0 1 0
TARGET 31036 1 1 0 1 0
TARGET 31037 1 0 0 1 0
TARGET 31038 1 1 0 1 0
TARGET 31039 1 0 0 1 0
TARGET 31040 1 0 0 1 0
TARGET 31041 1 0 0 1 0
TARGET 31042 1 1 0 1 0
TARGET 31043 1 0 0 0 0
TARGET 31044 1 0 0 0 0
TARGET 31045 1 0 0 0 0
TARGET 31046 1 0 0 0 0
TARGET 31047 1 0 0 0 0
TARGET 31048 1 0 0 0 0
TARGET 31049 1 0 0 0 0
TARGET 31050 1 0 0 0 0
TARGET 31051 1 0 0 1 0
TARGET 31052 1 0 0 1 0
TARGET 31053 1 0 0 1 0
TARGET 31054 1 0 0 1 0
TARGET 31055 1 0 0 1 0
TARGET 31056 1 0 0 1 0
TARGET 31057 1 0 0 1 0
TARGET 31058 1 0 0 1 0
TARGET 31059 1 0 0 1 0
TARGET 31060 1 0 0 1 0
TARGET 31061 1 0 0 1 0
TARGET 31062 1 0 0 1 0
TARGET 31063 1 0 0 1 0
TARGET 31064 1 0 0 1 0
TARGET 31065 1 0 0 1 0
TARGET 31066 1 0 0 1 0
TARGET 31067 1 0 0 1 0
TARGET 31068 1 0 0 1 0
TARGET 31069 1 0 0 1 0
TARGET 31070 1 0 0 1 0
TARGET 31071 1 0 0 1 0
TARGET 31072 1 0 0 1 0
TARGET 31073 1 0 0 1 0
TARGET 31074 1 0 0 1 0
TARGET 31075 1 0 0 1 0
TARGET 31076 1 0 0 1 0
TARGET 31077 1 0 0 1 0
TARGET 31078 1 0 0 1 0
TARGET 31079 1 0 0 1 0
TARGET 31080 1 0 0 1 0
TARGET 31081 1 0 0 1 0
TARGET 31082 1 0 0 1 0
TARGET 31083 1 0 0 1 0
TARGET 31084 1 0 0 1 0
TARGET 31085 1 0 0 1 0
TARGET 31086 1 0 0 1 0
TARGET 31087 1 0 0 1 0
TARGET 31088 1 0 0 1 0
TARGET 31089 1 0 0 1 0
TARGET 31090 1 0 0 1 0
TARGET 31091 1 0 0 1 0
TARGET 31092 1 0 0 1 0
TARGET 31093 1 0 0 1 0
TARGET 31094 1 0 0 1 0
TARGET 31095 1 0 0 1 0
TARGET 31096 1 0 0 1 0
TARGET 31097 1 0 0 1 0
TARGET 31098 1 0 0 1 0
TARGET 31099 1 0 0 1 0
TARGET 31100 1 0 0 1 0
TARGET 31101 1 0 0 1 0
TARGET 31102 1 0 0 1 0
TARGET 31103 1 0 0 1 0
TARGET 31104 1 0 0 1 0
TARGET 31105 1 0 0 1 0
TARGET 31106 1 0 0 1 0
TARGET 31107 1 0 0 0 0
TARGET 31108 1 0 0 0 0
TARGET 31109 1 0 0 0 0
TARGET 31110 1 0 0 0 0
TARGET 31111 1 0 0 0 0
TARGET 31112 1 0 0 0 0
TARGET 31113 1 0 0 0 0
TARGET 31114 1 0 0 0 0
TARGET 31115 1 1 0 1 0
TARGET 31116 1 0 0 1 0
TARGET 31117 1 1 0 1 0
TARGET 31118 1 0 0 1 0
TARGET 31119 1 1 0 1 0
TARGET 31120 1 0 0 1 0
TARGET 31121 1 1 0 1 0
TARGET 31122 1 1 0 1 0
TARGET 31123 1 1 0 1 0
TARGET 31124 1 0 0 1 0
TARGET 31125 1 1 0 1 0
TARGET 31126 1 0 0 1 0
TARGET 31127 1 1 0 1 0
TARGET 31128 1 0 0 0 0
TARGET 31129 1 0 0 1 0
TARGET 31130 1 0 0 1 0
TARGET 31131 1 0 0 1 0
TARGET 31132 1 0 0 1 0
TARGET 31133 1 0 0 1 0
TARGET 31134 1 1 0 1 0
TARGET 31135 1 0 0 1 0
TARGET 31136 1 1 0 1 0
TARGET 31137 1 0 0 1 0
TARGET 31138 1 1 0 1 0
TARGET 31139 1 1 0 1 0
TARGET 31140 1 1 0 1 0
TARGET 31141 1 0 0 1 0
TARGET 31142 1 1 0 1 0
TARGET 31143 1 0 0 1 0
TARGET 31144 1 1 0 1 0
TARGET 31145 1 0 0 0 0
TARGET 31146 1 0 0 1 0
TARGET 31147 1 0 0 1 0
TARGET 31148 1 0 0 1 0
TARGET 31149 1 0 0 1 0
TARGET 31150 1 0 0 1 0
TARGET 31151 1 0 0 1 0
TARGET 31152 1 0 0 1 0
TARGET 31153 1 0 0 1 0
TARGET 31154 1 0 0 1 0
TARGET 31155 1 0 0 1 0
TARGET 31156 1 0 0 0 0
TARGET 31157 1 1 0 1 0
TARGET 31158 1 0 0 1 0
TARGET 31159 1 1 0 1 0
TARGET 31160 1 0 0 1 0
TARGET 31161 1 0 0 1 0
TARGET 31162 1 0 0 1 0
TARGET 31163 1 1 0 1 0
TARGET 31164 1 1 0 1 0
TARGET 31165 1 1 0 1 0
TARGET 31166 1 0 0 1 0
TARGET 31167 1 1 0 1 0
TARGET 31168 1 0 0 1 0
TARGET 31169 1 0 0 1 0
TARGET 31170 1 1 0 1 0
TARGET 31171 1 1 0 1 0
TARGET 31172 1 0 0 0 0
TARGET 31173 1 0 0 1 0
TARGET 31174 1 1 0 1 0
TARGET 31175 1 0 0 1 0
TARGET 31176 1 0 0 1 0
TARGET 31177 1 0 0 1 0
TARGET 31178 1 1 0 1 0
TARGET 31179 1 0 0 1 0
TARGET 31180 1 0 0 1 0
TARGET 31181 1 0 0 0 0
TARGET 31182 1 1 0 1 0
TARGET 31183 1 0 0 0 0
TARGET 31184 1 0 0 0 0
TARGET 31185 1 0 0 0 0
TARGET 31186 1 0 0 0 0
TARGET 31187 1 0 0 0 0
TARGET 31188 1 0 0 0 0
TARGET 31189 1 0 0 0 0
TARGET 31190 1 0 0 0 0
TARGET 31191 1 0 0 1 0
TARGET 31192 1 0 0 1 0
TARGET 31193 1 0 0 1 0
TARGET 31194 1 0 0 1 0
TARGET 31195 1 0 0 1 0
TARGET 31196 1 0 0 0 0
TARGET 31197 1 0 0 1 0
TARGET 31198 1 0 0 1 0
TARGET 31199 1 0 0 1 0
TARGET 31200 1 0 0 1 0
TARGET 31201 1 0 0 0 0
TARGET 31202 1 0 0 1 0
TARGET 31203 1 0 0 1 0
TARGET 31204 1 0 0 1 0
TARGET 31205 1 0 0 0 0
TARGET 31206 1 0 0 1 0
TARGET 31207 1 0 0 1 0
TARGET 31208 1 0 0 0 0
TARGET 31209 1 0 0 1 0
TARGET 31210 1 0 0 0 0
TARGET 31211 1 1 0 1 0
TARGET 31212 1 0 0 1 0
TARGET 31213 1 1 0 1 0
TARGET 31214 1 1 0 1 0
TARGET 31215 1 0 0 1 0
TARGET 31216 1 1 0 1 0
TARGET 31217 1 0 0 1 0
TARGET 31218 1 0 0 1 0
TARGET 31219 1 0 0 1 0
TARGET 31220 1 0 0 1 0
TARGET 31221 1 0 0 1 0
TARGET 31222 1 0 0 1 0
TARGET 31223 1 1 0 1 0
TARGET 31224 1 0 0 1 0
TARGET 31225 1 1 0 1 0
TARGET 31226 1 0 0 1 0
TARGET 31227 1 0 0 1 0
TARGET 31228 1 0 0 1 0
TARGET 31229 1 1 0 1 0
TARGET 31230 1 1 0 1 0
TARGET 31231 1 0 0 1 0
TARGET 31232 1 1 0 1 0
TARGET 31233 1 0 0 1 0
TARGET 31234 1 1 0 1 0
TARGET 31235 1 0 0 1 0
TARGET 31236 1 1 0 1 0
TARGET 31237 1 0 0 1 0
TARGET 31238 1 0 0 1 0
TARGET 31239 1 0 0 1 0
TARGET 31240 1 1 0 1 0
TARGET 31241 1 0 0 0 0
TARGET 31242 1 0 0 0 0
TARGET 31243 1 0 0 0 0
TARGET 31244 1 0 0 0 0
TARGET 31245 1 0 0 0 0
TARGET 31246 1 0 0 0 0
TARGET 31247 1 0 0 1 0
TARGET 31248 1 0 0 1 0
TARGET 31249 1 0 0 1 0
TARGET 31250 1 0 0 1 0
TARGET 31251 1 0 0 1 0
TARGET 31252 1 0 0 1 0
TARGET 31253 1 0 0 1 0
TARGET 31254 1 0 0 1 0
TARGET 31255 1 0 0 1 0
TARGET 31256 1 0 0 1 0
TARGET 31257 1 0 0 1 0
TARGET 31258 1 0 0 1 0
TARGET 31259 1 0 0 1 0
TARGET 31260 1 0 0 1 0
TARGET 31261 1 0 0 1 0
TARGET 31262 1 0 0 1 0
TARGET 31263 1 0 0 1 0
TARGET 31264 1 0 0 1 0
TARGET 31265 1 0 0 1 0
TARGET 31266 1 0 0 1 0
TARGET 31267 1 0 0 1 0
TARGET 31268 1 0 0 1 0
TARGET 31269 1 0 0 1 0
TARGET 31270 1 0 0 1 0
TARGET 31271 1 0 0 0 0
TARGET 31272 1 0 0 0 0
TARGET 31273 1 0 0 0 0
TARGET 31274 1 0 0 0 0
TARGET 31275 1 0 0 0 0
TARGET 31276 1 0 0 0 0
TARGET 31277 1 1 0 1 0
TARGET 31278 1 0 0 1 0
TARGET 31279 1 1 0 1 0
TARGET 31280 1 0 0 0 0
TARGET 31281 1 0 0 1 0
TARGET 31282 1 0 0 1 0
TARGET 31283 1 0 0 0 0
TARGET 31284 1 1 0 1 0
TARGET 31285 1 0 0 0 0
TARGET 31286 1 0 0 1 0
TARGET 31287 1 0 0 1 0
TARGET 31288 1 0 0 1 0
TARGET 31289 1 0 0 0 0
TARGET 31290 1 0 0 1 0
TARGET 31291 1 0 0 1 0
TARGET 31292 1 0 0 0 0
TARGET 31293 1 0 0 1 0
TARGET 31294 1 0 0 0 0
TARGET 31295 1 1 0 1 0
TARGET 31296 1 1 0 1 0
TARGET 31297 1 0 0 1 0
TARGET 31298 1 1 0 1 0
TARGET 31299 1 0 0 1 0
TARGET 31300 1 1 0 1 0
TARGET 31301 1 0 0 0 0
TARGET 31302 1 0 0 1 0
TARGET 31303 1 1 0 1 0
TARGET 31304 1 0 0 1 0
TARGET 31305 1 0 0 1 0
TARGET 31306 1 0 0 1 0
TARGET 31307 1 1 0 1 0
TARGET 31308 1 0 0 1 0
TARGET 31309 1 0 0 1 0
TARGET 31310 1 0 0 0 0
TARGET 31311 1 1 0 1 0
TARGET 31312 1 0 0 0 0
TARGET 31313 1 0 0 0 0
TARGET 31314 1 0 0 0 0
TARGET 31315 1 0 0 0 0
TARGET 31316 1 0 0 1 0
TARGET 31317 1 0 0 1 0
TARGET 31318 1 0 0 0 0
TARGET 31319 1 1 0 1 0
TARGET 31320 1 0 0 0 0
TARGET 31321 1 0 0 1 0
TARGET 31322 1 0 0 1 0
TARGET 31323 1 0 0 0 0
TARGET 31324 1 0 0 1 0
TARGET 31325 1 0 0 0 0
TARGET 31326 1 0 0 1 0
TARGET 31327 1 0 0 1 0
TARGET 31328 1 0 0 0 0
TARGET 31329 1 1 0 1 0
TARGET 31330 1 0 0 0 0
TARGET 31331 1 0 0 1 0
TARGET 31332 1 0 0 1 0
TARGET 31333 1 0 0 1 0
TARGET 31334 1 0 0 1 0
TARGET 31335 1 0 0 1 0
TARGET 31336 1 0 0 1 0
TARGET 31337 1 0 0 1 0
TARGET 31338 1 0 0 1 0
TARGET 31339 1 0 0 1 0
TARGET 31340 1 0 0 1 0
TARGET 31341 1 0 0 1 0
TARGET 31342 1 0 0 1 0
TARGET 31343 1 0 0 1 0
TARGET 31344 1 0 0 1 0
TARGET 31345 1 0 0 1 0
TARGET 31346 1 0 0 1 0
TARGET 31347 1 0 0 1 0
TARGET 31348 1 0 0 1 0
TARGET 31349 1 0 0 1 0
TARGET 31350 1 0 0 1 0
TARGET 31351 1 0 0 1 0
TARGET 31352 1 0 0 1 0
TARGET 31353 1 0 0 1 0
TARGET 31354 1 0 0 1 0
TARGET 31355 1 0 0 1 0
TARGET 31356 1 0 0 1 0
TARGET 31357 1 0 0 1 0
TARGET 31358 1 0 0 1 0
TARGET 31359 1 0 0 1 0
TARGET 31360 1 0 0 1 0
TARGET 31361 1 0 0 1 0
TARGET 31362 1 0 0 1 0
TARGET 31363 1 0 0 1 0
TARGET 31364 1 0 0 1 0
TARGET 31365 1 0 0 1 0
TARGET 31366 1 0 0 1 0
TARGET 31367 1 0 0 1 0
TARGET 31368 1 0 0 1 0
TARGET 31369 1 0 0 1 0
TARGET 31370 1 0 0 1 0
TARGET 31371 1 0 0 1 0
TARGET 31372 1 0 0 1 0
TARGET 31373 1 0 0 1 0
TARGET 31374 1 0 0 1 0
TARGET 31375 1 0 0 1 0
TARGET 31376 1 0 0 1 0
TARGET 31377 1 0 0 1 0
TARGET 31378 1 0 0 1 0
TARGET 31379 1 0 0 1 0
TARGET 31380 1 0 0 1 0
TARGET 31381 1 0 0 1 0
TARGET 31382 1 0 0 1 0
TARGET 31383 1 0 0 1 0
TARGET 31384 1 0 0 1 0
TARGET 31385 1 0 0 1 0
TARGET 31386 1 0 0 1 0
TARGET 31387 1 0 0 1 0
TARGET 31388 1 0 0 1 0
TARGET 31389 1 0 0 1 0
TARGET 31390 1 0 0 1 0
TARGET 31391 1 0 0 1 0
TARGET 31392 1 0 0 1 0
TARGET 31393 1 0 0 1 0
TARGET 31394 1 0 0 1 0
TARGET 31395 1 0 0 1 0
TARGET 31396 1 0 0 1 0
TARGET 31397 1 0 0 1 0
TARGET 31398 1 0 0 1 0
TARGET 31399 1 0 0 1 0
TARGET 31400 1 0 0 1 0
TARGET 31401 1 0 0 1 0
TARGET 31402 1 0 0 1 0
TARGET 31403 1 0 0 1 0
TARGET 31404 1 0 0 1 0
TARGET 31405 1 0 0 1 0
TARGET 31406 1 0 0 1 0
TARGET 31407 1 0 0 1 0
TARGET 31408 1 0 0 1 0
TARGET 31409 1 0 0 1 0
TARGET 31410 1 0 0 1 0
TARGET 31411 1 0 0 1 0
TARGET 31412 1 0 0 1 0
TARGET 31413 1 0 0 1 0
TARGET 31414 1 0 0 1 0
TARGET 31415 1 0 0 1 0
TARGET 31416 1 0 0 1 0
TARGET 31417 1 0 0 1 0
TARGET 31418 1 0 0 1 0
TARGET 31419 1 0 0 1 0
TARGET 31420 1 0 0 1 0
TARGET 31421 1 0 0 1 0
TARGET 31422 1 0 0 1 0
TARGET 31423 1 0 0 1 0
TARGET 31424 1 0 0 1 0
TARGET 31425 1 0 0 1 0
TARGET 31426 1 0 0 1 0
TARGET 31427 1 0 0 1 0
TARGET 31428 1 0 0 1 0
TARGET 31429 1 0 0 1 0
TARGET 31430 1 0 0 1 0
TARGET 31431 1 0 0 0 0
TARGET 31432 1 0 0 0 0
TARGET 31433 1 0 0 0 0
TARGET 31434 1 0 0 0 0
TARGET 31435 1 0 0 0 0
TARGET 31436 1 0 0 0 0
TARGET 31437 1 0 0 0 0
TARGET 31438 1 0 0 0 0
TARGET 31439 1 0 0 0 0
TARGET 31440 1 0 0 0 0
TARGET 31441 1 1 0 1 0
TARGET 31442 1 0 0 1 0
TARGET 31443 1 1 0 1 0
TARGET 31444 1 0 0 1 0
TARGET 31445 1 0 0 1 0
TARGET 31446 1 1 0 1 0
TARGET 31447 1 1 0 1 0
TARGET 31448 1 1 0 1 0
TARGET 31449 1 1 0 1 0
TARGET 31450 1 0 0 0 0
TARGET 31451 1 0 0 1 0
TARGET 31452 1 0 0 1 0
TARGET 31453 1 0 0 1 0
TARGET 31454 1 0 0 1 0
TARGET 31455 1 0 0 1 0
TARGET 31456 1 0 0 1 0
TARGET 31457 1 0 0 1 0
TARGET 31458 1 0 0 1 0
TARGET 31459 1 0 0 0 0
TARGET 31460 1 1 0 1 0
TARGET 31461 1 0 0 1 0
TARGET 31462 1 0 0 1 0
TARGET 31463 1 1 0 1 0
TARGET 31464 1 1 0 1 0
TARGET 31465 1 1 0 1 0
TARGET 31466 1 1 0 1 0
TARGET 31467 1 0 0 0 0
TARGET 31468 1 0 0 1 0
TARGET 31469 1 0 0 1 0
TARGET 31470 1 0 0 1 0
TARGET 31471 1 0 0 1 0
TARGET 31472 1 0 0 1 0
TARGET 31473 1 0 0 1 0
TARGET 31474 1 0 0 0 0
TARGET 31475 1 0 0 1 0
TARGET 31476 1 0 0 1 0
TARGET 31477 1 0 0 1 0
TARGET 31478 1 0 0 1 0
TARGET 31479 1 0 0 1 0
TARGET 31480 1 0 0 0 0
TARGET 31481 1 1 0 1 0
TARGET 31482 1 1 0 1 0
TARGET 31483 1 1 0 1 0
TARGET 31484 1 1 0 1 0
TARGET 31485 1 0 0 0 0
TARGET 31486 1 1 0 1 0
TARGET 31487 1 1 0 1 0
TARGET 31488 1 1 0 1 0
TARGET 31489 1 0 0 0 0
TARGET 31490 1 1 0 1 0
TARGET 31491 1 1 0 1 0
TARGET 31492 1 0 0 0 0
TARGET 31493 1 1 0 1 0
TARGET 31494 1 0 0 0 0
TARGET 31495 1 1 0 1 0
TARGET 31496 1 0 0 1 0
TARGET 31497 1 1 0 1 0
TARGET 31498 1 0 0 1 0
TARGET 31499 1 0 0 1 0
TARGET 31500 1 1 0 1 0
TARGET 31501 1 1 0 1 0
TARGET 31502 1 1 0 1 0
TARGET 31503 1 1 0 1 0
TARGET 31504 1 0 0 1 0
TARGET 31505 1 1 0 1 0
TARGET 31506 1 0 0 1 0
TARGET 31507 1 1 0 1 0
TARGET 31508 1 0 0 1 0
TARGET 31509 1 0 0 1 0
TARGET 31510 1 1 0 1 0
TARGET 31511 1 1 0 1 0
TARGET 31512 1 0 0 0 0
TARGET 31513 1 0 0 1 0
TARGET 31514 1 0 0 1 0
TARGET 31515 1 0 0 1 0
TARGET 31516 1 0 0 1 0
TARGET 31517 1 0 0 1 0
TARGET 31518 1 0 0 1 0
TARGET 31519 1 0 0 1 0
TARGET 31520 1 0 0 1 0
TARGET 31521 1 0 0 1 0
TARGET 31522 1 0 0 1 0
TARGET 31523 1 0 0 1 0
TARGET 31524 1 0 0 1 0
TARGET 31525 1 0 0 1 0
TARGET 31526 1 0 0 1 0
TARGET 31527 1 0 0 1 0
TARGET 31528 1 0 0 1 0
TARGET 31529 1 0 0 0 0
TARGET 31530 1 1 0 1 0
TARGET 31531 1 0 0 1 0
TARGET 31532 1 0 0 1 0
TARGET 31533 1 1 0 1 0
TARGET 31534 1 1 0 1 0
TARGET 31535 1 1 0 1 0
TARGET 31536 1 1 0 1 0
TARGET 31537 1 0 0 0 0
TARGET 31538 1 0 0 1 0
TARGET 31539 1 0 0 1 0
TARGET 31540 1 0 0 1 0
TARGET 31541 1 0 0 1 0
TARGET 31542 1 0 0 1 0
TARGET 31543 1 0 0 1 0
TARGET 31544 1 0 0 0 0
TARGET 31545 1 0 0 1 0
TARGET 31546 1 0 0 1 0
TARGET 31547 1 0 0 1 0
TARGET 31548 1 0 0 1 0
TARGET 31549 1 0 0 1 0
TARGET 31550 1 0 0 0 0
TARGET 31551 1 1 0 1 0
TARGET 31552 1 1 0 1 0
TARGET 31553 1 1 0 1 0
TARGET 31554 1 1 0 1 0
TARGET 31555 1 0 0 0 0
TARGET 31556 1 1 0 1 0
TARGET 31557 1 1 0 1 0
TARGET 31558 1 1 0 1 0
TARGET 31559 1 0 0 0 0
TARGET 31560 1 1 0 1 0
TARGET 31561 1 1 0 1 0
TARGET 31562 1 0 0 0 0
TARGET 31563 1 1 0 1 0
TARGET 31564 1 0 0 0 0
TARGET 31565 1 0 0 1 0
TARGET 31566 1 1 0 1 0
TARGET 31567 1 0 0 1 0
TARGET 31568 1 1 0 1 0
TARGET 31569 1 0 0 1 0
TARGET 31570 1 0 0 1 0
TARGET 31571 1 1 0 1 0
TARGET 31572 1 1 0 1 0
TARGET 31573 1 0 0 1 0
TARGET 31574 1 0 0 1 0
TARGET 31575 1 0 0 1 0
TARGET 31576 1 0 0 1 0
TARGET 31577 1 0 0 1 0
TARGET 31578 1 0 0 1 0
TARGET 31579 1 0 0 1 0
TARGET 31580 1 0 0 1 0
TARGET 31581 1 0 0 1 0
TARGET 31582 1 0 0 1 0
TARGET 31583 1 0 0 1 0
TARGET 31584 1 0 0 1 0
TARGET 31585 1 0 0 1 0
TARGET 31586 1 0 0 1 0
TARGET 31587 1 0 0 1 0
TARGET 31588 1 0 0 1 0
TARGET 31589 1 0 0 1 0
TARGET 31590 1 0 0 1 0
TARGET 31591 1 0 0 1 0
TARGET 31592 1 0 0 1 0
TARGET 31593 1 1 0 1 0
TARGET 31594 1 1 0 1 0
TARGET 31595 1 1 0 1 0
TARGET 31596 1 1 0 1 0
TARGET 31597 1 0 0 1 0
TARGET 31598 1 0 0 1 0
TARGET 31599 1 0 0 1 0
TARGET 31600 1 0 0 1 0
TARGET 31601 1 1 0 1 0
TARGET 31602 1 0 0 1 0
TARGET 31603 1 0 0 1 0
TARGET 31604 1 1 0 1 0
TARGET 31605 1 1 0 1 0
TARGET 31606 1 1 0 1 0
TARGET 31607 1 1 0 1 0
TARGET 31608 1 1 0 1 0
TARGET 31609 1 0 0 1 0
TARGET 31610 1 0 0 1 0
TARGET 31611 1 0 0 1 0
TARGET 31612 1 0 0 1 0
TARGET 31613 1 0 0 1 0
TARGET 31614 1 0 0 1 0
TARGET 31615 1 1 0 1 0
TARGET 31616 1 1 0 1 0
TARGET 31617 1 1 0 1 0
TARGET 31618 1 1 0 1 0
TARGET 31619 1 1 0 1 0
TARGET 31620 1 1 0 1 0
TARGET 31621 1 0 0 0 0
TARGET 31622 1 0 0 0 0
TARGET 31623 1 0 0 0 0
TARGET 31624 1 0 0 0 0
TARGET 31625 1 0 0 0 0
TARGET 31626 1 0 0 0 0
TARGET 31627 1 0 0 0 0
TARGET 31628 1 0 0 0 0
TARGET 31629 1 0 0 1 0
TARGET 31630 1 0 0 1 0
TARGET 31631 1 0 0 1 0
TARGET 31632 1 0 0 1 0
TARGET 31633 1 0 0 1 0
TARGET 31634 1 0 0 1 0
TARGET 31635 1 0 0 1 0
TARGET 31636 1 0 0 1 0
TARGET 31637 1 0 0 1 0
TARGET 31638 1 0 0 1 0
TARGET 31639 1 0 0 1 0
TARGET 31640 1 0 0 1 0
TARGET 31641 1 0 0 1 0
TARGET 31642 1 0 0 1 0
TARGET 31643 1 0 0 1 0
TARGET 31644 1 0 0 1 0
TARGET 31645 1 0 0 1 0
TARGET 31646 1 0 0 1 0
TARGET 31647 1 0 0 1 0
TARGET 31648 1 0 0 1 0
TARGET 31649 1 0 0 1 0
TARGET 31650 1 0 0 1 0
TARGET 31651 1 0 0 1 0
TARGET 31652 1 0 0 1 0
TARGET 31653 1 0 0 1 0
TARGET 31654 1 0 0 1 0
TARGET 31655 1 0 0 1 0
TARGET 31656 1 0 0 1 0
TARGET 31657 1 0 0 1 0
TARGET 31658 1 0 0 1 0
TARGET 31659 1 0 0 1 0
TARGET 31660 1 0 0 1 0
TARGET 31661 1 0 0 1 0
TARGET 31662 1 0 0 1 0
TARGET 31663 1 0 0 1 0
TARGET 31664 1 0 0 1 0
TARGET 31665 1 0 0 1 0
TARGET 31666 1 0 0 1 0
TARGET 31667 1 0 0 1 0
TARGET 31668 1 0 0 1 0
TARGET 31669 1 0 0 1 0
TARGET 31670 1 0 0 1 0
TARGET 31671 1 0 0 1 0
TARGET 31672 1 0 0 1 0
TARGET 31673 1 0 0 1 0
TARGET 31674 1 0 0 1 0
TARGET 31675 1 0 0 1 0
TARGET 31676 1 0 0 1 0
TARGET 31677 1 0 0 1 0
TARGET 31678 1 0 0 1 0
TARGET 31679 1 0 0 1 0
TARGET 31680 1 0 0 1 0
TARGET 31681 1 0 0 1 0
TARGET 31682 1 0 0 1 0
TARGET 31683 1 0 0 1 0
TARGET 31684 1 0 0 1 0
TARGET 31685 1 0 0 1 0
TARGET 31686 1 0 0 1 0
TARGET 31687 1 0 0 1 0
TARGET 31688 1 0 0 1 0
TARGET 31689 1 0 0 1 0
TARGET 31690 1 0 0 1 0
TARGET 31691 1 0 0 1 0
TARGET 31692 1 0 0 1 0
TARGET 31693 1 0 0 0 0
TARGET 31694 1 0 0 0 0
TARGET 31695 1 0 0 0 0
TARGET 31696 1 0 0 0 0
TARGET 31697 1 0 0 0 0
TARGET 31698 1 0 0 0 0
TARGET 31699 1 0 0 0 0
TARGET 31700 1 0 0 0 0
TARGET 31701 1 0 0 1 0
TARGET 31702 1 1 0 1 0
TARGET 31703 1 0 0 1 0
TARGET 31704 1 1 0 1 0
TARGET 31705 1 0 0 1 0
TARGET 31706 1 0 0 1 0
TARGET 31707 1 1 0 1 0
TARGET 31708 1 1 0 1 0
TARGET 31709 1 0 0 1 0
TARGET 31710 1 0 0 1 0
TARGET 31711 1 0 0 1 0
TARGET 31712 1 0 0 1 0
TARGET 31713 1 0 0 1 0
TARGET 31714 1 0 0 1 0
TARGET 31715 1 0 0 1 0
TARGET 31716 1 0 0 1 0
TARGET 31717 1 0 0 1 0
TARGET 31718 1 0 0 1 0
TARGET 31719 1 0 0 1 0
TARGET 31720 1 0 0 1 0
TARGET 31721 1 0 0 1 0
TARGET 31722 1 0 0 1 0
TARGET 31723 1 0 0 1 0
TARGET 31724 1 0 0 1 0
TARGET 31725 1 0 0 1 0
TARGET 31726 1 0 0 1 0
TARGET 31727 1 0 0 1 0
TARGET 31728 1 0 0 1 0
TARGET 31729 1 1 0 1 0
TARGET 31730 1 1 0 1 0
TARGET 31731 1 1 0 1 0
TARGET 31732 1 1 0 1 0
TARGET 31733 1 0 0 1 0
TARGET 31734 1 0 0 1 0
TARGET 31735 1 0 0 1 0
TARGET 31736 1 0 0 1 0
TARGET 31737 1 1 0 1 0
TARGET 31738 1 0 0 1 0
TARGET 31739 1 0 0 1 0
TARGET 31740 1 1 0 1 0
TARGET 31741 1 1 0 1 0
TARGET 31742 1 1 0 1 0
TARGET 31743 1 1 0 1 0
TARGET 31744 1 1 0 1 0
TARGET 31745 1 0 0 1 0
TARGET 31746 1 0 0 1 0
TARGET 31747 1 0 0 1 0
TARGET 31748 1 0 0 1 0
TARGET 31749 1 0 0 1 0
TARGET 31750 1 0 0 1 0
TARGET 31751 1 1 0 1 0
TARGET 31752 1 1 0 1 0
TARGET 31753 1 1 0 1 0
TARGET 31754 1 1 0 1 0
TARGET 31755 1 1 0 1 0
TARGET 31756 1 1 0 1 0
TARGET 31757 1 0 0 0 0
TARGET 31758 1 0 0 0 0
TARGET 31759 1 0 0 0 0
TARGET 31760 1 0 0 0 0
TARGET 31761 1 0 0 0 0
TARGET 31762 1 0 0 0 0
TARGET 31763 1 0 0 0 0
TARGET 31764 1 0 0 0 0
TARGET 31765 1 0 0 1 0
TARGET 31766 1 0 0 1 0
TARGET 31767 1 0 0 1 0
TARGET 31768 1 0 0 1 0
TARGET 31769 1 0 0 1 0
TARGET 31770 1 0 0 1 0
TARGET 31771 1 0 0 1 0
TARGET 31772 1 0 0 1 0
TARGET 31773 1 0 0 1 0
TARGET 31774 1 0 0 1 0
TARGET 31775 1 0 0 1 0
TARGET 31776 1 0 0 1 0
TARGET 31777 1 0 0 1 0
TARGET 31778 1 0 0 1 0
TARGET 31779 1 0 0 1 0
TARGET 31780 1 0 0 1 0
TARGET 31781 1 0 0 1 0
TARGET 31782 1 0 0 1 0
TARGET 31783 1 0 0 1 0
TARGET 31784 1 0 0 1 0
TARGET 31785 1 0 0 1 0
TARGET 31786 1 0 0 1 0
TARGET 31787 1 0 0 1 0
TARGET 31788 1 0 0 1 0
TARGET 31789 1 0 0 1 0
TARGET 31790 1 0 0 1 0
TARGET 31791 1 0 0 1 0
TARGET 31792 1 0 0 1 0
TARGET 31793 1 0 0 1 0
TARGET 31794 1 0 0 1 0
TARGET 31795 1 0 0 1 0
TARGET 31796 1 0 0 1 0
TARGET 31797 1 0 0 1 0
TARGET 31798 1 0 0 1 0
TARGET 31799 1 0 0 1 0
TARGET 31800 1 0 0 1 0
TARGET 31801 1 0 0 1 0
TARGET 31802 1 0 0 1 0
TARGET 31803 1 0 0 1 0
TARGET 31804 1 0 0 1 0
TARGET 31805 1 0 0 1 0
TARGET 31806 1 0 0 1 0
TARGET 31807 1 0 0 1 0
TARGET 31808 1 0 0 1 0
TARGET 31809 1 0 0 1 0
TARGET 31810 1 0 0 1 0
TARGET 31811 1 0 0 1 0
TARGET 31812 1 0 0 1 0
TARGET 31813 1 0 0 0 0
TARGET 31814 1 0 0 0 0
TARGET 31815 1 0 0 0 0
TARGET 31816 1 0 0 0 0
TARGET 31817 1 0 0 0 0
TARGET 31818 1 0 0 0 0
TARGET 31819 1 0 0 0 0
TARGET 31820 1 0 0 0 0
TARGET 31821 1 0 0 1 0
TARGET 31822 1 0 0 1 0
TARGET 31823 1 0 0 1 0
TARGET 31824 1 0 0 1 0
TARGET 31825 1 0 0 1 0
TARGET 31826 1 0 0 0 0
TARGET 31827 1 0 0 1 0
TARGET 31828 1 0 0 1 0
TARGET 31829 1 0 0 1 0
TARGET 31830 1 0 0 1 0
TARGET 31831 1 0 0 0 0
TARGET 31832 1 0 0 1 0
TARGET 31833 1 0 0 1 0
TARGET 31834 1 0 0 1 0
TARGET 31835 1 0 0 0 0
TARGET 31836 1 0 0 1 0
TARGET 31837 1 0 0 1 0
TARGET 31838 1 0 0 0 0
TARGET 31839 1 0 0 1 0
TARGET 31840 1 0 0 0 0
TARGET 31841 1 0 0 1 0
TARGET 31842 1 0 0 1 0
TARGET 31843 1 0 0 1 0
TARGET 31844 1 0 0 1 0
TARGET 31845 1 0 0 1 0
TARGET 31846 1 0 0 1 0
TARGET 31847 1 0 0 1 0
TARGET 31848 1 0 0 1 0
TARGET 31849 1 0 0 1 0
TARGET 31850 1 0 0 1 0
TARGET 31851 1 0 0 1 0
TARGET 31852 1 0 0 1 0
TARGET 31853 1 0 0 1 0
TARGET 31854 1 0 0 1 0
TARGET 31855 1 0 0 1 0
TARGET 31856 1 0 0 1 0
TARGET 31857 1 0 0 1 0
TARGET 31858 1 0 0 1 0
TARGET 31859 1 0 0 1 0
TARGET 31860 1 0 0 1 0
TARGET 31861 1 0 0 1 0
TARGET 31862 1 0 0 1 0
TARGET 31863 1 0 0 1 0
TARGET 31864 1 0 0 1 0
TARGET 31865 1 0 0 1 0
TARGET 31866 1 0 0 1 0
TARGET 31867 1 0 0 1 0
TARGET 31868 1 0 0 1 0
TARGET 31869 1 0 0 1 0
TARGET 31870 1 0 0 1 0
TARGET 31871 1 0 0 1 0
TARGET 31872 1 0 0 1 0
TARGET 31873 1 0 0 1 0
TARGET 31874 1 0 0 1 0
TARGET 31875 1 0 0 1 0
TARGET 31876 1 0 0 0 0
TARGET 31877 1 0 0 0 0
TARGET 31878 1 0 0 0 0
TARGET 31879 1 0 0 0 0
TARGET 31880 1 0 0 0 0
TARGET 31881 1 0 0 0 0
TARGET 31882 1 0 0 0 0
TARGET 31883 1 1 0 1 0
TARGET 31884 1 1 0 1 0
TARGET 31885 1 1 0 1 0
TARGET 31886 1 1 0 1 0
TARGET 31887 1 0 0 0 0
TARGET 31888 1 1 0 1 0
TARGET 31889 1 1 0 1 0
TARGET 31890 1 1 0 1 0
TARGET 31891 1 0 0 0 0
TARGET 31892 1 1 0 1 0
TARGET 31893 1 1 0 1 0
TARGET 31894 1 0 0 0 0
TARGET 31895 1 1 0 1 0
TARGET 31896 1 0 0 0 0
TARGET 31897 1 0 0 1 0
TARGET 31898 1 0 0 1 0
TARGET 31899 1 0 0 1 0
TARGET 31900 1 0 0 1 0
TARGET 31901 1 0 0 0 0
TARGET 31902 1 0 0 1 0
TARGET 31903 1 0 0 1 0
TARGET 31904 1 0 0 1 0
TARGET 31905 1 0 0 0 0
TARGET 31906 1 0 0 1 0
TARGET 31907 1 0 0 1 0
TARGET 31908 1 0 0 0 0
TARGET 31909 1 0 0 1 0
TARGET 31910 1 0 0 0 0
TARGET 31911 1 1 0 1 0
TARGET 31912 1 0 0 1 0
TARGET 31913 1 0 0 1 0
TARGET 31914 1 1 0 1 0
TARGET 31915 1 1 0 1 0
TARGET 31916 1 1 0 1 0
TARGET 31917 1 1 0 1 0
TARGET 31918 1 1 0 1 0
TARGET 31919 1 0 0 1 0
TARGET 31920 1 0 0 1 0
TARGET 31921 1 0 0 1 0
TARGET 31922 1 0 0 1 0
TARGET 31923 1 0 0 1 0
TARGET 31924 1 0 0 1 0
TARGET 31925 1 1 0 1 0
TARGET 31926 1 1 0 1 0
TARGET 31927 1 1 0 1 0
TARGET 31928 1 1 0 1 0
TARGET 31929 1 1 0 1 0
TARGET 31930 1 1 0 1 0
TARGET 31931 1 0 0 0 0
TARGET 31932 1 0 0 0 0
TARGET 31933 1 0 0 0 0
TARGET 31934 1 0 0 0 0
TARGET 31935 1 0 0 0 0
TARGET 31936 1 1 0 1 0
TARGET 31937 1 1 0 1 0
TARGET 31938 1 1 0 1 0
TARGET 31939 1 0 0 0 0
TARGET 31940 1 1 0 1 0
TARGET 31941 1 1 0 1 0
TARGET 31942 1 0 0 0 0
TARGET 31943 1 1 0 1 0
TARGET 31944 1 0 0 0 0
TARGET 31945 1 0 0 1 0
TARGET 31946 1 0 0 1 0
TARGET 31947 1 0 0 1 0
TARGET 31948 1 0 0 0 0
TARGET 31949 1 0 0 1 0
TARGET 31950 1 0 0 1 0
TARGET 31951 1 0 0 0 0
TARGET 31952 1 0 0 1 0
TARGET 31953 1 0 0 0 0
TARGET 31954 1 0 0 1 0
TARGET 31955 1 0 0 1 0
TARGET 31956 1 0 0 1 0
TARGET 31957 1 0 0 0 0
TARGET 31958 1 0 0 1 0
TARGET 31959 1 0 0 1 0
TARGET 31960 1 0 0 0 0
TARGET 31961 1 0 0 1 0
TARGET 31962 1 0 0 0 0
TARGET 31963 1 1 0 1 0
TARGET 31964 1 1 0 1 0
TARGET 31965 1 1 0 1 0
TARGET 31966 1 1 0 1 0
TARGET 31967 1 0 0 0 0
TARGET 31968 1 1 0 1 0
TARGET 31969 1 1 0 1 0
TARGET 31970 1 1 0 1 0
TARGET 31971 1 1 0 1 0
TARGET 31972 1 0 0 0 0
TARGET 31973 1 1 0 1 0
TARGET 31974 1 0 0 0 0
TARGET 31975 1 0 0 0 0
TARGET 31976 1 1 0 1 0
TARGET 31977 1 1 0 1 0
TARGET 31978 1 0 0 0 0
TARGET 31979 1 1 0 1 0
TARGET 31980 1 0 0 0 0
TARGET 31981 1 1 0 4 0
TARGET 31982 1 1 0 3 0
TARGET 31983 1 1 0 3 0
TARGET 31984 1 3 0 4 0
TARGET 31985 1 2 0 3 0
TARGET 31986 1 2 0 3 0
TARGET 31987 1 2 0 3 0
TARGET 31988 1 2 0 3 0
TARGET 31989 1 1 0 4 0
TARGET 31990 1 1 0 3 0
TARGET 31991 1 2 0 3 0
TARGET 31992 1 2 0 3 0
TARGET 31993 1 1 0 3 0
TARGET 31994 1 1 0 3 0
TARGET 31995 1 1 0 2 0
TARGET 31996 1 1 0 2 0
TARGET 31997 1 2 0 3 0
TARGET 31998 1 1 0 2 0
TARGET 31999 1 1 0 2 0
TARGET 32000 1 1 0 2 0
PASS_1962_MONOMIAL_INTERVAL 31001 32000 1000 0
