PROGRESS_1961_Z9_KERNEL 1 1 0
PROGRESS_1961_Z9_KERNEL 2 3 1
PROGRESS_1961_Z9_KERNEL 3 3 1
PROGRESS_1961_Z9_KERNEL 4 9 2
PROGRESS_1961_Z9_KERNEL 5 3 1
PROGRESS_1961_Z9_KERNEL 6 9 2
PROGRESS_1961_Z9_KERNEL 7 9 2
PROGRESS_1961_Z9_KERNEL 8 27 3
PROGRESS_1961_Z9_KERNEL 9 3 1
PROGRESS_1961_Z9_KERNEL 10 9 2
PROGRESS_1961_Z9_KERNEL 11 9 2
PROGRESS_1961_Z9_KERNEL 12 27 3
PROGRESS_1961_Z9_KERNEL 13 9 3
PROGRESS_1961_Z9_KERNEL 14 27 3
PROGRESS_1961_Z9_KERNEL 15 27 4
PROGRESS_1961_Z9_KERNEL 16 81 4
PROGRESS_1961_Z9_KERNEL 17 3 1
PROGRESS_1961_Z9_KERNEL 18 9 2
PROGRESS_1961_Z9_KERNEL 19 27 3
PROGRESS_1961_Z9_KERNEL 20 9 2
PROGRESS_1961_Z9_KERNEL 21 27 3
PROGRESS_1961_Z9_KERNEL 22 81 4
PROGRESS_1961_Z9_KERNEL 23 9 2
PROGRESS_1961_Z9_KERNEL 24 27 3
PROGRESS_1961_Z9_KERNEL 25 81 4
PROGRESS_1961_Z9_KERNEL 26 27 4
PROGRESS_1961_Z9_KERNEL 27 81 4
PROGRESS_1961_Z9_KERNEL 28 243 5
PROGRESS_1961_Z9_KERNEL 29 3 1
PROGRESS_1961_Z9_KERNEL 30 9 2
PROGRESS_1961_Z9_KERNEL 31 9 2
PROGRESS_1961_Z9_KERNEL 32 27 3
PROGRESS_1961_Z9_KERNEL 33 9 3
PROGRESS_1961_Z9_KERNEL 34 27 4
PROGRESS_1961_Z9_KERNEL 35 27 3
PROGRESS_1961_Z9_KERNEL 36 81 4
PROGRESS_1961_Z9_KERNEL 37 27 5
PROGRESS_1961_Z9_KERNEL 38 81 5
PROGRESS_1961_Z9_KERNEL 39 81 5
PROGRESS_1961_Z9_KERNEL 40 243 5
PROGRESS_1961_Z9_KERNEL 41 729 6
PROGRESS_1961_Z9_KERNEL 42 3 1
PROGRESS_1961_Z9_KERNEL 43 24 3
PROGRESS_1961_Z9_KERNEL 44 9 2
PROGRESS_1961_Z9_KERNEL 45 72 4
PROGRESS_1961_Z9_KERNEL 46 3 1
PROGRESS_1961_Z9_KERNEL 47 24 3
PROGRESS_1961_Z9_KERNEL 48 9 2
PROGRESS_1961_Z9_KERNEL 49 72 4
PROGRESS_1961_Z9_KERNEL 50 9 2
PROGRESS_1961_Z9_KERNEL 51 27 3
PROGRESS_1961_Z9_KERNEL 52 216 5
PROGRESS_1961_Z9_KERNEL 53 27 3
PROGRESS_1961_Z9_KERNEL 54 81 4
PROGRESS_1961_Z9_KERNEL 55 648 6
PROGRESS_1961_Z9_KERNEL 56 9 2
PROGRESS_1961_Z9_KERNEL 57 27 3
PROGRESS_1961_Z9_KERNEL 58 216 5
PROGRESS_1961_Z9_KERNEL 59 3 1
PROGRESS_1961_Z9_KERNEL 60 24 3
PROGRESS_1961_Z9_KERNEL 61 9 2
PROGRESS_1961_Z9_KERNEL 62 72 4
PROGRESS_1961_Z9_KERNEL 63 9 2
PROGRESS_1961_Z9_KERNEL 64 9 2
PROGRESS_1961_Z9_KERNEL 65 27 3
PROGRESS_1961_Z9_KERNEL 66 27 3
PROGRESS_1961_Z9_KERNEL 67 81 4
PROGRESS_1961_Z9_KERNEL 68 3 1
PROGRESS_1961_Z9_KERNEL 69 9 2
PROGRESS_1961_Z9_KERNEL 70 24 3
PROGRESS_1961_Z9_KERNEL 71 72 4
PROGRESS_1961_Z9_KERNEL 72 9 3
PROGRESS_1961_Z9_KERNEL 73 27 4
PROGRESS_1961_Z9_KERNEL 74 27 5
PROGRESS_1961_Z9_KERNEL 75 81 5
PROGRESS_1961_Z9_KERNEL 76 216 8
PROGRESS_1961_Z9_KERNEL 77 648 8
PROGRESS_1961_Z9_KERNEL 78 9 2
PROGRESS_1961_Z9_KERNEL 79 27 4
PROGRESS_1961_Z9_KERNEL 80 9 2
PROGRESS_1961_Z9_KERNEL 81 72 4
PROGRESS_1961_Z9_KERNEL 82 72 4
PROGRESS_1961_Z9_KERNEL 83 288 6
PROGRESS_1961_Z9_KERNEL 84 27 3
PROGRESS_1961_Z9_KERNEL 85 9 3
PROGRESS_1961_Z9_KERNEL 86 27 5
PROGRESS_1961_Z9_KERNEL 87 216 8
PROGRESS_1961_Z9_KERNEL 88 27 3
PROGRESS_1961_Z9_KERNEL 89 81 5
PROGRESS_1961_Z9_KERNEL 90 27 4
PROGRESS_1961_Z9_KERNEL 91 81 4
PROGRESS_1961_Z9_KERNEL 92 3 1
PROGRESS_1961_Z9_KERNEL 93 9 2
PROGRESS_1961_Z9_KERNEL 94 27 3
PROGRESS_1961_Z9_KERNEL 95 9 2
PROGRESS_1961_Z9_KERNEL 96 27 3
PROGRESS_1961_Z9_KERNEL 97 81 4
PROGRESS_1961_Z9_KERNEL 98 24 3
PROGRESS_1961_Z9_KERNEL 99 216 5
PROGRESS_1961_Z9_KERNEL 100 72 4
PROGRESS_1961_Z9_KERNEL 101 648 6
PROGRESS_1961_Z9_KERNEL 102 9 2
PROGRESS_1961_Z9_KERNEL 103 27 3
PROGRESS_1961_Z9_KERNEL 104 81 4
PROGRESS_1961_Z9_KERNEL 105 27 4
PROGRESS_1961_Z9_KERNEL 106 81 4
PROGRESS_1961_Z9_KERNEL 107 243 5
PROGRESS_1961_Z9_KERNEL 108 729 6
PROGRESS_1961_Z9_KERNEL 109 5832 8
PROGRESS_1961_Z9_KERNEL 110 9 2
PROGRESS_1961_Z9_KERNEL 111 27 3
PROGRESS_1961_Z9_KERNEL 112 216 5
PROGRESS_1961_Z9_KERNEL 113 27 3
PROGRESS_1961_Z9_KERNEL 114 81 4
PROGRESS_1961_Z9_KERNEL 115 648 6
PROGRESS_1961_Z9_KERNEL 116 27 3
PROGRESS_1961_Z9_KERNEL 117 216 5
PROGRESS_1961_Z9_KERNEL 118 216 5
PROGRESS_1961_Z9_KERNEL 119 5616 8
PROGRESS_1961_Z9_KERNEL 120 9 2
PROGRESS_1961_Z9_KERNEL 121 72 4
PROGRESS_1961_Z9_KERNEL 122 72 4
PROGRESS_1961_Z9_KERNEL 123 288 6
PROGRESS_1961_Z9_KERNEL 124 27 3
PROGRESS_1961_Z9_KERNEL 125 81 4
PROGRESS_1961_Z9_KERNEL 126 648 6
PROGRESS_1961_Z9_KERNEL 127 9 2
PROGRESS_1961_Z9_KERNEL 128 27 3
PROGRESS_1961_Z9_KERNEL 129 27 3
PROGRESS_1961_Z9_KERNEL 130 81 4
PROGRESS_1961_Z9_KERNEL 131 81 5
PROGRESS_1961_Z9_KERNEL 132 243 5
PROGRESS_1961_Z9_KERNEL 133 729 6
PROGRESS_1961_Z9_KERNEL 134 5832 8
PROGRESS_1961_Z9_KERNEL 135 27 3
PROGRESS_1961_Z9_KERNEL 136 81 4
PROGRESS_1961_Z9_KERNEL 137 81 4
PROGRESS_1961_Z9_KERNEL 138 243 5
PROGRESS_1961_Z9_KERNEL 139 729 6
PROGRESS_1961_Z9_KERNEL 140 5832 8
PROGRESS_1961_Z9_KERNEL 141 81 4
PROGRESS_1961_Z9_KERNEL 142 648 6
PROGRESS_1961_Z9_KERNEL 143 27 4
PROGRESS_1961_Z9_KERNEL 144 81 5
PROGRESS_1961_Z9_KERNEL 145 648 8
PROGRESS_1961_Z9_KERNEL 146 81 4
PROGRESS_1961_Z9_KERNEL 147 243 5
PROGRESS_1961_Z9_KERNEL 148 729 6
PROGRESS_1961_Z9_KERNEL 149 5832 8
PROGRESS_1961_Z9_KERNEL 150 243 5
PROGRESS_1961_Z9_KERNEL 151 729 6
PROGRESS_1961_Z9_KERNEL 152 5832 8
PROGRESS_1961_Z9_KERNEL 153 3 1
PROGRESS_1961_Z9_KERNEL 154 9 2
PROGRESS_1961_Z9_KERNEL 155 9 3
PROGRESS_1961_Z9_KERNEL 156 27 4
PROGRESS_1961_Z9_KERNEL 157 27 5
PROGRESS_1961_Z9_KERNEL 158 81 5
PROGRESS_1961_Z9_KERNEL 159 9 2
PROGRESS_1961_Z9_KERNEL 160 27 3
PROGRESS_1961_Z9_KERNEL 161 27 3
PROGRESS_1961_Z9_KERNEL 162 81 4
PROGRESS_1961_Z9_KERNEL 163 81 5
PROGRESS_1961_Z9_KERNEL 164 243 5
PROGRESS_1961_Z9_KERNEL 165 729 6
PROGRESS_1961_Z9_KERNEL 166 24 3
PROGRESS_1961_Z9_KERNEL 167 72 4
PROGRESS_1961_Z9_KERNEL 168 216 8
PROGRESS_1961_Z9_KERNEL 169 648 8
PROGRESS_1961_Z9_KERNEL 170 5832 8
PROGRESS_1961_Z9_KERNEL 171 9 2
PROGRESS_1961_Z9_KERNEL 172 72 4
PROGRESS_1961_Z9_KERNEL 173 72 4
PROGRESS_1961_Z9_KERNEL 174 288 6
PROGRESS_1961_Z9_KERNEL 175 9 2
PROGRESS_1961_Z9_KERNEL 176 27 4
PROGRESS_1961_Z9_KERNEL 177 27 3
PROGRESS_1961_Z9_KERNEL 178 81 4
PROGRESS_1961_Z9_KERNEL 179 81 4
PROGRESS_1961_Z9_KERNEL 180 243 5
PROGRESS_1961_Z9_KERNEL 181 729 6
PROGRESS_1961_Z9_KERNEL 182 5832 8
PROGRESS_1961_Z9_KERNEL 183 27 3
PROGRESS_1961_Z9_KERNEL 184 81 4
PROGRESS_1961_Z9_KERNEL 185 648 6
PROGRESS_1961_Z9_KERNEL 186 9 3
PROGRESS_1961_Z9_KERNEL 187 27 5
PROGRESS_1961_Z9_KERNEL 188 216 8
PROGRESS_1961_Z9_KERNEL 189 27 4
PROGRESS_1961_Z9_KERNEL 190 81 5
PROGRESS_1961_Z9_KERNEL 191 648 8
PROGRESS_1961_Z9_KERNEL 192 27 4
PROGRESS_1961_Z9_KERNEL 193 27 3
PROGRESS_1961_Z9_KERNEL 194 81 5
PROGRESS_1961_Z9_KERNEL 195 81 4
PROGRESS_1961_Z9_KERNEL 196 243 5
PROGRESS_1961_Z9_KERNEL 197 729 6
PROGRESS_1961_Z9_KERNEL 198 5832 8
PROGRESS_1961_Z9_KERNEL 199 81 4
PROGRESS_1961_Z9_KERNEL 200 243 5
PROGRESS_1961_Z9_KERNEL 201 729 6
PROGRESS_1961_Z9_KERNEL 202 5832 8
PROGRESS_1961_Z9_KERNEL 203 27 5
PROGRESS_1961_Z9_KERNEL 204 216 8
PROGRESS_1961_Z9_KERNEL 205 216 8
PROGRESS_1961_Z9_KERNEL 206 5616 13
PROGRESS_1961_Z9_KERNEL 207 81 5
PROGRESS_1961_Z9_KERNEL 208 648 8
PROGRESS_1961_Z9_KERNEL 209 81 5
PROGRESS_1961_Z9_KERNEL 210 648 8
PROGRESS_1961_Z9_KERNEL 211 243 5
PROGRESS_1961_Z9_KERNEL 212 729 6
PROGRESS_1961_Z9_KERNEL 213 5832 8
PROGRESS_1961_Z9_KERNEL 214 729 6
PROGRESS_1961_Z9_KERNEL 215 5832 8
PROGRESS_1961_Z9_KERNEL 216 5832 8
PASS_1961_Z9_KERNELS 217 109693 696168 seconds 29.31566106621176
