TARGET 46001 1 0 0 2 0
TARGET 46002 1 0 0 1 0
TARGET 46003 1 0 0 0 0
TARGET 46004 1 1 0 2 0
TARGET 46005 1 1 0 2 0
TARGET 46006 1 1 0 2 0
TARGET 46007 1 1 0 2 0
TARGET 46008 1 1 0 3 0
TARGET 46009 1 1 0 2 0
TARGET 46010 1 2 0 3 0
TARGET 46011 1 1 0 2 0
TARGET 46012 1 1 0 2 0
TARGET 46013 1 1 0 3 0
TARGET 46014 1 1 0 2 0
TARGET 46015 1 1 0 1 0
TARGET 46016 1 1 0 2 0
TARGET 46017 1 1 0 2 0
TARGET 46018 1 1 0 2 0
TARGET 46019 1 1 0 3 0
TARGET 46020 1 1 0 2 0
TARGET 46021 1 1 0 3 0
TARGET 46022 1 1 0 2 0
TARGET 46023 1 1 0 2 0
TARGET 46024 1 1 0 3 0
TARGET 46025 1 1 0 2 0
TARGET 46026 1 1 0 1 0
TARGET 46027 1 1 0 2 0
TARGET 46028 1 1 0 2 0
TARGET 46029 1 1 0 3 0
TARGET 46030 1 1 0 2 0
TARGET 46031 1 2 0 3 0
TARGET 46032 1 1 0 2 0
TARGET 46033 1 1 0 2 0
TARGET 46034 1 1 0 3 0
TARGET 46035 1 1 0 2 0
TARGET 46036 1 1 0 1 0
TARGET 46037 1 1 0 2 0
TARGET 46038 1 1 0 3 0
TARGET 46039 1 1 0 2 0
TARGET 46040 1 1 0 3 0
TARGET 46041 1 1 0 2 0
TARGET 46042 1 1 0 2 0
TARGET 46043 1 1 0 3 0
TARGET 46044 1 1 0 2 0
TARGET 46045 1 1 0 1 0
TARGET 46046 1 1 0 4 0
TARGET 46047 1 1 0 3 0
TARGET 46048 1 1 0 4 0
TARGET 46049 1 1 0 3 0
TARGET 46050 1 1 0 3 0
TARGET 46051 1 1 0 4 0
TARGET 46052 1 1 0 3 0
TARGET 46053 1 1 0 2 0
TARGET 46054 1 1 0 3 0
TARGET 46055 1 1 0 2 0
TARGET 46056 1 1 0 2 0
TARGET 46057 1 1 0 3 0
TARGET 46058 1 1 0 2 0
TARGET 46059 1 1 0 3 0
TARGET 46060 1 1 0 1 0
TARGET 46061 1 3 0 4 0
TARGET 46062 1 2 0 3 0
TARGET 46063 1 2 0 3 0
TARGET 46064 1 1 0 4 0
TARGET 46065 1 2 0 3 0
TARGET 46066 1 1 0 2 0
TARGET 46067 1 1 0 2 0
TARGET 46068 1 1 0 3 0
TARGET 46069 1 1 0 2 0
TARGET 46070 1 1 0 3 0
TARGET 46071 1 1 0 1 0
TARGET 46072 1 1 0 2 0
TARGET 46073 1 1 0 3 0
TARGET 46074 1 1 0 2 0
TARGET 46075 1 1 0 1 0
TARGET 46076 1 1 0 4 0
TARGET 46077 1 1 0 3 0
TARGET 46078 1 1 0 3 0
TARGET 46079 1 1 0 2 0
TARGET 46080 1 1 0 1 0
TARGET 46081 1 1 0 1 0
TARGET 46082 1 1 0 1 0
TARGET 46083 1 0 0 1 0
TARGET 46084 1 1 0 1 0
TARGET 46085 1 1 0 2 0
TARGET 46086 1 1 0 1 0
TARGET 46087 1 1 0 2 0
TARGET 46088 1 1 0 1 0
TARGET 46089 1 0 0 1 0
TARGET 46090 1 1 0 2 0
TARGET 46091 1 0 0 1 0
TARGET 46092 1 0 0 0 0
TARGET 46093 1 1 0 1 0
TARGET 46094 1 0 0 1 0
TARGET 46095 1 1 0 1 0
TARGET 46096 1 1 0 2 0
TARGET 46097 1 1 0 1 0
TARGET 46098 1 1 0 2 0
TARGET 46099 1 1 0 1 0
TARGET 46100 1 0 0 1 0
TARGET 46101 1 1 0 2 0
TARGET 46102 1 0 0 1 0
TARGET 46103 1 0 0 0 0
TARGET 46104 1 0 0 1 0
TARGET 46105 1 0 0 1 0
TARGET 46106 1 1 0 2 0
TARGET 46107 1 0 0 1 0
TARGET 46108 1 1 0 2 0
TARGET 46109 1 0 0 1 0
TARGET 46110 1 0 0 1 0
TARGET 46111 1 1 0 2 0
TARGET 46112 1 0 0 1 0
TARGET 46113 1 0 0 0 0
TARGET 46114 1 1 0 1 0
TARGET 46115 1 1 0 2 0
TARGET 46116 1 1 0 1 0
TARGET 46117 1 1 0 2 0
TARGET 46118 1 1 0 1 0
TARGET 46119 1 0 0 1 0
TARGET 46120 1 1 0 2 0
TARGET 46121 1 0 0 1 0
TARGET 46122 1 0 0 0 0
TARGET 46123 1 1 0 3 0
TARGET 46124 1 1 0 2 0
TARGET 46125 1 1 0 3 0
TARGET 46126 1 1 0 2 0
TARGET 46127 1 1 0 2 0
TARGET 46128 1 1 0 3 0
TARGET 46129 1 1 0 2 0
TARGET 46130 1 1 0 1 0
TARGET 46131 1 1 0 2 0
TARGET 46132 1 1 0 1 0
TARGET 46133 1 0 0 1 0
TARGET 46134 1 1 0 2 0
TARGET 46135 1 0 0 1 0
TARGET 46136 1 0 0 2 0
TARGET 46137 1 0 0 0 0
TARGET 46138 1 2 0 3 0
TARGET 46139 1 1 0 2 0
TARGET 46140 1 1 0 2 0
TARGET 46141 1 1 0 3 0
TARGET 46142 1 1 0 2 0
TARGET 46143 1 1 0 1 0
TARGET 46144 1 0 0 1 0
TARGET 46145 1 1 0 2 0
TARGET 46146 1 0 0 1 0
TARGET 46147 1 0 0 2 0
TARGET 46148 1 0 0 0 0
TARGET 46149 1 0 0 1 0
TARGET 46150 1 1 0 2 0
TARGET 46151 1 0 0 1 0
TARGET 46152 1 0 0 0 0
TARGET 46153 1 1 0 3 0
TARGET 46154 1 1 0 2 0
TARGET 46155 1 0 0 2 0
TARGET 46156 1 0 0 1 0
TARGET 46157 1 0 0 0 0
TARGET 46158 1 0 0 1 0
TARGET 46159 1 0 0 1 0
TARGET 46160 1 0 0 1 0
TARGET 46161 1 0 0 1 0
TARGET 46162 1 1 0 2 0
TARGET 46163 1 0 0 1 0
TARGET 46164 1 1 0 2 0
TARGET 46165 1 0 0 1 0
TARGET 46166 1 0 0 1 0
TARGET 46167 1 1 0 2 0
TARGET 46168 1 0 0 1 0
TARGET 46169 1 0 0 0 0
TARGET 46170 1 0 0 1 0
TARGET 46171 1 0 0 1 0
TARGET 46172 1 0 0 1 0
TARGET 46173 1 1 0 2 0
TARGET 46174 1 0 0 1 0
TARGET 46175 1 1 0 2 0
TARGET 46176 1 0 0 1 0
TARGET 46177 1 0 0 1 0
TARGET 46178 1 1 0 2 0
TARGET 46179 1 0 0 1 0
TARGET 46180 1 0 0 0 0
TARGET 46181 1 0 0 1 0
TARGET 46182 1 0 0 1 0
TARGET 46183 1 1 0 2 0
TARGET 46184 1 0 0 1 0
TARGET 46185 1 1 0 2 0
TARGET 46186 1 0 0 1 0
TARGET 46187 1 0 0 1 0
TARGET 46188 1 1 0 2 0
TARGET 46189 1 0 0 1 0
TARGET 46190 1 0 0 0 0
TARGET 46191 1 0 0 1 0
TARGET 46192 1 1 0 2 0
TARGET 46193 1 0 0 1 0
TARGET 46194 1 1 0 2 0
TARGET 46195 1 0 0 1 0
TARGET 46196 1 0 0 1 0
TARGET 46197 1 1 0 2 0
TARGET 46198 1 0 0 1 0
TARGET 46199 1 0 0 0 0
TARGET 46200 1 2 0 3 0
TARGET 46201 1 1 0 2 0
TARGET 46202 1 1 0 3 0
TARGET 46203 1 1 0 2 0
TARGET 46204 1 1 0 2 0
TARGET 46205 1 1 0 3 0
TARGET 46206 1 1 0 2 0
TARGET 46207 1 0 0 1 0
TARGET 46208 1 1 0 2 0
TARGET 46209 1 0 0 1 0
TARGET 46210 1 0 0 1 0
TARGET 46211 1 1 0 2 0
TARGET 46212 1 0 0 1 0
TARGET 46213 1 0 0 2 0
TARGET 46214 1 0 0 0 0
TARGET 46215 1 2 0 3 0
TARGET 46216 1 1 0 2 0
TARGET 46217 1 1 0 2 0
TARGET 46218 1 1 0 3 0
TARGET 46219 1 1 0 2 0
TARGET 46220 1 0 0 1 0
TARGET 46221 1 0 0 1 0
TARGET 46222 1 1 0 2 0
TARGET 46223 1 0 0 1 0
TARGET 46224 1 0 0 2 0
TARGET 46225 1 0 0 0 0
TARGET 46226 1 0 0 1 0
TARGET 46227 1 1 0 2 0
TARGET 46228 1 0 0 1 0
TARGET 46229 1 0 0 0 0
TARGET 46230 1 2 0 3 0
TARGET 46231 1 1 0 2 0
TARGET 46232 1 0 0 2 0
TARGET 46233 1 0 0 1 0
TARGET 46234 1 0 0 0 0
TARGET 46235 1 1 0 2 0
TARGET 46236 1 1 0 2 0
TARGET 46237 1 1 0 2 0
TARGET 46238 1 1 0 2 0
TARGET 46239 1 1 0 3 0
TARGET 46240 1 1 0 2 0
TARGET 46241 1 1 0 3 0
TARGET 46242 1 1 0 2 0
TARGET 46243 1 1 0 2 0
TARGET 46244 1 1 0 3 0
TARGET 46245 1 1 0 2 0
TARGET 46246 1 1 0 1 0
TARGET 46247 1 1 0 2 0
TARGET 46248 1 1 0 2 0
TARGET 46249 1 1 0 2 0
TARGET 46250 1 1 0 3 0
TARGET 46251 1 1 0 2 0
TARGET 46252 1 1 0 3 0
TARGET 46253 1 1 0 2 0
TARGET 46254 1 1 0 2 0
TARGET 46255 1 1 0 3 0
TARGET 46256 1 1 0 2 0
TARGET 46257 1 1 0 1 0
TARGET 46258 1 1 0 2 0
TARGET 46259 1 1 0 2 0
TARGET 46260 1 1 0 3 0
TARGET 46261 1 1 0 2 0
TARGET 46262 1 1 0 3 0
TARGET 46263 1 1 0 2 0
TARGET 46264 1 1 0 2 0
TARGET 46265 1 2 0 3 0
TARGET 46266 1 1 0 2 0
TARGET 46267 1 1 0 1 0
TARGET 46268 1 1 0 2 0
TARGET 46269 1 1 0 3 0
TARGET 46270 1 1 0 2 0
TARGET 46271 1 1 0 3 0
TARGET 46272 1 1 0 2 0
TARGET 46273 1 1 0 2 0
TARGET 46274 1 2 0 3 0
TARGET 46275 1 1 0 2 0
TARGET 46276 1 1 0 1 0
TARGET 46277 1 1 0 4 0
TARGET 46278 1 1 0 3 0
TARGET 46279 1 1 0 4 0
TARGET 46280 1 1 0 3 0
TARGET 46281 1 1 0 3 0
TARGET 46282 1 1 0 4 0
TARGET 46283 1 1 0 3 0
TARGET 46284 1 1 0 2 0
TARGET 46285 1 1 0 3 0
TARGET 46286 1 1 0 2 0
TARGET 46287 1 1 0 2 0
TARGET 46288 1 1 0 3 0
TARGET 46289 1 1 0 2 0
TARGET 46290 1 1 0 3 0
TARGET 46291 1 1 0 1 0
TARGET 46292 1 1 0 4 0
TARGET 46293 1 1 0 3 0
TARGET 46294 1 1 0 3 0
TARGET 46295 1 1 0 4 0
TARGET 46296 1 1 0 3 0
TARGET 46297 1 1 0 2 0
TARGET 46298 1 1 0 2 0
TARGET 46299 1 1 0 3 0
TARGET 46300 1 1 0 2 0
TARGET 46301 1 1 0 3 0
TARGET 46302 1 1 0 1 0
TARGET 46303 1 1 0 2 0
TARGET 46304 1 2 0 3 0
TARGET 46305 1 1 0 2 0
TARGET 46306 1 1 0 1 0
TARGET 46307 1 3 0 4 0
TARGET 46308 1 2 0 3 0
TARGET 46309 1 1 0 3 0
TARGET 46310 1 1 0 2 0
TARGET 46311 1 1 0 1 0
TARGET 46312 1 0 0 1 0
TARGET 46313 1 1 0 1 0
TARGET 46314 1 1 0 1 0
TARGET 46315 1 1 0 1 0
TARGET 46316 1 0 0 1 0
TARGET 46317 1 0 0 1 0
TARGET 46318 1 0 0 1 0
TARGET 46319 1 0 0 1 0
TARGET 46320 1 1 0 2 0
TARGET 46321 1 0 0 1 0
TARGET 46322 1 1 0 2 0
TARGET 46323 1 0 0 1 0
TARGET 46324 1 0 0 1 0
TARGET 46325 1 1 0 2 0
TARGET 46326 1 0 0 1 0
TARGET 46327 1 1 0 1 0
TARGET 46328 1 0 0 1 0
TARGET 46329 1 1 0 1 0
TARGET 46330 1 1 0 2 0
TARGET 46331 1 1 0 1 0
TARGET 46332 1 1 0 2 0
TARGET 46333 1 1 0 1 0
TARGET 46334 1 0 0 1 0
TARGET 46335 1 1 0 2 0
TARGET 46336 1 0 0 1 0
TARGET 46337 1 1 0 1 0
TARGET 46338 1 1 0 1 0
TARGET 46339 1 0 0 1 0
TARGET 46340 1 0 0 1 0
TARGET 46341 1 1 0 1 0
TARGET 46342 1 1 0 2 0
TARGET 46343 1 1 0 1 0
TARGET 46344 1 1 0 2 0
TARGET 46345 1 1 0 1 0
TARGET 46346 1 0 0 1 0
TARGET 46347 1 1 0 2 0
TARGET 46348 1 0 0 1 0
TARGET 46349 1 0 0 1 0
TARGET 46350 1 1 0 1 0
TARGET 46351 1 1 0 2 0
TARGET 46352 1 1 0 1 0
TARGET 46353 1 1 0 2 0
TARGET 46354 1 1 0 1 0
TARGET 46355 1 0 0 1 0
TARGET 46356 1 1 0 2 0
TARGET 46357 1 0 0 1 0
TARGET 46358 1 0 0 1 0
TARGET 46359 1 0 0 1 0
TARGET 46360 1 1 0 2 0
TARGET 46361 1 0 0 1 0
TARGET 46362 1 1 0 2 0
TARGET 46363 1 0 0 1 0
TARGET 46364 1 0 0 1 0
TARGET 46365 1 1 0 2 0
TARGET 46366 1 0 0 1 0
TARGET 46367 1 0 0 0 0
TARGET 46368 1 0 0 0 0
TARGET 46369 1 0 0 0 0
TARGET 46370 1 0 0 0 0
TARGET 46371 1 0 0 0 0
TARGET 46372 1 0 0 1 0
TARGET 46373 1 0 0 1 0
TARGET 46374 1 0 0 1 0
TARGET 46375 1 1 0 2 0
TARGET 46376 1 0 0 1 0
TARGET 46377 1 1 0 2 0
TARGET 46378 1 0 0 1 0
TARGET 46379 1 0 0 1 0
TARGET 46380 1 1 0 2 0
TARGET 46381 1 0 0 1 0
TARGET 46382 1 0 0 0 0
TARGET 46383 1 0 0 1 0
TARGET 46384 1 0 0 1 0
TARGET 46385 1 1 0 2 0
TARGET 46386 1 0 0 1 0
TARGET 46387 1 1 0 2 0
TARGET 46388 1 0 0 1 0
TARGET 46389 1 0 0 1 0
TARGET 46390 1 1 0 2 0
TARGET 46391 1 0 0 1 0
TARGET 46392 1 0 0 0 0
TARGET 46393 1 0 0 1 0
TARGET 46394 1 1 0 2 0
TARGET 46395 1 0 0 1 0
TARGET 46396 1 1 0 2 0
TARGET 46397 1 0 0 1 0
TARGET 46398 1 0 0 1 0
TARGET 46399 1 1 0 2 0
TARGET 46400 1 0 0 1 0
TARGET 46401 1 0 0 0 0
TARGET 46402 1 2 0 3 0
TARGET 46403 1 1 0 2 0
TARGET 46404 1 1 0 3 0
TARGET 46405 1 1 0 2 0
TARGET 46406 1 1 0 2 0
TARGET 46407 1 1 0 3 0
TARGET 46408 1 1 0 2 0
TARGET 46409 1 0 0 1 0
TARGET 46410 1 1 0 2 0
TARGET 46411 1 0 0 1 0
TARGET 46412 1 0 0 1 0
TARGET 46413 1 1 0 2 0
TARGET 46414 1 0 0 1 0
TARGET 46415 1 0 0 2 0
TARGET 46416 1 0 0 0 0
TARGET 46417 1 2 0 3 0
TARGET 46418 1 1 0 2 0
TARGET 46419 1 1 0 2 0
TARGET 46420 1 1 0 3 0
TARGET 46421 1 1 0 2 0
TARGET 46422 1 0 0 1 0
TARGET 46423 1 0 0 1 0
TARGET 46424 1 1 0 2 0
TARGET 46425 1 0 0 1 0
TARGET 46426 1 0 0 2 0
TARGET 46427 1 0 0 0 0
TARGET 46428 1 0 0 1 0
TARGET 46429 1 1 0 2 0
TARGET 46430 1 0 0 1 0
TARGET 46431 1 0 0 0 0
TARGET 46432 1 2 0 3 0
TARGET 46433 1 1 0 2 0
TARGET 46434 1 0 0 2 0
TARGET 46435 1 0 0 1 0
TARGET 46436 1 0 0 0 0
TARGET 46437 1 1 0 1 0
TARGET 46438 1 0 0 1 0
TARGET 46439 1 1 0 1 0
TARGET 46440 1 1 0 2 0
TARGET 46441 1 1 0 1 0
TARGET 46442 1 1 0 2 0
TARGET 46443 1 1 0 1 0
TARGET 46444 1 0 0 1 0
TARGET 46445 1 1 0 2 0
TARGET 46446 1 0 0 1 0
TARGET 46447 1 0 0 0 0
TARGET 46448 1 0 0 1 0
TARGET 46449 1 0 0 1 0
TARGET 46450 1 1 0 2 0
TARGET 46451 1 0 0 1 0
TARGET 46452 1 1 0 2 0
TARGET 46453 1 0 0 1 0
TARGET 46454 1 0 0 1 0
TARGET 46455 1 1 0 2 0
TARGET 46456 1 0 0 1 0
TARGET 46457 1 0 0 0 0
TARGET 46458 1 1 0 1 0
TARGET 46459 1 1 0 2 0
TARGET 46460 1 1 0 1 0
TARGET 46461 1 1 0 2 0
TARGET 46462 1 1 0 1 0
TARGET 46463 1 0 0 1 0
TARGET 46464 1 1 0 2 0
TARGET 46465 1 0 0 1 0
TARGET 46466 1 0 0 0 0
TARGET 46467 1 1 0 3 0
TARGET 46468 1 1 0 2 0
TARGET 46469 1 1 0 3 0
TARGET 46470 1 1 0 2 0
TARGET 46471 1 1 0 2 0
TARGET 46472 1 1 0 3 0
TARGET 46473 1 1 0 2 0
TARGET 46474 1 1 0 1 0
TARGET 46475 1 1 0 2 0
TARGET 46476 1 1 0 1 0
TARGET 46477 1 0 0 1 0
TARGET 46478 1 1 0 2 0
TARGET 46479 1 0 0 1 0
TARGET 46480 1 0 0 2 0
TARGET 46481 1 0 0 0 0
TARGET 46482 1 1 0 3 0
TARGET 46483 1 1 0 2 0
TARGET 46484 1 1 0 2 0
TARGET 46485 1 1 0 3 0
TARGET 46486 1 1 0 2 0
TARGET 46487 1 1 0 1 0
TARGET 46488 1 0 0 1 0
TARGET 46489 1 1 0 2 0
TARGET 46490 1 0 0 1 0
TARGET 46491 1 0 0 2 0
TARGET 46492 1 0 0 0 0
TARGET 46493 1 0 0 1 0
TARGET 46494 1 1 0 2 0
TARGET 46495 1 0 0 1 0
TARGET 46496 1 0 0 0 0
TARGET 46497 1 2 0 3 0
TARGET 46498 1 1 0 2 0
TARGET 46499 1 0 0 2 0
TARGET 46500 1 0 0 1 0
TARGET 46501 1 0 0 0 0
TARGET 46502 1 1 0 1 0
TARGET 46503 1 1 0 1 0
TARGET 46504 1 0 0 1 0
TARGET 46505 1 0 0 1 0
TARGET 46506 1 1 0 1 0
TARGET 46507 1 1 0 2 0
TARGET 46508 1 1 0 1 0
TARGET 46509 1 1 0 2 0
TARGET 46510 1 1 0 1 0
TARGET 46511 1 0 0 1 0
TARGET 46512 1 1 0 2 0
TARGET 46513 1 0 0 1 0
TARGET 46514 1 0 0 1 0
TARGET 46515 1 1 0 1 0
TARGET 46516 1 1 0 2 0
TARGET 46517 1 1 0 1 0
TARGET 46518 1 1 0 2 0
TARGET 46519 1 1 0 1 0
TARGET 46520 1 0 0 1 0
TARGET 46521 1 1 0 2 0
TARGET 46522 1 0 0 1 0
TARGET 46523 1 0 0 1 0
TARGET 46524 1 0 0 1 0
TARGET 46525 1 1 0 2 0
TARGET 46526 1 0 0 1 0
TARGET 46527 1 1 0 2 0
TARGET 46528 1 0 0 1 0
TARGET 46529 1 0 0 1 0
TARGET 46530 1 1 0 2 0
TARGET 46531 1 0 0 1 0
TARGET 46532 1 0 0 0 0
TARGET 46533 1 0 0 0 0
TARGET 46534 1 0 0 0 0
TARGET 46535 1 0 0 1 0
TARGET 46536 1 0 0 1 0
TARGET 46537 1 1 0 2 0
TARGET 46538 1 0 0 1 0
TARGET 46539 1 1 0 2 0
TARGET 46540 1 0 0 1 0
TARGET 46541 1 0 0 1 0
TARGET 46542 1 1 0 2 0
TARGET 46543 1 0 0 1 0
TARGET 46544 1 0 0 0 0
TARGET 46545 1 1 0 1 0
TARGET 46546 1 1 0 2 0
TARGET 46547 1 1 0 1 0
TARGET 46548 1 1 0 2 0
TARGET 46549 1 1 0 1 0
TARGET 46550 1 0 0 1 0
TARGET 46551 1 1 0 2 0
TARGET 46552 1 0 0 1 0
TARGET 46553 1 0 0 0 0
TARGET 46554 1 1 0 3 0
TARGET 46555 1 1 0 2 0
TARGET 46556 1 1 0 3 0
TARGET 46557 1 1 0 2 0
TARGET 46558 1 1 0 2 0
TARGET 46559 1 1 0 3 0
TARGET 46560 1 1 0 2 0
TARGET 46561 1 1 0 1 0
TARGET 46562 1 1 0 2 0
TARGET 46563 1 1 0 1 0
TARGET 46564 1 0 0 1 0
TARGET 46565 1 1 0 2 0
TARGET 46566 1 0 0 1 0
TARGET 46567 1 0 0 2 0
TARGET 46568 1 0 0 0 0
TARGET 46569 1 2 0 3 0
TARGET 46570 1 1 0 2 0
TARGET 46571 1 1 0 2 0
TARGET 46572 1 1 0 3 0
TARGET 46573 1 1 0 2 0
TARGET 46574 1 1 0 1 0
TARGET 46575 1 0 0 1 0
TARGET 46576 1 1 0 2 0
TARGET 46577 1 0 0 1 0
TARGET 46578 1 0 0 2 0
TARGET 46579 1 0 0 0 0
TARGET 46580 1 0 0 1 0
TARGET 46581 1 1 0 2 0
TARGET 46582 1 0 0 1 0
TARGET 46583 1 0 0 0 0
TARGET 46584 1 1 0 3 0
TARGET 46585 1 1 0 2 0
TARGET 46586 1 0 0 2 0
TARGET 46587 1 0 0 1 0
TARGET 46588 1 0 0 0 0
TARGET 46589 1 0 0 1 0
TARGET 46590 1 0 0 1 0
TARGET 46591 1 1 0 2 0
TARGET 46592 1 0 0 1 0
TARGET 46593 1 1 0 2 0
TARGET 46594 1 0 0 1 0
TARGET 46595 1 0 0 1 0
TARGET 46596 1 1 0 2 0
TARGET 46597 1 0 0 1 0
TARGET 46598 1 0 0 0 0
TARGET 46599 1 1 0 1 0
TARGET 46600 1 1 0 2 0
TARGET 46601 1 1 0 1 0
TARGET 46602 1 1 0 2 0
TARGET 46603 1 1 0 1 0
TARGET 46604 1 0 0 1 0
TARGET 46605 1 1 0 2 0
TARGET 46606 1 0 0 1 0
TARGET 46607 1 0 0 0 0
TARGET 46608 1 2 0 3 0
TARGET 46609 1 1 0 2 0
TARGET 46610 1 1 0 3 0
TARGET 46611 1 1 0 2 0
TARGET 46612 1 1 0 2 0
TARGET 46613 1 1 0 3 0
TARGET 46614 1 1 0 2 0
TARGET 46615 1 1 0 1 0
TARGET 46616 1 1 0 2 0
TARGET 46617 1 1 0 1 0
TARGET 46618 1 0 0 1 0
TARGET 46619 1 1 0 2 0
TARGET 46620 1 0 0 1 0
TARGET 46621 1 0 0 2 0
TARGET 46622 1 0 0 0 0
TARGET 46623 1 1 0 3 0
TARGET 46624 1 1 0 2 0
TARGET 46625 1 1 0 2 0
TARGET 46626 1 1 0 3 0
TARGET 46627 1 1 0 2 0
TARGET 46628 1 1 0 1 0
TARGET 46629 1 0 0 1 0
TARGET 46630 1 1 0 2 0
TARGET 46631 1 0 0 1 0
TARGET 46632 1 0 0 2 0
TARGET 46633 1 0 0 0 0
TARGET 46634 1 0 0 1 0
TARGET 46635 1 1 0 2 0
TARGET 46636 1 0 0 1 0
TARGET 46637 1 0 0 0 0
TARGET 46638 1 1 0 3 0
TARGET 46639 1 1 0 2 0
TARGET 46640 1 0 0 2 0
TARGET 46641 1 0 0 1 0
TARGET 46642 1 0 0 0 0
TARGET 46643 1 0 0 1 0
TARGET 46644 1 0 0 1 0
TARGET 46645 1 1 0 2 0
TARGET 46646 1 0 0 1 0
TARGET 46647 1 1 0 2 0
TARGET 46648 1 0 0 1 0
TARGET 46649 1 0 0 1 0
TARGET 46650 1 1 0 2 0
TARGET 46651 1 0 0 1 0
TARGET 46652 1 0 0 0 0
TARGET 46653 1 0 0 1 0
TARGET 46654 1 1 0 2 0
TARGET 46655 1 0 0 1 0
TARGET 46656 1 1 0 2 0
TARGET 46657 1 0 0 1 0
TARGET 46658 1 0 0 1 0
TARGET 46659 1 1 0 2 0
TARGET 46660 1 0 0 1 0
TARGET 46661 1 0 0 0 0
TARGET 46662 1 2 0 3 0
TARGET 46663 1 1 0 2 0
TARGET 46664 1 1 0 3 0
TARGET 46665 1 1 0 2 0
TARGET 46666 1 1 0 2 0
TARGET 46667 1 1 0 3 0
TARGET 46668 1 1 0 2 0
TARGET 46669 1 0 0 1 0
TARGET 46670 1 1 0 2 0
TARGET 46671 1 0 0 1 0
TARGET 46672 1 0 0 1 0
TARGET 46673 1 1 0 2 0
TARGET 46674 1 0 0 1 0
TARGET 46675 1 0 0 2 0
TARGET 46676 1 0 0 0 0
TARGET 46677 1 2 0 3 0
TARGET 46678 1 1 0 2 0
TARGET 46679 1 1 0 2 0
TARGET 46680 1 1 0 3 0
TARGET 46681 1 1 0 2 0
TARGET 46682 1 0 0 1 0
TARGET 46683 1 0 0 1 0
TARGET 46684 1 1 0 2 0
TARGET 46685 1 0 0 1 0
TARGET 46686 1 0 0 2 0
TARGET 46687 1 0 0 0 0
TARGET 46688 1 0 0 1 0
TARGET 46689 1 1 0 2 0
TARGET 46690 1 0 0 1 0
TARGET 46691 1 0 0 0 0
TARGET 46692 1 2 0 3 0
TARGET 46693 1 1 0 2 0
TARGET 46694 1 0 0 2 0
TARGET 46695 1 0 0 1 0
TARGET 46696 1 0 0 0 0
TARGET 46697 1 0 0 1 0
TARGET 46698 1 0 0 1 0
TARGET 46699 1 0 0 1 0
TARGET 46700 1 0 0 1 0
TARGET 46701 1 0 0 1 0
TARGET 46702 1 0 0 1 0
TARGET 46703 1 1 0 2 0
TARGET 46704 1 0 0 1 0
TARGET 46705 1 0 0 1 0
TARGET 46706 1 1 0 2 0
TARGET 46707 1 0 0 1 0
TARGET 46708 1 1 0 2 0
TARGET 46709 1 0 0 1 0
TARGET 46710 1 0 0 0 0
TARGET 46711 1 0 0 1 0
TARGET 46712 1 0 0 1 0
TARGET 46713 1 0 0 1 0
TARGET 46714 1 0 0 1 0
TARGET 46715 1 0 0 1 0
TARGET 46716 1 1 0 2 0
TARGET 46717 1 0 0 1 0
TARGET 46718 1 0 0 1 0
TARGET 46719 1 1 0 2 0
TARGET 46720 1 0 0 1 0
TARGET 46721 1 1 0 2 0
TARGET 46722 1 0 0 1 0
TARGET 46723 1 0 0 0 0
TARGET 46724 1 0 0 1 0
TARGET 46725 1 0 0 1 0
TARGET 46726 1 0 0 1 0
TARGET 46727 1 0 0 1 0
TARGET 46728 1 1 0 2 0
TARGET 46729 1 0 0 1 0
TARGET 46730 1 0 0 1 0
TARGET 46731 1 1 0 2 0
TARGET 46732 1 0 0 1 0
TARGET 46733 1 1 0 2 0
TARGET 46734 1 0 0 1 0
TARGET 46735 1 0 0 0 0
TARGET 46736 1 0 0 1 0
TARGET 46737 1 0 0 1 0
TARGET 46738 1 0 0 1 0
TARGET 46739 1 1 0 2 0
TARGET 46740 1 0 0 1 0
TARGET 46741 1 0 0 1 0
TARGET 46742 1 1 0 2 0
TARGET 46743 1 0 0 1 0
TARGET 46744 1 1 0 2 0
TARGET 46745 1 0 0 1 0
TARGET 46746 1 0 0 0 0
TARGET 46747 1 0 0 1 0
TARGET 46748 1 0 0 1 0
TARGET 46749 1 1 0 2 0
TARGET 46750 1 0 0 1 0
TARGET 46751 1 0 0 1 0
TARGET 46752 1 1 0 2 0
TARGET 46753 1 0 0 1 0
TARGET 46754 1 1 0 2 0
TARGET 46755 1 0 0 1 0
TARGET 46756 1 0 0 0 0
TARGET 46757 1 0 0 1 0
TARGET 46758 1 1 0 2 0
TARGET 46759 1 0 0 1 0
TARGET 46760 1 0 0 1 0
TARGET 46761 1 1 0 2 0
TARGET 46762 1 0 0 1 0
TARGET 46763 1 1 0 2 0
TARGET 46764 1 0 0 1 0
TARGET 46765 1 0 0 0 0
TARGET 46766 1 2 0 3 0
TARGET 46767 1 1 0 2 0
TARGET 46768 1 1 0 2 0
TARGET 46769 1 1 0 3 0
TARGET 46770 1 1 0 2 0
TARGET 46771 1 1 0 3 0
TARGET 46772 1 1 0 2 0
TARGET 46773 1 0 0 1 0
TARGET 46774 1 0 0 1 0
TARGET 46775 1 1 0 2 0
TARGET 46776 1 0 0 1 0
TARGET 46777 1 1 0 2 0
TARGET 46778 1 0 0 1 0
TARGET 46779 1 0 0 2 0
TARGET 46780 1 0 0 0 0
TARGET 46781 1 0 0 1 0
TARGET 46782 1 1 0 2 0
TARGET 46783 1 0 0 1 0
TARGET 46784 1 1 0 2 0
TARGET 46785 1 0 0 1 0
TARGET 46786 1 0 0 0 0
TARGET 46787 1 2 0 3 0
TARGET 46788 1 1 0 2 0
TARGET 46789 1 1 0 3 0
TARGET 46790 1 1 0 2 0
TARGET 46791 1 0 0 2 0
TARGET 46792 1 0 0 1 0
TARGET 46793 1 1 0 2 0
TARGET 46794 1 0 0 1 0
TARGET 46795 1 0 0 0 0
TARGET 46796 1 2 0 3 0
TARGET 46797 1 1 0 2 0
TARGET 46798 1 0 0 2 0
TARGET 46799 1 0 0 1 0
TARGET 46800 1 0 0 0 0
TARGET 46801 1 1 0 1 0
TARGET 46802 1 0 0 1 0
TARGET 46803 1 1 0 2 0
TARGET 46804 1 1 0 1 0
TARGET 46805 1 1 0 1 0
TARGET 46806 1 1 0 1 0
TARGET 46807 1 1 0 2 0
TARGET 46808 1 0 0 1 0
TARGET 46809 1 1 0 2 0
TARGET 46810 1 1 0 1 0
TARGET 46811 1 0 0 1 0
TARGET 46812 1 1 0 1 0
TARGET 46813 1 0 0 1 0
TARGET 46814 1 1 0 2 0
TARGET 46815 1 1 0 1 0
TARGET 46816 1 1 0 1 0
TARGET 46817 1 1 0 2 0
TARGET 46818 1 0 0 1 0
TARGET 46819 1 1 0 2 0
TARGET 46820 1 0 0 1 0
TARGET 46821 1 0 0 1 0
TARGET 46822 1 1 0 1 0
TARGET 46823 1 1 0 1 0
TARGET 46824 1 1 0 1 0
TARGET 46825 1 0 0 0 0
TARGET 46826 1 0 0 1 0
TARGET 46827 1 0 0 1 0
TARGET 46828 1 0 0 1 0
TARGET 46829 1 0 0 1 0
TARGET 46830 1 0 0 1 0
TARGET 46831 1 1 0 2 0
TARGET 46832 1 0 0 1 0
TARGET 46833 1 0 0 1 0
TARGET 46834 1 1 0 2 0
TARGET 46835 1 0 0 1 0
TARGET 46836 1 1 0 2 0
TARGET 46837 1 0 0 1 0
TARGET 46838 1 1 0 2 0
TARGET 46839 1 1 0 2 0
TARGET 46840 1 1 0 2 0
TARGET 46841 1 1 0 2 0
TARGET 46842 1 1 0 2 0
TARGET 46843 1 1 0 3 0
TARGET 46844 1 1 0 2 0
TARGET 46845 1 1 0 2 0
TARGET 46846 1 1 0 3 0
TARGET 46847 1 1 0 2 0
TARGET 46848 1 1 0 3 0
TARGET 46849 1 1 0 2 0
TARGET 46850 1 1 0 1 0
TARGET 46851 1 1 0 1 0
TARGET 46852 1 0 0 1 0
TARGET 46853 1 1 0 1 0
TARGET 46854 1 0 0 1 0
TARGET 46855 1 1 0 2 0
TARGET 46856 1 1 0 1 0
TARGET 46857 1 1 0 1 0
TARGET 46858 1 1 0 2 0
TARGET 46859 1 0 0 1 0
TARGET 46860 1 1 0 2 0
TARGET 46861 1 0 0 1 0
TARGET 46862 1 1 0 1 0
TARGET 46863 1 1 0 1 0
TARGET 46864 1 1 0 2 0
TARGET 46865 1 1 0 1 0
TARGET 46866 1 0 0 1 0
TARGET 46867 1 1 0 1 0
TARGET 46868 1 0 0 1 0
TARGET 46869 1 1 0 2 0
TARGET 46870 1 1 0 1 0
TARGET 46871 1 1 0 1 0
TARGET 46872 1 1 0 2 0
TARGET 46873 1 0 0 1 0
TARGET 46874 1 1 0 2 0
TARGET 46875 1 0 0 1 0
TARGET 46876 1 0 0 1 0
TARGET 46877 1 1 0 2 0
TARGET 46878 1 1 0 1 0
TARGET 46879 1 0 0 1 0
TARGET 46880 1 1 0 1 0
TARGET 46881 1 0 0 1 0
TARGET 46882 1 1 0 2 0
TARGET 46883 1 1 0 1 0
TARGET 46884 1 1 0 1 0
TARGET 46885 1 1 0 2 0
TARGET 46886 1 0 0 1 0
TARGET 46887 1 1 0 2 0
TARGET 46888 1 0 0 1 0
TARGET 46889 1 0 0 1 0
TARGET 46890 1 1 0 1 0
TARGET 46891 1 1 0 1 0
TARGET 46892 1 1 0 1 0
TARGET 46893 1 0 0 0 0
TARGET 46894 1 1 0 2 0
TARGET 46895 1 1 0 2 0
TARGET 46896 1 1 0 2 0
TARGET 46897 1 1 0 2 0
TARGET 46898 1 1 0 3 0
TARGET 46899 1 1 0 2 0
TARGET 46900 1 1 0 2 0
TARGET 46901 1 1 0 3 0
TARGET 46902 1 1 0 2 0
TARGET 46903 1 1 0 3 0
TARGET 46904 1 1 0 2 0
TARGET 46905 1 0 0 1 0
TARGET 46906 1 0 0 1 0
TARGET 46907 1 0 0 1 0
TARGET 46908 1 0 0 1 0
TARGET 46909 1 1 0 2 0
TARGET 46910 1 0 0 1 0
TARGET 46911 1 0 0 1 0
TARGET 46912 1 1 0 2 0
TARGET 46913 1 0 0 1 0
TARGET 46914 1 1 0 2 0
TARGET 46915 1 0 0 1 0
TARGET 46916 1 1 0 2 0
TARGET 46917 1 1 0 2 0
TARGET 46918 1 1 0 2 0
TARGET 46919 1 1 0 2 0
TARGET 46920 1 1 0 3 0
TARGET 46921 1 1 0 2 0
TARGET 46922 1 1 0 2 0
TARGET 46923 1 1 0 3 0
TARGET 46924 1 1 0 2 0
TARGET 46925 1 2 0 3 0
TARGET 46926 1 1 0 2 0
TARGET 46927 1 1 0 1 0
TARGET 46928 1 0 0 1 0
TARGET 46929 1 1 0 1 0
TARGET 46930 1 0 0 1 0
TARGET 46931 1 1 0 2 0
TARGET 46932 1 1 0 1 0
TARGET 46933 1 1 0 1 0
TARGET 46934 1 1 0 2 0
TARGET 46935 1 0 0 1 0
TARGET 46936 1 1 0 2 0
TARGET 46937 1 0 0 1 0
TARGET 46938 1 0 0 0 0
TARGET 46939 1 0 0 1 0
TARGET 46940 1 0 0 1 0
TARGET 46941 1 0 0 1 0
TARGET 46942 1 1 0 2 0
TARGET 46943 1 0 0 1 0
TARGET 46944 1 0 0 1 0
TARGET 46945 1 1 0 2 0
TARGET 46946 1 0 0 1 0
TARGET 46947 1 1 0 2 0
TARGET 46948 1 0 0 1 0
TARGET 46949 1 0 0 0 0
TARGET 46950 1 1 0 1 0
TARGET 46951 1 0 0 1 0
TARGET 46952 1 1 0 2 0
TARGET 46953 1 1 0 1 0
TARGET 46954 1 1 0 1 0
TARGET 46955 1 1 0 2 0
TARGET 46956 1 0 0 1 0
TARGET 46957 1 1 0 2 0
TARGET 46958 1 0 0 1 0
TARGET 46959 1 0 0 0 0
TARGET 46960 1 0 0 1 0
TARGET 46961 1 1 0 2 0
TARGET 46962 1 0 0 1 0
TARGET 46963 1 0 0 1 0
TARGET 46964 1 1 0 2 0
TARGET 46965 1 0 0 1 0
TARGET 46966 1 1 0 2 0
TARGET 46967 1 0 0 1 0
TARGET 46968 1 0 0 0 0
TARGET 46969 1 1 0 3 0
TARGET 46970 1 1 0 2 0
TARGET 46971 1 1 0 2 0
TARGET 46972 1 1 0 3 0
TARGET 46973 1 1 0 2 0
TARGET 46974 1 1 0 3 0
TARGET 46975 1 1 0 2 0
TARGET 46976 1 1 0 1 0
TARGET 46977 1 1 0 1 0
TARGET 46978 1 1 0 2 0
TARGET 46979 1 0 0 1 0
TARGET 46980 1 1 0 2 0
TARGET 46981 1 0 0 1 0
TARGET 46982 1 0 0 2 0
TARGET 46983 1 0 0 0 0
TARGET 46984 1 1 0 1 0
TARGET 46985 1 1 0 2 0
TARGET 46986 1 0 0 1 0
TARGET 46987 1 1 0 2 0
TARGET 46988 1 0 0 1 0
TARGET 46989 1 0 0 0 0
TARGET 46990 1 1 0 3 0
TARGET 46991 1 1 0 2 0
TARGET 46992 1 1 0 3 0
TARGET 46993 1 1 0 2 0
TARGET 46994 1 0 0 2 0
TARGET 46995 1 0 0 1 0
TARGET 46996 1 1 0 2 0
TARGET 46997 1 0 0 1 0
TARGET 46998 1 0 0 0 0
TARGET 46999 1 2 0 3 0
TARGET 47000 1 1 0 2 0
PASS_1962_MONOMIAL_INTERVAL 46001 47000 1000 0
