TARGET 2001 1 0 0 1 0
TARGET 2002 1 0 0 1 0
TARGET 2003 1 0 0 1 0
TARGET 2004 1 0 0 0 0
TARGET 2005 1 2 0 3 0
TARGET 2006 1 1 0 2 0
TARGET 2007 1 1 0 2 0
TARGET 2008 1 1 0 2 0
TARGET 2009 1 1 0 2 0
TARGET 2010 1 2 0 3 0
TARGET 2011 1 1 0 2 0
TARGET 2012 1 1 0 2 0
TARGET 2013 1 1 0 2 0
TARGET 2014 1 1 0 2 0
TARGET 2015 1 1 0 2 0
TARGET 2016 1 0 0 1 0
TARGET 2017 1 0 0 1 0
TARGET 2018 1 0 0 1 0
TARGET 2019 1 0 0 1 0
TARGET 2020 1 0 0 1 0
TARGET 2021 1 0 0 1 0
TARGET 2022 1 0 0 1 0
TARGET 2023 1 0 0 1 0
TARGET 2024 1 0 0 1 0
TARGET 2025 1 0 0 1 0
TARGET 2026 1 0 0 1 0
TARGET 2027 1 1 0 1 0
TARGET 2028 1 1 0 2 0
TARGET 2029 1 0 0 2 0
TARGET 2030 1 0 0 1 0
TARGET 2031 1 0 0 1 0
TARGET 2032 1 0 0 1 0
TARGET 2033 1 0 0 1 0
TARGET 2034 1 0 0 1 0
TARGET 2035 1 1 0 2 0
TARGET 2036 1 0 0 1 0
TARGET 2037 1 1 0 2 0
TARGET 2038 1 0 0 1 0
TARGET 2039 1 1 0 2 0
TARGET 2040 1 0 0 1 0
TARGET 2041 1 1 0 2 0
TARGET 2042 1 1 0 1 0
TARGET 2043 1 0 0 1 0
TARGET 2044 1 0 0 1 0
TARGET 2045 1 0 0 1 0
TARGET 2046 1 0 0 1 0
TARGET 2047 1 0 0 0 0
TARGET 2048 1 0 0 1 0
TARGET 2049 1 0 0 1 0
TARGET 2050 1 0 0 1 0
TARGET 2051 1 0 0 1 0
TARGET 2052 1 0 0 0 0
TARGET 2053 1 0 0 1 0
TARGET 2054 1 0 0 1 0
TARGET 2055 1 0 0 1 0
TARGET 2056 1 0 0 0 0
TARGET 2057 1 0 0 1 0
TARGET 2058 1 0 0 1 0
TARGET 2059 1 0 0 0 0
TARGET 2060 1 0 0 1 0
TARGET 2061 1 0 0 0 0
TARGET 2062 1 0 0 0 0
TARGET 2063 1 0 0 0 0
TARGET 2064 1 0 0 0 0
TARGET 2065 1 0 0 0 0
TARGET 2066 1 1 0 1 0
TARGET 2067 1 2 0 3 0
TARGET 2068 1 2 0 3 0
TARGET 2069 1 2 0 3 0
TARGET 2070 1 2 0 3 0
TARGET 2071 1 3 0 4 0
TARGET 2072 1 1 0 2 0
TARGET 2073 1 1 0 2 0
TARGET 2074 1 1 0 2 0
TARGET 2075 1 1 0 2 0
TARGET 2076 1 1 0 2 0
TARGET 2077 1 1 0 2 0
TARGET 2078 1 1 0 2 0
TARGET 2079 1 1 0 2 0
TARGET 2080 1 1 0 2 0
TARGET 2081 1 1 0 2 0
TARGET 2082 1 1 0 2 0
TARGET 2083 1 1 0 2 0
TARGET 2084 1 2 0 3 0
TARGET 2085 1 1 0 2 0
TARGET 2086 1 1 0 2 0
TARGET 2087 1 1 0 2 0
TARGET 2088 1 1 0 2 0
TARGET 2089 1 1 0 2 0
TARGET 2090 1 2 0 3 0
TARGET 2091 1 1 0 2 0
TARGET 2092 1 2 0 3 0
TARGET 2093 1 1 0 2 0
TARGET 2094 1 2 0 3 0
TARGET 2095 1 1 0 2 0
TARGET 2096 1 2 0 3 0
TARGET 2097 1 0 0 2 0
TARGET 2098 1 0 0 2 0
TARGET 2099 1 0 0 2 0
TARGET 2100 1 0 0 2 0
TARGET 2101 1 1 0 3 0
TARGET 2102 1 0 0 1 0
TARGET 2103 1 0 0 1 0
TARGET 2104 1 0 0 1 0
TARGET 2105 1 0 0 1 0
TARGET 2106 1 0 0 1 0
TARGET 2107 1 0 0 0 0
TARGET 2108 1 0 0 1 0
TARGET 2109 1 0 0 1 0
TARGET 2110 1 0 0 1 0
TARGET 2111 1 0 0 1 0
TARGET 2112 1 0 0 0 0
TARGET 2113 1 0 0 1 0
TARGET 2114 1 0 0 1 0
TARGET 2115 1 0 0 1 0
TARGET 2116 1 0 0 0 0
TARGET 2117 1 0 0 1 0
TARGET 2118 1 0 0 1 0
TARGET 2119 1 0 0 0 0
TARGET 2120 1 0 0 1 0
TARGET 2121 1 0 0 0 0
TARGET 2122 1 0 0 1 0
TARGET 2123 1 0 0 1 0
TARGET 2124 1 0 0 1 0
TARGET 2125 1 0 0 1 0
TARGET 2126 1 0 0 1 0
TARGET 2127 1 0 0 0 0
TARGET 2128 1 0 0 1 0
TARGET 2129 1 0 0 1 0
TARGET 2130 1 0 0 1 0
TARGET 2131 1 0 0 1 0
TARGET 2132 1 0 0 0 0
TARGET 2133 1 0 0 1 0
TARGET 2134 1 0 0 1 0
TARGET 2135 1 0 0 1 0
TARGET 2136 1 0 0 0 0
TARGET 2137 1 0 0 1 0
TARGET 2138 1 0 0 1 0
TARGET 2139 1 0 0 0 0
TARGET 2140 1 0 0 1 0
TARGET 2141 1 0 0 0 0
TARGET 2142 1 0 0 1 0
TARGET 2143 1 1 0 1 0
TARGET 2144 1 1 0 2 0
TARGET 2145 1 0 0 1 0
TARGET 2146 1 0 0 1 0
TARGET 2147 1 0 0 1 0
TARGET 2148 1 0 0 1 0
TARGET 2149 1 0 0 1 0
TARGET 2150 1 1 0 2 0
TARGET 2151 1 0 0 1 0
TARGET 2152 1 1 0 2 0
TARGET 2153 1 0 0 1 0
TARGET 2154 1 1 0 2 0
TARGET 2155 1 0 0 1 0
TARGET 2156 1 1 0 2 0
TARGET 2157 1 0 0 0 0
TARGET 2158 1 0 0 0 0
TARGET 2159 1 1 0 1 0
TARGET 2160 1 0 0 1 0
TARGET 2161 1 0 0 1 0
TARGET 2162 1 0 0 1 0
TARGET 2163 1 0 0 1 0
TARGET 2164 1 0 0 0 0
TARGET 2165 1 0 0 1 0
TARGET 2166 1 0 0 1 0
TARGET 2167 1 0 0 1 0
TARGET 2168 1 0 0 0 0
TARGET 2169 1 0 0 1 0
TARGET 2170 1 0 0 1 0
TARGET 2171 1 0 0 0 0
TARGET 2172 1 0 0 1 0
TARGET 2173 1 0 0 0 0
TARGET 2174 1 0 0 1 0
TARGET 2175 1 1 0 2 0
TARGET 2176 1 0 0 1 0
TARGET 2177 1 1 0 2 0
TARGET 2178 1 0 0 1 0
TARGET 2179 1 1 0 2 0
TARGET 2180 1 0 0 1 0
TARGET 2181 1 1 0 2 0
TARGET 2182 1 0 0 0 0
TARGET 2183 1 1 0 1 0
TARGET 2184 1 0 0 1 0
TARGET 2185 1 1 0 2 0
TARGET 2186 1 0 0 1 0
TARGET 2187 1 1 0 2 0
TARGET 2188 1 0 0 1 0
TARGET 2189 1 1 0 2 0
TARGET 2190 1 0 0 0 0
TARGET 2191 1 1 0 1 0
TARGET 2192 1 0 0 1 0
TARGET 2193 1 1 0 2 0
TARGET 2194 1 0 0 1 0
TARGET 2195 1 1 0 2 0
TARGET 2196 1 0 0 0 0
TARGET 2197 1 1 0 1 0
TARGET 2198 1 0 0 1 0
TARGET 2199 1 1 0 2 0
TARGET 2200 1 0 0 0 0
TARGET 2201 1 1 0 1 0
TARGET 2202 1 1 0 1 0
TARGET 2203 1 1 0 1 0
TARGET 2204 1 1 0 1 0
TARGET 2205 1 1 0 1 0
TARGET 2206 1 1 0 1 0
TARGET 2207 1 1 0 1 0
TARGET 2208 1 1 0 1 0
TARGET 2209 1 1 0 1 0
TARGET 2210 1 1 0 1 0
TARGET 2211 1 1 0 1 0
TARGET 2212 1 1 0 1 0
TARGET 2213 1 1 0 1 0
TARGET 2214 1 1 0 1 0
TARGET 2215 1 1 0 1 0
TARGET 2216 1 1 0 1 0
TARGET 2217 1 1 0 1 0
TARGET 2218 1 1 0 1 0
TARGET 2219 1 1 0 1 0
TARGET 2220 1 1 0 1 0
TARGET 2221 1 1 0 1 0
TARGET 2222 1 1 0 1 0
TARGET 2223 1 1 0 1 0
TARGET 2224 1 1 0 1 0
TARGET 2225 1 1 0 1 0
TARGET 2226 1 1 0 1 0
TARGET 2227 1 1 0 1 0
TARGET 2228 1 1 0 1 0
TARGET 2229 1 1 0 1 0
TARGET 2230 1 1 0 1 0
TARGET 2231 1 1 0 1 0
TARGET 2232 1 1 0 1 0
TARGET 2233 1 1 0 1 0
TARGET 2234 1 1 0 1 0
TARGET 2235 1 1 0 1 0
TARGET 2236 1 1 0 1 0
TARGET 2237 1 1 0 1 0
TARGET 2238 1 0 0 0 0
TARGET 2239 1 0 0 0 0
TARGET 2240 1 0 0 0 0
TARGET 2241 1 0 0 0 0
TARGET 2242 1 0 0 0 0
TARGET 2243 1 0 0 0 0
TARGET 2244 1 1 0 1 0
TARGET 2245 1 1 0 1 0
TARGET 2246 1 1 0 1 0
TARGET 2247 1 1 0 1 0
TARGET 2248 1 1 0 1 0
TARGET 2249 1 1 0 1 0
TARGET 2250 1 1 0 1 0
TARGET 2251 1 1 0 1 0
TARGET 2252 1 1 0 1 0
TARGET 2253 1 1 0 1 0
TARGET 2254 1 0 0 0 0
TARGET 2255 1 1 0 1 0
TARGET 2256 1 1 0 1 0
TARGET 2257 1 1 0 1 0
TARGET 2258 1 1 0 1 0
TARGET 2259 1 1 0 1 0
TARGET 2260 1 1 0 1 0
TARGET 2261 1 1 0 1 0
TARGET 2262 1 1 0 1 0
TARGET 2263 1 1 0 1 0
TARGET 2264 1 0 0 0 0
TARGET 2265 1 1 0 1 0
TARGET 2266 1 1 0 1 0
TARGET 2267 1 1 0 1 0
TARGET 2268 1 1 0 1 0
TARGET 2269 1 1 0 1 0
TARGET 2270 1 1 0 1 0
TARGET 2271 1 1 0 1 0
TARGET 2272 1 1 0 1 0
TARGET 2273 1 1 0 1 0
TARGET 2274 1 1 0 1 0
TARGET 2275 1 1 0 1 0
TARGET 2276 1 1 0 1 0
TARGET 2277 1 1 0 1 0
TARGET 2278 1 1 0 1 0
TARGET 2279 1 1 0 1 0
TARGET 2280 1 1 0 1 0
TARGET 2281 1 1 0 1 0
TARGET 2282 1 1 0 1 0
TARGET 2283 1 0 0 0 0
TARGET 2284 1 1 0 1 0
TARGET 2285 1 1 0 1 0
TARGET 2286 1 0 0 0 0
TARGET 2287 1 1 0 1 0
TARGET 2288 1 0 0 0 0
TARGET 2289 1 0 0 0 0
TARGET 2290 1 0 0 0 0
TARGET 2291 1 0 0 0 0
TARGET 2292 1 0 0 0 0
TARGET 2293 1 0 0 0 0
TARGET 2294 1 1 0 1 0
TARGET 2295 1 1 0 1 0
TARGET 2296 1 1 0 1 0
TARGET 2297 1 1 0 1 0
TARGET 2298 1 1 0 1 0
TARGET 2299 1 1 0 1 0
TARGET 2300 1 1 0 1 0
TARGET 2301 1 1 0 1 0
TARGET 2302 1 1 0 1 0
TARGET 2303 1 1 0 1 0
TARGET 2304 1 1 0 1 0
TARGET 2305 1 1 0 1 0
TARGET 2306 1 1 0 1 0
TARGET 2307 1 1 0 1 0
TARGET 2308 1 1 0 1 0
TARGET 2309 1 1 0 1 0
TARGET 2310 1 1 0 1 0
TARGET 2311 1 1 0 1 0
TARGET 2312 1 1 0 1 0
TARGET 2313 1 1 0 1 0
TARGET 2314 1 0 0 0 0
TARGET 2315 1 0 0 0 0
TARGET 2316 1 0 0 0 0
TARGET 2317 1 0 0 0 0
TARGET 2318 1 0 0 0 0
TARGET 2319 1 1 0 1 0
TARGET 2320 1 1 0 1 0
TARGET 2321 1 1 0 1 0
TARGET 2322 1 0 0 0 0
TARGET 2323 1 1 0 1 0
TARGET 2324 1 1 0 1 0
TARGET 2325 1 0 0 0 0
TARGET 2326 1 1 0 1 0
TARGET 2327 1 0 0 0 0
TARGET 2328 1 1 0 1 0
TARGET 2329 1 1 0 1 0
TARGET 2330 1 1 0 1 0
TARGET 2331 1 0 0 0 0
TARGET 2332 1 1 0 1 0
TARGET 2333 1 1 0 1 0
TARGET 2334 1 0 0 0 0
TARGET 2335 1 1 0 1 0
TARGET 2336 1 0 0 0 0
TARGET 2337 1 1 0 1 0
TARGET 2338 1 1 0 1 0
TARGET 2339 1 1 0 1 0
TARGET 2340 1 1 0 1 0
TARGET 2341 1 1 0 1 0
TARGET 2342 1 1 0 1 0
TARGET 2343 1 1 0 1 0
TARGET 2344 1 1 0 1 0
TARGET 2345 1 1 0 1 0
TARGET 2346 1 0 0 0 0
TARGET 2347 1 0 0 0 0
TARGET 2348 1 0 0 0 0
TARGET 2349 1 1 0 1 0
TARGET 2350 1 1 0 1 0
TARGET 2351 1 1 0 1 0
TARGET 2352 1 1 0 1 0
TARGET 2353 1 1 0 1 0
TARGET 2354 1 1 0 1 0
TARGET 2355 1 0 0 0 0
TARGET 2356 1 0 0 0 0
TARGET 2357 1 0 0 0 0
TARGET 2358 1 1 0 1 0
TARGET 2359 1 1 0 1 0
TARGET 2360 1 1 0 1 0
TARGET 2361 1 0 0 0 0
TARGET 2362 1 0 0 0 0
TARGET 2363 1 0 0 0 0
TARGET 2364 1 0 0 1 0
TARGET 2365 1 1 0 2 0
TARGET 2366 1 0 0 1 0
TARGET 2367 1 0 0 1 0
TARGET 2368 1 0 0 1 0
TARGET 2369 1 0 0 1 0
TARGET 2370 1 0 0 1 0
TARGET 2371 1 0 0 0 0
TARGET 2372 1 2 0 3 0
TARGET 2373 1 1 0 2 0
TARGET 2374 1 1 0 2 0
TARGET 2375 1 1 0 2 0
TARGET 2376 1 1 0 2 0
TARGET 2377 1 1 0 2 0
TARGET 2378 1 0 0 1 0
TARGET 2379 1 0 0 1 0
TARGET 2380 1 0 0 1 0
TARGET 2381 1 0 0 1 0
TARGET 2382 1 0 0 1 0
TARGET 2383 1 0 0 2 0
TARGET 2384 1 0 0 0 0
TARGET 2385 1 0 0 1 0
TARGET 2386 1 0 0 1 0
TARGET 2387 1 0 0 1 0
TARGET 2388 1 0 0 1 0
TARGET 2389 1 0 0 0 0
TARGET 2390 1 0 0 1 0
TARGET 2391 1 0 0 1 0
TARGET 2392 1 0 0 1 0
TARGET 2393 1 0 0 0 0
TARGET 2394 1 0 0 1 0
TARGET 2395 1 0 0 1 0
TARGET 2396 1 0 0 0 0
TARGET 2397 1 0 0 1 0
TARGET 2398 1 0 0 0 0
TARGET 2399 1 0 0 1 0
TARGET 2400 1 0 0 1 0
TARGET 2401 1 0 0 1 0
TARGET 2402 1 0 0 1 0
TARGET 2403 1 1 0 2 0
TARGET 2404 1 0 0 1 0
TARGET 2405 1 1 0 2 0
TARGET 2406 1 0 0 1 0
TARGET 2407 1 0 0 1 0
TARGET 2408 1 0 0 1 0
TARGET 2409 1 0 0 1 0
TARGET 2410 1 0 0 1 0
TARGET 2411 1 1 0 2 0
TARGET 2412 1 1 0 2 0
TARGET 2413 1 1 0 2 0
TARGET 2414 1 2 0 3 0
TARGET 2415 1 1 0 2 0
TARGET 2416 1 0 0 1 0
TARGET 2417 1 0 0 1 0
TARGET 2418 1 0 0 1 0
TARGET 2419 1 1 0 2 0
TARGET 2420 1 0 0 1 0
TARGET 2421 1 0 0 1 0
TARGET 2422 1 0 0 1 0
TARGET 2423 1 0 0 1 0
TARGET 2424 1 0 0 1 0
TARGET 2425 1 0 0 1 0
TARGET 2426 1 0 0 1 0
TARGET 2427 1 0 0 1 0
TARGET 2428 1 0 0 1 0
TARGET 2429 1 0 0 1 0
TARGET 2430 1 1 0 2 0
TARGET 2431 1 0 0 1 0
TARGET 2432 1 0 0 1 0
TARGET 2433 1 1 0 2 0
TARGET 2434 1 0 0 1 0
TARGET 2435 1 0 0 1 0
TARGET 2436 1 1 0 2 0
TARGET 2437 1 0 0 1 0
TARGET 2438 1 0 0 1 0
TARGET 2439 1 1 0 2 0
TARGET 2440 1 0 0 1 0
TARGET 2441 1 0 0 0 0
TARGET 2442 1 0 0 0 0
TARGET 2443 1 0 0 0 0
TARGET 2444 1 0 0 0 0
TARGET 2445 1 1 0 1 0
TARGET 2446 1 0 0 0 0
TARGET 2447 1 2 0 3 0
TARGET 2448 1 1 0 2 0
TARGET 2449 1 1 0 2 0
TARGET 2450 1 1 0 2 0
TARGET 2451 1 1 0 2 0
TARGET 2452 1 1 0 2 0
TARGET 2453 1 0 0 1 0
TARGET 2454 1 0 0 1 0
TARGET 2455 1 0 0 1 0
TARGET 2456 1 0 0 1 0
TARGET 2457 1 0 0 1 0
TARGET 2458 1 0 0 2 0
TARGET 2459 1 0 0 0 0
TARGET 2460 1 0 0 1 0
TARGET 2461 1 0 0 1 0
TARGET 2462 1 0 0 1 0
TARGET 2463 1 0 0 1 0
TARGET 2464 1 0 0 0 0
TARGET 2465 1 0 0 1 0
TARGET 2466 1 0 0 1 0
TARGET 2467 1 0 0 1 0
TARGET 2468 1 0 0 0 0
TARGET 2469 1 0 0 1 0
TARGET 2470 1 0 0 1 0
TARGET 2471 1 0 0 0 0
TARGET 2472 1 0 0 1 0
TARGET 2473 1 0 0 0 0
TARGET 2474 1 2 0 3 0
TARGET 2475 1 2 0 3 0
TARGET 2476 1 2 0 3 0
TARGET 2477 1 3 0 4 0
TARGET 2478 1 2 0 3 0
TARGET 2479 1 1 0 2 0
TARGET 2480 1 1 0 2 0
TARGET 2481 1 1 0 2 0
TARGET 2482 1 2 0 3 0
TARGET 2483 1 1 0 2 0
TARGET 2484 1 1 0 2 0
TARGET 2485 1 1 0 2 0
TARGET 2486 1 1 0 2 0
TARGET 2487 1 1 0 2 0
TARGET 2488 1 1 0 2 0
TARGET 2489 1 1 0 2 0
TARGET 2490 1 1 0 2 0
TARGET 2491 1 1 0 2 0
TARGET 2492 1 1 0 2 0
TARGET 2493 1 2 0 3 0
TARGET 2494 1 1 0 2 0
TARGET 2495 1 1 0 2 0
TARGET 2496 1 2 0 3 0
TARGET 2497 1 1 0 2 0
TARGET 2498 1 1 0 2 0
TARGET 2499 1 2 0 3 0
TARGET 2500 1 1 0 2 0
TARGET 2501 1 1 0 2 0
TARGET 2502 1 2 0 3 0
TARGET 2503 1 1 0 2 0
TARGET 2504 1 1 0 1 0
TARGET 2505 1 0 0 1 0
TARGET 2506 1 0 0 1 0
TARGET 2507 1 1 0 2 0
TARGET 2508 1 1 0 1 0
TARGET 2509 1 1 0 1 0
TARGET 2510 1 0 0 1 0
TARGET 2511 1 0 0 1 0
TARGET 2512 1 0 0 1 0
TARGET 2513 1 0 0 1 0
TARGET 2514 1 0 0 1 0
TARGET 2515 1 0 0 1 0
TARGET 2516 1 0 0 1 0
TARGET 2517 1 0 0 1 0
TARGET 2518 1 1 0 2 0
TARGET 2519 1 1 0 1 0
TARGET 2520 1 0 0 2 0
TARGET 2521 1 0 0 1 0
TARGET 2522 1 1 0 2 0
TARGET 2523 1 0 0 1 0
TARGET 2524 1 0 0 1 0
TARGET 2525 1 1 0 2 0
TARGET 2526 1 0 0 1 0
TARGET 2527 1 0 0 1 0
TARGET 2528 1 1 0 2 0
TARGET 2529 1 0 0 1 0
TARGET 2530 1 0 0 2 0
TARGET 2531 1 0 0 2 0
TARGET 2532 1 1 0 3 0
TARGET 2533 1 0 0 2 0
TARGET 2534 1 0 0 0 0
TARGET 2535 1 0 0 0 0
TARGET 2536 1 0 0 0 0
TARGET 2537 1 1 0 1 0
TARGET 2538 1 0 0 0 0
TARGET 2539 1 1 0 1 0
TARGET 2540 1 0 0 1 0
TARGET 2541 1 0 0 1 0
TARGET 2542 1 0 0 1 0
TARGET 2543 1 0 0 0 0
TARGET 2544 1 0 0 1 0
TARGET 2545 1 0 0 1 0
TARGET 2546 1 0 0 1 0
TARGET 2547 1 0 0 0 0
TARGET 2548 1 0 0 1 0
TARGET 2549 1 0 0 1 0
TARGET 2550 1 0 0 0 0
TARGET 2551 1 0 0 1 0
TARGET 2552 1 0 0 0 0
TARGET 2553 1 0 0 1 0
TARGET 2554 1 0 0 1 0
TARGET 2555 1 0 0 1 0
TARGET 2556 1 0 0 1 0
TARGET 2557 1 0 0 0 0
TARGET 2558 1 0 0 1 0
TARGET 2559 1 0 0 1 0
TARGET 2560 1 0 0 1 0
TARGET 2561 1 0 0 0 0
TARGET 2562 1 0 0 1 0
TARGET 2563 1 0 0 1 0
TARGET 2564 1 0 0 0 0
TARGET 2565 1 0 0 1 0
TARGET 2566 1 0 0 0 0
TARGET 2567 1 0 0 1 0
TARGET 2568 1 1 0 2 0
TARGET 2569 1 1 0 1 0
TARGET 2570 1 0 0 1 0
TARGET 2571 1 1 0 2 0
TARGET 2572 1 0 0 1 0
TARGET 2573 1 0 0 1 0
TARGET 2574 1 1 0 2 0
TARGET 2575 1 0 0 1 0
TARGET 2576 1 0 0 1 0
TARGET 2577 1 1 0 2 0
TARGET 2578 1 0 0 1 0
TARGET 2579 1 0 0 0 0
TARGET 2580 1 1 0 1 0
TARGET 2581 1 0 0 0 0
TARGET 2582 1 0 0 1 0
TARGET 2583 1 1 0 2 0
TARGET 2584 1 0 0 1 0
TARGET 2585 1 0 0 1 0
TARGET 2586 1 1 0 2 0
TARGET 2587 1 0 0 1 0
TARGET 2588 1 0 0 1 0
TARGET 2589 1 1 0 2 0
TARGET 2590 1 0 0 1 0
TARGET 2591 1 0 0 0 0
TARGET 2592 1 1 0 1 0
TARGET 2593 1 0 0 0 0
TARGET 2594 1 0 0 1 0
TARGET 2595 1 1 0 2 0
TARGET 2596 1 0 0 1 0
TARGET 2597 1 0 0 1 0
TARGET 2598 1 1 0 2 0
TARGET 2599 1 0 0 1 0
TARGET 2600 1 0 0 0 0
TARGET 2601 1 1 0 1 0
TARGET 2602 1 0 0 0 0
TARGET 2603 1 0 0 1 0
TARGET 2604 1 1 0 2 0
TARGET 2605 1 0 0 1 0
TARGET 2606 1 0 0 0 0
TARGET 2607 1 1 0 1 0
TARGET 2608 1 0 0 0 0
TARGET 2609 1 0 0 1 0
TARGET 2610 1 0 0 1 0
TARGET 2611 1 0 0 1 0
TARGET 2612 1 0 0 1 0
TARGET 2613 1 1 0 2 0
TARGET 2614 1 0 0 1 0
TARGET 2615 1 0 0 1 0
TARGET 2616 1 1 0 2 0
TARGET 2617 1 0 0 1 0
TARGET 2618 1 0 0 1 0
TARGET 2619 1 0 0 1 0
TARGET 2620 1 0 0 1 0
TARGET 2621 1 0 0 1 0
TARGET 2622 1 1 0 2 0
TARGET 2623 1 1 0 2 0
TARGET 2624 1 1 0 2 0
TARGET 2625 1 2 0 3 0
TARGET 2626 1 1 0 2 0
TARGET 2627 1 1 0 2 0
TARGET 2628 1 0 0 1 0
TARGET 2629 1 0 0 1 0
TARGET 2630 1 0 0 1 0
TARGET 2631 1 1 0 2 0
TARGET 2632 1 0 0 1 0
TARGET 2633 1 0 0 1 0
TARGET 2634 1 0 0 1 0
TARGET 2635 1 0 0 1 0
TARGET 2636 1 0 0 1 0
TARGET 2637 1 1 0 2 0
TARGET 2638 1 0 0 1 0
TARGET 2639 1 0 0 1 0
TARGET 2640 1 0 0 1 0
TARGET 2641 1 0 0 1 0
TARGET 2642 1 0 0 1 0
TARGET 2643 1 0 0 1 0
TARGET 2644 1 0 0 1 0
TARGET 2645 1 0 0 1 0
TARGET 2646 1 0 0 1 0
TARGET 2647 1 1 0 2 0
TARGET 2648 1 0 0 1 0
TARGET 2649 1 0 0 1 0
TARGET 2650 1 0 0 1 0
TARGET 2651 1 1 0 2 0
TARGET 2652 1 0 0 1 0
TARGET 2653 1 0 0 1 0
TARGET 2654 1 0 0 1 0
TARGET 2655 1 1 0 2 0
TARGET 2656 1 0 0 1 0
TARGET 2657 1 0 0 1 0
TARGET 2658 1 0 0 0 0
TARGET 2659 1 0 0 0 0
TARGET 2660 1 0 0 0 0
TARGET 2661 1 0 0 0 0
TARGET 2662 1 1 0 1 0
TARGET 2663 1 0 0 0 0
TARGET 2664 1 0 0 0 0
TARGET 2665 1 2 0 3 0
TARGET 2666 1 1 0 2 0
TARGET 2667 1 1 0 2 0
TARGET 2668 1 1 0 2 0
TARGET 2669 1 1 0 2 0
TARGET 2670 1 1 0 2 0
TARGET 2671 1 0 0 1 0
TARGET 2672 1 0 0 1 0
TARGET 2673 1 0 0 1 0
TARGET 2674 1 0 0 1 0
TARGET 2675 1 0 0 1 0
TARGET 2676 1 0 0 2 0
TARGET 2677 1 0 0 0 0
TARGET 2678 1 0 0 1 0
TARGET 2679 1 0 0 1 0
TARGET 2680 1 0 0 1 0
TARGET 2681 1 0 0 1 0
TARGET 2682 1 0 0 0 0
TARGET 2683 1 0 0 1 0
TARGET 2684 1 0 0 1 0
TARGET 2685 1 0 0 1 0
TARGET 2686 1 0 0 0 0
TARGET 2687 1 0 0 1 0
TARGET 2688 1 0 0 1 0
TARGET 2689 1 0 0 0 0
TARGET 2690 1 0 0 1 0
TARGET 2691 1 0 0 0 0
TARGET 2692 1 2 0 3 0
TARGET 2693 1 2 0 3 0
TARGET 2694 1 2 0 3 0
TARGET 2695 1 3 0 4 0
TARGET 2696 1 2 0 3 0
TARGET 2697 1 2 0 3 0
TARGET 2698 1 1 0 2 0
TARGET 2699 1 1 0 2 0
TARGET 2700 1 1 0 2 0
TARGET 2701 1 2 0 3 0
TARGET 2702 1 1 0 2 0
TARGET 2703 1 1 0 2 0
TARGET 2704 1 1 0 2 0
TARGET 2705 1 1 0 2 0
TARGET 2706 1 1 0 2 0
TARGET 2707 1 2 0 3 0
TARGET 2708 1 1 0 2 0
TARGET 2709 1 1 0 2 0
TARGET 2710 1 1 0 2 0
TARGET 2711 1 1 0 2 0
TARGET 2712 1 1 0 2 0
TARGET 2713 1 1 0 2 0
TARGET 2714 1 1 0 2 0
TARGET 2715 1 1 0 2 0
TARGET 2716 1 1 0 2 0
TARGET 2717 1 2 0 3 0
TARGET 2718 1 1 0 2 0
TARGET 2719 1 1 0 2 0
TARGET 2720 1 1 0 2 0
TARGET 2721 1 2 0 3 0
TARGET 2722 1 1 0 2 0
TARGET 2723 1 1 0 2 0
TARGET 2724 1 1 0 2 0
TARGET 2725 1 2 0 3 0
TARGET 2726 1 1 0 2 0
TARGET 2727 1 1 0 2 0
TARGET 2728 1 0 0 1 0
TARGET 2729 1 1 0 1 0
TARGET 2730 1 0 0 1 0
TARGET 2731 1 1 0 2 0
TARGET 2732 1 1 0 1 0
TARGET 2733 1 0 0 1 0
TARGET 2734 1 0 0 1 0
TARGET 2735 1 0 0 1 0
TARGET 2736 1 0 0 1 0
TARGET 2737 1 1 0 2 0
TARGET 2738 1 0 0 1 0
TARGET 2739 1 0 0 1 0
TARGET 2740 1 0 0 1 0
TARGET 2741 1 0 0 1 0
TARGET 2742 1 0 0 1 0
TARGET 2743 1 0 0 2 0
TARGET 2744 1 1 0 1 0
TARGET 2745 1 0 0 1 0
TARGET 2746 1 0 0 1 0
TARGET 2747 1 0 0 1 0
TARGET 2748 1 1 0 2 0
TARGET 2749 1 1 0 1 0
TARGET 2750 1 0 0 1 0
TARGET 2751 1 0 0 2 0
TARGET 2752 1 0 0 1 0
TARGET 2753 1 1 0 2 0
TARGET 2754 1 0 0 1 0
TARGET 2755 1 0 0 1 0
TARGET 2756 1 0 0 1 0
TARGET 2757 1 1 0 2 0
TARGET 2758 1 0 0 1 0
TARGET 2759 1 0 0 1 0
TARGET 2760 1 0 0 2 0
TARGET 2761 1 1 0 3 0
TARGET 2762 1 0 0 2 0
TARGET 2763 1 0 0 2 0
TARGET 2764 1 0 0 0 0
TARGET 2765 1 0 0 0 0
TARGET 2766 1 0 0 0 0
TARGET 2767 1 1 0 1 0
TARGET 2768 1 0 0 0 0
TARGET 2769 1 0 0 0 0
TARGET 2770 1 0 0 1 0
TARGET 2771 1 0 0 1 0
TARGET 2772 1 0 0 1 0
TARGET 2773 1 1 0 2 0
TARGET 2774 1 0 0 1 0
TARGET 2775 1 0 0 1 0
TARGET 2776 1 0 0 1 0
TARGET 2777 1 0 0 1 0
TARGET 2778 1 0 0 1 0
TARGET 2779 1 0 0 1 0
TARGET 2780 1 0 0 1 0
TARGET 2781 1 0 0 1 0
TARGET 2782 1 0 0 1 0
TARGET 2783 1 1 0 2 0
TARGET 2784 1 0 0 1 0
TARGET 2785 1 0 0 1 0
TARGET 2786 1 0 0 1 0
TARGET 2787 1 1 0 2 0
TARGET 2788 1 0 0 1 0
TARGET 2789 1 0 0 1 0
TARGET 2790 1 0 0 1 0
TARGET 2791 1 1 0 2 0
TARGET 2792 1 0 0 1 0
TARGET 2793 1 0 0 1 0
TARGET 2794 1 0 0 0 0
TARGET 2795 1 0 0 0 0
TARGET 2796 1 0 0 0 0
TARGET 2797 1 1 0 1 0
TARGET 2798 1 0 0 0 0
TARGET 2799 1 0 0 0 0
TARGET 2800 1 0 0 1 0
TARGET 2801 1 0 0 1 0
TARGET 2802 1 0 0 1 0
TARGET 2803 1 0 0 0 0
TARGET 2804 1 0 0 1 0
TARGET 2805 1 0 0 1 0
TARGET 2806 1 0 0 0 0
TARGET 2807 1 0 0 1 0
TARGET 2808 1 0 0 0 0
TARGET 2809 1 1 0 1 0
TARGET 2810 1 0 0 1 0
TARGET 2811 1 0 0 1 0
TARGET 2812 1 0 0 0 0
TARGET 2813 1 0 0 1 0
TARGET 2814 1 0 0 1 0
TARGET 2815 1 0 0 0 0
TARGET 2816 1 0 0 1 0
TARGET 2817 1 0 0 0 0
TARGET 2818 1 0 0 1 0
TARGET 2819 1 1 0 2 0
TARGET 2820 1 1 0 1 0
TARGET 2821 1 0 0 1 0
TARGET 2822 1 0 0 1 0
TARGET 2823 1 1 0 2 0
TARGET 2824 1 0 0 1 0
TARGET 2825 1 0 0 1 0
TARGET 2826 1 0 0 1 0
TARGET 2827 1 1 0 2 0
TARGET 2828 1 0 0 1 0
TARGET 2829 1 0 0 1 0
TARGET 2830 1 0 0 0 0
TARGET 2831 1 1 0 1 0
TARGET 2832 1 0 0 0 0
TARGET 2833 1 0 0 0 0
TARGET 2834 1 0 0 1 0
TARGET 2835 1 1 0 2 0
TARGET 2836 1 0 0 1 0
TARGET 2837 1 0 0 1 0
TARGET 2838 1 0 0 1 0
TARGET 2839 1 1 0 2 0
TARGET 2840 1 0 0 1 0
TARGET 2841 1 0 0 1 0
TARGET 2842 1 0 0 0 0
TARGET 2843 1 1 0 1 0
TARGET 2844 1 0 0 0 0
TARGET 2845 1 0 0 0 0
TARGET 2846 1 0 0 1 0
TARGET 2847 1 1 0 2 0
TARGET 2848 1 0 0 1 0
TARGET 2849 1 0 0 1 0
TARGET 2850 1 0 0 0 0
TARGET 2851 1 1 0 1 0
TARGET 2852 1 0 0 0 0
TARGET 2853 1 0 0 0 0
TARGET 2854 1 0 0 1 0
TARGET 2855 1 0 0 1 0
TARGET 2856 1 0 0 1 0
TARGET 2857 1 1 0 2 0
TARGET 2858 1 0 0 1 0
TARGET 2859 1 0 0 1 0
TARGET 2860 1 0 0 1 0
TARGET 2861 1 0 0 0 0
TARGET 2862 1 0 0 1 0
TARGET 2863 1 0 0 1 0
TARGET 2864 1 1 0 2 0
TARGET 2865 1 0 0 1 0
TARGET 2866 1 0 0 1 0
TARGET 2867 1 0 0 1 0
TARGET 2868 1 0 0 0 0
TARGET 2869 1 0 0 1 0
TARGET 2870 1 1 0 2 0
TARGET 2871 1 0 0 1 0
TARGET 2872 1 0 0 1 0
TARGET 2873 1 0 0 1 0
TARGET 2874 1 0 0 0 0
TARGET 2875 1 2 0 3 0
TARGET 2876 1 1 0 2 0
TARGET 2877 1 1 0 2 0
TARGET 2878 1 1 0 2 0
TARGET 2879 1 0 0 2 0
TARGET 2880 1 0 0 1 0
TARGET 2881 1 0 0 1 0
TARGET 2882 1 0 0 1 0
TARGET 2883 1 0 0 0 0
TARGET 2884 1 0 0 1 0
TARGET 2885 1 0 0 1 0
TARGET 2886 1 0 0 0 0
TARGET 2887 1 0 0 1 0
TARGET 2888 1 0 0 0 0
TARGET 2889 1 1 0 1 0
TARGET 2890 1 0 0 1 0
TARGET 2891 1 0 0 1 0
TARGET 2892 1 0 0 1 0
TARGET 2893 1 1 0 2 0
TARGET 2894 1 1 0 1 0
TARGET 2895 1 0 0 1 0
TARGET 2896 1 0 0 1 0
TARGET 2897 1 1 0 2 0
TARGET 2898 1 1 0 1 0
TARGET 2899 1 0 0 1 0
TARGET 2900 1 0 0 1 0
TARGET 2901 1 0 0 0 0
TARGET 2902 1 0 0 1 0
TARGET 2903 1 0 0 1 0
TARGET 2904 1 0 0 1 0
TARGET 2905 1 1 0 2 0
TARGET 2906 1 0 0 1 0
TARGET 2907 1 0 0 1 0
TARGET 2908 1 0 0 1 0
TARGET 2909 1 1 0 2 0
TARGET 2910 1 0 0 1 0
TARGET 2911 1 0 0 1 0
TARGET 2912 1 0 0 1 0
TARGET 2913 1 0 0 0 0
TARGET 2914 1 0 0 1 0
TARGET 2915 1 1 0 2 0
TARGET 2916 1 0 0 1 0
TARGET 2917 1 0 0 1 0
TARGET 2918 1 0 0 1 0
TARGET 2919 1 0 0 1 0
TARGET 2920 1 1 0 2 0
TARGET 2921 1 0 0 1 0
TARGET 2922 1 0 0 1 0
TARGET 2923 1 0 0 1 0
TARGET 2924 1 1 0 2 0
TARGET 2925 1 0 0 1 0
TARGET 2926 1 0 0 1 0
TARGET 2927 1 0 0 1 0
TARGET 2928 1 0 0 0 0
TARGET 2929 1 2 0 3 0
TARGET 2930 1 1 0 2 0
TARGET 2931 1 1 0 2 0
TARGET 2932 1 1 0 2 0
TARGET 2933 1 2 0 3 0
TARGET 2934 1 1 0 2 0
TARGET 2935 1 1 0 2 0
TARGET 2936 1 1 0 2 0
TARGET 2937 1 1 0 1 0
TARGET 2938 1 0 0 1 0
TARGET 2939 1 0 0 1 0
TARGET 2940 1 1 0 2 0
TARGET 2941 1 0 0 2 0
TARGET 2942 1 0 0 1 0
TARGET 2943 1 0 0 1 0
TARGET 2944 1 0 0 1 0
TARGET 2945 1 1 0 2 0
TARGET 2946 1 0 0 1 0
TARGET 2947 1 0 0 1 0
TARGET 2948 1 0 0 1 0
TARGET 2949 1 1 0 2 0
TARGET 2950 1 1 0 1 0
TARGET 2951 1 0 0 1 0
TARGET 2952 1 0 0 1 0
TARGET 2953 1 0 0 0 0
TARGET 2954 1 0 0 1 0
TARGET 2955 1 0 0 1 0
TARGET 2956 1 0 0 0 0
TARGET 2957 1 0 0 1 0
TARGET 2958 1 0 0 0 0
TARGET 2959 1 0 0 0 0
TARGET 2960 1 0 0 0 0
TARGET 2961 1 0 0 0 0
TARGET 2962 1 0 0 0 0
TARGET 2963 1 1 0 1 0
TARGET 2964 1 0 0 1 0
TARGET 2965 1 0 0 1 0
TARGET 2966 1 0 0 1 0
TARGET 2967 1 0 0 1 0
TARGET 2968 1 1 0 2 0
TARGET 2969 1 0 0 1 0
TARGET 2970 1 1 0 2 0
TARGET 2971 1 0 0 1 0
TARGET 2972 1 0 0 1 0
TARGET 2973 1 0 0 1 0
TARGET 2974 1 0 0 1 0
TARGET 2975 1 0 0 1 0
TARGET 2976 1 0 0 1 0
TARGET 2977 1 1 0 2 0
TARGET 2978 1 1 0 2 0
TARGET 2979 1 1 0 2 0
TARGET 2980 1 1 0 2 0
TARGET 2981 1 2 0 3 0
TARGET 2982 1 0 0 1 0
TARGET 2983 1 0 0 1 0
TARGET 2984 1 0 0 1 0
TARGET 2985 1 1 0 2 0
TARGET 2986 1 0 0 1 0
TARGET 2987 1 0 0 1 0
TARGET 2988 1 0 0 1 0
TARGET 2989 1 1 0 2 0
TARGET 2990 1 0 0 1 0
TARGET 2991 1 0 0 1 0
TARGET 2992 1 0 0 1 0
TARGET 2993 1 1 0 2 0
TARGET 2994 1 0 0 0 0
TARGET 2995 1 0 0 0 0
TARGET 2996 1 0 0 0 0
TARGET 2997 1 0 0 0 0
TARGET 2998 1 1 0 1 0
TARGET 2999 1 0 0 1 0
TARGET 3000 1 1 0 2 0
PASS_1962_MONOMIAL_INTERVAL 2001 3000 1000 0
