TARGET 42001 1 1 0 2 0
TARGET 42002 1 1 0 2 0
TARGET 42003 1 1 0 3 0
TARGET 42004 1 1 0 1 0
TARGET 42005 1 1 0 4 0
TARGET 42006 1 1 0 3 0
TARGET 42007 1 1 0 3 0
TARGET 42008 1 1 0 3 0
TARGET 42009 1 1 0 3 0
TARGET 42010 1 1 0 3 0
TARGET 42011 1 1 0 4 0
TARGET 42012 1 1 0 3 0
TARGET 42013 1 1 0 3 0
TARGET 42014 1 1 0 3 0
TARGET 42015 1 1 0 3 0
TARGET 42016 1 1 0 4 0
TARGET 42017 1 1 0 2 0
TARGET 42018 1 1 0 2 0
TARGET 42019 1 1 0 2 0
TARGET 42020 1 1 0 2 0
TARGET 42021 1 1 0 2 0
TARGET 42022 1 1 0 3 0
TARGET 42023 1 1 0 2 0
TARGET 42024 1 1 0 2 0
TARGET 42025 1 1 0 2 0
TARGET 42026 1 1 0 2 0
TARGET 42027 1 1 0 3 0
TARGET 42028 1 1 0 3 0
TARGET 42029 1 1 0 1 0
TARGET 42030 1 1 0 2 0
TARGET 42031 1 1 0 2 0
TARGET 42032 1 1 0 2 0
TARGET 42033 1 1 0 2 0
TARGET 42034 1 2 0 3 0
TARGET 42035 1 1 0 2 0
TARGET 42036 1 1 0 2 0
TARGET 42037 1 1 0 2 0
TARGET 42038 1 1 0 2 0
TARGET 42039 1 1 0 3 0
TARGET 42040 1 1 0 1 0
TARGET 42041 1 1 0 2 0
TARGET 42042 1 1 0 2 0
TARGET 42043 1 1 0 2 0
TARGET 42044 1 2 0 3 0
TARGET 42045 1 1 0 2 0
TARGET 42046 1 1 0 2 0
TARGET 42047 1 1 0 2 0
TARGET 42048 1 1 0 2 0
TARGET 42049 1 1 0 3 0
TARGET 42050 1 1 0 1 0
TARGET 42051 1 1 0 2 0
TARGET 42052 1 1 0 2 0
TARGET 42053 1 2 0 3 0
TARGET 42054 1 1 0 2 0
TARGET 42055 1 1 0 2 0
TARGET 42056 1 1 0 2 0
TARGET 42057 1 1 0 2 0
TARGET 42058 1 1 0 3 0
TARGET 42059 1 1 0 1 0
TARGET 42060 1 1 0 2 0
TARGET 42061 1 1 0 3 0
TARGET 42062 1 1 0 2 0
TARGET 42063 1 1 0 2 0
TARGET 42064 1 1 0 2 0
TARGET 42065 1 1 0 2 0
TARGET 42066 1 1 0 3 0
TARGET 42067 1 1 0 1 0
TARGET 42068 1 3 0 4 0
TARGET 42069 1 2 0 3 0
TARGET 42070 1 1 0 3 0
TARGET 42071 1 2 0 3 0
TARGET 42072 1 2 0 3 0
TARGET 42073 1 1 0 4 0
TARGET 42074 1 1 0 2 0
TARGET 42075 1 1 0 2 0
TARGET 42076 1 1 0 2 0
TARGET 42077 1 1 0 2 0
TARGET 42078 1 1 0 3 0
TARGET 42079 1 1 0 3 0
TARGET 42080 1 1 0 1 0
TARGET 42081 1 1 0 2 0
TARGET 42082 1 1 0 2 0
TARGET 42083 1 1 0 2 0
TARGET 42084 1 1 0 3 0
TARGET 42085 1 1 0 1 0
TARGET 42086 1 1 0 2 0
TARGET 42087 1 1 0 2 0
TARGET 42088 1 1 0 3 0
TARGET 42089 1 1 0 1 0
TARGET 42090 1 1 0 2 0
TARGET 42091 1 1 0 3 0
TARGET 42092 1 1 0 1 0
TARGET 42093 1 1 0 4 0
TARGET 42094 1 1 0 3 0
TARGET 42095 1 1 0 1 0
TARGET 42096 1 1 0 2 0
TARGET 42097 1 1 0 1 0
TARGET 42098 1 0 0 1 0
TARGET 42099 1 0 0 1 0
TARGET 42100 1 1 0 1 0
TARGET 42101 1 1 0 1 0
TARGET 42102 1 1 0 2 0
TARGET 42103 1 1 0 1 0
TARGET 42104 1 1 0 1 0
TARGET 42105 1 0 0 1 0
TARGET 42106 1 0 0 1 0
TARGET 42107 1 1 0 2 0
TARGET 42108 1 0 0 0 0
TARGET 42109 1 1 0 3 0
TARGET 42110 1 1 0 2 0
TARGET 42111 1 1 0 2 0
TARGET 42112 1 1 0 2 0
TARGET 42113 1 1 0 2 0
TARGET 42114 1 1 0 2 0
TARGET 42115 1 1 0 3 0
TARGET 42116 1 1 0 2 0
TARGET 42117 1 1 0 2 0
TARGET 42118 1 1 0 2 0
TARGET 42119 1 1 0 2 0
TARGET 42120 1 1 0 3 0
TARGET 42121 1 1 0 1 0
TARGET 42122 1 0 0 1 0
TARGET 42123 1 0 0 1 0
TARGET 42124 1 1 0 1 0
TARGET 42125 1 1 0 1 0
TARGET 42126 1 1 0 2 0
TARGET 42127 1 1 0 1 0
TARGET 42128 1 1 0 1 0
TARGET 42129 1 0 0 1 0
TARGET 42130 1 0 0 1 0
TARGET 42131 1 1 0 2 0
TARGET 42132 1 0 0 2 0
TARGET 42133 1 0 0 0 0
TARGET 42134 1 0 0 1 0
TARGET 42135 1 0 0 1 0
TARGET 42136 1 0 0 1 0
TARGET 42137 1 0 0 1 0
TARGET 42138 1 1 0 2 0
TARGET 42139 1 0 0 1 0
TARGET 42140 1 0 0 1 0
TARGET 42141 1 0 0 1 0
TARGET 42142 1 0 0 1 0
TARGET 42143 1 1 0 2 0
TARGET 42144 1 0 0 0 0
TARGET 42145 1 0 0 1 0
TARGET 42146 1 0 0 1 0
TARGET 42147 1 0 0 1 0
TARGET 42148 1 1 0 2 0
TARGET 42149 1 0 0 1 0
TARGET 42150 1 0 0 1 0
TARGET 42151 1 0 0 1 0
TARGET 42152 1 0 0 1 0
TARGET 42153 1 1 0 2 0
TARGET 42154 1 0 0 0 0
TARGET 42155 1 1 0 1 0
TARGET 42156 1 1 0 1 0
TARGET 42157 1 1 0 2 0
TARGET 42158 1 1 0 1 0
TARGET 42159 1 1 0 1 0
TARGET 42160 1 0 0 1 0
TARGET 42161 1 0 0 1 0
TARGET 42162 1 1 0 2 0
TARGET 42163 1 0 0 0 0
TARGET 42164 1 1 0 1 0
TARGET 42165 1 1 0 2 0
TARGET 42166 1 1 0 1 0
TARGET 42167 1 1 0 1 0
TARGET 42168 1 0 0 1 0
TARGET 42169 1 0 0 1 0
TARGET 42170 1 1 0 2 0
TARGET 42171 1 0 0 0 0
TARGET 42172 1 2 0 3 0
TARGET 42173 1 1 0 2 0
TARGET 42174 1 1 0 2 0
TARGET 42175 1 1 0 2 0
TARGET 42176 1 1 0 2 0
TARGET 42177 1 1 0 3 0
TARGET 42178 1 1 0 1 0
TARGET 42179 1 1 0 1 0
TARGET 42180 1 0 0 1 0
TARGET 42181 1 0 0 1 0
TARGET 42182 1 1 0 2 0
TARGET 42183 1 0 0 2 0
TARGET 42184 1 0 0 0 0
TARGET 42185 1 1 0 1 0
TARGET 42186 1 0 0 1 0
TARGET 42187 1 0 0 1 0
TARGET 42188 1 1 0 2 0
TARGET 42189 1 0 0 0 0
TARGET 42190 1 0 0 1 0
TARGET 42191 1 0 0 1 0
TARGET 42192 1 1 0 2 0
TARGET 42193 1 0 0 0 0
TARGET 42194 1 0 0 1 0
TARGET 42195 1 1 0 2 0
TARGET 42196 1 0 0 0 0
TARGET 42197 1 1 0 3 0
TARGET 42198 1 0 0 2 0
TARGET 42199 1 1 0 1 0
TARGET 42200 1 1 0 2 0
TARGET 42201 1 1 0 1 0
TARGET 42202 1 0 0 1 0
TARGET 42203 1 0 0 1 0
TARGET 42204 1 1 0 2 0
TARGET 42205 1 0 0 1 0
TARGET 42206 1 0 0 1 0
TARGET 42207 1 1 0 1 0
TARGET 42208 1 1 0 1 0
TARGET 42209 1 1 0 2 0
TARGET 42210 1 1 0 1 0
TARGET 42211 1 1 0 1 0
TARGET 42212 1 0 0 1 0
TARGET 42213 1 0 0 1 0
TARGET 42214 1 1 0 2 0
TARGET 42215 1 1 0 1 0
TARGET 42216 1 1 0 1 0
TARGET 42217 1 1 0 2 0
TARGET 42218 1 1 0 1 0
TARGET 42219 1 1 0 1 0
TARGET 42220 1 0 0 1 0
TARGET 42221 1 0 0 1 0
TARGET 42222 1 0 0 0 0
TARGET 42223 1 1 0 3 0
TARGET 42224 1 1 0 2 0
TARGET 42225 1 1 0 2 0
TARGET 42226 1 1 0 2 0
TARGET 42227 1 1 0 3 0
TARGET 42228 1 1 0 2 0
TARGET 42229 1 1 0 2 0
TARGET 42230 1 1 0 2 0
TARGET 42231 1 1 0 2 0
TARGET 42232 1 1 0 3 0
TARGET 42233 1 1 0 2 0
TARGET 42234 1 1 0 2 0
TARGET 42235 1 1 0 2 0
TARGET 42236 1 1 0 2 0
TARGET 42237 1 1 0 3 0
TARGET 42238 1 1 0 2 0
TARGET 42239 1 1 0 2 0
TARGET 42240 1 1 0 3 0
TARGET 42241 1 1 0 2 0
TARGET 42242 1 1 0 2 0
TARGET 42243 1 1 0 2 0
TARGET 42244 1 1 0 2 0
TARGET 42245 1 1 0 1 0
TARGET 42246 1 0 0 1 0
TARGET 42247 1 0 0 1 0
TARGET 42248 1 1 0 2 0
TARGET 42249 1 0 0 1 0
TARGET 42250 1 0 0 1 0
TARGET 42251 1 1 0 1 0
TARGET 42252 1 1 0 1 0
TARGET 42253 1 1 0 2 0
TARGET 42254 1 1 0 1 0
TARGET 42255 1 1 0 1 0
TARGET 42256 1 0 0 1 0
TARGET 42257 1 0 0 1 0
TARGET 42258 1 1 0 2 0
TARGET 42259 1 0 0 2 0
TARGET 42260 1 1 0 1 0
TARGET 42261 1 1 0 1 0
TARGET 42262 1 1 0 2 0
TARGET 42263 1 1 0 1 0
TARGET 42264 1 1 0 1 0
TARGET 42265 1 0 0 1 0
TARGET 42266 1 0 0 1 0
TARGET 42267 1 0 0 0 0
TARGET 42268 1 0 0 1 0
TARGET 42269 1 0 0 1 0
TARGET 42270 1 0 0 1 0
TARGET 42271 1 0 0 1 0
TARGET 42272 1 1 0 2 0
TARGET 42273 1 0 0 1 0
TARGET 42274 1 0 0 1 0
TARGET 42275 1 0 0 1 0
TARGET 42276 1 0 0 1 0
TARGET 42277 1 1 0 2 0
TARGET 42278 1 0 0 1 0
TARGET 42279 1 0 0 1 0
TARGET 42280 1 0 0 1 0
TARGET 42281 1 0 0 1 0
TARGET 42282 1 1 0 2 0
TARGET 42283 1 0 0 1 0
TARGET 42284 1 0 0 1 0
TARGET 42285 1 0 0 1 0
TARGET 42286 1 0 0 1 0
TARGET 42287 1 1 0 2 0
TARGET 42288 1 1 0 2 0
TARGET 42289 1 1 0 2 0
TARGET 42290 1 1 0 2 0
TARGET 42291 1 1 0 2 0
TARGET 42292 1 1 0 3 0
TARGET 42293 1 1 0 2 0
TARGET 42294 1 1 0 2 0
TARGET 42295 1 1 0 2 0
TARGET 42296 1 1 0 2 0
TARGET 42297 1 2 0 3 0
TARGET 42298 1 0 0 1 0
TARGET 42299 1 0 0 1 0
TARGET 42300 1 0 0 1 0
TARGET 42301 1 0 0 1 0
TARGET 42302 1 1 0 2 0
TARGET 42303 1 0 0 1 0
TARGET 42304 1 0 0 1 0
TARGET 42305 1 0 0 1 0
TARGET 42306 1 0 0 1 0
TARGET 42307 1 1 0 2 0
TARGET 42308 1 0 0 0 0
TARGET 42309 1 0 0 1 0
TARGET 42310 1 0 0 1 0
TARGET 42311 1 0 0 1 0
TARGET 42312 1 1 0 2 0
TARGET 42313 1 0 0 1 0
TARGET 42314 1 0 0 1 0
TARGET 42315 1 0 0 1 0
TARGET 42316 1 0 0 1 0
TARGET 42317 1 1 0 2 0
TARGET 42318 1 0 0 0 0
TARGET 42319 1 1 0 1 0
TARGET 42320 1 1 0 1 0
TARGET 42321 1 1 0 2 0
TARGET 42322 1 1 0 1 0
TARGET 42323 1 1 0 1 0
TARGET 42324 1 0 0 1 0
TARGET 42325 1 0 0 1 0
TARGET 42326 1 1 0 2 0
TARGET 42327 1 0 0 0 0
TARGET 42328 1 1 0 1 0
TARGET 42329 1 1 0 2 0
TARGET 42330 1 1 0 1 0
TARGET 42331 1 1 0 1 0
TARGET 42332 1 0 0 1 0
TARGET 42333 1 0 0 1 0
TARGET 42334 1 1 0 2 0
TARGET 42335 1 0 0 0 0
TARGET 42336 1 1 0 3 0
TARGET 42337 1 1 0 2 0
TARGET 42338 1 1 0 2 0
TARGET 42339 1 1 0 2 0
TARGET 42340 1 1 0 2 0
TARGET 42341 1 1 0 3 0
TARGET 42342 1 1 0 1 0
TARGET 42343 1 1 0 1 0
TARGET 42344 1 0 0 1 0
TARGET 42345 1 0 0 1 0
TARGET 42346 1 1 0 2 0
TARGET 42347 1 0 0 2 0
TARGET 42348 1 0 0 0 0
TARGET 42349 1 1 0 1 0
TARGET 42350 1 0 0 1 0
TARGET 42351 1 0 0 1 0
TARGET 42352 1 1 0 2 0
TARGET 42353 1 0 0 0 0
TARGET 42354 1 0 0 1 0
TARGET 42355 1 0 0 1 0
TARGET 42356 1 1 0 2 0
TARGET 42357 1 0 0 0 0
TARGET 42358 1 0 0 1 0
TARGET 42359 1 1 0 2 0
TARGET 42360 1 0 0 0 0
TARGET 42361 1 2 0 3 0
TARGET 42362 1 0 0 2 0
TARGET 42363 1 0 0 1 0
TARGET 42364 1 0 0 1 0
TARGET 42365 1 1 0 2 0
TARGET 42366 1 0 0 1 0
TARGET 42367 1 0 0 1 0
TARGET 42368 1 0 0 1 0
TARGET 42369 1 0 0 1 0
TARGET 42370 1 0 0 1 0
TARGET 42371 1 1 0 1 0
TARGET 42372 1 1 0 1 0
TARGET 42373 1 1 0 2 0
TARGET 42374 1 1 0 1 0
TARGET 42375 1 1 0 1 0
TARGET 42376 1 0 0 1 0
TARGET 42377 1 0 0 1 0
TARGET 42378 1 1 0 2 0
TARGET 42379 1 0 0 1 0
TARGET 42380 1 1 0 2 0
TARGET 42381 1 0 0 1 0
TARGET 42382 1 0 0 1 0
TARGET 42383 1 0 0 1 0
TARGET 42384 1 0 0 1 0
TARGET 42385 1 1 0 1 0
TARGET 42386 1 1 0 2 0
TARGET 42387 1 1 0 1 0
TARGET 42388 1 1 0 1 0
TARGET 42389 1 0 0 1 0
TARGET 42390 1 0 0 1 0
TARGET 42391 1 1 0 1 0
TARGET 42392 1 1 0 2 0
TARGET 42393 1 1 0 1 0
TARGET 42394 1 1 0 1 0
TARGET 42395 1 0 0 1 0
TARGET 42396 1 0 0 1 0
TARGET 42397 1 1 0 2 0
TARGET 42398 1 1 0 2 0
TARGET 42399 1 1 0 3 0
TARGET 42400 1 1 0 2 0
TARGET 42401 1 1 0 2 0
TARGET 42402 1 1 0 2 0
TARGET 42403 1 1 0 2 0
TARGET 42404 1 1 0 3 0
TARGET 42405 1 1 0 1 0
TARGET 42406 1 1 0 2 0
TARGET 42407 1 1 0 1 0
TARGET 42408 1 1 0 1 0
TARGET 42409 1 0 0 1 0
TARGET 42410 1 0 0 1 0
TARGET 42411 1 1 0 2 0
TARGET 42412 1 1 0 1 0
TARGET 42413 1 0 0 1 0
TARGET 42414 1 0 0 1 0
TARGET 42415 1 1 0 2 0
TARGET 42416 1 1 0 1 0
TARGET 42417 1 1 0 1 0
TARGET 42418 1 0 0 1 0
TARGET 42419 1 0 0 1 0
TARGET 42420 1 1 0 2 0
TARGET 42421 1 1 0 2 0
TARGET 42422 1 0 0 1 0
TARGET 42423 1 0 0 1 0
TARGET 42424 1 0 0 1 0
TARGET 42425 1 0 0 1 0
TARGET 42426 1 1 0 2 0
TARGET 42427 1 1 0 2 0
TARGET 42428 1 0 0 1 0
TARGET 42429 1 0 0 1 0
TARGET 42430 1 0 0 1 0
TARGET 42431 1 0 0 1 0
TARGET 42432 1 1 0 2 0
TARGET 42433 1 0 0 0 0
TARGET 42434 1 0 0 0 0
TARGET 42435 1 1 0 1 0
TARGET 42436 1 0 0 0 0
TARGET 42437 1 0 0 0 0
TARGET 42438 1 1 0 1 0
TARGET 42439 1 0 0 0 0
TARGET 42440 1 0 0 0 0
TARGET 42441 1 0 0 0 0
TARGET 42442 1 0 0 0 0
TARGET 42443 1 2 0 3 0
TARGET 42444 1 2 0 3 0
TARGET 42445 1 1 0 4 0
TARGET 42446 1 1 0 3 0
TARGET 42447 1 1 0 3 0
TARGET 42448 1 3 0 4 0
TARGET 42449 1 2 0 3 0
TARGET 42450 1 2 0 3 0
TARGET 42451 1 2 0 3 0
TARGET 42452 1 2 0 3 0
TARGET 42453 1 1 0 2 0
TARGET 42454 1 1 0 2 0
TARGET 42455 1 1 0 3 0
TARGET 42456 1 1 0 2 0
TARGET 42457 1 1 0 2 0
TARGET 42458 1 2 0 3 0
TARGET 42459 1 1 0 2 0
TARGET 42460 1 1 0 2 0
TARGET 42461 1 1 0 2 0
TARGET 42462 1 1 0 2 0
TARGET 42463 1 1 0 2 0
TARGET 42464 1 1 0 2 0
TARGET 42465 1 1 0 2 0
TARGET 42466 1 1 0 2 0
TARGET 42467 1 1 0 3 0
TARGET 42468 1 1 0 2 0
TARGET 42469 1 1 0 2 0
TARGET 42470 1 1 0 2 0
TARGET 42471 1 1 0 2 0
TARGET 42472 1 1 0 3 0
TARGET 42473 1 1 0 2 0
TARGET 42474 1 1 0 2 0
TARGET 42475 1 1 0 2 0
TARGET 42476 1 1 0 2 0
TARGET 42477 1 1 0 3 0
TARGET 42478 1 1 0 2 0
TARGET 42479 1 1 0 2 0
TARGET 42480 1 1 0 2 0
TARGET 42481 1 1 0 2 0
TARGET 42482 1 1 0 3 0
TARGET 42483 1 1 0 3 0
TARGET 42484 1 1 0 3 0
TARGET 42485 1 1 0 3 0
TARGET 42486 1 1 0 3 0
TARGET 42487 1 1 0 4 0
TARGET 42488 1 1 0 3 0
TARGET 42489 1 1 0 3 0
TARGET 42490 1 1 0 3 0
TARGET 42491 1 1 0 3 0
TARGET 42492 1 1 0 4 0
TARGET 42493 1 1 0 2 0
TARGET 42494 1 1 0 2 0
TARGET 42495 1 2 0 3 0
TARGET 42496 1 1 0 2 0
TARGET 42497 1 1 0 2 0
TARGET 42498 1 1 0 2 0
TARGET 42499 1 1 0 2 0
TARGET 42500 1 1 0 2 0
TARGET 42501 1 1 0 2 0
TARGET 42502 1 1 0 2 0
TARGET 42503 1 1 0 3 0
TARGET 42504 1 1 0 2 0
TARGET 42505 1 1 0 2 0
TARGET 42506 1 1 0 2 0
TARGET 42507 1 1 0 2 0
TARGET 42508 1 1 0 3 0
TARGET 42509 1 1 0 2 0
TARGET 42510 1 2 0 3 0
TARGET 42511 1 1 0 2 0
TARGET 42512 1 1 0 2 0
TARGET 42513 1 1 0 2 0
TARGET 42514 1 1 0 2 0
TARGET 42515 1 1 0 2 0
TARGET 42516 1 1 0 3 0
TARGET 42517 1 1 0 2 0
TARGET 42518 1 1 0 2 0
TARGET 42519 1 1 0 2 0
TARGET 42520 1 1 0 2 0
TARGET 42521 1 1 0 2 0
TARGET 42522 1 1 0 3 0
TARGET 42523 1 1 0 2 0
TARGET 42524 1 1 0 2 0
TARGET 42525 1 1 0 2 0
TARGET 42526 1 1 0 2 0
TARGET 42527 1 1 0 3 0
TARGET 42528 1 2 0 3 0
TARGET 42529 1 1 0 4 0
TARGET 42530 1 1 0 3 0
TARGET 42531 1 1 0 3 0
TARGET 42532 1 2 0 3 0
TARGET 42533 1 2 0 3 0
TARGET 42534 1 1 0 4 0
TARGET 42535 1 1 0 2 0
TARGET 42536 1 1 0 3 0
TARGET 42537 1 1 0 2 0
TARGET 42538 1 1 0 2 0
TARGET 42539 1 1 0 2 0
TARGET 42540 1 1 0 2 0
TARGET 42541 1 1 0 3 0
TARGET 42542 1 1 0 2 0
TARGET 42543 1 1 0 2 0
TARGET 42544 1 1 0 2 0
TARGET 42545 1 1 0 3 0
TARGET 42546 1 1 0 2 0
TARGET 42547 1 1 0 2 0
TARGET 42548 1 1 0 2 0
TARGET 42549 1 1 0 2 0
TARGET 42550 1 1 0 3 0
TARGET 42551 1 1 0 3 0
TARGET 42552 1 1 0 2 0
TARGET 42553 1 1 0 2 0
TARGET 42554 1 1 0 2 0
TARGET 42555 1 1 0 2 0
TARGET 42556 1 1 0 3 0
TARGET 42557 1 1 0 3 0
TARGET 42558 1 1 0 2 0
TARGET 42559 1 1 0 2 0
TARGET 42560 1 1 0 2 0
TARGET 42561 1 1 0 2 0
TARGET 42562 1 1 0 3 0
TARGET 42563 1 0 0 1 0
TARGET 42564 1 0 0 1 0
TARGET 42565 1 1 0 2 0
TARGET 42566 1 1 0 1 0
TARGET 42567 1 1 0 1 0
TARGET 42568 1 1 0 2 0
TARGET 42569 1 1 0 1 0
TARGET 42570 1 1 0 1 0
TARGET 42571 1 0 0 1 0
TARGET 42572 1 0 0 1 0
TARGET 42573 1 0 0 1 0
TARGET 42574 1 0 0 1 0
TARGET 42575 1 0 0 1 0
TARGET 42576 1 0 0 1 0
TARGET 42577 1 1 0 2 0
TARGET 42578 1 0 0 1 0
TARGET 42579 1 0 0 1 0
TARGET 42580 1 0 0 1 0
TARGET 42581 1 0 0 1 0
TARGET 42582 1 1 0 2 0
TARGET 42583 1 0 0 2 0
TARGET 42584 1 0 0 1 0
TARGET 42585 1 0 0 1 0
TARGET 42586 1 0 0 1 0
TARGET 42587 1 0 0 1 0
TARGET 42588 1 1 0 2 0
TARGET 42589 1 0 0 1 0
TARGET 42590 1 0 0 1 0
TARGET 42591 1 0 0 1 0
TARGET 42592 1 0 0 1 0
TARGET 42593 1 1 0 2 0
TARGET 42594 1 0 0 2 0
TARGET 42595 1 1 0 2 0
TARGET 42596 1 1 0 2 0
TARGET 42597 1 1 0 2 0
TARGET 42598 1 1 0 2 0
TARGET 42599 1 1 0 3 0
TARGET 42600 1 1 0 2 0
TARGET 42601 1 1 0 2 0
TARGET 42602 1 1 0 2 0
TARGET 42603 1 1 0 2 0
TARGET 42604 1 1 0 3 0
TARGET 42605 1 1 0 3 0
TARGET 42606 1 0 0 1 0
TARGET 42607 1 0 0 1 0
TARGET 42608 1 1 0 2 0
TARGET 42609 1 0 0 1 0
TARGET 42610 1 0 0 1 0
TARGET 42611 1 0 0 1 0
TARGET 42612 1 0 0 1 0
TARGET 42613 1 0 0 1 0
TARGET 42614 1 1 0 1 0
TARGET 42615 1 1 0 1 0
TARGET 42616 1 1 0 2 0
TARGET 42617 1 1 0 1 0
TARGET 42618 1 1 0 1 0
TARGET 42619 1 0 0 1 0
TARGET 42620 1 0 0 1 0
TARGET 42621 1 1 0 2 0
TARGET 42622 1 0 0 2 0
TARGET 42623 1 0 0 1 0
TARGET 42624 1 1 0 2 0
TARGET 42625 1 0 0 1 0
TARGET 42626 1 0 0 1 0
TARGET 42627 1 0 0 1 0
TARGET 42628 1 0 0 1 0
TARGET 42629 1 1 0 1 0
TARGET 42630 1 1 0 2 0
TARGET 42631 1 1 0 1 0
TARGET 42632 1 1 0 1 0
TARGET 42633 1 0 0 1 0
TARGET 42634 1 0 0 1 0
TARGET 42635 1 1 0 1 0
TARGET 42636 1 1 0 2 0
TARGET 42637 1 1 0 1 0
TARGET 42638 1 1 0 1 0
TARGET 42639 1 0 0 1 0
TARGET 42640 1 0 0 1 0
TARGET 42641 1 1 0 2 0
TARGET 42642 1 0 0 2 0
TARGET 42643 1 1 0 2 0
TARGET 42644 1 1 0 3 0
TARGET 42645 1 1 0 2 0
TARGET 42646 1 1 0 2 0
TARGET 42647 1 1 0 2 0
TARGET 42648 1 1 0 2 0
TARGET 42649 1 1 0 3 0
TARGET 42650 1 1 0 3 0
TARGET 42651 1 1 0 1 0
TARGET 42652 1 1 0 2 0
TARGET 42653 1 1 0 1 0
TARGET 42654 1 1 0 1 0
TARGET 42655 1 0 0 1 0
TARGET 42656 1 0 0 1 0
TARGET 42657 1 1 0 2 0
TARGET 42658 1 0 0 2 0
TARGET 42659 1 1 0 1 0
TARGET 42660 1 0 0 1 0
TARGET 42661 1 0 0 1 0
TARGET 42662 1 1 0 2 0
TARGET 42663 1 1 0 1 0
TARGET 42664 1 1 0 1 0
TARGET 42665 1 0 0 1 0
TARGET 42666 1 0 0 1 0
TARGET 42667 1 1 0 2 0
TARGET 42668 1 0 0 2 0
TARGET 42669 1 1 0 2 0
TARGET 42670 1 0 0 1 0
TARGET 42671 1 0 0 1 0
TARGET 42672 1 0 0 1 0
TARGET 42673 1 0 0 1 0
TARGET 42674 1 1 0 2 0
TARGET 42675 1 0 0 2 0
TARGET 42676 1 1 0 2 0
TARGET 42677 1 0 0 1 0
TARGET 42678 1 0 0 1 0
TARGET 42679 1 0 0 1 0
TARGET 42680 1 0 0 1 0
TARGET 42681 1 1 0 2 0
TARGET 42682 1 0 0 2 0
TARGET 42683 1 0 0 0 0
TARGET 42684 1 0 0 0 0
TARGET 42685 1 1 0 1 0
TARGET 42686 1 0 0 0 0
TARGET 42687 1 0 0 0 0
TARGET 42688 1 1 0 1 0
TARGET 42689 1 0 0 0 0
TARGET 42690 1 0 0 0 0
TARGET 42691 1 0 0 0 0
TARGET 42692 1 0 0 0 0
TARGET 42693 1 0 0 1 0
TARGET 42694 1 0 0 1 0
TARGET 42695 1 0 0 1 0
TARGET 42696 1 0 0 1 0
TARGET 42697 1 1 0 2 0
TARGET 42698 1 0 0 1 0
TARGET 42699 1 0 0 1 0
TARGET 42700 1 0 0 1 0
TARGET 42701 1 0 0 1 0
TARGET 42702 1 1 0 2 0
TARGET 42703 1 0 0 0 0
TARGET 42704 1 0 0 1 0
TARGET 42705 1 0 0 1 0
TARGET 42706 1 0 0 1 0
TARGET 42707 1 1 0 2 0
TARGET 42708 1 0 0 1 0
TARGET 42709 1 0 0 1 0
TARGET 42710 1 0 0 1 0
TARGET 42711 1 0 0 1 0
TARGET 42712 1 1 0 2 0
TARGET 42713 1 0 0 0 0
TARGET 42714 1 0 0 1 0
TARGET 42715 1 0 0 1 0
TARGET 42716 1 1 0 2 0
TARGET 42717 1 0 0 1 0
TARGET 42718 1 0 0 1 0
TARGET 42719 1 0 0 1 0
TARGET 42720 1 0 0 1 0
TARGET 42721 1 1 0 2 0
TARGET 42722 1 0 0 0 0
TARGET 42723 1 0 0 1 0
TARGET 42724 1 1 0 2 0
TARGET 42725 1 0 0 1 0
TARGET 42726 1 0 0 1 0
TARGET 42727 1 0 0 1 0
TARGET 42728 1 0 0 1 0
TARGET 42729 1 1 0 2 0
TARGET 42730 1 0 0 0 0
TARGET 42731 1 2 0 3 0
TARGET 42732 1 1 0 2 0
TARGET 42733 1 1 0 2 0
TARGET 42734 1 1 0 2 0
TARGET 42735 1 1 0 2 0
TARGET 42736 1 1 0 3 0
TARGET 42737 1 0 0 1 0
TARGET 42738 1 0 0 1 0
TARGET 42739 1 0 0 1 0
TARGET 42740 1 0 0 1 0
TARGET 42741 1 1 0 2 0
TARGET 42742 1 0 0 2 0
TARGET 42743 1 0 0 0 0
TARGET 42744 1 0 0 1 0
TARGET 42745 1 0 0 1 0
TARGET 42746 1 0 0 1 0
TARGET 42747 1 1 0 2 0
TARGET 42748 1 0 0 0 0
TARGET 42749 1 0 0 1 0
TARGET 42750 1 0 0 1 0
TARGET 42751 1 1 0 2 0
TARGET 42752 1 0 0 0 0
TARGET 42753 1 0 0 1 0
TARGET 42754 1 1 0 2 0
TARGET 42755 1 0 0 0 0
TARGET 42756 1 2 0 3 0
TARGET 42757 1 0 0 2 0
TARGET 42758 1 0 0 1 0
TARGET 42759 1 0 0 1 0
TARGET 42760 1 0 0 1 0
TARGET 42761 1 0 0 1 0
TARGET 42762 1 1 0 2 0
TARGET 42763 1 0 0 1 0
TARGET 42764 1 0 0 1 0
TARGET 42765 1 0 0 1 0
TARGET 42766 1 0 0 1 0
TARGET 42767 1 1 0 2 0
TARGET 42768 1 0 0 0 0
TARGET 42769 1 0 0 1 0
TARGET 42770 1 0 0 1 0
TARGET 42771 1 0 0 1 0
TARGET 42772 1 1 0 2 0
TARGET 42773 1 0 0 1 0
TARGET 42774 1 0 0 1 0
TARGET 42775 1 0 0 1 0
TARGET 42776 1 0 0 1 0
TARGET 42777 1 1 0 2 0
TARGET 42778 1 0 0 0 0
TARGET 42779 1 0 0 1 0
TARGET 42780 1 0 0 1 0
TARGET 42781 1 1 0 2 0
TARGET 42782 1 0 0 1 0
TARGET 42783 1 0 0 1 0
TARGET 42784 1 0 0 1 0
TARGET 42785 1 0 0 1 0
TARGET 42786 1 1 0 2 0
TARGET 42787 1 0 0 0 0
TARGET 42788 1 0 0 1 0
TARGET 42789 1 1 0 2 0
TARGET 42790 1 0 0 1 0
TARGET 42791 1 0 0 1 0
TARGET 42792 1 0 0 1 0
TARGET 42793 1 0 0 1 0
TARGET 42794 1 1 0 2 0
TARGET 42795 1 0 0 0 0
TARGET 42796 1 2 0 3 0
TARGET 42797 1 1 0 2 0
TARGET 42798 1 1 0 2 0
TARGET 42799 1 1 0 2 0
TARGET 42800 1 1 0 2 0
TARGET 42801 1 1 0 3 0
TARGET 42802 1 0 0 1 0
TARGET 42803 1 0 0 1 0
TARGET 42804 1 0 0 1 0
TARGET 42805 1 0 0 1 0
TARGET 42806 1 1 0 2 0
TARGET 42807 1 0 0 2 0
TARGET 42808 1 0 0 0 0
TARGET 42809 1 0 0 1 0
TARGET 42810 1 0 0 1 0
TARGET 42811 1 0 0 1 0
TARGET 42812 1 1 0 2 0
TARGET 42813 1 0 0 0 0
TARGET 42814 1 0 0 1 0
TARGET 42815 1 0 0 1 0
TARGET 42816 1 1 0 2 0
TARGET 42817 1 0 0 0 0
TARGET 42818 1 0 0 1 0
TARGET 42819 1 1 0 2 0
TARGET 42820 1 0 0 0 0
TARGET 42821 1 2 0 3 0
TARGET 42822 1 0 0 2 0
TARGET 42823 1 1 0 2 0
TARGET 42824 1 1 0 2 0
TARGET 42825 1 1 0 2 0
TARGET 42826 1 1 0 2 0
TARGET 42827 1 1 0 3 0
TARGET 42828 1 1 0 2 0
TARGET 42829 1 1 0 2 0
TARGET 42830 1 1 0 2 0
TARGET 42831 1 1 0 2 0
TARGET 42832 1 2 0 3 0
TARGET 42833 1 1 0 1 0
TARGET 42834 1 1 0 2 0
TARGET 42835 1 1 0 2 0
TARGET 42836 1 1 0 2 0
TARGET 42837 1 1 0 3 0
TARGET 42838 1 1 0 2 0
TARGET 42839 1 1 0 2 0
TARGET 42840 1 1 0 2 0
TARGET 42841 1 1 0 2 0
TARGET 42842 1 2 0 3 0
TARGET 42843 1 1 0 1 0
TARGET 42844 1 1 0 2 0
TARGET 42845 1 1 0 2 0
TARGET 42846 1 1 0 3 0
TARGET 42847 1 1 0 2 0
TARGET 42848 1 1 0 2 0
TARGET 42849 1 1 0 2 0
TARGET 42850 1 1 0 2 0
TARGET 42851 1 1 0 3 0
TARGET 42852 1 1 0 1 0
TARGET 42853 1 1 0 2 0
TARGET 42854 1 1 0 3 0
TARGET 42855 1 1 0 2 0
TARGET 42856 1 1 0 2 0
TARGET 42857 1 1 0 2 0
TARGET 42858 1 1 0 2 0
TARGET 42859 1 1 0 3 0
TARGET 42860 1 1 0 1 0
TARGET 42861 1 1 0 4 0
TARGET 42862 1 1 0 3 0
TARGET 42863 1 1 0 3 0
TARGET 42864 1 1 0 3 0
TARGET 42865 1 1 0 3 0
TARGET 42866 1 1 0 4 0
TARGET 42867 1 1 0 2 0
TARGET 42868 1 1 0 2 0
TARGET 42869 1 1 0 2 0
TARGET 42870 1 1 0 2 0
TARGET 42871 1 1 0 3 0
TARGET 42872 1 1 0 3 0
TARGET 42873 1 1 0 1 0
TARGET 42874 1 1 0 2 0
TARGET 42875 1 1 0 2 0
TARGET 42876 1 1 0 2 0
TARGET 42877 1 2 0 3 0
TARGET 42878 1 1 0 1 0
TARGET 42879 1 1 0 2 0
TARGET 42880 1 1 0 2 0
TARGET 42881 1 2 0 3 0
TARGET 42882 1 1 0 1 0
TARGET 42883 1 1 0 2 0
TARGET 42884 1 2 0 3 0
TARGET 42885 1 1 0 1 0
TARGET 42886 1 3 0 4 0
TARGET 42887 1 1 0 3 0
TARGET 42888 1 0 0 1 0
TARGET 42889 1 0 0 1 0
TARGET 42890 1 1 0 2 0
TARGET 42891 1 0 0 1 0
TARGET 42892 1 0 0 1 0
TARGET 42893 1 0 0 1 0
TARGET 42894 1 0 0 1 0
TARGET 42895 1 0 0 1 0
TARGET 42896 1 0 0 1 0
TARGET 42897 1 0 0 1 0
TARGET 42898 1 1 0 2 0
TARGET 42899 1 0 0 1 0
TARGET 42900 1 0 0 1 0
TARGET 42901 1 0 0 1 0
TARGET 42902 1 0 0 1 0
TARGET 42903 1 1 0 2 0
TARGET 42904 1 0 0 1 0
TARGET 42905 1 1 0 2 0
TARGET 42906 1 0 0 1 0
TARGET 42907 1 0 0 1 0
TARGET 42908 1 0 0 1 0
TARGET 42909 1 0 0 1 0
TARGET 42910 1 0 0 1 0
TARGET 42911 1 1 0 2 0
TARGET 42912 1 0 0 1 0
TARGET 42913 1 0 0 1 0
TARGET 42914 1 0 0 1 0
TARGET 42915 1 0 0 1 0
TARGET 42916 1 0 0 1 0
TARGET 42917 1 1 0 2 0
TARGET 42918 1 0 0 1 0
TARGET 42919 1 0 0 1 0
TARGET 42920 1 0 0 1 0
TARGET 42921 1 0 0 1 0
TARGET 42922 1 1 0 2 0
TARGET 42923 1 1 0 2 0
TARGET 42924 1 1 0 3 0
TARGET 42925 1 1 0 2 0
TARGET 42926 1 1 0 2 0
TARGET 42927 1 1 0 2 0
TARGET 42928 1 1 0 2 0
TARGET 42929 1 1 0 3 0
TARGET 42930 1 0 0 1 0
TARGET 42931 1 1 0 2 0
TARGET 42932 1 0 0 1 0
TARGET 42933 1 0 0 1 0
TARGET 42934 1 0 0 1 0
TARGET 42935 1 0 0 1 0
TARGET 42936 1 1 0 2 0
TARGET 42937 1 0 0 1 0
TARGET 42938 1 0 0 1 0
TARGET 42939 1 0 0 1 0
TARGET 42940 1 1 0 2 0
TARGET 42941 1 0 0 1 0
TARGET 42942 1 0 0 1 0
TARGET 42943 1 0 0 1 0
TARGET 42944 1 0 0 1 0
TARGET 42945 1 1 0 2 0
TARGET 42946 1 1 0 2 0
TARGET 42947 1 0 0 1 0
TARGET 42948 1 0 0 1 0
TARGET 42949 1 0 0 1 0
TARGET 42950 1 0 0 1 0
TARGET 42951 1 1 0 2 0
TARGET 42952 1 1 0 2 0
TARGET 42953 1 0 0 1 0
TARGET 42954 1 0 0 1 0
TARGET 42955 1 0 0 1 0
TARGET 42956 1 0 0 1 0
TARGET 42957 1 1 0 2 0
TARGET 42958 1 0 0 0 0
TARGET 42959 1 0 0 0 0
TARGET 42960 1 1 0 1 0
TARGET 42961 1 0 0 0 0
TARGET 42962 1 0 0 0 0
TARGET 42963 1 0 0 0 0
TARGET 42964 1 0 0 0 0
TARGET 42965 1 0 0 1 0
TARGET 42966 1 0 0 1 0
TARGET 42967 1 0 0 1 0
TARGET 42968 1 1 0 2 0
TARGET 42969 1 0 0 1 0
TARGET 42970 1 0 0 1 0
TARGET 42971 1 0 0 1 0
TARGET 42972 1 0 0 1 0
TARGET 42973 1 1 0 2 0
TARGET 42974 1 0 0 0 0
TARGET 42975 1 1 0 1 0
TARGET 42976 1 1 0 1 0
TARGET 42977 1 1 0 2 0
TARGET 42978 1 1 0 1 0
TARGET 42979 1 1 0 1 0
TARGET 42980 1 0 0 1 0
TARGET 42981 1 0 0 1 0
TARGET 42982 1 1 0 2 0
TARGET 42983 1 0 0 0 0
TARGET 42984 1 1 0 1 0
TARGET 42985 1 1 0 2 0
TARGET 42986 1 1 0 1 0
TARGET 42987 1 1 0 1 0
TARGET 42988 1 0 0 1 0
TARGET 42989 1 0 0 1 0
TARGET 42990 1 1 0 2 0
TARGET 42991 1 0 0 0 0
TARGET 42992 1 1 0 3 0
TARGET 42993 1 1 0 2 0
TARGET 42994 1 1 0 2 0
TARGET 42995 1 1 0 2 0
TARGET 42996 1 1 0 2 0
TARGET 42997 1 1 0 3 0
TARGET 42998 1 1 0 1 0
TARGET 42999 1 1 0 1 0
TARGET 43000 1 0 0 1 0
PASS_1962_MONOMIAL_INTERVAL 42001 43000 1000 0
