TARGET 43001 1 0 0 1 0
TARGET 43002 1 1 0 2 0
TARGET 43003 1 0 0 2 0
TARGET 43004 1 0 0 0 0
TARGET 43005 1 1 0 1 0
TARGET 43006 1 0 0 1 0
TARGET 43007 1 0 0 1 0
TARGET 43008 1 1 0 2 0
TARGET 43009 1 0 0 0 0
TARGET 43010 1 0 0 1 0
TARGET 43011 1 0 0 1 0
TARGET 43012 1 1 0 2 0
TARGET 43013 1 0 0 0 0
TARGET 43014 1 0 0 1 0
TARGET 43015 1 1 0 2 0
TARGET 43016 1 0 0 0 0
TARGET 43017 1 2 0 3 0
TARGET 43018 1 0 0 2 0
TARGET 43019 1 0 0 1 0
TARGET 43020 1 1 0 2 0
TARGET 43021 1 0 0 1 0
TARGET 43022 1 0 0 1 0
TARGET 43023 1 0 0 1 0
TARGET 43024 1 0 0 1 0
TARGET 43025 1 0 0 1 0
TARGET 43026 1 1 0 2 0
TARGET 43027 1 0 0 1 0
TARGET 43028 1 0 0 1 0
TARGET 43029 1 0 0 1 0
TARGET 43030 1 0 0 1 0
TARGET 43031 1 0 0 1 0
TARGET 43032 1 1 0 2 0
TARGET 43033 1 0 0 1 0
TARGET 43034 1 0 0 1 0
TARGET 43035 1 0 0 1 0
TARGET 43036 1 0 0 1 0
TARGET 43037 1 1 0 2 0
TARGET 43038 1 1 0 2 0
TARGET 43039 1 1 0 3 0
TARGET 43040 1 1 0 2 0
TARGET 43041 1 1 0 2 0
TARGET 43042 1 1 0 2 0
TARGET 43043 1 1 0 2 0
TARGET 43044 1 1 0 3 0
TARGET 43045 1 0 0 1 0
TARGET 43046 1 1 0 2 0
TARGET 43047 1 0 0 1 0
TARGET 43048 1 0 0 1 0
TARGET 43049 1 0 0 1 0
TARGET 43050 1 0 0 1 0
TARGET 43051 1 1 0 2 0
TARGET 43052 1 0 0 1 0
TARGET 43053 1 0 0 1 0
TARGET 43054 1 0 0 1 0
TARGET 43055 1 1 0 2 0
TARGET 43056 1 0 0 1 0
TARGET 43057 1 0 0 1 0
TARGET 43058 1 0 0 1 0
TARGET 43059 1 0 0 1 0
TARGET 43060 1 1 0 2 0
TARGET 43061 1 1 0 2 0
TARGET 43062 1 0 0 1 0
TARGET 43063 1 0 0 1 0
TARGET 43064 1 0 0 1 0
TARGET 43065 1 0 0 1 0
TARGET 43066 1 1 0 2 0
TARGET 43067 1 1 0 2 0
TARGET 43068 1 0 0 1 0
TARGET 43069 1 0 0 1 0
TARGET 43070 1 0 0 1 0
TARGET 43071 1 0 0 1 0
TARGET 43072 1 1 0 2 0
TARGET 43073 1 0 0 0 0
TARGET 43074 1 1 0 1 0
TARGET 43075 1 0 0 0 0
TARGET 43076 1 0 0 0 0
TARGET 43077 1 0 0 0 0
TARGET 43078 1 0 0 0 0
TARGET 43079 1 1 0 1 0
TARGET 43080 1 1 0 2 0
TARGET 43081 1 1 0 1 0
TARGET 43082 1 1 0 1 0
TARGET 43083 1 0 0 1 0
TARGET 43084 1 0 0 1 0
TARGET 43085 1 1 0 1 0
TARGET 43086 1 1 0 2 0
TARGET 43087 1 1 0 1 0
TARGET 43088 1 1 0 1 0
TARGET 43089 1 0 0 1 0
TARGET 43090 1 0 0 1 0
TARGET 43091 1 1 0 2 0
TARGET 43092 1 1 0 2 0
TARGET 43093 1 1 0 3 0
TARGET 43094 1 1 0 2 0
TARGET 43095 1 1 0 2 0
TARGET 43096 1 1 0 2 0
TARGET 43097 1 1 0 2 0
TARGET 43098 1 1 0 3 0
TARGET 43099 1 1 0 1 0
TARGET 43100 1 1 0 2 0
TARGET 43101 1 1 0 1 0
TARGET 43102 1 1 0 1 0
TARGET 43103 1 0 0 1 0
TARGET 43104 1 0 0 1 0
TARGET 43105 1 1 0 2 0
TARGET 43106 1 1 0 1 0
TARGET 43107 1 0 0 1 0
TARGET 43108 1 0 0 1 0
TARGET 43109 1 1 0 2 0
TARGET 43110 1 1 0 1 0
TARGET 43111 1 1 0 1 0
TARGET 43112 1 0 0 1 0
TARGET 43113 1 0 0 1 0
TARGET 43114 1 1 0 2 0
TARGET 43115 1 1 0 2 0
TARGET 43116 1 0 0 1 0
TARGET 43117 1 0 0 1 0
TARGET 43118 1 0 0 1 0
TARGET 43119 1 0 0 1 0
TARGET 43120 1 1 0 2 0
TARGET 43121 1 1 0 2 0
TARGET 43122 1 0 0 1 0
TARGET 43123 1 0 0 1 0
TARGET 43124 1 0 0 1 0
TARGET 43125 1 0 0 1 0
TARGET 43126 1 1 0 2 0
TARGET 43127 1 0 0 0 0
TARGET 43128 1 1 0 1 0
TARGET 43129 1 0 0 0 0
TARGET 43130 1 0 0 0 0
TARGET 43131 1 0 0 0 0
TARGET 43132 1 0 0 0 0
TARGET 43133 1 1 0 1 0
TARGET 43134 1 1 0 2 0
TARGET 43135 1 1 0 1 0
TARGET 43136 1 1 0 1 0
TARGET 43137 1 0 0 1 0
TARGET 43138 1 0 0 1 0
TARGET 43139 1 1 0 2 0
TARGET 43140 1 0 0 0 0
TARGET 43141 1 2 0 3 0
TARGET 43142 1 1 0 2 0
TARGET 43143 1 1 0 2 0
TARGET 43144 1 1 0 2 0
TARGET 43145 1 1 0 2 0
TARGET 43146 1 1 0 3 0
TARGET 43147 1 1 0 1 0
TARGET 43148 1 1 0 1 0
TARGET 43149 1 0 0 1 0
TARGET 43150 1 0 0 1 0
TARGET 43151 1 1 0 2 0
TARGET 43152 1 0 0 2 0
TARGET 43153 1 0 0 0 0
TARGET 43154 1 1 0 1 0
TARGET 43155 1 0 0 1 0
TARGET 43156 1 0 0 1 0
TARGET 43157 1 1 0 2 0
TARGET 43158 1 0 0 0 0
TARGET 43159 1 0 0 1 0
TARGET 43160 1 0 0 1 0
TARGET 43161 1 1 0 2 0
TARGET 43162 1 0 0 0 0
TARGET 43163 1 0 0 1 0
TARGET 43164 1 1 0 2 0
TARGET 43165 1 0 0 0 0
TARGET 43166 1 1 0 3 0
TARGET 43167 1 0 0 2 0
TARGET 43168 1 1 0 2 0
TARGET 43169 1 1 0 3 0
TARGET 43170 1 1 0 2 0
TARGET 43171 1 1 0 2 0
TARGET 43172 1 1 0 2 0
TARGET 43173 1 1 0 2 0
TARGET 43174 1 1 0 3 0
TARGET 43175 1 1 0 1 0
TARGET 43176 1 1 0 4 0
TARGET 43177 1 1 0 3 0
TARGET 43178 1 1 0 3 0
TARGET 43179 1 1 0 3 0
TARGET 43180 1 1 0 3 0
TARGET 43181 1 1 0 4 0
TARGET 43182 1 1 0 2 0
TARGET 43183 1 1 0 2 0
TARGET 43184 1 1 0 2 0
TARGET 43185 1 1 0 2 0
TARGET 43186 1 1 0 3 0
TARGET 43187 1 1 0 3 0
TARGET 43188 1 1 0 1 0
TARGET 43189 1 1 0 2 0
TARGET 43190 1 1 0 2 0
TARGET 43191 1 1 0 2 0
TARGET 43192 1 1 0 3 0
TARGET 43193 1 1 0 1 0
TARGET 43194 1 1 0 2 0
TARGET 43195 1 1 0 2 0
TARGET 43196 1 1 0 3 0
TARGET 43197 1 1 0 1 0
TARGET 43198 1 1 0 2 0
TARGET 43199 1 1 0 3 0
TARGET 43200 1 1 0 1 0
TARGET 43201 1 1 0 4 0
TARGET 43202 1 1 0 3 0
TARGET 43203 1 1 0 1 0
TARGET 43204 1 1 0 2 0
TARGET 43205 1 1 0 1 0
TARGET 43206 1 1 0 1 0
TARGET 43207 1 0 0 1 0
TARGET 43208 1 0 0 1 0
TARGET 43209 1 1 0 2 0
TARGET 43210 1 0 0 0 0
TARGET 43211 1 1 0 3 0
TARGET 43212 1 1 0 2 0
TARGET 43213 1 1 0 2 0
TARGET 43214 1 1 0 2 0
TARGET 43215 1 1 0 2 0
TARGET 43216 1 1 0 3 0
TARGET 43217 1 1 0 1 0
TARGET 43218 1 1 0 1 0
TARGET 43219 1 0 0 1 0
TARGET 43220 1 0 0 1 0
TARGET 43221 1 1 0 2 0
TARGET 43222 1 0 0 2 0
TARGET 43223 1 0 0 0 0
TARGET 43224 1 1 0 1 0
TARGET 43225 1 0 0 1 0
TARGET 43226 1 0 0 1 0
TARGET 43227 1 1 0 2 0
TARGET 43228 1 0 0 0 0
TARGET 43229 1 0 0 1 0
TARGET 43230 1 0 0 1 0
TARGET 43231 1 1 0 2 0
TARGET 43232 1 0 0 0 0
TARGET 43233 1 0 0 1 0
TARGET 43234 1 1 0 2 0
TARGET 43235 1 0 0 0 0
TARGET 43236 1 1 0 3 0
TARGET 43237 1 0 0 2 0
TARGET 43238 1 1 0 1 0
TARGET 43239 1 0 0 1 0
TARGET 43240 1 0 0 1 0
TARGET 43241 1 1 0 2 0
TARGET 43242 1 1 0 1 0
TARGET 43243 1 1 0 1 0
TARGET 43244 1 0 0 1 0
TARGET 43245 1 0 0 1 0
TARGET 43246 1 1 0 2 0
TARGET 43247 1 0 0 0 0
TARGET 43248 1 1 0 2 0
TARGET 43249 1 0 0 1 0
TARGET 43250 1 0 0 1 0
TARGET 43251 1 0 0 1 0
TARGET 43252 1 0 0 1 0
TARGET 43253 1 1 0 2 0
TARGET 43254 1 1 0 2 0
TARGET 43255 1 0 0 1 0
TARGET 43256 1 0 0 1 0
TARGET 43257 1 0 0 1 0
TARGET 43258 1 0 0 1 0
TARGET 43259 1 1 0 2 0
TARGET 43260 1 1 0 3 0
TARGET 43261 1 1 0 2 0
TARGET 43262 1 1 0 2 0
TARGET 43263 1 1 0 2 0
TARGET 43264 1 1 0 2 0
TARGET 43265 1 1 0 3 0
TARGET 43266 1 1 0 1 0
TARGET 43267 1 1 0 1 0
TARGET 43268 1 0 0 1 0
TARGET 43269 1 0 0 1 0
TARGET 43270 1 1 0 2 0
TARGET 43271 1 0 0 2 0
TARGET 43272 1 0 0 0 0
TARGET 43273 1 1 0 1 0
TARGET 43274 1 0 0 1 0
TARGET 43275 1 0 0 1 0
TARGET 43276 1 1 0 2 0
TARGET 43277 1 0 0 0 0
TARGET 43278 1 0 0 1 0
TARGET 43279 1 0 0 1 0
TARGET 43280 1 1 0 2 0
TARGET 43281 1 0 0 0 0
TARGET 43282 1 0 0 1 0
TARGET 43283 1 1 0 2 0
TARGET 43284 1 0 0 0 0
TARGET 43285 1 1 0 3 0
TARGET 43286 1 0 0 2 0
TARGET 43287 1 0 0 0 0
TARGET 43288 1 0 0 0 0
TARGET 43289 1 2 0 3 0
TARGET 43290 1 1 0 2 0
TARGET 43291 1 1 0 2 0
TARGET 43292 1 1 0 2 0
TARGET 43293 1 1 0 2 0
TARGET 43294 1 1 0 3 0
TARGET 43295 1 0 0 1 0
TARGET 43296 1 0 0 1 0
TARGET 43297 1 0 0 1 0
TARGET 43298 1 0 0 1 0
TARGET 43299 1 1 0 2 0
TARGET 43300 1 0 0 2 0
TARGET 43301 1 0 0 0 0
TARGET 43302 1 0 0 1 0
TARGET 43303 1 0 0 1 0
TARGET 43304 1 0 0 1 0
TARGET 43305 1 1 0 2 0
TARGET 43306 1 0 0 0 0
TARGET 43307 1 0 0 1 0
TARGET 43308 1 0 0 1 0
TARGET 43309 1 1 0 2 0
TARGET 43310 1 0 0 0 0
TARGET 43311 1 0 0 1 0
TARGET 43312 1 1 0 2 0
TARGET 43313 1 0 0 0 0
TARGET 43314 1 2 0 3 0
TARGET 43315 1 0 0 2 0
TARGET 43316 1 2 0 3 0
TARGET 43317 1 1 0 2 0
TARGET 43318 1 1 0 2 0
TARGET 43319 1 1 0 2 0
TARGET 43320 1 1 0 2 0
TARGET 43321 1 1 0 3 0
TARGET 43322 1 0 0 1 0
TARGET 43323 1 0 0 1 0
TARGET 43324 1 0 0 1 0
TARGET 43325 1 0 0 1 0
TARGET 43326 1 1 0 2 0
TARGET 43327 1 0 0 2 0
TARGET 43328 1 0 0 0 0
TARGET 43329 1 0 0 1 0
TARGET 43330 1 0 0 1 0
TARGET 43331 1 0 0 1 0
TARGET 43332 1 1 0 2 0
TARGET 43333 1 0 0 0 0
TARGET 43334 1 0 0 1 0
TARGET 43335 1 0 0 1 0
TARGET 43336 1 1 0 2 0
TARGET 43337 1 0 0 0 0
TARGET 43338 1 0 0 1 0
TARGET 43339 1 1 0 2 0
TARGET 43340 1 0 0 0 0
TARGET 43341 1 2 0 3 0
TARGET 43342 1 0 0 2 0
TARGET 43343 1 0 0 1 0
TARGET 43344 1 0 0 1 0
TARGET 43345 1 0 0 1 0
TARGET 43346 1 0 0 1 0
TARGET 43347 1 0 0 1 0
TARGET 43348 1 0 0 1 0
TARGET 43349 1 0 0 1 0
TARGET 43350 1 0 0 1 0
TARGET 43351 1 0 0 1 0
TARGET 43352 1 0 0 1 0
TARGET 43353 1 0 0 0 0
TARGET 43354 1 0 0 1 0
TARGET 43355 1 0 0 1 0
TARGET 43356 1 0 0 1 0
TARGET 43357 1 0 0 1 0
TARGET 43358 1 0 0 1 0
TARGET 43359 1 0 0 1 0
TARGET 43360 1 0 0 1 0
TARGET 43361 1 0 0 1 0
TARGET 43362 1 0 0 1 0
TARGET 43363 1 0 0 0 0
TARGET 43364 1 0 0 1 0
TARGET 43365 1 0 0 1 0
TARGET 43366 1 0 0 1 0
TARGET 43367 1 0 0 1 0
TARGET 43368 1 0 0 1 0
TARGET 43369 1 0 0 1 0
TARGET 43370 1 0 0 1 0
TARGET 43371 1 0 0 1 0
TARGET 43372 1 0 0 0 0
TARGET 43373 1 0 0 1 0
TARGET 43374 1 0 0 1 0
TARGET 43375 1 0 0 1 0
TARGET 43376 1 0 0 1 0
TARGET 43377 1 0 0 1 0
TARGET 43378 1 0 0 1 0
TARGET 43379 1 0 0 1 0
TARGET 43380 1 0 0 0 0
TARGET 43381 1 0 0 1 0
TARGET 43382 1 0 0 1 0
TARGET 43383 1 0 0 1 0
TARGET 43384 1 0 0 1 0
TARGET 43385 1 0 0 1 0
TARGET 43386 1 0 0 1 0
TARGET 43387 1 0 0 0 0
TARGET 43388 1 0 0 1 0
TARGET 43389 1 0 0 1 0
TARGET 43390 1 0 0 1 0
TARGET 43391 1 0 0 1 0
TARGET 43392 1 0 0 1 0
TARGET 43393 1 0 0 0 0
TARGET 43394 1 0 0 1 0
TARGET 43395 1 0 0 1 0
TARGET 43396 1 0 0 1 0
TARGET 43397 1 0 0 1 0
TARGET 43398 1 0 0 0 0
TARGET 43399 1 0 0 1 0
TARGET 43400 1 0 0 1 0
TARGET 43401 1 0 0 1 0
TARGET 43402 1 0 0 0 0
TARGET 43403 1 0 0 1 0
TARGET 43404 1 0 0 1 0
TARGET 43405 1 0 0 0 0
TARGET 43406 1 0 0 1 0
TARGET 43407 1 0 0 0 0
TARGET 43408 1 1 0 1 0
TARGET 43409 1 0 0 1 0
TARGET 43410 1 1 0 1 0
TARGET 43411 1 1 0 1 0
TARGET 43412 1 0 0 1 0
TARGET 43413 1 1 0 1 0
TARGET 43414 1 1 0 1 0
TARGET 43415 1 0 0 1 0
TARGET 43416 1 0 0 1 0
TARGET 43417 1 1 0 1 0
TARGET 43418 1 0 0 1 0
TARGET 43419 1 1 0 1 0
TARGET 43420 1 0 0 1 0
TARGET 43421 1 1 0 1 0
TARGET 43422 1 0 0 1 0
TARGET 43423 1 1 0 1 0
TARGET 43424 1 1 0 1 0
TARGET 43425 1 1 0 1 0
TARGET 43426 1 0 0 0 0
TARGET 43427 1 0 0 1 0
TARGET 43428 1 0 0 1 0
TARGET 43429 1 0 0 1 0
TARGET 43430 1 0 0 1 0
TARGET 43431 1 0 0 1 0
TARGET 43432 1 0 0 1 0
TARGET 43433 1 0 0 1 0
TARGET 43434 1 0 0 1 0
TARGET 43435 1 0 0 1 0
TARGET 43436 1 1 0 1 0
TARGET 43437 1 1 0 1 0
TARGET 43438 1 0 0 1 0
TARGET 43439 1 1 0 1 0
TARGET 43440 1 1 0 1 0
TARGET 43441 1 1 0 1 0
TARGET 43442 1 0 0 1 0
TARGET 43443 1 0 0 1 0
TARGET 43444 1 1 0 1 0
TARGET 43445 1 0 0 1 0
TARGET 43446 1 1 0 1 0
TARGET 43447 1 0 0 1 0
TARGET 43448 1 1 0 1 0
TARGET 43449 1 0 0 1 0
TARGET 43450 1 0 0 1 0
TARGET 43451 1 1 0 1 0
TARGET 43452 1 0 0 1 0
TARGET 43453 1 1 0 1 0
TARGET 43454 1 0 0 1 0
TARGET 43455 1 1 0 1 0
TARGET 43456 1 0 0 1 0
TARGET 43457 1 1 0 1 0
TARGET 43458 1 1 0 1 0
TARGET 43459 1 1 0 1 0
TARGET 43460 1 0 0 0 0
TARGET 43461 1 0 0 1 0
TARGET 43462 1 0 0 1 0
TARGET 43463 1 0 0 1 0
TARGET 43464 1 0 0 1 0
TARGET 43465 1 0 0 1 0
TARGET 43466 1 0 0 1 0
TARGET 43467 1 0 0 1 0
TARGET 43468 1 0 0 1 0
TARGET 43469 1 1 0 1 0
TARGET 43470 1 1 0 1 0
TARGET 43471 1 0 0 1 0
TARGET 43472 1 0 0 1 0
TARGET 43473 1 1 0 1 0
TARGET 43474 1 0 0 1 0
TARGET 43475 1 1 0 1 0
TARGET 43476 1 0 0 1 0
TARGET 43477 1 1 0 1 0
TARGET 43478 1 0 0 1 0
TARGET 43479 1 0 0 1 0
TARGET 43480 1 1 0 1 0
TARGET 43481 1 0 0 1 0
TARGET 43482 1 1 0 1 0
TARGET 43483 1 0 0 1 0
TARGET 43484 1 1 0 1 0
TARGET 43485 1 0 0 1 0
TARGET 43486 1 1 0 1 0
TARGET 43487 1 1 0 1 0
TARGET 43488 1 1 0 1 0
TARGET 43489 1 0 0 0 0
TARGET 43490 1 0 0 1 0
TARGET 43491 1 0 0 1 0
TARGET 43492 1 0 0 1 0
TARGET 43493 1 0 0 1 0
TARGET 43494 1 0 0 1 0
TARGET 43495 1 0 0 1 0
TARGET 43496 1 0 0 1 0
TARGET 43497 1 0 0 1 0
TARGET 43498 1 0 0 1 0
TARGET 43499 1 0 0 1 0
TARGET 43500 1 0 0 1 0
TARGET 43501 1 0 0 1 0
TARGET 43502 1 0 0 1 0
TARGET 43503 1 0 0 1 0
TARGET 43504 1 0 0 0 0
TARGET 43505 1 1 0 1 0
TARGET 43506 1 0 0 1 0
TARGET 43507 1 1 0 1 0
TARGET 43508 1 0 0 1 0
TARGET 43509 1 1 0 1 0
TARGET 43510 1 0 0 1 0
TARGET 43511 1 0 0 0 0
TARGET 43512 1 0 0 1 0
TARGET 43513 1 0 0 1 0
TARGET 43514 1 0 0 1 0
TARGET 43515 1 0 0 1 0
TARGET 43516 1 0 0 1 0
TARGET 43517 1 0 0 0 0
TARGET 43518 1 1 0 1 0
TARGET 43519 1 0 0 1 0
TARGET 43520 1 1 0 1 0
TARGET 43521 1 0 0 1 0
TARGET 43522 1 0 0 0 0
TARGET 43523 1 0 0 1 0
TARGET 43524 1 0 0 1 0
TARGET 43525 1 0 0 1 0
TARGET 43526 1 0 0 0 0
TARGET 43527 1 1 0 1 0
TARGET 43528 1 0 0 1 0
TARGET 43529 1 0 0 0 0
TARGET 43530 1 0 0 1 0
TARGET 43531 1 0 0 0 0
TARGET 43532 1 0 0 1 0
TARGET 43533 1 1 0 1 0
TARGET 43534 1 0 0 1 0
TARGET 43535 1 1 0 1 0
TARGET 43536 1 0 0 1 0
TARGET 43537 1 1 0 1 0
TARGET 43538 1 0 0 1 0
TARGET 43539 1 0 0 1 0
TARGET 43540 1 1 0 1 0
TARGET 43541 1 0 0 1 0
TARGET 43542 1 1 0 1 0
TARGET 43543 1 0 0 1 0
TARGET 43544 1 1 0 1 0
TARGET 43545 1 0 0 1 0
TARGET 43546 1 0 0 1 0
TARGET 43547 1 1 0 1 0
TARGET 43548 1 0 0 1 0
TARGET 43549 1 1 0 1 0
TARGET 43550 1 0 0 1 0
TARGET 43551 1 1 0 1 0
TARGET 43552 1 0 0 1 0
TARGET 43553 1 0 0 0 0
TARGET 43554 1 0 0 0 0
TARGET 43555 1 0 0 0 0
TARGET 43556 1 0 0 0 0
TARGET 43557 1 0 0 0 0
TARGET 43558 1 0 0 0 0
TARGET 43559 1 0 0 0 0
TARGET 43560 1 0 0 0 0
TARGET 43561 1 0 0 1 0
TARGET 43562 1 0 0 1 0
TARGET 43563 1 0 0 1 0
TARGET 43564 1 0 0 1 0
TARGET 43565 1 0 0 1 0
TARGET 43566 1 0 0 1 0
TARGET 43567 1 0 0 1 0
TARGET 43568 1 0 0 1 0
TARGET 43569 1 0 0 1 0
TARGET 43570 1 0 0 0 0
TARGET 43571 1 0 0 1 0
TARGET 43572 1 0 0 1 0
TARGET 43573 1 0 0 1 0
TARGET 43574 1 0 0 1 0
TARGET 43575 1 0 0 1 0
TARGET 43576 1 0 0 1 0
TARGET 43577 1 0 0 1 0
TARGET 43578 1 0 0 1 0
TARGET 43579 1 0 0 0 0
TARGET 43580 1 0 0 1 0
TARGET 43581 1 0 0 1 0
TARGET 43582 1 0 0 1 0
TARGET 43583 1 0 0 1 0
TARGET 43584 1 0 0 1 0
TARGET 43585 1 0 0 1 0
TARGET 43586 1 0 0 1 0
TARGET 43587 1 0 0 0 0
TARGET 43588 1 0 0 1 0
TARGET 43589 1 0 0 1 0
TARGET 43590 1 0 0 1 0
TARGET 43591 1 0 0 1 0
TARGET 43592 1 0 0 1 0
TARGET 43593 1 0 0 1 0
TARGET 43594 1 0 0 0 0
TARGET 43595 1 0 0 1 0
TARGET 43596 1 0 0 1 0
TARGET 43597 1 0 0 1 0
TARGET 43598 1 0 0 1 0
TARGET 43599 1 0 0 1 0
TARGET 43600 1 0 0 0 0
TARGET 43601 1 0 0 1 0
TARGET 43602 1 0 0 1 0
TARGET 43603 1 0 0 1 0
TARGET 43604 1 0 0 1 0
TARGET 43605 1 0 0 0 0
TARGET 43606 1 0 0 1 0
TARGET 43607 1 0 0 1 0
TARGET 43608 1 0 0 1 0
TARGET 43609 1 0 0 0 0
TARGET 43610 1 0 0 1 0
TARGET 43611 1 0 0 1 0
TARGET 43612 1 0 0 0 0
TARGET 43613 1 0 0 1 0
TARGET 43614 1 0 0 0 0
TARGET 43615 1 1 0 1 0
TARGET 43616 1 0 0 1 0
TARGET 43617 1 1 0 1 0
TARGET 43618 1 1 0 1 0
TARGET 43619 1 0 0 1 0
TARGET 43620 1 0 0 1 0
TARGET 43621 1 1 0 1 0
TARGET 43622 1 0 0 1 0
TARGET 43623 1 1 0 1 0
TARGET 43624 1 0 0 1 0
TARGET 43625 1 1 0 1 0
TARGET 43626 1 0 0 1 0
TARGET 43627 1 1 0 1 0
TARGET 43628 1 1 0 1 0
TARGET 43629 1 1 0 1 0
TARGET 43630 1 0 0 0 0
TARGET 43631 1 0 0 1 0
TARGET 43632 1 0 0 1 0
TARGET 43633 1 0 0 1 0
TARGET 43634 1 0 0 1 0
TARGET 43635 1 0 0 1 0
TARGET 43636 1 0 0 1 0
TARGET 43637 1 0 0 1 0
TARGET 43638 1 0 0 1 0
TARGET 43639 1 1 0 1 0
TARGET 43640 1 1 0 1 0
TARGET 43641 1 0 0 1 0
TARGET 43642 1 0 0 1 0
TARGET 43643 1 1 0 1 0
TARGET 43644 1 0 0 1 0
TARGET 43645 1 1 0 1 0
TARGET 43646 1 0 0 1 0
TARGET 43647 1 1 0 1 0
TARGET 43648 1 0 0 1 0
TARGET 43649 1 0 0 1 0
TARGET 43650 1 1 0 1 0
TARGET 43651 1 0 0 1 0
TARGET 43652 1 1 0 1 0
TARGET 43653 1 0 0 1 0
TARGET 43654 1 1 0 1 0
TARGET 43655 1 0 0 1 0
TARGET 43656 1 1 0 1 0
TARGET 43657 1 1 0 1 0
TARGET 43658 1 1 0 1 0
TARGET 43659 1 0 0 0 0
TARGET 43660 1 0 0 1 0
TARGET 43661 1 0 0 1 0
TARGET 43662 1 0 0 1 0
TARGET 43663 1 0 0 1 0
TARGET 43664 1 0 0 1 0
TARGET 43665 1 0 0 1 0
TARGET 43666 1 0 0 1 0
TARGET 43667 1 0 0 1 0
TARGET 43668 1 0 0 1 0
TARGET 43669 1 0 0 1 0
TARGET 43670 1 0 0 1 0
TARGET 43671 1 0 0 1 0
TARGET 43672 1 0 0 1 0
TARGET 43673 1 0 0 1 0
TARGET 43674 1 0 0 0 0
TARGET 43675 1 1 0 1 0
TARGET 43676 1 0 0 1 0
TARGET 43677 1 1 0 1 0
TARGET 43678 1 0 0 1 0
TARGET 43679 1 1 0 1 0
TARGET 43680 1 0 0 1 0
TARGET 43681 1 0 0 0 0
TARGET 43682 1 0 0 1 0
TARGET 43683 1 0 0 1 0
TARGET 43684 1 0 0 1 0
TARGET 43685 1 0 0 1 0
TARGET 43686 1 0 0 1 0
TARGET 43687 1 0 0 0 0
TARGET 43688 1 1 0 1 0
TARGET 43689 1 0 0 1 0
TARGET 43690 1 1 0 1 0
TARGET 43691 1 0 0 1 0
TARGET 43692 1 0 0 0 0
TARGET 43693 1 0 0 1 0
TARGET 43694 1 0 0 1 0
TARGET 43695 1 0 0 1 0
TARGET 43696 1 0 0 0 0
TARGET 43697 1 1 0 1 0
TARGET 43698 1 0 0 1 0
TARGET 43699 1 0 0 0 0
TARGET 43700 1 0 0 1 0
TARGET 43701 1 0 0 0 0
TARGET 43702 1 0 0 1 0
TARGET 43703 1 1 0 1 0
TARGET 43704 1 0 0 1 0
TARGET 43705 1 1 0 1 0
TARGET 43706 1 0 0 1 0
TARGET 43707 1 1 0 1 0
TARGET 43708 1 0 0 1 0
TARGET 43709 1 0 0 1 0
TARGET 43710 1 1 0 1 0
TARGET 43711 1 0 0 1 0
TARGET 43712 1 1 0 1 0
TARGET 43713 1 0 0 1 0
TARGET 43714 1 1 0 1 0
TARGET 43715 1 0 0 1 0
TARGET 43716 1 0 0 1 0
TARGET 43717 1 1 0 1 0
TARGET 43718 1 0 0 1 0
TARGET 43719 1 1 0 1 0
TARGET 43720 1 0 0 1 0
TARGET 43721 1 1 0 1 0
TARGET 43722 1 0 0 1 0
TARGET 43723 1 0 0 0 0
TARGET 43724 1 0 0 0 0
TARGET 43725 1 0 0 0 0
TARGET 43726 1 0 0 0 0
TARGET 43727 1 0 0 0 0
TARGET 43728 1 0 0 0 0
TARGET 43729 1 0 0 1 0
TARGET 43730 1 0 0 1 0
TARGET 43731 1 0 0 1 0
TARGET 43732 1 0 0 1 0
TARGET 43733 1 0 0 1 0
TARGET 43734 1 0 0 1 0
TARGET 43735 1 0 0 1 0
TARGET 43736 1 0 0 1 0
TARGET 43737 1 0 0 0 0
TARGET 43738 1 0 0 1 0
TARGET 43739 1 0 0 1 0
TARGET 43740 1 0 0 1 0
TARGET 43741 1 0 0 1 0
TARGET 43742 1 0 0 1 0
TARGET 43743 1 0 0 1 0
TARGET 43744 1 0 0 1 0
TARGET 43745 1 0 0 0 0
TARGET 43746 1 0 0 1 0
TARGET 43747 1 0 0 1 0
TARGET 43748 1 0 0 1 0
TARGET 43749 1 0 0 1 0
TARGET 43750 1 0 0 1 0
TARGET 43751 1 0 0 1 0
TARGET 43752 1 0 0 0 0
TARGET 43753 1 0 0 1 0
TARGET 43754 1 0 0 1 0
TARGET 43755 1 0 0 1 0
TARGET 43756 1 0 0 1 0
TARGET 43757 1 0 0 1 0
TARGET 43758 1 0 0 0 0
TARGET 43759 1 0 0 1 0
TARGET 43760 1 0 0 1 0
TARGET 43761 1 0 0 1 0
TARGET 43762 1 0 0 1 0
TARGET 43763 1 0 0 0 0
TARGET 43764 1 0 0 1 0
TARGET 43765 1 0 0 1 0
TARGET 43766 1 0 0 1 0
TARGET 43767 1 0 0 0 0
TARGET 43768 1 0 0 1 0
TARGET 43769 1 0 0 1 0
TARGET 43770 1 0 0 0 0
TARGET 43771 1 0 0 1 0
TARGET 43772 1 0 0 0 0
TARGET 43773 1 1 0 1 0
TARGET 43774 1 0 0 1 0
TARGET 43775 1 0 0 1 0
TARGET 43776 1 1 0 1 0
TARGET 43777 1 0 0 1 0
TARGET 43778 1 1 0 1 0
TARGET 43779 1 0 0 1 0
TARGET 43780 1 1 0 1 0
TARGET 43781 1 0 0 1 0
TARGET 43782 1 1 0 1 0
TARGET 43783 1 1 0 1 0
TARGET 43784 1 1 0 1 0
TARGET 43785 1 0 0 0 0
TARGET 43786 1 0 0 1 0
TARGET 43787 1 0 0 1 0
TARGET 43788 1 0 0 1 0
TARGET 43789 1 0 0 1 0
TARGET 43790 1 0 0 1 0
TARGET 43791 1 0 0 1 0
TARGET 43792 1 0 0 1 0
TARGET 43793 1 0 0 1 0
TARGET 43794 1 0 0 1 0
TARGET 43795 1 0 0 1 0
TARGET 43796 1 0 0 1 0
TARGET 43797 1 0 0 1 0
TARGET 43798 1 0 0 1 0
TARGET 43799 1 0 0 1 0
TARGET 43800 1 0 0 0 0
TARGET 43801 1 1 0 1 0
TARGET 43802 1 0 0 1 0
TARGET 43803 1 1 0 1 0
TARGET 43804 1 0 0 1 0
TARGET 43805 1 1 0 1 0
TARGET 43806 1 0 0 1 0
TARGET 43807 1 0 0 0 0
TARGET 43808 1 0 0 1 0
TARGET 43809 1 0 0 1 0
TARGET 43810 1 0 0 1 0
TARGET 43811 1 0 0 1 0
TARGET 43812 1 0 0 1 0
TARGET 43813 1 0 0 0 0
TARGET 43814 1 1 0 1 0
TARGET 43815 1 0 0 1 0
TARGET 43816 1 1 0 1 0
TARGET 43817 1 0 0 1 0
TARGET 43818 1 0 0 0 0
TARGET 43819 1 0 0 1 0
TARGET 43820 1 0 0 1 0
TARGET 43821 1 0 0 1 0
TARGET 43822 1 0 0 0 0
TARGET 43823 1 1 0 1 0
TARGET 43824 1 0 0 1 0
TARGET 43825 1 0 0 0 0
TARGET 43826 1 0 0 1 0
TARGET 43827 1 0 0 0 0
TARGET 43828 1 0 0 1 0
TARGET 43829 1 1 0 1 0
TARGET 43830 1 0 0 1 0
TARGET 43831 1 1 0 1 0
TARGET 43832 1 0 0 1 0
TARGET 43833 1 1 0 1 0
TARGET 43834 1 0 0 1 0
TARGET 43835 1 0 0 1 0
TARGET 43836 1 1 0 1 0
TARGET 43837 1 0 0 1 0
TARGET 43838 1 1 0 1 0
TARGET 43839 1 0 0 1 0
TARGET 43840 1 1 0 1 0
TARGET 43841 1 0 0 1 0
TARGET 43842 1 0 0 1 0
TARGET 43843 1 1 0 1 0
TARGET 43844 1 0 0 1 0
TARGET 43845 1 1 0 1 0
TARGET 43846 1 0 0 1 0
TARGET 43847 1 1 0 1 0
TARGET 43848 1 0 0 1 0
TARGET 43849 1 0 0 0 0
TARGET 43850 1 0 0 0 0
TARGET 43851 1 0 0 0 0
TARGET 43852 1 0 0 0 0
TARGET 43853 1 0 0 1 0
TARGET 43854 1 0 0 1 0
TARGET 43855 1 0 0 1 0
TARGET 43856 1 0 0 1 0
TARGET 43857 1 0 0 1 0
TARGET 43858 1 0 0 1 0
TARGET 43859 1 0 0 1 0
TARGET 43860 1 0 0 0 0
TARGET 43861 1 0 0 1 0
TARGET 43862 1 0 0 1 0
TARGET 43863 1 0 0 1 0
TARGET 43864 1 0 0 1 0
TARGET 43865 1 0 0 1 0
TARGET 43866 1 0 0 1 0
TARGET 43867 1 0 0 0 0
TARGET 43868 1 0 0 1 0
TARGET 43869 1 0 0 1 0
TARGET 43870 1 0 0 1 0
TARGET 43871 1 0 0 1 0
TARGET 43872 1 0 0 1 0
TARGET 43873 1 0 0 0 0
TARGET 43874 1 0 0 1 0
TARGET 43875 1 0 0 1 0
TARGET 43876 1 0 0 1 0
TARGET 43877 1 0 0 1 0
TARGET 43878 1 0 0 0 0
TARGET 43879 1 0 0 1 0
TARGET 43880 1 0 0 1 0
TARGET 43881 1 0 0 1 0
TARGET 43882 1 0 0 0 0
TARGET 43883 1 0 0 1 0
TARGET 43884 1 0 0 1 0
TARGET 43885 1 0 0 0 0
TARGET 43886 1 0 0 1 0
TARGET 43887 1 0 0 0 0
TARGET 43888 1 0 0 1 0
TARGET 43889 1 0 0 1 0
TARGET 43890 1 0 0 1 0
TARGET 43891 1 0 0 1 0
TARGET 43892 1 0 0 1 0
TARGET 43893 1 0 0 1 0
TARGET 43894 1 0 0 1 0
TARGET 43895 1 0 0 0 0
TARGET 43896 1 1 0 1 0
TARGET 43897 1 0 0 1 0
TARGET 43898 1 1 0 1 0
TARGET 43899 1 0 0 1 0
TARGET 43900 1 1 0 1 0
TARGET 43901 1 0 0 1 0
TARGET 43902 1 0 0 0 0
TARGET 43903 1 0 0 1 0
TARGET 43904 1 0 0 1 0
TARGET 43905 1 0 0 1 0
TARGET 43906 1 0 0 1 0
TARGET 43907 1 0 0 1 0
TARGET 43908 1 0 0 0 0
TARGET 43909 1 1 0 1 0
TARGET 43910 1 0 0 1 0
TARGET 43911 1 1 0 1 0
TARGET 43912 1 0 0 1 0
TARGET 43913 1 0 0 0 0
TARGET 43914 1 0 0 1 0
TARGET 43915 1 0 0 1 0
TARGET 43916 1 0 0 1 0
TARGET 43917 1 0 0 0 0
TARGET 43918 1 1 0 1 0
TARGET 43919 1 0 0 1 0
TARGET 43920 1 0 0 0 0
TARGET 43921 1 0 0 1 0
TARGET 43922 1 0 0 0 0
TARGET 43923 1 0 0 1 0
TARGET 43924 1 0 0 1 0
TARGET 43925 1 0 0 1 0
TARGET 43926 1 0 0 1 0
TARGET 43927 1 0 0 1 0
TARGET 43928 1 0 0 1 0
TARGET 43929 1 0 0 1 0
TARGET 43930 1 0 0 0 0
TARGET 43931 1 1 0 1 0
TARGET 43932 1 0 0 1 0
TARGET 43933 1 1 0 1 0
TARGET 43934 1 0 0 1 0
TARGET 43935 1 1 0 1 0
TARGET 43936 1 0 0 1 0
TARGET 43937 1 0 0 0 0
TARGET 43938 1 0 0 1 0
TARGET 43939 1 0 0 1 0
TARGET 43940 1 0 0 1 0
TARGET 43941 1 0 0 1 0
TARGET 43942 1 0 0 1 0
TARGET 43943 1 0 0 0 0
TARGET 43944 1 1 0 1 0
TARGET 43945 1 0 0 1 0
TARGET 43946 1 1 0 1 0
TARGET 43947 1 0 0 1 0
TARGET 43948 1 0 0 0 0
TARGET 43949 1 0 0 1 0
TARGET 43950 1 0 0 1 0
TARGET 43951 1 0 0 1 0
TARGET 43952 1 0 0 0 0
TARGET 43953 1 1 0 1 0
TARGET 43954 1 0 0 1 0
TARGET 43955 1 0 0 0 0
TARGET 43956 1 0 0 1 0
TARGET 43957 1 0 0 0 0
TARGET 43958 1 0 0 1 0
TARGET 43959 1 0 0 1 0
TARGET 43960 1 0 0 1 0
TARGET 43961 1 0 0 1 0
TARGET 43962 1 0 0 1 0
TARGET 43963 1 0 0 1 0
TARGET 43964 1 0 0 1 0
TARGET 43965 1 0 0 0 0
TARGET 43966 1 1 0 1 0
TARGET 43967 1 0 0 1 0
TARGET 43968 1 1 0 1 0
TARGET 43969 1 0 0 1 0
TARGET 43970 1 1 0 1 0
TARGET 43971 1 0 0 1 0
TARGET 43972 1 0 0 0 0
TARGET 43973 1 0 0 1 0
TARGET 43974 1 0 0 1 0
TARGET 43975 1 0 0 1 0
TARGET 43976 1 0 0 1 0
TARGET 43977 1 0 0 1 0
TARGET 43978 1 0 0 0 0
TARGET 43979 1 1 0 1 0
TARGET 43980 1 0 0 1 0
TARGET 43981 1 1 0 1 0
TARGET 43982 1 0 0 1 0
TARGET 43983 1 0 0 0 0
TARGET 43984 1 0 0 1 0
TARGET 43985 1 0 0 1 0
TARGET 43986 1 0 0 1 0
TARGET 43987 1 0 0 0 0
TARGET 43988 1 1 0 1 0
TARGET 43989 1 0 0 1 0
TARGET 43990 1 0 0 0 0
TARGET 43991 1 0 0 1 0
TARGET 43992 1 0 0 0 0
TARGET 43993 1 1 0 1 0
TARGET 43994 1 1 0 2 0
TARGET 43995 1 1 0 1 0
TARGET 43996 1 0 0 1 0
TARGET 43997 1 1 0 2 0
TARGET 43998 1 1 0 1 0
TARGET 43999 1 0 0 1 0
TARGET 44000 1 0 0 1 0
PASS_1962_MONOMIAL_INTERVAL 43001 44000 1000 0
