TARGET 4001 1 0 0 1 0
TARGET 4002 1 0 0 1 0
TARGET 4003 1 0 0 1 0
TARGET 4004 1 0 0 1 0
TARGET 4005 1 0 0 1 0
TARGET 4006 1 0 0 1 0
TARGET 4007 1 0 0 1 0
TARGET 4008 1 0 0 1 0
TARGET 4009 1 0 0 1 0
TARGET 4010 1 0 0 1 0
TARGET 4011 1 0 0 0 0
TARGET 4012 1 0 0 0 0
TARGET 4013 1 0 0 0 0
TARGET 4014 1 0 0 0 0
TARGET 4015 1 0 0 1 0
TARGET 4016 1 0 0 1 0
TARGET 4017 1 0 0 1 0
TARGET 4018 1 0 0 0 0
TARGET 4019 1 0 0 1 0
TARGET 4020 1 0 0 1 0
TARGET 4021 1 0 0 0 0
TARGET 4022 1 0 0 1 0
TARGET 4023 1 0 0 0 0
TARGET 4024 1 0 0 1 0
TARGET 4025 1 0 0 1 0
TARGET 4026 1 0 0 1 0
TARGET 4027 1 0 0 1 0
TARGET 4028 1 0 0 1 0
TARGET 4029 1 0 0 1 0
TARGET 4030 1 0 0 1 0
TARGET 4031 1 0 0 1 0
TARGET 4032 1 0 0 1 0
TARGET 4033 1 0 0 0 0
TARGET 4034 1 0 0 0 0
TARGET 4035 1 0 0 0 0
TARGET 4036 1 0 0 1 0
TARGET 4037 1 0 0 1 0
TARGET 4038 1 0 0 0 0
TARGET 4039 1 0 0 1 0
TARGET 4040 1 0 0 0 0
TARGET 4041 1 1 0 1 0
TARGET 4042 1 1 0 1 0
TARGET 4043 1 1 0 1 0
TARGET 4044 1 1 0 1 0
TARGET 4045 1 0 0 0 0
TARGET 4046 1 0 0 0 0
TARGET 4047 1 1 0 1 0
TARGET 4048 1 1 0 1 0
TARGET 4049 1 0 0 0 0
TARGET 4050 1 0 0 0 0
TARGET 4051 1 0 0 1 0
TARGET 4052 1 0 0 1 0
TARGET 4053 1 0 0 1 0
TARGET 4054 1 0 0 1 0
TARGET 4055 1 0 0 1 0
TARGET 4056 1 0 0 1 0
TARGET 4057 1 0 0 1 0
TARGET 4058 1 0 0 1 0
TARGET 4059 1 0 0 1 0
TARGET 4060 1 0 0 1 0
TARGET 4061 1 0 0 1 0
TARGET 4062 1 0 0 1 0
TARGET 4063 1 0 0 1 0
TARGET 4064 1 0 0 1 0
TARGET 4065 1 0 0 1 0
TARGET 4066 1 0 0 1 0
TARGET 4067 1 0 0 1 0
TARGET 4068 1 0 0 1 0
TARGET 4069 1 0 0 1 0
TARGET 4070 1 0 0 1 0
TARGET 4071 1 0 0 1 0
TARGET 4072 1 0 0 1 0
TARGET 4073 1 0 0 1 0
TARGET 4074 1 0 0 1 0
TARGET 4075 1 0 0 1 0
TARGET 4076 1 0 0 1 0
TARGET 4077 1 0 0 1 0
TARGET 4078 1 0 0 1 0
TARGET 4079 1 0 0 1 0
TARGET 4080 1 0 0 1 0
TARGET 4081 1 0 0 1 0
TARGET 4082 1 0 0 1 0
TARGET 4083 1 0 0 1 0
TARGET 4084 1 0 0 1 0
TARGET 4085 1 0 0 1 0
TARGET 4086 1 0 0 1 0
TARGET 4087 1 0 0 0 0
TARGET 4088 1 0 0 0 0
TARGET 4089 1 0 0 0 0
TARGET 4090 1 0 0 0 0
TARGET 4091 1 0 0 0 0
TARGET 4092 1 0 0 0 0
TARGET 4093 1 0 0 1 0
TARGET 4094 1 0 0 1 0
TARGET 4095 1 0 0 1 0
TARGET 4096 1 0 0 1 0
TARGET 4097 1 0 0 1 0
TARGET 4098 1 0 0 1 0
TARGET 4099 1 0 0 1 0
TARGET 4100 1 0 0 1 0
TARGET 4101 1 0 0 1 0
TARGET 4102 1 0 0 1 0
TARGET 4103 1 0 0 1 0
TARGET 4104 1 0 0 1 0
TARGET 4105 1 0 0 1 0
TARGET 4106 1 0 0 1 0
TARGET 4107 1 0 0 1 0
TARGET 4108 1 0 0 1 0
TARGET 4109 1 0 0 1 0
TARGET 4110 1 0 0 1 0
TARGET 4111 1 0 0 1 0
TARGET 4112 1 0 0 1 0
TARGET 4113 1 0 0 1 0
TARGET 4114 1 0 0 1 0
TARGET 4115 1 0 0 1 0
TARGET 4116 1 0 0 1 0
TARGET 4117 1 0 0 1 0
TARGET 4118 1 0 0 1 0
TARGET 4119 1 0 0 1 0
TARGET 4120 1 0 0 1 0
TARGET 4121 1 0 0 1 0
TARGET 4122 1 0 0 1 0
TARGET 4123 1 0 0 0 0
TARGET 4124 1 0 0 0 0
TARGET 4125 1 0 0 0 0
TARGET 4126 1 0 0 0 0
TARGET 4127 1 0 0 0 0
TARGET 4128 1 0 0 0 0
TARGET 4129 1 0 0 1 0
TARGET 4130 1 0 0 1 0
TARGET 4131 1 0 0 1 0
TARGET 4132 1 0 0 1 0
TARGET 4133 1 0 0 0 0
TARGET 4134 1 0 0 1 0
TARGET 4135 1 0 0 1 0
TARGET 4136 1 0 0 1 0
TARGET 4137 1 0 0 0 0
TARGET 4138 1 0 0 1 0
TARGET 4139 1 0 0 1 0
TARGET 4140 1 0 0 0 0
TARGET 4141 1 0 0 1 0
TARGET 4142 1 0 0 0 0
TARGET 4143 1 0 0 1 0
TARGET 4144 1 0 0 1 0
TARGET 4145 1 0 0 1 0
TARGET 4146 1 0 0 1 0
TARGET 4147 1 0 0 0 0
TARGET 4148 1 0 0 1 0
TARGET 4149 1 0 0 1 0
TARGET 4150 1 0 0 1 0
TARGET 4151 1 0 0 0 0
TARGET 4152 1 0 0 1 0
TARGET 4153 1 0 0 1 0
TARGET 4154 1 0 0 0 0
TARGET 4155 1 0 0 1 0
TARGET 4156 1 0 0 0 0
TARGET 4157 1 0 0 1 0
TARGET 4158 1 0 0 1 0
TARGET 4159 1 0 0 1 0
TARGET 4160 1 0 0 1 0
TARGET 4161 1 0 0 1 0
TARGET 4162 1 0 0 1 0
TARGET 4163 1 0 0 1 0
TARGET 4164 1 0 0 1 0
TARGET 4165 1 0 0 1 0
TARGET 4166 1 0 0 1 0
TARGET 4167 1 0 0 1 0
TARGET 4168 1 0 0 1 0
TARGET 4169 1 0 0 1 0
TARGET 4170 1 0 0 1 0
TARGET 4171 1 0 0 1 0
TARGET 4172 1 0 0 1 0
TARGET 4173 1 0 0 0 0
TARGET 4174 1 0 0 0 0
TARGET 4175 1 0 0 0 0
TARGET 4176 1 0 0 0 0
TARGET 4177 1 0 0 1 0
TARGET 4178 1 0 0 1 0
TARGET 4179 1 0 0 1 0
TARGET 4180 1 0 0 0 0
TARGET 4181 1 0 0 1 0
TARGET 4182 1 0 0 1 0
TARGET 4183 1 0 0 0 0
TARGET 4184 1 0 0 1 0
TARGET 4185 1 0 0 0 0
TARGET 4186 1 1 0 1 0
TARGET 4187 1 1 0 1 0
TARGET 4188 1 0 0 1 0
TARGET 4189 1 1 0 1 0
TARGET 4190 1 0 0 1 0
TARGET 4191 1 1 0 1 0
TARGET 4192 1 0 0 1 0
TARGET 4193 1 0 0 1 0
TARGET 4194 1 0 0 1 0
TARGET 4195 1 0 0 0 0
TARGET 4196 1 0 0 0 0
TARGET 4197 1 0 0 0 0
TARGET 4198 1 1 0 1 0
TARGET 4199 1 0 0 1 0
TARGET 4200 1 1 0 1 0
TARGET 4201 1 0 0 1 0
TARGET 4202 1 0 0 0 0
TARGET 4203 1 0 0 1 0
TARGET 4204 1 0 0 1 0
TARGET 4205 1 0 0 1 0
TARGET 4206 1 0 0 0 0
TARGET 4207 1 0 0 0 0
TARGET 4208 1 0 0 0 0
TARGET 4209 1 0 0 1 0
TARGET 4210 1 0 0 1 0
TARGET 4211 1 0 0 0 0
TARGET 4212 1 0 0 0 0
TARGET 4213 1 0 0 1 0
TARGET 4214 1 0 0 1 0
TARGET 4215 1 0 0 1 0
TARGET 4216 1 0 0 1 0
TARGET 4217 1 0 0 1 0
TARGET 4218 1 0 0 1 0
TARGET 4219 1 0 0 1 0
TARGET 4220 1 0 0 1 0
TARGET 4221 1 0 0 1 0
TARGET 4222 1 0 0 1 0
TARGET 4223 1 0 0 1 0
TARGET 4224 1 0 0 1 0
TARGET 4225 1 0 0 1 0
TARGET 4226 1 0 0 1 0
TARGET 4227 1 0 0 1 0
TARGET 4228 1 0 0 1 0
TARGET 4229 1 0 0 1 0
TARGET 4230 1 0 0 1 0
TARGET 4231 1 0 0 1 0
TARGET 4232 1 0 0 1 0
TARGET 4233 1 0 0 1 0
TARGET 4234 1 0 0 1 0
TARGET 4235 1 0 0 1 0
TARGET 4236 1 0 0 1 0
TARGET 4237 1 0 0 1 0
TARGET 4238 1 0 0 1 0
TARGET 4239 1 0 0 1 0
TARGET 4240 1 0 0 1 0
TARGET 4241 1 0 0 1 0
TARGET 4242 1 0 0 1 0
TARGET 4243 1 0 0 1 0
TARGET 4244 1 0 0 1 0
TARGET 4245 1 0 0 1 0
TARGET 4246 1 0 0 1 0
TARGET 4247 1 0 0 1 0
TARGET 4248 1 0 0 1 0
TARGET 4249 1 0 0 0 0
TARGET 4250 1 0 0 0 0
TARGET 4251 1 0 0 0 0
TARGET 4252 1 0 0 0 0
TARGET 4253 1 0 0 0 0
TARGET 4254 1 0 0 0 0
TARGET 4255 1 0 0 1 0
TARGET 4256 1 1 0 1 0
TARGET 4257 1 0 0 1 0
TARGET 4258 1 1 0 1 0
TARGET 4259 1 0 0 1 0
TARGET 4260 1 0 0 1 0
TARGET 4261 1 0 0 1 0
TARGET 4262 1 0 0 1 0
TARGET 4263 1 0 0 1 0
TARGET 4264 1 0 0 1 0
TARGET 4265 1 0 0 1 0
TARGET 4266 1 0 0 1 0
TARGET 4267 1 0 0 1 0
TARGET 4268 1 0 0 1 0
TARGET 4269 1 0 0 1 0
TARGET 4270 1 1 0 1 0
TARGET 4271 1 0 0 1 0
TARGET 4272 1 0 0 1 0
TARGET 4273 1 1 0 1 0
TARGET 4274 1 0 0 1 0
TARGET 4275 1 0 0 1 0
TARGET 4276 1 0 0 1 0
TARGET 4277 1 0 0 1 0
TARGET 4278 1 0 0 1 0
TARGET 4279 1 0 0 1 0
TARGET 4280 1 0 0 1 0
TARGET 4281 1 0 0 1 0
TARGET 4282 1 0 0 1 0
TARGET 4283 1 0 0 1 0
TARGET 4284 1 0 0 1 0
TARGET 4285 1 0 0 0 0
TARGET 4286 1 0 0 0 0
TARGET 4287 1 0 0 0 0
TARGET 4288 1 0 0 0 0
TARGET 4289 1 0 0 0 0
TARGET 4290 1 0 0 0 0
TARGET 4291 1 0 0 1 0
TARGET 4292 1 0 0 1 0
TARGET 4293 1 0 0 1 0
TARGET 4294 1 0 0 1 0
TARGET 4295 1 0 0 1 0
TARGET 4296 1 0 0 1 0
TARGET 4297 1 0 0 1 0
TARGET 4298 1 0 0 1 0
TARGET 4299 1 0 0 1 0
TARGET 4300 1 0 0 1 0
TARGET 4301 1 0 0 1 0
TARGET 4302 1 0 0 1 0
TARGET 4303 1 0 0 1 0
TARGET 4304 1 0 0 1 0
TARGET 4305 1 0 0 1 0
TARGET 4306 1 0 0 1 0
TARGET 4307 1 0 0 1 0
TARGET 4308 1 0 0 1 0
TARGET 4309 1 0 0 1 0
TARGET 4310 1 0 0 1 0
TARGET 4311 1 0 0 1 0
TARGET 4312 1 0 0 1 0
TARGET 4313 1 0 0 1 0
TARGET 4314 1 0 0 1 0
TARGET 4315 1 0 0 0 0
TARGET 4316 1 0 0 0 0
TARGET 4317 1 0 0 0 0
TARGET 4318 1 0 0 0 0
TARGET 4319 1 0 0 0 0
TARGET 4320 1 0 0 0 0
TARGET 4321 1 0 0 1 0
TARGET 4322 1 0 0 1 0
TARGET 4323 1 0 0 1 0
TARGET 4324 1 0 0 0 0
TARGET 4325 1 0 0 1 0
TARGET 4326 1 0 0 1 0
TARGET 4327 1 0 0 0 0
TARGET 4328 1 0 0 1 0
TARGET 4329 1 0 0 0 0
TARGET 4330 1 1 0 1 0
TARGET 4331 1 0 0 1 0
TARGET 4332 1 0 0 1 0
TARGET 4333 1 1 0 1 0
TARGET 4334 1 0 0 1 0
TARGET 4335 1 0 0 1 0
TARGET 4336 1 0 0 1 0
TARGET 4337 1 0 0 0 0
TARGET 4338 1 0 0 1 0
TARGET 4339 1 0 0 1 0
TARGET 4340 1 0 0 1 0
TARGET 4341 1 0 0 1 0
TARGET 4342 1 0 0 1 0
TARGET 4343 1 0 0 1 0
TARGET 4344 1 0 0 1 0
TARGET 4345 1 0 0 0 0
TARGET 4346 1 0 0 1 0
TARGET 4347 1 0 0 1 0
TARGET 4348 1 0 0 1 0
TARGET 4349 1 0 0 1 0
TARGET 4350 1 0 0 0 0
TARGET 4351 1 0 0 0 0
TARGET 4352 1 0 0 0 0
TARGET 4353 1 0 0 0 0
TARGET 4354 1 0 0 0 0
TARGET 4355 1 0 0 1 0
TARGET 4356 1 0 0 1 0
TARGET 4357 1 0 0 0 0
TARGET 4358 1 0 0 1 0
TARGET 4359 1 0 0 0 0
TARGET 4360 1 0 0 1 0
TARGET 4361 1 0 0 1 0
TARGET 4362 1 0 0 1 0
TARGET 4363 1 0 0 1 0
TARGET 4364 1 0 0 1 0
TARGET 4365 1 0 0 1 0
TARGET 4366 1 0 0 0 0
TARGET 4367 1 0 0 0 0
TARGET 4368 1 0 0 0 0
TARGET 4369 1 0 0 1 0
TARGET 4370 1 0 0 0 0
TARGET 4371 1 0 0 1 0
TARGET 4372 1 0 0 1 0
TARGET 4373 1 0 0 0 0
TARGET 4374 1 0 0 0 0
TARGET 4375 1 3 0 4 0
TARGET 4376 1 2 0 3 0
TARGET 4377 1 1 0 4 0
TARGET 4378 1 1 0 3 0
TARGET 4379 1 2 0 3 0
TARGET 4380 1 1 0 4 0
TARGET 4381 1 1 0 3 0
TARGET 4382 1 1 0 3 0
TARGET 4383 1 1 0 3 0
TARGET 4384 1 2 0 3 0
TARGET 4385 1 1 0 2 0
TARGET 4386 1 1 0 3 0
TARGET 4387 1 1 0 2 0
TARGET 4388 1 1 0 2 0
TARGET 4389 1 1 0 3 0
TARGET 4390 1 1 0 2 0
TARGET 4391 1 1 0 2 0
TARGET 4392 1 1 0 2 0
TARGET 4393 1 1 0 4 0
TARGET 4394 1 1 0 3 0
TARGET 4395 1 1 0 4 0
TARGET 4396 1 1 0 3 0
TARGET 4397 1 1 0 3 0
TARGET 4398 1 1 0 4 0
TARGET 4399 1 1 0 3 0
TARGET 4400 1 1 0 3 0
TARGET 4401 1 1 0 3 0
TARGET 4402 1 1 0 3 0
TARGET 4403 1 1 0 2 0
TARGET 4404 1 1 0 3 0
TARGET 4405 1 1 0 2 0
TARGET 4406 1 1 0 2 0
TARGET 4407 1 1 0 3 0
TARGET 4408 1 1 0 2 0
TARGET 4409 1 1 0 2 0
TARGET 4410 1 1 0 2 0
TARGET 4411 1 1 0 4 0
TARGET 4412 1 1 0 3 0
TARGET 4413 1 2 0 3 0
TARGET 4414 1 1 0 3 0
TARGET 4415 1 1 0 3 0
TARGET 4416 1 1 0 3 0
TARGET 4417 1 1 0 2 0
TARGET 4418 1 1 0 2 0
TARGET 4419 1 1 0 2 0
TARGET 4420 1 1 0 2 0
TARGET 4421 1 1 0 4 0
TARGET 4422 1 1 0 3 0
TARGET 4423 1 1 0 3 0
TARGET 4424 1 1 0 4 0
TARGET 4425 1 1 0 3 0
TARGET 4426 1 1 0 3 0
TARGET 4427 1 1 0 3 0
TARGET 4428 1 1 0 3 0
TARGET 4429 1 1 0 2 0
TARGET 4430 1 1 0 2 0
TARGET 4431 1 1 0 3 0
TARGET 4432 1 1 0 2 0
TARGET 4433 1 1 0 2 0
TARGET 4434 1 1 0 2 0
TARGET 4435 1 1 0 3 0
TARGET 4436 1 1 0 3 0
TARGET 4437 1 1 0 3 0
TARGET 4438 1 1 0 2 0
TARGET 4439 1 1 0 2 0
TARGET 4440 1 1 0 2 0
TARGET 4441 1 1 0 2 0
TARGET 4442 1 1 0 3 0
TARGET 4443 1 1 0 2 0
TARGET 4444 1 1 0 2 0
TARGET 4445 1 1 0 2 0
TARGET 4446 1 1 0 2 0
TARGET 4447 1 1 0 2 0
TARGET 4448 1 1 0 3 0
TARGET 4449 1 1 0 3 0
TARGET 4450 1 1 0 2 0
TARGET 4451 1 1 0 2 0
TARGET 4452 1 1 0 2 0
TARGET 4453 1 1 0 2 0
TARGET 4454 1 1 0 2 0
TARGET 4455 1 1 0 2 0
TARGET 4456 1 1 0 2 0
TARGET 4457 1 1 0 1 0
TARGET 4458 1 1 0 2 0
TARGET 4459 1 1 0 1 0
TARGET 4460 1 1 0 1 0
TARGET 4461 1 1 0 2 0
TARGET 4462 1 1 0 1 0
TARGET 4463 1 1 0 1 0
TARGET 4464 1 1 0 1 0
TARGET 4465 1 1 0 3 0
TARGET 4466 1 1 0 2 0
TARGET 4467 1 1 0 3 0
TARGET 4468 1 1 0 2 0
TARGET 4469 1 1 0 2 0
TARGET 4470 1 1 0 3 0
TARGET 4471 1 1 0 2 0
TARGET 4472 1 1 0 2 0
TARGET 4473 1 1 0 2 0
TARGET 4474 1 1 0 2 0
TARGET 4475 1 1 0 1 0
TARGET 4476 1 1 0 2 0
TARGET 4477 1 1 0 1 0
TARGET 4478 1 1 0 1 0
TARGET 4479 1 1 0 2 0
TARGET 4480 1 1 0 1 0
TARGET 4481 1 1 0 1 0
TARGET 4482 1 1 0 1 0
TARGET 4483 1 1 0 3 0
TARGET 4484 1 1 0 2 0
TARGET 4485 1 1 0 2 0
TARGET 4486 1 1 0 2 0
TARGET 4487 1 1 0 2 0
TARGET 4488 1 1 0 3 0
TARGET 4489 1 1 0 2 0
TARGET 4490 1 1 0 1 0
TARGET 4491 1 1 0 1 0
TARGET 4492 1 1 0 1 0
TARGET 4493 1 1 0 1 0
TARGET 4494 1 0 0 2 0
TARGET 4495 1 1 0 3 0
TARGET 4496 1 1 0 2 0
TARGET 4497 1 1 0 2 0
TARGET 4498 1 1 0 3 0
TARGET 4499 1 1 0 2 0
TARGET 4500 1 1 0 2 0
TARGET 4501 1 1 0 2 0
TARGET 4502 1 1 0 2 0
TARGET 4503 1 1 0 1 0
TARGET 4504 1 1 0 1 0
TARGET 4505 1 1 0 2 0
TARGET 4506 1 1 0 1 0
TARGET 4507 1 1 0 1 0
TARGET 4508 1 1 0 1 0
TARGET 4509 1 1 0 2 0
TARGET 4510 1 1 0 2 0
TARGET 4511 1 1 0 2 0
TARGET 4512 1 1 0 3 0
TARGET 4513 1 1 0 1 0
TARGET 4514 1 1 0 1 0
TARGET 4515 1 1 0 1 0
TARGET 4516 1 0 0 2 0
TARGET 4517 1 1 0 1 0
TARGET 4518 1 1 0 2 0
TARGET 4519 1 1 0 1 0
TARGET 4520 1 1 0 1 0
TARGET 4521 1 1 0 1 0
TARGET 4522 1 1 0 1 0
TARGET 4523 1 1 0 1 0
TARGET 4524 1 0 0 2 0
TARGET 4525 1 1 0 2 0
TARGET 4526 1 1 0 2 0
TARGET 4527 1 1 0 3 0
TARGET 4528 1 1 0 1 0
TARGET 4529 1 1 0 1 0
TARGET 4530 1 0 0 2 0
TARGET 4531 1 1 0 1 0
TARGET 4532 1 1 0 1 0
TARGET 4533 1 1 0 1 0
TARGET 4534 1 0 0 2 0
TARGET 4535 1 1 0 1 0
TARGET 4536 1 0 0 2 0
TARGET 4537 1 1 0 1 0
TARGET 4538 1 0 0 0 0
TARGET 4539 1 1 0 1 0
TARGET 4540 1 0 0 0 0
TARGET 4541 1 0 0 0 0
TARGET 4542 1 1 0 1 0
TARGET 4543 1 0 0 0 0
TARGET 4544 1 0 0 0 0
TARGET 4545 1 0 0 0 0
TARGET 4546 1 1 0 4 0
TARGET 4547 1 1 0 3 0
TARGET 4548 1 3 0 4 0
TARGET 4549 1 2 0 3 0
TARGET 4550 1 1 0 3 0
TARGET 4551 1 1 0 4 0
TARGET 4552 1 1 0 3 0
TARGET 4553 1 2 0 3 0
TARGET 4554 1 1 0 3 0
TARGET 4555 1 1 0 3 0
TARGET 4556 1 1 0 2 0
TARGET 4557 1 2 0 3 0
TARGET 4558 1 1 0 2 0
TARGET 4559 1 1 0 2 0
TARGET 4560 1 1 0 3 0
TARGET 4561 1 1 0 2 0
TARGET 4562 1 1 0 2 0
TARGET 4563 1 1 0 2 0
TARGET 4564 1 1 0 4 0
TARGET 4565 1 1 0 3 0
TARGET 4566 1 1 0 3 0
TARGET 4567 1 1 0 3 0
TARGET 4568 1 1 0 3 0
TARGET 4569 1 1 0 3 0
TARGET 4570 1 1 0 2 0
TARGET 4571 1 1 0 2 0
TARGET 4572 1 1 0 2 0
TARGET 4573 1 1 0 2 0
TARGET 4574 1 1 0 4 0
TARGET 4575 1 1 0 3 0
TARGET 4576 1 1 0 3 0
TARGET 4577 1 1 0 4 0
TARGET 4578 1 1 0 3 0
TARGET 4579 1 1 0 3 0
TARGET 4580 1 1 0 3 0
TARGET 4581 1 1 0 3 0
TARGET 4582 1 1 0 2 0
TARGET 4583 1 1 0 2 0
TARGET 4584 1 1 0 3 0
TARGET 4585 1 1 0 2 0
TARGET 4586 1 1 0 2 0
TARGET 4587 1 1 0 2 0
TARGET 4588 1 1 0 3 0
TARGET 4589 1 2 0 3 0
TARGET 4590 1 1 0 3 0
TARGET 4591 1 1 0 2 0
TARGET 4592 1 1 0 2 0
TARGET 4593 1 1 0 2 0
TARGET 4594 1 1 0 2 0
TARGET 4595 1 1 0 3 0
TARGET 4596 1 1 0 2 0
TARGET 4597 1 1 0 2 0
TARGET 4598 1 1 0 2 0
TARGET 4599 1 1 0 2 0
TARGET 4600 1 1 0 2 0
TARGET 4601 1 1 0 3 0
TARGET 4602 1 1 0 3 0
TARGET 4603 1 1 0 2 0
TARGET 4604 1 1 0 2 0
TARGET 4605 1 1 0 2 0
TARGET 4606 1 1 0 2 0
TARGET 4607 1 1 0 2 0
TARGET 4608 1 1 0 2 0
TARGET 4609 1 1 0 2 0
TARGET 4610 1 1 0 1 0
TARGET 4611 1 1 0 2 0
TARGET 4612 1 1 0 1 0
TARGET 4613 1 1 0 1 0
TARGET 4614 1 1 0 2 0
TARGET 4615 1 1 0 1 0
TARGET 4616 1 1 0 1 0
TARGET 4617 1 1 0 1 0
TARGET 4618 1 1 0 3 0
TARGET 4619 1 1 0 2 0
TARGET 4620 1 1 0 2 0
TARGET 4621 1 1 0 2 0
TARGET 4622 1 1 0 2 0
TARGET 4623 1 1 0 3 0
TARGET 4624 1 1 0 2 0
TARGET 4625 1 1 0 1 0
TARGET 4626 1 1 0 1 0
TARGET 4627 1 1 0 1 0
TARGET 4628 1 1 0 1 0
TARGET 4629 1 0 0 2 0
TARGET 4630 1 1 0 3 0
TARGET 4631 1 1 0 2 0
TARGET 4632 1 1 0 2 0
TARGET 4633 1 1 0 3 0
TARGET 4634 1 1 0 2 0
TARGET 4635 1 1 0 2 0
TARGET 4636 1 1 0 2 0
TARGET 4637 1 1 0 2 0
TARGET 4638 1 1 0 1 0
TARGET 4639 1 1 0 1 0
TARGET 4640 1 1 0 2 0
TARGET 4641 1 1 0 1 0
TARGET 4642 1 1 0 1 0
TARGET 4643 1 1 0 1 0
TARGET 4644 1 1 0 2 0
TARGET 4645 1 1 0 2 0
TARGET 4646 1 1 0 2 0
TARGET 4647 1 1 0 3 0
TARGET 4648 1 1 0 1 0
TARGET 4649 1 1 0 1 0
TARGET 4650 1 1 0 1 0
TARGET 4651 1 0 0 2 0
TARGET 4652 1 1 0 1 0
TARGET 4653 1 1 0 2 0
TARGET 4654 1 1 0 1 0
TARGET 4655 1 1 0 1 0
TARGET 4656 1 1 0 1 0
TARGET 4657 1 1 0 1 0
TARGET 4658 1 1 0 1 0
TARGET 4659 1 0 0 2 0
TARGET 4660 1 1 0 2 0
TARGET 4661 1 1 0 2 0
TARGET 4662 1 1 0 3 0
TARGET 4663 1 1 0 1 0
TARGET 4664 1 1 0 1 0
TARGET 4665 1 0 0 2 0
TARGET 4666 1 1 0 1 0
TARGET 4667 1 1 0 1 0
TARGET 4668 1 1 0 1 0
TARGET 4669 1 0 0 2 0
TARGET 4670 1 1 0 1 0
TARGET 4671 1 0 0 2 0
TARGET 4672 1 1 0 1 0
TARGET 4673 1 0 0 0 0
TARGET 4674 1 1 0 1 0
TARGET 4675 1 0 0 0 0
TARGET 4676 1 0 0 0 0
TARGET 4677 1 1 0 1 0
TARGET 4678 1 0 0 0 0
TARGET 4679 1 0 0 0 0
TARGET 4680 1 0 0 0 0
TARGET 4681 1 1 0 4 0
TARGET 4682 1 1 0 3 0
TARGET 4683 1 1 0 3 0
TARGET 4684 1 1 0 3 0
TARGET 4685 1 1 0 3 0
TARGET 4686 1 1 0 2 0
TARGET 4687 1 1 0 2 0
TARGET 4688 1 1 0 2 0
TARGET 4689 1 1 0 2 0
TARGET 4690 1 1 0 3 0
TARGET 4691 1 1 0 1 0
TARGET 4692 1 1 0 2 0
TARGET 4693 1 1 0 2 0
TARGET 4694 1 1 0 2 0
TARGET 4695 1 1 0 1 0
TARGET 4696 1 1 0 2 0
TARGET 4697 1 1 0 2 0
TARGET 4698 1 1 0 1 0
TARGET 4699 1 1 0 2 0
TARGET 4700 1 1 0 1 0
TARGET 4701 1 1 0 3 0
TARGET 4702 1 1 0 2 0
TARGET 4703 1 1 0 2 0
TARGET 4704 1 1 0 2 0
TARGET 4705 1 1 0 2 0
TARGET 4706 1 1 0 1 0
TARGET 4707 1 1 0 1 0
TARGET 4708 1 1 0 1 0
TARGET 4709 1 1 0 1 0
TARGET 4710 1 0 0 2 0
TARGET 4711 1 0 0 0 0
TARGET 4712 1 1 0 1 0
TARGET 4713 1 1 0 1 0
TARGET 4714 1 1 0 1 0
TARGET 4715 1 0 0 0 0
TARGET 4716 1 1 0 1 0
TARGET 4717 1 1 0 1 0
TARGET 4718 1 0 0 0 0
TARGET 4719 1 1 0 1 0
TARGET 4720 1 0 0 0 0
TARGET 4721 1 1 0 4 0
TARGET 4722 1 1 0 3 0
TARGET 4723 1 1 0 3 0
TARGET 4724 1 3 0 4 0
TARGET 4725 1 2 0 3 0
TARGET 4726 1 1 0 3 0
TARGET 4727 1 2 0 3 0
TARGET 4728 1 1 0 3 0
TARGET 4729 1 1 0 2 0
TARGET 4730 1 1 0 2 0
TARGET 4731 1 2 0 3 0
TARGET 4732 1 1 0 2 0
TARGET 4733 1 1 0 2 0
TARGET 4734 1 1 0 2 0
TARGET 4735 1 1 0 3 0
TARGET 4736 1 1 0 3 0
TARGET 4737 1 1 0 3 0
TARGET 4738 1 1 0 2 0
TARGET 4739 1 1 0 2 0
TARGET 4740 1 1 0 2 0
TARGET 4741 1 1 0 2 0
TARGET 4742 1 1 0 3 0
TARGET 4743 1 1 0 2 0
TARGET 4744 1 1 0 2 0
TARGET 4745 1 1 0 2 0
TARGET 4746 1 1 0 2 0
TARGET 4747 1 1 0 2 0
TARGET 4748 1 1 0 3 0
TARGET 4749 1 2 0 3 0
TARGET 4750 1 1 0 2 0
TARGET 4751 1 1 0 2 0
TARGET 4752 1 1 0 2 0
TARGET 4753 1 1 0 2 0
TARGET 4754 1 1 0 2 0
TARGET 4755 1 1 0 2 0
TARGET 4756 1 1 0 2 0
TARGET 4757 1 1 0 1 0
TARGET 4758 1 1 0 1 0
TARGET 4759 1 1 0 2 0
TARGET 4760 1 1 0 1 0
TARGET 4761 1 1 0 1 0
TARGET 4762 1 1 0 1 0
TARGET 4763 1 1 0 2 0
TARGET 4764 1 1 0 2 0
TARGET 4765 1 1 0 2 0
TARGET 4766 1 1 0 3 0
TARGET 4767 1 1 0 1 0
TARGET 4768 1 1 0 1 0
TARGET 4769 1 1 0 1 0
TARGET 4770 1 0 0 2 0
TARGET 4771 1 1 0 1 0
TARGET 4772 1 1 0 2 0
TARGET 4773 1 1 0 1 0
TARGET 4774 1 1 0 1 0
TARGET 4775 1 1 0 1 0
TARGET 4776 1 1 0 1 0
TARGET 4777 1 1 0 1 0
TARGET 4778 1 0 0 2 0
TARGET 4779 1 1 0 2 0
TARGET 4780 1 1 0 2 0
TARGET 4781 1 1 0 3 0
TARGET 4782 1 1 0 1 0
TARGET 4783 1 1 0 1 0
TARGET 4784 1 0 0 2 0
TARGET 4785 1 1 0 1 0
TARGET 4786 1 1 0 1 0
TARGET 4787 1 1 0 1 0
TARGET 4788 1 0 0 2 0
TARGET 4789 1 1 0 1 0
TARGET 4790 1 0 0 2 0
TARGET 4791 1 1 0 1 0
TARGET 4792 1 0 0 0 0
TARGET 4793 1 0 0 0 0
TARGET 4794 1 1 0 1 0
TARGET 4795 1 0 0 0 0
TARGET 4796 1 0 0 0 0
TARGET 4797 1 0 0 0 0
TARGET 4798 1 1 0 2 0
TARGET 4799 1 1 0 2 0
TARGET 4800 1 1 0 2 0
TARGET 4801 1 1 0 1 0
TARGET 4802 1 1 0 2 0
TARGET 4803 1 1 0 2 0
TARGET 4804 1 1 0 1 0
TARGET 4805 1 1 0 2 0
TARGET 4806 1 1 0 1 0
TARGET 4807 1 1 0 1 0
TARGET 4808 1 1 0 1 0
TARGET 4809 1 1 0 1 0
TARGET 4810 1 0 0 0 0
TARGET 4811 1 1 0 1 0
TARGET 4812 1 1 0 1 0
TARGET 4813 1 0 0 0 0
TARGET 4814 1 1 0 1 0
TARGET 4815 1 0 0 0 0
TARGET 4816 1 1 0 1 0
TARGET 4817 1 1 0 2 0
TARGET 4818 1 1 0 1 0
TARGET 4819 1 1 0 1 0
TARGET 4820 1 1 0 1 0
TARGET 4821 1 1 0 1 0
TARGET 4822 1 1 0 1 0
TARGET 4823 1 0 0 0 0
TARGET 4824 1 1 0 2 0
TARGET 4825 1 1 0 2 0
TARGET 4826 1 1 0 1 0
TARGET 4827 1 1 0 1 0
TARGET 4828 1 1 0 1 0
TARGET 4829 1 1 0 1 0
TARGET 4830 1 1 0 1 0
TARGET 4831 1 1 0 1 0
TARGET 4832 1 1 0 1 0
TARGET 4833 1 0 0 0 0
TARGET 4834 1 1 0 1 0
TARGET 4835 1 1 0 1 0
TARGET 4836 1 0 0 0 0
TARGET 4837 1 1 0 1 0
TARGET 4838 1 0 0 0 0
TARGET 4839 1 0 0 0 0
TARGET 4840 1 0 0 0 0
TARGET 4841 1 1 0 2 0
TARGET 4842 1 1 0 2 0
TARGET 4843 1 1 0 1 0
TARGET 4844 1 1 0 2 0
TARGET 4845 1 1 0 1 0
TARGET 4846 1 1 0 1 0
TARGET 4847 1 1 0 1 0
TARGET 4848 1 0 0 0 0
TARGET 4849 1 1 0 1 0
TARGET 4850 1 0 0 0 0
TARGET 4851 1 1 0 1 0
TARGET 4852 1 1 0 1 0
TARGET 4853 1 1 0 1 0
TARGET 4854 1 0 0 0 0
TARGET 4855 1 1 0 1 0
TARGET 4856 1 1 0 1 0
TARGET 4857 1 0 0 0 0
TARGET 4858 1 0 0 0 0
TARGET 4859 1 1 0 1 0
TARGET 4860 1 0 0 0 0
TARGET 4861 1 0 0 1 0
TARGET 4862 1 0 0 1 0
TARGET 4863 1 0 0 1 0
TARGET 4864 1 0 0 1 0
TARGET 4865 1 0 0 1 0
TARGET 4866 1 0 0 1 0
TARGET 4867 1 0 0 0 0
TARGET 4868 1 0 0 1 0
TARGET 4869 1 0 0 1 0
TARGET 4870 1 0 0 1 0
TARGET 4871 1 0 0 1 0
TARGET 4872 1 0 0 1 0
TARGET 4873 1 0 0 0 0
TARGET 4874 1 0 0 1 0
TARGET 4875 1 0 0 1 0
TARGET 4876 1 0 0 1 0
TARGET 4877 1 0 0 1 0
TARGET 4878 1 0 0 0 0
TARGET 4879 1 0 0 1 0
TARGET 4880 1 0 0 1 0
TARGET 4881 1 0 0 1 0
TARGET 4882 1 0 0 0 0
TARGET 4883 1 0 0 1 0
TARGET 4884 1 0 0 1 0
TARGET 4885 1 0 0 0 0
TARGET 4886 1 0 0 1 0
TARGET 4887 1 0 0 0 0
TARGET 4888 1 0 0 1 0
TARGET 4889 1 0 0 1 0
TARGET 4890 1 0 0 1 0
TARGET 4891 1 0 0 1 0
TARGET 4892 1 0 0 1 0
TARGET 4893 1 0 0 1 0
TARGET 4894 1 0 0 1 0
TARGET 4895 1 0 0 1 0
TARGET 4896 1 0 0 1 0
TARGET 4897 1 0 0 1 0
TARGET 4898 1 0 0 1 0
TARGET 4899 1 0 0 1 0
TARGET 4900 1 0 0 1 0
TARGET 4901 1 0 0 1 0
TARGET 4902 1 0 0 1 0
TARGET 4903 1 0 0 1 0
TARGET 4904 1 0 0 1 0
TARGET 4905 1 0 0 1 0
TARGET 4906 1 0 0 1 0
TARGET 4907 1 0 0 1 0
TARGET 4908 1 0 0 1 0
TARGET 4909 1 0 0 1 0
TARGET 4910 1 0 0 1 0
TARGET 4911 1 0 0 1 0
TARGET 4912 1 0 0 1 0
TARGET 4913 1 0 0 1 0
TARGET 4914 1 0 0 1 0
TARGET 4915 1 0 0 1 0
TARGET 4916 1 0 0 1 0
TARGET 4917 1 0 0 1 0
TARGET 4918 1 0 0 0 0
TARGET 4919 1 0 0 0 0
TARGET 4920 1 0 0 0 0
TARGET 4921 1 0 0 0 0
TARGET 4922 1 0 0 0 0
TARGET 4923 1 0 0 1 0
TARGET 4924 1 0 0 1 0
TARGET 4925 1 0 0 1 0
TARGET 4926 1 0 0 1 0
TARGET 4927 1 0 0 1 0
TARGET 4928 1 0 0 1 0
TARGET 4929 1 0 0 1 0
TARGET 4930 1 0 0 1 0
TARGET 4931 1 0 0 1 0
TARGET 4932 1 0 0 1 0
TARGET 4933 1 0 0 1 0
TARGET 4934 1 0 0 1 0
TARGET 4935 1 0 0 1 0
TARGET 4936 1 0 0 1 0
TARGET 4937 1 0 0 1 0
TARGET 4938 1 0 0 1 0
TARGET 4939 1 0 0 1 0
TARGET 4940 1 0 0 1 0
TARGET 4941 1 0 0 1 0
TARGET 4942 1 0 0 1 0
TARGET 4943 1 0 0 1 0
TARGET 4944 1 0 0 1 0
TARGET 4945 1 0 0 1 0
TARGET 4946 1 0 0 1 0
TARGET 4947 1 0 0 1 0
TARGET 4948 1 0 0 0 0
TARGET 4949 1 0 0 0 0
TARGET 4950 1 0 0 0 0
TARGET 4951 1 0 0 0 0
TARGET 4952 1 0 0 0 0
TARGET 4953 1 0 0 1 0
TARGET 4954 1 0 0 1 0
TARGET 4955 1 0 0 1 0
TARGET 4956 1 0 0 1 0
TARGET 4957 1 0 0 0 0
TARGET 4958 1 0 0 1 0
TARGET 4959 1 0 0 1 0
TARGET 4960 1 0 0 1 0
TARGET 4961 1 0 0 0 0
TARGET 4962 1 0 0 1 0
TARGET 4963 1 0 0 1 0
TARGET 4964 1 0 0 0 0
TARGET 4965 1 0 0 1 0
TARGET 4966 1 0 0 0 0
TARGET 4967 1 0 0 1 0
TARGET 4968 1 1 0 1 0
TARGET 4969 1 0 0 1 0
TARGET 4970 1 1 0 1 0
TARGET 4971 1 0 0 1 0
TARGET 4972 1 0 0 1 0
TARGET 4973 1 0 0 1 0
TARGET 4974 1 0 0 1 0
TARGET 4975 1 0 0 1 0
TARGET 4976 1 0 0 1 0
TARGET 4977 1 1 0 1 0
TARGET 4978 1 0 0 1 0
TARGET 4979 1 1 0 1 0
TARGET 4980 1 0 0 1 0
TARGET 4981 1 0 0 1 0
TARGET 4982 1 0 0 1 0
TARGET 4983 1 0 0 0 0
TARGET 4984 1 0 0 0 0
TARGET 4985 1 0 0 0 0
TARGET 4986 1 0 0 0 0
TARGET 4987 1 0 0 1 0
TARGET 4988 1 0 0 1 0
TARGET 4989 1 0 0 1 0
TARGET 4990 1 0 0 0 0
TARGET 4991 1 0 0 1 0
TARGET 4992 1 0 0 1 0
TARGET 4993 1 0 0 0 0
TARGET 4994 1 0 0 1 0
TARGET 4995 1 0 0 0 0
TARGET 4996 1 0 0 1 0
TARGET 4997 1 0 0 1 0
TARGET 4998 1 0 0 1 0
TARGET 4999 1 0 0 1 0
TARGET 5000 1 0 0 1 0
PASS_1962_MONOMIAL_INTERVAL 4001 5000 1000 0
