TARGET 1 1 0 0 1 0
TARGET 2 1 1 0 2 0
TARGET 3 1 0 0 1 0
TARGET 4 1 0 0 1 0
TARGET 5 1 0 0 1 0
TARGET 6 1 0 0 0 0
TARGET 7 1 2 0 3 0
TARGET 8 1 1 0 2 0
TARGET 9 1 1 0 2 0
TARGET 10 1 1 0 2 0
TARGET 11 1 0 0 1 0
TARGET 12 1 0 0 1 0
TARGET 13 1 0 0 1 0
TARGET 14 1 0 0 2 0
TARGET 15 1 0 0 0 0
TARGET 16 1 0 0 1 0
TARGET 17 1 0 0 1 0
TARGET 18 1 0 0 0 0
TARGET 19 1 0 0 1 0
TARGET 20 1 0 0 0 0
TARGET 21 1 1 0 2 0
TARGET 22 1 0 0 1 0
TARGET 23 1 0 0 1 0
TARGET 24 1 0 0 3 0
TARGET 25 1 0 0 2 0
TARGET 26 1 1 0 2 0
TARGET 27 1 0 0 1 0
TARGET 28 1 0 0 2 0
TARGET 29 1 0 0 2 0
TARGET 30 1 0 0 1 0
TARGET 31 1 0 0 1 0
TARGET 32 1 0 0 1 0
TARGET 33 1 0 0 1 0
TARGET 34 1 1 0 2 0
TARGET 35 1 1 0 4 0
TARGET 36 1 0 0 1 0
TARGET 37 1 0 0 3 0
TARGET 38 1 0 0 1 0
TARGET 39 1 0 0 3 0
TARGET 40 1 0 0 2 0
TARGET 41 1 0 0 1 0
TARGET 42 1 0 0 3 0
TARGET 43 1 0 0 2 0
TARGET 44 1 0 0 2 0
TARGET 45 1 0 0 1 0
TARGET 46 1 0 0 2 0
TARGET 47 1 0 0 3 0
TARGET 48 1 0 0 1 0
TARGET 49 1 1 0 2 0
TARGET 50 1 0 0 1 0
TARGET 51 1 0 0 2 0
TARGET 52 1 0 0 1 0
TARGET 53 1 0 0 1 0
TARGET 54 1 0 0 2 0
TARGET 55 1 0 0 1 0
TARGET 56 1 0 0 0 0
TARGET 57 1 1 0 3 0
TARGET 58 1 0 0 2 0
TARGET 59 1 0 0 2 0
TARGET 60 1 0 0 2 0
TARGET 61 1 0 0 0 0
TARGET 62 1 0 0 1 0
TARGET 63 1 0 0 1 0
TARGET 64 1 0 0 1 0
TARGET 65 1 0 0 2 0
TARGET 66 1 0 0 0 0
TARGET 67 1 0 0 1 0
TARGET 68 1 0 0 1 0
TARGET 69 1 0 0 0 0
TARGET 70 1 0 0 1 0
TARGET 71 1 0 0 0 0
TARGET 72 1 0 0 0 0
TARGET 73 1 2 0 3 0
TARGET 74 1 1 0 2 0
TARGET 75 1 1 0 2 0
TARGET 76 1 1 0 3 0
TARGET 77 1 1 0 2 0
TARGET 78 1 0 0 1 0
TARGET 79 1 0 0 1 0
TARGET 80 1 0 0 2 0
TARGET 81 1 0 0 1 0
TARGET 82 1 0 0 2 0
TARGET 83 1 0 0 0 0
TARGET 84 1 0 0 1 0
TARGET 85 1 0 0 2 0
TARGET 86 1 0 0 1 0
TARGET 87 1 0 0 0 0
TARGET 88 1 0 0 2 0
TARGET 89 1 0 0 1 0
TARGET 90 1 0 0 0 0
TARGET 91 1 0 0 1 0
TARGET 92 1 0 0 1 0
TARGET 93 1 0 0 1 0
TARGET 94 1 0 0 2 0
TARGET 95 1 0 0 0 0
TARGET 96 1 0 0 1 0
TARGET 97 1 0 0 1 0
TARGET 98 1 0 0 0 0
TARGET 99 1 0 0 1 0
TARGET 100 1 0 0 0 0
TARGET 101 1 0 1 1 3
TARGET 102 1 0 1 1 3
TARGET 103 1 0 1 1 2
TARGET 104 1 0 1 1 3
TARGET 105 1 0 1 1 2
TARGET 106 1 0 1 1 2
TARGET 107 1 0 1 1 2
TARGET 108 1 0 1 1 2
TARGET 109 1 0 1 1 3
TARGET 110 1 0 1 1 2
TARGET 111 1 0 1 1 3
TARGET 112 1 0 1 1 2
TARGET 113 1 0 1 1 2
TARGET 114 1 0 1 1 2
TARGET 115 1 0 1 1 2
TARGET 116 1 0 1 0 3
TARGET 117 1 0 1 1 1
TARGET 118 1 0 1 1 2
TARGET 119 1 0 1 1 1
TARGET 120 1 0 1 1 1
TARGET 121 1 0 1 1 1
TARGET 122 1 0 1 1 1
TARGET 123 1 0 1 0 3
TARGET 124 1 0 1 0 1
TARGET 125 1 0 1 1 3
TARGET 126 1 0 1 1 2
TARGET 127 1 0 1 1 2
TARGET 128 1 0 1 1 2
TARGET 129 1 0 1 1 2
TARGET 130 1 0 1 0 3
TARGET 131 1 0 1 1 1
TARGET 132 1 0 1 1 1
TARGET 133 1 0 1 1 1
TARGET 134 1 0 1 1 1
TARGET 135 1 0 1 0 1
TARGET 136 1 0 1 1 1
TARGET 137 1 0 1 1 1
TARGET 138 1 0 1 1 1
TARGET 139 1 0 1 0 1
TARGET 140 1 0 1 1 1
TARGET 141 1 0 1 1 1
TARGET 142 1 0 1 1 1
TARGET 143 1 0 1 0 1
TARGET 144 1 0 1 0 1
TARGET 145 1 0 1 1 3
TARGET 146 1 0 1 1 3
TARGET 147 1 0 1 1 2
TARGET 148 1 0 1 1 3
TARGET 149 1 0 1 1 2
TARGET 150 1 0 1 1 2
TARGET 151 1 0 1 1 2
TARGET 152 1 0 1 1 2
TARGET 153 1 1 1 1 3
TARGET 154 1 0 1 1 2
TARGET 155 1 0 1 1 3
TARGET 156 1 0 1 1 2
TARGET 157 1 0 1 1 2
TARGET 158 1 0 1 1 2
TARGET 159 1 0 1 1 2
TARGET 160 1 0 1 0 3
TARGET 161 1 0 1 1 1
TARGET 162 1 0 1 1 2
TARGET 163 1 0 1 1 1
TARGET 164 1 0 1 1 1
TARGET 165 1 0 1 1 1
TARGET 166 1 0 1 1 1
TARGET 167 1 0 1 0 3
TARGET 168 1 0 1 0 1
TARGET 169 1 0 1 1 3
TARGET 170 1 0 1 1 2
TARGET 171 1 0 1 1 2
TARGET 172 1 0 1 1 2
TARGET 173 1 0 1 1 2
TARGET 174 1 0 1 0 3
TARGET 175 1 0 1 1 1
TARGET 176 1 0 1 1 1
TARGET 177 1 0 1 1 1
TARGET 178 1 0 1 1 1
TARGET 179 1 0 1 0 1
TARGET 180 1 0 1 1 1
TARGET 181 1 0 1 1 1
TARGET 182 1 0 1 1 1
TARGET 183 1 0 1 0 1
TARGET 184 1 0 1 1 1
TARGET 185 1 0 1 1 1
TARGET 186 1 0 1 1 1
TARGET 187 1 0 1 0 1
TARGET 188 1 0 1 0 1
TARGET 189 1 0 1 1 2
TARGET 190 1 0 1 1 2
TARGET 191 1 0 1 1 1
TARGET 192 1 0 1 1 2
TARGET 193 1 0 1 1 1
TARGET 194 1 0 1 1 1
TARGET 195 1 0 1 1 1
TARGET 196 1 0 1 1 1
TARGET 197 1 0 1 1 2
TARGET 198 1 0 1 1 1
TARGET 199 1 0 1 1 2
TARGET 200 1 0 1 1 1
TARGET 201 1 0 1 1 1
TARGET 202 1 0 1 1 1
TARGET 203 1 0 1 1 1
TARGET 204 1 0 1 0 2
TARGET 205 1 0 0 1 0
TARGET 206 1 0 1 1 1
TARGET 207 1 0 0 1 0
TARGET 208 1 0 0 1 0
TARGET 209 1 0 0 1 0
TARGET 210 1 0 0 1 0
TARGET 211 1 0 1 0 2
TARGET 212 1 0 0 0 0
TARGET 213 1 0 1 1 2
TARGET 214 1 0 1 1 1
TARGET 215 1 0 1 1 1
TARGET 216 1 0 1 1 1
TARGET 217 1 0 1 1 1
TARGET 218 1 0 1 0 2
TARGET 219 1 0 0 1 0
TARGET 220 1 0 0 1 0
TARGET 221 1 0 0 1 0
TARGET 222 1 0 0 1 0
TARGET 223 1 0 0 0 0
TARGET 224 1 0 0 1 0
TARGET 225 1 0 0 1 0
TARGET 226 1 0 0 1 0
TARGET 227 1 0 0 0 0
TARGET 228 1 0 0 1 0
TARGET 229 1 0 0 1 0
TARGET 230 1 0 0 1 0
TARGET 231 1 0 0 0 0
TARGET 232 1 0 0 0 0
TARGET 233 1 0 1 1 3
TARGET 234 1 0 1 1 2
TARGET 235 1 0 1 1 2
TARGET 236 1 0 1 1 2
TARGET 237 1 0 1 1 2
TARGET 238 1 0 1 1 3
TARGET 239 1 0 1 1 2
TARGET 240 1 0 1 1 2
TARGET 241 1 0 1 1 2
TARGET 242 1 0 1 1 2
TARGET 243 1 0 1 1 2
TARGET 244 1 0 1 1 1
TARGET 245 1 0 1 1 1
TARGET 246 1 0 1 1 1
TARGET 247 1 0 1 1 1
TARGET 248 1 0 1 1 3
TARGET 249 1 0 1 1 2
TARGET 250 1 0 1 1 2
TARGET 251 1 0 1 1 2
TARGET 252 1 0 1 1 2
TARGET 253 1 0 1 1 2
TARGET 254 1 0 1 1 2
TARGET 255 1 0 1 1 2
TARGET 256 1 0 1 1 2
TARGET 257 1 0 1 1 1
TARGET 258 1 0 1 1 1
TARGET 259 1 0 1 1 1
TARGET 260 1 0 1 1 1
TARGET 261 1 0 1 1 1
TARGET 262 1 0 1 1 1
TARGET 263 1 0 1 1 1
TARGET 264 1 0 1 1 1
TARGET 265 1 0 1 1 1
TARGET 266 1 0 1 1 1
TARGET 267 1 0 1 1 1
TARGET 268 1 0 1 1 1
TARGET 269 1 0 1 1 1
TARGET 270 1 0 1 1 1
TARGET 271 1 0 1 1 1
TARGET 272 1 0 1 1 1
TARGET 273 1 0 1 1 3
TARGET 274 1 0 1 1 2
TARGET 275 1 0 1 1 2
TARGET 276 1 0 1 1 2
TARGET 277 1 0 1 1 2
TARGET 278 1 0 1 1 2
TARGET 279 1 0 1 1 1
TARGET 280 1 0 1 1 1
TARGET 281 1 0 1 1 1
TARGET 282 1 0 1 1 1
TARGET 283 1 0 1 1 3
TARGET 284 1 0 1 1 2
TARGET 285 1 0 1 1 2
TARGET 286 1 0 1 1 2
TARGET 287 1 0 1 1 2
TARGET 288 1 0 1 1 2
TARGET 289 1 0 1 1 2
TARGET 290 1 0 1 1 2
TARGET 291 1 0 1 1 2
TARGET 292 1 0 1 0 3
TARGET 293 1 0 1 1 1
TARGET 294 1 0 1 1 1
TARGET 295 1 0 1 1 1
TARGET 296 1 0 1 1 1
TARGET 297 1 0 1 1 1
TARGET 298 1 0 1 1 1
TARGET 299 1 0 1 1 1
TARGET 300 1 0 1 0 2
TARGET 301 1 0 1 1 1
TARGET 302 1 0 1 1 1
TARGET 303 1 0 1 1 1
TARGET 304 1 0 1 1 1
TARGET 305 1 0 1 1 1
TARGET 306 1 0 1 0 2
TARGET 307 1 0 1 1 1
TARGET 308 1 0 1 1 1
TARGET 309 1 0 1 0 2
TARGET 310 1 0 1 1 1
TARGET 311 1 0 1 1 1
TARGET 312 1 0 1 0 2
TARGET 313 1 0 1 1 1
TARGET 314 1 0 0 1 0
TARGET 315 1 0 0 1 0
TARGET 316 1 0 0 1 0
TARGET 317 1 0 0 1 0
TARGET 318 1 0 1 1 2
TARGET 319 1 0 1 1 1
TARGET 320 1 0 1 1 1
TARGET 321 1 0 1 1 1
TARGET 322 1 0 1 1 1
TARGET 323 1 0 1 1 1
TARGET 324 1 0 1 1 1
TARGET 325 1 0 1 1 1
TARGET 326 1 0 1 1 1
TARGET 327 1 0 0 1 0
TARGET 328 1 0 0 1 0
TARGET 329 1 0 0 1 0
TARGET 330 1 0 0 1 0
TARGET 331 1 0 0 1 0
TARGET 332 1 0 0 1 0
TARGET 333 1 0 0 1 0
TARGET 334 1 0 0 1 0
TARGET 335 1 0 0 1 0
TARGET 336 1 0 0 1 0
TARGET 337 1 0 0 1 0
TARGET 338 1 0 0 1 0
TARGET 339 1 0 0 1 0
TARGET 340 1 0 0 1 0
TARGET 341 1 0 0 1 0
TARGET 342 1 0 0 1 0
TARGET 343 1 0 1 0 3
TARGET 344 1 0 1 0 2
TARGET 345 1 0 1 0 2
TARGET 346 1 0 1 0 2
TARGET 347 1 0 1 0 2
TARGET 348 1 0 1 0 1
TARGET 349 1 0 0 0 0
TARGET 350 1 0 0 0 0
TARGET 351 1 0 0 0 0
TARGET 352 1 0 0 0 0
TARGET 353 1 1 1 1 3
TARGET 354 1 0 1 1 2
TARGET 355 1 0 1 1 2
TARGET 356 1 0 1 1 2
TARGET 357 1 0 1 1 2
TARGET 358 1 0 1 1 2
TARGET 359 1 0 1 1 2
TARGET 360 1 0 1 1 2
TARGET 361 1 0 1 1 2
TARGET 362 1 0 1 0 3
TARGET 363 1 0 1 1 1
TARGET 364 1 0 1 1 1
TARGET 365 1 0 1 1 1
TARGET 366 1 0 1 1 1
TARGET 367 1 0 1 1 1
TARGET 368 1 0 1 1 1
TARGET 369 1 0 1 1 1
TARGET 370 1 0 1 1 1
TARGET 371 1 0 1 1 1
TARGET 372 1 0 1 1 1
TARGET 373 1 0 1 1 1
TARGET 374 1 0 1 0 1
TARGET 375 1 0 1 1 1
TARGET 376 1 0 1 1 1
TARGET 377 1 0 1 1 1
TARGET 378 1 0 1 1 1
TARGET 379 1 0 1 1 1
TARGET 380 1 0 1 1 1
TARGET 381 1 0 1 1 1
TARGET 382 1 0 1 1 1
TARGET 383 1 0 1 1 1
TARGET 384 1 0 1 1 1
TARGET 385 1 0 1 0 1
TARGET 386 1 0 1 1 1
TARGET 387 1 0 1 1 1
TARGET 388 1 0 1 1 1
TARGET 389 1 0 1 1 1
TARGET 390 1 0 1 1 1
TARGET 391 1 0 1 0 1
TARGET 392 1 0 1 0 1
TARGET 393 1 0 1 0 2
TARGET 394 1 0 1 0 2
TARGET 395 1 0 1 0 2
TARGET 396 1 0 1 0 2
TARGET 397 1 0 0 1 0
TARGET 398 1 0 0 1 0
TARGET 399 1 0 0 1 0
TARGET 400 1 0 0 1 0
TARGET 401 1 0 0 1 0
TARGET 402 1 0 0 1 0
TARGET 403 1 0 0 1 0
TARGET 404 1 0 0 0 0
TARGET 405 1 0 0 1 0
TARGET 406 1 0 0 1 0
TARGET 407 1 0 0 1 0
TARGET 408 1 0 0 1 0
TARGET 409 1 0 0 1 0
TARGET 410 1 0 0 1 0
TARGET 411 1 0 0 1 0
TARGET 412 1 0 0 1 0
TARGET 413 1 0 0 1 0
TARGET 414 1 0 0 1 0
TARGET 415 1 0 0 0 0
TARGET 416 1 0 0 1 0
TARGET 417 1 0 0 1 0
TARGET 418 1 0 0 1 0
TARGET 419 1 0 0 1 0
TARGET 420 1 0 0 1 0
TARGET 421 1 0 0 0 0
TARGET 422 1 0 0 0 0
TARGET 423 1 0 0 0 0
TARGET 424 1 0 0 0 0
TARGET 425 1 0 0 0 0
TARGET 426 1 0 0 1 0
TARGET 427 1 0 0 1 0
TARGET 428 1 0 0 1 0
TARGET 429 1 0 0 1 0
TARGET 430 1 0 0 1 0
TARGET 431 1 0 0 1 0
TARGET 432 1 0 0 1 0
TARGET 433 1 0 0 0 0
TARGET 434 1 0 0 1 0
TARGET 435 1 0 0 1 0
TARGET 436 1 0 0 1 0
TARGET 437 1 0 0 1 0
TARGET 438 1 0 0 1 0
TARGET 439 1 0 0 0 0
TARGET 440 1 0 0 0 0
TARGET 441 1 0 0 0 0
TARGET 442 1 0 0 1 0
TARGET 443 1 0 0 1 0
TARGET 444 1 0 0 0 0
TARGET 445 1 0 0 1 0
TARGET 446 1 0 0 0 0
TARGET 447 1 0 0 0 0
TARGET 448 1 0 0 1 0
TARGET 449 1 0 0 1 0
TARGET 450 1 0 0 1 0
TARGET 451 1 0 0 0 0
TARGET 452 1 0 0 0 0
TARGET 453 1 1 0 2 0
TARGET 454 1 0 0 1 0
TARGET 455 1 0 0 1 0
TARGET 456 1 0 0 1 0
TARGET 457 1 0 0 1 0
TARGET 458 1 0 0 3 0
TARGET 459 1 0 0 2 0
TARGET 460 1 0 0 2 0
TARGET 461 1 1 0 2 0
TARGET 462 1 0 0 2 0
TARGET 463 1 0 0 1 0
TARGET 464 1 0 0 1 0
TARGET 465 1 0 0 1 0
TARGET 466 1 0 0 1 0
TARGET 467 1 1 0 2 0
TARGET 468 1 0 0 1 0
TARGET 469 1 0 0 2 0
TARGET 470 1 0 0 1 0
TARGET 471 1 0 0 1 0
TARGET 472 1 1 0 2 0
TARGET 473 1 0 0 1 0
TARGET 474 1 0 0 1 0
TARGET 475 1 0 0 1 0
TARGET 476 1 0 0 1 0
TARGET 477 1 0 0 1 0
TARGET 478 1 0 0 1 0
TARGET 479 1 1 0 4 0
TARGET 480 1 0 0 3 0
TARGET 481 1 0 0 3 0
TARGET 482 1 0 0 3 0
TARGET 483 1 0 0 2 0
TARGET 484 1 0 0 2 0
TARGET 485 1 0 0 2 0
TARGET 486 1 0 0 3 0
TARGET 487 1 0 0 1 0
TARGET 488 1 0 0 2 0
TARGET 489 1 0 0 2 0
TARGET 490 1 0 0 1 0
TARGET 491 1 1 0 2 0
TARGET 492 1 0 0 1 0
TARGET 493 1 0 0 0 0
TARGET 494 1 0 0 0 0
TARGET 495 1 0 0 0 0
TARGET 496 1 0 0 0 0
TARGET 497 1 1 0 3 0
TARGET 498 1 0 0 2 0
TARGET 499 1 0 0 2 0
TARGET 500 1 0 0 2 0
TARGET 501 1 0 0 1 0
TARGET 502 1 0 0 1 0
TARGET 503 1 0 0 1 0
TARGET 504 1 0 0 2 0
TARGET 505 1 0 0 0 0
TARGET 506 1 0 0 1 0
TARGET 507 1 0 0 1 0
TARGET 508 1 0 0 0 0
TARGET 509 1 0 0 1 0
TARGET 510 1 0 0 0 0
TARGET 511 1 2 0 3 0
TARGET 512 1 1 0 2 0
TARGET 513 1 1 0 3 0
TARGET 514 1 1 0 2 0
TARGET 515 1 1 0 2 0
TARGET 516 1 2 0 3 0
TARGET 517 1 0 0 1 0
TARGET 518 1 0 0 2 0
TARGET 519 1 0 0 1 0
TARGET 520 1 0 0 1 0
TARGET 521 1 1 0 2 0
TARGET 522 1 0 0 2 0
TARGET 523 1 0 0 0 0
TARGET 524 1 0 0 2 0
TARGET 525 1 0 0 1 0
TARGET 526 1 0 0 2 0
TARGET 527 1 0 0 1 0
TARGET 528 1 1 0 2 0
TARGET 529 1 0 0 0 0
TARGET 530 1 0 0 1 0
TARGET 531 1 1 0 2 0
TARGET 532 1 0 0 0 0
TARGET 533 1 0 0 1 0
TARGET 534 1 0 0 1 0
TARGET 535 1 0 0 1 0
TARGET 536 1 0 0 1 0
TARGET 537 1 0 0 1 0
TARGET 538 1 0 0 2 0
TARGET 539 1 0 0 1 0
TARGET 540 1 0 0 2 0
TARGET 541 1 0 0 0 0
TARGET 542 1 0 0 0 0
TARGET 543 1 0 0 1 0
TARGET 544 1 0 0 1 0
TARGET 545 1 0 0 1 0
TARGET 546 1 0 0 0 0
TARGET 547 1 0 0 1 0
TARGET 548 1 0 0 1 0
TARGET 549 1 0 0 0 0
TARGET 550 1 0 0 0 0
TARGET 551 1 0 0 1 0
TARGET 552 1 0 0 0 0
TARGET 553 1 2 0 3 0
TARGET 554 1 1 0 2 0
TARGET 555 1 1 0 3 0
TARGET 556 1 2 0 3 0
TARGET 557 1 1 0 4 0
TARGET 558 1 1 0 3 0
TARGET 559 1 1 0 2 0
TARGET 560 1 1 0 2 0
TARGET 561 1 1 0 2 0
TARGET 562 1 0 0 1 0
TARGET 563 1 0 0 2 0
TARGET 564 1 1 0 2 0
TARGET 565 1 0 0 3 0
TARGET 566 1 0 0 2 0
TARGET 567 1 0 0 1 0
TARGET 568 1 0 0 1 0
TARGET 569 1 0 0 1 0
TARGET 570 1 0 0 2 0
TARGET 571 1 0 0 0 0
TARGET 572 1 0 0 2 0
TARGET 573 1 0 0 2 0
TARGET 574 1 0 0 2 0
TARGET 575 1 1 0 2 0
TARGET 576 1 1 0 2 0
TARGET 577 1 1 0 2 0
TARGET 578 1 0 0 3 0
TARGET 579 1 0 0 2 0
TARGET 580 1 0 0 3 0
TARGET 581 1 0 0 2 0
TARGET 582 1 0 0 3 0
TARGET 583 1 0 0 2 0
TARGET 584 1 0 0 1 0
TARGET 585 1 0 0 1 0
TARGET 586 1 0 0 1 0
TARGET 587 1 0 0 0 0
TARGET 588 1 0 0 1 0
TARGET 589 1 0 0 1 0
TARGET 590 1 0 0 0 0
TARGET 591 1 0 0 1 0
TARGET 592 1 0 0 0 0
TARGET 593 1 0 0 1 0
TARGET 594 1 0 0 1 0
TARGET 595 1 0 0 2 0
TARGET 596 1 0 0 1 0
TARGET 597 1 0 0 1 0
TARGET 598 1 0 0 1 0
TARGET 599 1 0 0 1 0
TARGET 600 1 0 0 1 0
TARGET 601 1 0 0 1 0
TARGET 602 1 0 0 1 0
TARGET 603 1 0 0 2 0
TARGET 604 1 0 0 1 0
TARGET 605 1 0 0 2 0
TARGET 606 1 0 0 2 0
TARGET 607 1 0 0 1 0
TARGET 608 1 0 0 2 0
TARGET 609 1 0 0 1 0
TARGET 610 1 0 0 2 0
TARGET 611 1 0 0 3 0
TARGET 612 1 0 0 2 0
TARGET 613 1 0 0 0 0
TARGET 614 1 0 0 0 0
TARGET 615 1 0 0 1 0
TARGET 616 1 0 0 0 0
TARGET 617 1 0 0 1 0
TARGET 618 1 0 0 1 0
TARGET 619 1 0 0 1 0
TARGET 620 1 0 0 0 0
TARGET 621 1 0 0 1 0
TARGET 622 1 0 0 1 0
TARGET 623 1 0 0 0 0
TARGET 624 1 0 0 1 0
TARGET 625 1 0 0 0 0
TARGET 626 1 0 0 1 0
TARGET 627 1 0 0 1 0
TARGET 628 1 0 0 1 0
TARGET 629 1 0 0 0 0
TARGET 630 1 0 0 1 0
TARGET 631 1 0 0 1 0
TARGET 632 1 0 0 0 0
TARGET 633 1 0 0 1 0
TARGET 634 1 0 0 0 0
TARGET 635 1 0 0 2 0
TARGET 636 1 0 0 1 0
TARGET 637 1 0 0 2 0
TARGET 638 1 0 0 1 0
TARGET 639 1 0 0 2 0
TARGET 640 1 0 0 1 0
TARGET 641 1 0 0 1 0
TARGET 642 1 0 0 0 0
TARGET 643 1 1 0 2 0
TARGET 644 1 0 0 1 0
TARGET 645 1 1 0 2 0
TARGET 646 1 0 0 1 0
TARGET 647 1 0 0 1 0
TARGET 648 1 0 0 0 0
TARGET 649 1 1 0 2 0
TARGET 650 1 0 0 1 0
TARGET 651 1 0 0 1 0
TARGET 652 1 0 0 0 0
TARGET 653 1 0 1 1 2
TARGET 654 1 0 1 1 2
TARGET 655 1 0 1 1 3
TARGET 656 1 0 1 1 2
TARGET 657 1 0 1 1 2
TARGET 658 1 0 1 1 3
TARGET 659 1 0 1 1 3
TARGET 660 1 0 1 1 2
TARGET 661 1 0 1 1 2
TARGET 662 1 0 1 1 2
TARGET 663 1 0 1 1 3
TARGET 664 1 0 1 1 2
TARGET 665 1 0 1 1 2
TARGET 666 1 0 1 1 3
TARGET 667 1 0 1 1 3
TARGET 668 1 0 1 1 2
TARGET 669 1 0 1 1 1
TARGET 670 1 0 1 1 1
TARGET 671 1 0 1 1 2
TARGET 672 1 0 1 1 1
TARGET 673 1 0 1 1 1
TARGET 674 1 0 1 1 2
TARGET 675 1 0 1 1 2
TARGET 676 1 0 1 1 1
TARGET 677 1 0 1 1 1
TARGET 678 1 0 1 1 2
TARGET 679 1 0 1 1 1
TARGET 680 1 0 1 1 1
TARGET 681 1 0 1 1 1
TARGET 682 1 0 1 1 1
TARGET 683 1 0 1 1 2
TARGET 684 1 0 1 1 1
TARGET 685 1 0 1 1 1
TARGET 686 1 0 1 1 1
TARGET 687 1 0 1 1 2
TARGET 688 1 0 1 1 3
TARGET 689 1 0 1 1 2
TARGET 690 1 0 1 1 2
TARGET 691 1 0 1 1 2
TARGET 692 1 0 1 1 1
TARGET 693 1 0 1 1 2
TARGET 694 1 0 1 1 1
TARGET 695 1 0 1 1 1
TARGET 696 1 0 1 1 1
TARGET 697 1 0 1 1 1
TARGET 698 1 0 1 1 2
TARGET 699 1 0 1 1 2
TARGET 700 1 0 1 1 1
TARGET 701 1 0 1 1 2
TARGET 702 1 0 1 1 3
TARGET 703 1 0 1 1 3
TARGET 704 1 0 1 1 2
TARGET 705 1 0 1 1 1
TARGET 706 1 0 1 1 2
TARGET 707 1 0 1 1 2
TARGET 708 1 0 1 1 1
TARGET 709 1 0 1 1 1
TARGET 710 1 0 1 1 1
TARGET 711 1 0 1 1 2
TARGET 712 1 0 1 1 2
TARGET 713 1 0 1 1 1
TARGET 714 1 0 1 1 2
TARGET 715 1 0 1 1 2
TARGET 716 1 0 1 1 1
TARGET 717 1 0 1 1 2
TARGET 718 1 0 1 1 2
TARGET 719 1 1 1 1 3
TARGET 720 1 0 1 1 2
TARGET 721 1 0 1 1 2
TARGET 722 1 0 1 1 3
TARGET 723 1 0 1 1 3
TARGET 724 1 0 1 1 2
TARGET 725 1 0 1 1 1
TARGET 726 1 0 1 1 1
TARGET 727 1 0 1 1 2
TARGET 728 1 0 1 1 1
TARGET 729 1 0 1 1 1
TARGET 730 1 0 1 1 2
TARGET 731 1 0 1 1 2
TARGET 732 1 0 1 1 1
TARGET 733 1 0 1 1 1
TARGET 734 1 0 1 1 2
TARGET 735 1 0 1 1 1
TARGET 736 1 0 1 1 1
TARGET 737 1 0 1 1 1
TARGET 738 1 0 1 0 2
TARGET 739 1 0 1 1 1
TARGET 740 1 0 1 1 2
TARGET 741 1 0 1 1 1
TARGET 742 1 0 1 1 1
TARGET 743 1 0 1 1 1
TARGET 744 1 0 1 0 2
TARGET 745 1 0 1 1 2
TARGET 746 1 0 1 1 3
TARGET 747 1 0 1 1 2
TARGET 748 1 0 1 1 2
TARGET 749 1 0 1 1 2
TARGET 750 1 0 1 1 1
TARGET 751 1 0 1 1 2
TARGET 752 1 0 1 1 1
TARGET 753 1 0 1 1 1
TARGET 754 1 0 1 1 1
TARGET 755 1 0 1 1 1
TARGET 756 1 0 1 1 2
TARGET 757 1 0 1 1 2
TARGET 758 1 0 1 1 1
TARGET 759 1 0 1 1 2
TARGET 760 1 0 1 1 3
TARGET 761 1 0 1 1 3
TARGET 762 1 0 1 1 2
TARGET 763 1 0 1 0 3
TARGET 764 1 0 1 1 1
TARGET 765 1 0 1 1 2
TARGET 766 1 0 1 1 2
TARGET 767 1 0 1 1 1
TARGET 768 1 0 1 1 1
TARGET 769 1 0 1 1 1
TARGET 770 1 0 1 1 2
TARGET 771 1 0 1 1 2
TARGET 772 1 0 1 1 1
TARGET 773 1 0 1 1 2
TARGET 774 1 0 1 1 2
TARGET 775 1 0 1 1 1
TARGET 776 1 0 1 0 2
TARGET 777 1 0 1 0 2
TARGET 778 1 0 1 0 3
TARGET 779 1 0 1 0 3
TARGET 780 1 0 1 0 2
TARGET 781 1 0 0 1 0
TARGET 782 1 0 0 1 0
TARGET 783 1 0 1 1 1
TARGET 784 1 0 0 1 0
TARGET 785 1 0 0 1 0
TARGET 786 1 0 1 1 1
TARGET 787 1 0 1 1 1
TARGET 788 1 0 0 1 0
TARGET 789 1 0 0 1 0
TARGET 790 1 0 1 1 1
TARGET 791 1 0 0 1 0
TARGET 792 1 0 0 1 0
TARGET 793 1 0 0 1 0
TARGET 794 1 0 0 1 0
TARGET 795 1 0 1 1 1
TARGET 796 1 0 0 1 0
TARGET 797 1 0 0 1 0
TARGET 798 1 0 0 1 0
TARGET 799 1 0 1 1 1
TARGET 800 1 0 1 1 2
TARGET 801 1 0 1 1 1
TARGET 802 1 0 1 1 1
TARGET 803 1 0 1 1 1
TARGET 804 1 0 0 1 0
TARGET 805 1 0 1 1 1
TARGET 806 1 0 0 1 0
TARGET 807 1 0 0 1 0
TARGET 808 1 0 0 1 0
TARGET 809 1 0 0 1 0
TARGET 810 1 0 1 1 1
TARGET 811 1 0 1 1 1
TARGET 812 1 0 0 1 0
TARGET 813 1 0 1 1 1
TARGET 814 1 0 1 1 2
TARGET 815 1 0 1 1 2
TARGET 816 1 0 1 1 1
TARGET 817 1 0 0 1 0
TARGET 818 1 0 1 1 1
TARGET 819 1 0 1 1 1
TARGET 820 1 0 0 1 0
TARGET 821 1 0 0 1 0
TARGET 822 1 0 0 1 0
TARGET 823 1 0 1 1 1
TARGET 824 1 0 1 1 1
TARGET 825 1 0 0 1 0
TARGET 826 1 0 1 1 1
TARGET 827 1 0 1 1 1
TARGET 828 1 0 0 1 0
TARGET 829 1 0 1 0 2
TARGET 830 1 0 1 0 2
TARGET 831 1 0 1 0 3
TARGET 832 1 0 1 0 2
TARGET 833 1 0 1 0 2
TARGET 834 1 0 1 0 3
TARGET 835 1 0 1 0 3
TARGET 836 1 0 1 0 2
TARGET 837 1 0 0 0 0
TARGET 838 1 0 0 0 0
TARGET 839 1 0 1 0 1
TARGET 840 1 0 0 0 0
TARGET 841 1 0 0 0 0
TARGET 842 1 0 1 0 1
TARGET 843 1 0 1 0 1
TARGET 844 1 0 0 0 0
TARGET 845 1 0 0 1 0
TARGET 846 1 0 1 1 1
TARGET 847 1 0 0 1 0
TARGET 848 1 0 0 1 0
TARGET 849 1 0 0 1 0
TARGET 850 1 0 0 0 0
TARGET 851 1 0 1 1 2
TARGET 852 1 0 1 1 1
TARGET 853 1 0 1 1 1
TARGET 854 1 0 1 1 1
TARGET 855 1 0 0 1 0
TARGET 856 1 0 0 1 0
TARGET 857 1 0 0 1 0
TARGET 858 1 0 1 0 2
TARGET 859 1 0 0 0 0
TARGET 860 1 0 0 1 0
TARGET 861 1 0 0 1 0
TARGET 862 1 0 0 1 0
TARGET 863 1 0 0 0 0
TARGET 864 1 0 0 0 0
TARGET 865 1 0 0 1 0
TARGET 866 1 0 1 1 1
TARGET 867 1 0 0 1 0
TARGET 868 1 0 0 1 0
TARGET 869 1 0 0 1 0
TARGET 870 1 0 0 0 0
TARGET 871 1 0 1 1 2
TARGET 872 1 0 1 1 1
TARGET 873 1 0 1 1 1
TARGET 874 1 0 1 1 1
TARGET 875 1 0 0 1 0
TARGET 876 1 0 0 1 0
TARGET 877 1 0 0 1 0
TARGET 878 1 0 1 0 2
TARGET 879 1 0 0 0 0
TARGET 880 1 0 0 1 0
TARGET 881 1 0 0 1 0
TARGET 882 1 0 0 1 0
TARGET 883 1 0 0 0 0
TARGET 884 1 0 0 0 0
TARGET 885 1 0 1 1 1
TARGET 886 1 0 1 1 2
TARGET 887 1 0 1 1 1
TARGET 888 1 0 1 1 1
TARGET 889 1 0 1 1 1
TARGET 890 1 0 1 0 1
TARGET 891 1 0 1 1 3
TARGET 892 1 0 1 1 2
TARGET 893 1 0 1 1 2
TARGET 894 1 0 1 1 2
TARGET 895 1 0 1 1 1
TARGET 896 1 0 1 1 1
TARGET 897 1 0 1 1 1
TARGET 898 1 0 1 0 3
TARGET 899 1 0 1 0 1
TARGET 900 1 0 1 1 1
TARGET 901 1 0 1 1 1
TARGET 902 1 0 1 1 1
TARGET 903 1 0 1 0 1
TARGET 904 1 0 1 0 1
TARGET 905 1 0 0 1 0
TARGET 906 1 0 1 1 1
TARGET 907 1 0 0 1 0
TARGET 908 1 0 0 1 0
TARGET 909 1 0 0 1 0
TARGET 910 1 0 0 1 0
TARGET 911 1 0 1 1 1
TARGET 912 1 0 1 1 1
TARGET 913 1 0 0 1 0
TARGET 914 1 0 0 0 0
TARGET 915 1 0 1 1 2
TARGET 916 1 0 1 1 1
TARGET 917 1 0 1 1 1
TARGET 918 1 0 1 1 1
TARGET 919 1 0 1 1 1
TARGET 920 1 0 1 1 2
TARGET 921 1 0 1 1 2
TARGET 922 1 0 1 1 1
TARGET 923 1 0 0 1 0
TARGET 924 1 0 0 1 0
TARGET 925 1 0 0 1 0
TARGET 926 1 0 0 1 0
TARGET 927 1 0 1 1 1
TARGET 928 1 0 1 1 1
TARGET 929 1 0 0 1 0
TARGET 930 1 0 1 0 2
TARGET 931 1 0 0 0 0
TARGET 932 1 0 0 1 0
TARGET 933 1 0 0 1 0
TARGET 934 1 0 0 1 0
TARGET 935 1 0 0 1 0
TARGET 936 1 0 1 1 1
TARGET 937 1 0 1 1 1
TARGET 938 1 0 0 1 0
TARGET 939 1 0 0 1 0
TARGET 940 1 0 1 1 1
TARGET 941 1 0 1 1 1
TARGET 942 1 0 0 1 0
TARGET 943 1 0 0 0 0
TARGET 944 1 0 0 0 0
TARGET 945 1 0 0 0 0
TARGET 946 1 0 1 0 1
TARGET 947 1 0 1 0 1
TARGET 948 1 0 0 0 0
TARGET 949 1 0 1 1 2
TARGET 950 1 0 1 1 3
TARGET 951 1 1 1 1 3
TARGET 952 1 0 1 1 2
TARGET 953 1 0 1 1 1
TARGET 954 1 0 1 1 2
TARGET 955 1 0 1 1 2
TARGET 956 1 0 1 1 1
TARGET 957 1 0 1 1 1
TARGET 958 1 0 1 1 1
TARGET 959 1 0 1 1 2
TARGET 960 1 0 1 1 2
TARGET 961 1 0 1 1 1
TARGET 962 1 0 1 1 2
TARGET 963 1 0 1 1 2
TARGET 964 1 0 1 1 1
TARGET 965 1 0 0 1 0
TARGET 966 1 0 1 1 1
TARGET 967 1 0 1 1 1
TARGET 968 1 0 0 1 0
TARGET 969 1 0 0 1 0
TARGET 970 1 0 0 1 0
TARGET 971 1 0 1 1 1
TARGET 972 1 0 1 1 1
TARGET 973 1 0 0 1 0
TARGET 974 1 0 1 1 1
TARGET 975 1 0 1 1 1
TARGET 976 1 0 0 1 0
TARGET 977 1 0 1 0 2
TARGET 978 1 0 1 0 3
TARGET 979 1 0 1 0 3
TARGET 980 1 0 1 0 2
TARGET 981 1 0 0 0 0
TARGET 982 1 0 1 0 1
TARGET 983 1 0 1 0 1
TARGET 984 1 0 0 0 0
TARGET 985 1 0 0 1 0
TARGET 986 1 0 0 1 0
TARGET 987 1 0 1 1 1
TARGET 988 1 0 1 1 1
TARGET 989 1 0 0 1 0
TARGET 990 1 0 0 1 0
TARGET 991 1 0 1 1 1
TARGET 992 1 0 1 1 1
TARGET 993 1 0 0 1 0
TARGET 994 1 0 0 0 0
TARGET 995 1 0 0 0 0
TARGET 996 1 0 1 1 1
TARGET 997 1 0 1 1 1
TARGET 998 1 0 0 1 0
TARGET 999 1 0 1 0 1
TARGET 1000 1 0 1 0 1
TARGET 1001 1 0 0 0 0
TARGET 1002 1 0 1 0 1
TARGET 1003 1 0 1 0 1
TARGET 1004 1 0 0 0 0
TARGET 1005 1 1 1 1 3
TARGET 1006 1 0 1 1 2
TARGET 1007 1 0 1 1 2
TARGET 1008 1 0 1 1 2
TARGET 1009 1 0 1 1 2
TARGET 1010 1 0 1 1 3
TARGET 1011 1 0 1 1 2
TARGET 1012 1 0 1 1 3
TARGET 1013 1 0 1 1 2
TARGET 1014 1 0 1 1 2
TARGET 1015 1 0 1 1 3
TARGET 1016 1 0 1 1 2
TARGET 1017 1 0 1 1 3
TARGET 1018 1 0 1 1 2
TARGET 1019 1 0 1 1 2
TARGET 1020 1 0 1 0 3
TARGET 1021 1 0 1 1 1
TARGET 1022 1 0 1 1 1
TARGET 1023 1 0 1 1 1
TARGET 1024 1 0 1 1 1
TARGET 1025 1 0 1 1 1
TARGET 1026 1 0 1 1 2
TARGET 1027 1 0 1 1 1
TARGET 1028 1 0 1 1 2
TARGET 1029 1 0 1 1 1
TARGET 1030 1 0 1 1 1
TARGET 1031 1 0 1 1 2
TARGET 1032 1 0 1 1 1
TARGET 1033 1 0 1 1 2
TARGET 1034 1 0 1 1 1
TARGET 1035 1 0 1 1 1
TARGET 1036 1 0 1 1 2
TARGET 1037 1 0 1 1 1
TARGET 1038 1 0 1 1 2
TARGET 1039 1 0 1 1 1
TARGET 1040 1 0 1 1 1
TARGET 1041 1 0 1 0 1
TARGET 1042 1 0 1 1 1
TARGET 1043 1 0 1 1 1
TARGET 1044 1 0 1 1 2
TARGET 1045 1 0 1 1 2
TARGET 1046 1 0 1 1 1
TARGET 1047 1 0 1 1 2
TARGET 1048 1 0 1 1 1
TARGET 1049 1 0 1 1 1
TARGET 1050 1 0 1 1 2
TARGET 1051 1 0 1 1 1
TARGET 1052 1 0 1 1 1
TARGET 1053 1 0 1 1 2
TARGET 1054 1 0 1 1 1
TARGET 1055 1 0 1 1 1
TARGET 1056 1 0 1 1 2
TARGET 1057 1 0 1 1 1
TARGET 1058 1 0 1 1 1
TARGET 1059 1 0 1 0 1
TARGET 1060 1 0 1 1 3
TARGET 1061 1 0 1 1 2
TARGET 1062 1 0 1 1 3
TARGET 1063 1 0 1 1 2
TARGET 1064 1 0 1 1 2
TARGET 1065 1 0 1 1 3
TARGET 1066 1 0 1 1 2
TARGET 1067 1 0 1 1 3
TARGET 1068 1 0 1 1 2
TARGET 1069 1 0 1 1 2
TARGET 1070 1 0 1 1 1
TARGET 1071 1 0 1 1 2
TARGET 1072 1 0 1 1 1
TARGET 1073 1 0 1 1 1
TARGET 1074 1 0 1 1 2
TARGET 1075 1 0 1 1 2
TARGET 1076 1 0 1 1 3
TARGET 1077 1 0 1 1 2
TARGET 1078 1 0 1 1 2
TARGET 1079 1 0 1 1 3
TARGET 1080 1 0 1 0 3
TARGET 1081 1 0 1 1 1
TARGET 1082 1 0 1 1 2
TARGET 1083 1 0 1 1 1
TARGET 1084 1 0 1 1 1
TARGET 1085 1 0 1 1 2
TARGET 1086 1 0 1 1 1
TARGET 1087 1 0 1 1 2
TARGET 1088 1 0 1 1 1
TARGET 1089 1 0 1 1 1
TARGET 1090 1 0 1 1 2
TARGET 1091 1 0 1 1 1
TARGET 1092 1 0 1 1 2
TARGET 1093 1 0 1 1 1
TARGET 1094 1 0 1 1 1
TARGET 1095 1 0 1 0 1
TARGET 1096 1 0 1 1 3
TARGET 1097 1 0 1 1 2
TARGET 1098 1 0 1 1 2
TARGET 1099 1 0 1 1 1
TARGET 1100 1 0 1 1 1
TARGET 1101 1 0 1 0 3
TARGET 1102 1 0 1 0 1
TARGET 1103 1 0 1 1 1
TARGET 1104 1 0 1 0 1
TARGET 1105 1 0 1 0 2
TARGET 1106 1 0 1 0 2
TARGET 1107 1 0 1 0 2
TARGET 1108 1 0 1 0 3
TARGET 1109 1 0 1 0 2
TARGET 1110 1 0 1 0 2
TARGET 1111 1 0 1 0 3
TARGET 1112 1 0 0 1 0
TARGET 1113 1 0 0 1 0
TARGET 1114 1 0 0 1 0
TARGET 1115 1 0 0 1 0
TARGET 1116 1 0 1 1 1
TARGET 1117 1 0 0 1 0
TARGET 1118 1 0 0 1 0
TARGET 1119 1 0 1 1 1
TARGET 1120 1 0 1 1 1
TARGET 1121 1 0 0 1 0
TARGET 1122 1 0 1 1 1
TARGET 1123 1 0 0 1 0
TARGET 1124 1 0 0 1 0
TARGET 1125 1 0 0 0 0
TARGET 1126 1 0 0 1 0
TARGET 1127 1 0 0 1 0
TARGET 1128 1 0 1 1 1
TARGET 1129 1 0 0 1 0
TARGET 1130 1 0 1 1 1
TARGET 1131 1 0 0 1 0
TARGET 1132 1 0 0 1 0
TARGET 1133 1 0 1 1 1
TARGET 1134 1 0 0 1 0
TARGET 1135 1 0 0 1 0
TARGET 1136 1 0 1 1 1
TARGET 1137 1 0 0 1 0
TARGET 1138 1 0 1 1 1
TARGET 1139 1 0 0 1 0
TARGET 1140 1 0 1 1 1
TARGET 1141 1 0 0 1 0
TARGET 1142 1 0 0 1 0
TARGET 1143 1 0 1 1 1
TARGET 1144 1 0 1 1 2
TARGET 1145 1 0 1 1 1
TARGET 1146 1 0 1 1 1
TARGET 1147 1 0 1 1 2
TARGET 1148 1 0 0 1 0
TARGET 1149 1 0 1 1 1
TARGET 1150 1 0 0 1 0
TARGET 1151 1 0 0 1 0
TARGET 1152 1 0 1 1 1
TARGET 1153 1 0 1 1 1
TARGET 1154 1 0 1 1 2
TARGET 1155 1 0 1 1 1
TARGET 1156 1 0 1 1 1
TARGET 1157 1 0 1 1 2
TARGET 1158 1 0 0 1 0
TARGET 1159 1 0 1 1 1
TARGET 1160 1 0 0 1 0
TARGET 1161 1 0 0 1 0
TARGET 1162 1 0 1 1 1
TARGET 1163 1 0 0 1 0
TARGET 1164 1 0 1 1 1
TARGET 1165 1 0 0 1 0
TARGET 1166 1 0 0 1 0
TARGET 1167 1 0 1 1 1
TARGET 1168 1 0 0 0 0
TARGET 1169 1 0 1 1 2
TARGET 1170 1 0 1 1 1
TARGET 1171 1 0 1 1 2
TARGET 1172 1 0 1 1 1
TARGET 1173 1 0 1 1 1
TARGET 1174 1 0 1 0 2
TARGET 1175 1 0 0 1 0
TARGET 1176 1 0 1 1 1
TARGET 1177 1 0 0 1 0
TARGET 1178 1 0 0 1 0
TARGET 1179 1 0 0 0 0
TARGET 1180 1 0 1 1 2
TARGET 1181 1 0 1 1 1
TARGET 1182 1 0 1 1 1
TARGET 1183 1 0 0 1 0
TARGET 1184 1 0 0 1 0
TARGET 1185 1 0 1 0 2
TARGET 1186 1 0 0 0 0
TARGET 1187 1 0 0 1 0
TARGET 1188 1 0 0 0 0
TARGET 1189 1 0 0 0 0
TARGET 1190 1 0 0 0 0
TARGET 1191 1 0 1 0 1
TARGET 1192 1 0 0 0 0
TARGET 1193 1 0 0 0 0
TARGET 1194 1 0 1 0 1
TARGET 1195 1 0 0 1 0
TARGET 1196 1 0 1 1 1
TARGET 1197 1 0 0 1 0
TARGET 1198 1 0 1 1 1
TARGET 1199 1 0 0 1 0
TARGET 1200 1 0 0 1 0
TARGET 1201 1 0 1 1 1
TARGET 1202 1 0 0 1 0
TARGET 1203 1 0 0 1 0
TARGET 1204 1 0 1 1 1
TARGET 1205 1 0 0 1 0
TARGET 1206 1 0 0 0 0
TARGET 1207 1 0 1 1 2
TARGET 1208 1 0 1 1 1
TARGET 1209 1 0 1 1 2
TARGET 1210 1 0 1 1 1
TARGET 1211 1 0 1 1 1
TARGET 1212 1 0 1 1 2
TARGET 1213 1 0 1 1 1
TARGET 1214 1 0 1 1 1
TARGET 1215 1 0 1 1 2
TARGET 1216 1 0 1 1 1
TARGET 1217 1 0 1 0 2
TARGET 1218 1 0 0 1 0
TARGET 1219 1 0 1 1 1
TARGET 1220 1 0 0 1 0
TARGET 1221 1 0 0 1 0
TARGET 1222 1 0 1 1 1
TARGET 1223 1 0 0 1 0
TARGET 1224 1 0 0 1 0
TARGET 1225 1 0 1 1 1
TARGET 1226 1 0 0 1 0
TARGET 1227 1 0 0 0 0
TARGET 1228 1 0 1 1 2
TARGET 1229 1 0 1 1 1
TARGET 1230 1 0 1 1 1
TARGET 1231 1 0 1 1 2
TARGET 1232 1 0 1 1 1
TARGET 1233 1 0 1 1 1
TARGET 1234 1 0 1 1 2
TARGET 1235 1 0 1 1 1
TARGET 1236 1 0 0 1 0
TARGET 1237 1 0 0 1 0
TARGET 1238 1 0 1 1 1
TARGET 1239 1 0 0 1 0
TARGET 1240 1 0 0 1 0
TARGET 1241 1 0 1 1 1
TARGET 1242 1 0 0 1 0
TARGET 1243 1 0 1 0 2
TARGET 1244 1 0 0 0 0
TARGET 1245 1 0 0 1 0
TARGET 1246 1 0 1 1 1
TARGET 1247 1 0 0 1 0
TARGET 1248 1 0 0 1 0
TARGET 1249 1 0 1 1 1
TARGET 1250 1 0 0 1 0
TARGET 1251 1 0 0 0 0
TARGET 1252 1 0 0 0 0
TARGET 1253 1 0 1 0 1
TARGET 1254 1 0 0 0 0
TARGET 1255 1 0 0 0 0
TARGET 1256 1 0 1 0 1
TARGET 1257 1 0 1 1 2
TARGET 1258 1 0 1 1 3
TARGET 1259 1 0 1 1 2
TARGET 1260 1 0 1 1 2
TARGET 1261 1 0 1 1 3
TARGET 1262 1 0 1 1 1
TARGET 1263 1 0 1 1 2
TARGET 1264 1 0 1 1 1
TARGET 1265 1 0 1 1 1
TARGET 1266 1 0 1 1 2
TARGET 1267 1 0 1 1 2
TARGET 1268 1 0 1 1 3
TARGET 1269 1 0 1 1 2
TARGET 1270 1 0 1 1 2
TARGET 1271 1 0 1 1 3
TARGET 1272 1 0 1 1 1
TARGET 1273 1 0 1 1 2
TARGET 1274 1 0 1 1 1
TARGET 1275 1 0 1 1 1
TARGET 1276 1 0 1 1 2
TARGET 1277 1 0 1 1 1
TARGET 1278 1 0 1 1 2
TARGET 1279 1 0 1 1 1
TARGET 1280 1 0 1 1 1
TARGET 1281 1 0 1 1 2
TARGET 1282 1 0 1 0 2
TARGET 1283 1 0 1 0 3
TARGET 1284 1 0 1 0 2
TARGET 1285 1 0 1 0 2
TARGET 1286 1 0 1 0 3
TARGET 1287 1 0 0 1 0
TARGET 1288 1 0 1 1 1
TARGET 1289 1 0 0 1 0
TARGET 1290 1 0 0 1 0
TARGET 1291 1 0 1 1 1
TARGET 1292 1 0 1 1 1
TARGET 1293 1 0 1 1 2
TARGET 1294 1 0 1 1 1
TARGET 1295 1 0 1 1 1
TARGET 1296 1 0 1 1 2
TARGET 1297 1 0 0 1 0
TARGET 1298 1 0 1 1 1
TARGET 1299 1 0 0 1 0
TARGET 1300 1 0 0 1 0
TARGET 1301 1 0 1 1 1
TARGET 1302 1 0 0 1 0
TARGET 1303 1 0 1 1 1
TARGET 1304 1 0 0 1 0
TARGET 1305 1 0 0 1 0
TARGET 1306 1 0 1 1 1
TARGET 1307 1 0 0 0 0
TARGET 1308 1 0 1 0 1
TARGET 1309 1 0 0 0 0
TARGET 1310 1 0 0 0 0
TARGET 1311 1 0 1 0 1
TARGET 1312 1 0 1 1 2
TARGET 1313 1 1 1 1 3
TARGET 1314 1 0 1 1 2
TARGET 1315 1 0 1 1 2
TARGET 1316 1 0 1 1 3
TARGET 1317 1 0 1 1 1
TARGET 1318 1 0 1 1 2
TARGET 1319 1 0 1 1 1
TARGET 1320 1 0 1 1 1
TARGET 1321 1 0 1 1 2
TARGET 1322 1 0 1 1 1
TARGET 1323 1 0 1 1 2
TARGET 1324 1 0 1 1 1
TARGET 1325 1 0 1 1 1
TARGET 1326 1 0 1 1 2
TARGET 1327 1 0 0 1 0
TARGET 1328 1 0 1 1 1
TARGET 1329 1 0 0 1 0
TARGET 1330 1 0 0 1 0
TARGET 1331 1 0 1 1 1
TARGET 1332 1 0 0 1 0
TARGET 1333 1 0 1 1 1
TARGET 1334 1 0 0 1 0
TARGET 1335 1 0 0 1 0
TARGET 1336 1 0 1 1 1
TARGET 1337 1 0 1 0 2
TARGET 1338 1 0 1 0 3
TARGET 1339 1 0 1 0 2
TARGET 1340 1 0 1 0 2
TARGET 1341 1 0 1 0 3
TARGET 1342 1 0 0 0 0
TARGET 1343 1 0 1 0 1
TARGET 1344 1 0 0 0 0
TARGET 1345 1 0 0 0 0
TARGET 1346 1 0 1 0 1
TARGET 1347 1 0 0 1 0
TARGET 1348 1 0 0 0 0
TARGET 1349 1 0 1 1 1
TARGET 1350 1 0 0 1 0
TARGET 1351 1 0 0 1 0
TARGET 1352 1 0 1 1 1
TARGET 1353 1 0 1 0 1
TARGET 1354 1 0 0 0 0
TARGET 1355 1 0 0 0 0
TARGET 1356 1 0 1 0 1
TARGET 1357 1 0 0 1 0
TARGET 1358 1 1 0 2 0
TARGET 1359 1 0 0 1 0
TARGET 1360 1 0 0 1 0
TARGET 1361 1 0 0 1 0
TARGET 1362 1 1 0 2 0
TARGET 1363 1 0 0 1 0
TARGET 1364 1 0 0 1 0
TARGET 1365 1 0 0 3 0
TARGET 1366 1 0 0 2 0
TARGET 1367 1 1 0 2 0
TARGET 1368 1 0 0 1 0
TARGET 1369 1 0 0 2 0
TARGET 1370 1 0 0 2 0
TARGET 1371 1 0 0 1 0
TARGET 1372 1 0 0 1 0
TARGET 1373 1 0 0 1 0
TARGET 1374 1 1 0 2 0
TARGET 1375 1 0 0 1 0
TARGET 1376 1 0 0 1 0
TARGET 1377 1 0 0 2 0
TARGET 1378 1 0 0 1 0
TARGET 1379 1 0 0 1 0
TARGET 1380 1 0 0 1 0
TARGET 1381 1 0 0 1 0
TARGET 1382 1 0 0 0 0
TARGET 1383 1 0 0 1 0
TARGET 1384 1 0 0 0 0
TARGET 1385 1 0 0 0 0
TARGET 1386 1 0 0 0 0
TARGET 1387 1 2 0 3 0
TARGET 1388 1 1 0 2 0
TARGET 1389 1 1 0 2 0
TARGET 1390 1 1 0 4 0
TARGET 1391 1 1 0 3 0
TARGET 1392 1 2 0 3 0
TARGET 1393 1 1 0 2 0
TARGET 1394 1 1 0 3 0
TARGET 1395 1 0 0 1 0
TARGET 1396 1 0 0 1 0
TARGET 1397 1 0 0 3 0
TARGET 1398 1 0 0 2 0
TARGET 1399 1 1 0 2 0
TARGET 1400 1 0 0 1 0
TARGET 1401 1 0 0 2 0
TARGET 1402 1 0 0 2 0
TARGET 1403 1 0 0 0 0
TARGET 1404 1 0 0 1 0
TARGET 1405 1 0 0 3 0
TARGET 1406 1 0 0 2 0
TARGET 1407 1 1 0 2 0
TARGET 1408 1 0 0 1 0
TARGET 1409 1 0 0 3 0
TARGET 1410 1 0 0 2 0
TARGET 1411 1 0 0 2 0
TARGET 1412 1 0 0 0 0
TARGET 1413 1 1 0 2 0
TARGET 1414 1 0 0 1 0
TARGET 1415 1 0 0 2 0
TARGET 1416 1 0 0 0 0
TARGET 1417 1 0 0 2 0
TARGET 1418 1 0 0 1 0
TARGET 1419 1 0 0 1 0
TARGET 1420 1 0 0 1 0
TARGET 1421 1 0 0 2 0
TARGET 1422 1 0 0 1 0
TARGET 1423 1 0 0 1 0
TARGET 1424 1 0 0 2 0
TARGET 1425 1 0 0 1 0
TARGET 1426 1 0 0 3 0
TARGET 1427 1 0 0 1 0
TARGET 1428 1 0 0 2 0
TARGET 1429 1 0 0 1 0
TARGET 1430 1 0 0 2 0
TARGET 1431 1 0 0 1 0
TARGET 1432 1 0 0 2 0
TARGET 1433 1 0 0 1 0
TARGET 1434 1 0 0 0 0
TARGET 1435 1 0 0 0 0
TARGET 1436 1 0 0 0 0
TARGET 1437 1 1 0 2 0
TARGET 1438 1 0 0 1 0
TARGET 1439 1 0 0 1 0
TARGET 1440 1 0 0 2 0
TARGET 1441 1 0 0 1 0
TARGET 1442 1 0 0 1 0
TARGET 1443 1 0 0 1 0
TARGET 1444 1 0 0 1 0
TARGET 1445 1 0 0 2 0
TARGET 1446 1 0 0 1 0
TARGET 1447 1 0 0 1 0
TARGET 1448 1 0 0 0 0
TARGET 1449 1 0 0 0 0
TARGET 1450 1 0 0 1 0
TARGET 1451 1 0 0 0 0
TARGET 1452 1 0 0 0 0
TARGET 1453 1 0 0 1 0
TARGET 1454 1 0 0 0 0
TARGET 1455 1 0 0 1 0
TARGET 1456 1 0 0 0 0
TARGET 1457 1 0 1 1 3
TARGET 1458 1 0 1 1 3
TARGET 1459 1 0 1 1 2
TARGET 1460 1 0 1 1 3
TARGET 1461 1 0 1 1 2
TARGET 1462 1 0 1 1 2
TARGET 1463 1 0 1 1 2
TARGET 1464 1 0 1 1 2
TARGET 1465 1 0 1 1 3
TARGET 1466 1 0 1 1 3
TARGET 1467 1 0 1 1 2
TARGET 1468 1 0 1 1 3
TARGET 1469 1 0 1 1 2
TARGET 1470 1 0 1 1 2
TARGET 1471 1 0 1 1 2
TARGET 1472 1 0 1 1 2
TARGET 1473 1 0 1 1 2
TARGET 1474 1 0 1 1 2
TARGET 1475 1 0 1 1 1
TARGET 1476 1 0 1 1 2
TARGET 1477 1 0 1 1 1
TARGET 1478 1 0 1 1 1
TARGET 1479 1 0 1 1 1
TARGET 1480 1 0 1 1 1
TARGET 1481 1 0 1 1 3
TARGET 1482 1 0 1 1 2
TARGET 1483 1 0 1 1 2
TARGET 1484 1 0 1 1 2
TARGET 1485 1 0 1 1 2
TARGET 1486 1 0 1 1 3
TARGET 1487 1 0 1 1 2
TARGET 1488 1 0 1 1 2
TARGET 1489 1 0 1 1 2
TARGET 1490 1 0 1 1 2
TARGET 1491 1 0 1 1 2
TARGET 1492 1 0 1 1 1
TARGET 1493 1 0 1 1 1
TARGET 1494 1 0 1 1 1
TARGET 1495 1 0 1 1 1
TARGET 1496 1 0 1 1 3
TARGET 1497 1 0 1 1 2
TARGET 1498 1 0 1 1 2
TARGET 1499 1 0 1 1 2
TARGET 1500 1 0 1 1 2
TARGET 1501 1 0 1 1 2
TARGET 1502 1 0 1 1 2
TARGET 1503 1 0 1 1 2
TARGET 1504 1 0 1 1 2
TARGET 1505 1 0 1 1 1
TARGET 1506 1 0 1 1 1
TARGET 1507 1 0 1 1 1
TARGET 1508 1 0 1 1 1
TARGET 1509 1 0 1 1 1
TARGET 1510 1 0 1 1 1
TARGET 1511 1 0 1 1 1
TARGET 1512 1 0 1 1 1
TARGET 1513 1 0 1 1 1
TARGET 1514 1 0 1 1 1
TARGET 1515 1 0 1 1 1
TARGET 1516 1 0 1 1 1
TARGET 1517 1 0 1 1 1
TARGET 1518 1 0 1 1 1
TARGET 1519 1 0 1 1 1
TARGET 1520 1 0 1 1 1
TARGET 1521 1 0 1 1 3
TARGET 1522 1 1 1 1 3
TARGET 1523 1 0 1 1 2
TARGET 1524 1 0 1 1 3
TARGET 1525 1 0 1 1 2
TARGET 1526 1 0 1 1 2
TARGET 1527 1 0 1 1 2
TARGET 1528 1 0 1 1 2
TARGET 1529 1 0 1 1 2
TARGET 1530 1 0 1 1 2
TARGET 1531 1 0 1 1 1
TARGET 1532 1 0 1 1 2
TARGET 1533 1 0 1 1 1
TARGET 1534 1 0 1 1 1
TARGET 1535 1 0 1 1 1
TARGET 1536 1 0 1 1 1
TARGET 1537 1 0 1 1 3
TARGET 1538 1 0 1 1 2
TARGET 1539 1 0 1 1 2
TARGET 1540 1 0 1 1 2
TARGET 1541 1 0 1 1 2
TARGET 1542 1 0 1 0 3
TARGET 1543 1 0 1 1 3
TARGET 1544 1 0 1 1 2
TARGET 1545 1 0 1 1 2
TARGET 1546 1 0 1 1 2
TARGET 1547 1 0 1 1 2
TARGET 1548 1 0 1 0 3
TARGET 1549 1 0 1 1 2
TARGET 1550 1 0 1 1 1
TARGET 1551 1 0 1 1 1
TARGET 1552 1 0 1 1 1
TARGET 1553 1 0 1 1 1
TARGET 1554 1 0 1 0 2
TARGET 1555 1 0 1 1 3
TARGET 1556 1 0 1 1 2
TARGET 1557 1 0 1 1 2
TARGET 1558 1 0 1 1 2
TARGET 1559 1 0 1 1 2
TARGET 1560 1 0 1 1 2
TARGET 1561 1 0 1 1 2
TARGET 1562 1 0 1 1 2
TARGET 1563 1 0 1 1 2
TARGET 1564 1 0 1 0 3
TARGET 1565 1 0 1 1 1
TARGET 1566 1 0 1 1 1
TARGET 1567 1 0 1 1 1
TARGET 1568 1 0 1 1 1
TARGET 1569 1 0 1 1 1
TARGET 1570 1 0 1 1 1
TARGET 1571 1 0 1 1 1
TARGET 1572 1 0 1 0 2
TARGET 1573 1 0 1 1 1
TARGET 1574 1 0 1 1 1
TARGET 1575 1 0 1 1 1
TARGET 1576 1 0 1 1 1
TARGET 1577 1 0 1 1 1
TARGET 1578 1 0 1 0 2
TARGET 1579 1 0 1 1 1
TARGET 1580 1 0 1 1 1
TARGET 1581 1 0 1 1 1
TARGET 1582 1 0 1 1 1
TARGET 1583 1 0 1 0 2
TARGET 1584 1 0 1 0 2
TARGET 1585 1 0 1 1 1
TARGET 1586 1 0 1 1 1
TARGET 1587 1 0 0 1 0
TARGET 1588 1 0 1 1 1
TARGET 1589 1 0 0 1 0
TARGET 1590 1 0 0 1 0
TARGET 1591 1 0 0 1 0
TARGET 1592 1 0 0 1 0
TARGET 1593 1 0 1 1 2
TARGET 1594 1 0 1 1 1
TARGET 1595 1 0 1 1 1
TARGET 1596 1 0 1 1 1
TARGET 1597 1 0 1 1 1
TARGET 1598 1 0 1 1 2
TARGET 1599 1 0 1 1 1
TARGET 1600 1 0 1 1 1
TARGET 1601 1 0 1 1 1
TARGET 1602 1 0 1 1 1
TARGET 1603 1 0 1 1 1
TARGET 1604 1 0 0 1 0
TARGET 1605 1 0 0 1 0
TARGET 1606 1 0 0 1 0
TARGET 1607 1 0 0 1 0
TARGET 1608 1 0 1 1 2
TARGET 1609 1 0 1 1 1
TARGET 1610 1 0 1 1 1
TARGET 1611 1 0 1 1 1
TARGET 1612 1 0 1 1 1
TARGET 1613 1 0 1 1 1
TARGET 1614 1 0 1 1 1
TARGET 1615 1 0 1 1 1
TARGET 1616 1 0 1 1 1
TARGET 1617 1 0 0 1 0
TARGET 1618 1 0 0 1 0
TARGET 1619 1 0 0 1 0
TARGET 1620 1 0 0 1 0
TARGET 1621 1 0 0 1 0
TARGET 1622 1 0 0 1 0
TARGET 1623 1 0 0 1 0
TARGET 1624 1 0 0 1 0
TARGET 1625 1 0 0 1 0
TARGET 1626 1 0 0 1 0
TARGET 1627 1 0 0 1 0
TARGET 1628 1 0 0 1 0
TARGET 1629 1 0 0 1 0
TARGET 1630 1 0 0 1 0
TARGET 1631 1 0 0 1 0
TARGET 1632 1 0 0 1 0
TARGET 1633 1 0 1 0 3
TARGET 1634 1 0 1 0 3
TARGET 1635 1 0 1 0 2
TARGET 1636 1 0 1 0 3
TARGET 1637 1 0 1 0 2
TARGET 1638 1 0 1 0 2
TARGET 1639 1 0 1 0 2
TARGET 1640 1 0 1 0 2
TARGET 1641 1 0 1 0 1
TARGET 1642 1 0 1 0 1
TARGET 1643 1 0 0 0 0
TARGET 1644 1 0 1 0 1
TARGET 1645 1 0 0 0 0
TARGET 1646 1 0 0 0 0
TARGET 1647 1 0 0 0 0
TARGET 1648 1 0 0 0 0
TARGET 1649 1 0 1 1 3
TARGET 1650 1 0 1 1 2
TARGET 1651 1 0 1 1 2
TARGET 1652 1 0 1 1 2
TARGET 1653 1 0 1 1 2
TARGET 1654 1 0 1 0 3
TARGET 1655 1 0 1 1 1
TARGET 1656 1 0 1 1 1
TARGET 1657 1 0 1 1 1
TARGET 1658 1 0 1 1 1
TARGET 1659 1 0 1 0 1
TARGET 1660 1 0 1 1 1
TARGET 1661 1 0 1 1 1
TARGET 1662 1 0 1 1 1
TARGET 1663 1 0 1 1 1
TARGET 1664 1 0 1 1 1
TARGET 1665 1 0 1 0 1
TARGET 1666 1 0 1 0 1
TARGET 1667 1 0 1 1 1
TARGET 1668 1 0 1 0 1
TARGET 1669 1 0 1 1 3
TARGET 1670 1 0 1 1 2
TARGET 1671 1 0 1 1 2
TARGET 1672 1 0 1 1 2
TARGET 1673 1 0 1 1 2
TARGET 1674 1 0 1 0 3
TARGET 1675 1 0 1 1 1
TARGET 1676 1 0 1 1 1
TARGET 1677 1 0 1 1 1
TARGET 1678 1 0 1 1 1
TARGET 1679 1 0 1 0 1
TARGET 1680 1 0 1 1 1
TARGET 1681 1 0 1 1 1
TARGET 1682 1 0 1 1 1
TARGET 1683 1 0 1 1 1
TARGET 1684 1 0 1 1 1
TARGET 1685 1 0 1 0 1
TARGET 1686 1 0 1 0 1
TARGET 1687 1 0 1 1 1
TARGET 1688 1 0 1 0 1
TARGET 1689 1 0 1 1 2
TARGET 1690 1 0 1 1 1
TARGET 1691 1 0 1 1 1
TARGET 1692 1 0 1 1 1
TARGET 1693 1 0 1 1 1
TARGET 1694 1 0 1 0 2
TARGET 1695 1 0 0 1 0
TARGET 1696 1 0 0 1 0
TARGET 1697 1 0 0 1 0
TARGET 1698 1 0 0 1 0
TARGET 1699 1 0 0 0 0
TARGET 1700 1 0 0 1 0
TARGET 1701 1 0 0 1 0
TARGET 1702 1 0 0 1 0
TARGET 1703 1 0 0 1 0
TARGET 1704 1 0 0 1 0
TARGET 1705 1 0 0 0 0
TARGET 1706 1 0 0 0 0
TARGET 1707 1 0 0 1 0
TARGET 1708 1 0 0 0 0
TARGET 1709 1 1 1 1 3
TARGET 1710 1 0 1 1 2
TARGET 1711 1 0 1 1 2
TARGET 1712 1 0 1 1 2
TARGET 1713 1 0 1 1 2
TARGET 1714 1 0 1 1 2
TARGET 1715 1 0 1 1 2
TARGET 1716 1 0 1 1 2
TARGET 1717 1 0 1 1 2
TARGET 1718 1 0 1 0 3
TARGET 1719 1 0 1 1 1
TARGET 1720 1 0 1 1 1
TARGET 1721 1 0 1 1 1
TARGET 1722 1 0 1 1 1
TARGET 1723 1 0 1 1 1
TARGET 1724 1 0 1 1 1
TARGET 1725 1 0 1 1 1
TARGET 1726 1 0 1 1 1
TARGET 1727 1 0 1 1 1
TARGET 1728 1 0 1 1 1
TARGET 1729 1 0 1 1 1
TARGET 1730 1 0 1 0 1
TARGET 1731 1 0 1 1 1
TARGET 1732 1 0 1 1 1
TARGET 1733 1 0 1 1 1
TARGET 1734 1 0 1 1 1
TARGET 1735 1 0 1 1 1
TARGET 1736 1 0 1 1 1
TARGET 1737 1 0 1 1 1
TARGET 1738 1 0 1 1 1
TARGET 1739 1 0 1 1 1
TARGET 1740 1 0 1 1 1
TARGET 1741 1 0 1 1 1
TARGET 1742 1 0 1 1 1
TARGET 1743 1 0 1 0 1
TARGET 1744 1 0 1 0 1
TARGET 1745 1 0 1 1 1
TARGET 1746 1 0 1 1 1
TARGET 1747 1 0 1 1 1
TARGET 1748 1 0 1 0 1
TARGET 1749 1 0 1 0 2
TARGET 1750 1 0 1 0 2
TARGET 1751 1 0 1 0 2
TARGET 1752 1 0 1 0 2
TARGET 1753 1 0 0 1 0
TARGET 1754 1 0 0 1 0
TARGET 1755 1 0 0 1 0
TARGET 1756 1 0 0 1 0
TARGET 1757 1 0 0 1 0
TARGET 1758 1 0 0 1 0
TARGET 1759 1 0 0 1 0
TARGET 1760 1 0 0 0 0
TARGET 1761 1 0 0 1 0
TARGET 1762 1 0 0 1 0
TARGET 1763 1 0 0 1 0
TARGET 1764 1 0 0 1 0
TARGET 1765 1 0 0 1 0
TARGET 1766 1 0 0 1 0
TARGET 1767 1 0 0 1 0
TARGET 1768 1 0 0 1 0
TARGET 1769 1 0 0 1 0
TARGET 1770 1 0 0 1 0
TARGET 1771 1 0 0 1 0
TARGET 1772 1 0 0 1 0
TARGET 1773 1 0 0 0 0
TARGET 1774 1 0 0 0 0
TARGET 1775 1 0 0 1 0
TARGET 1776 1 0 0 1 0
TARGET 1777 1 0 0 1 0
TARGET 1778 1 0 0 0 0
TARGET 1779 1 0 0 0 0
TARGET 1780 1 0 0 0 0
TARGET 1781 1 0 0 0 0
TARGET 1782 1 0 0 1 0
TARGET 1783 1 0 0 1 0
TARGET 1784 1 0 0 1 0
TARGET 1785 1 0 0 1 0
TARGET 1786 1 0 0 1 0
TARGET 1787 1 0 0 1 0
TARGET 1788 1 0 0 1 0
TARGET 1789 1 0 0 1 0
TARGET 1790 1 0 0 1 0
TARGET 1791 1 0 0 0 0
TARGET 1792 1 0 0 0 0
TARGET 1793 1 0 0 1 0
TARGET 1794 1 0 0 1 0
TARGET 1795 1 0 0 1 0
TARGET 1796 1 0 0 0 0
TARGET 1797 1 0 0 1 0
TARGET 1798 1 0 0 1 0
TARGET 1799 1 0 0 1 0
TARGET 1800 1 0 0 1 0
TARGET 1801 1 0 0 0 0
TARGET 1802 1 0 0 0 0
TARGET 1803 1 0 0 0 0
TARGET 1804 1 0 0 0 0
TARGET 1805 1 0 0 1 0
TARGET 1806 1 0 0 1 0
TARGET 1807 1 0 0 0 0
TARGET 1808 1 0 0 0 0
TARGET 1809 1 2 0 3 0
TARGET 1810 1 1 0 2 0
TARGET 1811 1 1 0 2 0
TARGET 1812 1 1 0 2 0
TARGET 1813 1 1 0 2 0
TARGET 1814 1 1 0 4 0
TARGET 1815 1 1 0 3 0
TARGET 1816 1 1 0 3 0
TARGET 1817 1 2 0 3 0
TARGET 1818 1 0 0 1 0
TARGET 1819 1 0 0 1 0
TARGET 1820 1 0 0 1 0
TARGET 1821 1 0 0 1 0
TARGET 1822 1 0 0 2 0
TARGET 1823 1 0 0 3 0
TARGET 1824 1 0 0 2 0
TARGET 1825 1 0 0 2 0
TARGET 1826 1 1 0 2 0
TARGET 1827 1 0 0 0 0
TARGET 1828 1 0 0 1 0
TARGET 1829 1 0 0 1 0
TARGET 1830 1 0 0 1 0
TARGET 1831 1 0 0 0 0
TARGET 1832 1 0 0 1 0
TARGET 1833 1 0 0 1 0
TARGET 1834 1 0 0 0 0
TARGET 1835 1 0 0 1 0
TARGET 1836 1 0 0 0 0
TARGET 1837 1 0 0 3 0
TARGET 1838 1 0 0 2 0
TARGET 1839 1 0 0 3 0
TARGET 1840 1 0 0 2 0
TARGET 1841 1 1 0 2 0
TARGET 1842 1 0 0 3 0
TARGET 1843 1 0 0 2 0
TARGET 1844 1 0 0 2 0
TARGET 1845 1 0 0 2 0
TARGET 1846 1 1 0 2 0
TARGET 1847 1 0 0 2 0
TARGET 1848 1 1 0 2 0
TARGET 1849 1 0 0 2 0
TARGET 1850 1 0 0 1 0
TARGET 1851 1 0 0 1 0
TARGET 1852 1 0 0 1 0
TARGET 1853 1 0 0 2 0
TARGET 1854 1 0 0 1 0
TARGET 1855 1 0 0 2 0
TARGET 1856 1 0 0 1 0
TARGET 1857 1 0 0 1 0
TARGET 1858 1 0 0 2 0
TARGET 1859 1 0 0 3 0
TARGET 1860 1 0 0 1 0
TARGET 1861 1 0 0 1 0
TARGET 1862 1 0 0 2 0
TARGET 1863 1 0 0 1 0
TARGET 1864 1 0 0 1 0
TARGET 1865 1 0 0 1 0
TARGET 1866 1 0 0 2 0
TARGET 1867 1 0 0 1 0
TARGET 1868 1 0 0 2 0
TARGET 1869 1 0 0 1 0
TARGET 1870 1 0 0 0 0
TARGET 1871 1 0 0 0 0
TARGET 1872 1 0 0 0 0
TARGET 1873 1 1 0 2 0
TARGET 1874 1 0 0 1 0
TARGET 1875 1 0 0 2 0
TARGET 1876 1 0 0 1 0
TARGET 1877 1 0 0 1 0
TARGET 1878 1 1 0 2 0
TARGET 1879 1 0 0 1 0
TARGET 1880 1 0 0 1 0
TARGET 1881 1 0 0 1 0
TARGET 1882 1 0 0 2 0
TARGET 1883 1 0 0 1 0
TARGET 1884 1 0 0 1 0
TARGET 1885 1 0 0 2 0
TARGET 1886 1 0 0 1 0
TARGET 1887 1 0 0 1 0
TARGET 1888 1 0 0 1 0
TARGET 1889 1 1 0 2 0
TARGET 1890 1 0 0 1 0
TARGET 1891 1 0 0 0 0
TARGET 1892 1 0 0 1 0
TARGET 1893 1 0 0 1 0
TARGET 1894 1 0 0 0 0
TARGET 1895 1 0 0 0 0
TARGET 1896 1 0 0 0 0
TARGET 1897 1 0 0 1 0
TARGET 1898 1 0 0 0 0
TARGET 1899 1 0 0 1 0
TARGET 1900 1 0 0 1 0
TARGET 1901 1 0 0 1 0
TARGET 1902 1 0 0 0 0
TARGET 1903 1 0 0 1 0
TARGET 1904 1 0 0 1 0
TARGET 1905 1 0 0 0 0
TARGET 1906 1 0 0 0 0
TARGET 1907 1 0 0 1 0
TARGET 1908 1 0 0 0 0
TARGET 1909 1 1 0 2 0
TARGET 1910 1 0 0 1 0
TARGET 1911 1 0 0 2 0
TARGET 1912 1 1 0 2 0
TARGET 1913 1 0 0 3 0
TARGET 1914 1 0 0 2 0
TARGET 1915 1 0 0 1 0
TARGET 1916 1 0 0 1 0
TARGET 1917 1 0 0 1 0
TARGET 1918 1 0 0 1 0
TARGET 1919 1 0 0 1 0
TARGET 1920 1 0 0 2 0
TARGET 1921 1 0 0 1 0
TARGET 1922 1 0 0 1 0
TARGET 1923 1 0 0 2 0
TARGET 1924 1 0 0 2 0
TARGET 1925 1 0 0 3 0
TARGET 1926 1 0 0 2 0
TARGET 1927 1 0 0 1 0
TARGET 1928 1 0 0 1 0
TARGET 1929 1 0 0 1 0
TARGET 1930 1 0 0 1 0
TARGET 1931 1 1 0 2 0
TARGET 1932 1 0 0 3 0
TARGET 1933 1 0 0 2 0
TARGET 1934 1 0 0 1 0
TARGET 1935 1 0 0 1 0
TARGET 1936 1 0 0 1 0
TARGET 1937 1 0 0 1 0
TARGET 1938 1 1 0 4 0
TARGET 1939 1 0 0 3 0
TARGET 1940 1 0 0 2 0
TARGET 1941 1 0 0 3 0
TARGET 1942 1 0 0 1 0
TARGET 1943 1 0 0 2 0
TARGET 1944 1 0 0 1 0
TARGET 1945 1 1 0 2 0
TARGET 1946 1 0 0 1 0
TARGET 1947 1 1 0 2 0
TARGET 1948 1 0 0 1 0
TARGET 1949 1 0 0 0 0
TARGET 1950 1 0 0 1 0
TARGET 1951 1 0 0 1 0
TARGET 1952 1 0 0 2 0
TARGET 1953 1 0 0 1 0
TARGET 1954 1 0 0 0 0
TARGET 1955 1 0 0 1 0
TARGET 1956 1 0 0 2 0
TARGET 1957 1 0 0 1 0
TARGET 1958 1 0 0 0 0
TARGET 1959 1 1 0 3 0
TARGET 1960 1 0 0 2 0
TARGET 1961 1 0 0 1 0
TARGET 1962 1 0 0 2 0
TARGET 1963 1 0 0 0 0
TARGET 1964 1 0 0 0 0
TARGET 1965 1 0 0 0 0
TARGET 1966 1 0 0 0 0
TARGET 1967 1 0 0 1 0
TARGET 1968 1 0 0 1 0
TARGET 1969 1 0 0 1 0
TARGET 1970 1 0 0 1 0
TARGET 1971 1 0 0 1 0
TARGET 1972 1 0 0 1 0
TARGET 1973 1 0 0 2 0
TARGET 1974 1 0 0 1 0
TARGET 1975 1 1 0 2 0
TARGET 1976 1 0 0 1 0
TARGET 1977 1 1 0 2 0
TARGET 1978 1 0 0 1 0
TARGET 1979 1 0 0 0 0
TARGET 1980 1 0 0 0 0
TARGET 1981 1 0 0 0 0
TARGET 1982 1 0 0 1 0
TARGET 1983 1 0 0 1 0
TARGET 1984 1 0 0 1 0
TARGET 1985 1 0 0 2 0
TARGET 1986 1 0 0 1 0
TARGET 1987 1 1 0 2 0
TARGET 1988 1 0 0 1 0
TARGET 1989 1 1 0 2 0
TARGET 1990 1 0 0 1 0
TARGET 1991 1 0 0 0 0
TARGET 1992 1 0 0 0 0
TARGET 1993 1 0 0 0 0
TARGET 1994 1 1 0 3 0
TARGET 1995 1 0 0 2 0
TARGET 1996 1 0 0 1 0
TARGET 1997 1 0 0 2 0
TARGET 1998 1 0 0 0 0
TARGET 1999 1 2 0 3 0
TARGET 2000 1 1 0 2 0
TARGET 2001 1 0 0 1 0
TARGET 2002 1 0 0 2 0
TARGET 2003 1 0 0 0 0
TARGET 2004 1 2 0 3 0
TARGET 2005 1 1 0 2 0
TARGET 2006 1 0 0 1 0
TARGET 2007 1 0 0 2 0
TARGET 2008 1 0 0 0 0
TARGET 2009 1 0 1 1 1
TARGET 2010 1 0 1 1 1
TARGET 2011 1 0 1 1 2
TARGET 2012 1 0 1 1 1
TARGET 2013 1 0 1 1 1
TARGET 2014 1 0 1 1 2
TARGET 2015 1 0 1 1 2
TARGET 2016 1 0 1 1 1
TARGET 2017 1 0 1 1 1
TARGET 2018 1 0 1 1 2
TARGET 2019 1 0 1 1 1
TARGET 2020 1 0 1 1 1
TARGET 2021 1 0 1 1 2
TARGET 2022 1 0 1 1 2
TARGET 2023 1 0 1 1 1
TARGET 2024 1 0 1 0 1
TARGET 2025 1 0 1 0 1
TARGET 2026 1 0 1 1 3
TARGET 2027 1 0 1 1 2
TARGET 2028 1 0 1 1 2
TARGET 2029 1 0 1 1 3
TARGET 2030 1 0 1 1 3
TARGET 2031 1 0 1 1 2
TARGET 2032 1 0 1 0 3
TARGET 2033 1 0 1 1 1
TARGET 2034 1 0 1 1 1
TARGET 2035 1 0 1 1 2
TARGET 2036 1 0 1 1 2
TARGET 2037 1 0 1 1 1
TARGET 2038 1 0 1 0 1
TARGET 2039 1 0 1 1 1
TARGET 2040 1 0 1 1 2
TARGET 2041 1 0 1 1 2
TARGET 2042 1 0 1 1 1
TARGET 2043 1 0 1 0 1
TARGET 2044 1 0 1 1 3
TARGET 2045 1 0 1 1 3
TARGET 2046 1 0 1 1 2
TARGET 2047 1 0 1 1 3
TARGET 2048 1 0 1 1 2
TARGET 2049 1 0 1 0 3
TARGET 2050 1 0 1 1 1
TARGET 2051 1 0 1 0 3
TARGET 2052 1 0 1 0 1
TARGET 2053 1 0 1 1 1
TARGET 2054 1 0 1 1 1
TARGET 2055 1 0 1 1 2
TARGET 2056 1 0 1 1 1
TARGET 2057 1 0 1 1 1
TARGET 2058 1 0 1 1 2
TARGET 2059 1 0 1 1 2
TARGET 2060 1 0 1 1 1
TARGET 2061 1 0 1 1 1
TARGET 2062 1 0 1 1 2
TARGET 2063 1 0 1 1 1
TARGET 2064 1 0 1 1 1
TARGET 2065 1 0 1 1 2
TARGET 2066 1 0 1 1 2
TARGET 2067 1 0 1 1 1
TARGET 2068 1 0 1 0 1
TARGET 2069 1 0 1 0 1
TARGET 2070 1 1 1 1 3
TARGET 2071 1 0 1 1 2
TARGET 2072 1 0 1 1 2
TARGET 2073 1 0 1 1 3
TARGET 2074 1 0 1 1 3
TARGET 2075 1 0 1 1 2
TARGET 2076 1 0 1 0 3
TARGET 2077 1 0 1 1 1
TARGET 2078 1 0 1 1 1
TARGET 2079 1 0 1 1 2
TARGET 2080 1 0 1 1 2
TARGET 2081 1 0 1 1 1
TARGET 2082 1 0 1 0 1
TARGET 2083 1 0 1 1 1
TARGET 2084 1 0 1 1 2
TARGET 2085 1 0 1 1 2
TARGET 2086 1 0 1 1 1
TARGET 2087 1 0 1 0 1
TARGET 2088 1 0 1 1 3
TARGET 2089 1 0 1 1 3
TARGET 2090 1 0 1 1 2
TARGET 2091 1 0 1 1 3
TARGET 2092 1 0 1 1 2
TARGET 2093 1 0 1 0 3
TARGET 2094 1 0 1 1 1
TARGET 2095 1 0 1 0 3
TARGET 2096 1 0 1 0 1
TARGET 2097 1 0 0 1 0
TARGET 2098 1 0 0 1 0
TARGET 2099 1 0 1 1 1
TARGET 2100 1 0 0 1 0
TARGET 2101 1 0 0 1 0
TARGET 2102 1 0 1 1 1
TARGET 2103 1 0 1 1 1
TARGET 2104 1 0 0 1 0
TARGET 2105 1 0 0 1 0
TARGET 2106 1 0 1 1 1
TARGET 2107 1 0 0 1 0
TARGET 2108 1 0 0 1 0
TARGET 2109 1 0 1 1 1
TARGET 2110 1 0 1 1 1
TARGET 2111 1 0 0 1 0
TARGET 2112 1 0 0 0 0
TARGET 2113 1 0 0 0 0
TARGET 2114 1 0 1 1 2
TARGET 2115 1 0 1 1 1
TARGET 2116 1 0 1 1 1
TARGET 2117 1 0 1 1 2
TARGET 2118 1 0 1 1 2
TARGET 2119 1 0 1 1 1
TARGET 2120 1 0 1 0 2
TARGET 2121 1 0 0 1 0
TARGET 2122 1 0 0 1 0
TARGET 2123 1 0 1 1 1
TARGET 2124 1 0 1 1 1
TARGET 2125 1 0 0 1 0
TARGET 2126 1 0 0 0 0
TARGET 2127 1 0 0 1 0
TARGET 2128 1 0 1 1 1
TARGET 2129 1 0 1 1 1
TARGET 2130 1 0 0 1 0
TARGET 2131 1 0 0 0 0
TARGET 2132 1 0 1 1 2
TARGET 2133 1 0 1 1 2
TARGET 2134 1 0 1 1 1
TARGET 2135 1 0 1 1 2
TARGET 2136 1 0 1 1 1
TARGET 2137 1 0 1 0 2
TARGET 2138 1 0 0 1 0
TARGET 2139 1 0 1 0 2
TARGET 2140 1 0 0 0 0
TARGET 2141 1 0 0 1 0
TARGET 2142 1 0 1 1 1
TARGET 2143 1 0 0 1 0
TARGET 2144 1 0 0 1 0
TARGET 2145 1 0 0 1 0
TARGET 2146 1 0 0 1 0
TARGET 2147 1 0 1 1 1
TARGET 2148 1 0 0 1 0
TARGET 2149 1 0 0 1 0
TARGET 2150 1 0 0 1 0
TARGET 2151 1 0 1 1 1
TARGET 2152 1 0 1 1 2
TARGET 2153 1 0 1 1 1
TARGET 2154 1 0 1 1 1
TARGET 2155 1 0 1 1 1
TARGET 2156 1 0 0 1 0
TARGET 2157 1 0 1 1 1
TARGET 2158 1 0 0 1 0
TARGET 2159 1 0 0 1 0
TARGET 2160 1 0 0 1 0
TARGET 2161 1 0 0 1 0
TARGET 2162 1 0 1 1 1
TARGET 2163 1 0 1 1 1
TARGET 2164 1 0 0 1 0
TARGET 2165 1 0 1 1 1
TARGET 2166 1 0 1 1 2
TARGET 2167 1 0 1 1 2
TARGET 2168 1 0 1 1 1
TARGET 2169 1 0 0 1 0
TARGET 2170 1 0 1 1 1
TARGET 2171 1 0 1 1 1
TARGET 2172 1 0 0 1 0
TARGET 2173 1 0 0 1 0
TARGET 2174 1 0 0 1 0
TARGET 2175 1 0 1 1 1
TARGET 2176 1 0 1 1 1
TARGET 2177 1 0 0 1 0
TARGET 2178 1 0 1 1 1
TARGET 2179 1 0 1 1 1
TARGET 2180 1 0 0 1 0
TARGET 2181 1 0 0 1 0
TARGET 2182 1 0 1 1 1
TARGET 2183 1 0 0 1 0
TARGET 2184 1 0 0 1 0
TARGET 2185 1 0 0 1 0
TARGET 2186 1 0 1 1 1
TARGET 2187 1 0 1 1 2
TARGET 2188 1 0 1 1 1
TARGET 2189 1 0 1 1 1
TARGET 2190 1 0 1 1 1
TARGET 2191 1 0 0 1 0
TARGET 2192 1 0 1 1 1
TARGET 2193 1 0 0 1 0
TARGET 2194 1 0 0 1 0
TARGET 2195 1 0 0 1 0
TARGET 2196 1 0 0 1 0
TARGET 2197 1 0 1 1 1
TARGET 2198 1 0 1 1 1
TARGET 2199 1 0 0 1 0
TARGET 2200 1 0 0 0 0
TARGET 2201 1 0 1 1 1
TARGET 2202 1 0 1 1 2
TARGET 2203 1 0 1 1 2
TARGET 2204 1 0 1 1 1
TARGET 2205 1 0 1 0 1
TARGET 2206 1 0 0 1 0
TARGET 2207 1 0 1 1 1
TARGET 2208 1 0 1 1 1
TARGET 2209 1 0 0 1 0
TARGET 2210 1 0 0 0 0
TARGET 2211 1 0 0 1 0
TARGET 2212 1 0 0 1 0
TARGET 2213 1 0 1 1 1
TARGET 2214 1 0 1 1 1
TARGET 2215 1 0 0 1 0
TARGET 2216 1 0 0 0 0
TARGET 2217 1 0 1 1 1
TARGET 2218 1 0 1 1 1
TARGET 2219 1 0 0 1 0
TARGET 2220 1 0 0 0 0
TARGET 2221 1 0 0 0 0
TARGET 2222 1 0 1 0 1
TARGET 2223 1 0 0 0 0
TARGET 2224 1 0 0 0 0
TARGET 2225 1 0 0 0 0
TARGET 2226 1 0 1 1 2
TARGET 2227 1 0 1 1 3
TARGET 2228 1 0 1 1 2
TARGET 2229 1 0 1 1 2
TARGET 2230 1 0 1 1 2
TARGET 2231 1 0 1 1 1
TARGET 2232 1 0 1 1 2
TARGET 2233 1 0 1 1 1
TARGET 2234 1 0 1 1 1
TARGET 2235 1 0 1 1 1
TARGET 2236 1 0 1 1 1
TARGET 2237 1 0 1 1 2
TARGET 2238 1 0 1 1 2
TARGET 2239 1 0 1 1 1
TARGET 2240 1 0 1 1 2
TARGET 2241 1 0 1 1 3
TARGET 2242 1 0 1 1 3
TARGET 2243 1 0 1 1 2
TARGET 2244 1 0 1 1 1
TARGET 2245 1 0 1 1 2
TARGET 2246 1 0 1 1 2
TARGET 2247 1 0 1 1 1
TARGET 2248 1 0 1 1 1
TARGET 2249 1 0 1 1 1
TARGET 2250 1 0 1 1 2
TARGET 2251 1 0 1 1 2
TARGET 2252 1 0 1 1 1
TARGET 2253 1 0 1 1 2
TARGET 2254 1 0 1 1 2
TARGET 2255 1 0 1 1 1
TARGET 2256 1 0 1 0 2
TARGET 2257 1 0 1 0 3
TARGET 2258 1 0 1 0 2
TARGET 2259 1 0 1 0 2
TARGET 2260 1 0 1 0 2
TARGET 2261 1 0 0 1 0
TARGET 2262 1 0 1 1 1
TARGET 2263 1 0 0 1 0
TARGET 2264 1 0 0 1 0
TARGET 2265 1 0 0 1 0
TARGET 2266 1 0 0 1 0
TARGET 2267 1 0 1 1 1
TARGET 2268 1 0 1 1 1
TARGET 2269 1 0 0 1 0
TARGET 2270 1 0 0 0 0
TARGET 2271 1 0 1 1 1
TARGET 2272 1 0 1 1 2
TARGET 2273 1 0 1 1 2
TARGET 2274 1 0 1 1 1
TARGET 2275 1 0 0 1 0
TARGET 2276 1 0 1 1 1
TARGET 2277 1 0 1 1 1
TARGET 2278 1 0 0 1 0
TARGET 2279 1 0 0 1 0
TARGET 2280 1 0 0 1 0
TARGET 2281 1 0 0 1 0
TARGET 2282 1 0 1 1 1
TARGET 2283 1 0 1 1 1
TARGET 2284 1 0 1 1 1
TARGET 2285 1 0 1 1 1
TARGET 2286 1 0 0 1 0
TARGET 2287 1 0 0 1 0
TARGET 2288 1 0 1 1 1
TARGET 2289 1 0 1 1 1
TARGET 2290 1 0 0 1 0
TARGET 2291 1 0 0 0 0
TARGET 2292 1 0 1 1 2
TARGET 2293 1 0 1 1 2
TARGET 2294 1 0 1 1 1
TARGET 2295 1 0 1 1 2
TARGET 2296 1 0 1 1 1
TARGET 2297 1 0 1 0 2
TARGET 2298 1 0 0 1 0
TARGET 2299 1 0 1 0 2
TARGET 2300 1 0 0 0 0
TARGET 2301 1 0 1 0 1
TARGET 2302 1 0 0 0 0
TARGET 2303 1 0 0 0 0
TARGET 2304 1 0 0 0 0
TARGET 2305 1 0 1 1 1
TARGET 2306 1 0 1 1 2
TARGET 2307 1 0 1 1 2
TARGET 2308 1 0 1 1 1
TARGET 2309 1 0 1 0 1
TARGET 2310 1 0 1 1 3
TARGET 2311 1 0 1 1 3
TARGET 2312 1 0 1 1 2
TARGET 2313 1 1 1 1 3
TARGET 2314 1 0 1 1 2
TARGET 2315 1 0 1 0 3
TARGET 2316 1 0 1 1 1
TARGET 2317 1 0 1 0 3
TARGET 2318 1 0 1 0 1
TARGET 2319 1 0 0 1 0
TARGET 2320 1 0 1 1 1
TARGET 2321 1 0 1 1 1
TARGET 2322 1 0 0 1 0
TARGET 2323 1 0 0 0 0
TARGET 2324 1 0 1 1 2
TARGET 2325 1 0 1 1 2
TARGET 2326 1 0 1 1 1
TARGET 2327 1 0 1 1 2
TARGET 2328 1 0 1 1 1
TARGET 2329 1 0 1 0 2
TARGET 2330 1 0 0 1 0
TARGET 2331 1 0 1 0 2
TARGET 2332 1 0 0 0 0
TARGET 2333 1 0 0 1 0
TARGET 2334 1 0 0 1 0
TARGET 2335 1 0 1 1 1
TARGET 2336 1 0 1 1 1
TARGET 2337 1 0 0 1 0
TARGET 2338 1 0 1 1 1
TARGET 2339 1 0 1 1 1
TARGET 2340 1 0 0 1 0
TARGET 2341 1 0 0 0 0
TARGET 2342 1 0 1 1 2
TARGET 2343 1 0 1 1 2
TARGET 2344 1 0 1 1 1
TARGET 2345 1 0 1 1 2
TARGET 2346 1 0 1 1 1
TARGET 2347 1 0 1 0 2
TARGET 2348 1 0 0 1 0
TARGET 2349 1 0 1 0 2
TARGET 2350 1 0 0 0 0
TARGET 2351 1 0 0 0 0
TARGET 2352 1 0 1 1 2
TARGET 2353 1 0 1 1 2
TARGET 2354 1 0 1 1 1
TARGET 2355 1 0 1 1 2
TARGET 2356 1 0 1 1 1
TARGET 2357 1 0 1 0 2
TARGET 2358 1 0 0 1 0
TARGET 2359 1 0 1 0 2
TARGET 2360 1 0 0 0 0
TARGET 2361 1 1 1 1 3
TARGET 2362 1 0 1 1 2
TARGET 2363 1 0 1 1 2
TARGET 2364 1 0 1 1 2
TARGET 2365 1 0 1 1 2
TARGET 2366 1 0 1 1 3
TARGET 2367 1 0 1 1 2
TARGET 2368 1 0 1 1 3
TARGET 2369 1 0 1 1 2
TARGET 2370 1 0 1 1 2
TARGET 2371 1 0 1 1 3
TARGET 2372 1 0 1 1 2
TARGET 2373 1 0 1 1 3
TARGET 2374 1 0 1 1 2
TARGET 2375 1 0 1 1 2
TARGET 2376 1 0 1 0 3
TARGET 2377 1 0 1 1 1
TARGET 2378 1 0 1 1 1
TARGET 2379 1 0 1 1 1
TARGET 2380 1 0 1 1 1
TARGET 2381 1 0 1 1 1
TARGET 2382 1 0 1 1 1
TARGET 2383 1 0 1 1 2
TARGET 2384 1 0 1 1 1
TARGET 2385 1 0 1 1 1
TARGET 2386 1 0 1 1 2
TARGET 2387 1 0 1 1 2
TARGET 2388 1 0 1 1 1
TARGET 2389 1 0 1 1 2
TARGET 2390 1 0 1 1 1
TARGET 2391 1 0 1 1 1
TARGET 2392 1 0 1 1 2
TARGET 2393 1 0 1 1 1
TARGET 2394 1 0 1 1 2
TARGET 2395 1 0 1 1 1
TARGET 2396 1 0 1 1 1
TARGET 2397 1 0 1 0 1
TARGET 2398 1 0 1 1 1
TARGET 2399 1 0 1 1 1
TARGET 2400 1 0 1 1 2
TARGET 2401 1 0 1 1 1
TARGET 2402 1 0 1 1 2
TARGET 2403 1 0 1 1 1
TARGET 2404 1 0 1 1 1
TARGET 2405 1 0 1 1 2
TARGET 2406 1 0 1 1 1
TARGET 2407 1 0 1 1 2
TARGET 2408 1 0 1 1 1
TARGET 2409 1 0 1 1 1
TARGET 2410 1 0 1 1 2
TARGET 2411 1 0 1 1 1
TARGET 2412 1 0 1 1 1
TARGET 2413 1 0 1 1 2
TARGET 2414 1 0 1 1 1
TARGET 2415 1 0 1 0 1
TARGET 2416 1 0 1 1 2
TARGET 2417 1 0 1 1 3
TARGET 2418 1 0 1 1 2
TARGET 2419 1 0 1 1 2
TARGET 2420 1 0 1 1 3
TARGET 2421 1 0 1 1 1
TARGET 2422 1 0 1 1 2
TARGET 2423 1 0 1 1 1
TARGET 2424 1 0 1 1 1
TARGET 2425 1 0 1 1 2
TARGET 2426 1 0 1 0 1
TARGET 2427 1 0 1 1 3
TARGET 2428 1 0 1 1 2
TARGET 2429 1 0 1 1 2
TARGET 2430 1 0 1 1 3
TARGET 2431 1 0 1 0 3
TARGET 2432 1 0 1 1 1
TARGET 2433 1 0 1 1 1
TARGET 2434 1 0 1 1 2
TARGET 2435 1 0 1 0 1
TARGET 2436 1 0 1 1 1
TARGET 2437 1 0 1 1 2
TARGET 2438 1 0 1 0 1
TARGET 2439 1 0 1 1 3
TARGET 2440 1 0 1 0 3
TARGET 2441 1 0 1 1 1
TARGET 2442 1 0 1 1 2
TARGET 2443 1 0 1 1 1
TARGET 2444 1 0 1 1 1
TARGET 2445 1 0 1 1 2
TARGET 2446 1 0 1 1 2
TARGET 2447 1 0 1 1 3
TARGET 2448 1 0 1 1 2
TARGET 2449 1 0 1 1 2
TARGET 2450 1 0 1 1 3
TARGET 2451 1 0 1 1 1
TARGET 2452 1 0 1 1 2
TARGET 2453 1 0 1 1 1
TARGET 2454 1 0 1 1 1
TARGET 2455 1 0 1 1 2
TARGET 2456 1 0 1 1 1
TARGET 2457 1 0 1 1 2
TARGET 2458 1 0 1 1 1
TARGET 2459 1 0 1 1 1
TARGET 2460 1 0 1 1 2
TARGET 2461 1 0 1 0 2
TARGET 2462 1 0 1 0 2
TARGET 2463 1 0 1 0 3
TARGET 2464 1 0 1 0 2
TARGET 2465 1 0 1 0 3
TARGET 2466 1 0 1 0 2
TARGET 2467 1 0 1 0 2
TARGET 2468 1 0 0 1 0
TARGET 2469 1 0 0 1 0
TARGET 2470 1 0 0 1 0
TARGET 2471 1 0 0 1 0
TARGET 2472 1 0 1 1 1
TARGET 2473 1 0 0 1 0
TARGET 2474 1 0 0 1 0
TARGET 2475 1 0 1 1 1
TARGET 2476 1 0 1 1 1
TARGET 2477 1 0 0 1 0
TARGET 2478 1 0 1 1 1
TARGET 2479 1 0 0 1 0
TARGET 2480 1 0 0 1 0
TARGET 2481 1 0 0 0 0
TARGET 2482 1 0 0 1 0
TARGET 2483 1 0 0 1 0
TARGET 2484 1 0 0 1 0
TARGET 2485 1 0 1 1 1
TARGET 2486 1 0 0 1 0
TARGET 2487 1 0 0 1 0
TARGET 2488 1 0 1 1 1
TARGET 2489 1 0 1 1 1
TARGET 2490 1 0 0 1 0
TARGET 2491 1 0 1 1 1
TARGET 2492 1 0 0 1 0
TARGET 2493 1 0 0 1 0
TARGET 2494 1 0 1 1 1
TARGET 2495 1 0 0 1 0
TARGET 2496 1 0 0 1 0
TARGET 2497 1 0 1 1 1
TARGET 2498 1 0 0 1 0
TARGET 2499 1 0 0 0 0
TARGET 2500 1 0 0 1 0
TARGET 2501 1 0 1 1 1
TARGET 2502 1 0 0 1 0
TARGET 2503 1 0 0 1 0
TARGET 2504 1 0 1 1 1
TARGET 2505 1 0 0 0 0
TARGET 2506 1 0 1 1 2
TARGET 2507 1 0 1 1 1
TARGET 2508 1 0 1 1 1
TARGET 2509 1 0 1 1 2
TARGET 2510 1 0 1 0 2
TARGET 2511 1 0 0 1 0
TARGET 2512 1 0 0 1 0
TARGET 2513 1 0 1 1 1
TARGET 2514 1 0 0 0 0
TARGET 2515 1 0 0 1 0
TARGET 2516 1 0 1 1 1
TARGET 2517 1 0 0 0 0
TARGET 2518 1 0 1 1 2
TARGET 2519 1 0 1 0 2
TARGET 2520 1 0 1 1 1
TARGET 2521 1 0 1 1 2
TARGET 2522 1 0 1 1 1
TARGET 2523 1 0 1 1 1
TARGET 2524 1 0 1 1 2
TARGET 2525 1 0 0 1 0
TARGET 2526 1 0 1 1 1
TARGET 2527 1 0 0 1 0
TARGET 2528 1 0 0 1 0
TARGET 2529 1 0 1 1 1
TARGET 2530 1 0 1 1 1
TARGET 2531 1 0 1 1 2
TARGET 2532 1 0 1 1 1
TARGET 2533 1 0 1 1 1
TARGET 2534 1 0 1 1 2
TARGET 2535 1 0 0 1 0
TARGET 2536 1 0 1 1 1
TARGET 2537 1 0 0 1 0
TARGET 2538 1 0 0 1 0
TARGET 2539 1 0 1 1 1
TARGET 2540 1 0 0 1 0
TARGET 2541 1 0 1 1 1
TARGET 2542 1 0 0 1 0
TARGET 2543 1 0 0 1 0
TARGET 2544 1 0 1 1 1
TARGET 2545 1 0 0 0 0
TARGET 2546 1 0 1 0 1
TARGET 2547 1 0 0 0 0
TARGET 2548 1 0 1 0 1
TARGET 2549 1 0 0 0 0
TARGET 2550 1 0 0 0 0
TARGET 2551 1 0 0 1 0
TARGET 2552 1 0 1 1 1
TARGET 2553 1 0 0 1 0
TARGET 2554 1 0 1 1 1
TARGET 2555 1 0 0 1 0
TARGET 2556 1 0 0 1 0
TARGET 2557 1 0 1 1 1
TARGET 2558 1 0 0 1 0
TARGET 2559 1 0 0 1 0
TARGET 2560 1 0 1 1 1
TARGET 2561 1 0 0 1 0
TARGET 2562 1 0 0 0 0
TARGET 2563 1 0 1 1 1
TARGET 2564 1 0 1 1 2
TARGET 2565 1 0 1 1 1
TARGET 2566 1 0 1 1 1
TARGET 2567 1 0 1 1 2
TARGET 2568 1 0 0 1 0
TARGET 2569 1 0 1 1 1
TARGET 2570 1 0 0 1 0
TARGET 2571 1 0 0 1 0
TARGET 2572 1 0 1 1 1
TARGET 2573 1 0 1 1 1
TARGET 2574 1 0 1 1 2
TARGET 2575 1 0 1 1 1
TARGET 2576 1 0 1 1 1
TARGET 2577 1 0 1 1 2
TARGET 2578 1 0 0 1 0
TARGET 2579 1 0 1 1 1
TARGET 2580 1 0 0 1 0
TARGET 2581 1 0 0 1 0
TARGET 2582 1 0 1 1 1
TARGET 2583 1 0 0 1 0
TARGET 2584 1 0 1 1 1
TARGET 2585 1 0 0 1 0
TARGET 2586 1 0 0 1 0
TARGET 2587 1 0 1 1 1
TARGET 2588 1 0 0 1 0
TARGET 2589 1 0 0 0 0
TARGET 2590 1 0 1 1 2
TARGET 2591 1 0 1 1 1
TARGET 2592 1 0 1 1 1
TARGET 2593 1 0 1 1 2
TARGET 2594 1 0 1 0 2
TARGET 2595 1 0 0 1 0
TARGET 2596 1 0 0 1 0
TARGET 2597 1 0 1 1 1
TARGET 2598 1 0 0 0 0
TARGET 2599 1 0 0 1 0
TARGET 2600 1 0 1 1 1
TARGET 2601 1 0 0 0 0
TARGET 2602 1 0 1 1 2
TARGET 2603 1 0 1 0 2
TARGET 2604 1 0 1 1 1
TARGET 2605 1 0 0 1 0
TARGET 2606 1 0 0 1 0
TARGET 2607 1 0 1 1 1
TARGET 2608 1 0 1 0 1
TARGET 2609 1 0 0 0 0
TARGET 2610 1 0 1 0 1
TARGET 2611 1 0 0 0 0
TARGET 2612 1 0 0 0 0
TARGET 2613 1 0 1 1 1
TARGET 2614 1 0 1 1 2
TARGET 2615 1 0 1 1 1
TARGET 2616 1 0 1 1 1
TARGET 2617 1 0 1 1 2
TARGET 2618 1 0 1 0 1
TARGET 2619 1 0 1 1 3
TARGET 2620 1 0 1 1 2
TARGET 2621 1 0 1 1 2
TARGET 2622 1 0 1 1 3
TARGET 2623 1 0 1 0 3
TARGET 2624 1 0 1 1 1
TARGET 2625 1 0 1 1 1
TARGET 2626 1 0 1 1 2
TARGET 2627 1 0 1 0 1
TARGET 2628 1 0 1 1 1
TARGET 2629 1 0 1 1 2
TARGET 2630 1 0 1 0 1
TARGET 2631 1 0 1 1 3
TARGET 2632 1 0 1 0 3
TARGET 2633 1 0 0 1 0
TARGET 2634 1 0 1 1 1
TARGET 2635 1 0 0 1 0
TARGET 2636 1 0 0 1 0
TARGET 2637 1 0 1 1 1
TARGET 2638 1 0 0 0 0
TARGET 2639 1 0 1 1 2
TARGET 2640 1 0 1 1 1
TARGET 2641 1 0 1 1 1
TARGET 2642 1 0 1 1 2
TARGET 2643 1 0 1 0 2
TARGET 2644 1 0 0 1 0
TARGET 2645 1 0 0 1 0
TARGET 2646 1 0 1 1 1
TARGET 2647 1 0 0 0 0
TARGET 2648 1 0 0 1 0
TARGET 2649 1 0 1 1 1
TARGET 2650 1 0 0 0 0
TARGET 2651 1 0 1 1 2
TARGET 2652 1 0 1 0 2
TARGET 2653 1 0 1 1 1
TARGET 2654 1 0 1 1 2
TARGET 2655 1 0 1 1 1
TARGET 2656 1 0 1 1 1
TARGET 2657 1 0 1 1 2
TARGET 2658 1 0 1 0 1
TARGET 2659 1 1 1 1 3
TARGET 2660 1 0 1 1 2
TARGET 2661 1 0 1 1 2
TARGET 2662 1 0 1 1 3
TARGET 2663 1 0 1 0 3
TARGET 2664 1 0 1 1 1
TARGET 2665 1 0 1 1 1
TARGET 2666 1 0 1 1 2
TARGET 2667 1 0 1 0 1
TARGET 2668 1 0 1 1 1
TARGET 2669 1 0 1 1 2
TARGET 2670 1 0 1 0 1
TARGET 2671 1 0 1 1 3
TARGET 2672 1 0 1 0 3
TARGET 2673 1 0 0 1 0
TARGET 2674 1 0 1 1 1
TARGET 2675 1 0 0 1 0
TARGET 2676 1 0 0 1 0
TARGET 2677 1 0 1 1 1
TARGET 2678 1 0 0 0 0
TARGET 2679 1 0 1 1 2
TARGET 2680 1 0 1 1 1
TARGET 2681 1 0 1 1 1
TARGET 2682 1 0 1 1 2
TARGET 2683 1 0 1 0 2
TARGET 2684 1 0 0 1 0
TARGET 2685 1 0 0 1 0
TARGET 2686 1 0 1 1 1
TARGET 2687 1 0 0 0 0
TARGET 2688 1 0 0 1 0
TARGET 2689 1 0 1 1 1
TARGET 2690 1 0 0 0 0
TARGET 2691 1 0 1 1 2
TARGET 2692 1 0 1 0 2
TARGET 2693 1 0 0 1 0
TARGET 2694 1 0 1 1 1
TARGET 2695 1 0 0 1 0
TARGET 2696 1 0 0 1 0
TARGET 2697 1 0 1 1 1
TARGET 2698 1 0 0 0 0
TARGET 2699 1 0 1 1 2
TARGET 2700 1 0 1 1 1
TARGET 2701 1 0 1 1 1
TARGET 2702 1 0 1 1 2
TARGET 2703 1 0 1 0 2
TARGET 2704 1 0 0 1 0
TARGET 2705 1 0 0 1 0
TARGET 2706 1 0 1 1 1
TARGET 2707 1 0 0 0 0
TARGET 2708 1 0 0 1 0
TARGET 2709 1 0 1 1 1
TARGET 2710 1 0 0 0 0
TARGET 2711 1 0 1 1 2
TARGET 2712 1 0 1 0 2
PASS_1962_MONOMIAL_INTERVAL 1 2712 2712 0
