TARGET 8001 1 1 0 4 0
TARGET 8002 1 1 0 3 0
TARGET 8003 1 2 0 3 0
TARGET 8004 1 2 0 3 0
TARGET 8005 1 1 0 3 0
TARGET 8006 1 1 0 2 0
TARGET 8007 1 1 0 2 0
TARGET 8008 1 1 0 2 0
TARGET 8009 1 1 0 2 0
TARGET 8010 1 1 0 3 0
TARGET 8011 1 1 0 2 0
TARGET 8012 1 1 0 2 0
TARGET 8013 1 1 0 2 0
TARGET 8014 1 1 0 2 0
TARGET 8015 1 1 0 3 0
TARGET 8016 1 1 0 1 0
TARGET 8017 1 1 0 2 0
TARGET 8018 1 1 0 2 0
TARGET 8019 1 1 0 2 0
TARGET 8020 1 1 0 3 0
TARGET 8021 1 1 0 2 0
TARGET 8022 1 1 0 2 0
TARGET 8023 1 1 0 2 0
TARGET 8024 1 1 0 2 0
TARGET 8025 1 1 0 1 0
TARGET 8026 1 1 0 2 0
TARGET 8027 1 1 0 2 0
TARGET 8028 1 1 0 3 0
TARGET 8029 1 1 0 2 0
TARGET 8030 1 1 0 2 0
TARGET 8031 1 1 0 2 0
TARGET 8032 1 1 0 2 0
TARGET 8033 1 1 0 1 0
TARGET 8034 1 1 0 2 0
TARGET 8035 1 1 0 3 0
TARGET 8036 1 1 0 2 0
TARGET 8037 1 1 0 2 0
TARGET 8038 1 1 0 2 0
TARGET 8039 1 1 0 2 0
TARGET 8040 1 1 0 1 0
TARGET 8041 1 1 0 4 0
TARGET 8042 1 1 0 3 0
TARGET 8043 1 1 0 3 0
TARGET 8044 1 1 0 3 0
TARGET 8045 1 1 0 3 0
TARGET 8046 1 1 0 2 0
TARGET 8047 1 1 0 2 0
TARGET 8048 1 1 0 2 0
TARGET 8049 1 1 0 2 0
TARGET 8050 1 1 0 3 0
TARGET 8051 1 1 0 1 0
TARGET 8052 1 1 0 2 0
TARGET 8053 1 1 0 2 0
TARGET 8054 1 1 0 2 0
TARGET 8055 1 1 0 1 0
TARGET 8056 1 1 0 2 0
TARGET 8057 1 1 0 2 0
TARGET 8058 1 1 0 1 0
TARGET 8059 1 1 0 2 0
TARGET 8060 1 1 0 1 0
TARGET 8061 1 1 0 3 0
TARGET 8062 1 1 0 2 0
TARGET 8063 1 1 0 2 0
TARGET 8064 1 1 0 3 0
TARGET 8065 1 1 0 2 0
TARGET 8066 1 1 0 2 0
TARGET 8067 1 1 0 2 0
TARGET 8068 1 1 0 2 0
TARGET 8069 1 1 0 3 0
TARGET 8070 1 1 0 2 0
TARGET 8071 1 1 0 2 0
TARGET 8072 1 1 0 2 0
TARGET 8073 1 1 0 2 0
TARGET 8074 1 1 0 1 0
TARGET 8075 1 1 0 1 0
TARGET 8076 1 1 0 2 0
TARGET 8077 1 1 0 1 0
TARGET 8078 1 0 0 1 0
TARGET 8079 1 1 0 1 0
TARGET 8080 1 0 0 1 0
TARGET 8081 1 1 0 2 0
TARGET 8082 1 1 0 1 0
TARGET 8083 1 0 0 1 0
TARGET 8084 1 0 0 1 0
TARGET 8085 1 1 0 1 0
TARGET 8086 1 0 0 2 0
TARGET 8087 1 0 0 0 0
TARGET 8088 1 1 0 1 0
TARGET 8089 1 1 0 2 0
TARGET 8090 1 1 0 1 0
TARGET 8091 1 0 0 1 0
TARGET 8092 1 1 0 1 0
TARGET 8093 1 0 0 1 0
TARGET 8094 1 1 0 2 0
TARGET 8095 1 1 0 1 0
TARGET 8096 1 0 0 1 0
TARGET 8097 1 0 0 1 0
TARGET 8098 1 1 0 1 0
TARGET 8099 1 0 0 0 0
TARGET 8100 1 2 0 3 0
TARGET 8101 1 1 0 2 0
TARGET 8102 1 1 0 2 0
TARGET 8103 1 1 0 2 0
TARGET 8104 1 1 0 2 0
TARGET 8105 1 1 0 3 0
TARGET 8106 1 1 0 2 0
TARGET 8107 1 1 0 2 0
TARGET 8108 1 1 0 2 0
TARGET 8109 1 1 0 2 0
TARGET 8110 1 1 0 1 0
TARGET 8111 1 0 0 1 0
TARGET 8112 1 1 0 1 0
TARGET 8113 1 0 0 1 0
TARGET 8114 1 1 0 2 0
TARGET 8115 1 1 0 1 0
TARGET 8116 1 0 0 1 0
TARGET 8117 1 0 0 1 0
TARGET 8118 1 1 0 1 0
TARGET 8119 1 0 0 2 0
TARGET 8120 1 0 0 0 0
TARGET 8121 1 0 0 1 0
TARGET 8122 1 0 0 1 0
TARGET 8123 1 0 0 1 0
TARGET 8124 1 1 0 2 0
TARGET 8125 1 0 0 1 0
TARGET 8126 1 0 0 1 0
TARGET 8127 1 0 0 1 0
TARGET 8128 1 0 0 1 0
TARGET 8129 1 0 0 0 0
TARGET 8130 1 1 0 1 0
TARGET 8131 1 0 0 1 0
TARGET 8132 1 1 0 2 0
TARGET 8133 1 1 0 1 0
TARGET 8134 1 0 0 1 0
TARGET 8135 1 0 0 1 0
TARGET 8136 1 1 0 1 0
TARGET 8137 1 0 0 0 0
TARGET 8138 1 0 0 1 0
TARGET 8139 1 1 0 2 0
TARGET 8140 1 0 0 1 0
TARGET 8141 1 0 0 1 0
TARGET 8142 1 0 0 1 0
TARGET 8143 1 0 0 1 0
TARGET 8144 1 0 0 0 0
TARGET 8145 1 1 0 3 0
TARGET 8146 1 1 0 2 0
TARGET 8147 1 1 0 2 0
TARGET 8148 1 1 0 2 0
TARGET 8149 1 1 0 2 0
TARGET 8150 1 1 0 1 0
TARGET 8151 1 0 0 1 0
TARGET 8152 1 0 0 1 0
TARGET 8153 1 1 0 1 0
TARGET 8154 1 0 0 2 0
TARGET 8155 1 0 0 0 0
TARGET 8156 1 0 0 1 0
TARGET 8157 1 0 0 1 0
TARGET 8158 1 0 0 1 0
TARGET 8159 1 0 0 0 0
TARGET 8160 1 0 0 1 0
TARGET 8161 1 0 0 1 0
TARGET 8162 1 0 0 0 0
TARGET 8163 1 1 0 1 0
TARGET 8164 1 0 0 0 0
TARGET 8165 1 2 0 3 0
TARGET 8166 1 1 0 2 0
TARGET 8167 1 1 0 2 0
TARGET 8168 1 1 0 3 0
TARGET 8169 1 1 0 2 0
TARGET 8170 1 1 0 2 0
TARGET 8171 1 1 0 2 0
TARGET 8172 1 1 0 2 0
TARGET 8173 1 1 0 3 0
TARGET 8174 1 1 0 2 0
TARGET 8175 1 1 0 2 0
TARGET 8176 1 1 0 2 0
TARGET 8177 1 1 0 2 0
TARGET 8178 1 0 0 1 0
TARGET 8179 1 0 0 1 0
TARGET 8180 1 1 0 2 0
TARGET 8181 1 0 0 1 0
TARGET 8182 1 0 0 1 0
TARGET 8183 1 0 0 1 0
TARGET 8184 1 0 0 1 0
TARGET 8185 1 1 0 2 0
TARGET 8186 1 0 0 1 0
TARGET 8187 1 0 0 1 0
TARGET 8188 1 0 0 1 0
TARGET 8189 1 0 0 1 0
TARGET 8190 1 0 0 2 0
TARGET 8191 1 0 0 0 0
TARGET 8192 1 0 0 1 0
TARGET 8193 1 1 0 2 0
TARGET 8194 1 0 0 1 0
TARGET 8195 1 0 0 1 0
TARGET 8196 1 0 0 1 0
TARGET 8197 1 0 0 1 0
TARGET 8198 1 1 0 2 0
TARGET 8199 1 0 0 1 0
TARGET 8200 1 0 0 1 0
TARGET 8201 1 0 0 1 0
TARGET 8202 1 0 0 1 0
TARGET 8203 1 0 0 0 0
TARGET 8204 1 2 0 3 0
TARGET 8205 1 1 0 2 0
TARGET 8206 1 1 0 2 0
TARGET 8207 1 1 0 2 0
TARGET 8208 1 1 0 2 0
TARGET 8209 1 1 0 3 0
TARGET 8210 1 1 0 2 0
TARGET 8211 1 1 0 2 0
TARGET 8212 1 1 0 2 0
TARGET 8213 1 1 0 2 0
TARGET 8214 1 0 0 1 0
TARGET 8215 1 0 0 1 0
TARGET 8216 1 0 0 1 0
TARGET 8217 1 0 0 1 0
TARGET 8218 1 1 0 2 0
TARGET 8219 1 0 0 1 0
TARGET 8220 1 0 0 1 0
TARGET 8221 1 0 0 1 0
TARGET 8222 1 0 0 1 0
TARGET 8223 1 0 0 2 0
TARGET 8224 1 0 0 0 0
TARGET 8225 1 0 0 1 0
TARGET 8226 1 0 0 1 0
TARGET 8227 1 0 0 1 0
TARGET 8228 1 1 0 2 0
TARGET 8229 1 0 0 1 0
TARGET 8230 1 0 0 1 0
TARGET 8231 1 0 0 1 0
TARGET 8232 1 0 0 1 0
TARGET 8233 1 0 0 0 0
TARGET 8234 1 0 0 1 0
TARGET 8235 1 0 0 1 0
TARGET 8236 1 1 0 2 0
TARGET 8237 1 0 0 1 0
TARGET 8238 1 0 0 1 0
TARGET 8239 1 0 0 1 0
TARGET 8240 1 0 0 1 0
TARGET 8241 1 0 0 0 0
TARGET 8242 1 0 0 1 0
TARGET 8243 1 1 0 2 0
TARGET 8244 1 0 0 1 0
TARGET 8245 1 0 0 1 0
TARGET 8246 1 0 0 1 0
TARGET 8247 1 0 0 1 0
TARGET 8248 1 0 0 0 0
TARGET 8249 1 2 0 3 0
TARGET 8250 1 1 0 2 0
TARGET 8251 1 1 0 2 0
TARGET 8252 1 1 0 2 0
TARGET 8253 1 1 0 2 0
TARGET 8254 1 0 0 1 0
TARGET 8255 1 0 0 1 0
TARGET 8256 1 0 0 1 0
TARGET 8257 1 0 0 1 0
TARGET 8258 1 0 0 2 0
TARGET 8259 1 0 0 0 0
TARGET 8260 1 0 0 1 0
TARGET 8261 1 0 0 1 0
TARGET 8262 1 0 0 1 0
TARGET 8263 1 0 0 0 0
TARGET 8264 1 0 0 1 0
TARGET 8265 1 0 0 1 0
TARGET 8266 1 0 0 0 0
TARGET 8267 1 0 0 1 0
TARGET 8268 1 0 0 0 0
TARGET 8269 1 2 0 3 0
TARGET 8270 1 2 0 3 0
TARGET 8271 1 1 0 4 0
TARGET 8272 1 1 0 3 0
TARGET 8273 1 1 0 3 0
TARGET 8274 1 2 0 3 0
TARGET 8275 1 2 0 3 0
TARGET 8276 1 1 0 3 0
TARGET 8277 1 3 0 4 0
TARGET 8278 1 2 0 3 0
TARGET 8279 1 1 0 2 0
TARGET 8280 1 1 0 2 0
TARGET 8281 1 1 0 3 0
TARGET 8282 1 1 0 2 0
TARGET 8283 1 1 0 2 0
TARGET 8284 1 1 0 2 0
TARGET 8285 1 1 0 2 0
TARGET 8286 1 1 0 2 0
TARGET 8287 1 2 0 3 0
TARGET 8288 1 1 0 2 0
TARGET 8289 1 1 0 2 0
TARGET 8290 1 1 0 3 0
TARGET 8291 1 1 0 2 0
TARGET 8292 1 1 0 2 0
TARGET 8293 1 1 0 2 0
TARGET 8294 1 1 0 2 0
TARGET 8295 1 1 0 3 0
TARGET 8296 1 1 0 2 0
TARGET 8297 1 1 0 2 0
TARGET 8298 1 1 0 2 0
TARGET 8299 1 1 0 2 0
TARGET 8300 1 1 0 2 0
TARGET 8301 1 1 0 3 0
TARGET 8302 1 1 0 2 0
TARGET 8303 1 1 0 2 0
TARGET 8304 1 1 0 2 0
TARGET 8305 1 1 0 2 0
TARGET 8306 1 1 0 3 0
TARGET 8307 1 1 0 2 0
TARGET 8308 1 1 0 2 0
TARGET 8309 1 1 0 2 0
TARGET 8310 1 1 0 2 0
TARGET 8311 1 1 0 3 0
TARGET 8312 1 1 0 2 0
TARGET 8313 1 1 0 2 0
TARGET 8314 1 1 0 2 0
TARGET 8315 1 1 0 2 0
TARGET 8316 1 1 0 2 0
TARGET 8317 1 2 0 3 0
TARGET 8318 1 1 0 2 0
TARGET 8319 1 1 0 4 0
TARGET 8320 1 1 0 3 0
TARGET 8321 1 1 0 3 0
TARGET 8322 1 1 0 3 0
TARGET 8323 1 1 0 3 0
TARGET 8324 1 1 0 4 0
TARGET 8325 1 1 0 3 0
TARGET 8326 1 1 0 3 0
TARGET 8327 1 1 0 3 0
TARGET 8328 1 1 0 3 0
TARGET 8329 1 1 0 3 0
TARGET 8330 1 1 0 2 0
TARGET 8331 1 1 0 2 0
TARGET 8332 1 1 0 2 0
TARGET 8333 1 1 0 2 0
TARGET 8334 1 1 0 3 0
TARGET 8335 1 1 0 2 0
TARGET 8336 1 1 0 2 0
TARGET 8337 1 1 0 2 0
TARGET 8338 1 1 0 2 0
TARGET 8339 1 1 0 3 0
TARGET 8340 1 1 0 3 0
TARGET 8341 1 1 0 3 0
TARGET 8342 1 1 0 3 0
TARGET 8343 1 1 0 4 0
TARGET 8344 1 1 0 3 0
TARGET 8345 1 1 0 2 0
TARGET 8346 1 1 0 2 0
TARGET 8347 1 1 0 2 0
TARGET 8348 1 1 0 2 0
TARGET 8349 1 1 0 3 0
TARGET 8350 1 1 0 2 0
TARGET 8351 1 1 0 2 0
TARGET 8352 1 1 0 2 0
TARGET 8353 1 1 0 2 0
TARGET 8354 1 1 0 2 0
TARGET 8355 1 2 0 3 0
TARGET 8356 1 1 0 2 0
TARGET 8357 1 1 0 2 0
TARGET 8358 1 1 0 2 0
TARGET 8359 1 1 0 2 0
TARGET 8360 1 1 0 3 0
TARGET 8361 1 1 0 2 0
TARGET 8362 1 1 0 2 0
TARGET 8363 1 1 0 2 0
TARGET 8364 1 1 0 2 0
TARGET 8365 1 1 0 2 0
TARGET 8366 1 1 0 2 0
TARGET 8367 1 1 0 3 0
TARGET 8368 1 1 0 2 0
TARGET 8369 1 1 0 2 0
TARGET 8370 1 1 0 2 0
TARGET 8371 1 1 0 2 0
TARGET 8372 1 2 0 3 0
TARGET 8373 1 1 0 2 0
TARGET 8374 1 1 0 3 0
TARGET 8375 1 1 0 2 0
TARGET 8376 1 1 0 2 0
TARGET 8377 1 1 0 2 0
TARGET 8378 1 1 0 2 0
TARGET 8379 1 1 0 3 0
TARGET 8380 1 1 0 3 0
TARGET 8381 1 1 0 4 0
TARGET 8382 1 1 0 3 0
TARGET 8383 1 1 0 2 0
TARGET 8384 1 1 0 2 0
TARGET 8385 1 1 0 3 0
TARGET 8386 1 1 0 2 0
TARGET 8387 1 1 0 2 0
TARGET 8388 1 1 0 2 0
TARGET 8389 1 1 0 2 0
TARGET 8390 1 1 0 2 0
TARGET 8391 1 2 0 3 0
TARGET 8392 1 1 0 2 0
TARGET 8393 1 1 0 2 0
TARGET 8394 1 2 0 3 0
TARGET 8395 1 1 0 2 0
TARGET 8396 1 1 0 2 0
TARGET 8397 1 1 0 3 0
TARGET 8398 1 1 0 2 0
TARGET 8399 1 1 0 1 0
TARGET 8400 1 0 0 1 0
TARGET 8401 1 1 0 2 0
TARGET 8402 1 1 0 1 0
TARGET 8403 1 1 0 1 0
TARGET 8404 1 0 0 1 0
TARGET 8405 1 0 0 1 0
TARGET 8406 1 1 0 1 0
TARGET 8407 1 1 0 2 0
TARGET 8408 1 1 0 1 0
TARGET 8409 1 1 0 1 0
TARGET 8410 1 1 0 2 0
TARGET 8411 1 1 0 1 0
TARGET 8412 1 0 0 1 0
TARGET 8413 1 1 0 1 0
TARGET 8414 1 0 0 1 0
TARGET 8415 1 1 0 2 0
TARGET 8416 1 1 0 1 0
TARGET 8417 1 0 0 1 0
TARGET 8418 1 0 0 1 0
TARGET 8419 1 1 0 1 0
TARGET 8420 1 0 0 1 0
TARGET 8421 1 1 0 2 0
TARGET 8422 1 0 0 1 0
TARGET 8423 1 0 0 1 0
TARGET 8424 1 0 0 1 0
TARGET 8425 1 0 0 1 0
TARGET 8426 1 1 0 2 0
TARGET 8427 1 0 0 1 0
TARGET 8428 1 0 0 1 0
TARGET 8429 1 0 0 1 0
TARGET 8430 1 0 0 1 0
TARGET 8431 1 1 0 2 0
TARGET 8432 1 1 0 1 0
TARGET 8433 1 1 0 1 0
TARGET 8434 1 0 0 1 0
TARGET 8435 1 0 0 1 0
TARGET 8436 1 1 0 1 0
TARGET 8437 1 1 0 2 0
TARGET 8438 1 1 0 1 0
TARGET 8439 1 0 0 2 0
TARGET 8440 1 1 0 3 0
TARGET 8441 1 1 0 2 0
TARGET 8442 1 1 0 2 0
TARGET 8443 1 1 0 2 0
TARGET 8444 1 1 0 2 0
TARGET 8445 1 1 0 3 0
TARGET 8446 1 1 0 2 0
TARGET 8447 1 1 0 2 0
TARGET 8448 1 1 0 2 0
TARGET 8449 1 1 0 2 0
TARGET 8450 1 1 0 2 0
TARGET 8451 1 1 0 1 0
TARGET 8452 1 0 0 1 0
TARGET 8453 1 1 0 1 0
TARGET 8454 1 0 0 1 0
TARGET 8455 1 1 0 2 0
TARGET 8456 1 1 0 1 0
TARGET 8457 1 0 0 1 0
TARGET 8458 1 0 0 1 0
TARGET 8459 1 1 0 1 0
TARGET 8460 1 1 0 2 0
TARGET 8461 1 1 0 2 0
TARGET 8462 1 1 0 2 0
TARGET 8463 1 1 0 2 0
TARGET 8464 1 1 0 3 0
TARGET 8465 1 1 0 2 0
TARGET 8466 1 1 0 1 0
TARGET 8467 1 0 0 1 0
TARGET 8468 1 0 0 1 0
TARGET 8469 1 1 0 1 0
TARGET 8470 1 1 0 2 0
TARGET 8471 1 1 0 1 0
TARGET 8472 1 0 0 1 0
TARGET 8473 1 0 0 1 0
TARGET 8474 1 0 0 1 0
TARGET 8475 1 0 0 1 0
TARGET 8476 1 1 0 2 0
TARGET 8477 1 0 0 1 0
TARGET 8478 1 1 0 1 0
TARGET 8479 1 0 0 1 0
TARGET 8480 1 0 0 1 0
TARGET 8481 1 1 0 2 0
TARGET 8482 1 1 0 1 0
TARGET 8483 1 0 0 1 0
TARGET 8484 1 0 0 1 0
TARGET 8485 1 0 0 1 0
TARGET 8486 1 1 0 1 0
TARGET 8487 1 1 0 1 0
TARGET 8488 1 1 0 2 0
TARGET 8489 1 1 0 1 0
TARGET 8490 1 0 0 1 0
TARGET 8491 1 0 0 1 0
TARGET 8492 1 0 0 1 0
TARGET 8493 1 1 0 2 0
TARGET 8494 1 0 0 1 0
TARGET 8495 1 1 0 2 0
TARGET 8496 1 0 0 1 0
TARGET 8497 1 0 0 1 0
TARGET 8498 1 0 0 1 0
TARGET 8499 1 0 0 1 0
TARGET 8500 1 1 0 2 0
TARGET 8501 1 1 0 2 0
TARGET 8502 1 1 0 3 0
TARGET 8503 1 1 0 2 0
TARGET 8504 1 0 0 1 0
TARGET 8505 1 1 0 1 0
TARGET 8506 1 1 0 2 0
TARGET 8507 1 1 0 1 0
TARGET 8508 1 0 0 1 0
TARGET 8509 1 0 0 1 0
TARGET 8510 1 0 0 1 0
TARGET 8511 1 0 0 1 0
TARGET 8512 1 1 0 2 0
TARGET 8513 1 0 0 1 0
TARGET 8514 1 0 0 1 0
TARGET 8515 1 1 0 2 0
TARGET 8516 1 0 0 1 0
TARGET 8517 1 1 0 1 0
TARGET 8518 1 1 0 2 0
TARGET 8519 1 1 0 1 0
TARGET 8520 1 0 0 2 0
TARGET 8521 1 1 0 3 0
TARGET 8522 1 0 0 2 0
TARGET 8523 1 0 0 2 0
TARGET 8524 1 0 0 2 0
TARGET 8525 1 0 0 2 0
TARGET 8526 1 0 0 2 0
TARGET 8527 1 1 0 3 0
TARGET 8528 1 0 0 2 0
TARGET 8529 1 0 0 0 0
TARGET 8530 1 0 0 0 0
TARGET 8531 1 1 0 1 0
TARGET 8532 1 0 0 0 0
TARGET 8533 1 0 0 0 0
TARGET 8534 1 0 0 0 0
TARGET 8535 1 0 0 0 0
TARGET 8536 1 0 0 0 0
TARGET 8537 1 1 0 1 0
TARGET 8538 1 0 0 0 0
TARGET 8539 1 1 0 1 0
TARGET 8540 1 1 0 2 0
TARGET 8541 1 1 0 1 0
TARGET 8542 1 0 0 1 0
TARGET 8543 1 1 0 1 0
TARGET 8544 1 0 0 1 0
TARGET 8545 1 1 0 2 0
TARGET 8546 1 1 0 1 0
TARGET 8547 1 0 0 1 0
TARGET 8548 1 0 0 1 0
TARGET 8549 1 1 0 1 0
TARGET 8550 1 0 0 0 0
TARGET 8551 1 1 0 3 0
TARGET 8552 1 1 0 2 0
TARGET 8553 1 1 0 2 0
TARGET 8554 1 1 0 2 0
TARGET 8555 1 1 0 2 0
TARGET 8556 1 1 0 3 0
TARGET 8557 1 1 0 2 0
TARGET 8558 1 1 0 2 0
TARGET 8559 1 1 0 2 0
TARGET 8560 1 1 0 2 0
TARGET 8561 1 1 0 1 0
TARGET 8562 1 0 0 1 0
TARGET 8563 1 1 0 1 0
TARGET 8564 1 0 0 1 0
TARGET 8565 1 1 0 2 0
TARGET 8566 1 1 0 1 0
TARGET 8567 1 0 0 1 0
TARGET 8568 1 0 0 1 0
TARGET 8569 1 1 0 1 0
TARGET 8570 1 0 0 2 0
TARGET 8571 1 0 0 0 0
TARGET 8572 1 0 0 1 0
TARGET 8573 1 0 0 1 0
TARGET 8574 1 0 0 1 0
TARGET 8575 1 1 0 2 0
TARGET 8576 1 0 0 1 0
TARGET 8577 1 0 0 1 0
TARGET 8578 1 0 0 1 0
TARGET 8579 1 0 0 1 0
TARGET 8580 1 0 0 0 0
TARGET 8581 1 1 0 1 0
TARGET 8582 1 0 0 1 0
TARGET 8583 1 1 0 2 0
TARGET 8584 1 1 0 1 0
TARGET 8585 1 0 0 1 0
TARGET 8586 1 0 0 1 0
TARGET 8587 1 1 0 1 0
TARGET 8588 1 0 0 0 0
TARGET 8589 1 0 0 1 0
TARGET 8590 1 1 0 2 0
TARGET 8591 1 0 0 1 0
TARGET 8592 1 0 0 1 0
TARGET 8593 1 0 0 1 0
TARGET 8594 1 0 0 1 0
TARGET 8595 1 0 0 0 0
TARGET 8596 1 1 0 3 0
TARGET 8597 1 1 0 2 0
TARGET 8598 1 1 0 2 0
TARGET 8599 1 1 0 2 0
TARGET 8600 1 1 0 2 0
TARGET 8601 1 1 0 1 0
TARGET 8602 1 0 0 1 0
TARGET 8603 1 0 0 1 0
TARGET 8604 1 1 0 1 0
TARGET 8605 1 0 0 2 0
TARGET 8606 1 0 0 0 0
TARGET 8607 1 0 0 1 0
TARGET 8608 1 0 0 1 0
TARGET 8609 1 0 0 1 0
TARGET 8610 1 0 0 0 0
TARGET 8611 1 0 0 1 0
TARGET 8612 1 0 0 1 0
TARGET 8613 1 0 0 0 0
TARGET 8614 1 1 0 1 0
TARGET 8615 1 0 0 0 0
TARGET 8616 1 0 0 1 0
TARGET 8617 1 1 0 2 0
TARGET 8618 1 0 0 1 0
TARGET 8619 1 0 0 1 0
TARGET 8620 1 0 0 1 0
TARGET 8621 1 0 0 1 0
TARGET 8622 1 1 0 2 0
TARGET 8623 1 0 0 1 0
TARGET 8624 1 0 0 1 0
TARGET 8625 1 0 0 1 0
TARGET 8626 1 0 0 1 0
TARGET 8627 1 0 0 0 0
TARGET 8628 1 2 0 3 0
TARGET 8629 1 1 0 2 0
TARGET 8630 1 1 0 2 0
TARGET 8631 1 1 0 2 0
TARGET 8632 1 1 0 2 0
TARGET 8633 1 1 0 3 0
TARGET 8634 1 1 0 2 0
TARGET 8635 1 1 0 2 0
TARGET 8636 1 1 0 2 0
TARGET 8637 1 1 0 2 0
TARGET 8638 1 0 0 1 0
TARGET 8639 1 0 0 1 0
TARGET 8640 1 0 0 1 0
TARGET 8641 1 0 0 1 0
TARGET 8642 1 1 0 2 0
TARGET 8643 1 0 0 1 0
TARGET 8644 1 0 0 1 0
TARGET 8645 1 0 0 1 0
TARGET 8646 1 0 0 1 0
TARGET 8647 1 0 0 2 0
TARGET 8648 1 0 0 0 0
TARGET 8649 1 0 0 1 0
TARGET 8650 1 0 0 1 0
TARGET 8651 1 0 0 1 0
TARGET 8652 1 1 0 2 0
TARGET 8653 1 0 0 1 0
TARGET 8654 1 0 0 1 0
TARGET 8655 1 0 0 1 0
TARGET 8656 1 0 0 1 0
TARGET 8657 1 0 0 0 0
TARGET 8658 1 0 0 1 0
TARGET 8659 1 0 0 1 0
TARGET 8660 1 1 0 2 0
TARGET 8661 1 0 0 1 0
TARGET 8662 1 0 0 1 0
TARGET 8663 1 0 0 1 0
TARGET 8664 1 0 0 1 0
TARGET 8665 1 0 0 0 0
TARGET 8666 1 0 0 1 0
TARGET 8667 1 1 0 2 0
TARGET 8668 1 0 0 1 0
TARGET 8669 1 0 0 1 0
TARGET 8670 1 0 0 1 0
TARGET 8671 1 0 0 1 0
TARGET 8672 1 0 0 0 0
TARGET 8673 1 2 0 3 0
TARGET 8674 1 1 0 2 0
TARGET 8675 1 1 0 2 0
TARGET 8676 1 1 0 2 0
TARGET 8677 1 1 0 2 0
TARGET 8678 1 0 0 1 0
TARGET 8679 1 0 0 1 0
TARGET 8680 1 0 0 1 0
TARGET 8681 1 0 0 1 0
TARGET 8682 1 0 0 2 0
TARGET 8683 1 0 0 0 0
TARGET 8684 1 0 0 1 0
TARGET 8685 1 0 0 1 0
TARGET 8686 1 0 0 1 0
TARGET 8687 1 0 0 0 0
TARGET 8688 1 0 0 1 0
TARGET 8689 1 0 0 1 0
TARGET 8690 1 0 0 0 0
TARGET 8691 1 0 0 1 0
TARGET 8692 1 0 0 0 0
TARGET 8693 1 1 0 2 0
TARGET 8694 1 1 0 1 0
TARGET 8695 1 1 0 1 0
TARGET 8696 1 0 0 1 0
TARGET 8697 1 0 0 1 0
TARGET 8698 1 1 0 1 0
TARGET 8699 1 1 0 2 0
TARGET 8700 1 1 0 1 0
TARGET 8701 1 1 0 3 0
TARGET 8702 1 1 0 2 0
TARGET 8703 1 1 0 2 0
TARGET 8704 1 1 0 2 0
TARGET 8705 1 1 0 2 0
TARGET 8706 1 1 0 3 0
TARGET 8707 1 1 0 2 0
TARGET 8708 1 1 0 2 0
TARGET 8709 1 1 0 2 0
TARGET 8710 1 1 0 2 0
TARGET 8711 1 1 0 2 0
TARGET 8712 1 1 0 1 0
TARGET 8713 1 0 0 1 0
TARGET 8714 1 1 0 1 0
TARGET 8715 1 0 0 1 0
TARGET 8716 1 1 0 2 0
TARGET 8717 1 1 0 1 0
TARGET 8718 1 0 0 1 0
TARGET 8719 1 0 0 1 0
TARGET 8720 1 1 0 1 0
TARGET 8721 1 1 0 2 0
TARGET 8722 1 1 0 2 0
TARGET 8723 1 1 0 2 0
TARGET 8724 1 1 0 2 0
TARGET 8725 1 1 0 3 0
TARGET 8726 1 1 0 2 0
TARGET 8727 1 1 0 1 0
TARGET 8728 1 0 0 1 0
TARGET 8729 1 0 0 1 0
TARGET 8730 1 1 0 1 0
TARGET 8731 1 1 0 2 0
TARGET 8732 1 1 0 1 0
TARGET 8733 1 0 0 1 0
TARGET 8734 1 0 0 1 0
TARGET 8735 1 0 0 1 0
TARGET 8736 1 0 0 1 0
TARGET 8737 1 1 0 2 0
TARGET 8738 1 0 0 1 0
TARGET 8739 1 1 0 1 0
TARGET 8740 1 0 0 1 0
TARGET 8741 1 0 0 1 0
TARGET 8742 1 1 0 2 0
TARGET 8743 1 1 0 1 0
TARGET 8744 1 0 0 1 0
TARGET 8745 1 0 0 1 0
TARGET 8746 1 0 0 1 0
TARGET 8747 1 1 0 1 0
TARGET 8748 1 1 0 1 0
TARGET 8749 1 1 0 2 0
TARGET 8750 1 1 0 1 0
TARGET 8751 1 0 0 1 0
TARGET 8752 1 0 0 1 0
TARGET 8753 1 0 0 1 0
TARGET 8754 1 1 0 2 0
TARGET 8755 1 0 0 1 0
TARGET 8756 1 1 0 2 0
TARGET 8757 1 0 0 1 0
TARGET 8758 1 0 0 1 0
TARGET 8759 1 0 0 1 0
TARGET 8760 1 0 0 1 0
TARGET 8761 1 1 0 2 0
TARGET 8762 1 1 0 2 0
TARGET 8763 1 1 0 3 0
TARGET 8764 1 1 0 2 0
TARGET 8765 1 0 0 1 0
TARGET 8766 1 1 0 1 0
TARGET 8767 1 1 0 2 0
TARGET 8768 1 1 0 1 0
TARGET 8769 1 0 0 1 0
TARGET 8770 1 0 0 1 0
TARGET 8771 1 0 0 1 0
TARGET 8772 1 0 0 1 0
TARGET 8773 1 1 0 2 0
TARGET 8774 1 0 0 1 0
TARGET 8775 1 0 0 1 0
TARGET 8776 1 1 0 2 0
TARGET 8777 1 0 0 1 0
TARGET 8778 1 1 0 1 0
TARGET 8779 1 1 0 2 0
TARGET 8780 1 1 0 1 0
TARGET 8781 1 1 0 1 0
TARGET 8782 1 0 0 0 0
TARGET 8783 1 0 0 0 0
TARGET 8784 1 0 0 0 0
TARGET 8785 1 0 0 0 0
TARGET 8786 1 0 0 0 0
TARGET 8787 1 1 0 1 0
TARGET 8788 1 0 0 0 0
TARGET 8789 1 1 0 4 0
TARGET 8790 1 1 0 3 0
TARGET 8791 1 1 0 3 0
TARGET 8792 1 1 0 3 0
TARGET 8793 1 1 0 3 0
TARGET 8794 1 1 0 4 0
TARGET 8795 1 1 0 3 0
TARGET 8796 1 1 0 3 0
TARGET 8797 1 1 0 3 0
TARGET 8798 1 1 0 3 0
TARGET 8799 1 1 0 2 0
TARGET 8800 1 1 0 2 0
TARGET 8801 1 1 0 2 0
TARGET 8802 1 1 0 2 0
TARGET 8803 1 1 0 3 0
TARGET 8804 1 1 0 2 0
TARGET 8805 1 1 0 2 0
TARGET 8806 1 1 0 2 0
TARGET 8807 1 1 0 2 0
TARGET 8808 1 1 0 3 0
TARGET 8809 1 1 0 1 0
TARGET 8810 1 1 0 2 0
TARGET 8811 1 1 0 2 0
TARGET 8812 1 1 0 2 0
TARGET 8813 1 2 0 3 0
TARGET 8814 1 1 0 2 0
TARGET 8815 1 1 0 2 0
TARGET 8816 1 1 0 2 0
TARGET 8817 1 1 0 2 0
TARGET 8818 1 1 0 1 0
TARGET 8819 1 1 0 2 0
TARGET 8820 1 1 0 2 0
TARGET 8821 1 1 0 3 0
TARGET 8822 1 1 0 2 0
TARGET 8823 1 1 0 2 0
TARGET 8824 1 1 0 2 0
TARGET 8825 1 1 0 2 0
TARGET 8826 1 1 0 1 0
TARGET 8827 1 1 0 2 0
TARGET 8828 1 2 0 3 0
TARGET 8829 1 1 0 2 0
TARGET 8830 1 1 0 2 0
TARGET 8831 1 1 0 2 0
TARGET 8832 1 1 0 2 0
TARGET 8833 1 1 0 1 0
TARGET 8834 1 3 0 4 0
TARGET 8835 1 2 0 3 0
TARGET 8836 1 2 0 3 0
TARGET 8837 1 2 0 3 0
TARGET 8838 1 2 0 3 0
TARGET 8839 1 1 0 2 0
TARGET 8840 1 1 0 2 0
TARGET 8841 1 1 0 2 0
TARGET 8842 1 1 0 2 0
TARGET 8843 1 1 0 3 0
TARGET 8844 1 1 0 1 0
TARGET 8845 1 1 0 2 0
TARGET 8846 1 1 0 2 0
TARGET 8847 1 1 0 2 0
TARGET 8848 1 1 0 1 0
TARGET 8849 1 1 0 2 0
TARGET 8850 1 1 0 2 0
TARGET 8851 1 1 0 1 0
TARGET 8852 1 1 0 2 0
TARGET 8853 1 1 0 1 0
TARGET 8854 1 1 0 3 0
TARGET 8855 1 1 0 2 0
TARGET 8856 1 1 0 2 0
TARGET 8857 1 1 0 2 0
TARGET 8858 1 1 0 2 0
TARGET 8859 1 1 0 3 0
TARGET 8860 1 1 0 2 0
TARGET 8861 1 1 0 2 0
TARGET 8862 1 1 0 2 0
TARGET 8863 1 1 0 2 0
TARGET 8864 1 1 0 1 0
TARGET 8865 1 0 0 1 0
TARGET 8866 1 1 0 1 0
TARGET 8867 1 0 0 1 0
TARGET 8868 1 1 0 2 0
TARGET 8869 1 1 0 1 0
TARGET 8870 1 0 0 1 0
TARGET 8871 1 0 0 1 0
TARGET 8872 1 1 0 1 0
TARGET 8873 1 0 0 2 0
TARGET 8874 1 0 0 0 0
TARGET 8875 1 0 0 1 0
TARGET 8876 1 0 0 1 0
TARGET 8877 1 0 0 1 0
TARGET 8878 1 1 0 2 0
TARGET 8879 1 0 0 1 0
TARGET 8880 1 0 0 1 0
TARGET 8881 1 0 0 1 0
TARGET 8882 1 0 0 1 0
TARGET 8883 1 0 0 0 0
TARGET 8884 1 1 0 1 0
TARGET 8885 1 0 0 1 0
TARGET 8886 1 1 0 2 0
TARGET 8887 1 1 0 1 0
TARGET 8888 1 0 0 1 0
TARGET 8889 1 0 0 1 0
TARGET 8890 1 1 0 1 0
TARGET 8891 1 0 0 0 0
TARGET 8892 1 0 0 1 0
TARGET 8893 1 1 0 2 0
TARGET 8894 1 0 0 1 0
TARGET 8895 1 0 0 1 0
TARGET 8896 1 0 0 1 0
TARGET 8897 1 0 0 1 0
TARGET 8898 1 0 0 0 0
TARGET 8899 1 2 0 3 0
TARGET 8900 1 1 0 2 0
TARGET 8901 1 1 0 2 0
TARGET 8902 1 1 0 2 0
TARGET 8903 1 1 0 2 0
TARGET 8904 1 1 0 1 0
TARGET 8905 1 0 0 1 0
TARGET 8906 1 0 0 1 0
TARGET 8907 1 1 0 1 0
TARGET 8908 1 0 0 2 0
TARGET 8909 1 0 0 0 0
TARGET 8910 1 0 0 1 0
TARGET 8911 1 0 0 1 0
TARGET 8912 1 0 0 1 0
TARGET 8913 1 0 0 0 0
TARGET 8914 1 0 0 1 0
TARGET 8915 1 0 0 1 0
TARGET 8916 1 0 0 0 0
TARGET 8917 1 1 0 1 0
TARGET 8918 1 0 0 0 0
TARGET 8919 1 2 0 3 0
TARGET 8920 1 2 0 3 0
TARGET 8921 1 2 0 3 0
TARGET 8922 1 1 0 3 0
TARGET 8923 1 1 0 4 0
TARGET 8924 1 1 0 3 0
TARGET 8925 1 1 0 2 0
TARGET 8926 1 1 0 2 0
TARGET 8927 1 1 0 2 0
TARGET 8928 1 1 0 2 0
TARGET 8929 1 1 0 3 0
TARGET 8930 1 1 0 2 0
TARGET 8931 1 1 0 2 0
TARGET 8932 1 1 0 2 0
TARGET 8933 1 1 0 2 0
TARGET 8934 1 1 0 2 0
TARGET 8935 1 1 0 3 0
TARGET 8936 1 1 0 2 0
TARGET 8937 1 1 0 2 0
TARGET 8938 1 1 0 2 0
TARGET 8939 1 1 0 2 0
TARGET 8940 1 1 0 3 0
TARGET 8941 1 1 0 2 0
TARGET 8942 1 1 0 2 0
TARGET 8943 1 1 0 2 0
TARGET 8944 1 1 0 2 0
TARGET 8945 1 1 0 2 0
TARGET 8946 1 1 0 2 0
TARGET 8947 1 1 0 3 0
TARGET 8948 1 1 0 2 0
TARGET 8949 1 1 0 2 0
TARGET 8950 1 1 0 2 0
TARGET 8951 1 1 0 2 0
TARGET 8952 1 1 0 3 0
TARGET 8953 1 1 0 2 0
TARGET 8954 1 1 0 3 0
TARGET 8955 1 1 0 2 0
TARGET 8956 1 1 0 2 0
TARGET 8957 1 1 0 2 0
TARGET 8958 1 1 0 2 0
TARGET 8959 1 1 0 3 0
TARGET 8960 1 1 0 3 0
TARGET 8961 1 1 0 4 0
TARGET 8962 1 1 0 3 0
TARGET 8963 1 1 0 2 0
TARGET 8964 1 1 0 2 0
TARGET 8965 1 1 0 3 0
TARGET 8966 1 1 0 2 0
TARGET 8967 1 1 0 2 0
TARGET 8968 1 1 0 2 0
TARGET 8969 1 1 0 2 0
TARGET 8970 1 1 0 2 0
TARGET 8971 1 1 0 3 0
TARGET 8972 1 1 0 2 0
TARGET 8973 1 1 0 2 0
TARGET 8974 1 1 0 3 0
TARGET 8975 1 1 0 2 0
TARGET 8976 1 1 0 2 0
TARGET 8977 1 1 0 3 0
TARGET 8978 1 1 0 2 0
TARGET 8979 1 1 0 1 0
TARGET 8980 1 0 0 1 0
TARGET 8981 1 0 0 1 0
TARGET 8982 1 1 0 1 0
TARGET 8983 1 1 0 2 0
TARGET 8984 1 1 0 1 0
TARGET 8985 1 0 0 1 0
TARGET 8986 1 0 0 1 0
TARGET 8987 1 0 0 1 0
TARGET 8988 1 0 0 1 0
TARGET 8989 1 1 0 2 0
TARGET 8990 1 0 0 1 0
TARGET 8991 1 1 0 1 0
TARGET 8992 1 0 0 1 0
TARGET 8993 1 0 0 1 0
TARGET 8994 1 1 0 2 0
TARGET 8995 1 1 0 1 0
TARGET 8996 1 0 0 1 0
TARGET 8997 1 0 0 1 0
TARGET 8998 1 0 0 1 0
TARGET 8999 1 1 0 1 0
TARGET 9000 1 1 0 1 0
PASS_1962_MONOMIAL_INTERVAL 8001 9000 1000 0
