PASS_1961_AMBIENT g2f9-shard1 order=22594320403200
PROGRESS_1961 g2f9-shard1 [ 100, 398, 0, 0 ]
PROGRESS_1961 g2f9-shard1 [ 200, 798, 0, 0 ]
PROGRESS_1961 g2f9-shard1 [ 300, 1198, 0, 0 ]
PROGRESS_1961 g2f9-shard1 [ 400, 1598, 0, 0 ]
PROGRESS_1961 g2f9-shard1 [ 500, 1998, 0, 0 ]
PROGRESS_1961 g2f9-shard1 [ 600, 2398, 0, 0 ]
PROGRESS_1961 g2f9-shard1 [ 700, 2798, 0, 0 ]
PROGRESS_1961 g2f9-shard1 [ 800, 3198, 0, 0 ]
PROGRESS_1961 g2f9-shard1 [ 900, 3598, 0, 0 ]
PROGRESS_1961 g2f9-shard1 [ 1000, 3998, 0, 0 ]
PROGRESS_1961 g2f9-shard1 [ 1100, 4398, 0, 0 ]
PROGRESS_1961 g2f9-shard1 [ 1200, 4798, 0, 0 ]
PROGRESS_1961 g2f9-shard1 [ 1300, 5198, 0, 0 ]
PROGRESS_1961 g2f9-shard1 [ 1400, 5598, 0, 0 ]
PROGRESS_1961 g2f9-shard1 [ 1500, 5998, 0, 0 ]
PROGRESS_1961 g2f9-shard1 [ 1600, 6398, 0, 0 ]
PROGRESS_1961 g2f9-shard1 [ 1700, 6798, 21, 0 ]
PROGRESS_1961 g2f9-shard1 [ 1800, 7198, 40, 0 ]
PROGRESS_1961 g2f9-shard1 [ 1900, 7598, 66, 0 ]
PROGRESS_1961 g2f9-shard1 [ 2000, 7998, 85, 0 ]
PROGRESS_1961 g2f9-shard1 [ 2100, 8398, 99, 0 ]
PROGRESS_1961 g2f9-shard1 [ 2200, 8798, 136, 0 ]
PROGRESS_1961 g2f9-shard1 [ 2300, 9198, 149, 0 ]
PROGRESS_1961 g2f9-shard1 [ 2400, 9598, 180, 0 ]
PROGRESS_1961 g2f9-shard1 [ 2500, 9998, 224, 0 ]
PROGRESS_1961 g2f9-shard1 [ 2600, 10398, 233, 0 ]
PROGRESS_1961 g2f9-shard1 [ 2700, 10798, 268, 0 ]
PROGRESS_1961 g2f9-shard1 [ 2800, 11198, 319, 0 ]
PROGRESS_1961 g2f9-shard1 [ 2900, 11598, 322, 0 ]
PROGRESS_1961 g2f9-shard1 [ 3000, 11998, 331, 0 ]
PROGRESS_1961 g2f9-shard1 [ 3100, 12398, 340, 0 ]
PROGRESS_1961 g2f9-shard1 [ 3200, 12798, 369, 0 ]
PROGRESS_1961 g2f9-shard1 [ 3300, 13198, 369, 0 ]
PROGRESS_1961 g2f9-shard1 [ 3400, 13598, 369, 0 ]
PROGRESS_1961 g2f9-shard1 [ 3500, 13998, 371, 0 ]
PROGRESS_1961 g2f9-shard1 [ 3600, 14398, 383, 0 ]
PROGRESS_1961 g2f9-shard1 [ 3700, 14798, 383, 0 ]
PROGRESS_1961 g2f9-shard1 [ 3800, 15198, 417, 0 ]
PROGRESS_1961 g2f9-shard1 [ 3900, 15598, 421, 0 ]
PROGRESS_1961 g2f9-shard1 [ 4000, 15998, 421, 0 ]
PROGRESS_1961 g2f9-shard1 [ 4100, 16398, 421, 0 ]
PROGRESS_1961 g2f9-shard1 [ 4200, 16798, 426, 0 ]
PROGRESS_1961 g2f9-shard1 [ 4300, 17198, 435, 0 ]
PROGRESS_1961 g2f9-shard1 [ 4400, 17598, 443, 0 ]
PROGRESS_1961 g2f9-shard1 [ 4500, 17998, 474, 0 ]
PROGRESS_1961 g2f9-shard1 [ 4600, 18398, 474, 0 ]
PROGRESS_1961 g2f9-shard1 [ 4700, 18798, 474, 0 ]
PROGRESS_1961 g2f9-shard1 [ 4800, 19198, 476, 0 ]
PROGRESS_1961 g2f9-shard1 [ 4900, 19598, 488, 0 ]
PROGRESS_1961 g2f9-shard1 [ 5000, 19998, 488, 0 ]
PROGRESS_1961 g2f9-shard1 [ 5100, 20398, 519, 0 ]
PROGRESS_1961 g2f9-shard1 [ 5200, 20798, 527, 0 ]
PROGRESS_1961 g2f9-shard1 [ 5300, 21198, 527, 0 ]
PROGRESS_1961 g2f9-shard1 [ 5400, 21598, 527, 0 ]
PROGRESS_1961 g2f9-shard1 [ 5500, 21998, 532, 0 ]
PROGRESS_1961 g2f9-shard1 [ 5600, 22398, 544, 0 ]
PROGRESS_1961 g2f9-shard1 [ 5700, 22798, 569, 0 ]
PROGRESS_1961 g2f9-shard1 [ 5800, 23198, 617, 0 ]
PROGRESS_1961 g2f9-shard1 [ 5900, 23598, 622, 0 ]
PROGRESS_1961 g2f9-shard1 [ 6000, 23998, 626, 0 ]
PROGRESS_1961 g2f9-shard1 [ 6100, 24398, 631, 0 ]
PROGRESS_1961 g2f9-shard1 [ 6200, 24798, 635, 0 ]
PROGRESS_1961 g2f9-shard1 [ 6300, 25198, 642, 0 ]
PROGRESS_1961 g2f9-shard1 [ 6400, 25598, 652, 0 ]
PROGRESS_1961 g2f9-shard1 [ 6500, 25998, 658, 0 ]
PROGRESS_1961 g2f9-shard1 [ 6600, 26398, 683, 0 ]
PROGRESS_1961 g2f9-shard1 [ 6700, 26798, 706, 0 ]
PROGRESS_1961 g2f9-shard1 [ 6800, 27198, 710, 0 ]
PROGRESS_1961 g2f9-shard1 [ 6900, 27598, 710, 0 ]
PROGRESS_1961 g2f9-shard1 [ 7000, 27998, 710, 0 ]
PROGRESS_1961 g2f9-shard1 [ 7100, 28398, 717, 0 ]
PROGRESS_1961 g2f9-shard1 [ 7200, 28798, 717, 0 ]
PROGRESS_1961 g2f9-shard1 [ 7300, 29198, 763, 0 ]
PROGRESS_1961 g2f9-shard1 [ 7400, 29598, 764, 0 ]
PROGRESS_1961 g2f9-shard1 [ 7500, 29998, 768, 0 ]
PROGRESS_1961 g2f9-shard1 [ 7600, 30398, 768, 0 ]
PROGRESS_1961 g2f9-shard1 [ 7700, 30798, 768, 0 ]
PROGRESS_1961 g2f9-shard1 [ 7800, 31198, 775, 0 ]
PROGRESS_1961 g2f9-shard1 [ 7900, 31598, 775, 0 ]
PROGRESS_1961 g2f9-shard1 [ 8000, 31998, 824, 0 ]
PROGRESS_1961 g2f9-shard1 [ 8100, 32398, 824, 0 ]
PROGRESS_1961 g2f9-shard1 [ 8200, 32798, 828, 0 ]
PROGRESS_1961 g2f9-shard1 [ 8300, 33198, 828, 0 ]
PROGRESS_1961 g2f9-shard1 [ 8400, 33598, 830, 0 ]
PROGRESS_1961 g2f9-shard1 [ 8500, 33998, 836, 0 ]
PROGRESS_1961 g2f9-shard1 [ 8600, 34398, 842, 0 ]
PROGRESS_1961 g2f9-shard1 [ 8700, 34798, 882, 0 ]
PROGRESS_1961 g2f9-shard1 [ 8800, 35198, 886, 0 ]
PROGRESS_1961 g2f9-shard1 [ 8900, 35598, 886, 0 ]
PROGRESS_1961 g2f9-shard1 [ 9000, 35998, 886, 0 ]
PROGRESS_1961 g2f9-shard1 [ 9100, 36398, 892, 0 ]
PROGRESS_1961 g2f9-shard1 [ 9200, 36798, 892, 0 ]
PROGRESS_1961 g2f9-shard1 [ 9300, 37198, 946, 0 ]
PROGRESS_1961 g2f9-shard1 [ 9400, 37598, 948, 0 ]
PROGRESS_1961 g2f9-shard1 [ 9500, 37998, 958, 0 ]
PROGRESS_1961 g2f9-shard1 [ 9600, 38398, 964, 0 ]
PROGRESS_1961 g2f9-shard1 [ 9700, 38798, 970, 0 ]
PROGRESS_1961 g2f9-shard1 [ 9800, 39198, 975, 0 ]
PROGRESS_1961 g2f9-shard1 [ 9900, 39598, 989, 0 ]
PROGRESS_1961 g2f9-shard1 [ 10000, 39998, 1016, 0 ]
PASS_1961_SEARCH g2f9-shard1 [ 10026, 1027, 0 ]
