TARGET 7001 1 1 0 1 0
TARGET 7002 1 1 0 2 0
TARGET 7003 1 1 0 1 0
TARGET 7004 1 1 0 1 0
TARGET 7005 1 1 0 2 0
TARGET 7006 1 0 0 0 0
TARGET 7007 1 1 0 3 0
TARGET 7008 1 1 0 2 0
TARGET 7009 1 1 0 2 0
TARGET 7010 1 1 0 3 0
TARGET 7011 1 1 0 1 0
TARGET 7012 1 1 0 1 0
TARGET 7013 1 1 0 2 0
TARGET 7014 1 0 0 2 0
TARGET 7015 1 0 0 0 0
TARGET 7016 1 1 0 1 0
TARGET 7017 1 1 0 2 0
TARGET 7018 1 0 0 0 0
TARGET 7019 1 2 0 3 0
TARGET 7020 1 0 0 2 0
TARGET 7021 1 1 0 1 0
TARGET 7022 1 1 0 2 0
TARGET 7023 1 1 0 1 0
TARGET 7024 1 1 0 1 0
TARGET 7025 1 1 0 1 0
TARGET 7026 1 1 0 2 0
TARGET 7027 1 1 0 1 0
TARGET 7028 1 1 0 1 0
TARGET 7029 1 1 0 2 0
TARGET 7030 1 1 0 2 0
TARGET 7031 1 1 0 3 0
TARGET 7032 1 1 0 2 0
TARGET 7033 1 1 0 2 0
TARGET 7034 1 1 0 3 0
TARGET 7035 1 1 0 1 0
TARGET 7036 1 1 0 2 0
TARGET 7037 1 1 0 1 0
TARGET 7038 1 1 0 1 0
TARGET 7039 1 1 0 2 0
TARGET 7040 1 1 0 1 0
TARGET 7041 1 1 0 2 0
TARGET 7042 1 1 0 1 0
TARGET 7043 1 1 0 1 0
TARGET 7044 1 1 0 2 0
TARGET 7045 1 0 0 0 0
TARGET 7046 1 1 0 1 0
TARGET 7047 1 0 0 0 0
TARGET 7048 1 0 0 0 0
TARGET 7049 1 1 0 1 0
TARGET 7050 1 1 0 2 0
TARGET 7051 1 1 0 1 0
TARGET 7052 1 1 0 1 0
TARGET 7053 1 1 0 2 0
TARGET 7054 1 0 0 0 0
TARGET 7055 1 2 0 3 0
TARGET 7056 1 1 0 2 0
TARGET 7057 1 1 0 2 0
TARGET 7058 1 1 0 3 0
TARGET 7059 1 1 0 1 0
TARGET 7060 1 1 0 1 0
TARGET 7061 1 1 0 2 0
TARGET 7062 1 0 0 2 0
TARGET 7063 1 0 0 0 0
TARGET 7064 1 1 0 1 0
TARGET 7065 1 1 0 2 0
TARGET 7066 1 0 0 0 0
TARGET 7067 1 1 0 3 0
TARGET 7068 1 0 0 2 0
TARGET 7069 1 1 0 2 0
TARGET 7070 1 1 0 3 0
TARGET 7071 1 1 0 2 0
TARGET 7072 1 1 0 2 0
TARGET 7073 1 1 0 3 0
TARGET 7074 1 1 0 1 0
TARGET 7075 1 1 0 4 0
TARGET 7076 1 1 0 3 0
TARGET 7077 1 1 0 3 0
TARGET 7078 1 1 0 4 0
TARGET 7079 1 1 0 2 0
TARGET 7080 1 1 0 2 0
TARGET 7081 1 1 0 3 0
TARGET 7082 1 1 0 3 0
TARGET 7083 1 1 0 1 0
TARGET 7084 1 1 0 2 0
TARGET 7085 1 1 0 3 0
TARGET 7086 1 1 0 1 0
TARGET 7087 1 1 0 4 0
TARGET 7088 1 1 0 3 0
TARGET 7089 1 1 0 1 0
TARGET 7090 1 1 0 2 0
TARGET 7091 1 1 0 1 0
TARGET 7092 1 1 0 1 0
TARGET 7093 1 1 0 2 0
TARGET 7094 1 0 0 0 0
TARGET 7095 1 1 0 3 0
TARGET 7096 1 1 0 2 0
TARGET 7097 1 1 0 2 0
TARGET 7098 1 1 0 3 0
TARGET 7099 1 1 0 1 0
TARGET 7100 1 1 0 1 0
TARGET 7101 1 1 0 2 0
TARGET 7102 1 0 0 2 0
TARGET 7103 1 0 0 0 0
TARGET 7104 1 1 0 1 0
TARGET 7105 1 1 0 2 0
TARGET 7106 1 0 0 0 0
TARGET 7107 1 1 0 3 0
TARGET 7108 1 0 0 2 0
TARGET 7109 1 1 0 1 0
TARGET 7110 1 1 0 2 0
TARGET 7111 1 1 0 1 0
TARGET 7112 1 1 0 1 0
TARGET 7113 1 1 0 2 0
TARGET 7114 1 0 0 0 0
TARGET 7115 1 1 0 3 0
TARGET 7116 1 1 0 2 0
TARGET 7117 1 1 0 2 0
TARGET 7118 1 1 0 3 0
TARGET 7119 1 1 0 1 0
TARGET 7120 1 1 0 1 0
TARGET 7121 1 1 0 2 0
TARGET 7122 1 0 0 2 0
TARGET 7123 1 0 0 0 0
TARGET 7124 1 1 0 1 0
TARGET 7125 1 1 0 2 0
TARGET 7126 1 0 0 0 0
TARGET 7127 1 1 0 3 0
TARGET 7128 1 0 0 2 0
TARGET 7129 1 1 0 1 0
TARGET 7130 1 0 0 1 0
TARGET 7131 1 0 0 1 0
TARGET 7132 1 0 0 1 0
TARGET 7133 1 0 0 1 0
TARGET 7134 1 1 0 1 0
TARGET 7135 1 0 0 1 0
TARGET 7136 1 0 0 1 0
TARGET 7137 1 0 0 1 0
TARGET 7138 1 0 0 1 0
TARGET 7139 1 1 0 1 0
TARGET 7140 1 0 0 0 0
TARGET 7141 1 0 0 1 0
TARGET 7142 1 0 0 1 0
TARGET 7143 1 0 0 1 0
TARGET 7144 1 0 0 1 0
TARGET 7145 1 0 0 1 0
TARGET 7146 1 0 0 1 0
TARGET 7147 1 0 0 1 0
TARGET 7148 1 0 0 1 0
TARGET 7149 1 0 0 1 0
TARGET 7150 1 0 0 1 0
TARGET 7151 1 0 0 1 0
TARGET 7152 1 0 0 1 0
TARGET 7153 1 0 0 1 0
TARGET 7154 1 0 0 1 0
TARGET 7155 1 0 0 1 0
TARGET 7156 1 0 0 1 0
TARGET 7157 1 0 0 1 0
TARGET 7158 1 0 0 1 0
TARGET 7159 1 0 0 1 0
TARGET 7160 1 0 0 1 0
TARGET 7161 1 1 0 1 0
TARGET 7162 1 0 0 1 0
TARGET 7163 1 0 0 1 0
TARGET 7164 1 0 0 1 0
TARGET 7165 1 0 0 1 0
TARGET 7166 1 0 0 0 0
TARGET 7167 1 0 0 1 0
TARGET 7168 1 0 0 1 0
TARGET 7169 1 0 0 1 0
TARGET 7170 1 0 0 1 0
TARGET 7171 1 0 0 0 0
TARGET 7172 1 0 0 1 0
TARGET 7173 1 0 0 1 0
TARGET 7174 1 0 0 1 0
TARGET 7175 1 0 0 0 0
TARGET 7176 1 0 0 1 0
TARGET 7177 1 0 0 1 0
TARGET 7178 1 0 0 0 0
TARGET 7179 1 0 0 1 0
TARGET 7180 1 0 0 0 0
TARGET 7181 1 1 0 1 0
TARGET 7182 1 0 0 1 0
TARGET 7183 1 0 0 1 0
TARGET 7184 1 0 0 1 0
TARGET 7185 1 0 0 1 0
TARGET 7186 1 0 0 0 0
TARGET 7187 1 0 0 0 0
TARGET 7188 1 0 0 0 0
TARGET 7189 1 0 0 0 0
TARGET 7190 1 0 0 0 0
TARGET 7191 1 0 0 1 0
TARGET 7192 1 0 0 1 0
TARGET 7193 1 0 0 1 0
TARGET 7194 1 0 0 1 0
TARGET 7195 1 0 0 1 0
TARGET 7196 1 0 0 0 0
TARGET 7197 1 0 0 1 0
TARGET 7198 1 0 0 1 0
TARGET 7199 1 0 0 1 0
TARGET 7200 1 0 0 1 0
TARGET 7201 1 0 0 0 0
TARGET 7202 1 0 0 1 0
TARGET 7203 1 0 0 1 0
TARGET 7204 1 0 0 1 0
TARGET 7205 1 0 0 0 0
TARGET 7206 1 0 0 1 0
TARGET 7207 1 0 0 1 0
TARGET 7208 1 0 0 0 0
TARGET 7209 1 0 0 1 0
TARGET 7210 1 0 0 0 0
TARGET 7211 1 0 0 1 0
TARGET 7212 1 0 0 1 0
TARGET 7213 1 0 0 1 0
TARGET 7214 1 0 0 1 0
TARGET 7215 1 0 0 1 0
TARGET 7216 1 0 0 0 0
TARGET 7217 1 0 0 1 0
TARGET 7218 1 0 0 1 0
TARGET 7219 1 0 0 1 0
TARGET 7220 1 0 0 1 0
TARGET 7221 1 0 0 0 0
TARGET 7222 1 0 0 1 0
TARGET 7223 1 0 0 1 0
TARGET 7224 1 0 0 1 0
TARGET 7225 1 0 0 0 0
TARGET 7226 1 0 0 1 0
TARGET 7227 1 0 0 1 0
TARGET 7228 1 0 0 0 0
TARGET 7229 1 0 0 1 0
TARGET 7230 1 0 0 0 0
TARGET 7231 1 0 0 1 0
TARGET 7232 1 0 0 1 0
TARGET 7233 1 0 0 1 0
TARGET 7234 1 0 0 1 0
TARGET 7235 1 0 0 1 0
TARGET 7236 1 0 0 0 0
TARGET 7237 1 0 0 1 0
TARGET 7238 1 0 0 1 0
TARGET 7239 1 0 0 1 0
TARGET 7240 1 0 0 1 0
TARGET 7241 1 0 0 0 0
TARGET 7242 1 0 0 1 0
TARGET 7243 1 0 0 1 0
TARGET 7244 1 0 0 1 0
TARGET 7245 1 0 0 0 0
TARGET 7246 1 0 0 1 0
TARGET 7247 1 0 0 1 0
TARGET 7248 1 0 0 0 0
TARGET 7249 1 0 0 1 0
TARGET 7250 1 0 0 0 0
TARGET 7251 1 0 0 1 0
TARGET 7252 1 0 0 1 0
TARGET 7253 1 0 0 1 0
TARGET 7254 1 0 0 1 0
TARGET 7255 1 0 0 1 0
TARGET 7256 1 0 0 0 0
TARGET 7257 1 0 0 1 0
TARGET 7258 1 0 0 1 0
TARGET 7259 1 0 0 1 0
TARGET 7260 1 0 0 1 0
TARGET 7261 1 0 0 0 0
TARGET 7262 1 0 0 1 0
TARGET 7263 1 0 0 1 0
TARGET 7264 1 0 0 1 0
TARGET 7265 1 0 0 0 0
TARGET 7266 1 0 0 1 0
TARGET 7267 1 0 0 1 0
TARGET 7268 1 0 0 0 0
TARGET 7269 1 0 0 1 0
TARGET 7270 1 0 0 0 0
TARGET 7271 1 1 0 1 0
TARGET 7272 1 0 0 1 0
TARGET 7273 1 0 0 1 0
TARGET 7274 1 0 0 1 0
TARGET 7275 1 0 0 1 0
TARGET 7276 1 0 0 0 0
TARGET 7277 1 0 0 1 0
TARGET 7278 1 0 0 1 0
TARGET 7279 1 0 0 1 0
TARGET 7280 1 0 0 1 0
TARGET 7281 1 0 0 0 0
TARGET 7282 1 0 0 1 0
TARGET 7283 1 0 0 1 0
TARGET 7284 1 0 0 1 0
TARGET 7285 1 0 0 0 0
TARGET 7286 1 0 0 1 0
TARGET 7287 1 0 0 1 0
TARGET 7288 1 0 0 0 0
TARGET 7289 1 0 0 1 0
TARGET 7290 1 0 0 0 0
TARGET 7291 1 1 0 2 0
TARGET 7292 1 1 0 2 0
TARGET 7293 1 1 0 2 0
TARGET 7294 1 1 0 3 0
TARGET 7295 1 1 0 2 0
TARGET 7296 1 1 0 2 0
TARGET 7297 1 1 0 3 0
TARGET 7298 1 1 0 2 0
TARGET 7299 1 1 0 3 0
TARGET 7300 1 1 0 1 0
TARGET 7301 1 1 0 2 0
TARGET 7302 1 1 0 2 0
TARGET 7303 1 1 0 3 0
TARGET 7304 1 1 0 2 0
TARGET 7305 1 1 0 2 0
TARGET 7306 1 1 0 3 0
TARGET 7307 1 1 0 2 0
TARGET 7308 1 1 0 3 0
TARGET 7309 1 1 0 1 0
TARGET 7310 1 1 0 2 0
TARGET 7311 1 2 0 3 0
TARGET 7312 1 1 0 2 0
TARGET 7313 1 1 0 2 0
TARGET 7314 1 1 0 3 0
TARGET 7315 1 1 0 2 0
TARGET 7316 1 1 0 3 0
TARGET 7317 1 1 0 1 0
TARGET 7318 1 3 0 4 0
TARGET 7319 1 2 0 3 0
TARGET 7320 1 1 0 3 0
TARGET 7321 1 1 0 4 0
TARGET 7322 1 1 0 3 0
TARGET 7323 1 1 0 4 0
TARGET 7324 1 1 0 2 0
TARGET 7325 1 1 0 2 0
TARGET 7326 1 1 0 3 0
TARGET 7327 1 1 0 2 0
TARGET 7328 1 1 0 3 0
TARGET 7329 1 1 0 3 0
TARGET 7330 1 1 0 1 0
TARGET 7331 1 1 0 2 0
TARGET 7332 1 1 0 3 0
TARGET 7333 1 1 0 2 0
TARGET 7334 1 1 0 3 0
TARGET 7335 1 1 0 1 0
TARGET 7336 1 1 0 4 0
TARGET 7337 1 1 0 3 0
TARGET 7338 1 1 0 4 0
TARGET 7339 1 1 0 2 0
TARGET 7340 1 1 0 3 0
TARGET 7341 1 1 0 3 0
TARGET 7342 1 1 0 1 0
TARGET 7343 1 1 0 4 0
TARGET 7344 1 1 0 3 0
TARGET 7345 1 1 0 1 0
TARGET 7346 1 1 0 1 0
TARGET 7347 1 1 0 1 0
TARGET 7348 1 1 0 2 0
TARGET 7349 1 1 0 1 0
TARGET 7350 1 1 0 1 0
TARGET 7351 1 1 0 2 0
TARGET 7352 1 1 0 1 0
TARGET 7353 1 1 0 2 0
TARGET 7354 1 0 0 0 0
TARGET 7355 1 1 0 1 0
TARGET 7356 1 1 0 1 0
TARGET 7357 1 1 0 2 0
TARGET 7358 1 1 0 1 0
TARGET 7359 1 1 0 1 0
TARGET 7360 1 1 0 2 0
TARGET 7361 1 1 0 1 0
TARGET 7362 1 1 0 2 0
TARGET 7363 1 0 0 0 0
TARGET 7364 1 1 0 1 0
TARGET 7365 1 1 0 2 0
TARGET 7366 1 1 0 1 0
TARGET 7367 1 1 0 1 0
TARGET 7368 1 1 0 2 0
TARGET 7369 1 1 0 1 0
TARGET 7370 1 1 0 2 0
TARGET 7371 1 0 0 0 0
TARGET 7372 1 2 0 3 0
TARGET 7373 1 1 0 2 0
TARGET 7374 1 1 0 2 0
TARGET 7375 1 1 0 3 0
TARGET 7376 1 1 0 2 0
TARGET 7377 1 1 0 3 0
TARGET 7378 1 1 0 1 0
TARGET 7379 1 1 0 1 0
TARGET 7380 1 1 0 2 0
TARGET 7381 1 1 0 1 0
TARGET 7382 1 1 0 2 0
TARGET 7383 1 0 0 2 0
TARGET 7384 1 0 0 0 0
TARGET 7385 1 1 0 1 0
TARGET 7386 1 1 0 2 0
TARGET 7387 1 1 0 1 0
TARGET 7388 1 1 0 2 0
TARGET 7389 1 0 0 0 0
TARGET 7390 1 1 0 3 0
TARGET 7391 1 1 0 2 0
TARGET 7392 1 1 0 3 0
TARGET 7393 1 1 0 1 0
TARGET 7394 1 1 0 2 0
TARGET 7395 1 0 0 2 0
TARGET 7396 1 0 0 0 0
TARGET 7397 1 1 0 3 0
TARGET 7398 1 0 0 2 0
TARGET 7399 1 1 0 1 0
TARGET 7400 1 1 0 2 0
TARGET 7401 1 1 0 1 0
TARGET 7402 1 1 0 2 0
TARGET 7403 1 1 0 1 0
TARGET 7404 1 1 0 1 0
TARGET 7405 1 1 0 2 0
TARGET 7406 1 1 0 1 0
TARGET 7407 1 1 0 1 0
TARGET 7408 1 1 0 2 0
TARGET 7409 1 1 0 1 0
TARGET 7410 1 1 0 2 0
TARGET 7411 1 1 0 1 0
TARGET 7412 1 1 0 1 0
TARGET 7413 1 1 0 1 0
TARGET 7414 1 0 0 0 0
TARGET 7415 1 1 0 2 0
TARGET 7416 1 1 0 2 0
TARGET 7417 1 1 0 3 0
TARGET 7418 1 1 0 2 0
TARGET 7419 1 1 0 2 0
TARGET 7420 1 1 0 3 0
TARGET 7421 1 1 0 2 0
TARGET 7422 1 1 0 3 0
TARGET 7423 1 1 0 1 0
TARGET 7424 1 1 0 1 0
TARGET 7425 1 1 0 2 0
TARGET 7426 1 1 0 1 0
TARGET 7427 1 1 0 1 0
TARGET 7428 1 1 0 2 0
TARGET 7429 1 1 0 1 0
TARGET 7430 1 1 0 2 0
TARGET 7431 1 1 0 2 0
TARGET 7432 1 1 0 2 0
TARGET 7433 1 1 0 3 0
TARGET 7434 1 1 0 2 0
TARGET 7435 1 1 0 2 0
TARGET 7436 1 1 0 3 0
TARGET 7437 1 1 0 2 0
TARGET 7438 1 2 0 3 0
TARGET 7439 1 1 0 1 0
TARGET 7440 1 1 0 1 0
TARGET 7441 1 1 0 2 0
TARGET 7442 1 1 0 1 0
TARGET 7443 1 1 0 1 0
TARGET 7444 1 1 0 2 0
TARGET 7445 1 1 0 1 0
TARGET 7446 1 1 0 2 0
TARGET 7447 1 0 0 0 0
TARGET 7448 1 1 0 1 0
TARGET 7449 1 1 0 2 0
TARGET 7450 1 1 0 1 0
TARGET 7451 1 1 0 1 0
TARGET 7452 1 1 0 2 0
TARGET 7453 1 1 0 1 0
TARGET 7454 1 1 0 2 0
TARGET 7455 1 0 0 0 0
TARGET 7456 1 1 0 3 0
TARGET 7457 1 1 0 2 0
TARGET 7458 1 1 0 2 0
TARGET 7459 1 1 0 3 0
TARGET 7460 1 1 0 2 0
TARGET 7461 1 1 0 3 0
TARGET 7462 1 1 0 1 0
TARGET 7463 1 1 0 1 0
TARGET 7464 1 1 0 2 0
TARGET 7465 1 1 0 1 0
TARGET 7466 1 1 0 2 0
TARGET 7467 1 0 0 2 0
TARGET 7468 1 0 0 0 0
TARGET 7469 1 1 0 1 0
TARGET 7470 1 1 0 2 0
TARGET 7471 1 1 0 1 0
TARGET 7472 1 1 0 2 0
TARGET 7473 1 0 0 0 0
TARGET 7474 1 1 0 3 0
TARGET 7475 1 1 0 2 0
TARGET 7476 1 1 0 3 0
TARGET 7477 1 1 0 1 0
TARGET 7478 1 1 0 2 0
TARGET 7479 1 0 0 2 0
TARGET 7480 1 0 0 0 0
TARGET 7481 1 2 0 3 0
TARGET 7482 1 0 0 2 0
TARGET 7483 1 1 0 1 0
TARGET 7484 1 1 0 1 0
TARGET 7485 1 1 0 1 0
TARGET 7486 1 1 0 1 0
TARGET 7487 1 1 0 2 0
TARGET 7488 1 1 0 1 0
TARGET 7489 1 1 0 1 0
TARGET 7490 1 1 0 2 0
TARGET 7491 1 1 0 1 0
TARGET 7492 1 1 0 2 0
TARGET 7493 1 1 0 1 0
TARGET 7494 1 1 0 2 0
TARGET 7495 1 1 0 1 0
TARGET 7496 1 1 0 1 0
TARGET 7497 1 1 0 2 0
TARGET 7498 1 1 0 1 0
TARGET 7499 1 1 0 2 0
TARGET 7500 1 1 0 1 0
TARGET 7501 1 1 0 2 0
TARGET 7502 1 1 0 1 0
TARGET 7503 1 1 0 1 0
TARGET 7504 1 1 0 2 0
TARGET 7505 1 1 0 1 0
TARGET 7506 1 1 0 2 0
TARGET 7507 1 1 0 1 0
TARGET 7508 1 0 0 0 0
TARGET 7509 1 1 0 1 0
TARGET 7510 1 0 0 0 0
TARGET 7511 1 0 0 0 0
TARGET 7512 1 0 0 0 0
TARGET 7513 1 1 0 2 0
TARGET 7514 1 1 0 2 0
TARGET 7515 1 1 0 3 0
TARGET 7516 1 1 0 2 0
TARGET 7517 1 1 0 2 0
TARGET 7518 1 2 0 3 0
TARGET 7519 1 1 0 2 0
TARGET 7520 1 1 0 3 0
TARGET 7521 1 1 0 1 0
TARGET 7522 1 1 0 2 0
TARGET 7523 1 1 0 3 0
TARGET 7524 1 1 0 2 0
TARGET 7525 1 1 0 2 0
TARGET 7526 1 1 0 3 0
TARGET 7527 1 1 0 2 0
TARGET 7528 1 1 0 3 0
TARGET 7529 1 1 0 1 0
TARGET 7530 1 1 0 4 0
TARGET 7531 1 1 0 3 0
TARGET 7532 1 1 0 3 0
TARGET 7533 1 1 0 4 0
TARGET 7534 1 1 0 3 0
TARGET 7535 1 1 0 4 0
TARGET 7536 1 1 0 2 0
TARGET 7537 1 1 0 2 0
TARGET 7538 1 1 0 3 0
TARGET 7539 1 1 0 2 0
TARGET 7540 1 1 0 3 0
TARGET 7541 1 1 0 3 0
TARGET 7542 1 1 0 1 0
TARGET 7543 1 1 0 2 0
TARGET 7544 1 1 0 3 0
TARGET 7545 1 1 0 2 0
TARGET 7546 1 1 0 3 0
TARGET 7547 1 1 0 1 0
TARGET 7548 1 3 0 4 0
TARGET 7549 1 2 0 3 0
TARGET 7550 1 1 0 4 0
TARGET 7551 1 1 0 2 0
TARGET 7552 1 1 0 3 0
TARGET 7553 1 1 0 3 0
TARGET 7554 1 1 0 1 0
TARGET 7555 1 1 0 4 0
TARGET 7556 1 1 0 3 0
TARGET 7557 1 1 0 1 0
TARGET 7558 1 1 0 1 0
TARGET 7559 1 1 0 2 0
TARGET 7560 1 1 0 1 0
TARGET 7561 1 1 0 1 0
TARGET 7562 1 1 0 2 0
TARGET 7563 1 1 0 1 0
TARGET 7564 1 1 0 2 0
TARGET 7565 1 0 0 0 0
TARGET 7566 1 1 0 1 0
TARGET 7567 1 1 0 2 0
TARGET 7568 1 1 0 1 0
TARGET 7569 1 1 0 1 0
TARGET 7570 1 1 0 2 0
TARGET 7571 1 1 0 1 0
TARGET 7572 1 1 0 2 0
TARGET 7573 1 0 0 0 0
TARGET 7574 1 1 0 3 0
TARGET 7575 1 1 0 2 0
TARGET 7576 1 1 0 2 0
TARGET 7577 1 1 0 3 0
TARGET 7578 1 1 0 2 0
TARGET 7579 1 1 0 3 0
TARGET 7580 1 1 0 1 0
TARGET 7581 1 1 0 1 0
TARGET 7582 1 1 0 2 0
TARGET 7583 1 1 0 1 0
TARGET 7584 1 1 0 2 0
TARGET 7585 1 0 0 2 0
TARGET 7586 1 0 0 0 0
TARGET 7587 1 1 0 1 0
TARGET 7588 1 1 0 2 0
TARGET 7589 1 1 0 1 0
TARGET 7590 1 1 0 2 0
TARGET 7591 1 0 0 0 0
TARGET 7592 1 2 0 3 0
TARGET 7593 1 1 0 2 0
TARGET 7594 1 1 0 3 0
TARGET 7595 1 1 0 1 0
TARGET 7596 1 1 0 2 0
TARGET 7597 1 0 0 2 0
TARGET 7598 1 0 0 0 0
TARGET 7599 1 1 0 3 0
TARGET 7600 1 0 0 2 0
TARGET 7601 1 1 0 2 0
TARGET 7602 1 1 0 2 0
TARGET 7603 1 1 0 3 0
TARGET 7604 1 1 0 2 0
TARGET 7605 1 1 0 2 0
TARGET 7606 1 1 0 3 0
TARGET 7607 1 1 0 2 0
TARGET 7608 1 1 0 3 0
TARGET 7609 1 1 0 1 0
TARGET 7610 1 1 0 2 0
TARGET 7611 1 1 0 3 0
TARGET 7612 1 1 0 2 0
TARGET 7613 1 1 0 2 0
TARGET 7614 1 1 0 3 0
TARGET 7615 1 1 0 2 0
TARGET 7616 1 1 0 3 0
TARGET 7617 1 1 0 1 0
TARGET 7618 1 1 0 4 0
TARGET 7619 1 1 0 3 0
TARGET 7620 1 1 0 3 0
TARGET 7621 1 1 0 4 0
TARGET 7622 1 1 0 3 0
TARGET 7623 1 1 0 4 0
TARGET 7624 1 1 0 2 0
TARGET 7625 1 1 0 2 0
TARGET 7626 1 1 0 3 0
TARGET 7627 1 1 0 2 0
TARGET 7628 1 1 0 3 0
TARGET 7629 1 1 0 3 0
TARGET 7630 1 1 0 1 0
TARGET 7631 1 1 0 2 0
TARGET 7632 1 1 0 3 0
TARGET 7633 1 1 0 2 0
TARGET 7634 1 2 0 3 0
TARGET 7635 1 1 0 1 0
TARGET 7636 1 1 0 4 0
TARGET 7637 1 1 0 3 0
TARGET 7638 1 1 0 4 0
TARGET 7639 1 1 0 2 0
TARGET 7640 1 1 0 3 0
TARGET 7641 1 1 0 3 0
TARGET 7642 1 1 0 1 0
TARGET 7643 1 3 0 4 0
TARGET 7644 1 1 0 3 0
TARGET 7645 1 1 0 1 0
TARGET 7646 1 1 0 1 0
TARGET 7647 1 1 0 1 0
TARGET 7648 1 1 0 1 0
TARGET 7649 1 1 0 2 0
TARGET 7650 1 1 0 1 0
TARGET 7651 1 1 0 1 0
TARGET 7652 1 1 0 2 0
TARGET 7653 1 1 0 1 0
TARGET 7654 1 1 0 2 0
TARGET 7655 1 1 0 1 0
TARGET 7656 1 1 0 2 0
TARGET 7657 1 1 0 1 0
TARGET 7658 1 1 0 1 0
TARGET 7659 1 1 0 2 0
TARGET 7660 1 1 0 1 0
TARGET 7661 1 1 0 2 0
TARGET 7662 1 1 0 1 0
TARGET 7663 1 1 0 2 0
TARGET 7664 1 1 0 1 0
TARGET 7665 1 1 0 1 0
TARGET 7666 1 1 0 2 0
TARGET 7667 1 1 0 1 0
TARGET 7668 1 1 0 2 0
TARGET 7669 1 0 0 0 0
TARGET 7670 1 0 0 0 0
TARGET 7671 1 0 0 0 0
TARGET 7672 1 1 0 1 0
TARGET 7673 1 1 0 2 0
TARGET 7674 1 1 0 1 0
TARGET 7675 1 1 0 1 0
TARGET 7676 1 1 0 2 0
TARGET 7677 1 1 0 1 0
TARGET 7678 1 1 0 2 0
TARGET 7679 1 0 0 0 0
TARGET 7680 1 1 0 3 0
TARGET 7681 1 1 0 2 0
TARGET 7682 1 1 0 2 0
TARGET 7683 1 1 0 3 0
TARGET 7684 1 1 0 2 0
TARGET 7685 1 1 0 3 0
TARGET 7686 1 1 0 1 0
TARGET 7687 1 1 0 1 0
TARGET 7688 1 1 0 2 0
TARGET 7689 1 1 0 1 0
TARGET 7690 1 1 0 2 0
TARGET 7691 1 0 0 2 0
TARGET 7692 1 0 0 0 0
TARGET 7693 1 1 0 1 0
TARGET 7694 1 1 0 2 0
TARGET 7695 1 1 0 1 0
TARGET 7696 1 1 0 2 0
TARGET 7697 1 0 0 0 0
TARGET 7698 1 1 0 3 0
TARGET 7699 1 1 0 2 0
TARGET 7700 1 1 0 3 0
TARGET 7701 1 1 0 1 0
TARGET 7702 1 1 0 2 0
TARGET 7703 1 0 0 2 0
TARGET 7704 1 0 0 0 0
TARGET 7705 1 2 0 3 0
TARGET 7706 1 0 0 2 0
TARGET 7707 1 1 0 1 0
TARGET 7708 1 1 0 2 0
TARGET 7709 1 1 0 1 0
TARGET 7710 1 1 0 1 0
TARGET 7711 1 1 0 2 0
TARGET 7712 1 1 0 1 0
TARGET 7713 1 1 0 2 0
TARGET 7714 1 0 0 0 0
TARGET 7715 1 1 0 3 0
TARGET 7716 1 1 0 2 0
TARGET 7717 1 1 0 2 0
TARGET 7718 1 1 0 3 0
TARGET 7719 1 1 0 2 0
TARGET 7720 1 1 0 3 0
TARGET 7721 1 1 0 1 0
TARGET 7722 1 1 0 1 0
TARGET 7723 1 1 0 2 0
TARGET 7724 1 1 0 1 0
TARGET 7725 1 1 0 2 0
TARGET 7726 1 0 0 2 0
TARGET 7727 1 0 0 0 0
TARGET 7728 1 1 0 1 0
TARGET 7729 1 1 0 2 0
TARGET 7730 1 1 0 1 0
TARGET 7731 1 1 0 2 0
TARGET 7732 1 0 0 0 0
TARGET 7733 1 2 0 3 0
TARGET 7734 1 1 0 2 0
TARGET 7735 1 1 0 3 0
TARGET 7736 1 1 0 1 0
TARGET 7737 1 1 0 2 0
TARGET 7738 1 0 0 2 0
TARGET 7739 1 0 0 0 0
TARGET 7740 1 1 0 3 0
TARGET 7741 1 0 0 2 0
TARGET 7742 1 1 0 1 0
TARGET 7743 1 1 0 2 0
TARGET 7744 1 1 0 1 0
TARGET 7745 1 1 0 1 0
TARGET 7746 1 1 0 2 0
TARGET 7747 1 1 0 1 0
TARGET 7748 1 1 0 2 0
TARGET 7749 1 0 0 0 0
TARGET 7750 1 2 0 3 0
TARGET 7751 1 1 0 2 0
TARGET 7752 1 1 0 2 0
TARGET 7753 1 1 0 3 0
TARGET 7754 1 1 0 2 0
TARGET 7755 1 1 0 3 0
TARGET 7756 1 1 0 1 0
TARGET 7757 1 1 0 1 0
TARGET 7758 1 1 0 2 0
TARGET 7759 1 1 0 1 0
TARGET 7760 1 1 0 2 0
TARGET 7761 1 0 0 2 0
TARGET 7762 1 0 0 0 0
TARGET 7763 1 1 0 1 0
TARGET 7764 1 1 0 2 0
TARGET 7765 1 1 0 1 0
TARGET 7766 1 1 0 2 0
TARGET 7767 1 0 0 0 0
TARGET 7768 1 1 0 3 0
TARGET 7769 1 1 0 2 0
TARGET 7770 1 1 0 3 0
TARGET 7771 1 1 0 1 0
TARGET 7772 1 1 0 2 0
TARGET 7773 1 0 0 2 0
TARGET 7774 1 0 0 0 0
TARGET 7775 1 1 0 3 0
TARGET 7776 1 0 0 2 0
PASS_1962_MONOMIAL_INTERVAL 7001 7776 776 0
