TARGET 40001 1 1 0 2 0
TARGET 40002 1 1 0 1 0
TARGET 40003 1 1 0 2 0
TARGET 40004 1 1 0 3 0
TARGET 40005 1 1 0 2 0
TARGET 40006 1 1 0 2 0
TARGET 40007 1 1 0 2 0
TARGET 40008 1 1 0 2 0
TARGET 40009 1 1 0 2 0
TARGET 40010 1 1 0 3 0
TARGET 40011 1 1 0 2 0
TARGET 40012 1 1 0 2 0
TARGET 40013 1 1 0 3 0
TARGET 40014 1 1 0 2 0
TARGET 40015 1 1 0 1 0
TARGET 40016 1 1 0 4 0
TARGET 40017 1 1 0 3 0
TARGET 40018 1 1 0 3 0
TARGET 40019 1 1 0 3 0
TARGET 40020 1 1 0 3 0
TARGET 40021 1 1 0 3 0
TARGET 40022 1 1 0 4 0
TARGET 40023 1 1 0 3 0
TARGET 40024 1 1 0 3 0
TARGET 40025 1 1 0 4 0
TARGET 40026 1 1 0 3 0
TARGET 40027 1 1 0 2 0
TARGET 40028 1 1 0 2 0
TARGET 40029 1 1 0 2 0
TARGET 40030 1 1 0 2 0
TARGET 40031 1 1 0 2 0
TARGET 40032 1 1 0 3 0
TARGET 40033 1 1 0 2 0
TARGET 40034 1 1 0 2 0
TARGET 40035 1 1 0 3 0
TARGET 40036 1 1 0 2 0
TARGET 40037 1 1 0 3 0
TARGET 40038 1 1 0 1 0
TARGET 40039 1 1 0 2 0
TARGET 40040 1 1 0 2 0
TARGET 40041 1 1 0 2 0
TARGET 40042 1 1 0 2 0
TARGET 40043 1 2 0 3 0
TARGET 40044 1 1 0 2 0
TARGET 40045 1 1 0 2 0
TARGET 40046 1 1 0 3 0
TARGET 40047 1 1 0 2 0
TARGET 40048 1 1 0 1 0
TARGET 40049 1 1 0 2 0
TARGET 40050 1 1 0 2 0
TARGET 40051 1 1 0 2 0
TARGET 40052 1 2 0 3 0
TARGET 40053 1 1 0 2 0
TARGET 40054 1 1 0 2 0
TARGET 40055 1 1 0 3 0
TARGET 40056 1 1 0 2 0
TARGET 40057 1 1 0 1 0
TARGET 40058 1 1 0 2 0
TARGET 40059 1 1 0 2 0
TARGET 40060 1 2 0 3 0
TARGET 40061 1 1 0 2 0
TARGET 40062 1 1 0 2 0
TARGET 40063 1 1 0 3 0
TARGET 40064 1 1 0 2 0
TARGET 40065 1 1 0 1 0
TARGET 40066 1 1 0 2 0
TARGET 40067 1 1 0 3 0
TARGET 40068 1 1 0 2 0
TARGET 40069 1 1 0 2 0
TARGET 40070 1 1 0 3 0
TARGET 40071 1 1 0 2 0
TARGET 40072 1 1 0 1 0
TARGET 40073 1 3 0 4 0
TARGET 40074 1 2 0 3 0
TARGET 40075 1 2 0 3 0
TARGET 40076 1 1 0 4 0
TARGET 40077 1 1 0 3 0
TARGET 40078 1 1 0 2 0
TARGET 40079 1 1 0 2 0
TARGET 40080 1 1 0 3 0
TARGET 40081 1 1 0 2 0
TARGET 40082 1 1 0 3 0
TARGET 40083 1 1 0 1 0
TARGET 40084 1 1 0 2 0
TARGET 40085 1 1 0 3 0
TARGET 40086 1 1 0 2 0
TARGET 40087 1 1 0 1 0
TARGET 40088 1 1 0 4 0
TARGET 40089 1 1 0 3 0
TARGET 40090 1 1 0 2 0
TARGET 40091 1 1 0 3 0
TARGET 40092 1 1 0 1 0
TARGET 40093 1 0 0 1 0
TARGET 40094 1 0 0 1 0
TARGET 40095 1 1 0 2 0
TARGET 40096 1 0 0 1 0
TARGET 40097 1 0 0 1 0
TARGET 40098 1 0 0 1 0
TARGET 40099 1 0 0 1 0
TARGET 40100 1 0 0 1 0
TARGET 40101 1 1 0 2 0
TARGET 40102 1 0 0 1 0
TARGET 40103 1 0 0 1 0
TARGET 40104 1 1 0 2 0
TARGET 40105 1 0 0 1 0
TARGET 40106 1 0 0 0 0
TARGET 40107 1 1 0 1 0
TARGET 40108 1 1 0 2 0
TARGET 40109 1 1 0 1 0
TARGET 40110 1 0 0 1 0
TARGET 40111 1 1 0 1 0
TARGET 40112 1 0 0 1 0
TARGET 40113 1 1 0 1 0
TARGET 40114 1 1 0 2 0
TARGET 40115 1 1 0 1 0
TARGET 40116 1 0 0 1 0
TARGET 40117 1 1 0 2 0
TARGET 40118 1 1 0 1 0
TARGET 40119 1 0 0 0 0
TARGET 40120 1 1 0 3 0
TARGET 40121 1 1 0 2 0
TARGET 40122 1 1 0 2 0
TARGET 40123 1 1 0 2 0
TARGET 40124 1 1 0 2 0
TARGET 40125 1 1 0 2 0
TARGET 40126 1 1 0 3 0
TARGET 40127 1 1 0 2 0
TARGET 40128 1 1 0 2 0
TARGET 40129 1 1 0 3 0
TARGET 40130 1 1 0 2 0
TARGET 40131 1 1 0 1 0
TARGET 40132 1 0 0 1 0
TARGET 40133 1 1 0 1 0
TARGET 40134 1 0 0 1 0
TARGET 40135 1 1 0 1 0
TARGET 40136 1 1 0 2 0
TARGET 40137 1 1 0 1 0
TARGET 40138 1 0 0 1 0
TARGET 40139 1 1 0 2 0
TARGET 40140 1 1 0 1 0
TARGET 40141 1 0 0 2 0
TARGET 40142 1 0 0 0 0
TARGET 40143 1 0 0 1 0
TARGET 40144 1 0 0 1 0
TARGET 40145 1 0 0 1 0
TARGET 40146 1 0 0 1 0
TARGET 40147 1 1 0 2 0
TARGET 40148 1 0 0 1 0
TARGET 40149 1 0 0 1 0
TARGET 40150 1 1 0 2 0
TARGET 40151 1 0 0 1 0
TARGET 40152 1 0 0 0 0
TARGET 40153 1 1 0 1 0
TARGET 40154 1 0 0 1 0
TARGET 40155 1 1 0 1 0
TARGET 40156 1 1 0 2 0
TARGET 40157 1 1 0 1 0
TARGET 40158 1 0 0 1 0
TARGET 40159 1 1 0 2 0
TARGET 40160 1 1 0 1 0
TARGET 40161 1 0 0 0 0
TARGET 40162 1 0 0 1 0
TARGET 40163 1 0 0 1 0
TARGET 40164 1 1 0 2 0
TARGET 40165 1 0 0 1 0
TARGET 40166 1 0 0 1 0
TARGET 40167 1 1 0 2 0
TARGET 40168 1 0 0 1 0
TARGET 40169 1 0 0 0 0
TARGET 40170 1 1 0 1 0
TARGET 40171 1 1 0 2 0
TARGET 40172 1 1 0 1 0
TARGET 40173 1 0 0 1 0
TARGET 40174 1 1 0 2 0
TARGET 40175 1 1 0 1 0
TARGET 40176 1 0 0 0 0
TARGET 40177 1 2 0 3 0
TARGET 40178 1 1 0 2 0
TARGET 40179 1 1 0 2 0
TARGET 40180 1 1 0 3 0
TARGET 40181 1 1 0 2 0
TARGET 40182 1 1 0 1 0
TARGET 40183 1 0 0 1 0
TARGET 40184 1 1 0 2 0
TARGET 40185 1 1 0 1 0
TARGET 40186 1 0 0 2 0
TARGET 40187 1 0 0 0 0
TARGET 40188 1 0 0 1 0
TARGET 40189 1 1 0 2 0
TARGET 40190 1 0 0 1 0
TARGET 40191 1 0 0 0 0
TARGET 40192 1 1 0 3 0
TARGET 40193 1 1 0 2 0
TARGET 40194 1 1 0 1 0
TARGET 40195 1 0 0 2 0
TARGET 40196 1 0 0 0 0
TARGET 40197 1 0 0 1 0
TARGET 40198 1 0 0 1 0
TARGET 40199 1 1 0 2 0
TARGET 40200 1 0 0 1 0
TARGET 40201 1 0 0 1 0
TARGET 40202 1 0 0 1 0
TARGET 40203 1 0 0 1 0
TARGET 40204 1 0 0 1 0
TARGET 40205 1 1 0 2 0
TARGET 40206 1 0 0 1 0
TARGET 40207 1 0 0 1 0
TARGET 40208 1 1 0 2 0
TARGET 40209 1 0 0 1 0
TARGET 40210 1 0 0 0 0
TARGET 40211 1 0 0 1 0
TARGET 40212 1 1 0 2 0
TARGET 40213 1 0 0 1 0
TARGET 40214 1 0 0 1 0
TARGET 40215 1 0 0 1 0
TARGET 40216 1 0 0 1 0
TARGET 40217 1 0 0 1 0
TARGET 40218 1 1 0 2 0
TARGET 40219 1 0 0 1 0
TARGET 40220 1 0 0 1 0
TARGET 40221 1 1 0 2 0
TARGET 40222 1 0 0 1 0
TARGET 40223 1 0 0 0 0
TARGET 40224 1 2 0 3 0
TARGET 40225 1 1 0 2 0
TARGET 40226 1 1 0 2 0
TARGET 40227 1 1 0 2 0
TARGET 40228 1 1 0 2 0
TARGET 40229 1 1 0 2 0
TARGET 40230 1 1 0 3 0
TARGET 40231 1 1 0 2 0
TARGET 40232 1 1 0 2 0
TARGET 40233 1 1 0 3 0
TARGET 40234 1 1 0 2 0
TARGET 40235 1 0 0 1 0
TARGET 40236 1 0 0 1 0
TARGET 40237 1 0 0 1 0
TARGET 40238 1 0 0 1 0
TARGET 40239 1 0 0 1 0
TARGET 40240 1 1 0 2 0
TARGET 40241 1 0 0 1 0
TARGET 40242 1 0 0 1 0
TARGET 40243 1 1 0 2 0
TARGET 40244 1 0 0 1 0
TARGET 40245 1 0 0 2 0
TARGET 40246 1 0 0 0 0
TARGET 40247 1 0 0 1 0
TARGET 40248 1 0 0 1 0
TARGET 40249 1 0 0 1 0
TARGET 40250 1 0 0 1 0
TARGET 40251 1 1 0 2 0
TARGET 40252 1 0 0 1 0
TARGET 40253 1 0 0 1 0
TARGET 40254 1 1 0 2 0
TARGET 40255 1 0 0 1 0
TARGET 40256 1 0 0 0 0
TARGET 40257 1 0 0 1 0
TARGET 40258 1 0 0 1 0
TARGET 40259 1 0 0 1 0
TARGET 40260 1 1 0 2 0
TARGET 40261 1 0 0 1 0
TARGET 40262 1 0 0 1 0
TARGET 40263 1 1 0 2 0
TARGET 40264 1 0 0 1 0
TARGET 40265 1 0 0 0 0
TARGET 40266 1 0 0 1 0
TARGET 40267 1 0 0 1 0
TARGET 40268 1 1 0 2 0
TARGET 40269 1 0 0 1 0
TARGET 40270 1 0 0 1 0
TARGET 40271 1 1 0 2 0
TARGET 40272 1 0 0 1 0
TARGET 40273 1 0 0 0 0
TARGET 40274 1 0 0 1 0
TARGET 40275 1 1 0 2 0
TARGET 40276 1 0 0 1 0
TARGET 40277 1 0 0 1 0
TARGET 40278 1 1 0 2 0
TARGET 40279 1 0 0 1 0
TARGET 40280 1 0 0 0 0
TARGET 40281 1 2 0 3 0
TARGET 40282 1 1 0 2 0
TARGET 40283 1 1 0 2 0
TARGET 40284 1 1 0 3 0
TARGET 40285 1 1 0 2 0
TARGET 40286 1 0 0 1 0
TARGET 40287 1 0 0 1 0
TARGET 40288 1 1 0 2 0
TARGET 40289 1 0 0 1 0
TARGET 40290 1 0 0 2 0
TARGET 40291 1 0 0 0 0
TARGET 40292 1 0 0 1 0
TARGET 40293 1 1 0 2 0
TARGET 40294 1 0 0 1 0
TARGET 40295 1 0 0 0 0
TARGET 40296 1 2 0 3 0
TARGET 40297 1 1 0 2 0
TARGET 40298 1 0 0 1 0
TARGET 40299 1 0 0 2 0
TARGET 40300 1 0 0 0 0
TARGET 40301 1 1 0 2 0
TARGET 40302 1 0 0 1 0
TARGET 40303 1 0 0 1 0
TARGET 40304 1 0 0 1 0
TARGET 40305 1 0 0 1 0
TARGET 40306 1 1 0 2 0
TARGET 40307 1 0 0 1 0
TARGET 40308 1 0 0 1 0
TARGET 40309 1 0 0 1 0
TARGET 40310 1 0 0 1 0
TARGET 40311 1 1 0 2 0
TARGET 40312 1 1 0 3 0
TARGET 40313 1 1 0 2 0
TARGET 40314 1 1 0 2 0
TARGET 40315 1 1 0 2 0
TARGET 40316 1 1 0 2 0
TARGET 40317 1 1 0 2 0
TARGET 40318 1 1 0 3 0
TARGET 40319 1 1 0 2 0
TARGET 40320 1 1 0 2 0
TARGET 40321 1 2 0 3 0
TARGET 40322 1 1 0 2 0
TARGET 40323 1 0 0 1 0
TARGET 40324 1 1 0 2 0
TARGET 40325 1 0 0 1 0
TARGET 40326 1 0 0 1 0
TARGET 40327 1 0 0 1 0
TARGET 40328 1 0 0 1 0
TARGET 40329 1 0 0 1 0
TARGET 40330 1 1 0 2 0
TARGET 40331 1 0 0 1 0
TARGET 40332 1 0 0 1 0
TARGET 40333 1 1 0 2 0
TARGET 40334 1 0 0 1 0
TARGET 40335 1 0 0 1 0
TARGET 40336 1 0 0 1 0
TARGET 40337 1 0 0 1 0
TARGET 40338 1 1 0 2 0
TARGET 40339 1 0 0 1 0
TARGET 40340 1 0 0 1 0
TARGET 40341 1 0 0 1 0
TARGET 40342 1 0 0 1 0
TARGET 40343 1 1 0 2 0
TARGET 40344 1 1 0 2 0
TARGET 40345 1 1 0 2 0
TARGET 40346 1 2 0 3 0
TARGET 40347 1 1 0 2 0
TARGET 40348 1 1 0 2 0
TARGET 40349 1 1 0 2 0
TARGET 40350 1 1 0 2 0
TARGET 40351 1 0 0 1 0
TARGET 40352 1 0 0 1 0
TARGET 40353 1 0 0 1 0
TARGET 40354 1 1 0 2 0
TARGET 40355 1 0 0 1 0
TARGET 40356 1 0 0 1 0
TARGET 40357 1 0 0 1 0
TARGET 40358 1 0 0 1 0
TARGET 40359 1 0 0 1 0
TARGET 40360 1 0 0 1 0
TARGET 40361 1 0 0 1 0
TARGET 40362 1 1 0 2 0
TARGET 40363 1 0 0 1 0
TARGET 40364 1 0 0 1 0
TARGET 40365 1 0 0 1 0
TARGET 40366 1 0 0 1 0
TARGET 40367 1 0 0 1 0
TARGET 40368 1 0 0 1 0
TARGET 40369 1 0 0 1 0
TARGET 40370 1 1 0 2 0
TARGET 40371 1 0 0 1 0
TARGET 40372 1 0 0 1 0
TARGET 40373 1 1 0 2 0
TARGET 40374 1 0 0 1 0
TARGET 40375 1 0 0 1 0
TARGET 40376 1 0 0 1 0
TARGET 40377 1 1 0 2 0
TARGET 40378 1 0 0 1 0
TARGET 40379 1 0 0 1 0
TARGET 40380 1 0 0 1 0
TARGET 40381 1 0 0 1 0
TARGET 40382 1 0 0 1 0
TARGET 40383 1 0 0 1 0
TARGET 40384 1 1 0 2 0
TARGET 40385 1 0 0 1 0
TARGET 40386 1 0 0 1 0
TARGET 40387 1 1 0 2 0
TARGET 40388 1 0 0 1 0
TARGET 40389 1 0 0 1 0
TARGET 40390 1 1 0 2 0
TARGET 40391 1 0 0 1 0
TARGET 40392 1 0 0 1 0
TARGET 40393 1 0 0 1 0
TARGET 40394 1 0 0 1 0
TARGET 40395 1 0 0 1 0
TARGET 40396 1 1 0 2 0
TARGET 40397 1 0 0 1 0
TARGET 40398 1 0 0 1 0
TARGET 40399 1 1 0 2 0
TARGET 40400 1 0 0 1 0
TARGET 40401 1 1 0 2 0
TARGET 40402 1 1 0 3 0
TARGET 40403 1 1 0 2 0
TARGET 40404 1 1 0 2 0
TARGET 40405 1 1 0 3 0
TARGET 40406 1 1 0 2 0
TARGET 40407 1 0 0 1 0
TARGET 40408 1 1 0 2 0
TARGET 40409 1 0 0 1 0
TARGET 40410 1 0 0 1 0
TARGET 40411 1 1 0 2 0
TARGET 40412 1 0 0 1 0
TARGET 40413 1 0 0 1 0
TARGET 40414 1 1 0 2 0
TARGET 40415 1 0 0 1 0
TARGET 40416 1 0 0 1 0
TARGET 40417 1 1 0 2 0
TARGET 40418 1 0 0 1 0
TARGET 40419 1 0 0 1 0
TARGET 40420 1 0 0 1 0
TARGET 40421 1 1 0 2 0
TARGET 40422 1 0 0 1 0
TARGET 40423 1 0 0 1 0
TARGET 40424 1 1 0 2 0
TARGET 40425 1 0 0 1 0
TARGET 40426 1 1 0 2 0
TARGET 40427 1 0 0 1 0
TARGET 40428 1 0 0 1 0
TARGET 40429 1 1 0 2 0
TARGET 40430 1 0 0 1 0
TARGET 40431 1 1 0 1 0
TARGET 40432 1 0 0 0 0
TARGET 40433 1 0 0 0 0
TARGET 40434 1 0 0 0 0
TARGET 40435 1 0 0 0 0
TARGET 40436 1 1 0 1 0
TARGET 40437 1 0 0 0 0
TARGET 40438 1 0 0 0 0
TARGET 40439 1 0 0 0 0
TARGET 40440 1 0 0 0 0
TARGET 40441 1 1 0 2 0
TARGET 40442 1 1 0 3 0
TARGET 40443 1 1 0 2 0
TARGET 40444 1 1 0 2 0
TARGET 40445 1 1 0 2 0
TARGET 40446 1 1 0 2 0
TARGET 40447 1 1 0 2 0
TARGET 40448 1 1 0 3 0
TARGET 40449 1 1 0 2 0
TARGET 40450 1 1 0 2 0
TARGET 40451 1 2 0 3 0
TARGET 40452 1 1 0 2 0
TARGET 40453 1 1 0 1 0
TARGET 40454 1 1 0 4 0
TARGET 40455 1 1 0 3 0
TARGET 40456 1 1 0 3 0
TARGET 40457 1 1 0 3 0
TARGET 40458 1 1 0 3 0
TARGET 40459 1 1 0 3 0
TARGET 40460 1 1 0 4 0
TARGET 40461 1 1 0 3 0
TARGET 40462 1 1 0 3 0
TARGET 40463 1 1 0 4 0
TARGET 40464 1 1 0 3 0
TARGET 40465 1 1 0 2 0
TARGET 40466 1 1 0 2 0
TARGET 40467 1 1 0 2 0
TARGET 40468 1 1 0 2 0
TARGET 40469 1 1 0 2 0
TARGET 40470 1 1 0 3 0
TARGET 40471 1 1 0 2 0
TARGET 40472 1 1 0 2 0
TARGET 40473 1 1 0 3 0
TARGET 40474 1 1 0 2 0
TARGET 40475 1 1 0 3 0
TARGET 40476 1 1 0 1 0
TARGET 40477 1 1 0 2 0
TARGET 40478 1 1 0 2 0
TARGET 40479 1 1 0 2 0
TARGET 40480 1 1 0 2 0
TARGET 40481 1 1 0 3 0
TARGET 40482 1 1 0 2 0
TARGET 40483 1 1 0 2 0
TARGET 40484 1 2 0 3 0
TARGET 40485 1 1 0 2 0
TARGET 40486 1 1 0 1 0
TARGET 40487 1 1 0 2 0
TARGET 40488 1 1 0 2 0
TARGET 40489 1 1 0 2 0
TARGET 40490 1 1 0 3 0
TARGET 40491 1 1 0 2 0
TARGET 40492 1 1 0 2 0
TARGET 40493 1 1 0 3 0
TARGET 40494 1 1 0 2 0
TARGET 40495 1 1 0 1 0
TARGET 40496 1 1 0 2 0
TARGET 40497 1 1 0 2 0
TARGET 40498 1 1 0 3 0
TARGET 40499 1 1 0 2 0
TARGET 40500 1 1 0 2 0
TARGET 40501 1 2 0 3 0
TARGET 40502 1 1 0 2 0
TARGET 40503 1 1 0 1 0
TARGET 40504 1 1 0 2 0
TARGET 40505 1 1 0 3 0
TARGET 40506 1 1 0 2 0
TARGET 40507 1 1 0 2 0
TARGET 40508 1 1 0 3 0
TARGET 40509 1 1 0 2 0
TARGET 40510 1 1 0 1 0
TARGET 40511 1 1 0 4 0
TARGET 40512 1 1 0 3 0
TARGET 40513 1 1 0 3 0
TARGET 40514 1 1 0 4 0
TARGET 40515 1 1 0 3 0
TARGET 40516 1 1 0 2 0
TARGET 40517 1 1 0 2 0
TARGET 40518 1 1 0 3 0
TARGET 40519 1 1 0 2 0
TARGET 40520 1 1 0 3 0
TARGET 40521 1 1 0 1 0
TARGET 40522 1 1 0 2 0
TARGET 40523 1 2 0 3 0
TARGET 40524 1 1 0 2 0
TARGET 40525 1 1 0 1 0
TARGET 40526 1 3 0 4 0
TARGET 40527 1 2 0 3 0
TARGET 40528 1 1 0 2 0
TARGET 40529 1 1 0 3 0
TARGET 40530 1 1 0 1 0
TARGET 40531 1 1 0 1 0
TARGET 40532 1 1 0 2 0
TARGET 40533 1 1 0 1 0
TARGET 40534 1 0 0 1 0
TARGET 40535 1 1 0 1 0
TARGET 40536 1 0 0 1 0
TARGET 40537 1 1 0 1 0
TARGET 40538 1 1 0 2 0
TARGET 40539 1 1 0 1 0
TARGET 40540 1 0 0 1 0
TARGET 40541 1 1 0 2 0
TARGET 40542 1 1 0 1 0
TARGET 40543 1 0 0 0 0
TARGET 40544 1 1 0 3 0
TARGET 40545 1 1 0 2 0
TARGET 40546 1 1 0 2 0
TARGET 40547 1 1 0 2 0
TARGET 40548 1 1 0 2 0
TARGET 40549 1 1 0 2 0
TARGET 40550 1 1 0 3 0
TARGET 40551 1 1 0 2 0
TARGET 40552 1 1 0 2 0
TARGET 40553 1 1 0 3 0
TARGET 40554 1 1 0 2 0
TARGET 40555 1 1 0 1 0
TARGET 40556 1 0 0 1 0
TARGET 40557 1 1 0 1 0
TARGET 40558 1 0 0 1 0
TARGET 40559 1 1 0 1 0
TARGET 40560 1 1 0 2 0
TARGET 40561 1 1 0 1 0
TARGET 40562 1 0 0 1 0
TARGET 40563 1 1 0 2 0
TARGET 40564 1 1 0 1 0
TARGET 40565 1 0 0 2 0
TARGET 40566 1 0 0 0 0
TARGET 40567 1 0 0 1 0
TARGET 40568 1 0 0 1 0
TARGET 40569 1 0 0 1 0
TARGET 40570 1 0 0 1 0
TARGET 40571 1 1 0 2 0
TARGET 40572 1 0 0 1 0
TARGET 40573 1 0 0 1 0
TARGET 40574 1 1 0 2 0
TARGET 40575 1 0 0 1 0
TARGET 40576 1 0 0 0 0
TARGET 40577 1 1 0 1 0
TARGET 40578 1 0 0 1 0
TARGET 40579 1 1 0 1 0
TARGET 40580 1 1 0 2 0
TARGET 40581 1 1 0 1 0
TARGET 40582 1 0 0 1 0
TARGET 40583 1 1 0 2 0
TARGET 40584 1 1 0 1 0
TARGET 40585 1 0 0 0 0
TARGET 40586 1 0 0 1 0
TARGET 40587 1 0 0 1 0
TARGET 40588 1 1 0 2 0
TARGET 40589 1 0 0 1 0
TARGET 40590 1 0 0 1 0
TARGET 40591 1 1 0 2 0
TARGET 40592 1 0 0 1 0
TARGET 40593 1 0 0 0 0
TARGET 40594 1 1 0 1 0
TARGET 40595 1 1 0 2 0
TARGET 40596 1 1 0 1 0
TARGET 40597 1 0 0 1 0
TARGET 40598 1 1 0 2 0
TARGET 40599 1 1 0 1 0
TARGET 40600 1 0 0 0 0
TARGET 40601 1 1 0 3 0
TARGET 40602 1 1 0 2 0
TARGET 40603 1 1 0 2 0
TARGET 40604 1 1 0 3 0
TARGET 40605 1 1 0 2 0
TARGET 40606 1 1 0 1 0
TARGET 40607 1 0 0 1 0
TARGET 40608 1 1 0 2 0
TARGET 40609 1 1 0 1 0
TARGET 40610 1 0 0 2 0
TARGET 40611 1 0 0 0 0
TARGET 40612 1 0 0 1 0
TARGET 40613 1 1 0 2 0
TARGET 40614 1 0 0 1 0
TARGET 40615 1 0 0 0 0
TARGET 40616 1 2 0 3 0
TARGET 40617 1 1 0 2 0
TARGET 40618 1 1 0 1 0
TARGET 40619 1 0 0 2 0
TARGET 40620 1 0 0 0 0
TARGET 40621 1 1 0 1 0
TARGET 40622 1 1 0 1 0
TARGET 40623 1 0 0 1 0
TARGET 40624 1 1 0 2 0
TARGET 40625 1 1 0 1 0
TARGET 40626 1 0 0 1 0
TARGET 40627 1 1 0 1 0
TARGET 40628 1 0 0 1 0
TARGET 40629 1 1 0 2 0
TARGET 40630 1 1 0 2 0
TARGET 40631 1 1 0 2 0
TARGET 40632 1 1 0 3 0
TARGET 40633 1 1 0 2 0
TARGET 40634 1 1 0 2 0
TARGET 40635 1 1 0 2 0
TARGET 40636 1 1 0 2 0
TARGET 40637 1 1 0 1 0
TARGET 40638 1 1 0 1 0
TARGET 40639 1 0 0 1 0
TARGET 40640 1 1 0 2 0
TARGET 40641 1 1 0 1 0
TARGET 40642 1 0 0 1 0
TARGET 40643 1 1 0 1 0
TARGET 40644 1 0 0 1 0
TARGET 40645 1 0 0 1 0
TARGET 40646 1 0 0 1 0
TARGET 40647 1 0 0 1 0
TARGET 40648 1 1 0 2 0
TARGET 40649 1 0 0 1 0
TARGET 40650 1 0 0 1 0
TARGET 40651 1 0 0 1 0
TARGET 40652 1 0 0 1 0
TARGET 40653 1 1 0 1 0
TARGET 40654 1 0 0 1 0
TARGET 40655 1 1 0 1 0
TARGET 40656 1 1 0 2 0
TARGET 40657 1 1 0 1 0
TARGET 40658 1 0 0 1 0
TARGET 40659 1 1 0 2 0
TARGET 40660 1 1 0 1 0
TARGET 40661 1 1 0 1 0
TARGET 40662 1 0 0 1 0
TARGET 40663 1 1 0 2 0
TARGET 40664 1 1 0 1 0
TARGET 40665 1 0 0 1 0
TARGET 40666 1 1 0 1 0
TARGET 40667 1 0 0 1 0
TARGET 40668 1 0 0 1 0
TARGET 40669 1 1 0 1 0
TARGET 40670 1 1 0 2 0
TARGET 40671 1 1 0 1 0
TARGET 40672 1 0 0 1 0
TARGET 40673 1 1 0 2 0
TARGET 40674 1 1 0 1 0
TARGET 40675 1 0 0 1 0
TARGET 40676 1 1 0 2 0
TARGET 40677 1 0 0 1 0
TARGET 40678 1 0 0 1 0
TARGET 40679 1 0 0 1 0
TARGET 40680 1 0 0 1 0
TARGET 40681 1 0 0 1 0
TARGET 40682 1 1 0 2 0
TARGET 40683 1 0 0 1 0
TARGET 40684 1 0 0 1 0
TARGET 40685 1 1 0 2 0
TARGET 40686 1 0 0 1 0
TARGET 40687 1 1 0 2 0
TARGET 40688 1 1 0 3 0
TARGET 40689 1 1 0 2 0
TARGET 40690 1 1 0 2 0
TARGET 40691 1 1 0 3 0
TARGET 40692 1 1 0 2 0
TARGET 40693 1 1 0 1 0
TARGET 40694 1 1 0 2 0
TARGET 40695 1 1 0 1 0
TARGET 40696 1 0 0 1 0
TARGET 40697 1 1 0 2 0
TARGET 40698 1 1 0 1 0
TARGET 40699 1 0 0 1 0
TARGET 40700 1 1 0 2 0
TARGET 40701 1 0 0 1 0
TARGET 40702 1 0 0 1 0
TARGET 40703 1 1 0 2 0
TARGET 40704 1 0 0 1 0
TARGET 40705 1 1 0 1 0
TARGET 40706 1 0 0 1 0
TARGET 40707 1 1 0 2 0
TARGET 40708 1 1 0 1 0
TARGET 40709 1 0 0 1 0
TARGET 40710 1 1 0 2 0
TARGET 40711 1 1 0 1 0
TARGET 40712 1 1 0 2 0
TARGET 40713 1 0 0 1 0
TARGET 40714 1 0 0 1 0
TARGET 40715 1 1 0 2 0
TARGET 40716 1 0 0 1 0
TARGET 40717 1 0 0 0 0
TARGET 40718 1 0 0 0 0
TARGET 40719 1 0 0 0 0
TARGET 40720 1 1 0 1 0
TARGET 40721 1 0 0 0 0
TARGET 40722 1 0 0 0 0
TARGET 40723 1 0 0 0 0
TARGET 40724 1 0 0 0 0
TARGET 40725 1 1 0 3 0
TARGET 40726 1 1 0 3 0
TARGET 40727 1 2 0 3 0
TARGET 40728 1 3 0 4 0
TARGET 40729 1 2 0 3 0
TARGET 40730 1 2 0 3 0
TARGET 40731 1 2 0 3 0
TARGET 40732 1 2 0 3 0
TARGET 40733 1 1 0 2 0
TARGET 40734 1 1 0 2 0
TARGET 40735 1 1 0 2 0
TARGET 40736 1 2 0 3 0
TARGET 40737 1 1 0 2 0
TARGET 40738 1 1 0 2 0
TARGET 40739 1 1 0 2 0
TARGET 40740 1 1 0 2 0
TARGET 40741 1 1 0 2 0
TARGET 40742 1 1 0 2 0
TARGET 40743 1 1 0 2 0
TARGET 40744 1 2 0 3 0
TARGET 40745 1 1 0 2 0
TARGET 40746 1 1 0 2 0
TARGET 40747 1 1 0 2 0
TARGET 40748 1 1 0 2 0
TARGET 40749 1 1 0 2 0
TARGET 40750 1 1 0 2 0
TARGET 40751 1 1 0 2 0
TARGET 40752 1 1 0 3 0
TARGET 40753 1 1 0 2 0
TARGET 40754 1 1 0 2 0
TARGET 40755 1 1 0 3 0
TARGET 40756 1 1 0 2 0
TARGET 40757 1 1 0 2 0
TARGET 40758 1 1 0 2 0
TARGET 40759 1 1 0 3 0
TARGET 40760 1 1 0 2 0
TARGET 40761 1 1 0 2 0
TARGET 40762 1 1 0 2 0
TARGET 40763 1 1 0 2 0
TARGET 40764 1 1 0 2 0
TARGET 40765 1 1 0 2 0
TARGET 40766 1 1 0 3 0
TARGET 40767 1 1 0 2 0
TARGET 40768 1 1 0 2 0
TARGET 40769 1 1 0 3 0
TARGET 40770 1 1 0 2 0
TARGET 40771 1 1 0 2 0
TARGET 40772 1 2 0 3 0
TARGET 40773 1 1 0 2 0
TARGET 40774 1 1 0 2 0
TARGET 40775 1 1 0 2 0
TARGET 40776 1 1 0 2 0
TARGET 40777 1 1 0 2 0
TARGET 40778 1 1 0 3 0
TARGET 40779 1 1 0 2 0
TARGET 40780 1 1 0 2 0
TARGET 40781 1 1 0 3 0
TARGET 40782 1 1 0 2 0
TARGET 40783 1 2 0 3 0
TARGET 40784 1 1 0 4 0
TARGET 40785 1 1 0 3 0
TARGET 40786 1 2 0 3 0
TARGET 40787 1 1 0 4 0
TARGET 40788 1 1 0 3 0
TARGET 40789 1 1 0 2 0
TARGET 40790 1 1 0 3 0
TARGET 40791 1 1 0 2 0
TARGET 40792 1 1 0 2 0
TARGET 40793 1 1 0 3 0
TARGET 40794 1 1 0 2 0
TARGET 40795 1 1 0 2 0
TARGET 40796 1 1 0 3 0
TARGET 40797 1 1 0 2 0
TARGET 40798 1 1 0 2 0
TARGET 40799 1 1 0 3 0
TARGET 40800 1 1 0 2 0
TARGET 40801 1 1 0 2 0
TARGET 40802 1 1 0 2 0
TARGET 40803 1 1 0 3 0
TARGET 40804 1 1 0 2 0
TARGET 40805 1 1 0 2 0
TARGET 40806 1 1 0 3 0
TARGET 40807 1 1 0 2 0
TARGET 40808 1 1 0 3 0
TARGET 40809 1 1 0 2 0
TARGET 40810 1 1 0 2 0
TARGET 40811 1 1 0 3 0
TARGET 40812 1 1 0 2 0
TARGET 40813 1 1 0 1 0
TARGET 40814 1 1 0 1 0
TARGET 40815 1 0 0 1 0
TARGET 40816 1 1 0 2 0
TARGET 40817 1 1 0 1 0
TARGET 40818 1 0 0 1 0
TARGET 40819 1 1 0 1 0
TARGET 40820 1 0 0 1 0
TARGET 40821 1 0 0 1 0
TARGET 40822 1 0 0 1 0
TARGET 40823 1 0 0 1 0
TARGET 40824 1 1 0 2 0
TARGET 40825 1 0 0 1 0
TARGET 40826 1 0 0 1 0
TARGET 40827 1 0 0 1 0
TARGET 40828 1 0 0 1 0
TARGET 40829 1 1 0 1 0
TARGET 40830 1 0 0 1 0
TARGET 40831 1 1 0 1 0
TARGET 40832 1 1 0 2 0
TARGET 40833 1 1 0 1 0
TARGET 40834 1 0 0 1 0
TARGET 40835 1 1 0 2 0
TARGET 40836 1 1 0 1 0
TARGET 40837 1 0 0 2 0
TARGET 40838 1 1 0 1 0
TARGET 40839 1 0 0 1 0
TARGET 40840 1 1 0 2 0
TARGET 40841 1 1 0 1 0
TARGET 40842 1 0 0 1 0
TARGET 40843 1 1 0 1 0
TARGET 40844 1 0 0 1 0
TARGET 40845 1 0 0 1 0
TARGET 40846 1 1 0 1 0
TARGET 40847 1 1 0 2 0
TARGET 40848 1 1 0 1 0
TARGET 40849 1 0 0 1 0
TARGET 40850 1 1 0 2 0
TARGET 40851 1 1 0 1 0
TARGET 40852 1 0 0 2 0
TARGET 40853 1 0 0 1 0
TARGET 40854 1 1 0 2 0
TARGET 40855 1 0 0 1 0
TARGET 40856 1 0 0 1 0
TARGET 40857 1 0 0 1 0
TARGET 40858 1 0 0 1 0
TARGET 40859 1 0 0 1 0
TARGET 40860 1 1 0 2 0
TARGET 40861 1 0 0 1 0
TARGET 40862 1 0 0 1 0
TARGET 40863 1 1 0 2 0
TARGET 40864 1 0 0 1 0
TARGET 40865 1 0 0 2 0
TARGET 40866 1 1 0 2 0
TARGET 40867 1 1 0 3 0
TARGET 40868 1 1 0 2 0
TARGET 40869 1 1 0 2 0
TARGET 40870 1 1 0 3 0
TARGET 40871 1 1 0 2 0
TARGET 40872 1 1 0 3 0
TARGET 40873 1 1 0 1 0
TARGET 40874 1 1 0 2 0
TARGET 40875 1 1 0 1 0
TARGET 40876 1 0 0 1 0
TARGET 40877 1 1 0 2 0
TARGET 40878 1 1 0 1 0
TARGET 40879 1 0 0 2 0
TARGET 40880 1 0 0 1 0
TARGET 40881 1 1 0 2 0
TARGET 40882 1 0 0 1 0
TARGET 40883 1 0 0 1 0
TARGET 40884 1 1 0 2 0
TARGET 40885 1 0 0 1 0
TARGET 40886 1 0 0 2 0
TARGET 40887 1 1 0 1 0
TARGET 40888 1 0 0 1 0
TARGET 40889 1 1 0 2 0
TARGET 40890 1 1 0 1 0
TARGET 40891 1 0 0 1 0
TARGET 40892 1 1 0 2 0
TARGET 40893 1 1 0 1 0
TARGET 40894 1 0 0 2 0
TARGET 40895 1 1 0 2 0
TARGET 40896 1 0 0 1 0
TARGET 40897 1 0 0 1 0
TARGET 40898 1 1 0 2 0
TARGET 40899 1 0 0 1 0
TARGET 40900 1 0 0 2 0
TARGET 40901 1 0 0 0 0
TARGET 40902 1 0 0 0 0
TARGET 40903 1 0 0 0 0
TARGET 40904 1 1 0 1 0
TARGET 40905 1 0 0 0 0
TARGET 40906 1 0 0 0 0
TARGET 40907 1 0 0 0 0
TARGET 40908 1 0 0 0 0
TARGET 40909 1 0 0 1 0
TARGET 40910 1 0 0 1 0
TARGET 40911 1 0 0 1 0
TARGET 40912 1 1 0 2 0
TARGET 40913 1 0 0 1 0
TARGET 40914 1 0 0 1 0
TARGET 40915 1 0 0 1 0
TARGET 40916 1 0 0 1 0
TARGET 40917 1 0 0 1 0
TARGET 40918 1 0 0 1 0
TARGET 40919 1 0 0 1 0
TARGET 40920 1 1 0 2 0
TARGET 40921 1 0 0 1 0
TARGET 40922 1 0 0 1 0
TARGET 40923 1 1 0 2 0
TARGET 40924 1 0 0 1 0
TARGET 40925 1 0 0 1 0
TARGET 40926 1 0 0 1 0
TARGET 40927 1 1 0 2 0
TARGET 40928 1 0 0 1 0
TARGET 40929 1 0 0 1 0
TARGET 40930 1 0 0 1 0
TARGET 40931 1 0 0 1 0
TARGET 40932 1 0 0 1 0
TARGET 40933 1 0 0 1 0
TARGET 40934 1 1 0 2 0
TARGET 40935 1 0 0 1 0
TARGET 40936 1 0 0 1 0
TARGET 40937 1 1 0 2 0
TARGET 40938 1 0 0 1 0
TARGET 40939 1 0 0 1 0
TARGET 40940 1 1 0 2 0
TARGET 40941 1 0 0 1 0
TARGET 40942 1 0 0 1 0
TARGET 40943 1 0 0 1 0
TARGET 40944 1 0 0 1 0
TARGET 40945 1 0 0 1 0
TARGET 40946 1 1 0 2 0
TARGET 40947 1 0 0 1 0
TARGET 40948 1 0 0 1 0
TARGET 40949 1 1 0 2 0
TARGET 40950 1 0 0 1 0
TARGET 40951 1 1 0 2 0
TARGET 40952 1 1 0 3 0
TARGET 40953 1 1 0 2 0
TARGET 40954 1 1 0 2 0
TARGET 40955 1 1 0 3 0
TARGET 40956 1 1 0 2 0
TARGET 40957 1 0 0 1 0
TARGET 40958 1 1 0 2 0
TARGET 40959 1 0 0 1 0
TARGET 40960 1 0 0 1 0
TARGET 40961 1 1 0 2 0
TARGET 40962 1 0 0 1 0
TARGET 40963 1 0 0 1 0
TARGET 40964 1 1 0 2 0
TARGET 40965 1 0 0 1 0
TARGET 40966 1 0 0 1 0
TARGET 40967 1 1 0 2 0
TARGET 40968 1 0 0 1 0
TARGET 40969 1 0 0 1 0
TARGET 40970 1 0 0 1 0
TARGET 40971 1 1 0 2 0
TARGET 40972 1 0 0 1 0
TARGET 40973 1 0 0 1 0
TARGET 40974 1 1 0 2 0
TARGET 40975 1 0 0 1 0
TARGET 40976 1 1 0 2 0
TARGET 40977 1 0 0 1 0
TARGET 40978 1 0 0 1 0
TARGET 40979 1 1 0 2 0
TARGET 40980 1 0 0 1 0
TARGET 40981 1 0 0 0 0
TARGET 40982 1 0 0 0 0
TARGET 40983 1 0 0 0 0
TARGET 40984 1 1 0 1 0
TARGET 40985 1 0 0 0 0
TARGET 40986 1 0 0 0 0
TARGET 40987 1 0 0 0 0
TARGET 40988 1 0 0 0 0
TARGET 40989 1 1 0 1 0
TARGET 40990 1 0 0 1 0
TARGET 40991 1 1 0 1 0
TARGET 40992 1 1 0 2 0
TARGET 40993 1 1 0 1 0
TARGET 40994 1 0 0 1 0
TARGET 40995 1 1 0 2 0
TARGET 40996 1 1 0 1 0
TARGET 40997 1 0 0 0 0
TARGET 40998 1 0 0 1 0
TARGET 40999 1 0 0 1 0
TARGET 41000 1 1 0 2 0
PASS_1962_MONOMIAL_INTERVAL 40001 41000 1000 0
