EXPORTED_20122 [ 48, 1, 9, 1 ]
EXPORTED_20122 [ 48, 3, 8, 1 ]
EXPORTED_20122 [ 48, 4, 15, 7 ]
EXPORTED_20122 [ 48, 5, 14, 6 ]
EXPORTED_20122 [ 48, 6, 14, 6 ]
EXPORTED_20122 [ 48, 7, 15, 7 ]
EXPORTED_20122 [ 48, 8, 13, 5 ]
EXPORTED_20122 [ 48, 9, 19, 3 ]
EXPORTED_20122 [ 48, 10, 17, 3 ]
EXPORTED_20122 [ 48, 11, 23, 7 ]
EXPORTED_20122 [ 48, 12, 20, 6 ]
EXPORTED_20122 [ 48, 13, 21, 5 ]
EXPORTED_20122 [ 48, 14, 24, 10 ]
EXPORTED_20122 [ 48, 15, 17, 5 ]
EXPORTED_20122 [ 48, 16, 16, 4 ]
EXPORTED_20122 [ 48, 17, 15, 5 ]
EXPORTED_20122 [ 48, 18, 14, 4 ]
EXPORTED_20122 [ 48, 19, 29, 5 ]
EXPORTED_20122 [ 48, 28, 10, 6 ]
EXPORTED_20122 [ 48, 29, 11, 7 ]
EXPORTED_20122 [ 48, 30, 15, 7 ]
EXPORTED_20122 [ 48, 31, 16, 3 ]
EXPORTED_20122 [ 48, 32, 16, 5 ]
EXPORTED_20122 [ 48, 33, 13, 3 ]
EXPORTED_20122 [ 48, 34, 27, 11 ]
EXPORTED_20122 [ 48, 35, 35, 19 ]
EXPORTED_20122 [ 48, 36, 35, 19 ]
EXPORTED_20122 [ 48, 37, 27, 13 ]
EXPORTED_20122 [ 48, 38, 35, 19 ]
EXPORTED_20122 [ 48, 39, 28, 12 ]
EXPORTED_20122 [ 48, 40, 25, 13 ]
EXPORTED_20122 [ 48, 41, 26, 14 ]
EXPORTED_20122 [ 48, 42, 43, 11 ]
EXPORTED_20122 [ 48, 43, 39, 15 ]
EXPORTED_20122 [ 48, 48, 25, 17 ]
EXPORTED_20122 [ 48, 49, 34, 5 ]
EXPORTED_20122 [ 48, 50, 28, 1 ]
EXPORTED_20122 [ 48, 51, 83, 51 ]
PASS_20_122_EXPORT order=48 catalogue=52 nilpotent=14 exported=38
