EXPORTED_20122 [ 120, 1, 14, 2 ]
EXPORTED_20122 [ 120, 2, 14, 2 ]
EXPORTED_20122 [ 120, 3, 13, 1 ]
EXPORTED_20122 [ 120, 5, 8, 6 ]
EXPORTED_20122 [ 120, 6, 12, 4 ]
EXPORTED_20122 [ 120, 7, 11, 3 ]
EXPORTED_20122 [ 120, 8, 18, 10 ]
EXPORTED_20122 [ 120, 9, 18, 10 ]
EXPORTED_20122 [ 120, 10, 16, 8 ]
EXPORTED_20122 [ 120, 11, 18, 10 ]
EXPORTED_20122 [ 120, 12, 17, 9 ]
EXPORTED_20122 [ 120, 13, 17, 9 ]
EXPORTED_20122 [ 120, 14, 14, 6 ]
EXPORTED_20122 [ 120, 15, 12, 4 ]
EXPORTED_20122 [ 120, 16, 18, 6 ]
EXPORTED_20122 [ 120, 17, 22, 10 ]
EXPORTED_20122 [ 120, 18, 22, 10 ]
EXPORTED_20122 [ 120, 19, 26, 6 ]
EXPORTED_20122 [ 120, 20, 24, 8 ]
EXPORTED_20122 [ 120, 21, 18, 6 ]
EXPORTED_20122 [ 120, 22, 22, 10 ]
EXPORTED_20122 [ 120, 23, 22, 10 ]
EXPORTED_20122 [ 120, 24, 26, 6 ]
EXPORTED_20122 [ 120, 25, 24, 8 ]
EXPORTED_20122 [ 120, 26, 15, 3 ]
EXPORTED_20122 [ 120, 27, 17, 5 ]
EXPORTED_20122 [ 120, 28, 17, 5 ]
EXPORTED_20122 [ 120, 29, 23, 3 ]
EXPORTED_20122 [ 120, 30, 20, 4 ]
EXPORTED_20122 [ 120, 34, 10, 9 ]
EXPORTED_20122 [ 120, 35, 12, 10 ]
EXPORTED_20122 [ 120, 36, 14, 10 ]
EXPORTED_20122 [ 120, 37, 16, 10 ]
EXPORTED_20122 [ 120, 38, 12, 6 ]
EXPORTED_20122 [ 120, 39, 14, 8 ]
EXPORTED_20122 [ 120, 40, 20, 12 ]
EXPORTED_20122 [ 120, 41, 17, 9 ]
EXPORTED_20122 [ 120, 42, 28, 20 ]
EXPORTED_20122 [ 120, 43, 20, 4 ]
EXPORTED_20122 [ 120, 44, 42, 22 ]
EXPORTED_20122 [ 120, 45, 42, 22 ]
EXPORTED_20122 [ 120, 46, 31, 11 ]
PASS_20_122_EXPORT order=120 catalogue=47 nilpotent=5 exported=42
