EXPORTED_20122 [ 162, 1, 6, 1 ]
EXPORTED_20122 [ 162, 3, 19, 3 ]
EXPORTED_20122 [ 162, 4, 20, 3 ]
EXPORTED_20122 [ 162, 5, 21, 2 ]
EXPORTED_20122 [ 162, 6, 16, 3 ]
EXPORTED_20122 [ 162, 7, 13, 2 ]
EXPORTED_20122 [ 162, 8, 15, 4 ]
EXPORTED_20122 [ 162, 9, 12, 2 ]
EXPORTED_20122 [ 162, 10, 24, 6 ]
EXPORTED_20122 [ 162, 11, 20, 2 ]
EXPORTED_20122 [ 162, 12, 15, 3 ]
EXPORTED_20122 [ 162, 13, 14, 2 ]
EXPORTED_20122 [ 162, 14, 16, 3 ]
EXPORTED_20122 [ 162, 15, 15, 2 ]
EXPORTED_20122 [ 162, 16, 24, 1 ]
EXPORTED_20122 [ 162, 17, 23, 2 ]
EXPORTED_20122 [ 162, 18, 15, 1 ]
EXPORTED_20122 [ 162, 19, 22, 2 ]
EXPORTED_20122 [ 162, 20, 16, 2 ]
EXPORTED_20122 [ 162, 21, 18, 2 ]
EXPORTED_20122 [ 162, 22, 15, 2 ]
EXPORTED_20122 [ 162, 32, 40, 6 ]
EXPORTED_20122 [ 162, 33, 45, 10 ]
EXPORTED_20122 [ 162, 34, 44, 6 ]
EXPORTED_20122 [ 162, 35, 50, 11 ]
EXPORTED_20122 [ 162, 36, 34, 6 ]
EXPORTED_20122 [ 162, 37, 35, 8 ]
EXPORTED_20122 [ 162, 38, 37, 2 ]
EXPORTED_20122 [ 162, 39, 37, 3 ]
EXPORTED_20122 [ 162, 40, 43, 2 ]
EXPORTED_20122 [ 162, 41, 50, 6 ]
EXPORTED_20122 [ 162, 42, 31, 2 ]
EXPORTED_20122 [ 162, 43, 26, 2 ]
EXPORTED_20122 [ 162, 44, 28, 3 ]
EXPORTED_20122 [ 162, 45, 51, 1 ]
EXPORTED_20122 [ 162, 46, 53, 2 ]
EXPORTED_20122 [ 162, 51, 162, 28 ]
EXPORTED_20122 [ 162, 52, 130, 6 ]
EXPORTED_20122 [ 162, 53, 136, 2 ]
EXPORTED_20122 [ 162, 54, 213, 1 ]
PASS_20_122_EXPORT order=162 catalogue=55 nilpotent=15 exported=40
