EXPORTED_20122 [ 108, 1, 9, 1 ]
EXPORTED_20122 [ 108, 3, 10, 1 ]
EXPORTED_20122 [ 108, 4, 11, 3 ]
EXPORTED_20122 [ 108, 6, 18, 2 ]
EXPORTED_20122 [ 108, 7, 19, 3 ]
EXPORTED_20122 [ 108, 8, 20, 2 ]
EXPORTED_20122 [ 108, 9, 16, 2 ]
EXPORTED_20122 [ 108, 10, 21, 1 ]
EXPORTED_20122 [ 108, 11, 24, 2 ]
EXPORTED_20122 [ 108, 15, 11, 4 ]
EXPORTED_20122 [ 108, 16, 15, 7 ]
EXPORTED_20122 [ 108, 17, 16, 7 ]
EXPORTED_20122 [ 108, 18, 16, 7 ]
EXPORTED_20122 [ 108, 19, 14, 5 ]
EXPORTED_20122 [ 108, 20, 22, 4 ]
EXPORTED_20122 [ 108, 21, 18, 4 ]
EXPORTED_20122 [ 108, 22, 21, 7 ]
EXPORTED_20122 [ 108, 23, 22, 6 ]
EXPORTED_20122 [ 108, 24, 25, 9 ]
EXPORTED_20122 [ 108, 25, 24, 6 ]
EXPORTED_20122 [ 108, 26, 20, 6 ]
EXPORTED_20122 [ 108, 27, 23, 3 ]
EXPORTED_20122 [ 108, 28, 28, 6 ]
EXPORTED_20122 [ 108, 32, 46, 6 ]
EXPORTED_20122 [ 108, 33, 42, 2 ]
EXPORTED_20122 [ 108, 34, 57, 1 ]
EXPORTED_20122 [ 108, 36, 16, 4 ]
EXPORTED_20122 [ 108, 37, 15, 3 ]
EXPORTED_20122 [ 108, 38, 30, 14 ]
EXPORTED_20122 [ 108, 39, 30, 10 ]
EXPORTED_20122 [ 108, 40, 23, 7 ]
EXPORTED_20122 [ 108, 41, 40, 22 ]
EXPORTED_20122 [ 108, 42, 58, 18 ]
EXPORTED_20122 [ 108, 43, 46, 6 ]
EXPORTED_20122 [ 108, 44, 59, 3 ]
PASS_20_122_EXPORT order=108 catalogue=45 nilpotent=10 exported=35
