PROGRESS [ 648, 250 ]
PROGRESS [ 648, 500 ]
PROGRESS [ 648, 750 ]
ORDER_DONE [ 648, 757, 2, 0, 0, 0 ]
PROGRESS [ 1296, 250 ]
PROGRESS [ 1296, 500 ]
PROGRESS [ 1296, 750 ]
PROGRESS [ 1296, 1000 ]
PROGRESS [ 1296, 1250 ]
PROGRESS [ 1296, 1500 ]
PROGRESS [ 1296, 1750 ]
PROGRESS [ 1296, 2000 ]
PROGRESS [ 1296, 2250 ]
PROGRESS [ 1296, 2500 ]
PROGRESS [ 1296, 2750 ]
ELIGIBLE 
[ 1296, 2889, 3, 
  [ true, 
      [ [ 2, 16, [ true, [ 432, 144, 16 ] ] ], 
          [ 3, 108, [ true, [ 432, 108 ] ] ] ] ], 
  [ true, 
      [ [ 2, 16, [ true, [ 1296, 432, 16 ] ] ], 
          [ 3, 324, [ true, [ 1296, 324 ] ] ] ] ] ]
ELIGIBLE 
[ 1296, 2890, 3, 
  [ true, 
      [ [ 2, 16, [ true, [ 432, 144, 16 ] ] ], 
          [ 3, 108, [ true, [ 432, 108 ] ] ] ] ], 
  [ true, 
      [ [ 2, 16, [ true, [ 1296, 432, 16 ] ] ], 
          [ 3, 324, [ true, [ 1296, 324 ] ] ] ] ] ]
ELIGIBLE 
[ 1296, 2891, 3, 
  [ true, 
      [ [ 2, 16, [ true, [ 432, 144, 16 ] ] ], 
          [ 3, 108, [ true, [ 432, 108 ] ] ] ] ], 
  [ true, 
      [ [ 2, 16, [ true, [ 1296, 432, 16 ] ] ], 
          [ 3, 324, [ true, [ 1296, 324 ] ] ] ] ] ]
ELIGIBLE 
[ 1296, 2892, 3, 
  [ true, 
      [ [ 2, 16, [ true, [ 432, 144, 16 ] ] ], 
          [ 3, 108, [ true, [ 432, 108 ] ] ] ] ], 
  [ true, 
      [ [ 2, 16, [ true, [ 1296, 144, 16 ] ] ], 
          [ 3, 324, [ true, [ 1296, 324 ] ] ] ] ] ]
PROGRESS [ 1296, 3000 ]
ELIGIBLE 
[ 1296, 3081, 2, 
  [ true, 
      [ [ 2, 8, [ true, [ 648, 216, 8 ] ] ], 
          [ 3, 162, [ true, [ 648, 162 ] ] ] ] ], 
  [ true, 
      [ [ 2, 16, [ true, [ 1296, 432, 16 ] ] ], 
          [ 3, 324, [ true, [ 1296, 324 ] ] ] ] ] ]
ELIGIBLE 
[ 1296, 3082, 2, 
  [ true, 
      [ [ 2, 8, [ true, [ 648, 216, 8 ] ] ], 
          [ 3, 162, [ true, [ 648, 162 ] ] ] ] ], 
  [ true, 
      [ [ 2, 16, [ true, [ 1296, 432, 16 ] ] ], 
          [ 3, 324, [ true, [ 1296, 324 ] ] ] ] ] ]
ELIGIBLE 
[ 1296, 3083, 2, 
  [ true, 
      [ [ 2, 8, [ true, [ 648, 216, 8 ] ] ], 
          [ 3, 162, [ true, [ 648, 162 ] ] ] ] ], 
  [ true, 
      [ [ 2, 16, [ true, [ 1296, 432, 16 ] ] ], 
          [ 3, 324, [ true, [ 1296, 324 ] ] ] ] ] ]
ELIGIBLE 
[ 1296, 3084, 2, 
  [ true, 
      [ [ 2, 8, [ true, [ 648, 216, 8 ] ] ], 
          [ 3, 162, [ true, [ 648, 162 ] ] ] ] ], 
  [ true, 
      [ [ 2, 16, [ true, [ 1296, 432, 16 ] ] ], 
          [ 3, 324, [ true, [ 1296, 324 ] ] ] ] ] ]
ELIGIBLE 
[ 1296, 3085, 2, 
  [ true, 
      [ [ 2, 8, [ true, [ 648, 216, 8 ] ] ], 
          [ 3, 162, [ true, [ 648, 162 ] ] ] ] ], 
  [ true, 
      [ [ 2, 16, [ true, [ 1296, 432, 16 ] ] ], 
          [ 3, 324, [ true, [ 1296, 324 ] ] ] ] ] ]
ELIGIBLE 
[ 1296, 3086, 2, 
  [ true, 
      [ [ 2, 8, [ true, [ 648, 216, 8 ] ] ], 
          [ 3, 162, [ true, [ 648, 162 ] ] ] ] ], 
  [ true, 
      [ [ 2, 16, [ true, [ 1296, 432, 16 ] ] ], 
          [ 3, 324, [ true, [ 1296, 324 ] ] ] ] ] ]
PROGRESS [ 1296, 3250 ]
PROGRESS [ 1296, 3500 ]
ORDER_DONE [ 1296, 3609, 15, 10, 10, 0 ]
PROGRESS [ 1944, 250 ]
PROGRESS [ 1944, 500 ]
PROGRESS [ 1944, 750 ]
PROGRESS [ 1944, 1000 ]
PROGRESS [ 1944, 1250 ]
PROGRESS [ 1944, 1500 ]
PROGRESS [ 1944, 1750 ]
PROGRESS [ 1944, 2000 ]
PROGRESS [ 1944, 2250 ]
PROGRESS [ 1944, 2500 ]
PROGRESS [ 1944, 2750 ]
PROGRESS [ 1944, 3000 ]
PROGRESS [ 1944, 3250 ]
ELIGIBLE 
[ 1944, 3453, 3, 
  [ true, 
      [ [ 2, 8, [ true, [ 648, 216, 8 ] ] ], 
          [ 3, 162, [ true, [ 648, 162 ] ] ] ] ], 
  [ true, 
      [ [ 2, 8, [ true, [ 1944, 216, 8 ] ] ], 
          [ 3, 486, [ true, [ 1944, 486 ] ] ] ] ] ]
ELIGIBLE 
[ 1944, 3454, 3, 
  [ true, 
      [ [ 2, 8, [ true, [ 648, 216, 8 ] ] ], 
          [ 3, 162, [ true, [ 648, 162 ] ] ] ] ], 
  [ true, 
      [ [ 2, 8, [ true, [ 1944, 216, 8 ] ] ], 
          [ 3, 486, [ true, [ 1944, 486 ] ] ] ] ] ]
PROGRESS [ 1944, 3500 ]
PROGRESS [ 1944, 3750 ]
ORDER_DONE [ 1944, 3973, 6, 2, 2, 0 ]
PASS_SCREEN_20_112
