results/20.122-diagnose-grouped-option-failed.stderr:4: new blank line at EOF.
results/20.122-diagnose.log:3: trailing whitespace.
+H [ 17, "C2 x D8", [ (1,3)(2,4), (1,2)(3,4), (2,3)(5,6), (5,6) ], 
results/20.122-diagnose.log:4: trailing whitespace.
+  [ (), (5,6), (2,3), (2,3)(5,6), (1,2)(3,4), (1,2)(3,4)(5,6), (1,2,4,3), 
results/20.122-diagnose.log:5: trailing whitespace.
+      (1,2,4,3)(5,6), (1,3,4,2), (1,3,4,2)(5,6), (1,3)(2,4), (1,3)(2,4)(5,6), 
results/20.122-diagnose.log:7: trailing whitespace.
+H [ 12, "D8", [ (1,2,4,3)(5,6), (1,2)(3,4)(5,6), (1,4)(2,3) ], 
results/20.122-diagnose.log:8: trailing whitespace.
+  [ (), (2,3), (1,2)(3,4)(5,6), (1,2,4,3)(5,6), (1,3,4,2)(5,6), 
results/20.122-diagnose.log:10: trailing whitespace.
+H [ 13, "C4 x C2", [ (1,2,4,3)(5,6), (5,6), (1,4)(2,3) ], 
results/20.122-diagnose.log:11: trailing whitespace.
+  [ (), (5,6), (1,2,4,3), (1,2,4,3)(5,6), (1,3,4,2), (1,3,4,2)(5,6), 
results/20.122-diagnose.log:13: trailing whitespace.
+FIT [ (), (5,6), (1,2)(3,4), (1,2)(3,4)(5,6), (1,3)(2,4), (1,3)(2,4)(5,6), 
results/20.122-diagnose.log:15: trailing whitespace.
+LABELS [ [ 0, () ], [ 1, (2,3)(5,6) ], [ 2, (5,6) ], [ 3, (1,2,3) ], 
results/20.122-diagnose.log:16: trailing whitespace.
+  [ 4, (1,3)(2,4) ], [ 5, (1,2)(3,4) ], [ 6, (2,3) ], [ 7, (1,2)(5,6) ], 
results/20.122-diagnose.log:17: trailing whitespace.
+  [ 8, (1,3,4,2)(5,6) ], [ 9, (1,2,4,3)(5,6) ], [ 10, (1,2,3)(5,6) ], 
results/20.122-diagnose.log:18: trailing whitespace.
+  [ 11, (1,3)(2,4)(5,6) ], [ 12, (1,2)(3,4)(5,6) ], [ 13, (1,3,2) ], 
results/20.122-diagnose.log:19: trailing whitespace.
+  [ 14, (1,4,2) ], [ 15, (2,4,3) ], [ 16, (1,4)(2,3) ], [ 17, (1,2) ], 
results/20.122-diagnose.log:20: trailing whitespace.
+  [ 18, (1,3,4,2) ], [ 19, (1,2,4,3) ], [ 20, (1,3)(5,6) ], 
results/20.122-diagnose.log:21: trailing whitespace.
+  [ 21, (1,4,2,3)(5,6) ], [ 22, (3,4)(5,6) ], [ 23, (1,4)(5,6) ], 
results/20.122-diagnose.log:22: trailing whitespace.
+  [ 24, (1,3,2)(5,6) ], [ 25, (1,4,2)(5,6) ], [ 26, (2,4,3)(5,6) ], 
results/20.122-diagnose.log:23: trailing whitespace.
+  [ 27, (1,4)(2,3)(5,6) ], [ 28, (2,3,4) ], [ 29, (1,4,3) ], [ 30, (1,3,4) ], 
results/20.122-diagnose.log:24: trailing whitespace.
+  [ 31, (1,3) ], [ 32, (1,4,2,3) ], [ 33, (3,4) ], [ 34, (1,4) ], 
results/20.122-diagnose.log:25: trailing whitespace.
+  [ 35, (2,4)(5,6) ], [ 36, (1,4,3,2)(5,6) ], [ 37, (1,3,2,4)(5,6) ], 
results/20.122-diagnose.log:26: trailing whitespace.
+  [ 38, (2,3,4)(5,6) ], [ 39, (1,4,3)(5,6) ], [ 40, (1,3,4)(5,6) ], 
results/20.122-diagnose.log:27: trailing whitespace.
+  [ 41, (1,2,4) ], [ 42, (2,4) ], [ 43, (1,4,3,2) ], [ 44, (1,3,2,4) ], 
