EXPORTED_20122 [ 192, 1, 13, 1 ]
EXPORTED_20122 [ 192, 3, 16, 1 ]
EXPORTED_20122 [ 192, 4, 22, 3 ]
EXPORTED_20122 [ 192, 5, 23, 11 ]
EXPORTED_20122 [ 192, 6, 22, 10 ]
EXPORTED_20122 [ 192, 7, 23, 11 ]
EXPORTED_20122 [ 192, 8, 22, 10 ]
EXPORTED_20122 [ 192, 9, 21, 9 ]
EXPORTED_20122 [ 192, 10, 71, 19 ]
EXPORTED_20122 [ 192, 11, 66, 14 ]
EXPORTED_20122 [ 192, 12, 59, 15 ]
EXPORTED_20122 [ 192, 13, 53, 13 ]
EXPORTED_20122 [ 192, 14, 55, 11 ]
EXPORTED_20122 [ 192, 15, 53, 17 ]
EXPORTED_20122 [ 192, 16, 47, 7 ]
EXPORTED_20122 [ 192, 17, 47, 7 ]
EXPORTED_20122 [ 192, 18, 59, 23 ]
EXPORTED_20122 [ 192, 19, 51, 7 ]
EXPORTED_20122 [ 192, 20, 47, 7 ]
EXPORTED_20122 [ 192, 21, 45, 5 ]
EXPORTED_20122 [ 192, 22, 41, 5 ]
EXPORTED_20122 [ 192, 23, 51, 19 ]
EXPORTED_20122 [ 192, 24, 46, 14 ]
EXPORTED_20122 [ 192, 25, 39, 7 ]
EXPORTED_20122 [ 192, 26, 61, 19 ]
EXPORTED_20122 [ 192, 27, 70, 28 ]
EXPORTED_20122 [ 192, 28, 60, 18 ]
EXPORTED_20122 [ 192, 29, 66, 24 ]
EXPORTED_20122 [ 192, 30, 67, 27 ]
EXPORTED_20122 [ 192, 31, 54, 14 ]
EXPORTED_20122 [ 192, 32, 55, 15 ]
EXPORTED_20122 [ 192, 33, 63, 23 ]
EXPORTED_20122 [ 192, 34, 66, 28 ]
EXPORTED_20122 [ 192, 35, 53, 15 ]
EXPORTED_20122 [ 192, 36, 47, 17 ]
EXPORTED_20122 [ 192, 37, 45, 15 ]
EXPORTED_20122 [ 192, 38, 44, 10 ]
EXPORTED_20122 [ 192, 39, 44, 10 ]
EXPORTED_20122 [ 192, 40, 49, 15 ]
EXPORTED_20122 [ 192, 41, 49, 15 ]
EXPORTED_20122 [ 192, 42, 58, 24 ]
EXPORTED_20122 [ 192, 43, 52, 18 ]
EXPORTED_20122 [ 192, 44, 59, 25 ]
EXPORTED_20122 [ 192, 45, 49, 15 ]
EXPORTED_20122 [ 192, 46, 35, 7 ]
EXPORTED_20122 [ 192, 47, 43, 15 ]
EXPORTED_20122 [ 192, 48, 38, 8 ]
EXPORTED_20122 [ 192, 49, 38, 8 ]
EXPORTED_20122 [ 192, 50, 48, 18 ]
EXPORTED_20122 [ 192, 51, 44, 14 ]
EXPORTED_20122 [ 192, 52, 33, 7 ]
EXPORTED_20122 [ 192, 53, 34, 8 ]
EXPORTED_20122 [ 192, 54, 44, 18 ]
EXPORTED_20122 [ 192, 55, 40, 14 ]
EXPORTED_20122 [ 192, 56, 41, 15 ]
EXPORTED_20122 [ 192, 57, 31, 3 ]
EXPORTED_20122 [ 192, 58, 29, 3 ]
EXPORTED_20122 [ 192, 59, 43, 15 ]
EXPORTED_20122 [ 192, 60, 38, 12 ]
EXPORTED_20122 [ 192, 61, 41, 13 ]
EXPORTED_20122 [ 192, 62, 42, 16 ]
EXPORTED_20122 [ 192, 63, 37, 9 ]
EXPORTED_20122 [ 192, 64, 37, 9 ]
EXPORTED_20122 [ 192, 65, 33, 7 ]
EXPORTED_20122 [ 192, 66, 46, 20 ]
EXPORTED_20122 [ 192, 67, 40, 16 ]
EXPORTED_20122 [ 192, 68, 46, 20 ]
EXPORTED_20122 [ 192, 69, 40, 16 ]
EXPORTED_20122 [ 192, 70, 35, 11 ]
EXPORTED_20122 [ 192, 71, 36, 10 ]
EXPORTED_20122 [ 192, 72, 34, 8 ]
EXPORTED_20122 [ 192, 73, 41, 17 ]
EXPORTED_20122 [ 192, 74, 40, 16 ]
EXPORTED_20122 [ 192, 75, 43, 19 ]
EXPORTED_20122 [ 192, 76, 39, 15 ]
EXPORTED_20122 [ 192, 77, 41, 17 ]
EXPORTED_20122 [ 192, 78, 27, 7 ]
EXPORTED_20122 [ 192, 79, 26, 6 ]
EXPORTED_20122 [ 192, 80, 25, 7 ]
EXPORTED_20122 [ 192, 81, 24, 6 ]
EXPORTED_20122 [ 192, 82, 93, 17 ]
EXPORTED_20122 [ 192, 83, 103, 15 ]
EXPORTED_20122 [ 192, 84, 91, 7 ]
EXPORTED_20122 [ 192, 85, 119, 23 ]
EXPORTED_20122 [ 192, 86, 119, 23 ]
EXPORTED_20122 [ 192, 87, 71, 7 ]
EXPORTED_20122 [ 192, 88, 95, 19 ]
EXPORTED_20122 [ 192, 89, 83, 15 ]
EXPORTED_20122 [ 192, 90, 77, 17 ]
EXPORTED_20122 [ 192, 91, 87, 23 ]
EXPORTED_20122 [ 192, 92, 75, 15 ]
EXPORTED_20122 [ 192, 93, 74, 8 ]
EXPORTED_20122 [ 192, 94, 62, 8 ]
EXPORTED_20122 [ 192, 95, 86, 8 ]
EXPORTED_20122 [ 192, 96, 78, 12 ]
EXPORTED_20122 [ 192, 97, 68, 12 ]
EXPORTED_20122 [ 192, 98, 60, 8 ]
EXPORTED_20122 [ 192, 99, 61, 9 ]
EXPORTED_20122 [ 192, 100, 61, 9 ]
EXPORTED_20122 [ 192, 101, 57, 7 ]
EXPORTED_20122 [ 192, 102, 51, 9 ]
EXPORTED_20122 [ 192, 103, 77, 7 ]
EXPORTED_20122 [ 192, 104, 77, 9 ]
EXPORTED_20122 [ 192, 105, 57, 7 ]
EXPORTED_20122 [ 192, 106, 57, 7 ]
EXPORTED_20122 [ 192, 107, 53, 7 ]
EXPORTED_20122 [ 192, 108, 61, 5 ]
EXPORTED_20122 [ 192, 109, 93, 25 ]
EXPORTED_20122 [ 192, 110, 91, 23 ]
EXPORTED_20122 [ 192, 111, 75, 15 ]
EXPORTED_20122 [ 192, 112, 53, 5 ]
EXPORTED_20122 [ 192, 113, 79, 19 ]
EXPORTED_20122 [ 192, 114, 85, 25 ]
EXPORTED_20122 [ 192, 115, 73, 17 ]
EXPORTED_20122 [ 192, 116, 75, 19 ]
EXPORTED_20122 [ 192, 117, 75, 15 ]
EXPORTED_20122 [ 192, 118, 73, 17 ]
EXPORTED_20122 [ 192, 119, 71, 15 ]
EXPORTED_20122 [ 192, 120, 51, 5 ]
EXPORTED_20122 [ 192, 121, 59, 7 ]
EXPORTED_20122 [ 192, 122, 56, 6 ]
EXPORTED_20122 [ 192, 123, 51, 7 ]
EXPORTED_20122 [ 192, 124, 48, 6 ]
EXPORTED_20122 [ 192, 125, 51, 7 ]
EXPORTED_20122 [ 192, 126, 50, 6 ]
EXPORTED_20122 [ 192, 180, 31, 16 ]
EXPORTED_20122 [ 192, 181, 36, 21 ]
EXPORTED_20122 [ 192, 182, 41, 19 ]
EXPORTED_20122 [ 192, 183, 35, 16 ]
EXPORTED_20122 [ 192, 184, 30, 10 ]
EXPORTED_20122 [ 192, 185, 29, 11 ]
EXPORTED_20122 [ 192, 186, 27, 9 ]
EXPORTED_20122 [ 192, 187, 24, 9 ]
EXPORTED_20122 [ 192, 188, 52, 3 ]
EXPORTED_20122 [ 192, 189, 68, 5 ]
EXPORTED_20122 [ 192, 190, 38, 3 ]
EXPORTED_20122 [ 192, 191, 96, 3 ]
EXPORTED_20122 [ 192, 192, 32, 3 ]
EXPORTED_20122 [ 192, 193, 40, 3 ]
EXPORTED_20122 [ 192, 194, 62, 3 ]
EXPORTED_20122 [ 192, 195, 48, 5 ]
EXPORTED_20122 [ 192, 196, 40, 3 ]
EXPORTED_20122 [ 192, 197, 44, 5 ]
EXPORTED_20122 [ 192, 198, 44, 5 ]
EXPORTED_20122 [ 192, 199, 28, 3 ]
EXPORTED_20122 [ 192, 200, 38, 11 ]
EXPORTED_20122 [ 192, 201, 48, 5 ]
EXPORTED_20122 [ 192, 202, 37, 3 ]
EXPORTED_20122 [ 192, 203, 28, 5 ]
EXPORTED_20122 [ 192, 204, 25, 5 ]
EXPORTED_20122 [ 192, 205, 129, 57 ]
EXPORTED_20122 [ 192, 206, 121, 49 ]
EXPORTED_20122 [ 192, 207, 127, 51 ]
EXPORTED_20122 [ 192, 208, 135, 59 ]
EXPORTED_20122 [ 192, 209, 111, 43 ]
EXPORTED_20122 [ 192, 210, 103, 35 ]
EXPORTED_20122 [ 192, 211, 111, 43 ]
EXPORTED_20122 [ 192, 212, 113, 41 ]
EXPORTED_20122 [ 192, 213, 113, 41 ]
EXPORTED_20122 [ 192, 214, 113, 41 ]
EXPORTED_20122 [ 192, 215, 129, 53 ]
EXPORTED_20122 [ 192, 216, 109, 41 ]
EXPORTED_20122 [ 192, 217, 99, 35 ]
EXPORTED_20122 [ 192, 218, 101, 33 ]
EXPORTED_20122 [ 192, 219, 101, 33 ]
EXPORTED_20122 [ 192, 220, 113, 37 ]
EXPORTED_20122 [ 192, 221, 91, 27 ]
EXPORTED_20122 [ 192, 222, 203, 127 ]
EXPORTED_20122 [ 192, 223, 143, 75 ]
EXPORTED_20122 [ 192, 224, 179, 107 ]
EXPORTED_20122 [ 192, 225, 167, 91 ]
EXPORTED_20122 [ 192, 226, 151, 83 ]
EXPORTED_20122 [ 192, 227, 153, 81 ]
EXPORTED_20122 [ 192, 228, 129, 61 ]
EXPORTED_20122 [ 192, 229, 131, 59 ]
EXPORTED_20122 [ 192, 230, 199, 123 ]
EXPORTED_20122 [ 192, 231, 153, 85 ]
EXPORTED_20122 [ 192, 232, 135, 67 ]
EXPORTED_20122 [ 192, 233, 119, 51 ]
EXPORTED_20122 [ 192, 234, 117, 53 ]
EXPORTED_20122 [ 192, 235, 125, 61 ]
EXPORTED_20122 [ 192, 236, 131, 55 ]
EXPORTED_20122 [ 192, 237, 71, 31 ]
EXPORTED_20122 [ 192, 238, 67, 27 ]
EXPORTED_20122 [ 192, 239, 71, 27 ]
EXPORTED_20122 [ 192, 240, 69, 29 ]
EXPORTED_20122 [ 192, 241, 71, 27 ]
EXPORTED_20122 [ 192, 242, 63, 23 ]
EXPORTED_20122 [ 192, 243, 103, 59 ]
EXPORTED_20122 [ 192, 244, 79, 39 ]
EXPORTED_20122 [ 192, 245, 87, 47 ]
EXPORTED_20122 [ 192, 246, 93, 49 ]
EXPORTED_20122 [ 192, 247, 81, 41 ]
EXPORTED_20122 [ 192, 248, 85, 45 ]
EXPORTED_20122 [ 192, 249, 66, 30 ]
EXPORTED_20122 [ 192, 250, 81, 41 ]
EXPORTED_20122 [ 192, 251, 87, 47 ]
EXPORTED_20122 [ 192, 252, 93, 49 ]
EXPORTED_20122 [ 192, 253, 79, 39 ]
EXPORTED_20122 [ 192, 254, 103, 59 ]
EXPORTED_20122 [ 192, 255, 85, 45 ]
EXPORTED_20122 [ 192, 256, 66, 30 ]
EXPORTED_20122 [ 192, 257, 75, 35 ]
EXPORTED_20122 [ 192, 258, 83, 39 ]
EXPORTED_20122 [ 192, 259, 71, 35 ]
EXPORTED_20122 [ 192, 260, 66, 28 ]
EXPORTED_20122 [ 192, 261, 65, 25 ]
EXPORTED_20122 [ 192, 262, 63, 27 ]
EXPORTED_20122 [ 192, 263, 93, 53 ]
EXPORTED_20122 [ 192, 264, 73, 37 ]
EXPORTED_20122 [ 192, 265, 81, 43 ]
EXPORTED_20122 [ 192, 266, 91, 51 ]
EXPORTED_20122 [ 192, 267, 85, 45 ]
EXPORTED_20122 [ 192, 268, 66, 30 ]
EXPORTED_20122 [ 192, 269, 79, 41 ]
EXPORTED_20122 [ 192, 270, 85, 47 ]
EXPORTED_20122 [ 192, 271, 92, 52 ]
EXPORTED_20122 [ 192, 272, 73, 37 ]
EXPORTED_20122 [ 192, 273, 68, 32 ]
EXPORTED_20122 [ 192, 274, 82, 42 ]
EXPORTED_20122 [ 192, 275, 73, 35 ]
EXPORTED_20122 [ 192, 276, 69, 35 ]
EXPORTED_20122 [ 192, 277, 84, 34 ]
EXPORTED_20122 [ 192, 278, 80, 30 ]
EXPORTED_20122 [ 192, 279, 71, 25 ]
EXPORTED_20122 [ 192, 280, 77, 27 ]
EXPORTED_20122 [ 192, 281, 77, 27 ]
EXPORTED_20122 [ 192, 282, 71, 25 ]
EXPORTED_20122 [ 192, 283, 126, 76 ]
EXPORTED_20122 [ 192, 284, 92, 42 ]
EXPORTED_20122 [ 192, 285, 120, 70 ]
EXPORTED_20122 [ 192, 286, 102, 56 ]
EXPORTED_20122 [ 192, 287, 85, 39 ]
EXPORTED_20122 [ 192, 288, 84, 38 ]
EXPORTED_20122 [ 192, 289, 87, 37 ]
EXPORTED_20122 [ 192, 290, 119, 69 ]
EXPORTED_20122 [ 192, 291, 124, 74 ]
EXPORTED_20122 [ 192, 292, 99, 53 ]
EXPORTED_20122 [ 192, 293, 104, 58 ]
EXPORTED_20122 [ 192, 294, 82, 32 ]
EXPORTED_20122 [ 192, 295, 82, 32 ]
EXPORTED_20122 [ 192, 296, 76, 30 ]
EXPORTED_20122 [ 192, 297, 104, 54 ]
EXPORTED_20122 [ 192, 298, 99, 49 ]
EXPORTED_20122 [ 192, 299, 105, 53 ]
EXPORTED_20122 [ 192, 300, 125, 73 ]
EXPORTED_20122 [ 192, 301, 106, 54 ]
EXPORTED_20122 [ 192, 302, 131, 79 ]
EXPORTED_20122 [ 192, 303, 116, 70 ]
EXPORTED_20122 [ 192, 304, 98, 52 ]
EXPORTED_20122 [ 192, 305, 99, 53 ]
EXPORTED_20122 [ 192, 306, 107, 61 ]
EXPORTED_20122 [ 192, 307, 71, 33 ]
EXPORTED_20122 [ 192, 308, 73, 35 ]
EXPORTED_20122 [ 192, 309, 92, 54 ]
EXPORTED_20122 [ 192, 310, 94, 56 ]
EXPORTED_20122 [ 192, 311, 90, 52 ]
EXPORTED_20122 [ 192, 312, 92, 54 ]
EXPORTED_20122 [ 192, 313, 69, 35 ]
EXPORTED_20122 [ 192, 314, 67, 33 ]
EXPORTED_20122 [ 192, 315, 92, 42 ]
EXPORTED_20122 [ 192, 316, 85, 35 ]
EXPORTED_20122 [ 192, 317, 86, 36 ]
EXPORTED_20122 [ 192, 318, 79, 29 ]
EXPORTED_20122 [ 192, 319, 81, 37 ]
EXPORTED_20122 [ 192, 320, 79, 29 ]
EXPORTED_20122 [ 192, 321, 86, 42 ]
EXPORTED_20122 [ 192, 322, 76, 26 ]
EXPORTED_20122 [ 192, 323, 77, 33 ]
EXPORTED_20122 [ 192, 324, 72, 28 ]
EXPORTED_20122 [ 192, 325, 76, 26 ]
EXPORTED_20122 [ 192, 326, 78, 34 ]
EXPORTED_20122 [ 192, 327, 70, 26 ]
EXPORTED_20122 [ 192, 328, 126, 76 ]
EXPORTED_20122 [ 192, 329, 120, 70 ]
EXPORTED_20122 [ 192, 330, 106, 56 ]
EXPORTED_20122 [ 192, 331, 104, 54 ]
EXPORTED_20122 [ 192, 332, 124, 74 ]
EXPORTED_20122 [ 192, 333, 79, 35 ]
EXPORTED_20122 [ 192, 334, 89, 45 ]
EXPORTED_20122 [ 192, 335, 119, 69 ]
EXPORTED_20122 [ 192, 336, 79, 35 ]
EXPORTED_20122 [ 192, 337, 84, 40 ]
EXPORTED_20122 [ 192, 338, 75, 31 ]
EXPORTED_20122 [ 192, 339, 82, 38 ]
EXPORTED_20122 [ 192, 340, 106, 56 ]
EXPORTED_20122 [ 192, 341, 87, 43 ]
EXPORTED_20122 [ 192, 342, 101, 51 ]
EXPORTED_20122 [ 192, 343, 75, 31 ]
EXPORTED_20122 [ 192, 344, 91, 41 ]
EXPORTED_20122 [ 192, 345, 92, 48 ]
EXPORTED_20122 [ 192, 346, 84, 40 ]
EXPORTED_20122 [ 192, 347, 82, 40 ]
EXPORTED_20122 [ 192, 348, 75, 33 ]
EXPORTED_20122 [ 192, 349, 76, 34 ]
EXPORTED_20122 [ 192, 350, 69, 27 ]
EXPORTED_20122 [ 192, 351, 68, 30 ]
EXPORTED_20122 [ 192, 352, 69, 27 ]
EXPORTED_20122 [ 192, 353, 69, 31 ]
EXPORTED_20122 [ 192, 354, 73, 35 ]
EXPORTED_20122 [ 192, 355, 66, 24 ]
EXPORTED_20122 [ 192, 356, 64, 26 ]
EXPORTED_20122 [ 192, 357, 75, 37 ]
EXPORTED_20122 [ 192, 358, 66, 24 ]
EXPORTED_20122 [ 192, 359, 67, 29 ]
EXPORTED_20122 [ 192, 360, 102, 60 ]
EXPORTED_20122 [ 192, 361, 96, 54 ]
EXPORTED_20122 [ 192, 362, 102, 60 ]
EXPORTED_20122 [ 192, 363, 100, 58 ]
EXPORTED_20122 [ 192, 364, 71, 33 ]
EXPORTED_20122 [ 192, 365, 100, 58 ]
EXPORTED_20122 [ 192, 366, 81, 43 ]
EXPORTED_20122 [ 192, 367, 97, 55 ]
EXPORTED_20122 [ 192, 368, 95, 53 ]
EXPORTED_20122 [ 192, 369, 102, 60 ]
EXPORTED_20122 [ 192, 370, 71, 33 ]
EXPORTED_20122 [ 192, 371, 79, 41 ]
EXPORTED_20122 [ 192, 372, 76, 38 ]
EXPORTED_20122 [ 192, 373, 67, 29 ]
EXPORTED_20122 [ 192, 374, 67, 29 ]
EXPORTED_20122 [ 192, 375, 74, 36 ]
EXPORTED_20122 [ 192, 376, 81, 39 ]
EXPORTED_20122 [ 192, 377, 79, 41 ]
EXPORTED_20122 [ 192, 378, 81, 43 ]
EXPORTED_20122 [ 192, 379, 107, 63 ]
EXPORTED_20122 [ 192, 380, 98, 56 ]
EXPORTED_20122 [ 192, 381, 106, 62 ]
EXPORTED_20122 [ 192, 382, 73, 31 ]
EXPORTED_20122 [ 192, 383, 75, 31 ]
EXPORTED_20122 [ 192, 384, 97, 55 ]
EXPORTED_20122 [ 192, 385, 93, 49 ]
EXPORTED_20122 [ 192, 386, 94, 52 ]
EXPORTED_20122 [ 192, 387, 65, 29 ]
EXPORTED_20122 [ 192, 388, 63, 27 ]
EXPORTED_20122 [ 192, 389, 70, 32 ]
EXPORTED_20122 [ 192, 390, 66, 28 ]
EXPORTED_20122 [ 192, 391, 88, 50 ]
EXPORTED_20122 [ 192, 392, 78, 40 ]
EXPORTED_20122 [ 192, 393, 86, 48 ]
EXPORTED_20122 [ 192, 394, 74, 36 ]
EXPORTED_20122 [ 192, 395, 80, 44 ]
EXPORTED_20122 [ 192, 396, 82, 44 ]
EXPORTED_20122 [ 192, 397, 80, 42 ]
EXPORTED_20122 [ 192, 398, 75, 39 ]
EXPORTED_20122 [ 192, 399, 66, 30 ]
EXPORTED_20122 [ 192, 400, 79, 41 ]
EXPORTED_20122 [ 192, 401, 73, 35 ]
EXPORTED_20122 [ 192, 402, 89, 51 ]
EXPORTED_20122 [ 192, 403, 80, 44 ]
EXPORTED_20122 [ 192, 404, 74, 38 ]
EXPORTED_20122 [ 192, 405, 73, 35 ]
EXPORTED_20122 [ 192, 406, 69, 33 ]
EXPORTED_20122 [ 192, 407, 83, 45 ]
EXPORTED_20122 [ 192, 408, 73, 35 ]
EXPORTED_20122 [ 192, 409, 67, 29 ]
EXPORTED_20122 [ 192, 410, 67, 29 ]
EXPORTED_20122 [ 192, 411, 79, 43 ]
EXPORTED_20122 [ 192, 412, 72, 36 ]
EXPORTED_20122 [ 192, 413, 65, 31 ]
EXPORTED_20122 [ 192, 414, 67, 31 ]
EXPORTED_20122 [ 192, 415, 63, 27 ]
EXPORTED_20122 [ 192, 416, 62, 28 ]
EXPORTED_20122 [ 192, 417, 61, 25 ]
EXPORTED_20122 [ 192, 418, 83, 47 ]
EXPORTED_20122 [ 192, 419, 75, 39 ]
EXPORTED_20122 [ 192, 420, 77, 41 ]
EXPORTED_20122 [ 192, 421, 69, 35 ]
EXPORTED_20122 [ 192, 422, 74, 40 ]
EXPORTED_20122 [ 192, 423, 80, 44 ]
EXPORTED_20122 [ 192, 424, 83, 47 ]
EXPORTED_20122 [ 192, 425, 70, 36 ]
EXPORTED_20122 [ 192, 426, 73, 37 ]
EXPORTED_20122 [ 192, 427, 65, 31 ]
EXPORTED_20122 [ 192, 428, 84, 48 ]
EXPORTED_20122 [ 192, 429, 71, 37 ]
EXPORTED_20122 [ 192, 430, 68, 34 ]
EXPORTED_20122 [ 192, 431, 85, 49 ]
EXPORTED_20122 [ 192, 432, 73, 37 ]
EXPORTED_20122 [ 192, 433, 67, 31 ]
EXPORTED_20122 [ 192, 434, 65, 31 ]
EXPORTED_20122 [ 192, 435, 63, 27 ]
EXPORTED_20122 [ 192, 436, 62, 28 ]
EXPORTED_20122 [ 192, 437, 61, 25 ]
EXPORTED_20122 [ 192, 438, 83, 47 ]
EXPORTED_20122 [ 192, 439, 75, 39 ]
EXPORTED_20122 [ 192, 440, 77, 41 ]
EXPORTED_20122 [ 192, 441, 74, 40 ]
EXPORTED_20122 [ 192, 442, 85, 49 ]
EXPORTED_20122 [ 192, 443, 69, 35 ]
EXPORTED_20122 [ 192, 444, 70, 36 ]
EXPORTED_20122 [ 192, 445, 78, 42 ]
EXPORTED_20122 [ 192, 446, 75, 39 ]
EXPORTED_20122 [ 192, 447, 65, 31 ]
EXPORTED_20122 [ 192, 448, 78, 42 ]
EXPORTED_20122 [ 192, 449, 71, 37 ]
EXPORTED_20122 [ 192, 450, 68, 34 ]
EXPORTED_20122 [ 192, 451, 68, 38 ]
EXPORTED_20122 [ 192, 452, 66, 36 ]
EXPORTED_20122 [ 192, 453, 67, 37 ]
EXPORTED_20122 [ 192, 454, 68, 38 ]
EXPORTED_20122 [ 192, 455, 65, 35 ]
EXPORTED_20122 [ 192, 456, 69, 39 ]
EXPORTED_20122 [ 192, 457, 67, 37 ]
EXPORTED_20122 [ 192, 458, 63, 35 ]
EXPORTED_20122 [ 192, 459, 59, 31 ]
EXPORTED_20122 [ 192, 460, 55, 29 ]
EXPORTED_20122 [ 192, 461, 63, 35 ]
EXPORTED_20122 [ 192, 462, 59, 31 ]
EXPORTED_20122 [ 192, 463, 55, 29 ]
EXPORTED_20122 [ 192, 464, 55, 27 ]
EXPORTED_20122 [ 192, 465, 58, 32 ]
EXPORTED_20122 [ 192, 466, 55, 29 ]
EXPORTED_20122 [ 192, 467, 58, 32 ]
EXPORTED_20122 [ 192, 468, 54, 28 ]
EXPORTED_20122 [ 192, 469, 63, 35 ]
EXPORTED_20122 [ 192, 470, 59, 31 ]
EXPORTED_20122 [ 192, 471, 56, 28 ]
EXPORTED_20122 [ 192, 472, 58, 32 ]
EXPORTED_20122 [ 192, 473, 58, 32 ]
EXPORTED_20122 [ 192, 474, 54, 28 ]
EXPORTED_20122 [ 192, 475, 55, 29 ]
EXPORTED_20122 [ 192, 476, 53, 29 ]
EXPORTED_20122 [ 192, 477, 53, 29 ]
EXPORTED_20122 [ 192, 478, 54, 30 ]
EXPORTED_20122 [ 192, 479, 135, 27 ]
EXPORTED_20122 [ 192, 480, 119, 27 ]
EXPORTED_20122 [ 192, 481, 115, 27 ]
EXPORTED_20122 [ 192, 482, 119, 19 ]
EXPORTED_20122 [ 192, 483, 107, 19 ]
EXPORTED_20122 [ 192, 484, 103, 15 ]
EXPORTED_20122 [ 192, 485, 95, 15 ]
EXPORTED_20122 [ 192, 486, 123, 47 ]
EXPORTED_20122 [ 192, 487, 129, 41 ]
EXPORTED_20122 [ 192, 488, 137, 49 ]
EXPORTED_20122 [ 192, 489, 183, 75 ]
EXPORTED_20122 [ 192, 490, 141, 53 ]
EXPORTED_20122 [ 192, 491, 135, 43 ]
EXPORTED_20122 [ 192, 492, 117, 37 ]
EXPORTED_20122 [ 192, 493, 147, 47 ]
EXPORTED_20122 [ 192, 494, 147, 39 ]
EXPORTED_20122 [ 192, 495, 123, 31 ]
EXPORTED_20122 [ 192, 496, 111, 27 ]
EXPORTED_20122 [ 192, 497, 173, 85 ]
EXPORTED_20122 [ 192, 498, 173, 85 ]
EXPORTED_20122 [ 192, 499, 135, 55 ]
EXPORTED_20122 [ 192, 500, 195, 63 ]
EXPORTED_20122 [ 192, 501, 177, 57 ]
EXPORTED_20122 [ 192, 502, 169, 49 ]
EXPORTED_20122 [ 192, 503, 147, 43 ]
EXPORTED_20122 [ 192, 504, 147, 43 ]
EXPORTED_20122 [ 192, 505, 177, 57 ]
EXPORTED_20122 [ 192, 506, 153, 49 ]
EXPORTED_20122 [ 192, 507, 145, 41 ]
EXPORTED_20122 [ 192, 508, 145, 41 ]
EXPORTED_20122 [ 192, 509, 183, 51 ]
EXPORTED_20122 [ 192, 510, 151, 39 ]
EXPORTED_20122 [ 192, 511, 135, 35 ]
EXPORTED_20122 [ 192, 512, 137, 33 ]
EXPORTED_20122 [ 192, 513, 153, 57 ]
EXPORTED_20122 [ 192, 514, 313, 193 ]
EXPORTED_20122 [ 192, 515, 195, 91 ]
EXPORTED_20122 [ 192, 516, 181, 77 ]
EXPORTED_20122 [ 192, 517, 203, 83 ]
EXPORTED_20122 [ 192, 518, 169, 69 ]
EXPORTED_20122 [ 192, 519, 213, 109 ]
EXPORTED_20122 [ 192, 520, 171, 67 ]
EXPORTED_20122 [ 192, 521, 103, 27 ]
EXPORTED_20122 [ 192, 522, 103, 27 ]
EXPORTED_20122 [ 192, 523, 93, 25 ]
EXPORTED_20122 [ 192, 524, 139, 63 ]
EXPORTED_20122 [ 192, 525, 115, 47 ]
EXPORTED_20122 [ 192, 526, 88, 26 ]
