EXPORTED_20122 [ 72, 1, 10, 1 ]
EXPORTED_20122 [ 72, 3, 10, 2 ]
EXPORTED_20122 [ 72, 4, 12, 3 ]
EXPORTED_20122 [ 72, 5, 14, 5 ]
EXPORTED_20122 [ 72, 6, 14, 5 ]
EXPORTED_20122 [ 72, 7, 18, 3 ]
EXPORTED_20122 [ 72, 8, 16, 4 ]
EXPORTED_20122 [ 72, 12, 17, 2 ]
EXPORTED_20122 [ 72, 13, 19, 1 ]
EXPORTED_20122 [ 72, 15, 11, 5 ]
EXPORTED_20122 [ 72, 16, 18, 2 ]
EXPORTED_20122 [ 72, 17, 26, 11 ]
EXPORTED_20122 [ 72, 19, 10, 2 ]
EXPORTED_20122 [ 72, 20, 20, 10 ]
EXPORTED_20122 [ 72, 21, 18, 8 ]
EXPORTED_20122 [ 72, 22, 20, 10 ]
EXPORTED_20122 [ 72, 23, 19, 9 ]
EXPORTED_20122 [ 72, 24, 16, 6 ]
EXPORTED_20122 [ 72, 25, 16, 8 ]
EXPORTED_20122 [ 72, 26, 21, 6 ]
EXPORTED_20122 [ 72, 27, 25, 10 ]
EXPORTED_20122 [ 72, 28, 25, 10 ]
EXPORTED_20122 [ 72, 29, 31, 6 ]
EXPORTED_20122 [ 72, 30, 29, 8 ]
EXPORTED_20122 [ 72, 31, 21, 3 ]
EXPORTED_20122 [ 72, 32, 23, 5 ]
EXPORTED_20122 [ 72, 33, 23, 5 ]
EXPORTED_20122 [ 72, 34, 33, 3 ]
EXPORTED_20122 [ 72, 35, 28, 4 ]
EXPORTED_20122 [ 72, 39, 6, 3 ]
EXPORTED_20122 [ 72, 40, 13, 9 ]
EXPORTED_20122 [ 72, 41, 8, 5 ]
EXPORTED_20122 [ 72, 42, 17, 11 ]
EXPORTED_20122 [ 72, 43, 14, 8 ]
EXPORTED_20122 [ 72, 44, 15, 9 ]
EXPORTED_20122 [ 72, 45, 14, 6 ]
EXPORTED_20122 [ 72, 46, 30, 20 ]
EXPORTED_20122 [ 72, 47, 24, 8 ]
EXPORTED_20122 [ 72, 48, 47, 22 ]
EXPORTED_20122 [ 72, 49, 41, 11 ]
PASS_20_122_EXPORT order=72 catalogue=50 nilpotent=10 exported=40
