EXPORTED_20122 [ 144, 1, 13, 1 ]
EXPORTED_20122 [ 144, 3, 15, 1 ]
EXPORTED_20122 [ 144, 4, 17, 5 ]
EXPORTED_20122 [ 144, 5, 19, 7 ]
EXPORTED_20122 [ 144, 6, 18, 6 ]
EXPORTED_20122 [ 144, 7, 18, 6 ]
EXPORTED_20122 [ 144, 8, 19, 7 ]
EXPORTED_20122 [ 144, 9, 27, 3 ]
EXPORTED_20122 [ 144, 10, 24, 3 ]
EXPORTED_20122 [ 144, 11, 31, 7 ]
EXPORTED_20122 [ 144, 12, 27, 6 ]
EXPORTED_20122 [ 144, 13, 29, 5 ]
EXPORTED_20122 [ 144, 14, 31, 10 ]
EXPORTED_20122 [ 144, 15, 22, 4 ]
EXPORTED_20122 [ 144, 16, 23, 5 ]
EXPORTED_20122 [ 144, 17, 19, 4 ]
EXPORTED_20122 [ 144, 18, 20, 5 ]
EXPORTED_20122 [ 144, 19, 41, 5 ]
EXPORTED_20122 [ 144, 28, 22, 2 ]
EXPORTED_20122 [ 144, 29, 25, 1 ]
EXPORTED_20122 [ 144, 31, 14, 6 ]
EXPORTED_20122 [ 144, 32, 15, 7 ]
EXPORTED_20122 [ 144, 33, 23, 7 ]
EXPORTED_20122 [ 144, 34, 29, 3 ]
EXPORTED_20122 [ 144, 35, 27, 5 ]
EXPORTED_20122 [ 144, 36, 23, 3 ]
EXPORTED_20122 [ 144, 37, 35, 11 ]
EXPORTED_20122 [ 144, 38, 43, 19 ]
EXPORTED_20122 [ 144, 39, 43, 19 ]
EXPORTED_20122 [ 144, 40, 34, 13 ]
EXPORTED_20122 [ 144, 41, 43, 19 ]
EXPORTED_20122 [ 144, 42, 36, 12 ]
EXPORTED_20122 [ 144, 43, 31, 13 ]
EXPORTED_20122 [ 144, 44, 32, 14 ]
EXPORTED_20122 [ 144, 45, 59, 11 ]
EXPORTED_20122 [ 144, 46, 51, 15 ]
EXPORTED_20122 [ 144, 51, 14, 2 ]
EXPORTED_20122 [ 144, 52, 29, 14 ]
EXPORTED_20122 [ 144, 53, 25, 10 ]
EXPORTED_20122 [ 144, 54, 27, 12 ]
EXPORTED_20122 [ 144, 55, 24, 9 ]
EXPORTED_20122 [ 144, 56, 29, 14 ]
EXPORTED_20122 [ 144, 57, 27, 12 ]
EXPORTED_20122 [ 144, 58, 27, 12 ]
EXPORTED_20122 [ 144, 59, 26, 11 ]
EXPORTED_20122 [ 144, 60, 25, 10 ]
EXPORTED_20122 [ 144, 61, 25, 10 ]
EXPORTED_20122 [ 144, 62, 24, 9 ]
EXPORTED_20122 [ 144, 63, 41, 16 ]
EXPORTED_20122 [ 144, 64, 46, 21 ]
EXPORTED_20122 [ 144, 65, 41, 16 ]
EXPORTED_20122 [ 144, 66, 38, 13 ]
EXPORTED_20122 [ 144, 67, 37, 12 ]
EXPORTED_20122 [ 144, 68, 18, 4 ]
EXPORTED_20122 [ 144, 69, 34, 14 ]
EXPORTED_20122 [ 144, 70, 32, 12 ]
EXPORTED_20122 [ 144, 71, 32, 12 ]
EXPORTED_20122 [ 144, 72, 34, 14 ]
EXPORTED_20122 [ 144, 73, 30, 10 ]
EXPORTED_20122 [ 144, 74, 46, 6 ]
EXPORTED_20122 [ 144, 75, 42, 6 ]
EXPORTED_20122 [ 144, 76, 54, 14 ]
EXPORTED_20122 [ 144, 77, 48, 12 ]
EXPORTED_20122 [ 144, 78, 50, 10 ]
EXPORTED_20122 [ 144, 79, 56, 20 ]
EXPORTED_20122 [ 144, 80, 42, 10 ]
EXPORTED_20122 [ 144, 81, 40, 8 ]
EXPORTED_20122 [ 144, 82, 36, 10 ]
EXPORTED_20122 [ 144, 83, 34, 8 ]
EXPORTED_20122 [ 144, 84, 74, 10 ]
EXPORTED_20122 [ 144, 85, 31, 7 ]
EXPORTED_20122 [ 144, 86, 30, 6 ]
EXPORTED_20122 [ 144, 87, 30, 6 ]
EXPORTED_20122 [ 144, 88, 31, 7 ]
EXPORTED_20122 [ 144, 89, 29, 5 ]
EXPORTED_20122 [ 144, 90, 51, 3 ]
EXPORTED_20122 [ 144, 91, 45, 3 ]
EXPORTED_20122 [ 144, 92, 55, 7 ]
EXPORTED_20122 [ 144, 93, 48, 6 ]
EXPORTED_20122 [ 144, 94, 53, 5 ]
EXPORTED_20122 [ 144, 95, 52, 10 ]
EXPORTED_20122 [ 144, 96, 41, 5 ]
EXPORTED_20122 [ 144, 97, 40, 4 ]
EXPORTED_20122 [ 144, 98, 35, 5 ]
EXPORTED_20122 [ 144, 99, 34, 4 ]
EXPORTED_20122 [ 144, 100, 77, 5 ]
EXPORTED_20122 [ 144, 109, 33, 17 ]
EXPORTED_20122 [ 144, 110, 63, 5 ]
EXPORTED_20122 [ 144, 111, 55, 1 ]
EXPORTED_20122 [ 144, 112, 99, 51 ]
EXPORTED_20122 [ 144, 114, 9, 3 ]
EXPORTED_20122 [ 144, 115, 27, 19 ]
EXPORTED_20122 [ 144, 116, 21, 13 ]
EXPORTED_20122 [ 144, 117, 21, 13 ]
EXPORTED_20122 [ 144, 118, 19, 11 ]
EXPORTED_20122 [ 144, 119, 17, 9 ]
EXPORTED_20122 [ 144, 120, 17, 11 ]
EXPORTED_20122 [ 144, 121, 22, 14 ]
EXPORTED_20122 [ 144, 122, 24, 16 ]
EXPORTED_20122 [ 144, 123, 32, 16 ]
EXPORTED_20122 [ 144, 124, 20, 12 ]
EXPORTED_20122 [ 144, 125, 21, 13 ]
EXPORTED_20122 [ 144, 126, 29, 13 ]
EXPORTED_20122 [ 144, 127, 21, 13 ]
EXPORTED_20122 [ 144, 128, 24, 16 ]
EXPORTED_20122 [ 144, 129, 28, 12 ]
EXPORTED_20122 [ 144, 130, 20, 8 ]
EXPORTED_20122 [ 144, 131, 19, 7 ]
EXPORTED_20122 [ 144, 132, 24, 12 ]
EXPORTED_20122 [ 144, 133, 22, 10 ]
EXPORTED_20122 [ 144, 134, 26, 6 ]
EXPORTED_20122 [ 144, 135, 24, 6 ]
EXPORTED_20122 [ 144, 136, 31, 13 ]
EXPORTED_20122 [ 144, 137, 39, 24 ]
EXPORTED_20122 [ 144, 138, 41, 26 ]
EXPORTED_20122 [ 144, 139, 40, 25 ]
EXPORTED_20122 [ 144, 140, 37, 22 ]
EXPORTED_20122 [ 144, 141, 40, 25 ]
EXPORTED_20122 [ 144, 142, 39, 24 ]
EXPORTED_20122 [ 144, 143, 49, 34 ]
EXPORTED_20122 [ 144, 144, 49, 34 ]
EXPORTED_20122 [ 144, 145, 49, 34 ]
EXPORTED_20122 [ 144, 146, 61, 36 ]
EXPORTED_20122 [ 144, 147, 43, 23 ]
EXPORTED_20122 [ 144, 148, 45, 24 ]
EXPORTED_20122 [ 144, 149, 53, 28 ]
EXPORTED_20122 [ 144, 150, 61, 36 ]
EXPORTED_20122 [ 144, 151, 57, 32 ]
EXPORTED_20122 [ 144, 152, 45, 20 ]
EXPORTED_20122 [ 144, 153, 55, 35 ]
EXPORTED_20122 [ 144, 154, 52, 31 ]
EXPORTED_20122 [ 144, 155, 38, 12 ]
EXPORTED_20122 [ 144, 156, 42, 20 ]
EXPORTED_20122 [ 144, 157, 32, 12 ]
EXPORTED_20122 [ 144, 158, 62, 22 ]
EXPORTED_20122 [ 144, 159, 78, 38 ]
EXPORTED_20122 [ 144, 160, 78, 38 ]
EXPORTED_20122 [ 144, 161, 62, 26 ]
EXPORTED_20122 [ 144, 162, 78, 38 ]
EXPORTED_20122 [ 144, 163, 64, 24 ]
EXPORTED_20122 [ 144, 164, 56, 26 ]
EXPORTED_20122 [ 144, 165, 58, 28 ]
EXPORTED_20122 [ 144, 166, 102, 22 ]
EXPORTED_20122 [ 144, 167, 94, 30 ]
EXPORTED_20122 [ 144, 168, 59, 11 ]
EXPORTED_20122 [ 144, 169, 67, 19 ]
EXPORTED_20122 [ 144, 170, 67, 19 ]
EXPORTED_20122 [ 144, 171, 55, 13 ]
EXPORTED_20122 [ 144, 172, 67, 19 ]
EXPORTED_20122 [ 144, 173, 60, 12 ]
EXPORTED_20122 [ 144, 174, 49, 13 ]
EXPORTED_20122 [ 144, 175, 50, 14 ]
EXPORTED_20122 [ 144, 176, 107, 11 ]
EXPORTED_20122 [ 144, 177, 87, 15 ]
EXPORTED_20122 [ 144, 182, 13, 10 ]
EXPORTED_20122 [ 144, 183, 34, 28 ]
EXPORTED_20122 [ 144, 184, 24, 9 ]
EXPORTED_20122 [ 144, 185, 15, 9 ]
EXPORTED_20122 [ 144, 186, 39, 31 ]
EXPORTED_20122 [ 144, 187, 23, 17 ]
EXPORTED_20122 [ 144, 188, 52, 36 ]
EXPORTED_20122 [ 144, 189, 39, 23 ]
EXPORTED_20122 [ 144, 190, 46, 30 ]
EXPORTED_20122 [ 144, 191, 42, 22 ]
EXPORTED_20122 [ 144, 192, 109, 84 ]
EXPORTED_20122 [ 144, 193, 78, 20 ]
EXPORTED_20122 [ 144, 194, 58, 4 ]
EXPORTED_20122 [ 144, 195, 182, 102 ]
EXPORTED_20122 [ 144, 196, 147, 51 ]
PASS_20_122_EXPORT order=144 catalogue=197 nilpotent=28 exported=169
