{
  "observed_utc": "2026-09-12T13:13:13.191860+00:00",
  "results": [
    {
      "n": 4,
      "states": 227,
      "leaves": 51,
      "edges": 1056,
      "uncompressed_sha256": "c5c9cea0bf4ed489450ac8ff92ae9b608a2d233c086e0234706f83088e29a629",
      "relation_implications": 3953,
      "status": "VERIFIED"
    },
    {
      "n": 5,
      "states": 10493,
      "leaves": 1736,
      "edges": 87570,
      "uncompressed_sha256": "ecedb5130dcac78fe523ff9c7a3c1387824d074f813efad141dc1f961ab2ca83",
      "relation_implications": 426345,
      "status": "VERIFIED"
    },
    {
      "n": 6,
      "states": 265104,
      "leaves": 48758,
      "edges": 3245190,
      "uncompressed_sha256": "d7874f87c95915c891d579212783912387a482c176eecf8519b5a51af3fb083e",
      "relation_implications": 19094383,
      "status": "VERIFIED"
    },
    {
      "n": 7,
      "states": 42891332,
      "leaves": 5435268,
      "edges": 786577344,
      "uncompressed_sha256": "4c3b5dea1a375efbe672107afd6d772426c51a901118a93de289a8de91359a1f",
      "verifier_mode": "sharded",
      "shard_count": 6,
      "completed_shards": 6,
      "verified_live_pids": [],
      "status": "VERIFIED",
      "relation_implications": 5447182055,
      "aggregate_path": "/project/results/20.100-n7-shards-summary.json"
    }
  ],
  "all_log_checks_pass": true
}
