EXPORTED_20122 [ 96, 1, 11, 1 ]
EXPORTED_20122 [ 96, 3, 18, 2 ]
EXPORTED_20122 [ 96, 4, 19, 9 ]
EXPORTED_20122 [ 96, 5, 18, 8 ]
EXPORTED_20122 [ 96, 6, 19, 9 ]
EXPORTED_20122 [ 96, 7, 18, 8 ]
EXPORTED_20122 [ 96, 8, 17, 7 ]
EXPORTED_20122 [ 96, 9, 37, 7 ]
EXPORTED_20122 [ 96, 10, 33, 7 ]
EXPORTED_20122 [ 96, 11, 33, 5 ]
EXPORTED_20122 [ 96, 12, 33, 11 ]
EXPORTED_20122 [ 96, 13, 39, 13 ]
EXPORTED_20122 [ 96, 14, 29, 7 ]
EXPORTED_20122 [ 96, 15, 29, 7 ]
EXPORTED_20122 [ 96, 16, 36, 14 ]
EXPORTED_20122 [ 96, 17, 32, 10 ]
EXPORTED_20122 [ 96, 18, 25, 3 ]
EXPORTED_20122 [ 96, 19, 23, 3 ]
EXPORTED_20122 [ 96, 20, 33, 11 ]
EXPORTED_20122 [ 96, 21, 29, 9 ]
EXPORTED_20122 [ 96, 22, 31, 9 ]
EXPORTED_20122 [ 96, 23, 31, 11 ]
EXPORTED_20122 [ 96, 24, 29, 7 ]
EXPORTED_20122 [ 96, 25, 29, 7 ]
EXPORTED_20122 [ 96, 26, 25, 5 ]
EXPORTED_20122 [ 96, 27, 35, 15 ]
EXPORTED_20122 [ 96, 28, 35, 15 ]
EXPORTED_20122 [ 96, 29, 24, 6 ]
EXPORTED_20122 [ 96, 30, 32, 14 ]
EXPORTED_20122 [ 96, 31, 28, 10 ]
EXPORTED_20122 [ 96, 32, 31, 13 ]
EXPORTED_20122 [ 96, 33, 22, 6 ]
EXPORTED_20122 [ 96, 34, 21, 5 ]
EXPORTED_20122 [ 96, 35, 20, 6 ]
EXPORTED_20122 [ 96, 36, 19, 5 ]
EXPORTED_20122 [ 96, 37, 45, 5 ]
EXPORTED_20122 [ 96, 38, 61, 15 ]
EXPORTED_20122 [ 96, 39, 44, 6 ]
EXPORTED_20122 [ 96, 40, 41, 5 ]
EXPORTED_20122 [ 96, 41, 45, 7 ]
EXPORTED_20122 [ 96, 42, 36, 6 ]
EXPORTED_20122 [ 96, 43, 33, 5 ]
EXPORTED_20122 [ 96, 44, 37, 7 ]
EXPORTED_20122 [ 96, 64, 19, 12 ]
EXPORTED_20122 [ 96, 65, 21, 8 ]
EXPORTED_20122 [ 96, 66, 22, 11 ]
EXPORTED_20122 [ 96, 67, 20, 10 ]
EXPORTED_20122 [ 96, 68, 24, 2 ]
EXPORTED_20122 [ 96, 69, 27, 8 ]
EXPORTED_20122 [ 96, 70, 29, 2 ]
EXPORTED_20122 [ 96, 71, 16, 2 ]
EXPORTED_20122 [ 96, 72, 24, 2 ]
EXPORTED_20122 [ 96, 73, 22, 4 ]
EXPORTED_20122 [ 96, 74, 19, 4 ]
EXPORTED_20122 [ 96, 75, 49, 21 ]
EXPORTED_20122 [ 96, 76, 49, 19 ]
EXPORTED_20122 [ 96, 77, 41, 15 ]
EXPORTED_20122 [ 96, 78, 69, 39 ]
EXPORTED_20122 [ 96, 79, 51, 25 ]
EXPORTED_20122 [ 96, 80, 61, 33 ]
EXPORTED_20122 [ 96, 81, 69, 39 ]
EXPORTED_20122 [ 96, 82, 51, 25 ]
EXPORTED_20122 [ 96, 83, 42, 18 ]
EXPORTED_20122 [ 96, 84, 55, 21 ]
EXPORTED_20122 [ 96, 85, 54, 20 ]
EXPORTED_20122 [ 96, 86, 45, 15 ]
EXPORTED_20122 [ 96, 87, 83, 49 ]
EXPORTED_20122 [ 96, 88, 64, 30 ]
EXPORTED_20122 [ 96, 89, 82, 48 ]
EXPORTED_20122 [ 96, 90, 54, 24 ]
EXPORTED_20122 [ 96, 91, 62, 32 ]
EXPORTED_20122 [ 96, 92, 53, 23 ]
EXPORTED_20122 [ 96, 93, 56, 22 ]
EXPORTED_20122 [ 96, 94, 48, 22 ]
EXPORTED_20122 [ 96, 95, 47, 21 ]
EXPORTED_20122 [ 96, 96, 40, 16 ]
EXPORTED_20122 [ 96, 97, 41, 15 ]
EXPORTED_20122 [ 96, 98, 59, 33 ]
EXPORTED_20122 [ 96, 99, 51, 25 ]
EXPORTED_20122 [ 96, 100, 60, 34 ]
EXPORTED_20122 [ 96, 101, 51, 27 ]
EXPORTED_20122 [ 96, 102, 60, 34 ]
EXPORTED_20122 [ 96, 103, 49, 25 ]
EXPORTED_20122 [ 96, 104, 50, 24 ]
EXPORTED_20122 [ 96, 105, 42, 18 ]
EXPORTED_20122 [ 96, 106, 49, 27 ]
EXPORTED_20122 [ 96, 107, 45, 23 ]
EXPORTED_20122 [ 96, 108, 41, 21 ]
EXPORTED_20122 [ 96, 109, 45, 23 ]
EXPORTED_20122 [ 96, 110, 49, 27 ]
EXPORTED_20122 [ 96, 111, 41, 21 ]
EXPORTED_20122 [ 96, 112, 41, 19 ]
EXPORTED_20122 [ 96, 113, 44, 24 ]
EXPORTED_20122 [ 96, 114, 41, 21 ]
EXPORTED_20122 [ 96, 115, 44, 24 ]
EXPORTED_20122 [ 96, 116, 40, 20 ]
EXPORTED_20122 [ 96, 117, 49, 27 ]
EXPORTED_20122 [ 96, 118, 45, 23 ]
EXPORTED_20122 [ 96, 119, 42, 20 ]
EXPORTED_20122 [ 96, 120, 44, 24 ]
EXPORTED_20122 [ 96, 121, 44, 24 ]
EXPORTED_20122 [ 96, 122, 40, 20 ]
EXPORTED_20122 [ 96, 123, 41, 21 ]
EXPORTED_20122 [ 96, 124, 39, 21 ]
EXPORTED_20122 [ 96, 125, 39, 21 ]
EXPORTED_20122 [ 96, 126, 40, 22 ]
EXPORTED_20122 [ 96, 127, 65, 11 ]
EXPORTED_20122 [ 96, 128, 57, 11 ]
EXPORTED_20122 [ 96, 129, 81, 27 ]
EXPORTED_20122 [ 96, 130, 69, 23 ]
EXPORTED_20122 [ 96, 131, 57, 17 ]
EXPORTED_20122 [ 96, 132, 73, 19 ]
EXPORTED_20122 [ 96, 133, 61, 15 ]
EXPORTED_20122 [ 96, 134, 89, 43 ]
EXPORTED_20122 [ 96, 135, 67, 27 ]
EXPORTED_20122 [ 96, 136, 58, 20 ]
EXPORTED_20122 [ 96, 137, 67, 27 ]
EXPORTED_20122 [ 96, 138, 57, 19 ]
EXPORTED_20122 [ 96, 139, 52, 16 ]
EXPORTED_20122 [ 96, 140, 53, 15 ]
EXPORTED_20122 [ 96, 141, 74, 20 ]
EXPORTED_20122 [ 96, 142, 61, 17 ]
EXPORTED_20122 [ 96, 143, 59, 17 ]
EXPORTED_20122 [ 96, 144, 87, 43 ]
EXPORTED_20122 [ 96, 145, 68, 26 ]
EXPORTED_20122 [ 96, 146, 69, 25 ]
EXPORTED_20122 [ 96, 147, 75, 33 ]
EXPORTED_20122 [ 96, 148, 49, 19 ]
EXPORTED_20122 [ 96, 149, 44, 16 ]
EXPORTED_20122 [ 96, 150, 45, 15 ]
EXPORTED_20122 [ 96, 151, 49, 19 ]
EXPORTED_20122 [ 96, 152, 54, 16 ]
EXPORTED_20122 [ 96, 153, 52, 22 ]
EXPORTED_20122 [ 96, 154, 53, 23 ]
EXPORTED_20122 [ 96, 155, 51, 11 ]
EXPORTED_20122 [ 96, 156, 49, 19 ]
EXPORTED_20122 [ 96, 157, 46, 16 ]
EXPORTED_20122 [ 96, 158, 45, 15 ]
EXPORTED_20122 [ 96, 159, 113, 19 ]
EXPORTED_20122 [ 96, 160, 106, 24 ]
EXPORTED_20122 [ 96, 185, 33, 20 ]
EXPORTED_20122 [ 96, 186, 43, 30 ]
EXPORTED_20122 [ 96, 187, 43, 30 ]
EXPORTED_20122 [ 96, 188, 31, 20 ]
EXPORTED_20122 [ 96, 189, 35, 24 ]
EXPORTED_20122 [ 96, 190, 30, 20 ]
EXPORTED_20122 [ 96, 191, 28, 18 ]
EXPORTED_20122 [ 96, 192, 29, 19 ]
EXPORTED_20122 [ 96, 193, 32, 22 ]
EXPORTED_20122 [ 96, 194, 52, 24 ]
EXPORTED_20122 [ 96, 195, 50, 28 ]
EXPORTED_20122 [ 96, 196, 58, 8 ]
EXPORTED_20122 [ 96, 197, 58, 8 ]
EXPORTED_20122 [ 96, 198, 56, 16 ]
EXPORTED_20122 [ 96, 199, 40, 6 ]
EXPORTED_20122 [ 96, 200, 44, 8 ]
EXPORTED_20122 [ 96, 201, 41, 6 ]
EXPORTED_20122 [ 96, 202, 41, 8 ]
EXPORTED_20122 [ 96, 203, 34, 2 ]
EXPORTED_20122 [ 96, 204, 37, 2 ]
EXPORTED_20122 [ 96, 205, 105, 51 ]
EXPORTED_20122 [ 96, 206, 145, 91 ]
EXPORTED_20122 [ 96, 207, 145, 91 ]
EXPORTED_20122 [ 96, 208, 105, 59 ]
EXPORTED_20122 [ 96, 209, 145, 91 ]
EXPORTED_20122 [ 96, 210, 109, 55 ]
EXPORTED_20122 [ 96, 211, 107, 59 ]
EXPORTED_20122 [ 96, 212, 97, 59 ]
EXPORTED_20122 [ 96, 213, 101, 63 ]
EXPORTED_20122 [ 96, 214, 91, 55 ]
EXPORTED_20122 [ 96, 215, 102, 62 ]
EXPORTED_20122 [ 96, 216, 103, 63 ]
EXPORTED_20122 [ 96, 217, 93, 53 ]
EXPORTED_20122 [ 96, 218, 185, 51 ]
EXPORTED_20122 [ 96, 219, 165, 71 ]
EXPORTED_20122 [ 96, 226, 104, 76 ]
EXPORTED_20122 [ 96, 227, 46, 25 ]
EXPORTED_20122 [ 96, 228, 162, 16 ]
EXPORTED_20122 [ 96, 229, 136, 2 ]
EXPORTED_20122 [ 96, 230, 441, 307 ]
PASS_20_122_EXPORT order=96 catalogue=231 nilpotent=51 exported=180
