PROGRESS_2021_1536_KERNEL_CONTROLS 1000 942
PROGRESS_2021_1536_KERNEL_CONTROLS 2000 1898
PROGRESS_2021_1536_KERNEL_CONTROLS 3000 2738
PROGRESS_2021_1536_KERNEL_CONTROLS 4000 3694
PROGRESS_2021_1536_KERNEL_CONTROLS 5000 4626
PROGRESS_2021_1536_KERNEL_CONTROLS 6000 5610
PROGRESS_2021_1536_KERNEL_CONTROLS 7000 6530
PROGRESS_2021_1536_KERNEL_CONTROLS 8000 7394
PROGRESS_2021_1536_KERNEL_CONTROLS 9000 8175
PROGRESS_2021_1536_KERNEL_CONTROLS 10000 8968
PROGRESS_2021_1536_KERNEL_CONTROLS 11000 9771
PROGRESS_2021_1536_KERNEL_CONTROLS 12000 10571
PROGRESS_2021_1536_KERNEL_CONTROLS 13000 11374
PROGRESS_2021_1536_KERNEL_CONTROLS 14000 12307
PROGRESS_2021_1536_KERNEL_CONTROLS 15000 13001
PROGRESS_2021_1536_KERNEL_CONTROLS 16000 13695
PROGRESS_2021_1536_KERNEL_CONTROLS 17000 14445
PROGRESS_2021_1536_KERNEL_CONTROLS 18000 14982
PROGRESS_2021_1536_KERNEL_CONTROLS 19000 15745
PROGRESS_2021_1536_KERNEL_CONTROLS 20000 16367
PROGRESS_2021_1536_KERNEL_CONTROLS 21000 17210
PROGRESS_2021_1536_KERNEL_CONTROLS 22000 17942
PROGRESS_2021_1536_KERNEL_CONTROLS 23000 18535
PROGRESS_2021_1536_KERNEL_CONTROLS 24000 19158
PROGRESS_2021_1536_KERNEL_CONTROLS 25000 19900
PROGRESS_2021_1536_KERNEL_CONTROLS 26000 20319
PROGRESS_2021_1536_KERNEL_CONTROLS 27000 20970
PROGRESS_2021_1536_KERNEL_CONTROLS 28000 21599
PROGRESS_2021_1536_KERNEL_CONTROLS 29000 22439
PROGRESS_2021_1536_KERNEL_CONTROLS 30000 22890
PASS_2021_ORDER1536_PACKET 67 catalogue=408641062 searched=18028 pairs=26760 lower_bound=3072
