PROGRESS_2021_1536_KERNEL_CONTROLS 1000 942
PROGRESS_2021_1536_KERNEL_CONTROLS 2000 1898
PROGRESS_2021_1536_KERNEL_CONTROLS 3000 2738
PROGRESS_2021_1536_KERNEL_CONTROLS 4000 3694
PROGRESS_2021_1536_KERNEL_CONTROLS 5000 4626
PROGRESS_2021_1536_KERNEL_CONTROLS 6000 5610
PROGRESS_2021_1536_KERNEL_CONTROLS 7000 6530
PROGRESS_2021_1536_KERNEL_CONTROLS 8000 7394
PROGRESS_2021_1536_KERNEL_CONTROLS 9000 8175
PROGRESS_2021_1536_KERNEL_CONTROLS 10000 8968
PROGRESS_2021_1536_KERNEL_CONTROLS 11000 9771
PROGRESS_2021_1536_KERNEL_CONTROLS 12000 10571
PROGRESS_2021_1536_KERNEL_CONTROLS 13000 11374
PROGRESS_2021_1536_KERNEL_CONTROLS 14000 12307
PROGRESS_2021_1536_KERNEL_CONTROLS 15000 13001
PROGRESS_2021_1536_KERNEL_CONTROLS 16000 13695
PROGRESS_2021_1536_KERNEL_CONTROLS 17000 14445
PROGRESS_2021_1536_KERNEL_CONTROLS 18000 14982
PROGRESS_2021_1536_KERNEL_CONTROLS 19000 15745
PROGRESS_2021_1536_KERNEL_CONTROLS 20000 16367
PROGRESS_2021_1536_KERNEL_CONTROLS 21000 17210
PROGRESS_2021_1536_KERNEL_CONTROLS 22000 17942
PROGRESS_2021_1536_KERNEL_CONTROLS 23000 18535
PROGRESS_2021_1536_KERNEL_CONTROLS 24000 19158
PROGRESS_2021_1536_KERNEL_CONTROLS 25000 19900
PROGRESS_2021_1536_KERNEL_CONTROLS 26000 20319
PROGRESS_2021_1536_KERNEL_CONTROLS 27000 20970
PROGRESS_2021_1536_KERNEL_CONTROLS 28000 21599
PROGRESS_2021_1536_KERNEL_CONTROLS 29000 22439
PROGRESS_2021_1536_KERNEL_CONTROLS 30000 22890
PASS_2021_ORDER1536_KERNEL_CONTROLS {"abelianization_exponent_witnesses": 434, "abelianization_order_spectrum_witnesses": 208, "associativity_triples": 48435822592, "compressed_source_sha256": {"results/20.21-order1536-export-shard0-tables.grows.gz": "590d52c383a6d0b0e6ad5f7ba56718bf68fe01a7ee380cee1834c0633db5e330", "results/20.21-order1536-export-shard1-tables.grows.gz": "539fd1dd34c7a8566dfeba6e066348074b77db5fddb25c2ea3e454227f357c08", "results/20.21-order1536-export-shard2-tables.grows.gz": "94cdc34afca7f95fde9ff879ec1afd3c38c5a2010f61a3893f0cae1e430abbf3", "results/20.21-order1536-export-shard3-tables.grows.gz": "005f42ac89b2c90d27fd94a37af5eb296ac192567a86aa0704afa22bb5c1ed4d"}, "distinct_tables": 23096, "element_order_spectrum_witnesses": 26118, "groups": 5006, "kernel_tables": 30414, "native_library_sha256": "f9a0ce9aa455dc287762560841e9161df8d3d793865678a506e0c45122d01c43", "pairs": 26760}
