CONTROL52 order=3 id=1 classes=3
CONTROL52 order=5 id=1 classes=5
CONTROL52 order=7 id=1 classes=7
CONTROL52 order=9 id=1 classes=9
CONTROL52 order=9 id=2 classes=9
CONTROL52 order=11 id=1 classes=11
CONTROL52 order=13 id=1 classes=13
CONTROL52 order=15 id=1 classes=15
CONTROL52 order=17 id=1 classes=17
CONTROL52 order=19 id=1 classes=19
CONTROL52 order=21 id=1 classes=5
CONTROL52 order=21 id=2 classes=21
CONTROL52 order=23 id=1 classes=23
CONTROL52 order=25 id=1 classes=25
CONTROL52 order=25 id=2 classes=25
CONTROL52 order=27 id=1 classes=27
CONTROL52 order=27 id=2 classes=27
CONTROL52 order=27 id=3 classes=11
CONTROL52 order=27 id=4 classes=11
CONTROL52 order=27 id=5 classes=27
CONTROL52 order=29 id=1 classes=29
CONTROL52 order=31 id=1 classes=31
CONTROL52 order=33 id=1 classes=33
CONTROL52 order=35 id=1 classes=35
CONTROL52 order=37 id=1 classes=37
CONTROL52 order=39 id=1 classes=7
CONTROL52 order=39 id=2 classes=39
CONTROL52 order=41 id=1 classes=41
CONTROL52 order=43 id=1 classes=43
CONTROL52 order=45 id=1 classes=45
CONTROL52 order=45 id=2 classes=45
CONTROL52 order=47 id=1 classes=47
CONTROL52 order=49 id=1 classes=49
CONTROL52 order=49 id=2 classes=49
CONTROL52 order=51 id=1 classes=51
CONTROL52 order=53 id=1 classes=53
CONTROL52 order=55 id=1 classes=7
CONTROL52 order=55 id=2 classes=55
CONTROL52 order=57 id=1 classes=9
CONTROL52 order=57 id=2 classes=57
CONTROL52 order=59 id=1 classes=59
CONTROL52 order=61 id=1 classes=61
CONTROL52 order=63 id=1 classes=15
CONTROL52 order=63 id=2 classes=63
CONTROL52 order=63 id=3 classes=15
CONTROL52 order=63 id=4 classes=63
CONTROL52 order=65 id=1 classes=65
CONTROL52 order=67 id=1 classes=67
CONTROL52 order=69 id=1 classes=69
CONTROL52 order=71 id=1 classes=71
CONTROL52 order=73 id=1 classes=73
CONTROL52 order=75 id=1 classes=75
CONTROL52 order=75 id=2 classes=11
CONTROL52 order=75 id=3 classes=75
CONTROL52 order=77 id=1 classes=77
CONTROL52 order=79 id=1 classes=79
CONTROL52 order=81 id=1 classes=81
CONTROL52 order=81 id=2 classes=81
CONTROL52 order=81 id=3 classes=33
CONTROL52 order=81 id=4 classes=33
CONTROL52 order=81 id=5 classes=81
CONTROL52 order=81 id=6 classes=33
CONTROL52 order=81 id=7 classes=17
CONTROL52 order=81 id=8 classes=17
CONTROL52 order=81 id=9 classes=17
CONTROL52 order=81 id=10 classes=17
CONTROL52 order=81 id=11 classes=81
CONTROL52 order=81 id=12 classes=33
CONTROL52 order=81 id=13 classes=33
CONTROL52 order=81 id=14 classes=33
CONTROL52 order=81 id=15 classes=81
CONTROL52 order=83 id=1 classes=83
CONTROL52 order=85 id=1 classes=85
CONTROL52 order=87 id=1 classes=87
CONTROL52 order=89 id=1 classes=89
CONTROL52 order=91 id=1 classes=91
CONTROL52 order=93 id=1 classes=13
CONTROL52 order=93 id=2 classes=93
CONTROL52 order=95 id=1 classes=95
CONTROL52 order=97 id=1 classes=97
CONTROL52 order=99 id=1 classes=99
CONTROL52 order=99 id=2 classes=99
CONTROL52 order=1161 id=9 classes=137
CONTROL52 order=1161 id=10 classes=137
CONTROL52 order=1161 id=11 classes=137
CONTROL52 order=1161 id=12 classes=137
CONTROL30 order=1 classes=1 max_class=1 eligible=true
CONTROL30 order=6 classes=3 max_class=3 eligible=false
CONTROL30 order=8 classes=5 max_class=2 eligible=false
CONTROL30 order=60 classes=5 max_class=20 eligible=true
CONTROL30 order=360 classes=7 max_class=90 eligible=true
CONTROL30 order=120 classes=9 max_class=30 eligible=false
CONTROL30 order=3660 classes=305 max_class=20 eligible=false
CONTROL30 order=3600 classes=25 max_class=400 eligible=true
CONTROL30 order=960 classes=12 max_class=192 eligible=true
DONE controls52=86 controls30=9 PASS
