TABLE name=A10 order=1814400 max_class=226800
TABLE name=A11 order=19958400 max_class=2494800
TABLE name=A12 order=239500800 max_class=23950080
TABLE name=A13 order=3113510400 max_class=311351040
TABLE name=A14 order=43589145600 max_class=3632428800
TABLE name=A5 order=60 max_class=20
TABLE name=A6M2 order=60 max_class=20
TABLE name=A6 order=360 max_class=90
TABLE name=A7 order=2520 max_class=630
TABLE name=A8 order=20160 max_class=3360
TABLE name=A9 order=181440 max_class=30240
TABLE name=A15 order=653837184000 max_class=54486432000
TABLE name=A16 order=10461394944000 max_class=747242496000
TABLE name=A17 order=177843714048000 max_class=12703122432000
TABLE name=A18 order=3201186852864000 max_class=200074178304000
TABLE name=A19 order=60822550204416000 max_class=3801409387776000
TABLE name=F4(2) order=3311126603366400 max_class=254702046412800
TABLE name=G2(3) order=4245696 max_class=606528
TABLE name=G2(4) order=251596800 max_class=20966400
TABLE name=G2(5) order=5859000000 max_class=292950000
TABLE name=G2(7) order=664376138496 max_class=18454892736
TABLE name=R(27) order=10073444472 max_class=530181288
TABLE name=Sz(32) order=32537600 max_class=1301504
TABLE name=Sz(8) order=29120 max_class=5824
TABLE name=3^5:U4(2) order=6298560 max_class=524880
TABLE name=3^7:O7(3) order=10028164124160 max_class=417840171840
TABLE name=2^8:O8+(2) order=44590694400 max_class=2972712960
TABLE name=2^8:S8(2) order=12128668876800 max_class=808577925120
TABLE name=Co1 order=4157776806543360000 max_class=207888840327168000
TABLE name=Co2 order=42305421312000 max_class=3845947392000
TABLE name=Co3 order=495766656000 max_class=35411904000
TABLE name=J1 order=175560 max_class=29260
TABLE name=J2 order=604800 max_class=86400
TABLE name=J3 order=50232960 max_class=6279120
TABLE name=J4 order=86775571046077562880 max_class=3944344138458071040
TABLE name=2^5.2^4.L4(2) order=10321920 max_class=860160
TABLE name=2^(3+3+3).L3(2) order=86016 max_class=12288
TABLE name=NRS(O8+(2),2^(3+3+3)_a) order=86016 max_class=12288
TABLE name=NRS(O8+(2),2^(3+3+3)_b) order=86016 max_class=12288
TABLE name=E6(2) order=214841575522005575270400 max_class=
5967821542277932646400
TABLE name=F4(3) order=5734420792816671844761600 max_class=
102400371300297711513600
TABLE name=Fi22 order=64561751654400 max_class=4966288588800
TABLE name=F3+ order=1255205709190661721292800 max_class=
73835629952391865958400
TABLE name=Fi23 order=4089470473293004800 max_class=240557086664294400
TABLE name=P1/G1/L1/V1/ext2 order=960 max_class=192
TABLE name=P1/G1/L1/V1/ext3 order=4860 max_class=972
TABLE name=P1/G1/L1/V1/ext4 order=15360 max_class=3072
TABLE name=P1/G1/L1/V1/ext6 order=77760 max_class=15552
TABLE name=P1/G1/L1/V2/ext3 order=4860 max_class=972
TABLE name=P1/G1/L1/V2/ext6 order=77760 max_class=15552
TABLE name=P1/G2/L2/V2/ext2 order=1920 max_class=320
TABLE name=P1/G2/L2/V2/ext4 order=61440 max_class=5120
TABLE name=P1/G3/L2/V1/ext3 order=43740 max_class=2430
TABLE name=P11/G1/L1/V1/ext2 order=10752 max_class=1536
TABLE name=P11/G1/L1/V1/ext3 order=122472 max_class=17496
TABLE name=P11/G1/L1/V1/ext4 order=688128 max_class=98304
TABLE name=P11/G1/L1/V2/ext2 order=10752 max_class=1536
TABLE name=P11/G1/L1/V2/ext4 order=688128 max_class=98304
TABLE name=P11/G1/L1/V3/ext2 order=10752 max_class=1536
TABLE name=P11/G1/L1/V3/ext4 order=688128 max_class=98304
TABLE name=P11/G2/L1/V1/ext2 order=10752 max_class=1536
TABLE name=P11/G2/L1/V1/ext3 order=122472 max_class=17496
TABLE name=P11/G2/L1/V2/ext2 order=10752 max_class=1536
TABLE name=P11/G3/L1/V1/ext3 order=367416 max_class=30618
TABLE name=P11/G3/L1/V2/ext3 order=367416 max_class=30618
TABLE name=P11/G3/L3/V2/ext3 order=367416 max_class=30618
TABLE name=P11/G3/L4/V2/ext3 order=367416 max_class=30618
TABLE name=P11/G4/L1/V1/ext2 order=43008 max_class=3584
TABLE name=P12/G1/L2/V1/ext3 order=2204496 max_class=367416
TABLE name=P13/G1/L2/V1/ext3 order=2939328 max_class=244944
TABLE name=P2/G1/L1/V1/ext3 order=787320 max_class=196830
TABLE name=P2/G2/L1/V1/ext3 order=787320 max_class=196830
TABLE name=P2/G2/L1/V2/ext2 order=30720 max_class=5120
TABLE name=P21/G1/L3/V2/ext3 order=87480 max_class=7290
TABLE name=P21/G2/L2/V1/ext2 order=184320 max_class=18432
TABLE name=P21/G2/L2/V2/ext2 order=184320 max_class=18432
TABLE name=P21/G2/L2/V3/ext2 order=184320 max_class=18432
TABLE name=P21/G2/L5/V2/ext2 order=184320 max_class=18432
TABLE name=P27/G1/L1/V1/ext2 order=161280 max_class=23040
TABLE name=P27/G1/L1/V1/ext3 order=1837080 max_class=262440
TABLE name=P27/G1/L1/V1/ext4 order=10321920 max_class=1474560
TABLE name=P31/G1/L1/V1/ext3 order=44089920 max_class=2449440
TABLE name=P41/G1/L1/V1/ext3 order=1102248 max_class=52488
TABLE name=P41/G1/L1/V3/ext3 order=1102248 max_class=52488
TABLE name=P41/G1/L1/V4/ext3 order=1102248 max_class=52488
TABLE name=P41/G2/L1/V1/ext2 order=129024 max_class=14336
TABLE name=P43/G1/L1/V1/ext2 order=675840 max_class=61440
TABLE name=P43/G2/L1/V1/ext2 order=675840 max_class=61440
TABLE name=P43/G3/L1/V1/ext2 order=675840 max_class=61440
TABLE name=P43/G3/L1/V2/ext2 order=675840 max_class=61440
TABLE name=P48/G1/L1/V1/ext2 order=8110080 max_class=737280
TABLE name=P48/G1/L1/V2/ext2 order=8110080 max_class=737280
TABLE name=P49/G1/L1/V1/ext3 order=13226976 max_class=629856
TABLE name=P49/G1/L1/V2/ext3 order=13226976 max_class=629856
TABLE name=P50/G1/L1/V1/ext2 order=1658880 max_class=184320
TABLE name=P50/G1/L1/V1/ext4 order=106168320 max_class=11796480
TABLE name=J3M3 order=3420 max_class=380
TABLE name=L2(11) order=660 max_class=132
TABLE name=L2(13) order=1092 max_class=182
TABLE name=L2(16) order=4080 max_class=272
TABLE name=L2(17) order=2448 max_class=306
TABLE name=L2(19) order=3420 max_class=380
TABLE name=L2(23) order=6072 max_class=552
TABLE name=L2(25) order=7800 max_class=650
TABLE name=L2(27) order=9828 max_class=756
TABLE name=L2(29) order=12180 max_class=870
TABLE name=L2(31) order=14880 max_class=992
TABLE name=L2(32) order=32736 max_class=1056
TABLE name=L2(8) order=504 max_class=72
TABLE name=ONM8 order=14880 max_class=992
TABLE name=L2(49) order=58800 max_class=2450
TABLE name=L2(81) order=265680 max_class=6642
TABLE name=L3(4) order=20160 max_class=4032
TABLE name=L3(2) order=168 max_class=56
TABLE name=L3(3) order=5616 max_class=936
TABLE name=L3(5) order=372000 max_class=23250
TABLE name=L3(7) order=1876896 max_class=156408
TABLE name=L3(8) order=16482816 max_class=336384
TABLE name=L3(9) order=42456960 max_class=663390
TABLE name=L4(3) order=6065280 max_class=758160
TABLE name=L5(2) order=9999360 max_class=833280
TABLE name=L6(2) order=20158709760 max_class=959938560
TABLE name=L4(4) order=987033600 max_class=27417600
TABLE name=L7(2) order=163849992929280 max_class=3901190307840
TABLE name=L5(3) order=237783237120 max_class=4953817440
TABLE name=L2(37) order=25308 max_class=1406
TABLE name=L2(41) order=34440 max_class=1722
TABLE name=L2(43) order=39732 max_class=1892
TABLE name=L2(47) order=51888 max_class=2256
TABLE name=L2(53) order=74412 max_class=2862
TABLE name=L2(59) order=102660 max_class=3540
TABLE name=L2(61) order=113460 max_class=3782
TABLE name=L2(64) order=262080 max_class=4160
TABLE name=L2(67) order=150348 max_class=4556
TABLE name=L2(71) order=178920 max_class=5112
TABLE name=L2(73) order=194472 max_class=5402
TABLE name=L2(79) order=246480 max_class=6320
TABLE name=L2(83) order=285852 max_class=6972
TABLE name=L2(89) order=352440 max_class=8010
TABLE name=L2(97) order=456288 max_class=9506
TABLE name=L2(101) order=515100 max_class=10302
TABLE name=L2(103) order=546312 max_class=10712
TABLE name=L2(107) order=612468 max_class=11556
TABLE name=L2(109) order=647460 max_class=11990
TABLE name=L2(113) order=721392 max_class=12882
TABLE name=L2(121) order=885720 max_class=14762
TABLE name=L2(125) order=976500 max_class=15750
TABLE name=L4(5) order=7254000000 max_class=362700000
TABLE name=L4(9) order=50759843097600 max_class=396561274200
TABLE name=L8(2) order=5348063769211699200 max_class=63667425823948800
TABLE name=L3(11) order=212427600 max_class=2124276
TABLE name=HSM9 order=7920 max_class=1584
TABLE name=M11 order=7920 max_class=1584
TABLE name=M12 order=95040 max_class=15840
TABLE name=M12M2 order=7920 max_class=1584
TABLE name=M22 order=443520 max_class=88704
TABLE name=M23 order=10200960 max_class=1275120
TABLE name=M24 order=244823040 max_class=22256640
TABLE name=McLM3 order=443520 max_class=88704
TABLE name=ONM11 order=7920 max_class=1584
TABLE name=2^(3+12).(L3(2)xA6) order=1981808640 max_class=70778880
TABLE name=2^4:A5 order=960 max_class=320
TABLE name=L3(4)M4 order=360 max_class=90
TABLE name=L3(4)M5 order=360 max_class=90
TABLE name=L3(4)M7 order=168 max_class=56
TABLE name=L3(4)M8 order=168 max_class=56
TABLE name=U4(3)M3 order=25920 max_class=5184
TABLE name=U4(3)M9 order=5760 max_class=1152
TABLE name=U4(3)M12 order=2520 max_class=630
TABLE name=[2^30].L5(2) order=10736731045232640 max_class=346346162749440
TABLE name=2^(9+16).S8(2) order=1589728887019929600 max_class=
46756731971174400
TABLE name=3^3:L3(3) order=151632 max_class=18954
TABLE name=O8+(2)M2 order=1451520 max_class=207360
TABLE name=O8+(2)M3 order=1451520 max_class=207360
TABLE name=O8+(2)M5 order=1290240 max_class=184320
TABLE name=O8+(2)M6 order=1290240 max_class=184320
TABLE name=O8+(2)M8 order=181440 max_class=30240
TABLE name=O8+(2)M9 order=181440 max_class=30240
TABLE name=U6(2)M9 order=1451520 max_class=207360
TABLE name=U6(2)M10 order=1451520 max_class=207360
TABLE name=U6(2)M12 order=443520 max_class=88704
TABLE name=U6(2)M13 order=443520 max_class=88704
TABLE name=O7(3)M5 order=4245696 max_class=606528
TABLE name=3^(3+3):L3(3) order=4094064 max_class=511758
TABLE name=3^(3+3)b:L3(3) order=4094064 max_class=511758
TABLE name=O7(3)M8 order=1451520 max_class=207360
TABLE name=U3(5)M2 order=2520 max_class=630
TABLE name=U3(5)M3 order=2520 max_class=630
TABLE name=2^3:sl(3,2) order=1344 max_class=224
TABLE name=2^4:a6 order=5760 max_class=1152
TABLE name=2^4:a7 order=40320 max_class=8064
TABLE name=McLM10 order=40320 max_class=8064
TABLE name=2^4:a8 order=322560 max_class=26880
TABLE name=2^3+8:L3(2) order=344064 max_class=28672
TABLE name=2^4+6:3a6 order=1105920 max_class=92160
TABLE name=2^5.psl(5,2) order=319979520 max_class=26664960
TABLE name=2^6.U4(2) order=1658880 max_class=184320
TABLE name=3^5:M11 order=1924560 max_class=240570
TABLE name=4^3.L3(2) order=10752 max_class=1536
TABLE name=4^3:psl(3,2) order=10752 max_class=1536
TABLE name=5^3.psl(3,5) order=46500000 max_class=2325000
TABLE name=7^2:2psl(2,7) order=16464 max_class=2744
TABLE name=2^11:M24 order=501397585920 max_class=23876075520
TABLE name=2^4.a8 order=322560 max_class=26880
TABLE name=3^6:2M12 order=138568320 max_class=11547360
TABLE name=5^2:2A5 order=3000 max_class=750
TABLE name=2^6:L3(2) order=10752 max_class=1536
TABLE name=(2^6x2^8):S6(2) order=23781703680 max_class=2642411520
TABLE name=3^6:L3(3) order=4094064 max_class=314928
TABLE name=F3+M7 order=501397585920 max_class=23876075520
TABLE name=2^10:L5(2) order=10239344640 max_class=682622976
TABLE name=O10+(2)M4 order=10239344640 max_class=682622976
TABLE name=mx1j4 order=501397585920 max_class=23876075520
TABLE name=3^5.U4(2) order=6298560 max_class=524880
TABLE name=2^24.Co1 order=69755919563168164085760000 max_class=
2491282841541720145920000
TABLE name=2E6(2)M4 order=3311126603366400 max_class=254702046412800
TABLE name=2E6(2)M5 order=3311126603366400 max_class=254702046412800
TABLE name=2E6(2)M8 order=64561751654400 max_class=4966288588800
TABLE name=2E6(2)M9 order=64561751654400 max_class=4966288588800
TABLE name=2^(10+16).O10+(2) order=1577011055923770163200 max_class=
35044690131639336960
TABLE name=A5xA5 order=3600 max_class=400
TABLE name=2^8.A9 order=46448640 max_class=5160960
TABLE name=2..11.m23 order=20891566080 max_class=949616640
TABLE name=2^6:u3(3) order=387072 max_class=55296
TABLE name=2^10:m22 order=454164480 max_class=41287680
TABLE name=2^6:s6f2 order=92897280 max_class=13271040
TABLE name=mo62p order=960 max_class=192
TABLE name=2^6:A8 order=1290240 max_class=184320
TABLE name=ons1 order=10752 max_class=1536
TABLE name=P1L62 order=319979520 max_class=15237120
TABLE name=2^6:L6(2) order=1290157424640 max_class=30718033920
TABLE name=P1L82 order=20972799094947840 max_class=249676179701760
TABLE name=P3L62 order=14450688 max_class=688128
TABLE name=2^12:(L4(2)xL3(2)) order=13872660480 max_class=330301440
TABLE name=2^12:Sz(8) order=119275520 max_class=23855104
TABLE name=2^10:M22' order=454164480 max_class=41287680
TABLE name=2^12:J2 order=2477260800 max_class=353894400
TABLE name=B order=4154781481226426191177580544000000 max_class=
166191259249057047647103221760000
TABLE name=M order=808017424794512875886459904961710757005754368000000000
  max_class=19707742068158850631377070852724652609896448000000000
TABLE name=2F4(8) order=264905352699586176614400 max_class=
7568724362845319331840
TABLE name=2^5:L5(2) order=319979520 max_class=15237120
TABLE name=2^6:U4(2) order=1658880 max_class=184320
TABLE name=2^8:O8-(2) order=50536120320 max_class=2972712960
TABLE name=2^9.L3(4) order=10321920 max_class=1474560
TABLE name=3^4.2U4(2) order=4199040 max_class=524880
TABLE name=3^4:A6 order=29160 max_class=7290
TABLE name=3^6:L4(3) order=4421589120 max_class=552698640
TABLE name=O8+(3)M8 order=4421589120 max_class=552698640
TABLE name=O8+(3)M9 order=4421589120 max_class=552698640
TABLE name=3^7.O7(3) order=10028164124160 max_class=417840171840
TABLE name=2^3.L3(2) order=1344 max_class=224
TABLE name=2^10.A8 order=20643840 max_class=1474560
TABLE name=2^8:S6(2) order=371589120 max_class=41287680
TABLE name=2^6:A7 order=161280 max_class=23040
TABLE name=O10+(3) order=1289512799941305139200 max_class=17909899999184793600
TABLE name=Fi22M3 order=4585351680 max_class=352719360
TABLE name=O7(3) order=4585351680 max_class=352719360
TABLE name=O8+(3)M2 order=4585351680 max_class=352719360
TABLE name=O8+(3)M3 order=4585351680 max_class=352719360
TABLE name=O8+(3)M4 order=4585351680 max_class=352719360
TABLE name=O8+(3)M5 order=4585351680 max_class=352719360
TABLE name=O8+(3)M6 order=4585351680 max_class=352719360
TABLE name=O8+(2) order=174182400 max_class=24883200
TABLE name=O8+(3)M11 order=174182400 max_class=24883200
TABLE name=O8+(3)M12 order=174182400 max_class=24883200
TABLE name=O8+(3)M13 order=174182400 max_class=24883200
TABLE name=O8+(3) order=4952179814400 max_class=380936908800
TABLE name=O10+(2) order=23499295948800 max_class=1566619729920
TABLE name=O10-(2) order=25015379558400 max_class=1471492915200
TABLE name=O8-(2) order=197406720 max_class=21934080
TABLE name=O8-(3) order=10151968619520 max_class=362570307840
TABLE name=O12-(2) order=51615733565620224000 max_class=1564113138352128000
TABLE name=O12+(2) order=50027557148216524800 max_class=1613792166071500800
TABLE name=O7(5) order=228501000000000 max_class=4760437500000
TABLE name=O9(3) order=65784756654489600 max_class=1686788632166400
TABLE name=O10-(3) order=650084965259666227200 max_class=16252124131491655680
TABLE name=O8+(7) order=112554991177798901760000 max_class=
297764526925393920000
TABLE name=O12+(3) order=6762844700608770238252960972800 max_class=
65027352890468944598586163200
TABLE name=O12-(3) order=13562847888583522730562256896000 max_class=
60548428074033583618581504000
TABLE name=HN order=273030912000000 max_class=22752576000000
TABLE name=HS order=44352000 max_class=6336000
TABLE name=He order=4030387200 max_class=335865600
TABLE name=Ly order=51765179004000000 max_class=2875843278000000
TABLE name=McL order=898128000 max_class=112266000
TABLE name=ON order=460815505920 max_class=41892318720
TABLE name=Ru order=145926144000 max_class=12160512000
TABLE name=Suz order=448345497600 max_class=40758681600
TABLE name=Th order=90745943887872000 max_class=5041441327104000
TABLE name=S10(2) order=24815256521932800 max_class=827175217397760
TABLE name=S4(4) order=979200 max_class=81600
TABLE name=S4(5) order=4680000 max_class=390000
TABLE name=S6(2) order=1451520 max_class=207360
TABLE name=S6(3) order=4585351680 max_class=352719360
TABLE name=S8(2) order=47377612800 max_class=3384115200
TABLE name=F4(2)M4 order=47377612800 max_class=3384115200
TABLE name=S4(7) order=138297600 max_class=6585600
TABLE name=S4(8) order=1056706560 max_class=21565440
TABLE name=S4(9) order=1721606400 max_class=53800200
TABLE name=S6(4) order=4106059776000 max_class=91245772800
TABLE name=S6(5) order=228501000000000 max_class=4760437500000
TABLE name=S8(3) order=65784756654489600 max_class=1644618916362240
TABLE name=S12(2) order=208114637736580743168000 max_class=
3716332816724656128000
TABLE name=2F4(2)' order=17971200 max_class=1797120
TABLE name=3D4(2) order=211341312 max_class=17611776
TABLE name=3D4(3) order=20560831566912 max_class=419608807488
TABLE name=3D4(4) order=67802350642790400 max_class=401197341081600
TABLE name=2E6(2) order=76532479683774853939200 max_class=
5887113821828834918400
TABLE name=U4(3) order=3265920 max_class=653184
TABLE name=U3(3) order=6048 max_class=864
TABLE name=U3(4) order=62400 max_class=4800
TABLE name=U3(5) order=126000 max_class=18000
TABLE name=U3(7) order=5663616 max_class=131712
TABLE name=U3(8) order=5515776 max_class=290304
TABLE name=U3(9) order=42573600 max_class=583200
TABLE name=U3(11) order=70915680 max_class=1916640
TABLE name=U4(2) order=25920 max_class=5184
TABLE name=U5(2) order=13685760 max_class=1244160
TABLE name=U6(2) order=9196830720 max_class=1313832960
TABLE name=U4(4) order=1018368000 max_class=22630400
TABLE name=U4(5) order=14742000000 max_class=307125000
TABLE name=U5(4) order=53443952640000 max_class=1370357760000
TABLE name=U5(3) order=258190571520 max_class=4610545920
TABLE name=U7(2) order=227787103272960 max_class=5297374494720
TABLE name=U6(4) order=1120527288631296000000 max_class=1660040427601920000
TABLE name=Alt(2) order=1 max_class=1
TABLE name=Alt(5) order=60 max_class=20
TABLE name=Alt(6) order=360 max_class=90
TABLE name=Alt(7) order=2520 max_class=630
TABLE name=Alt(8) order=20160 max_class=3360
TABLE name=Alt(9) order=181440 max_class=30240
TABLE name=Alt(10) order=1814400 max_class=226800
TABLE name=Alt(11) order=19958400 max_class=2494800
TABLE name=Alt(12) order=239500800 max_class=23950080
TABLE name=Alt(13) order=3113510400 max_class=311351040
TABLE name=Alt(14) order=43589145600 max_class=3632428800
TABLE name=Alt(15) order=653837184000 max_class=54486432000
TABLE name=Alt(16) order=10461394944000 max_class=747242496000
TABLE name=Alt(17) order=177843714048000 max_class=12703122432000
TABLE name=Alt(18) order=3201186852864000 max_class=200074178304000
TABLE name=Alt(19) order=60822550204416000 max_class=3801409387776000
DONE tables=2750 eligible=340 hits=0
