ROW2089A [2,"GL",[ 0, 1, 1, 1 ],6,[ [ 1, 0, 0, 1 ] ],2,[  ]]
ROW2089A [2,"GL",[ 1, 0, 0, 1 ],6,[ [ 1, 0, 0, 1 ] ],1,[  ]]
ROW2089A [2,"GL",[ 1, 1, 0, 1 ],6,[ [ 0, 1, 1, 1 ], [ 1, 0, 0, 1 ], [ 1, 1, 1, 0 ] ],1,[ [ 0, 1, 1, 1 ] ]]
ROW2089A [2,"SL",[ 0, 1, 1, 1 ],6,[ [ 1, 0, 0, 1 ] ],2,[  ]]
ROW2089A [2,"SL",[ 1, 0, 0, 1 ],6,[ [ 1, 0, 0, 1 ] ],1,[  ]]
ROW2089A [2,"SL",[ 1, 1, 0, 1 ],6,[ [ 0, 1, 1, 1 ], [ 1, 0, 0, 1 ], [ 1, 1, 1, 0 ] ],1,[ [ 0, 1, 1, 1 ] ]]
ROW2089A [3,"GL",[ 0, 1, 1, 1 ],48,[ [ 1, 0, 0, 1 ], [ 1, 1, 2, 0 ], [ 1, 2, 1, 0 ], [ 2, 0, 1, 2 ], [ 2, 1, 0, 2 ] ],3,[ [ 1, 1, 2, 0 ], [ 2, 1, 0, 2 ], [ 1, 2, 1, 0 ] ]]
ROW2089A [3,"GL",[ 0, 1, 1, 2 ],48,[ [ 1, 0, 0, 1 ], [ 1, 1, 2, 0 ], [ 1, 2, 1, 0 ], [ 2, 0, 2, 2 ], [ 2, 2, 0, 2 ] ],3,[ [ 1, 1, 2, 0 ], [ 2, 2, 0, 2 ], [ 2, 0, 2, 2 ] ]]
ROW2089A [3,"GL",[ 0, 2, 1, 0 ],48,[ [ 1, 0, 0, 1 ] ],3,[  ]]
ROW2089A [3,"GL",[ 1, 0, 0, 1 ],48,[ [ 1, 0, 0, 1 ] ],2,[  ]]
ROW2089A [3,"GL",[ 1, 0, 0, 2 ],48,[ [ 1, 0, 0, 1 ], [ 1, 0, 1, 1 ], [ 1, 0, 2, 1 ], [ 1, 1, 0, 1 ], [ 1, 2, 0, 1 ] ],1,[ [ 1, 0, 1, 1 ] ]]
ROW2089A [3,"GL",[ 1, 1, 0, 1 ],48,[ [ 0, 2, 1, 0 ], [ 1, 0, 0, 1 ], [ 1, 1, 1, 2 ], [ 2, 1, 1, 1 ] ],2,[ [ 0, 2, 1, 0 ], [ 1, 1, 1, 2 ] ]]
ROW2089A [3,"GL",[ 2, 0, 0, 2 ],48,[ [ 1, 0, 0, 1 ] ],2,[  ]]
ROW2089A [3,"GL",[ 2, 1, 0, 2 ],48,[ [ 0, 1, 2, 0 ], [ 1, 0, 0, 1 ], [ 1, 2, 2, 2 ], [ 2, 2, 2, 1 ] ],2,[ [ 0, 1, 2, 0 ], [ 1, 2, 2, 2 ] ]]
ROW2089A [3,"SL",[ 0, 2, 1, 0 ],24,[ [ 1, 0, 0, 1 ] ],3,[  ]]
ROW2089A [3,"SL",[ 1, 0, 0, 1 ],24,[ [ 1, 0, 0, 1 ] ],2,[  ]]
ROW2089A [3,"SL",[ 1, 1, 0, 1 ],24,[ [ 0, 2, 1, 0 ], [ 1, 0, 0, 1 ], [ 1, 1, 1, 2 ], [ 2, 1, 1, 1 ] ],2,[ [ 0, 2, 1, 0 ], [ 1, 1, 1, 2 ] ]]
ROW2089A [3,"SL",[ 2, 0, 0, 2 ],24,[ [ 1, 0, 0, 1 ] ],2,[  ]]
ROW2089A [3,"SL",[ 2, 1, 0, 2 ],24,[ [ 0, 1, 2, 0 ], [ 1, 0, 0, 1 ], [ 1, 2, 2, 2 ], [ 2, 2, 2, 1 ] ],2,[ [ 0, 1, 2, 0 ], [ 1, 2, 2, 2 ] ]]
ROW2089A [5,"GL",[ 0, 1, 1, 2 ],480,[ [ 1, 0, 0, 1 ], [ 2, 0, 2, 3 ], [ 2, 2, 0, 3 ], [ 3, 0, 4, 2 ], [ 3, 4, 0, 2 ], [ 4, 2, 4, 1 ], [ 4, 4, 2, 1 ] ],5,[ [ 2, 0, 2, 3 ], [ 3, 0, 4, 2 ], [ 4, 2, 4, 1 ], [ 2, 2, 0, 3 ], [ 4, 4, 2, 1 ] ]]
ROW2089A [5,"GL",[ 0, 1, 1, 3 ],480,[ [ 1, 0, 0, 1 ], [ 2, 0, 3, 3 ], [ 2, 3, 0, 3 ], [ 3, 0, 1, 2 ], [ 3, 1, 0, 2 ], [ 4, 1, 3, 1 ], [ 4, 3, 1, 1 ] ],5,[ [ 2, 0, 3, 3 ], [ 4, 1, 3, 1 ], [ 2, 3, 0, 3 ], [ 4, 3, 1, 1 ], [ 3, 0, 1, 2 ] ]]
ROW2089A [5,"GL",[ 0, 2, 1, 0 ],480,[ [ 1, 0, 0, 1 ], [ 1, 1, 2, 3 ], [ 1, 4, 3, 3 ], [ 2, 2, 4, 2 ], [ 2, 3, 1, 2 ], [ 3, 1, 2, 1 ], [ 3, 4, 3, 1 ] ],5,[ [ 1, 1, 2, 3 ], [ 3, 1, 2, 1 ], [ 2, 2, 4, 2 ], [ 1, 4, 3, 3 ], [ 2, 3, 1, 2 ] ]]
ROW2089A [5,"GL",[ 0, 2, 1, 2 ],480,[ [ 1, 0, 0, 1 ], [ 1, 1, 2, 3 ], [ 1, 4, 3, 3 ], [ 2, 1, 3, 2 ], [ 2, 3, 2, 1 ], [ 2, 4, 4, 1 ], [ 3, 1, 4, 0 ], [ 3, 2, 1, 1 ], [ 3, 3, 3, 0 ], [ 4, 0, 3, 4 ], [ 4, 1, 0, 4 ], [ 4, 2, 2, 0 ], [ 4, 4, 1, 0 ] ],5,[ [ 1, 1, 2, 3 ], [ 1, 4, 3, 3 ], [ 4, 4, 1, 0 ], [ 3, 2, 1, 1 ], [ 4, 2, 2, 0 ] ]]
ROW2089A [5,"GL",[ 0, 2, 1, 3 ],480,[ [ 1, 0, 0, 1 ], [ 1, 1, 2, 3 ], [ 1, 4, 3, 3 ], [ 2, 1, 1, 1 ], [ 2, 2, 3, 1 ], [ 2, 4, 2, 2 ], [ 3, 2, 2, 0 ], [ 3, 3, 4, 1 ], [ 3, 4, 1, 0 ], [ 4, 0, 2, 4 ], [ 4, 1, 4, 0 ], [ 4, 3, 3, 0 ], [ 4, 4, 0, 4 ] ],5,[ [ 1, 1, 2, 3 ], [ 4, 1, 4, 0 ], [ 1, 4, 3, 3 ], [ 2, 4, 2, 2 ], [ 3, 3, 4, 1 ] ]]
ROW2089A [5,"GL",[ 0, 3, 1, 0 ],480,[ [ 1, 0, 0, 1 ], [ 1, 2, 1, 3 ], [ 1, 3, 4, 3 ], [ 2, 1, 3, 2 ], [ 2, 4, 2, 2 ], [ 3, 2, 1, 1 ], [ 3, 3, 4, 1 ] ],5,[ [ 1, 2, 1, 3 ], [ 2, 4, 2, 2 ], [ 2, 1, 3, 2 ], [ 3, 2, 1, 1 ], [ 1, 3, 4, 3 ] ]]
ROW2089A [5,"GL",[ 0, 3, 1, 1 ],480,[ [ 1, 0, 0, 1 ], [ 1, 2, 1, 3 ], [ 1, 3, 4, 3 ], [ 2, 2, 3, 1 ], [ 2, 3, 1, 2 ], [ 2, 4, 4, 1 ], [ 3, 1, 2, 1 ], [ 3, 3, 3, 0 ], [ 3, 4, 1, 0 ], [ 4, 0, 1, 4 ], [ 4, 1, 4, 0 ], [ 4, 2, 2, 0 ], [ 4, 3, 0, 4 ] ],5,[ [ 1, 2, 1, 3 ], [ 1, 3, 4, 3 ], [ 3, 1, 2, 1 ], [ 4, 2, 2, 0 ], [ 2, 3, 1, 2 ] ]]
ROW2089A [5,"GL",[ 0, 3, 1, 4 ],480,[ [ 1, 0, 0, 1 ], [ 1, 2, 1, 3 ], [ 1, 3, 4, 3 ], [ 2, 1, 1, 1 ], [ 2, 2, 4, 2 ], [ 2, 3, 2, 1 ], [ 3, 1, 4, 0 ], [ 3, 2, 2, 0 ], [ 3, 4, 3, 1 ], [ 4, 0, 4, 4 ], [ 4, 2, 0, 4 ], [ 4, 3, 3, 0 ], [ 4, 4, 1, 0 ] ],5,[ [ 1, 2, 1, 3 ], [ 4, 3, 3, 0 ], [ 4, 4, 1, 0 ], [ 1, 3, 4, 3 ], [ 3, 4, 3, 1 ] ]]
ROW2089A [5,"GL",[ 0, 4, 1, 1 ],480,[ [ 1, 0, 0, 1 ], [ 2, 0, 4, 3 ], [ 2, 1, 0, 3 ], [ 3, 0, 3, 2 ], [ 3, 2, 0, 2 ], [ 4, 1, 3, 1 ], [ 4, 2, 4, 1 ] ],5,[ [ 2, 0, 4, 3 ], [ 2, 1, 0, 3 ], [ 3, 0, 3, 2 ], [ 4, 2, 4, 1 ], [ 4, 1, 3, 1 ] ]]
ROW2089A [5,"GL",[ 0, 4, 1, 4 ],480,[ [ 1, 0, 0, 1 ], [ 2, 0, 1, 3 ], [ 2, 4, 0, 3 ], [ 3, 0, 2, 2 ], [ 3, 3, 0, 2 ], [ 4, 3, 1, 1 ], [ 4, 4, 2, 1 ] ],5,[ [ 2, 0, 1, 3 ], [ 4, 4, 2, 1 ], [ 4, 3, 1, 1 ], [ 3, 0, 2, 2 ], [ 2, 4, 0, 3 ] ]]
ROW2089A [5,"GL",[ 1, 0, 0, 1 ],480,[ [ 1, 0, 0, 1 ] ],4,[  ]]
ROW2089A [5,"GL",[ 1, 0, 0, 2 ],480,[ [ 1, 0, 0, 1 ], [ 1, 0, 1, 1 ], [ 1, 0, 2, 1 ], [ 1, 0, 3, 1 ], [ 1, 0, 4, 1 ], [ 1, 1, 0, 1 ], [ 1, 2, 0, 1 ], [ 1, 3, 0, 1 ], [ 1, 4, 0, 1 ], [ 2, 1, 2, 4 ], [ 2, 2, 1, 4 ], [ 2, 3, 4, 4 ], [ 2, 4, 3, 4 ] ],3,[ [ 1, 0, 1, 1 ], [ 1, 0, 4, 1 ], [ 1, 0, 2, 1 ] ]]
ROW2089A [5,"GL",[ 1, 0, 0, 3 ],480,[ [ 1, 0, 0, 1 ], [ 1, 0, 1, 1 ], [ 1, 0, 2, 1 ], [ 1, 0, 3, 1 ], [ 1, 0, 4, 1 ], [ 1, 1, 0, 1 ], [ 1, 2, 0, 1 ], [ 1, 3, 0, 1 ], [ 1, 4, 0, 1 ], [ 4, 1, 2, 2 ], [ 4, 2, 1, 2 ], [ 4, 3, 4, 2 ], [ 4, 4, 3, 2 ] ],3,[ [ 1, 0, 1, 1 ], [ 1, 0, 3, 1 ], [ 1, 0, 4, 1 ] ]]
ROW2089A [5,"GL",[ 1, 0, 0, 4 ],480,[ [ 1, 0, 0, 1 ], [ 1, 0, 1, 1 ], [ 1, 0, 2, 1 ], [ 1, 0, 3, 1 ], [ 1, 0, 4, 1 ], [ 1, 1, 0, 1 ], [ 1, 2, 0, 1 ], [ 1, 3, 0, 1 ], [ 1, 4, 0, 1 ], [ 2, 1, 3, 2 ], [ 2, 2, 4, 2 ], [ 2, 3, 1, 2 ], [ 2, 4, 2, 2 ] ],3,[ [ 1, 0, 1, 1 ], [ 1, 0, 2, 1 ], [ 1, 0, 3, 1 ] ]]
ROW2089A [5,"GL",[ 1, 1, 0, 1 ],480,[ [ 0, 4, 1, 3 ], [ 1, 0, 0, 1 ], [ 1, 1, 1, 2 ], [ 2, 1, 1, 1 ], [ 3, 4, 1, 0 ], [ 4, 0, 1, 4 ] ],4,[ [ 0, 4, 1, 3 ], [ 2, 1, 1, 1 ], [ 1, 1, 1, 2 ], [ 3, 4, 1, 0 ] ]]
ROW2089A [5,"GL",[ 2, 0, 0, 2 ],480,[ [ 1, 0, 0, 1 ] ],4,[  ]]
ROW2089A [5,"GL",[ 2, 0, 0, 3 ],480,[ [ 1, 0, 0, 1 ], [ 1, 0, 1, 1 ], [ 1, 0, 2, 1 ], [ 1, 0, 3, 1 ], [ 1, 0, 4, 1 ], [ 1, 1, 0, 1 ], [ 1, 2, 0, 1 ], [ 1, 3, 0, 1 ], [ 1, 4, 0, 1 ], [ 2, 1, 3, 2 ], [ 2, 2, 4, 2 ], [ 2, 3, 1, 2 ], [ 2, 4, 2, 2 ] ],3,[ [ 1, 0, 1, 1 ], [ 1, 0, 2, 1 ], [ 1, 0, 3, 1 ] ]]
ROW2089A [5,"GL",[ 2, 0, 0, 4 ],480,[ [ 1, 0, 0, 1 ], [ 1, 0, 1, 1 ], [ 1, 0, 2, 1 ], [ 1, 0, 3, 1 ], [ 1, 0, 4, 1 ], [ 1, 1, 0, 1 ], [ 1, 2, 0, 1 ], [ 1, 3, 0, 1 ], [ 1, 4, 0, 1 ], [ 2, 1, 2, 4 ], [ 2, 2, 1, 4 ], [ 2, 3, 4, 4 ], [ 2, 4, 3, 4 ] ],3,[ [ 1, 0, 1, 1 ], [ 1, 0, 4, 1 ], [ 1, 0, 2, 1 ] ]]
ROW2089A [5,"GL",[ 2, 1, 0, 2 ],480,[ [ 0, 2, 2, 3 ], [ 1, 0, 0, 1 ], [ 1, 3, 2, 2 ], [ 2, 3, 2, 1 ], [ 3, 2, 2, 0 ], [ 4, 0, 2, 4 ] ],4,[ [ 0, 2, 2, 3 ], [ 1, 3, 2, 2 ], [ 2, 3, 2, 1 ], [ 3, 2, 2, 0 ] ]]
ROW2089A [5,"GL",[ 3, 0, 0, 3 ],480,[ [ 1, 0, 0, 1 ] ],4,[  ]]
ROW2089A [5,"GL",[ 3, 0, 0, 4 ],480,[ [ 1, 0, 0, 1 ], [ 1, 0, 1, 1 ], [ 1, 0, 2, 1 ], [ 1, 0, 3, 1 ], [ 1, 0, 4, 1 ], [ 1, 1, 0, 1 ], [ 1, 2, 0, 1 ], [ 1, 3, 0, 1 ], [ 1, 4, 0, 1 ], [ 4, 1, 2, 2 ], [ 4, 2, 1, 2 ], [ 4, 3, 4, 2 ], [ 4, 4, 3, 2 ] ],3,[ [ 1, 0, 1, 1 ], [ 1, 0, 3, 1 ], [ 1, 0, 4, 1 ] ]]
ROW2089A [5,"GL",[ 3, 1, 0, 3 ],480,[ [ 0, 3, 3, 3 ], [ 1, 0, 0, 1 ], [ 1, 2, 3, 2 ], [ 2, 2, 3, 1 ], [ 3, 3, 3, 0 ], [ 4, 0, 3, 4 ] ],4,[ [ 0, 3, 3, 3 ], [ 3, 3, 3, 0 ], [ 2, 2, 3, 1 ], [ 1, 2, 3, 2 ] ]]
ROW2089A [5,"GL",[ 4, 0, 0, 4 ],480,[ [ 1, 0, 0, 1 ] ],4,[  ]]
ROW2089A [5,"GL",[ 4, 1, 0, 4 ],480,[ [ 0, 1, 4, 3 ], [ 1, 0, 0, 1 ], [ 1, 4, 4, 2 ], [ 2, 4, 4, 1 ], [ 3, 1, 4, 0 ], [ 4, 0, 4, 4 ] ],4,[ [ 0, 1, 4, 3 ], [ 3, 1, 4, 0 ], [ 1, 4, 4, 2 ], [ 2, 4, 4, 1 ] ]]
ROW2089A [5,"SL",[ 0, 4, 1, 1 ],120,[ [ 1, 0, 0, 1 ], [ 2, 0, 4, 3 ], [ 2, 1, 0, 3 ], [ 3, 0, 3, 2 ], [ 3, 2, 0, 2 ], [ 4, 1, 3, 1 ], [ 4, 2, 4, 1 ] ],5,[ [ 2, 0, 4, 3 ], [ 2, 1, 0, 3 ], [ 3, 0, 3, 2 ], [ 4, 2, 4, 1 ], [ 4, 1, 3, 1 ] ]]
ROW2089A [5,"SL",[ 0, 4, 1, 4 ],120,[ [ 1, 0, 0, 1 ], [ 2, 0, 1, 3 ], [ 2, 4, 0, 3 ], [ 3, 0, 2, 2 ], [ 3, 3, 0, 2 ], [ 4, 3, 1, 1 ], [ 4, 4, 2, 1 ] ],5,[ [ 2, 0, 1, 3 ], [ 4, 4, 2, 1 ], [ 4, 3, 1, 1 ], [ 3, 0, 2, 2 ], [ 2, 4, 0, 3 ] ]]
ROW2089A [5,"SL",[ 1, 0, 0, 1 ],120,[ [ 1, 0, 0, 1 ] ],4,[  ]]
ROW2089A [5,"SL",[ 1, 1, 0, 1 ],120,[ [ 0, 4, 1, 3 ], [ 1, 0, 0, 1 ], [ 1, 1, 1, 2 ], [ 2, 1, 1, 1 ], [ 3, 4, 1, 0 ], [ 4, 0, 1, 4 ] ],4,[ [ 0, 4, 1, 3 ], [ 2, 1, 1, 1 ], [ 1, 1, 1, 2 ], [ 3, 4, 1, 0 ] ]]
ROW2089A [5,"SL",[ 2, 0, 0, 3 ],120,[ [ 1, 0, 0, 1 ], [ 1, 0, 1, 1 ], [ 1, 0, 2, 1 ], [ 1, 0, 3, 1 ], [ 1, 0, 4, 1 ], [ 1, 1, 0, 1 ], [ 1, 2, 0, 1 ], [ 1, 3, 0, 1 ], [ 1, 4, 0, 1 ], [ 2, 1, 3, 2 ], [ 2, 2, 4, 2 ], [ 2, 3, 1, 2 ], [ 2, 4, 2, 2 ] ],3,[ [ 1, 0, 1, 1 ], [ 1, 0, 2, 1 ], [ 1, 0, 3, 1 ] ]]
ROW2089A [5,"SL",[ 4, 0, 0, 4 ],120,[ [ 1, 0, 0, 1 ] ],4,[  ]]
ROW2089A [5,"SL",[ 4, 1, 0, 4 ],120,[ [ 0, 1, 4, 3 ], [ 1, 0, 0, 1 ], [ 1, 4, 4, 2 ], [ 2, 4, 4, 1 ], [ 3, 1, 4, 0 ], [ 4, 0, 4, 4 ] ],4,[ [ 0, 1, 4, 3 ], [ 3, 1, 4, 0 ], [ 1, 4, 4, 2 ], [ 2, 4, 4, 1 ] ]]
ROW2089A [7,"GL",[ 0, 1, 1, 1 ],2016,[ [ 1, 0, 0, 1 ], [ 1, 2, 5, 4 ], [ 1, 5, 2, 4 ], [ 2, 2, 6, 3 ], [ 2, 6, 2, 3 ], [ 4, 4, 6, 1 ], [ 4, 6, 4, 1 ], [ 6, 0, 5, 6 ], [ 6, 5, 0, 6 ] ],7,[ [ 1, 2, 5, 4 ], [ 4, 4, 6, 1 ], [ 4, 6, 4, 1 ], [ 6, 0, 5, 6 ], [ 1, 5, 2, 4 ], [ 2, 2, 6, 3 ], [ 6, 5, 0, 6 ] ]]
ROW2089A [7,"GL",[ 0, 1, 1, 3 ],2016,[ [ 1, 0, 0, 1 ], [ 2, 4, 6, 2 ], [ 2, 6, 4, 2 ], [ 3, 3, 3, 1 ], [ 4, 4, 5, 0 ], [ 4, 5, 4, 0 ], [ 5, 6, 6, 6 ], [ 6, 3, 5, 5 ], [ 6, 5, 3, 5 ] ],7,[ [ 2, 4, 6, 2 ], [ 3, 3, 3, 1 ], [ 5, 6, 6, 6 ], [ 6, 3, 5, 5 ], [ 6, 5, 3, 5 ], [ 4, 4, 5, 0 ], [ 2, 6, 4, 2 ] ]]
ROW2089A [7,"GL",[ 0, 1, 1, 4 ],2016,[ [ 1, 0, 0, 1 ], [ 2, 1, 3, 2 ], [ 2, 3, 1, 2 ], [ 3, 4, 4, 1 ], [ 4, 2, 3, 0 ], [ 4, 3, 2, 0 ], [ 5, 1, 1, 6 ], [ 6, 2, 4, 5 ], [ 6, 4, 2, 5 ] ],7,[ [ 2, 1, 3, 2 ], [ 6, 2, 4, 5 ], [ 3, 4, 4, 1 ], [ 6, 4, 2, 5 ], [ 2, 3, 1, 2 ], [ 4, 3, 2, 0 ], [ 4, 2, 3, 0 ] ]]
ROW2089A [7,"GL",[ 0, 1, 1, 6 ],2016,[ [ 1, 0, 0, 1 ], [ 1, 2, 5, 4 ], [ 1, 5, 2, 4 ], [ 2, 1, 5, 3 ], [ 2, 5, 1, 3 ], [ 4, 1, 3, 1 ], [ 4, 3, 1, 1 ], [ 6, 0, 2, 6 ], [ 6, 2, 0, 6 ] ],7,[ [ 1, 2, 5, 4 ], [ 2, 5, 1, 3 ], [ 2, 1, 5, 3 ], [ 4, 3, 1, 1 ], [ 4, 1, 3, 1 ], [ 1, 5, 2, 4 ], [ 6, 2, 0, 6 ] ]]
ROW2089A [7,"GL",[ 0, 2, 1, 2 ],2016,[ [ 1, 0, 0, 1 ], [ 2, 4, 6, 2 ], [ 2, 5, 2, 2 ], [ 3, 2, 1, 1 ], [ 4, 1, 6, 0 ], [ 4, 5, 4, 0 ], [ 5, 4, 2, 6 ], [ 6, 1, 1, 5 ], [ 6, 2, 4, 5 ] ],7,[ [ 2, 4, 6, 2 ], [ 2, 5, 2, 2 ], [ 6, 1, 1, 5 ], [ 4, 5, 4, 0 ], [ 3, 2, 1, 1 ], [ 4, 1, 6, 0 ], [ 6, 2, 4, 5 ] ]]
ROW2089A [7,"GL",[ 0, 2, 1, 3 ],2016,[ [ 1, 0, 0, 1 ], [ 1, 1, 3, 4 ], [ 1, 6, 4, 4 ], [ 2, 4, 3, 3 ], [ 2, 6, 2, 3 ], [ 4, 4, 6, 1 ], [ 4, 5, 2, 1 ], [ 6, 0, 4, 6 ], [ 6, 1, 0, 6 ] ],7,[ [ 1, 1, 3, 4 ], [ 4, 4, 6, 1 ], [ 2, 6, 2, 3 ], [ 1, 6, 4, 4 ], [ 2, 4, 3, 3 ], [ 6, 1, 0, 6 ], [ 4, 5, 2, 1 ] ]]
ROW2089A [7,"GL",[ 0, 2, 1, 4 ],2016,[ [ 1, 0, 0, 1 ], [ 1, 1, 3, 4 ], [ 1, 6, 4, 4 ], [ 2, 1, 5, 3 ], [ 2, 3, 4, 3 ], [ 4, 2, 5, 1 ], [ 4, 3, 1, 1 ], [ 6, 0, 3, 6 ], [ 6, 6, 0, 6 ] ],7,[ [ 1, 1, 3, 4 ], [ 1, 6, 4, 4 ], [ 4, 2, 5, 1 ], [ 2, 1, 5, 3 ], [ 4, 3, 1, 1 ], [ 6, 6, 0, 6 ], [ 6, 0, 3, 6 ] ]]
ROW2089A [7,"GL",[ 0, 2, 1, 5 ],2016,[ [ 1, 0, 0, 1 ], [ 2, 2, 5, 2 ], [ 2, 3, 1, 2 ], [ 3, 5, 6, 1 ], [ 4, 2, 3, 0 ], [ 4, 6, 1, 0 ], [ 5, 3, 5, 6 ], [ 6, 5, 3, 5 ], [ 6, 6, 6, 5 ] ],7,[ [ 2, 2, 5, 2 ], [ 6, 6, 6, 5 ], [ 3, 5, 6, 1 ], [ 4, 2, 3, 0 ], [ 5, 3, 5, 6 ], [ 2, 3, 1, 2 ], [ 6, 5, 3, 5 ] ]]
ROW2089A [7,"GL",[ 0, 3, 1, 0 ],2016,[ [ 1, 0, 0, 1 ], [ 1, 3, 6, 5 ], [ 1, 4, 1, 5 ], [ 2, 0, 0, 4 ], [ 3, 2, 4, 3 ], [ 3, 5, 3, 3 ], [ 4, 0, 0, 2 ], [ 5, 3, 6, 1 ], [ 5, 4, 1, 1 ] ],7,[ [ 1, 3, 6, 5 ], [ 4, 0, 0, 2 ], [ 3, 5, 3, 3 ], [ 5, 3, 6, 1 ], [ 1, 4, 1, 5 ], [ 2, 0, 0, 4 ], [ 3, 2, 4, 3 ] ]]
ROW2089A [7,"GL",[ 0, 3, 1, 1 ],2016,[ [ 1, 0, 0, 1 ], [ 1, 2, 4, 2 ], [ 1, 5, 3, 2 ], [ 2, 2, 2, 6 ], [ 2, 3, 4, 3 ], [ 2, 5, 1, 3 ], [ 2, 6, 3, 6 ], [ 3, 0, 3, 5 ], [ 3, 1, 5, 2 ], [ 3, 2, 0, 5 ], [ 3, 3, 2, 0 ], [ 3, 6, 1, 0 ], [ 4, 1, 3, 1 ], [ 4, 2, 5, 1 ], [ 4, 4, 2, 4 ], [ 4, 6, 6, 4 ], [ 5, 0, 6, 3 ], [ 5, 2, 3, 0 ], [ 5, 4, 0, 3 ], [ 5, 5, 2, 5 ], [ 5, 6, 4, 5 ], [ 6, 0, 4, 6 ], [ 6, 2, 1, 4 ], [ 6, 3, 3, 4 ], [ 6, 5, 0, 6 ] ],7,[ [ 1, 2, 4, 2 ], [ 5, 6, 4, 5 ], [ 6, 2, 1, 4 ], [ 3, 3, 2, 0 ], [ 1, 5, 3, 2 ], [ 3, 6, 1, 0 ], [ 5, 5, 2, 5 ] ]]
ROW2089A [7,"GL",[ 0, 3, 1, 6 ],2016,[ [ 1, 0, 0, 1 ], [ 1, 2, 4, 2 ], [ 1, 5, 3, 2 ], [ 2, 1, 4, 6 ], [ 2, 2, 6, 3 ], [ 2, 4, 3, 3 ], [ 2, 5, 5, 6 ], [ 3, 0, 4, 5 ], [ 3, 1, 6, 0 ], [ 3, 4, 5, 0 ], [ 3, 5, 0, 5 ], [ 3, 6, 2, 2 ], [ 4, 1, 1, 4 ], [ 4, 3, 5, 4 ], [ 4, 5, 2, 1 ], [ 4, 6, 4, 1 ], [ 5, 0, 1, 3 ], [ 5, 1, 3, 5 ], [ 5, 2, 5, 5 ], [ 5, 3, 0, 3 ], [ 5, 5, 4, 0 ], [ 6, 0, 3, 6 ], [ 6, 2, 0, 6 ], [ 6, 4, 4, 4 ], [ 6, 5, 6, 4 ] ],7,[ [ 1, 2, 4, 2 ], [ 6, 5, 6, 4 ], [ 3, 4, 5, 0 ], [ 6, 4, 4, 4 ], [ 5, 2, 5, 5 ], [ 1, 5, 3, 2 ], [ 3, 1, 6, 0 ] ]]
ROW2089A [7,"GL",[ 0, 4, 1, 1 ],2016,[ [ 1, 0, 0, 1 ], [ 2, 2, 5, 2 ], [ 2, 6, 4, 2 ], [ 3, 1, 2, 1 ], [ 4, 4, 5, 0 ], [ 4, 6, 1, 0 ], [ 5, 2, 4, 6 ], [ 6, 1, 1, 5 ], [ 6, 4, 2, 5 ] ],7,[ [ 2, 2, 5, 2 ], [ 3, 1, 2, 1 ], [ 2, 6, 4, 2 ], [ 4, 4, 5, 0 ], [ 6, 4, 2, 5 ], [ 6, 1, 1, 5 ], [ 4, 6, 1, 0 ] ]]
ROW2089A [7,"GL",[ 0, 4, 1, 2 ],2016,[ [ 1, 0, 0, 1 ], [ 1, 3, 1, 4 ], [ 1, 4, 6, 4 ], [ 2, 4, 3, 3 ], [ 2, 5, 1, 3 ], [ 4, 1, 3, 1 ], [ 4, 5, 2, 1 ], [ 6, 0, 6, 6 ], [ 6, 3, 0, 6 ] ],7,[ [ 1, 3, 1, 4 ], [ 1, 4, 6, 4 ], [ 4, 1, 3, 1 ], [ 2, 4, 3, 3 ], [ 6, 3, 0, 6 ], [ 4, 5, 2, 1 ], [ 2, 5, 1, 3 ] ]]
ROW2089A [7,"GL",[ 0, 4, 1, 5 ],2016,[ [ 1, 0, 0, 1 ], [ 1, 3, 1, 4 ], [ 1, 4, 6, 4 ], [ 2, 2, 6, 3 ], [ 2, 3, 4, 3 ], [ 4, 2, 5, 1 ], [ 4, 6, 4, 1 ], [ 6, 0, 1, 6 ], [ 6, 4, 0, 6 ] ],7,[ [ 1, 3, 1, 4 ], [ 2, 3, 4, 3 ], [ 6, 0, 1, 6 ], [ 4, 6, 4, 1 ], [ 6, 4, 0, 6 ], [ 1, 4, 6, 4 ], [ 4, 2, 5, 1 ] ]]
ROW2089A [7,"GL",[ 0, 4, 1, 6 ],2016,[ [ 1, 0, 0, 1 ], [ 2, 1, 3, 2 ], [ 2, 5, 2, 2 ], [ 3, 6, 5, 1 ], [ 4, 1, 6, 0 ], [ 4, 3, 2, 0 ], [ 5, 5, 3, 6 ], [ 6, 3, 5, 5 ], [ 6, 6, 6, 5 ] ],7,[ [ 2, 1, 3, 2 ], [ 5, 5, 3, 6 ], [ 6, 3, 5, 5 ], [ 2, 5, 2, 2 ], [ 3, 6, 5, 1 ], [ 6, 6, 6, 5 ], [ 4, 1, 6, 0 ] ]]
ROW2089A [7,"GL",[ 0, 5, 1, 0 ],2016,[ [ 1, 0, 0, 1 ], [ 1, 1, 4, 5 ], [ 1, 6, 3, 5 ], [ 2, 0, 0, 4 ], [ 3, 3, 5, 3 ], [ 3, 4, 2, 3 ], [ 4, 0, 0, 2 ], [ 5, 1, 4, 1 ], [ 5, 6, 3, 1 ] ],7,[ [ 1, 1, 4, 5 ], [ 2, 0, 0, 4 ], [ 5, 1, 4, 1 ], [ 4, 0, 0, 2 ], [ 3, 3, 5, 3 ], [ 1, 6, 3, 5 ], [ 3, 4, 2, 3 ] ]]
ROW2089A [7,"GL",[ 0, 5, 1, 2 ],2016,[ [ 1, 0, 0, 1 ], [ 1, 3, 5, 2 ], [ 1, 4, 2, 2 ], [ 2, 3, 4, 3 ], [ 2, 4, 1, 6 ], [ 2, 5, 5, 6 ], [ 2, 6, 2, 3 ], [ 3, 0, 5, 5 ], [ 3, 2, 6, 2 ], [ 3, 4, 0, 5 ], [ 3, 5, 4, 0 ], [ 3, 6, 1, 0 ], [ 4, 1, 1, 4 ], [ 4, 2, 5, 1 ], [ 4, 4, 6, 1 ], [ 4, 5, 3, 4 ], [ 5, 0, 3, 3 ], [ 5, 1, 0, 3 ], [ 5, 3, 1, 5 ], [ 5, 4, 5, 0 ], [ 5, 5, 2, 5 ], [ 6, 0, 2, 6 ], [ 6, 3, 0, 6 ], [ 6, 4, 4, 4 ], [ 6, 6, 5, 4 ] ],7,[ [ 1, 3, 5, 2 ], [ 1, 4, 2, 2 ], [ 6, 6, 5, 4 ], [ 6, 4, 4, 4 ], [ 3, 5, 4, 0 ], [ 5, 3, 1, 5 ], [ 3, 6, 1, 0 ] ]]
ROW2089A [7,"GL",[ 0, 5, 1, 5 ],2016,[ [ 1, 0, 0, 1 ], [ 1, 3, 5, 2 ], [ 1, 4, 2, 2 ], [ 2, 1, 5, 3 ], [ 2, 2, 2, 6 ], [ 2, 3, 6, 6 ], [ 2, 4, 3, 3 ], [ 3, 0, 2, 5 ], [ 3, 1, 6, 0 ], [ 3, 2, 3, 0 ], [ 3, 3, 0, 5 ], [ 3, 5, 1, 2 ], [ 4, 2, 4, 4 ], [ 4, 3, 1, 1 ], [ 4, 5, 2, 1 ], [ 4, 6, 6, 4 ], [ 5, 0, 4, 3 ], [ 5, 2, 5, 5 ], [ 5, 3, 2, 0 ], [ 5, 4, 6, 5 ], [ 5, 6, 0, 3 ], [ 6, 0, 5, 6 ], [ 6, 1, 2, 4 ], [ 6, 3, 3, 4 ], [ 6, 4, 0, 6 ] ],7,[ [ 1, 3, 5, 2 ], [ 3, 2, 3, 0 ], [ 3, 1, 6, 0 ], [ 5, 2, 5, 5 ], [ 5, 4, 6, 5 ], [ 1, 4, 2, 2 ], [ 6, 3, 3, 4 ] ]]
ROW2089A [7,"GL",[ 0, 6, 1, 0 ],2016,[ [ 1, 0, 0, 1 ], [ 1, 2, 2, 5 ], [ 1, 5, 5, 5 ], [ 2, 0, 0, 4 ], [ 3, 1, 1, 3 ], [ 3, 6, 6, 3 ], [ 4, 0, 0, 2 ], [ 5, 2, 2, 1 ], [ 5, 5, 5, 1 ] ],7,[ [ 1, 2, 2, 5 ], [ 5, 2, 2, 1 ], [ 3, 6, 6, 3 ], [ 3, 1, 1, 3 ], [ 2, 0, 0, 4 ], [ 4, 0, 0, 2 ], [ 1, 5, 5, 5 ] ]]
ROW2089A [7,"GL",[ 0, 6, 1, 3 ],2016,[ [ 1, 0, 0, 1 ], [ 1, 1, 1, 2 ], [ 1, 6, 6, 2 ], [ 2, 1, 5, 3 ], [ 2, 2, 6, 3 ], [ 2, 4, 1, 6 ], [ 2, 6, 3, 6 ], [ 3, 0, 1, 5 ], [ 3, 2, 3, 0 ], [ 3, 3, 4, 2 ], [ 3, 4, 5, 0 ], [ 3, 6, 0, 5 ], [ 4, 3, 1, 1 ], [ 4, 4, 2, 4 ], [ 4, 5, 3, 4 ], [ 4, 6, 4, 1 ], [ 5, 0, 2, 3 ], [ 5, 1, 3, 5 ], [ 5, 4, 6, 5 ], [ 5, 5, 0, 3 ], [ 5, 6, 1, 0 ], [ 6, 0, 6, 6 ], [ 6, 1, 0, 6 ], [ 6, 2, 1, 4 ], [ 6, 6, 5, 4 ] ],7,[ [ 1, 1, 1, 2 ], [ 5, 1, 3, 5 ], [ 6, 6, 5, 4 ], [ 1, 6, 6, 2 ], [ 3, 2, 3, 0 ], [ 3, 4, 5, 0 ], [ 6, 2, 1, 4 ] ]]
ROW2089A [7,"GL",[ 0, 6, 1, 4 ],2016,[ [ 1, 0, 0, 1 ], [ 1, 1, 1, 2 ], [ 1, 6, 6, 2 ], [ 2, 1, 4, 6 ], [ 2, 3, 6, 6 ], [ 2, 5, 1, 3 ], [ 2, 6, 2, 3 ], [ 3, 0, 6, 5 ], [ 3, 1, 0, 5 ], [ 3, 3, 2, 0 ], [ 3, 4, 3, 2 ], [ 3, 5, 4, 0 ], [ 4, 1, 3, 1 ], [ 4, 2, 4, 4 ], [ 4, 3, 5, 4 ], [ 4, 4, 6, 1 ], [ 5, 0, 5, 3 ], [ 5, 1, 6, 0 ], [ 5, 2, 0, 3 ], [ 5, 3, 1, 5 ], [ 5, 6, 4, 5 ], [ 6, 0, 1, 6 ], [ 6, 1, 2, 4 ], [ 6, 5, 6, 4 ], [ 6, 6, 0, 6 ] ],7,[ [ 1, 1, 1, 2 ], [ 1, 6, 6, 2 ], [ 5, 3, 1, 5 ], [ 3, 3, 2, 0 ], [ 6, 1, 2, 4 ], [ 5, 6, 4, 5 ], [ 3, 5, 4, 0 ] ]]
ROW2089A [7,"GL",[ 1, 0, 0, 1 ],2016,[ [ 1, 0, 0, 1 ] ],6,[  ]]
ROW2089A [7,"GL",[ 1, 0, 0, 2 ],2016,[ [ 1, 0, 0, 1 ], [ 1, 0, 1, 1 ], [ 1, 0, 2, 1 ], [ 1, 0, 3, 1 ], [ 1, 0, 4, 1 ], [ 1, 0, 5, 1 ], [ 1, 0, 6, 1 ], [ 1, 1, 0, 1 ], [ 1, 2, 0, 1 ], [ 1, 3, 0, 1 ], [ 1, 4, 0, 1 ], [ 1, 5, 0, 1 ], [ 1, 6, 0, 1 ], [ 3, 1, 4, 4 ], [ 3, 2, 2, 4 ], [ 3, 3, 6, 4 ], [ 3, 4, 1, 4 ], [ 3, 5, 5, 4 ], [ 3, 6, 3, 4 ] ],5,[ [ 1, 0, 1, 1 ], [ 1, 0, 3, 1 ], [ 1, 0, 2, 1 ], [ 1, 0, 6, 1 ], [ 1, 0, 5, 1 ] ]]
ROW2089A [7,"GL",[ 1, 0, 0, 3 ],2016,[ [ 1, 0, 0, 1 ], [ 1, 0, 1, 1 ], [ 1, 0, 2, 1 ], [ 1, 0, 3, 1 ], [ 1, 0, 4, 1 ], [ 1, 0, 5, 1 ], [ 1, 0, 6, 1 ], [ 1, 1, 0, 1 ], [ 1, 2, 0, 1 ], [ 1, 3, 0, 1 ], [ 1, 4, 0, 1 ], [ 1, 5, 0, 1 ], [ 1, 6, 0, 1 ] ],5,[ [ 1, 0, 1, 1 ], [ 1, 0, 4, 1 ], [ 1, 0, 6, 1 ], [ 1, 0, 2, 1 ], [ 1, 0, 3, 1 ] ]]
ROW2089A [7,"GL",[ 1, 0, 0, 4 ],2016,[ [ 1, 0, 0, 1 ], [ 1, 0, 1, 1 ], [ 1, 0, 2, 1 ], [ 1, 0, 3, 1 ], [ 1, 0, 4, 1 ], [ 1, 0, 5, 1 ], [ 1, 0, 6, 1 ], [ 1, 1, 0, 1 ], [ 1, 2, 0, 1 ], [ 1, 3, 0, 1 ], [ 1, 4, 0, 1 ], [ 1, 5, 0, 1 ], [ 1, 6, 0, 1 ], [ 4, 1, 4, 3 ], [ 4, 2, 2, 3 ], [ 4, 3, 6, 3 ], [ 4, 4, 1, 3 ], [ 4, 5, 5, 3 ], [ 4, 6, 3, 3 ] ],5,[ [ 1, 0, 1, 1 ], [ 1, 0, 6, 1 ], [ 1, 0, 5, 1 ], [ 1, 0, 3, 1 ], [ 1, 0, 4, 1 ] ]]
ROW2089A [7,"GL",[ 1, 0, 0, 5 ],2016,[ [ 1, 0, 0, 1 ], [ 1, 0, 1, 1 ], [ 1, 0, 2, 1 ], [ 1, 0, 3, 1 ], [ 1, 0, 4, 1 ], [ 1, 0, 5, 1 ], [ 1, 0, 6, 1 ], [ 1, 1, 0, 1 ], [ 1, 2, 0, 1 ], [ 1, 3, 0, 1 ], [ 1, 4, 0, 1 ], [ 1, 5, 0, 1 ], [ 1, 6, 0, 1 ] ],5,[ [ 1, 0, 1, 1 ], [ 1, 0, 5, 1 ], [ 1, 0, 6, 1 ], [ 1, 0, 2, 1 ], [ 1, 0, 4, 1 ] ]]
ROW2089A [7,"GL",[ 1, 0, 0, 6 ],2016,[ [ 1, 0, 0, 1 ], [ 1, 0, 1, 1 ], [ 1, 0, 2, 1 ], [ 1, 0, 3, 1 ], [ 1, 0, 4, 1 ], [ 1, 0, 5, 1 ], [ 1, 0, 6, 1 ], [ 1, 1, 0, 1 ], [ 1, 2, 0, 1 ], [ 1, 3, 0, 1 ], [ 1, 4, 0, 1 ], [ 1, 5, 0, 1 ], [ 1, 6, 0, 1 ], [ 3, 1, 1, 3 ], [ 3, 2, 4, 3 ], [ 3, 3, 5, 3 ], [ 3, 4, 2, 3 ], [ 3, 5, 3, 3 ], [ 3, 6, 6, 3 ] ],5,[ [ 1, 0, 1, 1 ], [ 1, 0, 4, 1 ], [ 1, 0, 5, 1 ], [ 1, 0, 3, 1 ], [ 1, 0, 2, 1 ] ]]
ROW2089A [7,"GL",[ 1, 1, 0, 1 ],2016,[ [ 0, 3, 2, 4 ], [ 0, 5, 4, 6 ], [ 0, 6, 1, 3 ], [ 1, 0, 0, 1 ], [ 1, 1, 1, 2 ], [ 1, 1, 2, 3 ], [ 1, 1, 4, 5 ], [ 2, 0, 4, 4 ], [ 2, 1, 1, 1 ], [ 2, 5, 2, 2 ], [ 3, 1, 2, 1 ], [ 3, 2, 4, 3 ], [ 3, 6, 1, 0 ], [ 4, 0, 4, 2 ], [ 4, 2, 1, 6 ], [ 4, 3, 2, 0 ], [ 5, 1, 4, 1 ], [ 5, 3, 1, 5 ], [ 5, 4, 2, 6 ], [ 6, 2, 1, 4 ], [ 6, 4, 2, 5 ], [ 6, 5, 4, 0 ] ],6,[ [ 0, 3, 2, 4 ], [ 6, 4, 2, 5 ], [ 1, 1, 2, 3 ], [ 2, 5, 2, 2 ], [ 4, 3, 2, 0 ], [ 3, 1, 2, 1 ] ]]
ROW2089A [7,"GL",[ 2, 0, 0, 2 ],2016,[ [ 1, 0, 0, 1 ] ],6,[  ]]
ROW2089A [7,"GL",[ 2, 0, 0, 3 ],2016,[ [ 1, 0, 0, 1 ], [ 1, 0, 1, 1 ], [ 1, 0, 2, 1 ], [ 1, 0, 3, 1 ], [ 1, 0, 4, 1 ], [ 1, 0, 5, 1 ], [ 1, 0, 6, 1 ], [ 1, 1, 0, 1 ], [ 1, 2, 0, 1 ], [ 1, 3, 0, 1 ], [ 1, 4, 0, 1 ], [ 1, 5, 0, 1 ], [ 1, 6, 0, 1 ] ],5,[ [ 1, 0, 1, 1 ], [ 1, 0, 6, 1 ], [ 1, 0, 5, 1 ], [ 1, 0, 2, 1 ], [ 1, 0, 4, 1 ] ]]
ROW2089A [7,"GL",[ 2, 0, 0, 4 ],2016,[ [ 1, 0, 0, 1 ], [ 1, 0, 1, 1 ], [ 1, 0, 2, 1 ], [ 1, 0, 3, 1 ], [ 1, 0, 4, 1 ], [ 1, 0, 5, 1 ], [ 1, 0, 6, 1 ], [ 1, 1, 0, 1 ], [ 1, 2, 0, 1 ], [ 1, 3, 0, 1 ], [ 1, 4, 0, 1 ], [ 1, 5, 0, 1 ], [ 1, 6, 0, 1 ], [ 3, 1, 4, 4 ], [ 3, 2, 2, 4 ], [ 3, 3, 6, 4 ], [ 3, 4, 1, 4 ], [ 3, 5, 5, 4 ], [ 3, 6, 3, 4 ] ],5,[ [ 1, 0, 1, 1 ], [ 1, 0, 2, 1 ], [ 1, 0, 6, 1 ], [ 1, 0, 3, 1 ], [ 1, 0, 5, 1 ] ]]
ROW2089A [7,"GL",[ 2, 0, 0, 5 ],2016,[ [ 1, 0, 0, 1 ], [ 1, 0, 1, 1 ], [ 1, 0, 2, 1 ], [ 1, 0, 3, 1 ], [ 1, 0, 4, 1 ], [ 1, 0, 5, 1 ], [ 1, 0, 6, 1 ], [ 1, 1, 0, 1 ], [ 1, 2, 0, 1 ], [ 1, 3, 0, 1 ], [ 1, 4, 0, 1 ], [ 1, 5, 0, 1 ], [ 1, 6, 0, 1 ], [ 3, 1, 1, 3 ], [ 3, 2, 4, 3 ], [ 3, 3, 5, 3 ], [ 3, 4, 2, 3 ], [ 3, 5, 3, 3 ], [ 3, 6, 6, 3 ] ],5,[ [ 1, 0, 1, 1 ], [ 1, 0, 4, 1 ], [ 1, 0, 3, 1 ], [ 1, 0, 5, 1 ], [ 1, 0, 2, 1 ] ]]
ROW2089A [7,"GL",[ 2, 0, 0, 6 ],2016,[ [ 1, 0, 0, 1 ], [ 1, 0, 1, 1 ], [ 1, 0, 2, 1 ], [ 1, 0, 3, 1 ], [ 1, 0, 4, 1 ], [ 1, 0, 5, 1 ], [ 1, 0, 6, 1 ], [ 1, 1, 0, 1 ], [ 1, 2, 0, 1 ], [ 1, 3, 0, 1 ], [ 1, 4, 0, 1 ], [ 1, 5, 0, 1 ], [ 1, 6, 0, 1 ] ],5,[ [ 1, 0, 1, 1 ], [ 1, 0, 2, 1 ], [ 1, 0, 4, 1 ], [ 1, 0, 6, 1 ], [ 1, 0, 3, 1 ] ]]
ROW2089A [7,"GL",[ 2, 1, 0, 2 ],2016,[ [ 0, 3, 2, 3 ], [ 0, 5, 4, 4 ], [ 0, 6, 1, 6 ], [ 1, 0, 0, 1 ], [ 1, 4, 1, 5 ], [ 1, 4, 2, 2 ], [ 1, 4, 4, 3 ], [ 2, 0, 1, 4 ], [ 2, 4, 2, 1 ], [ 2, 6, 4, 2 ], [ 3, 1, 1, 3 ], [ 3, 3, 2, 0 ], [ 3, 4, 4, 1 ], [ 4, 0, 1, 2 ], [ 4, 1, 2, 6 ], [ 4, 5, 4, 0 ], [ 5, 2, 4, 6 ], [ 5, 4, 1, 1 ], [ 5, 5, 2, 5 ], [ 6, 1, 2, 4 ], [ 6, 2, 4, 5 ], [ 6, 6, 1, 0 ] ],6,[ [ 0, 3, 2, 3 ], [ 4, 1, 2, 6 ], [ 2, 4, 2, 1 ], [ 3, 3, 2, 0 ], [ 1, 4, 2, 2 ], [ 5, 5, 2, 5 ] ]]
ROW2089A [7,"GL",[ 3, 0, 0, 3 ],2016,[ [ 1, 0, 0, 1 ] ],6,[  ]]
ROW2089A [7,"GL",[ 3, 0, 0, 4 ],2016,[ [ 1, 0, 0, 1 ], [ 1, 0, 1, 1 ], [ 1, 0, 2, 1 ], [ 1, 0, 3, 1 ], [ 1, 0, 4, 1 ], [ 1, 0, 5, 1 ], [ 1, 0, 6, 1 ], [ 1, 1, 0, 1 ], [ 1, 2, 0, 1 ], [ 1, 3, 0, 1 ], [ 1, 4, 0, 1 ], [ 1, 5, 0, 1 ], [ 1, 6, 0, 1 ], [ 3, 1, 1, 3 ], [ 3, 2, 4, 3 ], [ 3, 3, 5, 3 ], [ 3, 4, 2, 3 ], [ 3, 5, 3, 3 ], [ 3, 6, 6, 3 ] ],5,[ [ 1, 0, 1, 1 ], [ 1, 0, 5, 1 ], [ 1, 0, 4, 1 ], [ 1, 0, 2, 1 ], [ 1, 0, 3, 1 ] ]]
ROW2089A [7,"GL",[ 3, 0, 0, 5 ],2016,[ [ 1, 0, 0, 1 ], [ 1, 0, 1, 1 ], [ 1, 0, 2, 1 ], [ 1, 0, 3, 1 ], [ 1, 0, 4, 1 ], [ 1, 0, 5, 1 ], [ 1, 0, 6, 1 ], [ 1, 1, 0, 1 ], [ 1, 2, 0, 1 ], [ 1, 3, 0, 1 ], [ 1, 4, 0, 1 ], [ 1, 5, 0, 1 ], [ 1, 6, 0, 1 ], [ 4, 1, 4, 3 ], [ 4, 2, 2, 3 ], [ 4, 3, 6, 3 ], [ 4, 4, 1, 3 ], [ 4, 5, 5, 3 ], [ 4, 6, 3, 3 ] ],5,[ [ 1, 0, 1, 1 ], [ 1, 0, 3, 1 ], [ 1, 0, 5, 1 ], [ 1, 0, 6, 1 ], [ 1, 0, 4, 1 ] ]]
ROW2089A [7,"GL",[ 3, 0, 0, 6 ],2016,[ [ 1, 0, 0, 1 ], [ 1, 0, 1, 1 ], [ 1, 0, 2, 1 ], [ 1, 0, 3, 1 ], [ 1, 0, 4, 1 ], [ 1, 0, 5, 1 ], [ 1, 0, 6, 1 ], [ 1, 1, 0, 1 ], [ 1, 2, 0, 1 ], [ 1, 3, 0, 1 ], [ 1, 4, 0, 1 ], [ 1, 5, 0, 1 ], [ 1, 6, 0, 1 ], [ 3, 1, 4, 4 ], [ 3, 2, 2, 4 ], [ 3, 3, 6, 4 ], [ 3, 4, 1, 4 ], [ 3, 5, 5, 4 ], [ 3, 6, 3, 4 ] ],5,[ [ 1, 0, 1, 1 ], [ 1, 0, 2, 1 ], [ 1, 0, 5, 1 ], [ 1, 0, 3, 1 ], [ 1, 0, 6, 1 ] ]]
ROW2089A [7,"GL",[ 3, 1, 0, 3 ],2016,[ [ 0, 1, 6, 4 ], [ 0, 2, 3, 3 ], [ 0, 4, 5, 6 ], [ 1, 0, 0, 1 ], [ 1, 5, 3, 2 ], [ 1, 5, 5, 5 ], [ 1, 5, 6, 3 ], [ 2, 0, 5, 4 ], [ 2, 4, 6, 2 ], [ 2, 5, 3, 1 ], [ 3, 2, 3, 0 ], [ 3, 3, 5, 3 ], [ 3, 5, 6, 1 ], [ 4, 0, 5, 2 ], [ 4, 1, 6, 0 ], [ 4, 3, 3, 6 ], [ 5, 1, 3, 5 ], [ 5, 5, 5, 1 ], [ 5, 6, 6, 6 ], [ 6, 3, 3, 4 ], [ 6, 4, 5, 0 ], [ 6, 6, 6, 5 ] ],6,[ [ 0, 1, 6, 4 ], [ 2, 4, 6, 2 ], [ 1, 5, 6, 3 ], [ 3, 5, 6, 1 ], [ 6, 6, 6, 5 ], [ 4, 1, 6, 0 ] ]]
ROW2089A [7,"GL",[ 4, 0, 0, 4 ],2016,[ [ 1, 0, 0, 1 ] ],6,[  ]]
ROW2089A [7,"GL",[ 4, 0, 0, 5 ],2016,[ [ 1, 0, 0, 1 ], [ 1, 0, 1, 1 ], [ 1, 0, 2, 1 ], [ 1, 0, 3, 1 ], [ 1, 0, 4, 1 ], [ 1, 0, 5, 1 ], [ 1, 0, 6, 1 ], [ 1, 1, 0, 1 ], [ 1, 2, 0, 1 ], [ 1, 3, 0, 1 ], [ 1, 4, 0, 1 ], [ 1, 5, 0, 1 ], [ 1, 6, 0, 1 ] ],5,[ [ 1, 0, 1, 1 ], [ 1, 0, 2, 1 ], [ 1, 0, 4, 1 ], [ 1, 0, 3, 1 ], [ 1, 0, 6, 1 ] ]]
ROW2089A [7,"GL",[ 4, 0, 0, 6 ],2016,[ [ 1, 0, 0, 1 ], [ 1, 0, 1, 1 ], [ 1, 0, 2, 1 ], [ 1, 0, 3, 1 ], [ 1, 0, 4, 1 ], [ 1, 0, 5, 1 ], [ 1, 0, 6, 1 ], [ 1, 1, 0, 1 ], [ 1, 2, 0, 1 ], [ 1, 3, 0, 1 ], [ 1, 4, 0, 1 ], [ 1, 5, 0, 1 ], [ 1, 6, 0, 1 ] ],5,[ [ 1, 0, 1, 1 ], [ 1, 0, 5, 1 ], [ 1, 0, 4, 1 ], [ 1, 0, 6, 1 ], [ 1, 0, 2, 1 ] ]]
ROW2089A [7,"GL",[ 4, 1, 0, 4 ],2016,[ [ 0, 3, 2, 6 ], [ 0, 5, 4, 3 ], [ 0, 6, 1, 4 ], [ 1, 0, 0, 1 ], [ 1, 2, 1, 3 ], [ 1, 2, 2, 5 ], [ 1, 2, 4, 2 ], [ 2, 0, 2, 4 ], [ 2, 2, 4, 1 ], [ 2, 3, 1, 2 ], [ 3, 2, 1, 1 ], [ 3, 4, 2, 3 ], [ 3, 5, 4, 0 ], [ 4, 0, 2, 2 ], [ 4, 4, 4, 6 ], [ 4, 6, 1, 0 ], [ 5, 1, 1, 6 ], [ 5, 2, 2, 1 ], [ 5, 6, 4, 5 ], [ 6, 1, 1, 5 ], [ 6, 3, 2, 0 ], [ 6, 4, 4, 4 ] ],6,[ [ 0, 3, 2, 6 ], [ 1, 2, 2, 5 ], [ 5, 2, 2, 1 ], [ 6, 3, 2, 0 ], [ 2, 0, 2, 4 ], [ 4, 0, 2, 2 ] ]]
ROW2089A [7,"GL",[ 5, 0, 0, 5 ],2016,[ [ 1, 0, 0, 1 ] ],6,[  ]]
ROW2089A [7,"GL",[ 5, 0, 0, 6 ],2016,[ [ 1, 0, 0, 1 ], [ 1, 0, 1, 1 ], [ 1, 0, 2, 1 ], [ 1, 0, 3, 1 ], [ 1, 0, 4, 1 ], [ 1, 0, 5, 1 ], [ 1, 0, 6, 1 ], [ 1, 1, 0, 1 ], [ 1, 2, 0, 1 ], [ 1, 3, 0, 1 ], [ 1, 4, 0, 1 ], [ 1, 5, 0, 1 ], [ 1, 6, 0, 1 ], [ 4, 1, 4, 3 ], [ 4, 2, 2, 3 ], [ 4, 3, 6, 3 ], [ 4, 4, 1, 3 ], [ 4, 5, 5, 3 ], [ 4, 6, 3, 3 ] ],5,[ [ 1, 0, 1, 1 ], [ 1, 0, 3, 1 ], [ 1, 0, 6, 1 ], [ 1, 0, 4, 1 ], [ 1, 0, 5, 1 ] ]]
ROW2089A [7,"GL",[ 5, 1, 0, 5 ],2016,[ [ 0, 1, 6, 6 ], [ 0, 2, 3, 4 ], [ 0, 4, 5, 3 ], [ 1, 0, 0, 1 ], [ 1, 3, 3, 3 ], [ 1, 3, 5, 2 ], [ 1, 3, 6, 5 ], [ 2, 0, 6, 4 ], [ 2, 1, 3, 2 ], [ 2, 3, 5, 1 ], [ 3, 3, 3, 1 ], [ 3, 4, 5, 0 ], [ 3, 6, 6, 3 ], [ 4, 0, 6, 2 ], [ 4, 2, 3, 0 ], [ 4, 6, 5, 6 ], [ 5, 2, 5, 5 ], [ 5, 3, 6, 1 ], [ 5, 5, 3, 6 ], [ 6, 1, 6, 0 ], [ 6, 5, 3, 5 ], [ 6, 6, 5, 4 ] ],6,[ [ 0, 1, 6, 6 ], [ 6, 1, 6, 0 ], [ 4, 0, 6, 2 ], [ 5, 3, 6, 1 ], [ 1, 3, 6, 5 ], [ 2, 0, 6, 4 ] ]]
ROW2089A [7,"GL",[ 6, 0, 0, 6 ],2016,[ [ 1, 0, 0, 1 ] ],6,[  ]]
ROW2089A [7,"GL",[ 6, 1, 0, 6 ],2016,[ [ 0, 1, 6, 3 ], [ 0, 2, 3, 6 ], [ 0, 4, 5, 4 ], [ 1, 0, 0, 1 ], [ 1, 6, 3, 5 ], [ 1, 6, 5, 3 ], [ 1, 6, 6, 2 ], [ 2, 0, 3, 4 ], [ 2, 2, 5, 2 ], [ 2, 6, 6, 1 ], [ 3, 1, 6, 0 ], [ 3, 5, 3, 3 ], [ 3, 6, 5, 1 ], [ 4, 0, 3, 2 ], [ 4, 4, 5, 0 ], [ 4, 5, 6, 6 ], [ 5, 3, 5, 6 ], [ 5, 4, 6, 5 ], [ 5, 6, 3, 1 ], [ 6, 2, 3, 0 ], [ 6, 3, 5, 5 ], [ 6, 5, 6, 4 ] ],6,[ [ 0, 1, 6, 3 ], [ 5, 4, 6, 5 ], [ 2, 6, 6, 1 ], [ 1, 6, 6, 2 ], [ 4, 5, 6, 6 ], [ 3, 1, 6, 0 ] ]]
ROW2089A [7,"SL",[ 0, 6, 1, 0 ],336,[ [ 1, 0, 0, 1 ], [ 1, 2, 2, 5 ], [ 1, 5, 5, 5 ], [ 2, 0, 0, 4 ], [ 3, 1, 1, 3 ], [ 3, 6, 6, 3 ], [ 4, 0, 0, 2 ], [ 5, 2, 2, 1 ], [ 5, 5, 5, 1 ] ],7,[ [ 1, 2, 2, 5 ], [ 5, 2, 2, 1 ], [ 3, 6, 6, 3 ], [ 3, 1, 1, 3 ], [ 2, 0, 0, 4 ], [ 4, 0, 0, 2 ], [ 1, 5, 5, 5 ] ]]
ROW2089A [7,"SL",[ 0, 6, 1, 3 ],336,[ [ 1, 0, 0, 1 ], [ 1, 1, 1, 2 ], [ 1, 6, 6, 2 ], [ 2, 1, 5, 3 ], [ 2, 2, 6, 3 ], [ 2, 4, 1, 6 ], [ 2, 6, 3, 6 ], [ 3, 0, 1, 5 ], [ 3, 2, 3, 0 ], [ 3, 3, 4, 2 ], [ 3, 4, 5, 0 ], [ 3, 6, 0, 5 ], [ 4, 3, 1, 1 ], [ 4, 4, 2, 4 ], [ 4, 5, 3, 4 ], [ 4, 6, 4, 1 ], [ 5, 0, 2, 3 ], [ 5, 1, 3, 5 ], [ 5, 4, 6, 5 ], [ 5, 5, 0, 3 ], [ 5, 6, 1, 0 ], [ 6, 0, 6, 6 ], [ 6, 1, 0, 6 ], [ 6, 2, 1, 4 ], [ 6, 6, 5, 4 ] ],7,[ [ 1, 1, 1, 2 ], [ 5, 1, 3, 5 ], [ 6, 6, 5, 4 ], [ 1, 6, 6, 2 ], [ 3, 2, 3, 0 ], [ 3, 4, 5, 0 ], [ 6, 2, 1, 4 ] ]]
ROW2089A [7,"SL",[ 0, 6, 1, 4 ],336,[ [ 1, 0, 0, 1 ], [ 1, 1, 1, 2 ], [ 1, 6, 6, 2 ], [ 2, 1, 4, 6 ], [ 2, 3, 6, 6 ], [ 2, 5, 1, 3 ], [ 2, 6, 2, 3 ], [ 3, 0, 6, 5 ], [ 3, 1, 0, 5 ], [ 3, 3, 2, 0 ], [ 3, 4, 3, 2 ], [ 3, 5, 4, 0 ], [ 4, 1, 3, 1 ], [ 4, 2, 4, 4 ], [ 4, 3, 5, 4 ], [ 4, 4, 6, 1 ], [ 5, 0, 5, 3 ], [ 5, 1, 6, 0 ], [ 5, 2, 0, 3 ], [ 5, 3, 1, 5 ], [ 5, 6, 4, 5 ], [ 6, 0, 1, 6 ], [ 6, 1, 2, 4 ], [ 6, 5, 6, 4 ], [ 6, 6, 0, 6 ] ],7,[ [ 1, 1, 1, 2 ], [ 1, 6, 6, 2 ], [ 5, 3, 1, 5 ], [ 3, 3, 2, 0 ], [ 6, 1, 2, 4 ], [ 5, 6, 4, 5 ], [ 3, 5, 4, 0 ] ]]
ROW2089A [7,"SL",[ 1, 0, 0, 1 ],336,[ [ 1, 0, 0, 1 ] ],6,[  ]]
ROW2089A [7,"SL",[ 1, 1, 0, 1 ],336,[ [ 0, 3, 2, 4 ], [ 0, 5, 4, 6 ], [ 0, 6, 1, 3 ], [ 1, 0, 0, 1 ], [ 1, 1, 1, 2 ], [ 1, 1, 2, 3 ], [ 1, 1, 4, 5 ], [ 2, 0, 4, 4 ], [ 2, 1, 1, 1 ], [ 2, 5, 2, 2 ], [ 3, 1, 2, 1 ], [ 3, 2, 4, 3 ], [ 3, 6, 1, 0 ], [ 4, 0, 4, 2 ], [ 4, 2, 1, 6 ], [ 4, 3, 2, 0 ], [ 5, 1, 4, 1 ], [ 5, 3, 1, 5 ], [ 5, 4, 2, 6 ], [ 6, 2, 1, 4 ], [ 6, 4, 2, 5 ], [ 6, 5, 4, 0 ] ],6,[ [ 0, 3, 2, 4 ], [ 6, 4, 2, 5 ], [ 1, 1, 2, 3 ], [ 2, 5, 2, 2 ], [ 4, 3, 2, 0 ], [ 3, 1, 2, 1 ] ]]
ROW2089A [7,"SL",[ 2, 0, 0, 4 ],336,[ [ 1, 0, 0, 1 ], [ 1, 0, 1, 1 ], [ 1, 0, 2, 1 ], [ 1, 0, 3, 1 ], [ 1, 0, 4, 1 ], [ 1, 0, 5, 1 ], [ 1, 0, 6, 1 ], [ 1, 1, 0, 1 ], [ 1, 2, 0, 1 ], [ 1, 3, 0, 1 ], [ 1, 4, 0, 1 ], [ 1, 5, 0, 1 ], [ 1, 6, 0, 1 ], [ 3, 1, 4, 4 ], [ 3, 2, 2, 4 ], [ 3, 3, 6, 4 ], [ 3, 4, 1, 4 ], [ 3, 5, 5, 4 ], [ 3, 6, 3, 4 ] ],5,[ [ 1, 0, 1, 1 ], [ 1, 0, 2, 1 ], [ 1, 0, 6, 1 ], [ 1, 0, 3, 1 ], [ 1, 0, 5, 1 ] ]]
ROW2089A [7,"SL",[ 3, 0, 0, 5 ],336,[ [ 1, 0, 0, 1 ], [ 1, 0, 1, 1 ], [ 1, 0, 2, 1 ], [ 1, 0, 3, 1 ], [ 1, 0, 4, 1 ], [ 1, 0, 5, 1 ], [ 1, 0, 6, 1 ], [ 1, 1, 0, 1 ], [ 1, 2, 0, 1 ], [ 1, 3, 0, 1 ], [ 1, 4, 0, 1 ], [ 1, 5, 0, 1 ], [ 1, 6, 0, 1 ], [ 4, 1, 4, 3 ], [ 4, 2, 2, 3 ], [ 4, 3, 6, 3 ], [ 4, 4, 1, 3 ], [ 4, 5, 5, 3 ], [ 4, 6, 3, 3 ] ],5,[ [ 1, 0, 1, 1 ], [ 1, 0, 3, 1 ], [ 1, 0, 5, 1 ], [ 1, 0, 6, 1 ], [ 1, 0, 4, 1 ] ]]
ROW2089A [7,"SL",[ 6, 0, 0, 6 ],336,[ [ 1, 0, 0, 1 ] ],6,[  ]]
ROW2089A [7,"SL",[ 6, 1, 0, 6 ],336,[ [ 0, 1, 6, 3 ], [ 0, 2, 3, 6 ], [ 0, 4, 5, 4 ], [ 1, 0, 0, 1 ], [ 1, 6, 3, 5 ], [ 1, 6, 5, 3 ], [ 1, 6, 6, 2 ], [ 2, 0, 3, 4 ], [ 2, 2, 5, 2 ], [ 2, 6, 6, 1 ], [ 3, 1, 6, 0 ], [ 3, 5, 3, 3 ], [ 3, 6, 5, 1 ], [ 4, 0, 3, 2 ], [ 4, 4, 5, 0 ], [ 4, 5, 6, 6 ], [ 5, 3, 5, 6 ], [ 5, 4, 6, 5 ], [ 5, 6, 3, 1 ], [ 6, 2, 3, 0 ], [ 6, 3, 5, 5 ], [ 6, 5, 6, 4 ] ],6,[ [ 0, 1, 6, 3 ], [ 5, 4, 6, 5 ], [ 2, 6, 6, 1 ], [ 1, 6, 6, 2 ], [ 4, 5, 6, 6 ], [ 3, 1, 6, 0 ] ]]
SUMMARY2089A {"groups":8,"classes":107,"nontrivial_sinks":83,"parameter_conjugates":423,"group_rows":[ [ 2, "GL", 6, 3, 3, 3 ], [ 2, "SL", 6, 3, 3, 3 ], [ 3, "GL", 48, 8, 4, 5 ], [ 3, "SL", 24, 5, 4, 4 ], [ 5, "GL", 480, 24, 6, 13 ], [ 5, "SL", 120, 7, 6, 13 ], [ 7, "GL", 2016, 48, 9, 25 ], [ 7, "SL", 336, 9, 9, 25 ] ]}
PASS_20_89_NORMAL_ALGEBRA_NATIVE
