ROW2089C [0,[[[7,1],[252,1],[8414,1],[1,2,3,4]],[[0,1],[0,1],[224,1],[1,2,3,4]],[[0,1],[0,1],[0,1],[1,2,3,4]]]]
ROW2089C [1,[[[6,1],[0,1],[-189,4],[1,4,2,3]],[[0,1],[0,1],[0,1],[4,3,2,1]],[[0,1],[0,1],[0,1],[3,4,1,2]]]]
ROW2089C [2,[[[0,1],[-3,1],[-9,1],[3,1,2,4]],[[0,1],[0,1],[0,1],[2,1,4,3]],[[0,1],[0,1],[0,1],[3,4,1,2]]]]
ROW2089C [3,[[[0,1],[0,1],[1,4],[1,3,4,2]],[[0,1],[0,1],[0,1],[1,3,4,2]],[[0,1],[0,1],[0,1],[1,3,4,2]]]]
ROW2089C [4,[[[2,1],[9,8],[-49,16],[4,1,3,2]],[[0,1],[0,1],[-3,2],[1,4,2,3]],[[0,1],[0,1],[0,1],[4,1,3,2]]]]
ROW2089C [5,[[[-9,8],[-15,32],[475,128],[1,2,3,4]],[[0,1],[0,1],[-9,64],[1,2,3,4]],[[0,1],[0,1],[0,1],[1,2,3,4]]]]
ROW2089C [6,[[[-7,32],[63,32],[4389,4096],[2,1,4,3]],[[0,1],[0,1],[7,128],[1,2,3,4]],[[0,1],[0,1],[0,1],[1,2,3,4]]]]
ROW2089C [7,[[[-7,1],[189,2],[780,1],[1,2,3,4]],[[0,1],[0,1],[-84,1],[1,2,3,4]],[[0,1],[0,1],[0,1],[1,2,3,4]]]]
ROW2089C [8,[[[-9,2],[-15,4],[281,2],[1,4,2,3]],[[0,1],[0,1],[9,2],[2,3,1,4]],[[0,1],[0,1],[0,1],[1,4,2,3]]]]
ROW2089C [9,[[[1,1],[12,1],[82,1],[2,3,1,4]],[[0,1],[0,1],[8,1],[3,4,1,2]],[[0,1],[0,1],[0,1],[2,1,4,3]]]]
ROW2089C [10,[[[0,1],[0,1],[-1,2],[2,3,1,4]],[[0,1],[0,1],[0,1],[4,3,2,1]],[[0,1],[0,1],[0,1],[3,4,1,2]]]]
ROW2089C [11,[[[0,1],[3,4],[29,32],[3,1,2,4]],[[0,1],[0,1],[0,1],[1,3,4,2]],[[0,1],[0,1],[0,1],[3,1,2,4]]]]
ROW2089C [12,[[[3,8],[-15,16],[-51,128],[4,2,1,3]],[[0,1],[0,1],[3,32],[1,3,4,2]],[[0,1],[0,1],[0,1],[4,2,1,3]]]]
ROW2089C [13,[[[7,2],[189,128],[-95,64],[1,2,3,4]],[[0,1],[0,1],[-21,32],[1,2,3,4]],[[0,1],[0,1],[0,1],[1,2,3,4]]]]
ROW2089C [14,[[[21,2],[63,2],[-3778,1],[3,4,1,2]],[[0,1],[0,1],[42,1],[1,2,3,4]],[[0,1],[0,1],[0,1],[1,2,3,4]]]]
ROW2089C [15,[[[3,4],[-30,1],[-349,1],[3,2,4,1]],[[0,1],[0,1],[-6,1],[3,2,4,1]],[[0,1],[0,1],[0,1],[3,2,4,1]]]]
ROW2089C [16,[[[-1,1],[9,2],[-9,1],[4,3,2,1]],[[0,1],[0,1],[-3,1],[1,2,3,4]],[[0,1],[0,1],[0,1],[1,2,3,4]]]]
ROW2089C [17,[[[0,1],[0,1],[3,2],[3,1,2,4]],[[0,1],[0,1],[0,1],[4,3,2,1]],[[0,1],[0,1],[0,1],[2,1,4,3]]]]
ROW2089C [18,[[[-1,2],[-3,1],[-29,8],[1,4,2,3]],[[0,1],[0,1],[-1,1],[3,4,1,2]],[[0,1],[0,1],[0,1],[2,1,4,3]]]]
ROW2089C [19,[[[-3,2],[0,1],[185,256],[2,3,1,4]],[[0,1],[0,1],[0,1],[3,2,4,1]],[[0,1],[0,1],[0,1],[2,3,1,4]]]]
ROW2089C [20,[[[0,1],[63,64],[2047,2048],[4,2,1,3]],[[0,1],[0,1],[0,1],[4,2,1,3]],[[0,1],[0,1],[0,1],[4,2,1,3]]]]
ROW2089C [21,[[[-7,2],[63,1],[3847,2],[2,4,3,1]],[[0,1],[0,1],[-28,1],[2,1,4,3]],[[0,1],[0,1],[0,1],[3,4,1,2]]]]
ROW2089C [22,[[[-12,1],[-45,2],[1245,4],[1,3,4,2]],[[0,1],[0,1],[72,1],[2,1,4,3]],[[0,1],[0,1],[0,1],[3,4,1,2]]]]
ROW2089C [23,[[[3,2],[3,2],[27,2],[2,1,4,3]],[[0,1],[0,1],[3,2],[1,2,3,4]],[[0,1],[0,1],[0,1],[1,2,3,4]]]]
ROW2089C [24,[[[0,1],[0,1],[-1,8],[1,2,3,4]],[[0,1],[0,1],[0,1],[1,2,3,4]],[[0,1],[0,1],[0,1],[1,2,3,4]]]]
ROW2089C [25,[[[1,2],[-9,8],[13,32],[1,4,2,3]],[[0,1],[0,1],[3,8],[4,3,2,1]],[[0,1],[0,1],[0,1],[3,4,1,2]]]]
ROW2089C [26,[[[9,8],[15,64],[-257,128],[3,1,2,4]],[[0,1],[0,1],[-9,128],[2,1,4,3]],[[0,1],[0,1],[0,1],[3,4,1,2]]]]
ROW2089C [27,[[[-7,8],[-63,16],[-2571,1024],[1,3,4,2]],[[0,1],[0,1],[-7,16],[1,3,4,2]],[[0,1],[0,1],[0,1],[1,3,4,2]]]]
ROW2089C [28,[[[14,1],[0,1],[-4605,4],[4,1,3,2]],[[0,1],[0,1],[0,1],[1,4,2,3]],[[0,1],[0,1],[0,1],[4,1,3,2]]]]
ROW2089C [29,[[[0,1],[-15,1],[-95,1],[1,2,3,4]],[[0,1],[0,1],[0,1],[1,2,3,4]],[[0,1],[0,1],[0,1],[1,2,3,4]]]]
ROW2089C [30,[[[-1,2],[3,1],[5,2],[2,1,4,3]],[[0,1],[0,1],[-1,1],[1,2,3,4]],[[0,1],[0,1],[0,1],[1,2,3,4]]]]
ROW2089C [31,[[[0,1],[0,1],[1,1],[1,2,3,4]],[[0,1],[0,1],[0,1],[1,2,3,4]],[[0,1],[0,1],[0,1],[1,2,3,4]]]]
ROW2089C [32,[[[-3,4],[-3,8],[229,64],[1,4,2,3]],[[0,1],[0,1],[-3,16],[2,3,1,4]],[[0,1],[0,1],[0,1],[1,4,2,3]]]]
ROW2089C [33,[[[-3,16],[15,8],[297,256],[2,3,1,4]],[[0,1],[0,1],[3,32],[3,4,1,2]],[[0,1],[0,1],[0,1],[2,1,4,3]]]]
ROW2089C [34,[[[7,8],[-189,128],[23,128],[2,3,1,4]],[[0,1],[0,1],[21,128],[4,3,2,1]],[[0,1],[0,1],[0,1],[3,4,1,2]]]]
ROW2089C [35,[[[-21,2],[-63,4],[3419,1],[3,1,2,4]],[[0,1],[0,1],[21,1],[1,3,4,2]],[[0,1],[0,1],[0,1],[3,1,2,4]]]]
ROW2089C [36,[[[3,1],[60,1],[878,1],[4,2,1,3]],[[0,1],[0,1],[48,1],[1,3,4,2]],[[0,1],[0,1],[0,1],[4,2,1,3]]]]
ROW2089C [37,[[[2,1],[0,1],[27,4],[1,2,3,4]],[[0,1],[0,1],[0,1],[1,2,3,4]],[[0,1],[0,1],[0,1],[1,2,3,4]]]]
ROW2089C [38,[[[0,1],[0,1],[0,1],[3,4,1,2]],[[0,1],[0,1],[0,1],[1,2,3,4]],[[0,1],[0,1],[0,1],[1,2,3,4]]]]
ROW2089C [39,[[[1,4],[-3,4],[-7,16],[3,2,4,1]],[[0,1],[0,1],[1,8],[3,2,4,1]],[[0,1],[0,1],[0,1],[3,2,4,1]]]]
ROW2089C [40,[[[3,1],[45,32],[-535,256],[4,3,2,1]],[[0,1],[0,1],[-9,8],[1,2,3,4]],[[0,1],[0,1],[0,1],[1,2,3,4]]]]
ROW2089C [41,[[[-21,16],[-63,128],[15983,4096],[3,1,2,4]],[[0,1],[0,1],[-21,256],[4,3,2,1]],[[0,1],[0,1],[0,1],[2,1,4,3]]]]
ROW2089C [42,[[[7,4],[-126,1],[-4027,1],[1,4,2,3]],[[0,1],[0,1],[-28,1],[3,4,1,2]],[[0,1],[0,1],[0,1],[2,1,4,3]]]]
ROW2089C [43,[[[-3,1],[45,2],[6,1],[2,3,1,4]],[[0,1],[0,1],[-18,1],[3,2,4,1]],[[0,1],[0,1],[0,1],[2,3,1,4]]]]
ROW2089C [44,[[[-3,2],[-3,4],[-81,4],[4,2,1,3]],[[0,1],[0,1],[3,4],[4,2,1,3]],[[0,1],[0,1],[0,1],[4,2,1,3]]]]
ROW2089C [45,[[[0,1],[0,1],[-1,2],[2,4,3,1]],[[0,1],[0,1],[0,1],[2,1,4,3]],[[0,1],[0,1],[0,1],[3,4,1,2]]]]
ROW2089C [46,[[[-1,1],[0,1],[25,32],[1,3,4,2]],[[0,1],[0,1],[0,1],[2,1,4,3]],[[0,1],[0,1],[0,1],[3,4,1,2]]]]
ROW2089C [47,[[[0,1],[15,16],[127,128],[2,1,4,3]],[[0,1],[0,1],[0,1],[1,2,3,4]],[[0,1],[0,1],[0,1],[1,2,3,4]]]]
ROW2089C [48,[[[7,16],[-63,64],[-909,2048],[1,2,3,4]],[[0,1],[0,1],[7,128],[1,2,3,4]],[[0,1],[0,1],[0,1],[1,2,3,4]]]]
ROW2089C [49,[[[-28,1],[-189,2],[15165,4],[1,4,2,3]],[[0,1],[0,1],[336,1],[4,3,2,1]],[[0,1],[0,1],[0,1],[3,4,1,2]]]]
ROW2089C [50,[[[9,2],[15,2],[-191,1],[3,1,2,4]],[[0,1],[0,1],[9,1],[2,1,4,3]],[[0,1],[0,1],[0,1],[3,4,1,2]]]]
ROW2089C [51,[[[1,4],[-6,1],[-23,1],[1,3,4,2]],[[0,1],[0,1],[-1,1],[1,3,4,2]],[[0,1],[0,1],[0,1],[1,3,4,2]]]]
ROW2089C [52,[[[0,1],[0,1],[1,4],[4,1,3,2]],[[0,1],[0,1],[0,1],[1,4,2,3]],[[0,1],[0,1],[0,1],[4,1,3,2]]]]
ROW2089C [53,[[[3,4],[3,16],[-289,128],[1,2,3,4]],[[0,1],[0,1],[-3,32],[1,2,3,4]],[[0,1],[0,1],[0,1],[1,2,3,4]]]]
ROW2089C [54,[[[-3,4],[-15,4],[-195,64],[2,1,4,3]],[[0,1],[0,1],[-3,4],[1,2,3,4]],[[0,1],[0,1],[0,1],[1,2,3,4]]]]
ROW2089C [55,[[[-7,4],[0,1],[1535,2048],[1,2,3,4]],[[0,1],[0,1],[0,1],[1,2,3,4]],[[0,1],[0,1],[0,1],[1,2,3,4]]]]
ROW2089C [56,[[[0,1],[-63,1],[-895,1],[1,4,2,3]],[[0,1],[0,1],[0,1],[2,3,1,4]],[[0,1],[0,1],[0,1],[1,4,2,3]]]]
ROW2089C [57,[[[-3,2],[15,1],[259,2],[2,3,1,4]],[[0,1],[0,1],[-6,1],[3,4,1,2]],[[0,1],[0,1],[0,1],[2,1,4,3]]]]
ROW2089C [58,[[[-4,1],[-9,2],[45,4],[2,3,1,4]],[[0,1],[0,1],[12,1],[4,3,2,1]],[[0,1],[0,1],[0,1],[3,4,1,2]]]]
ROW2089C [59,[[[0,1],[0,1],[-3,2],[3,1,2,4]],[[0,1],[0,1],[0,1],[1,3,4,2]],[[0,1],[0,1],[0,1],[3,1,2,4]]]]
ROW2089C [60,[[[-1,8],[3,2],[43,32],[4,2,1,3]],[[0,1],[0,1],[1,8],[1,3,4,2]],[[0,1],[0,1],[0,1],[4,2,1,3]]]]
ROW2089C [61,[[[3,4],[-45,32],[43,128],[1,2,3,4]],[[0,1],[0,1],[9,32],[1,2,3,4]],[[0,1],[0,1],[0,1],[1,2,3,4]]]]
ROW2089C [62,[[[21,16],[63,256],[-16751,8192],[3,4,1,2]],[[0,1],[0,1],[-21,512],[1,2,3,4]],[[0,1],[0,1],[0,1],[1,2,3,4]]]]
ROW2089C [63,[[[7,1],[252,1],[8414,1],[3,2,4,1]],[[0,1],[0,1],[224,1],[3,2,4,1]],[[0,1],[0,1],[0,1],[3,2,4,1]]]]
ROW2089C [64,[[[6,1],[0,1],[-189,4],[4,3,2,1]],[[0,1],[0,1],[0,1],[1,2,3,4]],[[0,1],[0,1],[0,1],[1,2,3,4]]]]
ROW2089C [65,[[[0,1],[-3,1],[-9,1],[3,1,2,4]],[[0,1],[0,1],[0,1],[4,3,2,1]],[[0,1],[0,1],[0,1],[2,1,4,3]]]]
ROW2089C [66,[[[0,1],[0,1],[1,4],[1,4,2,3]],[[0,1],[0,1],[0,1],[3,4,1,2]],[[0,1],[0,1],[0,1],[2,1,4,3]]]]
ROW2089C [67,[[[2,1],[9,8],[-49,16],[2,3,1,4]],[[0,1],[0,1],[-3,2],[3,2,4,1]],[[0,1],[0,1],[0,1],[2,3,1,4]]]]
ROW2089C [68,[[[-9,8],[-15,32],[475,128],[4,2,1,3]],[[0,1],[0,1],[-9,64],[4,2,1,3]],[[0,1],[0,1],[0,1],[4,2,1,3]]]]
ROW2089C [69,[[[-7,32],[63,32],[4389,4096],[2,4,3,1]],[[0,1],[0,1],[7,128],[2,1,4,3]],[[0,1],[0,1],[0,1],[3,4,1,2]]]]
ROW2089C [70,[[[-7,1],[189,2],[780,1],[1,3,4,2]],[[0,1],[0,1],[-84,1],[2,1,4,3]],[[0,1],[0,1],[0,1],[3,4,1,2]]]]
ROW2089C [71,[[[-9,2],[-15,4],[281,2],[2,1,4,3]],[[0,1],[0,1],[9,2],[1,2,3,4]],[[0,1],[0,1],[0,1],[1,2,3,4]]]]
ROW2089C [72,[[[1,1],[12,1],[82,1],[1,2,3,4]],[[0,1],[0,1],[8,1],[1,2,3,4]],[[0,1],[0,1],[0,1],[1,2,3,4]]]]
ROW2089C [73,[[[0,1],[0,1],[-1,2],[1,4,2,3]],[[0,1],[0,1],[0,1],[4,3,2,1]],[[0,1],[0,1],[0,1],[3,4,1,2]]]]
ROW2089C [74,[[[0,1],[3,4],[29,32],[3,1,2,4]],[[0,1],[0,1],[0,1],[2,1,4,3]],[[0,1],[0,1],[0,1],[3,4,1,2]]]]
ROW2089C [75,[[[3,8],[-15,16],[-51,128],[1,3,4,2]],[[0,1],[0,1],[3,32],[1,3,4,2]],[[0,1],[0,1],[0,1],[1,3,4,2]]]]
ROW2089C [76,[[[7,2],[189,128],[-95,64],[4,1,3,2]],[[0,1],[0,1],[-21,32],[1,4,2,3]],[[0,1],[0,1],[0,1],[4,1,3,2]]]]
ROW2089C [77,[[[21,2],[63,2],[-3778,1],[1,2,3,4]],[[0,1],[0,1],[42,1],[1,2,3,4]],[[0,1],[0,1],[0,1],[1,2,3,4]]]]
ROW2089C [78,[[[3,4],[-30,1],[-349,1],[2,1,4,3]],[[0,1],[0,1],[-6,1],[1,2,3,4]],[[0,1],[0,1],[0,1],[1,2,3,4]]]]
ROW2089C [79,[[[-1,1],[9,2],[-9,1],[1,2,3,4]],[[0,1],[0,1],[-3,1],[1,2,3,4]],[[0,1],[0,1],[0,1],[1,2,3,4]]]]
ROW2089C [80,[[[0,1],[0,1],[3,2],[1,4,2,3]],[[0,1],[0,1],[0,1],[2,3,1,4]],[[0,1],[0,1],[0,1],[1,4,2,3]]]]
ROW2089C [81,[[[-1,2],[-3,1],[-29,8],[2,3,1,4]],[[0,1],[0,1],[-1,1],[3,4,1,2]],[[0,1],[0,1],[0,1],[2,1,4,3]]]]
ROW2089C [82,[[[-3,2],[0,1],[185,256],[2,3,1,4]],[[0,1],[0,1],[0,1],[4,3,2,1]],[[0,1],[0,1],[0,1],[3,4,1,2]]]]
ROW2089C [83,[[[0,1],[63,64],[2047,2048],[3,1,2,4]],[[0,1],[0,1],[0,1],[1,3,4,2]],[[0,1],[0,1],[0,1],[3,1,2,4]]]]
ROW2089C [84,[[[-7,2],[63,1],[3847,2],[4,2,1,3]],[[0,1],[0,1],[-28,1],[1,3,4,2]],[[0,1],[0,1],[0,1],[4,2,1,3]]]]
ROW2089C [85,[[[-12,1],[-45,2],[1245,4],[1,2,3,4]],[[0,1],[0,1],[72,1],[1,2,3,4]],[[0,1],[0,1],[0,1],[1,2,3,4]]]]
ROW2089C [86,[[[3,2],[3,2],[27,2],[3,4,1,2]],[[0,1],[0,1],[3,2],[1,2,3,4]],[[0,1],[0,1],[0,1],[1,2,3,4]]]]
ROW2089C [87,[[[0,1],[0,1],[-1,8],[3,2,4,1]],[[0,1],[0,1],[0,1],[3,2,4,1]],[[0,1],[0,1],[0,1],[3,2,4,1]]]]
ROW2089C [88,[[[1,2],[-9,8],[13,32],[4,3,2,1]],[[0,1],[0,1],[3,8],[1,2,3,4]],[[0,1],[0,1],[0,1],[1,2,3,4]]]]
ROW2089C [89,[[[9,8],[15,64],[-257,128],[3,1,2,4]],[[0,1],[0,1],[-9,128],[4,3,2,1]],[[0,1],[0,1],[0,1],[2,1,4,3]]]]
ROW2089C [90,[[[-7,8],[-63,16],[-2571,1024],[1,4,2,3]],[[0,1],[0,1],[-7,16],[3,4,1,2]],[[0,1],[0,1],[0,1],[2,1,4,3]]]]
ROW2089C [91,[[[14,1],[0,1],[-4605,4],[2,3,1,4]],[[0,1],[0,1],[0,1],[3,2,4,1]],[[0,1],[0,1],[0,1],[2,3,1,4]]]]
ROW2089C [92,[[[0,1],[-15,1],[-95,1],[4,2,1,3]],[[0,1],[0,1],[0,1],[4,2,1,3]],[[0,1],[0,1],[0,1],[4,2,1,3]]]]
ROW2089C [93,[[[-1,2],[3,1],[5,2],[2,4,3,1]],[[0,1],[0,1],[-1,1],[2,1,4,3]],[[0,1],[0,1],[0,1],[3,4,1,2]]]]
ROW2089C [94,[[[0,1],[0,1],[1,1],[1,3,4,2]],[[0,1],[0,1],[0,1],[2,1,4,3]],[[0,1],[0,1],[0,1],[3,4,1,2]]]]
ROW2089C [95,[[[-3,4],[-3,8],[229,64],[2,1,4,3]],[[0,1],[0,1],[-3,16],[1,2,3,4]],[[0,1],[0,1],[0,1],[1,2,3,4]]]]
ROW2089C [96,[[[-3,16],[15,8],[297,256],[1,2,3,4]],[[0,1],[0,1],[3,32],[1,2,3,4]],[[0,1],[0,1],[0,1],[1,2,3,4]]]]
ROW2089C [97,[[[7,8],[-189,128],[23,128],[1,4,2,3]],[[0,1],[0,1],[21,128],[4,3,2,1]],[[0,1],[0,1],[0,1],[3,4,1,2]]]]
ROW2089C [98,[[[-21,2],[-63,4],[3419,1],[3,1,2,4]],[[0,1],[0,1],[21,1],[2,1,4,3]],[[0,1],[0,1],[0,1],[3,4,1,2]]]]
ROW2089C [99,[[[3,1],[60,1],[878,1],[1,3,4,2]],[[0,1],[0,1],[48,1],[1,3,4,2]],[[0,1],[0,1],[0,1],[1,3,4,2]]]]
ROW2089C [100,[[[2,1],[0,1],[27,4],[4,1,3,2]],[[0,1],[0,1],[0,1],[1,4,2,3]],[[0,1],[0,1],[0,1],[4,1,3,2]]]]
ROW2089C [101,[[[0,1],[0,1],[0,1],[1,2,3,4]],[[0,1],[0,1],[0,1],[1,2,3,4]],[[0,1],[0,1],[0,1],[1,2,3,4]]]]
ROW2089C [102,[[[1,4],[-3,4],[-7,16],[2,1,4,3]],[[0,1],[0,1],[1,8],[1,2,3,4]],[[0,1],[0,1],[0,1],[1,2,3,4]]]]
ROW2089C [103,[[[3,1],[45,32],[-535,256],[1,2,3,4]],[[0,1],[0,1],[-9,8],[1,2,3,4]],[[0,1],[0,1],[0,1],[1,2,3,4]]]]
ROW2089C [104,[[[-21,16],[-63,128],[15983,4096],[1,4,2,3]],[[0,1],[0,1],[-21,256],[2,3,1,4]],[[0,1],[0,1],[0,1],[1,4,2,3]]]]
ROW2089C [105,[[[7,4],[-126,1],[-4027,1],[2,3,1,4]],[[0,1],[0,1],[-28,1],[3,4,1,2]],[[0,1],[0,1],[0,1],[2,1,4,3]]]]
ROW2089C [106,[[[-3,1],[45,2],[6,1],[2,3,1,4]],[[0,1],[0,1],[-18,1],[4,3,2,1]],[[0,1],[0,1],[0,1],[3,4,1,2]]]]
ROW2089C [107,[[[-3,2],[-3,4],[-81,4],[3,1,2,4]],[[0,1],[0,1],[3,4],[1,3,4,2]],[[0,1],[0,1],[0,1],[3,1,2,4]]]]
ROW2089C [108,[[[0,1],[0,1],[-1,2],[4,2,1,3]],[[0,1],[0,1],[0,1],[1,3,4,2]],[[0,1],[0,1],[0,1],[4,2,1,3]]]]
ROW2089C [109,[[[-1,1],[0,1],[25,32],[1,2,3,4]],[[0,1],[0,1],[0,1],[1,2,3,4]],[[0,1],[0,1],[0,1],[1,2,3,4]]]]
ROW2089C [110,[[[0,1],[15,16],[127,128],[3,4,1,2]],[[0,1],[0,1],[0,1],[1,2,3,4]],[[0,1],[0,1],[0,1],[1,2,3,4]]]]
ROW2089C [111,[[[7,16],[-63,64],[-909,2048],[3,2,4,1]],[[0,1],[0,1],[7,128],[3,2,4,1]],[[0,1],[0,1],[0,1],[3,2,4,1]]]]
ROW2089C [112,[[[-28,1],[-189,2],[15165,4],[4,3,2,1]],[[0,1],[0,1],[336,1],[1,2,3,4]],[[0,1],[0,1],[0,1],[1,2,3,4]]]]
ROW2089C [113,[[[9,2],[15,2],[-191,1],[3,1,2,4]],[[0,1],[0,1],[9,1],[4,3,2,1]],[[0,1],[0,1],[0,1],[2,1,4,3]]]]
ROW2089C [114,[[[1,4],[-6,1],[-23,1],[1,4,2,3]],[[0,1],[0,1],[-1,1],[3,4,1,2]],[[0,1],[0,1],[0,1],[2,1,4,3]]]]
ROW2089C [115,[[[0,1],[0,1],[1,4],[2,3,1,4]],[[0,1],[0,1],[0,1],[3,2,4,1]],[[0,1],[0,1],[0,1],[2,3,1,4]]]]
ROW2089C [116,[[[3,4],[3,16],[-289,128],[4,2,1,3]],[[0,1],[0,1],[-3,32],[4,2,1,3]],[[0,1],[0,1],[0,1],[4,2,1,3]]]]
ROW2089C [117,[[[-3,4],[-15,4],[-195,64],[2,4,3,1]],[[0,1],[0,1],[-3,4],[2,1,4,3]],[[0,1],[0,1],[0,1],[3,4,1,2]]]]
ROW2089C [118,[[[-7,4],[0,1],[1535,2048],[1,3,4,2]],[[0,1],[0,1],[0,1],[2,1,4,3]],[[0,1],[0,1],[0,1],[3,4,1,2]]]]
ROW2089C [119,[[[0,1],[-63,1],[-895,1],[2,1,4,3]],[[0,1],[0,1],[0,1],[1,2,3,4]],[[0,1],[0,1],[0,1],[1,2,3,4]]]]
ROW2089C [120,[[[-3,2],[15,1],[259,2],[1,2,3,4]],[[0,1],[0,1],[-6,1],[1,2,3,4]],[[0,1],[0,1],[0,1],[1,2,3,4]]]]
ROW2089C [121,[[[-4,1],[-9,2],[45,4],[1,4,2,3]],[[0,1],[0,1],[12,1],[4,3,2,1]],[[0,1],[0,1],[0,1],[3,4,1,2]]]]
ROW2089C [122,[[[0,1],[0,1],[-3,2],[3,1,2,4]],[[0,1],[0,1],[0,1],[2,1,4,3]],[[0,1],[0,1],[0,1],[3,4,1,2]]]]
ROW2089C [123,[[[-1,8],[3,2],[43,32],[1,3,4,2]],[[0,1],[0,1],[1,8],[1,3,4,2]],[[0,1],[0,1],[0,1],[1,3,4,2]]]]
ROW2089C [124,[[[3,4],[-45,32],[43,128],[4,1,3,2]],[[0,1],[0,1],[9,32],[1,4,2,3]],[[0,1],[0,1],[0,1],[4,1,3,2]]]]
ROW2089C [125,[[[21,16],[63,256],[-16751,8192],[1,2,3,4]],[[0,1],[0,1],[-21,512],[1,2,3,4]],[[0,1],[0,1],[0,1],[1,2,3,4]]]]
ROW2089C [126,[[[7,1],[252,1],[8414,1],[2,1,4,3]],[[0,1],[0,1],[224,1],[1,2,3,4]],[[0,1],[0,1],[0,1],[1,2,3,4]]]]
ROW2089C [127,[[[6,1],[0,1],[-189,4],[1,2,3,4]],[[0,1],[0,1],[0,1],[1,2,3,4]],[[0,1],[0,1],[0,1],[1,2,3,4]]]]
ROW2089C [128,[[[0,1],[-3,1],[-9,1],[1,4,2,3]],[[0,1],[0,1],[0,1],[2,3,1,4]],[[0,1],[0,1],[0,1],[1,4,2,3]]]]
ROW2089C [129,[[[0,1],[0,1],[1,4],[2,3,1,4]],[[0,1],[0,1],[0,1],[3,4,1,2]],[[0,1],[0,1],[0,1],[2,1,4,3]]]]
ROW2089C [130,[[[2,1],[9,8],[-49,16],[2,3,1,4]],[[0,1],[0,1],[-3,2],[4,3,2,1]],[[0,1],[0,1],[0,1],[3,4,1,2]]]]
ROW2089C [131,[[[-9,8],[-15,32],[475,128],[3,1,2,4]],[[0,1],[0,1],[-9,64],[1,3,4,2]],[[0,1],[0,1],[0,1],[3,1,2,4]]]]
ROW2089C [132,[[[-7,32],[63,32],[4389,4096],[4,2,1,3]],[[0,1],[0,1],[7,128],[1,3,4,2]],[[0,1],[0,1],[0,1],[4,2,1,3]]]]
ROW2089C [133,[[[-7,1],[189,2],[780,1],[1,2,3,4]],[[0,1],[0,1],[-84,1],[1,2,3,4]],[[0,1],[0,1],[0,1],[1,2,3,4]]]]
ROW2089C [134,[[[-9,2],[-15,4],[281,2],[3,4,1,2]],[[0,1],[0,1],[9,2],[1,2,3,4]],[[0,1],[0,1],[0,1],[1,2,3,4]]]]
ROW2089C [135,[[[1,1],[12,1],[82,1],[3,2,4,1]],[[0,1],[0,1],[8,1],[3,2,4,1]],[[0,1],[0,1],[0,1],[3,2,4,1]]]]
ROW2089C [136,[[[0,1],[0,1],[-1,2],[4,3,2,1]],[[0,1],[0,1],[0,1],[1,2,3,4]],[[0,1],[0,1],[0,1],[1,2,3,4]]]]
ROW2089C [137,[[[0,1],[3,4],[29,32],[3,1,2,4]],[[0,1],[0,1],[0,1],[4,3,2,1]],[[0,1],[0,1],[0,1],[2,1,4,3]]]]
ROW2089C [138,[[[3,8],[-15,16],[-51,128],[1,4,2,3]],[[0,1],[0,1],[3,32],[3,4,1,2]],[[0,1],[0,1],[0,1],[2,1,4,3]]]]
ROW2089C [139,[[[7,2],[189,128],[-95,64],[2,3,1,4]],[[0,1],[0,1],[-21,32],[3,2,4,1]],[[0,1],[0,1],[0,1],[2,3,1,4]]]]
ROW2089C [140,[[[21,2],[63,2],[-3778,1],[4,2,1,3]],[[0,1],[0,1],[42,1],[4,2,1,3]],[[0,1],[0,1],[0,1],[4,2,1,3]]]]
ROW2089C [141,[[[3,4],[-30,1],[-349,1],[2,4,3,1]],[[0,1],[0,1],[-6,1],[2,1,4,3]],[[0,1],[0,1],[0,1],[3,4,1,2]]]]
ROW2089C [142,[[[-1,1],[9,2],[-9,1],[1,3,4,2]],[[0,1],[0,1],[-3,1],[2,1,4,3]],[[0,1],[0,1],[0,1],[3,4,1,2]]]]
ROW2089C [143,[[[0,1],[0,1],[3,2],[2,1,4,3]],[[0,1],[0,1],[0,1],[1,2,3,4]],[[0,1],[0,1],[0,1],[1,2,3,4]]]]
ROW2089C [144,[[[-1,2],[-3,1],[-29,8],[1,2,3,4]],[[0,1],[0,1],[-1,1],[1,2,3,4]],[[0,1],[0,1],[0,1],[1,2,3,4]]]]
ROW2089C [145,[[[-3,2],[0,1],[185,256],[1,4,2,3]],[[0,1],[0,1],[0,1],[4,3,2,1]],[[0,1],[0,1],[0,1],[3,4,1,2]]]]
ROW2089C [146,[[[0,1],[63,64],[2047,2048],[3,1,2,4]],[[0,1],[0,1],[0,1],[2,1,4,3]],[[0,1],[0,1],[0,1],[3,4,1,2]]]]
ROW2089C [147,[[[-7,2],[63,1],[3847,2],[1,3,4,2]],[[0,1],[0,1],[-28,1],[1,3,4,2]],[[0,1],[0,1],[0,1],[1,3,4,2]]]]
ROW2089C [148,[[[-12,1],[-45,2],[1245,4],[4,1,3,2]],[[0,1],[0,1],[72,1],[1,4,2,3]],[[0,1],[0,1],[0,1],[4,1,3,2]]]]
ROW2089C [149,[[[3,2],[3,2],[27,2],[1,2,3,4]],[[0,1],[0,1],[3,2],[1,2,3,4]],[[0,1],[0,1],[0,1],[1,2,3,4]]]]
ROW2089C [150,[[[0,1],[0,1],[-1,8],[2,1,4,3]],[[0,1],[0,1],[0,1],[1,2,3,4]],[[0,1],[0,1],[0,1],[1,2,3,4]]]]
ROW2089C [151,[[[1,2],[-9,8],[13,32],[1,2,3,4]],[[0,1],[0,1],[3,8],[1,2,3,4]],[[0,1],[0,1],[0,1],[1,2,3,4]]]]
ROW2089C [152,[[[9,8],[15,64],[-257,128],[1,4,2,3]],[[0,1],[0,1],[-9,128],[2,3,1,4]],[[0,1],[0,1],[0,1],[1,4,2,3]]]]
ROW2089C [153,[[[-7,8],[-63,16],[-2571,1024],[2,3,1,4]],[[0,1],[0,1],[-7,16],[3,4,1,2]],[[0,1],[0,1],[0,1],[2,1,4,3]]]]
ROW2089C [154,[[[14,1],[0,1],[-4605,4],[2,3,1,4]],[[0,1],[0,1],[0,1],[4,3,2,1]],[[0,1],[0,1],[0,1],[3,4,1,2]]]]
ROW2089C [155,[[[0,1],[-15,1],[-95,1],[3,1,2,4]],[[0,1],[0,1],[0,1],[1,3,4,2]],[[0,1],[0,1],[0,1],[3,1,2,4]]]]
ROW2089C [156,[[[-1,2],[3,1],[5,2],[4,2,1,3]],[[0,1],[0,1],[-1,1],[1,3,4,2]],[[0,1],[0,1],[0,1],[4,2,1,3]]]]
ROW2089C [157,[[[0,1],[0,1],[1,1],[1,2,3,4]],[[0,1],[0,1],[0,1],[1,2,3,4]],[[0,1],[0,1],[0,1],[1,2,3,4]]]]
ROW2089C [158,[[[-3,4],[-3,8],[229,64],[3,4,1,2]],[[0,1],[0,1],[-3,16],[1,2,3,4]],[[0,1],[0,1],[0,1],[1,2,3,4]]]]
ROW2089C [159,[[[-3,16],[15,8],[297,256],[3,2,4,1]],[[0,1],[0,1],[3,32],[3,2,4,1]],[[0,1],[0,1],[0,1],[3,2,4,1]]]]
ROW2089C [160,[[[7,8],[-189,128],[23,128],[4,3,2,1]],[[0,1],[0,1],[21,128],[1,2,3,4]],[[0,1],[0,1],[0,1],[1,2,3,4]]]]
ROW2089C [161,[[[-21,2],[-63,4],[3419,1],[3,1,2,4]],[[0,1],[0,1],[21,1],[4,3,2,1]],[[0,1],[0,1],[0,1],[2,1,4,3]]]]
ROW2089C [162,[[[3,1],[60,1],[878,1],[1,4,2,3]],[[0,1],[0,1],[48,1],[3,4,1,2]],[[0,1],[0,1],[0,1],[2,1,4,3]]]]
ROW2089C [163,[[[2,1],[0,1],[27,4],[2,3,1,4]],[[0,1],[0,1],[0,1],[3,2,4,1]],[[0,1],[0,1],[0,1],[2,3,1,4]]]]
ROW2089C [164,[[[0,1],[0,1],[0,1],[4,2,1,3]],[[0,1],[0,1],[0,1],[4,2,1,3]],[[0,1],[0,1],[0,1],[4,2,1,3]]]]
ROW2089C [165,[[[1,4],[-3,4],[-7,16],[2,4,3,1]],[[0,1],[0,1],[1,8],[2,1,4,3]],[[0,1],[0,1],[0,1],[3,4,1,2]]]]
ROW2089C [166,[[[3,1],[45,32],[-535,256],[1,3,4,2]],[[0,1],[0,1],[-9,8],[2,1,4,3]],[[0,1],[0,1],[0,1],[3,4,1,2]]]]
ROW2089C [167,[[[-21,16],[-63,128],[15983,4096],[2,1,4,3]],[[0,1],[0,1],[-21,256],[1,2,3,4]],[[0,1],[0,1],[0,1],[1,2,3,4]]]]
ROW2089C [168,[[[7,4],[-126,1],[-4027,1],[1,2,3,4]],[[0,1],[0,1],[-28,1],[1,2,3,4]],[[0,1],[0,1],[0,1],[1,2,3,4]]]]
ROW2089C [169,[[[-3,1],[45,2],[6,1],[1,4,2,3]],[[0,1],[0,1],[-18,1],[4,3,2,1]],[[0,1],[0,1],[0,1],[3,4,1,2]]]]
ROW2089C [170,[[[-3,2],[-3,4],[-81,4],[3,1,2,4]],[[0,1],[0,1],[3,4],[2,1,4,3]],[[0,1],[0,1],[0,1],[3,4,1,2]]]]
ROW2089C [171,[[[0,1],[0,1],[-1,2],[1,3,4,2]],[[0,1],[0,1],[0,1],[1,3,4,2]],[[0,1],[0,1],[0,1],[1,3,4,2]]]]
ROW2089C [172,[[[-1,1],[0,1],[25,32],[4,1,3,2]],[[0,1],[0,1],[0,1],[1,4,2,3]],[[0,1],[0,1],[0,1],[4,1,3,2]]]]
ROW2089C [173,[[[0,1],[15,16],[127,128],[1,2,3,4]],[[0,1],[0,1],[0,1],[1,2,3,4]],[[0,1],[0,1],[0,1],[1,2,3,4]]]]
ROW2089C [174,[[[7,16],[-63,64],[-909,2048],[2,1,4,3]],[[0,1],[0,1],[7,128],[1,2,3,4]],[[0,1],[0,1],[0,1],[1,2,3,4]]]]
ROW2089C [175,[[[-28,1],[-189,2],[15165,4],[1,2,3,4]],[[0,1],[0,1],[336,1],[1,2,3,4]],[[0,1],[0,1],[0,1],[1,2,3,4]]]]
ROW2089C [176,[[[9,2],[15,2],[-191,1],[1,4,2,3]],[[0,1],[0,1],[9,1],[2,3,1,4]],[[0,1],[0,1],[0,1],[1,4,2,3]]]]
ROW2089C [177,[[[1,4],[-6,1],[-23,1],[2,3,1,4]],[[0,1],[0,1],[-1,1],[3,4,1,2]],[[0,1],[0,1],[0,1],[2,1,4,3]]]]
ROW2089C [178,[[[0,1],[0,1],[1,4],[2,3,1,4]],[[0,1],[0,1],[0,1],[4,3,2,1]],[[0,1],[0,1],[0,1],[3,4,1,2]]]]
ROW2089C [179,[[[3,4],[3,16],[-289,128],[3,1,2,4]],[[0,1],[0,1],[-3,32],[1,3,4,2]],[[0,1],[0,1],[0,1],[3,1,2,4]]]]
ROW2089C [180,[[[-3,4],[-15,4],[-195,64],[4,2,1,3]],[[0,1],[0,1],[-3,4],[1,3,4,2]],[[0,1],[0,1],[0,1],[4,2,1,3]]]]
ROW2089C [181,[[[-7,4],[0,1],[1535,2048],[1,2,3,4]],[[0,1],[0,1],[0,1],[1,2,3,4]],[[0,1],[0,1],[0,1],[1,2,3,4]]]]
ROW2089C [182,[[[0,1],[-63,1],[-895,1],[3,4,1,2]],[[0,1],[0,1],[0,1],[1,2,3,4]],[[0,1],[0,1],[0,1],[1,2,3,4]]]]
ROW2089C [183,[[[-3,2],[15,1],[259,2],[3,2,4,1]],[[0,1],[0,1],[-6,1],[3,2,4,1]],[[0,1],[0,1],[0,1],[3,2,4,1]]]]
ROW2089C [184,[[[-4,1],[-9,2],[45,4],[4,3,2,1]],[[0,1],[0,1],[12,1],[1,2,3,4]],[[0,1],[0,1],[0,1],[1,2,3,4]]]]
ROW2089C [185,[[[0,1],[0,1],[-3,2],[3,1,2,4]],[[0,1],[0,1],[0,1],[4,3,2,1]],[[0,1],[0,1],[0,1],[2,1,4,3]]]]
ROW2089C [186,[[[-1,8],[3,2],[43,32],[1,4,2,3]],[[0,1],[0,1],[1,8],[3,4,1,2]],[[0,1],[0,1],[0,1],[2,1,4,3]]]]
ROW2089C [187,[[[3,4],[-45,32],[43,128],[2,3,1,4]],[[0,1],[0,1],[9,32],[3,2,4,1]],[[0,1],[0,1],[0,1],[2,3,1,4]]]]
ROW2089C [188,[[[21,16],[63,256],[-16751,8192],[4,2,1,3]],[[0,1],[0,1],[-21,512],[4,2,1,3]],[[0,1],[0,1],[0,1],[4,2,1,3]]]]
ROW2089C [189,[[[7,1],[252,1],[8414,1],[2,4,3,1]],[[0,1],[0,1],[224,1],[2,1,4,3]],[[0,1],[0,1],[0,1],[3,4,1,2]]]]
ROW2089C [190,[[[6,1],[0,1],[-189,4],[1,3,4,2]],[[0,1],[0,1],[0,1],[2,1,4,3]],[[0,1],[0,1],[0,1],[3,4,1,2]]]]
ROW2089C [191,[[[0,1],[-3,1],[-9,1],[2,1,4,3]],[[0,1],[0,1],[0,1],[1,2,3,4]],[[0,1],[0,1],[0,1],[1,2,3,4]]]]
ROW2089C [192,[[[0,1],[0,1],[1,4],[1,2,3,4]],[[0,1],[0,1],[0,1],[1,2,3,4]],[[0,1],[0,1],[0,1],[1,2,3,4]]]]
ROW2089C [193,[[[2,1],[9,8],[-49,16],[1,4,2,3]],[[0,1],[0,1],[-3,2],[4,3,2,1]],[[0,1],[0,1],[0,1],[3,4,1,2]]]]
ROW2089C [194,[[[-9,8],[-15,32],[475,128],[3,1,2,4]],[[0,1],[0,1],[-9,64],[2,1,4,3]],[[0,1],[0,1],[0,1],[3,4,1,2]]]]
ROW2089C [195,[[[-7,32],[63,32],[4389,4096],[1,3,4,2]],[[0,1],[0,1],[7,128],[1,3,4,2]],[[0,1],[0,1],[0,1],[1,3,4,2]]]]
ROW2089C [196,[[[-7,1],[189,2],[780,1],[4,1,3,2]],[[0,1],[0,1],[-84,1],[1,4,2,3]],[[0,1],[0,1],[0,1],[4,1,3,2]]]]
ROW2089C [197,[[[-9,2],[-15,4],[281,2],[1,2,3,4]],[[0,1],[0,1],[9,2],[1,2,3,4]],[[0,1],[0,1],[0,1],[1,2,3,4]]]]
ROW2089C [198,[[[1,1],[12,1],[82,1],[2,1,4,3]],[[0,1],[0,1],[8,1],[1,2,3,4]],[[0,1],[0,1],[0,1],[1,2,3,4]]]]
ROW2089C [199,[[[0,1],[0,1],[-1,2],[1,2,3,4]],[[0,1],[0,1],[0,1],[1,2,3,4]],[[0,1],[0,1],[0,1],[1,2,3,4]]]]
ROW2089C [200,[[[0,1],[3,4],[29,32],[1,4,2,3]],[[0,1],[0,1],[0,1],[2,3,1,4]],[[0,1],[0,1],[0,1],[1,4,2,3]]]]
ROW2089C [201,[[[3,8],[-15,16],[-51,128],[2,3,1,4]],[[0,1],[0,1],[3,32],[3,4,1,2]],[[0,1],[0,1],[0,1],[2,1,4,3]]]]
ROW2089C [202,[[[7,2],[189,128],[-95,64],[2,3,1,4]],[[0,1],[0,1],[-21,32],[4,3,2,1]],[[0,1],[0,1],[0,1],[3,4,1,2]]]]
ROW2089C [203,[[[21,2],[63,2],[-3778,1],[3,1,2,4]],[[0,1],[0,1],[42,1],[1,3,4,2]],[[0,1],[0,1],[0,1],[3,1,2,4]]]]
ROW2089C [204,[[[3,4],[-30,1],[-349,1],[4,2,1,3]],[[0,1],[0,1],[-6,1],[1,3,4,2]],[[0,1],[0,1],[0,1],[4,2,1,3]]]]
ROW2089C [205,[[[-1,1],[9,2],[-9,1],[1,2,3,4]],[[0,1],[0,1],[-3,1],[1,2,3,4]],[[0,1],[0,1],[0,1],[1,2,3,4]]]]
ROW2089C [206,[[[0,1],[0,1],[3,2],[3,4,1,2]],[[0,1],[0,1],[0,1],[1,2,3,4]],[[0,1],[0,1],[0,1],[1,2,3,4]]]]
ROW2089C [207,[[[-1,2],[-3,1],[-29,8],[3,2,4,1]],[[0,1],[0,1],[-1,1],[3,2,4,1]],[[0,1],[0,1],[0,1],[3,2,4,1]]]]
ROW2089C [208,[[[-3,2],[0,1],[185,256],[4,3,2,1]],[[0,1],[0,1],[0,1],[1,2,3,4]],[[0,1],[0,1],[0,1],[1,2,3,4]]]]
ROW2089C [209,[[[0,1],[63,64],[2047,2048],[3,1,2,4]],[[0,1],[0,1],[0,1],[4,3,2,1]],[[0,1],[0,1],[0,1],[2,1,4,3]]]]
ROW2089C [210,[[[-7,2],[63,1],[3847,2],[1,4,2,3]],[[0,1],[0,1],[-28,1],[3,4,1,2]],[[0,1],[0,1],[0,1],[2,1,4,3]]]]
ROW2089C [211,[[[-12,1],[-45,2],[1245,4],[2,3,1,4]],[[0,1],[0,1],[72,1],[3,2,4,1]],[[0,1],[0,1],[0,1],[2,3,1,4]]]]
ROW2089C [212,[[[3,2],[3,2],[27,2],[4,2,1,3]],[[0,1],[0,1],[3,2],[4,2,1,3]],[[0,1],[0,1],[0,1],[4,2,1,3]]]]
ROW2089C [213,[[[0,1],[0,1],[-1,8],[2,4,3,1]],[[0,1],[0,1],[0,1],[2,1,4,3]],[[0,1],[0,1],[0,1],[3,4,1,2]]]]
ROW2089C [214,[[[1,2],[-9,8],[13,32],[1,3,4,2]],[[0,1],[0,1],[3,8],[2,1,4,3]],[[0,1],[0,1],[0,1],[3,4,1,2]]]]
ROW2089C [215,[[[9,8],[15,64],[-257,128],[2,1,4,3]],[[0,1],[0,1],[-9,128],[1,2,3,4]],[[0,1],[0,1],[0,1],[1,2,3,4]]]]
ROW2089C [216,[[[-7,8],[-63,16],[-2571,1024],[1,2,3,4]],[[0,1],[0,1],[-7,16],[1,2,3,4]],[[0,1],[0,1],[0,1],[1,2,3,4]]]]
ROW2089C [217,[[[14,1],[0,1],[-4605,4],[1,4,2,3]],[[0,1],[0,1],[0,1],[4,3,2,1]],[[0,1],[0,1],[0,1],[3,4,1,2]]]]
ROW2089C [218,[[[0,1],[-15,1],[-95,1],[3,1,2,4]],[[0,1],[0,1],[0,1],[2,1,4,3]],[[0,1],[0,1],[0,1],[3,4,1,2]]]]
ROW2089C [219,[[[-1,2],[3,1],[5,2],[1,3,4,2]],[[0,1],[0,1],[-1,1],[1,3,4,2]],[[0,1],[0,1],[0,1],[1,3,4,2]]]]
ROW2089C [220,[[[0,1],[0,1],[1,1],[4,1,3,2]],[[0,1],[0,1],[0,1],[1,4,2,3]],[[0,1],[0,1],[0,1],[4,1,3,2]]]]
ROW2089C [221,[[[-3,4],[-3,8],[229,64],[1,2,3,4]],[[0,1],[0,1],[-3,16],[1,2,3,4]],[[0,1],[0,1],[0,1],[1,2,3,4]]]]
ROW2089C [222,[[[-3,16],[15,8],[297,256],[2,1,4,3]],[[0,1],[0,1],[3,32],[1,2,3,4]],[[0,1],[0,1],[0,1],[1,2,3,4]]]]
ROW2089C [223,[[[7,8],[-189,128],[23,128],[1,2,3,4]],[[0,1],[0,1],[21,128],[1,2,3,4]],[[0,1],[0,1],[0,1],[1,2,3,4]]]]
ROW2089C [224,[[[-21,2],[-63,4],[3419,1],[1,4,2,3]],[[0,1],[0,1],[21,1],[2,3,1,4]],[[0,1],[0,1],[0,1],[1,4,2,3]]]]
ROW2089C [225,[[[3,1],[60,1],[878,1],[2,3,1,4]],[[0,1],[0,1],[48,1],[3,4,1,2]],[[0,1],[0,1],[0,1],[2,1,4,3]]]]
ROW2089C [226,[[[2,1],[0,1],[27,4],[2,3,1,4]],[[0,1],[0,1],[0,1],[4,3,2,1]],[[0,1],[0,1],[0,1],[3,4,1,2]]]]
ROW2089C [227,[[[0,1],[0,1],[0,1],[3,1,2,4]],[[0,1],[0,1],[0,1],[1,3,4,2]],[[0,1],[0,1],[0,1],[3,1,2,4]]]]
ROW2089C [228,[[[1,4],[-3,4],[-7,16],[4,2,1,3]],[[0,1],[0,1],[1,8],[1,3,4,2]],[[0,1],[0,1],[0,1],[4,2,1,3]]]]
ROW2089C [229,[[[3,1],[45,32],[-535,256],[1,2,3,4]],[[0,1],[0,1],[-9,8],[1,2,3,4]],[[0,1],[0,1],[0,1],[1,2,3,4]]]]
ROW2089C [230,[[[-21,16],[-63,128],[15983,4096],[3,4,1,2]],[[0,1],[0,1],[-21,256],[1,2,3,4]],[[0,1],[0,1],[0,1],[1,2,3,4]]]]
ROW2089C [231,[[[7,4],[-126,1],[-4027,1],[3,2,4,1]],[[0,1],[0,1],[-28,1],[3,2,4,1]],[[0,1],[0,1],[0,1],[3,2,4,1]]]]
ROW2089C [232,[[[-3,1],[45,2],[6,1],[4,3,2,1]],[[0,1],[0,1],[-18,1],[1,2,3,4]],[[0,1],[0,1],[0,1],[1,2,3,4]]]]
ROW2089C [233,[[[-3,2],[-3,4],[-81,4],[3,1,2,4]],[[0,1],[0,1],[3,4],[4,3,2,1]],[[0,1],[0,1],[0,1],[2,1,4,3]]]]
ROW2089C [234,[[[0,1],[0,1],[-1,2],[1,4,2,3]],[[0,1],[0,1],[0,1],[3,4,1,2]],[[0,1],[0,1],[0,1],[2,1,4,3]]]]
ROW2089C [235,[[[-1,1],[0,1],[25,32],[2,3,1,4]],[[0,1],[0,1],[0,1],[3,2,4,1]],[[0,1],[0,1],[0,1],[2,3,1,4]]]]
ROW2089C [236,[[[0,1],[15,16],[127,128],[4,2,1,3]],[[0,1],[0,1],[0,1],[4,2,1,3]],[[0,1],[0,1],[0,1],[4,2,1,3]]]]
ROW2089C [237,[[[7,16],[-63,64],[-909,2048],[2,4,3,1]],[[0,1],[0,1],[7,128],[2,1,4,3]],[[0,1],[0,1],[0,1],[3,4,1,2]]]]
ROW2089C [238,[[[-28,1],[-189,2],[15165,4],[1,3,4,2]],[[0,1],[0,1],[336,1],[2,1,4,3]],[[0,1],[0,1],[0,1],[3,4,1,2]]]]
ROW2089C [239,[[[9,2],[15,2],[-191,1],[2,1,4,3]],[[0,1],[0,1],[9,1],[1,2,3,4]],[[0,1],[0,1],[0,1],[1,2,3,4]]]]
ROW2089C [240,[[[1,4],[-6,1],[-23,1],[1,2,3,4]],[[0,1],[0,1],[-1,1],[1,2,3,4]],[[0,1],[0,1],[0,1],[1,2,3,4]]]]
ROW2089C [241,[[[0,1],[0,1],[1,4],[1,4,2,3]],[[0,1],[0,1],[0,1],[4,3,2,1]],[[0,1],[0,1],[0,1],[3,4,1,2]]]]
ROW2089C [242,[[[3,4],[3,16],[-289,128],[3,1,2,4]],[[0,1],[0,1],[-3,32],[2,1,4,3]],[[0,1],[0,1],[0,1],[3,4,1,2]]]]
ROW2089C [243,[[[-3,4],[-15,4],[-195,64],[1,3,4,2]],[[0,1],[0,1],[-3,4],[1,3,4,2]],[[0,1],[0,1],[0,1],[1,3,4,2]]]]
ROW2089C [244,[[[-7,4],[0,1],[1535,2048],[4,1,3,2]],[[0,1],[0,1],[0,1],[1,4,2,3]],[[0,1],[0,1],[0,1],[4,1,3,2]]]]
ROW2089C [245,[[[0,1],[-63,1],[-895,1],[1,2,3,4]],[[0,1],[0,1],[0,1],[1,2,3,4]],[[0,1],[0,1],[0,1],[1,2,3,4]]]]
ROW2089C [246,[[[-3,2],[15,1],[259,2],[2,1,4,3]],[[0,1],[0,1],[-6,1],[1,2,3,4]],[[0,1],[0,1],[0,1],[1,2,3,4]]]]
ROW2089C [247,[[[-4,1],[-9,2],[45,4],[1,2,3,4]],[[0,1],[0,1],[12,1],[1,2,3,4]],[[0,1],[0,1],[0,1],[1,2,3,4]]]]
ROW2089C [248,[[[0,1],[0,1],[-3,2],[1,4,2,3]],[[0,1],[0,1],[0,1],[2,3,1,4]],[[0,1],[0,1],[0,1],[1,4,2,3]]]]
ROW2089C [249,[[[-1,8],[3,2],[43,32],[2,3,1,4]],[[0,1],[0,1],[1,8],[3,4,1,2]],[[0,1],[0,1],[0,1],[2,1,4,3]]]]
ROW2089C [250,[[[3,4],[-45,32],[43,128],[2,3,1,4]],[[0,1],[0,1],[9,32],[4,3,2,1]],[[0,1],[0,1],[0,1],[3,4,1,2]]]]
ROW2089C [251,[[[21,16],[63,256],[-16751,8192],[3,1,2,4]],[[0,1],[0,1],[-21,512],[1,3,4,2]],[[0,1],[0,1],[0,1],[3,1,2,4]]]]
ROW2089C [252,[[[7,1],[252,1],[8414,1],[4,2,1,3]],[[0,1],[0,1],[224,1],[1,3,4,2]],[[0,1],[0,1],[0,1],[4,2,1,3]]]]
ROW2089C [253,[[[6,1],[0,1],[-189,4],[1,2,3,4]],[[0,1],[0,1],[0,1],[1,2,3,4]],[[0,1],[0,1],[0,1],[1,2,3,4]]]]
ROW2089C [254,[[[0,1],[-3,1],[-9,1],[3,4,1,2]],[[0,1],[0,1],[0,1],[1,2,3,4]],[[0,1],[0,1],[0,1],[1,2,3,4]]]]
ROW2089C [255,[[[0,1],[0,1],[1,4],[3,2,4,1]],[[0,1],[0,1],[0,1],[3,2,4,1]],[[0,1],[0,1],[0,1],[3,2,4,1]]]]
ROW2089C [256,[[[2,1],[9,8],[-49,16],[4,3,2,1]],[[0,1],[0,1],[-3,2],[1,2,3,4]],[[0,1],[0,1],[0,1],[1,2,3,4]]]]
ROW2089C [257,[[[-9,8],[-15,32],[475,128],[3,1,2,4]],[[0,1],[0,1],[-9,64],[4,3,2,1]],[[0,1],[0,1],[0,1],[2,1,4,3]]]]
ROW2089C [258,[[[-7,32],[63,32],[4389,4096],[1,4,2,3]],[[0,1],[0,1],[7,128],[3,4,1,2]],[[0,1],[0,1],[0,1],[2,1,4,3]]]]
ROW2089C [259,[[[-7,1],[189,2],[780,1],[2,3,1,4]],[[0,1],[0,1],[-84,1],[3,2,4,1]],[[0,1],[0,1],[0,1],[2,3,1,4]]]]
ROW2089C [260,[[[-9,2],[-15,4],[281,2],[4,2,1,3]],[[0,1],[0,1],[9,2],[4,2,1,3]],[[0,1],[0,1],[0,1],[4,2,1,3]]]]
ROW2089C [261,[[[1,1],[12,1],[82,1],[2,4,3,1]],[[0,1],[0,1],[8,1],[2,1,4,3]],[[0,1],[0,1],[0,1],[3,4,1,2]]]]
ROW2089C [262,[[[0,1],[0,1],[-1,2],[1,3,4,2]],[[0,1],[0,1],[0,1],[2,1,4,3]],[[0,1],[0,1],[0,1],[3,4,1,2]]]]
ROW2089C [263,[[[0,1],[3,4],[29,32],[2,1,4,3]],[[0,1],[0,1],[0,1],[1,2,3,4]],[[0,1],[0,1],[0,1],[1,2,3,4]]]]
ROW2089C [264,[[[3,8],[-15,16],[-51,128],[1,2,3,4]],[[0,1],[0,1],[3,32],[1,2,3,4]],[[0,1],[0,1],[0,1],[1,2,3,4]]]]
ROW2089C [265,[[[7,2],[189,128],[-95,64],[1,4,2,3]],[[0,1],[0,1],[-21,32],[4,3,2,1]],[[0,1],[0,1],[0,1],[3,4,1,2]]]]
ROW2089C [266,[[[21,2],[63,2],[-3778,1],[3,1,2,4]],[[0,1],[0,1],[42,1],[2,1,4,3]],[[0,1],[0,1],[0,1],[3,4,1,2]]]]
ROW2089C [267,[[[3,4],[-30,1],[-349,1],[1,3,4,2]],[[0,1],[0,1],[-6,1],[1,3,4,2]],[[0,1],[0,1],[0,1],[1,3,4,2]]]]
ROW2089C [268,[[[-1,1],[9,2],[-9,1],[4,1,3,2]],[[0,1],[0,1],[-3,1],[1,4,2,3]],[[0,1],[0,1],[0,1],[4,1,3,2]]]]
ROW2089C [269,[[[0,1],[0,1],[3,2],[1,2,3,4]],[[0,1],[0,1],[0,1],[1,2,3,4]],[[0,1],[0,1],[0,1],[1,2,3,4]]]]
ROW2089C [270,[[[-1,2],[-3,1],[-29,8],[2,1,4,3]],[[0,1],[0,1],[-1,1],[1,2,3,4]],[[0,1],[0,1],[0,1],[1,2,3,4]]]]
ROW2089C [271,[[[-3,2],[0,1],[185,256],[1,2,3,4]],[[0,1],[0,1],[0,1],[1,2,3,4]],[[0,1],[0,1],[0,1],[1,2,3,4]]]]
ROW2089C [272,[[[0,1],[63,64],[2047,2048],[1,4,2,3]],[[0,1],[0,1],[0,1],[2,3,1,4]],[[0,1],[0,1],[0,1],[1,4,2,3]]]]
ROW2089C [273,[[[-7,2],[63,1],[3847,2],[2,3,1,4]],[[0,1],[0,1],[-28,1],[3,4,1,2]],[[0,1],[0,1],[0,1],[2,1,4,3]]]]
ROW2089C [274,[[[-12,1],[-45,2],[1245,4],[2,3,1,4]],[[0,1],[0,1],[72,1],[4,3,2,1]],[[0,1],[0,1],[0,1],[3,4,1,2]]]]
ROW2089C [275,[[[3,2],[3,2],[27,2],[3,1,2,4]],[[0,1],[0,1],[3,2],[1,3,4,2]],[[0,1],[0,1],[0,1],[3,1,2,4]]]]
ROW2089C [276,[[[0,1],[0,1],[-1,8],[4,2,1,3]],[[0,1],[0,1],[0,1],[1,3,4,2]],[[0,1],[0,1],[0,1],[4,2,1,3]]]]
ROW2089C [277,[[[1,2],[-9,8],[13,32],[1,2,3,4]],[[0,1],[0,1],[3,8],[1,2,3,4]],[[0,1],[0,1],[0,1],[1,2,3,4]]]]
ROW2089C [278,[[[9,8],[15,64],[-257,128],[3,4,1,2]],[[0,1],[0,1],[-9,128],[1,2,3,4]],[[0,1],[0,1],[0,1],[1,2,3,4]]]]
ROW2089C [279,[[[-7,8],[-63,16],[-2571,1024],[3,2,4,1]],[[0,1],[0,1],[-7,16],[3,2,4,1]],[[0,1],[0,1],[0,1],[3,2,4,1]]]]
ROW2089C [280,[[[14,1],[0,1],[-4605,4],[4,3,2,1]],[[0,1],[0,1],[0,1],[1,2,3,4]],[[0,1],[0,1],[0,1],[1,2,3,4]]]]
ROW2089C [281,[[[0,1],[-15,1],[-95,1],[3,1,2,4]],[[0,1],[0,1],[0,1],[4,3,2,1]],[[0,1],[0,1],[0,1],[2,1,4,3]]]]
ROW2089C [282,[[[-1,2],[3,1],[5,2],[1,4,2,3]],[[0,1],[0,1],[-1,1],[3,4,1,2]],[[0,1],[0,1],[0,1],[2,1,4,3]]]]
ROW2089C [283,[[[0,1],[0,1],[1,1],[2,3,1,4]],[[0,1],[0,1],[0,1],[3,2,4,1]],[[0,1],[0,1],[0,1],[2,3,1,4]]]]
ROW2089C [284,[[[-3,4],[-3,8],[229,64],[4,2,1,3]],[[0,1],[0,1],[-3,16],[4,2,1,3]],[[0,1],[0,1],[0,1],[4,2,1,3]]]]
ROW2089C [285,[[[-3,16],[15,8],[297,256],[2,4,3,1]],[[0,1],[0,1],[3,32],[2,1,4,3]],[[0,1],[0,1],[0,1],[3,4,1,2]]]]
ROW2089C [286,[[[7,8],[-189,128],[23,128],[1,3,4,2]],[[0,1],[0,1],[21,128],[2,1,4,3]],[[0,1],[0,1],[0,1],[3,4,1,2]]]]
ROW2089C [287,[[[-21,2],[-63,4],[3419,1],[2,1,4,3]],[[0,1],[0,1],[21,1],[1,2,3,4]],[[0,1],[0,1],[0,1],[1,2,3,4]]]]
ROW2089C [288,[[[3,1],[60,1],[878,1],[1,2,3,4]],[[0,1],[0,1],[48,1],[1,2,3,4]],[[0,1],[0,1],[0,1],[1,2,3,4]]]]
ROW2089C [289,[[[2,1],[0,1],[27,4],[1,4,2,3]],[[0,1],[0,1],[0,1],[4,3,2,1]],[[0,1],[0,1],[0,1],[3,4,1,2]]]]
ROW2089C [290,[[[0,1],[0,1],[0,1],[3,1,2,4]],[[0,1],[0,1],[0,1],[2,1,4,3]],[[0,1],[0,1],[0,1],[3,4,1,2]]]]
ROW2089C [291,[[[1,4],[-3,4],[-7,16],[1,3,4,2]],[[0,1],[0,1],[1,8],[1,3,4,2]],[[0,1],[0,1],[0,1],[1,3,4,2]]]]
ROW2089C [292,[[[3,1],[45,32],[-535,256],[4,1,3,2]],[[0,1],[0,1],[-9,8],[1,4,2,3]],[[0,1],[0,1],[0,1],[4,1,3,2]]]]
ROW2089C [293,[[[-21,16],[-63,128],[15983,4096],[1,2,3,4]],[[0,1],[0,1],[-21,256],[1,2,3,4]],[[0,1],[0,1],[0,1],[1,2,3,4]]]]
ROW2089C [294,[[[7,4],[-126,1],[-4027,1],[2,1,4,3]],[[0,1],[0,1],[-28,1],[1,2,3,4]],[[0,1],[0,1],[0,1],[1,2,3,4]]]]
ROW2089C [295,[[[-3,1],[45,2],[6,1],[1,2,3,4]],[[0,1],[0,1],[-18,1],[1,2,3,4]],[[0,1],[0,1],[0,1],[1,2,3,4]]]]
ROW2089C [296,[[[-3,2],[-3,4],[-81,4],[1,4,2,3]],[[0,1],[0,1],[3,4],[2,3,1,4]],[[0,1],[0,1],[0,1],[1,4,2,3]]]]
ROW2089C [297,[[[0,1],[0,1],[-1,2],[2,3,1,4]],[[0,1],[0,1],[0,1],[3,4,1,2]],[[0,1],[0,1],[0,1],[2,1,4,3]]]]
ROW2089C [298,[[[-1,1],[0,1],[25,32],[2,3,1,4]],[[0,1],[0,1],[0,1],[4,3,2,1]],[[0,1],[0,1],[0,1],[3,4,1,2]]]]
ROW2089C [299,[[[0,1],[15,16],[127,128],[3,1,2,4]],[[0,1],[0,1],[0,1],[1,3,4,2]],[[0,1],[0,1],[0,1],[3,1,2,4]]]]
ROW2089C [300,[[[7,16],[-63,64],[-909,2048],[4,2,1,3]],[[0,1],[0,1],[7,128],[1,3,4,2]],[[0,1],[0,1],[0,1],[4,2,1,3]]]]
ROW2089C [301,[[[-28,1],[-189,2],[15165,4],[1,2,3,4]],[[0,1],[0,1],[336,1],[1,2,3,4]],[[0,1],[0,1],[0,1],[1,2,3,4]]]]
ROW2089C [302,[[[9,2],[15,2],[-191,1],[3,4,1,2]],[[0,1],[0,1],[9,1],[1,2,3,4]],[[0,1],[0,1],[0,1],[1,2,3,4]]]]
ROW2089C [303,[[[1,4],[-6,1],[-23,1],[3,2,4,1]],[[0,1],[0,1],[-1,1],[3,2,4,1]],[[0,1],[0,1],[0,1],[3,2,4,1]]]]
ROW2089C [304,[[[0,1],[0,1],[1,4],[4,3,2,1]],[[0,1],[0,1],[0,1],[1,2,3,4]],[[0,1],[0,1],[0,1],[1,2,3,4]]]]
ROW2089C [305,[[[3,4],[3,16],[-289,128],[3,1,2,4]],[[0,1],[0,1],[-3,32],[4,3,2,1]],[[0,1],[0,1],[0,1],[2,1,4,3]]]]
ROW2089C [306,[[[-3,4],[-15,4],[-195,64],[1,4,2,3]],[[0,1],[0,1],[-3,4],[3,4,1,2]],[[0,1],[0,1],[0,1],[2,1,4,3]]]]
ROW2089C [307,[[[-7,4],[0,1],[1535,2048],[2,3,1,4]],[[0,1],[0,1],[0,1],[3,2,4,1]],[[0,1],[0,1],[0,1],[2,3,1,4]]]]
ROW2089C [308,[[[0,1],[-63,1],[-895,1],[4,2,1,3]],[[0,1],[0,1],[0,1],[4,2,1,3]],[[0,1],[0,1],[0,1],[4,2,1,3]]]]
ROW2089C [309,[[[-3,2],[15,1],[259,2],[2,4,3,1]],[[0,1],[0,1],[-6,1],[2,1,4,3]],[[0,1],[0,1],[0,1],[3,4,1,2]]]]
ROW2089C [310,[[[-4,1],[-9,2],[45,4],[1,3,4,2]],[[0,1],[0,1],[12,1],[2,1,4,3]],[[0,1],[0,1],[0,1],[3,4,1,2]]]]
ROW2089C [311,[[[0,1],[0,1],[-3,2],[2,1,4,3]],[[0,1],[0,1],[0,1],[1,2,3,4]],[[0,1],[0,1],[0,1],[1,2,3,4]]]]
ROW2089C [312,[[[-1,8],[3,2],[43,32],[1,2,3,4]],[[0,1],[0,1],[1,8],[1,2,3,4]],[[0,1],[0,1],[0,1],[1,2,3,4]]]]
ROW2089C [313,[[[3,4],[-45,32],[43,128],[1,4,2,3]],[[0,1],[0,1],[9,32],[4,3,2,1]],[[0,1],[0,1],[0,1],[3,4,1,2]]]]
ROW2089C [314,[[[21,16],[63,256],[-16751,8192],[3,1,2,4]],[[0,1],[0,1],[-21,512],[2,1,4,3]],[[0,1],[0,1],[0,1],[3,4,1,2]]]]
ROW2089C [315,[[[7,1],[252,1],[8414,1],[1,3,4,2]],[[0,1],[0,1],[224,1],[1,3,4,2]],[[0,1],[0,1],[0,1],[1,3,4,2]]]]
ROW2089C [316,[[[6,1],[0,1],[-189,4],[4,1,3,2]],[[0,1],[0,1],[0,1],[1,4,2,3]],[[0,1],[0,1],[0,1],[4,1,3,2]]]]
ROW2089C [317,[[[0,1],[-3,1],[-9,1],[1,2,3,4]],[[0,1],[0,1],[0,1],[1,2,3,4]],[[0,1],[0,1],[0,1],[1,2,3,4]]]]
ROW2089C [318,[[[0,1],[0,1],[1,4],[2,1,4,3]],[[0,1],[0,1],[0,1],[1,2,3,4]],[[0,1],[0,1],[0,1],[1,2,3,4]]]]
ROW2089C [319,[[[2,1],[9,8],[-49,16],[1,2,3,4]],[[0,1],[0,1],[-3,2],[1,2,3,4]],[[0,1],[0,1],[0,1],[1,2,3,4]]]]
ROW2089C [320,[[[-9,8],[-15,32],[475,128],[1,4,2,3]],[[0,1],[0,1],[-9,64],[2,3,1,4]],[[0,1],[0,1],[0,1],[1,4,2,3]]]]
ROW2089C [321,[[[-7,32],[63,32],[4389,4096],[2,3,1,4]],[[0,1],[0,1],[7,128],[3,4,1,2]],[[0,1],[0,1],[0,1],[2,1,4,3]]]]
ROW2089C [322,[[[-7,1],[189,2],[780,1],[2,3,1,4]],[[0,1],[0,1],[-84,1],[4,3,2,1]],[[0,1],[0,1],[0,1],[3,4,1,2]]]]
ROW2089C [323,[[[-9,2],[-15,4],[281,2],[3,1,2,4]],[[0,1],[0,1],[9,2],[1,3,4,2]],[[0,1],[0,1],[0,1],[3,1,2,4]]]]
ROW2089C [324,[[[1,1],[12,1],[82,1],[4,2,1,3]],[[0,1],[0,1],[8,1],[1,3,4,2]],[[0,1],[0,1],[0,1],[4,2,1,3]]]]
ROW2089C [325,[[[0,1],[0,1],[-1,2],[1,2,3,4]],[[0,1],[0,1],[0,1],[1,2,3,4]],[[0,1],[0,1],[0,1],[1,2,3,4]]]]
ROW2089C [326,[[[0,1],[3,4],[29,32],[3,4,1,2]],[[0,1],[0,1],[0,1],[1,2,3,4]],[[0,1],[0,1],[0,1],[1,2,3,4]]]]
ROW2089C [327,[[[3,8],[-15,16],[-51,128],[3,2,4,1]],[[0,1],[0,1],[3,32],[3,2,4,1]],[[0,1],[0,1],[0,1],[3,2,4,1]]]]
ROW2089C [328,[[[7,2],[189,128],[-95,64],[4,3,2,1]],[[0,1],[0,1],[-21,32],[1,2,3,4]],[[0,1],[0,1],[0,1],[1,2,3,4]]]]
ROW2089C [329,[[[21,2],[63,2],[-3778,1],[3,1,2,4]],[[0,1],[0,1],[42,1],[4,3,2,1]],[[0,1],[0,1],[0,1],[2,1,4,3]]]]
ROW2089C [330,[[[3,4],[-30,1],[-349,1],[1,4,2,3]],[[0,1],[0,1],[-6,1],[3,4,1,2]],[[0,1],[0,1],[0,1],[2,1,4,3]]]]
ROW2089C [331,[[[-1,1],[9,2],[-9,1],[2,3,1,4]],[[0,1],[0,1],[-3,1],[3,2,4,1]],[[0,1],[0,1],[0,1],[2,3,1,4]]]]
ROW2089C [332,[[[0,1],[0,1],[3,2],[4,2,1,3]],[[0,1],[0,1],[0,1],[4,2,1,3]],[[0,1],[0,1],[0,1],[4,2,1,3]]]]
ROW2089C [333,[[[-1,2],[-3,1],[-29,8],[2,4,3,1]],[[0,1],[0,1],[-1,1],[2,1,4,3]],[[0,1],[0,1],[0,1],[3,4,1,2]]]]
ROW2089C [334,[[[-3,2],[0,1],[185,256],[1,3,4,2]],[[0,1],[0,1],[0,1],[2,1,4,3]],[[0,1],[0,1],[0,1],[3,4,1,2]]]]
ROW2089C [335,[[[0,1],[63,64],[2047,2048],[2,1,4,3]],[[0,1],[0,1],[0,1],[1,2,3,4]],[[0,1],[0,1],[0,1],[1,2,3,4]]]]
ROW2089C [336,[[[-7,2],[63,1],[3847,2],[1,2,3,4]],[[0,1],[0,1],[-28,1],[1,2,3,4]],[[0,1],[0,1],[0,1],[1,2,3,4]]]]
ROW2089C [337,[[[-12,1],[-45,2],[1245,4],[1,4,2,3]],[[0,1],[0,1],[72,1],[4,3,2,1]],[[0,1],[0,1],[0,1],[3,4,1,2]]]]
ROW2089C [338,[[[3,2],[3,2],[27,2],[3,1,2,4]],[[0,1],[0,1],[3,2],[2,1,4,3]],[[0,1],[0,1],[0,1],[3,4,1,2]]]]
ROW2089C [339,[[[0,1],[0,1],[-1,8],[1,3,4,2]],[[0,1],[0,1],[0,1],[1,3,4,2]],[[0,1],[0,1],[0,1],[1,3,4,2]]]]
ROW2089C [340,[[[1,2],[-9,8],[13,32],[4,1,3,2]],[[0,1],[0,1],[3,8],[1,4,2,3]],[[0,1],[0,1],[0,1],[4,1,3,2]]]]
ROW2089C [341,[[[9,8],[15,64],[-257,128],[1,2,3,4]],[[0,1],[0,1],[-9,128],[1,2,3,4]],[[0,1],[0,1],[0,1],[1,2,3,4]]]]
ROW2089C [342,[[[-7,8],[-63,16],[-2571,1024],[2,1,4,3]],[[0,1],[0,1],[-7,16],[1,2,3,4]],[[0,1],[0,1],[0,1],[1,2,3,4]]]]
ROW2089C [343,[[[14,1],[0,1],[-4605,4],[1,2,3,4]],[[0,1],[0,1],[0,1],[1,2,3,4]],[[0,1],[0,1],[0,1],[1,2,3,4]]]]
ROW2089C [344,[[[0,1],[-15,1],[-95,1],[1,4,2,3]],[[0,1],[0,1],[0,1],[2,3,1,4]],[[0,1],[0,1],[0,1],[1,4,2,3]]]]
ROW2089C [345,[[[-1,2],[3,1],[5,2],[2,3,1,4]],[[0,1],[0,1],[-1,1],[3,4,1,2]],[[0,1],[0,1],[0,1],[2,1,4,3]]]]
ROW2089C [346,[[[0,1],[0,1],[1,1],[2,3,1,4]],[[0,1],[0,1],[0,1],[4,3,2,1]],[[0,1],[0,1],[0,1],[3,4,1,2]]]]
ROW2089C [347,[[[-3,4],[-3,8],[229,64],[3,1,2,4]],[[0,1],[0,1],[-3,16],[1,3,4,2]],[[0,1],[0,1],[0,1],[3,1,2,4]]]]
ROW2089C [348,[[[-3,16],[15,8],[297,256],[4,2,1,3]],[[0,1],[0,1],[3,32],[1,3,4,2]],[[0,1],[0,1],[0,1],[4,2,1,3]]]]
ROW2089C [349,[[[7,8],[-189,128],[23,128],[1,2,3,4]],[[0,1],[0,1],[21,128],[1,2,3,4]],[[0,1],[0,1],[0,1],[1,2,3,4]]]]
ROW2089C [350,[[[-21,2],[-63,4],[3419,1],[3,4,1,2]],[[0,1],[0,1],[21,1],[1,2,3,4]],[[0,1],[0,1],[0,1],[1,2,3,4]]]]
ROW2089C [351,[[[3,1],[60,1],[878,1],[3,2,4,1]],[[0,1],[0,1],[48,1],[3,2,4,1]],[[0,1],[0,1],[0,1],[3,2,4,1]]]]
ROW2089C [352,[[[2,1],[0,1],[27,4],[4,3,2,1]],[[0,1],[0,1],[0,1],[1,2,3,4]],[[0,1],[0,1],[0,1],[1,2,3,4]]]]
ROW2089C [353,[[[0,1],[0,1],[0,1],[3,1,2,4]],[[0,1],[0,1],[0,1],[4,3,2,1]],[[0,1],[0,1],[0,1],[2,1,4,3]]]]
ROW2089C [354,[[[1,4],[-3,4],[-7,16],[1,4,2,3]],[[0,1],[0,1],[1,8],[3,4,1,2]],[[0,1],[0,1],[0,1],[2,1,4,3]]]]
ROW2089C [355,[[[3,1],[45,32],[-535,256],[2,3,1,4]],[[0,1],[0,1],[-9,8],[3,2,4,1]],[[0,1],[0,1],[0,1],[2,3,1,4]]]]
ROW2089C [356,[[[-21,16],[-63,128],[15983,4096],[4,2,1,3]],[[0,1],[0,1],[-21,256],[4,2,1,3]],[[0,1],[0,1],[0,1],[4,2,1,3]]]]
ROW2089C [357,[[[7,4],[-126,1],[-4027,1],[2,4,3,1]],[[0,1],[0,1],[-28,1],[2,1,4,3]],[[0,1],[0,1],[0,1],[3,4,1,2]]]]
ROW2089C [358,[[[-3,1],[45,2],[6,1],[1,3,4,2]],[[0,1],[0,1],[-18,1],[2,1,4,3]],[[0,1],[0,1],[0,1],[3,4,1,2]]]]
ROW2089C [359,[[[-3,2],[-3,4],[-81,4],[2,1,4,3]],[[0,1],[0,1],[3,4],[1,2,3,4]],[[0,1],[0,1],[0,1],[1,2,3,4]]]]
ROW2089C [360,[[[0,1],[0,1],[-1,2],[1,2,3,4]],[[0,1],[0,1],[0,1],[1,2,3,4]],[[0,1],[0,1],[0,1],[1,2,3,4]]]]
ROW2089C [361,[[[-1,1],[0,1],[25,32],[1,4,2,3]],[[0,1],[0,1],[0,1],[4,3,2,1]],[[0,1],[0,1],[0,1],[3,4,1,2]]]]
ROW2089C [362,[[[0,1],[15,16],[127,128],[3,1,2,4]],[[0,1],[0,1],[0,1],[2,1,4,3]],[[0,1],[0,1],[0,1],[3,4,1,2]]]]
ROW2089C [363,[[[7,16],[-63,64],[-909,2048],[1,3,4,2]],[[0,1],[0,1],[7,128],[1,3,4,2]],[[0,1],[0,1],[0,1],[1,3,4,2]]]]
ROW2089C [364,[[[-28,1],[-189,2],[15165,4],[4,1,3,2]],[[0,1],[0,1],[336,1],[1,4,2,3]],[[0,1],[0,1],[0,1],[4,1,3,2]]]]
ROW2089C [365,[[[9,2],[15,2],[-191,1],[1,2,3,4]],[[0,1],[0,1],[9,1],[1,2,3,4]],[[0,1],[0,1],[0,1],[1,2,3,4]]]]
ROW2089C [366,[[[1,4],[-6,1],[-23,1],[2,1,4,3]],[[0,1],[0,1],[-1,1],[1,2,3,4]],[[0,1],[0,1],[0,1],[1,2,3,4]]]]
ROW2089C [367,[[[0,1],[0,1],[1,4],[1,2,3,4]],[[0,1],[0,1],[0,1],[1,2,3,4]],[[0,1],[0,1],[0,1],[1,2,3,4]]]]
ROW2089C [368,[[[3,4],[3,16],[-289,128],[1,4,2,3]],[[0,1],[0,1],[-3,32],[2,3,1,4]],[[0,1],[0,1],[0,1],[1,4,2,3]]]]
ROW2089C [369,[[[-3,4],[-15,4],[-195,64],[2,3,1,4]],[[0,1],[0,1],[-3,4],[3,4,1,2]],[[0,1],[0,1],[0,1],[2,1,4,3]]]]
ROW2089C [370,[[[-7,4],[0,1],[1535,2048],[2,3,1,4]],[[0,1],[0,1],[0,1],[4,3,2,1]],[[0,1],[0,1],[0,1],[3,4,1,2]]]]
ROW2089C [371,[[[0,1],[-63,1],[-895,1],[3,1,2,4]],[[0,1],[0,1],[0,1],[1,3,4,2]],[[0,1],[0,1],[0,1],[3,1,2,4]]]]
ROW2089C [372,[[[-3,2],[15,1],[259,2],[4,2,1,3]],[[0,1],[0,1],[-6,1],[1,3,4,2]],[[0,1],[0,1],[0,1],[4,2,1,3]]]]
ROW2089C [373,[[[-4,1],[-9,2],[45,4],[1,2,3,4]],[[0,1],[0,1],[12,1],[1,2,3,4]],[[0,1],[0,1],[0,1],[1,2,3,4]]]]
ROW2089C [374,[[[0,1],[0,1],[-3,2],[3,4,1,2]],[[0,1],[0,1],[0,1],[1,2,3,4]],[[0,1],[0,1],[0,1],[1,2,3,4]]]]
ROW2089C [375,[[[-1,8],[3,2],[43,32],[3,2,4,1]],[[0,1],[0,1],[1,8],[3,2,4,1]],[[0,1],[0,1],[0,1],[3,2,4,1]]]]
ROW2089C [376,[[[3,4],[-45,32],[43,128],[4,3,2,1]],[[0,1],[0,1],[9,32],[1,2,3,4]],[[0,1],[0,1],[0,1],[1,2,3,4]]]]
ROW2089C [377,[[[21,16],[63,256],[-16751,8192],[3,1,2,4]],[[0,1],[0,1],[-21,512],[4,3,2,1]],[[0,1],[0,1],[0,1],[2,1,4,3]]]]
ROW2089C [378,[[[7,1],[252,1],[8414,1],[1,4,2,3]],[[0,1],[0,1],[224,1],[3,4,1,2]],[[0,1],[0,1],[0,1],[2,1,4,3]]]]
ROW2089C [379,[[[6,1],[0,1],[-189,4],[2,3,1,4]],[[0,1],[0,1],[0,1],[3,2,4,1]],[[0,1],[0,1],[0,1],[2,3,1,4]]]]
ROW2089C [380,[[[0,1],[-3,1],[-9,1],[4,2,1,3]],[[0,1],[0,1],[0,1],[4,2,1,3]],[[0,1],[0,1],[0,1],[4,2,1,3]]]]
ROW2089C [381,[[[0,1],[0,1],[1,4],[2,4,3,1]],[[0,1],[0,1],[0,1],[2,1,4,3]],[[0,1],[0,1],[0,1],[3,4,1,2]]]]
ROW2089C [382,[[[2,1],[9,8],[-49,16],[1,3,4,2]],[[0,1],[0,1],[-3,2],[2,1,4,3]],[[0,1],[0,1],[0,1],[3,4,1,2]]]]
ROW2089C [383,[[[-9,8],[-15,32],[475,128],[2,1,4,3]],[[0,1],[0,1],[-9,64],[1,2,3,4]],[[0,1],[0,1],[0,1],[1,2,3,4]]]]
ROW2089C [384,[[[-7,32],[63,32],[4389,4096],[1,2,3,4]],[[0,1],[0,1],[7,128],[1,2,3,4]],[[0,1],[0,1],[0,1],[1,2,3,4]]]]
ROW2089C [385,[[[-7,1],[189,2],[780,1],[1,4,2,3]],[[0,1],[0,1],[-84,1],[4,3,2,1]],[[0,1],[0,1],[0,1],[3,4,1,2]]]]
ROW2089C [386,[[[-9,2],[-15,4],[281,2],[3,1,2,4]],[[0,1],[0,1],[9,2],[2,1,4,3]],[[0,1],[0,1],[0,1],[3,4,1,2]]]]
ROW2089C [387,[[[1,1],[12,1],[82,1],[1,3,4,2]],[[0,1],[0,1],[8,1],[1,3,4,2]],[[0,1],[0,1],[0,1],[1,3,4,2]]]]
ROW2089C [388,[[[0,1],[0,1],[-1,2],[4,1,3,2]],[[0,1],[0,1],[0,1],[1,4,2,3]],[[0,1],[0,1],[0,1],[4,1,3,2]]]]
ROW2089C [389,[[[0,1],[3,4],[29,32],[1,2,3,4]],[[0,1],[0,1],[0,1],[1,2,3,4]],[[0,1],[0,1],[0,1],[1,2,3,4]]]]
ROW2089C [390,[[[3,8],[-15,16],[-51,128],[2,1,4,3]],[[0,1],[0,1],[3,32],[1,2,3,4]],[[0,1],[0,1],[0,1],[1,2,3,4]]]]
ROW2089C [391,[[[7,2],[189,128],[-95,64],[1,2,3,4]],[[0,1],[0,1],[-21,32],[1,2,3,4]],[[0,1],[0,1],[0,1],[1,2,3,4]]]]
ROW2089C [392,[[[21,2],[63,2],[-3778,1],[1,4,2,3]],[[0,1],[0,1],[42,1],[2,3,1,4]],[[0,1],[0,1],[0,1],[1,4,2,3]]]]
ROW2089C [393,[[[3,4],[-30,1],[-349,1],[2,3,1,4]],[[0,1],[0,1],[-6,1],[3,4,1,2]],[[0,1],[0,1],[0,1],[2,1,4,3]]]]
ROW2089C [394,[[[-1,1],[9,2],[-9,1],[2,3,1,4]],[[0,1],[0,1],[-3,1],[4,3,2,1]],[[0,1],[0,1],[0,1],[3,4,1,2]]]]
ROW2089C [395,[[[0,1],[0,1],[3,2],[3,1,2,4]],[[0,1],[0,1],[0,1],[1,3,4,2]],[[0,1],[0,1],[0,1],[3,1,2,4]]]]
ROW2089C [396,[[[-1,2],[-3,1],[-29,8],[4,2,1,3]],[[0,1],[0,1],[-1,1],[1,3,4,2]],[[0,1],[0,1],[0,1],[4,2,1,3]]]]
ROW2089C [397,[[[-3,2],[0,1],[185,256],[1,2,3,4]],[[0,1],[0,1],[0,1],[1,2,3,4]],[[0,1],[0,1],[0,1],[1,2,3,4]]]]
ROW2089C [398,[[[0,1],[63,64],[2047,2048],[3,4,1,2]],[[0,1],[0,1],[0,1],[1,2,3,4]],[[0,1],[0,1],[0,1],[1,2,3,4]]]]
ROW2089C [399,[[[-7,2],[63,1],[3847,2],[3,2,4,1]],[[0,1],[0,1],[-28,1],[3,2,4,1]],[[0,1],[0,1],[0,1],[3,2,4,1]]]]
ROW2089C [400,[[[-12,1],[-45,2],[1245,4],[4,3,2,1]],[[0,1],[0,1],[72,1],[1,2,3,4]],[[0,1],[0,1],[0,1],[1,2,3,4]]]]
ROW2089C [401,[[[3,2],[3,2],[27,2],[3,1,2,4]],[[0,1],[0,1],[3,2],[4,3,2,1]],[[0,1],[0,1],[0,1],[2,1,4,3]]]]
ROW2089C [402,[[[0,1],[0,1],[-1,8],[1,4,2,3]],[[0,1],[0,1],[0,1],[3,4,1,2]],[[0,1],[0,1],[0,1],[2,1,4,3]]]]
ROW2089C [403,[[[1,2],[-9,8],[13,32],[2,3,1,4]],[[0,1],[0,1],[3,8],[3,2,4,1]],[[0,1],[0,1],[0,1],[2,3,1,4]]]]
ROW2089C [404,[[[9,8],[15,64],[-257,128],[4,2,1,3]],[[0,1],[0,1],[-9,128],[4,2,1,3]],[[0,1],[0,1],[0,1],[4,2,1,3]]]]
ROW2089C [405,[[[-7,8],[-63,16],[-2571,1024],[2,4,3,1]],[[0,1],[0,1],[-7,16],[2,1,4,3]],[[0,1],[0,1],[0,1],[3,4,1,2]]]]
ROW2089C [406,[[[14,1],[0,1],[-4605,4],[1,3,4,2]],[[0,1],[0,1],[0,1],[2,1,4,3]],[[0,1],[0,1],[0,1],[3,4,1,2]]]]
ROW2089C [407,[[[0,1],[-15,1],[-95,1],[2,1,4,3]],[[0,1],[0,1],[0,1],[1,2,3,4]],[[0,1],[0,1],[0,1],[1,2,3,4]]]]
ROW2089C [408,[[[-1,2],[3,1],[5,2],[1,2,3,4]],[[0,1],[0,1],[-1,1],[1,2,3,4]],[[0,1],[0,1],[0,1],[1,2,3,4]]]]
ROW2089C [409,[[[0,1],[0,1],[1,1],[1,4,2,3]],[[0,1],[0,1],[0,1],[4,3,2,1]],[[0,1],[0,1],[0,1],[3,4,1,2]]]]
ROW2089C [410,[[[-3,4],[-3,8],[229,64],[3,1,2,4]],[[0,1],[0,1],[-3,16],[2,1,4,3]],[[0,1],[0,1],[0,1],[3,4,1,2]]]]
ROW2089C [411,[[[-3,16],[15,8],[297,256],[1,3,4,2]],[[0,1],[0,1],[3,32],[1,3,4,2]],[[0,1],[0,1],[0,1],[1,3,4,2]]]]
ROW2089C [412,[[[7,8],[-189,128],[23,128],[4,1,3,2]],[[0,1],[0,1],[21,128],[1,4,2,3]],[[0,1],[0,1],[0,1],[4,1,3,2]]]]
ROW2089C [413,[[[-21,2],[-63,4],[3419,1],[1,2,3,4]],[[0,1],[0,1],[21,1],[1,2,3,4]],[[0,1],[0,1],[0,1],[1,2,3,4]]]]
ROW2089C [414,[[[3,1],[60,1],[878,1],[2,1,4,3]],[[0,1],[0,1],[48,1],[1,2,3,4]],[[0,1],[0,1],[0,1],[1,2,3,4]]]]
ROW2089C [415,[[[2,1],[0,1],[27,4],[1,2,3,4]],[[0,1],[0,1],[0,1],[1,2,3,4]],[[0,1],[0,1],[0,1],[1,2,3,4]]]]
ROW2089C [416,[[[0,1],[0,1],[0,1],[1,4,2,3]],[[0,1],[0,1],[0,1],[2,3,1,4]],[[0,1],[0,1],[0,1],[1,4,2,3]]]]
ROW2089C [417,[[[1,4],[-3,4],[-7,16],[2,3,1,4]],[[0,1],[0,1],[1,8],[3,4,1,2]],[[0,1],[0,1],[0,1],[2,1,4,3]]]]
ROW2089C [418,[[[3,1],[45,32],[-535,256],[2,3,1,4]],[[0,1],[0,1],[-9,8],[4,3,2,1]],[[0,1],[0,1],[0,1],[3,4,1,2]]]]
ROW2089C [419,[[[-21,16],[-63,128],[15983,4096],[3,1,2,4]],[[0,1],[0,1],[-21,256],[1,3,4,2]],[[0,1],[0,1],[0,1],[3,1,2,4]]]]
ROW2089C [420,[[[7,4],[-126,1],[-4027,1],[4,2,1,3]],[[0,1],[0,1],[-28,1],[1,3,4,2]],[[0,1],[0,1],[0,1],[4,2,1,3]]]]
ROW2089C [421,[[[-3,1],[45,2],[6,1],[1,2,3,4]],[[0,1],[0,1],[-18,1],[1,2,3,4]],[[0,1],[0,1],[0,1],[1,2,3,4]]]]
ROW2089C [422,[[[-3,2],[-3,4],[-81,4],[3,4,1,2]],[[0,1],[0,1],[3,4],[1,2,3,4]],[[0,1],[0,1],[0,1],[1,2,3,4]]]]
ROW2089C [423,[[[0,1],[0,1],[-1,2],[3,2,4,1]],[[0,1],[0,1],[0,1],[3,2,4,1]],[[0,1],[0,1],[0,1],[3,2,4,1]]]]
ROW2089C [424,[[[-1,1],[0,1],[25,32],[4,3,2,1]],[[0,1],[0,1],[0,1],[1,2,3,4]],[[0,1],[0,1],[0,1],[1,2,3,4]]]]
ROW2089C [425,[[[0,1],[15,16],[127,128],[3,1,2,4]],[[0,1],[0,1],[0,1],[4,3,2,1]],[[0,1],[0,1],[0,1],[2,1,4,3]]]]
ROW2089C [426,[[[7,16],[-63,64],[-909,2048],[1,4,2,3]],[[0,1],[0,1],[7,128],[3,4,1,2]],[[0,1],[0,1],[0,1],[2,1,4,3]]]]
ROW2089C [427,[[[-28,1],[-189,2],[15165,4],[2,3,1,4]],[[0,1],[0,1],[336,1],[3,2,4,1]],[[0,1],[0,1],[0,1],[2,3,1,4]]]]
ROW2089C [428,[[[9,2],[15,2],[-191,1],[4,2,1,3]],[[0,1],[0,1],[9,1],[4,2,1,3]],[[0,1],[0,1],[0,1],[4,2,1,3]]]]
ROW2089C [429,[[[1,4],[-6,1],[-23,1],[2,4,3,1]],[[0,1],[0,1],[-1,1],[2,1,4,3]],[[0,1],[0,1],[0,1],[3,4,1,2]]]]
ROW2089C [430,[[[0,1],[0,1],[1,4],[1,3,4,2]],[[0,1],[0,1],[0,1],[2,1,4,3]],[[0,1],[0,1],[0,1],[3,4,1,2]]]]
ROW2089C [431,[[[3,4],[3,16],[-289,128],[2,1,4,3]],[[0,1],[0,1],[-3,32],[1,2,3,4]],[[0,1],[0,1],[0,1],[1,2,3,4]]]]
ROW2089C [432,[[[-3,4],[-15,4],[-195,64],[1,2,3,4]],[[0,1],[0,1],[-3,4],[1,2,3,4]],[[0,1],[0,1],[0,1],[1,2,3,4]]]]
ROW2089C [433,[[[-7,4],[0,1],[1535,2048],[1,4,2,3]],[[0,1],[0,1],[0,1],[4,3,2,1]],[[0,1],[0,1],[0,1],[3,4,1,2]]]]
ROW2089C [434,[[[0,1],[-63,1],[-895,1],[3,1,2,4]],[[0,1],[0,1],[0,1],[2,1,4,3]],[[0,1],[0,1],[0,1],[3,4,1,2]]]]
ROW2089C [435,[[[-3,2],[15,1],[259,2],[1,3,4,2]],[[0,1],[0,1],[-6,1],[1,3,4,2]],[[0,1],[0,1],[0,1],[1,3,4,2]]]]
ROW2089C [436,[[[-4,1],[-9,2],[45,4],[4,1,3,2]],[[0,1],[0,1],[12,1],[1,4,2,3]],[[0,1],[0,1],[0,1],[4,1,3,2]]]]
ROW2089C [437,[[[0,1],[0,1],[-3,2],[1,2,3,4]],[[0,1],[0,1],[0,1],[1,2,3,4]],[[0,1],[0,1],[0,1],[1,2,3,4]]]]
ROW2089C [438,[[[-1,8],[3,2],[43,32],[2,1,4,3]],[[0,1],[0,1],[1,8],[1,2,3,4]],[[0,1],[0,1],[0,1],[1,2,3,4]]]]
ROW2089C [439,[[[3,4],[-45,32],[43,128],[1,2,3,4]],[[0,1],[0,1],[9,32],[1,2,3,4]],[[0,1],[0,1],[0,1],[1,2,3,4]]]]
ROW2089C [440,[[[21,16],[63,256],[-16751,8192],[1,4,2,3]],[[0,1],[0,1],[-21,512],[2,3,1,4]],[[0,1],[0,1],[0,1],[1,4,2,3]]]]
ROW2089C [441,[[[7,1],[252,1],[8414,1],[2,3,1,4]],[[0,1],[0,1],[224,1],[3,4,1,2]],[[0,1],[0,1],[0,1],[2,1,4,3]]]]
ROW2089C [442,[[[6,1],[0,1],[-189,4],[2,3,1,4]],[[0,1],[0,1],[0,1],[4,3,2,1]],[[0,1],[0,1],[0,1],[3,4,1,2]]]]
ROW2089C [443,[[[0,1],[-3,1],[-9,1],[3,1,2,4]],[[0,1],[0,1],[0,1],[1,3,4,2]],[[0,1],[0,1],[0,1],[3,1,2,4]]]]
ROW2089C [444,[[[0,1],[0,1],[1,4],[4,2,1,3]],[[0,1],[0,1],[0,1],[1,3,4,2]],[[0,1],[0,1],[0,1],[4,2,1,3]]]]
ROW2089C [445,[[[2,1],[9,8],[-49,16],[1,2,3,4]],[[0,1],[0,1],[-3,2],[1,2,3,4]],[[0,1],[0,1],[0,1],[1,2,3,4]]]]
ROW2089C [446,[[[-9,8],[-15,32],[475,128],[3,4,1,2]],[[0,1],[0,1],[-9,64],[1,2,3,4]],[[0,1],[0,1],[0,1],[1,2,3,4]]]]
ROW2089C [447,[[[-7,32],[63,32],[4389,4096],[3,2,4,1]],[[0,1],[0,1],[7,128],[3,2,4,1]],[[0,1],[0,1],[0,1],[3,2,4,1]]]]
ROW2089C [448,[[[-7,1],[189,2],[780,1],[4,3,2,1]],[[0,1],[0,1],[-84,1],[1,2,3,4]],[[0,1],[0,1],[0,1],[1,2,3,4]]]]
ROW2089C [449,[[[-9,2],[-15,4],[281,2],[3,1,2,4]],[[0,1],[0,1],[9,2],[4,3,2,1]],[[0,1],[0,1],[0,1],[2,1,4,3]]]]
ROW2089C [450,[[[1,1],[12,1],[82,1],[1,4,2,3]],[[0,1],[0,1],[8,1],[3,4,1,2]],[[0,1],[0,1],[0,1],[2,1,4,3]]]]
ROW2089C [451,[[[0,1],[0,1],[-1,2],[2,3,1,4]],[[0,1],[0,1],[0,1],[3,2,4,1]],[[0,1],[0,1],[0,1],[2,3,1,4]]]]
ROW2089C [452,[[[0,1],[3,4],[29,32],[4,2,1,3]],[[0,1],[0,1],[0,1],[4,2,1,3]],[[0,1],[0,1],[0,1],[4,2,1,3]]]]
ROW2089C [453,[[[3,8],[-15,16],[-51,128],[2,4,3,1]],[[0,1],[0,1],[3,32],[2,1,4,3]],[[0,1],[0,1],[0,1],[3,4,1,2]]]]
ROW2089C [454,[[[7,2],[189,128],[-95,64],[1,3,4,2]],[[0,1],[0,1],[-21,32],[2,1,4,3]],[[0,1],[0,1],[0,1],[3,4,1,2]]]]
ROW2089C [455,[[[21,2],[63,2],[-3778,1],[2,1,4,3]],[[0,1],[0,1],[42,1],[1,2,3,4]],[[0,1],[0,1],[0,1],[1,2,3,4]]]]
ROW2089C [456,[[[3,4],[-30,1],[-349,1],[1,2,3,4]],[[0,1],[0,1],[-6,1],[1,2,3,4]],[[0,1],[0,1],[0,1],[1,2,3,4]]]]
ROW2089C [457,[[[-1,1],[9,2],[-9,1],[1,4,2,3]],[[0,1],[0,1],[-3,1],[4,3,2,1]],[[0,1],[0,1],[0,1],[3,4,1,2]]]]
ROW2089C [458,[[[0,1],[0,1],[3,2],[3,1,2,4]],[[0,1],[0,1],[0,1],[2,1,4,3]],[[0,1],[0,1],[0,1],[3,4,1,2]]]]
ROW2089C [459,[[[-1,2],[-3,1],[-29,8],[1,3,4,2]],[[0,1],[0,1],[-1,1],[1,3,4,2]],[[0,1],[0,1],[0,1],[1,3,4,2]]]]
ROW2089C [460,[[[-3,2],[0,1],[185,256],[4,1,3,2]],[[0,1],[0,1],[0,1],[1,4,2,3]],[[0,1],[0,1],[0,1],[4,1,3,2]]]]
ROW2089C [461,[[[0,1],[63,64],[2047,2048],[1,2,3,4]],[[0,1],[0,1],[0,1],[1,2,3,4]],[[0,1],[0,1],[0,1],[1,2,3,4]]]]
ROW2089C [462,[[[-7,2],[63,1],[3847,2],[2,1,4,3]],[[0,1],[0,1],[-28,1],[1,2,3,4]],[[0,1],[0,1],[0,1],[1,2,3,4]]]]
ROW2089C [463,[[[-12,1],[-45,2],[1245,4],[1,2,3,4]],[[0,1],[0,1],[72,1],[1,2,3,4]],[[0,1],[0,1],[0,1],[1,2,3,4]]]]
ROW2089C [464,[[[3,2],[3,2],[27,2],[1,4,2,3]],[[0,1],[0,1],[3,2],[2,3,1,4]],[[0,1],[0,1],[0,1],[1,4,2,3]]]]
ROW2089C [465,[[[0,1],[0,1],[-1,8],[2,3,1,4]],[[0,1],[0,1],[0,1],[3,4,1,2]],[[0,1],[0,1],[0,1],[2,1,4,3]]]]
ROW2089C [466,[[[1,2],[-9,8],[13,32],[2,3,1,4]],[[0,1],[0,1],[3,8],[4,3,2,1]],[[0,1],[0,1],[0,1],[3,4,1,2]]]]
ROW2089C [467,[[[9,8],[15,64],[-257,128],[3,1,2,4]],[[0,1],[0,1],[-9,128],[1,3,4,2]],[[0,1],[0,1],[0,1],[3,1,2,4]]]]
ROW2089C [468,[[[-7,8],[-63,16],[-2571,1024],[4,2,1,3]],[[0,1],[0,1],[-7,16],[1,3,4,2]],[[0,1],[0,1],[0,1],[4,2,1,3]]]]
ROW2089C [469,[[[14,1],[0,1],[-4605,4],[1,2,3,4]],[[0,1],[0,1],[0,1],[1,2,3,4]],[[0,1],[0,1],[0,1],[1,2,3,4]]]]
ROW2089C [470,[[[0,1],[-15,1],[-95,1],[3,4,1,2]],[[0,1],[0,1],[0,1],[1,2,3,4]],[[0,1],[0,1],[0,1],[1,2,3,4]]]]
ROW2089C [471,[[[-1,2],[3,1],[5,2],[3,2,4,1]],[[0,1],[0,1],[-1,1],[3,2,4,1]],[[0,1],[0,1],[0,1],[3,2,4,1]]]]
ROW2089C [472,[[[0,1],[0,1],[1,1],[4,3,2,1]],[[0,1],[0,1],[0,1],[1,2,3,4]],[[0,1],[0,1],[0,1],[1,2,3,4]]]]
ROW2089C [473,[[[-3,4],[-3,8],[229,64],[3,1,2,4]],[[0,1],[0,1],[-3,16],[4,3,2,1]],[[0,1],[0,1],[0,1],[2,1,4,3]]]]
ROW2089C [474,[[[-3,16],[15,8],[297,256],[1,4,2,3]],[[0,1],[0,1],[3,32],[3,4,1,2]],[[0,1],[0,1],[0,1],[2,1,4,3]]]]
ROW2089C [475,[[[7,8],[-189,128],[23,128],[2,3,1,4]],[[0,1],[0,1],[21,128],[3,2,4,1]],[[0,1],[0,1],[0,1],[2,3,1,4]]]]
ROW2089C [476,[[[-21,2],[-63,4],[3419,1],[4,2,1,3]],[[0,1],[0,1],[21,1],[4,2,1,3]],[[0,1],[0,1],[0,1],[4,2,1,3]]]]
ROW2089C [477,[[[3,1],[60,1],[878,1],[2,4,3,1]],[[0,1],[0,1],[48,1],[2,1,4,3]],[[0,1],[0,1],[0,1],[3,4,1,2]]]]
ROW2089C [478,[[[2,1],[0,1],[27,4],[1,3,4,2]],[[0,1],[0,1],[0,1],[2,1,4,3]],[[0,1],[0,1],[0,1],[3,4,1,2]]]]
ROW2089C [479,[[[0,1],[0,1],[0,1],[2,1,4,3]],[[0,1],[0,1],[0,1],[1,2,3,4]],[[0,1],[0,1],[0,1],[1,2,3,4]]]]
ROW2089C [480,[[[1,4],[-3,4],[-7,16],[1,2,3,4]],[[0,1],[0,1],[1,8],[1,2,3,4]],[[0,1],[0,1],[0,1],[1,2,3,4]]]]
ROW2089C [481,[[[3,1],[45,32],[-535,256],[1,4,2,3]],[[0,1],[0,1],[-9,8],[4,3,2,1]],[[0,1],[0,1],[0,1],[3,4,1,2]]]]
ROW2089C [482,[[[-21,16],[-63,128],[15983,4096],[3,1,2,4]],[[0,1],[0,1],[-21,256],[2,1,4,3]],[[0,1],[0,1],[0,1],[3,4,1,2]]]]
ROW2089C [483,[[[7,4],[-126,1],[-4027,1],[1,3,4,2]],[[0,1],[0,1],[-28,1],[1,3,4,2]],[[0,1],[0,1],[0,1],[1,3,4,2]]]]
ROW2089C [484,[[[-3,1],[45,2],[6,1],[4,1,3,2]],[[0,1],[0,1],[-18,1],[1,4,2,3]],[[0,1],[0,1],[0,1],[4,1,3,2]]]]
ROW2089C [485,[[[-3,2],[-3,4],[-81,4],[1,2,3,4]],[[0,1],[0,1],[3,4],[1,2,3,4]],[[0,1],[0,1],[0,1],[1,2,3,4]]]]
ROW2089C [486,[[[0,1],[0,1],[-1,2],[2,1,4,3]],[[0,1],[0,1],[0,1],[1,2,3,4]],[[0,1],[0,1],[0,1],[1,2,3,4]]]]
ROW2089C [487,[[[-1,1],[0,1],[25,32],[1,2,3,4]],[[0,1],[0,1],[0,1],[1,2,3,4]],[[0,1],[0,1],[0,1],[1,2,3,4]]]]
ROW2089C [488,[[[0,1],[15,16],[127,128],[1,4,2,3]],[[0,1],[0,1],[0,1],[2,3,1,4]],[[0,1],[0,1],[0,1],[1,4,2,3]]]]
ROW2089C [489,[[[7,16],[-63,64],[-909,2048],[2,3,1,4]],[[0,1],[0,1],[7,128],[3,4,1,2]],[[0,1],[0,1],[0,1],[2,1,4,3]]]]
ROW2089C [490,[[[-28,1],[-189,2],[15165,4],[2,3,1,4]],[[0,1],[0,1],[336,1],[4,3,2,1]],[[0,1],[0,1],[0,1],[3,4,1,2]]]]
ROW2089C [491,[[[9,2],[15,2],[-191,1],[3,1,2,4]],[[0,1],[0,1],[9,1],[1,3,4,2]],[[0,1],[0,1],[0,1],[3,1,2,4]]]]
ROW2089C [492,[[[1,4],[-6,1],[-23,1],[4,2,1,3]],[[0,1],[0,1],[-1,1],[1,3,4,2]],[[0,1],[0,1],[0,1],[4,2,1,3]]]]
ROW2089C [493,[[[0,1],[0,1],[1,4],[1,2,3,4]],[[0,1],[0,1],[0,1],[1,2,3,4]],[[0,1],[0,1],[0,1],[1,2,3,4]]]]
ROW2089C [494,[[[3,4],[3,16],[-289,128],[3,4,1,2]],[[0,1],[0,1],[-3,32],[1,2,3,4]],[[0,1],[0,1],[0,1],[1,2,3,4]]]]
ROW2089C [495,[[[-3,4],[-15,4],[-195,64],[3,2,4,1]],[[0,1],[0,1],[-3,4],[3,2,4,1]],[[0,1],[0,1],[0,1],[3,2,4,1]]]]
ROW2089C [496,[[[-7,4],[0,1],[1535,2048],[4,3,2,1]],[[0,1],[0,1],[0,1],[1,2,3,4]],[[0,1],[0,1],[0,1],[1,2,3,4]]]]
ROW2089C [497,[[[0,1],[-63,1],[-895,1],[3,1,2,4]],[[0,1],[0,1],[0,1],[4,3,2,1]],[[0,1],[0,1],[0,1],[2,1,4,3]]]]
ROW2089C [498,[[[-3,2],[15,1],[259,2],[1,4,2,3]],[[0,1],[0,1],[-6,1],[3,4,1,2]],[[0,1],[0,1],[0,1],[2,1,4,3]]]]
ROW2089C [499,[[[-4,1],[-9,2],[45,4],[2,3,1,4]],[[0,1],[0,1],[12,1],[3,2,4,1]],[[0,1],[0,1],[0,1],[2,3,1,4]]]]
ROW2089C [500,[[[0,1],[0,1],[-3,2],[4,2,1,3]],[[0,1],[0,1],[0,1],[4,2,1,3]],[[0,1],[0,1],[0,1],[4,2,1,3]]]]
ROW2089C [501,[[[-1,8],[3,2],[43,32],[2,4,3,1]],[[0,1],[0,1],[1,8],[2,1,4,3]],[[0,1],[0,1],[0,1],[3,4,1,2]]]]
ROW2089C [502,[[[3,4],[-45,32],[43,128],[1,3,4,2]],[[0,1],[0,1],[9,32],[2,1,4,3]],[[0,1],[0,1],[0,1],[3,4,1,2]]]]
ROW2089C [503,[[[21,16],[63,256],[-16751,8192],[2,1,4,3]],[[0,1],[0,1],[-21,512],[1,2,3,4]],[[0,1],[0,1],[0,1],[1,2,3,4]]]]
ROW2089C [504,[[[7,1],[252,1],[8414,1],[1,2,3,4]],[[0,1],[0,1],[224,1],[1,2,3,4]],[[0,1],[0,1],[0,1],[1,2,3,4]]]]
ROW2089C [505,[[[6,1],[0,1],[-189,4],[1,4,2,3]],[[0,1],[0,1],[0,1],[4,3,2,1]],[[0,1],[0,1],[0,1],[3,4,1,2]]]]
ROW2089C [506,[[[0,1],[-3,1],[-9,1],[3,1,2,4]],[[0,1],[0,1],[0,1],[2,1,4,3]],[[0,1],[0,1],[0,1],[3,4,1,2]]]]
ROW2089C [507,[[[0,1],[0,1],[1,4],[1,3,4,2]],[[0,1],[0,1],[0,1],[1,3,4,2]],[[0,1],[0,1],[0,1],[1,3,4,2]]]]
ROW2089C [508,[[[2,1],[9,8],[-49,16],[4,1,3,2]],[[0,1],[0,1],[-3,2],[1,4,2,3]],[[0,1],[0,1],[0,1],[4,1,3,2]]]]
ROW2089C [509,[[[-9,8],[-15,32],[475,128],[1,2,3,4]],[[0,1],[0,1],[-9,64],[1,2,3,4]],[[0,1],[0,1],[0,1],[1,2,3,4]]]]
ROW2089C [510,[[[-7,32],[63,32],[4389,4096],[2,1,4,3]],[[0,1],[0,1],[7,128],[1,2,3,4]],[[0,1],[0,1],[0,1],[1,2,3,4]]]]
ROW2089C [511,[[[-7,1],[189,2],[780,1],[1,2,3,4]],[[0,1],[0,1],[-84,1],[1,2,3,4]],[[0,1],[0,1],[0,1],[1,2,3,4]]]]
ROW2089C [512,[[[-9,2],[-15,4],[281,2],[1,4,2,3]],[[0,1],[0,1],[9,2],[2,3,1,4]],[[0,1],[0,1],[0,1],[1,4,2,3]]]]
ROW2089C [513,[[[1,1],[12,1],[82,1],[2,3,1,4]],[[0,1],[0,1],[8,1],[3,4,1,2]],[[0,1],[0,1],[0,1],[2,1,4,3]]]]
ROW2089C [514,[[[0,1],[0,1],[-1,2],[2,3,1,4]],[[0,1],[0,1],[0,1],[4,3,2,1]],[[0,1],[0,1],[0,1],[3,4,1,2]]]]
ROW2089C [515,[[[0,1],[3,4],[29,32],[3,1,2,4]],[[0,1],[0,1],[0,1],[1,3,4,2]],[[0,1],[0,1],[0,1],[3,1,2,4]]]]
ROW2089C [516,[[[3,8],[-15,16],[-51,128],[4,2,1,3]],[[0,1],[0,1],[3,32],[1,3,4,2]],[[0,1],[0,1],[0,1],[4,2,1,3]]]]
ROW2089C [517,[[[7,2],[189,128],[-95,64],[1,2,3,4]],[[0,1],[0,1],[-21,32],[1,2,3,4]],[[0,1],[0,1],[0,1],[1,2,3,4]]]]
ROW2089C [518,[[[21,2],[63,2],[-3778,1],[3,4,1,2]],[[0,1],[0,1],[42,1],[1,2,3,4]],[[0,1],[0,1],[0,1],[1,2,3,4]]]]
ROW2089C [519,[[[3,4],[-30,1],[-349,1],[3,2,4,1]],[[0,1],[0,1],[-6,1],[3,2,4,1]],[[0,1],[0,1],[0,1],[3,2,4,1]]]]
ROW2089C [520,[[[-1,1],[9,2],[-9,1],[4,3,2,1]],[[0,1],[0,1],[-3,1],[1,2,3,4]],[[0,1],[0,1],[0,1],[1,2,3,4]]]]
ROW2089C [521,[[[0,1],[0,1],[3,2],[3,1,2,4]],[[0,1],[0,1],[0,1],[4,3,2,1]],[[0,1],[0,1],[0,1],[2,1,4,3]]]]
ROW2089C [522,[[[-1,2],[-3,1],[-29,8],[1,4,2,3]],[[0,1],[0,1],[-1,1],[3,4,1,2]],[[0,1],[0,1],[0,1],[2,1,4,3]]]]
ROW2089C [523,[[[-3,2],[0,1],[185,256],[2,3,1,4]],[[0,1],[0,1],[0,1],[3,2,4,1]],[[0,1],[0,1],[0,1],[2,3,1,4]]]]
ROW2089C [524,[[[0,1],[63,64],[2047,2048],[4,2,1,3]],[[0,1],[0,1],[0,1],[4,2,1,3]],[[0,1],[0,1],[0,1],[4,2,1,3]]]]
ROW2089C [525,[[[-7,2],[63,1],[3847,2],[2,4,3,1]],[[0,1],[0,1],[-28,1],[2,1,4,3]],[[0,1],[0,1],[0,1],[3,4,1,2]]]]
ROW2089C [526,[[[-12,1],[-45,2],[1245,4],[1,3,4,2]],[[0,1],[0,1],[72,1],[2,1,4,3]],[[0,1],[0,1],[0,1],[3,4,1,2]]]]
ROW2089C [527,[[[3,2],[3,2],[27,2],[2,1,4,3]],[[0,1],[0,1],[3,2],[1,2,3,4]],[[0,1],[0,1],[0,1],[1,2,3,4]]]]
ROW2089C [528,[[[0,1],[0,1],[-1,8],[1,2,3,4]],[[0,1],[0,1],[0,1],[1,2,3,4]],[[0,1],[0,1],[0,1],[1,2,3,4]]]]
ROW2089C [529,[[[1,2],[-9,8],[13,32],[1,4,2,3]],[[0,1],[0,1],[3,8],[4,3,2,1]],[[0,1],[0,1],[0,1],[3,4,1,2]]]]
ROW2089C [530,[[[9,8],[15,64],[-257,128],[3,1,2,4]],[[0,1],[0,1],[-9,128],[2,1,4,3]],[[0,1],[0,1],[0,1],[3,4,1,2]]]]
ROW2089C [531,[[[-7,8],[-63,16],[-2571,1024],[1,3,4,2]],[[0,1],[0,1],[-7,16],[1,3,4,2]],[[0,1],[0,1],[0,1],[1,3,4,2]]]]
ROW2089C [532,[[[14,1],[0,1],[-4605,4],[4,1,3,2]],[[0,1],[0,1],[0,1],[1,4,2,3]],[[0,1],[0,1],[0,1],[4,1,3,2]]]]
ROW2089C [533,[[[0,1],[-15,1],[-95,1],[1,2,3,4]],[[0,1],[0,1],[0,1],[1,2,3,4]],[[0,1],[0,1],[0,1],[1,2,3,4]]]]
ROW2089C [534,[[[-1,2],[3,1],[5,2],[2,1,4,3]],[[0,1],[0,1],[-1,1],[1,2,3,4]],[[0,1],[0,1],[0,1],[1,2,3,4]]]]
ROW2089C [535,[[[0,1],[0,1],[1,1],[1,2,3,4]],[[0,1],[0,1],[0,1],[1,2,3,4]],[[0,1],[0,1],[0,1],[1,2,3,4]]]]
ROW2089C [536,[[[-3,4],[-3,8],[229,64],[1,4,2,3]],[[0,1],[0,1],[-3,16],[2,3,1,4]],[[0,1],[0,1],[0,1],[1,4,2,3]]]]
ROW2089C [537,[[[-3,16],[15,8],[297,256],[2,3,1,4]],[[0,1],[0,1],[3,32],[3,4,1,2]],[[0,1],[0,1],[0,1],[2,1,4,3]]]]
ROW2089C [538,[[[7,8],[-189,128],[23,128],[2,3,1,4]],[[0,1],[0,1],[21,128],[4,3,2,1]],[[0,1],[0,1],[0,1],[3,4,1,2]]]]
ROW2089C [539,[[[-21,2],[-63,4],[3419,1],[3,1,2,4]],[[0,1],[0,1],[21,1],[1,3,4,2]],[[0,1],[0,1],[0,1],[3,1,2,4]]]]
ROW2089C [540,[[[3,1],[60,1],[878,1],[4,2,1,3]],[[0,1],[0,1],[48,1],[1,3,4,2]],[[0,1],[0,1],[0,1],[4,2,1,3]]]]
ROW2089C [541,[[[2,1],[0,1],[27,4],[1,2,3,4]],[[0,1],[0,1],[0,1],[1,2,3,4]],[[0,1],[0,1],[0,1],[1,2,3,4]]]]
ROW2089C [542,[[[0,1],[0,1],[0,1],[3,4,1,2]],[[0,1],[0,1],[0,1],[1,2,3,4]],[[0,1],[0,1],[0,1],[1,2,3,4]]]]
ROW2089C [543,[[[1,4],[-3,4],[-7,16],[3,2,4,1]],[[0,1],[0,1],[1,8],[3,2,4,1]],[[0,1],[0,1],[0,1],[3,2,4,1]]]]
ROW2089C [544,[[[3,1],[45,32],[-535,256],[4,3,2,1]],[[0,1],[0,1],[-9,8],[1,2,3,4]],[[0,1],[0,1],[0,1],[1,2,3,4]]]]
ROW2089C [545,[[[-21,16],[-63,128],[15983,4096],[3,1,2,4]],[[0,1],[0,1],[-21,256],[4,3,2,1]],[[0,1],[0,1],[0,1],[2,1,4,3]]]]
ROW2089C [546,[[[7,4],[-126,1],[-4027,1],[1,4,2,3]],[[0,1],[0,1],[-28,1],[3,4,1,2]],[[0,1],[0,1],[0,1],[2,1,4,3]]]]
ROW2089C [547,[[[-3,1],[45,2],[6,1],[2,3,1,4]],[[0,1],[0,1],[-18,1],[3,2,4,1]],[[0,1],[0,1],[0,1],[2,3,1,4]]]]
ROW2089C [548,[[[-3,2],[-3,4],[-81,4],[4,2,1,3]],[[0,1],[0,1],[3,4],[4,2,1,3]],[[0,1],[0,1],[0,1],[4,2,1,3]]]]
ROW2089C [549,[[[0,1],[0,1],[-1,2],[2,4,3,1]],[[0,1],[0,1],[0,1],[2,1,4,3]],[[0,1],[0,1],[0,1],[3,4,1,2]]]]
ROW2089C [550,[[[-1,1],[0,1],[25,32],[1,3,4,2]],[[0,1],[0,1],[0,1],[2,1,4,3]],[[0,1],[0,1],[0,1],[3,4,1,2]]]]
ROW2089C [551,[[[0,1],[15,16],[127,128],[2,1,4,3]],[[0,1],[0,1],[0,1],[1,2,3,4]],[[0,1],[0,1],[0,1],[1,2,3,4]]]]
ROW2089C [552,[[[7,16],[-63,64],[-909,2048],[1,2,3,4]],[[0,1],[0,1],[7,128],[1,2,3,4]],[[0,1],[0,1],[0,1],[1,2,3,4]]]]
ROW2089C [553,[[[-28,1],[-189,2],[15165,4],[1,4,2,3]],[[0,1],[0,1],[336,1],[4,3,2,1]],[[0,1],[0,1],[0,1],[3,4,1,2]]]]
ROW2089C [554,[[[9,2],[15,2],[-191,1],[3,1,2,4]],[[0,1],[0,1],[9,1],[2,1,4,3]],[[0,1],[0,1],[0,1],[3,4,1,2]]]]
ROW2089C [555,[[[1,4],[-6,1],[-23,1],[1,3,4,2]],[[0,1],[0,1],[-1,1],[1,3,4,2]],[[0,1],[0,1],[0,1],[1,3,4,2]]]]
ROW2089C [556,[[[0,1],[0,1],[1,4],[4,1,3,2]],[[0,1],[0,1],[0,1],[1,4,2,3]],[[0,1],[0,1],[0,1],[4,1,3,2]]]]
ROW2089C [557,[[[3,4],[3,16],[-289,128],[1,2,3,4]],[[0,1],[0,1],[-3,32],[1,2,3,4]],[[0,1],[0,1],[0,1],[1,2,3,4]]]]
ROW2089C [558,[[[-3,4],[-15,4],[-195,64],[2,1,4,3]],[[0,1],[0,1],[-3,4],[1,2,3,4]],[[0,1],[0,1],[0,1],[1,2,3,4]]]]
ROW2089C [559,[[[-7,4],[0,1],[1535,2048],[1,2,3,4]],[[0,1],[0,1],[0,1],[1,2,3,4]],[[0,1],[0,1],[0,1],[1,2,3,4]]]]
ROW2089C [560,[[[0,1],[-63,1],[-895,1],[1,4,2,3]],[[0,1],[0,1],[0,1],[2,3,1,4]],[[0,1],[0,1],[0,1],[1,4,2,3]]]]
ROW2089C [561,[[[-3,2],[15,1],[259,2],[2,3,1,4]],[[0,1],[0,1],[-6,1],[3,4,1,2]],[[0,1],[0,1],[0,1],[2,1,4,3]]]]
ROW2089C [562,[[[-4,1],[-9,2],[45,4],[2,3,1,4]],[[0,1],[0,1],[12,1],[4,3,2,1]],[[0,1],[0,1],[0,1],[3,4,1,2]]]]
ROW2089C [563,[[[0,1],[0,1],[-3,2],[3,1,2,4]],[[0,1],[0,1],[0,1],[1,3,4,2]],[[0,1],[0,1],[0,1],[3,1,2,4]]]]
ROW2089C [564,[[[-1,8],[3,2],[43,32],[4,2,1,3]],[[0,1],[0,1],[1,8],[1,3,4,2]],[[0,1],[0,1],[0,1],[4,2,1,3]]]]
ROW2089C [565,[[[3,4],[-45,32],[43,128],[1,2,3,4]],[[0,1],[0,1],[9,32],[1,2,3,4]],[[0,1],[0,1],[0,1],[1,2,3,4]]]]
ROW2089C [566,[[[21,16],[63,256],[-16751,8192],[3,4,1,2]],[[0,1],[0,1],[-21,512],[1,2,3,4]],[[0,1],[0,1],[0,1],[1,2,3,4]]]]
ROW2089C [567,[[[7,1],[252,1],[8414,1],[3,2,4,1]],[[0,1],[0,1],[224,1],[3,2,4,1]],[[0,1],[0,1],[0,1],[3,2,4,1]]]]
ROW2089C [568,[[[6,1],[0,1],[-189,4],[4,3,2,1]],[[0,1],[0,1],[0,1],[1,2,3,4]],[[0,1],[0,1],[0,1],[1,2,3,4]]]]
ROW2089C [569,[[[0,1],[-3,1],[-9,1],[3,1,2,4]],[[0,1],[0,1],[0,1],[4,3,2,1]],[[0,1],[0,1],[0,1],[2,1,4,3]]]]
ROW2089C [570,[[[0,1],[0,1],[1,4],[1,4,2,3]],[[0,1],[0,1],[0,1],[3,4,1,2]],[[0,1],[0,1],[0,1],[2,1,4,3]]]]
ROW2089C [571,[[[2,1],[9,8],[-49,16],[2,3,1,4]],[[0,1],[0,1],[-3,2],[3,2,4,1]],[[0,1],[0,1],[0,1],[2,3,1,4]]]]
ROW2089C [572,[[[-9,8],[-15,32],[475,128],[4,2,1,3]],[[0,1],[0,1],[-9,64],[4,2,1,3]],[[0,1],[0,1],[0,1],[4,2,1,3]]]]
ROW2089C [573,[[[-7,32],[63,32],[4389,4096],[2,4,3,1]],[[0,1],[0,1],[7,128],[2,1,4,3]],[[0,1],[0,1],[0,1],[3,4,1,2]]]]
ROW2089C [574,[[[-7,1],[189,2],[780,1],[1,3,4,2]],[[0,1],[0,1],[-84,1],[2,1,4,3]],[[0,1],[0,1],[0,1],[3,4,1,2]]]]
ROW2089C [575,[[[-9,2],[-15,4],[281,2],[2,1,4,3]],[[0,1],[0,1],[9,2],[1,2,3,4]],[[0,1],[0,1],[0,1],[1,2,3,4]]]]
ROW2089C [576,[[[1,1],[12,1],[82,1],[1,2,3,4]],[[0,1],[0,1],[8,1],[1,2,3,4]],[[0,1],[0,1],[0,1],[1,2,3,4]]]]
ROW2089C [577,[[[0,1],[0,1],[-1,2],[1,4,2,3]],[[0,1],[0,1],[0,1],[4,3,2,1]],[[0,1],[0,1],[0,1],[3,4,1,2]]]]
ROW2089C [578,[[[0,1],[3,4],[29,32],[3,1,2,4]],[[0,1],[0,1],[0,1],[2,1,4,3]],[[0,1],[0,1],[0,1],[3,4,1,2]]]]
ROW2089C [579,[[[3,8],[-15,16],[-51,128],[1,3,4,2]],[[0,1],[0,1],[3,32],[1,3,4,2]],[[0,1],[0,1],[0,1],[1,3,4,2]]]]
ROW2089C [580,[[[7,2],[189,128],[-95,64],[4,1,3,2]],[[0,1],[0,1],[-21,32],[1,4,2,3]],[[0,1],[0,1],[0,1],[4,1,3,2]]]]
ROW2089C [581,[[[21,2],[63,2],[-3778,1],[1,2,3,4]],[[0,1],[0,1],[42,1],[1,2,3,4]],[[0,1],[0,1],[0,1],[1,2,3,4]]]]
ROW2089C [582,[[[3,4],[-30,1],[-349,1],[2,1,4,3]],[[0,1],[0,1],[-6,1],[1,2,3,4]],[[0,1],[0,1],[0,1],[1,2,3,4]]]]
ROW2089C [583,[[[-1,1],[9,2],[-9,1],[1,2,3,4]],[[0,1],[0,1],[-3,1],[1,2,3,4]],[[0,1],[0,1],[0,1],[1,2,3,4]]]]
ROW2089C [584,[[[0,1],[0,1],[3,2],[1,4,2,3]],[[0,1],[0,1],[0,1],[2,3,1,4]],[[0,1],[0,1],[0,1],[1,4,2,3]]]]
ROW2089C [585,[[[-1,2],[-3,1],[-29,8],[2,3,1,4]],[[0,1],[0,1],[-1,1],[3,4,1,2]],[[0,1],[0,1],[0,1],[2,1,4,3]]]]
ROW2089C [586,[[[-3,2],[0,1],[185,256],[2,3,1,4]],[[0,1],[0,1],[0,1],[4,3,2,1]],[[0,1],[0,1],[0,1],[3,4,1,2]]]]
ROW2089C [587,[[[0,1],[63,64],[2047,2048],[3,1,2,4]],[[0,1],[0,1],[0,1],[1,3,4,2]],[[0,1],[0,1],[0,1],[3,1,2,4]]]]
ROW2089C [588,[[[-7,2],[63,1],[3847,2],[4,2,1,3]],[[0,1],[0,1],[-28,1],[1,3,4,2]],[[0,1],[0,1],[0,1],[4,2,1,3]]]]
ROW2089C [589,[[[-12,1],[-45,2],[1245,4],[1,2,3,4]],[[0,1],[0,1],[72,1],[1,2,3,4]],[[0,1],[0,1],[0,1],[1,2,3,4]]]]
ROW2089C [590,[[[3,2],[3,2],[27,2],[3,4,1,2]],[[0,1],[0,1],[3,2],[1,2,3,4]],[[0,1],[0,1],[0,1],[1,2,3,4]]]]
ROW2089C [591,[[[0,1],[0,1],[-1,8],[3,2,4,1]],[[0,1],[0,1],[0,1],[3,2,4,1]],[[0,1],[0,1],[0,1],[3,2,4,1]]]]
ROW2089C [592,[[[1,2],[-9,8],[13,32],[4,3,2,1]],[[0,1],[0,1],[3,8],[1,2,3,4]],[[0,1],[0,1],[0,1],[1,2,3,4]]]]
ROW2089C [593,[[[9,8],[15,64],[-257,128],[3,1,2,4]],[[0,1],[0,1],[-9,128],[4,3,2,1]],[[0,1],[0,1],[0,1],[2,1,4,3]]]]
ROW2089C [594,[[[-7,8],[-63,16],[-2571,1024],[1,4,2,3]],[[0,1],[0,1],[-7,16],[3,4,1,2]],[[0,1],[0,1],[0,1],[2,1,4,3]]]]
ROW2089C [595,[[[14,1],[0,1],[-4605,4],[2,3,1,4]],[[0,1],[0,1],[0,1],[3,2,4,1]],[[0,1],[0,1],[0,1],[2,3,1,4]]]]
ROW2089C [596,[[[0,1],[-15,1],[-95,1],[4,2,1,3]],[[0,1],[0,1],[0,1],[4,2,1,3]],[[0,1],[0,1],[0,1],[4,2,1,3]]]]
ROW2089C [597,[[[-1,2],[3,1],[5,2],[2,4,3,1]],[[0,1],[0,1],[-1,1],[2,1,4,3]],[[0,1],[0,1],[0,1],[3,4,1,2]]]]
ROW2089C [598,[[[0,1],[0,1],[1,1],[1,3,4,2]],[[0,1],[0,1],[0,1],[2,1,4,3]],[[0,1],[0,1],[0,1],[3,4,1,2]]]]
ROW2089C [599,[[[-3,4],[-3,8],[229,64],[2,1,4,3]],[[0,1],[0,1],[-3,16],[1,2,3,4]],[[0,1],[0,1],[0,1],[1,2,3,4]]]]
ROW2089C [600,[[[-3,16],[15,8],[297,256],[1,2,3,4]],[[0,1],[0,1],[3,32],[1,2,3,4]],[[0,1],[0,1],[0,1],[1,2,3,4]]]]
ROW2089C [601,[[[7,8],[-189,128],[23,128],[1,4,2,3]],[[0,1],[0,1],[21,128],[4,3,2,1]],[[0,1],[0,1],[0,1],[3,4,1,2]]]]
ROW2089C [602,[[[-21,2],[-63,4],[3419,1],[3,1,2,4]],[[0,1],[0,1],[21,1],[2,1,4,3]],[[0,1],[0,1],[0,1],[3,4,1,2]]]]
ROW2089C [603,[[[3,1],[60,1],[878,1],[1,3,4,2]],[[0,1],[0,1],[48,1],[1,3,4,2]],[[0,1],[0,1],[0,1],[1,3,4,2]]]]
ROW2089C [604,[[[2,1],[0,1],[27,4],[4,1,3,2]],[[0,1],[0,1],[0,1],[1,4,2,3]],[[0,1],[0,1],[0,1],[4,1,3,2]]]]
ROW2089C [605,[[[0,1],[0,1],[0,1],[1,2,3,4]],[[0,1],[0,1],[0,1],[1,2,3,4]],[[0,1],[0,1],[0,1],[1,2,3,4]]]]
ROW2089C [606,[[[1,4],[-3,4],[-7,16],[2,1,4,3]],[[0,1],[0,1],[1,8],[1,2,3,4]],[[0,1],[0,1],[0,1],[1,2,3,4]]]]
ROW2089C [607,[[[3,1],[45,32],[-535,256],[1,2,3,4]],[[0,1],[0,1],[-9,8],[1,2,3,4]],[[0,1],[0,1],[0,1],[1,2,3,4]]]]
ROW2089C [608,[[[-21,16],[-63,128],[15983,4096],[1,4,2,3]],[[0,1],[0,1],[-21,256],[2,3,1,4]],[[0,1],[0,1],[0,1],[1,4,2,3]]]]
ROW2089C [609,[[[7,4],[-126,1],[-4027,1],[2,3,1,4]],[[0,1],[0,1],[-28,1],[3,4,1,2]],[[0,1],[0,1],[0,1],[2,1,4,3]]]]
ROW2089C [610,[[[-3,1],[45,2],[6,1],[2,3,1,4]],[[0,1],[0,1],[-18,1],[4,3,2,1]],[[0,1],[0,1],[0,1],[3,4,1,2]]]]
ROW2089C [611,[[[-3,2],[-3,4],[-81,4],[3,1,2,4]],[[0,1],[0,1],[3,4],[1,3,4,2]],[[0,1],[0,1],[0,1],[3,1,2,4]]]]
ROW2089C [612,[[[0,1],[0,1],[-1,2],[4,2,1,3]],[[0,1],[0,1],[0,1],[1,3,4,2]],[[0,1],[0,1],[0,1],[4,2,1,3]]]]
ROW2089C [613,[[[-1,1],[0,1],[25,32],[1,2,3,4]],[[0,1],[0,1],[0,1],[1,2,3,4]],[[0,1],[0,1],[0,1],[1,2,3,4]]]]
ROW2089C [614,[[[0,1],[15,16],[127,128],[3,4,1,2]],[[0,1],[0,1],[0,1],[1,2,3,4]],[[0,1],[0,1],[0,1],[1,2,3,4]]]]
ROW2089C [615,[[[7,16],[-63,64],[-909,2048],[3,2,4,1]],[[0,1],[0,1],[7,128],[3,2,4,1]],[[0,1],[0,1],[0,1],[3,2,4,1]]]]
ROW2089C [616,[[[-28,1],[-189,2],[15165,4],[4,3,2,1]],[[0,1],[0,1],[336,1],[1,2,3,4]],[[0,1],[0,1],[0,1],[1,2,3,4]]]]
ROW2089C [617,[[[9,2],[15,2],[-191,1],[3,1,2,4]],[[0,1],[0,1],[9,1],[4,3,2,1]],[[0,1],[0,1],[0,1],[2,1,4,3]]]]
ROW2089C [618,[[[1,4],[-6,1],[-23,1],[1,4,2,3]],[[0,1],[0,1],[-1,1],[3,4,1,2]],[[0,1],[0,1],[0,1],[2,1,4,3]]]]
ROW2089C [619,[[[0,1],[0,1],[1,4],[2,3,1,4]],[[0,1],[0,1],[0,1],[3,2,4,1]],[[0,1],[0,1],[0,1],[2,3,1,4]]]]
ROW2089C [620,[[[3,4],[3,16],[-289,128],[4,2,1,3]],[[0,1],[0,1],[-3,32],[4,2,1,3]],[[0,1],[0,1],[0,1],[4,2,1,3]]]]
ROW2089C [621,[[[-3,4],[-15,4],[-195,64],[2,4,3,1]],[[0,1],[0,1],[-3,4],[2,1,4,3]],[[0,1],[0,1],[0,1],[3,4,1,2]]]]
ROW2089C [622,[[[-7,4],[0,1],[1535,2048],[1,3,4,2]],[[0,1],[0,1],[0,1],[2,1,4,3]],[[0,1],[0,1],[0,1],[3,4,1,2]]]]
ROW2089C [623,[[[0,1],[-63,1],[-895,1],[2,1,4,3]],[[0,1],[0,1],[0,1],[1,2,3,4]],[[0,1],[0,1],[0,1],[1,2,3,4]]]]
ROW2089C [624,[[[-3,2],[15,1],[259,2],[1,2,3,4]],[[0,1],[0,1],[-6,1],[1,2,3,4]],[[0,1],[0,1],[0,1],[1,2,3,4]]]]
ROW2089C [625,[[[-4,1],[-9,2],[45,4],[1,4,2,3]],[[0,1],[0,1],[12,1],[4,3,2,1]],[[0,1],[0,1],[0,1],[3,4,1,2]]]]
ROW2089C [626,[[[0,1],[0,1],[-3,2],[3,1,2,4]],[[0,1],[0,1],[0,1],[2,1,4,3]],[[0,1],[0,1],[0,1],[3,4,1,2]]]]
ROW2089C [627,[[[-1,8],[3,2],[43,32],[1,3,4,2]],[[0,1],[0,1],[1,8],[1,3,4,2]],[[0,1],[0,1],[0,1],[1,3,4,2]]]]
ROW2089C [628,[[[3,4],[-45,32],[43,128],[4,1,3,2]],[[0,1],[0,1],[9,32],[1,4,2,3]],[[0,1],[0,1],[0,1],[4,1,3,2]]]]
ROW2089C [629,[[[21,16],[63,256],[-16751,8192],[1,2,3,4]],[[0,1],[0,1],[-21,512],[1,2,3,4]],[[0,1],[0,1],[0,1],[1,2,3,4]]]]
ROW2089C [630,[[[7,1],[252,1],[8414,1],[2,1,4,3]],[[0,1],[0,1],[224,1],[1,2,3,4]],[[0,1],[0,1],[0,1],[1,2,3,4]]]]
ROW2089C [631,[[[6,1],[0,1],[-189,4],[1,2,3,4]],[[0,1],[0,1],[0,1],[1,2,3,4]],[[0,1],[0,1],[0,1],[1,2,3,4]]]]
ROW2089C [632,[[[0,1],[-3,1],[-9,1],[1,4,2,3]],[[0,1],[0,1],[0,1],[2,3,1,4]],[[0,1],[0,1],[0,1],[1,4,2,3]]]]
ROW2089C [633,[[[0,1],[0,1],[1,4],[2,3,1,4]],[[0,1],[0,1],[0,1],[3,4,1,2]],[[0,1],[0,1],[0,1],[2,1,4,3]]]]
ROW2089C [634,[[[2,1],[9,8],[-49,16],[2,3,1,4]],[[0,1],[0,1],[-3,2],[4,3,2,1]],[[0,1],[0,1],[0,1],[3,4,1,2]]]]
ROW2089C [635,[[[-9,8],[-15,32],[475,128],[3,1,2,4]],[[0,1],[0,1],[-9,64],[1,3,4,2]],[[0,1],[0,1],[0,1],[3,1,2,4]]]]
ROW2089C [636,[[[-7,32],[63,32],[4389,4096],[4,2,1,3]],[[0,1],[0,1],[7,128],[1,3,4,2]],[[0,1],[0,1],[0,1],[4,2,1,3]]]]
ROW2089C [637,[[[-7,1],[189,2],[780,1],[1,2,3,4]],[[0,1],[0,1],[-84,1],[1,2,3,4]],[[0,1],[0,1],[0,1],[1,2,3,4]]]]
ROW2089C [638,[[[-9,2],[-15,4],[281,2],[3,4,1,2]],[[0,1],[0,1],[9,2],[1,2,3,4]],[[0,1],[0,1],[0,1],[1,2,3,4]]]]
ROW2089C [639,[[[1,1],[12,1],[82,1],[3,2,4,1]],[[0,1],[0,1],[8,1],[3,2,4,1]],[[0,1],[0,1],[0,1],[3,2,4,1]]]]
ROW2089C [640,[[[0,1],[0,1],[-1,2],[4,3,2,1]],[[0,1],[0,1],[0,1],[1,2,3,4]],[[0,1],[0,1],[0,1],[1,2,3,4]]]]
ROW2089C [641,[[[0,1],[3,4],[29,32],[3,1,2,4]],[[0,1],[0,1],[0,1],[4,3,2,1]],[[0,1],[0,1],[0,1],[2,1,4,3]]]]
ROW2089C [642,[[[3,8],[-15,16],[-51,128],[1,4,2,3]],[[0,1],[0,1],[3,32],[3,4,1,2]],[[0,1],[0,1],[0,1],[2,1,4,3]]]]
ROW2089C [643,[[[7,2],[189,128],[-95,64],[2,3,1,4]],[[0,1],[0,1],[-21,32],[3,2,4,1]],[[0,1],[0,1],[0,1],[2,3,1,4]]]]
ROW2089C [644,[[[21,2],[63,2],[-3778,1],[4,2,1,3]],[[0,1],[0,1],[42,1],[4,2,1,3]],[[0,1],[0,1],[0,1],[4,2,1,3]]]]
ROW2089C [645,[[[3,4],[-30,1],[-349,1],[2,4,3,1]],[[0,1],[0,1],[-6,1],[2,1,4,3]],[[0,1],[0,1],[0,1],[3,4,1,2]]]]
ROW2089C [646,[[[-1,1],[9,2],[-9,1],[1,3,4,2]],[[0,1],[0,1],[-3,1],[2,1,4,3]],[[0,1],[0,1],[0,1],[3,4,1,2]]]]
ROW2089C [647,[[[0,1],[0,1],[3,2],[2,1,4,3]],[[0,1],[0,1],[0,1],[1,2,3,4]],[[0,1],[0,1],[0,1],[1,2,3,4]]]]
ROW2089C [648,[[[-1,2],[-3,1],[-29,8],[1,2,3,4]],[[0,1],[0,1],[-1,1],[1,2,3,4]],[[0,1],[0,1],[0,1],[1,2,3,4]]]]
ROW2089C [649,[[[-3,2],[0,1],[185,256],[1,4,2,3]],[[0,1],[0,1],[0,1],[4,3,2,1]],[[0,1],[0,1],[0,1],[3,4,1,2]]]]
ROW2089C [650,[[[0,1],[63,64],[2047,2048],[3,1,2,4]],[[0,1],[0,1],[0,1],[2,1,4,3]],[[0,1],[0,1],[0,1],[3,4,1,2]]]]
ROW2089C [651,[[[-7,2],[63,1],[3847,2],[1,3,4,2]],[[0,1],[0,1],[-28,1],[1,3,4,2]],[[0,1],[0,1],[0,1],[1,3,4,2]]]]
ROW2089C [652,[[[-12,1],[-45,2],[1245,4],[4,1,3,2]],[[0,1],[0,1],[72,1],[1,4,2,3]],[[0,1],[0,1],[0,1],[4,1,3,2]]]]
ROW2089C [653,[[[3,2],[3,2],[27,2],[1,2,3,4]],[[0,1],[0,1],[3,2],[1,2,3,4]],[[0,1],[0,1],[0,1],[1,2,3,4]]]]
ROW2089C [654,[[[0,1],[0,1],[-1,8],[2,1,4,3]],[[0,1],[0,1],[0,1],[1,2,3,4]],[[0,1],[0,1],[0,1],[1,2,3,4]]]]
ROW2089C [655,[[[1,2],[-9,8],[13,32],[1,2,3,4]],[[0,1],[0,1],[3,8],[1,2,3,4]],[[0,1],[0,1],[0,1],[1,2,3,4]]]]
ROW2089C [656,[[[9,8],[15,64],[-257,128],[1,4,2,3]],[[0,1],[0,1],[-9,128],[2,3,1,4]],[[0,1],[0,1],[0,1],[1,4,2,3]]]]
ROW2089C [657,[[[-7,8],[-63,16],[-2571,1024],[2,3,1,4]],[[0,1],[0,1],[-7,16],[3,4,1,2]],[[0,1],[0,1],[0,1],[2,1,4,3]]]]
ROW2089C [658,[[[14,1],[0,1],[-4605,4],[2,3,1,4]],[[0,1],[0,1],[0,1],[4,3,2,1]],[[0,1],[0,1],[0,1],[3,4,1,2]]]]
ROW2089C [659,[[[0,1],[-15,1],[-95,1],[3,1,2,4]],[[0,1],[0,1],[0,1],[1,3,4,2]],[[0,1],[0,1],[0,1],[3,1,2,4]]]]
ROW2089C [660,[[[-1,2],[3,1],[5,2],[4,2,1,3]],[[0,1],[0,1],[-1,1],[1,3,4,2]],[[0,1],[0,1],[0,1],[4,2,1,3]]]]
ROW2089C [661,[[[0,1],[0,1],[1,1],[1,2,3,4]],[[0,1],[0,1],[0,1],[1,2,3,4]],[[0,1],[0,1],[0,1],[1,2,3,4]]]]
ROW2089C [662,[[[-3,4],[-3,8],[229,64],[3,4,1,2]],[[0,1],[0,1],[-3,16],[1,2,3,4]],[[0,1],[0,1],[0,1],[1,2,3,4]]]]
ROW2089C [663,[[[-3,16],[15,8],[297,256],[3,2,4,1]],[[0,1],[0,1],[3,32],[3,2,4,1]],[[0,1],[0,1],[0,1],[3,2,4,1]]]]
ROW2089C [664,[[[7,8],[-189,128],[23,128],[4,3,2,1]],[[0,1],[0,1],[21,128],[1,2,3,4]],[[0,1],[0,1],[0,1],[1,2,3,4]]]]
ROW2089C [665,[[[-21,2],[-63,4],[3419,1],[3,1,2,4]],[[0,1],[0,1],[21,1],[4,3,2,1]],[[0,1],[0,1],[0,1],[2,1,4,3]]]]
ROW2089C [666,[[[3,1],[60,1],[878,1],[1,4,2,3]],[[0,1],[0,1],[48,1],[3,4,1,2]],[[0,1],[0,1],[0,1],[2,1,4,3]]]]
ROW2089C [667,[[[2,1],[0,1],[27,4],[2,3,1,4]],[[0,1],[0,1],[0,1],[3,2,4,1]],[[0,1],[0,1],[0,1],[2,3,1,4]]]]
ROW2089C [668,[[[0,1],[0,1],[0,1],[4,2,1,3]],[[0,1],[0,1],[0,1],[4,2,1,3]],[[0,1],[0,1],[0,1],[4,2,1,3]]]]
ROW2089C [669,[[[1,4],[-3,4],[-7,16],[2,4,3,1]],[[0,1],[0,1],[1,8],[2,1,4,3]],[[0,1],[0,1],[0,1],[3,4,1,2]]]]
ROW2089C [670,[[[3,1],[45,32],[-535,256],[1,3,4,2]],[[0,1],[0,1],[-9,8],[2,1,4,3]],[[0,1],[0,1],[0,1],[3,4,1,2]]]]
ROW2089C [671,[[[-21,16],[-63,128],[15983,4096],[2,1,4,3]],[[0,1],[0,1],[-21,256],[1,2,3,4]],[[0,1],[0,1],[0,1],[1,2,3,4]]]]
ROW2089C [672,[[[7,4],[-126,1],[-4027,1],[1,2,3,4]],[[0,1],[0,1],[-28,1],[1,2,3,4]],[[0,1],[0,1],[0,1],[1,2,3,4]]]]
ROW2089C [673,[[[-3,1],[45,2],[6,1],[1,4,2,3]],[[0,1],[0,1],[-18,1],[4,3,2,1]],[[0,1],[0,1],[0,1],[3,4,1,2]]]]
ROW2089C [674,[[[-3,2],[-3,4],[-81,4],[3,1,2,4]],[[0,1],[0,1],[3,4],[2,1,4,3]],[[0,1],[0,1],[0,1],[3,4,1,2]]]]
ROW2089C [675,[[[0,1],[0,1],[-1,2],[1,3,4,2]],[[0,1],[0,1],[0,1],[1,3,4,2]],[[0,1],[0,1],[0,1],[1,3,4,2]]]]
ROW2089C [676,[[[-1,1],[0,1],[25,32],[4,1,3,2]],[[0,1],[0,1],[0,1],[1,4,2,3]],[[0,1],[0,1],[0,1],[4,1,3,2]]]]
ROW2089C [677,[[[0,1],[15,16],[127,128],[1,2,3,4]],[[0,1],[0,1],[0,1],[1,2,3,4]],[[0,1],[0,1],[0,1],[1,2,3,4]]]]
ROW2089C [678,[[[7,16],[-63,64],[-909,2048],[2,1,4,3]],[[0,1],[0,1],[7,128],[1,2,3,4]],[[0,1],[0,1],[0,1],[1,2,3,4]]]]
ROW2089C [679,[[[-28,1],[-189,2],[15165,4],[1,2,3,4]],[[0,1],[0,1],[336,1],[1,2,3,4]],[[0,1],[0,1],[0,1],[1,2,3,4]]]]
ROW2089C [680,[[[9,2],[15,2],[-191,1],[1,4,2,3]],[[0,1],[0,1],[9,1],[2,3,1,4]],[[0,1],[0,1],[0,1],[1,4,2,3]]]]
ROW2089C [681,[[[1,4],[-6,1],[-23,1],[2,3,1,4]],[[0,1],[0,1],[-1,1],[3,4,1,2]],[[0,1],[0,1],[0,1],[2,1,4,3]]]]
ROW2089C [682,[[[0,1],[0,1],[1,4],[2,3,1,4]],[[0,1],[0,1],[0,1],[4,3,2,1]],[[0,1],[0,1],[0,1],[3,4,1,2]]]]
ROW2089C [683,[[[3,4],[3,16],[-289,128],[3,1,2,4]],[[0,1],[0,1],[-3,32],[1,3,4,2]],[[0,1],[0,1],[0,1],[3,1,2,4]]]]
ROW2089C [684,[[[-3,4],[-15,4],[-195,64],[4,2,1,3]],[[0,1],[0,1],[-3,4],[1,3,4,2]],[[0,1],[0,1],[0,1],[4,2,1,3]]]]
ROW2089C [685,[[[-7,4],[0,1],[1535,2048],[1,2,3,4]],[[0,1],[0,1],[0,1],[1,2,3,4]],[[0,1],[0,1],[0,1],[1,2,3,4]]]]
ROW2089C [686,[[[0,1],[-63,1],[-895,1],[3,4,1,2]],[[0,1],[0,1],[0,1],[1,2,3,4]],[[0,1],[0,1],[0,1],[1,2,3,4]]]]
ROW2089C [687,[[[-3,2],[15,1],[259,2],[3,2,4,1]],[[0,1],[0,1],[-6,1],[3,2,4,1]],[[0,1],[0,1],[0,1],[3,2,4,1]]]]
ROW2089C [688,[[[-4,1],[-9,2],[45,4],[4,3,2,1]],[[0,1],[0,1],[12,1],[1,2,3,4]],[[0,1],[0,1],[0,1],[1,2,3,4]]]]
ROW2089C [689,[[[0,1],[0,1],[-3,2],[3,1,2,4]],[[0,1],[0,1],[0,1],[4,3,2,1]],[[0,1],[0,1],[0,1],[2,1,4,3]]]]
ROW2089C [690,[[[-1,8],[3,2],[43,32],[1,4,2,3]],[[0,1],[0,1],[1,8],[3,4,1,2]],[[0,1],[0,1],[0,1],[2,1,4,3]]]]
ROW2089C [691,[[[3,4],[-45,32],[43,128],[2,3,1,4]],[[0,1],[0,1],[9,32],[3,2,4,1]],[[0,1],[0,1],[0,1],[2,3,1,4]]]]
ROW2089C [692,[[[21,16],[63,256],[-16751,8192],[4,2,1,3]],[[0,1],[0,1],[-21,512],[4,2,1,3]],[[0,1],[0,1],[0,1],[4,2,1,3]]]]
ROW2089C [693,[[[7,1],[252,1],[8414,1],[2,4,3,1]],[[0,1],[0,1],[224,1],[2,1,4,3]],[[0,1],[0,1],[0,1],[3,4,1,2]]]]
ROW2089C [694,[[[6,1],[0,1],[-189,4],[1,3,4,2]],[[0,1],[0,1],[0,1],[2,1,4,3]],[[0,1],[0,1],[0,1],[3,4,1,2]]]]
ROW2089C [695,[[[0,1],[-3,1],[-9,1],[2,1,4,3]],[[0,1],[0,1],[0,1],[1,2,3,4]],[[0,1],[0,1],[0,1],[1,2,3,4]]]]
ROW2089C [696,[[[0,1],[0,1],[1,4],[1,2,3,4]],[[0,1],[0,1],[0,1],[1,2,3,4]],[[0,1],[0,1],[0,1],[1,2,3,4]]]]
ROW2089C [697,[[[2,1],[9,8],[-49,16],[1,4,2,3]],[[0,1],[0,1],[-3,2],[4,3,2,1]],[[0,1],[0,1],[0,1],[3,4,1,2]]]]
ROW2089C [698,[[[-9,8],[-15,32],[475,128],[3,1,2,4]],[[0,1],[0,1],[-9,64],[2,1,4,3]],[[0,1],[0,1],[0,1],[3,4,1,2]]]]
ROW2089C [699,[[[-7,32],[63,32],[4389,4096],[1,3,4,2]],[[0,1],[0,1],[7,128],[1,3,4,2]],[[0,1],[0,1],[0,1],[1,3,4,2]]]]
ROW2089C [700,[[[-7,1],[189,2],[780,1],[4,1,3,2]],[[0,1],[0,1],[-84,1],[1,4,2,3]],[[0,1],[0,1],[0,1],[4,1,3,2]]]]
ROW2089C [701,[[[-9,2],[-15,4],[281,2],[1,2,3,4]],[[0,1],[0,1],[9,2],[1,2,3,4]],[[0,1],[0,1],[0,1],[1,2,3,4]]]]
ROW2089C [702,[[[1,1],[12,1],[82,1],[2,1,4,3]],[[0,1],[0,1],[8,1],[1,2,3,4]],[[0,1],[0,1],[0,1],[1,2,3,4]]]]
ROW2089C [703,[[[0,1],[0,1],[-1,2],[1,2,3,4]],[[0,1],[0,1],[0,1],[1,2,3,4]],[[0,1],[0,1],[0,1],[1,2,3,4]]]]
ROW2089C [704,[[[0,1],[3,4],[29,32],[1,4,2,3]],[[0,1],[0,1],[0,1],[2,3,1,4]],[[0,1],[0,1],[0,1],[1,4,2,3]]]]
ROW2089C [705,[[[3,8],[-15,16],[-51,128],[2,3,1,4]],[[0,1],[0,1],[3,32],[3,4,1,2]],[[0,1],[0,1],[0,1],[2,1,4,3]]]]
ROW2089C [706,[[[7,2],[189,128],[-95,64],[2,3,1,4]],[[0,1],[0,1],[-21,32],[4,3,2,1]],[[0,1],[0,1],[0,1],[3,4,1,2]]]]
ROW2089C [707,[[[21,2],[63,2],[-3778,1],[3,1,2,4]],[[0,1],[0,1],[42,1],[1,3,4,2]],[[0,1],[0,1],[0,1],[3,1,2,4]]]]
ROW2089C [708,[[[3,4],[-30,1],[-349,1],[4,2,1,3]],[[0,1],[0,1],[-6,1],[1,3,4,2]],[[0,1],[0,1],[0,1],[4,2,1,3]]]]
ROW2089C [709,[[[-1,1],[9,2],[-9,1],[1,2,3,4]],[[0,1],[0,1],[-3,1],[1,2,3,4]],[[0,1],[0,1],[0,1],[1,2,3,4]]]]
ROW2089C [710,[[[0,1],[0,1],[3,2],[3,4,1,2]],[[0,1],[0,1],[0,1],[1,2,3,4]],[[0,1],[0,1],[0,1],[1,2,3,4]]]]
ROW2089C [711,[[[-1,2],[-3,1],[-29,8],[3,2,4,1]],[[0,1],[0,1],[-1,1],[3,2,4,1]],[[0,1],[0,1],[0,1],[3,2,4,1]]]]
ROW2089C [712,[[[-3,2],[0,1],[185,256],[4,3,2,1]],[[0,1],[0,1],[0,1],[1,2,3,4]],[[0,1],[0,1],[0,1],[1,2,3,4]]]]
ROW2089C [713,[[[0,1],[63,64],[2047,2048],[3,1,2,4]],[[0,1],[0,1],[0,1],[4,3,2,1]],[[0,1],[0,1],[0,1],[2,1,4,3]]]]
ROW2089C [714,[[[-7,2],[63,1],[3847,2],[1,4,2,3]],[[0,1],[0,1],[-28,1],[3,4,1,2]],[[0,1],[0,1],[0,1],[2,1,4,3]]]]
ROW2089C [715,[[[-12,1],[-45,2],[1245,4],[2,3,1,4]],[[0,1],[0,1],[72,1],[3,2,4,1]],[[0,1],[0,1],[0,1],[2,3,1,4]]]]
ROW2089C [716,[[[3,2],[3,2],[27,2],[4,2,1,3]],[[0,1],[0,1],[3,2],[4,2,1,3]],[[0,1],[0,1],[0,1],[4,2,1,3]]]]
ROW2089C [717,[[[0,1],[0,1],[-1,8],[2,4,3,1]],[[0,1],[0,1],[0,1],[2,1,4,3]],[[0,1],[0,1],[0,1],[3,4,1,2]]]]
ROW2089C [718,[[[1,2],[-9,8],[13,32],[1,3,4,2]],[[0,1],[0,1],[3,8],[2,1,4,3]],[[0,1],[0,1],[0,1],[3,4,1,2]]]]
ROW2089C [719,[[[9,8],[15,64],[-257,128],[2,1,4,3]],[[0,1],[0,1],[-9,128],[1,2,3,4]],[[0,1],[0,1],[0,1],[1,2,3,4]]]]
SUMMARY2089C {"central_torsion_orders":[3,9,27,81,243,729,2187,6561],"commutators":2160,"excluded_dilations":[[-4,21],[-3,21],[-2,21],[-1,40],[1,21],[2,21],[3,21],[4,21]],"nonsplit_checks":246,"nonsplit_torsion":6,"nonzero_second_commutators":480,"pairs":720,"s4_sink_histogram":[[1,4],[4,8],[5,12]],"s4_sink_union":12}
INDEPENDENT2089C {"associativity_triples": 729, "inverse_checks": 9}
PASS_20_89_CHAR0_WORDS
