{
  "finite_group_order": 60,
  "finite_matrix_set_sha256": "16d520da7b29a2bc61451a7c7359cf547720bbb40b5cd4aed5b16e97b243c4d9",
  "generator_and_product_orders": [
    2,
    5,
    5
  ],
  "mod_t_squared_has_nontrivial_scalar_center": true,
  "mod_t_squared_image_order": 240,
  "nonidentity_SL2_centralizer_sizes": {
    "3": 20,
    "4": 15,
    "5": 24
  },
  "nonscalar_algebra_centralizers_checked": 252,
  "nontrivial_normal_closures_checked": 59,
  "polynomial_power_controls": 256,
  "status": "PASS"
}
