PROGRESS [ 256, 4326, 1050, 34, 0, 0 ]
PROGRESS [ 256, 10710, 1720, 66, 0, 0 ]
PROGRESS [ 256, 13486, 2390, 78, 0, 0 ]
PROGRESS [ 256, 15538, 2740, 96, 0, 0 ]
PROGRESS [ 256, 15726, 2770, 100, 0, 0 ]
PROGRESS [ 256, 16454, 2880, 106, 0, 0 ]
PROGRESS [ 256, 25694, 5190, 136, 0, 0 ]
PROGRESS [ 256, 26254, 5330, 174, 0, 0 ]
PROGRESS [ 256, 26350, 5350, 182, 0, 0 ]
PROGRESS [ 256, 26398, 5360, 196, 0, 0 ]
PROGRESS [ 256, 26934, 5480, 208, 0, 0 ]
PROGRESS [ 256, 53058, 5490, 224, 0, 0 ]
PROGRESS [ 256, 53142, 5500, 268, 0, 0 ]
PROGRESS [ 256, 53386, 5520, 284, 0, 0 ]
PROGRESS [ 256, 53426, 5530, 300, 0, 0 ]
PROGRESS [ 256, 53466, 5540, 310, 0, 0 ]
PROGRESS [ 256, 54826, 5880, 358, 0, 0 ]
PROGRESS [ 256, 54946, 5910, 366, 0, 0 ]
PROGRESS [ 256, 55386, 6020, 378, 0, 0 ]
PROGRESS [ 256, 56070, 6080, 428, 0, 0 ]
ORDER_DONE [ 256, 56092, 6082, 438, 0, 0 ]
PASS_21100_SHARD [ 6082, 438, 0, 0 ]
