PROGRESS [ 256, 1087, 260, 4, 0, 0 ]
PROGRESS [ 256, 10407, 1650, 48, 0, 0 ]
PROGRESS [ 256, 10607, 1700, 60, 0, 0 ]
PROGRESS [ 256, 13343, 2380, 80, 0, 0 ]
PROGRESS [ 256, 14467, 2580, 92, 0, 0 ]
PROGRESS [ 256, 16551, 2910, 98, 0, 0 ]
PROGRESS [ 256, 16711, 2950, 102, 0, 0 ]
PROGRESS [ 256, 25791, 5220, 120, 0, 0 ]
PROGRESS [ 256, 26071, 5290, 144, 0, 0 ]
PROGRESS [ 256, 26151, 5310, 146, 0, 0 ]
PROGRESS [ 256, 26323, 5350, 156, 0, 0 ]
PROGRESS [ 256, 26363, 5360, 164, 0, 0 ]
PROGRESS [ 256, 53067, 5500, 192, 0, 0 ]
PROGRESS [ 256, 53391, 5530, 224, 0, 0 ]
PROGRESS [ 256, 53511, 5560, 248, 0, 0 ]
PROGRESS [ 256, 53591, 5580, 250, 0, 0 ]
PROGRESS [ 256, 54831, 5890, 286, 0, 0 ]
PROGRESS [ 256, 54871, 5900, 288, 0, 0 ]
PROGRESS [ 256, 54991, 5930, 302, 0, 0 ]
PROGRESS [ 256, 55351, 6020, 314, 0, 0 ]
PROGRESS [ 256, 56075, 6090, 352, 0, 0 ]
ORDER_DONE [ 256, 56092, 6091, 364, 0, 0 ]
PASS_21100_SHARD [ 6091, 364, 0, 0 ]
