PROGRESS [ 2187, 43, 10, 21, 0, 0 ]
PROGRESS [ 2187, 87, 20, 28, 0, 0 ]
PROGRESS [ 2187, 127, 30, 45, 0, 0 ]
PROGRESS [ 2187, 211, 50, 72, 0, 0 ]
PROGRESS [ 2187, 251, 60, 81, 0, 0 ]
PROGRESS [ 2187, 291, 70, 92, 0, 0 ]
PROGRESS [ 2187, 335, 80, 110, 0, 0 ]
PROGRESS [ 2187, 443, 100, 130, 0, 0 ]
PROGRESS [ 2187, 483, 110, 149, 0, 0 ]
PROGRESS [ 2187, 523, 120, 164, 0, 0 ]
PROGRESS [ 2187, 563, 130, 178, 0, 0 ]
PROGRESS [ 2187, 603, 140, 190, 0, 0 ]
PROGRESS [ 2187, 683, 160, 208, 0, 0 ]
PROGRESS [ 2187, 723, 170, 233, 0, 0 ]
PROGRESS [ 2187, 763, 180, 262, 0, 0 ]
PROGRESS [ 2187, 803, 190, 278, 0, 0 ]
PROGRESS [ 2187, 843, 200, 306, 0, 0 ]
PROGRESS [ 2187, 883, 210, 333, 0, 0 ]
PROGRESS [ 2187, 923, 220, 347, 0, 0 ]
PROGRESS [ 2187, 963, 230, 381, 0, 0 ]
PROGRESS [ 2187, 1003, 240, 393, 0, 0 ]
PROGRESS [ 2187, 1043, 250, 409, 0, 0 ]
PROGRESS [ 2187, 1163, 280, 434, 0, 0 ]
PROGRESS [ 2187, 1203, 290, 448, 0, 0 ]
PROGRESS [ 2187, 1243, 300, 458, 0, 0 ]
PROGRESS [ 2187, 1283, 310, 478, 0, 0 ]
PROGRESS [ 2187, 1323, 320, 502, 0, 0 ]
PROGRESS [ 2187, 1363, 330, 518, 0, 0 ]
PROGRESS [ 2187, 1403, 340, 538, 0, 0 ]
PROGRESS [ 2187, 1443, 350, 548, 0, 0 ]
PROGRESS [ 2187, 1483, 360, 568, 0, 0 ]
PROGRESS [ 2187, 1563, 380, 575, 0, 0 ]
PROGRESS [ 2187, 1603, 390, 585, 0, 0 ]
PROGRESS [ 2187, 1643, 400, 595, 0, 0 ]
PROGRESS [ 2187, 1683, 410, 605, 0, 0 ]
PROGRESS [ 2187, 1723, 420, 615, 0, 0 ]
PROGRESS [ 2187, 1763, 430, 625, 0, 0 ]
PROGRESS [ 2187, 1803, 440, 637, 0, 0 ]
PROGRESS [ 2187, 1843, 450, 651, 0, 0 ]
PROGRESS [ 2187, 1883, 460, 667, 0, 0 ]
PROGRESS [ 2187, 1923, 470, 679, 0, 0 ]
PROGRESS [ 2187, 1963, 480, 695, 0, 0 ]
PROGRESS [ 2187, 2003, 490, 710, 0, 0 ]
PROGRESS [ 2187, 2043, 500, 734, 0, 0 ]
PROGRESS [ 2187, 2123, 520, 791, 0, 0 ]
PROGRESS [ 2187, 2163, 530, 815, 0, 0 ]
PROGRESS [ 2187, 2283, 560, 837, 0, 0 ]
PROGRESS [ 2187, 2323, 570, 851, 0, 0 ]
PROGRESS [ 2187, 2363, 580, 865, 0, 0 ]
PROGRESS [ 2187, 2403, 590, 879, 0, 0 ]
PROGRESS [ 2187, 2443, 600, 893, 0, 0 ]
PROGRESS [ 2187, 2483, 610, 905, 0, 0 ]
PROGRESS [ 2187, 2523, 620, 919, 0, 0 ]
PROGRESS [ 2187, 2563, 630, 955, 0, 0 ]
PROGRESS [ 2187, 2603, 640, 975, 0, 0 ]
PROGRESS [ 2187, 2643, 650, 983, 0, 0 ]
PROGRESS [ 2187, 2683, 660, 989, 0, 0 ]
PROGRESS [ 2187, 2723, 670, 1001, 0, 0 ]
PROGRESS [ 2187, 2763, 680, 1015, 0, 0 ]
PROGRESS [ 2187, 2803, 690, 1029, 0, 0 ]
PROGRESS [ 2187, 2843, 700, 1043, 0, 0 ]
PROGRESS [ 2187, 2883, 710, 1057, 0, 0 ]
PROGRESS [ 2187, 2923, 720, 1071, 0, 0 ]
PROGRESS [ 2187, 2963, 730, 1085, 0, 0 ]
PROGRESS [ 2187, 3003, 740, 1099, 0, 0 ]
PROGRESS [ 2187, 3043, 750, 1113, 0, 0 ]
PROGRESS [ 2187, 3083, 760, 1127, 0, 0 ]
PROGRESS [ 2187, 3123, 770, 1137, 0, 0 ]
PROGRESS [ 2187, 3163, 780, 1147, 0, 0 ]
PROGRESS [ 2187, 3203, 790, 1157, 0, 0 ]
PROGRESS [ 2187, 3243, 800, 1167, 0, 0 ]
PROGRESS [ 2187, 3283, 810, 1177, 0, 0 ]
PROGRESS [ 2187, 3323, 820, 1187, 0, 0 ]
PROGRESS [ 2187, 3363, 830, 1197, 0, 0 ]
PROGRESS [ 2187, 3403, 840, 1207, 0, 0 ]
PROGRESS [ 2187, 3443, 850, 1217, 0, 0 ]
PROGRESS [ 2187, 3483, 860, 1227, 0, 0 ]
PROGRESS [ 2187, 3523, 870, 1237, 0, 0 ]
PROGRESS [ 2187, 3563, 880, 1247, 0, 0 ]
PROGRESS [ 2187, 3603, 890, 1263, 0, 0 ]
PROGRESS [ 2187, 3643, 900, 1282, 0, 0 ]
PROGRESS [ 2187, 3683, 910, 1301, 0, 0 ]
PROGRESS [ 2187, 3923, 970, 1324, 0, 0 ]
PROGRESS [ 2187, 3963, 980, 1331, 0, 0 ]
PROGRESS [ 2187, 4003, 990, 1341, 0, 0 ]
PROGRESS [ 2187, 4091, 1010, 1357, 0, 0 ]
PROGRESS [ 2187, 4147, 1020, 1385, 0, 0 ]
PROGRESS [ 2187, 4195, 1030, 1405, 0, 0 ]
PROGRESS [ 2187, 4243, 1040, 1437, 0, 0 ]
PROGRESS [ 2187, 4283, 1050, 1477, 0, 0 ]
PROGRESS [ 2187, 4323, 1060, 1511, 0, 0 ]
PROGRESS [ 2187, 4363, 1070, 1533, 0, 0 ]
PROGRESS [ 2187, 4411, 1080, 1547, 0, 0 ]
PROGRESS [ 2187, 4455, 1090, 1571, 0, 0 ]
PROGRESS [ 2187, 4495, 1100, 1629, 0, 0 ]
PROGRESS [ 2187, 4535, 1110, 1646, 0, 0 ]
PROGRESS [ 2187, 4575, 1120, 1660, 0, 0 ]
PROGRESS [ 2187, 4655, 1140, 1677, 0, 0 ]
PROGRESS [ 2187, 4695, 1150, 1700, 0, 0 ]
PROGRESS [ 2187, 4735, 1160, 1716, 0, 0 ]
PROGRESS [ 2187, 4815, 1180, 1738, 0, 0 ]
PROGRESS [ 2187, 4855, 1190, 1748, 0, 0 ]
PROGRESS [ 2187, 4895, 1200, 1750, 0, 0 ]
PROGRESS [ 2187, 4935, 1210, 1755, 0, 0 ]
PROGRESS [ 2187, 4975, 1220, 1766, 0, 0 ]
PROGRESS [ 2187, 5015, 1230, 1768, 0, 0 ]
PROGRESS [ 2187, 5055, 1240, 1778, 0, 0 ]
PROGRESS [ 2187, 5095, 1250, 1789, 0, 0 ]
PROGRESS [ 2187, 5135, 1260, 1796, 0, 0 ]
PROGRESS [ 2187, 5295, 1300, 1821, 0, 0 ]
PROGRESS [ 2187, 5343, 1310, 1845, 0, 0 ]
PROGRESS [ 2187, 5439, 1330, 1879, 0, 0 ]
PROGRESS [ 2187, 5479, 1340, 1899, 0, 0 ]
PROGRESS [ 2187, 5559, 1360, 1927, 0, 0 ]
PROGRESS [ 2187, 5599, 1370, 1938, 0, 0 ]
PROGRESS [ 2187, 5679, 1390, 1952, 0, 0 ]
PROGRESS [ 2187, 5759, 1410, 1964, 0, 0 ]
PROGRESS [ 2187, 5799, 1420, 1976, 0, 0 ]
PROGRESS [ 2187, 5839, 1430, 1980, 0, 0 ]
PROGRESS [ 2187, 7243, 1440, 2120, 0, 0 ]
PROGRESS [ 2187, 7283, 1450, 2160, 0, 0 ]
PROGRESS [ 2187, 7323, 1460, 2186, 0, 0 ]
PROGRESS [ 2187, 7403, 1480, 2217, 0, 0 ]
PROGRESS [ 2187, 7483, 1500, 2253, 0, 0 ]
PROGRESS [ 2187, 7563, 1520, 2279, 0, 0 ]
PROGRESS [ 2187, 7643, 1540, 2298, 0, 0 ]
PROGRESS [ 2187, 7843, 1590, 2320, 0, 0 ]
PROGRESS [ 2187, 7883, 1600, 2347, 0, 0 ]
PROGRESS [ 2187, 7975, 1620, 2401, 0, 0 ]
PROGRESS [ 2187, 8039, 1630, 2494, 0, 0 ]
PROGRESS [ 2187, 8131, 1640, 2556, 0, 0 ]
PROGRESS [ 2187, 8171, 1650, 2610, 0, 0 ]
PROGRESS [ 2187, 8211, 1660, 2667, 0, 0 ]
PROGRESS [ 2187, 8251, 1670, 2701, 0, 0 ]
PROGRESS [ 2187, 8291, 1680, 2726, 0, 0 ]
PROGRESS [ 2187, 8331, 1690, 2752, 0, 0 ]
PROGRESS [ 2187, 8371, 1700, 2776, 0, 0 ]
PROGRESS [ 2187, 8411, 1710, 2795, 0, 0 ]
PROGRESS [ 2187, 8451, 1720, 2819, 0, 0 ]
PROGRESS [ 2187, 8491, 1730, 2861, 0, 0 ]
PROGRESS [ 2187, 8531, 1740, 2881, 0, 0 ]
PROGRESS [ 2187, 8571, 1750, 2895, 0, 0 ]
PROGRESS [ 2187, 8691, 1780, 2920, 0, 0 ]
PROGRESS [ 2187, 8731, 1790, 2981, 0, 0 ]
PROGRESS [ 2187, 8771, 1800, 3023, 0, 0 ]
PROGRESS [ 2187, 8811, 1810, 3040, 0, 0 ]
PROGRESS [ 2187, 8851, 1820, 3062, 0, 0 ]
PROGRESS [ 2187, 8891, 1830, 3073, 0, 0 ]
PROGRESS [ 2187, 8971, 1850, 3099, 0, 0 ]
PROGRESS [ 2187, 9011, 1860, 3113, 0, 0 ]
PROGRESS [ 2187, 9055, 1870, 3154, 0, 0 ]
PROGRESS [ 2187, 9279, 1880, 3233, 0, 0 ]
ORDER_DONE [ 2187, 9310, 1885, 3310, 0, 0 ]
PASS_21100_SHARD [ 1885, 3310, 0, 0 ]
