COVER_START [ 64, 4 ] runtime_ms=1580
COVER_ROW [ 64, 4, 256, [ 2, 2 ], 2, 4 ]
COVER_START [ 64, 5 ] runtime_ms=1600
COVER_ROW [ 64, 5, 256, [ 2, 2 ], 2, 4 ]
COVER_START [ 64, 23 ] runtime_ms=1618
COVER_ROW [ 64, 23, 512, [ 2, 2, 2 ], 2, 4 ]
COVER_START [ 64, 24 ] runtime_ms=1638
COVER_ROW [ 64, 24, 256, [ 2, 2 ], 2, 3 ]
COVER_START [ 64, 25 ] runtime_ms=1654
COVER_ROW [ 64, 25, 256, [ 2, 2 ], 2, 3 ]
COVER_START [ 64, 30 ] runtime_ms=1671
COVER_ROW [ 64, 30, 128, [ 2 ], 2, 3 ]
COVER_START [ 64, 90 ] runtime_ms=1685
COVER_ROW [ 64, 90, 1024, [ 2, 2, 2, 2 ], 2, 4 ]
COVER_START [ 64, 91 ] runtime_ms=1713
COVER_ROW [ 64, 91, 1024, [ 2, 2, 4 ], 2, 4 ]
COVER_START [ 64, 92 ] runtime_ms=1734
COVER_ROW [ 64, 92, 512, [ 2, 2, 2 ], 2, 3 ]
COVER_START [ 64, 93 ] runtime_ms=1753
COVER_ROW [ 64, 93, 512, [ 2, 2, 2 ], 2, 3 ]
COVER_START [ 64, 94 ] runtime_ms=1772
COVER_ROW [ 64, 94, 512, [ 2, 2, 2 ], 2, 3 ]
COVER_START [ 64, 98 ] runtime_ms=1791
COVER_ROW [ 64, 98, 512, [ 2, 2, 2 ], 2, 3 ]
COVER_START [ 64, 99 ] runtime_ms=1811
COVER_ROW [ 64, 99, 1024, [ 2, 2, 4 ], 2, 4 ]
COVER_START [ 64, 100 ] runtime_ms=1836
COVER_ROW [ 64, 100, 512, [ 2, 2, 2 ], 2, 3 ]
COVER_START [ 64, 102 ] runtime_ms=1856
COVER_ROW [ 64, 102, 512, [ 2, 2, 2 ], 2, 3 ]
COVER_START [ 64, 109 ] runtime_ms=1875
COVER_ROW [ 64, 109, 256, [ 2, 2 ], 2, 3 ]
COVER_START [ 64, 111 ] runtime_ms=1892
COVER_ROW [ 64, 111, 256, [ 2, 2 ], 2, 3 ]
COVER_START [ 64, 121 ] runtime_ms=1908
COVER_ROW [ 64, 121, 256, [ 2, 2 ], 2, 3 ]
COVER_START [ 64, 122 ] runtime_ms=1925
COVER_ROW [ 64, 122, 256, [ 2, 2 ], 2, 3 ]
COVER_START [ 64, 123 ] runtime_ms=1946
COVER_ROW [ 64, 123, 512, [ 2, 2, 2 ], 2, 4 ]
COVER_START [ 64, 125 ] runtime_ms=1966
COVER_ROW [ 64, 125, 256, [ 2, 2 ], 2, 3 ]
COVER_START [ 64, 254 ] runtime_ms=1983
COVER_ROW [ 64, 254, 2048, [ 2, 2, 2, 2, 2 ], 2, 3 ]
COVER_START [ 64, 255 ] runtime_ms=2008
COVER_ROW [ 64, 255, 2048, [ 2, 2, 2, 2, 2 ], 2, 3 ]
COVER_START [ 64, 256 ] runtime_ms=2033
COVER_ROW [ 64, 256, 2048, [ 2, 2, 2, 2, 2 ], 2, 3 ]
COVER_START [ 64, 257 ] runtime_ms=2063
COVER_ROW [ 64, 257, 2048, [ 2, 2, 2, 2, 2 ], 2, 3 ]
COVER_START [ 64, 258 ] runtime_ms=2088
COVER_ROW [ 64, 258, 2048, [ 2, 2, 2, 2, 2 ], 2, 3 ]
COVER_START [ 64, 259 ] runtime_ms=2114
COVER_ROW [ 64, 259, 2048, [ 2, 2, 2, 2, 2 ], 2, 3 ]
COVER_START [ 128, 12 ] runtime_ms=2139
COVER_ROW [ 128, 12, 1024, [ 2, 2, 2 ], 2, 4 ]
COVER_START [ 128, 13 ] runtime_ms=2168
COVER_ROW [ 128, 13, 1024, [ 2, 4 ], 2, 4 ]
COVER_START [ 128, 14 ] runtime_ms=2191
COVER_ROW [ 128, 14, 1024, [ 2, 2, 2 ], 2, 4 ]
COVER_START [ 128, 15 ] runtime_ms=2216
COVER_ROW [ 128, 15, 512, [ 2, 2 ], 2, 3 ]
COVER_START [ 128, 46 ] runtime_ms=2238
COVER_ROW [ 128, 46, 512, [ 2, 2 ], 2, 4 ]
COVER_START [ 128, 54 ] runtime_ms=2263
COVER_ROW [ 128, 54, 512, [ 2, 2 ], 2, 4 ]
COVER_START [ 128, 109 ] runtime_ms=2285
COVER_ROW [ 128, 109, 512, [ 2, 2 ], 2, 3 ]
COVER_START [ 128, 110 ] runtime_ms=2306
COVER_ROW [ 128, 110, 512, [ 2, 2 ], 2, 3 ]
COVER_START [ 128, 132 ] runtime_ms=2327
COVER_ROW [ 128, 132, 256, [ 2 ], 2, 3 ]
COVER_START [ 128, 188 ] runtime_ms=2345
COVER_ROW [ 128, 188, 2048, [ 2, 2, 2, 2 ], 2, 4 ]
COVER_START [ 128, 189 ] runtime_ms=2377
COVER_ROW [ 128, 189, 2048, [ 2, 2, 2, 2 ], 2, 4 ]
COVER_START [ 128, 190 ] runtime_ms=2405
COVER_ROW [ 128, 190, 2048, [ 2, 2, 4 ], 2, 4 ]
COVER_START [ 128, 191 ] runtime_ms=2430
COVER_ROW [ 128, 191, 2048, [ 2, 2, 2, 2 ], 2, 4 ]
COVER_START [ 128, 192 ] runtime_ms=2458
COVER_ROW [ 128, 192, 2048, [ 2, 2, 4 ], 2, 4 ]
COVER_START [ 128, 193 ] runtime_ms=2488
COVER_ROW [ 128, 193, 2048, [ 2, 2, 4 ], 2, 4 ]
COVER_START [ 128, 209 ] runtime_ms=2513
COVER_ROW [ 128, 209, 1024, [ 2, 2, 2 ], 2, 3 ]
COVER_START [ 128, 210 ] runtime_ms=2537
COVER_ROW [ 128, 210, 2048, [ 2, 2, 4 ], 2, 4 ]
COVER_START [ 128, 211 ] runtime_ms=2563
COVER_ROW [ 128, 211, 1024, [ 2, 2, 2 ], 2, 3 ]
COVER_START [ 128, 297 ] runtime_ms=2591
COVER_ROW [ 128, 297, 512, [ 2, 2 ], 2, 3 ]
COVER_START [ 128, 310 ] runtime_ms=2612
COVER_ROW [ 128, 310, 512, [ 2, 2 ], 2, 3 ]
COVER_START [ 128, 311 ] runtime_ms=2633
COVER_ROW [ 128, 311, 512, [ 2, 2 ], 2, 3 ]
COVER_START [ 128, 312 ] runtime_ms=2654
COVER_ROW [ 128, 312, 1024, [ 2, 2, 2 ], 2, 4 ]
COVER_START [ 128, 465 ] runtime_ms=2683
COVER_ROW [ 128, 465, 2048, [ 2, 2, 2, 2 ], 2, 3 ]
COVER_START [ 128, 468 ] runtime_ms=2710
COVER_ROW [ 128, 468, 4096, [ 2, 2, 2, 4 ], 2, 4 ]
COVER_START [ 128, 470 ] runtime_ms=2740
COVER_ROW [ 128, 470, 2048, [ 2, 2, 2, 2 ], 2, 3 ]
COVER_START [ 128, 471 ] runtime_ms=2768
COVER_ROW [ 128, 471, 4096, [ 2, 2, 2, 2, 2 ], 2, 4 ]
COVER_START [ 128, 472 ] runtime_ms=2803
COVER_ROW [ 128, 472, 4096, [ 2, 2, 2, 4 ], 2, 4 ]
COVER_START [ 128, 473 ] runtime_ms=2832
COVER_ROW [ 128, 473, 2048, [ 2, 2, 2, 2 ], 2, 3 ]
COVER_START [ 128, 474 ] runtime_ms=2859
COVER_ROW [ 128, 474, 2048, [ 2, 2, 2, 2 ], 2, 3 ]
COVER_START [ 128, 475 ] runtime_ms=2890
COVER_ROW [ 128, 475, 2048, [ 2, 2, 2, 2 ], 2, 3 ]
COVER_START [ 128, 486 ] runtime_ms=2918
COVER_ROW [ 128, 486, 4096, [ 2, 2, 2, 4 ], 2, 4 ]
COVER_START [ 128, 487 ] runtime_ms=2946
COVER_ROW [ 128, 487, 2048, [ 2, 2, 4 ], 2, 3 ]
COVER_START [ 128, 488 ] runtime_ms=2971
COVER_ROW [ 128, 488, 2048, [ 2, 2, 4 ], 2, 3 ]
COVER_START [ 128, 489 ] runtime_ms=2999
COVER_ROW [ 128, 489, 2048, [ 2, 2, 4 ], 2, 3 ]
COVER_START [ 128, 491 ] runtime_ms=3024
COVER_ROW [ 128, 491, 2048, [ 2, 2, 4 ], 2, 3 ]
COVER_START [ 128, 494 ] runtime_ms=3048
COVER_ROW [ 128, 494, 4096, [ 2, 2, 2, 4 ], 2, 4 ]
COVER_START [ 128, 495 ] runtime_ms=3081
COVER_ROW [ 128, 495, 2048, [ 2, 2, 4 ], 2, 3 ]
COVER_START [ 128, 497 ] runtime_ms=3106
COVER_ROW [ 128, 497, 2048, [ 2, 2, 4 ], 2, 3 ]
COVER_START [ 128, 505 ] runtime_ms=3131
COVER_ROW [ 128, 505, 1024, [ 2, 4 ], 2, 3 ]
COVER_START [ 128, 508 ] runtime_ms=3153
COVER_ROW [ 128, 508, 2048, [ 2, 2, 4 ], 2, 4 ]
COVER_START [ 128, 510 ] runtime_ms=3182
COVER_ROW [ 128, 510, 1024, [ 2, 4 ], 2, 3 ]
COVER_START [ 128, 846 ] runtime_ms=3205
COVER_ROW [ 128, 846, 1024, [ 2, 2, 2 ], 2, 3 ]
COVER_START [ 128, 847 ] runtime_ms=3228
COVER_ROW [ 128, 847, 1024, [ 2, 2, 2 ], 2, 3 ]
COVER_START [ 128, 849 ] runtime_ms=3253
COVER_ROW [ 128, 849, 1024, [ 2, 2, 2 ], 2, 3 ]
COVER_START [ 128, 853 ] runtime_ms=3281
COVER_ROW [ 128, 853, 1024, [ 2, 2, 2 ], 2, 4 ]
COVER_START [ 128, 854 ] runtime_ms=3307
COVER_ROW [ 128, 854, 2048, [ 2, 2, 4 ], 3, 5 ]
COVER_START [ 128, 855 ] runtime_ms=3335
COVER_ROW [ 128, 855, 1024, [ 2, 2, 2 ], 2, 4 ]
COVER_START [ 128, 859 ] runtime_ms=3360
COVER_ROW [ 128, 859, 2048, [ 2, 2, 2, 2 ], 2, 5 ]
COVER_START [ 128, 860 ] runtime_ms=3394
COVER_ROW [ 128, 860, 4096, [ 2, 4, 4 ], 3, 5 ]
COVER_START [ 128, 861 ] runtime_ms=3424
COVER_ROW [ 128, 861, 2048, [ 2, 2, 4 ], 2, 5 ]
COVER_START [ 128, 865 ] runtime_ms=3452
COVER_ROW [ 128, 865, 1024, [ 2, 2, 2 ], 2, 4 ]
COVER_START [ 128, 866 ] runtime_ms=3482
COVER_ROW [ 128, 866, 1024, [ 2, 2, 2 ], 2, 4 ]
COVER_START [ 128, 867 ] runtime_ms=3508
COVER_ROW [ 128, 867, 1024, [ 2, 2, 2 ], 2, 4 ]
COVER_START [ 128, 885 ] runtime_ms=3534
COVER_ROW [ 128, 885, 512, [ 2, 2 ], 2, 3 ]
COVER_START [ 128, 903 ] runtime_ms=3555
COVER_ROW [ 128, 903, 512, [ 2, 2 ], 2, 3 ]
COVER_START [ 128, 912 ] runtime_ms=3579
COVER_ROW [ 128, 912, 512, [ 2, 2 ], 2, 4 ]
COVER_START [ 128, 913 ] runtime_ms=3602
COVER_ROW [ 128, 913, 512, [ 2, 2 ], 2, 4 ]
COVER_START [ 128, 1613 ] runtime_ms=3625
COVER_ROW [ 128, 1613, 16384, [ 2, 2, 2, 2, 2, 2, 2 ], 2, 4 ]
COVER_START [ 128, 1614 ] runtime_ms=3669
COVER_ROW [ 128, 1614, 16384, [ 2, 2, 2, 2, 2, 4 ], 2, 4 ]
COVER_START [ 128, 1615 ] runtime_ms=3706
COVER_ROW [ 128, 1615, 8192, [ 2, 2, 2, 2, 2, 2 ], 2, 3 ]
COVER_START [ 128, 1616 ] runtime_ms=3741
COVER_ROW [ 128, 1616, 8192, [ 2, 2, 2, 2, 2, 2 ], 2, 3 ]
COVER_START [ 128, 1617 ] runtime_ms=3779
COVER_ROW [ 128, 1617, 8192, [ 2, 2, 2, 2, 2, 2 ], 2, 3 ]
COVER_START [ 128, 1618 ] runtime_ms=3814
COVER_ROW [ 128, 1618, 8192, [ 2, 2, 2, 2, 2, 2 ], 2, 3 ]
COVER_START [ 128, 1619 ] runtime_ms=3853
COVER_ROW [ 128, 1619, 8192, [ 2, 2, 2, 2, 2, 2 ], 2, 3 ]
COVER_START [ 128, 1620 ] runtime_ms=3888
COVER_ROW [ 128, 1620, 8192, [ 2, 2, 2, 2, 2, 2 ], 2, 3 ]
COVER_START [ 128, 1621 ] runtime_ms=3926
COVER_ROW [ 128, 1621, 8192, [ 2, 2, 2, 2, 2, 2 ], 2, 3 ]
COVER_START [ 128, 1625 ] runtime_ms=3962
COVER_ROW [ 128, 1625, 16384, [ 2, 2, 2, 2, 2, 4 ], 2, 4 ]
COVER_START [ 128, 1626 ] runtime_ms=3999
COVER_ROW [ 128, 1626, 8192, [ 2, 2, 2, 2, 2, 2 ], 2, 3 ]
COVER_START [ 128, 1627 ] runtime_ms=4038
COVER_ROW [ 128, 1627, 8192, [ 2, 2, 2, 2, 2, 2 ], 2, 3 ]
COVER_START [ 128, 1628 ] runtime_ms=4073
COVER_ROW [ 128, 1628, 8192, [ 2, 2, 2, 2, 2, 2 ], 2, 3 ]
COVER_START [ 128, 1629 ] runtime_ms=4112
COVER_ROW [ 128, 1629, 8192, [ 2, 2, 2, 2, 2, 2 ], 2, 3 ]
COVER_START [ 128, 1630 ] runtime_ms=4147
COVER_ROW [ 128, 1630, 8192, [ 2, 2, 2, 2, 2, 2 ], 2, 3 ]
COVER_START [ 128, 1632 ] runtime_ms=4186
COVER_ROW [ 128, 1632, 8192, [ 2, 2, 2, 2, 2, 2 ], 2, 3 ]
COVER_START [ 128, 1633 ] runtime_ms=4221
COVER_ROW [ 128, 1633, 8192, [ 2, 2, 2, 2, 2, 2 ], 2, 3 ]
COVER_START [ 128, 1642 ] runtime_ms=4256
COVER_ROW [ 128, 1642, 4096, [ 2, 2, 2, 2, 2 ], 2, 3 ]
COVER_START [ 128, 1643 ] runtime_ms=4290
COVER_ROW [ 128, 1643, 4096, [ 2, 2, 2, 2, 2 ], 2, 3 ]
COVER_START [ 128, 1644 ] runtime_ms=4321
COVER_ROW [ 128, 1644, 4096, [ 2, 2, 2, 2, 2 ], 2, 3 ]
COVER_START [ 128, 1645 ] runtime_ms=4355
COVER_ROW [ 128, 1645, 4096, [ 2, 2, 2, 2, 2 ], 2, 3 ]
COVER_START [ 128, 1647 ] runtime_ms=4386
COVER_ROW [ 128, 1647, 4096, [ 2, 2, 2, 2, 2 ], 2, 3 ]
COVER_START [ 128, 1648 ] runtime_ms=4417
COVER_ROW [ 128, 1648, 4096, [ 2, 2, 2, 2, 2 ], 2, 3 ]
COVER_START [ 128, 1672 ] runtime_ms=4451
COVER_ROW [ 128, 1672, 4096, [ 2, 2, 2, 2, 2 ], 2, 3 ]
COVER_START [ 128, 1673 ] runtime_ms=4481
COVER_ROW [ 128, 1673, 4096, [ 2, 2, 2, 2, 2 ], 2, 3 ]
COVER_START [ 128, 1674 ] runtime_ms=4512
COVER_ROW [ 128, 1674, 8192, [ 2, 2, 2, 2, 2, 2 ], 2, 4 ]
COVER_START [ 128, 1675 ] runtime_ms=4552
COVER_ROW [ 128, 1675, 4096, [ 2, 2, 2, 2, 2 ], 2, 3 ]
COVER_START [ 128, 1676 ] runtime_ms=4583
COVER_ROW [ 128, 1676, 4096, [ 2, 2, 2, 2, 2 ], 2, 3 ]
COVER_START [ 128, 1677 ] runtime_ms=4616
COVER_ROW [ 128, 1677, 4096, [ 2, 2, 2, 2, 2 ], 2, 3 ]
COVER_START [ 128, 1678 ] runtime_ms=4647
COVER_ROW [ 128, 1678, 4096, [ 2, 2, 2, 2, 2 ], 2, 3 ]
COVER_START [ 128, 1679 ] runtime_ms=4678
COVER_ROW [ 128, 1679, 4096, [ 2, 2, 2, 2, 2 ], 2, 3 ]
COVER_START [ 128, 1680 ] runtime_ms=4712
COVER_ROW [ 128, 1680, 4096, [ 2, 2, 2, 2, 2 ], 2, 3 ]
COVER_START [ 128, 1681 ] runtime_ms=4743
COVER_ROW [ 128, 1681, 4096, [ 2, 2, 2, 2, 2 ], 2, 3 ]
COVER_START [ 128, 1682 ] runtime_ms=4777
COVER_ROW [ 128, 1682, 4096, [ 2, 2, 2, 2, 2 ], 2, 3 ]
COVER_START [ 128, 1683 ] runtime_ms=4809
COVER_ROW [ 128, 1683, 4096, [ 2, 2, 2, 2, 2 ], 2, 3 ]
COVER_START [ 128, 1684 ] runtime_ms=4840
COVER_ROW [ 128, 1684, 4096, [ 2, 2, 2, 2, 2 ], 2, 3 ]
COVER_START [ 128, 1686 ] runtime_ms=4874
COVER_ROW [ 128, 1686, 4096, [ 2, 2, 2, 2, 2 ], 2, 3 ]
COVER_START [ 128, 1687 ] runtime_ms=4905
COVER_ROW [ 128, 1687, 4096, [ 2, 2, 2, 2, 2 ], 2, 3 ]
COVER_START [ 128, 1688 ] runtime_ms=4939
COVER_ROW [ 128, 1688, 4096, [ 2, 2, 2, 2, 2 ], 2, 3 ]
COVER_START [ 128, 1689 ] runtime_ms=4970
COVER_ROW [ 128, 1689, 4096, [ 2, 2, 2, 2, 2 ], 2, 3 ]
COVER_START [ 128, 2020 ] runtime_ms=5004
COVER_ROW [ 128, 2020, 4096, [ 2, 2, 2, 2, 2 ], 2, 3 ]
COVER_START [ 128, 2021 ] runtime_ms=5036
COVER_ROW [ 128, 2021, 4096, [ 2, 2, 2, 2, 2 ], 2, 3 ]
COVER_START [ 128, 2310 ] runtime_ms=5069
COVER_ROW [ 128, 2310, 65536, [ 2, 2, 2, 2, 2, 2, 2, 2, 2 ], 2, 3 ]
COVER_START [ 128, 2311 ] runtime_ms=5121
COVER_ROW [ 128, 2311, 65536, [ 2, 2, 2, 2, 2, 2, 2, 2, 2 ], 2, 3 ]
COVER_START [ 128, 2312 ] runtime_ms=5174
COVER_ROW [ 128, 2312, 65536, [ 2, 2, 2, 2, 2, 2, 2, 2, 2 ], 2, 3 ]
COVER_START [ 128, 2313 ] runtime_ms=5227
COVER_ROW [ 128, 2313, 65536, [ 2, 2, 2, 2, 2, 2, 2, 2, 2 ], 2, 3 ]
COVER_START [ 128, 2314 ] runtime_ms=5277
COVER_ROW [ 128, 2314, 65536, [ 2, 2, 2, 2, 2, 2, 2, 2, 2 ], 2, 3 ]
COVER_START [ 128, 2315 ] runtime_ms=5330
COVER_ROW [ 128, 2315, 65536, [ 2, 2, 2, 2, 2, 2, 2, 2, 2 ], 2, 3 ]
COVER_START [ 128, 2316 ] runtime_ms=5383
COVER_ROW [ 128, 2316, 65536, [ 2, 2, 2, 2, 2, 2, 2, 2, 2 ], 2, 3 ]
COVER_START [ 128, 2317 ] runtime_ms=5435
COVER_ROW [ 128, 2317, 65536, [ 2, 2, 2, 2, 2, 2, 2, 2, 2 ], 2, 3 ]
COVER_START [ 128, 2318 ] runtime_ms=5486
COVER_ROW [ 128, 2318, 65536, [ 2, 2, 2, 2, 2, 2, 2, 2, 2 ], 2, 3 ]
COVER_START [ 243, 22 ] runtime_ms=5539
COVER_ROW [ 243, 22, 243, [  ], 2, 3 ]
COVER_START [ 243, 56 ] runtime_ms=5549
COVER_ROW [ 243, 56, 6561, [ 3, 3, 3 ], 2, 3 ]
COVER_START [ 243, 57 ] runtime_ms=5564
COVER_ROW [ 243, 57, 6561, [ 3, 3, 3 ], 2, 3 ]
COVER_START [ 243, 58 ] runtime_ms=5582
COVER_ROW [ 243, 58, 19683, [ 3, 3, 3, 3 ], 2, 4 ]
COVER_START [ 243, 59 ] runtime_ms=5601
COVER_ROW [ 243, 59, 6561, [ 3, 3, 3 ], 2, 3 ]
COVER_START [ 243, 60 ] runtime_ms=5617
COVER_ROW [ 243, 60, 6561, [ 3, 3, 3 ], 2, 3 ]
COVER_START [ 729, 22 ] runtime_ms=5632
COVER_ROW [ 729, 22, 2187, [ 3 ], 2, 4 ]
COVER_START [ 729, 30 ] runtime_ms=5650
COVER_ROW [ 729, 30, 19683, [ 3, 9 ], 2, 4 ]
COVER_START [ 729, 31 ] runtime_ms=5669
COVER_ROW [ 729, 31, 6561, [ 3, 3 ], 2, 3 ]
COVER_START [ 729, 32 ] runtime_ms=5686
COVER_ROW [ 729, 32, 6561, [ 3, 3 ], 2, 3 ]
COVER_START [ 729, 33 ] runtime_ms=5703
COVER_ROW [ 729, 33, 6561, [ 3, 3 ], 2, 3 ]
COVER_START [ 729, 92 ] runtime_ms=5723
COVER_ROW [ 729, 92, 729, [  ], 2, 3 ]
COVER_START [ 729, 249 ] runtime_ms=5735
COVER_ROW [ 729, 249, 59049, [ 3, 3, 3, 3 ], 2, 4 ]
COVER_START [ 729, 250 ] runtime_ms=5758
COVER_ROW [ 729, 250, 59049, [ 3, 3, 3, 3 ], 2, 4 ]
COVER_START [ 729, 251 ] runtime_ms=5782
COVER_ROW [ 729, 251, 59049, [ 3, 3, 3, 3 ], 2, 4 ]
COVER_START [ 729, 252 ] runtime_ms=5807
COVER_ROW [ 729, 252, 59049, [ 3, 3, 9 ], 2, 4 ]
COVER_START [ 729, 254 ] runtime_ms=5828
COVER_ROW [ 729, 254, 19683, [ 3, 3, 3 ], 2, 3 ]
COVER_START [ 729, 258 ] runtime_ms=5847
COVER_ROW [ 729, 258, 59049, [ 3, 3, 3, 3 ], 2, 4 ]
COVER_START [ 729, 259 ] runtime_ms=5873
COVER_ROW [ 729, 259, 19683, [ 3, 3, 3 ], 2, 3 ]
COVER_START [ 729, 260 ] runtime_ms=5893
COVER_ROW [ 729, 260, 19683, [ 3, 3, 3 ], 2, 3 ]
COVER_START [ 729, 262 ] runtime_ms=5912
COVER_ROW [ 729, 262, 19683, [ 3, 3, 3 ], 2, 3 ]
COVER_START [ 729, 264 ] runtime_ms=5932
COVER_ROW [ 729, 264, 19683, [ 3, 3, 3 ], 2, 3 ]
COVER_START [ 729, 268 ] runtime_ms=5954
COVER_ROW [ 729, 268, 6561, [ 3, 3 ], 2, 3 ]
COVER_START [ 729, 269 ] runtime_ms=5971
COVER_ROW [ 729, 269, 6561, [ 3, 3 ], 2, 3 ]
COVER_START [ 729, 280 ] runtime_ms=5988
COVER_ROW [ 729, 280, 19683, [ 3, 3, 3 ], 2, 3 ]
COVER_START [ 729, 281 ] runtime_ms=6009
COVER_ROW [ 729, 281, 19683, [ 3, 3, 3 ], 2, 3 ]
COVER_START [ 729, 282 ] runtime_ms=6029
COVER_ROW [ 729, 282, 59049, [ 3, 3, 3, 3 ], 2, 4 ]
COVER_START [ 729, 283 ] runtime_ms=6052
COVER_ROW [ 729, 283, 19683, [ 3, 3, 3 ], 2, 3 ]
COVER_START [ 729, 285 ] runtime_ms=6072
COVER_ROW [ 729, 285, 19683, [ 3, 3, 3 ], 2, 3 ]
COVER_START [ 729, 484 ] runtime_ms=6094
COVER_ROW [ 729, 484, 531441, [ 3, 3, 3, 3, 3, 3 ], 2, 3 ]
COVER_START [ 729, 485 ] runtime_ms=6123
COVER_ROW [ 729, 485, 531441, [ 3, 3, 3, 3, 3, 3 ], 2, 3 ]
COVER_START [ 729, 486 ] runtime_ms=6155
COVER_ROW [ 729, 486, 1594323, [ 3, 3, 3, 3, 3, 3, 3 ], 2, 4 ]
COVER_START [ 729, 487 ] runtime_ms=6190
COVER_ROW [ 729, 487, 531441, [ 3, 3, 3, 3, 3, 3 ], 2, 3 ]
COVER_START [ 729, 488 ] runtime_ms=6222
COVER_ROW [ 729, 488, 531441, [ 3, 3, 3, 3, 3, 3 ], 2, 3 ]
COVER_START [ 729, 489 ] runtime_ms=6252
COVER_ROW [ 729, 489, 531441, [ 3, 3, 3, 3, 3, 3 ], 2, 3 ]
COVER_START [ 729, 490 ] runtime_ms=6284
COVER_ROW [ 729, 490, 531441, [ 3, 3, 3, 3, 3, 3 ], 2, 3 ]
COVER_START [ 729, 491 ] runtime_ms=6313
COVER_ROW [ 729, 491, 531441, [ 3, 3, 3, 3, 3, 3 ], 2, 3 ]
COVER_START [ 729, 492 ] runtime_ms=6345
COVER_ROW [ 729, 492, 531441, [ 3, 3, 3, 3, 3, 3 ], 2, 3 ]
COVER_START [ 729, 493 ] runtime_ms=6374
COVER_ROW [ 729, 493, 531441, [ 3, 3, 3, 3, 3, 3 ], 2, 3 ]
COVER_START [ 729, 494 ] runtime_ms=6406
COVER_ROW [ 729, 494, 531441, [ 3, 3, 3, 3, 3, 3 ], 2, 3 ]
COVER_START [ 729, 495 ] runtime_ms=6436
COVER_ROW [ 729, 495, 531441, [ 3, 3, 3, 3, 3, 3 ], 2, 3 ]
COVER_START [ 729, 496 ] runtime_ms=6468
COVER_ROW [ 729, 496, 531441, [ 3, 3, 3, 3, 3, 3 ], 2, 3 ]
PASS_21114_COVERS checked=177 increased_derived_length=2
