PROGRESS [ 256, 1805, 430, 22, 0, 0 ]
PROGRESS [ 256, 10497, 1670, 36, 0, 0 ]
PROGRESS [ 256, 10537, 1680, 38, 0, 0 ]
PROGRESS [ 256, 10777, 1740, 50, 0, 0 ]
PROGRESS [ 256, 22645, 4420, 88, 0, 0 ]
PROGRESS [ 256, 25885, 5230, 116, 0, 0 ]
PROGRESS [ 256, 25965, 5250, 126, 0, 0 ]
PROGRESS [ 256, 26341, 5340, 150, 0, 0 ]
PROGRESS [ 256, 26381, 5350, 160, 0, 0 ]
PROGRESS [ 256, 53097, 5490, 204, 0, 0 ]
PROGRESS [ 256, 53453, 5530, 248, 0, 0 ]
PROGRESS [ 256, 53493, 5540, 258, 0, 0 ]
PROGRESS [ 256, 53613, 5570, 264, 0, 0 ]
PROGRESS [ 256, 53653, 5580, 274, 0, 0 ]
PROGRESS [ 256, 54413, 5770, 284, 0, 0 ]
PROGRESS [ 256, 54453, 5780, 288, 0, 0 ]
PROGRESS [ 256, 55093, 5940, 310, 0, 0 ]
PROGRESS [ 256, 55617, 6070, 344, 0, 0 ]
ORDER_DONE [ 256, 56092, 6077, 396, 0, 0 ]
PASS_21100_SHARD [ 6077, 396, 0, 0 ]
