PROGRESS [ 2187, 41, 10, 21, 0, 0 ]
PROGRESS [ 2187, 85, 20, 29, 0, 0 ]
PROGRESS [ 2187, 125, 30, 44, 0, 0 ]
PROGRESS [ 2187, 205, 50, 74, 0, 0 ]
PROGRESS [ 2187, 245, 60, 89, 0, 0 ]
PROGRESS [ 2187, 285, 70, 97, 0, 0 ]
PROGRESS [ 2187, 329, 80, 117, 0, 0 ]
PROGRESS [ 2187, 369, 90, 127, 0, 0 ]
PROGRESS [ 2187, 441, 100, 151, 0, 0 ]
PROGRESS [ 2187, 521, 120, 181, 0, 0 ]
PROGRESS [ 2187, 561, 130, 201, 0, 0 ]
PROGRESS [ 2187, 601, 140, 235, 0, 0 ]
PROGRESS [ 2187, 641, 150, 247, 0, 0 ]
PROGRESS [ 2187, 681, 160, 272, 0, 0 ]
PROGRESS [ 2187, 721, 170, 292, 0, 0 ]
PROGRESS [ 2187, 761, 180, 323, 0, 0 ]
PROGRESS [ 2187, 801, 190, 339, 0, 0 ]
PROGRESS [ 2187, 841, 200, 373, 0, 0 ]
PROGRESS [ 2187, 881, 210, 388, 0, 0 ]
PROGRESS [ 2187, 921, 220, 402, 0, 0 ]
PROGRESS [ 2187, 961, 230, 438, 0, 0 ]
PROGRESS [ 2187, 1001, 240, 452, 0, 0 ]
PROGRESS [ 2187, 1041, 250, 470, 0, 0 ]
PROGRESS [ 2187, 1121, 270, 480, 0, 0 ]
PROGRESS [ 2187, 1161, 280, 497, 0, 0 ]
PROGRESS [ 2187, 1201, 290, 513, 0, 0 ]
PROGRESS [ 2187, 1241, 300, 523, 0, 0 ]
PROGRESS [ 2187, 1281, 310, 541, 0, 0 ]
PROGRESS [ 2187, 1321, 320, 569, 0, 0 ]
PROGRESS [ 2187, 1361, 330, 585, 0, 0 ]
PROGRESS [ 2187, 1401, 340, 611, 0, 0 ]
PROGRESS [ 2187, 1441, 350, 623, 0, 0 ]
PROGRESS [ 2187, 1481, 360, 639, 0, 0 ]
PROGRESS [ 2187, 1561, 380, 644, 0, 0 ]
PROGRESS [ 2187, 1601, 390, 654, 0, 0 ]
PROGRESS [ 2187, 1641, 400, 664, 0, 0 ]
PROGRESS [ 2187, 1681, 410, 674, 0, 0 ]
PROGRESS [ 2187, 1721, 420, 684, 0, 0 ]
PROGRESS [ 2187, 1761, 430, 694, 0, 0 ]
PROGRESS [ 2187, 1801, 440, 704, 0, 0 ]
PROGRESS [ 2187, 1841, 450, 718, 0, 0 ]
PROGRESS [ 2187, 1881, 460, 736, 0, 0 ]
PROGRESS [ 2187, 1921, 470, 750, 0, 0 ]
PROGRESS [ 2187, 1961, 480, 766, 0, 0 ]
PROGRESS [ 2187, 2001, 490, 773, 0, 0 ]
PROGRESS [ 2187, 2041, 500, 791, 0, 0 ]
PROGRESS [ 2187, 2081, 510, 841, 0, 0 ]
PROGRESS [ 2187, 2121, 520, 865, 0, 0 ]
PROGRESS [ 2187, 2161, 530, 893, 0, 0 ]
PROGRESS [ 2187, 2281, 560, 920, 0, 0 ]
PROGRESS [ 2187, 2321, 570, 934, 0, 0 ]
PROGRESS [ 2187, 2361, 580, 950, 0, 0 ]
PROGRESS [ 2187, 2401, 590, 964, 0, 0 ]
PROGRESS [ 2187, 2441, 600, 980, 0, 0 ]
PROGRESS [ 2187, 2481, 610, 994, 0, 0 ]
PROGRESS [ 2187, 2521, 620, 1004, 0, 0 ]
PROGRESS [ 2187, 2561, 630, 1036, 0, 0 ]
PROGRESS [ 2187, 2601, 640, 1054, 0, 0 ]
PROGRESS [ 2187, 2721, 670, 1080, 0, 0 ]
PROGRESS [ 2187, 2761, 680, 1094, 0, 0 ]
PROGRESS [ 2187, 2801, 690, 1108, 0, 0 ]
PROGRESS [ 2187, 2841, 700, 1122, 0, 0 ]
PROGRESS [ 2187, 2881, 710, 1136, 0, 0 ]
PROGRESS [ 2187, 2921, 720, 1150, 0, 0 ]
PROGRESS [ 2187, 2961, 730, 1164, 0, 0 ]
PROGRESS [ 2187, 3001, 740, 1178, 0, 0 ]
PROGRESS [ 2187, 3041, 750, 1192, 0, 0 ]
PROGRESS [ 2187, 3081, 760, 1206, 0, 0 ]
PROGRESS [ 2187, 3121, 770, 1218, 0, 0 ]
PROGRESS [ 2187, 3161, 780, 1228, 0, 0 ]
PROGRESS [ 2187, 3201, 790, 1238, 0, 0 ]
PROGRESS [ 2187, 3241, 800, 1248, 0, 0 ]
PROGRESS [ 2187, 3281, 810, 1258, 0, 0 ]
PROGRESS [ 2187, 3321, 820, 1268, 0, 0 ]
PROGRESS [ 2187, 3361, 830, 1278, 0, 0 ]
PROGRESS [ 2187, 3401, 840, 1288, 0, 0 ]
PROGRESS [ 2187, 3441, 850, 1298, 0, 0 ]
PROGRESS [ 2187, 3481, 860, 1308, 0, 0 ]
PROGRESS [ 2187, 3521, 870, 1318, 0, 0 ]
PROGRESS [ 2187, 3561, 880, 1328, 0, 0 ]
PROGRESS [ 2187, 3601, 890, 1344, 0, 0 ]
PROGRESS [ 2187, 3641, 900, 1361, 0, 0 ]
PROGRESS [ 2187, 3681, 910, 1372, 0, 0 ]
PROGRESS [ 2187, 3921, 970, 1399, 0, 0 ]
PROGRESS [ 2187, 3961, 980, 1405, 0, 0 ]
PROGRESS [ 2187, 4001, 990, 1414, 0, 0 ]
PROGRESS [ 2187, 4089, 1010, 1428, 0, 0 ]
PROGRESS [ 2187, 4153, 1020, 1474, 0, 0 ]
PROGRESS [ 2187, 4193, 1030, 1496, 0, 0 ]
PROGRESS [ 2187, 4245, 1040, 1528, 0, 0 ]
PROGRESS [ 2187, 4285, 1050, 1556, 0, 0 ]
PROGRESS [ 2187, 4329, 1060, 1588, 0, 0 ]
PROGRESS [ 2187, 4373, 1070, 1601, 0, 0 ]
PROGRESS [ 2187, 4425, 1080, 1620, 0, 0 ]
PROGRESS [ 2187, 4465, 1090, 1646, 0, 0 ]
PROGRESS [ 2187, 4505, 1100, 1664, 0, 0 ]
PROGRESS [ 2187, 4585, 1120, 1688, 0, 0 ]
PROGRESS [ 2187, 4625, 1130, 1695, 0, 0 ]
PROGRESS [ 2187, 4665, 1140, 1714, 0, 0 ]
PROGRESS [ 2187, 4745, 1160, 1753, 0, 0 ]
PROGRESS [ 2187, 4825, 1180, 1773, 0, 0 ]
PROGRESS [ 2187, 4865, 1190, 1785, 0, 0 ]
PROGRESS [ 2187, 4945, 1210, 1796, 0, 0 ]
PROGRESS [ 2187, 4985, 1220, 1807, 0, 0 ]
PROGRESS [ 2187, 5025, 1230, 1811, 0, 0 ]
PROGRESS [ 2187, 5225, 1280, 1839, 0, 0 ]
PROGRESS [ 2187, 5317, 1300, 1859, 0, 0 ]
PROGRESS [ 2187, 5357, 1310, 1885, 0, 0 ]
PROGRESS [ 2187, 5401, 1320, 1899, 0, 0 ]
PROGRESS [ 2187, 5445, 1330, 1910, 0, 0 ]
PROGRESS [ 2187, 5525, 1350, 1942, 0, 0 ]
PROGRESS [ 2187, 5565, 1360, 1953, 0, 0 ]
PROGRESS [ 2187, 5605, 1370, 1964, 0, 0 ]
PROGRESS [ 2187, 5645, 1380, 1974, 0, 0 ]
PROGRESS [ 2187, 5685, 1390, 1986, 0, 0 ]
PROGRESS [ 2187, 5849, 1430, 2016, 0, 0 ]
PROGRESS [ 2187, 7249, 1440, 2074, 0, 0 ]
PROGRESS [ 2187, 7289, 1450, 2102, 0, 0 ]
PROGRESS [ 2187, 7329, 1460, 2140, 0, 0 ]
PROGRESS [ 2187, 7409, 1480, 2170, 0, 0 ]
PROGRESS [ 2187, 7449, 1490, 2191, 0, 0 ]
PROGRESS [ 2187, 7529, 1510, 2204, 0, 0 ]
PROGRESS [ 2187, 7569, 1520, 2227, 0, 0 ]
PROGRESS [ 2187, 7609, 1530, 2236, 0, 0 ]
PROGRESS [ 2187, 7649, 1540, 2242, 0, 0 ]
PROGRESS [ 2187, 7769, 1570, 2254, 0, 0 ]
PROGRESS [ 2187, 7809, 1580, 2259, 0, 0 ]
PROGRESS [ 2187, 7889, 1600, 2285, 0, 0 ]
PROGRESS [ 2187, 7929, 1610, 2324, 0, 0 ]
PROGRESS [ 2187, 7981, 1620, 2389, 0, 0 ]
PROGRESS [ 2187, 8041, 1630, 2462, 0, 0 ]
PROGRESS [ 2187, 8133, 1640, 2516, 0, 0 ]
PROGRESS [ 2187, 8173, 1650, 2576, 0, 0 ]
PROGRESS [ 2187, 8213, 1660, 2647, 0, 0 ]
PROGRESS [ 2187, 8253, 1670, 2677, 0, 0 ]
PROGRESS [ 2187, 8293, 1680, 2707, 0, 0 ]
PROGRESS [ 2187, 8333, 1690, 2728, 0, 0 ]
PROGRESS [ 2187, 8373, 1700, 2752, 0, 0 ]
PROGRESS [ 2187, 8453, 1720, 2802, 0, 0 ]
PROGRESS [ 2187, 8493, 1730, 2844, 0, 0 ]
PROGRESS [ 2187, 8533, 1740, 2870, 0, 0 ]
PROGRESS [ 2187, 8573, 1750, 2882, 0, 0 ]
PROGRESS [ 2187, 8613, 1760, 2890, 0, 0 ]
PROGRESS [ 2187, 8693, 1780, 2913, 0, 0 ]
PROGRESS [ 2187, 8733, 1790, 3013, 0, 0 ]
PROGRESS [ 2187, 8773, 1800, 3046, 0, 0 ]
PROGRESS [ 2187, 8813, 1810, 3060, 0, 0 ]
PROGRESS [ 2187, 8853, 1820, 3074, 0, 0 ]
PROGRESS [ 2187, 8893, 1830, 3085, 0, 0 ]
PROGRESS [ 2187, 8933, 1840, 3100, 0, 0 ]
PROGRESS [ 2187, 8973, 1850, 3111, 0, 0 ]
PROGRESS [ 2187, 9013, 1860, 3123, 0, 0 ]
PROGRESS [ 2187, 9057, 1870, 3159, 0, 0 ]
PROGRESS [ 2187, 9281, 1880, 3286, 0, 0 ]
ORDER_DONE [ 2187, 9310, 1884, 3346, 0, 0 ]
PASS_21100_SHARD [ 1884, 3346, 0, 0 ]
