TABLE_START (2xA6).2_3 runtime_ms=1569
TABLE_START 2.A10 runtime_ms=1670
TABLE_START 2.A10.2 runtime_ms=1738
TABLE_START Isoclinic(2.A10.2) runtime_ms=1770
TABLE_START 2.A11 runtime_ms=1798
TABLE_START 2.A11.2 runtime_ms=1840
TABLE_START Isoclinic(2.A11.2) runtime_ms=1921
TABLE_START 2.A12 runtime_ms=1994
TABLE_START 2.A12.2 runtime_ms=2066
TABLE_START Isoclinic(2.A12.2) runtime_ms=2240
TABLE_START 2.A13 runtime_ms=2409
TABLE_START 2.A13.2 runtime_ms=2569
TABLE_START Isoclinic(2.A13.2) runtime_ms=3011
TABLE_START 2.A14.2 runtime_ms=3426
TABLE_START Isoclinic(2.A14.2) runtime_ms=3566
TABLE_START 2.A15.2 runtime_ms=3841
TABLE_START 2.A16.2 runtime_ms=4059
TABLE_START 2.A17.2 runtime_ms=4401
TABLE_START 2.A18.2 runtime_ms=4813
TABLE_START 2.A5 runtime_ms=5664
TABLE_START 2.A5.2 runtime_ms=5698
TABLE_START Isoclinic(2.A5.2) runtime_ms=5701
TABLE_START 2.A6 runtime_ms=5704
TABLE_START 2.A6.2_1 runtime_ms=5708
TABLE_START 2.A6.2_2 runtime_ms=5712
TABLE_START Isoclinic(2.A6.2_2) runtime_ms=5717
TABLE_START 2.A7 runtime_ms=5723
TABLE_START 2.A7.2 runtime_ms=5729
TABLE_START Isoclinic(2.A7.2) runtime_ms=5737
TABLE_START 2.A8 runtime_ms=5745
TABLE_START 2.A8.2 runtime_ms=5754
TABLE_START Isoclinic(2.A8.2) runtime_ms=5766
TABLE_START 2.A9 runtime_ms=5776
TABLE_START 2.A9.2 runtime_ms=5788
TABLE_START Isoclinic(2.A9.2) runtime_ms=5868
TABLE_START 2F4(2)'M7 runtime_ms=5884
TABLE_START 3.A6 runtime_ms=5888
TABLE_START 3.A6.2^2 runtime_ms=5892
TABLE_START 3.A6.2_1 runtime_ms=5896
TABLE_START 3.A6.2_2 runtime_ms=5899
TABLE_START 3.A6.2_3 runtime_ms=5904
TABLE_START 3.A7 runtime_ms=5910
TABLE_START 3.A7.2 runtime_ms=5920
TABLE_START Isoclinic(2.A6x2) runtime_ms=5926
TABLE_START 4.A6.2_3 runtime_ms=6006
TABLE_START 6.A6 runtime_ms=6335
TABLE_START 6.A6.2_1 runtime_ms=6393
TABLE_START 6.A6.2_2 runtime_ms=6400
TABLE_START Isoclinic(6.A6.2_2) runtime_ms=6409
TABLE_START 6.A7 runtime_ms=6418
TABLE_START 6.A7.2 runtime_ms=6440
TABLE_START Isoclinic(6.A7.2) runtime_ms=6457
TABLE_START A10 runtime_ms=6468
TABLE_START A10.2 runtime_ms=6476
TABLE_START A11 runtime_ms=6493
TABLE_START A11.2 runtime_ms=6509
TABLE_START A12 runtime_ms=6555
TABLE_START A12.2 runtime_ms=6589
TABLE_START A13 runtime_ms=6689
TABLE_START A13.2 runtime_ms=6760
TABLE_START A14 runtime_ms=7032
TABLE_START A5 runtime_ms=7265
TABLE_START A6M2 runtime_ms=7293
TABLE_START A5.2 runtime_ms=7294
TABLE_START A6.2_1M3 runtime_ms=7296
TABLE_START A6 runtime_ms=7297
TABLE_START A6.2^2 runtime_ms=7299
TABLE_START U4(3).2_3M10 runtime_ms=7301
TABLE_START A6.2_1 runtime_ms=7304
TABLE_START A6.2_2 runtime_ms=7306
TABLE_START A6.2_3 runtime_ms=7309
TABLE_START A7 runtime_ms=7310
TABLE_START A7.2 runtime_ms=7313
TABLE_START A8 runtime_ms=7316
TABLE_START A8.2 runtime_ms=7321
TABLE_START A9 runtime_ms=7334
TABLE_START A9.2 runtime_ms=7339
TABLE_START M12M4 runtime_ms=7348
TABLE_START A14.2 runtime_ms=7350
TABLE_START A15.2 runtime_ms=7994
TABLE_START A15 runtime_ms=9314
TABLE_START A16.2 runtime_ms=9635
TABLE_START A16 runtime_ms=12500
TABLE_START A17 runtime_ms=13098
TABLE_START A17.2 runtime_ms=14585
TABLE_START A18 runtime_ms=22162
TABLE_START A18.2 runtime_ms=23895
TABLE_START A19 runtime_ms=29454
TABLE_START A19.2 runtime_ms=30955
TABLE_START Isoclinic(6.A6x2) runtime_ms=33471
TABLE_START Isoclinic(3.A6.2_3x2) runtime_ms=33597
TABLE_START 12.A6.2_3 runtime_ms=33712
TABLE_START 2.F4(2) runtime_ms=34196
TABLE_START 2.F4(2).2 runtime_ms=35386
TABLE_START Isoclinic(2.F4(2).2) runtime_ms=35586
TABLE_START Isoclinic(2x2.F4(2).2) runtime_ms=35768
TABLE_START 2.(2xF4(2)).2 runtime_ms=36785
TABLE_START 2.G2(4) runtime_ms=37991
TABLE_START 2.G2(4).2 runtime_ms=38063
TABLE_START Isoclinic(2.G2(4).2) runtime_ms=38183
PROGRESS tables=100 modular_cases=373 unavailable=72 hits=0
TABLE_START 2.Sz(8) runtime_ms=38238
TABLE_START 2^2.Sz(8) runtime_ms=38246
TABLE_START 2^2.Sz(8).3 runtime_ms=38263
TABLE_START 3.G2(3) runtime_ms=38286
TABLE_START 3.G2(3).2 runtime_ms=38313
TABLE_START F4(2) runtime_ms=38331
TABLE_START F4(2).2 runtime_ms=38582
TABLE_START G2(3) runtime_ms=38686
TABLE_START G2(3).2 runtime_ms=38692
TABLE_START G2(4) runtime_ms=38701
TABLE_START G2(4).2 runtime_ms=38725
TABLE_START G2(5) runtime_ms=38746
TABLE_START G2(7) runtime_ms=38778
TABLE_START R(27) runtime_ms=38785
TABLE_START R(27).3 runtime_ms=38827
TABLE_START Sz(32) runtime_ms=38878
TABLE_START Sz(32).5 runtime_ms=38910
TABLE_START Sz(8) runtime_ms=38931
TABLE_START Sz(8).3 runtime_ms=38935
TABLE_START 3^(1+10):U5(2):2 runtime_ms=38940
TABLE_START 3^5:U4(2) runtime_ms=39114
TABLE_START 3^7:O7(3) runtime_ms=39236
TABLE_START 2^7:S6(2) runtime_ms=39552
TABLE_START 2^8:O8+(2) runtime_ms=39741
TABLE_START 2^8:S8(2) runtime_ms=39905
TABLE_START 2^(1+22).Co2 runtime_ms=40110
TABLE_START 2.Co1 runtime_ms=40971
TABLE_START 2.J2 runtime_ms=42097
TABLE_START 2.J2.2 runtime_ms=42116
TABLE_START Isoclinic(2.J2.2) runtime_ms=42139
TABLE_START 3.J3 runtime_ms=42161
TABLE_START 3.J3.2 runtime_ms=42230
TABLE_START Co1 runtime_ms=42273
TABLE_START Co2 runtime_ms=42622
TABLE_START Co3 runtime_ms=42705
TABLE_START J1 runtime_ms=42744
TABLE_START J2 runtime_ms=42754
TABLE_START J2.2 runtime_ms=42760
TABLE_START J3 runtime_ms=42769
TABLE_START J3.2 runtime_ms=42781
TABLE_START J4 runtime_ms=42799
TABLE_START NDG(12.M22,3^2) runtime_ms=42886
TABLE_START 12.M22N3 runtime_ms=43182
TABLE_START 3xIsoclinic(2x5:8) runtime_ms=43196
TABLE_START 12x7:3 runtime_ms=43464
TABLE_START 12x11:5 runtime_ms=43781
TABLE_START 3x2.M22N2 runtime_ms=44184
TABLE_START 2x3.(A4x3):2 runtime_ms=44437
TABLE_START (GL(2,3)x2F4(2)').2 runtime_ms=44676
TABLE_START D8x2F4(2)'.2 runtime_ms=44990
TABLE_START QD16.2 runtime_ms=45297
TABLE_START (QD16x2F4(2)').2 runtime_ms=45585
TABLE_START 2.(3^2:D8xU4(3).2^2).2 runtime_ms=47776
TABLE_START 2xBN5 runtime_ms=49020
TABLE_START (5^2:4S4x2.A5):2 runtime_ms=49404
TABLE_START 2.BN7 runtime_ms=49973
TABLE_START (3^2x2).U4(3).D8 runtime_ms=50434
TABLE_START NDG(2.Co1,3^3) runtime_ms=50615
TABLE_START NDG(Co1,5^2) runtime_ms=50865
TABLE_START NDG(2.Co1,5^2) runtime_ms=50870
TABLE_START 2xCo1N3 runtime_ms=50885
TABLE_START 2xCo1N5 runtime_ms=51001
TABLE_START 2x5^(1+2):GL2(5) runtime_ms=51352
TABLE_START 2x7^2:(3x2A4) runtime_ms=51725
TABLE_START 2.HS.2N3 runtime_ms=52085
TABLE_START 2.HSN2 runtime_ms=52322
TABLE_START 2.HS.2N2 runtime_ms=52324
TABLE_START NDG(2.HS,Q8) runtime_ms=52327
TABLE_START NDG(2.HS,Q8).2 runtime_ms=52448
TABLE_START 5^(1+2):8:4 runtime_ms=52698
TABLE_START 2.J2N2 runtime_ms=52707
TABLE_START 2.J2N3 runtime_ms=52714
TABLE_START 2.J2.2N5 runtime_ms=52720
TABLE_START 2.M12N2 runtime_ms=52737
TABLE_START 2xM12N3 runtime_ms=52738
TABLE_START 2.RuN2 runtime_ms=52770
TABLE_START 5^(1+2):(4x4):4 runtime_ms=53000
TABLE_START 3.F3+N5 runtime_ms=53020
TABLE_START 3.F3+.2N5 runtime_ms=53447
TABLE_START 3xF3+N7 runtime_ms=54354
TABLE_START 3.F3+.2N7 runtime_ms=54493
TABLE_START (A4x11:5).2 runtime_ms=55262
TABLE_START 3x(A4x11:5).2 runtime_ms=55584
TABLE_START (3^(1+2)_+:2x13:6).2 runtime_ms=56111
TABLE_START 3x17:16 runtime_ms=56649
TABLE_START 3x23:11 runtime_ms=56991
TABLE_START 3x29:14 runtime_ms=57240
TABLE_START 3x(D10xA9).2 runtime_ms=57616
TABLE_START 3x(3xA6):2_2 runtime_ms=59376
TABLE_START 3.(3xM10):2 runtime_ms=59891
TABLE_START 3xJ3N2 runtime_ms=60697
TABLE_START 3^3.3^(1+2):8 runtime_ms=60967
TABLE_START 3^3.3^(1+2):8.2 runtime_ms=61261
TABLE_START 3.McL.2N5 runtime_ms=61268
TABLE_START 3xMcLN2 runtime_ms=61398
TABLE_START (3xMcLN2).2 runtime_ms=61724
TABLE_START McL.2N3 runtime_ms=62304
TABLE_START 3.McL.2N3 runtime_ms=62590
TABLE_START 3xONN2 runtime_ms=62643
TABLE_START ON.2N2 runtime_ms=62981
PROGRESS tables=200 modular_cases=658 unavailable=144 hits=0
TABLE_START (3xONN2).2 runtime_ms=63209
TABLE_START NDG(ON,D8) runtime_ms=63327
TABLE_START NDG(3.ON,D8) runtime_ms=63560
TABLE_START NDG(ON,D8).2 runtime_ms=63575
TABLE_START 3x(4x2^2).2^4.S3 runtime_ms=63588
TABLE_START 3x(4^2x2).2^3.S3 runtime_ms=63833
TABLE_START 3.ON.2N3 runtime_ms=64141
TABLE_START 3.ON.2M4 runtime_ms=64246
TABLE_START 3.ON.2N7 runtime_ms=65128
TABLE_START 2.M22N2 runtime_ms=65770
TABLE_START 4.M22N2 runtime_ms=65998
TABLE_START 3x4.M22N2 runtime_ms=65999
TABLE_START Isoclinic(2x(2.A4x3).2) runtime_ms=66028
TABLE_START Isoclinic(4x3^2:Q8) runtime_ms=66367
TABLE_START Isoclinic(2x5:8) runtime_ms=66631
TABLE_START 4x7:3 runtime_ms=67169
TABLE_START 4x11:5 runtime_ms=67181
TABLE_START 2x11:10 runtime_ms=67511
TABLE_START 6.A6N2 runtime_ms=67819
TABLE_START 2^6.2^5.S6 runtime_ms=68053
TABLE_START 2^10.2^3.L3(2) runtime_ms=68064
TABLE_START 2^(5+8):(2xA6) runtime_ms=68108
TABLE_START (2x2^(1+8)_+).2.2^4.(S3xS3) runtime_ms=68137
TABLE_START 2^(5+8):(S3xS4) runtime_ms=68640
TABLE_START 2^(5+8):(S3xD8) runtime_ms=68969
TABLE_START 2^10.2^4.S5 runtime_ms=69899
TABLE_START 2^(5+8):(2xS4) runtime_ms=69934
TABLE_START 2^10.2^2.2^2.S4 runtime_ms=70262
TABLE_START 2^10.2^3.S4 runtime_ms=70685
TABLE_START 2^(5+8):(S3x3.A6) runtime_ms=71928
TABLE_START 2^(5+8):(2x3.A6) runtime_ms=72439
TABLE_START S3x6_1.U4(3).2_2 runtime_ms=73089
