PROGRESS [ 2187, 42, 10, 19, 0, 0 ]
PROGRESS [ 2187, 86, 20, 26, 0, 0 ]
PROGRESS [ 2187, 126, 30, 44, 0, 0 ]
PROGRESS [ 2187, 166, 40, 62, 0, 0 ]
PROGRESS [ 2187, 206, 50, 73, 0, 0 ]
PROGRESS [ 2187, 286, 70, 92, 0, 0 ]
PROGRESS [ 2187, 330, 80, 104, 0, 0 ]
PROGRESS [ 2187, 370, 90, 114, 0, 0 ]
PROGRESS [ 2187, 442, 100, 141, 0, 0 ]
PROGRESS [ 2187, 482, 110, 158, 0, 0 ]
PROGRESS [ 2187, 562, 130, 192, 0, 0 ]
PROGRESS [ 2187, 602, 140, 226, 0, 0 ]
PROGRESS [ 2187, 642, 150, 238, 0, 0 ]
PROGRESS [ 2187, 682, 160, 267, 0, 0 ]
PROGRESS [ 2187, 722, 170, 284, 0, 0 ]
PROGRESS [ 2187, 762, 180, 309, 0, 0 ]
PROGRESS [ 2187, 802, 190, 322, 0, 0 ]
PROGRESS [ 2187, 842, 200, 352, 0, 0 ]
PROGRESS [ 2187, 882, 210, 372, 0, 0 ]
PROGRESS [ 2187, 922, 220, 390, 0, 0 ]
PROGRESS [ 2187, 962, 230, 408, 0, 0 ]
PROGRESS [ 2187, 1002, 240, 424, 0, 0 ]
PROGRESS [ 2187, 1042, 250, 437, 0, 0 ]
PROGRESS [ 2187, 1082, 260, 441, 0, 0 ]
PROGRESS [ 2187, 1122, 270, 442, 0, 0 ]
PROGRESS [ 2187, 1162, 280, 458, 0, 0 ]
PROGRESS [ 2187, 1202, 290, 476, 0, 0 ]
PROGRESS [ 2187, 1242, 300, 486, 0, 0 ]
PROGRESS [ 2187, 1282, 310, 506, 0, 0 ]
PROGRESS [ 2187, 1322, 320, 534, 0, 0 ]
PROGRESS [ 2187, 1362, 330, 552, 0, 0 ]
PROGRESS [ 2187, 1402, 340, 572, 0, 0 ]
PROGRESS [ 2187, 1442, 350, 592, 0, 0 ]
PROGRESS [ 2187, 1562, 380, 612, 0, 0 ]
PROGRESS [ 2187, 1602, 390, 622, 0, 0 ]
PROGRESS [ 2187, 1642, 400, 632, 0, 0 ]
PROGRESS [ 2187, 1682, 410, 642, 0, 0 ]
PROGRESS [ 2187, 1722, 420, 652, 0, 0 ]
PROGRESS [ 2187, 1762, 430, 662, 0, 0 ]
PROGRESS [ 2187, 1802, 440, 674, 0, 0 ]
PROGRESS [ 2187, 1842, 450, 686, 0, 0 ]
PROGRESS [ 2187, 1882, 460, 702, 0, 0 ]
PROGRESS [ 2187, 1922, 470, 716, 0, 0 ]
PROGRESS [ 2187, 1962, 480, 732, 0, 0 ]
PROGRESS [ 2187, 2002, 490, 747, 0, 0 ]
PROGRESS [ 2187, 2042, 500, 763, 0, 0 ]
PROGRESS [ 2187, 2082, 510, 796, 0, 0 ]
PROGRESS [ 2187, 2122, 520, 813, 0, 0 ]
PROGRESS [ 2187, 2162, 530, 837, 0, 0 ]
PROGRESS [ 2187, 2202, 540, 849, 0, 0 ]
PROGRESS [ 2187, 2242, 550, 858, 0, 0 ]
PROGRESS [ 2187, 2282, 560, 867, 0, 0 ]
PROGRESS [ 2187, 2322, 570, 881, 0, 0 ]
PROGRESS [ 2187, 2362, 580, 895, 0, 0 ]
PROGRESS [ 2187, 2402, 590, 911, 0, 0 ]
PROGRESS [ 2187, 2442, 600, 925, 0, 0 ]
PROGRESS [ 2187, 2482, 610, 939, 0, 0 ]
PROGRESS [ 2187, 2522, 620, 953, 0, 0 ]
PROGRESS [ 2187, 2562, 630, 973, 0, 0 ]
PROGRESS [ 2187, 2602, 640, 995, 0, 0 ]
PROGRESS [ 2187, 2642, 650, 1007, 0, 0 ]
PROGRESS [ 2187, 2722, 670, 1023, 0, 0 ]
PROGRESS [ 2187, 2762, 680, 1037, 0, 0 ]
PROGRESS [ 2187, 2802, 690, 1051, 0, 0 ]
PROGRESS [ 2187, 2842, 700, 1065, 0, 0 ]
PROGRESS [ 2187, 2882, 710, 1079, 0, 0 ]
PROGRESS [ 2187, 2922, 720, 1093, 0, 0 ]
PROGRESS [ 2187, 2962, 730, 1107, 0, 0 ]
PROGRESS [ 2187, 3002, 740, 1121, 0, 0 ]
PROGRESS [ 2187, 3042, 750, 1135, 0, 0 ]
PROGRESS [ 2187, 3082, 760, 1149, 0, 0 ]
PROGRESS [ 2187, 3122, 770, 1159, 0, 0 ]
PROGRESS [ 2187, 3162, 780, 1169, 0, 0 ]
PROGRESS [ 2187, 3202, 790, 1179, 0, 0 ]
PROGRESS [ 2187, 3242, 800, 1189, 0, 0 ]
PROGRESS [ 2187, 3282, 810, 1199, 0, 0 ]
PROGRESS [ 2187, 3322, 820, 1209, 0, 0 ]
PROGRESS [ 2187, 3362, 830, 1219, 0, 0 ]
PROGRESS [ 2187, 3402, 840, 1229, 0, 0 ]
PROGRESS [ 2187, 3442, 850, 1239, 0, 0 ]
PROGRESS [ 2187, 3482, 860, 1249, 0, 0 ]
PROGRESS [ 2187, 3522, 870, 1259, 0, 0 ]
PROGRESS [ 2187, 3562, 880, 1269, 0, 0 ]
PROGRESS [ 2187, 3602, 890, 1281, 0, 0 ]
PROGRESS [ 2187, 3642, 900, 1289, 0, 0 ]
PROGRESS [ 2187, 3722, 920, 1312, 0, 0 ]
PROGRESS [ 2187, 3762, 930, 1315, 0, 0 ]
PROGRESS [ 2187, 3802, 940, 1317, 0, 0 ]
PROGRESS [ 2187, 3922, 970, 1333, 0, 0 ]
PROGRESS [ 2187, 3962, 980, 1340, 0, 0 ]
PROGRESS [ 2187, 4002, 990, 1349, 0, 0 ]
PROGRESS [ 2187, 4090, 1010, 1377, 0, 0 ]
PROGRESS [ 2187, 4154, 1020, 1423, 0, 0 ]
PROGRESS [ 2187, 4198, 1030, 1447, 0, 0 ]
PROGRESS [ 2187, 4254, 1040, 1475, 0, 0 ]
PROGRESS [ 2187, 4294, 1050, 1507, 0, 0 ]
PROGRESS [ 2187, 4338, 1060, 1537, 0, 0 ]
PROGRESS [ 2187, 4382, 1070, 1552, 0, 0 ]
PROGRESS [ 2187, 4426, 1080, 1567, 0, 0 ]
PROGRESS [ 2187, 4470, 1090, 1591, 0, 0 ]
PROGRESS [ 2187, 4550, 1110, 1644, 0, 0 ]
PROGRESS [ 2187, 4590, 1120, 1658, 0, 0 ]
PROGRESS [ 2187, 4630, 1130, 1666, 0, 0 ]
PROGRESS [ 2187, 4670, 1140, 1686, 0, 0 ]
PROGRESS [ 2187, 4710, 1150, 1715, 0, 0 ]
PROGRESS [ 2187, 4750, 1160, 1744, 0, 0 ]
PROGRESS [ 2187, 4950, 1210, 1773, 0, 0 ]
PROGRESS [ 2187, 4990, 1220, 1778, 0, 0 ]
PROGRESS [ 2187, 5070, 1240, 1791, 0, 0 ]
PROGRESS [ 2187, 5110, 1250, 1802, 0, 0 ]
PROGRESS [ 2187, 5190, 1270, 1816, 0, 0 ]
PROGRESS [ 2187, 5230, 1280, 1829, 0, 0 ]
PROGRESS [ 2187, 5318, 1300, 1852, 0, 0 ]
PROGRESS [ 2187, 5358, 1310, 1868, 0, 0 ]
PROGRESS [ 2187, 5410, 1320, 1891, 0, 0 ]
PROGRESS [ 2187, 5454, 1330, 1899, 0, 0 ]
PROGRESS [ 2187, 5494, 1340, 1915, 0, 0 ]
PROGRESS [ 2187, 5694, 1390, 1971, 0, 0 ]
PROGRESS [ 2187, 5774, 1410, 1985, 0, 0 ]
PROGRESS [ 2187, 5814, 1420, 1994, 0, 0 ]
PROGRESS [ 2187, 5858, 1430, 2008, 0, 0 ]
PROGRESS [ 2187, 7262, 1440, 2075, 0, 0 ]
PROGRESS [ 2187, 7302, 1450, 2115, 0, 0 ]
PROGRESS [ 2187, 7342, 1460, 2139, 0, 0 ]
PROGRESS [ 2187, 7422, 1480, 2182, 0, 0 ]
PROGRESS [ 2187, 7462, 1490, 2198, 0, 0 ]
PROGRESS [ 2187, 7542, 1510, 2214, 0, 0 ]
PROGRESS [ 2187, 7582, 1520, 2231, 0, 0 ]
PROGRESS [ 2187, 7702, 1550, 2248, 0, 0 ]
PROGRESS [ 2187, 7822, 1580, 2264, 0, 0 ]
PROGRESS [ 2187, 7862, 1590, 2282, 0, 0 ]
PROGRESS [ 2187, 7902, 1600, 2296, 0, 0 ]
PROGRESS [ 2187, 7942, 1610, 2332, 0, 0 ]
PROGRESS [ 2187, 7994, 1620, 2411, 0, 0 ]
PROGRESS [ 2187, 8054, 1630, 2478, 0, 0 ]
PROGRESS [ 2187, 8146, 1640, 2536, 0, 0 ]
PROGRESS [ 2187, 8186, 1650, 2608, 0, 0 ]
PROGRESS [ 2187, 8226, 1660, 2652, 0, 0 ]
PROGRESS [ 2187, 8266, 1670, 2690, 0, 0 ]
PROGRESS [ 2187, 8306, 1680, 2711, 0, 0 ]
PROGRESS [ 2187, 8346, 1690, 2728, 0, 0 ]
PROGRESS [ 2187, 8386, 1700, 2746, 0, 0 ]
PROGRESS [ 2187, 8426, 1710, 2768, 0, 0 ]
PROGRESS [ 2187, 8466, 1720, 2780, 0, 0 ]
PROGRESS [ 2187, 8506, 1730, 2804, 0, 0 ]
PROGRESS [ 2187, 8546, 1740, 2823, 0, 0 ]
PROGRESS [ 2187, 8626, 1760, 2840, 0, 0 ]
PROGRESS [ 2187, 8706, 1780, 2865, 0, 0 ]
PROGRESS [ 2187, 8746, 1790, 2904, 0, 0 ]
PROGRESS [ 2187, 8786, 1800, 2939, 0, 0 ]
PROGRESS [ 2187, 8826, 1810, 2981, 0, 0 ]
PROGRESS [ 2187, 8986, 1850, 3035, 0, 0 ]
PROGRESS [ 2187, 9070, 1870, 3088, 0, 0 ]
PROGRESS [ 2187, 9294, 1880, 3220, 0, 0 ]
ORDER_DONE [ 2187, 9310, 1881, 3226, 0, 0 ]
PASS_21100_SHARD [ 1881, 3226, 0, 0 ]
