PROGRESS [ 2187, 44, 10, 13, 0, 0 ]
PROGRESS [ 2187, 88, 20, 24, 0, 0 ]
PROGRESS [ 2187, 128, 30, 36, 0, 0 ]
PROGRESS [ 2187, 168, 40, 51, 0, 0 ]
PROGRESS [ 2187, 212, 50, 61, 0, 0 ]
PROGRESS [ 2187, 252, 60, 73, 0, 0 ]
PROGRESS [ 2187, 336, 80, 93, 0, 0 ]
PROGRESS [ 2187, 448, 100, 134, 0, 0 ]
PROGRESS [ 2187, 488, 110, 154, 0, 0 ]
PROGRESS [ 2187, 528, 120, 165, 0, 0 ]
PROGRESS [ 2187, 568, 130, 185, 0, 0 ]
PROGRESS [ 2187, 608, 140, 217, 0, 0 ]
PROGRESS [ 2187, 648, 150, 227, 0, 0 ]
PROGRESS [ 2187, 688, 160, 245, 0, 0 ]
PROGRESS [ 2187, 728, 170, 261, 0, 0 ]
PROGRESS [ 2187, 808, 190, 287, 0, 0 ]
PROGRESS [ 2187, 848, 200, 311, 0, 0 ]
PROGRESS [ 2187, 888, 210, 329, 0, 0 ]
PROGRESS [ 2187, 928, 220, 345, 0, 0 ]
PROGRESS [ 2187, 968, 230, 383, 0, 0 ]
PROGRESS [ 2187, 1008, 240, 393, 0, 0 ]
PROGRESS [ 2187, 1048, 250, 413, 0, 0 ]
PROGRESS [ 2187, 1128, 270, 422, 0, 0 ]
PROGRESS [ 2187, 1168, 280, 444, 0, 0 ]
PROGRESS [ 2187, 1208, 290, 458, 0, 0 ]
PROGRESS [ 2187, 1248, 300, 468, 0, 0 ]
PROGRESS [ 2187, 1288, 310, 484, 0, 0 ]
PROGRESS [ 2187, 1328, 320, 510, 0, 0 ]
PROGRESS [ 2187, 1368, 330, 524, 0, 0 ]
PROGRESS [ 2187, 1408, 340, 544, 0, 0 ]
PROGRESS [ 2187, 1448, 350, 560, 0, 0 ]
PROGRESS [ 2187, 1488, 360, 574, 0, 0 ]
PROGRESS [ 2187, 1568, 380, 584, 0, 0 ]
PROGRESS [ 2187, 1608, 390, 594, 0, 0 ]
PROGRESS [ 2187, 1648, 400, 604, 0, 0 ]
PROGRESS [ 2187, 1688, 410, 614, 0, 0 ]
PROGRESS [ 2187, 1728, 420, 624, 0, 0 ]
PROGRESS [ 2187, 1768, 430, 634, 0, 0 ]
PROGRESS [ 2187, 1808, 440, 646, 0, 0 ]
PROGRESS [ 2187, 1848, 450, 660, 0, 0 ]
PROGRESS [ 2187, 1888, 460, 674, 0, 0 ]
PROGRESS [ 2187, 1928, 470, 684, 0, 0 ]
PROGRESS [ 2187, 1968, 480, 700, 0, 0 ]
PROGRESS [ 2187, 2008, 490, 711, 0, 0 ]
PROGRESS [ 2187, 2048, 500, 725, 0, 0 ]
PROGRESS [ 2187, 2088, 510, 766, 0, 0 ]
PROGRESS [ 2187, 2128, 520, 790, 0, 0 ]
PROGRESS [ 2187, 2168, 530, 814, 0, 0 ]
PROGRESS [ 2187, 2208, 540, 825, 0, 0 ]
PROGRESS [ 2187, 2288, 560, 840, 0, 0 ]
PROGRESS [ 2187, 2328, 570, 854, 0, 0 ]
PROGRESS [ 2187, 2368, 580, 868, 0, 0 ]
PROGRESS [ 2187, 2408, 590, 882, 0, 0 ]
PROGRESS [ 2187, 2448, 600, 896, 0, 0 ]
PROGRESS [ 2187, 2488, 610, 910, 0, 0 ]
PROGRESS [ 2187, 2528, 620, 922, 0, 0 ]
PROGRESS [ 2187, 2568, 630, 944, 0, 0 ]
PROGRESS [ 2187, 2608, 640, 966, 0, 0 ]
PROGRESS [ 2187, 2688, 660, 984, 0, 0 ]
PROGRESS [ 2187, 2728, 670, 997, 0, 0 ]
PROGRESS [ 2187, 2768, 680, 1011, 0, 0 ]
PROGRESS [ 2187, 2808, 690, 1025, 0, 0 ]
PROGRESS [ 2187, 2848, 700, 1039, 0, 0 ]
PROGRESS [ 2187, 2888, 710, 1053, 0, 0 ]
PROGRESS [ 2187, 2928, 720, 1067, 0, 0 ]
PROGRESS [ 2187, 2968, 730, 1081, 0, 0 ]
PROGRESS [ 2187, 3008, 740, 1095, 0, 0 ]
PROGRESS [ 2187, 3048, 750, 1109, 0, 0 ]
PROGRESS [ 2187, 3088, 760, 1123, 0, 0 ]
PROGRESS [ 2187, 3128, 770, 1133, 0, 0 ]
PROGRESS [ 2187, 3168, 780, 1143, 0, 0 ]
PROGRESS [ 2187, 3208, 790, 1153, 0, 0 ]
PROGRESS [ 2187, 3248, 800, 1163, 0, 0 ]
PROGRESS [ 2187, 3288, 810, 1173, 0, 0 ]
PROGRESS [ 2187, 3328, 820, 1183, 0, 0 ]
PROGRESS [ 2187, 3368, 830, 1193, 0, 0 ]
PROGRESS [ 2187, 3408, 840, 1203, 0, 0 ]
PROGRESS [ 2187, 3448, 850, 1213, 0, 0 ]
PROGRESS [ 2187, 3488, 860, 1223, 0, 0 ]
PROGRESS [ 2187, 3528, 870, 1233, 0, 0 ]
PROGRESS [ 2187, 3568, 880, 1243, 0, 0 ]
PROGRESS [ 2187, 3648, 900, 1269, 0, 0 ]
PROGRESS [ 2187, 3688, 910, 1282, 0, 0 ]
PROGRESS [ 2187, 3808, 940, 1298, 0, 0 ]
PROGRESS [ 2187, 3888, 960, 1303, 0, 0 ]
PROGRESS [ 2187, 3928, 970, 1314, 0, 0 ]
PROGRESS [ 2187, 3968, 980, 1321, 0, 0 ]
PROGRESS [ 2187, 4008, 990, 1330, 0, 0 ]
PROGRESS [ 2187, 4104, 1010, 1359, 0, 0 ]
PROGRESS [ 2187, 4152, 1020, 1399, 0, 0 ]
PROGRESS [ 2187, 4200, 1030, 1424, 0, 0 ]
PROGRESS [ 2187, 4256, 1040, 1450, 0, 0 ]
PROGRESS [ 2187, 4296, 1050, 1476, 0, 0 ]
PROGRESS [ 2187, 4336, 1060, 1506, 0, 0 ]
PROGRESS [ 2187, 4376, 1070, 1517, 0, 0 ]
PROGRESS [ 2187, 4424, 1080, 1537, 0, 0 ]
PROGRESS [ 2187, 4464, 1090, 1561, 0, 0 ]
PROGRESS [ 2187, 4504, 1100, 1593, 0, 0 ]
PROGRESS [ 2187, 4584, 1120, 1615, 0, 0 ]
PROGRESS [ 2187, 4664, 1140, 1637, 0, 0 ]
PROGRESS [ 2187, 4704, 1150, 1670, 0, 0 ]
PROGRESS [ 2187, 4744, 1160, 1690, 0, 0 ]
PROGRESS [ 2187, 4824, 1180, 1704, 0, 0 ]
PROGRESS [ 2187, 4864, 1190, 1718, 0, 0 ]
PROGRESS [ 2187, 4944, 1210, 1728, 0, 0 ]
PROGRESS [ 2187, 5024, 1230, 1745, 0, 0 ]
PROGRESS [ 2187, 5144, 1260, 1766, 0, 0 ]
PROGRESS [ 2187, 5224, 1280, 1780, 0, 0 ]
PROGRESS [ 2187, 5312, 1300, 1803, 0, 0 ]
PROGRESS [ 2187, 5352, 1310, 1827, 0, 0 ]
PROGRESS [ 2187, 5400, 1320, 1844, 0, 0 ]
PROGRESS [ 2187, 5444, 1330, 1869, 0, 0 ]
PROGRESS [ 2187, 5484, 1340, 1889, 0, 0 ]
PROGRESS [ 2187, 5564, 1360, 1908, 0, 0 ]
PROGRESS [ 2187, 5604, 1370, 1918, 0, 0 ]
PROGRESS [ 2187, 5644, 1380, 1928, 0, 0 ]
PROGRESS [ 2187, 5684, 1390, 1933, 0, 0 ]
PROGRESS [ 2187, 5764, 1410, 1947, 0, 0 ]
PROGRESS [ 2187, 5804, 1420, 1957, 0, 0 ]
PROGRESS [ 2187, 5844, 1430, 1966, 0, 0 ]
PROGRESS [ 2187, 7244, 1440, 2024, 0, 0 ]
PROGRESS [ 2187, 7284, 1450, 2054, 0, 0 ]
PROGRESS [ 2187, 7324, 1460, 2092, 0, 0 ]
PROGRESS [ 2187, 7364, 1470, 2107, 0, 0 ]
PROGRESS [ 2187, 7404, 1480, 2134, 0, 0 ]
PROGRESS [ 2187, 7484, 1500, 2167, 0, 0 ]
PROGRESS [ 2187, 7524, 1510, 2174, 0, 0 ]
PROGRESS [ 2187, 7564, 1520, 2180, 0, 0 ]
PROGRESS [ 2187, 7604, 1530, 2200, 0, 0 ]
PROGRESS [ 2187, 7804, 1580, 2222, 0, 0 ]
PROGRESS [ 2187, 7844, 1590, 2228, 0, 0 ]
PROGRESS [ 2187, 7924, 1610, 2292, 0, 0 ]
PROGRESS [ 2187, 7972, 1620, 2334, 0, 0 ]
PROGRESS [ 2187, 8032, 1630, 2434, 0, 0 ]
PROGRESS [ 2187, 8124, 1640, 2486, 0, 0 ]
PROGRESS [ 2187, 8164, 1650, 2544, 0, 0 ]
PROGRESS [ 2187, 8204, 1660, 2606, 0, 0 ]
PROGRESS [ 2187, 8244, 1670, 2644, 0, 0 ]
PROGRESS [ 2187, 8284, 1680, 2666, 0, 0 ]
PROGRESS [ 2187, 8324, 1690, 2689, 0, 0 ]
PROGRESS [ 2187, 8404, 1710, 2740, 0, 0 ]
PROGRESS [ 2187, 8444, 1720, 2751, 0, 0 ]
PROGRESS [ 2187, 8484, 1730, 2766, 0, 0 ]
PROGRESS [ 2187, 8524, 1740, 2802, 0, 0 ]
PROGRESS [ 2187, 8564, 1750, 2820, 0, 0 ]
PROGRESS [ 2187, 8604, 1760, 2829, 0, 0 ]
PROGRESS [ 2187, 8724, 1790, 2891, 0, 0 ]
PROGRESS [ 2187, 8764, 1800, 2919, 0, 0 ]
PROGRESS [ 2187, 8804, 1810, 2944, 0, 0 ]
PROGRESS [ 2187, 8884, 1830, 2979, 0, 0 ]
PROGRESS [ 2187, 8924, 1840, 2990, 0, 0 ]
PROGRESS [ 2187, 8964, 1850, 2997, 0, 0 ]
PROGRESS [ 2187, 9004, 1860, 3011, 0, 0 ]
PROGRESS [ 2187, 9048, 1870, 3053, 0, 0 ]
PROGRESS [ 2187, 9088, 1880, 3089, 0, 0 ]
ORDER_DONE [ 2187, 9310, 1888, 3253, 0, 0 ]
PASS_21100_SHARD [ 1888, 3253, 0, 0 ]
