ORDER_DONE [ 81, 15, 4, 10, 0, 0 ]
PROGRESS [ 243, 15, 10, 25, 0, 0 ]
PROGRESS [ 243, 28, 20, 43, 0, 0 ]
PROGRESS [ 243, 58, 30, 81, 0, 0 ]
ORDER_DONE [ 243, 67, 32, 83, 0, 0 ]
PROGRESS [ 729, 13, 10, 24, 0, 0 ]
PROGRESS [ 729, 26, 20, 48, 0, 0 ]
PROGRESS [ 729, 36, 30, 63, 0, 0 ]
PROGRESS [ 729, 56, 50, 89, 0, 0 ]
PROGRESS [ 729, 70, 60, 105, 0, 0 ]
PROGRESS [ 729, 80, 70, 119, 0, 0 ]
PROGRESS [ 729, 139, 90, 157, 0, 0 ]
PROGRESS [ 729, 149, 100, 195, 0, 0 ]
PROGRESS [ 729, 159, 110, 213, 0, 0 ]
PROGRESS [ 729, 169, 120, 227, 0, 0 ]
PROGRESS [ 729, 179, 130, 237, 0, 0 ]
PROGRESS [ 729, 189, 140, 247, 0, 0 ]
PROGRESS [ 729, 199, 150, 269, 0, 0 ]
PROGRESS [ 729, 219, 170, 291, 0, 0 ]
PROGRESS [ 729, 229, 180, 306, 0, 0 ]
PROGRESS [ 729, 246, 190, 327, 0, 0 ]
PROGRESS [ 729, 256, 200, 361, 0, 0 ]
PROGRESS [ 729, 269, 210, 393, 0, 0 ]
PROGRESS [ 729, 285, 220, 431, 0, 0 ]
PROGRESS [ 729, 299, 230, 469, 0, 0 ]
PROGRESS [ 729, 309, 240, 519, 0, 0 ]
PROGRESS [ 729, 319, 250, 545, 0, 0 ]
PROGRESS [ 729, 329, 260, 579, 0, 0 ]
PROGRESS [ 729, 339, 270, 605, 0, 0 ]
PROGRESS [ 729, 349, 280, 621, 0, 0 ]
PROGRESS [ 729, 359, 290, 636, 0, 0 ]
PROGRESS [ 729, 369, 300, 649, 0, 0 ]
PROGRESS [ 729, 379, 310, 660, 0, 0 ]
PROGRESS [ 729, 389, 320, 669, 0, 0 ]
PROGRESS [ 729, 402, 330, 695, 0, 0 ]
PROGRESS [ 729, 412, 340, 711, 0, 0 ]
PROGRESS [ 729, 486, 350, 778, 0, 0 ]
PROGRESS [ 729, 496, 360, 813, 0, 0 ]
ORDER_DONE [ 729, 504, 360, 813, 0, 0 ]
PASS_21100_PILOT [ 396, 906, 0, 0 ]
