{"model":"affine_2","order":2,"p":2,"subgroup_classes":2,"subgroups":
2,"abelian_complement_choices":2,"histogram":[ [ 1, 1, 1, 1 ], [ 2, 2, 2, 1 ] 
 ]}
{"model":"affine_3","order":6,"p":3,"subgroup_classes":4,"subgroups":
6,"abelian_complement_choices":6,"histogram":
[ [ 1, 1, 1, 1 ], [ 2, 1, 1, 3 ], [ 3, 3, 3, 1 ], [ 6, 3, 6, 1 ] ]}
{"model":"affine_4","order":12,"p":2,"subgroup_classes":5,"subgroups":
10,"abelian_complement_choices":7,"histogram":
[ [ 1, 1, 1, 1 ], [ 2, 2, 2, 3 ], [ 3, 1, 1, 4 ], [ 4, 4, 4, 1 ], 
  [ 12, 4, 12, 1 ] ]}
{"model":"affine_5","order":20,"p":5,"subgroup_classes":6,"subgroups":
14,"abelian_complement_choices":12,"histogram":
[ [ 1, 1, 1, 1 ], [ 2, 1, 1, 5 ], [ 4, 1, 1, 5 ], [ 5, 5, 5, 1 ], 
  [ 10, 5, 10, 1 ], [ 20, 5, 20, 1 ] ]}
{"model":"affine_7","order":42,"p":7,"subgroup_classes":8,"subgroups":
26,"abelian_complement_choices":18,"histogram":
[ [ 1, 1, 1, 1 ], [ 2, 1, 1, 7 ], [ 3, 1, 1, 7 ], [ 6, 1, 1, 7 ], 
  [ 7, 7, 7, 1 ], [ 14, 7, 14, 1 ], [ 21, 7, 21, 1 ], [ 42, 7, 42, 1 ] ]}
{"model":"affine_8","order":56,"p":2,"subgroup_classes":6,"subgroups":
25,"abelian_complement_choices":8,"histogram":
[ [ 1, 1, 1, 1 ], [ 2, 2, 2, 7 ], [ 4, 4, 4, 7 ], [ 7, 1, 1, 8 ], 
  [ 8, 8, 8, 1 ], [ 56, 8, 56, 1 ] ]}
{"model":"affine_9","order":72,"p":3,"subgroup_classes":10,"subgroups":
48,"abelian_complement_choices":23,"histogram":
[ [ 1, 1, 1, 1 ], [ 2, 1, 1, 9 ], [ 3, 3, 3, 4 ], [ 4, 1, 1, 9 ], 
  [ 6, 3, 6, 12 ], [ 8, 1, 1, 9 ], [ 9, 9, 9, 1 ], [ 18, 9, 18, 1 ], 
  [ 36, 9, 36, 1 ], [ 72, 9, 72, 1 ] ]}
{"model":"affine_16","order":240,"p":2,"subgroup_classes":14,"subgroups":
138,"abelian_complement_choices":25,"histogram":
[ [ 1, 1, 1, 1 ], [ 2, 2, 2, 15 ], [ 3, 1, 1, 16 ], [ 4, 4, 4, 35 ], 
  [ 5, 1, 1, 16 ], [ 8, 8, 8, 15 ], [ 12, 4, 12, 20 ], [ 15, 1, 1, 16 ], 
  [ 16, 16, 16, 1 ], [ 48, 16, 48, 1 ], [ 80, 16, 80, 1 ], 
  [ 240, 16, 240, 1 ] ]}
{"model":"quaternion_complement","order":24,"p":2,"subgroup_classes":
7,"subgroups":15,"abelian_complement_choices":10,"histogram":
[ [ 1, 1, 1, 1 ], [ 2, 2, 2, 1 ], [ 3, 1, 1, 4 ], [ 4, 4, 4, 3 ], 
  [ 6, 2, 2, 4 ], [ 8, 8, 8, 1 ], [ 24, 8, 24, 1 ] ]}
{"model":"affine4_times_c5","order":60,"p":2,"subgroup_classes":
10,"subgroups":20,"abelian_complement_choices":21,"histogram":
[ [ 1, 1, 1, 1 ], [ 2, 2, 2, 3 ], [ 3, 1, 1, 4 ], [ 4, 4, 4, 1 ], 
  [ 5, 1, 1, 1 ], [ 10, 2, 2, 3 ], [ 12, 4, 12, 1 ], [ 15, 1, 1, 4 ], 
  [ 20, 4, 4, 1 ], [ 60, 4, 12, 1 ] ]}
{"model":"nonabelian_hall","order":648,"p":2,"subgroup_classes":
179,"subgroups":879,"abelian_complement_choices":1154,"histogram":
[ [ 1, 1, 1, 1 ], [ 2, 2, 2, 1 ], [ 3, 1, 1, 121 ], [ 4, 4, 4, 3 ], 
  [ 6, 2, 2, 121 ], [ 8, 8, 8, 1 ], [ 9, 1, 1, 184 ], [ 12, 4, 4, 39 ], 
  [ 18, 2, 2, 184 ], [ 24, 8, 8, 13 ], [ 24, 8, 24, 27 ], [ 27, 1, 1, 16 ], 
  [ 27, 1, 3, 33 ], [ 36, 4, 4, 12 ], [ 54, 2, 2, 16 ], [ 54, 2, 6, 33 ], 
  [ 72, 8, 8, 4 ], [ 72, 8, 24, 45 ], [ 81, 1, 3, 4 ], [ 108, 4, 12, 3 ], 
  [ 162, 2, 6, 4 ], [ 216, 8, 24, 13 ], [ 648, 8, 72, 1 ] ]}
PASS_21_121B_NATIVE models=11 classes=251 subgroups=1183 choices=1286
