{"model":"s3","p":2,"J":1,"order":6,"sylow_order":2,"p_prime_core_order":
3,"cd_order":3,"quotient_order":2,"fitting_order":2,"frattini_index":
2,"constructed_index":2,"quadratic_bound":4}
{"model":"s3","p":3,"J":1,"order":6,"sylow_order":3,"p_prime_core_order":
1,"cd_order":1,"quotient_order":6,"fitting_order":3,"frattini_index":
3,"constructed_index":6,"quadratic_bound":9}
{"model":"s4","p":2,"J":1,"order":24,"sylow_order":8,"p_prime_core_order":
1,"cd_order":1,"quotient_order":24,"fitting_order":4,"frattini_index":
4,"constructed_index":24,"quadratic_bound":64}
{"model":"s4","p":3,"J":2,"order":24,"sylow_order":3,"p_prime_core_order":
4,"cd_order":4,"quotient_order":6,"fitting_order":3,"frattini_index":
3,"constructed_index":6,"quadratic_bound":72}
{"model":"sl2_3","p":2,"J":1,"order":24,"sylow_order":8,"p_prime_core_order":
1,"cd_order":1,"quotient_order":24,"fitting_order":8,"frattini_index":
4,"constructed_index":24,"quadratic_bound":64}
{"model":"sl2_3","p":3,"J":2,"order":24,"sylow_order":3,"p_prime_core_order":
8,"cd_order":2,"quotient_order":3,"fitting_order":3,"frattini_index":
3,"constructed_index":12,"quadratic_bound":72}
{"model":"gl2_3","p":2,"J":1,"order":48,"sylow_order":16,"p_prime_core_order":
1,"cd_order":1,"quotient_order":48,"fitting_order":8,"frattini_index":
4,"constructed_index":48,"quadratic_bound":256}
{"model":"gl2_3","p":3,"J":2,"order":48,"sylow_order":3,"p_prime_core_order":
8,"cd_order":2,"quotient_order":6,"fitting_order":3,"frattini_index":
3,"constructed_index":24,"quadratic_bound":72}
{"model":"heisenberg3_times_c2","p":2,"J":3,"order":54,"sylow_order":
2,"p_prime_core_order":27,"cd_order":3,"quotient_order":2,"fitting_order":
2,"frattini_index":2,"constructed_index":18,"quadratic_bound":108}
{"model":"s4_times_heisenberg3","p":2,"J":3,"order":648,"sylow_order":
8,"p_prime_core_order":27,"cd_order":3,"quotient_order":24,"fitting_order":
4,"frattini_index":4,"constructed_index":216,"quadratic_bound":1728}
{"model":"a5_negative_control","p":2,"J":1,"order":60,"sylow_order":
4,"minimum_index":60,"quadratic_bound":16}
PASS_21_121B_SOLUBLE_NATIVE soluble_models=10 negative_controls=1
