ORDER_START 1540 groups=36 runtime_ms=1732
ORDER_START 1542 groups=4 runtime_ms=2257
ORDER_START 1545 groups=2 runtime_ms=2344
ORDER_START 1547 groups=1 runtime_ms=2364
ORDER_START 1548 groups=46 runtime_ms=2365
ORDER_START 1550 groups=16 runtime_ms=3169
PROGRESS checked=100 union_bound=100 all_choices=0 hits=0 runtime_ms=3365
ORDER_START 1551 groups=1 runtime_ms=3437
ORDER_START 1554 groups=24 runtime_ms=3438
ORDER_START 1558 groups=4 runtime_ms=3841
ORDER_START 1560 groups=221 runtime_ms=3904
PROGRESS checked=200 union_bound=200 all_choices=0 hits=0 runtime_ms=4585
PROGRESS checked=300 union_bound=300 all_choices=0 hits=0 runtime_ms=6136
ORDER_START 1562 groups=4 runtime_ms=6976
ORDER_START 1564 groups=11 runtime_ms=7043
ORDER_START 1566 groups=30 runtime_ms=7330
PROGRESS checked=400 union_bound=400 all_choices=0 hits=0 runtime_ms=7697
ORDER_START 1570 groups=4 runtime_ms=7697
ORDER_START 1572 groups=10 runtime_ms=7769
ORDER_START 1575 groups=13 runtime_ms=7964
ORDER_START 1578 groups=4 runtime_ms=8058
ORDER_START 1580 groups=11 runtime_ms=8207
ORDER_START 1581 groups=2 runtime_ms=8441
ORDER_START 1582 groups=6 runtime_ms=8451
ORDER_START 1584 groups=697 runtime_ms=8559
PROGRESS checked=500 union_bound=500 all_choices=0 hits=0 runtime_ms=9166
PROGRESS checked=600 union_bound=600 all_choices=0 hits=0 runtime_ms=10229
PROGRESS checked=700 union_bound=700 all_choices=0 hits=0 runtime_ms=11466
PROGRESS checked=800 union_bound=800 all_choices=0 hits=0 runtime_ms=12348
PROGRESS checked=900 union_bound=900 all_choices=0 hits=0 runtime_ms=13787
PROGRESS checked=1000 union_bound=1000 all_choices=0 hits=0 runtime_ms=14836
PROGRESS checked=1100 union_bound=1100 all_choices=0 hits=0 runtime_ms=16016
ORDER_START 1586 groups=4 runtime_ms=16571
ORDER_START 1590 groups=8 runtime_ms=16636
ORDER_START 1595 groups=2 runtime_ms=16740
ORDER_START 1596 groups=64 runtime_ms=16747
PROGRESS checked=1200 union_bound=1200 all_choices=0 hits=0 runtime_ms=17301
ORDER_START 1598 groups=4 runtime_ms=17838
ORDER_START 1599 groups=2 runtime_ms=17902
ORDER_START 1602 groups=10 runtime_ms=17906
ORDER_START 1605 groups=1 runtime_ms=18132
ORDER_START 1606 groups=4 runtime_ms=18133
ORDER_START 1608 groups=54 runtime_ms=18199
PROGRESS checked=1300 union_bound=1300 all_choices=0 hits=0 runtime_ms=19101
ORDER_START 1610 groups=8 runtime_ms=19101
ORDER_START 1612 groups=11 runtime_ms=19195
ORDER_START 1614 groups=4 runtime_ms=19410
ORDER_START 1615 groups=1 runtime_ms=19491
ORDER_START 1617 groups=6 runtime_ms=19491
ORDER_START 1620 groups=477 runtime_ms=19515
PROGRESS checked=1400 union_bound=1400 all_choices=0 hits=0 runtime_ms=20322
PROGRESS checked=1500 union_bound=1500 all_choices=0 hits=0 runtime_ms=22380
PROGRESS checked=1600 union_bound=1600 all_choices=0 hits=0 runtime_ms=23178
PROGRESS checked=1700 union_bound=1700 all_choices=0 hits=0 runtime_ms=25129
PROGRESS checked=1800 union_bound=1800 all_choices=0 hits=0 runtime_ms=26790
ORDER_START 1624 groups=56 runtime_ms=26949
ORDER_START 1626 groups=6 runtime_ms=27744
ORDER_START 1628 groups=11 runtime_ms=27959
ORDER_START 1630 groups=4 runtime_ms=28195
ORDER_START 1632 groups=1213 runtime_ms=28273
PROGRESS checked=1900 union_bound=1900 all_choices=0 hits=0 runtime_ms=28430
PROGRESS checked=2000 union_bound=2000 all_choices=0 hits=0 runtime_ms=29442
PROGRESS checked=2100 union_bound=2100 all_choices=0 hits=0 runtime_ms=30181
PROGRESS checked=2200 union_bound=2200 all_choices=0 hits=0 runtime_ms=31270
PROGRESS checked=2300 union_bound=2300 all_choices=0 hits=0 runtime_ms=32513
PROGRESS checked=2400 union_bound=2400 all_choices=0 hits=0 runtime_ms=33737
PROGRESS checked=2500 union_bound=2500 all_choices=0 hits=0 runtime_ms=34966
PROGRESS checked=2600 union_bound=2600 all_choices=0 hits=0 runtime_ms=35797
PROGRESS checked=2700 union_bound=2700 all_choices=0 hits=0 runtime_ms=36214
PROGRESS checked=2800 union_bound=2800 all_choices=0 hits=0 runtime_ms=37306
PROGRESS checked=2900 union_bound=2900 all_choices=0 hits=0 runtime_ms=38318
PROGRESS checked=3000 union_bound=3000 all_choices=0 hits=0 runtime_ms=39411
ORDER_START 1634 groups=4 runtime_ms=40213
PROGRESS checked=3100 union_bound=3100 all_choices=0 hits=0 runtime_ms=40273
ORDER_START 1635 groups=2 runtime_ms=40274
ORDER_START 1638 groups=72 runtime_ms=40288
ORDER_START 1640 groups=68 runtime_ms=41218
PROGRESS checked=3200 union_bound=3200 all_choices=0 hits=0 runtime_ms=41619
ORDER_START 1644 groups=12 runtime_ms=42399
ORDER_START 1645 groups=1 runtime_ms=42673
ORDER_START 1650 groups=38 runtime_ms=42674
ORDER_START 1652 groups=9 runtime_ms=43110
PROGRESS checked=3300 union_bound=3300 all_choices=0 hits=0 runtime_ms=43234
ORDER_START 1653 groups=2 runtime_ms=43287
ORDER_START 1656 groups=137 runtime_ms=43292
PROGRESS checked=3400 union_bound=3400 all_choices=0 hits=0 runtime_ms=44847
ORDER_START 1659 groups=5 runtime_ms=45537
ORDER_START 1660 groups=11 runtime_ms=45625
ORDER_START 1662 groups=6 runtime_ms=45858
ORDER_START 1665 groups=5 runtime_ms=46007
ORDER_START 1666 groups=10 runtime_ms=46029
ORDER_START 1668 groups=15 runtime_ms=46170
ORDER_START 1670 groups=4 runtime_ms=46561
ORDER_START 1672 groups=34 runtime_ms=46636
PROGRESS checked=3500 union_bound=3500 all_choices=0 hits=0 runtime_ms=46644
ORDER_START 1674 groups=60 runtime_ms=47205
ORDER_START 1677 groups=5 runtime_ms=47934
ORDER_START 1680 groups=1005 runtime_ms=48084
PROGRESS checked=3600 union_bound=3600 all_choices=0 hits=0 runtime_ms=48109
PROGRESS checked=3700 union_bound=3700 all_choices=0 hits=0 runtime_ms=48902
PROGRESS checked=3800 union_bound=3800 all_choices=0 hits=0 runtime_ms=49976
PROGRESS checked=3900 union_bound=3900 all_choices=0 hits=0 runtime_ms=51318
PROGRESS checked=4000 union_bound=4000 all_choices=0 hits=0 runtime_ms=52127
PROGRESS checked=4100 union_bound=4100 all_choices=0 hits=0 runtime_ms=53357
PROGRESS checked=4200 union_bound=4200 all_choices=0 hits=0 runtime_ms=54822
PROGRESS checked=4300 union_bound=4300 all_choices=0 hits=0 runtime_ms=55521
PROGRESS checked=4400 union_bound=4400 all_choices=0 hits=0 runtime_ms=57067
PROGRESS checked=4500 union_bound=4500 all_choices=0 hits=0 runtime_ms=58058
PROGRESS checked=4600 union_bound=4600 all_choices=0 hits=0 runtime_ms=59125
ORDER_START 1683 groups=2 runtime_ms=59142
ORDER_START 1686 groups=4 runtime_ms=59144
ORDER_START 1690 groups=10 runtime_ms=59229
ORDER_START 1692 groups=30 runtime_ms=59383
ORDER_START 1694 groups=10 runtime_ms=60037
ORDER_START 1695 groups=1 runtime_ms=60187
ORDER_START 1698 groups=6 runtime_ms=60188
ORDER_START 1700 groups=50 runtime_ms=60341
PROGRESS checked=4700 union_bound=4700 all_choices=0 hits=0 runtime_ms=61221
ORDER_START 1702 groups=4 runtime_ms=61740
ORDER_START 1704 groups=39 runtime_ms=61806
ORDER_START 1705 groups=7 runtime_ms=62418
ORDER_START 1708 groups=11 runtime_ms=62649
ORDER_START 1710 groups=36 runtime_ms=62891
PROGRESS checked=4800 union_bound=4800 all_choices=0 hits=0 runtime_ms=63139
ORDER_START 1716 groups=40 runtime_ms=63274
ORDER_START 1720 groups=39 runtime_ms=63974
ORDER_START 1722 groups=12 runtime_ms=64670
PROGRESS checked=4900 union_bound=4900 all_choices=0 hits=0 runtime_ms=64751
ORDER_START 1725 groups=3 runtime_ms=64812
ORDER_START 1729 groups=1 runtime_ms=64818
ORDER_START 1730 groups=4 runtime_ms=64819
ORDER_START 1734 groups=13 runtime_ms=64897
ORDER_START 1736 groups=35 runtime_ms=65148
ORDER_START 1738 groups=4 runtime_ms=65746
ORDER_START 1740 groups=37 runtime_ms=65812
PROGRESS checked=5000 union_bound=5000 all_choices=0 hits=0 runtime_ms=66659
ORDER_START 1742 groups=4 runtime_ms=66659
ORDER_START 1743 groups=2 runtime_ms=66725
ORDER_START 1746 groups=16 runtime_ms=66730
ORDER_START 1748 groups=9 runtime_ms=67091
ORDER_START 1749 groups=1 runtime_ms=67265
ORDER_START 1750 groups=30 runtime_ms=67266
ORDER_START 1752 groups=64 runtime_ms=67595
PROGRESS checked=5100 union_bound=5100 all_choices=0 hits=0 runtime_ms=68298
ORDER_START 1755 groups=14 runtime_ms=68767
ORDER_START 1758 groups=4 runtime_ms=68866
ORDER_START 1760 groups=1285 runtime_ms=68955
PROGRESS checked=5200 union_bound=5200 all_choices=0 hits=0 runtime_ms=69253
PROGRESS checked=5300 union_bound=5300 all_choices=0 hits=0 runtime_ms=70207
PROGRESS checked=5400 union_bound=5400 all_choices=0 hits=0 runtime_ms=70847
PROGRESS checked=5500 union_bound=5500 all_choices=0 hits=0 runtime_ms=71348
PROGRESS checked=5600 union_bound=5600 all_choices=0 hits=0 runtime_ms=72110
PROGRESS checked=5700 union_bound=5700 all_choices=0 hits=0 runtime_ms=73310
PROGRESS checked=5800 union_bound=5800 all_choices=0 hits=0 runtime_ms=74455
PROGRESS checked=5900 union_bound=5900 all_choices=0 hits=0 runtime_ms=75641
PROGRESS checked=6000 union_bound=6000 all_choices=0 hits=0 runtime_ms=76319
PROGRESS checked=6100 union_bound=6100 all_choices=0 hits=0 runtime_ms=76623
PROGRESS checked=6200 union_bound=6200 all_choices=0 hits=0 runtime_ms=77578
PROGRESS checked=6300 union_bound=6300 all_choices=0 hits=0 runtime_ms=78241
PROGRESS checked=6400 union_bound=6400 all_choices=0 hits=0 runtime_ms=79124
ORDER_START 1764 groups=228 runtime_ms=79330
PROGRESS checked=6500 union_bound=6500 all_choices=0 hits=0 runtime_ms=80530
PROGRESS checked=6600 union_bound=6600 all_choices=0 hits=0 runtime_ms=82212
ORDER_START 1767 groups=5 runtime_ms=83264
ORDER_START 1768 groups=53 runtime_ms=83410
PROGRESS checked=6700 union_bound=6700 all_choices=0 hits=0 runtime_ms=84021
ORDER_START 1770 groups=8 runtime_ms=84392
ORDER_START 1771 groups=2 runtime_ms=84497
ORDER_START 1776 groups=260 runtime_ms=84502
PROGRESS checked=6800 union_bound=6800 all_choices=0 hits=0 runtime_ms=85514
PROGRESS checked=6900 union_bound=6900 all_choices=0 hits=0 runtime_ms=86769
ORDER_START 1778 groups=6 runtime_ms=87818
ORDER_START 1780 groups=15 runtime_ms=87931
PROGRESS checked=7000 union_bound=7000 all_choices=0 hits=0 runtime_ms=88231
ORDER_START 1782 groups=110 runtime_ms=88396
PROGRESS checked=7100 union_bound=7100 all_choices=0 hits=0 runtime_ms=89321
ORDER_START 1785 groups=2 runtime_ms=89513
ORDER_START 1786 groups=4 runtime_ms=89519
ORDER_START 1788 groups=12 runtime_ms=89581
ORDER_START 1790 groups=4 runtime_ms=89928
DONE orders=[ 1536, 1791 ] checked=7138 union_bound=7138 all_choices=
0 prime_power_orders_trivial=37 hits=0 min_primes=3 other_orders_excluded=
110 runtime_ms=90004
