ORDER_START 258 groups=6 runtime_ms=1961
ORDER_START 260 groups=15 runtime_ms=2004
ORDER_START 264 groups=39 runtime_ms=2091
ORDER_START 266 groups=4 runtime_ms=2258
ORDER_START 270 groups=30 runtime_ms=2280
ORDER_START 273 groups=5 runtime_ms=2422
ORDER_START 276 groups=10 runtime_ms=2458
PROGRESS checked=100 union_bound=100 all_choices=0 hits=0 runtime_ms=2460
ORDER_START 280 groups=40 runtime_ms=2500
ORDER_START 282 groups=4 runtime_ms=2675
ORDER_START 285 groups=2 runtime_ms=2700
ORDER_START 286 groups=4 runtime_ms=2704
ORDER_START 290 groups=4 runtime_ms=2727
ORDER_START 294 groups=23 runtime_ms=2758
ORDER_START 300 groups=49 runtime_ms=2931
PROGRESS checked=200 union_bound=200 all_choices=0 hits=0 runtime_ms=3013
ORDER_START 306 groups=10 runtime_ms=3250
ORDER_START 308 groups=9 runtime_ms=3312
ORDER_START 310 groups=6 runtime_ms=3361
ORDER_START 312 groups=61 runtime_ms=3407
PROGRESS checked=300 union_bound=300 all_choices=0 hits=0 runtime_ms=3602
ORDER_START 315 groups=4 runtime_ms=3698
ORDER_START 318 groups=4 runtime_ms=3711
ORDER_START 322 groups=4 runtime_ms=3738
ORDER_START 330 groups=12 runtime_ms=3770
ORDER_START 336 groups=228 runtime_ms=3834
PROGRESS checked=400 union_bound=400 all_choices=0 hits=0 runtime_ms=4081
PROGRESS checked=500 union_bound=500 all_choices=0 hits=0 runtime_ms=4500
ORDER_START 340 groups=15 runtime_ms=4796
ORDER_START 342 groups=18 runtime_ms=4900
PROGRESS checked=600 union_bound=600 all_choices=0 hits=0 runtime_ms=4977
ORDER_START 345 groups=1 runtime_ms=5016
ORDER_START 348 groups=12 runtime_ms=5017
ORDER_START 350 groups=10 runtime_ms=5092
ORDER_START 354 groups=4 runtime_ms=5155
ORDER_START 357 groups=2 runtime_ms=5188
ORDER_START 360 groups=162 runtime_ms=5192
PROGRESS checked=700 union_bound=700 all_choices=0 hits=0 runtime_ms=5521
ORDER_START 364 groups=11 runtime_ms=6070
PROGRESS checked=800 union_bound=800 all_choices=0 hits=0 runtime_ms=6090
ORDER_START 366 groups=6 runtime_ms=6137
ORDER_START 370 groups=4 runtime_ms=6197
ORDER_START 372 groups=15 runtime_ms=6228
ORDER_START 374 groups=4 runtime_ms=6330
ORDER_START 378 groups=60 runtime_ms=6359
ORDER_START 380 groups=11 runtime_ms=6672
PROGRESS checked=900 union_bound=900 all_choices=0 hits=0 runtime_ms=6692
ORDER_START 385 groups=2 runtime_ms=6739
ORDER_START 390 groups=12 runtime_ms=6744
ORDER_START 396 groups=30 runtime_ms=6815
ORDER_START 399 groups=5 runtime_ms=7072
ORDER_START 402 groups=6 runtime_ms=7116
ORDER_START 406 groups=6 runtime_ms=7182
ORDER_START 408 groups=46 runtime_ms=7225
PROGRESS checked=1000 union_bound=1000 all_choices=0 hits=0 runtime_ms=7419
ORDER_START 410 groups=6 runtime_ms=7507
ORDER_START 414 groups=10 runtime_ms=7563
ORDER_START 418 groups=4 runtime_ms=7646
ORDER_START 420 groups=41 runtime_ms=7675
ORDER_START 426 groups=4 runtime_ms=7923
ORDER_START 429 groups=2 runtime_ms=7964
ORDER_START 430 groups=4 runtime_ms=7968
ORDER_START 434 groups=4 runtime_ms=8007
ORDER_START 435 groups=1 runtime_ms=8045
ORDER_START 438 groups=6 runtime_ms=8046
ORDER_START 440 groups=51 runtime_ms=8115
PROGRESS checked=1100 union_bound=1100 all_choices=0 hits=0 runtime_ms=8125
ORDER_START 442 groups=4 runtime_ms=8385
ORDER_START 444 groups=18 runtime_ms=8420
ORDER_START 450 groups=34 runtime_ms=8581
PROGRESS checked=1200 union_bound=1200 all_choices=0 hits=0 runtime_ms=8809
ORDER_START 455 groups=1 runtime_ms=8847
ORDER_START 456 groups=54 runtime_ms=8848
ORDER_START 460 groups=11 runtime_ms=9200
ORDER_START 462 groups=12 runtime_ms=9279
ORDER_START 465 groups=4 runtime_ms=9357
ORDER_START 468 groups=55 runtime_ms=9377
PROGRESS checked=1300 union_bound=1300 all_choices=0 hits=0 runtime_ms=9470
ORDER_START 470 groups=4 runtime_ms=9761
ORDER_START 474 groups=6 runtime_ms=9800
ORDER_START 476 groups=11 runtime_ms=9872
ORDER_START 480 groups=1213 runtime_ms=9954
PROGRESS checked=1400 union_bound=1400 all_choices=0 hits=0 runtime_ms=10124
PROGRESS checked=1500 union_bound=1500 all_choices=0 hits=0 runtime_ms=10492
PROGRESS checked=1600 union_bound=1600 all_choices=0 hits=0 runtime_ms=10989
PROGRESS checked=1700 union_bound=1700 all_choices=0 hits=0 runtime_ms=11444
PROGRESS checked=1800 union_bound=1800 all_choices=0 hits=0 runtime_ms=11946
PROGRESS checked=1900 union_bound=1900 all_choices=0 hits=0 runtime_ms=12436
PROGRESS checked=2000 union_bound=2000 all_choices=0 hits=0 runtime_ms=12931
PROGRESS checked=2100 union_bound=2100 all_choices=0 hits=0 runtime_ms=13279
PROGRESS checked=2200 union_bound=2200 all_choices=0 hits=0 runtime_ms=13574
PROGRESS checked=2300 union_bound=2300 all_choices=0 hits=0 runtime_ms=13983
PROGRESS checked=2400 union_bound=2400 all_choices=0 hits=0 runtime_ms=14604
PROGRESS checked=2500 union_bound=2500 all_choices=0 hits=0 runtime_ms=15031
ORDER_START 483 groups=2 runtime_ms=15338
ORDER_START 490 groups=10 runtime_ms=15341
ORDER_START 492 groups=12 runtime_ms=15426
ORDER_START 494 groups=4 runtime_ms=15524
PROGRESS checked=2600 union_bound=2600 all_choices=0 hits=0 runtime_ms=15527
ORDER_START 495 groups=4 runtime_ms=15560
ORDER_START 498 groups=4 runtime_ms=15569
ORDER_START 504 groups=202 runtime_ms=15611
PROGRESS checked=2700 union_bound=2700 all_choices=0 hits=0 runtime_ms=16078
PROGRESS checked=2800 union_bound=2800 all_choices=0 hits=0 runtime_ms=16780
ORDER_START 506 groups=6 runtime_ms=16850
ORDER_START 510 groups=8 runtime_ms=16903
DONE orders=[ 256, 511 ] checked=2827 union_bound=2827 all_choices=
0 prime_power_orders_trivial=47 hits=0 min_primes=3 other_orders_excluded=
131 runtime_ms=16964
