ORDER_START 1281 groups=5 runtime_ms=1744
ORDER_START 1284 groups=10 runtime_ms=1851
ORDER_START 1287 groups=4 runtime_ms=2024
ORDER_START 1288 groups=35 runtime_ms=2032
ORDER_START 1290 groups=12 runtime_ms=2478
ORDER_START 1292 groups=11 runtime_ms=2629
ORDER_START 1295 groups=1 runtime_ms=2816
ORDER_START 1298 groups=4 runtime_ms=2817
ORDER_START 1300 groups=50 runtime_ms=2872
PROGRESS checked=100 union_bound=100 all_choices=0 hits=0 runtime_ms=3198
ORDER_START 1302 groups=24 runtime_ms=3949
ORDER_START 1305 groups=2 runtime_ms=4345
ORDER_START 1308 groups=18 runtime_ms=4347
ORDER_START 1309 groups=1 runtime_ms=4799
ORDER_START 1310 groups=6 runtime_ms=4800
ORDER_START 1311 groups=2 runtime_ms=4909
ORDER_START 1314 groups=18 runtime_ms=4913
PROGRESS checked=200 union_bound=200 all_choices=0 hits=0 runtime_ms=5133
ORDER_START 1316 groups=9 runtime_ms=5182
ORDER_START 1320 groups=181 runtime_ms=5331
PROGRESS checked=300 union_bound=300 all_choices=0 hits=0 runtime_ms=6381
ORDER_START 1326 groups=12 runtime_ms=7310
PROGRESS checked=400 union_bound=400 all_choices=0 hits=0 runtime_ms=7371
ORDER_START 1330 groups=8 runtime_ms=7430
ORDER_START 1332 groups=61 runtime_ms=7579
ORDER_START 1334 groups=4 runtime_ms=8558
ORDER_START 1335 groups=1 runtime_ms=8680
ORDER_START 1338 groups=6 runtime_ms=8680
ORDER_START 1340 groups=11 runtime_ms=8829
ORDER_START 1342 groups=4 runtime_ms=9026
PROGRESS checked=500 union_bound=500 all_choices=0 hits=0 runtime_ms=9082
ORDER_START 1344 groups=11720 runtime_ms=9082
PROGRESS checked=600 union_bound=600 all_choices=0 hits=0 runtime_ms=9591
PROGRESS checked=700 union_bound=700 all_choices=0 hits=0 runtime_ms=10280
PROGRESS checked=800 union_bound=800 all_choices=0 hits=0 runtime_ms=10951
PROGRESS checked=900 union_bound=900 all_choices=0 hits=0 runtime_ms=11528
PROGRESS checked=1000 union_bound=1000 all_choices=0 hits=0 runtime_ms=11916
PROGRESS checked=1100 union_bound=1100 all_choices=0 hits=0 runtime_ms=12237
PROGRESS checked=1200 union_bound=1200 all_choices=0 hits=0 runtime_ms=12754
PROGRESS checked=1300 union_bound=1300 all_choices=0 hits=0 runtime_ms=13276
PROGRESS checked=1400 union_bound=1400 all_choices=0 hits=0 runtime_ms=13847
PROGRESS checked=1500 union_bound=1500 all_choices=0 hits=0 runtime_ms=14365
PROGRESS checked=1600 union_bound=1600 all_choices=0 hits=0 runtime_ms=14884
PROGRESS checked=1700 union_bound=1700 all_choices=0 hits=0 runtime_ms=15469
PROGRESS checked=1800 union_bound=1800 all_choices=0 hits=0 runtime_ms=15997
PROGRESS checked=1900 union_bound=1900 all_choices=0 hits=0 runtime_ms=16518
PROGRESS checked=2000 union_bound=2000 all_choices=0 hits=0 runtime_ms=17349
PROGRESS checked=2100 union_bound=2100 all_choices=0 hits=0 runtime_ms=17994
PROGRESS checked=2200 union_bound=2200 all_choices=0 hits=0 runtime_ms=18698
PROGRESS checked=2300 union_bound=2300 all_choices=0 hits=0 runtime_ms=19339
PROGRESS checked=2400 union_bound=2400 all_choices=0 hits=0 runtime_ms=20055
PROGRESS checked=2500 union_bound=2500 all_choices=0 hits=0 runtime_ms=20712
PROGRESS checked=2600 union_bound=2600 all_choices=0 hits=0 runtime_ms=21427
PROGRESS checked=2700 union_bound=2700 all_choices=0 hits=0 runtime_ms=22072
PROGRESS checked=2800 union_bound=2800 all_choices=0 hits=0 runtime_ms=22779
PROGRESS checked=2900 union_bound=2900 all_choices=0 hits=0 runtime_ms=23409
PROGRESS checked=3000 union_bound=3000 all_choices=0 hits=0 runtime_ms=24057
PROGRESS checked=3100 union_bound=3100 all_choices=0 hits=0 runtime_ms=24776
PROGRESS checked=3200 union_bound=3200 all_choices=0 hits=0 runtime_ms=25502
PROGRESS checked=3300 union_bound=3300 all_choices=0 hits=0 runtime_ms=26148
PROGRESS checked=3400 union_bound=3400 all_choices=0 hits=0 runtime_ms=26864
PROGRESS checked=3500 union_bound=3500 all_choices=0 hits=0 runtime_ms=27519
PROGRESS checked=3600 union_bound=3600 all_choices=0 hits=0 runtime_ms=28228
PROGRESS checked=3700 union_bound=3700 all_choices=0 hits=0 runtime_ms=28865
PROGRESS checked=3800 union_bound=3800 all_choices=0 hits=0 runtime_ms=29577
PROGRESS checked=3900 union_bound=3900 all_choices=0 hits=0 runtime_ms=30208
PROGRESS checked=4000 union_bound=4000 all_choices=0 hits=0 runtime_ms=30917
PROGRESS checked=4100 union_bound=4100 all_choices=0 hits=0 runtime_ms=31546
PROGRESS checked=4200 union_bound=4200 all_choices=0 hits=0 runtime_ms=32259
PROGRESS checked=4300 union_bound=4300 all_choices=0 hits=0 runtime_ms=32903
PROGRESS checked=4400 union_bound=4400 all_choices=0 hits=0 runtime_ms=33623
PROGRESS checked=4500 union_bound=4500 all_choices=0 hits=0 runtime_ms=34278
PROGRESS checked=4600 union_bound=4600 all_choices=0 hits=0 runtime_ms=35001
PROGRESS checked=4700 union_bound=4700 all_choices=0 hits=0 runtime_ms=35617
PROGRESS checked=4800 union_bound=4800 all_choices=0 hits=0 runtime_ms=35973
PROGRESS checked=4900 union_bound=4900 all_choices=0 hits=0 runtime_ms=36496
PROGRESS checked=5000 union_bound=5000 all_choices=0 hits=0 runtime_ms=36870
PROGRESS checked=5100 union_bound=5100 all_choices=0 hits=0 runtime_ms=37246
PROGRESS checked=5200 union_bound=5200 all_choices=0 hits=0 runtime_ms=37622
PROGRESS checked=5300 union_bound=5300 all_choices=0 hits=0 runtime_ms=38067
PROGRESS checked=5400 union_bound=5400 all_choices=0 hits=0 runtime_ms=38447
PROGRESS checked=5500 union_bound=5500 all_choices=0 hits=0 runtime_ms=38792
PROGRESS checked=5600 union_bound=5600 all_choices=0 hits=0 runtime_ms=39096
PROGRESS checked=5700 union_bound=5700 all_choices=0 hits=0 runtime_ms=39396
PROGRESS checked=5800 union_bound=5800 all_choices=0 hits=0 runtime_ms=39689
PROGRESS checked=5900 union_bound=5900 all_choices=0 hits=0 runtime_ms=39987
PROGRESS checked=6000 union_bound=6000 all_choices=0 hits=0 runtime_ms=40283
PROGRESS checked=6100 union_bound=6100 all_choices=0 hits=0 runtime_ms=40748
PROGRESS checked=6200 union_bound=6200 all_choices=0 hits=0 runtime_ms=41378
PROGRESS checked=6300 union_bound=6300 all_choices=0 hits=0 runtime_ms=42086
PROGRESS checked=6400 union_bound=6400 all_choices=0 hits=0 runtime_ms=42709
PROGRESS checked=6500 union_bound=6500 all_choices=0 hits=0 runtime_ms=43417
PROGRESS checked=6600 union_bound=6600 all_choices=0 hits=0 runtime_ms=44047
PROGRESS checked=6700 union_bound=6700 all_choices=0 hits=0 runtime_ms=44555
PROGRESS checked=6800 union_bound=6800 all_choices=0 hits=0 runtime_ms=44786
PROGRESS checked=6900 union_bound=6900 all_choices=0 hits=0 runtime_ms=45506
PROGRESS checked=7000 union_bound=7000 all_choices=0 hits=0 runtime_ms=46177
PROGRESS checked=7100 union_bound=7100 all_choices=0 hits=0 runtime_ms=46679
PROGRESS checked=7200 union_bound=7200 all_choices=0 hits=0 runtime_ms=47184
PROGRESS checked=7300 union_bound=7300 all_choices=0 hits=0 runtime_ms=47692
PROGRESS checked=7400 union_bound=7400 all_choices=0 hits=0 runtime_ms=48266
PROGRESS checked=7500 union_bound=7500 all_choices=0 hits=0 runtime_ms=49045
PROGRESS checked=7600 union_bound=7600 all_choices=0 hits=0 runtime_ms=49750
PROGRESS checked=7700 union_bound=7700 all_choices=0 hits=0 runtime_ms=50392
PROGRESS checked=7800 union_bound=7800 all_choices=0 hits=0 runtime_ms=51102
PROGRESS checked=7900 union_bound=7900 all_choices=0 hits=0 runtime_ms=51738
PROGRESS checked=8000 union_bound=8000 all_choices=0 hits=0 runtime_ms=52449
PROGRESS checked=8100 union_bound=8100 all_choices=0 hits=0 runtime_ms=53092
PROGRESS checked=8200 union_bound=8200 all_choices=0 hits=0 runtime_ms=53807
PROGRESS checked=8300 union_bound=8300 all_choices=0 hits=0 runtime_ms=54516
PROGRESS checked=8400 union_bound=8400 all_choices=0 hits=0 runtime_ms=55152
PROGRESS checked=8500 union_bound=8500 all_choices=0 hits=0 runtime_ms=55871
PROGRESS checked=8600 union_bound=8600 all_choices=0 hits=0 runtime_ms=56517
PROGRESS checked=8700 union_bound=8700 all_choices=0 hits=0 runtime_ms=57233
PROGRESS checked=8800 union_bound=8800 all_choices=0 hits=0 runtime_ms=57873
PROGRESS checked=8900 union_bound=8900 all_choices=0 hits=0 runtime_ms=58587
PROGRESS checked=9000 union_bound=9000 all_choices=0 hits=0 runtime_ms=59226
PROGRESS checked=9100 union_bound=9100 all_choices=0 hits=0 runtime_ms=59941
PROGRESS checked=9200 union_bound=9200 all_choices=0 hits=0 runtime_ms=60662
PROGRESS checked=9300 union_bound=9300 all_choices=0 hits=0 runtime_ms=61299
PROGRESS checked=9400 union_bound=9400 all_choices=0 hits=0 runtime_ms=62022
PROGRESS checked=9500 union_bound=9500 all_choices=0 hits=0 runtime_ms=62664
PROGRESS checked=9600 union_bound=9600 all_choices=0 hits=0 runtime_ms=63383
PROGRESS checked=9700 union_bound=9700 all_choices=0 hits=0 runtime_ms=64017
PROGRESS checked=9800 union_bound=9800 all_choices=0 hits=0 runtime_ms=64732
PROGRESS checked=9900 union_bound=9900 all_choices=0 hits=0 runtime_ms=65366
PROGRESS checked=10000 union_bound=10000 all_choices=0 hits=0 runtime_ms=66090
PROGRESS checked=10100 union_bound=10100 all_choices=0 hits=0 runtime_ms=66731
PROGRESS checked=10200 union_bound=10200 all_choices=0 hits=0 runtime_ms=67378
PROGRESS checked=10300 union_bound=10300 all_choices=0 hits=0 runtime_ms=68092
PROGRESS checked=10400 union_bound=10400 all_choices=0 hits=0 runtime_ms=68747
PROGRESS checked=10500 union_bound=10500 all_choices=0 hits=0 runtime_ms=69303
PROGRESS checked=10600 union_bound=10600 all_choices=0 hits=0 runtime_ms=69915
PROGRESS checked=10700 union_bound=10700 all_choices=0 hits=0 runtime_ms=70300
PROGRESS checked=10800 union_bound=10800 all_choices=0 hits=0 runtime_ms=70746
PROGRESS checked=10900 union_bound=10900 all_choices=0 hits=0 runtime_ms=71119
PROGRESS checked=11000 union_bound=11000 all_choices=0 hits=0 runtime_ms=71465
PROGRESS checked=11100 union_bound=11100 all_choices=0 hits=0 runtime_ms=71758
PROGRESS checked=11200 union_bound=11200 all_choices=0 hits=0 runtime_ms=72055
PROGRESS checked=11300 union_bound=11300 all_choices=0 hits=0 runtime_ms=72350
PROGRESS checked=11400 union_bound=11400 all_choices=0 hits=0 runtime_ms=72830
PROGRESS checked=11500 union_bound=11500 all_choices=0 hits=0 runtime_ms=73539
PROGRESS checked=11600 union_bound=11600 all_choices=0 hits=0 runtime_ms=74176
PROGRESS checked=11700 union_bound=11700 all_choices=0 hits=0 runtime_ms=74881
PROGRESS checked=11800 union_bound=11800 all_choices=0 hits=0 runtime_ms=75280
PROGRESS checked=11900 union_bound=11900 all_choices=0 hits=0 runtime_ms=76048
PROGRESS checked=12000 union_bound=12000 all_choices=0 hits=0 runtime_ms=76713
PROGRESS checked=12100 union_bound=12100 all_choices=0 hits=0 runtime_ms=77371
PROGRESS checked=12200 union_bound=12200 all_choices=0 hits=0 runtime_ms=77939
ORDER_START 1350 groups=112 runtime_ms=78106
PROGRESS checked=12300 union_bound=12300 all_choices=0 hits=0 runtime_ms=78954
ORDER_START 1353 groups=1 runtime_ms=79296
ORDER_START 1356 groups=12 runtime_ms=79298
ORDER_START 1358 groups=4 runtime_ms=79529
ORDER_START 1360 groups=245 runtime_ms=79659
PROGRESS checked=12400 union_bound=12400 all_choices=0 hits=0 runtime_ms=80221
PROGRESS checked=12500 union_bound=12500 all_choices=0 hits=0 runtime_ms=81356
ORDER_START 1362 groups=4 runtime_ms=82499
ORDER_START 1364 groups=9 runtime_ms=82571
PROGRESS checked=12600 union_bound=12600 all_choices=0 hits=0 runtime_ms=82578
ORDER_START 1365 groups=5 runtime_ms=82717
ORDER_START 1368 groups=211 runtime_ms=82810
PROGRESS checked=12700 union_bound=12700 all_choices=0 hits=0 runtime_ms=83728
PROGRESS checked=12800 union_bound=12800 all_choices=0 hits=0 runtime_ms=85177
ORDER_START 1370 groups=4 runtime_ms=85440
ORDER_START 1374 groups=6 runtime_ms=85502
ORDER_START 1378 groups=6 runtime_ms=85648
ORDER_START 1380 groups=29 runtime_ms=85730
ORDER_START 1386 groups=32 runtime_ms=86247
PROGRESS checked=12900 union_bound=12900 all_choices=0 hits=0 runtime_ms=86521
ORDER_START 1390 groups=4 runtime_ms=86521
ORDER_START 1392 groups=198 runtime_ms=86584
PROGRESS checked=13000 union_bound=13000 all_choices=0 hits=0 runtime_ms=87657
PROGRESS checked=13100 union_bound=13100 all_choices=0 hits=0 runtime_ms=88820
ORDER_START 1394 groups=4 runtime_ms=88837
ORDER_START 1395 groups=8 runtime_ms=88894
ORDER_START 1398 groups=4 runtime_ms=88940
ORDER_START 1400 groups=153 runtime_ms=89078
PROGRESS checked=13200 union_bound=13200 all_choices=0 hits=0 runtime_ms=90269
ORDER_START 1404 groups=227 runtime_ms=91236
PROGRESS checked=13300 union_bound=13300 all_choices=0 hits=0 runtime_ms=91529
PROGRESS checked=13400 union_bound=13400 all_choices=0 hits=0 runtime_ms=92851
ORDER_START 1406 groups=4 runtime_ms=94042
PROGRESS checked=13500 union_bound=13500 all_choices=0 hits=0 runtime_ms=94051
ORDER_START 1407 groups=5 runtime_ms=94100
ORDER_START 1410 groups=8 runtime_ms=94212
ORDER_START 1414 groups=4 runtime_ms=94305
ORDER_START 1416 groups=39 runtime_ms=94366
ORDER_START 1419 groups=2 runtime_ms=94972
ORDER_START 1420 groups=15 runtime_ms=94979
ORDER_START 1422 groups=16 runtime_ms=95239
ORDER_START 1425 groups=6 runtime_ms=95481
ORDER_START 1426 groups=4 runtime_ms=95548
PROGRESS checked=13600 union_bound=13600 all_choices=0 hits=0 runtime_ms=95605
ORDER_START 1428 groups=40 runtime_ms=95606
ORDER_START 1430 groups=12 runtime_ms=96226
ORDER_START 1434 groups=4 runtime_ms=96334
ORDER_START 1435 groups=2 runtime_ms=96409
ORDER_START 1440 groups=5958 runtime_ms=96417
PROGRESS checked=13700 union_bound=13700 all_choices=0 hits=0 runtime_ms=96874
PROGRESS checked=13800 union_bound=13800 all_choices=0 hits=0 runtime_ms=97425
PROGRESS checked=13900 union_bound=13900 all_choices=0 hits=0 runtime_ms=98127
PROGRESS checked=14000 union_bound=14000 all_choices=0 hits=0 runtime_ms=98994
PROGRESS checked=14100 union_bound=14100 all_choices=0 hits=0 runtime_ms=
100063
PROGRESS checked=14200 union_bound=14200 all_choices=0 hits=0 runtime_ms=
101045
PROGRESS checked=14300 union_bound=14300 all_choices=0 hits=0 runtime_ms=
102116
PROGRESS checked=14400 union_bound=14400 all_choices=0 hits=0 runtime_ms=
102510
PROGRESS checked=14500 union_bound=14500 all_choices=0 hits=0 runtime_ms=
102935
PROGRESS checked=14600 union_bound=14600 all_choices=0 hits=0 runtime_ms=
103802
PROGRESS checked=14700 union_bound=14700 all_choices=0 hits=0 runtime_ms=
104427
PROGRESS checked=14800 union_bound=14800 all_choices=0 hits=0 runtime_ms=
105253
PROGRESS checked=14900 union_bound=14900 all_choices=0 hits=0 runtime_ms=
106187
PROGRESS checked=15000 union_bound=15000 all_choices=0 hits=0 runtime_ms=
106615
PROGRESS checked=15100 union_bound=15100 all_choices=0 hits=0 runtime_ms=
107244
PROGRESS checked=15200 union_bound=15200 all_choices=0 hits=0 runtime_ms=
108094
PROGRESS checked=15300 union_bound=15300 all_choices=0 hits=0 runtime_ms=
108843
PROGRESS checked=15400 union_bound=15400 all_choices=0 hits=0 runtime_ms=
109571
PROGRESS checked=15500 union_bound=15500 all_choices=0 hits=0 runtime_ms=
110638
PROGRESS checked=15600 union_bound=15600 all_choices=0 hits=0 runtime_ms=
111591
PROGRESS checked=15700 union_bound=15700 all_choices=0 hits=0 runtime_ms=
112666
PROGRESS checked=15800 union_bound=15800 all_choices=0 hits=0 runtime_ms=
113751
PROGRESS checked=15900 union_bound=15900 all_choices=0 hits=0 runtime_ms=
114820
PROGRESS checked=16000 union_bound=16000 all_choices=0 hits=0 runtime_ms=
115813
PROGRESS checked=16100 union_bound=16100 all_choices=0 hits=0 runtime_ms=
116889
PROGRESS checked=16200 union_bound=16200 all_choices=0 hits=0 runtime_ms=
117893
PROGRESS checked=16300 union_bound=16300 all_choices=0 hits=0 runtime_ms=
118541
PROGRESS checked=16400 union_bound=16400 all_choices=0 hits=0 runtime_ms=
119270
PROGRESS checked=16500 union_bound=16500 all_choices=0 hits=0 runtime_ms=
119752
PROGRESS checked=16600 union_bound=16600 all_choices=0 hits=0 runtime_ms=
120234
PROGRESS checked=16700 union_bound=16700 all_choices=0 hits=0 runtime_ms=
120798
PROGRESS checked=16800 union_bound=16800 all_choices=0 hits=0 runtime_ms=
121796
PROGRESS checked=16900 union_bound=16900 all_choices=0 hits=0 runtime_ms=
122848
PROGRESS checked=17000 union_bound=17000 all_choices=0 hits=0 runtime_ms=
123917
PROGRESS checked=17100 union_bound=17100 all_choices=0 hits=0 runtime_ms=
124598
PROGRESS checked=17200 union_bound=17200 all_choices=0 hits=0 runtime_ms=
124984
PROGRESS checked=17300 union_bound=17300 all_choices=0 hits=0 runtime_ms=
125779
PROGRESS checked=17400 union_bound=17400 all_choices=0 hits=0 runtime_ms=
126840
PROGRESS checked=17500 union_bound=17500 all_choices=0 hits=0 runtime_ms=
127899
PROGRESS checked=17600 union_bound=17600 all_choices=0 hits=0 runtime_ms=
128960
PROGRESS checked=17700 union_bound=17700 all_choices=0 hits=0 runtime_ms=
130027
PROGRESS checked=17800 union_bound=17800 all_choices=0 hits=0 runtime_ms=
130758
PROGRESS checked=17900 union_bound=17900 all_choices=0 hits=0 runtime_ms=
131056
PROGRESS checked=18000 union_bound=18000 all_choices=0 hits=0 runtime_ms=
131455
PROGRESS checked=18100 union_bound=18100 all_choices=0 hits=0 runtime_ms=
131939
PROGRESS checked=18200 union_bound=18200 all_choices=0 hits=0 runtime_ms=
132820
PROGRESS checked=18300 union_bound=18300 all_choices=0 hits=0 runtime_ms=
134162
PROGRESS checked=18400 union_bound=18400 all_choices=0 hits=0 runtime_ms=
135315
PROGRESS checked=18500 union_bound=18500 all_choices=0 hits=0 runtime_ms=
136176
PROGRESS checked=18600 union_bound=18600 all_choices=0 hits=0 runtime_ms=
137182
PROGRESS checked=18700 union_bound=18700 all_choices=0 hits=0 runtime_ms=
138085
PROGRESS checked=18800 union_bound=18800 all_choices=0 hits=0 runtime_ms=
138940
PROGRESS checked=18900 union_bound=18900 all_choices=0 hits=0 runtime_ms=
139969
PROGRESS checked=19000 union_bound=19000 all_choices=0 hits=0 runtime_ms=
141033
PROGRESS checked=19100 union_bound=19100 all_choices=0 hits=0 runtime_ms=
141686
PROGRESS checked=19200 union_bound=19200 all_choices=0 hits=0 runtime_ms=
142403
PROGRESS checked=19300 union_bound=19300 all_choices=0 hits=0 runtime_ms=
143130
PROGRESS checked=19400 union_bound=19400 all_choices=0 hits=0 runtime_ms=
144065
PROGRESS checked=19500 union_bound=19500 all_choices=0 hits=0 runtime_ms=
144560
PROGRESS checked=19600 union_bound=19600 all_choices=0 hits=0 runtime_ms=
145530
ORDER_START 1442 groups=4 runtime_ms=145628
ORDER_START 1443 groups=5 runtime_ms=145691
ORDER_START 1446 groups=6 runtime_ms=145802
ORDER_START 1449 groups=4 runtime_ms=145954
ORDER_START 1450 groups=10 runtime_ms=145961
ORDER_START 1452 groups=40 runtime_ms=146163
ORDER_START 1455 groups=2 runtime_ms=147132
ORDER_START 1456 groups=179 runtime_ms=147144
PROGRESS checked=19700 union_bound=19700 all_choices=0 hits=0 runtime_ms=
147274
PROGRESS checked=19800 union_bound=19800 all_choices=0 hits=0 runtime_ms=
148218
ORDER_START 1460 groups=15 runtime_ms=148959
ORDER_START 1462 groups=4 runtime_ms=149316
ORDER_START 1463 groups=1 runtime_ms=149464
ORDER_START 1464 groups=61 runtime_ms=149464
PROGRESS checked=19900 union_bound=19900 all_choices=0 hits=0 runtime_ms=
149661
ORDER_START 1470 groups=46 runtime_ms=150394
ORDER_START 1474 groups=6 runtime_ms=150938
PROGRESS checked=20000 union_bound=20000 all_choices=0 hits=0 runtime_ms=
151018
ORDER_START 1476 groups=36 runtime_ms=151018
ORDER_START 1479 groups=1 runtime_ms=151746
ORDER_START 1480 groups=49 runtime_ms=151747
ORDER_START 1482 groups=24 runtime_ms=152560
PROGRESS checked=20100 union_bound=20100 all_choices=0 hits=0 runtime_ms=
152812
ORDER_START 1484 groups=11 runtime_ms=152944
ORDER_START 1485 groups=10 runtime_ms=153235
ORDER_START 1488 groups=222 runtime_ms=153252
PROGRESS checked=20200 union_bound=20200 all_choices=0 hits=0 runtime_ms=
154028
PROGRESS checked=20300 union_bound=20300 all_choices=0 hits=0 runtime_ms=
155159
ORDER_START 1490 groups=4 runtime_ms=155750
ORDER_START 1491 groups=3 runtime_ms=155811
ORDER_START 1494 groups=10 runtime_ms=155824
ORDER_START 1495 groups=1 runtime_ms=155961
ORDER_START 1496 groups=41 runtime_ms=155961
PROGRESS checked=20400 union_bound=20400 all_choices=0 hits=0 runtime_ms=
156447
ORDER_START 1498 groups=4 runtime_ms=156584
ORDER_START 1500 groups=174 runtime_ms=156644
PROGRESS checked=20500 union_bound=20500 all_choices=0 hits=0 runtime_ms=
158014
ORDER_START 1505 groups=2 runtime_ms=159548
ORDER_START 1506 groups=4 runtime_ms=159555
ORDER_START 1508 groups=15 runtime_ms=159626
PROGRESS checked=20600 union_bound=20600 all_choices=0 hits=0 runtime_ms=
159677
ORDER_START 1510 groups=6 runtime_ms=160034
ORDER_START 1512 groups=889 runtime_ms=160146
PROGRESS checked=20700 union_bound=20700 all_choices=0 hits=0 runtime_ms=
160780
PROGRESS checked=20800 union_bound=20800 all_choices=0 hits=0 runtime_ms=
161572
PROGRESS checked=20900 union_bound=20900 all_choices=0 hits=0 runtime_ms=
162669
PROGRESS checked=21000 union_bound=21000 all_choices=0 hits=0 runtime_ms=
163676
PROGRESS checked=21100 union_bound=21100 all_choices=0 hits=0 runtime_ms=
164470
PROGRESS checked=21200 union_bound=21200 all_choices=0 hits=0 runtime_ms=
165349
PROGRESS checked=21300 union_bound=21300 all_choices=0 hits=0 runtime_ms=
166052
PROGRESS checked=21400 union_bound=21400 all_choices=0 hits=0 runtime_ms=
167511
PROGRESS checked=21500 union_bound=21500 all_choices=0 hits=0 runtime_ms=
168666
ORDER_START 1515 groups=2 runtime_ms=168711
ORDER_START 1518 groups=12 runtime_ms=168726
ORDER_START 1520 groups=178 runtime_ms=168832
PROGRESS checked=21600 union_bound=21600 all_choices=0 hits=0 runtime_ms=
169722
ORDER_START 1524 groups=15 runtime_ms=170780
PROGRESS checked=21700 union_bound=21700 all_choices=0 hits=0 runtime_ms=
170816
ORDER_START 1526 groups=4 runtime_ms=171050
ORDER_START 1530 groups=20 runtime_ms=171109
ORDER_START 1533 groups=5 runtime_ms=171314
ORDER_START 1534 groups=4 runtime_ms=171390
DONE orders=[ 1280, 1535 ] checked=21746 union_bound=21746 all_choices=
0 prime_power_orders_trivial=37 hits=0 min_primes=3 other_orders_excluded=
115 runtime_ms=171510
