ORDER_START 516 groups=15 runtime_ms=1795
ORDER_START 518 groups=4 runtime_ms=1935
ORDER_START 520 groups=49 runtime_ms=1969
ORDER_START 522 groups=10 runtime_ms=2299
ORDER_START 525 groups=6 runtime_ms=2394
ORDER_START 528 groups=170 runtime_ms=2421
PROGRESS checked=100 union_bound=100 all_choices=0 hits=0 runtime_ms=2525
PROGRESS checked=200 union_bound=200 all_choices=0 hits=0 runtime_ms=3037
ORDER_START 530 groups=4 runtime_ms=3266
ORDER_START 532 groups=9 runtime_ms=3312
ORDER_START 534 groups=4 runtime_ms=3378
ORDER_START 540 groups=119 runtime_ms=3426
PROGRESS checked=300 union_bound=300 all_choices=0 hits=0 runtime_ms=3609
ORDER_START 546 groups=24 runtime_ms=4271
PROGRESS checked=400 union_bound=400 all_choices=0 hits=0 runtime_ms=4366
ORDER_START 550 groups=16 runtime_ms=4501
ORDER_START 552 groups=39 runtime_ms=4618
ORDER_START 555 groups=2 runtime_ms=4880
ORDER_START 558 groups=16 runtime_ms=4889
ORDER_START 560 groups=180 runtime_ms=5030
PROGRESS checked=500 union_bound=500 all_choices=0 hits=0 runtime_ms=5101
PROGRESS checked=600 union_bound=600 all_choices=0 hits=0 runtime_ms=5668
ORDER_START 561 groups=1 runtime_ms=6011
ORDER_START 564 groups=10 runtime_ms=6012
ORDER_START 570 groups=12 runtime_ms=6093
ORDER_START 572 groups=11 runtime_ms=6189
PROGRESS checked=700 union_bound=700 all_choices=0 hits=0 runtime_ms=6287
ORDER_START 574 groups=4 runtime_ms=6288
ORDER_START 580 groups=15 runtime_ms=6325
ORDER_START 582 groups=6 runtime_ms=6495
ORDER_START 585 groups=4 runtime_ms=6579
ORDER_START 588 groups=66 runtime_ms=6587
ORDER_START 590 groups=4 runtime_ms=7251
PROGRESS checked=800 union_bound=800 all_choices=0 hits=0 runtime_ms=7298
ORDER_START 594 groups=30 runtime_ms=7298
ORDER_START 595 groups=1 runtime_ms=7528
ORDER_START 598 groups=4 runtime_ms=7529
ORDER_START 600 groups=205 runtime_ms=7574
PROGRESS checked=900 union_bound=900 all_choices=0 hits=0 runtime_ms=8078
PROGRESS checked=1000 union_bound=1000 all_choices=0 hits=0 runtime_ms=8940
ORDER_START 602 groups=6 runtime_ms=9266
ORDER_START 606 groups=4 runtime_ms=9337
ORDER_START 609 groups=3 runtime_ms=9390
ORDER_START 610 groups=6 runtime_ms=9398
ORDER_START 612 groups=36 runtime_ms=9468
ORDER_START 615 groups=2 runtime_ms=9822
ORDER_START 616 groups=35 runtime_ms=9829
PROGRESS checked=1100 union_bound=1100 all_choices=0 hits=0 runtime_ms=9851
ORDER_START 618 groups=6 runtime_ms=10060
ORDER_START 620 groups=15 runtime_ms=10155
ORDER_START 624 groups=260 runtime_ms=10288
PROGRESS checked=1200 union_bound=1200 all_choices=0 hits=0 runtime_ms=10601
PROGRESS checked=1300 union_bound=1300 all_choices=0 hits=0 runtime_ms=11118
PROGRESS checked=1400 union_bound=1400 all_choices=0 hits=0 runtime_ms=11706
ORDER_START 627 groups=2 runtime_ms=11790
ORDER_START 630 groups=32 runtime_ms=11794
ORDER_START 636 groups=12 runtime_ms=12002
ORDER_START 638 groups=4 runtime_ms=12123
ORDER_START 642 groups=4 runtime_ms=12235
ORDER_START 644 groups=9 runtime_ms=12291
ORDER_START 645 groups=2 runtime_ms=12376
ORDER_START 646 groups=4 runtime_ms=12383
ORDER_START 650 groups=10 runtime_ms=12422
ORDER_START 651 groups=5 runtime_ms=12526
ORDER_START 654 groups=6 runtime_ms=12594
PROGRESS checked=1500 union_bound=1500 all_choices=0 hits=0 runtime_ms=12633
ORDER_START 658 groups=4 runtime_ms=12694
ORDER_START 660 groups=40 runtime_ms=12737
ORDER_START 663 groups=2 runtime_ms=13059
ORDER_START 665 groups=1 runtime_ms=13061
ORDER_START 666 groups=18 runtime_ms=13062
ORDER_START 670 groups=4 runtime_ms=13267
ORDER_START 672 groups=1280 runtime_ms=13319
PROGRESS checked=1600 union_bound=1600 all_choices=0 hits=0 runtime_ms=13445
PROGRESS checked=1700 union_bound=1700 all_choices=0 hits=0 runtime_ms=13973
PROGRESS checked=1800 union_bound=1800 all_choices=0 hits=0 runtime_ms=14327
PROGRESS checked=1900 union_bound=1900 all_choices=0 hits=0 runtime_ms=14779
PROGRESS checked=2000 union_bound=2000 all_choices=0 hits=0 runtime_ms=15373
PROGRESS checked=2100 union_bound=2100 all_choices=0 hits=0 runtime_ms=15949
PROGRESS checked=2200 union_bound=2200 all_choices=0 hits=0 runtime_ms=16592
PROGRESS checked=2300 union_bound=2300 all_choices=0 hits=0 runtime_ms=17158
PROGRESS checked=2400 union_bound=2400 all_choices=0 hits=0 runtime_ms=17546
PROGRESS checked=2500 union_bound=2500 all_choices=0 hits=0 runtime_ms=17834
PROGRESS checked=2600 union_bound=2600 all_choices=0 hits=0 runtime_ms=18355
PROGRESS checked=2700 union_bound=2700 all_choices=0 hits=0 runtime_ms=18909
PROGRESS checked=2800 union_bound=2800 all_choices=0 hits=0 runtime_ms=19384
ORDER_START 678 groups=4 runtime_ms=19658
ORDER_START 680 groups=53 runtime_ms=19721
PROGRESS checked=2900 union_bound=2900 all_choices=0 hits=0 runtime_ms=20114
ORDER_START 682 groups=4 runtime_ms=20201
ORDER_START 684 groups=51 runtime_ms=20247
ORDER_START 690 groups=8 runtime_ms=20695
ORDER_START 693 groups=4 runtime_ms=20841
ORDER_START 696 groups=44 runtime_ms=20847
PROGRESS checked=3000 union_bound=3000 all_choices=0 hits=0 runtime_ms=21040
ORDER_START 700 groups=36 runtime_ms=21210
ORDER_START 702 groups=62 runtime_ms=21587
PROGRESS checked=3100 union_bound=3100 all_choices=0 hits=0 runtime_ms=21943
ORDER_START 705 groups=1 runtime_ms=22075
ORDER_START 708 groups=10 runtime_ms=22077
ORDER_START 710 groups=6 runtime_ms=22178
ORDER_START 714 groups=12 runtime_ms=22264
ORDER_START 715 groups=2 runtime_ms=22365
ORDER_START 720 groups=840 runtime_ms=22370
PROGRESS checked=3200 union_bound=3200 all_choices=0 hits=0 runtime_ms=22694
PROGRESS checked=3300 union_bound=3300 all_choices=0 hits=0 runtime_ms=23362
PROGRESS checked=3400 union_bound=3400 all_choices=0 hits=0 runtime_ms=23998
PROGRESS checked=3500 union_bound=3500 all_choices=0 hits=0 runtime_ms=24568
PROGRESS checked=3600 union_bound=3600 all_choices=0 hits=0 runtime_ms=25324
PROGRESS checked=3700 union_bound=3700 all_choices=0 hits=0 runtime_ms=26083
PROGRESS checked=3800 union_bound=3800 all_choices=0 hits=0 runtime_ms=26725
PROGRESS checked=3900 union_bound=3900 all_choices=0 hits=0 runtime_ms=27321
ORDER_START 726 groups=13 runtime_ms=28050
PROGRESS checked=4000 union_bound=4000 all_choices=0 hits=0 runtime_ms=28199
ORDER_START 728 groups=40 runtime_ms=28244
ORDER_START 730 groups=4 runtime_ms=28552
ORDER_START 732 groups=18 runtime_ms=28612
ORDER_START 735 groups=6 runtime_ms=28853
ORDER_START 738 groups=10 runtime_ms=28876
ORDER_START 740 groups=15 runtime_ms=29001
ORDER_START 741 groups=5 runtime_ms=29206
PROGRESS checked=4100 union_bound=4100 all_choices=0 hits=0 runtime_ms=29269
ORDER_START 742 groups=4 runtime_ms=29269
ORDER_START 744 groups=54 runtime_ms=29323
ORDER_START 748 groups=11 runtime_ms=29795
ORDER_START 750 groups=39 runtime_ms=29978
PROGRESS checked=4200 union_bound=4200 all_choices=0 hits=0 runtime_ms=30254
ORDER_START 754 groups=4 runtime_ms=30337
ORDER_START 756 groups=189 runtime_ms=30389
PROGRESS checked=4300 union_bound=4300 all_choices=0 hits=0 runtime_ms=30951
PROGRESS checked=4400 union_bound=4400 all_choices=0 hits=0 runtime_ms=31768
ORDER_START 759 groups=2 runtime_ms=31769
ORDER_START 760 groups=39 runtime_ms=31775
ORDER_START 762 groups=6 runtime_ms=32106
ORDER_START 765 groups=2 runtime_ms=32215
DONE orders=[ 512, 767 ] checked=4450 union_bound=4450 all_choices=
0 prime_power_orders_trivial=42 hits=0 min_primes=3 other_orders_excluded=
123 runtime_ms=32217
