ORDER_START 770 groups=12 runtime_ms=1757
ORDER_START 774 groups=16 runtime_ms=1857
ORDER_START 777 groups=5 runtime_ms=2066
ORDER_START 780 groups=53 runtime_ms=2135
ORDER_START 782 groups=4 runtime_ms=2665
ORDER_START 786 groups=4 runtime_ms=2718
ORDER_START 790 groups=4 runtime_ms=2782
ORDER_START 792 groups=137 runtime_ms=2846
PROGRESS checked=100 union_bound=100 all_choices=0 hits=0 runtime_ms=2852
PROGRESS checked=200 union_bound=200 all_choices=0 hits=0 runtime_ms=3681
ORDER_START 795 groups=1 runtime_ms=3964
ORDER_START 798 groups=24 runtime_ms=3965
ORDER_START 804 groups=15 runtime_ms=4264
ORDER_START 805 groups=1 runtime_ms=4533
ORDER_START 806 groups=4 runtime_ms=4534
ORDER_START 810 groups=113 runtime_ms=4590
PROGRESS checked=300 union_bound=300 all_choices=0 hits=0 runtime_ms=4702
ORDER_START 812 groups=16 runtime_ms=5513
PROGRESS checked=400 union_bound=400 all_choices=0 hits=0 runtime_ms=5575
ORDER_START 814 groups=4 runtime_ms=5678
ORDER_START 816 groups=205 runtime_ms=5736
PROGRESS checked=500 union_bound=500 all_choices=0 hits=0 runtime_ms=6360
PROGRESS checked=600 union_bound=600 all_choices=0 hits=0 runtime_ms=7136
ORDER_START 819 groups=11 runtime_ms=7332
ORDER_START 820 groups=20 runtime_ms=7407
ORDER_START 822 groups=4 runtime_ms=7688
ORDER_START 825 groups=5 runtime_ms=7755
ORDER_START 826 groups=4 runtime_ms=7767
ORDER_START 828 groups=30 runtime_ms=7826
ORDER_START 830 groups=4 runtime_ms=8172
ORDER_START 834 groups=6 runtime_ms=8233
PROGRESS checked=700 union_bound=700 all_choices=0 hits=0 runtime_ms=8310
ORDER_START 836 groups=9 runtime_ms=8359
ORDER_START 840 groups=186 runtime_ms=8459
PROGRESS checked=800 union_bound=800 all_choices=0 hits=0 runtime_ms=9243
ORDER_START 846 groups=10 runtime_ms=9959
PROGRESS checked=900 union_bound=900 all_choices=0 hits=0 runtime_ms=10017
ORDER_START 850 groups=10 runtime_ms=10095
ORDER_START 852 groups=10 runtime_ms=10230
ORDER_START 854 groups=4 runtime_ms=10346
ORDER_START 855 groups=5 runtime_ms=10406
ORDER_START 858 groups=12 runtime_ms=10426
ORDER_START 860 groups=11 runtime_ms=10540
ORDER_START 861 groups=2 runtime_ms=10678
ORDER_START 868 groups=9 runtime_ms=10681
ORDER_START 870 groups=8 runtime_ms=10786
ORDER_START 874 groups=4 runtime_ms=10876
ORDER_START 876 groups=18 runtime_ms=10936
PROGRESS checked=1000 union_bound=1000 all_choices=0 hits=0 runtime_ms=11212
ORDER_START 880 groups=221 runtime_ms=11212
PROGRESS checked=1100 union_bound=1100 all_choices=0 hits=0 runtime_ms=11827
PROGRESS checked=1200 union_bound=1200 all_choices=0 hits=0 runtime_ms=12574
ORDER_START 882 groups=68 runtime_ms=12713
ORDER_START 884 groups=15 runtime_ms=13476
PROGRESS checked=1300 union_bound=1300 all_choices=0 hits=0 runtime_ms=13666
ORDER_START 885 groups=1 runtime_ms=13702
ORDER_START 888 groups=61 runtime_ms=13703
ORDER_START 890 groups=4 runtime_ms=14341
ORDER_START 894 groups=4 runtime_ms=14404
ORDER_START 897 groups=2 runtime_ms=14475
ORDER_START 900 groups=150 runtime_ms=14480
PROGRESS checked=1400 union_bound=1400 all_choices=0 hits=0 runtime_ms=14769
PROGRESS checked=1500 union_bound=1500 all_choices=0 hits=0 runtime_ms=16148
ORDER_START 902 groups=4 runtime_ms=16486
ORDER_START 903 groups=7 runtime_ms=16547
ORDER_START 906 groups=6 runtime_ms=16643
ORDER_START 910 groups=8 runtime_ms=16839
ORDER_START 912 groups=222 runtime_ms=16930
PROGRESS checked=1600 union_bound=1600 all_choices=0 hits=0 runtime_ms=17398
PROGRESS checked=1700 union_bound=1700 all_choices=0 hits=0 runtime_ms=18179
ORDER_START 915 groups=4 runtime_ms=18747
ORDER_START 918 groups=30 runtime_ms=18782
PROGRESS checked=1800 union_bound=1800 all_choices=0 hits=0 runtime_ms=19026
ORDER_START 920 groups=39 runtime_ms=19117
ORDER_START 924 groups=34 runtime_ms=19496
ORDER_START 930 groups=18 runtime_ms=19894
ORDER_START 935 groups=2 runtime_ms=20093
PROGRESS checked=1900 union_bound=1900 all_choices=0 hits=0 runtime_ms=20097
ORDER_START 936 groups=222 runtime_ms=20098
PROGRESS checked=2000 union_bound=2000 all_choices=0 hits=0 runtime_ms=20893
PROGRESS checked=2100 union_bound=2100 all_choices=0 hits=0 runtime_ms=21896
ORDER_START 938 groups=4 runtime_ms=22092
ORDER_START 940 groups=11 runtime_ms=22156
ORDER_START 942 groups=6 runtime_ms=22301
ORDER_START 945 groups=13 runtime_ms=22503
ORDER_START 946 groups=4 runtime_ms=22536
ORDER_START 948 groups=15 runtime_ms=22599
ORDER_START 950 groups=10 runtime_ms=22836
ORDER_START 952 groups=42 runtime_ms=22976
PROGRESS checked=2200 union_bound=2200 all_choices=0 hits=0 runtime_ms=23167
ORDER_START 954 groups=10 runtime_ms=23405
ORDER_START 957 groups=1 runtime_ms=23561
ORDER_START 960 groups=11394 runtime_ms=23562
PROGRESS checked=2300 union_bound=2300 all_choices=0 hits=0 runtime_ms=23899
PROGRESS checked=2400 union_bound=2400 all_choices=0 hits=0 runtime_ms=24456
PROGRESS checked=2500 union_bound=2500 all_choices=0 hits=0 runtime_ms=24913
PROGRESS checked=2600 union_bound=2600 all_choices=0 hits=0 runtime_ms=25322
PROGRESS checked=2700 union_bound=2700 all_choices=0 hits=0 runtime_ms=25635
PROGRESS checked=2800 union_bound=2800 all_choices=0 hits=0 runtime_ms=26186
PROGRESS checked=2900 union_bound=2900 all_choices=0 hits=0 runtime_ms=26563
PROGRESS checked=3000 union_bound=3000 all_choices=0 hits=0 runtime_ms=27125
PROGRESS checked=3100 union_bound=3100 all_choices=0 hits=0 runtime_ms=27604
PROGRESS checked=3200 union_bound=3200 all_choices=0 hits=0 runtime_ms=28074
PROGRESS checked=3300 union_bound=3300 all_choices=0 hits=0 runtime_ms=28635
PROGRESS checked=3400 union_bound=3400 all_choices=0 hits=0 runtime_ms=29195
PROGRESS checked=3500 union_bound=3500 all_choices=0 hits=0 runtime_ms=29736
PROGRESS checked=3600 union_bound=3600 all_choices=0 hits=0 runtime_ms=30357
PROGRESS checked=3700 union_bound=3700 all_choices=0 hits=0 runtime_ms=30923
PROGRESS checked=3800 union_bound=3800 all_choices=0 hits=0 runtime_ms=31491
PROGRESS checked=3900 union_bound=3900 all_choices=0 hits=0 runtime_ms=32056
PROGRESS checked=4000 union_bound=4000 all_choices=0 hits=0 runtime_ms=32608
PROGRESS checked=4100 union_bound=4100 all_choices=0 hits=0 runtime_ms=33146
PROGRESS checked=4200 union_bound=4200 all_choices=0 hits=0 runtime_ms=33687
PROGRESS checked=4300 union_bound=4300 all_choices=0 hits=0 runtime_ms=34232
PROGRESS checked=4400 union_bound=4400 all_choices=0 hits=0 runtime_ms=34846
PROGRESS checked=4500 union_bound=4500 all_choices=0 hits=0 runtime_ms=35398
PROGRESS checked=4600 union_bound=4600 all_choices=0 hits=0 runtime_ms=35949
PROGRESS checked=4700 union_bound=4700 all_choices=0 hits=0 runtime_ms=36501
PROGRESS checked=4800 union_bound=4800 all_choices=0 hits=0 runtime_ms=37053
PROGRESS checked=4900 union_bound=4900 all_choices=0 hits=0 runtime_ms=37599
PROGRESS checked=5000 union_bound=5000 all_choices=0 hits=0 runtime_ms=38135
PROGRESS checked=5100 union_bound=5100 all_choices=0 hits=0 runtime_ms=38667
PROGRESS checked=5200 union_bound=5200 all_choices=0 hits=0 runtime_ms=39273
PROGRESS checked=5300 union_bound=5300 all_choices=0 hits=0 runtime_ms=39811
PROGRESS checked=5400 union_bound=5400 all_choices=0 hits=0 runtime_ms=40351
PROGRESS checked=5500 union_bound=5500 all_choices=0 hits=0 runtime_ms=40905
PROGRESS checked=5600 union_bound=5600 all_choices=0 hits=0 runtime_ms=41453
PROGRESS checked=5700 union_bound=5700 all_choices=0 hits=0 runtime_ms=42006
PROGRESS checked=5800 union_bound=5800 all_choices=0 hits=0 runtime_ms=42555
PROGRESS checked=5900 union_bound=5900 all_choices=0 hits=0 runtime_ms=43099
PROGRESS checked=6000 union_bound=6000 all_choices=0 hits=0 runtime_ms=43620
PROGRESS checked=6100 union_bound=6100 all_choices=0 hits=0 runtime_ms=43965
PROGRESS checked=6200 union_bound=6200 all_choices=0 hits=0 runtime_ms=44319
PROGRESS checked=6300 union_bound=6300 all_choices=0 hits=0 runtime_ms=44661
PROGRESS checked=6400 union_bound=6400 all_choices=0 hits=0 runtime_ms=45013
PROGRESS checked=6500 union_bound=6500 all_choices=0 hits=0 runtime_ms=45356
PROGRESS checked=6600 union_bound=6600 all_choices=0 hits=0 runtime_ms=45695
PROGRESS checked=6700 union_bound=6700 all_choices=0 hits=0 runtime_ms=46000
PROGRESS checked=6800 union_bound=6800 all_choices=0 hits=0 runtime_ms=46315
PROGRESS checked=6900 union_bound=6900 all_choices=0 hits=0 runtime_ms=46620
PROGRESS checked=7000 union_bound=7000 all_choices=0 hits=0 runtime_ms=46927
PROGRESS checked=7100 union_bound=7100 all_choices=0 hits=0 runtime_ms=47231
PROGRESS checked=7200 union_bound=7200 all_choices=0 hits=0 runtime_ms=47588
PROGRESS checked=7300 union_bound=7300 all_choices=0 hits=0 runtime_ms=48127
PROGRESS checked=7400 union_bound=7400 all_choices=0 hits=0 runtime_ms=48666
PROGRESS checked=7500 union_bound=7500 all_choices=0 hits=0 runtime_ms=49196
PROGRESS checked=7600 union_bound=7600 all_choices=0 hits=0 runtime_ms=49793
PROGRESS checked=7700 union_bound=7700 all_choices=0 hits=0 runtime_ms=50331
PROGRESS checked=7800 union_bound=7800 all_choices=0 hits=0 runtime_ms=50789
PROGRESS checked=7900 union_bound=7900 all_choices=0 hits=0 runtime_ms=50927
PROGRESS checked=8000 union_bound=8000 all_choices=0 hits=0 runtime_ms=51903
PROGRESS checked=8100 union_bound=8100 all_choices=0 hits=0 runtime_ms=52540
PROGRESS checked=8200 union_bound=8200 all_choices=0 hits=0 runtime_ms=53148
PROGRESS checked=8300 union_bound=8300 all_choices=0 hits=0 runtime_ms=53695
PROGRESS checked=8400 union_bound=8400 all_choices=0 hits=0 runtime_ms=54247
PROGRESS checked=8500 union_bound=8500 all_choices=0 hits=0 runtime_ms=54783
PROGRESS checked=8600 union_bound=8600 all_choices=0 hits=0 runtime_ms=55345
PROGRESS checked=8700 union_bound=8700 all_choices=0 hits=0 runtime_ms=55733
PROGRESS checked=8800 union_bound=8800 all_choices=0 hits=0 runtime_ms=56148
PROGRESS checked=8900 union_bound=8900 all_choices=0 hits=0 runtime_ms=56690
PROGRESS checked=9000 union_bound=9000 all_choices=0 hits=0 runtime_ms=57226
PROGRESS checked=9100 union_bound=9100 all_choices=0 hits=0 runtime_ms=57761
PROGRESS checked=9200 union_bound=9200 all_choices=0 hits=0 runtime_ms=58362
PROGRESS checked=9300 union_bound=9300 all_choices=0 hits=0 runtime_ms=58903
PROGRESS checked=9400 union_bound=9400 all_choices=0 hits=0 runtime_ms=59448
PROGRESS checked=9500 union_bound=9500 all_choices=0 hits=0 runtime_ms=59996
PROGRESS checked=9600 union_bound=9600 all_choices=0 hits=0 runtime_ms=60540
PROGRESS checked=9700 union_bound=9700 all_choices=0 hits=0 runtime_ms=61157
PROGRESS checked=9800 union_bound=9800 all_choices=0 hits=0 runtime_ms=61706
PROGRESS checked=9900 union_bound=9900 all_choices=0 hits=0 runtime_ms=62252
PROGRESS checked=10000 union_bound=10000 all_choices=0 hits=0 runtime_ms=62801
PROGRESS checked=10100 union_bound=10100 all_choices=0 hits=0 runtime_ms=63351
PROGRESS checked=10200 union_bound=10200 all_choices=0 hits=0 runtime_ms=63967
PROGRESS checked=10300 union_bound=10300 all_choices=0 hits=0 runtime_ms=64508
PROGRESS checked=10400 union_bound=10400 all_choices=0 hits=0 runtime_ms=65055
PROGRESS checked=10500 union_bound=10500 all_choices=0 hits=0 runtime_ms=65602
PROGRESS checked=10600 union_bound=10600 all_choices=0 hits=0 runtime_ms=66142
PROGRESS checked=10700 union_bound=10700 all_choices=0 hits=0 runtime_ms=66684
PROGRESS checked=10800 union_bound=10800 all_choices=0 hits=0 runtime_ms=67292
PROGRESS checked=10900 union_bound=10900 all_choices=0 hits=0 runtime_ms=67831
PROGRESS checked=11000 union_bound=11000 all_choices=0 hits=0 runtime_ms=68371
PROGRESS checked=11100 union_bound=11100 all_choices=0 hits=0 runtime_ms=68906
PROGRESS checked=11200 union_bound=11200 all_choices=0 hits=0 runtime_ms=69451
PROGRESS checked=11300 union_bound=11300 all_choices=0 hits=0 runtime_ms=69993
PROGRESS checked=11400 union_bound=11400 all_choices=0 hits=0 runtime_ms=70601
PROGRESS checked=11500 union_bound=11500 all_choices=0 hits=0 runtime_ms=71145
PROGRESS checked=11600 union_bound=11600 all_choices=0 hits=0 runtime_ms=71691
PROGRESS checked=11700 union_bound=11700 all_choices=0 hits=0 runtime_ms=72235
PROGRESS checked=11800 union_bound=11800 all_choices=0 hits=0 runtime_ms=72777
PROGRESS checked=11900 union_bound=11900 all_choices=0 hits=0 runtime_ms=73323
PROGRESS checked=12000 union_bound=12000 all_choices=0 hits=0 runtime_ms=73685
PROGRESS checked=12100 union_bound=12100 all_choices=0 hits=0 runtime_ms=74021
PROGRESS checked=12200 union_bound=12200 all_choices=0 hits=0 runtime_ms=74342
PROGRESS checked=12300 union_bound=12300 all_choices=0 hits=0 runtime_ms=74651
PROGRESS checked=12400 union_bound=12400 all_choices=0 hits=0 runtime_ms=74934
PROGRESS checked=12500 union_bound=12500 all_choices=0 hits=0 runtime_ms=75216
PROGRESS checked=12600 union_bound=12600 all_choices=0 hits=0 runtime_ms=75499
PROGRESS checked=12700 union_bound=12700 all_choices=0 hits=0 runtime_ms=75870
PROGRESS checked=12800 union_bound=12800 all_choices=0 hits=0 runtime_ms=76360
PROGRESS checked=12900 union_bound=12900 all_choices=0 hits=0 runtime_ms=76857
PROGRESS checked=13000 union_bound=13000 all_choices=0 hits=0 runtime_ms=77430
PROGRESS checked=13100 union_bound=13100 all_choices=0 hits=0 runtime_ms=77668
PROGRESS checked=13200 union_bound=13200 all_choices=0 hits=0 runtime_ms=78446
PROGRESS checked=13300 union_bound=13300 all_choices=0 hits=0 runtime_ms=79002
PROGRESS checked=13400 union_bound=13400 all_choices=0 hits=0 runtime_ms=79485
PROGRESS checked=13500 union_bound=13500 all_choices=0 hits=0 runtime_ms=80036
PROGRESS checked=13600 union_bound=13600 all_choices=0 hits=0 runtime_ms=80433
ORDER_START 962 groups=4 runtime_ms=80598
ORDER_START 966 groups=12 runtime_ms=80655
ORDER_START 969 groups=2 runtime_ms=80768
ORDER_START 970 groups=4 runtime_ms=80773
ORDER_START 975 groups=6 runtime_ms=80842
ORDER_START 978 groups=6 runtime_ms=80886
ORDER_START 980 groups=34 runtime_ms=81016
PROGRESS checked=13700 union_bound=13700 all_choices=0 hits=0 runtime_ms=81442
ORDER_START 984 groups=46 runtime_ms=81442
ORDER_START 986 groups=4 runtime_ms=81972
ORDER_START 987 groups=2 runtime_ms=82032
ORDER_START 988 groups=11 runtime_ms=82035
ORDER_START 990 groups=30 runtime_ms=82167
ORDER_START 994 groups=6 runtime_ms=82416
ORDER_START 996 groups=10 runtime_ms=82505
PROGRESS checked=13800 union_bound=13800 all_choices=0 hits=0 runtime_ms=82507
ORDER_START 1001 groups=1 runtime_ms=82626
ORDER_START 1002 groups=4 runtime_ms=82627
ORDER_START 1005 groups=2 runtime_ms=82687
ORDER_START 1008 groups=954 runtime_ms=82698
PROGRESS checked=13900 union_bound=13900 all_choices=0 hits=0 runtime_ms=83260
PROGRESS checked=14000 union_bound=14000 all_choices=0 hits=0 runtime_ms=83960
PROGRESS checked=14100 union_bound=14100 all_choices=0 hits=0 runtime_ms=84493
PROGRESS checked=14200 union_bound=14200 all_choices=0 hits=0 runtime_ms=85353
PROGRESS checked=14300 union_bound=14300 all_choices=0 hits=0 runtime_ms=85883
PROGRESS checked=14400 union_bound=14400 all_choices=0 hits=0 runtime_ms=86579
PROGRESS checked=14500 union_bound=14500 all_choices=0 hits=0 runtime_ms=87399
PROGRESS checked=14600 union_bound=14600 all_choices=0 hits=0 runtime_ms=88123
PROGRESS checked=14700 union_bound=14700 all_choices=0 hits=0 runtime_ms=88871
ORDER_START 1010 groups=6 runtime_ms=89384
ORDER_START 1012 groups=13 runtime_ms=89468
ORDER_START 1014 groups=23 runtime_ms=89593
PROGRESS checked=14800 union_bound=14800 all_choices=0 hits=0 runtime_ms=89798
ORDER_START 1015 groups=2 runtime_ms=90004
ORDER_START 1020 groups=37 runtime_ms=90009
ORDER_START 1022 groups=4 runtime_ms=90463
ORDER_START 1023 groups=2 runtime_ms=90508
DONE orders=[ 768, 1023 ] checked=14857 union_bound=14857 all_choices=
0 prime_power_orders_trivial=39 hits=0 min_primes=3 other_orders_excluded=
121 runtime_ms=90513
