ORDER_START 1794 groups=12 runtime_ms=1741
ORDER_START 1798 groups=4 runtime_ms=1899
ORDER_START 1800 groups=749 runtime_ms=1972
PROGRESS checked=100 union_bound=100 all_choices=0 hits=0 runtime_ms=3339
PROGRESS checked=200 union_bound=200 all_choices=0 hits=0 runtime_ms=5251
PROGRESS checked=300 union_bound=300 all_choices=0 hits=0 runtime_ms=6807
PROGRESS checked=400 union_bound=400 all_choices=0 hits=0 runtime_ms=8630
PROGRESS checked=500 union_bound=500 all_choices=0 hits=0 runtime_ms=10222
PROGRESS checked=600 union_bound=600 all_choices=0 hits=0 runtime_ms=12091
PROGRESS checked=700 union_bound=700 all_choices=0 hits=0 runtime_ms=14503
ORDER_START 1802 groups=4 runtime_ms=15425
ORDER_START 1804 groups=11 runtime_ms=15496
ORDER_START 1806 groups=30 runtime_ms=15744
PROGRESS checked=800 union_bound=800 all_choices=0 hits=0 runtime_ms=16167
ORDER_START 1810 groups=6 runtime_ms=16324
ORDER_START 1812 groups=15 runtime_ms=16472
ORDER_START 1815 groups=9 runtime_ms=16896
ORDER_START 1818 groups=10 runtime_ms=16995
ORDER_START 1820 groups=35 runtime_ms=17174
ORDER_START 1824 groups=1264 runtime_ms=17940
PROGRESS checked=900 union_bound=900 all_choices=0 hits=0 runtime_ms=18072
PROGRESS checked=1000 union_bound=1000 all_choices=0 hits=0 runtime_ms=19309
PROGRESS checked=1100 union_bound=1100 all_choices=0 hits=0 runtime_ms=19844
PROGRESS checked=1200 union_bound=1200 all_choices=0 hits=0 runtime_ms=20855
PROGRESS checked=1300 union_bound=1300 all_choices=0 hits=0 runtime_ms=22071
PROGRESS checked=1400 union_bound=1400 all_choices=0 hits=0 runtime_ms=23465
PROGRESS checked=1500 union_bound=1500 all_choices=0 hits=0 runtime_ms=24775
PROGRESS checked=1600 union_bound=1600 all_choices=0 hits=0 runtime_ms=26096
PROGRESS checked=1700 union_bound=1700 all_choices=0 hits=0 runtime_ms=26906
PROGRESS checked=1800 union_bound=1800 all_choices=0 hits=0 runtime_ms=27341
PROGRESS checked=1900 union_bound=1900 all_choices=0 hits=0 runtime_ms=28495
PROGRESS checked=2000 union_bound=2000 all_choices=0 hits=0 runtime_ms=29489
PROGRESS checked=2100 union_bound=2100 all_choices=0 hits=0 runtime_ms=30533
ORDER_START 1826 groups=4 runtime_ms=30960
ORDER_START 1827 groups=6 runtime_ms=31032
ORDER_START 1830 groups=18 runtime_ms=31048
ORDER_START 1833 groups=2 runtime_ms=31302
ORDER_START 1834 groups=4 runtime_ms=31309
ORDER_START 1836 groups=117 runtime_ms=31452
PROGRESS checked=2200 union_bound=2200 all_choices=0 hits=0 runtime_ms=31723
PROGRESS checked=2300 union_bound=2300 all_choices=0 hits=0 runtime_ms=33762
ORDER_START 1840 groups=178 runtime_ms=33762
PROGRESS checked=2400 union_bound=2400 all_choices=0 hits=0 runtime_ms=35022
ORDER_START 1842 groups=6 runtime_ms=36149
ORDER_START 1845 groups=4 runtime_ms=36314
ORDER_START 1846 groups=4 runtime_ms=36330
ORDER_START 1848 groups=162 runtime_ms=36406
PROGRESS checked=2500 union_bound=2500 all_choices=0 hits=0 runtime_ms=36521
PROGRESS checked=2600 union_bound=2600 all_choices=0 hits=0 runtime_ms=37991
ORDER_START 1850 groups=10 runtime_ms=38678
ORDER_START 1854 groups=16 runtime_ms=38836
ORDER_START 1855 groups=1 runtime_ms=39206
ORDER_START 1860 groups=56 runtime_ms=39207
PROGRESS checked=2700 union_bound=2700 all_choices=0 hits=0 runtime_ms=39426
ORDER_START 1862 groups=10 runtime_ms=40151
ORDER_START 1866 groups=4 runtime_ms=40300
ORDER_START 1869 groups=2 runtime_ms=40390
ORDER_START 1870 groups=12 runtime_ms=40396
ORDER_START 1872 groups=1096 runtime_ms=40524
PROGRESS checked=2800 union_bound=2800 all_choices=0 hits=0 runtime_ms=40956
PROGRESS checked=2900 union_bound=2900 all_choices=0 hits=0 runtime_ms=41961
PROGRESS checked=3000 union_bound=3000 all_choices=0 hits=0 runtime_ms=43151
PROGRESS checked=3100 union_bound=3100 all_choices=0 hits=0 runtime_ms=44126
PROGRESS checked=3200 union_bound=3200 all_choices=0 hits=0 runtime_ms=45687
PROGRESS checked=3300 union_bound=3300 all_choices=0 hits=0 runtime_ms=46460
PROGRESS checked=3400 union_bound=3400 all_choices=0 hits=0 runtime_ms=47570
PROGRESS checked=3500 union_bound=3500 all_choices=0 hits=0 runtime_ms=49364
PROGRESS checked=3600 union_bound=3600 all_choices=0 hits=0 runtime_ms=50370
PROGRESS checked=3700 union_bound=3700 all_choices=0 hits=0 runtime_ms=51999
PROGRESS checked=3800 union_bound=3800 all_choices=0 hits=0 runtime_ms=53014
ORDER_START 1876 groups=9 runtime_ms=53822
ORDER_START 1878 groups=6 runtime_ms=54016
ORDER_START 1880 groups=39 runtime_ms=54182
PROGRESS checked=3900 union_bound=3900 all_choices=0 hits=0 runtime_ms=54650
ORDER_START 1881 groups=5 runtime_ms=54927
ORDER_START 1884 groups=18 runtime_ms=54941
ORDER_START 1885 groups=1 runtime_ms=55491
ORDER_START 1886 groups=4 runtime_ms=55492
ORDER_START 1887 groups=2 runtime_ms=55561
ORDER_START 1890 groups=120 runtime_ms=55567
PROGRESS checked=4000 union_bound=4000 all_choices=0 hits=0 runtime_ms=56046
ORDER_START 1892 groups=9 runtime_ms=56718
ORDER_START 1896 groups=54 runtime_ms=56907
PROGRESS checked=4100 union_bound=4100 all_choices=0 hits=0 runtime_ms=57479
ORDER_START 1898 groups=4 runtime_ms=57976
ORDER_START 1900 groups=36 runtime_ms=58049
ORDER_START 1902 groups=4 runtime_ms=58932
ORDER_START 1904 groups=186 runtime_ms=59027
PROGRESS checked=4200 union_bound=4200 all_choices=0 hits=0 runtime_ms=59607
PROGRESS checked=4300 union_bound=4300 all_choices=0 hits=0 runtime_ms=60931
ORDER_START 1905 groups=2 runtime_ms=61656
ORDER_START 1908 groups=36 runtime_ms=61673
ORDER_START 1910 groups=6 runtime_ms=62607
PROGRESS checked=4400 union_bound=4400 all_choices=0 hits=0 runtime_ms=62690
ORDER_START 1911 groups=15 runtime_ms=62752
ORDER_START 1914 groups=8 runtime_ms=63006
ORDER_START 1918 groups=4 runtime_ms=63114
ORDER_START 1920 groups=241004 runtime_ms=63256
PROGRESS checked=4500 union_bound=4500 all_choices=0 hits=0 runtime_ms=63544
PROGRESS checked=4600 union_bound=4600 all_choices=0 hits=0 runtime_ms=63962
PROGRESS checked=4700 union_bound=4700 all_choices=0 hits=0 runtime_ms=64351
PROGRESS checked=4800 union_bound=4800 all_choices=0 hits=0 runtime_ms=64763
PROGRESS checked=4900 union_bound=4900 all_choices=0 hits=0 runtime_ms=65175
PROGRESS checked=5000 union_bound=5000 all_choices=0 hits=0 runtime_ms=65563
PROGRESS checked=5100 union_bound=5100 all_choices=0 hits=0 runtime_ms=65972
PROGRESS checked=5200 union_bound=5200 all_choices=0 hits=0 runtime_ms=66380
PROGRESS checked=5300 union_bound=5300 all_choices=0 hits=0 runtime_ms=66797
PROGRESS checked=5400 union_bound=5400 all_choices=0 hits=0 runtime_ms=67212
PROGRESS checked=5500 union_bound=5500 all_choices=0 hits=0 runtime_ms=67596
PROGRESS checked=5600 union_bound=5600 all_choices=0 hits=0 runtime_ms=67973
PROGRESS checked=5700 union_bound=5700 all_choices=0 hits=0 runtime_ms=68369
PROGRESS checked=5800 union_bound=5800 all_choices=0 hits=0 runtime_ms=68833
PROGRESS checked=5900 union_bound=5900 all_choices=0 hits=0 runtime_ms=69228
PROGRESS checked=6000 union_bound=6000 all_choices=0 hits=0 runtime_ms=69636
PROGRESS checked=6100 union_bound=6100 all_choices=0 hits=0 runtime_ms=70007
PROGRESS checked=6200 union_bound=6200 all_choices=0 hits=0 runtime_ms=70395
PROGRESS checked=6300 union_bound=6300 all_choices=0 hits=0 runtime_ms=70799
PROGRESS checked=6400 union_bound=6400 all_choices=0 hits=0 runtime_ms=71201
PROGRESS checked=6500 union_bound=6500 all_choices=0 hits=0 runtime_ms=71623
PROGRESS checked=6600 union_bound=6600 all_choices=0 hits=0 runtime_ms=72022
PROGRESS checked=6700 union_bound=6700 all_choices=0 hits=0 runtime_ms=72399
PROGRESS checked=6800 union_bound=6800 all_choices=0 hits=0 runtime_ms=72965
PROGRESS checked=6900 union_bound=6900 all_choices=0 hits=0 runtime_ms=73824
PROGRESS checked=7000 union_bound=7000 all_choices=0 hits=0 runtime_ms=74636
PROGRESS checked=7100 union_bound=7100 all_choices=0 hits=0 runtime_ms=75530
PROGRESS checked=7200 union_bound=7200 all_choices=0 hits=0 runtime_ms=76364
PROGRESS checked=7300 union_bound=7300 all_choices=0 hits=0 runtime_ms=77192
PROGRESS checked=7400 union_bound=7400 all_choices=0 hits=0 runtime_ms=78092
PROGRESS checked=7500 union_bound=7500 all_choices=0 hits=0 runtime_ms=78916
PROGRESS checked=7600 union_bound=7600 all_choices=0 hits=0 runtime_ms=79784
PROGRESS checked=7700 union_bound=7700 all_choices=0 hits=0 runtime_ms=80581
PROGRESS checked=7800 union_bound=7800 all_choices=0 hits=0 runtime_ms=81386
PROGRESS checked=7900 union_bound=7900 all_choices=0 hits=0 runtime_ms=82273
PROGRESS checked=8000 union_bound=8000 all_choices=0 hits=0 runtime_ms=83105
PROGRESS checked=8100 union_bound=8100 all_choices=0 hits=0 runtime_ms=84011
PROGRESS checked=8200 union_bound=8200 all_choices=0 hits=0 runtime_ms=84901
PROGRESS checked=8300 union_bound=8300 all_choices=0 hits=0 runtime_ms=85733
PROGRESS checked=8400 union_bound=8400 all_choices=0 hits=0 runtime_ms=86695
PROGRESS checked=8500 union_bound=8500 all_choices=0 hits=0 runtime_ms=87558
PROGRESS checked=8600 union_bound=8600 all_choices=0 hits=0 runtime_ms=88508
PROGRESS checked=8700 union_bound=8700 all_choices=0 hits=0 runtime_ms=89379
PROGRESS checked=8800 union_bound=8800 all_choices=0 hits=0 runtime_ms=90192
PROGRESS checked=8900 union_bound=8900 all_choices=0 hits=0 runtime_ms=91056
PROGRESS checked=9000 union_bound=9000 all_choices=0 hits=0 runtime_ms=91897
PROGRESS checked=9100 union_bound=9100 all_choices=0 hits=0 runtime_ms=92807
PROGRESS checked=9200 union_bound=9200 all_choices=0 hits=0 runtime_ms=93679
PROGRESS checked=9300 union_bound=9300 all_choices=0 hits=0 runtime_ms=94601
PROGRESS checked=9400 union_bound=9400 all_choices=0 hits=0 runtime_ms=95392
PROGRESS checked=9500 union_bound=9500 all_choices=0 hits=0 runtime_ms=96348
PROGRESS checked=9600 union_bound=9600 all_choices=0 hits=0 runtime_ms=97259
PROGRESS checked=9700 union_bound=9700 all_choices=0 hits=0 runtime_ms=98167
PROGRESS checked=9800 union_bound=9800 all_choices=0 hits=0 runtime_ms=99136
PROGRESS checked=9900 union_bound=9900 all_choices=0 hits=0 runtime_ms=99988
PROGRESS checked=10000 union_bound=10000 all_choices=0 hits=0 runtime_ms=
100800
PROGRESS checked=10100 union_bound=10100 all_choices=0 hits=0 runtime_ms=
101681
PROGRESS checked=10200 union_bound=10200 all_choices=0 hits=0 runtime_ms=
102500
PROGRESS checked=10300 union_bound=10300 all_choices=0 hits=0 runtime_ms=
103393
PROGRESS checked=10400 union_bound=10400 all_choices=0 hits=0 runtime_ms=
104225
PROGRESS checked=10500 union_bound=10500 all_choices=0 hits=0 runtime_ms=
105022
PROGRESS checked=10600 union_bound=10600 all_choices=0 hits=0 runtime_ms=
105944
PROGRESS checked=10700 union_bound=10700 all_choices=0 hits=0 runtime_ms=
106768
PROGRESS checked=10800 union_bound=10800 all_choices=0 hits=0 runtime_ms=
107607
PROGRESS checked=10900 union_bound=10900 all_choices=0 hits=0 runtime_ms=
108519
PROGRESS checked=11000 union_bound=11000 all_choices=0 hits=0 runtime_ms=
109343
PROGRESS checked=11100 union_bound=11100 all_choices=0 hits=0 runtime_ms=
110181
PROGRESS checked=11200 union_bound=11200 all_choices=0 hits=0 runtime_ms=
111096
PROGRESS checked=11300 union_bound=11300 all_choices=0 hits=0 runtime_ms=
111949
PROGRESS checked=11400 union_bound=11400 all_choices=0 hits=0 runtime_ms=
112794
PROGRESS checked=11500 union_bound=11500 all_choices=0 hits=0 runtime_ms=
113704
PROGRESS checked=11600 union_bound=11600 all_choices=0 hits=0 runtime_ms=
114566
PROGRESS checked=11700 union_bound=11700 all_choices=0 hits=0 runtime_ms=
115384
PROGRESS checked=11800 union_bound=11800 all_choices=0 hits=0 runtime_ms=
116332
PROGRESS checked=11900 union_bound=11900 all_choices=0 hits=0 runtime_ms=
117171
PROGRESS checked=12000 union_bound=12000 all_choices=0 hits=0 runtime_ms=
118002
PROGRESS checked=12100 union_bound=12100 all_choices=0 hits=0 runtime_ms=
118963
PROGRESS checked=12200 union_bound=12200 all_choices=0 hits=0 runtime_ms=
119810
PROGRESS checked=12300 union_bound=12300 all_choices=0 hits=0 runtime_ms=
120643
PROGRESS checked=12400 union_bound=12400 all_choices=0 hits=0 runtime_ms=
121605
PROGRESS checked=12500 union_bound=12500 all_choices=0 hits=0 runtime_ms=
122451
PROGRESS checked=12600 union_bound=12600 all_choices=0 hits=0 runtime_ms=
123298
PROGRESS checked=12700 union_bound=12700 all_choices=0 hits=0 runtime_ms=
124267
PROGRESS checked=12800 union_bound=12800 all_choices=0 hits=0 runtime_ms=
125119
PROGRESS checked=12900 union_bound=12900 all_choices=0 hits=0 runtime_ms=
125961
PROGRESS checked=13000 union_bound=13000 all_choices=0 hits=0 runtime_ms=
126921
PROGRESS checked=13100 union_bound=13100 all_choices=0 hits=0 runtime_ms=
127766
PROGRESS checked=13200 union_bound=13200 all_choices=0 hits=0 runtime_ms=
128719
PROGRESS checked=13300 union_bound=13300 all_choices=0 hits=0 runtime_ms=
129588
PROGRESS checked=13400 union_bound=13400 all_choices=0 hits=0 runtime_ms=
130543
PROGRESS checked=13500 union_bound=13500 all_choices=0 hits=0 runtime_ms=
131402
PROGRESS checked=13600 union_bound=13600 all_choices=0 hits=0 runtime_ms=
132295
PROGRESS checked=13700 union_bound=13700 all_choices=0 hits=0 runtime_ms=
133228
PROGRESS checked=13800 union_bound=13800 all_choices=0 hits=0 runtime_ms=
134104
PROGRESS checked=13900 union_bound=13900 all_choices=0 hits=0 runtime_ms=
135064
PROGRESS checked=14000 union_bound=14000 all_choices=0 hits=0 runtime_ms=
135947
PROGRESS checked=14100 union_bound=14100 all_choices=0 hits=0 runtime_ms=
136892
PROGRESS checked=14200 union_bound=14200 all_choices=0 hits=0 runtime_ms=
137753
PROGRESS checked=14300 union_bound=14300 all_choices=0 hits=0 runtime_ms=
138702
PROGRESS checked=14400 union_bound=14400 all_choices=0 hits=0 runtime_ms=
139571
PROGRESS checked=14500 union_bound=14500 all_choices=0 hits=0 runtime_ms=
140527
PROGRESS checked=14600 union_bound=14600 all_choices=0 hits=0 runtime_ms=
141402
PROGRESS checked=14700 union_bound=14700 all_choices=0 hits=0 runtime_ms=
142261
PROGRESS checked=14800 union_bound=14800 all_choices=0 hits=0 runtime_ms=
143196
PROGRESS checked=14900 union_bound=14900 all_choices=0 hits=0 runtime_ms=
144066
PROGRESS checked=15000 union_bound=15000 all_choices=0 hits=0 runtime_ms=
145015
PROGRESS checked=15100 union_bound=15100 all_choices=0 hits=0 runtime_ms=
145885
PROGRESS checked=15200 union_bound=15200 all_choices=0 hits=0 runtime_ms=
146850
PROGRESS checked=15300 union_bound=15300 all_choices=0 hits=0 runtime_ms=
147714
PROGRESS checked=15400 union_bound=15400 all_choices=0 hits=0 runtime_ms=
148554
PROGRESS checked=15500 union_bound=15500 all_choices=0 hits=0 runtime_ms=
149441
PROGRESS checked=15600 union_bound=15600 all_choices=0 hits=0 runtime_ms=
150271
PROGRESS checked=15700 union_bound=15700 all_choices=0 hits=0 runtime_ms=
151125
PROGRESS checked=15800 union_bound=15800 all_choices=0 hits=0 runtime_ms=
151910
PROGRESS checked=15900 union_bound=15900 all_choices=0 hits=0 runtime_ms=
152680
PROGRESS checked=16000 union_bound=16000 all_choices=0 hits=0 runtime_ms=
153556
PROGRESS checked=16100 union_bound=16100 all_choices=0 hits=0 runtime_ms=
154337
PROGRESS checked=16200 union_bound=16200 all_choices=0 hits=0 runtime_ms=
155143
PROGRESS checked=16300 union_bound=16300 all_choices=0 hits=0 runtime_ms=
156010
PROGRESS checked=16400 union_bound=16400 all_choices=0 hits=0 runtime_ms=
156831
PROGRESS checked=16500 union_bound=16500 all_choices=0 hits=0 runtime_ms=
157642
PROGRESS checked=16600 union_bound=16600 all_choices=0 hits=0 runtime_ms=
158519
PROGRESS checked=16700 union_bound=16700 all_choices=0 hits=0 runtime_ms=
159330
PROGRESS checked=16800 union_bound=16800 all_choices=0 hits=0 runtime_ms=
160155
PROGRESS checked=16900 union_bound=16900 all_choices=0 hits=0 runtime_ms=
161047
PROGRESS checked=17000 union_bound=17000 all_choices=0 hits=0 runtime_ms=
161858
PROGRESS checked=17100 union_bound=17100 all_choices=0 hits=0 runtime_ms=
162683
PROGRESS checked=17200 union_bound=17200 all_choices=0 hits=0 runtime_ms=
163570
PROGRESS checked=17300 union_bound=17300 all_choices=0 hits=0 runtime_ms=
164390
PROGRESS checked=17400 union_bound=17400 all_choices=0 hits=0 runtime_ms=
165311
PROGRESS checked=17500 union_bound=17500 all_choices=0 hits=0 runtime_ms=
166124
PROGRESS checked=17600 union_bound=17600 all_choices=0 hits=0 runtime_ms=
166954
PROGRESS checked=17700 union_bound=17700 all_choices=0 hits=0 runtime_ms=
167863
PROGRESS checked=17800 union_bound=17800 all_choices=0 hits=0 runtime_ms=
168701
PROGRESS checked=17900 union_bound=17900 all_choices=0 hits=0 runtime_ms=
169468
PROGRESS checked=18000 union_bound=18000 all_choices=0 hits=0 runtime_ms=
170340
PROGRESS checked=18100 union_bound=18100 all_choices=0 hits=0 runtime_ms=
171151
PROGRESS checked=18200 union_bound=18200 all_choices=0 hits=0 runtime_ms=
172040
PROGRESS checked=18300 union_bound=18300 all_choices=0 hits=0 runtime_ms=
172855
PROGRESS checked=18400 union_bound=18400 all_choices=0 hits=0 runtime_ms=
173749
PROGRESS checked=18500 union_bound=18500 all_choices=0 hits=0 runtime_ms=
174554
PROGRESS checked=18600 union_bound=18600 all_choices=0 hits=0 runtime_ms=
175353
PROGRESS checked=18700 union_bound=18700 all_choices=0 hits=0 runtime_ms=
176237
PROGRESS checked=18800 union_bound=18800 all_choices=0 hits=0 runtime_ms=
177052
PROGRESS checked=18900 union_bound=18900 all_choices=0 hits=0 runtime_ms=
177934
PROGRESS checked=19000 union_bound=19000 all_choices=0 hits=0 runtime_ms=
178746
PROGRESS checked=19100 union_bound=19100 all_choices=0 hits=0 runtime_ms=
179634
PROGRESS checked=19200 union_bound=19200 all_choices=0 hits=0 runtime_ms=
180460
PROGRESS checked=19300 union_bound=19300 all_choices=0 hits=0 runtime_ms=
181274
PROGRESS checked=19400 union_bound=19400 all_choices=0 hits=0 runtime_ms=
182191
PROGRESS checked=19500 union_bound=19500 all_choices=0 hits=0 runtime_ms=
183029
PROGRESS checked=19600 union_bound=19600 all_choices=0 hits=0 runtime_ms=
183932
PROGRESS checked=19700 union_bound=19700 all_choices=0 hits=0 runtime_ms=
184755
PROGRESS checked=19800 union_bound=19800 all_choices=0 hits=0 runtime_ms=
185666
PROGRESS checked=19900 union_bound=19900 all_choices=0 hits=0 runtime_ms=
186482
PROGRESS checked=20000 union_bound=20000 all_choices=0 hits=0 runtime_ms=
187344
PROGRESS checked=20100 union_bound=20100 all_choices=0 hits=0 runtime_ms=
188229
PROGRESS checked=20200 union_bound=20200 all_choices=0 hits=0 runtime_ms=
189056
PROGRESS checked=20300 union_bound=20300 all_choices=0 hits=0 runtime_ms=
189978
PROGRESS checked=20400 union_bound=20400 all_choices=0 hits=0 runtime_ms=
190797
PROGRESS checked=20500 union_bound=20500 all_choices=0 hits=0 runtime_ms=
191739
PROGRESS checked=20600 union_bound=20600 all_choices=0 hits=0 runtime_ms=
192552
PROGRESS checked=20700 union_bound=20700 all_choices=0 hits=0 runtime_ms=
193472
PROGRESS checked=20800 union_bound=20800 all_choices=0 hits=0 runtime_ms=
194315
PROGRESS checked=20900 union_bound=20900 all_choices=0 hits=0 runtime_ms=
195155
PROGRESS checked=21000 union_bound=21000 all_choices=0 hits=0 runtime_ms=
196099
PROGRESS checked=21100 union_bound=21100 all_choices=0 hits=0 runtime_ms=
196931
PROGRESS checked=21200 union_bound=21200 all_choices=0 hits=0 runtime_ms=
197841
PROGRESS checked=21300 union_bound=21300 all_choices=0 hits=0 runtime_ms=
198685
PROGRESS checked=21400 union_bound=21400 all_choices=0 hits=0 runtime_ms=
199616
PROGRESS checked=21500 union_bound=21500 all_choices=0 hits=0 runtime_ms=
200403
PROGRESS checked=21600 union_bound=21600 all_choices=0 hits=0 runtime_ms=
201302
PROGRESS checked=21700 union_bound=21700 all_choices=0 hits=0 runtime_ms=
202111
PROGRESS checked=21800 union_bound=21800 all_choices=0 hits=0 runtime_ms=
202934
PROGRESS checked=21900 union_bound=21900 all_choices=0 hits=0 runtime_ms=
203810
PROGRESS checked=22000 union_bound=22000 all_choices=0 hits=0 runtime_ms=
204620
PROGRESS checked=22100 union_bound=22100 all_choices=0 hits=0 runtime_ms=
205519
PROGRESS checked=22200 union_bound=22200 all_choices=0 hits=0 runtime_ms=
206372
PROGRESS checked=22300 union_bound=22300 all_choices=0 hits=0 runtime_ms=
207321
PROGRESS checked=22400 union_bound=22400 all_choices=0 hits=0 runtime_ms=
208136
PROGRESS checked=22500 union_bound=22500 all_choices=0 hits=0 runtime_ms=
209039
PROGRESS checked=22600 union_bound=22600 all_choices=0 hits=0 runtime_ms=
209842
PROGRESS checked=22700 union_bound=22700 all_choices=0 hits=0 runtime_ms=
210636
PROGRESS checked=22800 union_bound=22800 all_choices=0 hits=0 runtime_ms=
211535
PROGRESS checked=22900 union_bound=22900 all_choices=0 hits=0 runtime_ms=
212333
PROGRESS checked=23000 union_bound=23000 all_choices=0 hits=0 runtime_ms=
213246
PROGRESS checked=23100 union_bound=23100 all_choices=0 hits=0 runtime_ms=
214048
PROGRESS checked=23200 union_bound=23200 all_choices=0 hits=0 runtime_ms=
214962
PROGRESS checked=23300 union_bound=23300 all_choices=0 hits=0 runtime_ms=
215771
PROGRESS checked=23400 union_bound=23400 all_choices=0 hits=0 runtime_ms=
216713
PROGRESS checked=23500 union_bound=23500 all_choices=0 hits=0 runtime_ms=
217513
PROGRESS checked=23600 union_bound=23600 all_choices=0 hits=0 runtime_ms=
218334
PROGRESS checked=23700 union_bound=23700 all_choices=0 hits=0 runtime_ms=
219214
PROGRESS checked=23800 union_bound=23800 all_choices=0 hits=0 runtime_ms=
219972
PROGRESS checked=23900 union_bound=23900 all_choices=0 hits=0 runtime_ms=
220868
PROGRESS checked=24000 union_bound=24000 all_choices=0 hits=0 runtime_ms=
221654
PROGRESS checked=24100 union_bound=24100 all_choices=0 hits=0 runtime_ms=
222582
PROGRESS checked=24200 union_bound=24200 all_choices=0 hits=0 runtime_ms=
223378
PROGRESS checked=24300 union_bound=24300 all_choices=0 hits=0 runtime_ms=
224279
PROGRESS checked=24400 union_bound=24400 all_choices=0 hits=0 runtime_ms=
225015
PROGRESS checked=24500 union_bound=24500 all_choices=0 hits=0 runtime_ms=
225752
PROGRESS checked=24600 union_bound=24600 all_choices=0 hits=0 runtime_ms=
226626
PROGRESS checked=24700 union_bound=24700 all_choices=0 hits=0 runtime_ms=
227387
PROGRESS checked=24800 union_bound=24800 all_choices=0 hits=0 runtime_ms=
228263
PROGRESS checked=24900 union_bound=24900 all_choices=0 hits=0 runtime_ms=
229013
PROGRESS checked=25000 union_bound=25000 all_choices=0 hits=0 runtime_ms=
229765
PROGRESS checked=25100 union_bound=25100 all_choices=0 hits=0 runtime_ms=
230620
PROGRESS checked=25200 union_bound=25200 all_choices=0 hits=0 runtime_ms=
231379
PROGRESS checked=25300 union_bound=25300 all_choices=0 hits=0 runtime_ms=
232127
PROGRESS checked=25400 union_bound=25400 all_choices=0 hits=0 runtime_ms=
233010
PROGRESS checked=25500 union_bound=25500 all_choices=0 hits=0 runtime_ms=
233779
PROGRESS checked=25600 union_bound=25600 all_choices=0 hits=0 runtime_ms=
234590
PROGRESS checked=25700 union_bound=25700 all_choices=0 hits=0 runtime_ms=
235551
PROGRESS checked=25800 union_bound=25800 all_choices=0 hits=0 runtime_ms=
236384
PROGRESS checked=25900 union_bound=25900 all_choices=0 hits=0 runtime_ms=
237318
PROGRESS checked=26000 union_bound=26000 all_choices=0 hits=0 runtime_ms=
238142
PROGRESS checked=26100 union_bound=26100 all_choices=0 hits=0 runtime_ms=
239080
PROGRESS checked=26200 union_bound=26200 all_choices=0 hits=0 runtime_ms=
239919
PROGRESS checked=26300 union_bound=26300 all_choices=0 hits=0 runtime_ms=
240842
PROGRESS checked=26400 union_bound=26400 all_choices=0 hits=0 runtime_ms=
241614
PROGRESS checked=26500 union_bound=26500 all_choices=0 hits=0 runtime_ms=
242394
PROGRESS checked=26600 union_bound=26600 all_choices=0 hits=0 runtime_ms=
243288
PROGRESS checked=26700 union_bound=26700 all_choices=0 hits=0 runtime_ms=
244110
PROGRESS checked=26800 union_bound=26800 all_choices=0 hits=0 runtime_ms=
244967
PROGRESS checked=26900 union_bound=26900 all_choices=0 hits=0 runtime_ms=
245779
PROGRESS checked=27000 union_bound=27000 all_choices=0 hits=0 runtime_ms=
246614
PROGRESS checked=27100 union_bound=27100 all_choices=0 hits=0 runtime_ms=
247373
PROGRESS checked=27200 union_bound=27200 all_choices=0 hits=0 runtime_ms=
248119
PROGRESS checked=27300 union_bound=27300 all_choices=0 hits=0 runtime_ms=
248967
PROGRESS checked=27400 union_bound=27400 all_choices=0 hits=0 runtime_ms=
249731
PROGRESS checked=27500 union_bound=27500 all_choices=0 hits=0 runtime_ms=
250598
PROGRESS checked=27600 union_bound=27600 all_choices=0 hits=0 runtime_ms=
251492
PROGRESS checked=27700 union_bound=27700 all_choices=0 hits=0 runtime_ms=
252265
PROGRESS checked=27800 union_bound=27800 all_choices=0 hits=0 runtime_ms=
253052
PROGRESS checked=27900 union_bound=27900 all_choices=0 hits=0 runtime_ms=
253945
PROGRESS checked=28000 union_bound=28000 all_choices=0 hits=0 runtime_ms=
254753
PROGRESS checked=28100 union_bound=28100 all_choices=0 hits=0 runtime_ms=
255532
PROGRESS checked=28200 union_bound=28200 all_choices=0 hits=0 runtime_ms=
256411
PROGRESS checked=28300 union_bound=28300 all_choices=0 hits=0 runtime_ms=
257219
PROGRESS checked=28400 union_bound=28400 all_choices=0 hits=0 runtime_ms=
258025
PROGRESS checked=28500 union_bound=28500 all_choices=0 hits=0 runtime_ms=
258904
PROGRESS checked=28600 union_bound=28600 all_choices=0 hits=0 runtime_ms=
259667
PROGRESS checked=28700 union_bound=28700 all_choices=0 hits=0 runtime_ms=
260478
PROGRESS checked=28800 union_bound=28800 all_choices=0 hits=0 runtime_ms=
261362
PROGRESS checked=28900 union_bound=28900 all_choices=0 hits=0 runtime_ms=
262124
PROGRESS checked=29000 union_bound=29000 all_choices=0 hits=0 runtime_ms=
262943
PROGRESS checked=29100 union_bound=29100 all_choices=0 hits=0 runtime_ms=
263845
PROGRESS checked=29200 union_bound=29200 all_choices=0 hits=0 runtime_ms=
264633
PROGRESS checked=29300 union_bound=29300 all_choices=0 hits=0 runtime_ms=
265420
PROGRESS checked=29400 union_bound=29400 all_choices=0 hits=0 runtime_ms=
266290
PROGRESS checked=29500 union_bound=29500 all_choices=0 hits=0 runtime_ms=
267070
PROGRESS checked=29600 union_bound=29600 all_choices=0 hits=0 runtime_ms=
267864
PROGRESS checked=29700 union_bound=29700 all_choices=0 hits=0 runtime_ms=
268782
PROGRESS checked=29800 union_bound=29800 all_choices=0 hits=0 runtime_ms=
269576
PROGRESS checked=29900 union_bound=29900 all_choices=0 hits=0 runtime_ms=
270428
PROGRESS checked=30000 union_bound=30000 all_choices=0 hits=0 runtime_ms=
271334
PROGRESS checked=30100 union_bound=30100 all_choices=0 hits=0 runtime_ms=
272181
PROGRESS checked=30200 union_bound=30200 all_choices=0 hits=0 runtime_ms=
273142
PROGRESS checked=30300 union_bound=30300 all_choices=0 hits=0 runtime_ms=
273969
PROGRESS checked=30400 union_bound=30400 all_choices=0 hits=0 runtime_ms=
274841
PROGRESS checked=30500 union_bound=30500 all_choices=0 hits=0 runtime_ms=
275775
PROGRESS checked=30600 union_bound=30600 all_choices=0 hits=0 runtime_ms=
276557
PROGRESS checked=30700 union_bound=30700 all_choices=0 hits=0 runtime_ms=
277380
PROGRESS checked=30800 union_bound=30800 all_choices=0 hits=0 runtime_ms=
278296
PROGRESS checked=30900 union_bound=30900 all_choices=0 hits=0 runtime_ms=
279099
PROGRESS checked=31000 union_bound=31000 all_choices=0 hits=0 runtime_ms=
279976
PROGRESS checked=31100 union_bound=31100 all_choices=0 hits=0 runtime_ms=
280927
PROGRESS checked=31200 union_bound=31200 all_choices=0 hits=0 runtime_ms=
281806
PROGRESS checked=31300 union_bound=31300 all_choices=0 hits=0 runtime_ms=
282748
PROGRESS checked=31400 union_bound=31400 all_choices=0 hits=0 runtime_ms=
283593
PROGRESS checked=31500 union_bound=31500 all_choices=0 hits=0 runtime_ms=
284452
PROGRESS checked=31600 union_bound=31600 all_choices=0 hits=0 runtime_ms=
285400
PROGRESS checked=31700 union_bound=31700 all_choices=0 hits=0 runtime_ms=
286230
PROGRESS checked=31800 union_bound=31800 all_choices=0 hits=0 runtime_ms=
287158
PROGRESS checked=31900 union_bound=31900 all_choices=0 hits=0 runtime_ms=
287957
PROGRESS checked=32000 union_bound=32000 all_choices=0 hits=0 runtime_ms=
288752
PROGRESS checked=32100 union_bound=32100 all_choices=0 hits=0 runtime_ms=
289665
PROGRESS checked=32200 union_bound=32200 all_choices=0 hits=0 runtime_ms=
290463
PROGRESS checked=32300 union_bound=32300 all_choices=0 hits=0 runtime_ms=
291276
PROGRESS checked=32400 union_bound=32400 all_choices=0 hits=0 runtime_ms=
292193
PROGRESS checked=32500 union_bound=32500 all_choices=0 hits=0 runtime_ms=
293050
PROGRESS checked=32600 union_bound=32600 all_choices=0 hits=0 runtime_ms=
294034
PROGRESS checked=32700 union_bound=32700 all_choices=0 hits=0 runtime_ms=
294865
PROGRESS checked=32800 union_bound=32800 all_choices=0 hits=0 runtime_ms=
295734
PROGRESS checked=32900 union_bound=32900 all_choices=0 hits=0 runtime_ms=
296713
PROGRESS checked=33000 union_bound=33000 all_choices=0 hits=0 runtime_ms=
297546
PROGRESS checked=33100 union_bound=33100 all_choices=0 hits=0 runtime_ms=
298404
PROGRESS checked=33200 union_bound=33200 all_choices=0 hits=0 runtime_ms=
299334
PROGRESS checked=33300 union_bound=33300 all_choices=0 hits=0 runtime_ms=
300122
PROGRESS checked=33400 union_bound=33400 all_choices=0 hits=0 runtime_ms=
300942
PROGRESS checked=33500 union_bound=33500 all_choices=0 hits=0 runtime_ms=
301844
PROGRESS checked=33600 union_bound=33600 all_choices=0 hits=0 runtime_ms=
302633
PROGRESS checked=33700 union_bound=33700 all_choices=0 hits=0 runtime_ms=
303567
PROGRESS checked=33800 union_bound=33800 all_choices=0 hits=0 runtime_ms=
304383
PROGRESS checked=33900 union_bound=33900 all_choices=0 hits=0 runtime_ms=
305207
PROGRESS checked=34000 union_bound=34000 all_choices=0 hits=0 runtime_ms=
306146
PROGRESS checked=34100 union_bound=34100 all_choices=0 hits=0 runtime_ms=
306936
PROGRESS checked=34200 union_bound=34200 all_choices=0 hits=0 runtime_ms=
307768
PROGRESS checked=34300 union_bound=34300 all_choices=0 hits=0 runtime_ms=
308690
PROGRESS checked=34400 union_bound=34400 all_choices=0 hits=0 runtime_ms=
309523
PROGRESS checked=34500 union_bound=34500 all_choices=0 hits=0 runtime_ms=
310361
PROGRESS checked=34600 union_bound=34600 all_choices=0 hits=0 runtime_ms=
311291
PROGRESS checked=34700 union_bound=34700 all_choices=0 hits=0 runtime_ms=
312095
PROGRESS checked=34800 union_bound=34800 all_choices=0 hits=0 runtime_ms=
313050
PROGRESS checked=34900 union_bound=34900 all_choices=0 hits=0 runtime_ms=
313876
PROGRESS checked=35000 union_bound=35000 all_choices=0 hits=0 runtime_ms=
314719
PROGRESS checked=35100 union_bound=35100 all_choices=0 hits=0 runtime_ms=
315653
PROGRESS checked=35200 union_bound=35200 all_choices=0 hits=0 runtime_ms=
316428
PROGRESS checked=35300 union_bound=35300 all_choices=0 hits=0 runtime_ms=
317222
PROGRESS checked=35400 union_bound=35400 all_choices=0 hits=0 runtime_ms=
318119
PROGRESS checked=35500 union_bound=35500 all_choices=0 hits=0 runtime_ms=
318902
PROGRESS checked=35600 union_bound=35600 all_choices=0 hits=0 runtime_ms=
319720
PROGRESS checked=35700 union_bound=35700 all_choices=0 hits=0 runtime_ms=
320624
PROGRESS checked=35800 union_bound=35800 all_choices=0 hits=0 runtime_ms=
321439
PROGRESS checked=35900 union_bound=35900 all_choices=0 hits=0 runtime_ms=
322251
PROGRESS checked=36000 union_bound=36000 all_choices=0 hits=0 runtime_ms=
323145
PROGRESS checked=36100 union_bound=36100 all_choices=0 hits=0 runtime_ms=
323934
PROGRESS checked=36200 union_bound=36200 all_choices=0 hits=0 runtime_ms=
324777
PROGRESS checked=36300 union_bound=36300 all_choices=0 hits=0 runtime_ms=
325665
PROGRESS checked=36400 union_bound=36400 all_choices=0 hits=0 runtime_ms=
326472
PROGRESS checked=36500 union_bound=36500 all_choices=0 hits=0 runtime_ms=
327410
PROGRESS checked=36600 union_bound=36600 all_choices=0 hits=0 runtime_ms=
328241
PROGRESS checked=36700 union_bound=36700 all_choices=0 hits=0 runtime_ms=
329065
PROGRESS checked=36800 union_bound=36800 all_choices=0 hits=0 runtime_ms=
330021
PROGRESS checked=36900 union_bound=36900 all_choices=0 hits=0 runtime_ms=
330867
PROGRESS checked=37000 union_bound=37000 all_choices=0 hits=0 runtime_ms=
331715
PROGRESS checked=37100 union_bound=37100 all_choices=0 hits=0 runtime_ms=
332617
PROGRESS checked=37200 union_bound=37200 all_choices=0 hits=0 runtime_ms=
333430
PROGRESS checked=37300 union_bound=37300 all_choices=0 hits=0 runtime_ms=
334277
PROGRESS checked=37400 union_bound=37400 all_choices=0 hits=0 runtime_ms=
335179
PROGRESS checked=37500 union_bound=37500 all_choices=0 hits=0 runtime_ms=
335976
PROGRESS checked=37600 union_bound=37600 all_choices=0 hits=0 runtime_ms=
336908
PROGRESS checked=37700 union_bound=37700 all_choices=0 hits=0 runtime_ms=
337719
PROGRESS checked=37800 union_bound=37800 all_choices=0 hits=0 runtime_ms=
338507
PROGRESS checked=37900 union_bound=37900 all_choices=0 hits=0 runtime_ms=
339392
PROGRESS checked=38000 union_bound=38000 all_choices=0 hits=0 runtime_ms=
340187
PROGRESS checked=38100 union_bound=38100 all_choices=0 hits=0 runtime_ms=
341030
PROGRESS checked=38200 union_bound=38200 all_choices=0 hits=0 runtime_ms=
341916
PROGRESS checked=38300 union_bound=38300 all_choices=0 hits=0 runtime_ms=
342780
PROGRESS checked=38400 union_bound=38400 all_choices=0 hits=0 runtime_ms=
343750
PROGRESS checked=38500 union_bound=38500 all_choices=0 hits=0 runtime_ms=
344663
PROGRESS checked=38600 union_bound=38600 all_choices=0 hits=0 runtime_ms=
345591
PROGRESS checked=38700 union_bound=38700 all_choices=0 hits=0 runtime_ms=
346583
PROGRESS checked=38800 union_bound=38800 all_choices=0 hits=0 runtime_ms=
347494
PROGRESS checked=38900 union_bound=38900 all_choices=0 hits=0 runtime_ms=
348347
PROGRESS checked=39000 union_bound=39000 all_choices=0 hits=0 runtime_ms=
349309
PROGRESS checked=39100 union_bound=39100 all_choices=0 hits=0 runtime_ms=
350153
PROGRESS checked=39200 union_bound=39200 all_choices=0 hits=0 runtime_ms=
350976
PROGRESS checked=39300 union_bound=39300 all_choices=0 hits=0 runtime_ms=
351840
PROGRESS checked=39400 union_bound=39400 all_choices=0 hits=0 runtime_ms=
352637
PROGRESS checked=39500 union_bound=39500 all_choices=0 hits=0 runtime_ms=
353536
PROGRESS checked=39600 union_bound=39600 all_choices=0 hits=0 runtime_ms=
354355
PROGRESS checked=39700 union_bound=39700 all_choices=0 hits=0 runtime_ms=
355166
PROGRESS checked=39800 union_bound=39800 all_choices=0 hits=0 runtime_ms=
356096
PROGRESS checked=39900 union_bound=39900 all_choices=0 hits=0 runtime_ms=
356899
PROGRESS checked=40000 union_bound=40000 all_choices=0 hits=0 runtime_ms=
357730
PROGRESS checked=40100 union_bound=40100 all_choices=0 hits=0 runtime_ms=
358626
PROGRESS checked=40200 union_bound=40200 all_choices=0 hits=0 runtime_ms=
359462
PROGRESS checked=40300 union_bound=40300 all_choices=0 hits=0 runtime_ms=
360424
PROGRESS checked=40400 union_bound=40400 all_choices=0 hits=0 runtime_ms=
361236
PROGRESS checked=40500 union_bound=40500 all_choices=0 hits=0 runtime_ms=
362083
PROGRESS checked=40600 union_bound=40600 all_choices=0 hits=0 runtime_ms=
362979
PROGRESS checked=40700 union_bound=40700 all_choices=0 hits=0 runtime_ms=
363784
PROGRESS checked=40800 union_bound=40800 all_choices=0 hits=0 runtime_ms=
364620
PROGRESS checked=40900 union_bound=40900 all_choices=0 hits=0 runtime_ms=
365590
PROGRESS checked=41000 union_bound=41000 all_choices=0 hits=0 runtime_ms=
366445
PROGRESS checked=41100 union_bound=41100 all_choices=0 hits=0 runtime_ms=
367430
PROGRESS checked=41200 union_bound=41200 all_choices=0 hits=0 runtime_ms=
368220
PROGRESS checked=41300 union_bound=41300 all_choices=0 hits=0 runtime_ms=
369019
PROGRESS checked=41400 union_bound=41400 all_choices=0 hits=0 runtime_ms=
369893
PROGRESS checked=41500 union_bound=41500 all_choices=0 hits=0 runtime_ms=
370699
PROGRESS checked=41600 union_bound=41600 all_choices=0 hits=0 runtime_ms=
371504
PROGRESS checked=41700 union_bound=41700 all_choices=0 hits=0 runtime_ms=
372458
PROGRESS checked=41800 union_bound=41800 all_choices=0 hits=0 runtime_ms=
373227
PROGRESS checked=41900 union_bound=41900 all_choices=0 hits=0 runtime_ms=
374042
PROGRESS checked=42000 union_bound=42000 all_choices=0 hits=0 runtime_ms=
374939
PROGRESS checked=42100 union_bound=42100 all_choices=0 hits=0 runtime_ms=
375738
PROGRESS checked=42200 union_bound=42200 all_choices=0 hits=0 runtime_ms=
376606
PROGRESS checked=42300 union_bound=42300 all_choices=0 hits=0 runtime_ms=
377521
PROGRESS checked=42400 union_bound=42400 all_choices=0 hits=0 runtime_ms=
378361
PROGRESS checked=42500 union_bound=42500 all_choices=0 hits=0 runtime_ms=
379256
PROGRESS checked=42600 union_bound=42600 all_choices=0 hits=0 runtime_ms=
380078
PROGRESS checked=42700 union_bound=42700 all_choices=0 hits=0 runtime_ms=
380857
PROGRESS checked=42800 union_bound=42800 all_choices=0 hits=0 runtime_ms=
381712
PROGRESS checked=42900 union_bound=42900 all_choices=0 hits=0 runtime_ms=
382491
PROGRESS checked=43000 union_bound=43000 all_choices=0 hits=0 runtime_ms=
383242
PROGRESS checked=43100 union_bound=43100 all_choices=0 hits=0 runtime_ms=
384015
PROGRESS checked=43200 union_bound=43200 all_choices=0 hits=0 runtime_ms=
384911
PROGRESS checked=43300 union_bound=43300 all_choices=0 hits=0 runtime_ms=
385697
PROGRESS checked=43400 union_bound=43400 all_choices=0 hits=0 runtime_ms=
386497
PROGRESS checked=43500 union_bound=43500 all_choices=0 hits=0 runtime_ms=
387420
PROGRESS checked=43600 union_bound=43600 all_choices=0 hits=0 runtime_ms=
388223
PROGRESS checked=43700 union_bound=43700 all_choices=0 hits=0 runtime_ms=
389052
PROGRESS checked=43800 union_bound=43800 all_choices=0 hits=0 runtime_ms=
389981
PROGRESS checked=43900 union_bound=43900 all_choices=0 hits=0 runtime_ms=
390816
PROGRESS checked=44000 union_bound=44000 all_choices=0 hits=0 runtime_ms=
391615
PROGRESS checked=44100 union_bound=44100 all_choices=0 hits=0 runtime_ms=
392516
PROGRESS checked=44200 union_bound=44200 all_choices=0 hits=0 runtime_ms=
393337
PROGRESS checked=44300 union_bound=44300 all_choices=0 hits=0 runtime_ms=
394168
PROGRESS checked=44400 union_bound=44400 all_choices=0 hits=0 runtime_ms=
395074
PROGRESS checked=44500 union_bound=44500 all_choices=0 hits=0 runtime_ms=
395835
PROGRESS checked=44600 union_bound=44600 all_choices=0 hits=0 runtime_ms=
396620
PROGRESS checked=44700 union_bound=44700 all_choices=0 hits=0 runtime_ms=
397518
PROGRESS checked=44800 union_bound=44800 all_choices=0 hits=0 runtime_ms=
398312
PROGRESS checked=44900 union_bound=44900 all_choices=0 hits=0 runtime_ms=
399103
PROGRESS checked=45000 union_bound=45000 all_choices=0 hits=0 runtime_ms=
399980
PROGRESS checked=45100 union_bound=45100 all_choices=0 hits=0 runtime_ms=
400774
PROGRESS checked=45200 union_bound=45200 all_choices=0 hits=0 runtime_ms=
401537
PROGRESS checked=45300 union_bound=45300 all_choices=0 hits=0 runtime_ms=
402455
PROGRESS checked=45400 union_bound=45400 all_choices=0 hits=0 runtime_ms=
403239
PROGRESS checked=45500 union_bound=45500 all_choices=0 hits=0 runtime_ms=
404051
PROGRESS checked=45600 union_bound=45600 all_choices=0 hits=0 runtime_ms=
404991
PROGRESS checked=45700 union_bound=45700 all_choices=0 hits=0 runtime_ms=
405831
PROGRESS checked=45800 union_bound=45800 all_choices=0 hits=0 runtime_ms=
406672
PROGRESS checked=45900 union_bound=45900 all_choices=0 hits=0 runtime_ms=
407604
PROGRESS checked=46000 union_bound=46000 all_choices=0 hits=0 runtime_ms=
408481
PROGRESS checked=46100 union_bound=46100 all_choices=0 hits=0 runtime_ms=
409358
PROGRESS checked=46200 union_bound=46200 all_choices=0 hits=0 runtime_ms=
410237
PROGRESS checked=46300 union_bound=46300 all_choices=0 hits=0 runtime_ms=
411046
PROGRESS checked=46400 union_bound=46400 all_choices=0 hits=0 runtime_ms=
411972
PROGRESS checked=46500 union_bound=46500 all_choices=0 hits=0 runtime_ms=
412796
PROGRESS checked=46600 union_bound=46600 all_choices=0 hits=0 runtime_ms=
413626
PROGRESS checked=46700 union_bound=46700 all_choices=0 hits=0 runtime_ms=
414582
PROGRESS checked=46800 union_bound=46800 all_choices=0 hits=0 runtime_ms=
415402
PROGRESS checked=46900 union_bound=46900 all_choices=0 hits=0 runtime_ms=
416211
PROGRESS checked=47000 union_bound=47000 all_choices=0 hits=0 runtime_ms=
417127
PROGRESS checked=47100 union_bound=47100 all_choices=0 hits=0 runtime_ms=
417944
PROGRESS checked=47200 union_bound=47200 all_choices=0 hits=0 runtime_ms=
418771
PROGRESS checked=47300 union_bound=47300 all_choices=0 hits=0 runtime_ms=
419703
PROGRESS checked=47400 union_bound=47400 all_choices=0 hits=0 runtime_ms=
420509
PROGRESS checked=47500 union_bound=47500 all_choices=0 hits=0 runtime_ms=
421364
PROGRESS checked=47600 union_bound=47600 all_choices=0 hits=0 runtime_ms=
422287
PROGRESS checked=47700 union_bound=47700 all_choices=0 hits=0 runtime_ms=
423089
PROGRESS checked=47800 union_bound=47800 all_choices=0 hits=0 runtime_ms=
423912
PROGRESS checked=47900 union_bound=47900 all_choices=0 hits=0 runtime_ms=
424828
PROGRESS checked=48000 union_bound=48000 all_choices=0 hits=0 runtime_ms=
425662
PROGRESS checked=48100 union_bound=48100 all_choices=0 hits=0 runtime_ms=
426589
PROGRESS checked=48200 union_bound=48200 all_choices=0 hits=0 runtime_ms=
427414
PROGRESS checked=48300 union_bound=48300 all_choices=0 hits=0 runtime_ms=
428254
PROGRESS checked=48400 union_bound=48400 all_choices=0 hits=0 runtime_ms=
429205
PROGRESS checked=48500 union_bound=48500 all_choices=0 hits=0 runtime_ms=
430023
PROGRESS checked=48600 union_bound=48600 all_choices=0 hits=0 runtime_ms=
430836
PROGRESS checked=48700 union_bound=48700 all_choices=0 hits=0 runtime_ms=
431779
PROGRESS checked=48800 union_bound=48800 all_choices=0 hits=0 runtime_ms=
432609
PROGRESS checked=48900 union_bound=48900 all_choices=0 hits=0 runtime_ms=
433487
PROGRESS checked=49000 union_bound=49000 all_choices=0 hits=0 runtime_ms=
434346
PROGRESS checked=49100 union_bound=49100 all_choices=0 hits=0 runtime_ms=
435156
PROGRESS checked=49200 union_bound=49200 all_choices=0 hits=0 runtime_ms=
436048
PROGRESS checked=49300 union_bound=49300 all_choices=0 hits=0 runtime_ms=
436810
PROGRESS checked=49400 union_bound=49400 all_choices=0 hits=0 runtime_ms=
437651
PROGRESS checked=49500 union_bound=49500 all_choices=0 hits=0 runtime_ms=
438548
PROGRESS checked=49600 union_bound=49600 all_choices=0 hits=0 runtime_ms=
439305
PROGRESS checked=49700 union_bound=49700 all_choices=0 hits=0 runtime_ms=
440070
PROGRESS checked=49800 union_bound=49800 all_choices=0 hits=0 runtime_ms=
440955
PROGRESS checked=49900 union_bound=49900 all_choices=0 hits=0 runtime_ms=
441745
PROGRESS checked=50000 union_bound=50000 all_choices=0 hits=0 runtime_ms=
442513
PROGRESS checked=50100 union_bound=50100 all_choices=0 hits=0 runtime_ms=
443378
PROGRESS checked=50200 union_bound=50200 all_choices=0 hits=0 runtime_ms=
444128
PROGRESS checked=50300 union_bound=50300 all_choices=0 hits=0 runtime_ms=
444909
PROGRESS checked=50400 union_bound=50400 all_choices=0 hits=0 runtime_ms=
445790
PROGRESS checked=50500 union_bound=50500 all_choices=0 hits=0 runtime_ms=
446540
PROGRESS checked=50600 union_bound=50600 all_choices=0 hits=0 runtime_ms=
447336
PROGRESS checked=50700 union_bound=50700 all_choices=0 hits=0 runtime_ms=
448204
PROGRESS checked=50800 union_bound=50800 all_choices=0 hits=0 runtime_ms=
449020
PROGRESS checked=50900 union_bound=50900 all_choices=0 hits=0 runtime_ms=
449899
PROGRESS checked=51000 union_bound=51000 all_choices=0 hits=0 runtime_ms=
450675
PROGRESS checked=51100 union_bound=51100 all_choices=0 hits=0 runtime_ms=
451481
PROGRESS checked=51200 union_bound=51200 all_choices=0 hits=0 runtime_ms=
452405
PROGRESS checked=51300 union_bound=51300 all_choices=0 hits=0 runtime_ms=
453159
PROGRESS checked=51400 union_bound=51400 all_choices=0 hits=0 runtime_ms=
453981
PROGRESS checked=51500 union_bound=51500 all_choices=0 hits=0 runtime_ms=
454853
PROGRESS checked=51600 union_bound=51600 all_choices=0 hits=0 runtime_ms=
455619
PROGRESS checked=51700 union_bound=51700 all_choices=0 hits=0 runtime_ms=
456549
PROGRESS checked=51800 union_bound=51800 all_choices=0 hits=0 runtime_ms=
457314
PROGRESS checked=51900 union_bound=51900 all_choices=0 hits=0 runtime_ms=
458110
PROGRESS checked=52000 union_bound=52000 all_choices=0 hits=0 runtime_ms=
459023
PROGRESS checked=52100 union_bound=52100 all_choices=0 hits=0 runtime_ms=
459811
PROGRESS checked=52200 union_bound=52200 all_choices=0 hits=0 runtime_ms=
460632
PROGRESS checked=52300 union_bound=52300 all_choices=0 hits=0 runtime_ms=
461538
PROGRESS checked=52400 union_bound=52400 all_choices=0 hits=0 runtime_ms=
462345
PROGRESS checked=52500 union_bound=52500 all_choices=0 hits=0 runtime_ms=
463254
PROGRESS checked=52600 union_bound=52600 all_choices=0 hits=0 runtime_ms=
464002
PROGRESS checked=52700 union_bound=52700 all_choices=0 hits=0 runtime_ms=
464798
PROGRESS checked=52800 union_bound=52800 all_choices=0 hits=0 runtime_ms=
465685
PROGRESS checked=52900 union_bound=52900 all_choices=0 hits=0 runtime_ms=
466483
PROGRESS checked=53000 union_bound=53000 all_choices=0 hits=0 runtime_ms=
467285
PROGRESS checked=53100 union_bound=53100 all_choices=0 hits=0 runtime_ms=
468155
PROGRESS checked=53200 union_bound=53200 all_choices=0 hits=0 runtime_ms=
468949
PROGRESS checked=53300 union_bound=53300 all_choices=0 hits=0 runtime_ms=
469779
PROGRESS checked=53400 union_bound=53400 all_choices=0 hits=0 runtime_ms=
470660
PROGRESS checked=53500 union_bound=53500 all_choices=0 hits=0 runtime_ms=
471451
PROGRESS checked=53600 union_bound=53600 all_choices=0 hits=0 runtime_ms=
472378
PROGRESS checked=53700 union_bound=53700 all_choices=0 hits=0 runtime_ms=
473166
PROGRESS checked=53800 union_bound=53800 all_choices=0 hits=0 runtime_ms=
474016
PROGRESS checked=53900 union_bound=53900 all_choices=0 hits=0 runtime_ms=
474904
PROGRESS checked=54000 union_bound=54000 all_choices=0 hits=0 runtime_ms=
475727
PROGRESS checked=54100 union_bound=54100 all_choices=0 hits=0 runtime_ms=
476654
PROGRESS checked=54200 union_bound=54200 all_choices=0 hits=0 runtime_ms=
477464
PROGRESS checked=54300 union_bound=54300 all_choices=0 hits=0 runtime_ms=
478315
PROGRESS checked=54400 union_bound=54400 all_choices=0 hits=0 runtime_ms=
479211
PROGRESS checked=54500 union_bound=54500 all_choices=0 hits=0 runtime_ms=
480024
PROGRESS checked=54600 union_bound=54600 all_choices=0 hits=0 runtime_ms=
480850
PROGRESS checked=54700 union_bound=54700 all_choices=0 hits=0 runtime_ms=
481790
PROGRESS checked=54800 union_bound=54800 all_choices=0 hits=0 runtime_ms=
482623
PROGRESS checked=54900 union_bound=54900 all_choices=0 hits=0 runtime_ms=
483557
PROGRESS checked=55000 union_bound=55000 all_choices=0 hits=0 runtime_ms=
484348
PROGRESS checked=55100 union_bound=55100 all_choices=0 hits=0 runtime_ms=
485183
PROGRESS checked=55200 union_bound=55200 all_choices=0 hits=0 runtime_ms=
486100
PROGRESS checked=55300 union_bound=55300 all_choices=0 hits=0 runtime_ms=
486901
PROGRESS checked=55400 union_bound=55400 all_choices=0 hits=0 runtime_ms=
487857
PROGRESS checked=55500 union_bound=55500 all_choices=0 hits=0 runtime_ms=
488652
PROGRESS checked=55600 union_bound=55600 all_choices=0 hits=0 runtime_ms=
489512
PROGRESS checked=55700 union_bound=55700 all_choices=0 hits=0 runtime_ms=
490464
PROGRESS checked=55800 union_bound=55800 all_choices=0 hits=0 runtime_ms=
491290
PROGRESS checked=55900 union_bound=55900 all_choices=0 hits=0 runtime_ms=
492216
PROGRESS checked=56000 union_bound=56000 all_choices=0 hits=0 runtime_ms=
493086
PROGRESS checked=56100 union_bound=56100 all_choices=0 hits=0 runtime_ms=
493890
PROGRESS checked=56200 union_bound=56200 all_choices=0 hits=0 runtime_ms=
494782
PROGRESS checked=56300 union_bound=56300 all_choices=0 hits=0 runtime_ms=
495571
PROGRESS checked=56400 union_bound=56400 all_choices=0 hits=0 runtime_ms=
496362
PROGRESS checked=56500 union_bound=56500 all_choices=0 hits=0 runtime_ms=
497267
PROGRESS checked=56600 union_bound=56600 all_choices=0 hits=0 runtime_ms=
498049
PROGRESS checked=56700 union_bound=56700 all_choices=0 hits=0 runtime_ms=
498972
PROGRESS checked=56800 union_bound=56800 all_choices=0 hits=0 runtime_ms=
499771
PROGRESS checked=56900 union_bound=56900 all_choices=0 hits=0 runtime_ms=
500596
PROGRESS checked=57000 union_bound=57000 all_choices=0 hits=0 runtime_ms=
501486
PROGRESS checked=57100 union_bound=57100 all_choices=0 hits=0 runtime_ms=
502293
PROGRESS checked=57200 union_bound=57200 all_choices=0 hits=0 runtime_ms=
503202
PROGRESS checked=57300 union_bound=57300 all_choices=0 hits=0 runtime_ms=
503998
PROGRESS checked=57400 union_bound=57400 all_choices=0 hits=0 runtime_ms=
504800
PROGRESS checked=57500 union_bound=57500 all_choices=0 hits=0 runtime_ms=
505686
PROGRESS checked=57600 union_bound=57600 all_choices=0 hits=0 runtime_ms=
506514
PROGRESS checked=57700 union_bound=57700 all_choices=0 hits=0 runtime_ms=
507323
PROGRESS checked=57800 union_bound=57800 all_choices=0 hits=0 runtime_ms=
508241
PROGRESS checked=57900 union_bound=57900 all_choices=0 hits=0 runtime_ms=
509053
PROGRESS checked=58000 union_bound=58000 all_choices=0 hits=0 runtime_ms=
509984
PROGRESS checked=58100 union_bound=58100 all_choices=0 hits=0 runtime_ms=
510792
PROGRESS checked=58200 union_bound=58200 all_choices=0 hits=0 runtime_ms=
511618
PROGRESS checked=58300 union_bound=58300 all_choices=0 hits=0 runtime_ms=
512512
PROGRESS checked=58400 union_bound=58400 all_choices=0 hits=0 runtime_ms=
513288
PROGRESS checked=58500 union_bound=58500 all_choices=0 hits=0 runtime_ms=
514215
PROGRESS checked=58600 union_bound=58600 all_choices=0 hits=0 runtime_ms=
515051
PROGRESS checked=58700 union_bound=58700 all_choices=0 hits=0 runtime_ms=
515846
PROGRESS checked=58800 union_bound=58800 all_choices=0 hits=0 runtime_ms=
516775
PROGRESS checked=58900 union_bound=58900 all_choices=0 hits=0 runtime_ms=
517568
PROGRESS checked=59000 union_bound=59000 all_choices=0 hits=0 runtime_ms=
518492
PROGRESS checked=59100 union_bound=59100 all_choices=0 hits=0 runtime_ms=
519307
PROGRESS checked=59200 union_bound=59200 all_choices=0 hits=0 runtime_ms=
520113
PROGRESS checked=59300 union_bound=59300 all_choices=0 hits=0 runtime_ms=
521066
PROGRESS checked=59400 union_bound=59400 all_choices=0 hits=0 runtime_ms=
521871
PROGRESS checked=59500 union_bound=59500 all_choices=0 hits=0 runtime_ms=
522704
PROGRESS checked=59600 union_bound=59600 all_choices=0 hits=0 runtime_ms=
523602
PROGRESS checked=59700 union_bound=59700 all_choices=0 hits=0 runtime_ms=
524400
PROGRESS checked=59800 union_bound=59800 all_choices=0 hits=0 runtime_ms=
525366
PROGRESS checked=59900 union_bound=59900 all_choices=0 hits=0 runtime_ms=
526170
PROGRESS checked=60000 union_bound=60000 all_choices=0 hits=0 runtime_ms=
527024
PROGRESS checked=60100 union_bound=60100 all_choices=0 hits=0 runtime_ms=
527934
PROGRESS checked=60200 union_bound=60200 all_choices=0 hits=0 runtime_ms=
528773
PROGRESS checked=60300 union_bound=60300 all_choices=0 hits=0 runtime_ms=
529701
PROGRESS checked=60400 union_bound=60400 all_choices=0 hits=0 runtime_ms=
530478
PROGRESS checked=60500 union_bound=60500 all_choices=0 hits=0 runtime_ms=
531328
PROGRESS checked=60600 union_bound=60600 all_choices=0 hits=0 runtime_ms=
532283
PROGRESS checked=60700 union_bound=60700 all_choices=0 hits=0 runtime_ms=
533102
PROGRESS checked=60800 union_bound=60800 all_choices=0 hits=0 runtime_ms=
534046
PROGRESS checked=60900 union_bound=60900 all_choices=0 hits=0 runtime_ms=
534852
PROGRESS checked=61000 union_bound=61000 all_choices=0 hits=0 runtime_ms=
535683
PROGRESS checked=61100 union_bound=61100 all_choices=0 hits=0 runtime_ms=
536636
PROGRESS checked=61200 union_bound=61200 all_choices=0 hits=0 runtime_ms=
537449
PROGRESS checked=61300 union_bound=61300 all_choices=0 hits=0 runtime_ms=
538396
PROGRESS checked=61400 union_bound=61400 all_choices=0 hits=0 runtime_ms=
539223
PROGRESS checked=61500 union_bound=61500 all_choices=0 hits=0 runtime_ms=
540036
PROGRESS checked=61600 union_bound=61600 all_choices=0 hits=0 runtime_ms=
540967
PROGRESS checked=61700 union_bound=61700 all_choices=0 hits=0 runtime_ms=
541723
PROGRESS checked=61800 union_bound=61800 all_choices=0 hits=0 runtime_ms=
542512
PROGRESS checked=61900 union_bound=61900 all_choices=0 hits=0 runtime_ms=
543374
PROGRESS checked=62000 union_bound=62000 all_choices=0 hits=0 runtime_ms=
544110
PROGRESS checked=62100 union_bound=62100 all_choices=0 hits=0 runtime_ms=
545036
PROGRESS checked=62200 union_bound=62200 all_choices=0 hits=0 runtime_ms=
545806
PROGRESS checked=62300 union_bound=62300 all_choices=0 hits=0 runtime_ms=
546579
PROGRESS checked=62400 union_bound=62400 all_choices=0 hits=0 runtime_ms=
547458
PROGRESS checked=62500 union_bound=62500 all_choices=0 hits=0 runtime_ms=
548283
PROGRESS checked=62600 union_bound=62600 all_choices=0 hits=0 runtime_ms=
549066
PROGRESS checked=62700 union_bound=62700 all_choices=0 hits=0 runtime_ms=
549976
PROGRESS checked=62800 union_bound=62800 all_choices=0 hits=0 runtime_ms=
550785
PROGRESS checked=62900 union_bound=62900 all_choices=0 hits=0 runtime_ms=
551681
PROGRESS checked=63000 union_bound=63000 all_choices=0 hits=0 runtime_ms=
552453
PROGRESS checked=63100 union_bound=63100 all_choices=0 hits=0 runtime_ms=
553239
PROGRESS checked=63200 union_bound=63200 all_choices=0 hits=0 runtime_ms=
554138
PROGRESS checked=63300 union_bound=63300 all_choices=0 hits=0 runtime_ms=
554908
PROGRESS checked=63400 union_bound=63400 all_choices=0 hits=0 runtime_ms=
555737
PROGRESS checked=63500 union_bound=63500 all_choices=0 hits=0 runtime_ms=
556634
PROGRESS checked=63600 union_bound=63600 all_choices=0 hits=0 runtime_ms=
557427
PROGRESS checked=63700 union_bound=63700 all_choices=0 hits=0 runtime_ms=
558220
PROGRESS checked=63800 union_bound=63800 all_choices=0 hits=0 runtime_ms=
559096
PROGRESS checked=63900 union_bound=63900 all_choices=0 hits=0 runtime_ms=
559908
PROGRESS checked=64000 union_bound=64000 all_choices=0 hits=0 runtime_ms=
560799
PROGRESS checked=64100 union_bound=64100 all_choices=0 hits=0 runtime_ms=
561616
PROGRESS checked=64200 union_bound=64200 all_choices=0 hits=0 runtime_ms=
562414
PROGRESS checked=64300 union_bound=64300 all_choices=0 hits=0 runtime_ms=
563307
PROGRESS checked=64400 union_bound=64400 all_choices=0 hits=0 runtime_ms=
564133
PROGRESS checked=64500 union_bound=64500 all_choices=0 hits=0 runtime_ms=
564944
PROGRESS checked=64600 union_bound=64600 all_choices=0 hits=0 runtime_ms=
565835
PROGRESS checked=64700 union_bound=64700 all_choices=0 hits=0 runtime_ms=
566670
PROGRESS checked=64800 union_bound=64800 all_choices=0 hits=0 runtime_ms=
567586
PROGRESS checked=64900 union_bound=64900 all_choices=0 hits=0 runtime_ms=
568416
PROGRESS checked=65000 union_bound=65000 all_choices=0 hits=0 runtime_ms=
569200
PROGRESS checked=65100 union_bound=65100 all_choices=0 hits=0 runtime_ms=
570121
PROGRESS checked=65200 union_bound=65200 all_choices=0 hits=0 runtime_ms=
570889
PROGRESS checked=65300 union_bound=65300 all_choices=0 hits=0 runtime_ms=
571828
PROGRESS checked=65400 union_bound=65400 all_choices=0 hits=0 runtime_ms=
572666
PROGRESS checked=65500 union_bound=65500 all_choices=0 hits=0 runtime_ms=
573449
PROGRESS checked=65600 union_bound=65600 all_choices=0 hits=0 runtime_ms=
574339
PROGRESS checked=65700 union_bound=65700 all_choices=0 hits=0 runtime_ms=
575176
PROGRESS checked=65800 union_bound=65800 all_choices=0 hits=0 runtime_ms=
575986
PROGRESS checked=65900 union_bound=65900 all_choices=0 hits=0 runtime_ms=
576885
PROGRESS checked=66000 union_bound=66000 all_choices=0 hits=0 runtime_ms=
577714
PROGRESS checked=66100 union_bound=66100 all_choices=0 hits=0 runtime_ms=
578600
PROGRESS checked=66200 union_bound=66200 all_choices=0 hits=0 runtime_ms=
579427
PROGRESS checked=66300 union_bound=66300 all_choices=0 hits=0 runtime_ms=
580267
PROGRESS checked=66400 union_bound=66400 all_choices=0 hits=0 runtime_ms=
581152
PROGRESS checked=66500 union_bound=66500 all_choices=0 hits=0 runtime_ms=
581996
PROGRESS checked=66600 union_bound=66600 all_choices=0 hits=0 runtime_ms=
582902
PROGRESS checked=66700 union_bound=66700 all_choices=0 hits=0 runtime_ms=
583734
PROGRESS checked=66800 union_bound=66800 all_choices=0 hits=0 runtime_ms=
584545
PROGRESS checked=66900 union_bound=66900 all_choices=0 hits=0 runtime_ms=
585451
PROGRESS checked=67000 union_bound=67000 all_choices=0 hits=0 runtime_ms=
586304
PROGRESS checked=67100 union_bound=67100 all_choices=0 hits=0 runtime_ms=
587225
PROGRESS checked=67200 union_bound=67200 all_choices=0 hits=0 runtime_ms=
588046
PROGRESS checked=67300 union_bound=67300 all_choices=0 hits=0 runtime_ms=
588863
PROGRESS checked=67400 union_bound=67400 all_choices=0 hits=0 runtime_ms=
589746
PROGRESS checked=67500 union_bound=67500 all_choices=0 hits=0 runtime_ms=
590534
PROGRESS checked=67600 union_bound=67600 all_choices=0 hits=0 runtime_ms=
591356
PROGRESS checked=67700 union_bound=67700 all_choices=0 hits=0 runtime_ms=
592245
PROGRESS checked=67800 union_bound=67800 all_choices=0 hits=0 runtime_ms=
593031
PROGRESS checked=67900 union_bound=67900 all_choices=0 hits=0 runtime_ms=
593933
PROGRESS checked=68000 union_bound=68000 all_choices=0 hits=0 runtime_ms=
594761
PROGRESS checked=68100 union_bound=68100 all_choices=0 hits=0 runtime_ms=
595538
PROGRESS checked=68200 union_bound=68200 all_choices=0 hits=0 runtime_ms=
596481
PROGRESS checked=68300 union_bound=68300 all_choices=0 hits=0 runtime_ms=
597275
PROGRESS checked=68400 union_bound=68400 all_choices=0 hits=0 runtime_ms=
598219
PROGRESS checked=68500 union_bound=68500 all_choices=0 hits=0 runtime_ms=
599007
PROGRESS checked=68600 union_bound=68600 all_choices=0 hits=0 runtime_ms=
599819
PROGRESS checked=68700 union_bound=68700 all_choices=0 hits=0 runtime_ms=
600768
PROGRESS checked=68800 union_bound=68800 all_choices=0 hits=0 runtime_ms=
601567
PROGRESS checked=68900 union_bound=68900 all_choices=0 hits=0 runtime_ms=
602508
PROGRESS checked=69000 union_bound=69000 all_choices=0 hits=0 runtime_ms=
603283
PROGRESS checked=69100 union_bound=69100 all_choices=0 hits=0 runtime_ms=
604127
PROGRESS checked=69200 union_bound=69200 all_choices=0 hits=0 runtime_ms=
605011
PROGRESS checked=69300 union_bound=69300 all_choices=0 hits=0 runtime_ms=
605854
PROGRESS checked=69400 union_bound=69400 all_choices=0 hits=0 runtime_ms=
606820
PROGRESS checked=69500 union_bound=69500 all_choices=0 hits=0 runtime_ms=
607599
PROGRESS checked=69600 union_bound=69600 all_choices=0 hits=0 runtime_ms=
608400
PROGRESS checked=69700 union_bound=69700 all_choices=0 hits=0 runtime_ms=
609346
PROGRESS checked=69800 union_bound=69800 all_choices=0 hits=0 runtime_ms=
610142
PROGRESS checked=69900 union_bound=69900 all_choices=0 hits=0 runtime_ms=
611000
PROGRESS checked=70000 union_bound=70000 all_choices=0 hits=0 runtime_ms=
611911
PROGRESS checked=70100 union_bound=70100 all_choices=0 hits=0 runtime_ms=
612692
PROGRESS checked=70200 union_bound=70200 all_choices=0 hits=0 runtime_ms=
613648
PROGRESS checked=70300 union_bound=70300 all_choices=0 hits=0 runtime_ms=
614480
PROGRESS checked=70400 union_bound=70400 all_choices=0 hits=0 runtime_ms=
615305
PROGRESS checked=70500 union_bound=70500 all_choices=0 hits=0 runtime_ms=
616247
PROGRESS checked=70600 union_bound=70600 all_choices=0 hits=0 runtime_ms=
617053
PROGRESS checked=70700 union_bound=70700 all_choices=0 hits=0 runtime_ms=
618004
PROGRESS checked=70800 union_bound=70800 all_choices=0 hits=0 runtime_ms=
618812
PROGRESS checked=70900 union_bound=70900 all_choices=0 hits=0 runtime_ms=
619655
PROGRESS checked=71000 union_bound=71000 all_choices=0 hits=0 runtime_ms=
620601
PROGRESS checked=71100 union_bound=71100 all_choices=0 hits=0 runtime_ms=
621418
PROGRESS checked=71200 union_bound=71200 all_choices=0 hits=0 runtime_ms=
622355
PROGRESS checked=71300 union_bound=71300 all_choices=0 hits=0 runtime_ms=
623167
PROGRESS checked=71400 union_bound=71400 all_choices=0 hits=0 runtime_ms=
623951
PROGRESS checked=71500 union_bound=71500 all_choices=0 hits=0 runtime_ms=
624871
PROGRESS checked=71600 union_bound=71600 all_choices=0 hits=0 runtime_ms=
625667
PROGRESS checked=71700 union_bound=71700 all_choices=0 hits=0 runtime_ms=
626583
PROGRESS checked=71800 union_bound=71800 all_choices=0 hits=0 runtime_ms=
627421
PROGRESS checked=71900 union_bound=71900 all_choices=0 hits=0 runtime_ms=
628205
PROGRESS checked=72000 union_bound=72000 all_choices=0 hits=0 runtime_ms=
629135
PROGRESS checked=72100 union_bound=72100 all_choices=0 hits=0 runtime_ms=
629952
PROGRESS checked=72200 union_bound=72200 all_choices=0 hits=0 runtime_ms=
630857
PROGRESS checked=72300 union_bound=72300 all_choices=0 hits=0 runtime_ms=
631690
PROGRESS checked=72400 union_bound=72400 all_choices=0 hits=0 runtime_ms=
632470
PROGRESS checked=72500 union_bound=72500 all_choices=0 hits=0 runtime_ms=
633408
PROGRESS checked=72600 union_bound=72600 all_choices=0 hits=0 runtime_ms=
634241
PROGRESS checked=72700 union_bound=72700 all_choices=0 hits=0 runtime_ms=
635065
PROGRESS checked=72800 union_bound=72800 all_choices=0 hits=0 runtime_ms=
635980
PROGRESS checked=72900 union_bound=72900 all_choices=0 hits=0 runtime_ms=
636773
PROGRESS checked=73000 union_bound=73000 all_choices=0 hits=0 runtime_ms=
637719
PROGRESS checked=73100 union_bound=73100 all_choices=0 hits=0 runtime_ms=
638580
PROGRESS checked=73200 union_bound=73200 all_choices=0 hits=0 runtime_ms=
639394
PROGRESS checked=73300 union_bound=73300 all_choices=0 hits=0 runtime_ms=
640249
PROGRESS checked=73400 union_bound=73400 all_choices=0 hits=0 runtime_ms=
641090
PROGRESS checked=73500 union_bound=73500 all_choices=0 hits=0 runtime_ms=
642030
PROGRESS checked=73600 union_bound=73600 all_choices=0 hits=0 runtime_ms=
642823
PROGRESS checked=73700 union_bound=73700 all_choices=0 hits=0 runtime_ms=
643692
PROGRESS checked=73800 union_bound=73800 all_choices=0 hits=0 runtime_ms=
644561
PROGRESS checked=73900 union_bound=73900 all_choices=0 hits=0 runtime_ms=
645406
PROGRESS checked=74000 union_bound=74000 all_choices=0 hits=0 runtime_ms=
646365
PROGRESS checked=74100 union_bound=74100 all_choices=0 hits=0 runtime_ms=
647138
PROGRESS checked=74200 union_bound=74200 all_choices=0 hits=0 runtime_ms=
648004
PROGRESS checked=74300 union_bound=74300 all_choices=0 hits=0 runtime_ms=
648880
PROGRESS checked=74400 union_bound=74400 all_choices=0 hits=0 runtime_ms=
649731
PROGRESS checked=74500 union_bound=74500 all_choices=0 hits=0 runtime_ms=
650700
PROGRESS checked=74600 union_bound=74600 all_choices=0 hits=0 runtime_ms=
651473
PROGRESS checked=74700 union_bound=74700 all_choices=0 hits=0 runtime_ms=
652334
PROGRESS checked=74800 union_bound=74800 all_choices=0 hits=0 runtime_ms=
653229
PROGRESS checked=74900 union_bound=74900 all_choices=0 hits=0 runtime_ms=
654061
PROGRESS checked=75000 union_bound=75000 all_choices=0 hits=0 runtime_ms=
655023
PROGRESS checked=75100 union_bound=75100 all_choices=0 hits=0 runtime_ms=
655799
PROGRESS checked=75200 union_bound=75200 all_choices=0 hits=0 runtime_ms=
656657
PROGRESS checked=75300 union_bound=75300 all_choices=0 hits=0 runtime_ms=
657554
PROGRESS checked=75400 union_bound=75400 all_choices=0 hits=0 runtime_ms=
658358
PROGRESS checked=75500 union_bound=75500 all_choices=0 hits=0 runtime_ms=
659312
PROGRESS checked=75600 union_bound=75600 all_choices=0 hits=0 runtime_ms=
660086
PROGRESS checked=75700 union_bound=75700 all_choices=0 hits=0 runtime_ms=
660939
PROGRESS checked=75800 union_bound=75800 all_choices=0 hits=0 runtime_ms=
661865
PROGRESS checked=75900 union_bound=75900 all_choices=0 hits=0 runtime_ms=
662674
PROGRESS checked=76000 union_bound=76000 all_choices=0 hits=0 runtime_ms=
663640
PROGRESS checked=76100 union_bound=76100 all_choices=0 hits=0 runtime_ms=
664428
PROGRESS checked=76200 union_bound=76200 all_choices=0 hits=0 runtime_ms=
665291
PROGRESS checked=76300 union_bound=76300 all_choices=0 hits=0 runtime_ms=
666256
PROGRESS checked=76400 union_bound=76400 all_choices=0 hits=0 runtime_ms=
667042
PROGRESS checked=76500 union_bound=76500 all_choices=0 hits=0 runtime_ms=
667998
PROGRESS checked=76600 union_bound=76600 all_choices=0 hits=0 runtime_ms=
668773
PROGRESS checked=76700 union_bound=76700 all_choices=0 hits=0 runtime_ms=
669626
PROGRESS checked=76800 union_bound=76800 all_choices=0 hits=0 runtime_ms=
670583
PROGRESS checked=76900 union_bound=76900 all_choices=0 hits=0 runtime_ms=
671357
PROGRESS checked=77000 union_bound=77000 all_choices=0 hits=0 runtime_ms=
672311
PROGRESS checked=77100 union_bound=77100 all_choices=0 hits=0 runtime_ms=
673098
PROGRESS checked=77200 union_bound=77200 all_choices=0 hits=0 runtime_ms=
673948
PROGRESS checked=77300 union_bound=77300 all_choices=0 hits=0 runtime_ms=
674912
PROGRESS checked=77400 union_bound=77400 all_choices=0 hits=0 runtime_ms=
675700
PROGRESS checked=77500 union_bound=77500 all_choices=0 hits=0 runtime_ms=
676670
PROGRESS checked=77600 union_bound=77600 all_choices=0 hits=0 runtime_ms=
677481
PROGRESS checked=77700 union_bound=77700 all_choices=0 hits=0 runtime_ms=
678327
PROGRESS checked=77800 union_bound=77800 all_choices=0 hits=0 runtime_ms=
679293
PROGRESS checked=77900 union_bound=77900 all_choices=0 hits=0 runtime_ms=
680090
PROGRESS checked=78000 union_bound=78000 all_choices=0 hits=0 runtime_ms=
680970
PROGRESS checked=78100 union_bound=78100 all_choices=0 hits=0 runtime_ms=
681762
PROGRESS checked=78200 union_bound=78200 all_choices=0 hits=0 runtime_ms=
682583
PROGRESS checked=78300 union_bound=78300 all_choices=0 hits=0 runtime_ms=
683483
PROGRESS checked=78400 union_bound=78400 all_choices=0 hits=0 runtime_ms=
684289
PROGRESS checked=78500 union_bound=78500 all_choices=0 hits=0 runtime_ms=
685096
PROGRESS checked=78600 union_bound=78600 all_choices=0 hits=0 runtime_ms=
686010
PROGRESS checked=78700 union_bound=78700 all_choices=0 hits=0 runtime_ms=
686866
PROGRESS checked=78800 union_bound=78800 all_choices=0 hits=0 runtime_ms=
687757
PROGRESS checked=78900 union_bound=78900 all_choices=0 hits=0 runtime_ms=
688555
PROGRESS checked=79000 union_bound=79000 all_choices=0 hits=0 runtime_ms=
689409
