ORDER_START 1026 groups=66 runtime_ms=1803
ORDER_START 1030 groups=4 runtime_ms=2420
ORDER_START 1032 groups=54 runtime_ms=2476
PROGRESS checked=100 union_bound=100 all_choices=0 hits=0 runtime_ms=2838
ORDER_START 1034 groups=4 runtime_ms=3108
ORDER_START 1035 groups=2 runtime_ms=3159
ORDER_START 1036 groups=11 runtime_ms=3161
ORDER_START 1038 groups=4 runtime_ms=3322
ORDER_START 1040 groups=231 runtime_ms=3379
PROGRESS checked=200 union_bound=200 all_choices=0 hits=0 runtime_ms=3885
PROGRESS checked=300 union_bound=300 all_choices=0 hits=0 runtime_ms=4754
ORDER_START 1044 groups=36 runtime_ms=5389
PROGRESS checked=400 union_bound=400 all_choices=0 hits=0 runtime_ms=5742
ORDER_START 1045 groups=2 runtime_ms=5916
ORDER_START 1050 groups=40 runtime_ms=5921
ORDER_START 1054 groups=4 runtime_ms=6405
ORDER_START 1056 groups=1028 runtime_ms=6455
PROGRESS checked=500 union_bound=500 all_choices=0 hits=0 runtime_ms=6772
PROGRESS checked=600 union_bound=600 all_choices=0 hits=0 runtime_ms=7250
PROGRESS checked=700 union_bound=700 all_choices=0 hits=0 runtime_ms=7822
PROGRESS checked=800 union_bound=800 all_choices=0 hits=0 runtime_ms=8672
PROGRESS checked=900 union_bound=900 all_choices=0 hits=0 runtime_ms=9454
PROGRESS checked=1000 union_bound=1000 all_choices=0 hits=0 runtime_ms=10294
PROGRESS checked=1100 union_bound=1100 all_choices=0 hits=0 runtime_ms=10774
PROGRESS checked=1200 union_bound=1200 all_choices=0 hits=0 runtime_ms=11069
PROGRESS checked=1300 union_bound=1300 all_choices=0 hits=0 runtime_ms=11759
PROGRESS checked=1400 union_bound=1400 all_choices=0 hits=0 runtime_ms=12421
ORDER_START 1060 groups=15 runtime_ms=12831
PROGRESS checked=1500 union_bound=1500 all_choices=0 hits=0 runtime_ms=13186
ORDER_START 1062 groups=10 runtime_ms=13187
ORDER_START 1064 groups=35 runtime_ms=13306
ORDER_START 1065 groups=2 runtime_ms=13678
ORDER_START 1066 groups=4 runtime_ms=13690
ORDER_START 1068 groups=12 runtime_ms=13738
ORDER_START 1070 groups=4 runtime_ms=13923
ORDER_START 1071 groups=4 runtime_ms=14041
ORDER_START 1074 groups=4 runtime_ms=14046
ORDER_START 1078 groups=10 runtime_ms=14109
ORDER_START 1080 groups=583 runtime_ms=14214
PROGRESS checked=1600 union_bound=1600 all_choices=0 hits=0 runtime_ms=14413
PROGRESS checked=1700 union_bound=1700 all_choices=0 hits=0 runtime_ms=15323
PROGRESS checked=1800 union_bound=1800 all_choices=0 hits=0 runtime_ms=16353
PROGRESS checked=1900 union_bound=1900 all_choices=0 hits=0 runtime_ms=17240
PROGRESS checked=2000 union_bound=2000 all_choices=0 hits=0 runtime_ms=18123
PROGRESS checked=2100 union_bound=2100 all_choices=0 hits=0 runtime_ms=19365
ORDER_START 1085 groups=2 runtime_ms=20210
ORDER_START 1086 groups=6 runtime_ms=20219
ORDER_START 1090 groups=4 runtime_ms=20337
ORDER_START 1092 groups=77 runtime_ms=20389
PROGRESS checked=2200 union_bound=2200 all_choices=0 hits=0 runtime_ms=20577
ORDER_START 1095 groups=2 runtime_ms=21453
ORDER_START 1098 groups=16 runtime_ms=21464
ORDER_START 1100 groups=51 runtime_ms=21735
PROGRESS checked=2300 union_bound=2300 all_choices=0 hits=0 runtime_ms=21993
ORDER_START 1102 groups=4 runtime_ms=22336
ORDER_START 1104 groups=170 runtime_ms=22384
PROGRESS checked=2400 union_bound=2400 all_choices=0 hits=0 runtime_ms=23058
PROGRESS checked=2500 union_bound=2500 all_choices=0 hits=0 runtime_ms=24014
ORDER_START 1105 groups=1 runtime_ms=24015
ORDER_START 1106 groups=4 runtime_ms=24016
ORDER_START 1110 groups=12 runtime_ms=24065
ORDER_START 1113 groups=2 runtime_ms=24188
ORDER_START 1116 groups=46 runtime_ms=24191
ORDER_START 1118 groups=4 runtime_ms=24862
ORDER_START 1120 groups=1092 runtime_ms=24911
PROGRESS checked=2600 union_bound=2600 all_choices=0 hits=0 runtime_ms=25131
PROGRESS checked=2700 union_bound=2700 all_choices=0 hits=0 runtime_ms=25729
PROGRESS checked=2800 union_bound=2800 all_choices=0 hits=0 runtime_ms=26281
PROGRESS checked=2900 union_bound=2900 all_choices=0 hits=0 runtime_ms=26959
PROGRESS checked=3000 union_bound=3000 all_choices=0 hits=0 runtime_ms=27832
PROGRESS checked=3100 union_bound=3100 all_choices=0 hits=0 runtime_ms=28702
PROGRESS checked=3200 union_bound=3200 all_choices=0 hits=0 runtime_ms=29576
PROGRESS checked=3300 union_bound=3300 all_choices=0 hits=0 runtime_ms=29907
PROGRESS checked=3400 union_bound=3400 all_choices=0 hits=0 runtime_ms=30344
PROGRESS checked=3500 union_bound=3500 all_choices=0 hits=0 runtime_ms=30976
PROGRESS checked=3600 union_bound=3600 all_choices=0 hits=0 runtime_ms=31745
ORDER_START 1122 groups=8 runtime_ms=32032
ORDER_START 1128 groups=39 runtime_ms=32106
PROGRESS checked=3700 union_bound=3700 all_choices=0 hits=0 runtime_ms=32520
ORDER_START 1130 groups=4 runtime_ms=32611
ORDER_START 1131 groups=2 runtime_ms=32666
ORDER_START 1134 groups=254 runtime_ms=32670
PROGRESS checked=3800 union_bound=3800 all_choices=0 hits=0 runtime_ms=33244
PROGRESS checked=3900 union_bound=3900 all_choices=0 hits=0 runtime_ms=34113
ORDER_START 1140 groups=41 runtime_ms=34597
PROGRESS checked=4000 union_bound=4000 all_choices=0 hits=0 runtime_ms=35076
ORDER_START 1144 groups=39 runtime_ms=35158
ORDER_START 1146 groups=4 runtime_ms=35579
ORDER_START 1148 groups=11 runtime_ms=35639
ORDER_START 1150 groups=10 runtime_ms=35878
ORDER_START 1155 groups=4 runtime_ms=35985
ORDER_START 1158 groups=6 runtime_ms=35994
ORDER_START 1160 groups=49 runtime_ms=36118
PROGRESS checked=4100 union_bound=4100 all_choices=0 hits=0 runtime_ms=36366
ORDER_START 1162 groups=4 runtime_ms=36823
ORDER_START 1164 groups=18 runtime_ms=36875
ORDER_START 1166 groups=4 runtime_ms=37212
ORDER_START 1170 groups=32 runtime_ms=37262
ORDER_START 1173 groups=1 runtime_ms=37592
ORDER_START 1176 groups=279 runtime_ms=37593
PROGRESS checked=4200 union_bound=4200 all_choices=0 hits=0 runtime_ms=37677
PROGRESS checked=4300 union_bound=4300 all_choices=0 hits=0 runtime_ms=38918
PROGRESS checked=4400 union_bound=4400 all_choices=0 hits=0 runtime_ms=40064
ORDER_START 1178 groups=4 runtime_ms=41059
ORDER_START 1180 groups=11 runtime_ms=41106
ORDER_START 1182 groups=4 runtime_ms=41280
ORDER_START 1185 groups=2 runtime_ms=41342
ORDER_START 1188 groups=99 runtime_ms=41354
PROGRESS checked=4500 union_bound=4500 all_choices=0 hits=0 runtime_ms=41516
ORDER_START 1190 groups=8 runtime_ms=42631
ORDER_START 1194 groups=6 runtime_ms=42702
PROGRESS checked=4600 union_bound=4600 all_choices=0 hits=0 runtime_ms=42744
ORDER_START 1196 groups=11 runtime_ms=42831
ORDER_START 1197 groups=14 runtime_ms=42996
ORDER_START 1200 groups=1040 runtime_ms=43139
PROGRESS checked=4700 union_bound=4700 all_choices=0 hits=0 runtime_ms=43799
PROGRESS checked=4800 union_bound=4800 all_choices=0 hits=0 runtime_ms=44772
PROGRESS checked=4900 union_bound=4900 all_choices=0 hits=0 runtime_ms=45717
PROGRESS checked=5000 union_bound=5000 all_choices=0 hits=0 runtime_ms=46795
PROGRESS checked=5100 union_bound=5100 all_choices=0 hits=0 runtime_ms=47471
PROGRESS checked=5200 union_bound=5200 all_choices=0 hits=0 runtime_ms=48774
PROGRESS checked=5300 union_bound=5300 all_choices=0 hits=0 runtime_ms=50046
PROGRESS checked=5400 union_bound=5400 all_choices=0 hits=0 runtime_ms=50907
PROGRESS checked=5500 union_bound=5500 all_choices=0 hits=0 runtime_ms=52014
PROGRESS checked=5600 union_bound=5600 all_choices=0 hits=0 runtime_ms=52829
ORDER_START 1204 groups=13 runtime_ms=53606
ORDER_START 1206 groups=16 runtime_ms=53775
ORDER_START 1209 groups=5 runtime_ms=53988
PROGRESS checked=5700 union_bound=5700 all_choices=0 hits=0 runtime_ms=53991
ORDER_START 1210 groups=27 runtime_ms=54085
ORDER_START 1212 groups=12 runtime_ms=54535
ORDER_START 1218 groups=16 runtime_ms=54743
ORDER_START 1220 groups=20 runtime_ms=54881
ORDER_START 1221 groups=2 runtime_ms=55322
ORDER_START 1222 groups=4 runtime_ms=55328
ORDER_START 1224 groups=164 runtime_ms=55377
PROGRESS checked=5800 union_bound=5800 all_choices=0 hits=0 runtime_ms=55607
PROGRESS checked=5900 union_bound=5900 all_choices=0 hits=0 runtime_ms=56872
ORDER_START 1230 groups=12 runtime_ms=57605
ORDER_START 1232 groups=153 runtime_ms=57730
PROGRESS checked=6000 union_bound=6000 all_choices=0 hits=0 runtime_ms=58121
PROGRESS checked=6100 union_bound=6100 all_choices=0 hits=0 runtime_ms=58994
ORDER_START 1235 groups=1 runtime_ms=59079
ORDER_START 1236 groups=15 runtime_ms=59080
ORDER_START 1239 groups=2 runtime_ms=59361
ORDER_START 1240 groups=51 runtime_ms=59365
ORDER_START 1242 groups=30 runtime_ms=60013
PROGRESS checked=6200 union_bound=6200 all_choices=0 hits=0 runtime_ms=60168
ORDER_START 1245 groups=1 runtime_ms=60315
ORDER_START 1246 groups=4 runtime_ms=60315
ORDER_START 1248 groups=1460 runtime_ms=60373
PROGRESS checked=6300 union_bound=6300 all_choices=0 hits=0 runtime_ms=61024
PROGRESS checked=6400 union_bound=6400 all_choices=0 hits=0 runtime_ms=61600
PROGRESS checked=6500 union_bound=6500 all_choices=0 hits=0 runtime_ms=62164
PROGRESS checked=6600 union_bound=6600 all_choices=0 hits=0 runtime_ms=62874
PROGRESS checked=6700 union_bound=6700 all_choices=0 hits=0 runtime_ms=63662
PROGRESS checked=6800 union_bound=6800 all_choices=0 hits=0 runtime_ms=64528
PROGRESS checked=6900 union_bound=6900 all_choices=0 hits=0 runtime_ms=65453
PROGRESS checked=7000 union_bound=7000 all_choices=0 hits=0 runtime_ms=66384
PROGRESS checked=7100 union_bound=7100 all_choices=0 hits=0 runtime_ms=67099
PROGRESS checked=7200 union_bound=7200 all_choices=0 hits=0 runtime_ms=67476
PROGRESS checked=7300 union_bound=7300 all_choices=0 hits=0 runtime_ms=68048
PROGRESS checked=7400 union_bound=7400 all_choices=0 hits=0 runtime_ms=68709
PROGRESS checked=7500 union_bound=7500 all_choices=0 hits=0 runtime_ms=69530
PROGRESS checked=7600 union_bound=7600 all_choices=0 hits=0 runtime_ms=70280
ORDER_START 1254 groups=12 runtime_ms=70794
ORDER_START 1258 groups=4 runtime_ms=70908
ORDER_START 1260 groups=131 runtime_ms=70960
PROGRESS checked=7700 union_bound=7700 all_choices=0 hits=0 runtime_ms=70981
PROGRESS checked=7800 union_bound=7800 all_choices=0 hits=0 runtime_ms=72205
ORDER_START 1265 groups=3 runtime_ms=72539
ORDER_START 1266 groups=6 runtime_ms=72613
ORDER_START 1270 groups=4 runtime_ms=72751
ORDER_START 1272 groups=44 runtime_ms=72812
ORDER_START 1274 groups=10 runtime_ms=73385
ORDER_START 1275 groups=3 runtime_ms=73569
ORDER_START 1276 groups=11 runtime_ms=73575
PROGRESS checked=7900 union_bound=7900 all_choices=0 hits=0 runtime_ms=73629
ORDER_START 1278 groups=10 runtime_ms=73758
DONE orders=[ 1024, 1279 ] checked=7916 union_bound=7916 all_choices=
0 prime_power_orders_trivial=36 hits=0 min_primes=3 other_orders_excluded=
120 runtime_ms=73890
