DEGREE_DONE [ 6, 16, 2, 0 ]
DEGREE_DONE [ 10, 45, 5, 0 ]
DEGREE_DONE [ 12, 301, 37, 0 ]
DEGREE_DONE [ 14, 63, 8, 0 ]
DEGREE_DONE [ 15, 104, 13, 0 ]
DEGREE_DONE [ 18, 983, 123, 0 ]
DEGREE_DONE [ 20, 1117, 139, 0 ]
DEGREE_DONE [ 21, 164, 20, 0 ]
DEGREE_DONE [ 22, 59, 7, 0 ]
PROGRESS [ 6, 24, 7999, 1000, 0, 3416 ]
PROGRESS [ 6, 24, 15999, 2000, 0, 4863 ]
PROGRESS [ 6, 24, 23999, 3000, 0, 6311 ]
DEGREE_DONE [ 24, 25000, 3125, 0 ]
DEGREE_DONE [ 26, 96, 12, 0 ]
DEGREE_DONE [ 28, 1854, 231, 0 ]
DEGREE_DONE [ 30, 5712, 714, 0 ]
DEGREE_DONE [ 33, 162, 20, 0 ]
DEGREE_DONE [ 34, 115, 14, 0 ]
DEGREE_DONE [ 35, 407, 51, 0 ]
PROGRESS [ 6, 36, 7999, 1000, 0, 11257 ]
PROGRESS [ 6, 36, 15999, 2000, 0, 14262 ]
PROGRESS [ 6, 36, 23999, 3000, 0, 17127 ]
PROGRESS [ 6, 36, 31999, 4000, 0, 20320 ]
PROGRESS [ 6, 36, 39999, 5000, 0, 23616 ]
PROGRESS [ 6, 36, 47999, 6000, 0, 26429 ]
PROGRESS [ 6, 36, 55999, 7000, 0, 29465 ]
PROGRESS [ 6, 36, 63999, 8000, 0, 32507 ]
PROGRESS [ 6, 36, 71999, 9000, 0, 35536 ]
PROGRESS [ 6, 36, 79999, 10000, 0, 38615 ]
PROGRESS [ 6, 36, 87999, 11000, 0, 41785 ]
PROGRESS [ 6, 36, 95999, 12000, 0, 44831 ]
PROGRESS [ 6, 36, 103999, 13000, 0, 47604 ]
PROGRESS [ 6, 36, 111999, 14000, 0, 50820 ]
PROGRESS [ 6, 36, 119999, 15000, 0, 53609 ]
DEGREE_DONE [ 36, 121279, 15160, 0 ]
DEGREE_DONE [ 38, 76, 9, 0 ]
DEGREE_DONE [ 39, 306, 38, 0 ]
PROGRESS [ 6, 40, 7999, 1000, 0, 59057 ]
PROGRESS [ 6, 40, 15999, 2000, 0, 63565 ]
PROGRESS [ 6, 40, 23999, 3000, 0, 68514 ]
PROGRESS [ 6, 40, 31999, 4000, 0, 74068 ]
PROGRESS [ 6, 40, 39999, 5000, 0, 78734 ]
PROGRESS [ 6, 40, 47999, 6000, 0, 83626 ]
PROGRESS [ 6, 40, 55999, 7000, 0, 88817 ]
PROGRESS [ 6, 40, 63999, 8000, 0, 93232 ]
PROGRESS [ 6, 40, 71999, 9000, 0, 97945 ]
PROGRESS [ 6, 40, 79999, 10000, 0, 103162 ]
PROGRESS [ 6, 40, 87999, 11000, 0, 107571 ]
PROGRESS [ 6, 40, 95999, 12000, 0, 112237 ]
PROGRESS [ 6, 40, 103999, 13000, 0, 117407 ]
PROGRESS [ 6, 40, 111999, 14000, 0, 121802 ]
PROGRESS [ 6, 40, 119999, 15000, 0, 126157 ]
PROGRESS [ 6, 40, 127999, 16000, 0, 131627 ]
PROGRESS [ 6, 40, 135999, 17000, 0, 136137 ]
PROGRESS [ 6, 40, 143999, 18000, 0, 140519 ]
PROGRESS [ 6, 40, 151999, 19000, 0, 145856 ]
PROGRESS [ 6, 40, 159999, 20000, 0, 150210 ]
PROGRESS [ 6, 40, 167999, 21000, 0, 155918 ]
PROGRESS [ 6, 40, 175999, 22000, 0, 160325 ]
PROGRESS [ 6, 40, 183999, 23000, 0, 164450 ]
PROGRESS [ 6, 40, 191999, 24000, 0, 170201 ]
PROGRESS [ 6, 40, 199999, 25000, 0, 174663 ]
PROGRESS [ 6, 40, 207999, 26000, 0, 179336 ]
PROGRESS [ 6, 40, 215999, 27000, 0, 184865 ]
PROGRESS [ 6, 40, 223999, 28000, 0, 189758 ]
PROGRESS [ 6, 40, 231999, 29000, 0, 194615 ]
PROGRESS [ 6, 40, 239999, 30000, 0, 200262 ]
PROGRESS [ 6, 40, 247999, 31000, 0, 205250 ]
PROGRESS [ 6, 40, 255999, 32000, 0, 209877 ]
PROGRESS [ 6, 40, 263999, 33000, 0, 215446 ]
PROGRESS [ 6, 40, 271999, 34000, 0, 220268 ]
PROGRESS [ 6, 40, 279999, 35000, 0, 225761 ]
PROGRESS [ 6, 40, 287999, 36000, 0, 230637 ]
PROGRESS [ 6, 40, 295999, 37000, 0, 235930 ]
PROGRESS [ 6, 40, 303999, 38000, 0, 241432 ]
PROGRESS [ 6, 40, 311999, 39000, 0, 245726 ]
DEGREE_DONE [ 40, 315842, 39480, 0 ]
PROGRESS [ 6, 42, 7999, 1000, 0, 251397 ]
DEGREE_DONE [ 42, 9491, 1186, 0 ]
DEGREE_DONE [ 44, 2113, 264, 0 ]
PROGRESS [ 6, 45, 7999, 1000, 0, 258043 ]
DEGREE_DONE [ 45, 10923, 1365, 0 ]
DEGREE_DONE [ 46, 56, 7, 0 ]
PASS_2199_WORD_SHARD [ 6, 8, 62030, 0 ]
