DEGREE_DONE [ 6, 16, 2, 0 ]
DEGREE_DONE [ 10, 45, 6, 0 ]
DEGREE_DONE [ 12, 301, 38, 0 ]
DEGREE_DONE [ 14, 63, 8, 0 ]
DEGREE_DONE [ 15, 104, 13, 0 ]
DEGREE_DONE [ 18, 983, 123, 0 ]
DEGREE_DONE [ 20, 1117, 140, 0 ]
DEGREE_DONE [ 21, 164, 21, 0 ]
DEGREE_DONE [ 22, 59, 7, 0 ]
PROGRESS [ 3, 24, 7996, 1000, 0, 3427 ]
PROGRESS [ 3, 24, 15996, 2000, 0, 4863 ]
PROGRESS [ 3, 24, 23996, 3000, 0, 6320 ]
DEGREE_DONE [ 24, 25000, 3125, 0 ]
DEGREE_DONE [ 26, 96, 12, 0 ]
DEGREE_DONE [ 28, 1854, 232, 0 ]
DEGREE_DONE [ 30, 5712, 714, 0 ]
DEGREE_DONE [ 33, 162, 20, 0 ]
DEGREE_DONE [ 34, 115, 14, 0 ]
DEGREE_DONE [ 35, 407, 51, 0 ]
PROGRESS [ 3, 36, 7996, 1000, 0, 11282 ]
PROGRESS [ 3, 36, 15996, 2000, 0, 14248 ]
PROGRESS [ 3, 36, 23996, 3000, 0, 17105 ]
PROGRESS [ 3, 36, 31996, 4000, 0, 20249 ]
PROGRESS [ 3, 36, 39996, 5000, 0, 23586 ]
PROGRESS [ 3, 36, 47996, 6000, 0, 26620 ]
PROGRESS [ 3, 36, 55996, 7000, 0, 29797 ]
PROGRESS [ 3, 36, 63996, 8000, 0, 32520 ]
PROGRESS [ 3, 36, 71996, 9000, 0, 35717 ]
PROGRESS [ 3, 36, 79996, 10000, 0, 38613 ]
PROGRESS [ 3, 36, 87996, 11000, 0, 41410 ]
PROGRESS [ 3, 36, 95996, 12000, 0, 44281 ]
PROGRESS [ 3, 36, 103996, 13000, 0, 47590 ]
PROGRESS [ 3, 36, 111996, 14000, 0, 50493 ]
PROGRESS [ 3, 36, 119996, 15000, 0, 53881 ]
DEGREE_DONE [ 36, 121279, 15160, 0 ]
DEGREE_DONE [ 38, 76, 10, 0 ]
DEGREE_DONE [ 39, 306, 38, 0 ]
PROGRESS [ 3, 40, 7996, 1000, 0, 58750 ]
PROGRESS [ 3, 40, 15996, 2000, 0, 63827 ]
PROGRESS [ 3, 40, 23996, 3000, 0, 68849 ]
PROGRESS [ 3, 40, 31996, 4000, 0, 73442 ]
PROGRESS [ 3, 40, 39996, 5000, 0, 78060 ]
PROGRESS [ 3, 40, 47996, 6000, 0, 83719 ]
PROGRESS [ 3, 40, 55996, 7000, 0, 87970 ]
PROGRESS [ 3, 40, 63996, 8000, 0, 93168 ]
PROGRESS [ 3, 40, 71996, 9000, 0, 97675 ]
PROGRESS [ 3, 40, 79996, 10000, 0, 101903 ]
PROGRESS [ 3, 40, 87996, 11000, 0, 106988 ]
PROGRESS [ 3, 40, 95996, 12000, 0, 111909 ]
PROGRESS [ 3, 40, 103996, 13000, 0, 116402 ]
PROGRESS [ 3, 40, 111996, 14000, 0, 121492 ]
PROGRESS [ 3, 40, 119996, 15000, 0, 126316 ]
PROGRESS [ 3, 40, 127996, 16000, 0, 131000 ]
PROGRESS [ 3, 40, 135996, 17000, 0, 135574 ]
PROGRESS [ 3, 40, 143996, 18000, 0, 141085 ]
PROGRESS [ 3, 40, 151996, 19000, 0, 145777 ]
PROGRESS [ 3, 40, 159996, 20000, 0, 150063 ]
PROGRESS [ 3, 40, 167996, 21000, 0, 154609 ]
PROGRESS [ 3, 40, 175996, 22000, 0, 159400 ]
PROGRESS [ 3, 40, 183996, 23000, 0, 164443 ]
PROGRESS [ 3, 40, 191996, 24000, 0, 169063 ]
PROGRESS [ 3, 40, 199996, 25000, 0, 174076 ]
PROGRESS [ 3, 40, 207996, 26000, 0, 178707 ]
PROGRESS [ 3, 40, 215996, 27000, 0, 183325 ]
PROGRESS [ 3, 40, 223996, 28000, 0, 188270 ]
PROGRESS [ 3, 40, 231996, 29000, 0, 194001 ]
PROGRESS [ 3, 40, 239996, 30000, 0, 198697 ]
PROGRESS [ 3, 40, 247996, 31000, 0, 203790 ]
PROGRESS [ 3, 40, 255996, 32000, 0, 209249 ]
PROGRESS [ 3, 40, 263996, 33000, 0, 214013 ]
PROGRESS [ 3, 40, 271996, 34000, 0, 218861 ]
PROGRESS [ 3, 40, 279996, 35000, 0, 224413 ]
PROGRESS [ 3, 40, 287996, 36000, 0, 229214 ]
PROGRESS [ 3, 40, 295996, 37000, 0, 234983 ]
PROGRESS [ 3, 40, 303996, 38000, 0, 239498 ]
PROGRESS [ 3, 40, 311996, 39000, 0, 243723 ]
DEGREE_DONE [ 40, 315842, 39480, 0 ]
PROGRESS [ 3, 42, 7996, 1000, 0, 250070 ]
DEGREE_DONE [ 42, 9491, 1186, 0 ]
DEGREE_DONE [ 44, 2113, 264, 0 ]
PROGRESS [ 3, 45, 7996, 1000, 0, 255519 ]
DEGREE_DONE [ 45, 10923, 1365, 0 ]
DEGREE_DONE [ 46, 56, 7, 0 ]
PASS_2199_WORD_SHARD [ 3, 8, 62036, 0 ]
