DEGREE_DONE [ 6, 16, 2, 0 ]
DEGREE_DONE [ 10, 45, 5, 0 ]
DEGREE_DONE [ 12, 301, 37, 0 ]
DEGREE_DONE [ 14, 63, 8, 0 ]
DEGREE_DONE [ 15, 104, 13, 0 ]
DEGREE_DONE [ 18, 983, 123, 0 ]
DEGREE_DONE [ 20, 1117, 139, 0 ]
DEGREE_DONE [ 21, 164, 20, 0 ]
DEGREE_DONE [ 22, 59, 7, 0 ]
PROGRESS [ 5, 24, 7998, 1000, 0, 3405 ]
PROGRESS [ 5, 24, 15998, 2000, 0, 4837 ]
PROGRESS [ 5, 24, 23998, 3000, 0, 6299 ]
DEGREE_DONE [ 24, 25000, 3125, 0 ]
DEGREE_DONE [ 26, 96, 12, 0 ]
DEGREE_DONE [ 28, 1854, 232, 0 ]
DEGREE_DONE [ 30, 5712, 714, 0 ]
DEGREE_DONE [ 33, 162, 20, 0 ]
DEGREE_DONE [ 34, 115, 14, 0 ]
DEGREE_DONE [ 35, 407, 51, 0 ]
PROGRESS [ 5, 36, 7998, 1000, 0, 11298 ]
PROGRESS [ 5, 36, 15998, 2000, 0, 14296 ]
PROGRESS [ 5, 36, 23998, 3000, 0, 17179 ]
PROGRESS [ 5, 36, 31998, 4000, 0, 20400 ]
PROGRESS [ 5, 36, 39998, 5000, 0, 23740 ]
PROGRESS [ 5, 36, 47998, 6000, 0, 26537 ]
PROGRESS [ 5, 36, 55998, 7000, 0, 29573 ]
PROGRESS [ 5, 36, 63998, 8000, 0, 32618 ]
PROGRESS [ 5, 36, 71998, 9000, 0, 35630 ]
PROGRESS [ 5, 36, 79998, 10000, 0, 38684 ]
PROGRESS [ 5, 36, 87998, 11000, 0, 41485 ]
PROGRESS [ 5, 36, 95998, 12000, 0, 44917 ]
PROGRESS [ 5, 36, 103998, 13000, 0, 47706 ]
PROGRESS [ 5, 36, 111998, 14000, 0, 50905 ]
PROGRESS [ 5, 36, 119998, 15000, 0, 53710 ]
DEGREE_DONE [ 36, 121279, 15160, 0 ]
DEGREE_DONE [ 38, 76, 9, 0 ]
DEGREE_DONE [ 39, 306, 38, 0 ]
PROGRESS [ 5, 40, 7998, 1000, 0, 59148 ]
PROGRESS [ 5, 40, 15998, 2000, 0, 63703 ]
PROGRESS [ 5, 40, 23998, 3000, 0, 68751 ]
PROGRESS [ 5, 40, 31998, 4000, 0, 74352 ]
PROGRESS [ 5, 40, 39998, 5000, 0, 79077 ]
PROGRESS [ 5, 40, 47998, 6000, 0, 84014 ]
PROGRESS [ 5, 40, 55998, 7000, 0, 89249 ]
PROGRESS [ 5, 40, 63998, 8000, 0, 93617 ]
PROGRESS [ 5, 40, 71998, 9000, 0, 98543 ]
PROGRESS [ 5, 40, 79998, 10000, 0, 103039 ]
PROGRESS [ 5, 40, 87998, 11000, 0, 108144 ]
PROGRESS [ 5, 40, 95998, 12000, 0, 113117 ]
PROGRESS [ 5, 40, 103998, 13000, 0, 117622 ]
PROGRESS [ 5, 40, 111998, 14000, 0, 122778 ]
PROGRESS [ 5, 40, 119998, 15000, 0, 127574 ]
PROGRESS [ 5, 40, 127998, 16000, 0, 132324 ]
PROGRESS [ 5, 40, 135998, 17000, 0, 136783 ]
PROGRESS [ 5, 40, 143998, 18000, 0, 141122 ]
PROGRESS [ 5, 40, 151998, 19000, 0, 147137 ]
PROGRESS [ 5, 40, 159998, 20000, 0, 151454 ]
PROGRESS [ 5, 40, 167998, 21000, 0, 156047 ]
PROGRESS [ 5, 40, 175998, 22000, 0, 161137 ]
PROGRESS [ 5, 40, 183998, 23000, 0, 165200 ]
PROGRESS [ 5, 40, 191998, 24000, 0, 169862 ]
PROGRESS [ 5, 40, 199998, 25000, 0, 174353 ]
PROGRESS [ 5, 40, 207998, 26000, 0, 179899 ]
PROGRESS [ 5, 40, 215998, 27000, 0, 184510 ]
PROGRESS [ 5, 40, 223998, 28000, 0, 189482 ]
PROGRESS [ 5, 40, 231998, 29000, 0, 195366 ]
PROGRESS [ 5, 40, 239998, 30000, 0, 199924 ]
PROGRESS [ 5, 40, 247998, 31000, 0, 204979 ]
PROGRESS [ 5, 40, 255998, 32000, 0, 210505 ]
PROGRESS [ 5, 40, 263998, 33000, 0, 215332 ]
PROGRESS [ 5, 40, 271998, 34000, 0, 220171 ]
PROGRESS [ 5, 40, 279998, 35000, 0, 225874 ]
PROGRESS [ 5, 40, 287998, 36000, 0, 230770 ]
PROGRESS [ 5, 40, 295998, 37000, 0, 236053 ]
PROGRESS [ 5, 40, 303998, 38000, 0, 241589 ]
PROGRESS [ 5, 40, 311998, 39000, 0, 245844 ]
DEGREE_DONE [ 40, 315842, 39480, 0 ]
PROGRESS [ 5, 42, 7998, 1000, 0, 251527 ]
DEGREE_DONE [ 42, 9491, 1186, 0 ]
DEGREE_DONE [ 44, 2113, 264, 0 ]
PROGRESS [ 5, 45, 7998, 1000, 0, 257797 ]
DEGREE_DONE [ 45, 10923, 1365, 0 ]
DEGREE_DONE [ 46, 56, 7, 0 ]
PASS_2199_WORD_SHARD [ 5, 8, 62031, 0 ]
