DEGREE_DONE [ 6, 16, 2, 0 ]
DEGREE_DONE [ 10, 45, 6, 0 ]
DEGREE_DONE [ 12, 301, 38, 0 ]
DEGREE_DONE [ 14, 63, 8, 0 ]
DEGREE_DONE [ 15, 104, 13, 0 ]
DEGREE_DONE [ 18, 983, 123, 0 ]
DEGREE_DONE [ 20, 1117, 140, 0 ]
DEGREE_DONE [ 21, 164, 20, 0 ]
DEGREE_DONE [ 22, 59, 7, 0 ]
PROGRESS [ 4, 24, 7997, 1000, 0, 3382 ]
PROGRESS [ 4, 24, 15997, 2000, 0, 4818 ]
PROGRESS [ 4, 24, 23997, 3000, 0, 6278 ]
DEGREE_DONE [ 24, 25000, 3125, 0 ]
DEGREE_DONE [ 26, 96, 12, 0 ]
DEGREE_DONE [ 28, 1854, 232, 0 ]
DEGREE_DONE [ 30, 5712, 714, 0 ]
DEGREE_DONE [ 33, 162, 20, 0 ]
DEGREE_DONE [ 34, 115, 14, 0 ]
DEGREE_DONE [ 35, 407, 51, 0 ]
PROGRESS [ 4, 36, 7997, 1000, 0, 11273 ]
PROGRESS [ 4, 36, 15997, 2000, 0, 14279 ]
PROGRESS [ 4, 36, 23997, 3000, 0, 17192 ]
PROGRESS [ 4, 36, 31997, 4000, 0, 20422 ]
PROGRESS [ 4, 36, 39997, 5000, 0, 23825 ]
PROGRESS [ 4, 36, 47997, 6000, 0, 26627 ]
PROGRESS [ 4, 36, 55997, 7000, 0, 29667 ]
PROGRESS [ 4, 36, 63997, 8000, 0, 32735 ]
PROGRESS [ 4, 36, 71997, 9000, 0, 35726 ]
PROGRESS [ 4, 36, 79997, 10000, 0, 38771 ]
PROGRESS [ 4, 36, 87997, 11000, 0, 41596 ]
PROGRESS [ 4, 36, 95997, 12000, 0, 45050 ]
PROGRESS [ 4, 36, 103997, 13000, 0, 47823 ]
PROGRESS [ 4, 36, 111997, 14000, 0, 51043 ]
PROGRESS [ 4, 36, 119997, 15000, 0, 53887 ]
DEGREE_DONE [ 36, 121279, 15160, 0 ]
DEGREE_DONE [ 38, 76, 9, 0 ]
DEGREE_DONE [ 39, 306, 38, 0 ]
PROGRESS [ 4, 40, 7997, 1000, 0, 59003 ]
PROGRESS [ 4, 40, 15997, 2000, 0, 64081 ]
PROGRESS [ 4, 40, 23997, 3000, 0, 69147 ]
PROGRESS [ 4, 40, 31997, 4000, 0, 73760 ]
PROGRESS [ 4, 40, 39997, 5000, 0, 79601 ]
PROGRESS [ 4, 40, 47997, 6000, 0, 84059 ]
PROGRESS [ 4, 40, 55997, 7000, 0, 88324 ]
PROGRESS [ 4, 40, 63997, 8000, 0, 93529 ]
PROGRESS [ 4, 40, 71997, 9000, 0, 98705 ]
PROGRESS [ 4, 40, 79997, 10000, 0, 103260 ]
PROGRESS [ 4, 40, 87997, 11000, 0, 107636 ]
PROGRESS [ 4, 40, 95997, 12000, 0, 113095 ]
PROGRESS [ 4, 40, 103997, 13000, 0, 117327 ]
PROGRESS [ 4, 40, 111997, 14000, 0, 122491 ]
PROGRESS [ 4, 40, 119997, 15000, 0, 127044 ]
PROGRESS [ 4, 40, 127997, 16000, 0, 131803 ]
PROGRESS [ 4, 40, 135997, 17000, 0, 136305 ]
PROGRESS [ 4, 40, 143997, 18000, 0, 140654 ]
PROGRESS [ 4, 40, 151997, 19000, 0, 146337 ]
PROGRESS [ 4, 40, 159997, 20000, 0, 150655 ]
PROGRESS [ 4, 40, 167997, 21000, 0, 155207 ]
PROGRESS [ 4, 40, 175997, 22000, 0, 160215 ]
PROGRESS [ 4, 40, 183997, 23000, 0, 164350 ]
PROGRESS [ 4, 40, 191997, 24000, 0, 168946 ]
PROGRESS [ 4, 40, 199997, 25000, 0, 174323 ]
PROGRESS [ 4, 40, 207997, 26000, 0, 178961 ]
PROGRESS [ 4, 40, 215997, 27000, 0, 183592 ]
PROGRESS [ 4, 40, 223997, 28000, 0, 188524 ]
PROGRESS [ 4, 40, 231997, 29000, 0, 194279 ]
PROGRESS [ 4, 40, 239997, 30000, 0, 198986 ]
PROGRESS [ 4, 40, 247997, 31000, 0, 204024 ]
PROGRESS [ 4, 40, 255997, 32000, 0, 209565 ]
PROGRESS [ 4, 40, 263997, 33000, 0, 214333 ]
PROGRESS [ 4, 40, 271997, 34000, 0, 219222 ]
PROGRESS [ 4, 40, 279997, 35000, 0, 224847 ]
PROGRESS [ 4, 40, 287997, 36000, 0, 229680 ]
PROGRESS [ 4, 40, 295997, 37000, 0, 234731 ]
PROGRESS [ 4, 40, 303997, 38000, 0, 240149 ]
PROGRESS [ 4, 40, 311997, 39000, 0, 244399 ]
DEGREE_DONE [ 40, 315842, 39480, 0 ]
PROGRESS [ 4, 42, 7997, 1000, 0, 250812 ]
DEGREE_DONE [ 42, 9491, 1186, 0 ]
DEGREE_DONE [ 44, 2113, 264, 0 ]
PROGRESS [ 4, 45, 7997, 1000, 0, 256276 ]
DEGREE_DONE [ 45, 10923, 1365, 0 ]
DEGREE_DONE [ 46, 56, 7, 0 ]
PASS_2199_WORD_SHARD [ 4, 8, 62034, 0 ]
