DEGREE_DONE [ 6, 16, 2, 0 ]
DEGREE_DONE [ 10, 45, 5, 0 ]
DEGREE_DONE [ 12, 301, 37, 0 ]
DEGREE_DONE [ 14, 63, 7, 0 ]
DEGREE_DONE [ 15, 104, 13, 0 ]
DEGREE_DONE [ 18, 983, 122, 0 ]
DEGREE_DONE [ 20, 1117, 139, 0 ]
DEGREE_DONE [ 21, 164, 20, 0 ]
DEGREE_DONE [ 22, 59, 7, 0 ]
PROGRESS [ 7, 24, 8000, 1000, 0, 3456 ]
PROGRESS [ 7, 24, 16000, 2000, 0, 4902 ]
PROGRESS [ 7, 24, 24000, 3000, 0, 6400 ]
DEGREE_DONE [ 24, 25000, 3125, 0 ]
DEGREE_DONE [ 26, 96, 12, 0 ]
DEGREE_DONE [ 28, 1854, 231, 0 ]
DEGREE_DONE [ 30, 5712, 714, 0 ]
DEGREE_DONE [ 33, 162, 20, 0 ]
DEGREE_DONE [ 34, 115, 14, 0 ]
DEGREE_DONE [ 35, 407, 50, 0 ]
PROGRESS [ 7, 36, 8000, 1000, 0, 11352 ]
PROGRESS [ 7, 36, 16000, 2000, 0, 14396 ]
PROGRESS [ 7, 36, 24000, 3000, 0, 17256 ]
PROGRESS [ 7, 36, 32000, 4000, 0, 20416 ]
PROGRESS [ 7, 36, 40000, 5000, 0, 23753 ]
PROGRESS [ 7, 36, 48000, 6000, 0, 26579 ]
PROGRESS [ 7, 36, 56000, 7000, 0, 29621 ]
PROGRESS [ 7, 36, 64000, 8000, 0, 32716 ]
PROGRESS [ 7, 36, 72000, 9000, 0, 35725 ]
PROGRESS [ 7, 36, 80000, 10000, 0, 38475 ]
PROGRESS [ 7, 36, 88000, 11000, 0, 41589 ]
PROGRESS [ 7, 36, 96000, 12000, 0, 44439 ]
PROGRESS [ 7, 36, 104000, 13000, 0, 47482 ]
PROGRESS [ 7, 36, 112000, 14000, 0, 50748 ]
PROGRESS [ 7, 36, 120000, 15000, 0, 53559 ]
DEGREE_DONE [ 36, 121279, 15159, 0 ]
DEGREE_DONE [ 38, 76, 9, 0 ]
DEGREE_DONE [ 39, 306, 38, 0 ]
PROGRESS [ 7, 40, 8000, 1000, 0, 59023 ]
PROGRESS [ 7, 40, 16000, 2000, 0, 63516 ]
PROGRESS [ 7, 40, 24000, 3000, 0, 68395 ]
PROGRESS [ 7, 40, 32000, 4000, 0, 73883 ]
PROGRESS [ 7, 40, 40000, 5000, 0, 78579 ]
PROGRESS [ 7, 40, 48000, 6000, 0, 83482 ]
PROGRESS [ 7, 40, 56000, 7000, 0, 88667 ]
PROGRESS [ 7, 40, 64000, 8000, 0, 93084 ]
PROGRESS [ 7, 40, 72000, 9000, 0, 97805 ]
PROGRESS [ 7, 40, 80000, 10000, 0, 103042 ]
PROGRESS [ 7, 40, 88000, 11000, 0, 107501 ]
PROGRESS [ 7, 40, 96000, 12000, 0, 112185 ]
PROGRESS [ 7, 40, 104000, 13000, 0, 117343 ]
PROGRESS [ 7, 40, 112000, 14000, 0, 121765 ]
PROGRESS [ 7, 40, 120000, 15000, 0, 126184 ]
PROGRESS [ 7, 40, 128000, 16000, 0, 131580 ]
PROGRESS [ 7, 40, 136000, 17000, 0, 136053 ]
PROGRESS [ 7, 40, 144000, 18000, 0, 140413 ]
PROGRESS [ 7, 40, 152000, 19000, 0, 145440 ]
PROGRESS [ 7, 40, 160000, 20000, 0, 150728 ]
PROGRESS [ 7, 40, 168000, 21000, 0, 155256 ]
PROGRESS [ 7, 40, 176000, 22000, 0, 159667 ]
PROGRESS [ 7, 40, 184000, 23000, 0, 164408 ]
PROGRESS [ 7, 40, 192000, 24000, 0, 169015 ]
PROGRESS [ 7, 40, 200000, 25000, 0, 173509 ]
PROGRESS [ 7, 40, 208000, 26000, 0, 179111 ]
PROGRESS [ 7, 40, 216000, 27000, 0, 183701 ]
PROGRESS [ 7, 40, 224000, 28000, 0, 188986 ]
PROGRESS [ 7, 40, 232000, 29000, 0, 194067 ]
PROGRESS [ 7, 40, 240000, 30000, 0, 199613 ]
PROGRESS [ 7, 40, 248000, 31000, 0, 204596 ]
PROGRESS [ 7, 40, 256000, 32000, 0, 209144 ]
PROGRESS [ 7, 40, 264000, 33000, 0, 214678 ]
PROGRESS [ 7, 40, 272000, 34000, 0, 219522 ]
PROGRESS [ 7, 40, 280000, 35000, 0, 224482 ]
PROGRESS [ 7, 40, 288000, 36000, 0, 230100 ]
PROGRESS [ 7, 40, 296000, 37000, 0, 235398 ]
PROGRESS [ 7, 40, 304000, 38000, 0, 240246 ]
PROGRESS [ 7, 40, 312000, 39000, 0, 244502 ]
DEGREE_DONE [ 40, 315842, 39480, 0 ]
PROGRESS [ 7, 42, 8000, 1000, 0, 250833 ]
DEGREE_DONE [ 42, 9491, 1186, 0 ]
DEGREE_DONE [ 44, 2113, 264, 0 ]
PROGRESS [ 7, 45, 8000, 1000, 0, 256274 ]
DEGREE_DONE [ 45, 10923, 1365, 0 ]
DEGREE_DONE [ 46, 56, 7, 0 ]
PASS_2199_WORD_SHARD [ 7, 8, 62026, 0 ]
