DEGREE_DONE [ 6, 16, 2, 0 ]
DEGREE_DONE [ 10, 45, 6, 0 ]
DEGREE_DONE [ 12, 301, 38, 0 ]
DEGREE_DONE [ 14, 63, 8, 0 ]
DEGREE_DONE [ 15, 104, 13, 0 ]
DEGREE_DONE [ 18, 983, 123, 0 ]
DEGREE_DONE [ 20, 1117, 140, 0 ]
DEGREE_DONE [ 21, 164, 21, 0 ]
DEGREE_DONE [ 22, 59, 8, 0 ]
PROGRESS [ 2, 24, 7995, 1000, 0, 3379 ]
PROGRESS [ 2, 24, 15995, 2000, 0, 4803 ]
PROGRESS [ 2, 24, 23995, 3000, 0, 6272 ]
DEGREE_DONE [ 24, 25000, 3125, 0 ]
DEGREE_DONE [ 26, 96, 12, 0 ]
DEGREE_DONE [ 28, 1854, 232, 0 ]
DEGREE_DONE [ 30, 5712, 714, 0 ]
DEGREE_DONE [ 33, 162, 20, 0 ]
DEGREE_DONE [ 34, 115, 15, 0 ]
DEGREE_DONE [ 35, 407, 51, 0 ]
PROGRESS [ 2, 36, 7995, 1000, 0, 11283 ]
PROGRESS [ 2, 36, 15995, 2000, 0, 14295 ]
PROGRESS [ 2, 36, 23995, 3000, 0, 17197 ]
PROGRESS [ 2, 36, 31995, 4000, 0, 20446 ]
PROGRESS [ 2, 36, 39995, 5000, 0, 23866 ]
PROGRESS [ 2, 36, 47995, 6000, 0, 26667 ]
PROGRESS [ 2, 36, 55995, 7000, 0, 29694 ]
PROGRESS [ 2, 36, 63995, 8000, 0, 32771 ]
PROGRESS [ 2, 36, 71995, 9000, 0, 35787 ]
PROGRESS [ 2, 36, 79995, 10000, 0, 38520 ]
PROGRESS [ 2, 36, 87995, 11000, 0, 41628 ]
PROGRESS [ 2, 36, 95995, 12000, 0, 44485 ]
PROGRESS [ 2, 36, 103995, 13000, 0, 47506 ]
PROGRESS [ 2, 36, 111995, 14000, 0, 50724 ]
PROGRESS [ 2, 36, 119995, 15000, 0, 53528 ]
DEGREE_DONE [ 36, 121279, 15160, 0 ]
DEGREE_DONE [ 38, 76, 10, 0 ]
DEGREE_DONE [ 39, 306, 38, 0 ]
PROGRESS [ 2, 40, 7995, 1000, 0, 58985 ]
PROGRESS [ 2, 40, 15995, 2000, 0, 63558 ]
PROGRESS [ 2, 40, 23995, 3000, 0, 68711 ]
PROGRESS [ 2, 40, 31995, 4000, 0, 74405 ]
PROGRESS [ 2, 40, 39995, 5000, 0, 79181 ]
PROGRESS [ 2, 40, 47995, 6000, 0, 84209 ]
PROGRESS [ 2, 40, 55995, 7000, 0, 89459 ]
PROGRESS [ 2, 40, 63995, 8000, 0, 93896 ]
PROGRESS [ 2, 40, 71995, 9000, 0, 98954 ]
PROGRESS [ 2, 40, 79995, 10000, 0, 103433 ]
PROGRESS [ 2, 40, 87995, 11000, 0, 108616 ]
PROGRESS [ 2, 40, 95995, 12000, 0, 113623 ]
PROGRESS [ 2, 40, 103995, 13000, 0, 118157 ]
PROGRESS [ 2, 40, 111995, 14000, 0, 122529 ]
PROGRESS [ 2, 40, 119995, 15000, 0, 126897 ]
PROGRESS [ 2, 40, 127995, 16000, 0, 132158 ]
PROGRESS [ 2, 40, 135995, 17000, 0, 136736 ]
PROGRESS [ 2, 40, 143995, 18000, 0, 141933 ]
PROGRESS [ 2, 40, 151995, 19000, 0, 146643 ]
PROGRESS [ 2, 40, 159995, 20000, 0, 150905 ]
PROGRESS [ 2, 40, 167995, 21000, 0, 155436 ]
PROGRESS [ 2, 40, 175995, 22000, 0, 160898 ]
PROGRESS [ 2, 40, 183995, 23000, 0, 164950 ]
PROGRESS [ 2, 40, 191995, 24000, 0, 169638 ]
PROGRESS [ 2, 40, 199995, 25000, 0, 174131 ]
PROGRESS [ 2, 40, 207995, 26000, 0, 179761 ]
PROGRESS [ 2, 40, 215995, 27000, 0, 184414 ]
PROGRESS [ 2, 40, 223995, 28000, 0, 189712 ]
PROGRESS [ 2, 40, 231995, 29000, 0, 194801 ]
PROGRESS [ 2, 40, 239995, 30000, 0, 200358 ]
PROGRESS [ 2, 40, 247995, 31000, 0, 205325 ]
PROGRESS [ 2, 40, 255995, 32000, 0, 209929 ]
PROGRESS [ 2, 40, 263995, 33000, 0, 215464 ]
PROGRESS [ 2, 40, 271995, 34000, 0, 220314 ]
PROGRESS [ 2, 40, 279995, 35000, 0, 225302 ]
PROGRESS [ 2, 40, 287995, 36000, 0, 230917 ]
PROGRESS [ 2, 40, 295995, 37000, 0, 236290 ]
PROGRESS [ 2, 40, 303995, 38000, 0, 241101 ]
PROGRESS [ 2, 40, 311995, 39000, 0, 245355 ]
DEGREE_DONE [ 40, 315842, 39480, 0 ]
PROGRESS [ 2, 42, 7995, 1000, 0, 251808 ]
DEGREE_DONE [ 42, 9491, 1187, 0 ]
DEGREE_DONE [ 44, 2113, 264, 0 ]
PROGRESS [ 2, 45, 7995, 1000, 0, 257247 ]
DEGREE_DONE [ 45, 10923, 1366, 0 ]
DEGREE_DONE [ 46, 56, 7, 0 ]
PASS_2199_WORD_SHARD [ 2, 8, 62040, 0 ]
