DEGREE_DONE [ 6, 16, 2, 0 ]
DEGREE_DONE [ 10, 45, 6, 0 ]
DEGREE_DONE [ 12, 301, 38, 0 ]
DEGREE_DONE [ 14, 63, 8, 0 ]
DEGREE_DONE [ 15, 104, 13, 0 ]
DEGREE_DONE [ 18, 983, 123, 0 ]
DEGREE_DONE [ 20, 1117, 140, 0 ]
DEGREE_DONE [ 21, 164, 21, 0 ]
DEGREE_DONE [ 22, 59, 8, 0 ]
PROGRESS [ 0, 24, 7993, 1000, 0, 3558 ]
PROGRESS [ 0, 24, 15993, 2000, 0, 4993 ]
PROGRESS [ 0, 24, 23993, 3000, 0, 6459 ]
DEGREE_DONE [ 24, 25000, 3125, 0 ]
DEGREE_DONE [ 26, 96, 12, 0 ]
DEGREE_DONE [ 28, 1854, 232, 0 ]
DEGREE_DONE [ 30, 5712, 714, 0 ]
DEGREE_DONE [ 33, 162, 21, 0 ]
DEGREE_DONE [ 34, 115, 15, 0 ]
DEGREE_DONE [ 35, 407, 51, 0 ]
PROGRESS [ 0, 36, 7993, 1000, 0, 11443 ]
PROGRESS [ 0, 36, 15993, 2000, 0, 14437 ]
PROGRESS [ 0, 36, 23993, 3000, 0, 17323 ]
PROGRESS [ 0, 36, 31993, 4000, 0, 20582 ]
PROGRESS [ 0, 36, 39993, 5000, 0, 23970 ]
PROGRESS [ 0, 36, 47993, 6000, 0, 27011 ]
PROGRESS [ 0, 36, 55993, 7000, 0, 30206 ]
PROGRESS [ 0, 36, 63993, 8000, 0, 32903 ]
PROGRESS [ 0, 36, 71993, 9000, 0, 35756 ]
PROGRESS [ 0, 36, 79993, 10000, 0, 38755 ]
PROGRESS [ 0, 36, 87993, 11000, 0, 41863 ]
PROGRESS [ 0, 36, 95993, 12000, 0, 44700 ]
PROGRESS [ 0, 36, 103993, 13000, 0, 47728 ]
PROGRESS [ 0, 36, 111993, 14000, 0, 50937 ]
PROGRESS [ 0, 36, 119993, 15000, 0, 53761 ]
DEGREE_DONE [ 36, 121279, 15160, 0 ]
DEGREE_DONE [ 38, 76, 10, 0 ]
DEGREE_DONE [ 39, 306, 39, 0 ]
PROGRESS [ 0, 40, 7993, 1000, 0, 59246 ]
PROGRESS [ 0, 40, 15993, 2000, 0, 63773 ]
PROGRESS [ 0, 40, 23993, 3000, 0, 68825 ]
PROGRESS [ 0, 40, 31993, 4000, 0, 74443 ]
PROGRESS [ 0, 40, 39993, 5000, 0, 79176 ]
PROGRESS [ 0, 40, 47993, 6000, 0, 84196 ]
PROGRESS [ 0, 40, 55993, 7000, 0, 88729 ]
PROGRESS [ 0, 40, 63993, 8000, 0, 93872 ]
PROGRESS [ 0, 40, 71993, 9000, 0, 98931 ]
PROGRESS [ 0, 40, 79993, 10000, 0, 103496 ]
PROGRESS [ 0, 40, 87993, 11000, 0, 107855 ]
PROGRESS [ 0, 40, 95993, 12000, 0, 113248 ]
PROGRESS [ 0, 40, 103993, 13000, 0, 117467 ]
PROGRESS [ 0, 40, 111993, 14000, 0, 122571 ]
PROGRESS [ 0, 40, 119993, 15000, 0, 127105 ]
PROGRESS [ 0, 40, 127993, 16000, 0, 131815 ]
PROGRESS [ 0, 40, 135993, 17000, 0, 136286 ]
PROGRESS [ 0, 40, 143993, 18000, 0, 141503 ]
PROGRESS [ 0, 40, 151993, 19000, 0, 146230 ]
PROGRESS [ 0, 40, 159993, 20000, 0, 150511 ]
PROGRESS [ 0, 40, 167993, 21000, 0, 155026 ]
PROGRESS [ 0, 40, 175993, 22000, 0, 159578 ]
PROGRESS [ 0, 40, 183993, 23000, 0, 164616 ]
PROGRESS [ 0, 40, 191993, 24000, 0, 169310 ]
PROGRESS [ 0, 40, 199993, 25000, 0, 173840 ]
PROGRESS [ 0, 40, 207993, 26000, 0, 179491 ]
PROGRESS [ 0, 40, 215993, 27000, 0, 184096 ]
PROGRESS [ 0, 40, 223993, 28000, 0, 188980 ]
PROGRESS [ 0, 40, 231993, 29000, 0, 194507 ]
PROGRESS [ 0, 40, 239993, 30000, 0, 199227 ]
PROGRESS [ 0, 40, 247993, 31000, 0, 204279 ]
PROGRESS [ 0, 40, 255993, 32000, 0, 209810 ]
PROGRESS [ 0, 40, 263993, 33000, 0, 214578 ]
PROGRESS [ 0, 40, 271993, 34000, 0, 219472 ]
PROGRESS [ 0, 40, 279993, 35000, 0, 225094 ]
PROGRESS [ 0, 40, 287993, 36000, 0, 229967 ]
PROGRESS [ 0, 40, 295993, 37000, 0, 235005 ]
PROGRESS [ 0, 40, 303993, 38000, 0, 240428 ]
PROGRESS [ 0, 40, 311993, 39000, 0, 244676 ]
DEGREE_DONE [ 40, 315842, 39481, 0 ]
PROGRESS [ 0, 42, 7993, 1000, 0, 251220 ]
DEGREE_DONE [ 42, 9491, 1187, 0 ]
DEGREE_DONE [ 44, 2113, 265, 0 ]
PROGRESS [ 0, 45, 7993, 1000, 0, 256709 ]
DEGREE_DONE [ 45, 10923, 1366, 0 ]
DEGREE_DONE [ 46, 56, 7, 0 ]
PASS_2199_WORD_SHARD [ 0, 8, 62044, 0 ]
