
CASE_647 16 7 3 8 D16
CASE_647 16 8 3 8 QD16
CASE_647 16 9 3 8 Q16
CASE_647 27 3 2 3 (C3 x C3) : C3
CASE_647 27 4 2 9 C9 : C3
CASE_647 32 6 3 4 (C2 x C2 x C2) : C4
CASE_647 32 7 3 8 (C8 : C2) : C2
CASE_647 32 8 3 8 C2 . ((C4 x C2) : C2) = (C2 x C2) . (C4 x C2)
CASE_647 32 9 3 8 (C8 x C2) : C2
CASE_647 32 10 3 8 Q8 : C4
CASE_647 32 11 3 8 (C4 x C4) : C2
CASE_647 32 13 3 8 C8 : C4
CASE_647 32 14 3 8 C8 : C4
CASE_647 32 15 3 8 C4 . D8 = C4 . (C4 x C2)
CASE_647 32 18 4 16 D32
CASE_647 32 19 4 16 QD32
CASE_647 32 20 4 16 Q32
CASE_647 32 39 3 8 C2 x D16
CASE_647 32 40 3 8 C2 x QD16
CASE_647 32 41 3 8 C2 x Q16
CASE_647 32 42 3 8 (C8 x C2) : C2
CASE_647 32 43 3 8 C8 : (C2 x C2)
CASE_647 32 44 3 8 (C2 x Q8) : C2
CASE_647 64 4 3 8 ((C8 x C2) : C2) : C2
CASE_647 64 5 3 8 (C4 x C2) : C8
CASE_647 64 6 3 8 (C8 x C4) : C2
CASE_647 64 7 3 8 Q8 : C8
CASE_647 64 8 3 8 ((C8 x C2) : C2) : C2
CASE_647 64 9 3 8 (C4 : C4) : C4
CASE_647 64 10 3 8 (C8 : C4) : C2
CASE_647 64 11 3 8 (C2 x C2) . ((C4 x C2) : C2) = (C4 x C2) . (C4 x C2)
CASE_647 64 12 3 8 (C4 : C8) : C2
CASE_647 64 13 3 8 (C2 x C2) . ((C4 x C2) : C2) = (C4 x C2) . (C4 x C2)
CASE_647 64 14 3 8 (C2 x C2) . ((C4 x C2) : C2) = (C4 x C2) . (C4 x C2)
CASE_647 64 15 3 8 C8 : C8
CASE_647 64 16 3 8 C8 : C8
CASE_647 64 20 3 8 (C4 : C4) : C4
CASE_647 64 21 3 8 (C4 : C4) : C4
CASE_647 64 22 3 8 (C4 x C2) . D8 = C4 . (C4 x C4)
CASE_647 64 23 3 4 ((C4 x C2) : C2) : C4
CASE_647 64 24 3 8 (C8 : C2) : C4
CASE_647 64 25 3 8 (C8 x C2) : C4
CASE_647 64 30 3 16 (C16 : C2) : C2
CASE_647 64 31 3 16 (C16 : C2) : C2
CASE_647 64 32 4 8 ((C8 : C2) : C2) : C2
CASE_647 64 33 4 8 (C4 x C2 x C2) : C4
CASE_647 64 34 4 4 ((C2 x C2 x C2) : C4) : C2
CASE_647 64 35 4 4 (C2 x Q8) : C4
CASE_647 64 36 4 8 (C2 . ((C4 x C2) : C2) = (C2 x C2) . (C4 x C2)) : C2
CASE_647 64 37 4 8 C2 . ((C2 x C2 x C2) : C4) = (C4 x C2) . (C4 x C2)
CASE_647 64 38 4 16 (C16 x C2) : C2
CASE_647 64 39 4 16 Q16 : C4
CASE_647 64 40 4 16 (C16 x C2) : C2
CASE_647 64 41 4 16 (C16 : C2) : C2
CASE_647 64 42 4 16 (C16 : C2) : C2
CASE_647 64 43 4 16 C2 . ((C8 x C2) : C2) = C8 . (C4 x C2)
CASE_647 64 45 3 16 C8 . D8 = C4 . (C8 x C2)
CASE_647 64 46 4 16 C16 : C4
CASE_647 64 47 4 16 C16 : C4
CASE_647 64 48 4 16 C16 : C4
CASE_647 64 49 4 16 C4 . D16 = C8 . (C4 x C2)
CASE_647 64 52 5 32 D64
CASE_647 64 53 5 32 QD64
CASE_647 64 54 5 32 Q64
CASE_647 64 90 3 4 C2 x ((C2 x C2 x C2) : C4)
CASE_647 64 91 3 4 ((C4 x C4) : C2) : C2
CASE_647 64 92 3 8 C2 x ((C8 : C2) : C2)
CASE_647 64 93 3 8 C2 x (C2 . ((C4 x C2) : C2) = (C2 x C2) . (C4 x C2))
CASE_647 64 94 3 8 (C2 x (C8 : C2)) : C2
CASE_647 64 95 3 8 C2 x ((C8 x C2) : C2)
CASE_647 64 96 3 8 C2 x (Q8 : C4)
CASE_647 64 97 3 8 ((C4 x C4) : C2) : C2
CASE_647 64 98 3 8 (C2 x (C4 : C4)) : C2
CASE_647 64 99 3 8 ((C4 x C4) : C2) : C2
CASE_647 64 100 3 8 (Q8 : C4) : C2
CASE_647 64 101 3 8 C2 x ((C4 x C4) : C2)
CASE_647 64 102 3 8 (C2 x (C8 : C2)) : C2
CASE_647 64 106 3 8 C2 x (C8 : C4)
CASE_647 64 107 3 8 C2 x (C8 : C4)
CASE_647 64 108 3 8 (C8 : C4) : C2
CASE_647 64 109 3 8 (C8 : C4) : C2
CASE_647 64 110 3 8 C2 x (C4 . D8 = C4 . (C4 x C2))
CASE_647 64 111 3 8 (C4 . D8 = C4 . (C4 x C2)) : C2
CASE_647 64 118 3 8 C4 x D16
CASE_647 64 119 3 8 C4 x QD16
CASE_647 64 120 3 8 C4 x Q16
CASE_647 64 121 3 8 (C4 x Q8) : C2
CASE_647 64 122 3 8 Q16 : C4
CASE_647 64 123 3 8 (C4 x D8) : C2
CASE_647 64 124 3 8 ((C8 x C2) : C2) : C2
CASE_647 64 125 3 8 ((C8 x C2) : C2) : C2
CASE_647 64 128 3 8 ((C4 x C2 x C2) : C2) : C2
CASE_647 64 129 3 8 (C2 x QD16) : C2
CASE_647 64 130 3 8 ((C4 x C2 x C2) : C2) : C2
CASE_647 64 131 3 8 ((C2 x Q8) : C2) : C2
CASE_647 64 132 3 8 (C2 x Q16) : C2
CASE_647 64 133 3 8 ((C2 x Q8) : C2) : C2
CASE_647 64 134 3 8 ((C4 x C4) : C2) : C2
CASE_647 64 135 3 8 ((C4 x C4) : C2) : C2
CASE_647 64 136 3 8 ((C4 x C4) : C2) : C2
CASE_647 64 137 3 8 (C4 : Q8) : C2
CASE_647 64 138 3 4 ((C2 x C2 x C2 x C2) : C2) : C2
CASE_647 64 139 3 4 ((C4 x C2 x C2) : C2) : C2
CASE_647 64 140 3 8 (C2 x D16) : C2
CASE_647 64 141 3 8 (C2 x QD16) : C2
CASE_647 64 142 3 8 (Q8 : C4) : C2
CASE_647 64 143 3 8 C4 : Q16
CASE_647 64 144 3 8 ((C8 x C2) : C2) : C2
CASE_647 64 145 3 8 (C4 x Q8) : C2
CASE_647 64 146 3 8 ((C8 x C2) : C2) : C2
CASE_647 64 147 3 8 ((C4 x C2 x C2) : C2) : C2
CASE_647 64 148 3 8 (Q8 : C4) : C2
CASE_647 64 149 3 8 ((C8 x C2) : C2) : C2
CASE_647 64 150 3 8 ((C4 x C2 x C2) : C2) : C2
CASE_647 64 151 3 8 (Q8 : C4) : C2
CASE_647 64 152 3 8 ((C8 : C2) : C2) : C2
CASE_647 64 153 3 8 (C8 : (C2 x C2)) : C2
CASE_647 64 154 3 8 (C2 . ((C4 x C2) : C2) = (C2 x C2) . (C4 x C2)) : C2
CASE_647 64 155 3 8 (C8 : C4) : C2
CASE_647 64 156 3 8 Q8 : Q8
CASE_647 64 157 3 8 (C8 : C4) : C2
CASE_647 64 158 3 8 Q8 : Q8
CASE_647 64 159 3 8 (C8 : C4) : C2
CASE_647 64 160 3 8 (C2 x C2) . (C2 x D8) = (C4 x C2) . (C2 x C2 x C2)
CASE_647 64 161 3 8 ((C8 x C2) : C2) : C2
CASE_647 64 162 3 8 ((C8 x C2) : C2) : C2
CASE_647 64 163 3 8 ((C8 x C2) : C2) : C2
CASE_647 64 164 3 8 (Q8 : C4) : C2
CASE_647 64 165 3 8 (Q8 : C4) : C2
CASE_647 64 166 3 8 (Q8 : C4) : C2
CASE_647 64 167 3 8 ((C8 x C2) : C2) : C2
CASE_647 64 168 3 8 (C2 x C2) . (C2 x D8) = (C4 x C2) . (C2 x C2 x C2)
CASE_647 64 169 3 8 (C8 x C4) : C2
CASE_647 64 170 3 8 (C8 : C4) : C2
CASE_647 64 171 3 8 ((C8 x C2) : C2) : C2
CASE_647 64 172 3 8 (C2 x C2) . (C2 x D8) = (C4 x C2) . (C2 x C2 x C2)
CASE_647 64 173 3 8 (C2 x QD16) : C2
CASE_647 64 174 3 8 ((C4 x C4) : C2) : C2
CASE_647 64 175 3 8 C4 : Q16
CASE_647 64 176 3 8 ((C4 x C4) : C2) : C2
CASE_647 64 177 3 8 ((C4 x C4) : C2) : C2
CASE_647 64 178 3 8 (C4 : Q8) : C2
CASE_647 64 179 3 8 C8 : Q8
CASE_647 64 180 3 8 (C2 x C2) . (C2 x D8) = (C4 x C2) . (C2 x C2 x C2)
CASE_647 64 181 3 8 C8 : Q8
CASE_647 64 182 3 8 C8 : Q8
CASE_647 64 186 4 16 C2 x D32
CASE_647 64 187 4 16 C2 x QD32
CASE_647 64 188 4 16 C2 x Q32
CASE_647 64 189 4 16 ((C8 x C2) : C2) : C2
CASE_647 64 190 4 16 ((C8 x C2) : C2) : C2
CASE_647 64 191 4 16 QD32 : C2
CASE_647 64 250 3 8 C2 x C2 x D16
CASE_647 64 251 3 8 C2 x C2 x QD16
CASE_647 64 252 3 8 C2 x C2 x Q16
CASE_647 64 253 3 8 C2 x ((C8 x C2) : C2)
CASE_647 64 254 3 8 C2 x (C8 : (C2 x C2))
CASE_647 64 255 3 8 C2 x ((C2 x Q8) : C2)
CASE_647 64 256 3 8 ((C8 x C2) : C2) : C2
CASE_647 64 257 3 8 (C2 x D16) : C2
CASE_647 64 258 3 8 (C2 x QD16) : C2
CASE_647 64 259 3 8 (C2 x Q16) : C2
PASS_647_CATALOG
