Syntax warning: Unbound global variable in scripts/verify_9_45.g:41
        Check945(ForAll(h945,x->IsInt((x*c945)/m945)),"dual HNF membership");
                                         ^^^^
Syntax warning: Unbound global variable in scripts/verify_9_45.g:41
        Check945(ForAll(h945,x->IsInt((x*c945)/m945)),"dual HNF membership");
                                               ^^^^
Syntax warning: Unbound global variable in scripts/verify_9_45.g:54
        Check945(ForAll([1..n945],i->ForAll([i+1..n945],
                                                  ^^^^
Syntax warning: Unbound global variable in scripts/verify_9_45.g:55
            j->witness945[i]*witness945[j]=0)),"independent witness orthogonal\
ity");
               ^^^^^^^^^^
Syntax warning: Unbound global variable in scripts/verify_9_45.g:55
            j->witness945[i]*witness945[j]=0)),"independent witness orthogonal\
ity");
                             ^^^^^^^^^^
PASS_945_GAP rec(
  basis_equalities := 1198,
  box_cases := 274,
  box_points := 291330,
  box_short_vectors := 2698,
  cases := 3520,
  negative := 2921,
  positive := 599,
  splitting_vectors := 3011 )
