CANDIDATE degree_multiset=[ [ 1, 1 ], [ 3, 2 ], [ 4, 1 ], [ 5, 1 ] ] current=
rec(
  almost := true,
  name := "A6M2",
  order := 60 ) previous=[ rec(
      almost := true,
      name := "A5",
      order := 60 ) ]
CANDIDATE degree_multiset=[ [ 1, 2 ], [ 4, 2 ], [ 5, 2 ], [ 6, 1 ] ] current=
rec(
  almost := true,
  name := "A6.2_1M3",
  order := 120 ) previous=[ rec(
      almost := true,
      name := "A5.2",
      order := 120 ) ]
CANDIDATE degree_multiset=[ [ 1, 4 ], [ 9, 4 ], [ 10, 2 ], [ 16, 2 ], 
  [ 20, 1 ] ] current=rec(
  almost := true,
  name := "A6.2^2",
  order := 1440 ) previous=[ rec(
      almost := true,
      name := "2F4(2)'M7",
      order := 1440 ) ]
CANDIDATE degree_multiset=[ [ 1, 4 ], [ 9, 4 ], [ 10, 2 ], [ 16, 2 ], 
  [ 20, 1 ] ] current=rec(
  almost := true,
  name := "U4(3).2_3M10",
  order := 1440 ) previous=[ rec(
      almost := true,
      name := "2F4(2)'M7",
      order := 1440 ), rec(
      almost := true,
      name := "A6.2^2",
      order := 1440 ) ]
CANDIDATE degree_multiset=[ [ 1, 4 ], [ 9, 4 ], [ 10, 2 ], [ 16, 2 ], 
  [ 20, 1 ] ] current=rec(
  almost := true,
  name := "M12M4",
  order := 1440 ) previous=[ rec(
      almost := true,
      name := "2F4(2)'M7",
      order := 1440 ), rec(
      almost := true,
      name := "A6.2^2",
      order := 1440 ), rec(
      almost := true,
      name := "U4(3).2_3M10",
      order := 1440 ) ]
PROGRESS checked=100 runtime_ms=4631
PROGRESS checked=200 runtime_ms=18219
PROGRESS checked=300 runtime_ms=37259
PROGRESS checked=400 runtime_ms=51796
PROGRESS checked=500 runtime_ms=71960
PROGRESS checked=600 runtime_ms=84113
CANDIDATE degree_multiset=[ [ 1, 2 ], [ 10, 5 ], [ 11, 2 ], [ 12, 4 ] 
 ] current=rec(
  almost := true,
  name := "L2(121)M3",
  order := 1320 ) previous=[ rec(
      almost := true,
      name := "L2(11).2",
      order := 1320 ) ]
CANDIDATE degree_multiset=[ [ 1, 2 ], [ 10, 5 ], [ 11, 2 ], [ 12, 4 ] 
 ] current=rec(
  almost := true,
  name := "M12.2M3",
  order := 1320 ) previous=[ rec(
      almost := true,
      name := "L2(11).2",
      order := 1320 ), rec(
      almost := true,
      name := "L2(121)M3",
      order := 1320 ) ]
CANDIDATE degree_multiset=[ [ 1, 2 ], [ 10, 5 ], [ 11, 2 ], [ 12, 4 ] 
 ] current=rec(
  almost := true,
  name := "U3(11)M4",
  order := 1320 ) previous=[ rec(
      almost := true,
      name := "L2(11).2",
      order := 1320 ), rec(
      almost := true,
      name := "L2(121)M3",
      order := 1320 ), rec(
      almost := true,
      name := "M12.2M3",
      order := 1320 ) ]
CANDIDATE degree_multiset=[ [ 1, 2 ], [ 10, 5 ], [ 11, 2 ], [ 12, 4 ] 
 ] current=rec(
  almost := true,
  name := "U3(11)M5",
  order := 1320 ) previous=[ rec(
      almost := true,
      name := "L2(11).2",
      order := 1320 ), rec(
      almost := true,
      name := "L2(121)M3",
      order := 1320 ), rec(
      almost := true,
      name := "M12.2M3",
      order := 1320 ), rec(
      almost := true,
      name := "U3(11)M4",
      order := 1320 ) ]
PROGRESS checked=700 runtime_ms=87736
CANDIDATE degree_multiset=[ [ 1, 2 ], [ 16, 2 ], [ 17, 6 ], [ 30, 4 ], 
  [ 34, 2 ] ] current=rec(
  almost := true,
  name := "S4(4)M4",
  order := 8160 ) previous=[ rec(
      almost := true,
      name := "L2(16).2",
      order := 8160 ) ]
CANDIDATE degree_multiset=[ [ 1, 4 ], [ 16, 4 ], [ 17, 4 ], [ 34, 2 ], 
  [ 60, 2 ], [ 68, 1 ] ] current=rec(
  almost := true,
  name := "S4(4).2M5",
  order := 16320 ) previous=[ rec(
      almost := true,
      name := "L2(16).4",
      order := 16320 ) ]
CANDIDATE degree_multiset=[ [ 1, 1 ], [ 9, 2 ], [ 18, 4 ], [ 19, 1 ], 
  [ 20, 4 ] ] current=rec(
  almost := true,
  name := "L2(19)",
  order := 3420 ) previous=[ rec(
      almost := true,
      name := "J3M3",
      order := 3420 ) ]
CANDIDATE degree_multiset=[ [ 1, 3 ], [ 7, 3 ], [ 8, 3 ], [ 21, 1 ], 
  [ 27, 1 ] ] current=rec(
  almost := true,
  name := "A9M5",
  order := 1512 ) previous=[ rec(
      almost := true,
      name := "L2(8).3",
      order := 1512 ) ]
CANDIDATE degree_multiset=[ [ 1, 1 ], [ 15, 2 ], [ 30, 7 ], [ 31, 1 ], 
  [ 32, 7 ] ] current=rec(
  almost := true,
  name := "ONM8",
  order := 14880 ) previous=[ rec(
      almost := true,
      name := "L2(31)",
      order := 14880 ) ]
PROGRESS checked=800 runtime_ms=90112
CANDIDATE degree_multiset=[ [ 1, 4 ], [ 20, 4 ], [ 35, 4 ], [ 64, 4 ], 
  [ 70, 2 ], [ 90, 2 ], [ 126, 2 ] ] current=rec(
  almost := true,
  name := "U4(3).(2^2)_{133}M6",
  order := 80640 ) previous=[ rec(
      almost := true,
      name := "L3(4).2^2",
      order := 80640 ) ]
CANDIDATE degree_multiset=[ [ 1, 2 ], [ 12, 2 ], [ 13, 2 ], [ 26, 2 ], 
  [ 27, 2 ], [ 32, 2 ], [ 39, 2 ], [ 52, 1 ] ] current=rec(
  almost := true,
  name := "L3(3).2",
  order := 11232 ) previous=[ rec(
      almost := true,
      name := "2F4(2)'M2",
      order := 11232 ) ]
CANDIDATE degree_multiset=[ [ 1, 2 ], [ 12, 2 ], [ 13, 2 ], [ 26, 2 ], 
  [ 27, 2 ], [ 32, 2 ], [ 39, 2 ], [ 52, 1 ] ] current=rec(
  almost := true,
  name := "G2(3)M6",
  order := 11232 ) previous=[ rec(
      almost := true,
      name := "2F4(2)'M2",
      order := 11232 ), rec(
      almost := true,
      name := "L3(3).2",
      order := 11232 ) ]
PROGRESS checked=900 runtime_ms=92389
CANDIDATE degree_multiset=[ [ 1, 2 ], [ 56, 2 ], [ 57, 2 ], [ 152, 2 ], 
  [ 304, 1 ], [ 342, 6 ], [ 343, 2 ], [ 399, 2 ], [ 456, 2 ], [ 576, 3 ], 
  [ 684, 2 ] ] current=rec(
  almost := true,
  name := "ONM2",
  order := 3753792 ) previous=[ rec(
      almost := true,
      name := "L3(7).2",
      order := 3753792 ) ]
CANDIDATE degree_multiset=[ [ 1, 1 ], [ 10, 3 ], [ 11, 1 ], [ 16, 2 ], 
  [ 44, 1 ], [ 45, 1 ], [ 55, 1 ] ] current=rec(
  almost := true,
  name := "M11",
  order := 7920 ) previous=[ rec(
      almost := true,
      name := "HSM9",
      order := 7920 ) ]
CANDIDATE degree_multiset=[ [ 1, 2 ], [ 22, 1 ], [ 32, 1 ], [ 45, 2 ], 
  [ 54, 2 ], [ 55, 2 ], [ 66, 2 ], [ 99, 2 ], [ 110, 1 ], [ 120, 2 ], 
  [ 144, 2 ], [ 176, 2 ] ] current=rec(
  almost := true,
  name := "M12.2",
  order := 190080 ) previous=[ rec(
      almost := true,
      name := "HNM12",
      order := 190080 ) ]
CANDIDATE degree_multiset=[ [ 1, 1 ], [ 10, 3 ], [ 11, 1 ], [ 16, 2 ], 
  [ 44, 1 ], [ 45, 1 ], [ 55, 1 ] ] current=rec(
  almost := true,
  name := "M12M2",
  order := 7920 ) previous=[ rec(
      almost := true,
      name := "HSM9",
      order := 7920 ), rec(
      almost := true,
      name := "M11",
      order := 7920 ) ]
CANDIDATE degree_multiset=[ [ 1, 1 ], [ 21, 1 ], [ 45, 2 ], [ 55, 1 ], 
  [ 99, 1 ], [ 154, 1 ], [ 210, 1 ], [ 231, 1 ], [ 280, 2 ], [ 385, 1 ] 
 ] current=rec(
  almost := true,
  name := "McLM3",
  order := 443520 ) previous=[ rec(
      almost := true,
      name := "M22",
      order := 443520 ) ]
CANDIDATE degree_multiset=[ [ 1, 1 ], [ 10, 3 ], [ 11, 1 ], [ 16, 2 ], 
  [ 44, 1 ], [ 45, 1 ], [ 55, 1 ] ] current=rec(
  almost := true,
  name := "ONM11",
  order := 7920 ) previous=[ rec(
      almost := true,
      name := "HSM9",
      order := 7920 ), rec(
      almost := true,
      name := "M11",
      order := 7920 ), rec(
      almost := true,
      name := "M12M2",
      order := 7920 ) ]
PROGRESS checked=1000 runtime_ms=93645
CANDIDATE degree_multiset=[ [ 1, 1 ], [ 5, 2 ], [ 8, 2 ], [ 9, 1 ], [ 10, 1 ] 
 ] current=rec(
  almost := true,
  name := "L3(4)M4",
  order := 360 ) previous=[ rec(
      almost := true,
      name := "A6",
      order := 360 ) ]
CANDIDATE degree_multiset=[ [ 1, 1 ], [ 5, 2 ], [ 8, 2 ], [ 9, 1 ], [ 10, 1 ] 
 ] current=rec(
  almost := true,
  name := "L3(4)M5",
  order := 360 ) previous=[ rec(
      almost := true,
      name := "A6",
      order := 360 ), rec(
      almost := true,
      name := "L3(4)M4",
      order := 360 ) ]
CANDIDATE degree_multiset=[ [ 1, 1 ], [ 3, 2 ], [ 6, 1 ], [ 7, 1 ], [ 8, 1 ] 
 ] current=rec(
  almost := true,
  name := "L3(4)M7",
  order := 168 ) previous=[ rec(
      almost := true,
      name := "L3(2)",
      order := 168 ) ]
CANDIDATE degree_multiset=[ [ 1, 1 ], [ 3, 2 ], [ 6, 1 ], [ 7, 1 ], [ 8, 1 ] 
 ] current=rec(
  almost := true,
  name := "L3(4)M8",
  order := 168 ) previous=[ rec(
      almost := true,
      name := "L3(2)",
      order := 168 ), rec(
      almost := true,
      name := "L3(4)M7",
      order := 168 ) ]
PROGRESS checked=1100 runtime_ms=97097
CANDIDATE degree_multiset=[ [ 1, 1 ], [ 6, 1 ], [ 10, 2 ], [ 14, 2 ], 
  [ 15, 1 ], [ 21, 1 ], [ 35, 1 ] ] current=rec(
  almost := true,
  name := "U4(3)M12",
  order := 2520 ) previous=[ rec(
      almost := true,
      name := "A7",
      order := 2520 ) ]
CANDIDATE degree_multiset=[ [ 1, 1 ], [ 7, 1 ], [ 15, 1 ], [ 21, 2 ], 
  [ 27, 1 ], [ 35, 2 ], [ 56, 1 ], [ 70, 1 ], [ 84, 1 ], [ 105, 3 ], 
  [ 120, 1 ], [ 168, 1 ], [ 189, 3 ], [ 210, 2 ], [ 216, 1 ], [ 280, 2 ], 
  [ 315, 1 ], [ 336, 1 ], [ 378, 1 ], [ 405, 1 ], [ 420, 1 ], [ 512, 1 ] 
 ] current=rec(
  almost := true,
  name := "O8+(2)M3",
  order := 1451520 ) previous=[ rec(
      almost := true,
      name := "O8+(2)M2",
      order := 1451520 ) ]
CANDIDATE degree_multiset=[ [ 1, 1 ], [ 8, 1 ], [ 21, 2 ], [ 27, 1 ], 
  [ 28, 1 ], [ 35, 2 ], [ 42, 1 ], [ 48, 1 ], [ 56, 1 ], [ 84, 1 ], 
  [ 105, 1 ], [ 120, 1 ], [ 162, 1 ], [ 168, 1 ], [ 189, 1 ], [ 216, 1 ] 
 ] current=rec(
  almost := true,
  name := "O8+(2)M8",
  order := 181440 ) previous=[ rec(
      almost := true,
      name := "A9",
      order := 181440 ) ]
CANDIDATE degree_multiset=[ [ 1, 1 ], [ 8, 1 ], [ 21, 2 ], [ 27, 1 ], 
  [ 28, 1 ], [ 35, 2 ], [ 42, 1 ], [ 48, 1 ], [ 56, 1 ], [ 84, 1 ], 
  [ 105, 1 ], [ 120, 1 ], [ 162, 1 ], [ 168, 1 ], [ 189, 1 ], [ 216, 1 ] 
 ] current=rec(
  almost := true,
  name := "O8+(2)M9",
  order := 181440 ) previous=[ rec(
      almost := true,
      name := "A9",
      order := 181440 ), rec(
      almost := true,
      name := "O8+(2)M8",
      order := 181440 ) ]
PROGRESS checked=1200 runtime_ms=106878
PROGRESS checked=1300 runtime_ms=108410
CANDIDATE degree_multiset=[ [ 1, 2 ], [ 21, 2 ], [ 35, 4 ], [ 90, 2 ], 
  [ 140, 2 ], [ 189, 2 ], [ 210, 2 ], [ 280, 4 ], [ 315, 4 ], [ 420, 2 ], 
  [ 560, 3 ], [ 729, 2 ], [ 896, 2 ], [ 1280, 1 ] ] current=rec(
  almost := true,
  name := "U6(2)M6",
  order := 6531840 ) previous=[ rec(
      almost := true,
      name := "U6(2)M5",
      order := 6531840 ) ]
CANDIDATE degree_multiset=[ [ 1, 1 ], [ 7, 1 ], [ 15, 1 ], [ 21, 2 ], 
  [ 27, 1 ], [ 35, 2 ], [ 56, 1 ], [ 70, 1 ], [ 84, 1 ], [ 105, 3 ], 
  [ 120, 1 ], [ 168, 1 ], [ 189, 3 ], [ 210, 2 ], [ 216, 1 ], [ 280, 2 ], 
  [ 315, 1 ], [ 336, 1 ], [ 378, 1 ], [ 405, 1 ], [ 420, 1 ], [ 512, 1 ] 
 ] current=rec(
  almost := true,
  name := "U6(2)M9",
  order := 1451520 ) previous=[ rec(
      almost := true,
      name := "O8+(2)M2",
      order := 1451520 ), rec(
      almost := true,
      name := "O8+(2)M3",
      order := 1451520 ) ]
CANDIDATE degree_multiset=[ [ 1, 1 ], [ 7, 1 ], [ 15, 1 ], [ 21, 2 ], 
  [ 27, 1 ], [ 35, 2 ], [ 56, 1 ], [ 70, 1 ], [ 84, 1 ], [ 105, 3 ], 
  [ 120, 1 ], [ 168, 1 ], [ 189, 3 ], [ 210, 2 ], [ 216, 1 ], [ 280, 2 ], 
  [ 315, 1 ], [ 336, 1 ], [ 378, 1 ], [ 405, 1 ], [ 420, 1 ], [ 512, 1 ] 
 ] current=rec(
  almost := true,
  name := "U6(2)M10",
  order := 1451520 ) previous=[ rec(
      almost := true,
      name := "O8+(2)M2",
      order := 1451520 ), rec(
      almost := true,
      name := "O8+(2)M3",
      order := 1451520 ), rec(
      almost := true,
      name := "U6(2)M9",
      order := 1451520 ) ]
CANDIDATE degree_multiset=[ [ 1, 1 ], [ 21, 1 ], [ 45, 2 ], [ 55, 1 ], 
  [ 99, 1 ], [ 154, 1 ], [ 210, 1 ], [ 231, 1 ], [ 280, 2 ], [ 385, 1 ] 
 ] current=rec(
  almost := true,
  name := "U6(2)M12",
  order := 443520 ) previous=[ rec(
      almost := true,
      name := "M22",
      order := 443520 ), rec(
      almost := true,
      name := "McLM3",
      order := 443520 ) ]
CANDIDATE degree_multiset=[ [ 1, 1 ], [ 21, 1 ], [ 45, 2 ], [ 55, 1 ], 
  [ 99, 1 ], [ 154, 1 ], [ 210, 1 ], [ 231, 1 ], [ 280, 2 ], [ 385, 1 ] 
 ] current=rec(
  almost := true,
  name := "U6(2)M13",
  order := 443520 ) previous=[ rec(
      almost := true,
      name := "M22",
      order := 443520 ), rec(
      almost := true,
      name := "McLM3",
      order := 443520 ), rec(
      almost := true,
      name := "U6(2)M12",
      order := 443520 ) ]
CANDIDATE degree_multiset=[ [ 1, 1 ], [ 14, 1 ], [ 64, 2 ], [ 78, 1 ], 
  [ 91, 3 ], [ 104, 1 ], [ 168, 1 ], [ 182, 2 ], [ 273, 2 ], [ 448, 2 ], 
  [ 546, 2 ], [ 728, 2 ], [ 729, 1 ], [ 819, 1 ], [ 832, 1 ] ] current=rec(
  almost := true,
  name := "O7(3)M5",
  order := 4245696 ) previous=[ rec(
      almost := true,
      name := "G2(3)",
      order := 4245696 ) ]
CANDIDATE degree_multiset=[ [ 1, 1 ], [ 7, 1 ], [ 15, 1 ], [ 21, 2 ], 
  [ 27, 1 ], [ 35, 2 ], [ 56, 1 ], [ 70, 1 ], [ 84, 1 ], [ 105, 3 ], 
  [ 120, 1 ], [ 168, 1 ], [ 189, 3 ], [ 210, 2 ], [ 216, 1 ], [ 280, 2 ], 
  [ 315, 1 ], [ 336, 1 ], [ 378, 1 ], [ 405, 1 ], [ 420, 1 ], [ 512, 1 ] 
 ] current=rec(
  almost := true,
  name := "O7(3)M8",
  order := 1451520 ) previous=[ rec(
      almost := true,
      name := "O8+(2)M2",
      order := 1451520 ), rec(
      almost := true,
      name := "O8+(2)M3",
      order := 1451520 ), rec(
      almost := true,
      name := "U6(2)M9",
      order := 1451520 ), rec(
      almost := true,
      name := "U6(2)M10",
      order := 1451520 ) ]
CANDIDATE degree_multiset=[ [ 1, 2 ], [ 8, 2 ], [ 27, 2 ], [ 28, 2 ], 
  [ 42, 3 ], [ 48, 2 ], [ 56, 2 ], [ 70, 1 ], [ 84, 2 ], [ 105, 2 ], 
  [ 120, 2 ], [ 162, 2 ], [ 168, 2 ], [ 189, 2 ], [ 216, 2 ] ] current=rec(
  almost := true,
  name := "O7(3)M11",
  order := 362880 ) previous=[ rec(
      almost := true,
      name := "A9.2",
      order := 362880 ) ]
PROGRESS checked=1400 runtime_ms=119128
CANDIDATE degree_multiset=[ [ 1, 1 ], [ 6, 1 ], [ 10, 2 ], [ 14, 2 ], 
  [ 15, 1 ], [ 21, 1 ], [ 35, 1 ] ] current=rec(
  almost := true,
  name := "U3(5)M2",
  order := 2520 ) previous=[ rec(
      almost := true,
      name := "A7",
      order := 2520 ), rec(
      almost := true,
      name := "U4(3)M12",
      order := 2520 ) ]
CANDIDATE degree_multiset=[ [ 1, 1 ], [ 6, 1 ], [ 10, 2 ], [ 14, 2 ], 
  [ 15, 1 ], [ 21, 1 ], [ 35, 1 ] ] current=rec(
  almost := true,
  name := "U3(5)M3",
  order := 2520 ) previous=[ rec(
      almost := true,
      name := "A7",
      order := 2520 ), rec(
      almost := true,
      name := "U4(3)M12",
      order := 2520 ), rec(
      almost := true,
      name := "U3(5)M2",
      order := 2520 ) ]
CANDIDATE degree_multiset=[ [ 1, 2 ], [ 9, 2 ], [ 10, 3 ], [ 16, 1 ] 
 ] current=rec(
  almost := true,
  name := "U3(5)M6",
  order := 720 ) previous=[ rec(
      almost := true,
      name := "A6.2_3",
      order := 720 ) ]
CANDIDATE degree_multiset=[ [ 1, 2 ], [ 9, 2 ], [ 10, 3 ], [ 16, 1 ] 
 ] current=rec(
  almost := true,
  name := "U3(5)M7",
  order := 720 ) previous=[ rec(
      almost := true,
      name := "A6.2_3",
      order := 720 ), rec(
      almost := true,
      name := "U3(5)M6",
      order := 720 ) ]
CANDIDATE degree_multiset=[ [ 1, 2 ], [ 6, 3 ], [ 7, 2 ], [ 8, 2 ] ] current=
rec(
  almost := true,
  name := "L3(7)M4",
  order := 336 ) previous=[ rec(
      almost := true,
      name := "L3(2).2",
      order := 336 ) ]
CANDIDATE degree_multiset=[ [ 1, 2 ], [ 6, 3 ], [ 7, 2 ], [ 8, 2 ] ] current=
rec(
  almost := true,
  name := "L3(7)M5",
  order := 336 ) previous=[ rec(
      almost := true,
      name := "L3(2).2",
      order := 336 ), rec(
      almost := true,
      name := "L3(7)M4",
      order := 336 ) ]
PROGRESS checked=1500 runtime_ms=127814
CANDIDATE degree_multiset=[ [ 1, 2 ], [ 4, 2 ], [ 5, 2 ], [ 6, 1 ] ] current=
rec(
  almost := true,
  name := "L2(25)M3",
  order := 120 ) previous=[ rec(
      almost := true,
      name := "A5.2",
      order := 120 ), rec(
      almost := true,
      name := "A6.2_1M3",
      order := 120 ) ]
PROGRESS checked=1600 runtime_ms=131732
PROGRESS checked=1700 runtime_ms=133958
PROGRESS checked=1800 runtime_ms=138492
PROGRESS checked=1900 runtime_ms=145486
CANDIDATE degree_multiset=[ [ 1, 1 ], [ 833, 1 ], [ 1105, 2 ], [ 1326, 1 ], 
  [ 1377, 1 ], [ 21658, 1 ], [ 22932, 1 ], [ 23205, 2 ], [ 44200, 2 ], 
  [ 63700, 1 ], [ 99450, 2 ], [ 142884, 2 ], [ 162435, 2 ], [ 183600, 2 ], 
  [ 216580, 2 ], [ 249900, 1 ], [ 269892, 1 ], [ 270725, 1 ], [ 322218, 1 ], 
  [ 348075, 2 ], [ 358020, 2 ], [ 519792, 1 ], [ 541450, 4 ], [ 584766, 1 ], 
  [ 626535, 2 ], [ 812175, 2 ], [ 877149, 2 ], [ 947700, 1 ], [ 1082900, 1 ], 
  [ 1299480, 2 ], [ 1342575, 2 ], [ 1949220, 2 ], [ 2165800, 2 ], 
  [ 2784600, 2 ], [ 2828800, 2 ], [ 3411968, 1 ], [ 3898440, 2 ], 
  [ 4331600, 2 ], [ 4385745, 4 ], [ 4526080, 2 ], [ 5012280, 2 ], 
  [ 5640192, 1 ], [ 5870592, 1 ], [ 6497400, 2 ], [ 7309575, 2 ], 
  [ 7894341, 1 ], [ 8055450, 2 ], [ 8771490, 2 ], [ 9398025, 2 ], 
  [ 10740600, 2 ], [ 11609325, 2 ], [ 11880960, 2 ], [ 14034384, 1 ], 
  [ 14619150, 2 ], [ 15181425, 1 ], [ 16777216, 1 ], [ 17326400, 1 ] 
 ] current=rec(
  almost := true,
  name := "2E6(2)M4",
  order := 3311126603366400 ) previous=[ rec(
      almost := true,
      name := "F4(2)",
      order := 3311126603366400 ) ]
CANDIDATE degree_multiset=[ [ 1, 1 ], [ 833, 1 ], [ 1105, 2 ], [ 1326, 1 ], 
  [ 1377, 1 ], [ 21658, 1 ], [ 22932, 1 ], [ 23205, 2 ], [ 44200, 2 ], 
  [ 63700, 1 ], [ 99450, 2 ], [ 142884, 2 ], [ 162435, 2 ], [ 183600, 2 ], 
  [ 216580, 2 ], [ 249900, 1 ], [ 269892, 1 ], [ 270725, 1 ], [ 322218, 1 ], 
  [ 348075, 2 ], [ 358020, 2 ], [ 519792, 1 ], [ 541450, 4 ], [ 584766, 1 ], 
  [ 626535, 2 ], [ 812175, 2 ], [ 877149, 2 ], [ 947700, 1 ], [ 1082900, 1 ], 
  [ 1299480, 2 ], [ 1342575, 2 ], [ 1949220, 2 ], [ 2165800, 2 ], 
  [ 2784600, 2 ], [ 2828800, 2 ], [ 3411968, 1 ], [ 3898440, 2 ], 
  [ 4331600, 2 ], [ 4385745, 4 ], [ 4526080, 2 ], [ 5012280, 2 ], 
  [ 5640192, 1 ], [ 5870592, 1 ], [ 6497400, 2 ], [ 7309575, 2 ], 
  [ 7894341, 1 ], [ 8055450, 2 ], [ 8771490, 2 ], [ 9398025, 2 ], 
  [ 10740600, 2 ], [ 11609325, 2 ], [ 11880960, 2 ], [ 14034384, 1 ], 
  [ 14619150, 2 ], [ 15181425, 1 ], [ 16777216, 1 ], [ 17326400, 1 ] 
 ] current=rec(
  almost := true,
  name := "2E6(2)M5",
  order := 3311126603366400 ) previous=[ rec(
      almost := true,
      name := "F4(2)",
      order := 3311126603366400 ), rec(
      almost := true,
      name := "2E6(2)M4",
      order := 3311126603366400 ) ]
CANDIDATE degree_multiset=[ [ 1, 1 ], [ 78, 1 ], [ 429, 1 ], [ 1001, 1 ], 
  [ 1430, 1 ], [ 3003, 1 ], [ 3080, 1 ], [ 10725, 1 ], [ 13650, 1 ], 
  [ 30030, 1 ], [ 32032, 1 ], [ 43680, 1 ], [ 45045, 1 ], [ 48048, 1 ], 
  [ 50050, 2 ], [ 75075, 3 ], [ 81081, 1 ], [ 114400, 1 ], [ 138600, 2 ], 
  [ 150150, 1 ], [ 205920, 1 ], [ 289575, 1 ], [ 300300, 1 ], [ 320320, 1 ], 
  [ 360855, 1 ], [ 370656, 1 ], [ 400400, 4 ], [ 450450, 2 ], [ 576576, 1 ], 
  [ 577368, 1 ], [ 579150, 1 ], [ 582400, 2 ], [ 600600, 3 ], [ 675675, 1 ], 
  [ 720720, 1 ], [ 800800, 1 ], [ 852930, 1 ], [ 938223, 1 ], [ 972972, 1 ], 
  [ 982800, 2 ], [ 1201200, 1 ], [ 1360800, 1 ], [ 1372800, 1 ], 
  [ 1441792, 1 ], [ 1791153, 1 ], [ 1876446, 1 ], [ 2027025, 1 ], 
  [ 2050048, 1 ], [ 2316600, 1 ], [ 2402400, 1 ], [ 2555904, 2 ], 
  [ 2729376, 1 ] ] current=rec(
  almost := true,
  name := "2E6(2)M8",
  order := 64561751654400 ) previous=[ rec(
      almost := true,
      name := "Fi22",
      order := 64561751654400 ) ]
CANDIDATE degree_multiset=[ [ 1, 1 ], [ 78, 1 ], [ 429, 1 ], [ 1001, 1 ], 
  [ 1430, 1 ], [ 3003, 1 ], [ 3080, 1 ], [ 10725, 1 ], [ 13650, 1 ], 
  [ 30030, 1 ], [ 32032, 1 ], [ 43680, 1 ], [ 45045, 1 ], [ 48048, 1 ], 
  [ 50050, 2 ], [ 75075, 3 ], [ 81081, 1 ], [ 114400, 1 ], [ 138600, 2 ], 
  [ 150150, 1 ], [ 205920, 1 ], [ 289575, 1 ], [ 300300, 1 ], [ 320320, 1 ], 
  [ 360855, 1 ], [ 370656, 1 ], [ 400400, 4 ], [ 450450, 2 ], [ 576576, 1 ], 
  [ 577368, 1 ], [ 579150, 1 ], [ 582400, 2 ], [ 600600, 3 ], [ 675675, 1 ], 
  [ 720720, 1 ], [ 800800, 1 ], [ 852930, 1 ], [ 938223, 1 ], [ 972972, 1 ], 
  [ 982800, 2 ], [ 1201200, 1 ], [ 1360800, 1 ], [ 1372800, 1 ], 
  [ 1441792, 1 ], [ 1791153, 1 ], [ 1876446, 1 ], [ 2027025, 1 ], 
  [ 2050048, 1 ], [ 2316600, 1 ], [ 2402400, 1 ], [ 2555904, 2 ], 
  [ 2729376, 1 ] ] current=rec(
  almost := true,
  name := "2E6(2)M9",
  order := 64561751654400 ) previous=[ rec(
      almost := true,
      name := "Fi22",
      order := 64561751654400 ), rec(
      almost := true,
      name := "2E6(2)M8",
      order := 64561751654400 ) ]
PROGRESS checked=2000 runtime_ms=156460
PROGRESS checked=2100 runtime_ms=159679
PROGRESS checked=2200 runtime_ms=161887
CANDIDATE degree_multiset=[ [ 1, 1 ], [ 78, 1 ], [ 91, 1 ], [ 105, 1 ], 
  [ 168, 1 ], [ 182, 1 ], [ 195, 1 ], [ 260, 2 ], [ 273, 1 ], [ 546, 1 ], 
  [ 819, 1 ], [ 910, 2 ], [ 1092, 1 ], [ 1365, 2 ], [ 1560, 2 ], [ 1638, 1 ], 
  [ 1820, 1 ], [ 2106, 1 ], [ 2184, 1 ], [ 2457, 1 ], [ 2730, 2 ], 
  [ 2835, 1 ], [ 4095, 2 ], [ 4368, 1 ], [ 4536, 1 ], [ 5265, 1 ], 
  [ 5460, 3 ], [ 5824, 2 ], [ 6552, 1 ], [ 7020, 2 ], [ 7280, 3 ], 
  [ 7371, 1 ], [ 8190, 2 ], [ 11648, 1 ], [ 14742, 1 ], [ 16380, 1 ], 
  [ 16640, 2 ], [ 17472, 2 ], [ 17920, 2 ], [ 19683, 1 ], [ 21840, 1 ], 
  [ 22113, 1 ] ] current=rec(
  almost := true,
  name := "O7(3)",
  order := 4585351680 ) previous=[ rec(
      almost := true,
      name := "Fi22M3",
      order := 4585351680 ) ]
CANDIDATE degree_multiset=[ [ 1, 1 ], [ 78, 1 ], [ 91, 1 ], [ 105, 1 ], 
  [ 168, 1 ], [ 182, 1 ], [ 195, 1 ], [ 260, 2 ], [ 273, 1 ], [ 546, 1 ], 
  [ 819, 1 ], [ 910, 2 ], [ 1092, 1 ], [ 1365, 2 ], [ 1560, 2 ], [ 1638, 1 ], 
  [ 1820, 1 ], [ 2106, 1 ], [ 2184, 1 ], [ 2457, 1 ], [ 2730, 2 ], 
  [ 2835, 1 ], [ 4095, 2 ], [ 4368, 1 ], [ 4536, 1 ], [ 5265, 1 ], 
  [ 5460, 3 ], [ 5824, 2 ], [ 6552, 1 ], [ 7020, 2 ], [ 7280, 3 ], 
  [ 7371, 1 ], [ 8190, 2 ], [ 11648, 1 ], [ 14742, 1 ], [ 16380, 1 ], 
  [ 16640, 2 ], [ 17472, 2 ], [ 17920, 2 ], [ 19683, 1 ], [ 21840, 1 ], 
  [ 22113, 1 ] ] current=rec(
  almost := true,
  name := "O8+(3)M2",
  order := 4585351680 ) previous=[ rec(
      almost := true,
      name := "Fi22M3",
      order := 4585351680 ), rec(
      almost := true,
      name := "O7(3)",
      order := 4585351680 ) ]
CANDIDATE degree_multiset=[ [ 1, 1 ], [ 78, 1 ], [ 91, 1 ], [ 105, 1 ], 
  [ 168, 1 ], [ 182, 1 ], [ 195, 1 ], [ 260, 2 ], [ 273, 1 ], [ 546, 1 ], 
  [ 819, 1 ], [ 910, 2 ], [ 1092, 1 ], [ 1365, 2 ], [ 1560, 2 ], [ 1638, 1 ], 
  [ 1820, 1 ], [ 2106, 1 ], [ 2184, 1 ], [ 2457, 1 ], [ 2730, 2 ], 
  [ 2835, 1 ], [ 4095, 2 ], [ 4368, 1 ], [ 4536, 1 ], [ 5265, 1 ], 
  [ 5460, 3 ], [ 5824, 2 ], [ 6552, 1 ], [ 7020, 2 ], [ 7280, 3 ], 
  [ 7371, 1 ], [ 8190, 2 ], [ 11648, 1 ], [ 14742, 1 ], [ 16380, 1 ], 
  [ 16640, 2 ], [ 17472, 2 ], [ 17920, 2 ], [ 19683, 1 ], [ 21840, 1 ], 
  [ 22113, 1 ] ] current=rec(
  almost := true,
  name := "O8+(3)M3",
  order := 4585351680 ) previous=[ rec(
      almost := true,
      name := "Fi22M3",
      order := 4585351680 ), rec(
      almost := true,
      name := "O7(3)",
      order := 4585351680 ), rec(
      almost := true,
      name := "O8+(3)M2",
      order := 4585351680 ) ]
CANDIDATE degree_multiset=[ [ 1, 1 ], [ 78, 1 ], [ 91, 1 ], [ 105, 1 ], 
  [ 168, 1 ], [ 182, 1 ], [ 195, 1 ], [ 260, 2 ], [ 273, 1 ], [ 546, 1 ], 
  [ 819, 1 ], [ 910, 2 ], [ 1092, 1 ], [ 1365, 2 ], [ 1560, 2 ], [ 1638, 1 ], 
  [ 1820, 1 ], [ 2106, 1 ], [ 2184, 1 ], [ 2457, 1 ], [ 2730, 2 ], 
  [ 2835, 1 ], [ 4095, 2 ], [ 4368, 1 ], [ 4536, 1 ], [ 5265, 1 ], 
  [ 5460, 3 ], [ 5824, 2 ], [ 6552, 1 ], [ 7020, 2 ], [ 7280, 3 ], 
  [ 7371, 1 ], [ 8190, 2 ], [ 11648, 1 ], [ 14742, 1 ], [ 16380, 1 ], 
  [ 16640, 2 ], [ 17472, 2 ], [ 17920, 2 ], [ 19683, 1 ], [ 21840, 1 ], 
  [ 22113, 1 ] ] current=rec(
  almost := true,
  name := "O8+(3)M4",
  order := 4585351680 ) previous=[ rec(
      almost := true,
      name := "Fi22M3",
      order := 4585351680 ), rec(
      almost := true,
      name := "O7(3)",
      order := 4585351680 ), rec(
      almost := true,
      name := "O8+(3)M2",
      order := 4585351680 ), rec(
      almost := true,
      name := "O8+(3)M3",
      order := 4585351680 ) ]
CANDIDATE degree_multiset=[ [ 1, 1 ], [ 78, 1 ], [ 91, 1 ], [ 105, 1 ], 
  [ 168, 1 ], [ 182, 1 ], [ 195, 1 ], [ 260, 2 ], [ 273, 1 ], [ 546, 1 ], 
  [ 819, 1 ], [ 910, 2 ], [ 1092, 1 ], [ 1365, 2 ], [ 1560, 2 ], [ 1638, 1 ], 
  [ 1820, 1 ], [ 2106, 1 ], [ 2184, 1 ], [ 2457, 1 ], [ 2730, 2 ], 
  [ 2835, 1 ], [ 4095, 2 ], [ 4368, 1 ], [ 4536, 1 ], [ 5265, 1 ], 
  [ 5460, 3 ], [ 5824, 2 ], [ 6552, 1 ], [ 7020, 2 ], [ 7280, 3 ], 
  [ 7371, 1 ], [ 8190, 2 ], [ 11648, 1 ], [ 14742, 1 ], [ 16380, 1 ], 
  [ 16640, 2 ], [ 17472, 2 ], [ 17920, 2 ], [ 19683, 1 ], [ 21840, 1 ], 
  [ 22113, 1 ] ] current=rec(
  almost := true,
  name := "O8+(3)M5",
  order := 4585351680 ) previous=[ rec(
      almost := true,
      name := "Fi22M3",
      order := 4585351680 ), rec(
      almost := true,
      name := "O7(3)",
      order := 4585351680 ), rec(
      almost := true,
      name := "O8+(3)M2",
      order := 4585351680 ), rec(
      almost := true,
      name := "O8+(3)M3",
      order := 4585351680 ), rec(
      almost := true,
      name := "O8+(3)M4",
      order := 4585351680 ) ]
CANDIDATE degree_multiset=[ [ 1, 1 ], [ 78, 1 ], [ 91, 1 ], [ 105, 1 ], 
  [ 168, 1 ], [ 182, 1 ], [ 195, 1 ], [ 260, 2 ], [ 273, 1 ], [ 546, 1 ], 
  [ 819, 1 ], [ 910, 2 ], [ 1092, 1 ], [ 1365, 2 ], [ 1560, 2 ], [ 1638, 1 ], 
  [ 1820, 1 ], [ 2106, 1 ], [ 2184, 1 ], [ 2457, 1 ], [ 2730, 2 ], 
  [ 2835, 1 ], [ 4095, 2 ], [ 4368, 1 ], [ 4536, 1 ], [ 5265, 1 ], 
  [ 5460, 3 ], [ 5824, 2 ], [ 6552, 1 ], [ 7020, 2 ], [ 7280, 3 ], 
  [ 7371, 1 ], [ 8190, 2 ], [ 11648, 1 ], [ 14742, 1 ], [ 16380, 1 ], 
  [ 16640, 2 ], [ 17472, 2 ], [ 17920, 2 ], [ 19683, 1 ], [ 21840, 1 ], 
  [ 22113, 1 ] ] current=rec(
  almost := true,
  name := "O8+(3)M6",
  order := 4585351680 ) previous=[ rec(
      almost := true,
      name := "Fi22M3",
      order := 4585351680 ), rec(
      almost := true,
      name := "O7(3)",
      order := 4585351680 ), rec(
      almost := true,
      name := "O8+(3)M2",
      order := 4585351680 ), rec(
      almost := true,
      name := "O8+(3)M3",
      order := 4585351680 ), rec(
      almost := true,
      name := "O8+(3)M4",
      order := 4585351680 ), rec(
      almost := true,
      name := "O8+(3)M5",
      order := 4585351680 ) ]
CANDIDATE degree_multiset=[ [ 1, 2 ], [ 78, 2 ], [ 91, 2 ], [ 105, 2 ], 
  [ 168, 2 ], [ 182, 2 ], [ 195, 2 ], [ 273, 2 ], [ 520, 1 ], [ 546, 2 ], 
  [ 819, 2 ], [ 1092, 2 ], [ 1365, 4 ], [ 1638, 2 ], [ 1820, 3 ], 
  [ 2106, 2 ], [ 2184, 2 ], [ 2457, 2 ], [ 2730, 4 ], [ 2835, 2 ], 
  [ 3120, 1 ], [ 4095, 4 ], [ 4368, 2 ], [ 4536, 2 ], [ 5265, 2 ], 
  [ 5460, 6 ], [ 5824, 4 ], [ 6552, 2 ], [ 7280, 2 ], [ 7371, 2 ], 
  [ 11648, 2 ], [ 14040, 1 ], [ 14560, 1 ], [ 14742, 2 ], [ 16380, 3 ], 
  [ 16640, 4 ], [ 17472, 4 ], [ 17920, 4 ], [ 19683, 2 ], [ 21840, 2 ], 
  [ 22113, 2 ] ] current=rec(
  almost := true,
  name := "O8-(3)M3",
  order := 9170703360 ) previous=[ rec(
      almost := true,
      name := "O7(3).2",
      order := 9170703360 ) ]
CANDIDATE degree_multiset=[ [ 1, 1 ], [ 28, 1 ], [ 35, 3 ], [ 50, 1 ], 
  [ 84, 3 ], [ 175, 1 ], [ 210, 3 ], [ 300, 1 ], [ 350, 1 ], [ 525, 1 ], 
  [ 567, 3 ], [ 700, 4 ], [ 840, 3 ], [ 972, 1 ], [ 1050, 3 ], [ 1344, 3 ], 
  [ 1400, 1 ], [ 1575, 3 ], [ 2100, 3 ], [ 2240, 3 ], [ 2268, 3 ], 
  [ 2835, 3 ], [ 3200, 1 ], [ 4096, 1 ], [ 4200, 1 ], [ 6075, 1 ] ] current=
rec(
  almost := true,
  name := "O8+(3)M11",
  order := 174182400 ) previous=[ rec(
      almost := true,
      name := "O8+(2)",
      order := 174182400 ) ]
CANDIDATE degree_multiset=[ [ 1, 1 ], [ 28, 1 ], [ 35, 3 ], [ 50, 1 ], 
  [ 84, 3 ], [ 175, 1 ], [ 210, 3 ], [ 300, 1 ], [ 350, 1 ], [ 525, 1 ], 
  [ 567, 3 ], [ 700, 4 ], [ 840, 3 ], [ 972, 1 ], [ 1050, 3 ], [ 1344, 3 ], 
  [ 1400, 1 ], [ 1575, 3 ], [ 2100, 3 ], [ 2240, 3 ], [ 2268, 3 ], 
  [ 2835, 3 ], [ 3200, 1 ], [ 4096, 1 ], [ 4200, 1 ], [ 6075, 1 ] ] current=
rec(
  almost := true,
  name := "O8+(3)M12",
  order := 174182400 ) previous=[ rec(
      almost := true,
      name := "O8+(2)",
      order := 174182400 ), rec(
      almost := true,
      name := "O8+(3)M11",
      order := 174182400 ) ]
CANDIDATE degree_multiset=[ [ 1, 1 ], [ 28, 1 ], [ 35, 3 ], [ 50, 1 ], 
  [ 84, 3 ], [ 175, 1 ], [ 210, 3 ], [ 300, 1 ], [ 350, 1 ], [ 525, 1 ], 
  [ 567, 3 ], [ 700, 4 ], [ 840, 3 ], [ 972, 1 ], [ 1050, 3 ], [ 1344, 3 ], 
  [ 1400, 1 ], [ 1575, 3 ], [ 2100, 3 ], [ 2240, 3 ], [ 2268, 3 ], 
  [ 2835, 3 ], [ 3200, 1 ], [ 4096, 1 ], [ 4200, 1 ], [ 6075, 1 ] ] current=
rec(
  almost := true,
  name := "O8+(3)M13",
  order := 174182400 ) previous=[ rec(
      almost := true,
      name := "O8+(2)",
      order := 174182400 ), rec(
      almost := true,
      name := "O8+(3)M11",
      order := 174182400 ), rec(
      almost := true,
      name := "O8+(3)M12",
      order := 174182400 ) ]
CANDIDATE degree_multiset=[ [ 1, 2 ], [ 2, 1 ], [ 28, 2 ], [ 50, 2 ], 
  [ 56, 1 ], [ 100, 1 ], [ 105, 2 ], [ 175, 2 ], [ 252, 2 ], [ 300, 2 ], 
  [ 350, 3 ], [ 525, 2 ], [ 600, 1 ], [ 630, 2 ], [ 700, 3 ], [ 972, 2 ], 
  [ 1050, 1 ], [ 1400, 3 ], [ 1701, 2 ], [ 1944, 1 ], [ 2100, 2 ], 
  [ 2520, 2 ], [ 2800, 1 ], [ 3150, 2 ], [ 3200, 2 ], [ 4032, 2 ], 
  [ 4096, 2 ], [ 4200, 2 ], [ 4725, 2 ], [ 6075, 2 ], [ 6300, 2 ], 
  [ 6400, 1 ], [ 6720, 2 ], [ 6804, 2 ], [ 8192, 1 ], [ 8400, 1 ], 
  [ 8505, 2 ], [ 12150, 1 ] ] current=rec(
  almost := true,
  name := "F4(2)M8",
  order := 1045094400 ) previous=[ rec(
      almost := true,
      name := "O8+(2).3.2",
      order := 1045094400 ) ]
CANDIDATE degree_multiset=[ [ 1, 2 ], [ 260, 4 ], [ 300, 2 ], [ 520, 2 ], 
  [ 819, 6 ], [ 2808, 2 ], [ 4550, 2 ], [ 5460, 4 ], [ 9450, 2 ], 
  [ 10920, 2 ], [ 17550, 2 ], [ 18200, 2 ], [ 23400, 4 ], [ 24192, 2 ], 
  [ 27300, 2 ], [ 29120, 4 ], [ 36400, 2 ], [ 40950, 4 ], [ 46592, 6 ], 
  [ 46800, 2 ], [ 49140, 4 ], [ 54600, 6 ], [ 58240, 2 ], [ 66339, 6 ], 
  [ 81900, 2 ], [ 98280, 2 ], [ 109200, 2 ], [ 163800, 6 ], [ 189540, 4 ], 
  [ 218700, 2 ], [ 232960, 4 ], [ 245700, 2 ], [ 262080, 4 ], [ 291200, 2 ], 
  [ 332800, 8 ], [ 368550, 2 ], [ 379080, 2 ], [ 419328, 6 ], [ 465920, 8 ], 
  [ 491400, 2 ], [ 524160, 2 ], [ 531441, 2 ], [ 582400, 2 ], [ 716800, 4 ] 
 ] current=rec(
  almost := true,
  name := "O8+(3).2_1'",
  order := 9904359628800 ) previous=[ rec(
      almost := true,
      name := "O8+(3).2_1",
      order := 9904359628800 ) ]
CANDIDATE degree_multiset=[ [ 1, 2 ], [ 260, 4 ], [ 300, 2 ], [ 520, 2 ], 
  [ 819, 6 ], [ 2808, 2 ], [ 4550, 2 ], [ 5460, 4 ], [ 9450, 2 ], 
  [ 10920, 2 ], [ 17550, 2 ], [ 18200, 2 ], [ 23400, 4 ], [ 24192, 2 ], 
  [ 27300, 2 ], [ 29120, 4 ], [ 36400, 2 ], [ 40950, 4 ], [ 46592, 6 ], 
  [ 46800, 2 ], [ 49140, 4 ], [ 54600, 6 ], [ 58240, 2 ], [ 66339, 6 ], 
  [ 81900, 2 ], [ 98280, 2 ], [ 109200, 2 ], [ 163800, 6 ], [ 189540, 4 ], 
  [ 218700, 2 ], [ 232960, 4 ], [ 245700, 2 ], [ 262080, 4 ], [ 291200, 2 ], 
  [ 332800, 8 ], [ 368550, 2 ], [ 379080, 2 ], [ 419328, 6 ], [ 465920, 8 ], 
  [ 491400, 2 ], [ 524160, 2 ], [ 531441, 2 ], [ 582400, 2 ], [ 716800, 4 ] 
 ] current=rec(
  almost := true,
  name := "O8+(3).2_1''",
  order := 9904359628800 ) previous=[ rec(
      almost := true,
      name := "O8+(3).2_1",
      order := 9904359628800 ), rec(
      almost := true,
      name := "O8+(3).2_1'",
      order := 9904359628800 ) ]
CANDIDATE degree_multiset=[ [ 1, 2 ], [ 260, 4 ], [ 300, 2 ], [ 520, 2 ], 
  [ 819, 2 ], [ 1638, 1 ], [ 2275, 4 ], [ 2808, 2 ], [ 4550, 1 ], 
  [ 5460, 4 ], [ 9450, 2 ], [ 10920, 2 ], [ 17550, 2 ], [ 18200, 6 ], 
  [ 23400, 4 ], [ 24192, 2 ], [ 27300, 2 ], [ 29120, 4 ], [ 36400, 1 ], 
  [ 40950, 4 ], [ 46592, 2 ], [ 46800, 2 ], [ 49140, 4 ], [ 54600, 6 ], 
  [ 58240, 2 ], [ 66339, 2 ], [ 81900, 2 ], [ 93184, 1 ], [ 98280, 2 ], 
  [ 109200, 2 ], [ 132678, 1 ], [ 163800, 2 ], [ 184275, 4 ], [ 189540, 4 ], 
  [ 218700, 2 ], [ 232960, 4 ], [ 245700, 2 ], [ 262080, 4 ], [ 291200, 6 ], 
  [ 327600, 1 ], [ 332800, 4 ], [ 368550, 1 ], [ 379080, 2 ], [ 419328, 2 ], 
  [ 465920, 4 ], [ 491400, 2 ], [ 524160, 2 ], [ 531441, 2 ], [ 582400, 1 ], 
  [ 665600, 1 ], [ 716800, 4 ], [ 838656, 1 ], [ 931840, 1 ] ] current=rec(
  almost := true,
  name := "O8+(3).2_2'",
  order := 9904359628800 ) previous=[ rec(
      almost := true,
      name := "O8+(3).2_2",
      order := 9904359628800 ) ]
PROGRESS checked=2300 runtime_ms=164272
CANDIDATE degree_multiset=[ [ 1, 2 ], [ 102, 1 ], [ 306, 1 ], [ 680, 2 ], 
  [ 1275, 2 ], [ 1920, 2 ], [ 2058, 1 ], [ 2550, 1 ], [ 4080, 2 ], 
  [ 4352, 2 ], [ 6272, 2 ], [ 6528, 2 ], [ 7650, 2 ], [ 10880, 2 ], 
  [ 11900, 2 ], [ 13720, 2 ], [ 14400, 2 ], [ 14994, 1 ], [ 15300, 1 ], 
  [ 17493, 2 ], [ 20825, 2 ], [ 21504, 4 ], [ 22050, 2 ], [ 22950, 1 ], 
  [ 23324, 2 ] ] current=rec(
  almost := true,
  name := "He.2",
  order := 8060774400 ) previous=[ rec(
      almost := true,
      name := "F3+M14",
      order := 8060774400 ) ]
PROGRESS checked=2400 runtime_ms=171076
CANDIDATE degree_multiset=[ [ 1, 1 ], [ 7, 1 ], [ 15, 1 ], [ 21, 2 ], 
  [ 27, 1 ], [ 35, 2 ], [ 56, 1 ], [ 70, 1 ], [ 84, 1 ], [ 105, 3 ], 
  [ 120, 1 ], [ 168, 1 ], [ 189, 3 ], [ 210, 2 ], [ 216, 1 ], [ 280, 2 ], 
  [ 315, 1 ], [ 336, 1 ], [ 378, 1 ], [ 405, 1 ], [ 420, 1 ], [ 512, 1 ] 
 ] current=rec(
  almost := true,
  name := "S6(2)",
  order := 1451520 ) previous=[ rec(
      almost := true,
      name := "O8+(2)M2",
      order := 1451520 ), rec(
      almost := true,
      name := "O8+(2)M3",
      order := 1451520 ), rec(
      almost := true,
      name := "U6(2)M9",
      order := 1451520 ), rec(
      almost := true,
      name := "U6(2)M10",
      order := 1451520 ), rec(
      almost := true,
      name := "O7(3)M8",
      order := 1451520 ) ]
CANDIDATE degree_multiset=[ [ 1, 1 ], [ 35, 1 ], [ 51, 1 ], [ 85, 1 ], 
  [ 119, 1 ], [ 135, 1 ], [ 238, 1 ], [ 510, 1 ], [ 595, 2 ], [ 918, 1 ], 
  [ 1190, 1 ], [ 1275, 1 ], [ 1512, 1 ], [ 1785, 2 ], [ 2295, 1 ], 
  [ 2856, 2 ], [ 2975, 2 ], [ 3213, 2 ], [ 3400, 1 ], [ 3570, 3 ], 
  [ 3808, 1 ], [ 4200, 1 ], [ 4760, 1 ], [ 5712, 1 ], [ 5950, 2 ], 
  [ 7140, 1 ], [ 8160, 1 ], [ 8925, 2 ], [ 8960, 1 ], [ 9639, 1 ], 
  [ 10200, 1 ], [ 11900, 2 ], [ 13056, 1 ], [ 13600, 1 ], [ 14280, 2 ], 
  [ 14688, 1 ], [ 16065, 5 ], [ 17850, 2 ], [ 18360, 1 ], [ 19040, 1 ], 
  [ 23800, 2 ], [ 26775, 2 ], [ 28560, 1 ], [ 28917, 1 ], [ 30464, 1 ], 
  [ 32130, 3 ], [ 34425, 2 ], [ 34560, 1 ], [ 38080, 1 ], [ 38556, 1 ], 
  [ 42525, 2 ], [ 43520, 1 ], [ 47600, 1 ], [ 48195, 1 ], [ 51408, 1 ], 
  [ 53550, 1 ], [ 57120, 1 ], [ 65536, 1 ], [ 68850, 1 ] ] current=rec(
  almost := true,
  name := "F4(2)M4",
  order := 47377612800 ) previous=[ rec(
      almost := true,
      name := "S8(2)",
      order := 47377612800 ) ]
CANDIDATE degree_multiset=[ [ 1, 3 ], [ 26, 3 ], [ 52, 3 ], [ 196, 3 ], 
  [ 273, 3 ], [ 324, 3 ], [ 468, 3 ], [ 637, 3 ], [ 1053, 4 ], [ 1274, 3 ], 
  [ 1664, 3 ], [ 2184, 3 ], [ 4096, 3 ], [ 5096, 3 ], [ 5733, 1 ], 
  [ 6318, 1 ], [ 7371, 1 ], [ 8424, 1 ], [ 11466, 1 ], [ 11907, 1 ] ] current=
rec(
  almost := true,
  name := "F4(2)M10",
  order := 634023936 ) previous=[ rec(
      almost := true,
      name := "3D4(2).3",
      order := 634023936 ) ]
PROGRESS checked=2500 runtime_ms=174699
CANDIDATE degree_multiset=[ [ 1, 2 ], [ 21, 2 ], [ 35, 4 ], [ 90, 2 ], 
  [ 140, 2 ], [ 189, 2 ], [ 210, 2 ], [ 280, 4 ], [ 315, 4 ], [ 420, 2 ], 
  [ 560, 3 ], [ 729, 2 ], [ 896, 2 ], [ 1280, 1 ] ] current=rec(
  almost := true,
  name := "U4(3).2_2",
  order := 6531840 ) previous=[ rec(
      almost := true,
      name := "U6(2)M5",
      order := 6531840 ), rec(
      almost := true,
      name := "U6(2)M6",
      order := 6531840 ) ]
CANDIDATE degree_multiset=[ [ 1, 2 ], [ 21, 2 ], [ 35, 4 ], [ 90, 2 ], 
  [ 140, 2 ], [ 189, 2 ], [ 210, 2 ], [ 280, 4 ], [ 315, 4 ], [ 420, 2 ], 
  [ 560, 3 ], [ 729, 2 ], [ 896, 2 ], [ 1280, 1 ] ] current=rec(
  almost := true,
  name := "U4(3).2_2'",
  order := 6531840 ) previous=[ rec(
      almost := true,
      name := "U6(2)M5",
      order := 6531840 ), rec(
      almost := true,
      name := "U6(2)M6",
      order := 6531840 ), rec(
      almost := true,
      name := "U4(3).2_2",
      order := 6531840 ) ]
CANDIDATE degree_multiset=[ [ 1, 2 ], [ 21, 2 ], [ 70, 1 ], [ 90, 2 ], 
  [ 140, 2 ], [ 189, 2 ], [ 210, 2 ], [ 420, 2 ], [ 560, 4 ], [ 630, 1 ], 
  [ 729, 2 ], [ 896, 2 ], [ 1280, 1 ] ] current=rec(
  almost := true,
  name := "U4(3).2_3'",
  order := 6531840 ) previous=[ rec(
      almost := true,
      name := "U4(3).2_3",
      order := 6531840 ) ]
PROGRESS checked=2600 runtime_ms=181895
CANDIDATE degree_multiset=[ [ 1, 2 ], [ 6, 2 ], [ 7, 2 ], [ 14, 3 ], 
  [ 21, 2 ], [ 27, 2 ], [ 42, 1 ], [ 56, 1 ], [ 64, 1 ] ] current=rec(
  almost := true,
  name := "G2(3)M2",
  order := 12096 ) previous=[ rec(
      almost := true,
      name := "U3(3).2",
      order := 12096 ) ]
CANDIDATE degree_multiset=[ [ 1, 2 ], [ 20, 2 ], [ 21, 2 ], [ 28, 2 ], 
  [ 56, 1 ], [ 84, 2 ], [ 105, 2 ], [ 125, 2 ], [ 126, 2 ], [ 252, 1 ], 
  [ 288, 1 ] ] current=rec(
  almost := true,
  name := "U3(5).2",
  order := 252000 ) previous=[ rec(
      almost := true,
      name := "HSM3",
      order := 252000 ) ]
CANDIDATE degree_multiset=[ [ 1, 1 ], [ 5, 2 ], [ 6, 1 ], [ 10, 2 ], 
  [ 15, 2 ], [ 20, 1 ], [ 24, 1 ], [ 30, 3 ], [ 40, 2 ], [ 45, 2 ], 
  [ 60, 1 ], [ 64, 1 ], [ 81, 1 ] ] current=rec(
  almost := true,
  name := "U4(2)",
  order := 25920 ) previous=[ rec(
      almost := true,
      name := "U4(3)M3",
      order := 25920 ) ]
CANDIDATE degree_multiset=[ [ 1, 2 ], [ 6, 2 ], [ 10, 1 ], [ 15, 4 ], 
  [ 20, 3 ], [ 24, 2 ], [ 30, 2 ], [ 60, 3 ], [ 64, 2 ], [ 80, 1 ], 
  [ 81, 2 ], [ 90, 1 ] ] current=rec(
  almost := true,
  name := "U4(2).2",
  order := 51840 ) previous=[ rec(
      almost := true,
      name := "L4(3)M4",
      order := 51840 ) ]
CANDIDATE degree_multiset=[ [ 1, 2 ], [ 6, 2 ], [ 10, 1 ], [ 15, 4 ], 
  [ 20, 3 ], [ 24, 2 ], [ 30, 2 ], [ 60, 3 ], [ 64, 2 ], [ 80, 1 ], 
  [ 81, 2 ], [ 90, 1 ] ] current=rec(
  almost := true,
  name := "U4(3).2_1M4",
  order := 51840 ) previous=[ rec(
      almost := true,
      name := "L4(3)M4",
      order := 51840 ), rec(
      almost := true,
      name := "U4(2).2",
      order := 51840 ) ]
CANDIDATE degree_multiset=[ [ 1, 1 ], [ 3, 2 ], [ 4, 1 ], [ 5, 1 ] ] current=
rec(
  almost := true,
  name := "Alt(5)",
  order := 60 ) previous=[ rec(
      almost := true,
      name := "A5",
      order := 60 ), rec(
      almost := true,
      name := "A6M2",
      order := 60 ) ]
CANDIDATE degree_multiset=[ [ 1, 2 ], [ 4, 2 ], [ 5, 2 ], [ 6, 1 ] ] current=
rec(
  almost := true,
  name := "Sym(5)",
  order := 120 ) previous=[ rec(
      almost := true,
      name := "A5.2",
      order := 120 ), rec(
      almost := true,
      name := "A6.2_1M3",
      order := 120 ), rec(
      almost := true,
      name := "L2(25)M3",
      order := 120 ) ]
CANDIDATE degree_multiset=[ [ 1, 1 ], [ 5, 2 ], [ 8, 2 ], [ 9, 1 ], [ 10, 1 ] 
 ] current=rec(
  almost := true,
  name := "Alt(6)",
  order := 360 ) previous=[ rec(
      almost := true,
      name := "A6",
      order := 360 ), rec(
      almost := true,
      name := "L3(4)M4",
      order := 360 ), rec(
      almost := true,
      name := "L3(4)M5",
      order := 360 ) ]
CANDIDATE degree_multiset=[ [ 1, 2 ], [ 5, 4 ], [ 9, 2 ], [ 10, 2 ], 
  [ 16, 1 ] ] current=rec(
  almost := true,
  name := "Sym(6)",
  order := 720 ) previous=[ rec(
      almost := true,
      name := "A6.2_1",
      order := 720 ) ]
CANDIDATE degree_multiset=[ [ 1, 1 ], [ 6, 1 ], [ 10, 2 ], [ 14, 2 ], 
  [ 15, 1 ], [ 21, 1 ], [ 35, 1 ] ] current=rec(
  almost := true,
  name := "Alt(7)",
  order := 2520 ) previous=[ rec(
      almost := true,
      name := "A7",
      order := 2520 ), rec(
      almost := true,
      name := "U4(3)M12",
      order := 2520 ), rec(
      almost := true,
      name := "U3(5)M2",
      order := 2520 ), rec(
      almost := true,
      name := "U3(5)M3",
      order := 2520 ) ]
PROGRESS checked=2700 runtime_ms=252476
CANDIDATE degree_multiset=[ [ 1, 2 ], [ 6, 2 ], [ 14, 4 ], [ 15, 2 ], 
  [ 20, 1 ], [ 21, 2 ], [ 35, 2 ] ] current=rec(
  almost := true,
  name := "Sym(7)",
  order := 5040 ) previous=[ rec(
      almost := true,
      name := "A7.2",
      order := 5040 ) ]
CANDIDATE degree_multiset=[ [ 1, 1 ], [ 7, 1 ], [ 14, 1 ], [ 20, 1 ], 
  [ 21, 3 ], [ 28, 1 ], [ 35, 1 ], [ 45, 2 ], [ 56, 1 ], [ 64, 1 ], [ 70, 1 ] 
 ] current=rec(
  almost := true,
  name := "Alt(8)",
  order := 20160 ) previous=[ rec(
      almost := true,
      name := "A8",
      order := 20160 ) ]
CANDIDATE degree_multiset=[ [ 1, 2 ], [ 7, 2 ], [ 14, 2 ], [ 20, 2 ], 
  [ 21, 2 ], [ 28, 2 ], [ 35, 2 ], [ 42, 1 ], [ 56, 2 ], [ 64, 2 ], 
  [ 70, 2 ], [ 90, 1 ] ] current=rec(
  almost := true,
  name := "Sym(8)",
  order := 40320 ) previous=[ rec(
      almost := true,
      name := "A8.2",
      order := 40320 ) ]
CANDIDATE degree_multiset=[ [ 1, 1 ], [ 8, 1 ], [ 21, 2 ], [ 27, 1 ], 
  [ 28, 1 ], [ 35, 2 ], [ 42, 1 ], [ 48, 1 ], [ 56, 1 ], [ 84, 1 ], 
  [ 105, 1 ], [ 120, 1 ], [ 162, 1 ], [ 168, 1 ], [ 189, 1 ], [ 216, 1 ] 
 ] current=rec(
  almost := true,
  name := "Alt(9)",
  order := 181440 ) previous=[ rec(
      almost := true,
      name := "A9",
      order := 181440 ), rec(
      almost := true,
      name := "O8+(2)M8",
      order := 181440 ), rec(
      almost := true,
      name := "O8+(2)M9",
      order := 181440 ) ]
CANDIDATE degree_multiset=[ [ 1, 2 ], [ 8, 2 ], [ 27, 2 ], [ 28, 2 ], 
  [ 42, 3 ], [ 48, 2 ], [ 56, 2 ], [ 70, 1 ], [ 84, 2 ], [ 105, 2 ], 
  [ 120, 2 ], [ 162, 2 ], [ 168, 2 ], [ 189, 2 ], [ 216, 2 ] ] current=rec(
  almost := true,
  name := "Sym(9)",
  order := 362880 ) previous=[ rec(
      almost := true,
      name := "A9.2",
      order := 362880 ), rec(
      almost := true,
      name := "O7(3)M11",
      order := 362880 ) ]
CANDIDATE degree_multiset=[ [ 1, 1 ], [ 9, 1 ], [ 35, 1 ], [ 36, 1 ], 
  [ 42, 1 ], [ 75, 1 ], [ 84, 1 ], [ 90, 1 ], [ 126, 1 ], [ 160, 1 ], 
  [ 210, 1 ], [ 224, 2 ], [ 225, 1 ], [ 252, 1 ], [ 288, 1 ], [ 300, 1 ], 
  [ 315, 1 ], [ 350, 1 ], [ 384, 2 ], [ 450, 1 ], [ 525, 1 ], [ 567, 1 ] 
 ] current=rec(
  almost := true,
  name := "Alt(10)",
  order := 1814400 ) previous=[ rec(
      almost := true,
      name := "A10",
      order := 1814400 ) ]
CANDIDATE degree_multiset=[ [ 1, 2 ], [ 9, 2 ], [ 35, 2 ], [ 36, 2 ], 
  [ 42, 2 ], [ 75, 2 ], [ 84, 2 ], [ 90, 2 ], [ 126, 2 ], [ 160, 2 ], 
  [ 210, 2 ], [ 225, 2 ], [ 252, 2 ], [ 288, 2 ], [ 300, 2 ], [ 315, 2 ], 
  [ 350, 2 ], [ 448, 1 ], [ 450, 2 ], [ 525, 2 ], [ 567, 2 ], [ 768, 1 ] 
 ] current=rec(
  almost := true,
  name := "Sym(10)",
  order := 3628800 ) previous=[ rec(
      almost := true,
      name := "A10.2",
      order := 3628800 ) ]
CANDIDATE degree_multiset=[ [ 1, 1 ], [ 10, 1 ], [ 44, 1 ], [ 45, 1 ], 
  [ 110, 1 ], [ 120, 1 ], [ 126, 2 ], [ 132, 1 ], [ 165, 1 ], [ 210, 1 ], 
  [ 231, 1 ], [ 330, 1 ], [ 385, 1 ], [ 462, 1 ], [ 550, 1 ], [ 594, 3 ], 
  [ 660, 1 ], [ 693, 1 ], [ 825, 1 ], [ 924, 1 ], [ 990, 2 ], [ 1100, 1 ], 
  [ 1155, 1 ], [ 1232, 1 ], [ 1320, 1 ], [ 1540, 1 ], [ 2310, 1 ] ] current=
rec(
  almost := true,
  name := "Alt(11)",
  order := 19958400 ) previous=[ rec(
      almost := true,
      name := "A11",
      order := 19958400 ) ]
CANDIDATE degree_multiset=[ [ 1, 2 ], [ 10, 2 ], [ 44, 2 ], [ 45, 2 ], 
  [ 110, 2 ], [ 120, 2 ], [ 132, 2 ], [ 165, 2 ], [ 210, 2 ], [ 231, 2 ], 
  [ 252, 1 ], [ 330, 2 ], [ 385, 2 ], [ 462, 2 ], [ 550, 2 ], [ 594, 2 ], 
  [ 660, 2 ], [ 693, 2 ], [ 825, 2 ], [ 924, 2 ], [ 990, 4 ], [ 1100, 2 ], 
  [ 1155, 2 ], [ 1188, 1 ], [ 1232, 2 ], [ 1320, 2 ], [ 1540, 2 ], 
  [ 2310, 2 ] ] current=rec(
  almost := true,
  name := "Sym(11)",
  order := 39916800 ) previous=[ rec(
      almost := true,
      name := "A11.2",
      order := 39916800 ) ]
CANDIDATE degree_multiset=[ [ 1, 1 ], [ 11, 1 ], [ 54, 1 ], [ 55, 1 ], 
  [ 132, 1 ], [ 154, 1 ], [ 165, 1 ], [ 275, 1 ], [ 297, 1 ], [ 320, 1 ], 
  [ 330, 1 ], [ 462, 2 ], [ 616, 1 ], [ 891, 1 ], [ 945, 1 ], [ 1050, 2 ], 
  [ 1155, 1 ], [ 1320, 3 ], [ 1408, 1 ], [ 1485, 1 ], [ 1650, 1 ], 
  [ 1728, 1 ], [ 1925, 2 ], [ 2079, 1 ], [ 2112, 1 ], [ 2376, 1 ], 
  [ 2673, 1 ], [ 2970, 1 ], [ 3080, 1 ], [ 3520, 1 ], [ 3564, 1 ], 
  [ 3696, 1 ], [ 3850, 2 ], [ 4158, 1 ], [ 4455, 1 ], [ 5632, 1 ], 
  [ 5775, 1 ] ] current=rec(
  almost := true,
  name := "Alt(12)",
  order := 239500800 ) previous=[ rec(
      almost := true,
      name := "A12",
      order := 239500800 ) ]
CANDIDATE degree_multiset=[ [ 1, 2 ], [ 11, 2 ], [ 54, 2 ], [ 55, 2 ], 
  [ 132, 2 ], [ 154, 2 ], [ 165, 2 ], [ 275, 2 ], [ 297, 2 ], [ 320, 2 ], 
  [ 330, 2 ], [ 462, 4 ], [ 616, 2 ], [ 891, 2 ], [ 945, 2 ], [ 1155, 2 ], 
  [ 1320, 2 ], [ 1408, 2 ], [ 1485, 2 ], [ 1650, 2 ], [ 1728, 2 ], 
  [ 1925, 4 ], [ 2079, 2 ], [ 2100, 1 ], [ 2112, 2 ], [ 2376, 2 ], 
  [ 2640, 1 ], [ 2673, 2 ], [ 2970, 2 ], [ 3080, 2 ], [ 3520, 2 ], 
  [ 3564, 2 ], [ 3696, 2 ], [ 4158, 2 ], [ 4455, 2 ], [ 5632, 2 ], 
  [ 5775, 2 ], [ 7700, 1 ] ] current=rec(
  almost := true,
  name := "Sym(12)",
  order := 479001600 ) previous=[ rec(
      almost := true,
      name := "A12.2",
      order := 479001600 ) ]
CANDIDATE degree_multiset=[ [ 1, 1 ], [ 12, 1 ], [ 65, 1 ], [ 66, 1 ], 
  [ 208, 1 ], [ 220, 1 ], [ 429, 3 ], [ 462, 2 ], [ 495, 1 ], [ 572, 1 ], 
  [ 792, 1 ], [ 936, 1 ], [ 1287, 1 ], [ 1365, 1 ], [ 1430, 1 ], [ 2574, 2 ], 
  [ 2860, 1 ], [ 3003, 1 ], [ 3432, 3 ], [ 3575, 1 ], [ 3640, 1 ], 
  [ 4004, 1 ], [ 4212, 1 ], [ 4290, 3 ], [ 5005, 1 ], [ 5148, 1 ], 
  [ 5720, 1 ], [ 6006, 1 ], [ 6435, 1 ], [ 6864, 1 ], [ 7371, 1 ], 
  [ 7800, 1 ], [ 8008, 2 ], [ 8580, 1 ], [ 9009, 1 ], [ 9360, 1 ], 
  [ 10296, 1 ], [ 11440, 1 ], [ 11583, 1 ], [ 12012, 2 ], [ 12870, 1 ], 
  [ 15015, 1 ], [ 17160, 1 ], [ 20592, 1 ], [ 21450, 1 ] ] current=rec(
  almost := true,
  name := "Alt(13)",
  order := 3113510400 ) previous=[ rec(
      almost := true,
      name := "A13",
      order := 3113510400 ) ]
CANDIDATE degree_multiset=[ [ 1, 2 ], [ 12, 2 ], [ 65, 2 ], [ 66, 2 ], 
  [ 208, 2 ], [ 220, 2 ], [ 429, 6 ], [ 495, 2 ], [ 572, 2 ], [ 792, 2 ], 
  [ 924, 1 ], [ 936, 2 ], [ 1287, 2 ], [ 1365, 2 ], [ 1430, 2 ], [ 2574, 4 ], 
  [ 2860, 2 ], [ 3003, 2 ], [ 3432, 6 ], [ 3575, 2 ], [ 3640, 2 ], 
  [ 4004, 2 ], [ 4212, 2 ], [ 4290, 2 ], [ 5005, 2 ], [ 5148, 2 ], 
  [ 5720, 2 ], [ 6006, 2 ], [ 6435, 2 ], [ 6864, 2 ], [ 7371, 2 ], 
  [ 7800, 2 ], [ 8580, 3 ], [ 9009, 2 ], [ 9360, 2 ], [ 10296, 2 ], 
  [ 11440, 2 ], [ 11583, 2 ], [ 12012, 4 ], [ 12870, 2 ], [ 15015, 2 ], 
  [ 16016, 1 ], [ 17160, 2 ], [ 20592, 2 ], [ 21450, 2 ] ] current=rec(
  almost := true,
  name := "Sym(13)",
  order := 6227020800 ) previous=[ rec(
      almost := true,
      name := "A13.2",
      order := 6227020800 ) ]
CANDIDATE degree_multiset=[ [ 1, 1 ], [ 13, 1 ], [ 77, 1 ], [ 78, 1 ], 
  [ 273, 1 ], [ 286, 1 ], [ 429, 1 ], [ 560, 1 ], [ 637, 1 ], [ 715, 1 ], 
  [ 1001, 2 ], [ 1287, 1 ], [ 1365, 1 ], [ 1716, 1 ], [ 2002, 1 ], 
  [ 2079, 1 ], [ 4368, 1 ], [ 4576, 1 ], [ 4752, 2 ], [ 4928, 1 ], 
  [ 5733, 1 ], [ 6006, 3 ], [ 6435, 1 ], [ 7007, 3 ], [ 7644, 1 ], 
  [ 8085, 1 ], [ 9009, 1 ], [ 12012, 2 ], [ 13650, 1 ], [ 14014, 3 ], 
  [ 15015, 3 ], [ 15444, 1 ], [ 16016, 1 ], [ 20384, 1 ], [ 21021, 3 ], 
  [ 21450, 2 ], [ 23296, 1 ], [ 24960, 1 ], [ 27027, 2 ], [ 28028, 1 ], 
  [ 28665, 1 ], [ 29952, 2 ], [ 34320, 2 ], [ 35035, 2 ], [ 36608, 1 ], 
  [ 42042, 2 ], [ 47775, 1 ], [ 48048, 2 ], [ 50050, 1 ], [ 63063, 1 ], 
  [ 64064, 1 ], [ 69498, 1 ] ] current=rec(
  almost := true,
  name := "Alt(14)",
  order := 43589145600 ) previous=[ rec(
      almost := true,
      name := "A14",
      order := 43589145600 ) ]
CANDIDATE degree_multiset=[ [ 1, 2 ], [ 13, 2 ], [ 77, 2 ], [ 78, 2 ], 
  [ 273, 2 ], [ 286, 2 ], [ 429, 2 ], [ 560, 2 ], [ 637, 2 ], [ 715, 2 ], 
  [ 1001, 4 ], [ 1287, 2 ], [ 1365, 2 ], [ 1716, 2 ], [ 2002, 2 ], 
  [ 2079, 2 ], [ 4368, 2 ], [ 4576, 2 ], [ 4928, 2 ], [ 5733, 2 ], 
  [ 6006, 6 ], [ 6435, 2 ], [ 7007, 6 ], [ 7644, 2 ], [ 8085, 2 ], 
  [ 9009, 2 ], [ 9504, 1 ], [ 12012, 4 ], [ 13650, 2 ], [ 14014, 6 ], 
  [ 15015, 6 ], [ 15444, 2 ], [ 16016, 2 ], [ 20384, 2 ], [ 21021, 6 ], 
  [ 21450, 4 ], [ 23296, 2 ], [ 24960, 2 ], [ 27027, 4 ], [ 28028, 2 ], 
  [ 28665, 2 ], [ 35035, 4 ], [ 36608, 2 ], [ 42042, 4 ], [ 47775, 2 ], 
  [ 48048, 4 ], [ 50050, 2 ], [ 59904, 1 ], [ 63063, 2 ], [ 64064, 2 ], 
  [ 68640, 1 ], [ 69498, 2 ] ] current=rec(
  almost := true,
  name := "Sym(14)",
  order := 87178291200 ) previous=[ rec(
      almost := true,
      name := "A14.2",
      order := 87178291200 ) ]
CANDIDATE degree_multiset=[ [ 1, 1 ], [ 14, 1 ], [ 90, 1 ], [ 91, 1 ], 
  [ 350, 1 ], [ 364, 1 ], [ 715, 1 ], [ 910, 1 ], [ 1001, 1 ], [ 1430, 1 ], 
  [ 1638, 1 ], [ 1716, 2 ], [ 1925, 1 ], [ 2002, 2 ], [ 2835, 1 ], 
  [ 2925, 1 ], [ 3003, 1 ], [ 5005, 1 ], [ 6006, 1 ], [ 7007, 1 ], 
  [ 7722, 1 ], [ 9100, 1 ], [ 9450, 1 ], [ 11088, 1 ], [ 11375, 1 ], 
  [ 11583, 1 ], [ 12012, 2 ], [ 12740, 1 ], [ 13650, 1 ], [ 14300, 1 ], 
  [ 19305, 1 ], [ 21450, 1 ], [ 22113, 1 ], [ 24948, 1 ], [ 25025, 3 ], 
  [ 26950, 1 ], [ 27027, 1 ], [ 28028, 1 ], [ 30030, 1 ], [ 32032, 1 ], 
  [ 34398, 1 ], [ 35035, 1 ], [ 35100, 1 ], [ 42042, 2 ], [ 43120, 1 ], 
  [ 44550, 1 ], [ 45045, 1 ], [ 50050, 2 ], [ 51975, 1 ], [ 53625, 1 ], 
  [ 54054, 1 ], [ 57330, 1 ], [ 58968, 1 ], [ 61425, 1 ], [ 63700, 1 ], 
  [ 70070, 1 ], [ 75075, 2 ], [ 78000, 2 ], [ 80080, 1 ], [ 81081, 1 ], 
  [ 90090, 1 ], [ 91000, 1 ], [ 96525, 1 ], [ 100100, 3 ], [ 108108, 1 ], 
  [ 112112, 2 ], [ 122850, 1 ], [ 125125, 1 ], [ 126126, 1 ], [ 128700, 1 ], 
  [ 135135, 1 ], [ 146432, 2 ], [ 150150, 1 ], [ 159250, 1 ], [ 162162, 1 ], 
  [ 175175, 1 ], [ 184275, 1 ], [ 210210, 1 ], [ 221130, 1 ], [ 231660, 1 ], 
  [ 243243, 1 ] ] current=rec(
  almost := true,
  name := "Alt(15)",
  order := 653837184000 ) previous=[ rec(
      almost := true,
      name := "A15",
      order := 653837184000 ) ]
CANDIDATE degree_multiset=[ [ 1, 2 ], [ 14, 2 ], [ 90, 2 ], [ 91, 2 ], 
  [ 350, 2 ], [ 364, 2 ], [ 715, 2 ], [ 910, 2 ], [ 1001, 2 ], [ 1430, 2 ], 
  [ 1638, 2 ], [ 1925, 2 ], [ 2002, 4 ], [ 2835, 2 ], [ 2925, 2 ], 
  [ 3003, 2 ], [ 3432, 1 ], [ 5005, 2 ], [ 6006, 2 ], [ 7007, 2 ], 
  [ 7722, 2 ], [ 9100, 2 ], [ 9450, 2 ], [ 11088, 2 ], [ 11375, 2 ], 
  [ 11583, 2 ], [ 12740, 2 ], [ 13650, 2 ], [ 14300, 2 ], [ 19305, 2 ], 
  [ 21450, 2 ], [ 22113, 2 ], [ 24024, 1 ], [ 24948, 2 ], [ 25025, 6 ], 
  [ 26950, 2 ], [ 27027, 2 ], [ 28028, 2 ], [ 30030, 2 ], [ 32032, 2 ], 
  [ 34398, 2 ], [ 35035, 2 ], [ 35100, 2 ], [ 42042, 4 ], [ 43120, 2 ], 
  [ 44550, 2 ], [ 45045, 2 ], [ 50050, 4 ], [ 51975, 2 ], [ 53625, 2 ], 
  [ 54054, 2 ], [ 57330, 2 ], [ 58968, 2 ], [ 61425, 2 ], [ 63700, 2 ], 
  [ 70070, 2 ], [ 75075, 4 ], [ 80080, 2 ], [ 81081, 2 ], [ 90090, 2 ], 
  [ 91000, 2 ], [ 96525, 2 ], [ 100100, 6 ], [ 108108, 2 ], [ 112112, 4 ], 
  [ 122850, 2 ], [ 125125, 2 ], [ 126126, 2 ], [ 128700, 2 ], [ 135135, 2 ], 
  [ 150150, 2 ], [ 156000, 1 ], [ 159250, 2 ], [ 162162, 2 ], [ 175175, 2 ], 
  [ 184275, 2 ], [ 210210, 2 ], [ 221130, 2 ], [ 231660, 2 ], [ 243243, 2 ], 
  [ 292864, 1 ] ] current=rec(
  almost := true,
  name := "Sym(15)",
  order := 1307674368000 ) previous=[ rec(
      almost := true,
      name := "A15.2",
      order := 1307674368000 ) ]
CANDIDATE degree_multiset=[ [ 1, 1 ], [ 15, 1 ], [ 104, 1 ], [ 105, 1 ], 
  [ 440, 1 ], [ 455, 1 ], [ 896, 1 ], [ 1260, 1 ], [ 1365, 1 ], [ 1430, 1 ], 
  [ 2548, 1 ], [ 2640, 1 ], [ 3003, 1 ], [ 3432, 1 ], [ 3640, 1 ], 
  [ 3900, 1 ], [ 4004, 1 ], [ 5005, 1 ], [ 6435, 1 ], [ 10752, 1 ], 
  [ 11648, 1 ], [ 12012, 2 ], [ 13860, 1 ], [ 14300, 1 ], [ 16848, 1 ], 
  [ 18018, 1 ], [ 20020, 1 ], [ 21021, 2 ], [ 21840, 1 ], [ 23100, 1 ], 
  [ 24024, 1 ], [ 24960, 1 ], [ 30030, 1 ], [ 32032, 1 ], [ 36036, 1 ], 
  [ 36608, 1 ], [ 38220, 1 ], [ 42120, 1 ], [ 43120, 1 ], [ 45760, 1 ], 
  [ 51480, 1 ], [ 60060, 2 ], [ 65520, 1 ], [ 68640, 1 ], [ 69888, 1 ], 
  [ 71500, 1 ], [ 71680, 1 ], [ 73710, 1 ], [ 76440, 1 ], [ 80640, 1 ], 
  [ 82368, 1 ], [ 85800, 1 ], [ 91520, 1 ], [ 91728, 1 ], [ 100100, 1 ], 
  [ 105600, 1 ], [ 112112, 2 ], [ 114400, 1 ], [ 114660, 1 ], [ 115830, 1 ], 
  [ 116480, 1 ], [ 125125, 2 ], [ 140140, 1 ], [ 150150, 2 ], [ 155232, 1 ], 
  [ 168168, 1 ], [ 171600, 1 ], [ 173250, 1 ], [ 180180, 2 ], [ 194040, 1 ], 
  [ 197120, 1 ], [ 200200, 2 ], [ 202125, 2 ], [ 206388, 1 ], [ 210210, 1 ], 
  [ 231660, 1 ], [ 240240, 2 ], [ 262080, 1 ], [ 266240, 1 ], [ 280280, 2 ], 
  [ 292864, 1 ], [ 300300, 1 ], [ 305760, 1 ], [ 318500, 1 ], [ 320320, 1 ], 
  [ 336336, 1 ], [ 337920, 1 ], [ 360360, 2 ], [ 411840, 1 ], [ 416988, 1 ], 
  [ 429000, 2 ], [ 448448, 1 ], [ 464373, 2 ], [ 480480, 1 ], [ 500500, 1 ], 
  [ 512512, 1 ], [ 515970, 1 ], [ 549120, 1 ], [ 559104, 1 ], [ 582400, 1 ], 
  [ 600600, 1 ], [ 630630, 2 ], [ 640640, 1 ], [ 648648, 1 ], [ 673920, 1 ], 
  [ 698880, 1 ], [ 819000, 1 ], [ 1153152, 1 ] ] current=rec(
  almost := true,
  name := "Alt(16)",
  order := 10461394944000 ) previous=[ rec(
      almost := true,
      name := "A16",
      order := 10461394944000 ) ]
CANDIDATE degree_multiset=[ [ 1, 2 ], [ 15, 2 ], [ 104, 2 ], [ 105, 2 ], 
  [ 440, 2 ], [ 455, 2 ], [ 896, 2 ], [ 1260, 2 ], [ 1365, 2 ], [ 1430, 2 ], 
  [ 2548, 2 ], [ 2640, 2 ], [ 3003, 2 ], [ 3432, 2 ], [ 3640, 2 ], 
  [ 3900, 2 ], [ 4004, 2 ], [ 5005, 2 ], [ 6435, 2 ], [ 10752, 2 ], 
  [ 11648, 2 ], [ 13860, 2 ], [ 14300, 2 ], [ 16848, 2 ], [ 18018, 2 ], 
  [ 20020, 2 ], [ 21840, 2 ], [ 23100, 2 ], [ 24024, 3 ], [ 24960, 2 ], 
  [ 30030, 2 ], [ 32032, 2 ], [ 36036, 2 ], [ 36608, 2 ], [ 38220, 2 ], 
  [ 42042, 1 ], [ 42120, 2 ], [ 43120, 2 ], [ 45760, 2 ], [ 51480, 2 ], 
  [ 60060, 4 ], [ 65520, 2 ], [ 68640, 2 ], [ 69888, 2 ], [ 71500, 2 ], 
  [ 71680, 2 ], [ 73710, 2 ], [ 76440, 2 ], [ 80640, 2 ], [ 82368, 2 ], 
  [ 85800, 2 ], [ 91520, 2 ], [ 91728, 2 ], [ 100100, 2 ], [ 105600, 2 ], 
  [ 112112, 4 ], [ 114400, 2 ], [ 114660, 2 ], [ 115830, 2 ], [ 116480, 2 ], 
  [ 140140, 2 ], [ 150150, 4 ], [ 155232, 2 ], [ 168168, 2 ], [ 171600, 2 ], 
  [ 173250, 2 ], [ 180180, 4 ], [ 194040, 2 ], [ 197120, 2 ], [ 200200, 4 ], 
  [ 206388, 2 ], [ 210210, 2 ], [ 231660, 2 ], [ 240240, 4 ], [ 250250, 1 ], 
  [ 262080, 2 ], [ 266240, 2 ], [ 280280, 4 ], [ 292864, 2 ], [ 300300, 2 ], 
  [ 305760, 2 ], [ 318500, 2 ], [ 320320, 2 ], [ 336336, 2 ], [ 337920, 2 ], 
  [ 360360, 4 ], [ 404250, 1 ], [ 411840, 2 ], [ 416988, 2 ], [ 429000, 4 ], 
  [ 448448, 2 ], [ 480480, 2 ], [ 500500, 2 ], [ 512512, 2 ], [ 515970, 2 ], 
  [ 549120, 2 ], [ 559104, 2 ], [ 582400, 2 ], [ 600600, 2 ], [ 630630, 4 ], 
  [ 640640, 2 ], [ 648648, 2 ], [ 673920, 2 ], [ 698880, 2 ], [ 819000, 2 ], 
  [ 928746, 1 ], [ 1153152, 2 ] ] current=rec(
  almost := true,
  name := "Sym(16)",
  order := 20922789888000 ) previous=[ rec(
      almost := true,
      name := "A16.2",
      order := 20922789888000 ) ]
CANDIDATE degree_multiset=[ [ 1, 1 ], [ 16, 1 ], [ 119, 1 ], [ 120, 1 ], 
  [ 544, 1 ], [ 560, 1 ], [ 1105, 1 ], [ 1700, 1 ], [ 1820, 1 ], [ 3536, 1 ], 
  [ 3808, 1 ], [ 4368, 1 ], [ 4862, 1 ], [ 5236, 1 ], [ 5355, 1 ], 
  [ 6188, 1 ], [ 6435, 2 ], [ 7072, 1 ], [ 8008, 1 ], [ 11440, 1 ], 
  [ 15912, 1 ], [ 17017, 1 ], [ 19448, 1 ], [ 20400, 1 ], [ 20944, 1 ], 
  [ 24752, 1 ], [ 33320, 1 ], [ 35700, 1 ], [ 37400, 1 ], [ 38675, 1 ], 
  [ 46410, 1 ], [ 48620, 1 ], [ 62832, 1 ], [ 65637, 1 ], [ 68068, 1 ], 
  [ 70720, 1 ], [ 74256, 1 ], [ 85085, 1 ], [ 87516, 1 ], [ 116688, 2 ], 
  [ 121550, 1 ], [ 123760, 2 ], [ 129948, 2 ], [ 134640, 1 ], [ 136136, 1 ], 
  [ 145860, 1 ], [ 148512, 2 ], [ 155584, 1 ], [ 157080, 1 ], [ 159120, 1 ], 
  [ 170170, 1 ], [ 194480, 1 ], [ 204204, 1 ], [ 205632, 1 ], [ 209440, 1 ], 
  [ 233376, 1 ], [ 238238, 1 ], [ 243100, 1 ], [ 247520, 1 ], [ 259896, 1 ], 
  [ 272272, 4 ], [ 291720, 1 ], [ 318240, 1 ], [ 327250, 1 ], [ 333200, 1 ], 
  [ 340340, 2 ], [ 346528, 1 ], [ 353600, 1 ], [ 364650, 1 ], [ 388960, 1 ], 
  [ 399840, 1 ], [ 408408, 1 ], [ 433160, 1 ], [ 466752, 1 ], [ 486200, 1 ], 
  [ 523600, 1 ], [ 544544, 1 ], [ 556920, 1 ], [ 565488, 1 ], [ 583440, 2 ], 
  [ 586432, 1 ], [ 618800, 2 ], [ 631125, 2 ], [ 680680, 2 ], [ 700128, 1 ], 
  [ 729300, 2 ], [ 742560, 1 ], [ 749700, 1 ], [ 765765, 2 ], [ 816816, 1 ], 
  [ 848640, 1 ], [ 850850, 1 ], [ 891072, 1 ], [ 908820, 1 ], [ 918918, 1 ], 
  [ 952952, 1 ], [ 972400, 2 ], [ 1021020, 1 ], [ 1047200, 1 ], 
  [ 1050192, 1 ], [ 1082900, 2 ], [ 1089088, 3 ], [ 1113840, 1 ], 
  [ 1299480, 1 ], [ 1326000, 1 ], [ 1336608, 1 ], [ 1361360, 4 ], 
  [ 1429428, 1 ], [ 1454112, 1 ], [ 1485120, 1 ], [ 1570800, 1 ], 
  [ 1591200, 1 ], [ 1633632, 2 ], [ 1701700, 2 ], [ 1750320, 2 ], 
  [ 1832600, 1 ], [ 1905904, 1 ], [ 2165800, 1 ], [ 2255526, 1 ], 
  [ 2362932, 1 ], [ 2431000, 1 ], [ 2436525, 2 ], [ 2450448, 1 ], 
  [ 2475200, 1 ], [ 2552550, 1 ], [ 2598960, 1 ], [ 2722720, 1 ], 
  [ 2858856, 1 ], [ 3573570, 1 ], [ 3620864, 1 ] ] current=rec(
  almost := true,
  name := "Alt(17)",
  order := 177843714048000 ) previous=[ rec(
      almost := true,
      name := "A17",
      order := 177843714048000 ) ]
CANDIDATE degree_multiset=[ [ 1, 2 ], [ 16, 2 ], [ 119, 2 ], [ 120, 2 ], 
  [ 544, 2 ], [ 560, 2 ], [ 1105, 2 ], [ 1700, 2 ], [ 1820, 2 ], [ 3536, 2 ], 
  [ 3808, 2 ], [ 4368, 2 ], [ 4862, 2 ], [ 5236, 2 ], [ 5355, 2 ], 
  [ 6188, 2 ], [ 7072, 2 ], [ 8008, 2 ], [ 11440, 2 ], [ 12870, 1 ], 
  [ 15912, 2 ], [ 17017, 2 ], [ 19448, 2 ], [ 20400, 2 ], [ 20944, 2 ], 
  [ 24752, 2 ], [ 33320, 2 ], [ 35700, 2 ], [ 37400, 2 ], [ 38675, 2 ], 
  [ 46410, 2 ], [ 48620, 2 ], [ 62832, 2 ], [ 65637, 2 ], [ 68068, 2 ], 
  [ 70720, 2 ], [ 74256, 2 ], [ 85085, 2 ], [ 87516, 2 ], [ 116688, 4 ], 
  [ 121550, 2 ], [ 123760, 4 ], [ 129948, 4 ], [ 134640, 2 ], [ 136136, 2 ], 
  [ 145860, 2 ], [ 148512, 4 ], [ 155584, 2 ], [ 157080, 2 ], [ 159120, 2 ], 
  [ 170170, 2 ], [ 194480, 2 ], [ 204204, 2 ], [ 205632, 2 ], [ 209440, 2 ], 
  [ 233376, 2 ], [ 238238, 2 ], [ 243100, 2 ], [ 247520, 2 ], [ 259896, 2 ], 
  [ 272272, 8 ], [ 291720, 2 ], [ 318240, 2 ], [ 327250, 2 ], [ 333200, 2 ], 
  [ 340340, 4 ], [ 346528, 2 ], [ 353600, 2 ], [ 364650, 2 ], [ 388960, 2 ], 
  [ 399840, 2 ], [ 408408, 2 ], [ 433160, 2 ], [ 466752, 2 ], [ 486200, 2 ], 
  [ 523600, 2 ], [ 544544, 2 ], [ 556920, 2 ], [ 565488, 2 ], [ 583440, 4 ], 
  [ 586432, 2 ], [ 618800, 4 ], [ 680680, 4 ], [ 700128, 2 ], [ 742560, 2 ], 
  [ 749700, 2 ], [ 816816, 2 ], [ 848640, 2 ], [ 850850, 2 ], [ 891072, 2 ], 
  [ 908820, 2 ], [ 918918, 2 ], [ 952952, 2 ], [ 972400, 4 ], [ 1021020, 2 ], 
  [ 1047200, 2 ], [ 1050192, 2 ], [ 1082900, 4 ], [ 1089088, 6 ], 
  [ 1113840, 2 ], [ 1262250, 1 ], [ 1299480, 2 ], [ 1326000, 2 ], 
  [ 1336608, 2 ], [ 1361360, 8 ], [ 1429428, 2 ], [ 1454112, 2 ], 
  [ 1458600, 1 ], [ 1485120, 2 ], [ 1531530, 1 ], [ 1570800, 2 ], 
  [ 1591200, 2 ], [ 1633632, 4 ], [ 1701700, 4 ], [ 1750320, 4 ], 
  [ 1832600, 2 ], [ 1905904, 2 ], [ 2165800, 2 ], [ 2255526, 2 ], 
  [ 2362932, 2 ], [ 2431000, 2 ], [ 2450448, 2 ], [ 2475200, 2 ], 
  [ 2552550, 2 ], [ 2598960, 2 ], [ 2722720, 2 ], [ 2858856, 2 ], 
  [ 3573570, 2 ], [ 3620864, 2 ], [ 4873050, 1 ] ] current=rec(
  almost := true,
  name := "Sym(17)",
  order := 355687428096000 ) previous=[ rec(
      almost := true,
      name := "A17.2",
      order := 355687428096000 ) ]
CANDIDATE degree_multiset=[ [ 1, 1 ], [ 17, 1 ], [ 135, 1 ], [ 136, 1 ], 
  [ 663, 1 ], [ 680, 1 ], [ 1344, 1 ], [ 2244, 1 ], [ 2380, 1 ], [ 4641, 1 ], 
  [ 4862, 1 ], [ 5508, 1 ], [ 6188, 1 ], [ 6885, 1 ], [ 7020, 1 ], 
  [ 9996, 1 ], [ 11934, 1 ], [ 12376, 1 ], [ 13260, 1 ], [ 19448, 1 ], 
  [ 22848, 1 ], [ 24192, 1 ], [ 24310, 1 ], [ 29172, 1 ], [ 29835, 1 ], 
  [ 35343, 1 ], [ 53040, 1 ], [ 56100, 1 ], [ 58344, 1 ], [ 60060, 1 ], 
  [ 70720, 1 ], [ 87516, 1 ], [ 88128, 1 ], [ 91520, 2 ], [ 99144, 1 ], 
  [ 102102, 1 ], [ 106029, 1 ], [ 111384, 1 ], [ 112320, 1 ], [ 116025, 1 ], 
  [ 136136, 1 ], [ 143208, 1 ], [ 162162, 1 ], [ 182784, 1 ], [ 219912, 1 ], 
  [ 228480, 1 ], [ 238680, 1 ], [ 251328, 1 ], [ 255255, 1 ], [ 259896, 1 ], 
  [ 268515, 1 ], [ 302940, 1 ], [ 322218, 1 ], [ 331500, 1 ], [ 339456, 1 ], 
  [ 340340, 1 ], [ 353430, 1 ], [ 358020, 1 ], [ 363528, 1 ], [ 364650, 1 ], 
  [ 408408, 1 ], [ 447525, 1 ], [ 459459, 1 ], [ 466752, 1 ], [ 501228, 1 ], 
  [ 510510, 1 ], [ 556920, 1 ], [ 583440, 1 ], [ 590733, 1 ], [ 595595, 1 ], 
  [ 612612, 3 ], [ 649740, 1 ], [ 656370, 1 ], [ 659736, 1 ], [ 678912, 1 ], 
  [ 714714, 1 ], [ 779688, 1 ], [ 787644, 2 ], [ 837760, 1 ], [ 848232, 1 ], 
  [ 875160, 2 ], [ 933504, 2 ], [ 952952, 1 ], [ 1018368, 1 ], 
  [ 1021020, 2 ], [ 1089088, 1 ], [ 1099560, 1 ], [ 1131520, 1 ], 
  [ 1145664, 1 ], [ 1175040, 1 ], [ 1215500, 1 ], [ 1225224, 1 ], 
  [ 1233792, 1 ], [ 1244672, 2 ], [ 1272348, 1 ], [ 1312740, 1 ], 
  [ 1349460, 1 ], [ 1357824, 1 ], [ 1429428, 2 ], [ 1432080, 1 ], 
  [ 1458600, 1 ], [ 1503684, 1 ], [ 1531530, 1 ], [ 1575288, 2 ], 
  [ 1649340, 1 ], [ 1790100, 1 ], [ 1823250, 1 ], [ 1989000, 1 ], 
  [ 2042040, 1 ], [ 2144142, 1 ], [ 2148120, 1 ], [ 2333760, 2 ], 
  [ 2362932, 1 ], [ 2382380, 1 ], [ 2598960, 1 ], [ 2625480, 1 ], 
  [ 2756754, 2 ], [ 2784600, 1 ], [ 2858856, 2 ], [ 2923830, 1 ], 
  [ 2970240, 1 ], [ 3007368, 1 ], [ 3055104, 1 ], [ 3180870, 1 ], 
  [ 3198720, 1 ], [ 3222180, 1 ], [ 3267264, 1 ], [ 3281850, 1 ], 
  [ 3403400, 1 ], [ 3508596, 2 ], [ 3544398, 1 ], [ 3646500, 1 ], 
  [ 3675672, 1 ], [ 3734016, 1 ], [ 3877632, 1 ], [ 3960320, 2 ], 
  [ 3965760, 1 ], [ 3978000, 1 ], [ 4200768, 1 ], [ 4230144, 1 ], 
  [ 4288284, 1 ], [ 4455360, 1 ], [ 4511052, 1 ], [ 4594590, 1 ], 
  [ 4691456, 2 ], [ 4725864, 1 ], [ 4862000, 1 ], [ 4950400, 1 ], 
  [ 5012280, 2 ], [ 5105100, 2 ], [ 5250960, 1 ], [ 5346432, 1 ], 
  [ 5361664, 1 ], [ 5469750, 1 ], [ 5937624, 1 ], [ 6126120, 1 ], 
  [ 6265350, 1 ], [ 6361740, 1 ], [ 6432426, 1 ], [ 6534528, 2 ], 
  [ 6789120, 1 ], [ 6872250, 1 ], [ 7088796, 1 ], [ 7634088, 1 ], 
  [ 7876440, 2 ], [ 8019648, 1 ], [ 8078400, 1 ], [ 8270262, 1 ], 
  [ 8486400, 1 ], [ 8576568, 1 ], [ 9165312, 1 ], [ 9189180, 2 ], 
  [ 9529520, 1 ], [ 9801792, 1 ], [ 10720710, 1 ], [ 11277630, 1 ], 
  [ 13366080, 1 ], [ 16243500, 1 ], [ 16336320, 1 ] ] current=rec(
  almost := true,
  name := "Alt(18)",
  order := 3201186852864000 ) previous=[ rec(
      almost := true,
      name := "A18",
      order := 3201186852864000 ) ]
CANDIDATE degree_multiset=[ [ 1, 2 ], [ 17, 2 ], [ 135, 2 ], [ 136, 2 ], 
  [ 663, 2 ], [ 680, 2 ], [ 1344, 2 ], [ 2244, 2 ], [ 2380, 2 ], [ 4641, 2 ], 
  [ 4862, 2 ], [ 5508, 2 ], [ 6188, 2 ], [ 6885, 2 ], [ 7020, 2 ], 
  [ 9996, 2 ], [ 11934, 2 ], [ 12376, 2 ], [ 13260, 2 ], [ 19448, 2 ], 
  [ 22848, 2 ], [ 24192, 2 ], [ 24310, 2 ], [ 29172, 2 ], [ 29835, 2 ], 
  [ 35343, 2 ], [ 53040, 2 ], [ 56100, 2 ], [ 58344, 2 ], [ 60060, 2 ], 
  [ 70720, 2 ], [ 87516, 2 ], [ 88128, 2 ], [ 99144, 2 ], [ 102102, 2 ], 
  [ 106029, 2 ], [ 111384, 2 ], [ 112320, 2 ], [ 116025, 2 ], [ 136136, 2 ], 
  [ 143208, 2 ], [ 162162, 2 ], [ 182784, 2 ], [ 183040, 1 ], [ 219912, 2 ], 
  [ 228480, 2 ], [ 238680, 2 ], [ 251328, 2 ], [ 255255, 2 ], [ 259896, 2 ], 
  [ 268515, 2 ], [ 302940, 2 ], [ 322218, 2 ], [ 331500, 2 ], [ 339456, 2 ], 
  [ 340340, 2 ], [ 353430, 2 ], [ 358020, 2 ], [ 363528, 2 ], [ 364650, 2 ], 
  [ 408408, 2 ], [ 447525, 2 ], [ 459459, 2 ], [ 466752, 2 ], [ 501228, 2 ], 
  [ 510510, 2 ], [ 556920, 2 ], [ 583440, 2 ], [ 590733, 2 ], [ 595595, 2 ], 
  [ 612612, 6 ], [ 649740, 2 ], [ 656370, 2 ], [ 659736, 2 ], [ 678912, 2 ], 
  [ 714714, 2 ], [ 779688, 2 ], [ 787644, 4 ], [ 837760, 2 ], [ 848232, 2 ], 
  [ 875160, 4 ], [ 952952, 2 ], [ 1018368, 2 ], [ 1021020, 4 ], 
  [ 1089088, 2 ], [ 1099560, 2 ], [ 1131520, 2 ], [ 1145664, 2 ], 
  [ 1175040, 2 ], [ 1215500, 2 ], [ 1225224, 2 ], [ 1233792, 2 ], 
  [ 1272348, 2 ], [ 1312740, 2 ], [ 1349460, 2 ], [ 1357824, 2 ], 
  [ 1429428, 4 ], [ 1432080, 2 ], [ 1458600, 2 ], [ 1503684, 2 ], 
  [ 1531530, 2 ], [ 1575288, 4 ], [ 1649340, 2 ], [ 1790100, 2 ], 
  [ 1823250, 2 ], [ 1867008, 1 ], [ 1989000, 2 ], [ 2042040, 2 ], 
  [ 2144142, 2 ], [ 2148120, 2 ], [ 2333760, 4 ], [ 2362932, 2 ], 
  [ 2382380, 2 ], [ 2489344, 1 ], [ 2598960, 2 ], [ 2625480, 2 ], 
  [ 2756754, 4 ], [ 2784600, 2 ], [ 2858856, 4 ], [ 2923830, 2 ], 
  [ 2970240, 2 ], [ 3007368, 2 ], [ 3055104, 2 ], [ 3180870, 2 ], 
  [ 3198720, 2 ], [ 3222180, 2 ], [ 3267264, 2 ], [ 3281850, 2 ], 
  [ 3403400, 2 ], [ 3508596, 4 ], [ 3544398, 2 ], [ 3646500, 2 ], 
  [ 3675672, 2 ], [ 3734016, 2 ], [ 3877632, 2 ], [ 3965760, 2 ], 
  [ 3978000, 2 ], [ 4200768, 2 ], [ 4230144, 2 ], [ 4288284, 2 ], 
  [ 4455360, 2 ], [ 4511052, 2 ], [ 4594590, 2 ], [ 4725864, 2 ], 
  [ 4862000, 2 ], [ 4950400, 2 ], [ 5012280, 4 ], [ 5105100, 4 ], 
  [ 5250960, 2 ], [ 5346432, 2 ], [ 5361664, 2 ], [ 5469750, 2 ], 
  [ 5937624, 2 ], [ 6126120, 2 ], [ 6265350, 2 ], [ 6361740, 2 ], 
  [ 6432426, 2 ], [ 6534528, 4 ], [ 6789120, 2 ], [ 6872250, 2 ], 
  [ 7088796, 2 ], [ 7634088, 2 ], [ 7876440, 4 ], [ 7920640, 1 ], 
  [ 8019648, 2 ], [ 8078400, 2 ], [ 8270262, 2 ], [ 8486400, 2 ], 
  [ 8576568, 2 ], [ 9165312, 2 ], [ 9189180, 4 ], [ 9382912, 1 ], 
  [ 9529520, 2 ], [ 9801792, 2 ], [ 10720710, 2 ], [ 11277630, 2 ], 
  [ 13366080, 2 ], [ 16243500, 2 ], [ 16336320, 2 ] ] current=rec(
  almost := true,
  name := "Sym(18)",
  order := 6402373705728000 ) previous=[ rec(
      almost := true,
      name := "A18.2",
      order := 6402373705728000 ) ]
CANDIDATE degree_multiset=[ [ 1, 1 ], [ 18, 1 ], [ 152, 1 ], [ 153, 1 ], 
  [ 798, 1 ], [ 816, 1 ], [ 1615, 1 ], [ 2907, 1 ], [ 3060, 1 ], [ 5985, 1 ], 
  [ 7752, 1 ], [ 8568, 1 ], [ 8892, 1 ], [ 9044, 1 ], [ 15504, 1 ], 
  [ 16796, 1 ], [ 18564, 1 ], [ 23256, 1 ], [ 24310, 2 ], [ 25194, 1 ], 
  [ 31824, 1 ], [ 31977, 1 ], [ 33592, 1 ], [ 40698, 1 ], [ 41496, 1 ], 
  [ 43758, 1 ], [ 49248, 1 ], [ 75582, 1 ], [ 81396, 1 ], [ 85272, 1 ], 
  [ 88179, 1 ], [ 90440, 1 ], [ 151164, 2 ], [ 160056, 1 ], [ 169575, 1 ], 
  [ 175560, 1 ], [ 184756, 2 ], [ 203490, 1 ], [ 277134, 1 ], [ 293930, 1 ], 
  [ 369512, 1 ], [ 372096, 1 ], [ 383724, 1 ], [ 403104, 1 ], [ 415701, 1 ], 
  [ 421344, 1 ], [ 444600, 1 ], [ 488376, 1 ], [ 529074, 1 ], [ 554268, 3 ], 
  [ 566865, 1 ], [ 596904, 1 ], [ 604656, 1 ], [ 639540, 1 ], [ 646646, 1 ], 
  [ 680238, 1 ], [ 755820, 2 ], [ 795872, 1 ], [ 815100, 1 ], [ 831402, 1 ], 
  [ 840294, 1 ], [ 949620, 1 ], [ 976752, 1 ], [ 1017450, 1 ], 
  [ 1058148, 1 ], [ 1108536, 1 ], [ 1119195, 1 ], [ 1200420, 1 ], 
  [ 1217216, 1 ], [ 1234506, 1 ], [ 1322685, 1 ], [ 1369368, 1 ], 
  [ 1410864, 2 ], [ 1511640, 2 ], [ 1534896, 1 ], [ 1569780, 1 ], 
  [ 1627920, 1 ], [ 1662804, 3 ], [ 1790712, 3 ], [ 1847560, 1 ], 
  [ 2046528, 1 ], [ 2078505, 1 ], [ 2116296, 2 ], [ 2217072, 1 ], 
  [ 2263261, 1 ], [ 2441880, 1 ], [ 2494206, 1 ], [ 2519400, 1 ], 
  [ 2586584, 1 ], [ 2686068, 1 ], [ 2834325, 1 ], [ 2909907, 1 ], 
  [ 3038784, 1 ], [ 3325608, 5 ], [ 3391500, 1 ], [ 3410880, 1 ], 
  [ 3879876, 2 ], [ 4081428, 1 ], [ 4232592, 2 ], [ 4263600, 1 ], 
  [ 4408950, 1 ], [ 4434144, 1 ], [ 4526522, 2 ], [ 4837248, 1 ], 
  [ 4938024, 1 ], [ 5038800, 1 ], [ 5542680, 1 ], [ 5651208, 1 ], 
  [ 5668650, 1 ], [ 5819814, 3 ], [ 5878600, 1 ], [ 6267492, 1 ], 
  [ 6348888, 2 ], [ 6466460, 1 ], [ 6651216, 5 ], [ 6802380, 1 ], 
  [ 6837264, 1 ], [ 6928350, 1 ], [ 7407036, 3 ], [ 7674480, 1 ], 
  [ 7759752, 4 ], [ 8162856, 2 ], [ 8314020, 3 ], [ 8356656, 1 ], 
  [ 8465184, 1 ], [ 8868288, 1 ], [ 8953560, 2 ], [ 9523332, 1 ], 
  [ 9593100, 1 ], [ 9699690, 3 ], [ 9876048, 1 ], [ 9976824, 2 ], 
  [ 10203570, 1 ], [ 10581480, 1 ], [ 11110554, 1 ], [ 11286912, 1 ], 
  [ 11639628, 2 ], [ 12345060, 1 ], [ 12597000, 1 ], [ 13302432, 2 ], 
  [ 14244300, 1 ], [ 14284998, 1 ], [ 14325696, 2 ], [ 14511744, 1 ], 
  [ 14814072, 1 ], [ 14965236, 1 ], [ 15116400, 3 ], [ 15261750, 1 ], 
  [ 15519504, 1 ], [ 15872220, 1 ], [ 15988500, 1 ], [ 16116408, 1 ], 
  [ 16325712, 2 ], [ 16628040, 3 ], [ 17459442, 1 ], [ 17635800, 1 ], 
  [ 17736576, 1 ], [ 18106088, 2 ], [ 18366426, 3 ], [ 18653250, 1 ], 
  [ 19399380, 1 ], [ 21976920, 1 ], [ 22447854, 1 ], [ 23094500, 1 ], 
  [ 23279256, 5 ], [ 23814144, 1 ], [ 24186240, 1 ], [ 24418800, 1 ], 
  [ 24942060, 1 ], [ 26453700, 2 ], [ 26604864, 2 ], [ 27713400, 1 ], 
  [ 27855520, 1 ], [ 28569996, 1 ], [ 28651392, 1 ], [ 29106176, 2 ], 
  [ 29393000, 2 ], [ 29930472, 1 ], [ 31039008, 2 ], [ 31081644, 1 ], 
  [ 31744440, 1 ], [ 33331662, 1 ], [ 33426624, 1 ], [ 34398208, 1 ], 
  [ 34918884, 1 ], [ 36732852, 1 ], [ 40738698, 2 ], [ 41570100, 1 ], 
  [ 42325920, 1 ], [ 44089500, 1 ], [ 47006190, 1 ], [ 52907400, 1 ], 
  [ 58198140, 1 ], [ 64664600, 1 ] ] current=rec(
  almost := true,
  name := "Alt(19)",
  order := 60822550204416000 ) previous=[ rec(
      almost := true,
      name := "A19",
      order := 60822550204416000 ) ]
CANDIDATE degree_multiset=[ [ 1, 2 ], [ 18, 2 ], [ 152, 2 ], [ 153, 2 ], 
  [ 798, 2 ], [ 816, 2 ], [ 1615, 2 ], [ 2907, 2 ], [ 3060, 2 ], [ 5985, 2 ], 
  [ 7752, 2 ], [ 8568, 2 ], [ 8892, 2 ], [ 9044, 2 ], [ 15504, 2 ], 
  [ 16796, 2 ], [ 18564, 2 ], [ 23256, 2 ], [ 25194, 2 ], [ 31824, 2 ], 
  [ 31977, 2 ], [ 33592, 2 ], [ 40698, 2 ], [ 41496, 2 ], [ 43758, 2 ], 
  [ 48620, 1 ], [ 49248, 2 ], [ 75582, 2 ], [ 81396, 2 ], [ 85272, 2 ], 
  [ 88179, 2 ], [ 90440, 2 ], [ 151164, 4 ], [ 160056, 2 ], [ 169575, 2 ], 
  [ 175560, 2 ], [ 184756, 4 ], [ 203490, 2 ], [ 277134, 2 ], [ 293930, 2 ], 
  [ 369512, 2 ], [ 372096, 2 ], [ 383724, 2 ], [ 403104, 2 ], [ 415701, 2 ], 
  [ 421344, 2 ], [ 444600, 2 ], [ 488376, 2 ], [ 529074, 2 ], [ 554268, 6 ], 
  [ 566865, 2 ], [ 596904, 2 ], [ 604656, 2 ], [ 639540, 2 ], [ 646646, 2 ], 
  [ 680238, 2 ], [ 755820, 4 ], [ 795872, 2 ], [ 815100, 2 ], [ 831402, 2 ], 
  [ 840294, 2 ], [ 949620, 2 ], [ 976752, 2 ], [ 1017450, 2 ], 
  [ 1058148, 2 ], [ 1108536, 2 ], [ 1119195, 2 ], [ 1200420, 2 ], 
  [ 1217216, 2 ], [ 1234506, 2 ], [ 1322685, 2 ], [ 1369368, 2 ], 
  [ 1410864, 4 ], [ 1511640, 4 ], [ 1534896, 2 ], [ 1569780, 2 ], 
  [ 1627920, 2 ], [ 1662804, 6 ], [ 1790712, 6 ], [ 1847560, 2 ], 
  [ 2046528, 2 ], [ 2078505, 2 ], [ 2116296, 4 ], [ 2217072, 2 ], 
  [ 2263261, 2 ], [ 2441880, 2 ], [ 2494206, 2 ], [ 2519400, 2 ], 
  [ 2586584, 2 ], [ 2686068, 2 ], [ 2834325, 2 ], [ 2909907, 2 ], 
  [ 3038784, 2 ], [ 3325608, 10 ], [ 3391500, 2 ], [ 3410880, 2 ], 
  [ 3879876, 4 ], [ 4081428, 2 ], [ 4232592, 4 ], [ 4263600, 2 ], 
  [ 4408950, 2 ], [ 4434144, 2 ], [ 4837248, 2 ], [ 4938024, 2 ], 
  [ 5038800, 2 ], [ 5542680, 2 ], [ 5651208, 2 ], [ 5668650, 2 ], 
  [ 5819814, 6 ], [ 5878600, 2 ], [ 6267492, 2 ], [ 6348888, 4 ], 
  [ 6466460, 2 ], [ 6651216, 10 ], [ 6802380, 2 ], [ 6837264, 2 ], 
  [ 6928350, 2 ], [ 7407036, 6 ], [ 7674480, 2 ], [ 7759752, 8 ], 
  [ 8162856, 4 ], [ 8314020, 6 ], [ 8356656, 2 ], [ 8465184, 2 ], 
  [ 8868288, 2 ], [ 8953560, 4 ], [ 9053044, 1 ], [ 9523332, 2 ], 
  [ 9593100, 2 ], [ 9699690, 2 ], [ 9876048, 2 ], [ 9976824, 4 ], 
  [ 10203570, 2 ], [ 10581480, 2 ], [ 11110554, 2 ], [ 11286912, 2 ], 
  [ 11639628, 4 ], [ 12345060, 2 ], [ 12597000, 2 ], [ 13302432, 4 ], 
  [ 14244300, 2 ], [ 14284998, 2 ], [ 14325696, 4 ], [ 14511744, 2 ], 
  [ 14814072, 2 ], [ 14965236, 2 ], [ 15116400, 6 ], [ 15261750, 2 ], 
  [ 15519504, 2 ], [ 15872220, 2 ], [ 15988500, 2 ], [ 16116408, 2 ], 
  [ 16325712, 4 ], [ 16628040, 6 ], [ 17459442, 2 ], [ 17635800, 2 ], 
  [ 17736576, 2 ], [ 18106088, 4 ], [ 18366426, 2 ], [ 18653250, 2 ], 
  [ 19399380, 3 ], [ 21976920, 2 ], [ 22447854, 2 ], [ 23094500, 2 ], 
  [ 23279256, 10 ], [ 23814144, 2 ], [ 24186240, 2 ], [ 24418800, 2 ], 
  [ 24942060, 2 ], [ 26453700, 4 ], [ 26604864, 4 ], [ 27713400, 2 ], 
  [ 27855520, 2 ], [ 28569996, 2 ], [ 28651392, 2 ], [ 29930472, 2 ], 
  [ 31039008, 4 ], [ 31081644, 2 ], [ 31744440, 2 ], [ 33331662, 2 ], 
  [ 33426624, 2 ], [ 34398208, 2 ], [ 34918884, 2 ], [ 36732852, 3 ], 
  [ 40738698, 4 ], [ 41570100, 2 ], [ 42325920, 2 ], [ 44089500, 2 ], 
  [ 47006190, 2 ], [ 52907400, 2 ], [ 58198140, 2 ], [ 58212352, 1 ], 
  [ 58786000, 1 ], [ 64664600, 2 ] ] current=rec(
  almost := true,
  name := "Sym(19)",
  order := 121645100408832000 ) previous=[ rec(
      almost := true,
      name := "A19.2",
      order := 121645100408832000 ) ]
DONE tables=2750 candidate_collisions=106
